19:37:35,864 |-INFO in ch.qos.logback.classic.LoggerContext[default] - Could NOT find resource [logback-test.xml]
19:37:35,864 |-INFO in ch.qos.logback.classic.LoggerContext[default] - Could NOT find resource [logback.groovy]
19:37:35,864 |-INFO in ch.qos.logback.classic.LoggerContext[default] - Found resource [logback.xml] at [jar:file:/root/flamestream/lib/flamestream-runtime-1.0-SNAPSHOT.jar!/logback.xml]
19:37:35,865 |-WARN in ch.qos.logback.classic.LoggerContext[default] - Resource [logback.xml] occurs multiple times on the classpath.
19:37:35,865 |-WARN in ch.qos.logback.classic.LoggerContext[default] - Resource [logback.xml] occurs at [jar:file:/root/flamestream/lib/flamestream-runtime-1.0-SNAPSHOT.jar!/logback.xml]
19:37:35,865 |-WARN in ch.qos.logback.classic.LoggerContext[default] - Resource [logback.xml] occurs at [jar:file:/root/flamestream/flamestream-runtime-1.0-SNAPSHOT.jar!/logback.xml]
19:37:35,884 |-INFO in ch.qos.logback.core.joran.spi.ConfigurationWatchList@3fb6a447 - URL [jar:file:/root/flamestream/lib/flamestream-runtime-1.0-SNAPSHOT.jar!/logback.xml] is not of type file
19:37:35,953 |-INFO in ch.qos.logback.classic.joran.action.ConfigurationAction - debug attribute not set
19:37:35,954 |-INFO in ch.qos.logback.core.joran.action.AppenderAction - About to instantiate appender of type [ch.qos.logback.core.ConsoleAppender]
19:37:35,972 |-INFO in ch.qos.logback.core.joran.action.AppenderAction - Naming appender as [STDOUT]
19:37:35,990 |-INFO in ch.qos.logback.core.joran.action.NestedComplexPropertyIA - Assuming default type [ch.qos.logback.classic.encoder.PatternLayoutEncoder] for [encoder] property
19:37:36,073 |-INFO in ch.qos.logback.core.joran.action.AppenderAction - About to instantiate appender of type [ch.qos.logback.core.rolling.RollingFileAppender]
19:37:36,078 |-INFO in ch.qos.logback.core.joran.action.AppenderAction - Naming appender as [FILE]
19:37:36,110 |-INFO in c.q.l.core.rolling.TimeBasedRollingPolicy@127618319 - No compression will be used
19:37:36,111 |-INFO in c.q.l.core.rolling.TimeBasedRollingPolicy@127618319 - Will use the pattern /tmp/application_%d{yyyy-MM-dd}.%i.log for the active file
19:37:36,114 |-INFO in ch.qos.logback.core.rolling.SizeAndTimeBasedFNATP@6b2fad11 - The date pattern is 'yyyy-MM-dd' from file name pattern '/tmp/application_%d{yyyy-MM-dd}.%i.log'.
19:37:36,114 |-INFO in ch.qos.logback.core.rolling.SizeAndTimeBasedFNATP@6b2fad11 - Roll-over at midnight.
19:37:36,120 |-INFO in ch.qos.logback.core.rolling.SizeAndTimeBasedFNATP@6b2fad11 - Setting initial period to Mon Jun 10 19:35:59 UTC 2019
19:37:36,120 |-WARN in ch.qos.logback.core.rolling.SizeAndTimeBasedFNATP@6b2fad11 - SizeAndTimeBasedFNATP is deprecated. Use SizeAndTimeBasedRollingPolicy instead
19:37:36,120 |-WARN in ch.qos.logback.core.rolling.SizeAndTimeBasedFNATP@6b2fad11 - For more information see http://logback.qos.ch/manual/appenders.html#SizeAndTimeBasedRollingPolicy
19:37:36,124 |-INFO in ch.qos.logback.core.joran.action.NestedComplexPropertyIA - Assuming default type [ch.qos.logback.classic.encoder.PatternLayoutEncoder] for [encoder] property
19:37:36,129 |-INFO in ch.qos.logback.core.rolling.RollingFileAppender[FILE] - Active log file name: /tmp/application.log
19:37:36,129 |-INFO in ch.qos.logback.core.rolling.RollingFileAppender[FILE] - File property is set to [/tmp/application.log]
19:37:36,130 |-INFO in ch.qos.logback.classic.joran.action.RootLoggerAction - Setting level of ROOT logger to WARN
19:37:36,130 |-INFO in ch.qos.logback.core.joran.action.AppenderRefAction - Attaching appender named [STDOUT] to Logger[ROOT]
19:37:36,132 |-INFO in ch.qos.logback.core.joran.action.AppenderRefAction - Attaching appender named [FILE] to Logger[ROOT]
19:37:36,132 |-INFO in ch.qos.logback.classic.joran.action.ConfigurationAction - End of configuration.
19:37:36,132 |-INFO in ch.qos.logback.classic.joran.JoranConfigurator@79698539 - Registering current configuration as safe fallback point

Ama winner
Ama winner
2019-06-10T19:37:37.436+0000: 1.763: [Full GC (Metadata GC Threshold) 2019-06-10T19:37:37.436+0000: 1.763: [Tenured: 0K->15176K(341376K), 0.0399247 secs] 114924K->15176K(494976K), [Metaspace: 20734K->20734K(1067008K)], 0.0399930 secs] [Times: user=0.03 sys=0.00, real=0.04 secs] 
19:37:56.425 [Curator-PathChildrenCache-3] WARN  o.a.c.u.ZKPaths  - The version of ZooKeeper being used doesn't support Container nodes. CreateMode.PERSISTENT will be used instead.
2019-06-10T19:37:58.563+0000: 22.890: [GC (Allocation Failure) 2019-06-10T19:37:58.563+0000: 22.890: [DefNew: 136576K->17023K(153600K), 0.0268586 secs] 151752K->52631K(494976K), 0.0269260 secs] [Times: user=0.01 sys=0.00, real=0.03 secs] 
2019-06-10T19:37:58.827+0000: 23.154: [Full GC (Metadata GC Threshold) 2019-06-10T19:37:58.827+0000: 23.154: [Tenured: 35607K->43983K(341376K), 0.0345633 secs] 68232K->43983K(494976K), [Metaspace: 34469K->34469K(1079296K)], 0.0346379 secs] [Times: user=0.03 sys=0.00, real=0.04 secs] 
2019-06-10T19:38:02.807+0000: 27.134: [GC (Allocation Failure) 2019-06-10T19:38:02.807+0000: 27.134: [DefNew: 136576K->192K(153600K), 0.0024124 secs] 180559K->44176K(494976K), 0.0024694 secs] [Times: user=0.00 sys=0.00, real=0.01 secs] 
2019-06-10T19:38:06.495+0000: 30.822: [GC (Allocation Failure) 2019-06-10T19:38:06.495+0000: 30.822: [DefNew: 136768K->182K(153600K), 0.0021308 secs] 180752K->44166K(494976K), 0.0021866 secs] [Times: user=0.00 sys=0.00, real=0.01 secs] 
2019-06-10T19:38:10.199+0000: 34.527: [GC (Allocation Failure) 2019-06-10T19:38:10.200+0000: 34.527: [DefNew: 136758K->195K(153600K), 0.0021875 secs] 180742K->44178K(494976K), 0.0022493 secs] [Times: user=0.00 sys=0.00, real=0.00 secs] 
2019-06-10T19:38:13.942+0000: 38.270: [GC (Allocation Failure) 2019-06-10T19:38:13.943+0000: 38.270: [DefNew: 136771K->182K(153600K), 0.0021790 secs] 180754K->44166K(494976K), 0.0022524 secs] [Times: user=0.00 sys=0.00, real=0.00 secs] 
2019-06-10T19:38:17.658+0000: 41.985: [GC (Allocation Failure) 2019-06-10T19:38:17.658+0000: 41.985: [DefNew: 136758K->184K(153600K), 0.0021854 secs] 180742K->44168K(494976K), 0.0022488 secs] [Times: user=0.00 sys=0.00, real=0.00 secs] 
2019-06-10T19:38:21.412+0000: 45.739: [GC (Allocation Failure) 2019-06-10T19:38:21.412+0000: 45.739: [DefNew: 136760K->185K(153600K), 0.0021658 secs] 180744K->44169K(494976K), 0.0022277 secs] [Times: user=0.01 sys=0.00, real=0.00 secs] 
2019-06-10T19:38:25.172+0000: 49.499: [GC (Allocation Failure) 2019-06-10T19:38:25.172+0000: 49.499: [DefNew: 136761K->185K(153600K), 0.0021596 secs] 180745K->44169K(494976K), 0.0022185 secs] [Times: user=0.01 sys=0.00, real=0.00 secs] 
2019-06-10T19:38:28.916+0000: 53.244: [GC (Allocation Failure) 2019-06-10T19:38:28.917+0000: 53.244: [DefNew: 136761K->184K(153600K), 0.0021327 secs] 180745K->44167K(494976K), 0.0021897 secs] [Times: user=0.00 sys=0.00, real=0.01 secs] 
19:38:38.726 [Curator-PathChildrenCache-0] ERROR o.a.c.f.r.c.PathChildrenCache  - 
java.lang.IllegalStateException: instance must be started before calling this method
	at org.apache.curator.shaded.com.google.common.base.Preconditions.checkState(Preconditions.java:444)
	at org.apache.curator.framework.imps.CuratorFrameworkImpl.getChildren(CuratorFrameworkImpl.java:456)
	at org.apache.curator.framework.recipes.cache.PathChildrenCache.refresh(PathChildrenCache.java:521)
	at org.apache.curator.framework.recipes.cache.RefreshOperation.invoke(RefreshOperation.java:35)
	at org.apache.curator.framework.recipes.cache.PathChildrenCache$9.run(PathChildrenCache.java:786)
	at java.util.concurrent.Executors$RunnableAdapter.call(Executors.java:511)
	at java.util.concurrent.FutureTask.run(FutureTask.java:266)
	at java.util.concurrent.Executors$RunnableAdapter.call(Executors.java:511)
	at java.util.concurrent.FutureTask.run(FutureTask.java:266)
	at java.util.concurrent.ThreadPoolExecutor.runWorker(ThreadPoolExecutor.java:1149)
	at java.util.concurrent.ThreadPoolExecutor$Worker.run(ThreadPoolExecutor.java:624)
	at java.lang.Thread.run(Thread.java:748)
2019-06-10T19:38:38.762+0000: 63.089: [GC (Allocation Failure) 2019-06-10T19:38:38.762+0000: 63.089: [DefNew: 136760K->1384K(153600K), 0.0042130 secs] 180743K->45368K(494976K), 0.0042889 secs] [Times: user=0.00 sys=0.00, real=0.00 secs] 
Heap
 def new generation   total 153600K, used 10080K [0x00000000e0c00000, 0x00000000eb2a0000, 0x00000000eb2a0000)
  eden space 136576K,   6% used [0x00000000e0c00000, 0x00000000e147df80, 0x00000000e9160000)
  from space 17024K,   8% used [0x00000000e9160000, 0x00000000e92ba320, 0x00000000ea200000)
  to   space 17024K,   0% used [0x00000000ea200000, 0x00000000ea200000, 0x00000000eb2a0000)
 tenured generation   total 341376K, used 43983K [0x00000000eb2a0000, 0x0000000100000000, 0x0000000100000000)
   the space 341376K,  12% used [0x00000000eb2a0000, 0x00000000edd93e70, 0x00000000edd94000, 0x0000000100000000)
 Metaspace       used 36340K, capacity 37294K, committed 37504K, reserved 1081344K
  class space    used 4915K, capacity 5131K, committed 5248K, reserved 1048576K
