05:48:29,805 |-INFO in ch.qos.logback.classic.LoggerContext[default] - Could NOT find resource [logback-test.xml]
05:48:29,805 |-INFO in ch.qos.logback.classic.LoggerContext[default] - Could NOT find resource [logback.groovy]
05:48:29,808 |-INFO in ch.qos.logback.classic.LoggerContext[default] - Found resource [logback.xml] at [jar:file:/root/flamestream/lib/flamestream-runtime-1.0-SNAPSHOT.jar!/logback.xml]
05:48:29,809 |-WARN in ch.qos.logback.classic.LoggerContext[default] - Resource [logback.xml] occurs multiple times on the classpath.
05:48:29,809 |-WARN in ch.qos.logback.classic.LoggerContext[default] - Resource [logback.xml] occurs at [jar:file:/root/flamestream/lib/flamestream-runtime-1.0-SNAPSHOT.jar!/logback.xml]
05:48:29,809 |-WARN in ch.qos.logback.classic.LoggerContext[default] - Resource [logback.xml] occurs at [jar:file:/root/flamestream/flamestream-runtime-1.0-SNAPSHOT.jar!/logback.xml]
05:48:29,829 |-INFO in ch.qos.logback.core.joran.spi.ConfigurationWatchList@3fb6a447 - URL [jar:file:/root/flamestream/lib/flamestream-runtime-1.0-SNAPSHOT.jar!/logback.xml] is not of type file
05:48:29,896 |-INFO in ch.qos.logback.classic.joran.action.ConfigurationAction - debug attribute not set
05:48:29,896 |-INFO in ch.qos.logback.core.joran.action.AppenderAction - About to instantiate appender of type [ch.qos.logback.core.ConsoleAppender]
05:48:29,912 |-INFO in ch.qos.logback.core.joran.action.AppenderAction - Naming appender as [STDOUT]
05:48:29,925 |-INFO in ch.qos.logback.core.joran.action.NestedComplexPropertyIA - Assuming default type [ch.qos.logback.classic.encoder.PatternLayoutEncoder] for [encoder] property
05:48:30,031 |-INFO in ch.qos.logback.core.joran.action.AppenderAction - About to instantiate appender of type [ch.qos.logback.core.rolling.RollingFileAppender]
05:48:30,036 |-INFO in ch.qos.logback.core.joran.action.AppenderAction - Naming appender as [FILE]
05:48:30,074 |-INFO in c.q.l.core.rolling.TimeBasedRollingPolicy@127618319 - No compression will be used
05:48:30,075 |-INFO in c.q.l.core.rolling.TimeBasedRollingPolicy@127618319 - Will use the pattern /tmp/application_%d{yyyy-MM-dd}.%i.log for the active file
05:48:30,078 |-INFO in ch.qos.logback.core.rolling.SizeAndTimeBasedFNATP@6b2fad11 - The date pattern is 'yyyy-MM-dd' from file name pattern '/tmp/application_%d{yyyy-MM-dd}.%i.log'.
05:48:30,078 |-INFO in ch.qos.logback.core.rolling.SizeAndTimeBasedFNATP@6b2fad11 - Roll-over at midnight.
05:48:30,083 |-INFO in ch.qos.logback.core.rolling.SizeAndTimeBasedFNATP@6b2fad11 - Setting initial period to Tue Jun 11 05:47:15 UTC 2019
05:48:30,083 |-WARN in ch.qos.logback.core.rolling.SizeAndTimeBasedFNATP@6b2fad11 - SizeAndTimeBasedFNATP is deprecated. Use SizeAndTimeBasedRollingPolicy instead
05:48:30,083 |-WARN in ch.qos.logback.core.rolling.SizeAndTimeBasedFNATP@6b2fad11 - For more information see http://logback.qos.ch/manual/appenders.html#SizeAndTimeBasedRollingPolicy
05:48:30,087 |-INFO in ch.qos.logback.core.joran.action.NestedComplexPropertyIA - Assuming default type [ch.qos.logback.classic.encoder.PatternLayoutEncoder] for [encoder] property
05:48:30,092 |-INFO in ch.qos.logback.core.rolling.RollingFileAppender[FILE] - Active log file name: /tmp/application.log
05:48:30,092 |-INFO in ch.qos.logback.core.rolling.RollingFileAppender[FILE] - File property is set to [/tmp/application.log]
05:48:30,092 |-INFO in ch.qos.logback.classic.joran.action.RootLoggerAction - Setting level of ROOT logger to WARN
05:48:30,093 |-INFO in ch.qos.logback.core.joran.action.AppenderRefAction - Attaching appender named [STDOUT] to Logger[ROOT]
05:48:30,094 |-INFO in ch.qos.logback.core.joran.action.AppenderRefAction - Attaching appender named [FILE] to Logger[ROOT]
05:48:30,095 |-INFO in ch.qos.logback.classic.joran.action.ConfigurationAction - End of configuration.
05:48:30,095 |-INFO in ch.qos.logback.classic.joran.JoranConfigurator@79698539 - Registering current configuration as safe fallback point

Ama winner
Ama winner
2019-06-11T05:48:31.361+0000: 1.734: [Full GC (Metadata GC Threshold) 2019-06-11T05:48:31.361+0000: 1.734: [Tenured: 0K->15240K(341376K), 0.0405032 secs] 114923K->15240K(494976K), [Metaspace: 20730K->20730K(1067008K)], 0.0405701 secs] [Times: user=0.04 sys=0.01, real=0.04 secs] 
05:48:48.636 [Curator-PathChildrenCache-1] WARN  o.a.c.u.ZKPaths  - The version of ZooKeeper being used doesn't support Container nodes. CreateMode.PERSISTENT will be used instead.
2019-06-11T05:48:50.971+0000: 21.344: [GC (Allocation Failure) 2019-06-11T05:48:50.971+0000: 21.344: [DefNew: 136576K->17023K(153600K), 0.0393110 secs] 151816K->52693K(494976K), 0.0393815 secs] [Times: user=0.04 sys=0.01, real=0.04 secs] 
2019-06-11T05:48:54.220+0000: 24.593: [Full GC (Metadata GC Threshold) 2019-06-11T05:48:54.220+0000: 24.593: [Tenured: 35669K->44103K(341376K), 0.0507742 secs] 124382K->44103K(494976K), [Metaspace: 34609K->34609K(1079296K)], 0.0508504 secs] [Times: user=0.05 sys=0.00, real=0.05 secs] 
2019-06-11T05:49:00.480+0000: 30.853: [GC (Allocation Failure) 2019-06-11T05:49:00.480+0000: 30.853: [DefNew: 136576K->84K(153600K), 0.0017534 secs] 180679K->44188K(494976K), 0.0018109 secs] [Times: user=0.00 sys=0.00, real=0.00 secs] 
2019-06-11T05:49:06.636+0000: 37.009: [GC (Allocation Failure) 2019-06-11T05:49:06.636+0000: 37.009: [DefNew: 136660K->116K(153600K), 0.0016277 secs] 180764K->44220K(494976K), 0.0017106 secs] [Times: user=0.01 sys=0.00, real=0.00 secs] 
2019-06-11T05:49:12.896+0000: 43.269: [GC (Allocation Failure) 2019-06-11T05:49:12.896+0000: 43.269: [DefNew: 136692K->153K(153600K), 0.0017168 secs] 180796K->44257K(494976K), 0.0017828 secs] [Times: user=0.00 sys=0.00, real=0.00 secs] 
2019-06-11T05:49:19.139+0000: 49.512: [GC (Allocation Failure) 2019-06-11T05:49:19.139+0000: 49.512: [DefNew: 136729K->149K(153600K), 0.0017119 secs] 180833K->44253K(494976K), 0.0017725 secs] [Times: user=0.00 sys=0.00, real=0.00 secs] 
2019-06-11T05:49:31.356+0000: 61.729: [GC (Allocation Failure) 2019-06-11T05:49:31.356+0000: 61.729: [DefNew: 136725K->655K(153600K), 0.0033012 secs] 180829K->44759K(494976K), 0.0033667 secs] [Times: user=0.01 sys=0.00, real=0.00 secs] 
05:49:31.411 [Curator-PathChildrenCache-0] ERROR o.a.c.f.r.c.PathChildrenCache  - 
java.lang.IllegalStateException: instance must be started before calling this method
	at org.apache.curator.shaded.com.google.common.base.Preconditions.checkState(Preconditions.java:444)
	at org.apache.curator.framework.imps.CuratorFrameworkImpl.getChildren(CuratorFrameworkImpl.java:456)
	at org.apache.curator.framework.recipes.cache.PathChildrenCache.refresh(PathChildrenCache.java:521)
	at org.apache.curator.framework.recipes.cache.RefreshOperation.invoke(RefreshOperation.java:35)
	at org.apache.curator.framework.recipes.cache.PathChildrenCache$9.run(PathChildrenCache.java:786)
	at java.util.concurrent.Executors$RunnableAdapter.call(Executors.java:511)
	at java.util.concurrent.FutureTask.run(FutureTask.java:266)
	at java.util.concurrent.Executors$RunnableAdapter.call(Executors.java:511)
	at java.util.concurrent.FutureTask.run(FutureTask.java:266)
	at java.util.concurrent.ThreadPoolExecutor.runWorker(ThreadPoolExecutor.java:1149)
	at java.util.concurrent.ThreadPoolExecutor$Worker.run(ThreadPoolExecutor.java:624)
	at java.lang.Thread.run(Thread.java:748)
Heap
 def new generation   total 153600K, used 25689K [0x00000000e0c00000, 0x00000000eb2a0000, 0x00000000eb2a0000)
  eden space 136576K,  18% used [0x00000000e0c00000, 0x00000000e2472730, 0x00000000e9160000)
  from space 17024K,   3% used [0x00000000e9160000, 0x00000000e9203df8, 0x00000000ea200000)
  to   space 17024K,   0% used [0x00000000ea200000, 0x00000000ea200000, 0x00000000eb2a0000)
 tenured generation   total 341376K, used 44103K [0x00000000eb2a0000, 0x0000000100000000, 0x0000000100000000)
   the space 341376K,  12% used [0x00000000eb2a0000, 0x00000000eddb1fe8, 0x00000000eddb2000, 0x0000000100000000)
 Metaspace       used 36014K, capacity 36928K, committed 37120K, reserved 1081344K
  class space    used 4858K, capacity 5074K, committed 5120K, reserved 1048576K
