19:45:00,320 |-INFO in ch.qos.logback.classic.LoggerContext[default] - Could NOT find resource [logback-test.xml]
19:45:00,321 |-INFO in ch.qos.logback.classic.LoggerContext[default] - Could NOT find resource [logback.groovy]
19:45:00,321 |-INFO in ch.qos.logback.classic.LoggerContext[default] - Found resource [logback.xml] at [jar:file:/root/flamestream/lib/flamestream-runtime-1.0-SNAPSHOT.jar!/logback.xml]
19:45:00,322 |-WARN in ch.qos.logback.classic.LoggerContext[default] - Resource [logback.xml] occurs multiple times on the classpath.
19:45:00,322 |-WARN in ch.qos.logback.classic.LoggerContext[default] - Resource [logback.xml] occurs at [jar:file:/root/flamestream/lib/flamestream-runtime-1.0-SNAPSHOT.jar!/logback.xml]
19:45:00,322 |-WARN in ch.qos.logback.classic.LoggerContext[default] - Resource [logback.xml] occurs at [jar:file:/root/flamestream/flamestream-runtime-1.0-SNAPSHOT.jar!/logback.xml]
19:45:00,342 |-INFO in ch.qos.logback.core.joran.spi.ConfigurationWatchList@3fb6a447 - URL [jar:file:/root/flamestream/lib/flamestream-runtime-1.0-SNAPSHOT.jar!/logback.xml] is not of type file
19:45:00,415 |-INFO in ch.qos.logback.classic.joran.action.ConfigurationAction - debug attribute not set
19:45:00,415 |-INFO in ch.qos.logback.core.joran.action.AppenderAction - About to instantiate appender of type [ch.qos.logback.core.ConsoleAppender]
19:45:00,431 |-INFO in ch.qos.logback.core.joran.action.AppenderAction - Naming appender as [STDOUT]
19:45:00,451 |-INFO in ch.qos.logback.core.joran.action.NestedComplexPropertyIA - Assuming default type [ch.qos.logback.classic.encoder.PatternLayoutEncoder] for [encoder] property
19:45:00,532 |-INFO in ch.qos.logback.core.joran.action.AppenderAction - About to instantiate appender of type [ch.qos.logback.core.rolling.RollingFileAppender]
19:45:00,537 |-INFO in ch.qos.logback.core.joran.action.AppenderAction - Naming appender as [FILE]
19:45:00,569 |-INFO in c.q.l.core.rolling.TimeBasedRollingPolicy@127618319 - No compression will be used
19:45:00,570 |-INFO in c.q.l.core.rolling.TimeBasedRollingPolicy@127618319 - Will use the pattern /tmp/application_%d{yyyy-MM-dd}.%i.log for the active file
19:45:00,573 |-INFO in ch.qos.logback.core.rolling.SizeAndTimeBasedFNATP@6b2fad11 - The date pattern is 'yyyy-MM-dd' from file name pattern '/tmp/application_%d{yyyy-MM-dd}.%i.log'.
19:45:00,573 |-INFO in ch.qos.logback.core.rolling.SizeAndTimeBasedFNATP@6b2fad11 - Roll-over at midnight.
19:45:00,578 |-INFO in ch.qos.logback.core.rolling.SizeAndTimeBasedFNATP@6b2fad11 - Setting initial period to Mon Jun 10 19:43:27 UTC 2019
19:45:00,578 |-WARN in ch.qos.logback.core.rolling.SizeAndTimeBasedFNATP@6b2fad11 - SizeAndTimeBasedFNATP is deprecated. Use SizeAndTimeBasedRollingPolicy instead
19:45:00,578 |-WARN in ch.qos.logback.core.rolling.SizeAndTimeBasedFNATP@6b2fad11 - For more information see http://logback.qos.ch/manual/appenders.html#SizeAndTimeBasedRollingPolicy
19:45:00,582 |-INFO in ch.qos.logback.core.joran.action.NestedComplexPropertyIA - Assuming default type [ch.qos.logback.classic.encoder.PatternLayoutEncoder] for [encoder] property
19:45:00,587 |-INFO in ch.qos.logback.core.rolling.RollingFileAppender[FILE] - Active log file name: /tmp/application.log
19:45:00,587 |-INFO in ch.qos.logback.core.rolling.RollingFileAppender[FILE] - File property is set to [/tmp/application.log]
19:45:00,588 |-INFO in ch.qos.logback.classic.joran.action.RootLoggerAction - Setting level of ROOT logger to WARN
19:45:00,588 |-INFO in ch.qos.logback.core.joran.action.AppenderRefAction - Attaching appender named [STDOUT] to Logger[ROOT]
19:45:00,590 |-INFO in ch.qos.logback.core.joran.action.AppenderRefAction - Attaching appender named [FILE] to Logger[ROOT]
19:45:00,590 |-INFO in ch.qos.logback.classic.joran.action.ConfigurationAction - End of configuration.
19:45:00,591 |-INFO in ch.qos.logback.classic.joran.JoranConfigurator@79698539 - Registering current configuration as safe fallback point

Ama winner
Ama winner
2019-06-10T19:45:01.893+0000: 1.763: [Full GC (Metadata GC Threshold) 2019-06-10T19:45:01.893+0000: 1.763: [Tenured: 0K->15143K(341376K), 0.0433042 secs] 115116K->15143K(494976K), [Metaspace: 20729K->20729K(1067008K)], 0.0433738 secs] [Times: user=0.03 sys=0.01, real=0.05 secs] 
2019-06-10T19:45:25.646+0000: 25.516: [GC (Allocation Failure) 2019-06-10T19:45:25.646+0000: 25.516: [DefNew: 136576K->17023K(153600K), 0.0285446 secs] 151719K->52696K(494976K), 0.0286142 secs] [Times: user=0.01 sys=0.02, real=0.02 secs] 
2019-06-10T19:45:33.347+0000: 33.217: [GC (Allocation Failure) 2019-06-10T19:45:33.347+0000: 33.217: [DefNew: 153599K->299K(153600K), 0.0101571 secs] 189272K->44396K(494976K), 0.0102357 secs] [Times: user=0.01 sys=0.00, real=0.01 secs] 
2019-06-10T19:45:37.839+0000: 37.708: [Full GC (Metadata GC Threshold) 2019-06-10T19:45:37.839+0000: 37.708: [Tenured: 44097K->44382K(341376K), 0.0491174 secs] 123868K->44382K(494976K), [Metaspace: 34576K->34576K(1079296K)], 0.0492013 secs] [Times: user=0.04 sys=0.00, real=0.05 secs] 
2019-06-10T19:45:45.654+0000: 45.524: [GC (Allocation Failure) 2019-06-10T19:45:45.655+0000: 45.524: [DefNew: 136576K->49K(153600K), 0.0017159 secs] 180958K->44431K(494976K), 0.0017829 secs] [Times: user=0.00 sys=0.00, real=0.01 secs] 
2019-06-10T19:45:53.546+0000: 53.416: [GC (Allocation Failure) 2019-06-10T19:45:53.546+0000: 53.416: [DefNew: 136625K->49K(153600K), 0.0015319 secs] 181007K->44432K(494976K), 0.0015923 secs] [Times: user=0.00 sys=0.00, real=0.00 secs] 
2019-06-10T19:46:01.262+0000: 61.132: [GC (Allocation Failure) 2019-06-10T19:46:01.262+0000: 61.132: [DefNew: 136625K->228K(153600K), 0.0018934 secs] 181008K->44611K(494976K), 0.0019687 secs] [Times: user=0.00 sys=0.00, real=0.00 secs] 
2019-06-10T19:46:10.844+0000: 70.714: [GC (Allocation Failure) 2019-06-10T19:46:10.844+0000: 70.714: [DefNew: 136804K->253K(153600K), 0.0020689 secs] 181187K->44636K(494976K), 0.0021345 secs] [Times: user=0.00 sys=0.00, real=0.00 secs] 
19:46:20.298 [Curator-PathChildrenCache-0] ERROR o.a.c.f.r.c.PathChildrenCache  - 
java.lang.IllegalStateException: instance must be started before calling this method
	at org.apache.curator.shaded.com.google.common.base.Preconditions.checkState(Preconditions.java:444)
	at org.apache.curator.framework.imps.CuratorFrameworkImpl.getChildren(CuratorFrameworkImpl.java:456)
	at org.apache.curator.framework.recipes.cache.PathChildrenCache.refresh(PathChildrenCache.java:521)
	at org.apache.curator.framework.recipes.cache.RefreshOperation.invoke(RefreshOperation.java:35)
	at org.apache.curator.framework.recipes.cache.PathChildrenCache$9.run(PathChildrenCache.java:786)
	at java.util.concurrent.Executors$RunnableAdapter.call(Executors.java:511)
	at java.util.concurrent.FutureTask.run(FutureTask.java:266)
	at java.util.concurrent.Executors$RunnableAdapter.call(Executors.java:511)
	at java.util.concurrent.FutureTask.run(FutureTask.java:266)
	at java.util.concurrent.ThreadPoolExecutor.runWorker(ThreadPoolExecutor.java:1149)
	at java.util.concurrent.ThreadPoolExecutor$Worker.run(ThreadPoolExecutor.java:624)
	at java.lang.Thread.run(Thread.java:748)
Heap
 def new generation   total 153600K, used 44483K [0x00000000e0c00000, 0x00000000eb2a0000, 0x00000000eb2a0000)
  eden space 136576K,  32% used [0x00000000e0c00000, 0x00000000e37316b0, 0x00000000e9160000)
  from space 17024K,   1% used [0x00000000e9160000, 0x00000000e919f6b0, 0x00000000ea200000)
  to   space 17024K,   0% used [0x00000000ea200000, 0x00000000ea200000, 0x00000000eb2a0000)
 tenured generation   total 341376K, used 44382K [0x00000000eb2a0000, 0x0000000100000000, 0x0000000100000000)
   the space 341376K,  13% used [0x00000000eb2a0000, 0x00000000eddf7a70, 0x00000000eddf7c00, 0x0000000100000000)
 Metaspace       used 35926K, capacity 36826K, committed 37120K, reserved 1081344K
  class space    used 4846K, capacity 5041K, committed 5120K, reserved 1048576K
