07:47:36,684 |-INFO in ch.qos.logback.classic.LoggerContext[default] - Could NOT find resource [logback-test.xml]
07:47:36,684 |-INFO in ch.qos.logback.classic.LoggerContext[default] - Could NOT find resource [logback.groovy]
07:47:36,684 |-INFO in ch.qos.logback.classic.LoggerContext[default] - Found resource [logback.xml] at [jar:file:/root/flamestream/lib/flamestream-runtime-1.0-SNAPSHOT.jar!/logback.xml]
07:47:36,685 |-WARN in ch.qos.logback.classic.LoggerContext[default] - Resource [logback.xml] occurs multiple times on the classpath.
07:47:36,685 |-WARN in ch.qos.logback.classic.LoggerContext[default] - Resource [logback.xml] occurs at [jar:file:/root/flamestream/lib/flamestream-runtime-1.0-SNAPSHOT.jar!/logback.xml]
07:47:36,685 |-WARN in ch.qos.logback.classic.LoggerContext[default] - Resource [logback.xml] occurs at [jar:file:/root/flamestream/flamestream-runtime-1.0-SNAPSHOT.jar!/logback.xml]
07:47:36,705 |-INFO in ch.qos.logback.core.joran.spi.ConfigurationWatchList@3fb6a447 - URL [jar:file:/root/flamestream/lib/flamestream-runtime-1.0-SNAPSHOT.jar!/logback.xml] is not of type file
07:47:36,772 |-INFO in ch.qos.logback.classic.joran.action.ConfigurationAction - debug attribute not set
07:47:36,772 |-INFO in ch.qos.logback.core.joran.action.AppenderAction - About to instantiate appender of type [ch.qos.logback.core.ConsoleAppender]
07:47:36,788 |-INFO in ch.qos.logback.core.joran.action.AppenderAction - Naming appender as [STDOUT]
07:47:36,806 |-INFO in ch.qos.logback.core.joran.action.NestedComplexPropertyIA - Assuming default type [ch.qos.logback.classic.encoder.PatternLayoutEncoder] for [encoder] property
07:47:36,894 |-INFO in ch.qos.logback.core.joran.action.AppenderAction - About to instantiate appender of type [ch.qos.logback.core.rolling.RollingFileAppender]
07:47:36,899 |-INFO in ch.qos.logback.core.joran.action.AppenderAction - Naming appender as [FILE]
07:47:36,929 |-INFO in c.q.l.core.rolling.TimeBasedRollingPolicy@127618319 - No compression will be used
07:47:36,930 |-INFO in c.q.l.core.rolling.TimeBasedRollingPolicy@127618319 - Will use the pattern /tmp/application_%d{yyyy-MM-dd}.%i.log for the active file
07:47:36,933 |-INFO in ch.qos.logback.core.rolling.SizeAndTimeBasedFNATP@6b2fad11 - The date pattern is 'yyyy-MM-dd' from file name pattern '/tmp/application_%d{yyyy-MM-dd}.%i.log'.
07:47:36,933 |-INFO in ch.qos.logback.core.rolling.SizeAndTimeBasedFNATP@6b2fad11 - Roll-over at midnight.
07:47:36,939 |-INFO in ch.qos.logback.core.rolling.SizeAndTimeBasedFNATP@6b2fad11 - Setting initial period to Tue Jun 11 07:46:09 UTC 2019
07:47:36,939 |-WARN in ch.qos.logback.core.rolling.SizeAndTimeBasedFNATP@6b2fad11 - SizeAndTimeBasedFNATP is deprecated. Use SizeAndTimeBasedRollingPolicy instead
07:47:36,939 |-WARN in ch.qos.logback.core.rolling.SizeAndTimeBasedFNATP@6b2fad11 - For more information see http://logback.qos.ch/manual/appenders.html#SizeAndTimeBasedRollingPolicy
07:47:36,943 |-INFO in ch.qos.logback.core.joran.action.NestedComplexPropertyIA - Assuming default type [ch.qos.logback.classic.encoder.PatternLayoutEncoder] for [encoder] property
07:47:36,948 |-INFO in ch.qos.logback.core.rolling.RollingFileAppender[FILE] - Active log file name: /tmp/application.log
07:47:36,948 |-INFO in ch.qos.logback.core.rolling.RollingFileAppender[FILE] - File property is set to [/tmp/application.log]
07:47:36,948 |-INFO in ch.qos.logback.classic.joran.action.RootLoggerAction - Setting level of ROOT logger to WARN
07:47:36,949 |-INFO in ch.qos.logback.core.joran.action.AppenderRefAction - Attaching appender named [STDOUT] to Logger[ROOT]
07:47:36,951 |-INFO in ch.qos.logback.core.joran.action.AppenderRefAction - Attaching appender named [FILE] to Logger[ROOT]
07:47:36,951 |-INFO in ch.qos.logback.classic.joran.action.ConfigurationAction - End of configuration.
07:47:36,951 |-INFO in ch.qos.logback.classic.joran.JoranConfigurator@79698539 - Registering current configuration as safe fallback point

Ama winner
Ama winner
2019-06-11T07:47:38.203+0000: 1.709: [Full GC (Metadata GC Threshold) 2019-06-11T07:47:38.203+0000: 1.709: [Tenured: 0K->15208K(341376K), 0.0381618 secs] 114987K->15208K(494976K), [Metaspace: 20729K->20729K(1067008K)], 0.0382240 secs] [Times: user=0.04 sys=0.00, real=0.04 secs] 
07:48:01.744 [Curator-PathChildrenCache-2] WARN  o.a.c.u.ZKPaths  - The version of ZooKeeper being used doesn't support Container nodes. CreateMode.PERSISTENT will be used instead.
2019-06-11T07:48:03.643+0000: 27.148: [GC (Allocation Failure) 2019-06-11T07:48:03.643+0000: 27.148: [DefNew: 117414K->17023K(153600K), 0.0202229 secs] 132622K->33053K(494976K), 0.0202875 secs] [Times: user=0.01 sys=0.01, real=0.02 secs] 
2019-06-11T07:48:04.352+0000: 27.857: [Full GC (Metadata GC Threshold) 2019-06-11T07:48:04.352+0000: 27.857: [Tenured: 16029K->44145K(341376K), 0.0438507 secs] 73428K->44145K(494976K), [Metaspace: 34550K->34550K(1079296K)], 0.0439258 secs] [Times: user=0.04 sys=0.00, real=0.05 secs] 
2019-06-11T07:48:05.820+0000: 29.326: [GC (Allocation Failure) 2019-06-11T07:48:05.820+0000: 29.326: [DefNew: 136576K->3001K(153600K), 0.0072858 secs] 180721K->47146K(494976K), 0.0073434 secs] [Times: user=0.00 sys=0.00, real=0.01 secs] 
2019-06-11T07:48:06.682+0000: 30.187: [GC (Allocation Failure) 2019-06-11T07:48:06.682+0000: 30.187: [DefNew: 139577K->1832K(153600K), 0.0047636 secs] 183722K->45978K(494976K), 0.0048191 secs] [Times: user=0.00 sys=0.00, real=0.01 secs] 
2019-06-11T07:48:07.488+0000: 30.993: [GC (Allocation Failure) 2019-06-11T07:48:07.488+0000: 30.993: [DefNew: 138408K->583K(153600K), 0.0025830 secs] 182554K->44728K(494976K), 0.0026417 secs] [Times: user=0.00 sys=0.00, real=0.00 secs] 
2019-06-11T07:48:08.247+0000: 31.752: [GC (Allocation Failure) 2019-06-11T07:48:08.247+0000: 31.752: [DefNew: 137159K->87K(153600K), 0.0016663 secs] 181304K->44233K(494976K), 0.0017348 secs] [Times: user=0.00 sys=0.00, real=0.00 secs] 
2019-06-11T07:48:20.353+0000: 43.858: [GC (Allocation Failure) 2019-06-11T07:48:20.353+0000: 43.858: [DefNew: 136663K->103K(153600K), 0.0019061 secs] 180809K->44249K(494976K), 0.0019656 secs] [Times: user=0.00 sys=0.00, real=0.01 secs] 
07:48:20.552 [Curator-PathChildrenCache-0] ERROR o.a.c.f.r.c.PathChildrenCache  - 
java.lang.IllegalStateException: instance must be started before calling this method
	at org.apache.curator.shaded.com.google.common.base.Preconditions.checkState(Preconditions.java:444)
	at org.apache.curator.framework.imps.CuratorFrameworkImpl.getChildren(CuratorFrameworkImpl.java:456)
	at org.apache.curator.framework.recipes.cache.PathChildrenCache.refresh(PathChildrenCache.java:521)
	at org.apache.curator.framework.recipes.cache.RefreshOperation.invoke(RefreshOperation.java:35)
	at org.apache.curator.framework.recipes.cache.PathChildrenCache$9.run(PathChildrenCache.java:786)
	at java.util.concurrent.Executors$RunnableAdapter.call(Executors.java:511)
	at java.util.concurrent.FutureTask.run(FutureTask.java:266)
	at java.util.concurrent.Executors$RunnableAdapter.call(Executors.java:511)
	at java.util.concurrent.FutureTask.run(FutureTask.java:266)
	at java.util.concurrent.ThreadPoolExecutor.runWorker(ThreadPoolExecutor.java:1149)
	at java.util.concurrent.ThreadPoolExecutor$Worker.run(ThreadPoolExecutor.java:624)
	at java.lang.Thread.run(Thread.java:748)
Heap
 def new generation   total 153600K, used 26908K [0x00000000e0c00000, 0x00000000eb2a0000, 0x00000000eb2a0000)
  eden space 136576K,  19% used [0x00000000e0c00000, 0x00000000e262d2d8, 0x00000000e9160000)
  from space 17024K,   0% used [0x00000000e9160000, 0x00000000e9179dc0, 0x00000000ea200000)
  to   space 17024K,   0% used [0x00000000ea200000, 0x00000000ea200000, 0x00000000eb2a0000)
 tenured generation   total 341376K, used 44145K [0x00000000eb2a0000, 0x0000000100000000, 0x0000000100000000)
   the space 341376K,  12% used [0x00000000eb2a0000, 0x00000000eddbc690, 0x00000000eddbc800, 0x0000000100000000)
 Metaspace       used 35760K, capacity 36732K, committed 36864K, reserved 1081344K
  class space    used 4857K, capacity 5058K, committed 5120K, reserved 1048576K
