15:39:15,853 |-INFO in ch.qos.logback.classic.LoggerContext[default] - Could NOT find resource [logback-test.xml]
15:39:15,853 |-INFO in ch.qos.logback.classic.LoggerContext[default] - Could NOT find resource [logback.groovy]
15:39:15,853 |-INFO in ch.qos.logback.classic.LoggerContext[default] - Found resource [logback.xml] at [jar:file:/root/flamestream/lib/flamestream-runtime-1.0-SNAPSHOT.jar!/logback.xml]
15:39:15,854 |-WARN in ch.qos.logback.classic.LoggerContext[default] - Resource [logback.xml] occurs multiple times on the classpath.
15:39:15,854 |-WARN in ch.qos.logback.classic.LoggerContext[default] - Resource [logback.xml] occurs at [jar:file:/root/flamestream/lib/flamestream-runtime-1.0-SNAPSHOT.jar!/logback.xml]
15:39:15,854 |-WARN in ch.qos.logback.classic.LoggerContext[default] - Resource [logback.xml] occurs at [jar:file:/root/flamestream/flamestream-runtime-1.0-SNAPSHOT.jar!/logback.xml]
15:39:15,874 |-INFO in ch.qos.logback.core.joran.spi.ConfigurationWatchList@3fb6a447 - URL [jar:file:/root/flamestream/lib/flamestream-runtime-1.0-SNAPSHOT.jar!/logback.xml] is not of type file
15:39:15,941 |-INFO in ch.qos.logback.classic.joran.action.ConfigurationAction - debug attribute not set
15:39:15,942 |-INFO in ch.qos.logback.core.joran.action.AppenderAction - About to instantiate appender of type [ch.qos.logback.core.ConsoleAppender]
15:39:15,958 |-INFO in ch.qos.logback.core.joran.action.AppenderAction - Naming appender as [STDOUT]
15:39:15,978 |-INFO in ch.qos.logback.core.joran.action.NestedComplexPropertyIA - Assuming default type [ch.qos.logback.classic.encoder.PatternLayoutEncoder] for [encoder] property
15:39:16,073 |-INFO in ch.qos.logback.core.joran.action.AppenderAction - About to instantiate appender of type [ch.qos.logback.core.rolling.RollingFileAppender]
15:39:16,084 |-INFO in ch.qos.logback.core.joran.action.AppenderAction - Naming appender as [FILE]
15:39:16,111 |-INFO in c.q.l.core.rolling.TimeBasedRollingPolicy@127618319 - No compression will be used
15:39:16,112 |-INFO in c.q.l.core.rolling.TimeBasedRollingPolicy@127618319 - Will use the pattern /tmp/application_%d{yyyy-MM-dd}.%i.log for the active file
15:39:16,115 |-INFO in ch.qos.logback.core.rolling.SizeAndTimeBasedFNATP@6b2fad11 - The date pattern is 'yyyy-MM-dd' from file name pattern '/tmp/application_%d{yyyy-MM-dd}.%i.log'.
15:39:16,115 |-INFO in ch.qos.logback.core.rolling.SizeAndTimeBasedFNATP@6b2fad11 - Roll-over at midnight.
15:39:16,120 |-INFO in ch.qos.logback.core.rolling.SizeAndTimeBasedFNATP@6b2fad11 - Setting initial period to Mon Jun 10 15:37:56 UTC 2019
15:39:16,120 |-WARN in ch.qos.logback.core.rolling.SizeAndTimeBasedFNATP@6b2fad11 - SizeAndTimeBasedFNATP is deprecated. Use SizeAndTimeBasedRollingPolicy instead
15:39:16,120 |-WARN in ch.qos.logback.core.rolling.SizeAndTimeBasedFNATP@6b2fad11 - For more information see http://logback.qos.ch/manual/appenders.html#SizeAndTimeBasedRollingPolicy
15:39:16,124 |-INFO in ch.qos.logback.core.joran.action.NestedComplexPropertyIA - Assuming default type [ch.qos.logback.classic.encoder.PatternLayoutEncoder] for [encoder] property
15:39:16,129 |-INFO in ch.qos.logback.core.rolling.RollingFileAppender[FILE] - Active log file name: /tmp/application.log
15:39:16,129 |-INFO in ch.qos.logback.core.rolling.RollingFileAppender[FILE] - File property is set to [/tmp/application.log]
15:39:16,130 |-INFO in ch.qos.logback.classic.joran.action.RootLoggerAction - Setting level of ROOT logger to WARN
15:39:16,130 |-INFO in ch.qos.logback.core.joran.action.AppenderRefAction - Attaching appender named [STDOUT] to Logger[ROOT]
15:39:16,130 |-INFO in ch.qos.logback.core.joran.action.AppenderRefAction - Attaching appender named [FILE] to Logger[ROOT]
15:39:16,130 |-INFO in ch.qos.logback.classic.joran.action.ConfigurationAction - End of configuration.
15:39:16,131 |-INFO in ch.qos.logback.classic.joran.JoranConfigurator@79698539 - Registering current configuration as safe fallback point

Ama winner
Ama winner
2019-06-10T15:39:17.390+0000: 1.723: [Full GC (Metadata GC Threshold) 2019-06-10T15:39:17.390+0000: 1.723: [Tenured: 0K->15144K(341376K), 0.0363988 secs] 112224K->15144K(494976K), [Metaspace: 20740K->20740K(1067008K)], 0.0364815 secs] [Times: user=0.03 sys=0.01, real=0.04 secs] 
15:39:30.981 [Curator-PathChildrenCache-2] WARN  o.a.c.u.ZKPaths  - The version of ZooKeeper being used doesn't support Container nodes. CreateMode.PERSISTENT will be used instead.
2019-06-10T15:39:33.198+0000: 17.530: [GC (Allocation Failure) 2019-06-10T15:39:33.198+0000: 17.530: [DefNew: 136576K->17023K(153600K), 0.0263406 secs] 151720K->52782K(494976K), 0.0264119 secs] [Times: user=0.01 sys=0.01, real=0.02 secs] 
2019-06-10T15:39:33.634+0000: 17.966: [Full GC (Metadata GC Threshold) 2019-06-10T15:39:33.634+0000: 17.966: [Tenured: 35758K->44334K(341376K), 0.0335904 secs] 69979K->44334K(494976K), [Metaspace: 34599K->34599K(1079296K)], 0.0336615 secs] [Times: user=0.03 sys=0.00, real=0.04 secs] 
2019-06-10T15:39:38.546+0000: 22.878: [GC (Allocation Failure) 2019-06-10T15:39:38.546+0000: 22.878: [DefNew: 136576K->240K(153600K), 0.0023797 secs] 180910K->44575K(494976K), 0.0024487 secs] [Times: user=0.00 sys=0.00, real=0.01 secs] 
2019-06-10T15:39:43.188+0000: 27.520: [GC (Allocation Failure) 2019-06-10T15:39:43.188+0000: 27.520: [DefNew: 136816K->236K(153600K), 0.0021028 secs] 181151K->44570K(494976K), 0.0021821 secs] [Times: user=0.01 sys=0.00, real=0.00 secs] 
2019-06-10T15:39:47.821+0000: 32.154: [GC (Allocation Failure) 2019-06-10T15:39:47.822+0000: 32.154: [DefNew: 136812K->243K(153600K), 0.0021555 secs] 181146K->44578K(494976K), 0.0022213 secs] [Times: user=0.00 sys=0.00, real=0.00 secs] 
2019-06-10T15:39:52.492+0000: 36.824: [GC (Allocation Failure) 2019-06-10T15:39:52.492+0000: 36.824: [DefNew: 136819K->237K(153600K), 0.0021959 secs] 181154K->44572K(494976K), 0.0022581 secs] [Times: user=0.01 sys=0.00, real=0.00 secs] 
2019-06-10T15:39:57.170+0000: 41.502: [GC (Allocation Failure) 2019-06-10T15:39:57.170+0000: 41.502: [DefNew: 136813K->236K(153600K), 0.0021582 secs] 181148K->44571K(494976K), 0.0022259 secs] [Times: user=0.00 sys=0.00, real=0.00 secs] 
2019-06-10T15:40:01.864+0000: 46.196: [GC (Allocation Failure) 2019-06-10T15:40:01.864+0000: 46.197: [DefNew: 136812K->238K(153600K), 0.0022083 secs] 181147K->44573K(494976K), 0.0022712 secs] [Times: user=0.00 sys=0.00, real=0.00 secs] 
2019-06-10T15:40:06.606+0000: 50.939: [GC (Allocation Failure) 2019-06-10T15:40:06.607+0000: 50.939: [DefNew: 136814K->237K(153600K), 0.0021787 secs] 181149K->44571K(494976K), 0.0022385 secs] [Times: user=0.00 sys=0.00, real=0.01 secs] 
2019-06-10T15:40:11.328+0000: 55.660: [GC (Allocation Failure) 2019-06-10T15:40:11.328+0000: 55.660: [DefNew: 136813K->246K(153600K), 0.0021500 secs] 181147K->44580K(494976K), 0.0022111 secs] [Times: user=0.01 sys=0.00, real=0.00 secs] 
2019-06-10T15:40:24.138+0000: 68.470: [GC (Allocation Failure) 2019-06-10T15:40:24.138+0000: 68.470: [DefNew: 136822K->804K(153600K), 0.0050195 secs] 181156K->45139K(494976K), 0.0050785 secs] [Times: user=0.01 sys=0.00, real=0.00 secs] 
15:40:24.154 [Curator-PathChildrenCache-0] ERROR o.a.c.f.r.c.PathChildrenCache  - 
java.lang.IllegalStateException: instance must be started before calling this method
	at org.apache.curator.shaded.com.google.common.base.Preconditions.checkState(Preconditions.java:444)
	at org.apache.curator.framework.imps.CuratorFrameworkImpl.getChildren(CuratorFrameworkImpl.java:456)
	at org.apache.curator.framework.recipes.cache.PathChildrenCache.refresh(PathChildrenCache.java:521)
	at org.apache.curator.framework.recipes.cache.RefreshOperation.invoke(RefreshOperation.java:35)
	at org.apache.curator.framework.recipes.cache.PathChildrenCache$9.run(PathChildrenCache.java:786)
	at java.util.concurrent.Executors$RunnableAdapter.call(Executors.java:511)
	at java.util.concurrent.FutureTask.run(FutureTask.java:266)
	at java.util.concurrent.Executors$RunnableAdapter.call(Executors.java:511)
	at java.util.concurrent.FutureTask.run(FutureTask.java:266)
	at java.util.concurrent.ThreadPoolExecutor.runWorker(ThreadPoolExecutor.java:1149)
	at java.util.concurrent.ThreadPoolExecutor$Worker.run(ThreadPoolExecutor.java:624)
	at java.lang.Thread.run(Thread.java:748)
Heap
 def new generation   total 153600K, used 21944K [0x00000000e0c00000, 0x00000000eb2a0000, 0x00000000eb2a0000)
  eden space 136576K,  15% used [0x00000000e0c00000, 0x00000000e20a4f40, 0x00000000e9160000)
  from space 17024K,   4% used [0x00000000e9160000, 0x00000000e92293b8, 0x00000000ea200000)
  to   space 17024K,   0% used [0x00000000ea200000, 0x00000000ea200000, 0x00000000eb2a0000)
 tenured generation   total 341376K, used 44334K [0x00000000eb2a0000, 0x0000000100000000, 0x0000000100000000)
   the space 341376K,  12% used [0x00000000eb2a0000, 0x00000000eddebb20, 0x00000000eddebc00, 0x0000000100000000)
 Metaspace       used 36422K, capacity 37452K, committed 37760K, reserved 1081344K
  class space    used 4903K, capacity 5124K, committed 5248K, reserved 1048576K
