15:34:37,057 |-INFO in ch.qos.logback.classic.LoggerContext[default] - Could NOT find resource [logback-test.xml]
15:34:37,057 |-INFO in ch.qos.logback.classic.LoggerContext[default] - Could NOT find resource [logback.groovy]
15:34:37,057 |-INFO in ch.qos.logback.classic.LoggerContext[default] - Found resource [logback.xml] at [jar:file:/root/flamestream/lib/flamestream-runtime-1.0-SNAPSHOT.jar!/logback.xml]
15:34:37,058 |-WARN in ch.qos.logback.classic.LoggerContext[default] - Resource [logback.xml] occurs multiple times on the classpath.
15:34:37,058 |-WARN in ch.qos.logback.classic.LoggerContext[default] - Resource [logback.xml] occurs at [jar:file:/root/flamestream/lib/flamestream-runtime-1.0-SNAPSHOT.jar!/logback.xml]
15:34:37,058 |-WARN in ch.qos.logback.classic.LoggerContext[default] - Resource [logback.xml] occurs at [jar:file:/root/flamestream/flamestream-runtime-1.0-SNAPSHOT.jar!/logback.xml]
15:34:37,082 |-INFO in ch.qos.logback.core.joran.spi.ConfigurationWatchList@3fb6a447 - URL [jar:file:/root/flamestream/lib/flamestream-runtime-1.0-SNAPSHOT.jar!/logback.xml] is not of type file
15:34:37,149 |-INFO in ch.qos.logback.classic.joran.action.ConfigurationAction - debug attribute not set
15:34:37,149 |-INFO in ch.qos.logback.core.joran.action.AppenderAction - About to instantiate appender of type [ch.qos.logback.core.ConsoleAppender]
15:34:37,165 |-INFO in ch.qos.logback.core.joran.action.AppenderAction - Naming appender as [STDOUT]
15:34:37,179 |-INFO in ch.qos.logback.core.joran.action.NestedComplexPropertyIA - Assuming default type [ch.qos.logback.classic.encoder.PatternLayoutEncoder] for [encoder] property
15:34:37,277 |-INFO in ch.qos.logback.core.joran.action.AppenderAction - About to instantiate appender of type [ch.qos.logback.core.rolling.RollingFileAppender]
15:34:37,282 |-INFO in ch.qos.logback.core.joran.action.AppenderAction - Naming appender as [FILE]
15:34:37,319 |-INFO in c.q.l.core.rolling.TimeBasedRollingPolicy@127618319 - No compression will be used
15:34:37,320 |-INFO in c.q.l.core.rolling.TimeBasedRollingPolicy@127618319 - Will use the pattern /tmp/application_%d{yyyy-MM-dd}.%i.log for the active file
15:34:37,323 |-INFO in ch.qos.logback.core.rolling.SizeAndTimeBasedFNATP@6b2fad11 - The date pattern is 'yyyy-MM-dd' from file name pattern '/tmp/application_%d{yyyy-MM-dd}.%i.log'.
15:34:37,323 |-INFO in ch.qos.logback.core.rolling.SizeAndTimeBasedFNATP@6b2fad11 - Roll-over at midnight.
15:34:37,328 |-INFO in ch.qos.logback.core.rolling.SizeAndTimeBasedFNATP@6b2fad11 - Setting initial period to Mon Jun 10 15:33:14 UTC 2019
15:34:37,328 |-WARN in ch.qos.logback.core.rolling.SizeAndTimeBasedFNATP@6b2fad11 - SizeAndTimeBasedFNATP is deprecated. Use SizeAndTimeBasedRollingPolicy instead
15:34:37,328 |-WARN in ch.qos.logback.core.rolling.SizeAndTimeBasedFNATP@6b2fad11 - For more information see http://logback.qos.ch/manual/appenders.html#SizeAndTimeBasedRollingPolicy
15:34:37,332 |-INFO in ch.qos.logback.core.joran.action.NestedComplexPropertyIA - Assuming default type [ch.qos.logback.classic.encoder.PatternLayoutEncoder] for [encoder] property
15:34:37,337 |-INFO in ch.qos.logback.core.rolling.RollingFileAppender[FILE] - Active log file name: /tmp/application.log
15:34:37,337 |-INFO in ch.qos.logback.core.rolling.RollingFileAppender[FILE] - File property is set to [/tmp/application.log]
15:34:37,338 |-INFO in ch.qos.logback.classic.joran.action.RootLoggerAction - Setting level of ROOT logger to WARN
15:34:37,338 |-INFO in ch.qos.logback.core.joran.action.AppenderRefAction - Attaching appender named [STDOUT] to Logger[ROOT]
15:34:37,340 |-INFO in ch.qos.logback.core.joran.action.AppenderRefAction - Attaching appender named [FILE] to Logger[ROOT]
15:34:37,340 |-INFO in ch.qos.logback.classic.joran.action.ConfigurationAction - End of configuration.
15:34:37,341 |-INFO in ch.qos.logback.classic.joran.JoranConfigurator@79698539 - Registering current configuration as safe fallback point

Ama winner
Ama winner
2019-06-10T15:34:38.648+0000: 1.775: [Full GC (Metadata GC Threshold) 2019-06-10T15:34:38.648+0000: 1.775: [Tenured: 0K->15240K(341376K), 0.0351683 secs] 114923K->15240K(494976K), [Metaspace: 20734K->20734K(1067008K)], 0.0352493 secs] [Times: user=0.03 sys=0.00, real=0.03 secs] 
15:34:54.027 [Curator-PathChildrenCache-1] WARN  o.a.c.u.ZKPaths  - The version of ZooKeeper being used doesn't support Container nodes. CreateMode.PERSISTENT will be used instead.
2019-06-10T15:34:56.383+0000: 19.510: [GC (Allocation Failure) 2019-06-10T15:34:56.383+0000: 19.510: [DefNew: 136576K->17023K(153600K), 0.0260876 secs] 151816K->52926K(494976K), 0.0261544 secs] [Times: user=0.02 sys=0.01, real=0.03 secs] 
2019-06-10T15:34:57.714+0000: 20.841: [Full GC (Metadata GC Threshold) 2019-06-10T15:34:57.714+0000: 20.841: [Tenured: 35902K->44668K(341376K), 0.0408662 secs] 79802K->44668K(494976K), [Metaspace: 34579K->34579K(1079296K)], 0.0409417 secs] [Times: user=0.04 sys=0.00, real=0.05 secs] 
2019-06-10T15:35:03.955+0000: 27.082: [GC (Allocation Failure) 2019-06-10T15:35:03.955+0000: 27.082: [DefNew: 136576K->68K(153600K), 0.0018686 secs] 181244K->44737K(494976K), 0.0019314 secs] [Times: user=0.00 sys=0.00, real=0.00 secs] 
2019-06-10T15:35:10.412+0000: 33.539: [GC (Allocation Failure) 2019-06-10T15:35:10.413+0000: 33.539: [DefNew: 136644K->69K(153600K), 0.0017426 secs] 181313K->44738K(494976K), 0.0018053 secs] [Times: user=0.00 sys=0.00, real=0.00 secs] 
2019-06-10T15:35:16.826+0000: 39.953: [GC (Allocation Failure) 2019-06-10T15:35:16.826+0000: 39.953: [DefNew: 136645K->100K(153600K), 0.0018131 secs] 181314K->44769K(494976K), 0.0018717 secs] [Times: user=0.01 sys=0.00, real=0.01 secs] 
2019-06-10T15:35:23.107+0000: 46.234: [GC (Allocation Failure) 2019-06-10T15:35:23.107+0000: 46.234: [DefNew: 136676K->103K(153600K), 0.0017772 secs] 181345K->44772K(494976K), 0.0018603 secs] [Times: user=0.00 sys=0.00, real=0.00 secs] 
2019-06-10T15:35:31.178+0000: 54.305: [GC (Allocation Failure) 2019-06-10T15:35:31.178+0000: 54.305: [DefNew: 136679K->103K(153600K), 0.0019106 secs] 181348K->44772K(494976K), 0.0019731 secs] [Times: user=0.00 sys=0.00, real=0.00 secs] 
15:35:35.576 [Curator-PathChildrenCache-0] ERROR o.a.c.f.r.c.PathChildrenCache  - 
java.lang.IllegalStateException: instance must be started before calling this method
	at org.apache.curator.shaded.com.google.common.base.Preconditions.checkState(Preconditions.java:444)
	at org.apache.curator.framework.imps.CuratorFrameworkImpl.getChildren(CuratorFrameworkImpl.java:456)
	at org.apache.curator.framework.recipes.cache.PathChildrenCache.refresh(PathChildrenCache.java:521)
	at org.apache.curator.framework.recipes.cache.RefreshOperation.invoke(RefreshOperation.java:35)
	at org.apache.curator.framework.recipes.cache.PathChildrenCache$9.run(PathChildrenCache.java:786)
	at java.util.concurrent.Executors$RunnableAdapter.call(Executors.java:511)
	at java.util.concurrent.FutureTask.run(FutureTask.java:266)
	at java.util.concurrent.Executors$RunnableAdapter.call(Executors.java:511)
	at java.util.concurrent.FutureTask.run(FutureTask.java:266)
	at java.util.concurrent.ThreadPoolExecutor.runWorker(ThreadPoolExecutor.java:1149)
	at java.util.concurrent.ThreadPoolExecutor$Worker.run(ThreadPoolExecutor.java:624)
	at java.lang.Thread.run(Thread.java:748)
Heap
 def new generation   total 153600K, used 38567K [0x00000000e0c00000, 0x00000000eb2a0000, 0x00000000eb2a0000)
  eden space 136576K,  28% used [0x00000000e0c00000, 0x00000000e3190118, 0x00000000e9160000)
  from space 17024K,   0% used [0x00000000e9160000, 0x00000000e9179ce8, 0x00000000ea200000)
  to   space 17024K,   0% used [0x00000000ea200000, 0x00000000ea200000, 0x00000000eb2a0000)
 tenured generation   total 341376K, used 44668K [0x00000000eb2a0000, 0x0000000100000000, 0x0000000100000000)
   the space 341376K,  13% used [0x00000000eb2a0000, 0x00000000ede3f3b0, 0x00000000ede3f400, 0x0000000100000000)
 Metaspace       used 35859K, capacity 36774K, committed 37120K, reserved 1081344K
  class space    used 4827K, capacity 5043K, committed 5120K, reserved 1048576K
