00:47:31,500 |-INFO in ch.qos.logback.classic.LoggerContext[default] - Could NOT find resource [logback-test.xml]
00:47:31,500 |-INFO in ch.qos.logback.classic.LoggerContext[default] - Could NOT find resource [logback.groovy]
00:47:31,501 |-INFO in ch.qos.logback.classic.LoggerContext[default] - Found resource [logback.xml] at [jar:file:/home/nikitasokolov/flamestream/lib/flamestream-runtime-1.0-SNAPSHOT.jar!/logback.xml]
00:47:31,501 |-WARN in ch.qos.logback.classic.LoggerContext[default] - Resource [logback.xml] occurs multiple times on the classpath.
00:47:31,501 |-WARN in ch.qos.logback.classic.LoggerContext[default] - Resource [logback.xml] occurs at [jar:file:/home/nikitasokolov/flamestream/lib/flamestream-runtime-1.0-SNAPSHOT.jar!/logback.xml]
00:47:31,501 |-WARN in ch.qos.logback.classic.LoggerContext[default] - Resource [logback.xml] occurs at [jar:file:/home/nikitasokolov/flamestream/flamestream-runtime-1.0-SNAPSHOT.jar!/logback.xml]
00:47:31,518 |-INFO in ch.qos.logback.core.joran.spi.ConfigurationWatchList@6108b2d7 - URL [jar:file:/home/nikitasokolov/flamestream/lib/flamestream-runtime-1.0-SNAPSHOT.jar!/logback.xml] is not of type file
00:47:31,569 |-INFO in ch.qos.logback.classic.joran.action.ConfigurationAction - debug attribute not set
00:47:31,569 |-INFO in ch.qos.logback.core.joran.action.AppenderAction - About to instantiate appender of type [ch.qos.logback.core.ConsoleAppender]
00:47:31,577 |-INFO in ch.qos.logback.core.joran.action.AppenderAction - Naming appender as [STDOUT]
00:47:31,586 |-INFO in ch.qos.logback.core.joran.action.NestedComplexPropertyIA - Assuming default type [ch.qos.logback.classic.encoder.PatternLayoutEncoder] for [encoder] property
00:47:31,643 |-INFO in ch.qos.logback.core.joran.action.AppenderAction - About to instantiate appender of type [ch.qos.logback.core.rolling.RollingFileAppender]
00:47:31,649 |-INFO in ch.qos.logback.core.joran.action.AppenderAction - Naming appender as [FILE]
00:47:31,671 |-INFO in c.q.l.core.rolling.TimeBasedRollingPolicy@357863579 - No compression will be used
00:47:31,673 |-INFO in c.q.l.core.rolling.TimeBasedRollingPolicy@357863579 - Will use the pattern /tmp/application_%d{yyyy-MM-dd}.%i.log for the active file
00:47:31,676 |-INFO in ch.qos.logback.core.rolling.SizeAndTimeBasedFNATP@6bf256fa - The date pattern is 'yyyy-MM-dd' from file name pattern '/tmp/application_%d{yyyy-MM-dd}.%i.log'.
00:47:31,676 |-INFO in ch.qos.logback.core.rolling.SizeAndTimeBasedFNATP@6bf256fa - Roll-over at midnight.
00:47:31,680 |-INFO in ch.qos.logback.core.rolling.SizeAndTimeBasedFNATP@6bf256fa - Setting initial period to Sun Jun 09 00:46:48 MSK 2019
00:47:31,680 |-WARN in ch.qos.logback.core.rolling.SizeAndTimeBasedFNATP@6bf256fa - SizeAndTimeBasedFNATP is deprecated. Use SizeAndTimeBasedRollingPolicy instead
00:47:31,680 |-WARN in ch.qos.logback.core.rolling.SizeAndTimeBasedFNATP@6bf256fa - For more information see http://logback.qos.ch/manual/appenders.html#SizeAndTimeBasedRollingPolicy
00:47:31,684 |-INFO in ch.qos.logback.core.joran.action.NestedComplexPropertyIA - Assuming default type [ch.qos.logback.classic.encoder.PatternLayoutEncoder] for [encoder] property
00:47:31,687 |-INFO in ch.qos.logback.core.rolling.RollingFileAppender[FILE] - Active log file name: /tmp/application.log
00:47:31,687 |-INFO in ch.qos.logback.core.rolling.RollingFileAppender[FILE] - File property is set to [/tmp/application.log]
00:47:31,688 |-INFO in ch.qos.logback.classic.joran.action.RootLoggerAction - Setting level of ROOT logger to WARN
00:47:31,688 |-INFO in ch.qos.logback.core.joran.action.AppenderRefAction - Attaching appender named [STDOUT] to Logger[ROOT]
00:47:31,689 |-INFO in ch.qos.logback.core.joran.action.AppenderRefAction - Attaching appender named [FILE] to Logger[ROOT]
00:47:31,689 |-INFO in ch.qos.logback.classic.joran.action.ConfigurationAction - End of configuration.
00:47:31,689 |-INFO in ch.qos.logback.classic.joran.JoranConfigurator@6cd8737 - Registering current configuration as safe fallback point

2019-06-09T00:47:32.677+0300: 1.374: [GC (Metadata GC Threshold) [PSYoungGen: 110722K->15889K(149504K)] 110722K->15969K(491008K), 0.0207312 secs] [Times: user=0.07 sys=0.02, real=0.02 secs] 
2019-06-09T00:47:32.697+0300: 1.395: [Full GC (Metadata GC Threshold) [PSYoungGen: 15889K->0K(149504K)] [ParOldGen: 80K->15078K(341504K)] 15969K->15078K(491008K), [Metaspace: 20801K->20801K(1067008K)], 0.0290554 secs] [Times: user=0.19 sys=0.01, real=0.03 secs] 
00:47:39.893 [Curator-PathChildrenCache-2] WARN  o.a.c.u.ZKPaths  - The version of ZooKeeper being used doesn't support Container nodes. CreateMode.PERSISTENT will be used instead.
2019-06-09T00:47:40.614+0300: 9.311: [GC (Metadata GC Threshold) [PSYoungGen: 126309K->16825K(149504K)] 141388K->51443K(491008K), 0.0299430 secs] [Times: user=0.22 sys=0.04, real=0.03 secs] 
2019-06-09T00:47:40.644+0300: 9.341: [Full GC (Metadata GC Threshold) [PSYoungGen: 16825K->0K(149504K)] [ParOldGen: 34617K->39991K(341504K)] 51443K->39991K(491008K), [Metaspace: 34491K->34489K(1079296K)], 0.0375122 secs] [Times: user=0.21 sys=0.01, real=0.04 secs] 
2019-06-09T00:47:44.273+0300: 12.971: [GC (Allocation Failure) [PSYoungGen: 128512K->544K(149504K)] 168503K->40543K(491008K), 0.0039132 secs] [Times: user=0.02 sys=0.01, real=0.00 secs] 
2019-06-09T00:47:48.397+0300: 17.095: [GC (Allocation Failure) [PSYoungGen: 129056K->640K(149504K)] 169055K->40647K(491008K), 0.0032525 secs] [Times: user=0.01 sys=0.00, real=0.01 secs] 
2019-06-09T00:47:52.527+0300: 21.225: [GC (Allocation Failure) [PSYoungGen: 129152K->576K(129536K)] 169159K->40591K(471040K), 0.0054257 secs] [Times: user=0.04 sys=0.00, real=0.01 secs] 
2019-06-09T00:47:56.667+0300: 25.364: [GC (Allocation Failure) [PSYoungGen: 129088K->576K(148992K)] 169103K->40599K(490496K), 0.0092834 secs] [Times: user=0.10 sys=0.01, real=0.01 secs] 
2019-06-09T00:48:00.743+0300: 29.441: [GC (Allocation Failure) [PSYoungGen: 127040K->576K(147968K)] 167063K->40599K(489472K), 0.0034350 secs] [Times: user=0.02 sys=0.00, real=0.00 secs] 
2019-06-09T00:48:04.880+0300: 33.577: [GC (Allocation Failure) [PSYoungGen: 127040K->672K(151040K)] 167063K->40703K(492544K), 0.0044992 secs] [Times: user=0.03 sys=0.00, real=0.00 secs] 
2019-06-09T00:48:09.140+0300: 37.837: [GC (Allocation Failure) [PSYoungGen: 131232K->736K(150016K)] 171263K->40767K(491520K), 0.0071719 secs] [Times: user=0.04 sys=0.00, real=0.00 secs] 
2019-06-09T00:48:13.414+0300: 42.111: [GC (Allocation Failure) [PSYoungGen: 131296K->672K(152576K)] 171327K->40703K(494080K), 0.0024254 secs] [Times: user=0.01 sys=0.00, real=0.00 secs] 
2019-06-09T00:48:17.759+0300: 46.456: [GC (Allocation Failure) [PSYoungGen: 134816K->576K(152064K)] 174847K->40615K(493568K), 0.0048952 secs] [Times: user=0.02 sys=0.00, real=0.00 secs] 
2019-06-09T00:48:22.126+0300: 50.824: [GC (Allocation Failure) [PSYoungGen: 134720K->544K(154112K)] 174759K->40583K(495616K), 0.0025500 secs] [Times: user=0.01 sys=0.00, real=0.00 secs] 
2019-06-09T00:48:26.593+0300: 55.290: [GC (Allocation Failure) [PSYoungGen: 137760K->544K(153600K)] 177799K->40583K(495104K), 0.0026256 secs] [Times: user=0.01 sys=0.00, real=0.00 secs] 
2019-06-09T00:48:31.102+0300: 59.799: [GC (Allocation Failure) [PSYoungGen: 137760K->576K(156160K)] 177799K->40615K(497664K), 0.0047823 secs] [Times: user=0.02 sys=0.01, real=0.00 secs] 
2019-06-09T00:48:36.279+0300: 64.976: [GC (Allocation Failure) [PSYoungGen: 141376K->951K(155136K)] 181415K->40991K(496640K), 0.0035752 secs] [Times: user=0.01 sys=0.00, real=0.00 secs] 
2019-06-09T00:48:42.050+0300: 70.748: [GC (Allocation Failure) [PSYoungGen: 141751K->800K(157696K)] 181791K->40839K(499200K), 0.0048310 secs] [Times: user=0.02 sys=0.00, real=0.00 secs] 
2019-06-09T00:48:47.943+0300: 76.640: [GC (Allocation Failure) [PSYoungGen: 144672K->704K(156672K)] 184711K->40751K(498176K), 0.0040880 secs] [Times: user=0.01 sys=0.00, real=0.00 secs] 
00:49:03.613 [Curator-PathChildrenCache-0] ERROR o.a.c.f.r.c.PathChildrenCache  - 
java.lang.IllegalStateException: instance must be started before calling this method
	at org.apache.curator.shaded.com.google.common.base.Preconditions.checkState(Preconditions.java:444)
	at org.apache.curator.framework.imps.CuratorFrameworkImpl.getChildren(CuratorFrameworkImpl.java:456)
	at org.apache.curator.framework.recipes.cache.PathChildrenCache.refresh(PathChildrenCache.java:521)
	at org.apache.curator.framework.recipes.cache.RefreshOperation.invoke(RefreshOperation.java:35)
	at org.apache.curator.framework.recipes.cache.PathChildrenCache$9.run(PathChildrenCache.java:786)
	at java.util.concurrent.Executors$RunnableAdapter.call(Executors.java:511)
	at java.util.concurrent.FutureTask.run(FutureTask.java:266)
	at java.util.concurrent.Executors$RunnableAdapter.call(Executors.java:511)
	at java.util.concurrent.FutureTask.run(FutureTask.java:266)
	at java.util.concurrent.ThreadPoolExecutor.runWorker(ThreadPoolExecutor.java:1149)
	at java.util.concurrent.ThreadPoolExecutor$Worker.run(ThreadPoolExecutor.java:624)
	at java.lang.Thread.run(Thread.java:748)
Heap
 PSYoungGen      total 156672K, used 134518K [0x00000000f5980000, 0x0000000100000000, 0x0000000100000000)
  eden space 143872K, 93% used [0x00000000f5980000,0x00000000fdc2d7b0,0x00000000fe600000)
  from space 12800K, 5% used [0x00000000fe600000,0x00000000fe6b0060,0x00000000ff280000)
  to   space 12288K, 0% used [0x00000000ff400000,0x00000000ff400000,0x0000000100000000)
 ParOldGen       total 341504K, used 40047K [0x00000000e0c00000, 0x00000000f5980000, 0x00000000f5980000)
  object space 341504K, 11% used [0x00000000e0c00000,0x00000000e331bf48,0x00000000f5980000)
 Metaspace       used 36446K, capacity 37402K, committed 37464K, reserved 1081344K
  class space    used 5017K, capacity 5219K, committed 5248K, reserved 1048576K
