14:53:50,610 |-INFO in ch.qos.logback.classic.LoggerContext[default] - Could NOT find resource [logback-test.xml]
14:53:50,610 |-INFO in ch.qos.logback.classic.LoggerContext[default] - Could NOT find resource [logback.groovy]
14:53:50,611 |-INFO in ch.qos.logback.classic.LoggerContext[default] - Found resource [logback.xml] at [jar:file:/root/flamestream/lib/flamestream-runtime-1.0-SNAPSHOT.jar!/logback.xml]
14:53:50,612 |-WARN in ch.qos.logback.classic.LoggerContext[default] - Resource [logback.xml] occurs multiple times on the classpath.
14:53:50,612 |-WARN in ch.qos.logback.classic.LoggerContext[default] - Resource [logback.xml] occurs at [jar:file:/root/flamestream/lib/flamestream-runtime-1.0-SNAPSHOT.jar!/logback.xml]
14:53:50,612 |-WARN in ch.qos.logback.classic.LoggerContext[default] - Resource [logback.xml] occurs at [jar:file:/root/flamestream/flamestream-runtime-1.0-SNAPSHOT.jar!/logback.xml]
14:53:50,631 |-INFO in ch.qos.logback.core.joran.spi.ConfigurationWatchList@3fb6a447 - URL [jar:file:/root/flamestream/lib/flamestream-runtime-1.0-SNAPSHOT.jar!/logback.xml] is not of type file
14:53:50,701 |-INFO in ch.qos.logback.classic.joran.action.ConfigurationAction - debug attribute not set
14:53:50,702 |-INFO in ch.qos.logback.core.joran.action.AppenderAction - About to instantiate appender of type [ch.qos.logback.core.ConsoleAppender]
14:53:50,717 |-INFO in ch.qos.logback.core.joran.action.AppenderAction - Naming appender as [STDOUT]
14:53:50,733 |-INFO in ch.qos.logback.core.joran.action.NestedComplexPropertyIA - Assuming default type [ch.qos.logback.classic.encoder.PatternLayoutEncoder] for [encoder] property
14:53:50,814 |-INFO in ch.qos.logback.core.joran.action.AppenderAction - About to instantiate appender of type [ch.qos.logback.core.rolling.RollingFileAppender]
14:53:50,822 |-INFO in ch.qos.logback.core.joran.action.AppenderAction - Naming appender as [FILE]
14:53:50,853 |-INFO in c.q.l.core.rolling.TimeBasedRollingPolicy@127618319 - No compression will be used
14:53:50,854 |-INFO in c.q.l.core.rolling.TimeBasedRollingPolicy@127618319 - Will use the pattern /tmp/application_%d{yyyy-MM-dd}.%i.log for the active file
14:53:50,857 |-INFO in ch.qos.logback.core.rolling.SizeAndTimeBasedFNATP@6b2fad11 - The date pattern is 'yyyy-MM-dd' from file name pattern '/tmp/application_%d{yyyy-MM-dd}.%i.log'.
14:53:50,857 |-INFO in ch.qos.logback.core.rolling.SizeAndTimeBasedFNATP@6b2fad11 - Roll-over at midnight.
14:53:50,862 |-INFO in ch.qos.logback.core.rolling.SizeAndTimeBasedFNATP@6b2fad11 - Setting initial period to Mon Jun 10 14:52:34 UTC 2019
14:53:50,862 |-WARN in ch.qos.logback.core.rolling.SizeAndTimeBasedFNATP@6b2fad11 - SizeAndTimeBasedFNATP is deprecated. Use SizeAndTimeBasedRollingPolicy instead
14:53:50,862 |-WARN in ch.qos.logback.core.rolling.SizeAndTimeBasedFNATP@6b2fad11 - For more information see http://logback.qos.ch/manual/appenders.html#SizeAndTimeBasedRollingPolicy
14:53:50,866 |-INFO in ch.qos.logback.core.joran.action.NestedComplexPropertyIA - Assuming default type [ch.qos.logback.classic.encoder.PatternLayoutEncoder] for [encoder] property
14:53:50,870 |-INFO in ch.qos.logback.core.rolling.RollingFileAppender[FILE] - Active log file name: /tmp/application.log
14:53:50,870 |-INFO in ch.qos.logback.core.rolling.RollingFileAppender[FILE] - File property is set to [/tmp/application.log]
14:53:50,871 |-INFO in ch.qos.logback.classic.joran.action.RootLoggerAction - Setting level of ROOT logger to WARN
14:53:50,871 |-INFO in ch.qos.logback.core.joran.action.AppenderRefAction - Attaching appender named [STDOUT] to Logger[ROOT]
14:53:50,873 |-INFO in ch.qos.logback.core.joran.action.AppenderRefAction - Attaching appender named [FILE] to Logger[ROOT]
14:53:50,873 |-INFO in ch.qos.logback.classic.joran.action.ConfigurationAction - End of configuration.
14:53:50,874 |-INFO in ch.qos.logback.classic.joran.JoranConfigurator@79698539 - Registering current configuration as safe fallback point

Ama winner
Ama winner
2019-06-10T14:53:52.206+0000: 1.780: [Full GC (Metadata GC Threshold) 2019-06-10T14:53:52.206+0000: 1.780: [Tenured: 0K->15207K(341376K), 0.0401383 secs] 114924K->15207K(494976K), [Metaspace: 20730K->20730K(1067008K)], 0.0402092 secs] [Times: user=0.04 sys=0.01, real=0.04 secs] 
14:54:06.196 [Curator-PathChildrenCache-1] WARN  o.a.c.u.ZKPaths  - The version of ZooKeeper being used doesn't support Container nodes. CreateMode.PERSISTENT will be used instead.
2019-06-10T14:54:08.483+0000: 18.057: [GC (Allocation Failure) 2019-06-10T14:54:08.483+0000: 18.057: [DefNew: 136576K->17023K(153600K), 0.0267566 secs] 151783K->52751K(494976K), 0.0268402 secs] [Times: user=0.02 sys=0.02, real=0.03 secs] 
2019-06-10T14:54:09.710+0000: 19.285: [Full GC (Metadata GC Threshold) 2019-06-10T14:54:09.710+0000: 19.285: [Tenured: 35727K->44389K(341376K), 0.0387118 secs] 78253K->44389K(494976K), [Metaspace: 34585K->34585K(1079296K)], 0.0387942 secs] [Times: user=0.04 sys=0.00, real=0.04 secs] 
2019-06-10T14:54:16.455+0000: 26.030: [GC (Allocation Failure) 2019-06-10T14:54:16.455+0000: 26.030: [DefNew: 136576K->68K(153600K), 0.0018031 secs] 180965K->44457K(494976K), 0.0018595 secs] [Times: user=0.00 sys=0.00, real=0.00 secs] 
2019-06-10T14:54:23.052+0000: 32.628: [GC (Allocation Failure) 2019-06-10T14:54:23.053+0000: 32.628: [DefNew: 136644K->73K(153600K), 0.0017825 secs] 181033K->44462K(494976K), 0.0033048 secs] [Times: user=0.00 sys=0.00, real=0.01 secs] 
2019-06-10T14:54:29.699+0000: 39.274: [GC (Allocation Failure) 2019-06-10T14:54:29.699+0000: 39.274: [DefNew: 136649K->70K(153600K), 0.0017967 secs] 181038K->44459K(494976K), 0.0018724 secs] [Times: user=0.00 sys=0.00, real=0.00 secs] 
2019-06-10T14:54:36.368+0000: 45.942: [GC (Allocation Failure) 2019-06-10T14:54:36.368+0000: 45.942: [DefNew: 136646K->70K(153600K), 0.0017955 secs] 181035K->44459K(494976K), 0.0018554 secs] [Times: user=0.01 sys=0.00, real=0.00 secs] 
2019-06-10T14:54:43.051+0000: 52.625: [GC (Allocation Failure) 2019-06-10T14:54:43.051+0000: 52.625: [DefNew: 136646K->78K(153600K), 0.0018190 secs] 181035K->44467K(494976K), 0.0018803 secs] [Times: user=0.00 sys=0.00, real=0.00 secs] 
14:54:53.661 [Curator-PathChildrenCache-0] ERROR o.a.c.f.r.c.PathChildrenCache  - 
java.lang.IllegalStateException: instance must be started before calling this method
	at org.apache.curator.shaded.com.google.common.base.Preconditions.checkState(Preconditions.java:444)
	at org.apache.curator.framework.imps.CuratorFrameworkImpl.getChildren(CuratorFrameworkImpl.java:456)
	at org.apache.curator.framework.recipes.cache.PathChildrenCache.refresh(PathChildrenCache.java:521)
	at org.apache.curator.framework.recipes.cache.RefreshOperation.invoke(RefreshOperation.java:35)
	at org.apache.curator.framework.recipes.cache.PathChildrenCache$9.run(PathChildrenCache.java:786)
	at java.util.concurrent.Executors$RunnableAdapter.call(Executors.java:511)
	at java.util.concurrent.FutureTask.run(FutureTask.java:266)
	at java.util.concurrent.Executors$RunnableAdapter.call(Executors.java:511)
	at java.util.concurrent.FutureTask.run(FutureTask.java:266)
	at java.util.concurrent.ThreadPoolExecutor.runWorker(ThreadPoolExecutor.java:1149)
	at java.util.concurrent.ThreadPoolExecutor$Worker.run(ThreadPoolExecutor.java:624)
	at java.lang.Thread.run(Thread.java:748)
Heap
 def new generation   total 153600K, used 120470K [0x00000000e0c00000, 0x00000000eb2a0000, 0x00000000eb2a0000)
  eden space 136576K,  88% used [0x00000000e0c00000, 0x00000000e8192378, 0x00000000e9160000)
  from space 17024K,   0% used [0x00000000e9160000, 0x00000000e9173820, 0x00000000ea200000)
  to   space 17024K,   0% used [0x00000000ea200000, 0x00000000ea200000, 0x00000000eb2a0000)
 tenured generation   total 341376K, used 44389K [0x00000000eb2a0000, 0x0000000100000000, 0x0000000100000000)
   the space 341376K,  13% used [0x00000000eb2a0000, 0x00000000eddf9470, 0x00000000eddf9600, 0x0000000100000000)
 Metaspace       used 36243K, capacity 37126K, committed 37376K, reserved 1081344K
  class space    used 4872K, capacity 5075K, committed 5120K, reserved 1048576K
