08:07:47,623 |-INFO in ch.qos.logback.classic.LoggerContext[default] - Could NOT find resource [logback-test.xml]
08:07:47,623 |-INFO in ch.qos.logback.classic.LoggerContext[default] - Could NOT find resource [logback.groovy]
08:07:47,624 |-INFO in ch.qos.logback.classic.LoggerContext[default] - Found resource [logback.xml] at [jar:file:/root/flamestream/lib/flamestream-runtime-1.0-SNAPSHOT.jar!/logback.xml]
08:07:47,627 |-WARN in ch.qos.logback.classic.LoggerContext[default] - Resource [logback.xml] occurs multiple times on the classpath.
08:07:47,627 |-WARN in ch.qos.logback.classic.LoggerContext[default] - Resource [logback.xml] occurs at [jar:file:/root/flamestream/lib/flamestream-runtime-1.0-SNAPSHOT.jar!/logback.xml]
08:07:47,627 |-WARN in ch.qos.logback.classic.LoggerContext[default] - Resource [logback.xml] occurs at [jar:file:/root/flamestream/flamestream-runtime-1.0-SNAPSHOT.jar!/logback.xml]
08:07:47,647 |-INFO in ch.qos.logback.core.joran.spi.ConfigurationWatchList@3fb6a447 - URL [jar:file:/root/flamestream/lib/flamestream-runtime-1.0-SNAPSHOT.jar!/logback.xml] is not of type file
08:07:47,714 |-INFO in ch.qos.logback.classic.joran.action.ConfigurationAction - debug attribute not set
08:07:47,715 |-INFO in ch.qos.logback.core.joran.action.AppenderAction - About to instantiate appender of type [ch.qos.logback.core.ConsoleAppender]
08:07:47,731 |-INFO in ch.qos.logback.core.joran.action.AppenderAction - Naming appender as [STDOUT]
08:07:47,750 |-INFO in ch.qos.logback.core.joran.action.NestedComplexPropertyIA - Assuming default type [ch.qos.logback.classic.encoder.PatternLayoutEncoder] for [encoder] property
08:07:47,846 |-INFO in ch.qos.logback.core.joran.action.AppenderAction - About to instantiate appender of type [ch.qos.logback.core.rolling.RollingFileAppender]
08:07:47,851 |-INFO in ch.qos.logback.core.joran.action.AppenderAction - Naming appender as [FILE]
08:07:47,887 |-INFO in c.q.l.core.rolling.TimeBasedRollingPolicy@127618319 - No compression will be used
08:07:47,888 |-INFO in c.q.l.core.rolling.TimeBasedRollingPolicy@127618319 - Will use the pattern /tmp/application_%d{yyyy-MM-dd}.%i.log for the active file
08:07:47,891 |-INFO in ch.qos.logback.core.rolling.SizeAndTimeBasedFNATP@6b2fad11 - The date pattern is 'yyyy-MM-dd' from file name pattern '/tmp/application_%d{yyyy-MM-dd}.%i.log'.
08:07:47,891 |-INFO in ch.qos.logback.core.rolling.SizeAndTimeBasedFNATP@6b2fad11 - Roll-over at midnight.
08:07:47,897 |-INFO in ch.qos.logback.core.rolling.SizeAndTimeBasedFNATP@6b2fad11 - Setting initial period to Tue Jun 11 08:06:20 UTC 2019
08:07:47,897 |-WARN in ch.qos.logback.core.rolling.SizeAndTimeBasedFNATP@6b2fad11 - SizeAndTimeBasedFNATP is deprecated. Use SizeAndTimeBasedRollingPolicy instead
08:07:47,897 |-WARN in ch.qos.logback.core.rolling.SizeAndTimeBasedFNATP@6b2fad11 - For more information see http://logback.qos.ch/manual/appenders.html#SizeAndTimeBasedRollingPolicy
08:07:47,901 |-INFO in ch.qos.logback.core.joran.action.NestedComplexPropertyIA - Assuming default type [ch.qos.logback.classic.encoder.PatternLayoutEncoder] for [encoder] property
08:07:47,905 |-INFO in ch.qos.logback.core.rolling.RollingFileAppender[FILE] - Active log file name: /tmp/application.log
08:07:47,905 |-INFO in ch.qos.logback.core.rolling.RollingFileAppender[FILE] - File property is set to [/tmp/application.log]
08:07:47,906 |-INFO in ch.qos.logback.classic.joran.action.RootLoggerAction - Setting level of ROOT logger to WARN
08:07:47,906 |-INFO in ch.qos.logback.core.joran.action.AppenderRefAction - Attaching appender named [STDOUT] to Logger[ROOT]
08:07:47,908 |-INFO in ch.qos.logback.core.joran.action.AppenderRefAction - Attaching appender named [FILE] to Logger[ROOT]
08:07:47,908 |-INFO in ch.qos.logback.classic.joran.action.ConfigurationAction - End of configuration.
08:07:47,909 |-INFO in ch.qos.logback.classic.joran.JoranConfigurator@79698539 - Registering current configuration as safe fallback point

Ama winner
Ama winner
2019-06-11T08:07:49.178+0000: 1.734: [Full GC (Metadata GC Threshold) 2019-06-11T08:07:49.178+0000: 1.734: [Tenured: 0K->15143K(341376K), 0.0404167 secs] 114987K->15143K(494976K), [Metaspace: 20731K->20731K(1067008K)], 0.0404858 secs] [Times: user=0.03 sys=0.01, real=0.04 secs] 
08:08:05.798 [Curator-PathChildrenCache-1] WARN  o.a.c.u.ZKPaths  - The version of ZooKeeper being used doesn't support Container nodes. CreateMode.PERSISTENT will be used instead.
2019-06-11T08:08:07.961+0000: 20.516: [GC (Allocation Failure) 2019-06-11T08:08:07.961+0000: 20.516: [DefNew: 136576K->17023K(153600K), 0.0274618 secs] 151719K->52540K(494976K), 0.0275324 secs] [Times: user=0.02 sys=0.02, real=0.03 secs] 
2019-06-11T08:08:15.348+0000: 27.903: [GC (Allocation Failure) 2019-06-11T08:08:15.348+0000: 27.903: [DefNew: 153599K->277K(153600K), 0.0097459 secs] 189116K->44027K(494976K), 0.0098075 secs] [Times: user=0.01 sys=0.00, real=0.01 secs] 
2019-06-11T08:08:22.773+0000: 35.328: [GC (Allocation Failure) 2019-06-11T08:08:22.773+0000: 35.328: [DefNew: 136853K->263K(153600K), 0.0028917 secs] 180603K->44013K(494976K), 0.0029479 secs] [Times: user=0.00 sys=0.00, real=0.01 secs] 
2019-06-11T08:08:30.211+0000: 42.766: [GC (Allocation Failure) 2019-06-11T08:08:30.211+0000: 42.766: [DefNew: 136839K->260K(153600K), 0.0028767 secs] 180589K->44010K(494976K), 0.0029364 secs] [Times: user=0.00 sys=0.00, real=0.00 secs] 
2019-06-11T08:08:30.831+0000: 43.386: [Full GC (Metadata GC Threshold) 2019-06-11T08:08:30.831+0000: 43.386: [Tenured: 43750K->44006K(341376K), 0.0321117 secs] 56740K->44006K(494976K), [Metaspace: 34625K->34625K(1079296K)], 0.0321860 secs] [Times: user=0.03 sys=0.00, real=0.03 secs] 
2019-06-11T08:08:38.332+0000: 50.887: [GC (Allocation Failure) 2019-06-11T08:08:38.332+0000: 50.887: [DefNew: 136576K->49K(153600K), 0.0016665 secs] 180582K->44055K(494976K), 0.0017273 secs] [Times: user=0.00 sys=0.00, real=0.00 secs] 
2019-06-11T08:08:45.863+0000: 58.418: [GC (Allocation Failure) 2019-06-11T08:08:45.863+0000: 58.418: [DefNew: 136625K->49K(153600K), 0.0015405 secs] 180631K->44056K(494976K), 0.0016016 secs] [Times: user=0.00 sys=0.00, real=0.00 secs] 
08:09:00.813 [Curator-PathChildrenCache-0] ERROR o.a.c.f.r.c.PathChildrenCache  - 
java.lang.IllegalStateException: instance must be started before calling this method
	at org.apache.curator.shaded.com.google.common.base.Preconditions.checkState(Preconditions.java:444)
	at org.apache.curator.framework.imps.CuratorFrameworkImpl.getChildren(CuratorFrameworkImpl.java:456)
	at org.apache.curator.framework.recipes.cache.PathChildrenCache.refresh(PathChildrenCache.java:521)
	at org.apache.curator.framework.recipes.cache.RefreshOperation.invoke(RefreshOperation.java:35)
	at org.apache.curator.framework.recipes.cache.PathChildrenCache$9.run(PathChildrenCache.java:786)
	at java.util.concurrent.Executors$RunnableAdapter.call(Executors.java:511)
	at java.util.concurrent.FutureTask.run(FutureTask.java:266)
	at java.util.concurrent.Executors$RunnableAdapter.call(Executors.java:511)
	at java.util.concurrent.FutureTask.run(FutureTask.java:266)
	at java.util.concurrent.ThreadPoolExecutor.runWorker(ThreadPoolExecutor.java:1149)
	at java.util.concurrent.ThreadPoolExecutor$Worker.run(ThreadPoolExecutor.java:624)
	at java.lang.Thread.run(Thread.java:748)
Heap
 def new generation   total 153600K, used 110630K [0x00000000e0c00000, 0x00000000eb2a0000, 0x00000000eb2a0000)
  eden space 136576K,  80% used [0x00000000e0c00000, 0x00000000e77fd590, 0x00000000e9160000)
  from space 17024K,   0% used [0x00000000e9160000, 0x00000000e916c5c0, 0x00000000ea200000)
  to   space 17024K,   0% used [0x00000000ea200000, 0x00000000ea200000, 0x00000000eb2a0000)
 tenured generation   total 341376K, used 44006K [0x00000000eb2a0000, 0x0000000100000000, 0x0000000100000000)
   the space 341376K,  12% used [0x00000000eb2a0000, 0x00000000edd99b18, 0x00000000edd99c00, 0x0000000100000000)
 Metaspace       used 35872K, capacity 36724K, committed 36864K, reserved 1081344K
  class space    used 4856K, capacity 5072K, committed 5120K, reserved 1048576K
