06:09:49,722 |-INFO in ch.qos.logback.classic.LoggerContext[default] - Could NOT find resource [logback-test.xml]
06:09:49,723 |-INFO in ch.qos.logback.classic.LoggerContext[default] - Could NOT find resource [logback.groovy]
06:09:49,723 |-INFO in ch.qos.logback.classic.LoggerContext[default] - Found resource [logback.xml] at [jar:file:/home/nikitasokolov/flamestream/lib/flamestream-runtime-1.0-SNAPSHOT.jar!/logback.xml]
06:09:49,723 |-WARN in ch.qos.logback.classic.LoggerContext[default] - Resource [logback.xml] occurs multiple times on the classpath.
06:09:49,724 |-WARN in ch.qos.logback.classic.LoggerContext[default] - Resource [logback.xml] occurs at [jar:file:/home/nikitasokolov/flamestream/lib/flamestream-runtime-1.0-SNAPSHOT.jar!/logback.xml]
06:09:49,724 |-WARN in ch.qos.logback.classic.LoggerContext[default] - Resource [logback.xml] occurs at [jar:file:/home/nikitasokolov/flamestream/flamestream-runtime-1.0-SNAPSHOT.jar!/logback.xml]
06:09:49,740 |-INFO in ch.qos.logback.core.joran.spi.ConfigurationWatchList@6108b2d7 - URL [jar:file:/home/nikitasokolov/flamestream/lib/flamestream-runtime-1.0-SNAPSHOT.jar!/logback.xml] is not of type file
06:09:49,789 |-INFO in ch.qos.logback.classic.joran.action.ConfigurationAction - debug attribute not set
06:09:49,790 |-INFO in ch.qos.logback.core.joran.action.AppenderAction - About to instantiate appender of type [ch.qos.logback.core.ConsoleAppender]
06:09:49,799 |-INFO in ch.qos.logback.core.joran.action.AppenderAction - Naming appender as [STDOUT]
06:09:49,807 |-INFO in ch.qos.logback.core.joran.action.NestedComplexPropertyIA - Assuming default type [ch.qos.logback.classic.encoder.PatternLayoutEncoder] for [encoder] property
06:09:49,864 |-INFO in ch.qos.logback.core.joran.action.AppenderAction - About to instantiate appender of type [ch.qos.logback.core.rolling.RollingFileAppender]
06:09:49,870 |-INFO in ch.qos.logback.core.joran.action.AppenderAction - Naming appender as [FILE]
06:09:49,892 |-INFO in c.q.l.core.rolling.TimeBasedRollingPolicy@357863579 - No compression will be used
06:09:49,894 |-INFO in c.q.l.core.rolling.TimeBasedRollingPolicy@357863579 - Will use the pattern /tmp/application_%d{yyyy-MM-dd}.%i.log for the active file
06:09:49,896 |-INFO in ch.qos.logback.core.rolling.SizeAndTimeBasedFNATP@6bf256fa - The date pattern is 'yyyy-MM-dd' from file name pattern '/tmp/application_%d{yyyy-MM-dd}.%i.log'.
06:09:49,897 |-INFO in ch.qos.logback.core.rolling.SizeAndTimeBasedFNATP@6bf256fa - Roll-over at midnight.
06:09:49,901 |-INFO in ch.qos.logback.core.rolling.SizeAndTimeBasedFNATP@6bf256fa - Setting initial period to Sun Jun 09 06:09:04 MSK 2019
06:09:49,901 |-WARN in ch.qos.logback.core.rolling.SizeAndTimeBasedFNATP@6bf256fa - SizeAndTimeBasedFNATP is deprecated. Use SizeAndTimeBasedRollingPolicy instead
06:09:49,901 |-WARN in ch.qos.logback.core.rolling.SizeAndTimeBasedFNATP@6bf256fa - For more information see http://logback.qos.ch/manual/appenders.html#SizeAndTimeBasedRollingPolicy
06:09:49,905 |-INFO in ch.qos.logback.core.joran.action.NestedComplexPropertyIA - Assuming default type [ch.qos.logback.classic.encoder.PatternLayoutEncoder] for [encoder] property
06:09:49,908 |-INFO in ch.qos.logback.core.rolling.RollingFileAppender[FILE] - Active log file name: /tmp/application.log
06:09:49,908 |-INFO in ch.qos.logback.core.rolling.RollingFileAppender[FILE] - File property is set to [/tmp/application.log]
06:09:49,909 |-INFO in ch.qos.logback.classic.joran.action.RootLoggerAction - Setting level of ROOT logger to WARN
06:09:49,909 |-INFO in ch.qos.logback.core.joran.action.AppenderRefAction - Attaching appender named [STDOUT] to Logger[ROOT]
06:09:49,909 |-INFO in ch.qos.logback.core.joran.action.AppenderRefAction - Attaching appender named [FILE] to Logger[ROOT]
06:09:49,909 |-INFO in ch.qos.logback.classic.joran.action.ConfigurationAction - End of configuration.
06:09:49,910 |-INFO in ch.qos.logback.classic.joran.JoranConfigurator@6cd8737 - Registering current configuration as safe fallback point

2019-06-09T06:09:50.890+0300: 1.364: [GC (Metadata GC Threshold) [PSYoungGen: 110722K->15921K(149504K)] 110722K->16001K(491008K), 0.0261789 secs] [Times: user=0.07 sys=0.07, real=0.02 secs] 
2019-06-09T06:09:50.917+0300: 1.390: [Full GC (Metadata GC Threshold) [PSYoungGen: 15921K->0K(149504K)] [ParOldGen: 80K->15078K(341504K)] 16001K->15078K(491008K), [Metaspace: 20800K->20800K(1067008K)], 0.0265188 secs] [Times: user=0.16 sys=0.02, real=0.03 secs] 
06:09:59.263 [Curator-PathChildrenCache-1] WARN  o.a.c.u.ZKPaths  - The version of ZooKeeper being used doesn't support Container nodes. CreateMode.PERSISTENT will be used instead.
2019-06-09T06:10:00.174+0300: 10.648: [GC (Metadata GC Threshold) [PSYoungGen: 124502K->20987K(149504K)] 139581K->50004K(491008K), 0.0265381 secs] [Times: user=0.31 sys=0.02, real=0.03 secs] 
2019-06-09T06:10:00.201+0300: 10.675: [Full GC (Metadata GC Threshold) [PSYoungGen: 20987K->0K(149504K)] [ParOldGen: 29016K->38914K(341504K)] 50004K->38914K(491008K), [Metaspace: 34561K->34561K(1079296K)], 0.0372899 secs] [Times: user=0.18 sys=0.01, real=0.04 secs] 
2019-06-09T06:10:02.392+0300: 12.866: [GC (Allocation Failure) [PSYoungGen: 128512K->576K(149504K)] 167426K->39498K(491008K), 0.0028399 secs] [Times: user=0.01 sys=0.01, real=0.00 secs] 
2019-06-09T06:10:04.111+0300: 14.585: [GC (Allocation Failure) [PSYoungGen: 129088K->512K(149504K)] 168010K->39442K(491008K), 0.0026220 secs] [Times: user=0.02 sys=0.00, real=0.00 secs] 
2019-06-09T06:10:05.844+0300: 16.317: [GC (Allocation Failure) [PSYoungGen: 129024K->736K(129536K)] 167954K->39674K(471040K), 0.0047690 secs] [Times: user=0.03 sys=0.01, real=0.00 secs] 
2019-06-09T06:10:07.465+0300: 17.939: [GC (Allocation Failure) [PSYoungGen: 129248K->672K(132608K)] 168186K->39610K(474112K), 0.0563188 secs] [Times: user=0.02 sys=0.01, real=0.06 secs] 
2019-06-09T06:10:08.659+0300: 19.133: [GC (Allocation Failure) [PSYoungGen: 93344K->640K(130560K)] 132282K->39578K(472064K), 0.0034517 secs] [Times: user=0.01 sys=0.00, real=0.00 secs] 
2019-06-09T06:10:09.612+0300: 20.085: [GC (Allocation Failure) [PSYoungGen: 93312K->608K(136704K)] 132250K->39554K(478208K), 0.0029115 secs] [Times: user=0.01 sys=0.00, real=0.00 secs] 
2019-06-09T06:10:10.747+0300: 21.221: [GC (Allocation Failure) [PSYoungGen: 101984K->544K(135168K)] 140930K->39490K(476672K), 0.0030929 secs] [Times: user=0.01 sys=0.00, real=0.01 secs] 
2019-06-09T06:10:11.595+0300: 22.069: [GC (Allocation Failure) [PSYoungGen: 101920K->640K(140288K)] 140866K->39586K(481792K), 0.0037309 secs] [Times: user=0.03 sys=0.01, real=0.01 secs] 
2019-06-09T06:10:12.827+0300: 23.301: [GC (Allocation Failure) [PSYoungGen: 109184K->640K(138752K)] 148130K->39586K(480256K), 0.0608005 secs] [Times: user=0.02 sys=0.00, real=0.06 secs] 
2019-06-09T06:10:13.735+0300: 24.208: [GC (Allocation Failure) [PSYoungGen: 109184K->608K(143360K)] 148130K->39562K(484864K), 0.0042323 secs] [Times: user=0.03 sys=0.00, real=0.01 secs] 
2019-06-09T06:10:14.748+0300: 25.222: [GC (Allocation Failure) [PSYoungGen: 115296K->640K(141824K)] 154250K->39602K(483328K), 0.0026502 secs] [Times: user=0.01 sys=0.00, real=0.01 secs] 
2019-06-09T06:10:15.899+0300: 26.372: [GC (Allocation Failure) [PSYoungGen: 115328K->736K(146432K)] 154290K->39698K(487936K), 0.0032549 secs] [Times: user=0.01 sys=0.00, real=0.00 secs] 
2019-06-09T06:10:17.219+0300: 27.693: [GC (Allocation Failure) [PSYoungGen: 121568K->704K(144896K)] 160530K->39674K(486400K), 0.0027346 secs] [Times: user=0.01 sys=0.00, real=0.00 secs] 
2019-06-09T06:10:18.698+0300: 29.172: [GC (Allocation Failure) [PSYoungGen: 121536K->576K(148992K)] 160506K->39546K(490496K), 0.0036585 secs] [Times: user=0.02 sys=0.00, real=0.00 secs] 
2019-06-09T06:10:20.134+0300: 30.608: [GC (Allocation Failure) [PSYoungGen: 127040K->576K(147968K)] 166010K->39554K(489472K), 0.0036262 secs] [Times: user=0.01 sys=0.00, real=0.01 secs] 
2019-06-09T06:10:22.428+0300: 32.902: [GC (Allocation Failure) [PSYoungGen: 127040K->288K(151552K)] 166018K->39506K(493056K), 0.0030331 secs] [Times: user=0.01 sys=0.00, real=0.01 secs] 
06:10:30.200 [Curator-PathChildrenCache-0] ERROR o.a.c.f.r.c.PathChildrenCache  - 
java.lang.IllegalStateException: instance must be started before calling this method
	at org.apache.curator.shaded.com.google.common.base.Preconditions.checkState(Preconditions.java:444)
	at org.apache.curator.framework.imps.CuratorFrameworkImpl.getChildren(CuratorFrameworkImpl.java:456)
	at org.apache.curator.framework.recipes.cache.PathChildrenCache.refresh(PathChildrenCache.java:521)
	at org.apache.curator.framework.recipes.cache.RefreshOperation.invoke(RefreshOperation.java:35)
	at org.apache.curator.framework.recipes.cache.PathChildrenCache$9.run(PathChildrenCache.java:786)
	at java.util.concurrent.Executors$RunnableAdapter.call(Executors.java:511)
	at java.util.concurrent.FutureTask.run(FutureTask.java:266)
	at java.util.concurrent.Executors$RunnableAdapter.call(Executors.java:511)
	at java.util.concurrent.FutureTask.run(FutureTask.java:266)
	at java.util.concurrent.ThreadPoolExecutor.runWorker(ThreadPoolExecutor.java:1149)
	at java.util.concurrent.ThreadPoolExecutor$Worker.run(ThreadPoolExecutor.java:624)
	at java.lang.Thread.run(Thread.java:748)
Heap
 PSYoungGen      total 151552K, used 115545K [0x00000000f5980000, 0x0000000100000000, 0x0000000100000000)
  eden space 131584K, 87% used [0x00000000f5980000,0x00000000fca0e458,0x00000000fda00000)
  from space 19968K, 1% used [0x00000000fec80000,0x00000000fecc8010,0x0000000100000000)
  to   space 18944K, 0% used [0x00000000fda00000,0x00000000fda00000,0x00000000fec80000)
 ParOldGen       total 341504K, used 39218K [0x00000000e0c00000, 0x00000000f5980000, 0x00000000f5980000)
  object space 341504K, 11% used [0x00000000e0c00000,0x00000000e324cb90,0x00000000f5980000)
 Metaspace       used 35767K, capacity 36614K, committed 36952K, reserved 1081344K
  class space    used 4935K, capacity 5129K, committed 5248K, reserved 1048576K
