19:11:48,749 |-INFO in ch.qos.logback.classic.LoggerContext[default] - Could NOT find resource [logback-test.xml]
19:11:48,750 |-INFO in ch.qos.logback.classic.LoggerContext[default] - Could NOT find resource [logback.groovy]
19:11:48,750 |-INFO in ch.qos.logback.classic.LoggerContext[default] - Found resource [logback.xml] at [jar:file:/root/flamestream/lib/flamestream-runtime-1.0-SNAPSHOT.jar!/logback.xml]
19:11:48,751 |-WARN in ch.qos.logback.classic.LoggerContext[default] - Resource [logback.xml] occurs multiple times on the classpath.
19:11:48,751 |-WARN in ch.qos.logback.classic.LoggerContext[default] - Resource [logback.xml] occurs at [jar:file:/root/flamestream/lib/flamestream-runtime-1.0-SNAPSHOT.jar!/logback.xml]
19:11:48,751 |-WARN in ch.qos.logback.classic.LoggerContext[default] - Resource [logback.xml] occurs at [jar:file:/root/flamestream/flamestream-runtime-1.0-SNAPSHOT.jar!/logback.xml]
19:11:48,772 |-INFO in ch.qos.logback.core.joran.spi.ConfigurationWatchList@3fb6a447 - URL [jar:file:/root/flamestream/lib/flamestream-runtime-1.0-SNAPSHOT.jar!/logback.xml] is not of type file
19:11:48,845 |-INFO in ch.qos.logback.classic.joran.action.ConfigurationAction - debug attribute not set
19:11:48,846 |-INFO in ch.qos.logback.core.joran.action.AppenderAction - About to instantiate appender of type [ch.qos.logback.core.ConsoleAppender]
19:11:48,858 |-INFO in ch.qos.logback.core.joran.action.AppenderAction - Naming appender as [STDOUT]
19:11:48,876 |-INFO in ch.qos.logback.core.joran.action.NestedComplexPropertyIA - Assuming default type [ch.qos.logback.classic.encoder.PatternLayoutEncoder] for [encoder] property
19:11:48,965 |-INFO in ch.qos.logback.core.joran.action.AppenderAction - About to instantiate appender of type [ch.qos.logback.core.rolling.RollingFileAppender]
19:11:48,970 |-INFO in ch.qos.logback.core.joran.action.AppenderAction - Naming appender as [FILE]
19:11:49,003 |-INFO in c.q.l.core.rolling.TimeBasedRollingPolicy@127618319 - No compression will be used
19:11:49,004 |-INFO in c.q.l.core.rolling.TimeBasedRollingPolicy@127618319 - Will use the pattern /tmp/application_%d{yyyy-MM-dd}.%i.log for the active file
19:11:49,007 |-INFO in ch.qos.logback.core.rolling.SizeAndTimeBasedFNATP@6b2fad11 - The date pattern is 'yyyy-MM-dd' from file name pattern '/tmp/application_%d{yyyy-MM-dd}.%i.log'.
19:11:49,007 |-INFO in ch.qos.logback.core.rolling.SizeAndTimeBasedFNATP@6b2fad11 - Roll-over at midnight.
19:11:49,012 |-INFO in ch.qos.logback.core.rolling.SizeAndTimeBasedFNATP@6b2fad11 - Setting initial period to Mon Jun 10 19:10:24 UTC 2019
19:11:49,012 |-WARN in ch.qos.logback.core.rolling.SizeAndTimeBasedFNATP@6b2fad11 - SizeAndTimeBasedFNATP is deprecated. Use SizeAndTimeBasedRollingPolicy instead
19:11:49,012 |-WARN in ch.qos.logback.core.rolling.SizeAndTimeBasedFNATP@6b2fad11 - For more information see http://logback.qos.ch/manual/appenders.html#SizeAndTimeBasedRollingPolicy
19:11:49,016 |-INFO in ch.qos.logback.core.joran.action.NestedComplexPropertyIA - Assuming default type [ch.qos.logback.classic.encoder.PatternLayoutEncoder] for [encoder] property
19:11:49,021 |-INFO in ch.qos.logback.core.rolling.RollingFileAppender[FILE] - Active log file name: /tmp/application.log
19:11:49,021 |-INFO in ch.qos.logback.core.rolling.RollingFileAppender[FILE] - File property is set to [/tmp/application.log]
19:11:49,022 |-INFO in ch.qos.logback.classic.joran.action.RootLoggerAction - Setting level of ROOT logger to WARN
19:11:49,022 |-INFO in ch.qos.logback.core.joran.action.AppenderRefAction - Attaching appender named [STDOUT] to Logger[ROOT]
19:11:49,024 |-INFO in ch.qos.logback.core.joran.action.AppenderRefAction - Attaching appender named [FILE] to Logger[ROOT]
19:11:49,024 |-INFO in ch.qos.logback.classic.joran.action.ConfigurationAction - End of configuration.
19:11:49,024 |-INFO in ch.qos.logback.classic.joran.JoranConfigurator@79698539 - Registering current configuration as safe fallback point

Ama winner
Ama winner
2019-06-10T19:11:50.654+0000: 2.087: [Full GC (Metadata GC Threshold) 2019-06-10T19:11:50.654+0000: 2.087: [Tenured: 0K->15176K(341376K), 0.0388657 secs] 117783K->15176K(494976K), [Metaspace: 20740K->20740K(1067008K)], 0.0389360 secs] [Times: user=0.04 sys=0.01, real=0.04 secs] 
19:12:10.183 [Curator-PathChildrenCache-1] WARN  o.a.c.u.ZKPaths  - The version of ZooKeeper being used doesn't support Container nodes. CreateMode.PERSISTENT will be used instead.
2019-06-10T19:12:12.341+0000: 23.775: [GC (Allocation Failure) 2019-06-10T19:12:12.342+0000: 23.775: [DefNew: 136576K->17024K(153600K), 0.0295296 secs] 151752K->52560K(494976K), 0.0296054 secs] [Times: user=0.03 sys=0.00, real=0.03 secs] 
2019-06-10T19:12:18.976+0000: 30.409: [Full GC (Metadata GC Threshold) 2019-06-10T19:12:18.976+0000: 30.410: [Tenured: 35536K->44152K(341376K), 0.0596100 secs] 163017K->44152K(494976K), [Metaspace: 34615K->34615K(1079296K)], 0.0596935 secs] [Times: user=0.06 sys=0.00, real=0.06 secs] 
2019-06-10T19:12:27.207+0000: 38.640: [GC (Allocation Failure) 2019-06-10T19:12:27.207+0000: 38.640: [DefNew: 136576K->51K(153600K), 0.0016982 secs] 180728K->44203K(494976K), 0.0017600 secs] [Times: user=0.00 sys=0.00, real=0.00 secs] 
2019-06-10T19:12:35.527+0000: 46.960: [GC (Allocation Failure) 2019-06-10T19:12:35.527+0000: 46.960: [DefNew: 136627K->50K(153600K), 0.0016472 secs] 180779K->44203K(494976K), 0.0017084 secs] [Times: user=0.00 sys=0.00, real=0.00 secs] 
2019-06-10T19:12:43.848+0000: 55.281: [GC (Allocation Failure) 2019-06-10T19:12:43.848+0000: 55.281: [DefNew: 136626K->51K(153600K), 0.0016288 secs] 180779K->44204K(494976K), 0.0016886 secs] [Times: user=0.00 sys=0.00, real=0.00 secs] 
2019-06-10T19:12:52.271+0000: 63.705: [GC (Allocation Failure) 2019-06-10T19:12:52.271+0000: 63.705: [DefNew: 136627K->378K(153600K), 0.0021162 secs] 180780K->44530K(494976K), 0.0029664 secs] [Times: user=0.00 sys=0.01, real=0.00 secs] 
2019-06-10T19:13:02.081+0000: 73.514: [GC (Allocation Failure) 2019-06-10T19:13:02.081+0000: 73.514: [DefNew: 136954K->142K(153600K), 0.0020804 secs] 181106K->44295K(494976K), 0.0021758 secs] [Times: user=0.00 sys=0.00, real=0.00 secs] 
19:13:19.176 [Curator-PathChildrenCache-0] ERROR o.a.c.f.r.c.PathChildrenCache  - 
java.lang.IllegalStateException: instance must be started before calling this method
	at org.apache.curator.shaded.com.google.common.base.Preconditions.checkState(Preconditions.java:444)
	at org.apache.curator.framework.imps.CuratorFrameworkImpl.getChildren(CuratorFrameworkImpl.java:456)
	at org.apache.curator.framework.recipes.cache.PathChildrenCache.refresh(PathChildrenCache.java:521)
	at org.apache.curator.framework.recipes.cache.RefreshOperation.invoke(RefreshOperation.java:35)
	at org.apache.curator.framework.recipes.cache.PathChildrenCache$9.run(PathChildrenCache.java:786)
	at java.util.concurrent.Executors$RunnableAdapter.call(Executors.java:511)
	at java.util.concurrent.FutureTask.run(FutureTask.java:266)
	at java.util.concurrent.Executors$RunnableAdapter.call(Executors.java:511)
	at java.util.concurrent.FutureTask.run(FutureTask.java:266)
	at java.util.concurrent.ThreadPoolExecutor.runWorker(ThreadPoolExecutor.java:1149)
	at java.util.concurrent.ThreadPoolExecutor$Worker.run(ThreadPoolExecutor.java:624)
	at java.lang.Thread.run(Thread.java:748)
Heap
 def new generation   total 153600K, used 122358K [0x00000000e0c00000, 0x00000000eb2a0000, 0x00000000eb2a0000)
  eden space 136576K,  89% used [0x00000000e0c00000, 0x00000000e8359eb8, 0x00000000e9160000)
  from space 17024K,   0% used [0x00000000e9160000, 0x00000000e9183a80, 0x00000000ea200000)
  to   space 17024K,   0% used [0x00000000ea200000, 0x00000000ea200000, 0x00000000eb2a0000)
 tenured generation   total 341376K, used 44152K [0x00000000eb2a0000, 0x0000000100000000, 0x0000000100000000)
   the space 341376K,  12% used [0x00000000eb2a0000, 0x00000000eddbe208, 0x00000000eddbe400, 0x0000000100000000)
 Metaspace       used 36145K, capacity 37056K, committed 37376K, reserved 1081344K
  class space    used 4860K, capacity 5074K, committed 5120K, reserved 1048576K
