00:56:29,177 |-INFO in ch.qos.logback.classic.LoggerContext[default] - Could NOT find resource [logback-test.xml]
00:56:29,177 |-INFO in ch.qos.logback.classic.LoggerContext[default] - Could NOT find resource [logback.groovy]
00:56:29,177 |-INFO in ch.qos.logback.classic.LoggerContext[default] - Found resource [logback.xml] at [jar:file:/home/nikitasokolov/flamestream/lib/flamestream-runtime-1.0-SNAPSHOT.jar!/logback.xml]
00:56:29,178 |-WARN in ch.qos.logback.classic.LoggerContext[default] - Resource [logback.xml] occurs multiple times on the classpath.
00:56:29,178 |-WARN in ch.qos.logback.classic.LoggerContext[default] - Resource [logback.xml] occurs at [jar:file:/home/nikitasokolov/flamestream/lib/flamestream-runtime-1.0-SNAPSHOT.jar!/logback.xml]
00:56:29,178 |-WARN in ch.qos.logback.classic.LoggerContext[default] - Resource [logback.xml] occurs at [jar:file:/home/nikitasokolov/flamestream/flamestream-runtime-1.0-SNAPSHOT.jar!/logback.xml]
00:56:29,195 |-INFO in ch.qos.logback.core.joran.spi.ConfigurationWatchList@6bf256fa - URL [jar:file:/home/nikitasokolov/flamestream/lib/flamestream-runtime-1.0-SNAPSHOT.jar!/logback.xml] is not of type file
00:56:29,248 |-INFO in ch.qos.logback.classic.joran.action.ConfigurationAction - debug attribute not set
00:56:29,248 |-INFO in ch.qos.logback.core.joran.action.AppenderAction - About to instantiate appender of type [ch.qos.logback.core.ConsoleAppender]
00:56:29,256 |-INFO in ch.qos.logback.core.joran.action.AppenderAction - Naming appender as [STDOUT]
00:56:29,263 |-INFO in ch.qos.logback.core.joran.action.NestedComplexPropertyIA - Assuming default type [ch.qos.logback.classic.encoder.PatternLayoutEncoder] for [encoder] property
00:56:29,320 |-INFO in ch.qos.logback.core.joran.action.AppenderAction - About to instantiate appender of type [ch.qos.logback.core.rolling.RollingFileAppender]
00:56:29,325 |-INFO in ch.qos.logback.core.joran.action.AppenderAction - Naming appender as [FILE]
00:56:29,347 |-INFO in c.q.l.core.rolling.TimeBasedRollingPolicy@114132791 - No compression will be used
00:56:29,349 |-INFO in c.q.l.core.rolling.TimeBasedRollingPolicy@114132791 - Will use the pattern /tmp/application_%d{yyyy-MM-dd}.%i.log for the active file
00:56:29,352 |-INFO in ch.qos.logback.core.rolling.SizeAndTimeBasedFNATP@22f71333 - The date pattern is 'yyyy-MM-dd' from file name pattern '/tmp/application_%d{yyyy-MM-dd}.%i.log'.
00:56:29,352 |-INFO in ch.qos.logback.core.rolling.SizeAndTimeBasedFNATP@22f71333 - Roll-over at midnight.
00:56:29,356 |-INFO in ch.qos.logback.core.rolling.SizeAndTimeBasedFNATP@22f71333 - Setting initial period to Thu Jun 06 22:00:24 MSK 2019
00:56:29,356 |-WARN in ch.qos.logback.core.rolling.SizeAndTimeBasedFNATP@22f71333 - SizeAndTimeBasedFNATP is deprecated. Use SizeAndTimeBasedRollingPolicy instead
00:56:29,356 |-WARN in ch.qos.logback.core.rolling.SizeAndTimeBasedFNATP@22f71333 - For more information see http://logback.qos.ch/manual/appenders.html#SizeAndTimeBasedRollingPolicy
00:56:29,360 |-INFO in ch.qos.logback.core.joran.action.NestedComplexPropertyIA - Assuming default type [ch.qos.logback.classic.encoder.PatternLayoutEncoder] for [encoder] property
00:56:29,363 |-INFO in ch.qos.logback.core.rolling.RollingFileAppender[FILE] - Active log file name: /tmp/application.log
00:56:29,363 |-INFO in ch.qos.logback.core.rolling.RollingFileAppender[FILE] - File property is set to [/tmp/application.log]
00:56:29,364 |-ERROR in ch.qos.logback.core.rolling.RollingFileAppender[FILE] - openFile(/tmp/application.log,true) call failed. java.io.FileNotFoundException: /tmp/application.log (Permission denied)
	at java.io.FileNotFoundException: /tmp/application.log (Permission denied)
	at 	at java.io.FileOutputStream.open0(Native Method)
	at 	at java.io.FileOutputStream.open(FileOutputStream.java:270)
	at 	at java.io.FileOutputStream.<init>(FileOutputStream.java:213)
	at 	at ch.qos.logback.core.recovery.ResilientFileOutputStream.<init>(ResilientFileOutputStream.java:26)
	at 	at ch.qos.logback.core.FileAppender.openFile(FileAppender.java:204)
	at 	at ch.qos.logback.core.FileAppender.start(FileAppender.java:127)
	at 	at ch.qos.logback.core.rolling.RollingFileAppender.start(RollingFileAppender.java:100)
	at 	at ch.qos.logback.core.joran.action.AppenderAction.end(AppenderAction.java:90)
	at 	at ch.qos.logback.core.joran.spi.Interpreter.callEndAction(Interpreter.java:309)
	at 	at ch.qos.logback.core.joran.spi.Interpreter.endElement(Interpreter.java:193)
	at 	at ch.qos.logback.core.joran.spi.Interpreter.endElement(Interpreter.java:179)
	at 	at ch.qos.logback.core.joran.spi.EventPlayer.play(EventPlayer.java:62)
	at 	at ch.qos.logback.core.joran.GenericConfigurator.doConfigure(GenericConfigurator.java:165)
	at 	at ch.qos.logback.core.joran.GenericConfigurator.doConfigure(GenericConfigurator.java:152)
	at 	at ch.qos.logback.core.joran.GenericConfigurator.doConfigure(GenericConfigurator.java:110)
	at 	at ch.qos.logback.core.joran.GenericConfigurator.doConfigure(GenericConfigurator.java:53)
	at 	at ch.qos.logback.classic.util.ContextInitializer.configureByResource(ContextInitializer.java:75)
	at 	at ch.qos.logback.classic.util.ContextInitializer.autoConfig(ContextInitializer.java:150)
	at 	at org.slf4j.impl.StaticLoggerBinder.init(StaticLoggerBinder.java:84)
	at 	at org.slf4j.impl.StaticLoggerBinder.<clinit>(StaticLoggerBinder.java:55)
	at 	at org.slf4j.LoggerFactory.bind(LoggerFactory.java:150)
	at 	at org.slf4j.LoggerFactory.performInitialization(LoggerFactory.java:124)
	at 	at org.slf4j.LoggerFactory.getILoggerFactory(LoggerFactory.java:412)
	at 	at org.slf4j.LoggerFactory.getLogger(LoggerFactory.java:357)
	at 	at org.slf4j.LoggerFactory.getLogger(LoggerFactory.java:383)
	at 	at com.spbsu.flamestream.runtime.WorkerApplication.<init>(WorkerApplication.java:26)
	at 	at com.spbsu.flamestream.runtime.WorkerApplication.main(WorkerApplication.java:68)
00:56:29,364 |-INFO in ch.qos.logback.classic.joran.action.RootLoggerAction - Setting level of ROOT logger to WARN
00:56:29,364 |-INFO in ch.qos.logback.core.joran.action.AppenderRefAction - Attaching appender named [STDOUT] to Logger[ROOT]
00:56:29,364 |-INFO in ch.qos.logback.core.joran.action.AppenderRefAction - Attaching appender named [FILE] to Logger[ROOT]
00:56:29,365 |-INFO in ch.qos.logback.classic.joran.action.ConfigurationAction - End of configuration.
00:56:29,365 |-INFO in ch.qos.logback.classic.joran.JoranConfigurator@3498ed - Registering current configuration as safe fallback point

2019-06-09T00:56:30.397+0300: 1.410: [GC (Metadata GC Threshold) [PSYoungGen: 95231K->15824K(149504K)] 95231K->15904K(491008K), 0.0241942 secs] [Times: user=0.16 sys=0.04, real=0.02 secs] 
2019-06-09T00:56:30.421+0300: 1.434: [Full GC (Metadata GC Threshold) [PSYoungGen: 15824K->0K(149504K)] [ParOldGen: 80K->14984K(341504K)] 15904K->14984K(491008K), [Metaspace: 20804K->20804K(1067008K)], 0.0249797 secs] [Times: user=0.16 sys=0.00, real=0.03 secs] 
00:56:41.741 [Curator-PathChildrenCache-2] WARN  o.a.c.u.ZKPaths  - The version of ZooKeeper being used doesn't support Container nodes. CreateMode.PERSISTENT will be used instead.
2019-06-09T00:56:42.416+0300: 13.429: [GC (Allocation Failure) [PSYoungGen: 128512K->20971K(149504K)] 143496K->50889K(491008K), 0.0209648 secs] [Times: user=0.16 sys=0.04, real=0.02 secs] 
2019-06-09T00:56:42.461+0300: 13.474: [GC (Metadata GC Threshold) [PSYoungGen: 28514K->20971K(149504K)] 58432K->51017K(491008K), 0.0105198 secs] [Times: user=0.12 sys=0.00, real=0.01 secs] 
2019-06-09T00:56:42.472+0300: 13.485: [Full GC (Metadata GC Threshold) [PSYoungGen: 20971K->0K(149504K)] [ParOldGen: 30046K->36242K(341504K)] 51017K->36242K(491008K), [Metaspace: 34458K->34455K(1079296K)], 0.0340744 secs] [Times: user=0.17 sys=0.00, real=0.04 secs] 
2019-06-09T00:56:45.801+0300: 16.814: [GC (Allocation Failure) [PSYoungGen: 128512K->640K(149504K)] 164754K->36890K(491008K), 0.0041182 secs] [Times: user=0.02 sys=0.01, real=0.01 secs] 
2019-06-09T00:56:49.431+0300: 20.444: [GC (Allocation Failure) [PSYoungGen: 129152K->640K(129536K)] 165402K->36898K(471040K), 0.0029307 secs] [Times: user=0.02 sys=0.00, real=0.00 secs] 
2019-06-09T00:56:53.101+0300: 24.114: [GC (Allocation Failure) [PSYoungGen: 129152K->672K(128512K)] 165410K->36938K(470016K), 0.0040012 secs] [Times: user=0.01 sys=0.02, real=0.01 secs] 
2019-06-09T00:56:55.565+0300: 26.578: [GC (Allocation Failure) [PSYoungGen: 88224K->736K(129024K)] 124490K->37010K(470528K), 0.0027835 secs] [Times: user=0.01 sys=0.01, real=0.00 secs] 
2019-06-09T00:56:58.097+0300: 29.110: [GC (Allocation Failure) [PSYoungGen: 88288K->352K(132096K)] 124562K->37082K(473600K), 0.0038532 secs] [Times: user=0.01 sys=0.02, real=0.00 secs] 
2019-06-09T00:57:00.764+0300: 31.777: [GC (Allocation Failure) [PSYoungGen: 92512K->256K(130560K)] 129242K->37042K(472064K), 0.0033251 secs] [Times: user=0.02 sys=0.00, real=0.00 secs] 
2019-06-09T00:57:03.409+0300: 34.422: [GC (Allocation Failure) [PSYoungGen: 92416K->224K(134656K)] 129202K->37050K(476160K), 0.1183302 secs] [Times: user=0.01 sys=0.00, real=0.12 secs] 
2019-06-09T00:57:06.228+0300: 37.241: [GC (Allocation Failure) [PSYoungGen: 97504K->224K(133120K)] 134330K->37098K(474624K), 0.0025841 secs] [Times: user=0.00 sys=0.01, real=0.00 secs] 
2019-06-09T00:57:09.035+0300: 40.048: [GC (Allocation Failure) [PSYoungGen: 97504K->192K(137728K)] 134378K->37122K(479232K), 0.0805567 secs] [Times: user=0.02 sys=0.01, real=0.08 secs] 
2019-06-09T00:57:12.035+0300: 43.047: [GC (Allocation Failure) [PSYoungGen: 103616K->224K(136192K)] 140546K->37154K(477696K), 0.0028302 secs] [Times: user=0.01 sys=0.00, real=0.00 secs] 
2019-06-09T00:57:15.015+0300: 46.028: [GC (Allocation Failure) [PSYoungGen: 103648K->256K(140800K)] 140578K->37186K(482304K), 0.0564039 secs] [Times: user=0.02 sys=0.00, real=0.05 secs] 
2019-06-09T00:57:18.161+0300: 49.174: [GC (Allocation Failure) [PSYoungGen: 109824K->192K(139264K)] 146754K->37122K(480768K), 0.0033671 secs] [Times: user=0.02 sys=0.00, real=0.01 secs] 
2019-06-09T00:57:21.338+0300: 52.350: [GC (Allocation Failure) [PSYoungGen: 109760K->288K(143872K)] 146690K->37218K(485376K), 0.0024490 secs] [Times: user=0.01 sys=0.00, real=0.00 secs] 
2019-06-09T00:57:24.649+0300: 55.662: [GC (Allocation Failure) [PSYoungGen: 116000K->384K(142336K)] 152930K->37322K(483840K), 0.0020170 secs] [Times: user=0.01 sys=0.00, real=0.00 secs] 
2019-06-09T00:57:27.998+0300: 59.010: [GC (Allocation Failure) [PSYoungGen: 116096K->544K(146944K)] 153034K->37482K(488448K), 0.0081028 secs] [Times: user=0.07 sys=0.01, real=0.01 secs] 
2019-06-09T00:57:31.633+0300: 62.646: [GC (Allocation Failure) [PSYoungGen: 122400K->832K(145408K)] 159338K->37778K(486912K), 0.0024788 secs] [Times: user=0.01 sys=0.00, real=0.01 secs] 
2019-06-09T00:57:36.094+0300: 67.107: [GC (Allocation Failure) [PSYoungGen: 122688K->512K(150016K)] 159634K->37458K(491520K), 0.0029099 secs] [Times: user=0.01 sys=0.01, real=0.01 secs] 
2019-06-09T00:57:40.775+0300: 71.788: [GC (Allocation Failure) [PSYoungGen: 128512K->480K(148480K)] 165458K->37426K(489984K), 0.0028592 secs] [Times: user=0.01 sys=0.00, real=0.00 secs] 
2019-06-09T00:57:45.445+0300: 76.458: [GC (Allocation Failure) [PSYoungGen: 128480K->608K(152576K)] 165426K->37562K(494080K), 0.0029554 secs] [Times: user=0.02 sys=0.00, real=0.00 secs] 
00:57:54.365 [Curator-PathChildrenCache-0] ERROR o.a.c.f.r.c.PathChildrenCache  - 
java.lang.IllegalStateException: instance must be started before calling this method
	at org.apache.curator.shaded.com.google.common.base.Preconditions.checkState(Preconditions.java:444)
	at org.apache.curator.framework.imps.CuratorFrameworkImpl.getChildren(CuratorFrameworkImpl.java:456)
	at org.apache.curator.framework.recipes.cache.PathChildrenCache.refresh(PathChildrenCache.java:521)
	at org.apache.curator.framework.recipes.cache.RefreshOperation.invoke(RefreshOperation.java:35)
	at org.apache.curator.framework.recipes.cache.PathChildrenCache$9.run(PathChildrenCache.java:786)
	at java.util.concurrent.Executors$RunnableAdapter.call(Executors.java:511)
	at java.util.concurrent.FutureTask.run(FutureTask.java:266)
	at java.util.concurrent.Executors$RunnableAdapter.call(Executors.java:511)
	at java.util.concurrent.FutureTask.run(FutureTask.java:266)
	at java.util.concurrent.ThreadPoolExecutor.runWorker(ThreadPoolExecutor.java:1149)
	at java.util.concurrent.ThreadPoolExecutor$Worker.run(ThreadPoolExecutor.java:624)
	at java.lang.Thread.run(Thread.java:748)
00:57:54.454 [worker-akka.actor.default-dispatcher-14] ERROR c.s.f.r.WorkerApplication  - Something went wrong during trace flush
java.nio.file.AccessDeniedException: /tmp/trace.csv
	at sun.nio.fs.UnixException.translateToIOException(UnixException.java:84)
	at sun.nio.fs.UnixException.rethrowAsIOException(UnixException.java:102)
	at sun.nio.fs.UnixException.rethrowAsIOException(UnixException.java:107)
	at sun.nio.fs.UnixFileSystemProvider.newByteChannel(UnixFileSystemProvider.java:214)
	at java.nio.file.spi.FileSystemProvider.newOutputStream(FileSystemProvider.java:434)
	at java.nio.file.Files.newOutputStream(Files.java:216)
	at java.nio.file.Files.newBufferedWriter(Files.java:2860)
	at java.nio.file.Files.newBufferedWriter(Files.java:2896)
	at com.spbsu.flamestream.runtime.utils.tracing.Tracing.flush(Tracing.java:35)
	at com.spbsu.flamestream.runtime.WorkerApplication.lambda$run$0(WorkerApplication.java:109)
	at akka.actor.ActorSystemImpl$TerminationCallbacks$$anonfun$addRec$1$1.applyOrElse(ActorSystem.scala:1036)
	at akka.actor.ActorSystemImpl$TerminationCallbacks$$anonfun$addRec$1$1.applyOrElse(ActorSystem.scala:1036)
	at scala.concurrent.Future$$anonfun$andThen$1.apply(Future.scala:436)
	at scala.concurrent.Future$$anonfun$andThen$1.apply(Future.scala:435)
	at scala.concurrent.impl.CallbackRunnable.run(Promise.scala:36)
	at akka.dispatch.BatchingExecutor$AbstractBatch.processBatch(BatchingExecutor.scala:55)
	at akka.dispatch.BatchingExecutor$BlockableBatch$$anonfun$run$1.apply$mcV$sp(BatchingExecutor.scala:91)
	at akka.dispatch.BatchingExecutor$BlockableBatch$$anonfun$run$1.apply(BatchingExecutor.scala:91)
	at akka.dispatch.BatchingExecutor$BlockableBatch$$anonfun$run$1.apply(BatchingExecutor.scala:91)
	at scala.concurrent.BlockContext$.withBlockContext(BlockContext.scala:72)
	at akka.dispatch.BatchingExecutor$BlockableBatch.run(BatchingExecutor.scala:90)
	at akka.dispatch.TaskInvocation.run(AbstractDispatcher.scala:40)
	at akka.dispatch.ForkJoinExecutorConfigurator$AkkaForkJoinTask.exec(ForkJoinExecutorConfigurator.scala:44)
	at akka.dispatch.forkjoin.ForkJoinTask.doExec(ForkJoinTask.java:260)
	at akka.dispatch.forkjoin.ForkJoinPool$WorkQueue.runTask(ForkJoinPool.java:1339)
	at akka.dispatch.forkjoin.ForkJoinPool.runWorker(ForkJoinPool.java:1979)
	at akka.dispatch.forkjoin.ForkJoinWorkerThread.run(ForkJoinWorkerThread.java:107)
Heap
 PSYoungGen      total 152576K, used 52454K [0x00000000f5980000, 0x0000000100000000, 0x0000000100000000)
  eden space 133632K, 38% used [0x00000000f5980000,0x00000000f8c217d8,0x00000000fdc00000)
  from space 18944K, 3% used [0x00000000fed80000,0x00000000fee18060,0x0000000100000000)
  to   space 17920K, 0% used [0x00000000fdc00000,0x00000000fdc00000,0x00000000fed80000)
 ParOldGen       total 341504K, used 36954K [0x00000000e0c00000, 0x00000000f5980000, 0x00000000f5980000)
  object space 341504K, 10% used [0x00000000e0c00000,0x00000000e3016960,0x00000000f5980000)
 Metaspace       used 36566K, capacity 37552K, committed 37720K, reserved 1081344K
  class space    used 5027K, capacity 5220K, committed 5248K, reserved 1048576K
