07:14:33,674 |-INFO in ch.qos.logback.classic.LoggerContext[default] - Could NOT find resource [logback-test.xml]
07:14:33,674 |-INFO in ch.qos.logback.classic.LoggerContext[default] - Could NOT find resource [logback.groovy]
07:14:33,675 |-INFO in ch.qos.logback.classic.LoggerContext[default] - Found resource [logback.xml] at [jar:file:/root/flamestream/lib/flamestream-runtime-1.0-SNAPSHOT.jar!/logback.xml]
07:14:33,675 |-WARN in ch.qos.logback.classic.LoggerContext[default] - Resource [logback.xml] occurs multiple times on the classpath.
07:14:33,676 |-WARN in ch.qos.logback.classic.LoggerContext[default] - Resource [logback.xml] occurs at [jar:file:/root/flamestream/lib/flamestream-runtime-1.0-SNAPSHOT.jar!/logback.xml]
07:14:33,676 |-WARN in ch.qos.logback.classic.LoggerContext[default] - Resource [logback.xml] occurs at [jar:file:/root/flamestream/flamestream-runtime-1.0-SNAPSHOT.jar!/logback.xml]
07:14:33,695 |-INFO in ch.qos.logback.core.joran.spi.ConfigurationWatchList@3fb6a447 - URL [jar:file:/root/flamestream/lib/flamestream-runtime-1.0-SNAPSHOT.jar!/logback.xml] is not of type file
07:14:33,764 |-INFO in ch.qos.logback.classic.joran.action.ConfigurationAction - debug attribute not set
07:14:33,765 |-INFO in ch.qos.logback.core.joran.action.AppenderAction - About to instantiate appender of type [ch.qos.logback.core.ConsoleAppender]
07:14:33,783 |-INFO in ch.qos.logback.core.joran.action.AppenderAction - Naming appender as [STDOUT]
07:14:33,801 |-INFO in ch.qos.logback.core.joran.action.NestedComplexPropertyIA - Assuming default type [ch.qos.logback.classic.encoder.PatternLayoutEncoder] for [encoder] property
07:14:33,880 |-INFO in ch.qos.logback.core.joran.action.AppenderAction - About to instantiate appender of type [ch.qos.logback.core.rolling.RollingFileAppender]
07:14:33,888 |-INFO in ch.qos.logback.core.joran.action.AppenderAction - Naming appender as [FILE]
07:14:33,921 |-INFO in c.q.l.core.rolling.TimeBasedRollingPolicy@127618319 - No compression will be used
07:14:33,922 |-INFO in c.q.l.core.rolling.TimeBasedRollingPolicy@127618319 - Will use the pattern /tmp/application_%d{yyyy-MM-dd}.%i.log for the active file
07:14:33,925 |-INFO in ch.qos.logback.core.rolling.SizeAndTimeBasedFNATP@6b2fad11 - The date pattern is 'yyyy-MM-dd' from file name pattern '/tmp/application_%d{yyyy-MM-dd}.%i.log'.
07:14:33,925 |-INFO in ch.qos.logback.core.rolling.SizeAndTimeBasedFNATP@6b2fad11 - Roll-over at midnight.
07:14:33,930 |-INFO in ch.qos.logback.core.rolling.SizeAndTimeBasedFNATP@6b2fad11 - Setting initial period to Tue Jun 11 07:13:00 UTC 2019
07:14:33,930 |-WARN in ch.qos.logback.core.rolling.SizeAndTimeBasedFNATP@6b2fad11 - SizeAndTimeBasedFNATP is deprecated. Use SizeAndTimeBasedRollingPolicy instead
07:14:33,930 |-WARN in ch.qos.logback.core.rolling.SizeAndTimeBasedFNATP@6b2fad11 - For more information see http://logback.qos.ch/manual/appenders.html#SizeAndTimeBasedRollingPolicy
07:14:33,934 |-INFO in ch.qos.logback.core.joran.action.NestedComplexPropertyIA - Assuming default type [ch.qos.logback.classic.encoder.PatternLayoutEncoder] for [encoder] property
07:14:33,939 |-INFO in ch.qos.logback.core.rolling.RollingFileAppender[FILE] - Active log file name: /tmp/application.log
07:14:33,939 |-INFO in ch.qos.logback.core.rolling.RollingFileAppender[FILE] - File property is set to [/tmp/application.log]
07:14:33,940 |-INFO in ch.qos.logback.classic.joran.action.RootLoggerAction - Setting level of ROOT logger to WARN
07:14:33,940 |-INFO in ch.qos.logback.core.joran.action.AppenderRefAction - Attaching appender named [STDOUT] to Logger[ROOT]
07:14:33,942 |-INFO in ch.qos.logback.core.joran.action.AppenderRefAction - Attaching appender named [FILE] to Logger[ROOT]
07:14:33,942 |-INFO in ch.qos.logback.classic.joran.action.ConfigurationAction - End of configuration.
07:14:33,942 |-INFO in ch.qos.logback.classic.joran.JoranConfigurator@79698539 - Registering current configuration as safe fallback point

Ama winner
Ama winner
2019-06-11T07:14:35.245+0000: 1.758: [Full GC (Metadata GC Threshold) 2019-06-11T07:14:35.245+0000: 1.758: [Tenured: 0K->15143K(341376K), 0.0385237 secs] 114923K->15143K(494976K), [Metaspace: 20731K->20731K(1067008K)], 0.0385901 secs] [Times: user=0.04 sys=0.00, real=0.04 secs] 
07:15:01.511 [Curator-PathChildrenCache-2] WARN  o.a.c.u.ZKPaths  - The version of ZooKeeper being used doesn't support Container nodes. CreateMode.PERSISTENT will be used instead.
2019-06-11T07:15:10.061+0000: 36.575: [GC (Allocation Failure) 2019-06-11T07:15:10.061+0000: 36.575: [DefNew: 118673K->17024K(153600K), 0.0189311 secs] 133816K->32878K(494976K), 0.0190034 secs] [Times: user=0.02 sys=0.00, real=0.02 secs] 
2019-06-11T07:15:12.412+0000: 38.926: [Full GC (Metadata GC Threshold) 2019-06-11T07:15:12.412+0000: 38.926: [Tenured: 15854K->44137K(341376K), 0.1120843 secs] 104426K->44137K(494976K), [Metaspace: 34584K->34584K(1079296K)], 0.1121624 secs] [Times: user=0.12 sys=0.00, real=0.11 secs] 
2019-06-11T07:15:18.643+0000: 45.157: [GC (Allocation Failure) 2019-06-11T07:15:18.643+0000: 45.157: [DefNew: 136576K->55K(153600K), 0.0018341 secs] 180713K->44192K(494976K), 0.0019028 secs] [Times: user=0.00 sys=0.00, real=0.00 secs] 
2019-06-11T07:15:24.699+0000: 51.213: [GC (Allocation Failure) 2019-06-11T07:15:24.699+0000: 51.213: [DefNew: 136631K->57K(153600K), 0.0017034 secs] 180768K->44194K(494976K), 0.0017664 secs] [Times: user=0.00 sys=0.00, real=0.00 secs] 
2019-06-11T07:15:30.810+0000: 57.324: [GC (Allocation Failure) 2019-06-11T07:15:30.810+0000: 57.324: [DefNew: 136633K->58K(153600K), 0.0016838 secs] 180770K->44196K(494976K), 0.0017449 secs] [Times: user=0.00 sys=0.00, real=0.00 secs] 
2019-06-11T07:15:37.196+0000: 63.710: [GC (Allocation Failure) 2019-06-11T07:15:37.196+0000: 63.710: [DefNew: 136634K->372K(153600K), 0.0021080 secs] 180772K->44510K(494976K), 0.0030120 secs] [Times: user=0.00 sys=0.00, real=0.01 secs] 
2019-06-11T07:15:49.862+0000: 76.376: [GC (Allocation Failure) 2019-06-11T07:15:49.862+0000: 76.376: [DefNew: 136948K->137K(153600K), 0.0019687 secs] 181086K->44275K(494976K), 0.0020267 secs] [Times: user=0.00 sys=0.00, real=0.00 secs] 
07:16:03.784 [Curator-PathChildrenCache-0] ERROR o.a.c.f.r.c.PathChildrenCache  - 
java.lang.IllegalStateException: instance must be started before calling this method
	at org.apache.curator.shaded.com.google.common.base.Preconditions.checkState(Preconditions.java:444)
	at org.apache.curator.framework.imps.CuratorFrameworkImpl.getChildren(CuratorFrameworkImpl.java:456)
	at org.apache.curator.framework.recipes.cache.PathChildrenCache.refresh(PathChildrenCache.java:521)
	at org.apache.curator.framework.recipes.cache.RefreshOperation.invoke(RefreshOperation.java:35)
	at org.apache.curator.framework.recipes.cache.PathChildrenCache$9.run(PathChildrenCache.java:786)
	at java.util.concurrent.Executors$RunnableAdapter.call(Executors.java:511)
	at java.util.concurrent.FutureTask.run(FutureTask.java:266)
	at java.util.concurrent.Executors$RunnableAdapter.call(Executors.java:511)
	at java.util.concurrent.FutureTask.run(FutureTask.java:266)
	at java.util.concurrent.ThreadPoolExecutor.runWorker(ThreadPoolExecutor.java:1149)
	at java.util.concurrent.ThreadPoolExecutor$Worker.run(ThreadPoolExecutor.java:624)
	at java.lang.Thread.run(Thread.java:748)
Heap
 def new generation   total 153600K, used 44649K [0x00000000e0c00000, 0x00000000eb2a0000, 0x00000000eb2a0000)
  eden space 136576K,  32% used [0x00000000e0c00000, 0x00000000e3777ff8, 0x00000000e9160000)
  from space 17024K,   0% used [0x00000000e9160000, 0x00000000e91827f8, 0x00000000ea200000)
  to   space 17024K,   0% used [0x00000000ea200000, 0x00000000ea200000, 0x00000000eb2a0000)
 tenured generation   total 341376K, used 44137K [0x00000000eb2a0000, 0x0000000100000000, 0x0000000100000000)
   the space 341376K,  12% used [0x00000000eb2a0000, 0x00000000eddba5f0, 0x00000000eddba600, 0x0000000100000000)
 Metaspace       used 36044K, capacity 36928K, committed 37120K, reserved 1081344K
  class space    used 4873K, capacity 5074K, committed 5120K, reserved 1048576K
