07:58:03,056 |-INFO in ch.qos.logback.classic.LoggerContext[default] - Could NOT find resource [logback-test.xml]
07:58:03,056 |-INFO in ch.qos.logback.classic.LoggerContext[default] - Could NOT find resource [logback.groovy]
07:58:03,056 |-INFO in ch.qos.logback.classic.LoggerContext[default] - Found resource [logback.xml] at [jar:file:/root/flamestream/lib/flamestream-runtime-1.0-SNAPSHOT.jar!/logback.xml]
07:58:03,059 |-WARN in ch.qos.logback.classic.LoggerContext[default] - Resource [logback.xml] occurs multiple times on the classpath.
07:58:03,060 |-WARN in ch.qos.logback.classic.LoggerContext[default] - Resource [logback.xml] occurs at [jar:file:/root/flamestream/lib/flamestream-runtime-1.0-SNAPSHOT.jar!/logback.xml]
07:58:03,060 |-WARN in ch.qos.logback.classic.LoggerContext[default] - Resource [logback.xml] occurs at [jar:file:/root/flamestream/flamestream-runtime-1.0-SNAPSHOT.jar!/logback.xml]
07:58:03,079 |-INFO in ch.qos.logback.core.joran.spi.ConfigurationWatchList@3fb6a447 - URL [jar:file:/root/flamestream/lib/flamestream-runtime-1.0-SNAPSHOT.jar!/logback.xml] is not of type file
07:58:03,148 |-INFO in ch.qos.logback.classic.joran.action.ConfigurationAction - debug attribute not set
07:58:03,149 |-INFO in ch.qos.logback.core.joran.action.AppenderAction - About to instantiate appender of type [ch.qos.logback.core.ConsoleAppender]
07:58:03,167 |-INFO in ch.qos.logback.core.joran.action.AppenderAction - Naming appender as [STDOUT]
07:58:03,185 |-INFO in ch.qos.logback.core.joran.action.NestedComplexPropertyIA - Assuming default type [ch.qos.logback.classic.encoder.PatternLayoutEncoder] for [encoder] property
07:58:03,275 |-INFO in ch.qos.logback.core.joran.action.AppenderAction - About to instantiate appender of type [ch.qos.logback.core.rolling.RollingFileAppender]
07:58:03,280 |-INFO in ch.qos.logback.core.joran.action.AppenderAction - Naming appender as [FILE]
07:58:03,312 |-INFO in c.q.l.core.rolling.TimeBasedRollingPolicy@127618319 - No compression will be used
07:58:03,313 |-INFO in c.q.l.core.rolling.TimeBasedRollingPolicy@127618319 - Will use the pattern /tmp/application_%d{yyyy-MM-dd}.%i.log for the active file
07:58:03,316 |-INFO in ch.qos.logback.core.rolling.SizeAndTimeBasedFNATP@6b2fad11 - The date pattern is 'yyyy-MM-dd' from file name pattern '/tmp/application_%d{yyyy-MM-dd}.%i.log'.
07:58:03,316 |-INFO in ch.qos.logback.core.rolling.SizeAndTimeBasedFNATP@6b2fad11 - Roll-over at midnight.
07:58:03,321 |-INFO in ch.qos.logback.core.rolling.SizeAndTimeBasedFNATP@6b2fad11 - Setting initial period to Tue Jun 11 07:56:48 UTC 2019
07:58:03,321 |-WARN in ch.qos.logback.core.rolling.SizeAndTimeBasedFNATP@6b2fad11 - SizeAndTimeBasedFNATP is deprecated. Use SizeAndTimeBasedRollingPolicy instead
07:58:03,321 |-WARN in ch.qos.logback.core.rolling.SizeAndTimeBasedFNATP@6b2fad11 - For more information see http://logback.qos.ch/manual/appenders.html#SizeAndTimeBasedRollingPolicy
07:58:03,325 |-INFO in ch.qos.logback.core.joran.action.NestedComplexPropertyIA - Assuming default type [ch.qos.logback.classic.encoder.PatternLayoutEncoder] for [encoder] property
07:58:03,329 |-INFO in ch.qos.logback.core.rolling.RollingFileAppender[FILE] - Active log file name: /tmp/application.log
07:58:03,329 |-INFO in ch.qos.logback.core.rolling.RollingFileAppender[FILE] - File property is set to [/tmp/application.log]
07:58:03,330 |-INFO in ch.qos.logback.classic.joran.action.RootLoggerAction - Setting level of ROOT logger to WARN
07:58:03,330 |-INFO in ch.qos.logback.core.joran.action.AppenderRefAction - Attaching appender named [STDOUT] to Logger[ROOT]
07:58:03,332 |-INFO in ch.qos.logback.core.joran.action.AppenderRefAction - Attaching appender named [FILE] to Logger[ROOT]
07:58:03,332 |-INFO in ch.qos.logback.classic.joran.action.ConfigurationAction - End of configuration.
07:58:03,333 |-INFO in ch.qos.logback.classic.joran.JoranConfigurator@79698539 - Registering current configuration as safe fallback point

Ama winner
Ama winner
2019-06-11T07:58:04.637+0000: 1.764: [Full GC (Metadata GC Threshold) 2019-06-11T07:58:04.637+0000: 1.764: [Tenured: 0K->15209K(341376K), 0.0388267 secs] 114987K->15209K(494976K), [Metaspace: 20742K->20742K(1067008K)], 0.0388942 secs] [Times: user=0.04 sys=0.01, real=0.04 secs] 
07:58:20.451 [Curator-PathChildrenCache-1] WARN  o.a.c.u.ZKPaths  - The version of ZooKeeper being used doesn't support Container nodes. CreateMode.PERSISTENT will be used instead.
2019-06-11T07:58:22.425+0000: 19.551: [GC (Allocation Failure) 2019-06-11T07:58:22.425+0000: 19.551: [DefNew: 118996K->17023K(153600K), 0.0179228 secs] 134205K->32766K(494976K), 0.0179873 secs] [Times: user=0.02 sys=0.00, real=0.01 secs] 
2019-06-11T07:58:24.796+0000: 21.922: [Full GC (Metadata GC Threshold) 2019-06-11T07:58:24.796+0000: 21.922: [Tenured: 15742K->43751K(341376K), 0.1088861 secs] 116585K->43751K(494976K), [Metaspace: 34572K->34572K(1079296K)], 0.1089670 secs] [Times: user=0.10 sys=0.02, real=0.12 secs] 
2019-06-11T07:58:29.697+0000: 26.823: [GC (Allocation Failure) 2019-06-11T07:58:29.697+0000: 26.823: [DefNew: 136576K->62K(153600K), 0.0018016 secs] 180327K->43813K(494976K), 0.0018603 secs] [Times: user=0.00 sys=0.00, real=0.00 secs] 
2019-06-11T07:58:34.475+0000: 31.601: [GC (Allocation Failure) 2019-06-11T07:58:34.475+0000: 31.601: [DefNew: 136638K->65K(153600K), 0.0016051 secs] 180389K->43817K(494976K), 0.0016728 secs] [Times: user=0.00 sys=0.00, real=0.01 secs] 
2019-06-11T07:58:39.217+0000: 36.343: [GC (Allocation Failure) 2019-06-11T07:58:39.217+0000: 36.343: [DefNew: 136641K->64K(153600K), 0.0016079 secs] 180393K->43815K(494976K), 0.0016811 secs] [Times: user=0.00 sys=0.00, real=0.00 secs] 
2019-06-11T07:58:44.015+0000: 41.142: [GC (Allocation Failure) 2019-06-11T07:58:44.015+0000: 41.142: [DefNew: 136640K->66K(153600K), 0.0017172 secs] 180391K->43817K(494976K), 0.0017816 secs] [Times: user=0.00 sys=0.00, real=0.01 secs] 
2019-06-11T07:58:56.754+0000: 53.880: [GC (Allocation Failure) 2019-06-11T07:58:56.754+0000: 53.880: [DefNew: 136642K->63K(153600K), 0.0016531 secs] 180393K->43814K(494976K), 0.0017140 secs] [Times: user=0.00 sys=0.00, real=0.00 secs] 
07:58:57.579 [Curator-PathChildrenCache-0] ERROR o.a.c.f.r.c.PathChildrenCache  - 
java.lang.IllegalStateException: instance must be started before calling this method
	at org.apache.curator.shaded.com.google.common.base.Preconditions.checkState(Preconditions.java:444)
	at org.apache.curator.framework.imps.CuratorFrameworkImpl.getChildren(CuratorFrameworkImpl.java:456)
	at org.apache.curator.framework.recipes.cache.PathChildrenCache.refresh(PathChildrenCache.java:521)
	at org.apache.curator.framework.recipes.cache.RefreshOperation.invoke(RefreshOperation.java:35)
	at org.apache.curator.framework.recipes.cache.PathChildrenCache$9.run(PathChildrenCache.java:786)
	at java.util.concurrent.Executors$RunnableAdapter.call(Executors.java:511)
	at java.util.concurrent.FutureTask.run(FutureTask.java:266)
	at java.util.concurrent.Executors$RunnableAdapter.call(Executors.java:511)
	at java.util.concurrent.FutureTask.run(FutureTask.java:266)
	at java.util.concurrent.ThreadPoolExecutor.runWorker(ThreadPoolExecutor.java:1149)
	at java.util.concurrent.ThreadPoolExecutor$Worker.run(ThreadPoolExecutor.java:624)
	at java.lang.Thread.run(Thread.java:748)
Heap
 def new generation   total 153600K, used 26238K [0x00000000e0c00000, 0x00000000eb2a0000, 0x00000000eb2a0000)
  eden space 136576K,  19% used [0x00000000e0c00000, 0x00000000e258fb70, 0x00000000e9160000)
  from space 17024K,   0% used [0x00000000e9160000, 0x00000000e916fd60, 0x00000000ea200000)
  to   space 17024K,   0% used [0x00000000ea200000, 0x00000000ea200000, 0x00000000eb2a0000)
 tenured generation   total 341376K, used 43751K [0x00000000eb2a0000, 0x0000000100000000, 0x0000000100000000)
   the space 341376K,  12% used [0x00000000eb2a0000, 0x00000000edd59da8, 0x00000000edd59e00, 0x0000000100000000)
 Metaspace       used 35870K, capacity 36834K, committed 37120K, reserved 1081344K
  class space    used 4833K, capacity 5053K, committed 5120K, reserved 1048576K
