01:14:49,673 |-INFO in ch.qos.logback.classic.LoggerContext[default] - Could NOT find resource [logback-test.xml]
01:14:49,673 |-INFO in ch.qos.logback.classic.LoggerContext[default] - Could NOT find resource [logback.groovy]
01:14:49,673 |-INFO in ch.qos.logback.classic.LoggerContext[default] - Found resource [logback.xml] at [jar:file:/home/nikitasokolov/flamestream/lib/flamestream-runtime-1.0-SNAPSHOT.jar!/logback.xml]
01:14:49,674 |-WARN in ch.qos.logback.classic.LoggerContext[default] - Resource [logback.xml] occurs multiple times on the classpath.
01:14:49,674 |-WARN in ch.qos.logback.classic.LoggerContext[default] - Resource [logback.xml] occurs at [jar:file:/home/nikitasokolov/flamestream/lib/flamestream-runtime-1.0-SNAPSHOT.jar!/logback.xml]
01:14:49,674 |-WARN in ch.qos.logback.classic.LoggerContext[default] - Resource [logback.xml] occurs at [jar:file:/home/nikitasokolov/flamestream/flamestream-runtime-1.0-SNAPSHOT.jar!/logback.xml]
01:14:49,691 |-INFO in ch.qos.logback.core.joran.spi.ConfigurationWatchList@2f7a2457 - URL [jar:file:/home/nikitasokolov/flamestream/lib/flamestream-runtime-1.0-SNAPSHOT.jar!/logback.xml] is not of type file
01:14:49,742 |-INFO in ch.qos.logback.classic.joran.action.ConfigurationAction - debug attribute not set
01:14:49,743 |-INFO in ch.qos.logback.core.joran.action.AppenderAction - About to instantiate appender of type [ch.qos.logback.core.ConsoleAppender]
01:14:49,750 |-INFO in ch.qos.logback.core.joran.action.AppenderAction - Naming appender as [STDOUT]
01:14:49,758 |-INFO in ch.qos.logback.core.joran.action.NestedComplexPropertyIA - Assuming default type [ch.qos.logback.classic.encoder.PatternLayoutEncoder] for [encoder] property
01:14:49,814 |-INFO in ch.qos.logback.core.joran.action.AppenderAction - About to instantiate appender of type [ch.qos.logback.core.rolling.RollingFileAppender]
01:14:49,820 |-INFO in ch.qos.logback.core.joran.action.AppenderAction - Naming appender as [FILE]
01:14:49,843 |-INFO in c.q.l.core.rolling.TimeBasedRollingPolicy@1449621165 - No compression will be used
01:14:49,844 |-INFO in c.q.l.core.rolling.TimeBasedRollingPolicy@1449621165 - Will use the pattern /tmp/application_%d{yyyy-MM-dd}.%i.log for the active file
01:14:49,847 |-INFO in ch.qos.logback.core.rolling.SizeAndTimeBasedFNATP@6108b2d7 - The date pattern is 'yyyy-MM-dd' from file name pattern '/tmp/application_%d{yyyy-MM-dd}.%i.log'.
01:14:49,847 |-INFO in ch.qos.logback.core.rolling.SizeAndTimeBasedFNATP@6108b2d7 - Roll-over at midnight.
01:14:49,851 |-INFO in ch.qos.logback.core.rolling.SizeAndTimeBasedFNATP@6108b2d7 - Setting initial period to Sat Jun 08 01:14:05 MSK 2019
01:14:49,851 |-WARN in ch.qos.logback.core.rolling.SizeAndTimeBasedFNATP@6108b2d7 - SizeAndTimeBasedFNATP is deprecated. Use SizeAndTimeBasedRollingPolicy instead
01:14:49,851 |-WARN in ch.qos.logback.core.rolling.SizeAndTimeBasedFNATP@6108b2d7 - For more information see http://logback.qos.ch/manual/appenders.html#SizeAndTimeBasedRollingPolicy
01:14:49,856 |-INFO in ch.qos.logback.core.joran.action.NestedComplexPropertyIA - Assuming default type [ch.qos.logback.classic.encoder.PatternLayoutEncoder] for [encoder] property
01:14:49,858 |-INFO in ch.qos.logback.core.rolling.RollingFileAppender[FILE] - Active log file name: /tmp/application.log
01:14:49,858 |-INFO in ch.qos.logback.core.rolling.RollingFileAppender[FILE] - File property is set to [/tmp/application.log]
01:14:49,859 |-INFO in ch.qos.logback.classic.joran.action.RootLoggerAction - Setting level of ROOT logger to WARN
01:14:49,859 |-INFO in ch.qos.logback.core.joran.action.AppenderRefAction - Attaching appender named [STDOUT] to Logger[ROOT]
01:14:49,860 |-INFO in ch.qos.logback.core.joran.action.AppenderRefAction - Attaching appender named [FILE] to Logger[ROOT]
01:14:49,860 |-INFO in ch.qos.logback.classic.joran.action.ConfigurationAction - End of configuration.
01:14:49,860 |-INFO in ch.qos.logback.classic.joran.JoranConfigurator@1554909b - Registering current configuration as safe fallback point

2019-06-08T01:14:50.918+0300: 1.462: [GC (Metadata GC Threshold) [PSYoungGen: 110652K->15909K(149504K)] 110652K->15989K(491008K), 0.0223927 secs] [Times: user=0.12 sys=0.02, real=0.02 secs] 
2019-06-08T01:14:50.940+0300: 1.484: [Full GC (Metadata GC Threshold) [PSYoungGen: 15909K->0K(149504K)] [ParOldGen: 80K->15081K(341504K)] 15989K->15081K(491008K), [Metaspace: 20805K->20805K(1067008K)], 0.0259992 secs] [Times: user=0.15 sys=0.02, real=0.02 secs] 
01:14:59.675 [Curator-PathChildrenCache-2] WARN  o.a.c.u.ZKPaths  - The version of ZooKeeper being used doesn't support Container nodes. CreateMode.PERSISTENT will be used instead.
2019-06-08T01:15:00.278+0300: 10.822: [GC (Metadata GC Threshold) [PSYoungGen: 121707K->16321K(149504K)] 136788K->50941K(491008K), 0.0305421 secs] [Times: user=0.28 sys=0.01, real=0.02 secs] 
2019-06-08T01:15:00.309+0300: 10.852: [Full GC (Metadata GC Threshold) [PSYoungGen: 16321K->0K(149504K)] [ParOldGen: 34620K->39436K(341504K)] 50941K->39436K(491008K), [Metaspace: 34369K->34367K(1079296K)], 0.0381533 secs] [Times: user=0.19 sys=0.02, real=0.04 secs] 
2019-06-08T01:15:01.569+0300: 12.112: [GC (Allocation Failure) [PSYoungGen: 128512K->576K(149504K)] 167948K->40020K(491008K), 0.0028356 secs] [Times: user=0.04 sys=0.00, real=0.01 secs] 
2019-06-08T01:15:02.334+0300: 12.878: [GC (Allocation Failure) [PSYoungGen: 129088K->736K(149504K)] 168532K->40188K(491008K), 0.0025503 secs] [Times: user=0.01 sys=0.00, real=0.00 secs] 
2019-06-08T01:15:03.425+0300: 13.969: [GC (Allocation Failure) [PSYoungGen: 129248K->736K(129536K)] 168700K->40196K(471040K), 0.0025846 secs] [Times: user=0.02 sys=0.01, real=0.00 secs] 
2019-06-08T01:15:04.454+0300: 14.998: [GC (Allocation Failure) [PSYoungGen: 129248K->768K(149504K)] 168708K->40236K(491008K), 0.0035729 secs] [Times: user=0.03 sys=0.00, real=0.00 secs] 
2019-06-08T01:15:05.552+0300: 16.096: [GC (Allocation Failure) [PSYoungGen: 128768K->768K(148992K)] 168236K->40244K(490496K), 0.0030718 secs] [Times: user=0.01 sys=0.00, real=0.00 secs] 
2019-06-08T01:15:06.666+0300: 17.210: [GC (Allocation Failure) [PSYoungGen: 128768K->896K(151552K)] 168244K->40380K(493056K), 0.0029157 secs] [Times: user=0.01 sys=0.00, real=0.00 secs] 
01:15:12.745 [Curator-PathChildrenCache-0] ERROR o.a.c.f.r.c.PathChildrenCache  - 
java.lang.IllegalStateException: instance must be started before calling this method
	at org.apache.curator.shaded.com.google.common.base.Preconditions.checkState(Preconditions.java:444)
	at org.apache.curator.framework.imps.CuratorFrameworkImpl.getChildren(CuratorFrameworkImpl.java:456)
	at org.apache.curator.framework.recipes.cache.PathChildrenCache.refresh(PathChildrenCache.java:521)
	at org.apache.curator.framework.recipes.cache.RefreshOperation.invoke(RefreshOperation.java:35)
	at org.apache.curator.framework.recipes.cache.PathChildrenCache$9.run(PathChildrenCache.java:786)
	at java.util.concurrent.Executors$RunnableAdapter.call(Executors.java:511)
	at java.util.concurrent.FutureTask.run(FutureTask.java:266)
	at java.util.concurrent.Executors$RunnableAdapter.call(Executors.java:511)
	at java.util.concurrent.FutureTask.run(FutureTask.java:266)
	at java.util.concurrent.ThreadPoolExecutor.runWorker(ThreadPoolExecutor.java:1149)
	at java.util.concurrent.ThreadPoolExecutor$Worker.run(ThreadPoolExecutor.java:624)
	at java.lang.Thread.run(Thread.java:748)
Heap
 PSYoungGen      total 151552K, used 37626K [0x00000000f5980000, 0x0000000100000000, 0x0000000100000000)
  eden space 131584K, 27% used [0x00000000f5980000,0x00000000f7d5e988,0x00000000fda00000)
  from space 19968K, 4% used [0x00000000fec80000,0x00000000fed60090,0x0000000100000000)
  to   space 18944K, 0% used [0x00000000fda00000,0x00000000fda00000,0x00000000fec80000)
 ParOldGen       total 341504K, used 39484K [0x00000000e0c00000, 0x00000000f5980000, 0x00000000f5980000)
  object space 341504K, 11% used [0x00000000e0c00000,0x00000000e328f100,0x00000000f5980000)
 Metaspace       used 36048K, capacity 37093K, committed 37208K, reserved 1081344K
  class space    used 4981K, capacity 5197K, committed 5248K, reserved 1048576K
