18:12:10,898 |-INFO in ch.qos.logback.classic.LoggerContext[default] - Could NOT find resource [logback-test.xml]
18:12:10,898 |-INFO in ch.qos.logback.classic.LoggerContext[default] - Could NOT find resource [logback.groovy]
18:12:10,899 |-INFO in ch.qos.logback.classic.LoggerContext[default] - Found resource [logback.xml] at [jar:file:/root/flamestream/lib/flamestream-runtime-1.0-SNAPSHOT.jar!/logback.xml]
18:12:10,900 |-WARN in ch.qos.logback.classic.LoggerContext[default] - Resource [logback.xml] occurs multiple times on the classpath.
18:12:10,900 |-WARN in ch.qos.logback.classic.LoggerContext[default] - Resource [logback.xml] occurs at [jar:file:/root/flamestream/lib/flamestream-runtime-1.0-SNAPSHOT.jar!/logback.xml]
18:12:10,900 |-WARN in ch.qos.logback.classic.LoggerContext[default] - Resource [logback.xml] occurs at [jar:file:/root/flamestream/flamestream-runtime-1.0-SNAPSHOT.jar!/logback.xml]
18:12:10,921 |-INFO in ch.qos.logback.core.joran.spi.ConfigurationWatchList@3fb6a447 - URL [jar:file:/root/flamestream/lib/flamestream-runtime-1.0-SNAPSHOT.jar!/logback.xml] is not of type file
18:12:10,987 |-INFO in ch.qos.logback.classic.joran.action.ConfigurationAction - debug attribute not set
18:12:10,988 |-INFO in ch.qos.logback.core.joran.action.AppenderAction - About to instantiate appender of type [ch.qos.logback.core.ConsoleAppender]
18:12:11,003 |-INFO in ch.qos.logback.core.joran.action.AppenderAction - Naming appender as [STDOUT]
18:12:11,020 |-INFO in ch.qos.logback.core.joran.action.NestedComplexPropertyIA - Assuming default type [ch.qos.logback.classic.encoder.PatternLayoutEncoder] for [encoder] property
18:12:11,104 |-INFO in ch.qos.logback.core.joran.action.AppenderAction - About to instantiate appender of type [ch.qos.logback.core.rolling.RollingFileAppender]
18:12:11,113 |-INFO in ch.qos.logback.core.joran.action.AppenderAction - Naming appender as [FILE]
18:12:11,144 |-INFO in c.q.l.core.rolling.TimeBasedRollingPolicy@127618319 - No compression will be used
18:12:11,145 |-INFO in c.q.l.core.rolling.TimeBasedRollingPolicy@127618319 - Will use the pattern /tmp/application_%d{yyyy-MM-dd}.%i.log for the active file
18:12:11,148 |-INFO in ch.qos.logback.core.rolling.SizeAndTimeBasedFNATP@6b2fad11 - The date pattern is 'yyyy-MM-dd' from file name pattern '/tmp/application_%d{yyyy-MM-dd}.%i.log'.
18:12:11,148 |-INFO in ch.qos.logback.core.rolling.SizeAndTimeBasedFNATP@6b2fad11 - Roll-over at midnight.
18:12:11,153 |-INFO in ch.qos.logback.core.rolling.SizeAndTimeBasedFNATP@6b2fad11 - Setting initial period to Tue Jun 11 18:11:01 UTC 2019
18:12:11,154 |-WARN in ch.qos.logback.core.rolling.SizeAndTimeBasedFNATP@6b2fad11 - SizeAndTimeBasedFNATP is deprecated. Use SizeAndTimeBasedRollingPolicy instead
18:12:11,154 |-WARN in ch.qos.logback.core.rolling.SizeAndTimeBasedFNATP@6b2fad11 - For more information see http://logback.qos.ch/manual/appenders.html#SizeAndTimeBasedRollingPolicy
18:12:11,158 |-INFO in ch.qos.logback.core.joran.action.NestedComplexPropertyIA - Assuming default type [ch.qos.logback.classic.encoder.PatternLayoutEncoder] for [encoder] property
18:12:11,162 |-INFO in ch.qos.logback.core.rolling.RollingFileAppender[FILE] - Active log file name: /tmp/application.log
18:12:11,162 |-INFO in ch.qos.logback.core.rolling.RollingFileAppender[FILE] - File property is set to [/tmp/application.log]
18:12:11,163 |-INFO in ch.qos.logback.classic.joran.action.RootLoggerAction - Setting level of ROOT logger to WARN
18:12:11,163 |-INFO in ch.qos.logback.core.joran.action.AppenderRefAction - Attaching appender named [STDOUT] to Logger[ROOT]
18:12:11,165 |-INFO in ch.qos.logback.core.joran.action.AppenderRefAction - Attaching appender named [FILE] to Logger[ROOT]
18:12:11,166 |-INFO in ch.qos.logback.classic.joran.action.ConfigurationAction - End of configuration.
18:12:11,166 |-INFO in ch.qos.logback.classic.joran.JoranConfigurator@79698539 - Registering current configuration as safe fallback point

Ama winner
Ama winner
2019-06-11T18:12:12.688+0000: 1.978: [Full GC (Metadata GC Threshold) 2019-06-11T18:12:12.689+0000: 1.978: [Tenured: 0K->15240K(341376K), 0.0787506 secs] 114923K->15240K(494976K), [Metaspace: 20731K->20731K(1067008K)], 0.0788191 secs] [Times: user=0.04 sys=0.00, real=0.08 secs] 
2019-06-11T18:12:25.897+0000: 15.187: [GC (Allocation Failure) 2019-06-11T18:12:25.897+0000: 15.187: [DefNew: 136576K->13883K(153600K), 0.0277523 secs] 151816K->48655K(494976K), 0.0278220 secs] [Times: user=0.02 sys=0.01, real=0.02 secs] 
2019-06-11T18:12:30.213+0000: 19.503: [Full GC (Metadata GC Threshold) 2019-06-11T18:12:30.213+0000: 19.503: [Tenured: 34771K->39374K(341376K), 0.0488156 secs] 152583K->39374K(494976K), [Metaspace: 34633K->34633K(1079296K)], 0.0488894 secs] [Times: user=0.05 sys=0.00, real=0.05 secs] 
2019-06-11T18:12:37.877+0000: 27.167: [GC (Allocation Failure) 2019-06-11T18:12:37.877+0000: 27.167: [DefNew: 136576K->61K(153600K), 0.0016743 secs] 175950K->39435K(494976K), 0.0017293 secs] [Times: user=0.01 sys=0.00, real=0.00 secs] 
2019-06-11T18:12:45.674+0000: 34.964: [GC (Allocation Failure) 2019-06-11T18:12:45.674+0000: 34.964: [DefNew: 136637K->65K(153600K), 0.0016007 secs] 176011K->39439K(494976K), 0.0016599 secs] [Times: user=0.00 sys=0.00, real=0.00 secs] 
2019-06-11T18:12:53.457+0000: 42.747: [GC (Allocation Failure) 2019-06-11T18:12:53.457+0000: 42.747: [DefNew: 136641K->67K(153600K), 0.0015865 secs] 176015K->39441K(494976K), 0.0016443 secs] [Times: user=0.01 sys=0.00, real=0.00 secs] 
2019-06-11T18:13:01.234+0000: 50.524: [GC (Allocation Failure) 2019-06-11T18:13:01.234+0000: 50.524: [DefNew: 136643K->67K(153600K), 0.0015975 secs] 176017K->39441K(494976K), 0.0016564 secs] [Times: user=0.00 sys=0.00, real=0.00 secs] 
2019-06-11T18:13:09.098+0000: 58.388: [GC (Allocation Failure) 2019-06-11T18:13:09.098+0000: 58.388: [DefNew: 136643K->70K(153600K), 0.0016300 secs] 176017K->39444K(494976K), 0.0016865 secs] [Times: user=0.00 sys=0.00, real=0.00 secs] 
2019-06-11T18:13:18.133+0000: 67.423: [GC (Allocation Failure) 2019-06-11T18:13:18.133+0000: 67.423: [DefNew: 136646K->363K(153600K), 0.0019418 secs] 176020K->39737K(494976K), 0.0020022 secs] [Times: user=0.01 sys=0.00, real=0.00 secs] 
2019-06-11T18:13:28.670+0000: 77.960: [GC (Allocation Failure) 2019-06-11T18:13:28.670+0000: 77.960: [DefNew: 136939K->120K(153600K), 0.0018867 secs] 176313K->39494K(494976K), 0.0019501 secs] [Times: user=0.00 sys=0.00, real=0.00 secs] 
18:13:43.784 [Curator-PathChildrenCache-0] ERROR o.a.c.f.r.c.PathChildrenCache  - 
java.lang.IllegalStateException: instance must be started before calling this method
	at org.apache.curator.shaded.com.google.common.base.Preconditions.checkState(Preconditions.java:444)
	at org.apache.curator.framework.imps.CuratorFrameworkImpl.getChildren(CuratorFrameworkImpl.java:456)
	at org.apache.curator.framework.recipes.cache.PathChildrenCache.refresh(PathChildrenCache.java:521)
	at org.apache.curator.framework.recipes.cache.RefreshOperation.invoke(RefreshOperation.java:35)
	at org.apache.curator.framework.recipes.cache.PathChildrenCache$9.run(PathChildrenCache.java:786)
	at java.util.concurrent.Executors$RunnableAdapter.call(Executors.java:511)
	at java.util.concurrent.FutureTask.run(FutureTask.java:266)
	at java.util.concurrent.Executors$RunnableAdapter.call(Executors.java:511)
	at java.util.concurrent.FutureTask.run(FutureTask.java:266)
	at java.util.concurrent.ThreadPoolExecutor.runWorker(ThreadPoolExecutor.java:1149)
	at java.util.concurrent.ThreadPoolExecutor$Worker.run(ThreadPoolExecutor.java:624)
	at java.lang.Thread.run(Thread.java:748)
Heap
 def new generation   total 153600K, used 118262K [0x00000000e0c00000, 0x00000000eb2a0000, 0x00000000eb2a0000)
  eden space 136576K,  86% used [0x00000000e0c00000, 0x00000000e7f5faa8, 0x00000000e9160000)
  from space 17024K,   0% used [0x00000000e9160000, 0x00000000e917e0f8, 0x00000000ea200000)
  to   space 17024K,   0% used [0x00000000ea200000, 0x00000000ea200000, 0x00000000eb2a0000)
 tenured generation   total 341376K, used 39374K [0x00000000eb2a0000, 0x0000000100000000, 0x0000000100000000)
   the space 341376K,  11% used [0x00000000eb2a0000, 0x00000000ed913808, 0x00000000ed913a00, 0x0000000100000000)
 Metaspace       used 35881K, capacity 36742K, committed 36864K, reserved 1081344K
  class space    used 4859K, capacity 5065K, committed 5120K, reserved 1048576K
