19:53:36,006 |-INFO in ch.qos.logback.classic.LoggerContext[default] - Could NOT find resource [logback-test.xml]
19:53:36,006 |-INFO in ch.qos.logback.classic.LoggerContext[default] - Could NOT find resource [logback.groovy]
19:53:36,007 |-INFO in ch.qos.logback.classic.LoggerContext[default] - Found resource [logback.xml] at [jar:file:/root/flamestream/lib/flamestream-runtime-1.0-SNAPSHOT.jar!/logback.xml]
19:53:36,007 |-WARN in ch.qos.logback.classic.LoggerContext[default] - Resource [logback.xml] occurs multiple times on the classpath.
19:53:36,008 |-WARN in ch.qos.logback.classic.LoggerContext[default] - Resource [logback.xml] occurs at [jar:file:/root/flamestream/lib/flamestream-runtime-1.0-SNAPSHOT.jar!/logback.xml]
19:53:36,008 |-WARN in ch.qos.logback.classic.LoggerContext[default] - Resource [logback.xml] occurs at [jar:file:/root/flamestream/flamestream-runtime-1.0-SNAPSHOT.jar!/logback.xml]
19:53:36,027 |-INFO in ch.qos.logback.core.joran.spi.ConfigurationWatchList@3fb6a447 - URL [jar:file:/root/flamestream/lib/flamestream-runtime-1.0-SNAPSHOT.jar!/logback.xml] is not of type file
19:53:36,101 |-INFO in ch.qos.logback.classic.joran.action.ConfigurationAction - debug attribute not set
19:53:36,101 |-INFO in ch.qos.logback.core.joran.action.AppenderAction - About to instantiate appender of type [ch.qos.logback.core.ConsoleAppender]
19:53:36,116 |-INFO in ch.qos.logback.core.joran.action.AppenderAction - Naming appender as [STDOUT]
19:53:36,133 |-INFO in ch.qos.logback.core.joran.action.NestedComplexPropertyIA - Assuming default type [ch.qos.logback.classic.encoder.PatternLayoutEncoder] for [encoder] property
19:53:36,215 |-INFO in ch.qos.logback.core.joran.action.AppenderAction - About to instantiate appender of type [ch.qos.logback.core.rolling.RollingFileAppender]
19:53:36,219 |-INFO in ch.qos.logback.core.joran.action.AppenderAction - Naming appender as [FILE]
19:53:36,251 |-INFO in c.q.l.core.rolling.TimeBasedRollingPolicy@127618319 - No compression will be used
19:53:36,252 |-INFO in c.q.l.core.rolling.TimeBasedRollingPolicy@127618319 - Will use the pattern /tmp/application_%d{yyyy-MM-dd}.%i.log for the active file
19:53:36,255 |-INFO in ch.qos.logback.core.rolling.SizeAndTimeBasedFNATP@6b2fad11 - The date pattern is 'yyyy-MM-dd' from file name pattern '/tmp/application_%d{yyyy-MM-dd}.%i.log'.
19:53:36,255 |-INFO in ch.qos.logback.core.rolling.SizeAndTimeBasedFNATP@6b2fad11 - Roll-over at midnight.
19:53:36,260 |-INFO in ch.qos.logback.core.rolling.SizeAndTimeBasedFNATP@6b2fad11 - Setting initial period to Mon Jun 10 19:52:19 UTC 2019
19:53:36,261 |-WARN in ch.qos.logback.core.rolling.SizeAndTimeBasedFNATP@6b2fad11 - SizeAndTimeBasedFNATP is deprecated. Use SizeAndTimeBasedRollingPolicy instead
19:53:36,261 |-WARN in ch.qos.logback.core.rolling.SizeAndTimeBasedFNATP@6b2fad11 - For more information see http://logback.qos.ch/manual/appenders.html#SizeAndTimeBasedRollingPolicy
19:53:36,264 |-INFO in ch.qos.logback.core.joran.action.NestedComplexPropertyIA - Assuming default type [ch.qos.logback.classic.encoder.PatternLayoutEncoder] for [encoder] property
19:53:36,269 |-INFO in ch.qos.logback.core.rolling.RollingFileAppender[FILE] - Active log file name: /tmp/application.log
19:53:36,269 |-INFO in ch.qos.logback.core.rolling.RollingFileAppender[FILE] - File property is set to [/tmp/application.log]
19:53:36,270 |-INFO in ch.qos.logback.classic.joran.action.RootLoggerAction - Setting level of ROOT logger to WARN
19:53:36,270 |-INFO in ch.qos.logback.core.joran.action.AppenderRefAction - Attaching appender named [STDOUT] to Logger[ROOT]
19:53:36,272 |-INFO in ch.qos.logback.core.joran.action.AppenderRefAction - Attaching appender named [FILE] to Logger[ROOT]
19:53:36,272 |-INFO in ch.qos.logback.classic.joran.action.ConfigurationAction - End of configuration.
19:53:36,273 |-INFO in ch.qos.logback.classic.joran.JoranConfigurator@79698539 - Registering current configuration as safe fallback point

Ama winner
Ama winner
2019-06-10T19:53:37.897+0000: 2.075: [Full GC (Metadata GC Threshold) 2019-06-10T19:53:37.897+0000: 2.075: [Tenured: 0K->15240K(341376K), 0.0386732 secs] 117719K->15240K(494976K), [Metaspace: 20731K->20731K(1067008K)], 0.0387400 secs] [Times: user=0.04 sys=0.01, real=0.03 secs] 
19:53:56.070 [Curator-PathChildrenCache-1] WARN  o.a.c.u.ZKPaths  - The version of ZooKeeper being used doesn't support Container nodes. CreateMode.PERSISTENT will be used instead.
2019-06-10T19:53:58.481+0000: 22.660: [GC (Allocation Failure) 2019-06-10T19:53:58.481+0000: 22.660: [DefNew: 136576K->17023K(153600K), 0.0302709 secs] 151816K->52794K(494976K), 0.0303508 secs] [Times: user=0.02 sys=0.01, real=0.03 secs] 
2019-06-10T19:54:00.093+0000: 24.271: [Full GC (Metadata GC Threshold) 2019-06-10T19:54:00.093+0000: 24.271: [Tenured: 35770K->44306K(341376K), 0.0633345 secs] 87275K->44306K(494976K), [Metaspace: 34567K->34567K(1079296K)], 0.0634293 secs] [Times: user=0.06 sys=0.01, real=0.06 secs] 
2019-06-10T19:54:08.682+0000: 32.860: [GC (Allocation Failure) 2019-06-10T19:54:08.682+0000: 32.860: [DefNew: 136576K->96K(153600K), 0.0018539 secs] 180882K->44403K(494976K), 0.0019163 secs] [Times: user=0.00 sys=0.00, real=0.00 secs] 
2019-06-10T19:54:17.181+0000: 41.359: [GC (Allocation Failure) 2019-06-10T19:54:17.181+0000: 41.359: [DefNew: 136672K->161K(153600K), 0.0018789 secs] 180979K->44468K(494976K), 0.0019419 secs] [Times: user=0.00 sys=0.00, real=0.00 secs] 
2019-06-10T19:54:25.768+0000: 49.946: [GC (Allocation Failure) 2019-06-10T19:54:25.768+0000: 49.946: [DefNew: 136737K->162K(153600K), 0.0017976 secs] 181044K->44469K(494976K), 0.0018644 secs] [Times: user=0.01 sys=0.00, real=0.01 secs] 
2019-06-10T19:54:34.385+0000: 58.563: [GC (Allocation Failure) 2019-06-10T19:54:34.385+0000: 58.563: [DefNew: 136738K->164K(153600K), 0.0017886 secs] 181045K->44471K(494976K), 0.0018475 secs] [Times: user=0.00 sys=0.00, real=0.00 secs] 
2019-06-10T19:54:43.602+0000: 67.781: [GC (Allocation Failure) 2019-06-10T19:54:43.602+0000: 67.781: [DefNew: 136740K->494K(153600K), 0.0023732 secs] 181047K->44800K(494976K), 0.0024393 secs] [Times: user=0.00 sys=0.00, real=0.00 secs] 
2019-06-10T19:54:53.865+0000: 78.043: [GC (Allocation Failure) 2019-06-10T19:54:53.865+0000: 78.043: [DefNew: 137070K->246K(153600K), 0.0020806 secs] 181376K->44553K(494976K), 0.0021402 secs] [Times: user=0.00 sys=0.00, real=0.00 secs] 
19:55:09.932 [Curator-PathChildrenCache-0] ERROR o.a.c.f.r.c.PathChildrenCache  - 
java.lang.IllegalStateException: instance must be started before calling this method
	at org.apache.curator.shaded.com.google.common.base.Preconditions.checkState(Preconditions.java:444)
	at org.apache.curator.framework.imps.CuratorFrameworkImpl.getChildren(CuratorFrameworkImpl.java:456)
	at org.apache.curator.framework.recipes.cache.PathChildrenCache.refresh(PathChildrenCache.java:521)
	at org.apache.curator.framework.recipes.cache.RefreshOperation.invoke(RefreshOperation.java:35)
	at org.apache.curator.framework.recipes.cache.PathChildrenCache$9.run(PathChildrenCache.java:786)
	at java.util.concurrent.Executors$RunnableAdapter.call(Executors.java:511)
	at java.util.concurrent.FutureTask.run(FutureTask.java:266)
	at java.util.concurrent.Executors$RunnableAdapter.call(Executors.java:511)
	at java.util.concurrent.FutureTask.run(FutureTask.java:266)
	at java.util.concurrent.ThreadPoolExecutor.runWorker(ThreadPoolExecutor.java:1149)
	at java.util.concurrent.ThreadPoolExecutor$Worker.run(ThreadPoolExecutor.java:624)
	at java.lang.Thread.run(Thread.java:748)
Heap
 def new generation   total 153600K, used 82831K [0x00000000e0c00000, 0x00000000eb2a0000, 0x00000000eb2a0000)
  eden space 136576K,  60% used [0x00000000e0c00000, 0x00000000e5ca65e0, 0x00000000e9160000)
  from space 17024K,   1% used [0x00000000ea200000, 0x00000000ea23d9f0, 0x00000000eb2a0000)
  to   space 17024K,   0% used [0x00000000e9160000, 0x00000000e9160000, 0x00000000ea200000)
 tenured generation   total 341376K, used 44306K [0x00000000eb2a0000, 0x0000000100000000, 0x0000000100000000)
   the space 341376K,  12% used [0x00000000eb2a0000, 0x00000000edde4b18, 0x00000000edde4c00, 0x0000000100000000)
 Metaspace       used 36093K, capacity 37030K, committed 37120K, reserved 1081344K
  class space    used 4872K, capacity 5081K, committed 5120K, reserved 1048576K
