19:18:14,312 |-INFO in ch.qos.logback.classic.LoggerContext[default] - Could NOT find resource [logback-test.xml]
19:18:14,312 |-INFO in ch.qos.logback.classic.LoggerContext[default] - Could NOT find resource [logback.groovy]
19:18:14,312 |-INFO in ch.qos.logback.classic.LoggerContext[default] - Found resource [logback.xml] at [jar:file:/root/flamestream/lib/flamestream-runtime-1.0-SNAPSHOT.jar!/logback.xml]
19:18:14,317 |-WARN in ch.qos.logback.classic.LoggerContext[default] - Resource [logback.xml] occurs multiple times on the classpath.
19:18:14,317 |-WARN in ch.qos.logback.classic.LoggerContext[default] - Resource [logback.xml] occurs at [jar:file:/root/flamestream/lib/flamestream-runtime-1.0-SNAPSHOT.jar!/logback.xml]
19:18:14,317 |-WARN in ch.qos.logback.classic.LoggerContext[default] - Resource [logback.xml] occurs at [jar:file:/root/flamestream/flamestream-runtime-1.0-SNAPSHOT.jar!/logback.xml]
19:18:14,336 |-INFO in ch.qos.logback.core.joran.spi.ConfigurationWatchList@3fb6a447 - URL [jar:file:/root/flamestream/lib/flamestream-runtime-1.0-SNAPSHOT.jar!/logback.xml] is not of type file
19:18:14,402 |-INFO in ch.qos.logback.classic.joran.action.ConfigurationAction - debug attribute not set
19:18:14,403 |-INFO in ch.qos.logback.core.joran.action.AppenderAction - About to instantiate appender of type [ch.qos.logback.core.ConsoleAppender]
19:18:14,419 |-INFO in ch.qos.logback.core.joran.action.AppenderAction - Naming appender as [STDOUT]
19:18:14,437 |-INFO in ch.qos.logback.core.joran.action.NestedComplexPropertyIA - Assuming default type [ch.qos.logback.classic.encoder.PatternLayoutEncoder] for [encoder] property
19:18:14,519 |-INFO in ch.qos.logback.core.joran.action.AppenderAction - About to instantiate appender of type [ch.qos.logback.core.rolling.RollingFileAppender]
19:18:14,528 |-INFO in ch.qos.logback.core.joran.action.AppenderAction - Naming appender as [FILE]
19:18:14,555 |-INFO in c.q.l.core.rolling.TimeBasedRollingPolicy@127618319 - No compression will be used
19:18:14,556 |-INFO in c.q.l.core.rolling.TimeBasedRollingPolicy@127618319 - Will use the pattern /tmp/application_%d{yyyy-MM-dd}.%i.log for the active file
19:18:14,559 |-INFO in ch.qos.logback.core.rolling.SizeAndTimeBasedFNATP@6b2fad11 - The date pattern is 'yyyy-MM-dd' from file name pattern '/tmp/application_%d{yyyy-MM-dd}.%i.log'.
19:18:14,559 |-INFO in ch.qos.logback.core.rolling.SizeAndTimeBasedFNATP@6b2fad11 - Roll-over at midnight.
19:18:14,564 |-INFO in ch.qos.logback.core.rolling.SizeAndTimeBasedFNATP@6b2fad11 - Setting initial period to Mon Jun 10 19:16:40 UTC 2019
19:18:14,564 |-WARN in ch.qos.logback.core.rolling.SizeAndTimeBasedFNATP@6b2fad11 - SizeAndTimeBasedFNATP is deprecated. Use SizeAndTimeBasedRollingPolicy instead
19:18:14,564 |-WARN in ch.qos.logback.core.rolling.SizeAndTimeBasedFNATP@6b2fad11 - For more information see http://logback.qos.ch/manual/appenders.html#SizeAndTimeBasedRollingPolicy
19:18:14,569 |-INFO in ch.qos.logback.core.joran.action.NestedComplexPropertyIA - Assuming default type [ch.qos.logback.classic.encoder.PatternLayoutEncoder] for [encoder] property
19:18:14,574 |-INFO in ch.qos.logback.core.rolling.RollingFileAppender[FILE] - Active log file name: /tmp/application.log
19:18:14,574 |-INFO in ch.qos.logback.core.rolling.RollingFileAppender[FILE] - File property is set to [/tmp/application.log]
19:18:14,574 |-INFO in ch.qos.logback.classic.joran.action.RootLoggerAction - Setting level of ROOT logger to WARN
19:18:14,575 |-INFO in ch.qos.logback.core.joran.action.AppenderRefAction - Attaching appender named [STDOUT] to Logger[ROOT]
19:18:14,576 |-INFO in ch.qos.logback.core.joran.action.AppenderRefAction - Attaching appender named [FILE] to Logger[ROOT]
19:18:14,576 |-INFO in ch.qos.logback.classic.joran.action.ConfigurationAction - End of configuration.
19:18:14,577 |-INFO in ch.qos.logback.classic.joran.JoranConfigurator@79698539 - Registering current configuration as safe fallback point

Ama winner
Ama winner
2019-06-10T19:18:15.877+0000: 1.743: [Full GC (Metadata GC Threshold) 2019-06-10T19:18:15.877+0000: 1.743: [Tenured: 0K->15175K(341376K), 0.0422404 secs] 114923K->15175K(494976K), [Metaspace: 20736K->20736K(1067008K)], 0.0423109 secs] [Times: user=0.04 sys=0.00, real=0.04 secs] 
19:18:37.083 [Curator-PathChildrenCache-1] WARN  o.a.c.u.ZKPaths  - The version of ZooKeeper being used doesn't support Container nodes. CreateMode.PERSISTENT will be used instead.
2019-06-10T19:18:39.312+0000: 25.179: [GC (Allocation Failure) 2019-06-10T19:18:39.312+0000: 25.179: [DefNew: 136576K->17024K(153600K), 0.0341433 secs] 151751K->52491K(494976K), 0.0342097 secs] [Times: user=0.02 sys=0.01, real=0.04 secs] 
2019-06-10T19:18:43.798+0000: 29.664: [Full GC (Metadata GC Threshold) 2019-06-10T19:18:43.798+0000: 29.664: [Tenured: 35467K->43969K(341376K), 0.1003044 secs] 123539K->43969K(494976K), [Metaspace: 34587K->34587K(1079296K)], 0.1003982 secs] [Times: user=0.10 sys=0.00, real=0.10 secs] 
2019-06-10T19:18:53.247+0000: 39.114: [GC (Allocation Failure) 2019-06-10T19:18:53.247+0000: 39.114: [DefNew: 136576K->51K(153600K), 0.0017918 secs] 180545K->44020K(494976K), 0.0018555 secs] [Times: user=0.00 sys=0.00, real=0.00 secs] 
2019-06-10T19:19:02.588+0000: 48.455: [GC (Allocation Failure) 2019-06-10T19:19:02.588+0000: 48.455: [DefNew: 136627K->54K(153600K), 0.0016338 secs] 180596K->44024K(494976K), 0.0016945 secs] [Times: user=0.00 sys=0.00, real=0.00 secs] 
2019-06-10T19:19:12.178+0000: 58.045: [GC (Allocation Failure) 2019-06-10T19:19:12.178+0000: 58.045: [DefNew: 136630K->54K(153600K), 0.0016855 secs] 180600K->44023K(494976K), 0.0017457 secs] [Times: user=0.00 sys=0.00, real=0.00 secs] 
2019-06-10T19:19:22.561+0000: 68.427: [GC (Allocation Failure) 2019-06-10T19:19:22.561+0000: 68.427: [DefNew: 136630K->385K(153600K), 0.0021336 secs] 180599K->44354K(494976K), 0.0022023 secs] [Times: user=0.00 sys=0.01, real=0.00 secs] 
2019-06-10T19:19:33.831+0000: 79.697: [GC (Allocation Failure) 2019-06-10T19:19:33.831+0000: 79.697: [DefNew: 136961K->138K(153600K), 0.0019251 secs] 180930K->44107K(494976K), 0.0019867 secs] [Times: user=0.00 sys=0.00, real=0.00 secs] 
19:19:50.862 [Curator-PathChildrenCache-0] ERROR o.a.c.f.r.c.PathChildrenCache  - 
java.lang.IllegalStateException: instance must be started before calling this method
	at org.apache.curator.shaded.com.google.common.base.Preconditions.checkState(Preconditions.java:444)
	at org.apache.curator.framework.imps.CuratorFrameworkImpl.getChildren(CuratorFrameworkImpl.java:456)
	at org.apache.curator.framework.recipes.cache.PathChildrenCache.refresh(PathChildrenCache.java:521)
	at org.apache.curator.framework.recipes.cache.RefreshOperation.invoke(RefreshOperation.java:35)
	at org.apache.curator.framework.recipes.cache.PathChildrenCache$9.run(PathChildrenCache.java:786)
	at java.util.concurrent.Executors$RunnableAdapter.call(Executors.java:511)
	at java.util.concurrent.FutureTask.run(FutureTask.java:266)
	at java.util.concurrent.Executors$RunnableAdapter.call(Executors.java:511)
	at java.util.concurrent.FutureTask.run(FutureTask.java:266)
	at java.util.concurrent.ThreadPoolExecutor.runWorker(ThreadPoolExecutor.java:1149)
	at java.util.concurrent.ThreadPoolExecutor$Worker.run(ThreadPoolExecutor.java:624)
	at java.lang.Thread.run(Thread.java:748)
Heap
 def new generation   total 153600K, used 121201K [0x00000000e0c00000, 0x00000000eb2a0000, 0x00000000eb2a0000)
  eden space 136576K,  88% used [0x00000000e0c00000, 0x00000000e8239d30, 0x00000000e9160000)
  from space 17024K,   0% used [0x00000000e9160000, 0x00000000e9182908, 0x00000000ea200000)
  to   space 17024K,   0% used [0x00000000ea200000, 0x00000000ea200000, 0x00000000eb2a0000)
 tenured generation   total 341376K, used 43969K [0x00000000eb2a0000, 0x0000000100000000, 0x0000000100000000)
   the space 341376K,  12% used [0x00000000eb2a0000, 0x00000000edd905f0, 0x00000000edd90600, 0x0000000100000000)
 Metaspace       used 36027K, capacity 36922K, committed 37120K, reserved 1081344K
  class space    used 4858K, capacity 5073K, committed 5120K, reserved 1048576K
