01:05:04,571 |-INFO in ch.qos.logback.classic.LoggerContext[default] - Could NOT find resource [logback-test.xml]
01:05:04,571 |-INFO in ch.qos.logback.classic.LoggerContext[default] - Could NOT find resource [logback.groovy]
01:05:04,571 |-INFO in ch.qos.logback.classic.LoggerContext[default] - Found resource [logback.xml] at [jar:file:/home/nikitasokolov/flamestream/lib/flamestream-runtime-1.0-SNAPSHOT.jar!/logback.xml]
01:05:04,572 |-WARN in ch.qos.logback.classic.LoggerContext[default] - Resource [logback.xml] occurs multiple times on the classpath.
01:05:04,572 |-WARN in ch.qos.logback.classic.LoggerContext[default] - Resource [logback.xml] occurs at [jar:file:/home/nikitasokolov/flamestream/lib/flamestream-runtime-1.0-SNAPSHOT.jar!/logback.xml]
01:05:04,572 |-WARN in ch.qos.logback.classic.LoggerContext[default] - Resource [logback.xml] occurs at [jar:file:/home/nikitasokolov/flamestream/flamestream-runtime-1.0-SNAPSHOT.jar!/logback.xml]
01:05:04,588 |-INFO in ch.qos.logback.core.joran.spi.ConfigurationWatchList@6108b2d7 - URL [jar:file:/home/nikitasokolov/flamestream/lib/flamestream-runtime-1.0-SNAPSHOT.jar!/logback.xml] is not of type file
01:05:04,637 |-INFO in ch.qos.logback.classic.joran.action.ConfigurationAction - debug attribute not set
01:05:04,638 |-INFO in ch.qos.logback.core.joran.action.AppenderAction - About to instantiate appender of type [ch.qos.logback.core.ConsoleAppender]
01:05:04,645 |-INFO in ch.qos.logback.core.joran.action.AppenderAction - Naming appender as [STDOUT]
01:05:04,653 |-INFO in ch.qos.logback.core.joran.action.NestedComplexPropertyIA - Assuming default type [ch.qos.logback.classic.encoder.PatternLayoutEncoder] for [encoder] property
01:05:04,707 |-INFO in ch.qos.logback.core.joran.action.AppenderAction - About to instantiate appender of type [ch.qos.logback.core.rolling.RollingFileAppender]
01:05:04,712 |-INFO in ch.qos.logback.core.joran.action.AppenderAction - Naming appender as [FILE]
01:05:04,735 |-INFO in c.q.l.core.rolling.TimeBasedRollingPolicy@357863579 - No compression will be used
01:05:04,736 |-INFO in c.q.l.core.rolling.TimeBasedRollingPolicy@357863579 - Will use the pattern /tmp/application_%d{yyyy-MM-dd}.%i.log for the active file
01:05:04,739 |-INFO in ch.qos.logback.core.rolling.SizeAndTimeBasedFNATP@6bf256fa - The date pattern is 'yyyy-MM-dd' from file name pattern '/tmp/application_%d{yyyy-MM-dd}.%i.log'.
01:05:04,739 |-INFO in ch.qos.logback.core.rolling.SizeAndTimeBasedFNATP@6bf256fa - Roll-over at midnight.
01:05:04,743 |-INFO in ch.qos.logback.core.rolling.SizeAndTimeBasedFNATP@6bf256fa - Setting initial period to Sun Jun 09 01:04:19 MSK 2019
01:05:04,743 |-WARN in ch.qos.logback.core.rolling.SizeAndTimeBasedFNATP@6bf256fa - SizeAndTimeBasedFNATP is deprecated. Use SizeAndTimeBasedRollingPolicy instead
01:05:04,743 |-WARN in ch.qos.logback.core.rolling.SizeAndTimeBasedFNATP@6bf256fa - For more information see http://logback.qos.ch/manual/appenders.html#SizeAndTimeBasedRollingPolicy
01:05:04,749 |-INFO in ch.qos.logback.core.joran.action.NestedComplexPropertyIA - Assuming default type [ch.qos.logback.classic.encoder.PatternLayoutEncoder] for [encoder] property
01:05:04,752 |-INFO in ch.qos.logback.core.rolling.RollingFileAppender[FILE] - Active log file name: /tmp/application.log
01:05:04,752 |-INFO in ch.qos.logback.core.rolling.RollingFileAppender[FILE] - File property is set to [/tmp/application.log]
01:05:04,753 |-INFO in ch.qos.logback.classic.joran.action.RootLoggerAction - Setting level of ROOT logger to WARN
01:05:04,753 |-INFO in ch.qos.logback.core.joran.action.AppenderRefAction - Attaching appender named [STDOUT] to Logger[ROOT]
01:05:04,753 |-INFO in ch.qos.logback.core.joran.action.AppenderRefAction - Attaching appender named [FILE] to Logger[ROOT]
01:05:04,753 |-INFO in ch.qos.logback.classic.joran.action.ConfigurationAction - End of configuration.
01:05:04,754 |-INFO in ch.qos.logback.classic.joran.JoranConfigurator@6cd8737 - Registering current configuration as safe fallback point

2019-06-09T01:05:05.724+0300: 1.354: [GC (Metadata GC Threshold) [PSYoungGen: 108120K->15921K(149504K)] 108120K->16001K(491008K), 0.0183704 secs] [Times: user=0.04 sys=0.01, real=0.02 secs] 
2019-06-09T01:05:05.742+0300: 1.373: [Full GC (Metadata GC Threshold) [PSYoungGen: 15921K->0K(149504K)] [ParOldGen: 80K->15045K(341504K)] 16001K->15045K(491008K), [Metaspace: 20806K->20806K(1067008K)], 0.0320414 secs] [Times: user=0.16 sys=0.01, real=0.03 secs] 
01:05:13.988 [Curator-PathChildrenCache-1] WARN  o.a.c.u.ZKPaths  - The version of ZooKeeper being used doesn't support Container nodes. CreateMode.PERSISTENT will be used instead.
2019-06-09T01:05:14.999+0300: 10.629: [GC (Metadata GC Threshold) [PSYoungGen: 127780K->16004K(149504K)] 142826K->50589K(491008K), 0.0318823 secs] [Times: user=0.23 sys=0.03, real=0.03 secs] 
2019-06-09T01:05:15.031+0300: 10.661: [Full GC (Metadata GC Threshold) [PSYoungGen: 16004K->0K(149504K)] [ParOldGen: 34584K->38907K(341504K)] 50589K->38907K(491008K), [Metaspace: 34567K->34567K(1079296K)], 0.0438652 secs] [Times: user=0.27 sys=0.01, real=0.04 secs] 
2019-06-09T01:05:17.595+0300: 13.226: [GC (Allocation Failure) [PSYoungGen: 128512K->576K(149504K)] 167419K->39491K(491008K), 0.0041583 secs] [Times: user=0.02 sys=0.01, real=0.01 secs] 
2019-06-09T01:05:20.818+0300: 16.449: [GC (Allocation Failure) [PSYoungGen: 129088K->544K(149504K)] 168003K->39467K(491008K), 0.0030358 secs] [Times: user=0.02 sys=0.00, real=0.00 secs] 
2019-06-09T01:05:24.044+0300: 19.675: [GC (Allocation Failure) [PSYoungGen: 129056K->704K(129536K)] 167979K->39635K(471040K), 0.0083396 secs] [Times: user=0.07 sys=0.01, real=0.01 secs] 
2019-06-09T01:05:27.288+0300: 22.918: [GC (Allocation Failure) [PSYoungGen: 129216K->736K(150016K)] 168147K->39675K(491520K), 0.0030110 secs] [Times: user=0.01 sys=0.00, real=0.01 secs] 
2019-06-09T01:05:30.533+0300: 26.163: [GC (Allocation Failure) [PSYoungGen: 129248K->768K(148992K)] 168187K->39715K(490496K), 0.0058787 secs] [Times: user=0.02 sys=0.01, real=0.01 secs] 
2019-06-09T01:05:33.792+0300: 29.423: [GC (Allocation Failure) [PSYoungGen: 129280K->736K(151552K)] 168227K->39691K(493056K), 0.0029965 secs] [Times: user=0.02 sys=0.00, real=0.00 secs] 
2019-06-09T01:05:37.133+0300: 32.764: [GC (Allocation Failure) [PSYoungGen: 132320K->736K(150528K)] 171275K->39699K(492032K), 0.0027408 secs] [Times: user=0.01 sys=0.01, real=0.00 secs] 
2019-06-09T01:05:40.490+0300: 36.121: [GC (Allocation Failure) [PSYoungGen: 132320K->640K(153088K)] 171283K->39611K(494592K), 0.0147889 secs] [Times: user=0.13 sys=0.02, real=0.01 secs] 
2019-06-09T01:05:43.943+0300: 39.573: [GC (Allocation Failure) [PSYoungGen: 135808K->736K(152576K)] 174779K->39707K(494080K), 0.0028015 secs] [Times: user=0.01 sys=0.01, real=0.00 secs] 
2019-06-09T01:05:47.352+0300: 42.982: [GC (Allocation Failure) [PSYoungGen: 135904K->704K(154624K)] 174875K->39675K(496128K), 0.0033636 secs] [Times: user=0.02 sys=0.00, real=0.00 secs] 
2019-06-09T01:05:50.868+0300: 46.499: [GC (Allocation Failure) [PSYoungGen: 138944K->704K(154112K)] 177915K->39683K(495616K), 0.0044089 secs] [Times: user=0.03 sys=0.00, real=0.01 secs] 
2019-06-09T01:05:54.372+0300: 50.002: [GC (Allocation Failure) [PSYoungGen: 138944K->704K(156160K)] 177923K->39683K(497664K), 0.0038531 secs] [Times: user=0.01 sys=0.00, real=0.00 secs] 
2019-06-09T01:05:57.954+0300: 53.584: [GC (Allocation Failure) [PSYoungGen: 142016K->736K(155648K)] 180995K->39723K(497152K), 0.0035103 secs] [Times: user=0.02 sys=0.00, real=0.00 secs] 
2019-06-09T01:06:01.553+0300: 57.184: [GC (Allocation Failure) [PSYoungGen: 142048K->672K(157696K)] 181035K->39667K(499200K), 0.0027082 secs] [Times: user=0.01 sys=0.00, real=0.00 secs] 
2019-06-09T01:06:05.220+0300: 60.850: [GC (Allocation Failure) [PSYoungGen: 145056K->672K(157184K)] 184051K->39675K(498688K), 0.0032450 secs] [Times: user=0.01 sys=0.00, real=0.00 secs] 
2019-06-09T01:06:09.552+0300: 65.182: [GC (Allocation Failure) [PSYoungGen: 145056K->919K(159232K)] 184059K->40211K(500736K), 0.0041594 secs] [Times: user=0.01 sys=0.01, real=0.00 secs] 
01:06:21.846 [Curator-PathChildrenCache-0] ERROR o.a.c.f.r.c.PathChildrenCache  - 
java.lang.IllegalStateException: instance must be started before calling this method
	at org.apache.curator.shaded.com.google.common.base.Preconditions.checkState(Preconditions.java:444)
	at org.apache.curator.framework.imps.CuratorFrameworkImpl.getChildren(CuratorFrameworkImpl.java:456)
	at org.apache.curator.framework.recipes.cache.PathChildrenCache.refresh(PathChildrenCache.java:521)
	at org.apache.curator.framework.recipes.cache.RefreshOperation.invoke(RefreshOperation.java:35)
	at org.apache.curator.framework.recipes.cache.PathChildrenCache$9.run(PathChildrenCache.java:786)
	at java.util.concurrent.Executors$RunnableAdapter.call(Executors.java:511)
	at java.util.concurrent.FutureTask.run(FutureTask.java:266)
	at java.util.concurrent.Executors$RunnableAdapter.call(Executors.java:511)
	at java.util.concurrent.FutureTask.run(FutureTask.java:266)
	at java.util.concurrent.ThreadPoolExecutor.runWorker(ThreadPoolExecutor.java:1149)
	at java.util.concurrent.ThreadPoolExecutor$Worker.run(ThreadPoolExecutor.java:624)
	at java.lang.Thread.run(Thread.java:748)
Heap
 PSYoungGen      total 159232K, used 59629K [0x00000000f5980000, 0x0000000100000000, 0x0000000100000000)
  eden space 147456K, 39% used [0x00000000f5980000,0x00000000f92d5ac8,0x00000000fe980000)
  from space 11776K, 7% used [0x00000000ff480000,0x00000000ff565d20,0x0000000100000000)
  to   space 11264K, 0% used [0x00000000fe980000,0x00000000fe980000,0x00000000ff480000)
 ParOldGen       total 341504K, used 39291K [0x00000000e0c00000, 0x00000000f5980000, 0x00000000f5980000)
  object space 341504K, 11% used [0x00000000e0c00000,0x00000000e325ef20,0x00000000f5980000)
 Metaspace       used 36153K, capacity 36962K, committed 37208K, reserved 1081344K
  class space    used 4981K, capacity 5161K, committed 5248K, reserved 1048576K
