23:18:39,590 |-INFO in ch.qos.logback.classic.LoggerContext[default] - Could NOT find resource [logback-test.xml]
23:18:39,590 |-INFO in ch.qos.logback.classic.LoggerContext[default] - Could NOT find resource [logback.groovy]
23:18:39,590 |-INFO in ch.qos.logback.classic.LoggerContext[default] - Found resource [logback.xml] at [jar:file:/home/nikitasokolov/flamestream/lib/flamestream-runtime-1.0-SNAPSHOT.jar!/logback.xml]
23:18:39,591 |-WARN in ch.qos.logback.classic.LoggerContext[default] - Resource [logback.xml] occurs multiple times on the classpath.
23:18:39,591 |-WARN in ch.qos.logback.classic.LoggerContext[default] - Resource [logback.xml] occurs at [jar:file:/home/nikitasokolov/flamestream/lib/flamestream-runtime-1.0-SNAPSHOT.jar!/logback.xml]
23:18:39,591 |-WARN in ch.qos.logback.classic.LoggerContext[default] - Resource [logback.xml] occurs at [jar:file:/home/nikitasokolov/flamestream/flamestream-runtime-1.0-SNAPSHOT.jar!/logback.xml]
23:18:39,607 |-INFO in ch.qos.logback.core.joran.spi.ConfigurationWatchList@6108b2d7 - URL [jar:file:/home/nikitasokolov/flamestream/lib/flamestream-runtime-1.0-SNAPSHOT.jar!/logback.xml] is not of type file
23:18:39,658 |-INFO in ch.qos.logback.classic.joran.action.ConfigurationAction - debug attribute not set
23:18:39,658 |-INFO in ch.qos.logback.core.joran.action.AppenderAction - About to instantiate appender of type [ch.qos.logback.core.ConsoleAppender]
23:18:39,666 |-INFO in ch.qos.logback.core.joran.action.AppenderAction - Naming appender as [STDOUT]
23:18:39,674 |-INFO in ch.qos.logback.core.joran.action.NestedComplexPropertyIA - Assuming default type [ch.qos.logback.classic.encoder.PatternLayoutEncoder] for [encoder] property
23:18:39,732 |-INFO in ch.qos.logback.core.joran.action.AppenderAction - About to instantiate appender of type [ch.qos.logback.core.rolling.RollingFileAppender]
23:18:39,738 |-INFO in ch.qos.logback.core.joran.action.AppenderAction - Naming appender as [FILE]
23:18:39,759 |-INFO in c.q.l.core.rolling.TimeBasedRollingPolicy@357863579 - No compression will be used
23:18:39,760 |-INFO in c.q.l.core.rolling.TimeBasedRollingPolicy@357863579 - Will use the pattern /tmp/application_%d{yyyy-MM-dd}.%i.log for the active file
23:18:39,763 |-INFO in ch.qos.logback.core.rolling.SizeAndTimeBasedFNATP@6bf256fa - The date pattern is 'yyyy-MM-dd' from file name pattern '/tmp/application_%d{yyyy-MM-dd}.%i.log'.
23:18:39,763 |-INFO in ch.qos.logback.core.rolling.SizeAndTimeBasedFNATP@6bf256fa - Roll-over at midnight.
23:18:39,767 |-INFO in ch.qos.logback.core.rolling.SizeAndTimeBasedFNATP@6bf256fa - Setting initial period to Sat Jun 08 23:17:53 MSK 2019
23:18:39,767 |-WARN in ch.qos.logback.core.rolling.SizeAndTimeBasedFNATP@6bf256fa - SizeAndTimeBasedFNATP is deprecated. Use SizeAndTimeBasedRollingPolicy instead
23:18:39,767 |-WARN in ch.qos.logback.core.rolling.SizeAndTimeBasedFNATP@6bf256fa - For more information see http://logback.qos.ch/manual/appenders.html#SizeAndTimeBasedRollingPolicy
23:18:39,771 |-INFO in ch.qos.logback.core.joran.action.NestedComplexPropertyIA - Assuming default type [ch.qos.logback.classic.encoder.PatternLayoutEncoder] for [encoder] property
23:18:39,774 |-INFO in ch.qos.logback.core.rolling.RollingFileAppender[FILE] - Active log file name: /tmp/application.log
23:18:39,774 |-INFO in ch.qos.logback.core.rolling.RollingFileAppender[FILE] - File property is set to [/tmp/application.log]
23:18:39,775 |-INFO in ch.qos.logback.classic.joran.action.RootLoggerAction - Setting level of ROOT logger to WARN
23:18:39,775 |-INFO in ch.qos.logback.core.joran.action.AppenderRefAction - Attaching appender named [STDOUT] to Logger[ROOT]
23:18:39,775 |-INFO in ch.qos.logback.core.joran.action.AppenderRefAction - Attaching appender named [FILE] to Logger[ROOT]
23:18:39,775 |-INFO in ch.qos.logback.classic.joran.action.ConfigurationAction - End of configuration.
23:18:39,776 |-INFO in ch.qos.logback.classic.joran.JoranConfigurator@6cd8737 - Registering current configuration as safe fallback point

2019-06-08T23:18:40.754+0300: 1.376: [GC (Metadata GC Threshold) [PSYoungGen: 105581K->15809K(149504K)] 105581K->15889K(491008K), 0.0212669 secs] [Times: user=0.09 sys=0.02, real=0.02 secs] 
2019-06-08T23:18:40.775+0300: 1.398: [Full GC (Metadata GC Threshold) [PSYoungGen: 15809K->0K(149504K)] [ParOldGen: 80K->14981K(341504K)] 15889K->14981K(491008K), [Metaspace: 20799K->20799K(1067008K)], 0.0306153 secs] [Times: user=0.19 sys=0.01, real=0.03 secs] 
23:18:53.504 [Curator-PathChildrenCache-2] WARN  o.a.c.u.ZKPaths  - The version of ZooKeeper being used doesn't support Container nodes. CreateMode.PERSISTENT will be used instead.
2019-06-08T23:18:54.737+0300: 15.359: [GC (Metadata GC Threshold) [PSYoungGen: 128512K->16819K(149504K)] 143493K->51339K(491008K), 0.0276415 secs] [Times: user=0.21 sys=0.02, real=0.03 secs] 
2019-06-08T23:18:54.764+0300: 15.386: [Full GC (Metadata GC Threshold) [PSYoungGen: 16819K->0K(149504K)] [ParOldGen: 34520K->39691K(341504K)] 51339K->39691K(491008K), [Metaspace: 34514K->34512K(1079296K)], 0.0556537 secs] [Times: user=0.38 sys=0.01, real=0.06 secs] 
2019-06-08T23:18:56.702+0300: 17.325: [GC (Allocation Failure) [PSYoungGen: 128512K->640K(149504K)] 168203K->40339K(491008K), 0.0040436 secs] [Times: user=0.02 sys=0.00, real=0.00 secs] 
2019-06-08T23:18:58.493+0300: 19.115: [GC (Allocation Failure) [PSYoungGen: 129152K->608K(149504K)] 168851K->40315K(491008K), 0.0036507 secs] [Times: user=0.01 sys=0.01, real=0.00 secs] 
2019-06-08T23:18:59.837+0300: 20.459: [GC (Allocation Failure) [PSYoungGen: 129120K->736K(129536K)] 168827K->40451K(471040K), 0.0041078 secs] [Times: user=0.02 sys=0.00, real=0.01 secs] 
2019-06-08T23:19:01.251+0300: 21.873: [GC (Allocation Failure) [PSYoungGen: 129248K->896K(148992K)] 168963K->40619K(490496K), 0.0030220 secs] [Times: user=0.01 sys=0.00, real=0.00 secs] 
2019-06-08T23:19:02.595+0300: 23.217: [GC (Allocation Failure) [PSYoungGen: 127872K->800K(148480K)] 167595K->40531K(489984K), 0.0031227 secs] [Times: user=0.01 sys=0.00, real=0.01 secs] 
2019-06-08T23:19:03.800+0300: 24.422: [GC (Allocation Failure) [PSYoungGen: 127776K->928K(151040K)] 167507K->40667K(492544K), 0.0044159 secs] [Times: user=0.03 sys=0.00, real=0.00 secs] 
2019-06-08T23:19:05.590+0300: 26.212: [GC (Allocation Failure) [PSYoungGen: 131488K->800K(150016K)] 171227K->40547K(491520K), 0.0036627 secs] [Times: user=0.02 sys=0.01, real=0.00 secs] 
2019-06-08T23:19:07.144+0300: 27.766: [GC (Allocation Failure) [PSYoungGen: 131360K->1024K(152576K)] 171107K->40779K(494080K), 0.0033094 secs] [Times: user=0.02 sys=0.00, real=0.00 secs] 
2019-06-08T23:19:07.897+0300: 28.520: [GC (Allocation Failure) [PSYoungGen: 135168K->1152K(152064K)] 174923K->40915K(493568K), 0.0029166 secs] [Times: user=0.02 sys=0.00, real=0.01 secs] 
2019-06-08T23:19:08.878+0300: 29.500: [GC (Allocation Failure) [PSYoungGen: 135296K->1024K(154624K)] 175059K->40795K(496128K), 0.0040281 secs] [Times: user=0.02 sys=0.01, real=0.01 secs] 
2019-06-08T23:19:10.038+0300: 30.660: [GC (Allocation Failure) [PSYoungGen: 138752K->960K(153600K)] 178523K->40739K(495104K), 0.0036115 secs] [Times: user=0.02 sys=0.00, real=0.00 secs] 
2019-06-08T23:19:11.431+0300: 32.135: [GC (Allocation Failure) [PSYoungGen: 138688K->1216K(156160K)] 178467K->40995K(497664K), 0.0857976 secs] [Times: user=0.02 sys=0.01, real=0.08 secs] 
2019-06-08T23:19:12.612+0300: 33.234: [GC (Allocation Failure) [PSYoungGen: 142016K->1088K(155136K)] 181795K->40867K(496640K), 0.0030363 secs] [Times: user=0.02 sys=0.00, real=0.00 secs] 
2019-06-08T23:19:14.136+0300: 34.758: [GC (Allocation Failure) [PSYoungGen: 141888K->1120K(157696K)] 181667K->40907K(499200K), 0.0031212 secs] [Times: user=0.01 sys=0.00, real=0.01 secs] 
2019-06-08T23:19:15.830+0300: 36.452: [GC (Allocation Failure) [PSYoungGen: 145504K->1216K(157184K)] 185291K->41011K(498688K), 0.0029054 secs] [Times: user=0.01 sys=0.00, real=0.00 secs] 
2019-06-08T23:19:17.340+0300: 37.968: [GC (Allocation Failure) [PSYoungGen: 145600K->832K(159232K)] 185395K->40947K(500736K), 0.0101229 secs] [Times: user=0.01 sys=0.00, real=0.01 secs] 
2019-06-08T23:19:18.863+0300: 39.485: [GC (Allocation Failure) [PSYoungGen: 147776K->800K(158208K)] 187891K->41011K(499712K), 0.0028535 secs] [Times: user=0.01 sys=0.00, real=0.00 secs] 
2019-06-08T23:19:20.994+0300: 41.616: [GC (Allocation Failure) [PSYoungGen: 147744K->704K(160256K)] 187955K->41059K(501760K), 0.0040619 secs] [Times: user=0.03 sys=0.00, real=0.01 secs] 
23:19:31.608 [Curator-PathChildrenCache-0] ERROR o.a.c.f.r.c.PathChildrenCache  - 
java.lang.IllegalStateException: instance must be started before calling this method
	at org.apache.curator.shaded.com.google.common.base.Preconditions.checkState(Preconditions.java:444)
	at org.apache.curator.framework.imps.CuratorFrameworkImpl.getChildren(CuratorFrameworkImpl.java:456)
	at org.apache.curator.framework.recipes.cache.PathChildrenCache.refresh(PathChildrenCache.java:521)
	at org.apache.curator.framework.recipes.cache.RefreshOperation.invoke(RefreshOperation.java:35)
	at org.apache.curator.framework.recipes.cache.PathChildrenCache$9.run(PathChildrenCache.java:786)
	at java.util.concurrent.Executors$RunnableAdapter.call(Executors.java:511)
	at java.util.concurrent.FutureTask.run(FutureTask.java:266)
	at java.util.concurrent.Executors$RunnableAdapter.call(Executors.java:511)
	at java.util.concurrent.FutureTask.run(FutureTask.java:266)
	at java.util.concurrent.ThreadPoolExecutor.runWorker(ThreadPoolExecutor.java:1149)
	at java.util.concurrent.ThreadPoolExecutor$Worker.run(ThreadPoolExecutor.java:624)
	at java.lang.Thread.run(Thread.java:748)
Heap
 PSYoungGen      total 160256K, used 97027K [0x00000000f5980000, 0x0000000100000000, 0x0000000100000000)
  eden space 149504K, 64% used [0x00000000f5980000,0x00000000fb790c68,0x00000000feb80000)
  from space 10752K, 6% used [0x00000000ff580000,0x00000000ff630090,0x0000000100000000)
  to   space 10240K, 0% used [0x00000000feb80000,0x00000000feb80000,0x00000000ff580000)
 ParOldGen       total 341504K, used 40355K [0x00000000e0c00000, 0x00000000f5980000, 0x00000000f5980000)
  object space 341504K, 11% used [0x00000000e0c00000,0x00000000e3368d88,0x00000000f5980000)
 Metaspace       used 36042K, capacity 37038K, committed 37208K, reserved 1081344K
  class space    used 4978K, capacity 5195K, committed 5248K, reserved 1048576K
