13:20:43,102 |-INFO in ch.qos.logback.classic.LoggerContext[default] - Could NOT find resource [logback-test.xml]
13:20:43,102 |-INFO in ch.qos.logback.classic.LoggerContext[default] - Could NOT find resource [logback.groovy]
13:20:43,102 |-INFO in ch.qos.logback.classic.LoggerContext[default] - Found resource [logback.xml] at [jar:file:/root/flamestream/lib/flamestream-runtime-1.0-SNAPSHOT.jar!/logback.xml]
13:20:43,106 |-WARN in ch.qos.logback.classic.LoggerContext[default] - Resource [logback.xml] occurs multiple times on the classpath.
13:20:43,106 |-WARN in ch.qos.logback.classic.LoggerContext[default] - Resource [logback.xml] occurs at [jar:file:/root/flamestream/lib/flamestream-runtime-1.0-SNAPSHOT.jar!/logback.xml]
13:20:43,106 |-WARN in ch.qos.logback.classic.LoggerContext[default] - Resource [logback.xml] occurs at [jar:file:/root/flamestream/flamestream-runtime-1.0-SNAPSHOT.jar!/logback.xml]
13:20:43,125 |-INFO in ch.qos.logback.core.joran.spi.ConfigurationWatchList@3fb6a447 - URL [jar:file:/root/flamestream/lib/flamestream-runtime-1.0-SNAPSHOT.jar!/logback.xml] is not of type file
13:20:43,195 |-INFO in ch.qos.logback.classic.joran.action.ConfigurationAction - debug attribute not set
13:20:43,196 |-INFO in ch.qos.logback.core.joran.action.AppenderAction - About to instantiate appender of type [ch.qos.logback.core.ConsoleAppender]
13:20:43,216 |-INFO in ch.qos.logback.core.joran.action.AppenderAction - Naming appender as [STDOUT]
13:20:43,232 |-INFO in ch.qos.logback.core.joran.action.NestedComplexPropertyIA - Assuming default type [ch.qos.logback.classic.encoder.PatternLayoutEncoder] for [encoder] property
13:20:43,317 |-INFO in ch.qos.logback.core.joran.action.AppenderAction - About to instantiate appender of type [ch.qos.logback.core.rolling.RollingFileAppender]
13:20:43,322 |-INFO in ch.qos.logback.core.joran.action.AppenderAction - Naming appender as [FILE]
13:20:43,352 |-INFO in c.q.l.core.rolling.TimeBasedRollingPolicy@127618319 - No compression will be used
13:20:43,353 |-INFO in c.q.l.core.rolling.TimeBasedRollingPolicy@127618319 - Will use the pattern /tmp/application_%d{yyyy-MM-dd}.%i.log for the active file
13:20:43,356 |-INFO in ch.qos.logback.core.rolling.SizeAndTimeBasedFNATP@6b2fad11 - The date pattern is 'yyyy-MM-dd' from file name pattern '/tmp/application_%d{yyyy-MM-dd}.%i.log'.
13:20:43,356 |-INFO in ch.qos.logback.core.rolling.SizeAndTimeBasedFNATP@6b2fad11 - Roll-over at midnight.
13:20:43,361 |-INFO in ch.qos.logback.core.rolling.SizeAndTimeBasedFNATP@6b2fad11 - Setting initial period to Mon Jun 10 13:19:16 UTC 2019
13:20:43,361 |-WARN in ch.qos.logback.core.rolling.SizeAndTimeBasedFNATP@6b2fad11 - SizeAndTimeBasedFNATP is deprecated. Use SizeAndTimeBasedRollingPolicy instead
13:20:43,361 |-WARN in ch.qos.logback.core.rolling.SizeAndTimeBasedFNATP@6b2fad11 - For more information see http://logback.qos.ch/manual/appenders.html#SizeAndTimeBasedRollingPolicy
13:20:43,365 |-INFO in ch.qos.logback.core.joran.action.NestedComplexPropertyIA - Assuming default type [ch.qos.logback.classic.encoder.PatternLayoutEncoder] for [encoder] property
13:20:43,370 |-INFO in ch.qos.logback.core.rolling.RollingFileAppender[FILE] - Active log file name: /tmp/application.log
13:20:43,370 |-INFO in ch.qos.logback.core.rolling.RollingFileAppender[FILE] - File property is set to [/tmp/application.log]
13:20:43,371 |-INFO in ch.qos.logback.classic.joran.action.RootLoggerAction - Setting level of ROOT logger to WARN
13:20:43,371 |-INFO in ch.qos.logback.core.joran.action.AppenderRefAction - Attaching appender named [STDOUT] to Logger[ROOT]
13:20:43,373 |-INFO in ch.qos.logback.core.joran.action.AppenderRefAction - Attaching appender named [FILE] to Logger[ROOT]
13:20:43,373 |-INFO in ch.qos.logback.classic.joran.action.ConfigurationAction - End of configuration.
13:20:43,373 |-INFO in ch.qos.logback.classic.joran.JoranConfigurator@79698539 - Registering current configuration as safe fallback point

Ama winner
Ama winner
2019-06-10T13:20:44.609+0000: 1.688: [Full GC (Metadata GC Threshold) 2019-06-10T13:20:44.609+0000: 1.688: [Tenured: 0K->15145K(341376K), 0.0429989 secs] 114987K->15145K(494976K), [Metaspace: 20737K->20737K(1067008K)], 0.0430682 secs] [Times: user=0.04 sys=0.01, real=0.04 secs] 
13:21:02.658 [Curator-PathChildrenCache-1] WARN  o.a.c.u.ZKPaths  - The version of ZooKeeper being used doesn't support Container nodes. CreateMode.PERSISTENT will be used instead.
2019-06-10T13:21:04.644+0000: 21.723: [GC (GCLocker Initiated GC) 2019-06-10T13:21:04.644+0000: 21.723: [DefNew: 118023K->17024K(153600K), 0.0180697 secs] 152700K->52336K(494976K), 0.0181441 secs] [Times: user=0.02 sys=0.00, real=0.02 secs] 
2019-06-10T13:21:06.548+0000: 23.627: [Full GC (Metadata GC Threshold) 2019-06-10T13:21:06.548+0000: 23.627: [Tenured: 35312K->44253K(341376K), 0.0710805 secs] 79697K->44253K(494976K), [Metaspace: 34596K->34596K(1079296K)], 0.0711597 secs] [Times: user=0.07 sys=0.00, real=0.07 secs] 
2019-06-10T13:21:14.387+0000: 31.466: [GC (Allocation Failure) 2019-06-10T13:21:14.387+0000: 31.466: [DefNew: 136576K->76K(153600K), 0.0019910 secs] 180829K->44330K(494976K), 0.0020510 secs] [Times: user=0.00 sys=0.00, real=0.00 secs] 
2019-06-10T13:21:22.053+0000: 39.132: [GC (Allocation Failure) 2019-06-10T13:21:22.053+0000: 39.132: [DefNew: 136652K->74K(153600K), 0.0017616 secs] 180906K->44328K(494976K), 0.0018220 secs] [Times: user=0.00 sys=0.00, real=0.00 secs] 
2019-06-10T13:21:29.814+0000: 46.893: [GC (Allocation Failure) 2019-06-10T13:21:29.814+0000: 46.893: [DefNew: 136650K->77K(153600K), 0.0017895 secs] 180904K->44331K(494976K), 0.0018511 secs] [Times: user=0.00 sys=0.00, real=0.01 secs] 
2019-06-10T13:21:37.578+0000: 54.657: [GC (Allocation Failure) 2019-06-10T13:21:37.578+0000: 54.657: [DefNew: 136653K->78K(153600K), 0.0018125 secs] 180907K->44332K(494976K), 0.0018720 secs] [Times: user=0.00 sys=0.00, real=0.00 secs] 
2019-06-10T13:21:45.250+0000: 62.328: [GC (Allocation Failure) 2019-06-10T13:21:45.250+0000: 62.328: [DefNew: 136654K->379K(153600K), 0.0022912 secs] 180908K->44632K(494976K), 0.0023524 secs] [Times: user=0.01 sys=0.00, real=0.00 secs] 
2019-06-10T13:21:55.447+0000: 72.526: [GC (Allocation Failure) 2019-06-10T13:21:55.447+0000: 72.526: [DefNew: 136955K->172K(153600K), 0.0020779 secs] 181208K->44425K(494976K), 0.0021375 secs] [Times: user=0.01 sys=0.00, real=0.00 secs] 
13:22:04.006 [Curator-PathChildrenCache-0] ERROR o.a.c.f.r.c.PathChildrenCache  - 
java.lang.IllegalStateException: instance must be started before calling this method
	at org.apache.curator.shaded.com.google.common.base.Preconditions.checkState(Preconditions.java:444)
	at org.apache.curator.framework.imps.CuratorFrameworkImpl.getChildren(CuratorFrameworkImpl.java:456)
	at org.apache.curator.framework.recipes.cache.PathChildrenCache.refresh(PathChildrenCache.java:521)
	at org.apache.curator.framework.recipes.cache.RefreshOperation.invoke(RefreshOperation.java:35)
	at org.apache.curator.framework.recipes.cache.PathChildrenCache$9.run(PathChildrenCache.java:786)
	at java.util.concurrent.Executors$RunnableAdapter.call(Executors.java:511)
	at java.util.concurrent.FutureTask.run(FutureTask.java:266)
	at java.util.concurrent.Executors$RunnableAdapter.call(Executors.java:511)
	at java.util.concurrent.FutureTask.run(FutureTask.java:266)
	at java.util.concurrent.ThreadPoolExecutor.runWorker(ThreadPoolExecutor.java:1149)
	at java.util.concurrent.ThreadPoolExecutor$Worker.run(ThreadPoolExecutor.java:624)
	at java.lang.Thread.run(Thread.java:748)
Heap
 def new generation   total 153600K, used 50963K [0x00000000e0c00000, 0x00000000eb2a0000, 0x00000000eb2a0000)
  eden space 136576K,  37% used [0x00000000e0c00000, 0x00000000e3d99cc8, 0x00000000e9160000)
  from space 17024K,   1% used [0x00000000ea200000, 0x00000000ea22b010, 0x00000000eb2a0000)
  to   space 17024K,   0% used [0x00000000e9160000, 0x00000000e9160000, 0x00000000ea200000)
 tenured generation   total 341376K, used 44253K [0x00000000eb2a0000, 0x0000000100000000, 0x0000000100000000)
   the space 341376K,  12% used [0x00000000eb2a0000, 0x00000000eddd7718, 0x00000000eddd7800, 0x0000000100000000)
 Metaspace       used 36311K, capacity 37262K, committed 37376K, reserved 1081344K
  class space    used 4875K, capacity 5087K, committed 5120K, reserved 1048576K
