13:03:41,099 |-INFO in ch.qos.logback.classic.LoggerContext[default] - Could NOT find resource [logback-test.xml]
13:03:41,099 |-INFO in ch.qos.logback.classic.LoggerContext[default] - Could NOT find resource [logback.groovy]
13:03:41,099 |-INFO in ch.qos.logback.classic.LoggerContext[default] - Found resource [logback.xml] at [jar:file:/home/ubuntu/flamestream/lib/flamestream-runtime-1.0-SNAPSHOT.jar!/logback.xml]
13:03:41,100 |-WARN in ch.qos.logback.classic.LoggerContext[default] - Resource [logback.xml] occurs multiple times on the classpath.
13:03:41,100 |-WARN in ch.qos.logback.classic.LoggerContext[default] - Resource [logback.xml] occurs at [jar:file:/home/ubuntu/flamestream/flamestream-runtime-1.0-SNAPSHOT.jar!/logback.xml]
13:03:41,100 |-WARN in ch.qos.logback.classic.LoggerContext[default] - Resource [logback.xml] occurs at [jar:file:/home/ubuntu/flamestream/lib/flamestream-runtime-1.0-SNAPSHOT.jar!/logback.xml]
13:03:41,121 |-INFO in ch.qos.logback.core.joran.spi.ConfigurationWatchList@4678c730 - URL [jar:file:/home/ubuntu/flamestream/lib/flamestream-runtime-1.0-SNAPSHOT.jar!/logback.xml] is not of type file
13:03:41,198 |-INFO in ch.qos.logback.classic.joran.action.ConfigurationAction - debug attribute not set
13:03:41,199 |-INFO in ch.qos.logback.core.joran.action.AppenderAction - About to instantiate appender of type [ch.qos.logback.core.ConsoleAppender]
13:03:41,220 |-INFO in ch.qos.logback.core.joran.action.AppenderAction - Naming appender as [STDOUT]
13:03:41,236 |-INFO in ch.qos.logback.core.joran.action.NestedComplexPropertyIA - Assuming default type [ch.qos.logback.classic.encoder.PatternLayoutEncoder] for [encoder] property
13:03:41,332 |-INFO in ch.qos.logback.core.joran.action.AppenderAction - About to instantiate appender of type [ch.qos.logback.core.rolling.RollingFileAppender]
13:03:41,342 |-INFO in ch.qos.logback.core.joran.action.AppenderAction - Naming appender as [FILE]
13:03:41,374 |-INFO in c.q.l.core.rolling.TimeBasedRollingPolicy@1734853116 - No compression will be used
13:03:41,380 |-INFO in c.q.l.core.rolling.TimeBasedRollingPolicy@1734853116 - Will use the pattern /tmp/application_%d{yyyy-MM-dd}.%i.log for the active file
13:03:41,385 |-INFO in ch.qos.logback.core.rolling.SizeAndTimeBasedFNATP@29ee9faa - The date pattern is 'yyyy-MM-dd' from file name pattern '/tmp/application_%d{yyyy-MM-dd}.%i.log'.
13:03:41,386 |-INFO in ch.qos.logback.core.rolling.SizeAndTimeBasedFNATP@29ee9faa - Roll-over at midnight.
13:03:41,391 |-INFO in ch.qos.logback.core.rolling.SizeAndTimeBasedFNATP@29ee9faa - Setting initial period to Sat Oct 05 12:57:37 UTC 2019
13:03:41,391 |-WARN in ch.qos.logback.core.rolling.SizeAndTimeBasedFNATP@29ee9faa - SizeAndTimeBasedFNATP is deprecated. Use SizeAndTimeBasedRollingPolicy instead
13:03:41,391 |-WARN in ch.qos.logback.core.rolling.SizeAndTimeBasedFNATP@29ee9faa - For more information see http://logback.qos.ch/manual/appenders.html#SizeAndTimeBasedRollingPolicy
13:03:41,397 |-INFO in ch.qos.logback.core.joran.action.NestedComplexPropertyIA - Assuming default type [ch.qos.logback.classic.encoder.PatternLayoutEncoder] for [encoder] property
13:03:41,406 |-INFO in ch.qos.logback.core.rolling.RollingFileAppender[FILE] - Active log file name: /tmp/application.log
13:03:41,406 |-INFO in ch.qos.logback.core.rolling.RollingFileAppender[FILE] - File property is set to [/tmp/application.log]
13:03:41,408 |-INFO in ch.qos.logback.classic.joran.action.RootLoggerAction - Setting level of ROOT logger to INFO
13:03:41,408 |-INFO in ch.qos.logback.core.joran.action.AppenderRefAction - Attaching appender named [STDOUT] to Logger[ROOT]
13:03:41,409 |-INFO in ch.qos.logback.core.joran.action.AppenderRefAction - Attaching appender named [FILE] to Logger[ROOT]
13:03:41,409 |-INFO in ch.qos.logback.classic.joran.action.ConfigurationAction - End of configuration.
13:03:41,410 |-INFO in ch.qos.logback.classic.joran.JoranConfigurator@c038203 - Registering current configuration as safe fallback point

13:03:41.417 [main] INFO  c.s.f.r.WorkerApplication  - Starting worker with workerConfig 'WorkerConfig{id='flamestream-benchmarks-worker-2', localAddress=flamestream-benchmarks-worker-2/10.0.0.58:5412, zkString='flamestream-benchmarks-manager:12181', snapshotPath='/home/ubuntu/flamestream/data', guarantees=AT_MOST_ONCE}'
13:03:42.844 [worker-akka.actor.default-dispatcher-6] INFO  a.e.s.Slf4jLogger  - Slf4jLogger started
2019-10-05T13:03:42.997+0000: 2.313: [Full GC (Metadata GC Threshold) 2019-10-05T13:03:42.997+0000: 2.313: [Tenured: 0K->13624K(1024000K), 0.0558783 secs] 139464K->13624K(1484800K), [Metaspace: 20221K->20221K(1067008K)], 0.0559748 secs] [Times: user=0.05 sys=0.00, real=0.05 secs] 
13:03:43.157 [worker-akka.actor.default-dispatcher-6] WARN  a.r.RemoteActorRefProvider akka.remote.RemoteActorRefProvider - Using the 'remote' ActorRefProvider directly, which is a low-level layer. For most use cases, the 'cluster' abstraction on top of remoting is more suitable instead.
13:03:43.163 [worker-akka.actor.default-dispatcher-6] WARN  a.r.RemoteActorRefProvider akka.remote.RemoteActorRefProvider - Akka Cluster not in use - Using Akka Cluster is recommended if you need remote watch and deploy.
13:03:43.282 [worker-akka.actor.default-dispatcher-6] INFO  a.r.a.a.ArteryAeronUdpTransport(akka://worker) akka.remote.artery.aeron.ArteryAeronUdpTransport(akka://worker) - Started embedded media driver in directory [/dev/shm/aeron-flamestream-benchmarks-worker-2]
13:03:43.319 [worker-akka.actor.default-dispatcher-6] WARN  a.r.a.a.ArteryAeronUdpTransport(akka://worker) akka.remote.artery.aeron.ArteryAeronUdpTransport(akka://worker) - Aeron CnC version mismatch: compiled version = 15, file version = 16
13:03:43.591 [worker-akka.actor.default-dispatcher-6] INFO  a.r.a.a.ArteryAeronUdpTransport(akka://worker) akka.remote.artery.aeron.ArteryAeronUdpTransport(akka://worker) - Remoting started with transport [Artery aeron-udp]; listening on address [akka://worker@flamestream-benchmarks-worker-2:5412] and bound to [akka://worker@0.0.0.0:5412] with UID [732624876719069413]
13:03:44.183 [worker-akka.actor.default-dispatcher-6] WARN  a.s.Serialization(akka://worker) akka.serialization.Serialization(akka://worker) - Using serializer [com.romix.akka.serialization.kryo.KryoSerializer] for message [akka.actor.ActorSelectionMessage]. Note that this serializer is not implemented by Akka. It's not recommended to replace serializers for messages provided by Akka.
13:03:44.184 [worker-akka.actor.default-dispatcher-6] WARN  a.s.Serialization(akka://worker) akka.serialization.Serialization(akka://worker) - Using serializer [com.romix.akka.serialization.kryo.KryoSerializer] for message [akka.actor.ActorIdentity]. Note that this serializer is not implemented by Akka. It's not recommended to replace serializers for messages provided by Akka.
13:03:44.238 [worker-akka.actor.default-dispatcher-9] INFO  a.a.RepointableActorRef akka://worker/user/watcher - Starting...
13:03:44.363 [worker-akka.actor.default-dispatcher-6] INFO  o.a.c.u.Compatibility  - Running in ZooKeeper 3.4.x compatibility mode
13:03:44.423 [worker-akka.actor.default-dispatcher-6] INFO  o.a.c.f.i.CuratorFrameworkImpl  - Starting
13:03:44.448 [worker-akka.actor.default-dispatcher-6] INFO  o.a.z.ZooKeeper  - Client environment:zookeeper.version=3.4.14-4c25d480e66aadd371de8bd2fd8da255ac140bcf, built on 03/06/2019 16:18 GMT
13:03:44.448 [worker-akka.actor.default-dispatcher-6] INFO  o.a.z.ZooKeeper  - Client environment:host.name=flamestream-benchmarks-worker-2
13:03:44.449 [worker-akka.actor.default-dispatcher-6] INFO  o.a.z.ZooKeeper  - Client environment:java.version=1.8.0_222
13:03:44.449 [worker-akka.actor.default-dispatcher-6] INFO  o.a.z.ZooKeeper  - Client environment:java.vendor=Private Build
13:03:44.454 [worker-akka.actor.default-dispatcher-6] INFO  o.a.z.ZooKeeper  - Client environment:java.home=/usr/lib/jvm/java-8-openjdk-amd64/jre
13:03:44.454 [worker-akka.actor.default-dispatcher-6] INFO  o.a.z.ZooKeeper  - Client environment:java.class.path=lib/curator-framework-4.0.1.jar:lib/commons-csv-1.4.jar:lib/aeron-client-1.21.2.jar:lib/scala-library-2.12.9.jar:lib/asm-5.0.4.jar:lib/agrona-1.0.1.jar:lib/curator-recipes-4.0.1.jar:lib/akka-testkit_2.12-2.6.0-M6.jar:lib/flamestream-runtime-1.0-SNAPSHOT.jar:lib/slf4j-simple-2.0.0-alpha1.jar:lib/jsr305-3.0.2.jar:lib/trove4j-3.0.3.jar:lib/flamestream-core-1.0-SNAPSHOT.jar:lib/commons-io-2.4.jar:lib/minlog-1.3.0.jar:lib/kryonet-2.21.jar:lib/commons-1.4.9.jar:lib/jline-0.9.94.jar:lib/akka-remote_2.12-2.6.0-M6.jar:lib/leveldbjni-all-1.8.jar:lib/lz4-1.3.0.jar:lib/slf4j-api-1.7.24.jar:lib/scala-parser-combinators_2.12-1.1.2.jar:lib/flamestream-core-1.0-SNAPSHOT-tests.jar:lib/logback-core-1.2.3.jar:lib/netty-3.10.6.Final.jar:lib/protobuf-java-3.9.0.jar:lib/minlog-1.2.jar:lib/leveldb-api-0.7.jar:lib/jool-0.9.12.jar:lib/commons-cli-1.4.jar:lib/jblas-1.2.4.jar:lib/reflectasm-1.11.3.jar:lib/reflectasm-1.07-shaded.jar:lib/audience-annotations-0.5.0.jar:lib/jackson-annotations-2.9.6.jar:lib/commons-lang-2.6.jar:lib/ssl-config-core_2.12-0.3.8.jar:lib/annotations-13.0.jar:lib/logback-classic-1.2.3.jar:lib/guava-21.0.jar:lib/reactive-streams-1.0.2.jar:lib/spotbugs-annotations-3.1.9.jar:lib/leveldb-0.7.jar:lib/commons-pool2-2.4.2.jar:lib/rocksdbjni-5.5.1.jar:lib/jackson-core-2.9.9.jar:lib/jackson-databind-2.9.9.2.jar:lib/akka-protobuf-v3_2.12-2.6.0-M6.jar:lib/jackson-annotations-2.9.0.jar:lib/flamestream-examples-1.0-SNAPSHOT.jar:lib/objenesis-2.1.jar:lib/akka-kryo-serialization_2.12-0.5.2.jar:lib/scala-java8-compat_2.12-0.8.0.jar:lib/zookeeper-3.4.14.jar:lib/akka-slf4j_2.12-2.6.0-M6.jar:lib/kryo-4.0.0.jar:lib/akka-stream_2.12-2.6.0-M6.jar:lib/aeron-driver-1.21.2.jar:lib/config-1.3.1.jar:lib/annotations-12.0.jar:lib/jedis-2.9.0.jar:lib/jcommander-1.48.jar:lib/testng-6.10.jar:lib/akka-actor_2.12-2.6.0-M6.jar:lib/curator-client-4.0.1.jar:flamestream-runtime-1.0-SNAPSHOT.jar
13:03:44.454 [worker-akka.actor.default-dispatcher-6] INFO  o.a.z.ZooKeeper  - Client environment:java.library.path=/usr/java/packages/lib/amd64:/usr/lib/x86_64-linux-gnu/jni:/lib/x86_64-linux-gnu:/usr/lib/x86_64-linux-gnu:/usr/lib/jni:/lib:/usr/lib
13:03:44.454 [worker-akka.actor.default-dispatcher-6] INFO  o.a.z.ZooKeeper  - Client environment:java.io.tmpdir=/tmp
13:03:44.454 [worker-akka.actor.default-dispatcher-6] INFO  o.a.z.ZooKeeper  - Client environment:java.compiler=<NA>
13:03:44.455 [worker-akka.actor.default-dispatcher-6] INFO  o.a.z.ZooKeeper  - Client environment:os.name=Linux
13:03:44.458 [worker-akka.actor.default-dispatcher-6] INFO  o.a.z.ZooKeeper  - Client environment:os.arch=amd64
13:03:44.458 [worker-akka.actor.default-dispatcher-6] INFO  o.a.z.ZooKeeper  - Client environment:os.version=4.15.0-1040-gcp
13:03:44.459 [worker-akka.actor.default-dispatcher-6] INFO  o.a.z.ZooKeeper  - Client environment:user.name=ubuntu
13:03:44.459 [worker-akka.actor.default-dispatcher-6] INFO  o.a.z.ZooKeeper  - Client environment:user.home=/home/ubuntu
13:03:44.460 [worker-akka.actor.default-dispatcher-6] INFO  o.a.z.ZooKeeper  - Client environment:user.dir=/home/ubuntu/flamestream
13:03:44.463 [worker-akka.actor.default-dispatcher-6] INFO  o.a.z.ZooKeeper  - Initiating client connection, connectString=flamestream-benchmarks-manager:12181 sessionTimeout=60000 watcher=org.apache.curator.ConnectionState@831da6f
13:03:44.518 [worker-akka.actor.default-dispatcher-6-SendThread(flamestream-benchmarks-manager:12181)] INFO  o.a.z.ClientCnxn  - Opening socket connection to server flamestream-benchmarks-manager/10.0.0.2:12181. Will not attempt to authenticate using SASL (unknown error)
13:03:44.520 [worker-akka.actor.default-dispatcher-6] INFO  o.a.c.f.i.CuratorFrameworkImpl  - Default schema
13:03:44.525 [worker-akka.actor.default-dispatcher-6-SendThread(flamestream-benchmarks-manager:12181)] INFO  o.a.z.ClientCnxn  - Socket connection established to flamestream-benchmarks-manager/10.0.0.2:12181, initiating session
13:03:44.538 [worker-akka.actor.default-dispatcher-6-SendThread(flamestream-benchmarks-manager:12181)] INFO  o.a.z.ClientCnxn  - Session establishment complete on server flamestream-benchmarks-manager/10.0.0.2:12181, sessionid = 0x10000a10fd90002, negotiated timeout = 60000
13:03:44.549 [worker-akka.actor.default-dispatcher-6-EventThread] INFO  o.a.c.f.s.ConnectionStateManager  - State change: CONNECTED
13:03:44.555 [worker-akka.actor.default-dispatcher-9] INFO  a.a.RepointableActorRef akka://worker/user/watcher - Initializing rocksDB backend
2019-10-05T13:03:45.384+0000: 4.700: [Full GC (Metadata GC Threshold) 2019-10-05T13:03:45.384+0000: 4.700: [Tenured: 13624K->25909K(1024000K), 0.0990652 secs] 161147K->25909K(1484800K), [Metaspace: 33679K->33679K(1079296K)], 0.0991897 secs] [Times: user=0.10 sys=0.01, real=0.10 secs] 
13:03:45.594 [worker-akka.actor.default-dispatcher-6] INFO  a.a.LocalActorRef akka://worker/user/watcher/processing-watcher - Starting...
13:03:45.624 [worker-akka.actor.default-dispatcher-9] INFO  a.a.LocalActorRef akka://worker/user/watcher/acker - Starting...
13:04:20.870 [Curator-PathChildrenCache-1] WARN  o.a.c.u.ZKPaths  - The version of ZooKeeper being used doesn't support Container nodes. CreateMode.PERSISTENT will be used instead.
13:04:20.994 [worker-akka.actor.default-dispatcher-11] INFO  a.a.LocalActorRef akka://worker/user/watcher/processing-watcher/$a - Starting...
13:04:21.008 [worker-akka.actor.default-dispatcher-6] INFO  a.a.LocalActorRef akka://worker/user/watcher/processing-watcher/$a - Stopped
13:04:27.012 [worker-akka.actor.default-dispatcher-13] INFO  a.a.LocalActorRef akka://worker/user/watcher/processing-watcher/$d/$a - Starting...
13:04:27.029 [worker-akka.actor.default-dispatcher-11] INFO  a.a.LocalActorRef akka://worker/user/watcher/processing-watcher/$d - Starting...
13:04:32.959 [worker-akka.actor.default-dispatcher-15] INFO  a.a.LocalActorRef akka://worker/user/watcher/processing-watcher/graph/graph - Starting...
13:04:36.755 [worker-akka.actor.default-dispatcher-11] INFO  a.a.LocalActorRef akka://worker/user/watcher/processing-watcher/graph/graph - Finishing constructor
13:04:36.755 [worker-akka.actor.default-dispatcher-11] INFO  a.a.LocalActorRef akka://worker/user/watcher/processing-watcher/graph/negotiator - Starting...
13:04:36.763 [worker-akka.actor.default-dispatcher-9] INFO  a.a.LocalActorRef akka://worker/user/watcher/processing-watcher/graph/edge - Starting...
13:04:36.770 [worker-akka.actor.default-dispatcher-11] INFO  a.a.LocalActorRef akka://worker/user/watcher/processing-watcher/graph - Starting FlameNode with config 'ClusterConfig{paths={flamestream-benchmarks-worker-85=akka://worker@flamestream-benchmarks-worker-85:5412/user/watcher/processing-watcher/graph, flamestream-benchmarks-worker-84=akka://worker@flamestream-benchmarks-worker-84:5412/user/watcher/processing-watcher/graph, flamestream-benchmarks-worker-83=akka://worker@flamestream-benchmarks-worker-83:5412/user/watcher/processing-watcher/graph, flamestream-benchmarks-worker-82=akka://worker@flamestream-benchmarks-worker-82:5412/user/watcher/processing-watcher/graph, flamestream-benchmarks-worker-81=akka://worker@flamestream-benchmarks-worker-81:5412/user/watcher/processing-watcher/graph, flamestream-benchmarks-worker-80=akka://worker@flamestream-benchmarks-worker-80:5412/user/watcher/processing-watcher/graph, flamestream-benchmarks-worker-1=akka://worker@flamestream-benchmarks-worker-1:5412/user/watcher/processing-watcher/graph, flamestream-benchmarks-worker-0=akka://worker@flamestream-benchmarks-worker-0:5412/user/watcher/processing-watcher/graph, flamestream-benchmarks-worker-89=akka://worker@flamestream-benchmarks-worker-89:5412/user/watcher/processing-watcher/graph, flamestream-benchmarks-worker-88=akka://worker@flamestream-benchmarks-worker-88:5412/user/watcher/processing-watcher/graph, flamestream-benchmarks-worker-87=akka://worker@flamestream-benchmarks-worker-87:5412/user/watcher/processing-watcher/graph, flamestream-benchmarks-worker-86=akka://worker@flamestream-benchmarks-worker-86:5412/user/watcher/processing-watcher/graph, flamestream-benchmarks-worker-96=akka://worker@flamestream-benchmarks-worker-96:5412/user/watcher/processing-watcher/graph, flamestream-benchmarks-worker-95=akka://worker@flamestream-benchmarks-worker-95:5412/user/watcher/processing-watcher/graph, flamestream-benchmarks-worker-94=akka://worker@flamestream-benchmarks-worker-94:5412/user/watcher/processing-watcher/graph, flamestream-benchmarks-worker-93=akka://worker@flamestream-benchmarks-worker-93:5412/user/watcher/processing-watcher/graph, flamestream-benchmarks-worker-92=akka://worker@flamestream-benchmarks-worker-92:5412/user/watcher/processing-watcher/graph, flamestream-benchmarks-worker-91=akka://worker@flamestream-benchmarks-worker-91:5412/user/watcher/processing-watcher/graph, flamestream-benchmarks-worker-90=akka://worker@flamestream-benchmarks-worker-90:5412/user/watcher/processing-watcher/graph, flamestream-benchmarks-worker-9=akka://worker@flamestream-benchmarks-worker-9:5412/user/watcher/processing-watcher/graph, flamestream-benchmarks-worker-8=akka://worker@flamestream-benchmarks-worker-8:5412/user/watcher/processing-watcher/graph, flamestream-benchmarks-worker-7=akka://worker@flamestream-benchmarks-worker-7:5412/user/watcher/processing-watcher/graph, flamestream-benchmarks-worker-6=akka://worker@flamestream-benchmarks-worker-6:5412/user/watcher/processing-watcher/graph, flamestream-benchmarks-worker-5=akka://worker@flamestream-benchmarks-worker-5:5412/user/watcher/processing-watcher/graph, flamestream-benchmarks-worker-19=akka://worker@flamestream-benchmarks-worker-19:5412/user/watcher/processing-watcher/graph, flamestream-benchmarks-worker-4=akka://worker@flamestream-benchmarks-worker-4:5412/user/watcher/processing-watcher/graph, flamestream-benchmarks-worker-18=akka://worker@flamestream-benchmarks-worker-18:5412/user/watcher/processing-watcher/graph, flamestream-benchmarks-worker-3=akka://worker@flamestream-benchmarks-worker-3:5412/user/watcher/processing-watcher/graph, flamestream-benchmarks-worker-17=akka://worker@flamestream-benchmarks-worker-17:5412/user/watcher/processing-watcher/graph, flamestream-benchmarks-worker-2=akka://worker@flamestream-benchmarks-worker-2:5412/user/watcher/processing-watcher/graph, flamestream-benchmarks-worker-16=akka://worker@flamestream-benchmarks-worker-16:5412/user/watcher/processing-watcher/graph, flamestream-benchmarks-worker-15=akka://worker@flamestream-benchmarks-worker-15:5412/user/watcher/processing-watcher/graph, flamestream-benchmarks-worker-14=akka://worker@flamestream-benchmarks-worker-14:5412/user/watcher/processing-watcher/graph, flamestream-benchmarks-worker-13=akka://worker@flamestream-benchmarks-worker-13:5412/user/watcher/processing-watcher/graph, flamestream-benchmarks-worker-12=akka://worker@flamestream-benchmarks-worker-12:5412/user/watcher/processing-watcher/graph, flamestream-benchmarks-worker-99=akka://worker@flamestream-benchmarks-worker-99:5412/user/watcher/processing-watcher/graph, flamestream-benchmarks-worker-11=akka://worker@flamestream-benchmarks-worker-11:5412/user/watcher/processing-watcher/graph, flamestream-benchmarks-worker-98=akka://worker@flamestream-benchmarks-worker-98:5412/user/watcher/processing-watcher/graph, flamestream-benchmarks-worker-10=akka://worker@flamestream-benchmarks-worker-10:5412/user/watcher/processing-watcher/graph, flamestream-benchmarks-worker-97=akka://worker@flamestream-benchmarks-worker-97:5412/user/watcher/processing-watcher/graph, flamestream-benchmarks-worker-63=akka://worker@flamestream-benchmarks-worker-63:5412/user/watcher/processing-watcher/graph, flamestream-benchmarks-worker-62=akka://worker@flamestream-benchmarks-worker-62:5412/user/watcher/processing-watcher/graph, flamestream-benchmarks-worker-61=akka://worker@flamestream-benchmarks-worker-61:5412/user/watcher/processing-watcher/graph, flamestream-benchmarks-worker-60=akka://worker@flamestream-benchmarks-worker-60:5412/user/watcher/processing-watcher/graph, flamestream-benchmarks-worker-69=akka://worker@flamestream-benchmarks-worker-69:5412/user/watcher/processing-watcher/graph, flamestream-benchmarks-worker-68=akka://worker@flamestream-benchmarks-worker-68:5412/user/watcher/processing-watcher/graph, flamestream-benchmarks-worker-67=akka://worker@flamestream-benchmarks-worker-67:5412/user/watcher/processing-watcher/graph, flamestream-benchmarks-worker-66=akka://worker@flamestream-benchmarks-worker-66:5412/user/watcher/processing-watcher/graph, flamestream-benchmarks-worker-65=akka://worker@flamestream-benchmarks-worker-65:5412/user/watcher/processing-watcher/graph, flamestream-benchmarks-worker-64=akka://worker@flamestream-benchmarks-worker-64:5412/user/watcher/processing-watcher/graph, flamestream-benchmarks-worker-74=akka://worker@flamestream-benchmarks-worker-74:5412/user/watcher/processing-watcher/graph, flamestream-benchmarks-worker-73=akka://worker@flamestream-benchmarks-worker-73:5412/user/watcher/processing-watcher/graph, flamestream-benchmarks-worker-72=akka://worker@flamestream-benchmarks-worker-72:5412/user/watcher/processing-watcher/graph, flamestream-benchmarks-worker-71=akka://worker@flamestream-benchmarks-worker-71:5412/user/watcher/processing-watcher/graph, flamestream-benchmarks-worker-70=akka://worker@flamestream-benchmarks-worker-70:5412/user/watcher/processing-watcher/graph, flamestream-benchmarks-worker-79=akka://worker@flamestream-benchmarks-worker-79:5412/user/watcher/processing-watcher/graph, flamestream-benchmarks-worker-78=akka://worker@flamestream-benchmarks-worker-78:5412/user/watcher/processing-watcher/graph, flamestream-benchmarks-worker-77=akka://worker@flamestream-benchmarks-worker-77:5412/user/watcher/processing-watcher/graph, flamestream-benchmarks-worker-76=akka://worker@flamestream-benchmarks-worker-76:5412/user/watcher/processing-watcher/graph, flamestream-benchmarks-worker-75=akka://worker@flamestream-benchmarks-worker-75:5412/user/watcher/processing-watcher/graph, flamestream-benchmarks-worker-41=akka://worker@flamestream-benchmarks-worker-41:5412/user/watcher/processing-watcher/graph, flamestream-benchmarks-worker-40=akka://worker@flamestream-benchmarks-worker-40:5412/user/watcher/processing-watcher/graph, flamestream-benchmarks-worker-49=akka://worker@flamestream-benchmarks-worker-49:5412/user/watcher/processing-watcher/graph, flamestream-benchmarks-worker-48=akka://worker@flamestream-benchmarks-worker-48:5412/user/watcher/processing-watcher/graph, flamestream-benchmarks-worker-47=akka://worker@flamestream-benchmarks-worker-47:5412/user/watcher/processing-watcher/graph, flamestream-benchmarks-worker-46=akka://worker@flamestream-benchmarks-worker-46:5412/user/watcher/processing-watcher/graph, flamestream-benchmarks-worker-45=akka://worker@flamestream-benchmarks-worker-45:5412/user/watcher/processing-watcher/graph, flamestream-benchmarks-worker-44=akka://worker@flamestream-benchmarks-worker-44:5412/user/watcher/processing-watcher/graph, flamestream-benchmarks-worker-43=akka://worker@flamestream-benchmarks-worker-43:5412/user/watcher/processing-watcher/graph, flamestream-benchmarks-worker-42=akka://worker@flamestream-benchmarks-worker-42:5412/user/watcher/processing-watcher/graph, flamestream-benchmarks-worker-52=akka://worker@flamestream-benchmarks-worker-52:5412/user/watcher/processing-watcher/graph, flamestream-benchmarks-worker-51=akka://worker@flamestream-benchmarks-worker-51:5412/user/watcher/processing-watcher/graph, flamestream-benchmarks-worker-50=akka://worker@flamestream-benchmarks-worker-50:5412/user/watcher/processing-watcher/graph, flamestream-benchmarks-worker-59=akka://worker@flamestream-benchmarks-worker-59:5412/user/watcher/processing-watcher/graph, flamestream-benchmarks-worker-58=akka://worker@flamestream-benchmarks-worker-58:5412/user/watcher/processing-watcher/graph, flamestream-benchmarks-worker-57=akka://worker@flamestream-benchmarks-worker-57:5412/user/watcher/processing-watcher/graph, flamestream-benchmarks-worker-56=akka://worker@flamestream-benchmarks-worker-56:5412/user/watcher/processing-watcher/graph, flamestream-benchmarks-worker-55=akka://worker@flamestream-benchmarks-worker-55:5412/user/watcher/processing-watcher/graph, flamestream-benchmarks-worker-54=akka://worker@flamestream-benchmarks-worker-54:5412/user/watcher/processing-watcher/graph, flamestream-benchmarks-worker-53=akka://worker@flamestream-benchmarks-worker-53:5412/user/watcher/processing-watcher/graph, flamestream-benchmarks-worker-29=akka://worker@flamestream-benchmarks-worker-29:5412/user/watcher/processing-watcher/graph, flamestream-benchmarks-worker-28=akka://worker@flamestream-benchmarks-worker-28:5412/user/watcher/processing-watcher/graph, flamestream-benchmarks-worker-27=akka://worker@flamestream-benchmarks-worker-27:5412/user/watcher/processing-watcher/graph, flamestream-benchmarks-worker-26=akka://worker@flamestream-benchmarks-worker-26:5412/user/watcher/processing-watcher/graph, flamestream-benchmarks-worker-25=akka://worker@flamestream-benchmarks-worker-25:5412/user/watcher/processing-watcher/graph, flamestream-benchmarks-worker-24=akka://worker@flamestream-benchmarks-worker-24:5412/user/watcher/processing-watcher/graph, flamestream-benchmarks-worker-23=akka://worker@flamestream-benchmarks-worker-23:5412/user/watcher/processing-watcher/graph, flamestream-benchmarks-worker-22=akka://worker@flamestream-benchmarks-worker-22:5412/user/watcher/processing-watcher/graph, flamestream-benchmarks-worker-21=akka://worker@flamestream-benchmarks-worker-21:5412/user/watcher/processing-watcher/graph, flamestream-benchmarks-worker-20=akka://worker@flamestream-benchmarks-worker-20:5412/user/watcher/processing-watcher/graph, flamestream-benchmarks-worker-30=akka://worker@flamestream-benchmarks-worker-30:5412/user/watcher/processing-watcher/graph, flamestream-benchmarks-worker-39=akka://worker@flamestream-benchmarks-worker-39:5412/user/watcher/processing-watcher/graph, flamestream-benchmarks-worker-38=akka://worker@flamestream-benchmarks-worker-38:5412/user/watcher/processing-watcher/graph, flamestream-benchmarks-worker-37=akka://worker@flamestream-benchmarks-worker-37:5412/user/watcher/processing-watcher/graph, flamestream-benchmarks-worker-36=akka://worker@flamestream-benchmarks-worker-36:5412/user/watcher/processing-watcher/graph, flamestream-benchmarks-worker-35=akka://worker@flamestream-benchmarks-worker-35:5412/user/watcher/processing-watcher/graph, flamestream-benchmarks-worker-34=akka://worker@flamestream-benchmarks-worker-34:5412/user/watcher/processing-watcher/graph, flamestream-benchmarks-worker-33=akka://worker@flamestream-benchmarks-worker-33:5412/user/watcher/processing-watcher/graph, flamestream-benchmarks-worker-32=akka://worker@flamestream-benchmarks-worker-32:5412/user/watcher/processing-watcher/graph, flamestream-benchmarks-worker-31=akka://worker@flamestream-benchmarks-worker-31:5412/user/watcher/processing-watcher/graph}}'
13:04:36.787 [worker-akka.actor.default-dispatcher-11] INFO  a.a.LocalActorRef akka://worker/user/watcher/processing-watcher/graph/graph - Received last commit 'LastCommit{globalTime=(0000000, min@min)}'
13:04:36.795 [worker-akka.actor.default-dispatcher-11] INFO  a.a.LocalActorRef akka://worker/user/watcher/processing-watcher/graph/negotiator - Requesting ticket for the frontClass FlameSocketGraphDeployerFront@flamestream-benchmarks-worker-2
13:04:36.907 [worker-akka.actor.default-dispatcher-11] INFO  c.s.f.r.e.s.SocketRear  - FlameSocketGraphDeployerRear@flamestream-benchmarks-worker-2: connecting to flamestream-benchmarks-manager:5678
13:04:36.913 [worker-akka.actor.default-dispatcher-9] INFO  a.a.LocalActorRef akka://worker/user/watcher/processing-watcher/graph/edge/FlameSocketGraphDeployerFront - Starting...
13:04:36.960 [worker-akka.actor.default-dispatcher-11] INFO  c.s.f.r.e.s.SocketRear  - FlameSocketGraphDeployerRear@flamestream-benchmarks-worker-2: connected to flamestream-benchmarks-manager:5678
13:04:36.961 [worker-akka.actor.default-dispatcher-16] INFO  a.a.LocalActorRef akka://worker/user/watcher/processing-watcher/graph/edge/FlameSocketGraphDeployerRear - Starting...
13:04:37.125 [worker-akka.actor.default-dispatcher-11] INFO  a.a.LocalActorRef akka://worker/user/watcher/processing-watcher/graph/graph/$a - Starting...
13:04:37.128 [worker-akka.actor.default-dispatcher-11] INFO  a.a.LocalActorRef akka://worker/user/watcher/processing-watcher/graph/graph/$b - Starting...
13:04:37.131 [worker-akka.actor.default-dispatcher-11] INFO  a.a.LocalActorRef akka://worker/user/watcher/processing-watcher/graph/graph/$c - Starting...
13:04:37.138 [worker-akka.actor.default-dispatcher-11] INFO  a.a.LocalActorRef akka://worker/user/watcher/processing-watcher/graph/graph/$d - Starting...
13:04:37.139 [worker-akka.actor.default-dispatcher-11] INFO  a.a.LocalActorRef akka://worker/user/watcher/processing-watcher/graph/graph/$e - Starting...
13:04:37.141 [worker-akka.actor.default-dispatcher-11] INFO  a.a.LocalActorRef akka://worker/user/watcher/processing-watcher/graph/graph/$f - Starting...
13:04:37.143 [worker-akka.actor.default-dispatcher-11] INFO  a.a.LocalActorRef akka://worker/user/watcher/processing-watcher/graph/graph/$g - Starting...
13:04:37.144 [worker-akka.actor.default-dispatcher-11] INFO  a.a.LocalActorRef akka://worker/user/watcher/processing-watcher/graph/graph/$h - Starting...
13:04:37.147 [worker-akka.actor.default-dispatcher-11] INFO  a.a.LocalActorRef akka://worker/user/watcher/processing-watcher/graph/graph/$i - Starting...
13:04:37.149 [worker-akka.actor.default-dispatcher-11] INFO  a.a.LocalActorRef akka://worker/user/watcher/processing-watcher/graph/graph/$j - Starting...
13:04:37.150 [worker-akka.actor.default-dispatcher-11] INFO  a.a.LocalActorRef akka://worker/user/watcher/processing-watcher/graph/graph/$k - Starting...
13:04:37.152 [worker-akka.actor.default-dispatcher-11] INFO  a.a.LocalActorRef akka://worker/user/watcher/processing-watcher/graph/graph/$l - Starting...
13:04:37.155 [worker-akka.actor.default-dispatcher-11] INFO  a.a.LocalActorRef akka://worker/user/watcher/processing-watcher/graph/graph/$m - Starting...
13:04:37.157 [worker-akka.actor.default-dispatcher-11] INFO  a.a.LocalActorRef akka://worker/user/watcher/processing-watcher/graph/graph/$n - Starting...
13:04:37.159 [worker-akka.actor.default-dispatcher-11] INFO  a.a.LocalActorRef akka://worker/user/watcher/processing-watcher/graph/graph/$o - Starting...
13:04:37.162 [worker-akka.actor.default-dispatcher-11] INFO  a.a.LocalActorRef akka://worker/user/watcher/processing-watcher/graph/graph/$p - Starting...
13:04:37.163 [worker-akka.actor.default-dispatcher-11] INFO  a.a.LocalActorRef akka://worker/user/watcher/processing-watcher/graph/graph/$q - Starting...
13:04:37.167 [worker-akka.actor.default-dispatcher-11] INFO  a.a.LocalActorRef akka://worker/user/watcher/processing-watcher/graph/graph/$r - Starting...
13:04:37.169 [worker-akka.actor.default-dispatcher-11] INFO  a.a.LocalActorRef akka://worker/user/watcher/processing-watcher/graph/graph/$s - Starting...
13:04:37.170 [worker-akka.actor.default-dispatcher-11] INFO  a.a.LocalActorRef akka://worker/user/watcher/processing-watcher/graph/graph/$t - Starting...
13:04:37.173 [worker-akka.actor.default-dispatcher-11] INFO  a.a.LocalActorRef akka://worker/user/watcher/processing-watcher/graph/graph/$u - Starting...
13:04:37.174 [worker-akka.actor.default-dispatcher-11] INFO  a.a.LocalActorRef akka://worker/user/watcher/processing-watcher/graph/graph/$v - Starting...
13:04:37.176 [worker-akka.actor.default-dispatcher-11] INFO  a.a.LocalActorRef akka://worker/user/watcher/processing-watcher/graph/graph/$w - Starting...
13:04:37.179 [worker-akka.actor.default-dispatcher-11] INFO  a.a.LocalActorRef akka://worker/user/watcher/processing-watcher/graph/graph/$x - Starting...
13:04:37.180 [worker-akka.actor.default-dispatcher-11] INFO  a.a.LocalActorRef akka://worker/user/watcher/processing-watcher/graph/graph/$y - Starting...
13:04:37.188 [worker-akka.actor.default-dispatcher-16] INFO  a.a.LocalActorRef akka://worker/user/watcher/processing-watcher/graph/graph/$z - Starting...
13:04:37.191 [worker-akka.actor.default-dispatcher-11] INFO  a.a.LocalActorRef akka://worker/user/watcher/processing-watcher/graph/graph/$A - Starting...
13:04:37.194 [worker-akka.actor.default-dispatcher-11] INFO  a.a.LocalActorRef akka://worker/user/watcher/processing-watcher/graph/graph/$B - Starting...
13:04:37.194 [worker-akka.actor.default-dispatcher-11] INFO  a.a.LocalActorRef akka://worker/user/watcher/processing-watcher/graph/negotiator - Ticket for the frontClass received: FrontTicket{allowedTimestamp=(0000000, FlameSocketGraphDeployerFront@flamestream-benchmarks-worker-2)}
13:04:37.195 [worker-akka.actor.default-dispatcher-11] INFO  c.s.f.r.e.s.SocketFront  - FlameSocketGraphDeployerFront@flamestream-benchmarks-worker-2: connecting to flamestream-benchmarks-manager:4567
13:04:37.197 [worker-akka.actor.default-dispatcher-9] INFO  a.a.LocalActorRef akka://worker/user/watcher/processing-watcher/graph/graph/$C - Starting...
13:04:37.200 [worker-akka.actor.default-dispatcher-16] INFO  a.a.LocalActorRef akka://worker/user/watcher/processing-watcher/graph/graph/$D - Starting...
13:04:37.210 [worker-akka.actor.default-dispatcher-9] INFO  a.a.LocalActorRef akka://worker/user/watcher/processing-watcher/graph/graph/$E - Starting...
13:04:37.210 [worker-akka.actor.default-dispatcher-9] INFO  a.a.LocalActorRef akka://worker/user/watcher/processing-watcher/graph/graph/$F - Starting...
13:04:37.214 [worker-akka.actor.default-dispatcher-9] INFO  a.a.LocalActorRef akka://worker/user/watcher/processing-watcher/graph/graph/$G - Starting...
13:04:37.215 [worker-akka.actor.default-dispatcher-9] INFO  a.a.LocalActorRef akka://worker/user/watcher/processing-watcher/graph/graph/$H - Starting...
13:04:37.216 [worker-akka.actor.default-dispatcher-9] INFO  a.a.LocalActorRef akka://worker/user/watcher/processing-watcher/graph/graph/$I - Starting...
13:04:37.217 [worker-akka.actor.default-dispatcher-9] INFO  a.a.LocalActorRef akka://worker/user/watcher/processing-watcher/graph/graph/$J - Starting...
13:04:37.219 [worker-akka.actor.default-dispatcher-9] INFO  a.a.LocalActorRef akka://worker/user/watcher/processing-watcher/graph/graph/$K - Starting...
13:04:37.222 [worker-akka.actor.default-dispatcher-9] INFO  a.a.LocalActorRef akka://worker/user/watcher/processing-watcher/graph/graph/$L - Starting...
13:04:37.224 [worker-akka.actor.default-dispatcher-9] INFO  a.a.LocalActorRef akka://worker/user/watcher/processing-watcher/graph/graph/$M - Starting...
13:04:37.227 [worker-akka.actor.default-dispatcher-9] INFO  a.a.LocalActorRef akka://worker/user/watcher/processing-watcher/graph/graph/$N - Starting...
13:04:37.228 [worker-akka.actor.default-dispatcher-9] INFO  a.a.LocalActorRef akka://worker/user/watcher/processing-watcher/graph/graph/$O - Starting...
13:04:37.230 [worker-akka.actor.default-dispatcher-9] INFO  a.a.LocalActorRef akka://worker/user/watcher/processing-watcher/graph/graph/$P - Starting...
13:04:37.232 [worker-akka.actor.default-dispatcher-9] INFO  a.a.LocalActorRef akka://worker/user/watcher/processing-watcher/graph/graph/$Q - Starting...
13:04:37.235 [worker-akka.actor.default-dispatcher-9] INFO  a.a.LocalActorRef akka://worker/user/watcher/processing-watcher/graph/graph/$R - Starting...
13:04:37.238 [worker-akka.actor.default-dispatcher-9] INFO  a.a.LocalActorRef akka://worker/user/watcher/processing-watcher/graph/graph/$S - Starting...
13:04:37.238 [worker-akka.actor.default-dispatcher-16] INFO  a.a.LocalActorRef akka://worker/user/watcher/processing-watcher/graph/graph/$T - Starting...
13:04:37.243 [worker-akka.actor.default-dispatcher-9] INFO  a.a.LocalActorRef akka://worker/user/watcher/processing-watcher/graph/graph/$U - Starting...
13:04:37.245 [worker-akka.actor.default-dispatcher-9] INFO  a.a.LocalActorRef akka://worker/user/watcher/processing-watcher/graph/graph/$V - Starting...
13:04:37.249 [worker-akka.actor.default-dispatcher-9] INFO  a.a.LocalActorRef akka://worker/user/watcher/processing-watcher/graph/graph/$W - Starting...
13:04:37.251 [worker-akka.actor.default-dispatcher-9] INFO  a.a.LocalActorRef akka://worker/user/watcher/processing-watcher/graph/graph/$X - Starting...
13:04:37.253 [worker-akka.actor.default-dispatcher-9] INFO  a.a.LocalActorRef akka://worker/user/watcher/processing-watcher/graph/graph/$Y - Starting...
13:04:37.254 [worker-akka.actor.default-dispatcher-9] INFO  a.a.LocalActorRef akka://worker/user/watcher/processing-watcher/graph/graph/$Z - Starting...
13:04:37.257 [worker-akka.actor.default-dispatcher-9] INFO  a.a.LocalActorRef akka://worker/user/watcher/processing-watcher/graph/graph/$0 - Starting...
13:04:37.258 [worker-akka.actor.default-dispatcher-9] INFO  a.a.LocalActorRef akka://worker/user/watcher/processing-watcher/graph/graph/$1 - Starting...
13:04:37.261 [worker-akka.actor.default-dispatcher-9] INFO  a.a.LocalActorRef akka://worker/user/watcher/processing-watcher/graph/graph/$2 - Starting...
13:04:37.264 [worker-akka.actor.default-dispatcher-16] INFO  a.a.LocalActorRef akka://worker/user/watcher/processing-watcher/graph/graph/$3 - Starting...
13:04:37.265 [worker-akka.actor.default-dispatcher-9] INFO  a.a.LocalActorRef akka://worker/user/watcher/processing-watcher/graph/graph/$4 - Starting...
13:04:37.268 [worker-akka.actor.default-dispatcher-9] INFO  a.a.LocalActorRef akka://worker/user/watcher/processing-watcher/graph/graph/$5 - Starting...
13:04:37.271 [worker-akka.actor.default-dispatcher-9] INFO  a.a.LocalActorRef akka://worker/user/watcher/processing-watcher/graph/graph/$6 - Starting...
13:04:37.274 [worker-akka.actor.default-dispatcher-9] INFO  a.a.LocalActorRef akka://worker/user/watcher/processing-watcher/graph/graph/$7 - Starting...
13:04:37.275 [worker-akka.actor.default-dispatcher-9] INFO  a.a.LocalActorRef akka://worker/user/watcher/processing-watcher/graph/graph/$8 - Starting...
13:04:37.277 [worker-akka.actor.default-dispatcher-9] INFO  a.a.LocalActorRef akka://worker/user/watcher/processing-watcher/graph/graph/$9 - Starting...
13:04:37.278 [worker-akka.actor.default-dispatcher-9] INFO  a.a.LocalActorRef akka://worker/user/watcher/processing-watcher/graph/graph/$+ - Starting...
13:04:37.291 [worker-akka.actor.default-dispatcher-9] INFO  a.a.LocalActorRef akka://worker/user/watcher/processing-watcher/graph/graph/$~ - Starting...
13:04:37.319 [worker-akka.actor.default-dispatcher-9] INFO  a.a.LocalActorRef akka://worker/user/watcher/processing-watcher/graph/graph/$ab - Starting...
13:04:37.320 [worker-akka.actor.default-dispatcher-9] INFO  a.a.LocalActorRef akka://worker/user/watcher/processing-watcher/graph/graph/$bb - Starting...
13:04:37.320 [worker-akka.actor.default-dispatcher-9] INFO  a.a.LocalActorRef akka://worker/user/watcher/processing-watcher/graph/graph/$cb - Starting...
13:04:37.320 [worker-akka.actor.default-dispatcher-9] INFO  a.a.LocalActorRef akka://worker/user/watcher/processing-watcher/graph/graph/$db - Starting...
13:04:37.321 [worker-akka.actor.default-dispatcher-9] INFO  a.a.LocalActorRef akka://worker/user/watcher/processing-watcher/graph/graph/$eb - Starting...
13:04:37.321 [worker-akka.actor.default-dispatcher-9] INFO  a.a.LocalActorRef akka://worker/user/watcher/processing-watcher/graph/graph/$fb - Starting...
13:04:37.341 [worker-akka.actor.default-dispatcher-9] INFO  a.a.LocalActorRef akka://worker/user/watcher/processing-watcher/graph/graph/$gb - Starting...
13:04:37.341 [worker-akka.actor.default-dispatcher-9] INFO  a.a.LocalActorRef akka://worker/user/watcher/processing-watcher/graph/graph/$hb - Starting...
13:04:37.341 [worker-akka.actor.default-dispatcher-9] INFO  a.a.LocalActorRef akka://worker/user/watcher/processing-watcher/graph/graph/$ib - Starting...
13:04:37.341 [worker-akka.actor.default-dispatcher-9] INFO  a.a.LocalActorRef akka://worker/user/watcher/processing-watcher/graph/graph/$jb - Starting...
13:04:37.341 [worker-akka.actor.default-dispatcher-9] INFO  a.a.LocalActorRef akka://worker/user/watcher/processing-watcher/graph/graph/$kb - Starting...
13:04:37.341 [worker-akka.actor.default-dispatcher-15] INFO  a.a.LocalActorRef akka://worker/user/watcher/processing-watcher/graph/graph/$lb - Starting...
13:04:37.341 [worker-akka.actor.default-dispatcher-15] INFO  a.a.LocalActorRef akka://worker/user/watcher/processing-watcher/graph/graph/$mb - Starting...
13:04:37.341 [worker-akka.actor.default-dispatcher-15] INFO  a.a.LocalActorRef akka://worker/user/watcher/processing-watcher/graph/graph/$nb - Starting...
13:04:37.341 [worker-akka.actor.default-dispatcher-15] INFO  a.a.LocalActorRef akka://worker/user/watcher/processing-watcher/graph/graph/$ob - Starting...
13:04:37.341 [worker-akka.actor.default-dispatcher-15] INFO  a.a.LocalActorRef akka://worker/user/watcher/processing-watcher/graph/graph/$pb - Starting...
13:04:37.342 [worker-akka.actor.default-dispatcher-15] INFO  a.a.LocalActorRef akka://worker/user/watcher/processing-watcher/graph/graph/$qb - Starting...
13:04:37.342 [worker-akka.actor.default-dispatcher-15] INFO  a.a.LocalActorRef akka://worker/user/watcher/processing-watcher/graph/graph/$rb - Starting...
13:04:37.342 [worker-akka.actor.default-dispatcher-15] INFO  a.a.LocalActorRef akka://worker/user/watcher/processing-watcher/graph/graph/$sb - Starting...
13:04:37.342 [worker-akka.actor.default-dispatcher-15] INFO  a.a.LocalActorRef akka://worker/user/watcher/processing-watcher/graph/graph/$tb - Starting...
13:04:37.342 [worker-akka.actor.default-dispatcher-15] INFO  a.a.LocalActorRef akka://worker/user/watcher/processing-watcher/graph/graph/$ub - Starting...
13:04:37.342 [worker-akka.actor.default-dispatcher-13] INFO  a.a.LocalActorRef akka://worker/user/watcher/processing-watcher/graph/graph/$vb - Starting...
13:04:37.342 [worker-akka.actor.default-dispatcher-13] INFO  a.a.LocalActorRef akka://worker/user/watcher/processing-watcher/graph/graph/$wb - Starting...
13:04:37.342 [worker-akka.actor.default-dispatcher-13] INFO  a.a.LocalActorRef akka://worker/user/watcher/processing-watcher/graph/graph/$xb - Starting...
13:04:37.342 [worker-akka.actor.default-dispatcher-13] INFO  a.a.LocalActorRef akka://worker/user/watcher/processing-watcher/graph/graph/$yb - Starting...
13:04:37.342 [worker-akka.actor.default-dispatcher-13] INFO  a.a.LocalActorRef akka://worker/user/watcher/processing-watcher/graph/graph/$zb - Starting...
13:04:37.343 [worker-akka.actor.default-dispatcher-9] INFO  a.a.LocalActorRef akka://worker/user/watcher/processing-watcher/graph/graph/$Ab - Starting...
13:04:37.343 [worker-akka.actor.default-dispatcher-9] INFO  a.a.LocalActorRef akka://worker/user/watcher/processing-watcher/graph/graph/$Bb - Starting...
13:04:37.360 [Client] INFO  c.s.f.r.e.s.SocketFront  - FlameSocketGraphDeployerFront@flamestream-benchmarks-worker-2 has been disconnected from Connection 1
13:04:37.361 [worker-akka.actor.default-dispatcher-16] INFO  a.a.LocalActorRef akka://worker/user/watcher/processing-watcher/graph/graph/$Cb - Starting...
13:04:37.361 [worker-akka.actor.default-dispatcher-16] INFO  a.a.LocalActorRef akka://worker/user/watcher/processing-watcher/graph/graph/$Db - Starting...
13:04:37.361 [worker-akka.actor.default-dispatcher-16] INFO  a.a.LocalActorRef akka://worker/user/watcher/processing-watcher/graph/graph/$Eb - Starting...
13:04:37.361 [worker-akka.actor.default-dispatcher-16] INFO  a.a.LocalActorRef akka://worker/user/watcher/processing-watcher/graph/graph/$Fb - Starting...
13:04:37.361 [worker-akka.actor.default-dispatcher-16] INFO  a.a.LocalActorRef akka://worker/user/watcher/processing-watcher/graph/graph/$Gb - Starting...
13:04:37.361 [worker-akka.actor.default-dispatcher-16] INFO  a.a.LocalActorRef akka://worker/user/watcher/processing-watcher/graph/graph/$Hb - Starting...
13:04:37.362 [worker-akka.actor.default-dispatcher-16] INFO  a.a.LocalActorRef akka://worker/user/watcher/processing-watcher/graph/graph/$Ib - Starting...
13:04:37.362 [worker-akka.actor.default-dispatcher-16] INFO  a.a.LocalActorRef akka://worker/user/watcher/processing-watcher/graph/graph/$Jb - Starting...
13:04:37.362 [worker-akka.actor.default-dispatcher-16] INFO  a.a.LocalActorRef akka://worker/user/watcher/processing-watcher/graph/graph/$Kb - Starting...
13:04:37.374 [worker-akka.actor.default-dispatcher-9] INFO  a.a.LocalActorRef akka://worker/user/watcher/processing-watcher/graph/graph/$~ - Attached rear to graph (-9223372036854775808, min@min)
13:04:37.374 [worker-akka.actor.default-dispatcher-9] INFO  a.a.LocalActorRef akka://worker/user/watcher/processing-watcher/graph/graph/$Mb - Starting...
13:04:37.374 [worker-akka.actor.default-dispatcher-9] INFO  a.a.LocalActorRef akka://worker/user/watcher/processing-watcher/graph/graph/$Nb - Starting...
13:04:37.374 [worker-akka.actor.default-dispatcher-9] INFO  a.a.LocalActorRef akka://worker/user/watcher/acker - Unregistering front FlameSocketGraphDeployerFront@flamestream-benchmarks-worker-1
13:04:37.383 [worker-akka.actor.default-dispatcher-9] INFO  a.a.LocalActorRef akka://worker/user/watcher/processing-watcher/graph/graph/$Lb - Starting...
13:04:37.427 [worker-akka.actor.default-dispatcher-19] INFO  a.a.LocalActorRef akka://worker/user/watcher/acker - Unregistering front FlameSocketGraphDeployerFront@flamestream-benchmarks-worker-2
13:04:38.595 [worker-akka.actor.default-dispatcher-19] INFO  a.a.LocalActorRef akka://worker/user/watcher/acker - Unregistering front FlameSocketGraphDeployerFront@flamestream-benchmarks-worker-0
2019-10-05T13:05:10.792+0000: 90.108: [GC (Allocation Failure) 2019-10-05T13:05:10.792+0000: 90.108: [DefNew: 409600K->44901K(460800K), 0.0992349 secs] 435509K->90342K(1484800K), 0.0993505 secs] [Times: user=0.05 sys=0.05, real=0.10 secs] 
2019-10-05T13:05:13.769+0000: 93.085: [GC (Allocation Failure) 2019-10-05T13:05:13.769+0000: 93.085: [DefNew: 454501K->163K(460800K), 0.0587122 secs] 499942K->87720K(1484800K), 0.0588060 secs] [Times: user=0.03 sys=0.02, real=0.06 secs] 
2019-10-05T13:05:17.069+0000: 96.385: [GC (Allocation Failure) 2019-10-05T13:05:17.069+0000: 96.385: [DefNew: 409763K->162K(460800K), 0.0076991 secs] 497320K->87720K(1484800K), 0.0077974 secs] [Times: user=0.00 sys=0.00, real=0.01 secs] 
2019-10-05T13:05:19.590+0000: 98.908: [GC (Allocation Failure) 2019-10-05T13:05:19.592+0000: 98.908: [DefNew: 409762K->272K(460800K), 0.0034750 secs] 497320K->87830K(1484800K), 0.0050323 secs] [Times: user=0.00 sys=0.00, real=0.01 secs] 
2019-10-05T13:05:22.722+0000: 102.039: [GC (Allocation Failure) 2019-10-05T13:05:22.722+0000: 102.039: [DefNew: 409872K->159K(460800K), 0.0034707 secs] 497430K->87717K(1484800K), 0.0035972 secs] [Times: user=0.00 sys=0.01, real=0.00 secs] 
2019-10-05T13:05:25.037+0000: 104.354: [GC (Allocation Failure) 2019-10-05T13:05:25.038+0000: 104.354: [DefNew: 409759K->158K(460800K), 0.0034804 secs] 497317K->87716K(1484800K), 0.0035772 secs] [Times: user=0.00 sys=0.01, real=0.00 secs] 
2019-10-05T13:05:28.045+0000: 107.362: [GC (Allocation Failure) 2019-10-05T13:05:28.045+0000: 107.362: [DefNew: 409758K->164K(460800K), 0.0036040 secs] 497316K->87721K(1484800K), 0.0037027 secs] [Times: user=0.01 sys=0.00, real=0.01 secs] 
2019-10-05T13:05:31.082+0000: 110.399: [GC (Allocation Failure) 2019-10-05T13:05:31.082+0000: 110.399: [DefNew: 409764K->157K(460800K), 0.0035240 secs] 497321K->87715K(1484800K), 0.0036460 secs] [Times: user=0.00 sys=0.00, real=0.00 secs] 
2019-10-05T13:05:34.198+0000: 113.514: [GC (Allocation Failure) 2019-10-05T13:05:34.198+0000: 113.514: [DefNew: 409757K->198K(460800K), 0.0036208 secs] 497315K->87756K(1484800K), 0.0037158 secs] [Times: user=0.00 sys=0.00, real=0.00 secs] 
2019-10-05T13:05:37.320+0000: 116.637: [GC (Allocation Failure) 2019-10-05T13:05:37.320+0000: 116.637: [DefNew: 409798K->157K(460800K), 0.0033547 secs] 497356K->87715K(1484800K), 0.0034521 secs] [Times: user=0.01 sys=0.00, real=0.00 secs] 
2019-10-05T13:05:40.372+0000: 119.688: [GC (Allocation Failure) 2019-10-05T13:05:40.372+0000: 119.688: [DefNew: 409757K->163K(460800K), 0.0036052 secs] 497315K->87721K(1484800K), 0.0037006 secs] [Times: user=0.01 sys=0.00, real=0.01 secs] 
2019-10-05T13:05:44.121+0000: 123.438: [GC (Allocation Failure) 2019-10-05T13:05:44.121+0000: 123.438: [DefNew: 409763K->364K(460800K), 0.0041657 secs] 497321K->87922K(1484800K), 0.0042658 secs] [Times: user=0.00 sys=0.00, real=0.00 secs] 
2019-10-05T13:05:46.984+0000: 126.300: [GC (Allocation Failure) 2019-10-05T13:05:46.984+0000: 126.300: [DefNew: 409964K->416K(460800K), 0.0079591 secs] 497522K->87974K(1484800K), 0.0080717 secs] [Times: user=0.01 sys=0.00, real=0.01 secs] 
2019-10-05T13:05:50.307+0000: 129.624: [GC (Allocation Failure) 2019-10-05T13:05:50.307+0000: 129.624: [DefNew: 410016K->508K(460800K), 0.0041235 secs] 497574K->88065K(1484800K), 0.0042277 secs] [Times: user=0.01 sys=0.00, real=0.00 secs] 
2019-10-05T13:05:53.670+0000: 132.986: [GC (Allocation Failure) 2019-10-05T13:05:53.670+0000: 132.986: [DefNew: 410108K->519K(460800K), 0.0038724 secs] 497665K->88077K(1484800K), 0.0039872 secs] [Times: user=0.01 sys=0.00, real=0.00 secs] 
2019-10-05T13:05:56.917+0000: 136.233: [GC (Allocation Failure) 2019-10-05T13:05:56.917+0000: 136.233: [DefNew: 410119K->565K(460800K), 0.0040503 secs] 497677K->88123K(1484800K), 0.0041465 secs] [Times: user=0.01 sys=0.00, real=0.00 secs] 
2019-10-05T13:06:00.206+0000: 139.522: [GC (Allocation Failure) 2019-10-05T13:06:00.206+0000: 139.522: [DefNew: 410165K->604K(460800K), 0.0044355 secs] 497723K->88181K(1484800K), 0.0045373 secs] [Times: user=0.01 sys=0.00, real=0.01 secs] 
2019-10-05T13:06:03.442+0000: 142.758: [GC (Allocation Failure) 2019-10-05T13:06:03.442+0000: 142.759: [DefNew: 410204K->650K(460800K), 0.0042175 secs] 497781K->88248K(1484800K), 0.0043090 secs] [Times: user=0.01 sys=0.00, real=0.00 secs] 
2019-10-05T13:06:06.702+0000: 146.018: [GC (Allocation Failure) 2019-10-05T13:06:06.702+0000: 146.018: [DefNew: 410250K->688K(460800K), 0.0042510 secs] 497848K->88286K(1484800K), 0.0043516 secs] [Times: user=0.01 sys=0.00, real=0.00 secs] 
2019-10-05T13:06:09.826+0000: 149.143: [GC (Allocation Failure) 2019-10-05T13:06:09.826+0000: 149.143: [DefNew: 410288K->733K(460800K), 0.0043728 secs] 497886K->88335K(1484800K), 0.0044646 secs] [Times: user=0.00 sys=0.00, real=0.00 secs] 
2019-10-05T13:06:12.869+0000: 152.186: [GC (Allocation Failure) 2019-10-05T13:06:12.869+0000: 152.186: [DefNew: 410333K->702K(460800K), 0.0041509 secs] 497935K->88307K(1484800K), 0.0042454 secs] [Times: user=0.00 sys=0.00, real=0.00 secs] 
2019-10-05T13:06:15.904+0000: 155.220: [GC (Allocation Failure) 2019-10-05T13:06:15.904+0000: 155.220: [DefNew: 410302K->714K(460800K), 0.0041497 secs] 497907K->88320K(1484800K), 0.0042464 secs] [Times: user=0.00 sys=0.00, real=0.01 secs] 
2019-10-05T13:06:18.954+0000: 158.271: [GC (Allocation Failure) 2019-10-05T13:06:18.954+0000: 158.271: [DefNew: 410314K->748K(460800K), 0.0040117 secs] 497920K->88355K(1484800K), 0.0041002 secs] [Times: user=0.00 sys=0.00, real=0.01 secs] 
2019-10-05T13:06:22.017+0000: 161.333: [GC (Allocation Failure) 2019-10-05T13:06:22.017+0000: 161.333: [DefNew: 410348K->762K(460800K), 0.0042340 secs] 497955K->88371K(1484800K), 0.0043404 secs] [Times: user=0.00 sys=0.00, real=0.00 secs] 
2019-10-05T13:06:25.073+0000: 164.389: [GC (Allocation Failure) 2019-10-05T13:06:25.073+0000: 164.389: [DefNew: 410362K->711K(460800K), 0.0039920 secs] 497971K->88320K(1484800K), 0.0040890 secs] [Times: user=0.01 sys=0.00, real=0.01 secs] 
2019-10-05T13:06:28.130+0000: 167.447: [GC (Allocation Failure) 2019-10-05T13:06:28.131+0000: 167.447: [DefNew: 410311K->711K(460800K), 0.0040705 secs] 497920K->88320K(1484800K), 0.0041597 secs] [Times: user=0.00 sys=0.00, real=0.01 secs] 
2019-10-05T13:06:31.233+0000: 170.550: [GC (Allocation Failure) 2019-10-05T13:06:31.233+0000: 170.550: [DefNew: 410311K->539K(460800K), 0.0042931 secs] 497920K->88354K(1484800K), 0.0043911 secs] [Times: user=0.01 sys=0.00, real=0.01 secs] 
2019-10-05T13:06:34.299+0000: 173.615: [GC (Allocation Failure) 2019-10-05T13:06:34.299+0000: 173.615: [DefNew: 410139K->452K(460800K), 0.0040567 secs] 497954K->88320K(1484800K), 0.0041547 secs] [Times: user=0.01 sys=0.00, real=0.00 secs] 
2019-10-05T13:06:37.332+0000: 176.649: [GC (Allocation Failure) 2019-10-05T13:06:37.332+0000: 176.649: [DefNew: 410052K->414K(460800K), 0.0036626 secs] 497920K->88319K(1484800K), 0.0037433 secs] [Times: user=0.00 sys=0.00, real=0.01 secs] 
2019-10-05T13:06:40.411+0000: 179.727: [GC (Allocation Failure) 2019-10-05T13:06:40.411+0000: 179.728: [DefNew: 410014K->355K(460800K), 0.0037636 secs] 497919K->88319K(1484800K), 0.0038629 secs] [Times: user=0.01 sys=0.00, real=0.01 secs] 
2019-10-05T13:06:43.482+0000: 182.798: [GC (Allocation Failure) 2019-10-05T13:06:43.482+0000: 182.798: [DefNew: 409955K->303K(460800K), 0.0037971 secs] 497919K->88320K(1484800K), 0.0038988 secs] [Times: user=0.00 sys=0.01, real=0.00 secs] 
2019-10-05T13:06:46.671+0000: 185.987: [GC (Allocation Failure) 2019-10-05T13:06:46.671+0000: 185.987: [DefNew: 409903K->340K(460800K), 0.0040199 secs] 497920K->88406K(1484800K), 0.0041376 secs] [Times: user=0.00 sys=0.00, real=0.01 secs] 
2019-10-05T13:06:49.848+0000: 189.165: [GC (Allocation Failure) 2019-10-05T13:06:49.848+0000: 189.165: [DefNew: 409940K->297K(460800K), 0.0038302 secs] 498006K->88429K(1484800K), 0.0039194 secs] [Times: user=0.01 sys=0.00, real=0.00 secs] 
2019-10-05T13:06:53.125+0000: 192.442: [GC (Allocation Failure) 2019-10-05T13:06:53.125+0000: 192.442: [DefNew: 409897K->308K(460800K), 0.0037107 secs] 498029K->88481K(1484800K), 0.0038001 secs] [Times: user=0.00 sys=0.00, real=0.01 secs] 
2019-10-05T13:06:56.236+0000: 195.553: [GC (Allocation Failure) 2019-10-05T13:06:56.236+0000: 195.553: [DefNew: 409908K->338K(460800K), 0.0037773 secs] 498081K->88551K(1484800K), 0.0038686 secs] [Times: user=0.01 sys=0.00, real=0.00 secs] 
2019-10-05T13:06:59.469+0000: 198.785: [GC (Allocation Failure) 2019-10-05T13:06:59.469+0000: 198.785: [DefNew: 409938K->385K(460800K), 0.0041067 secs] 498151K->88598K(1484800K), 0.0042208 secs] [Times: user=0.01 sys=0.00, real=0.00 secs] 
2019-10-05T13:07:02.680+0000: 201.996: [GC (Allocation Failure) 2019-10-05T13:07:02.680+0000: 201.996: [DefNew: 409985K->474K(460800K), 0.0040600 secs] 498198K->88687K(1484800K), 0.0041524 secs] [Times: user=0.01 sys=0.00, real=0.00 secs] 
2019-10-05T13:07:05.967+0000: 205.284: [GC (Allocation Failure) 2019-10-05T13:07:05.967+0000: 205.284: [DefNew: 410074K->504K(460800K), 0.0039205 secs] 498287K->88717K(1484800K), 0.0040360 secs] [Times: user=0.00 sys=0.00, real=0.00 secs] 
2019-10-05T13:07:09.124+0000: 208.440: [GC (Allocation Failure) 2019-10-05T13:07:09.124+0000: 208.440: [DefNew: 410104K->548K(460800K), 0.0038903 secs] 498317K->88761K(1484800K), 0.0039812 secs] [Times: user=0.00 sys=0.00, real=0.01 secs] 
2019-10-05T13:07:12.204+0000: 211.520: [GC (Allocation Failure) 2019-10-05T13:07:12.204+0000: 211.520: [DefNew: 410148K->537K(460800K), 0.0038081 secs] 498361K->88751K(1484800K), 0.0039270 secs] [Times: user=0.01 sys=0.00, real=0.01 secs] 
2019-10-05T13:07:15.220+0000: 214.536: [GC (Allocation Failure) 2019-10-05T13:07:15.220+0000: 214.536: [DefNew: 410137K->537K(460800K), 0.0038754 secs] 498351K->88751K(1484800K), 0.0039629 secs] [Times: user=0.00 sys=0.00, real=0.00 secs] 
2019-10-05T13:07:18.266+0000: 217.583: [GC (Allocation Failure) 2019-10-05T13:07:18.266+0000: 217.583: [DefNew: 410137K->548K(460800K), 0.0040547 secs] 498351K->88761K(1484800K), 0.0041493 secs] [Times: user=0.01 sys=0.00, real=0.01 secs] 
2019-10-05T13:07:21.292+0000: 220.609: [GC (Allocation Failure) 2019-10-05T13:07:21.292+0000: 220.609: [DefNew: 410148K->537K(460800K), 0.0040807 secs] 498361K->88750K(1484800K), 0.0041818 secs] [Times: user=0.00 sys=0.00, real=0.01 secs] 
2019-10-05T13:07:24.348+0000: 223.665: [GC (Allocation Failure) 2019-10-05T13:07:24.348+0000: 223.665: [DefNew: 410137K->540K(460800K), 0.0037220 secs] 498350K->88754K(1484800K), 0.0038261 secs] [Times: user=0.01 sys=0.00, real=0.00 secs] 
2019-10-05T13:07:27.405+0000: 226.721: [GC (Allocation Failure) 2019-10-05T13:07:27.405+0000: 226.721: [DefNew: 410140K->537K(460800K), 0.0038515 secs] 498354K->88751K(1484800K), 0.0039460 secs] [Times: user=0.00 sys=0.00, real=0.01 secs] 
2019-10-05T13:07:30.437+0000: 229.754: [GC (Allocation Failure) 2019-10-05T13:07:30.438+0000: 229.754: [DefNew: 410137K->536K(460800K), 0.0037657 secs] 498351K->88750K(1484800K), 0.0038696 secs] [Times: user=0.00 sys=0.00, real=0.00 secs] 
2019-10-05T13:07:33.470+0000: 232.787: [GC (Allocation Failure) 2019-10-05T13:07:33.470+0000: 232.787: [DefNew: 410136K->439K(460800K), 0.0039176 secs] 498350K->88739K(1484800K), 0.0042684 secs] [Times: user=0.00 sys=0.00, real=0.00 secs] 
2019-10-05T13:07:36.531+0000: 235.847: [GC (Allocation Failure) 2019-10-05T13:07:36.531+0000: 235.847: [DefNew: 410039K->429K(460800K), 0.0036363 secs] 498339K->88752K(1484800K), 0.0037313 secs] [Times: user=0.01 sys=0.00, real=0.01 secs] 
2019-10-05T13:07:39.603+0000: 238.919: [GC (Allocation Failure) 2019-10-05T13:07:39.603+0000: 238.919: [DefNew: 410029K->364K(460800K), 0.0037515 secs] 498352K->88751K(1484800K), 0.0038549 secs] [Times: user=0.00 sys=0.00, real=0.01 secs] 
2019-10-05T13:07:42.649+0000: 241.966: [GC (Allocation Failure) 2019-10-05T13:07:42.650+0000: 241.966: [DefNew: 409964K->306K(460800K), 0.0037036 secs] 498351K->88751K(1484800K), 0.0037993 secs] [Times: user=0.01 sys=0.00, real=0.00 secs] 
2019-10-05T13:07:45.806+0000: 245.123: [GC (Allocation Failure) 2019-10-05T13:07:45.806+0000: 245.123: [DefNew: 409906K->469K(460800K), 0.0041493 secs] 498351K->88973K(1484800K), 0.0042353 secs] [Times: user=0.01 sys=0.00, real=0.01 secs] 
2019-10-05T13:07:49.001+0000: 248.318: [GC (Allocation Failure) 2019-10-05T13:07:49.001+0000: 248.318: [DefNew: 410069K->451K(460800K), 0.0037512 secs] 498573K->89011K(1484800K), 0.0038413 secs] [Times: user=0.01 sys=0.00, real=0.00 secs] 
2019-10-05T13:07:52.160+0000: 251.476: [GC (Allocation Failure) 2019-10-05T13:07:52.160+0000: 251.476: [DefNew: 410051K->448K(460800K), 0.0037769 secs] 498611K->89047K(1484800K), 0.0038634 secs] [Times: user=0.01 sys=0.00, real=0.00 secs] 
2019-10-05T13:07:55.292+0000: 254.609: [GC (Allocation Failure) 2019-10-05T13:07:55.292+0000: 254.609: [DefNew: 410048K->434K(460800K), 0.0038394 secs] 498647K->89079K(1484800K), 0.0039464 secs] [Times: user=0.01 sys=0.00, real=0.01 secs] 
2019-10-05T13:07:58.435+0000: 257.752: [GC (Allocation Failure) 2019-10-05T13:07:58.435+0000: 257.752: [DefNew: 410034K->521K(460800K), 0.0038849 secs] 498679K->89166K(1484800K), 0.0039681 secs] [Times: user=0.00 sys=0.00, real=0.00 secs] 
2019-10-05T13:08:01.638+0000: 260.955: [GC (Allocation Failure) 2019-10-05T13:08:01.638+0000: 260.955: [DefNew: 410121K->602K(460800K), 0.0039456 secs] 498766K->89247K(1484800K), 0.0040424 secs] [Times: user=0.00 sys=0.00, real=0.00 secs] 
2019-10-05T13:08:04.759+0000: 264.076: [GC (Allocation Failure) 2019-10-05T13:08:04.759+0000: 264.076: [DefNew: 410202K->578K(460800K), 0.0038128 secs] 498847K->89223K(1484800K), 0.0039035 secs] [Times: user=0.00 sys=0.00, real=0.00 secs] 
2019-10-05T13:08:07.884+0000: 267.200: [GC (Allocation Failure) 2019-10-05T13:08:07.884+0000: 267.200: [DefNew: 410178K->624K(460800K), 0.0038186 secs] 498823K->89268K(1484800K), 0.0039245 secs] [Times: user=0.01 sys=0.00, real=0.01 secs] 
2019-10-05T13:08:10.970+0000: 270.287: [GC (Allocation Failure) 2019-10-05T13:08:10.970+0000: 270.287: [DefNew: 410224K->647K(460800K), 0.0037615 secs] 498868K->89291K(1484800K), 0.0038541 secs] [Times: user=0.00 sys=0.00, real=0.00 secs] 
2019-10-05T13:08:14.036+0000: 273.353: [GC (Allocation Failure) 2019-10-05T13:08:14.036+0000: 273.353: [DefNew: 410247K->649K(460800K), 0.0039563 secs] 498891K->89294K(1484800K), 0.0040593 secs] [Times: user=0.01 sys=0.00, real=0.00 secs] 
2019-10-05T13:08:17.108+0000: 276.424: [GC (Allocation Failure) 2019-10-05T13:08:17.108+0000: 276.424: [DefNew: 410249K->636K(460800K), 0.0038898 secs] 498894K->89281K(1484800K), 0.0040016 secs] [Times: user=0.00 sys=0.00, real=0.00 secs] 
2019-10-05T13:08:20.184+0000: 279.500: [GC (Allocation Failure) 2019-10-05T13:08:20.184+0000: 279.500: [DefNew: 410236K->640K(460800K), 0.0038969 secs] 498881K->89284K(1484800K), 0.0040204 secs] [Times: user=0.00 sys=0.00, real=0.01 secs] 
2019-10-05T13:08:23.233+0000: 282.549: [GC (Allocation Failure) 2019-10-05T13:08:23.233+0000: 282.549: [DefNew: 410240K->631K(460800K), 0.0039609 secs] 498884K->89275K(1484800K), 0.0040530 secs] [Times: user=0.00 sys=0.00, real=0.01 secs] 
2019-10-05T13:08:26.260+0000: 285.577: [GC (Allocation Failure) 2019-10-05T13:08:26.260+0000: 285.577: [DefNew: 410231K->619K(460800K), 0.0037193 secs] 498875K->89263K(1484800K), 0.0038238 secs] [Times: user=0.01 sys=0.00, real=0.00 secs] 
2019-10-05T13:08:29.002+0000: 288.318: [GC (Allocation Failure) 2019-10-05T13:08:29.002+0000: 288.318: [DefNew: 410219K->631K(460800K), 0.0038952 secs] 498863K->89275K(1484800K), 0.0039915 secs] [Times: user=0.00 sys=0.00, real=0.00 secs] 
2019-10-05T13:08:31.683+0000: 291.000: [GC (Allocation Failure) 2019-10-05T13:08:31.683+0000: 291.000: [DefNew: 410231K->416K(460800K), 0.0041139 secs] 498875K->89275K(1484800K), 0.0042106 secs] [Times: user=0.01 sys=0.00, real=0.01 secs] 
2019-10-05T13:08:34.294+0000: 293.611: [GC (Allocation Failure) 2019-10-05T13:08:34.294+0000: 293.611: [DefNew: 410016K->371K(460800K), 0.0038543 secs] 498875K->89275K(1484800K), 0.0039652 secs] [Times: user=0.00 sys=0.00, real=0.01 secs] 
2019-10-05T13:08:36.943+0000: 296.260: [GC (Allocation Failure) 2019-10-05T13:08:36.944+0000: 296.260: [DefNew: 409971K->358K(460800K), 0.0038797 secs] 498875K->89298K(1484800K), 0.0052689 secs] [Times: user=0.00 sys=0.00, real=0.01 secs] 
2019-10-05T13:08:39.602+0000: 298.919: [GC (Allocation Failure) 2019-10-05T13:08:39.602+0000: 298.919: [DefNew: 409958K->292K(460800K), 0.0035484 secs] 498898K->89276K(1484800K), 0.0036394 secs] [Times: user=0.00 sys=0.00, real=0.00 secs] 
2019-10-05T13:08:42.244+0000: 301.560: [GC (Allocation Failure) 2019-10-05T13:08:42.244+0000: 301.560: [DefNew: 409892K->226K(460800K), 0.0035992 secs] 498876K->89268K(1484800K), 0.0036838 secs] [Times: user=0.00 sys=0.01, real=0.01 secs] 
2019-10-05T13:08:44.910+0000: 304.226: [GC (Allocation Failure) 2019-10-05T13:08:44.910+0000: 304.226: [DefNew: 409826K->449K(460800K), 0.0042043 secs] 498868K->89537K(1484800K), 0.0043196 secs] [Times: user=0.01 sys=0.00, real=0.00 secs] 
2019-10-05T13:08:47.579+0000: 306.897: [GC (Allocation Failure) 2019-10-05T13:08:47.581+0000: 306.897: [DefNew: 410049K->379K(460800K), 0.0039597 secs] 499137K->89507K(1484800K), 0.0061594 secs] [Times: user=0.01 sys=0.00, real=0.00 secs] 
2019-10-05T13:08:50.235+0000: 309.552: [GC (Allocation Failure) 2019-10-05T13:08:50.235+0000: 309.552: [DefNew: 409979K->372K(460800K), 0.0039895 secs] 499107K->89534K(1484800K), 0.0040960 secs] [Times: user=0.01 sys=0.00, real=0.00 secs] 
2019-10-05T13:08:52.873+0000: 312.189: [GC (Allocation Failure) 2019-10-05T13:08:52.873+0000: 312.189: [DefNew: 409972K->388K(460800K), 0.0037937 secs] 499134K->89557K(1484800K), 0.0038884 secs] [Times: user=0.00 sys=0.00, real=0.01 secs] 
2019-10-05T13:08:55.543+0000: 314.860: [GC (Allocation Failure) 2019-10-05T13:08:55.543+0000: 314.860: [DefNew: 409988K->426K(460800K), 0.0036668 secs] 499157K->89594K(1484800K), 0.0037584 secs] [Times: user=0.01 sys=0.00, real=0.01 secs] 
2019-10-05T13:08:58.269+0000: 317.586: [GC (Allocation Failure) 2019-10-05T13:08:58.270+0000: 317.586: [DefNew: 410026K->450K(460800K), 0.0040254 secs] 499194K->89618K(1484800K), 0.0052519 secs] [Times: user=0.00 sys=0.00, real=0.00 secs] 
2019-10-05T13:09:00.929+0000: 320.245: [GC (Allocation Failure) 2019-10-05T13:09:00.929+0000: 320.245: [DefNew: 410050K->562K(460800K), 0.0041164 secs] 499218K->89731K(1484800K), 0.0042102 secs] [Times: user=0.00 sys=0.00, real=0.00 secs] 
2019-10-05T13:09:03.569+0000: 322.887: [GC (Allocation Failure) 2019-10-05T13:09:03.571+0000: 322.887: [DefNew: 410162K->550K(460800K), 0.0043103 secs] 499331K->89719K(1484800K), 0.0057583 secs] [Times: user=0.01 sys=0.00, real=0.01 secs] 
2019-10-05T13:09:06.224+0000: 325.540: [GC (Allocation Failure) 2019-10-05T13:09:06.224+0000: 325.540: [DefNew: 410150K->536K(460800K), 0.0039404 secs] 499319K->89704K(1484800K), 0.0040393 secs] [Times: user=0.01 sys=0.00, real=0.01 secs] 
2019-10-05T13:09:08.893+0000: 328.210: [GC (Allocation Failure) 2019-10-05T13:09:08.893+0000: 328.210: [DefNew: 410136K->565K(460800K), 0.0038522 secs] 499304K->89733K(1484800K), 0.0039734 secs] [Times: user=0.01 sys=0.00, real=0.01 secs] 
2019-10-05T13:09:11.506+0000: 330.823: [GC (Allocation Failure) 2019-10-05T13:09:11.506+0000: 330.823: [DefNew: 410165K->565K(460800K), 0.0037772 secs] 499333K->89733K(1484800K), 0.0038703 secs] [Times: user=0.00 sys=0.00, real=0.01 secs] 
2019-10-05T13:09:14.141+0000: 333.458: [GC (Allocation Failure) 2019-10-05T13:09:14.142+0000: 333.458: [DefNew: 410165K->566K(460800K), 0.0041796 secs] 499333K->89734K(1484800K), 0.0053508 secs] [Times: user=0.01 sys=0.00, real=0.00 secs] 
2019-10-05T13:09:16.772+0000: 336.088: [GC (Allocation Failure) 2019-10-05T13:09:16.772+0000: 336.088: [DefNew: 410166K->565K(460800K), 0.0037451 secs] 499334K->89734K(1484800K), 0.0038438 secs] [Times: user=0.00 sys=0.00, real=0.01 secs] 
2019-10-05T13:09:19.419+0000: 338.737: [GC (Allocation Failure) 2019-10-05T13:09:19.420+0000: 338.737: [DefNew: 410165K->628K(460800K), 0.0040825 secs] 499334K->89797K(1484800K), 0.0054733 secs] [Times: user=0.00 sys=0.00, real=0.00 secs] 
2019-10-05T13:09:22.073+0000: 341.390: [GC (Allocation Failure) 2019-10-05T13:09:22.073+0000: 341.390: [DefNew: 410228K->565K(460800K), 0.0037249 secs] 499397K->89734K(1484800K), 0.0038201 secs] [Times: user=0.00 sys=0.01, real=0.01 secs] 
2019-10-05T13:09:24.685+0000: 344.001: [GC (Allocation Failure) 2019-10-05T13:09:24.685+0000: 344.001: [DefNew: 410165K->374K(460800K), 0.0040935 secs] 499334K->89743K(1484800K), 0.0041782 secs] [Times: user=0.00 sys=0.00, real=0.01 secs] 
2019-10-05T13:09:27.310+0000: 346.627: [GC (Allocation Failure) 2019-10-05T13:09:27.310+0000: 346.627: [DefNew: 409974K->374K(460800K), 0.0036672 secs] 499343K->89773K(1484800K), 0.0037490 secs] [Times: user=0.01 sys=0.00, real=0.00 secs] 
2019-10-05T13:09:29.939+0000: 349.257: [GC (Allocation Failure) 2019-10-05T13:09:29.941+0000: 349.257: [DefNew: 409974K->363K(460800K), 0.0040638 secs] 499373K->89790K(1484800K), 0.0053911 secs] [Times: user=0.00 sys=0.00, real=0.00 secs] 
2019-10-05T13:09:32.573+0000: 351.889: [GC (Allocation Failure) 2019-10-05T13:09:32.573+0000: 351.889: [DefNew: 409963K->290K(460800K), 0.0037397 secs] 499390K->89740K(1484800K), 0.0038239 secs] [Times: user=0.00 sys=0.00, real=0.01 secs] 
2019-10-05T13:09:35.201+0000: 354.519: [GC (Allocation Failure) 2019-10-05T13:09:35.202+0000: 354.519: [DefNew: 409890K->253K(460800K), 0.0037144 secs] 499340K->89740K(1484800K), 0.0051567 secs] [Times: user=0.00 sys=0.00, real=0.00 secs] 
2019-10-05T13:09:37.846+0000: 357.163: [GC (Allocation Failure) 2019-10-05T13:09:37.846+0000: 357.163: [DefNew: 409853K->240K(460800K), 0.0034492 secs] 499340K->89744K(1484800K), 0.0035332 secs] [Times: user=0.00 sys=0.00, real=0.01 secs] 
2019-10-05T13:09:40.504+0000: 359.822: [GC (Allocation Failure) 2019-10-05T13:09:40.505+0000: 359.822: [DefNew: 409840K->220K(460800K), 0.0037515 secs] 499344K->89740K(1484800K), 0.0054717 secs] [Times: user=0.00 sys=0.00, real=0.01 secs] 
2019-10-05T13:09:43.141+0000: 362.457: [GC (Allocation Failure) 2019-10-05T13:09:43.141+0000: 362.457: [DefNew: 409820K->190K(460800K), 0.0035503 secs] 499340K->89740K(1484800K), 0.0036388 secs] [Times: user=0.01 sys=0.00, real=0.00 secs] 
2019-10-05T13:09:45.798+0000: 365.114: [GC (Allocation Failure) 2019-10-05T13:09:45.798+0000: 365.114: [DefNew: 409790K->192K(460800K), 0.0038386 secs] 499340K->89801K(1484800K), 0.0039299 secs] [Times: user=0.00 sys=0.00, real=0.00 secs] 
2019-10-05T13:09:48.501+0000: 367.817: [GC (Allocation Failure) 2019-10-05T13:09:48.501+0000: 367.817: [DefNew: 409792K->192K(460800K), 0.0035566 secs] 499401K->89818K(1484800K), 0.0036764 secs] [Times: user=0.01 sys=0.00, real=0.00 secs] 
2019-10-05T13:09:51.162+0000: 370.480: [GC (Allocation Failure) 2019-10-05T13:09:51.163+0000: 370.480: [DefNew: 409792K->193K(460800K), 0.0040295 secs] 499418K->89819K(1484800K), 0.0055141 secs] [Times: user=0.00 sys=0.00, real=0.01 secs] 
2019-10-05T13:09:54.587+0000: 373.903: [GC (Allocation Failure) 2019-10-05T13:09:54.587+0000: 373.903: [DefNew: 409793K->252K(460800K), 0.0036965 secs] 499419K->89878K(1484800K), 0.0037893 secs] [Times: user=0.00 sys=0.00, real=0.00 secs] 
2019-10-05T13:09:56.702+0000: 376.019: [GC (Allocation Failure) 2019-10-05T13:09:56.703+0000: 376.019: [DefNew: 409852K->295K(460800K), 0.0035360 secs] 499478K->89922K(1484800K), 0.0036523 secs] [Times: user=0.00 sys=0.00, real=0.00 secs] 
2019-10-05T13:09:59.193+0000: 378.509: [GC (Allocation Failure) 2019-10-05T13:09:59.193+0000: 378.509: [DefNew: 409895K->318K(460800K), 0.0037208 secs] 499522K->89945K(1484800K), 0.0038356 secs] [Times: user=0.00 sys=0.00, real=0.01 secs] 
2019-10-05T13:10:02.811+0000: 382.129: [GC (Allocation Failure) 2019-10-05T13:10:02.813+0000: 382.129: [DefNew: 409918K->423K(460800K), 0.0038331 secs] 499545K->90049K(1484800K), 0.0054240 secs] [Times: user=0.00 sys=0.00, real=0.01 secs] 
2019-10-05T13:10:04.880+0000: 384.196: [GC (Allocation Failure) 2019-10-05T13:10:04.880+0000: 384.196: [DefNew: 410023K->347K(460800K), 0.0037583 secs] 499649K->89973K(1484800K), 0.0038485 secs] [Times: user=0.00 sys=0.00, real=0.00 secs] 
2019-10-05T13:10:07.248+0000: 386.565: [GC (Allocation Failure) 2019-10-05T13:10:07.248+0000: 386.565: [DefNew: 409947K->422K(460800K), 0.0038659 secs] 499573K->90055K(1484800K), 0.0039501 secs] [Times: user=0.01 sys=0.00, real=0.00 secs] 
2019-10-05T13:10:09.840+0000: 389.157: [GC (Allocation Failure) 2019-10-05T13:10:09.840+0000: 389.157: [DefNew: 410022K->328K(460800K), 0.0034678 secs] 499655K->89961K(1484800K), 0.0035738 secs] [Times: user=0.00 sys=0.00, real=0.00 secs] 
2019-10-05T13:10:12.480+0000: 391.796: [GC (Allocation Failure) 2019-10-05T13:10:12.480+0000: 391.796: [DefNew: 409928K->341K(460800K), 0.0036318 secs] 499561K->89974K(1484800K), 0.0037152 secs] [Times: user=0.00 sys=0.00, real=0.00 secs] 
2019-10-05T13:10:15.111+0000: 394.429: [GC (Allocation Failure) 2019-10-05T13:10:15.112+0000: 394.429: [DefNew: 409941K->316K(460800K), 0.0036703 secs] 499574K->89950K(1484800K), 0.0051120 secs] [Times: user=0.01 sys=0.00, real=0.01 secs] 
2019-10-05T13:10:17.761+0000: 397.078: [GC (Allocation Failure) 2019-10-05T13:10:17.761+0000: 397.078: [DefNew: 409916K->368K(460800K), 0.0038364 secs] 499550K->90001K(1484800K), 0.0039191 secs] [Times: user=0.01 sys=0.00, real=0.00 secs] 
2019-10-05T13:10:20.378+0000: 399.696: [GC (Allocation Failure) 2019-10-05T13:10:20.380+0000: 399.696: [DefNew: 409968K->316K(460800K), 0.0037612 secs] 499601K->89949K(1484800K), 0.0052391 secs] [Times: user=0.01 sys=0.00, real=0.00 secs] 
2019-10-05T13:10:23.003+0000: 402.320: [GC (Allocation Failure) 2019-10-05T13:10:23.003+0000: 402.320: [DefNew: 409916K->316K(460800K), 0.0035485 secs] 499549K->89949K(1484800K), 0.0036360 secs] [Times: user=0.00 sys=0.00, real=0.01 secs] 
2019-10-05T13:10:25.643+0000: 404.960: [GC (Allocation Failure) 2019-10-05T13:10:25.644+0000: 404.960: [DefNew: 409916K->257K(460800K), 0.0038962 secs] 499549K->89949K(1484800K), 0.0050818 secs] [Times: user=0.00 sys=0.00, real=0.01 secs] 
2019-10-05T13:10:28.286+0000: 407.602: [GC (Allocation Failure) 2019-10-05T13:10:28.286+0000: 407.602: [DefNew: 409857K->281K(460800K), 0.0036247 secs] 499549K->89993K(1484800K), 0.0037211 secs] [Times: user=0.00 sys=0.00, real=0.01 secs] 
2019-10-05T13:10:30.927+0000: 410.245: [GC (Allocation Failure) 2019-10-05T13:10:30.928+0000: 410.245: [DefNew: 409881K->269K(460800K), 0.0036857 secs] 499593K->89993K(1484800K), 0.0050814 secs] [Times: user=0.01 sys=0.00, real=0.00 secs] 
2019-10-05T13:10:33.595+0000: 412.911: [GC (Allocation Failure) 2019-10-05T13:10:33.595+0000: 412.911: [DefNew: 409869K->187K(460800K), 0.0035627 secs] 499593K->89949K(1484800K), 0.0036511 secs] [Times: user=0.00 sys=0.00, real=0.00 secs] 
2019-10-05T13:10:36.207+0000: 415.525: [GC (Allocation Failure) 2019-10-05T13:10:36.208+0000: 415.525: [DefNew: 409787K->197K(460800K), 0.0034392 secs] 499549K->89969K(1484800K), 0.0047001 secs] [Times: user=0.00 sys=0.00, real=0.00 secs] 
2019-10-05T13:10:38.833+0000: 418.150: [GC (Allocation Failure) 2019-10-05T13:10:38.833+0000: 418.150: [DefNew: 409797K->195K(460800K), 0.0035093 secs] 499569K->89996K(1484800K), 0.0036090 secs] [Times: user=0.00 sys=0.00, real=0.01 secs] 
2019-10-05T13:10:41.468+0000: 420.785: [GC (Allocation Failure) 2019-10-05T13:10:41.469+0000: 420.785: [DefNew: 409795K->131K(460800K), 0.0038715 secs] 499596K->89949K(1484800K), 0.0051883 secs] [Times: user=0.00 sys=0.00, real=0.00 secs] 
2019-10-05T13:10:44.411+0000: 423.727: [GC (Allocation Failure) 2019-10-05T13:10:44.411+0000: 423.727: [DefNew: 409731K->177K(460800K), 0.0035188 secs] 499549K->90001K(1484800K), 0.0036158 secs] [Times: user=0.00 sys=0.00, real=0.00 secs] 
2019-10-05T13:10:46.793+0000: 426.110: [GC (Allocation Failure) 2019-10-05T13:10:46.794+0000: 426.111: [DefNew: 409777K->229K(460800K), 0.0038813 secs] 499601K->90067K(1484800K), 0.0052966 secs] [Times: user=0.01 sys=0.00, real=0.01 secs] 
2019-10-05T13:10:49.458+0000: 428.774: [GC (Allocation Failure) 2019-10-05T13:10:49.458+0000: 428.775: [DefNew: 409829K->241K(460800K), 0.0038036 secs] 499667K->90083K(1484800K), 0.0039184 secs] [Times: user=0.00 sys=0.00, real=0.00 secs] 
2019-10-05T13:10:52.128+0000: 431.446: [GC (Allocation Failure) 2019-10-05T13:10:52.130+0000: 431.446: [DefNew: 409841K->224K(460800K), 0.0040455 secs] 499683K->90066K(1484800K), 0.0055755 secs] [Times: user=0.00 sys=0.00, real=0.00 secs] 
2019-10-05T13:10:54.763+0000: 434.079: [GC (Allocation Failure) 2019-10-05T13:10:54.763+0000: 434.079: [DefNew: 409824K->251K(460800K), 0.0034693 secs] 499666K->90093K(1484800K), 0.0035927 secs] [Times: user=0.00 sys=0.01, real=0.01 secs] 
2019-10-05T13:10:57.463+0000: 436.781: [GC (Allocation Failure) 2019-10-05T13:10:57.464+0000: 436.781: [DefNew: 409851K->268K(460800K), 0.0039803 secs] 499693K->90110K(1484800K), 0.0053327 secs] [Times: user=0.01 sys=0.00, real=0.01 secs] 
2019-10-05T13:11:00.138+0000: 439.455: [GC (Allocation Failure) 2019-10-05T13:11:00.138+0000: 439.455: [DefNew: 409868K->282K(460800K), 0.0034904 secs] 499710K->90124K(1484800K), 0.0035765 secs] [Times: user=0.01 sys=0.00, real=0.00 secs] 
2019-10-05T13:11:02.806+0000: 442.123: [GC (Allocation Failure) 2019-10-05T13:11:02.806+0000: 442.123: [DefNew: 409882K->308K(460800K), 0.0035719 secs] 499724K->90149K(1484800K), 0.0036694 secs] [Times: user=0.01 sys=0.00, real=0.01 secs] 
2019-10-05T13:11:05.488+0000: 444.804: [GC (Allocation Failure) 2019-10-05T13:11:05.488+0000: 444.804: [DefNew: 409908K->340K(460800K), 0.0037483 secs] 499749K->90182K(1484800K), 0.0038435 secs] [Times: user=0.00 sys=0.00, real=0.00 secs] 
2019-10-05T13:11:08.175+0000: 447.493: [GC (Allocation Failure) 2019-10-05T13:11:08.177+0000: 447.494: [DefNew: 409940K->353K(460800K), 0.0040206 secs] 499782K->90194K(1484800K), 0.0059344 secs] [Times: user=0.00 sys=0.00, real=0.00 secs] 
2019-10-05T13:11:10.816+0000: 450.132: [GC (Allocation Failure) 2019-10-05T13:11:10.816+0000: 450.132: [DefNew: 409953K->367K(460800K), 0.0036279 secs] 499794K->90209K(1484800K), 0.0037230 secs] [Times: user=0.00 sys=0.00, real=0.00 secs] 
2019-10-05T13:11:13.434+0000: 452.752: [GC (Allocation Failure) 2019-10-05T13:11:13.435+0000: 452.752: [DefNew: 409967K->425K(460800K), 0.0040791 secs] 499809K->90266K(1484800K), 0.0055083 secs] [Times: user=0.01 sys=0.00, real=0.01 secs] 
2019-10-05T13:11:16.058+0000: 455.375: [GC (Allocation Failure) 2019-10-05T13:11:16.058+0000: 455.375: [DefNew: 410025K->342K(460800K), 0.0037199 secs] 499866K->90183K(1484800K), 0.0038098 secs] [Times: user=0.01 sys=0.00, real=0.00 secs] 
2019-10-05T13:11:18.690+0000: 458.007: [GC (Allocation Failure) 2019-10-05T13:11:18.691+0000: 458.007: [DefNew: 409942K->341K(460800K), 0.0039110 secs] 499783K->90183K(1484800K), 0.0051773 secs] [Times: user=0.01 sys=0.00, real=0.01 secs] 
2019-10-05T13:11:21.324+0000: 460.640: [GC (Allocation Failure) 2019-10-05T13:11:21.324+0000: 460.640: [DefNew: 409941K->365K(460800K), 0.0037257 secs] 499783K->90206K(1484800K), 0.0038189 secs] [Times: user=0.00 sys=0.00, real=0.01 secs] 
2019-10-05T13:11:23.961+0000: 463.278: [GC (Allocation Failure) 2019-10-05T13:11:23.962+0000: 463.279: [DefNew: 409965K->285K(460800K), 0.0038412 secs] 499806K->90172K(1484800K), 0.0050357 secs] [Times: user=0.00 sys=0.00, real=0.00 secs] 
2019-10-05T13:11:26.598+0000: 465.915: [GC (Allocation Failure) 2019-10-05T13:11:26.598+0000: 465.915: [DefNew: 409885K->271K(460800K), 0.0035565 secs] 499772K->90183K(1484800K), 0.0036516 secs] [Times: user=0.00 sys=0.00, real=0.00 secs] 
2019-10-05T13:11:29.238+0000: 468.556: [GC (Allocation Failure) 2019-10-05T13:11:29.239+0000: 468.556: [DefNew: 409871K->274K(460800K), 0.0038535 secs] 499783K->90209K(1484800K), 0.0051653 secs] [Times: user=0.00 sys=0.00, real=0.00 secs] 
2019-10-05T13:11:31.871+0000: 471.188: [GC (Allocation Failure) 2019-10-05T13:11:31.871+0000: 471.188: [DefNew: 409874K->225K(460800K), 0.0034844 secs] 499809K->90184K(1484800K), 0.0035763 secs] [Times: user=0.01 sys=0.00, real=0.01 secs] 
2019-10-05T13:11:34.509+0000: 473.827: [GC (Allocation Failure) 2019-10-05T13:11:34.511+0000: 473.827: [DefNew: 409825K->198K(460800K), 0.0035039 secs] 499784K->90183K(1484800K), 0.0049325 secs] [Times: user=0.00 sys=0.01, real=0.00 secs] 
2019-10-05T13:11:37.151+0000: 476.467: [GC (Allocation Failure) 2019-10-05T13:11:37.151+0000: 476.467: [DefNew: 409798K->181K(460800K), 0.0036367 secs] 499783K->90183K(1484800K), 0.0037266 secs] [Times: user=0.01 sys=0.00, real=0.00 secs] 
2019-10-05T13:11:39.790+0000: 479.108: [GC (Allocation Failure) 2019-10-05T13:11:39.791+0000: 479.108: [DefNew: 409781K->157K(460800K), 0.0037202 secs] 499783K->90183K(1484800K), 0.0051089 secs] [Times: user=0.00 sys=0.00, real=0.01 secs] 
2019-10-05T13:11:42.450+0000: 481.767: [GC (Allocation Failure) 2019-10-05T13:11:42.450+0000: 481.767: [DefNew: 409757K->130K(460800K), 0.0035246 secs] 499783K->90184K(1484800K), 0.0036184 secs] [Times: user=0.01 sys=0.00, real=0.00 secs] 
2019-10-05T13:11:45.193+0000: 484.512: [GC (Allocation Failure) 2019-10-05T13:11:45.195+0000: 484.512: [DefNew: 409730K->178K(460800K), 0.0039816 secs] 499784K->90243K(1484800K), 0.0057188 secs] [Times: user=0.01 sys=0.00, real=0.01 secs] 
13:11:47.671 [Client] INFO  c.s.f.r.e.s.SocketRear  - FlameSocketGraphDeployerRear@flamestream-benchmarks-worker-2: has been disconnected from Connection 2
13:11:47.678 [worker-akka.actor.default-dispatcher-9] INFO  a.a.LocalActorRef akka://worker/user/watcher/acker - Unregistering front FlameSocketGraphDeployerFront@flamestream-benchmarks-worker-29
13:11:47.679 [worker-akka.actor.default-dispatcher-9] INFO  a.a.LocalActorRef akka://worker/user/watcher/acker - Unregistering front FlameSocketGraphDeployerFront@flamestream-benchmarks-worker-32
13:11:47.683 [worker-akka.actor.default-dispatcher-9] INFO  a.a.LocalActorRef akka://worker/user/watcher/acker - Unregistering front FlameSocketGraphDeployerFront@flamestream-benchmarks-worker-76
13:11:47.683 [worker-akka.actor.default-dispatcher-9] INFO  a.a.LocalActorRef akka://worker/user/watcher/acker - Unregistering front FlameSocketGraphDeployerFront@flamestream-benchmarks-worker-55
13:11:47.683 [worker-akka.actor.default-dispatcher-9] INFO  a.a.LocalActorRef akka://worker/user/watcher/acker - Unregistering front FlameSocketGraphDeployerFront@flamestream-benchmarks-worker-20
13:11:47.683 [worker-akka.actor.default-dispatcher-9] INFO  a.a.LocalActorRef akka://worker/user/watcher/acker - Unregistering front FlameSocketGraphDeployerFront@flamestream-benchmarks-worker-68
13:11:47.683 [worker-akka.actor.default-dispatcher-9] INFO  a.a.LocalActorRef akka://worker/user/watcher/acker - Unregistering front FlameSocketGraphDeployerFront@flamestream-benchmarks-worker-43
13:11:47.683 [worker-akka.actor.default-dispatcher-9] INFO  a.a.LocalActorRef akka://worker/user/watcher/acker - Unregistering front FlameSocketGraphDeployerFront@flamestream-benchmarks-worker-97
13:11:47.683 [worker-akka.actor.default-dispatcher-9] INFO  a.a.LocalActorRef akka://worker/user/watcher/acker - Unregistering front FlameSocketGraphDeployerFront@flamestream-benchmarks-worker-15
13:11:47.683 [worker-akka.actor.default-dispatcher-9] INFO  a.a.LocalActorRef akka://worker/user/watcher/acker - Unregistering front FlameSocketGraphDeployerFront@flamestream-benchmarks-worker-8
13:11:47.683 [worker-akka.actor.default-dispatcher-9] INFO  a.a.LocalActorRef akka://worker/user/watcher/acker - Unregistering front FlameSocketGraphDeployerFront@flamestream-benchmarks-worker-51
13:11:47.683 [worker-akka.actor.default-dispatcher-9] INFO  a.a.LocalActorRef akka://worker/user/watcher/acker - Unregistering front FlameSocketGraphDeployerFront@flamestream-benchmarks-worker-57
13:11:47.684 [worker-akka.actor.default-dispatcher-18] INFO  a.a.LocalActorRef akka://worker/user/watcher/acker - Unregistering front FlameSocketGraphDeployerFront@flamestream-benchmarks-worker-30
13:11:47.684 [worker-akka.actor.default-dispatcher-18] INFO  a.a.LocalActorRef akka://worker/user/watcher/acker - Unregistering front FlameSocketGraphDeployerFront@flamestream-benchmarks-worker-48
13:11:47.694 [worker-akka.actor.default-dispatcher-19] INFO  a.a.LocalActorRef akka://worker/user/watcher/acker - Unregistering front FlameSocketGraphDeployerFront@flamestream-benchmarks-worker-24
13:11:47.695 [worker-akka.actor.default-dispatcher-19] INFO  a.a.LocalActorRef akka://worker/user/watcher/acker - Unregistering front FlameSocketGraphDeployerFront@flamestream-benchmarks-worker-46
13:11:47.695 [worker-akka.actor.default-dispatcher-19] INFO  a.a.LocalActorRef akka://worker/user/watcher/acker - Unregistering front FlameSocketGraphDeployerFront@flamestream-benchmarks-worker-71
13:11:47.695 [worker-akka.actor.default-dispatcher-19] INFO  a.a.LocalActorRef akka://worker/user/watcher/acker - Unregistering front FlameSocketGraphDeployerFront@flamestream-benchmarks-worker-59
13:11:47.695 [worker-akka.actor.default-dispatcher-19] INFO  a.a.LocalActorRef akka://worker/user/watcher/acker - Unregistering front FlameSocketGraphDeployerFront@flamestream-benchmarks-worker-50
13:11:47.695 [worker-akka.actor.default-dispatcher-6] INFO  a.a.LocalActorRef akka://worker/user/watcher/acker - Unregistering front FlameSocketGraphDeployerFront@flamestream-benchmarks-worker-77
13:11:47.695 [worker-akka.actor.default-dispatcher-6] INFO  a.a.LocalActorRef akka://worker/user/watcher/acker - Unregistering front FlameSocketGraphDeployerFront@flamestream-benchmarks-worker-52
13:11:47.695 [worker-akka.actor.default-dispatcher-6] INFO  a.a.LocalActorRef akka://worker/user/watcher/acker - Unregistering front FlameSocketGraphDeployerFront@flamestream-benchmarks-worker-98
13:11:47.695 [worker-akka.actor.default-dispatcher-6] INFO  a.a.LocalActorRef akka://worker/user/watcher/acker - Unregistering front FlameSocketGraphDeployerFront@flamestream-benchmarks-worker-67
13:11:47.695 [worker-akka.actor.default-dispatcher-6] INFO  a.a.LocalActorRef akka://worker/user/watcher/acker - Unregistering front FlameSocketGraphDeployerFront@flamestream-benchmarks-worker-96
13:11:47.696 [worker-akka.actor.default-dispatcher-6] INFO  a.a.LocalActorRef akka://worker/user/watcher/acker - Unregistering front FlameSocketGraphDeployerFront@flamestream-benchmarks-worker-39
13:11:47.696 [worker-akka.actor.default-dispatcher-6] INFO  a.a.LocalActorRef akka://worker/user/watcher/acker - Unregistering front FlameSocketGraphDeployerFront@flamestream-benchmarks-worker-11
13:11:47.696 [worker-akka.actor.default-dispatcher-6] INFO  a.a.LocalActorRef akka://worker/user/watcher/acker - Unregistering front FlameSocketGraphDeployerFront@flamestream-benchmarks-worker-26
13:11:47.696 [worker-akka.actor.default-dispatcher-6] INFO  a.a.LocalActorRef akka://worker/user/watcher/acker - Unregistering front FlameSocketGraphDeployerFront@flamestream-benchmarks-worker-99
13:11:47.697 [worker-akka.actor.default-dispatcher-9] INFO  a.a.LocalActorRef akka://worker/user/watcher/acker - Unregistering front FlameSocketGraphDeployerFront@flamestream-benchmarks-worker-89
13:11:47.697 [worker-akka.actor.default-dispatcher-9] INFO  a.a.LocalActorRef akka://worker/user/watcher/acker - Unregistering front FlameSocketGraphDeployerFront@flamestream-benchmarks-worker-40
13:11:47.697 [worker-akka.actor.default-dispatcher-9] INFO  a.a.LocalActorRef akka://worker/user/watcher/acker - Unregistering front FlameSocketGraphDeployerFront@flamestream-benchmarks-worker-72
13:11:47.697 [worker-akka.actor.default-dispatcher-9] INFO  a.a.LocalActorRef akka://worker/user/watcher/acker - Unregistering front FlameSocketGraphDeployerFront@flamestream-benchmarks-worker-38
13:11:47.697 [worker-akka.actor.default-dispatcher-9] INFO  a.a.LocalActorRef akka://worker/user/watcher/acker - Unregistering front FlameSocketGraphDeployerFront@flamestream-benchmarks-worker-88
13:11:47.697 [worker-akka.actor.default-dispatcher-9] INFO  a.a.LocalActorRef akka://worker/user/watcher/acker - Unregistering front FlameSocketGraphDeployerFront@flamestream-benchmarks-worker-27
13:11:47.697 [worker-akka.actor.default-dispatcher-9] INFO  a.a.LocalActorRef akka://worker/user/watcher/acker - Unregistering front FlameSocketGraphDeployerFront@flamestream-benchmarks-worker-85
13:11:47.697 [worker-akka.actor.default-dispatcher-9] INFO  a.a.LocalActorRef akka://worker/user/watcher/acker - Unregistering front FlameSocketGraphDeployerFront@flamestream-benchmarks-worker-37
13:11:47.697 [worker-akka.actor.default-dispatcher-9] INFO  a.a.LocalActorRef akka://worker/user/watcher/acker - Unregistering front FlameSocketGraphDeployerFront@flamestream-benchmarks-worker-35
13:11:47.697 [worker-akka.actor.default-dispatcher-9] INFO  a.a.LocalActorRef akka://worker/user/watcher/acker - Unregistering front FlameSocketGraphDeployerFront@flamestream-benchmarks-worker-45
13:11:47.698 [worker-akka.actor.default-dispatcher-16] INFO  a.a.LocalActorRef akka://worker/user/watcher/acker - Unregistering front FlameSocketGraphDeployerFront@flamestream-benchmarks-worker-64
13:11:47.698 [worker-akka.actor.default-dispatcher-16] INFO  a.a.LocalActorRef akka://worker/user/watcher/acker - Unregistering front FlameSocketGraphDeployerFront@flamestream-benchmarks-worker-60
13:11:47.698 [worker-akka.actor.default-dispatcher-16] INFO  a.a.LocalActorRef akka://worker/user/watcher/acker - Unregistering front FlameSocketGraphDeployerFront@flamestream-benchmarks-worker-36
13:11:47.698 [worker-akka.actor.default-dispatcher-16] INFO  a.a.LocalActorRef akka://worker/user/watcher/acker - Unregistering front FlameSocketGraphDeployerFront@flamestream-benchmarks-worker-44
13:11:47.705 [worker-akka.actor.default-dispatcher-9] INFO  a.a.LocalActorRef akka://worker/user/watcher/acker - Unregistering front FlameSocketGraphDeployerFront@flamestream-benchmarks-worker-82
13:11:47.705 [worker-akka.actor.default-dispatcher-9] INFO  a.a.LocalActorRef akka://worker/user/watcher/acker - Unregistering front FlameSocketGraphDeployerFront@flamestream-benchmarks-worker-21
13:11:47.705 [worker-akka.actor.default-dispatcher-9] INFO  a.a.LocalActorRef akka://worker/user/watcher/acker - Unregistering front FlameSocketGraphDeployerFront@flamestream-benchmarks-worker-65
13:11:47.705 [worker-akka.actor.default-dispatcher-9] INFO  a.a.LocalActorRef akka://worker/user/watcher/acker - Unregistering front FlameSocketGraphDeployerFront@flamestream-benchmarks-worker-83
13:11:47.705 [worker-akka.actor.default-dispatcher-9] INFO  a.a.LocalActorRef akka://worker/user/watcher/acker - Unregistering front FlameSocketGraphDeployerFront@flamestream-benchmarks-worker-56
13:11:47.706 [worker-akka.actor.default-dispatcher-9] INFO  a.a.LocalActorRef akka://worker/user/watcher/acker - Unregistering front FlameSocketGraphDeployerFront@flamestream-benchmarks-worker-25
13:11:47.706 [worker-akka.actor.default-dispatcher-9] INFO  a.a.LocalActorRef akka://worker/user/watcher/acker - Unregistering front FlameSocketGraphDeployerFront@flamestream-benchmarks-worker-3
13:11:47.706 [worker-akka.actor.default-dispatcher-9] INFO  a.a.LocalActorRef akka://worker/user/watcher/acker - Unregistering front FlameSocketGraphDeployerFront@flamestream-benchmarks-worker-22
13:11:47.706 [worker-akka.actor.default-dispatcher-9] INFO  a.a.LocalActorRef akka://worker/user/watcher/acker - Unregistering front FlameSocketGraphDeployerFront@flamestream-benchmarks-worker-86
13:11:47.709 [worker-akka.actor.default-dispatcher-9] INFO  a.a.LocalActorRef akka://worker/user/watcher/acker - Unregistering front FlameSocketGraphDeployerFront@flamestream-benchmarks-worker-74
13:11:47.710 [worker-akka.actor.default-dispatcher-9] INFO  a.a.LocalActorRef akka://worker/user/watcher/acker - Unregistering front FlameSocketGraphDeployerFront@flamestream-benchmarks-worker-69
13:11:47.710 [worker-akka.actor.default-dispatcher-9] INFO  a.a.LocalActorRef akka://worker/user/watcher/acker - Unregistering front FlameSocketGraphDeployerFront@flamestream-benchmarks-worker-33
13:11:47.715 [worker-akka.actor.default-dispatcher-9] INFO  a.a.LocalActorRef akka://worker/user/watcher/acker - Unregistering front FlameSocketGraphDeployerFront@flamestream-benchmarks-worker-34
13:11:47.715 [worker-akka.actor.default-dispatcher-9] INFO  a.a.LocalActorRef akka://worker/user/watcher/acker - Unregistering front FlameSocketGraphDeployerFront@flamestream-benchmarks-worker-70
13:11:47.720 [worker-akka.actor.default-dispatcher-9] INFO  a.a.LocalActorRef akka://worker/user/watcher/acker - Unregistering front FlameSocketGraphDeployerFront@flamestream-benchmarks-worker-79
13:11:47.720 [worker-akka.actor.default-dispatcher-9] INFO  a.a.LocalActorRef akka://worker/user/watcher/acker - Unregistering front FlameSocketGraphDeployerFront@flamestream-benchmarks-worker-94
13:11:47.720 [worker-akka.actor.default-dispatcher-9] INFO  a.a.LocalActorRef akka://worker/user/watcher/acker - Unregistering front FlameSocketGraphDeployerFront@flamestream-benchmarks-worker-17
13:11:47.720 [worker-akka.actor.default-dispatcher-9] INFO  a.a.LocalActorRef akka://worker/user/watcher/acker - Unregistering front FlameSocketGraphDeployerFront@flamestream-benchmarks-worker-93
13:11:47.720 [worker-akka.actor.default-dispatcher-9] INFO  a.a.LocalActorRef akka://worker/user/watcher/acker - Unregistering front FlameSocketGraphDeployerFront@flamestream-benchmarks-worker-90
13:11:47.725 [worker-akka.actor.default-dispatcher-9] INFO  a.a.LocalActorRef akka://worker/user/watcher/acker - Unregistering front FlameSocketGraphDeployerFront@flamestream-benchmarks-worker-41
13:11:47.725 [worker-akka.actor.default-dispatcher-9] INFO  a.a.LocalActorRef akka://worker/user/watcher/acker - Unregistering front FlameSocketGraphDeployerFront@flamestream-benchmarks-worker-16
13:11:47.725 [worker-akka.actor.default-dispatcher-9] INFO  a.a.LocalActorRef akka://worker/user/watcher/acker - Unregistering front FlameSocketGraphDeployerFront@flamestream-benchmarks-worker-14
13:11:47.726 [worker-akka.actor.default-dispatcher-9] INFO  a.a.LocalActorRef akka://worker/user/watcher/acker - Unregistering front FlameSocketGraphDeployerFront@flamestream-benchmarks-worker-87
13:11:47.733 [worker-akka.actor.default-dispatcher-9] INFO  a.a.LocalActorRef akka://worker/user/watcher/acker - Unregistering front FlameSocketGraphDeployerFront@flamestream-benchmarks-worker-81
13:11:47.733 [worker-akka.actor.default-dispatcher-9] INFO  a.a.LocalActorRef akka://worker/user/watcher/acker - Unregistering front FlameSocketGraphDeployerFront@flamestream-benchmarks-worker-91
13:11:47.736 [worker-akka.actor.default-dispatcher-9] INFO  a.a.LocalActorRef akka://worker/user/watcher/acker - Unregistering front FlameSocketGraphDeployerFront@flamestream-benchmarks-worker-5
13:11:47.743 [worker-akka.actor.default-dispatcher-9] INFO  a.a.LocalActorRef akka://worker/user/watcher/acker - Unregistering front FlameSocketGraphDeployerFront@flamestream-benchmarks-worker-84
13:11:47.743 [worker-akka.actor.default-dispatcher-9] INFO  a.a.LocalActorRef akka://worker/user/watcher/acker - Unregistering front FlameSocketGraphDeployerFront@flamestream-benchmarks-worker-28
13:11:47.743 [worker-akka.actor.default-dispatcher-9] INFO  a.a.LocalActorRef akka://worker/user/watcher/acker - Unregistering front FlameSocketGraphDeployerFront@flamestream-benchmarks-worker-31
13:11:47.743 [worker-akka.actor.default-dispatcher-9] INFO  a.a.LocalActorRef akka://worker/user/watcher/acker - Unregistering front FlameSocketGraphDeployerFront@flamestream-benchmarks-worker-78
13:11:47.743 [worker-akka.actor.default-dispatcher-9] INFO  a.a.LocalActorRef akka://worker/user/watcher/acker - Unregistering front FlameSocketGraphDeployerFront@flamestream-benchmarks-worker-6
13:11:47.751 [worker-akka.actor.default-dispatcher-9] INFO  a.a.LocalActorRef akka://worker/user/watcher/acker - Unregistering front FlameSocketGraphDeployerFront@flamestream-benchmarks-worker-7
13:11:47.752 [worker-akka.actor.default-dispatcher-9] INFO  a.a.LocalActorRef akka://worker/user/watcher/acker - Unregistering front FlameSocketGraphDeployerFront@flamestream-benchmarks-worker-13
13:11:47.758 [worker-akka.actor.default-dispatcher-9] INFO  a.a.LocalActorRef akka://worker/user/watcher/acker - Unregistering front FlameSocketGraphDeployerFront@flamestream-benchmarks-worker-92
13:11:47.776 [worker-akka.actor.default-dispatcher-9] INFO  a.a.LocalActorRef akka://worker/user/watcher/acker - Unregistering front FlameSocketGraphDeployerFront@flamestream-benchmarks-worker-49
13:11:47.782 [worker-akka.actor.default-dispatcher-9] INFO  a.a.LocalActorRef akka://worker/user/watcher/acker - Unregistering front FlameSocketGraphDeployerFront@flamestream-benchmarks-worker-75
13:11:47.831 [worker-akka.actor.default-dispatcher-9] WARN  c.s.f.r.e.s.SocketRear  - FlameSocketGraphDeployerRear@flamestream-benchmarks-worker-2: writing to closed log
13:11:47.834 [worker-akka.actor.default-dispatcher-9] INFO  a.a.LocalActorRef akka://worker/user/watcher/acker - Unregistering front FlameSocketGraphDeployerFront@flamestream-benchmarks-worker-4
13:11:47.834 [worker-akka.actor.default-dispatcher-9] INFO  a.a.LocalActorRef akka://worker/user/watcher/acker - Unregistering front FlameSocketGraphDeployerFront@flamestream-benchmarks-worker-63
13:11:47.836 [worker-akka.actor.default-dispatcher-9] INFO  a.a.LocalActorRef akka://worker/user/watcher/acker - Unregistering front FlameSocketGraphDeployerFront@flamestream-benchmarks-worker-19
13:11:47.846 [worker-akka.actor.default-dispatcher-9] INFO  a.a.LocalActorRef akka://worker/user/watcher/acker - Unregistering front FlameSocketGraphDeployerFront@flamestream-benchmarks-worker-47
13:11:47.846 [worker-akka.actor.default-dispatcher-9] INFO  a.a.LocalActorRef akka://worker/user/watcher/acker - Unregistering front FlameSocketGraphDeployerFront@flamestream-benchmarks-worker-10
13:11:47.846 [worker-akka.actor.default-dispatcher-9] INFO  a.a.LocalActorRef akka://worker/user/watcher/acker - Unregistering front FlameSocketGraphDeployerFront@flamestream-benchmarks-worker-42
13:11:47.846 [worker-akka.actor.default-dispatcher-9] INFO  a.a.LocalActorRef akka://worker/user/watcher/acker - Unregistering front FlameSocketGraphDeployerFront@flamestream-benchmarks-worker-73
13:11:47.846 [worker-akka.actor.default-dispatcher-9] INFO  a.a.LocalActorRef akka://worker/user/watcher/acker - Unregistering front FlameSocketGraphDeployerFront@flamestream-benchmarks-worker-61
13:11:47.847 [worker-akka.actor.default-dispatcher-9] INFO  a.a.LocalActorRef akka://worker/user/watcher/acker - Unregistering front FlameSocketGraphDeployerFront@flamestream-benchmarks-worker-95
13:11:47.847 [worker-akka.actor.default-dispatcher-9] INFO  a.a.LocalActorRef akka://worker/user/watcher/acker - Unregistering front FlameSocketGraphDeployerFront@flamestream-benchmarks-worker-12
13:11:47.847 [worker-akka.actor.default-dispatcher-9] INFO  a.a.LocalActorRef akka://worker/user/watcher/acker - Unregistering front FlameSocketGraphDeployerFront@flamestream-benchmarks-worker-62
13:11:47.855 [worker-akka.actor.default-dispatcher-13] INFO  a.a.LocalActorRef akka://worker/user/watcher/acker - Unregistering front FlameSocketGraphDeployerFront@flamestream-benchmarks-worker-23
13:11:47.855 [worker-akka.actor.default-dispatcher-13] INFO  a.a.LocalActorRef akka://worker/user/watcher/acker - Unregistering front FlameSocketGraphDeployerFront@flamestream-benchmarks-worker-54
13:11:47.855 [worker-akka.actor.default-dispatcher-13] INFO  a.a.LocalActorRef akka://worker/user/watcher/acker - Unregistering front FlameSocketGraphDeployerFront@flamestream-benchmarks-worker-53
13:11:47.855 [worker-akka.actor.default-dispatcher-13] INFO  a.a.LocalActorRef akka://worker/user/watcher/acker - Unregistering front FlameSocketGraphDeployerFront@flamestream-benchmarks-worker-58
13:11:47.856 [worker-akka.actor.default-dispatcher-13] INFO  a.a.LocalActorRef akka://worker/user/watcher/acker - Unregistering front FlameSocketGraphDeployerFront@flamestream-benchmarks-worker-66
13:11:47.856 [worker-akka.actor.default-dispatcher-13] INFO  a.a.LocalActorRef akka://worker/user/watcher/acker - Unregistering front FlameSocketGraphDeployerFront@flamestream-benchmarks-worker-80
13:11:47.856 [worker-akka.actor.default-dispatcher-13] INFO  a.a.LocalActorRef akka://worker/user/watcher/acker - Unregistering front FlameSocketGraphDeployerFront@flamestream-benchmarks-worker-18
13:11:47.867 [worker-akka.actor.default-dispatcher-13] INFO  a.a.LocalActorRef akka://worker/user/watcher/acker - Unregistering front FlameSocketGraphDeployerFront@flamestream-benchmarks-worker-9
13:11:47.868 [worker-akka.actor.default-dispatcher-13] WARN  c.s.f.r.e.s.SocketRear  - FlameSocketGraphDeployerRear@flamestream-benchmarks-worker-2: writing to closed log
13:11:47.990 [worker-akka.actor.default-dispatcher-16] WARN  c.s.f.r.e.s.SocketRear  - FlameSocketGraphDeployerRear@flamestream-benchmarks-worker-2: writing to closed log
2019-10-05T13:12:04.679+0000: 503.996: [GC (Allocation Failure) 2019-10-05T13:12:04.679+0000: 503.996: [DefNew: 409778K->322K(460800K), 0.0040528 secs] 499843K->90395K(1484800K), 0.0041447 secs] [Times: user=0.01 sys=0.00, real=0.00 secs] 
13:13:37.775 [worker-akka.actor.default-dispatcher-16] INFO  a.a.LocalActorRef akka://worker/user/watcher/acker - Stopped
13:13:37.779 [worker-akka.actor.default-dispatcher-6] INFO  a.a.LocalActorRef akka://worker/user/watcher/processing-watcher/graph/edge/FlameSocketGraphDeployerRear - Stopped
13:13:37.781 [worker-akka.actor.default-dispatcher-15] INFO  a.a.LocalActorRef akka://worker/user/watcher/processing-watcher/graph/graph/$+ - Stopped
13:13:37.781 [worker-akka.actor.default-dispatcher-15] INFO  a.a.LocalActorRef akka://worker/user/watcher/processing-watcher/graph/graph/$0 - Stopped
13:13:37.782 [worker-akka.actor.default-dispatcher-15] INFO  a.a.LocalActorRef akka://worker/user/watcher/processing-watcher/graph/graph/$1 - Stopped
13:13:37.782 [worker-akka.actor.default-dispatcher-15] INFO  a.a.LocalActorRef akka://worker/user/watcher/processing-watcher/graph/graph/$2 - Stopped
13:13:37.782 [worker-akka.actor.default-dispatcher-15] INFO  a.a.LocalActorRef akka://worker/user/watcher/processing-watcher/graph/graph/$3 - Stopped
13:13:37.782 [worker-akka.actor.default-dispatcher-15] INFO  a.a.LocalActorRef akka://worker/user/watcher/processing-watcher/graph/graph/$4 - Stopped
13:13:37.782 [worker-akka.actor.default-dispatcher-15] INFO  a.a.LocalActorRef akka://worker/user/watcher/processing-watcher/graph/graph/$5 - Stopped
13:13:37.783 [worker-akka.actor.default-dispatcher-15] INFO  a.a.LocalActorRef akka://worker/user/watcher/processing-watcher/graph/graph/$6 - Stopped
13:13:37.783 [worker-akka.actor.default-dispatcher-15] INFO  a.a.LocalActorRef akka://worker/user/watcher/processing-watcher/graph/graph/$7 - Stopped
13:13:37.783 [worker-akka.actor.default-dispatcher-15] INFO  a.a.LocalActorRef akka://worker/user/watcher/processing-watcher/graph/graph/$8 - Stopped
13:13:37.783 [worker-akka.actor.default-dispatcher-15] INFO  a.a.LocalActorRef akka://worker/user/watcher/processing-watcher/graph/graph/$9 - Stopped
13:13:37.783 [worker-akka.actor.default-dispatcher-15] INFO  a.a.LocalActorRef akka://worker/user/watcher/processing-watcher/graph/graph/$A - Stopped
13:13:37.783 [worker-akka.actor.default-dispatcher-15] INFO  a.a.LocalActorRef akka://worker/user/watcher/processing-watcher/graph/graph/$Ab - Stopped
13:13:37.784 [worker-akka.actor.default-dispatcher-15] INFO  a.a.LocalActorRef akka://worker/user/watcher/processing-watcher/graph/graph/$B - Stopped
13:13:37.784 [worker-akka.actor.default-dispatcher-15] INFO  a.a.LocalActorRef akka://worker/user/watcher/processing-watcher/graph/graph/$Bb - Stopped
13:13:37.784 [worker-akka.actor.default-dispatcher-15] INFO  a.a.LocalActorRef akka://worker/user/watcher/processing-watcher/graph/graph/$C - Stopped
13:13:37.784 [worker-akka.actor.default-dispatcher-15] INFO  a.a.LocalActorRef akka://worker/user/watcher/processing-watcher/graph/graph/$Cb - Stopped
13:13:37.784 [worker-akka.actor.default-dispatcher-15] INFO  a.a.LocalActorRef akka://worker/user/watcher/processing-watcher/graph/graph/$D - Stopped
13:13:37.784 [worker-akka.actor.default-dispatcher-15] INFO  a.a.LocalActorRef akka://worker/user/watcher/processing-watcher/graph/graph/$Db - Stopped
13:13:37.784 [worker-akka.actor.default-dispatcher-15] INFO  a.a.LocalActorRef akka://worker/user/watcher/processing-watcher/graph/graph/$E - Stopped
13:13:37.785 [worker-akka.actor.default-dispatcher-9] INFO  a.a.LocalActorRef akka://worker/user/watcher/processing-watcher/graph/graph/$Eb - Stopped
13:13:37.785 [worker-akka.actor.default-dispatcher-15] INFO  a.a.LocalActorRef akka://worker/user/watcher/processing-watcher/graph/graph/$F - Stopped
13:13:37.786 [worker-akka.actor.default-dispatcher-15] INFO  a.a.LocalActorRef akka://worker/user/watcher/processing-watcher/graph/graph/$Fb - Stopped
13:13:37.787 [worker-akka.actor.default-dispatcher-15] INFO  a.a.LocalActorRef akka://worker/user/watcher/processing-watcher/graph/graph/$G - Stopped
13:13:37.787 [worker-akka.actor.default-dispatcher-15] INFO  a.a.LocalActorRef akka://worker/user/watcher/processing-watcher/graph/graph/$Gb - Stopped
13:13:37.795 [worker-akka.actor.default-dispatcher-16] INFO  a.a.LocalActorRef akka://worker/user/watcher/processing-watcher/graph/graph/$H - Stopped
13:13:37.795 [worker-akka.actor.default-dispatcher-16] INFO  a.a.LocalActorRef akka://worker/user/watcher/processing-watcher/graph/negotiator - Stopped
13:13:37.796 [worker-akka.actor.default-dispatcher-19] INFO  a.a.LocalActorRef akka://worker/user/watcher/processing-watcher/$d/$a - Stopped
13:13:37.798 [worker-akka.actor.default-dispatcher-15] INFO  a.a.LocalActorRef akka://worker/user/watcher/processing-watcher/$d - Stopped
13:13:37.801 [worker-akka.actor.default-dispatcher-13] INFO  a.a.LocalActorRef akka://worker/user/watcher/processing-watcher/graph/edge/FlameSocketGraphDeployerFront - Stopped
13:13:37.801 [worker-akka.actor.default-dispatcher-15] INFO  a.a.LocalActorRef akka://worker/user/watcher/processing-watcher/graph/edge - Stopped
13:13:37.806 [worker-akka.actor.default-dispatcher-21] INFO  a.a.LocalActorRef akka://worker/user/watcher/processing-watcher/graph/graph/$Hb - Stopped
13:13:37.806 [worker-akka.actor.default-dispatcher-21] INFO  a.a.LocalActorRef akka://worker/user/watcher/processing-watcher/graph/graph/$I - Stopped
13:13:37.806 [worker-akka.actor.default-dispatcher-21] INFO  a.a.LocalActorRef akka://worker/user/watcher/processing-watcher/graph/graph/$Ib - Stopped
13:13:37.806 [worker-akka.actor.default-dispatcher-21] INFO  a.a.LocalActorRef akka://worker/user/watcher/processing-watcher/graph/graph/$J - Stopped
13:13:37.806 [worker-akka.actor.default-dispatcher-21] INFO  a.a.LocalActorRef akka://worker/user/watcher/processing-watcher/graph/graph/$Jb - Stopped
13:13:37.806 [worker-akka.actor.default-dispatcher-21] INFO  a.a.LocalActorRef akka://worker/user/watcher/processing-watcher/graph/graph/$K - Stopped
13:13:37.807 [worker-akka.actor.default-dispatcher-21] INFO  a.a.LocalActorRef akka://worker/user/watcher/processing-watcher/graph/graph/$Kb - Stopped
13:13:37.807 [worker-akka.actor.default-dispatcher-21] INFO  a.a.LocalActorRef akka://worker/user/watcher/processing-watcher/graph/graph/$L - Stopped
13:13:37.807 [worker-akka.actor.default-dispatcher-21] INFO  a.a.LocalActorRef akka://worker/user/watcher/processing-watcher/graph/graph/$Lb - Stopped
13:13:37.807 [worker-akka.actor.default-dispatcher-21] INFO  a.a.LocalActorRef akka://worker/user/watcher/processing-watcher/graph/graph/$M - Stopped
13:13:37.807 [worker-akka.actor.default-dispatcher-21] INFO  a.a.LocalActorRef akka://worker/user/watcher/processing-watcher/graph/graph/$Mb - Stopped
13:13:37.807 [worker-akka.actor.default-dispatcher-21] INFO  a.a.LocalActorRef akka://worker/user/watcher/processing-watcher/graph/graph/$N - Stopped
13:13:37.807 [worker-akka.actor.default-dispatcher-21] INFO  a.a.LocalActorRef akka://worker/user/watcher/processing-watcher/graph/graph/$Nb - Stopped
13:13:37.807 [worker-akka.actor.default-dispatcher-21] INFO  a.a.LocalActorRef akka://worker/user/watcher/processing-watcher/graph/graph/$O - Stopped
13:13:37.807 [worker-akka.actor.default-dispatcher-21] INFO  a.a.LocalActorRef akka://worker/user/watcher/processing-watcher/graph/graph/$P - Stopped
13:13:37.807 [worker-akka.actor.default-dispatcher-9] INFO  a.a.LocalActorRef akka://worker/user/watcher/processing-watcher/graph/graph/$Q - Stopped
13:13:37.810 [worker-akka.actor.default-dispatcher-23] INFO  a.a.LocalActorRef akka://worker/user/watcher/processing-watcher/graph/graph/$R - Stopped
13:13:37.811 [worker-akka.actor.default-dispatcher-23] INFO  a.a.LocalActorRef akka://worker/user/watcher/processing-watcher/graph/graph/$S - Stopped
13:13:37.811 [worker-akka.actor.default-dispatcher-23] INFO  a.a.LocalActorRef akka://worker/user/watcher/processing-watcher/graph/graph/$T - Stopped
13:13:37.811 [worker-akka.actor.default-dispatcher-23] INFO  a.a.LocalActorRef akka://worker/user/watcher/processing-watcher/graph/graph/$U - Stopped
13:13:37.811 [worker-akka.actor.default-dispatcher-23] INFO  a.a.LocalActorRef akka://worker/user/watcher/processing-watcher/graph/graph/$V - Stopped
13:13:37.811 [worker-akka.actor.default-dispatcher-22] INFO  a.a.LocalActorRef akka://worker/user/watcher/processing-watcher/graph/graph/$W - Stopped
13:13:37.811 [worker-akka.actor.default-dispatcher-22] INFO  a.a.LocalActorRef akka://worker/user/watcher/processing-watcher/graph/graph/$X - Stopped
13:13:37.811 [worker-akka.actor.default-dispatcher-22] INFO  a.a.LocalActorRef akka://worker/user/watcher/processing-watcher/graph/graph/$Y - Stopped
13:13:37.811 [worker-akka.actor.default-dispatcher-22] INFO  a.a.LocalActorRef akka://worker/user/watcher/processing-watcher/graph/graph/$Z - Stopped
13:13:37.811 [worker-akka.actor.default-dispatcher-22] INFO  a.a.LocalActorRef akka://worker/user/watcher/processing-watcher/graph/graph/$a - Stopped
13:13:37.811 [worker-akka.actor.default-dispatcher-22] INFO  a.a.LocalActorRef akka://worker/user/watcher/processing-watcher/graph/graph/$ab - Stopped
13:13:37.811 [worker-akka.actor.default-dispatcher-22] INFO  a.a.LocalActorRef akka://worker/user/watcher/processing-watcher/graph/graph/$b - Stopped
13:13:37.811 [worker-akka.actor.default-dispatcher-22] INFO  a.a.LocalActorRef akka://worker/user/watcher/processing-watcher/graph/graph/$bb - Stopped
13:13:37.811 [worker-akka.actor.default-dispatcher-22] INFO  a.a.LocalActorRef akka://worker/user/watcher/processing-watcher/graph/graph/$c - Stopped
13:13:37.811 [worker-akka.actor.default-dispatcher-22] INFO  a.a.LocalActorRef akka://worker/user/watcher/processing-watcher/graph/graph/$cb - Stopped
13:13:37.811 [worker-akka.actor.default-dispatcher-11] INFO  a.a.LocalActorRef akka://worker/user/watcher/processing-watcher/graph/graph/$d - Stopped
13:13:37.811 [worker-akka.actor.default-dispatcher-11] INFO  a.a.LocalActorRef akka://worker/user/watcher/processing-watcher/graph/graph/$db - Stopped
13:13:37.814 [worker-akka.actor.default-dispatcher-23] INFO  a.a.LocalActorRef akka://worker/user/watcher/processing-watcher/graph/graph/$e - Stopped
13:13:37.814 [worker-akka.actor.default-dispatcher-23] INFO  a.a.LocalActorRef akka://worker/user/watcher/processing-watcher/graph/graph/$eb - Stopped
13:13:37.814 [worker-akka.actor.default-dispatcher-23] INFO  a.a.LocalActorRef akka://worker/user/watcher/processing-watcher/graph/graph/$f - Stopped
13:13:37.814 [worker-akka.actor.default-dispatcher-23] INFO  a.a.LocalActorRef akka://worker/user/watcher/processing-watcher/graph/graph/$fb - Stopped
13:13:37.814 [worker-akka.actor.default-dispatcher-23] INFO  a.a.LocalActorRef akka://worker/user/watcher/processing-watcher/graph/graph/$g - Stopped
13:13:37.814 [worker-akka.actor.default-dispatcher-21] INFO  a.a.LocalActorRef akka://worker/user/watcher/processing-watcher/graph/graph/$gb - Stopped
13:13:37.814 [worker-akka.actor.default-dispatcher-21] INFO  a.a.LocalActorRef akka://worker/user/watcher/processing-watcher/graph/graph/$h - Stopped
13:13:37.814 [worker-akka.actor.default-dispatcher-21] INFO  a.a.LocalActorRef akka://worker/user/watcher/processing-watcher/graph/graph/$hb - Stopped
13:13:37.814 [worker-akka.actor.default-dispatcher-21] INFO  a.a.LocalActorRef akka://worker/user/watcher/processing-watcher/graph/graph/$i - Stopped
13:13:37.814 [worker-akka.actor.default-dispatcher-21] INFO  a.a.LocalActorRef akka://worker/user/watcher/processing-watcher/graph/graph/$ib - Stopped
13:13:37.814 [worker-akka.actor.default-dispatcher-21] INFO  a.a.LocalActorRef akka://worker/user/watcher/processing-watcher/graph/graph/$j - Stopped
13:13:37.814 [worker-akka.actor.default-dispatcher-21] INFO  a.a.LocalActorRef akka://worker/user/watcher/processing-watcher/graph/graph/$jb - Stopped
13:13:37.814 [worker-akka.actor.default-dispatcher-21] INFO  a.a.LocalActorRef akka://worker/user/watcher/processing-watcher/graph/graph/$k - Stopped
13:13:37.815 [worker-akka.actor.default-dispatcher-21] INFO  a.a.LocalActorRef akka://worker/user/watcher/processing-watcher/graph/graph/$kb - Stopped
13:13:37.815 [worker-akka.actor.default-dispatcher-21] INFO  a.a.LocalActorRef akka://worker/user/watcher/processing-watcher/graph/graph/$l - Stopped
13:13:37.815 [worker-akka.actor.default-dispatcher-11] INFO  a.a.LocalActorRef akka://worker/user/watcher/processing-watcher/graph/graph/$lb - Stopped
13:13:37.815 [worker-akka.actor.default-dispatcher-11] INFO  a.a.LocalActorRef akka://worker/user/watcher/processing-watcher/graph/graph/$m - Stopped
13:13:37.815 [worker-akka.actor.default-dispatcher-11] INFO  a.a.LocalActorRef akka://worker/user/watcher/processing-watcher/graph/graph/$mb - Stopped
13:13:37.815 [worker-akka.actor.default-dispatcher-11] INFO  a.a.LocalActorRef akka://worker/user/watcher/processing-watcher/graph/graph/$n - Stopped
13:13:37.819 [worker-akka.actor.default-dispatcher-23] INFO  a.a.LocalActorRef akka://worker/user/watcher/processing-watcher/graph/graph/$nb - Stopped
13:13:37.820 [worker-akka.actor.default-dispatcher-23] INFO  a.a.LocalActorRef akka://worker/user/watcher/processing-watcher/graph/graph/$o - Stopped
13:13:37.821 [worker-akka.actor.default-dispatcher-23] INFO  a.a.LocalActorRef akka://worker/user/watcher/processing-watcher/graph/graph/$ob - Stopped
13:13:37.822 [worker-akka.actor.default-dispatcher-23] INFO  a.a.LocalActorRef akka://worker/user/watcher/processing-watcher/graph/graph/$p - Stopped
13:13:37.823 [worker-akka.actor.default-dispatcher-23] INFO  a.a.LocalActorRef akka://worker/user/watcher/processing-watcher/graph/graph/$pb - Stopped
13:13:37.824 [worker-akka.actor.default-dispatcher-23] INFO  a.a.LocalActorRef akka://worker/user/watcher/processing-watcher/graph/graph/$q - Stopped
13:13:37.825 [worker-akka.actor.default-dispatcher-23] INFO  a.a.LocalActorRef akka://worker/user/watcher/processing-watcher/graph/graph/$qb - Stopped
13:13:37.826 [worker-akka.actor.default-dispatcher-23] INFO  a.a.LocalActorRef akka://worker/user/watcher/processing-watcher/graph/graph/$r - Stopped
13:13:37.827 [worker-akka.actor.default-dispatcher-23] INFO  a.a.LocalActorRef akka://worker/user/watcher/processing-watcher/graph/graph/$rb - Stopped
13:13:37.828 [worker-akka.actor.default-dispatcher-23] INFO  a.a.LocalActorRef akka://worker/user/watcher/processing-watcher/graph/graph/$s - Stopped
13:13:37.829 [worker-akka.actor.default-dispatcher-23] INFO  a.a.LocalActorRef akka://worker/user/watcher/processing-watcher/graph/graph/$sb - Stopped
13:13:37.830 [worker-akka.actor.default-dispatcher-23] INFO  a.a.LocalActorRef akka://worker/user/watcher/processing-watcher/graph/graph/$t - Stopped
13:13:37.831 [worker-akka.actor.default-dispatcher-23] INFO  a.a.LocalActorRef akka://worker/user/watcher/processing-watcher/graph/graph/$tb - Stopped
13:13:37.832 [worker-akka.actor.default-dispatcher-23] INFO  a.a.LocalActorRef akka://worker/user/watcher/processing-watcher/graph/graph/$u - Stopped
13:13:37.833 [worker-akka.actor.default-dispatcher-23] INFO  a.a.LocalActorRef akka://worker/user/watcher/processing-watcher/graph/graph/$ub - Stopped
13:13:37.834 [worker-akka.actor.default-dispatcher-23] INFO  a.a.LocalActorRef akka://worker/user/watcher/processing-watcher/graph/graph/$v - Stopped
13:13:37.834 [worker-akka.actor.default-dispatcher-23] INFO  a.a.LocalActorRef akka://worker/user/watcher/processing-watcher/graph/graph/$vb - Stopped
13:13:37.835 [worker-akka.actor.default-dispatcher-23] INFO  a.a.LocalActorRef akka://worker/user/watcher/processing-watcher/graph/graph/$w - Stopped
13:13:37.835 [worker-akka.actor.default-dispatcher-23] INFO  a.a.LocalActorRef akka://worker/user/watcher/processing-watcher/graph/graph/$wb - Stopped
13:13:37.836 [worker-akka.actor.default-dispatcher-23] INFO  a.a.LocalActorRef akka://worker/user/watcher/processing-watcher/graph/graph/$x - Stopped
13:13:37.837 [worker-akka.actor.default-dispatcher-23] INFO  a.a.LocalActorRef akka://worker/user/watcher/processing-watcher/graph/graph/$xb - Stopped
13:13:37.837 [worker-akka.actor.default-dispatcher-23] INFO  a.a.LocalActorRef akka://worker/user/watcher/processing-watcher/graph/graph/$y - Stopped
13:13:37.837 [worker-akka.actor.default-dispatcher-23] INFO  a.a.LocalActorRef akka://worker/user/watcher/processing-watcher/graph/graph/$yb - Stopped
13:13:37.838 [worker-akka.actor.default-dispatcher-23] INFO  a.a.LocalActorRef akka://worker/user/watcher/processing-watcher/graph/graph/$z - Stopped
13:13:37.839 [worker-akka.actor.default-dispatcher-23] INFO  a.a.LocalActorRef akka://worker/user/watcher/processing-watcher/graph/graph/$zb - Stopped
13:13:37.840 [worker-akka.actor.default-dispatcher-23] INFO  a.a.LocalActorRef akka://worker/user/watcher/processing-watcher/graph/graph/$~ - Stopped
13:13:37.854 [worker-akka.actor.default-dispatcher-23] INFO  a.a.LocalActorRef akka://worker/user/watcher/processing-watcher/graph/graph - Stopped
13:13:37.861 [worker-akka.actor.default-dispatcher-23] INFO  a.a.LocalActorRef akka://worker/user/watcher/processing-watcher/graph - Stopped
13:13:37.862 [worker-akka.actor.default-dispatcher-11] INFO  a.a.LocalActorRef akka://worker/user/watcher/processing-watcher - Stopped
13:13:37.864 [Curator-Framework-0] INFO  o.a.c.f.i.CuratorFrameworkImpl  - backgroundOperationsLoop exiting
13:13:37.873 [Curator-PathChildrenCache-0] ERROR o.a.c.f.r.c.PathChildrenCache  - 
java.lang.IllegalStateException: instance must be started before calling this method
	at org.apache.curator.shaded.com.google.common.base.Preconditions.checkState(Preconditions.java:444)
	at org.apache.curator.framework.imps.CuratorFrameworkImpl.getChildren(CuratorFrameworkImpl.java:456)
	at org.apache.curator.framework.recipes.cache.PathChildrenCache.refresh(PathChildrenCache.java:521)
	at org.apache.curator.framework.recipes.cache.RefreshOperation.invoke(RefreshOperation.java:35)
	at org.apache.curator.framework.recipes.cache.PathChildrenCache$9.run(PathChildrenCache.java:786)
	at java.util.concurrent.Executors$RunnableAdapter.call(Executors.java:511)
	at java.util.concurrent.FutureTask.run(FutureTask.java:266)
	at java.util.concurrent.Executors$RunnableAdapter.call(Executors.java:511)
	at java.util.concurrent.FutureTask.run(FutureTask.java:266)
	at java.util.concurrent.ThreadPoolExecutor.runWorker(ThreadPoolExecutor.java:1149)
	at java.util.concurrent.ThreadPoolExecutor$Worker.run(ThreadPoolExecutor.java:624)
	at java.lang.Thread.run(Thread.java:748)
13:13:37.880 [worker-akka.actor.default-dispatcher-11] INFO  o.a.z.ZooKeeper  - Session: 0x10000a10fd90002 closed
13:13:37.881 [worker-akka.actor.default-dispatcher-11] INFO  a.a.RepointableActorRef akka://worker/user/watcher - Stopped
13:13:37.881 [worker-akka.actor.default-dispatcher-6-EventThread] INFO  o.a.z.ClientCnxn  - EventThread shut down for session: 0x10000a10fd90002
13:13:37.895 [worker-akka.actor.default-dispatcher-23] INFO  a.r.RemoteActorRefProvider$RemotingTerminator akka://worker@flamestream-benchmarks-worker-2:5412/system/remoting-terminator - Shutting down remote daemon.
13:13:37.895 [worker-akka.actor.default-dispatcher-23] INFO  a.r.RemoteActorRefProvider$RemotingTerminator akka://worker@flamestream-benchmarks-worker-2:5412/system/remoting-terminator - Remote daemon shut down; proceeding with flushing remote transports.
13:13:39.763 [worker-akka.actor.default-dispatcher-23] INFO  a.r.RemoteActorRefProvider$RemotingTerminator akka://worker@flamestream-benchmarks-worker-2:5412/system/remoting-terminator - Remoting shut down.
Heap
 def new generation   total 460800K, used 67478K [0x00000000a2400000, 0x00000000c1800000, 0x00000000c1800000)
  eden space 409600K,  16% used [0x00000000a2400000, 0x00000000a65950e8, 0x00000000bb400000)
  from space 51200K,   0% used [0x00000000bb400000, 0x00000000bb450940, 0x00000000be600000)
  to   space 51200K,   0% used [0x00000000be600000, 0x00000000be600000, 0x00000000c1800000)
 tenured generation   total 1024000K, used 90073K [0x00000000c1800000, 0x0000000100000000, 0x0000000100000000)
   the space 1024000K,   8% used [0x00000000c1800000, 0x00000000c6ff65d8, 0x00000000c6ff6600, 0x0000000100000000)
 Metaspace       used 41732K, capacity 44645K, committed 44928K, reserved 1089536K
  class space    used 5373K, capacity 5699K, committed 5760K, reserved 1048576K
