07:35:14,546 |-INFO in ch.qos.logback.classic.LoggerContext[default] - Could NOT find resource [logback-test.xml]
07:35:14,546 |-INFO in ch.qos.logback.classic.LoggerContext[default] - Could NOT find resource [logback.groovy]
07:35:14,546 |-INFO in ch.qos.logback.classic.LoggerContext[default] - Found resource [logback.xml] at [jar:file:/root/flamestream/lib/flamestream-runtime-1.0-SNAPSHOT.jar!/logback.xml]
07:35:14,552 |-WARN in ch.qos.logback.classic.LoggerContext[default] - Resource [logback.xml] occurs multiple times on the classpath.
07:35:14,552 |-WARN in ch.qos.logback.classic.LoggerContext[default] - Resource [logback.xml] occurs at [jar:file:/root/flamestream/lib/flamestream-runtime-1.0-SNAPSHOT.jar!/logback.xml]
07:35:14,552 |-WARN in ch.qos.logback.classic.LoggerContext[default] - Resource [logback.xml] occurs at [jar:file:/root/flamestream/flamestream-runtime-1.0-SNAPSHOT.jar!/logback.xml]
07:35:14,572 |-INFO in ch.qos.logback.core.joran.spi.ConfigurationWatchList@3fb6a447 - URL [jar:file:/root/flamestream/lib/flamestream-runtime-1.0-SNAPSHOT.jar!/logback.xml] is not of type file
07:35:14,649 |-INFO in ch.qos.logback.classic.joran.action.ConfigurationAction - debug attribute not set
07:35:14,650 |-INFO in ch.qos.logback.core.joran.action.AppenderAction - About to instantiate appender of type [ch.qos.logback.core.ConsoleAppender]
07:35:14,662 |-INFO in ch.qos.logback.core.joran.action.AppenderAction - Naming appender as [STDOUT]
07:35:14,686 |-INFO in ch.qos.logback.core.joran.action.NestedComplexPropertyIA - Assuming default type [ch.qos.logback.classic.encoder.PatternLayoutEncoder] for [encoder] property
07:35:14,767 |-INFO in ch.qos.logback.core.joran.action.AppenderAction - About to instantiate appender of type [ch.qos.logback.core.rolling.RollingFileAppender]
07:35:14,773 |-INFO in ch.qos.logback.core.joran.action.AppenderAction - Naming appender as [FILE]
07:35:14,805 |-INFO in c.q.l.core.rolling.TimeBasedRollingPolicy@127618319 - No compression will be used
07:35:14,806 |-INFO in c.q.l.core.rolling.TimeBasedRollingPolicy@127618319 - Will use the pattern /tmp/application_%d{yyyy-MM-dd}.%i.log for the active file
07:35:14,809 |-INFO in ch.qos.logback.core.rolling.SizeAndTimeBasedFNATP@6b2fad11 - The date pattern is 'yyyy-MM-dd' from file name pattern '/tmp/application_%d{yyyy-MM-dd}.%i.log'.
07:35:14,809 |-INFO in ch.qos.logback.core.rolling.SizeAndTimeBasedFNATP@6b2fad11 - Roll-over at midnight.
07:35:14,815 |-INFO in ch.qos.logback.core.rolling.SizeAndTimeBasedFNATP@6b2fad11 - Setting initial period to Tue Jun 11 07:33:43 UTC 2019
07:35:14,815 |-WARN in ch.qos.logback.core.rolling.SizeAndTimeBasedFNATP@6b2fad11 - SizeAndTimeBasedFNATP is deprecated. Use SizeAndTimeBasedRollingPolicy instead
07:35:14,815 |-WARN in ch.qos.logback.core.rolling.SizeAndTimeBasedFNATP@6b2fad11 - For more information see http://logback.qos.ch/manual/appenders.html#SizeAndTimeBasedRollingPolicy
07:35:14,819 |-INFO in ch.qos.logback.core.joran.action.NestedComplexPropertyIA - Assuming default type [ch.qos.logback.classic.encoder.PatternLayoutEncoder] for [encoder] property
07:35:14,824 |-INFO in ch.qos.logback.core.rolling.RollingFileAppender[FILE] - Active log file name: /tmp/application.log
07:35:14,824 |-INFO in ch.qos.logback.core.rolling.RollingFileAppender[FILE] - File property is set to [/tmp/application.log]
07:35:14,825 |-INFO in ch.qos.logback.classic.joran.action.RootLoggerAction - Setting level of ROOT logger to WARN
07:35:14,825 |-INFO in ch.qos.logback.core.joran.action.AppenderRefAction - Attaching appender named [STDOUT] to Logger[ROOT]
07:35:14,827 |-INFO in ch.qos.logback.core.joran.action.AppenderRefAction - Attaching appender named [FILE] to Logger[ROOT]
07:35:14,827 |-INFO in ch.qos.logback.classic.joran.action.ConfigurationAction - End of configuration.
07:35:14,827 |-INFO in ch.qos.logback.classic.joran.JoranConfigurator@79698539 - Registering current configuration as safe fallback point

Ama winner
Ama winner
2019-06-11T07:35:16.131+0000: 1.769: [Full GC (Metadata GC Threshold) 2019-06-11T07:35:16.131+0000: 1.769: [Tenured: 0K->15208K(341376K), 0.0397980 secs] 114987K->15208K(494976K), [Metaspace: 20728K->20728K(1067008K)], 0.0398644 secs] [Times: user=0.04 sys=0.00, real=0.04 secs] 
07:35:33.127 [Curator-PathChildrenCache-1] WARN  o.a.c.u.ZKPaths  - The version of ZooKeeper being used doesn't support Container nodes. CreateMode.PERSISTENT will be used instead.
2019-06-11T07:35:35.595+0000: 21.233: [GC (Allocation Failure) 2019-06-11T07:35:35.595+0000: 21.233: [DefNew: 136576K->17024K(153600K), 0.0294096 secs] 151784K->52643K(494976K), 0.0294750 secs] [Times: user=0.02 sys=0.01, real=0.03 secs] 
2019-06-11T07:35:40.301+0000: 25.940: [GC (Allocation Failure) 2019-06-11T07:35:40.301+0000: 25.940: [DefNew: 153600K->114K(153600K), 0.0095153 secs] 189219K->43940K(494976K), 0.0095888 secs] [Times: user=0.01 sys=0.01, real=0.01 secs] 
2019-06-11T07:35:45.123+0000: 30.761: [GC (Allocation Failure) 2019-06-11T07:35:45.123+0000: 30.761: [DefNew: 136690K->117K(153600K), 0.0025616 secs] 180516K->43943K(494976K), 0.0026320 secs] [Times: user=0.01 sys=0.00, real=0.00 secs] 
2019-06-11T07:35:46.998+0000: 32.638: [Full GC (Metadata GC Threshold) 2019-06-11T07:35:47.000+0000: 32.638: [Tenured: 43826K->43940K(341376K), 0.0428247 secs] 97577K->43940K(494976K), [Metaspace: 34597K->34597K(1079296K)], 0.0441804 secs] [Times: user=0.05 sys=0.00, real=0.04 secs] 
2019-06-11T07:35:51.837+0000: 37.476: [GC (Allocation Failure) 2019-06-11T07:35:51.837+0000: 37.476: [DefNew: 136576K->45K(153600K), 0.0017274 secs] 180516K->43985K(494976K), 0.0017909 secs] [Times: user=0.00 sys=0.00, real=0.00 secs] 
2019-06-11T07:35:56.693+0000: 42.332: [GC (Allocation Failure) 2019-06-11T07:35:56.693+0000: 42.332: [DefNew: 136621K->47K(153600K), 0.0015239 secs] 180561K->43988K(494976K), 0.0015841 secs] [Times: user=0.01 sys=0.00, real=0.00 secs] 
07:36:05.789 [Curator-PathChildrenCache-0] ERROR o.a.c.f.r.c.PathChildrenCache  - 
java.lang.IllegalStateException: instance must be started before calling this method
	at org.apache.curator.shaded.com.google.common.base.Preconditions.checkState(Preconditions.java:444)
	at org.apache.curator.framework.imps.CuratorFrameworkImpl.getChildren(CuratorFrameworkImpl.java:456)
	at org.apache.curator.framework.recipes.cache.PathChildrenCache.refresh(PathChildrenCache.java:521)
	at org.apache.curator.framework.recipes.cache.RefreshOperation.invoke(RefreshOperation.java:35)
	at org.apache.curator.framework.recipes.cache.PathChildrenCache$9.run(PathChildrenCache.java:786)
	at java.util.concurrent.Executors$RunnableAdapter.call(Executors.java:511)
	at java.util.concurrent.FutureTask.run(FutureTask.java:266)
	at java.util.concurrent.Executors$RunnableAdapter.call(Executors.java:511)
	at java.util.concurrent.FutureTask.run(FutureTask.java:266)
	at java.util.concurrent.ThreadPoolExecutor.runWorker(ThreadPoolExecutor.java:1149)
	at java.util.concurrent.ThreadPoolExecutor$Worker.run(ThreadPoolExecutor.java:624)
	at java.lang.Thread.run(Thread.java:748)
2019-06-11T07:36:06.085+0000: 51.724: [GC (Allocation Failure) 2019-06-11T07:36:06.085+0000: 51.724: [DefNew: 136623K->759K(153600K), 0.0028521 secs] 180564K->44699K(494976K), 0.0029151 secs] [Times: user=0.01 sys=0.00, real=0.01 secs] 
Heap
 def new generation   total 153600K, used 10695K [0x00000000e0c00000, 0x00000000eb2a0000, 0x00000000eb2a0000)
  eden space 136576K,   7% used [0x00000000e0c00000, 0x00000000e15b42f8, 0x00000000e9160000)
  from space 17024K,   4% used [0x00000000e9160000, 0x00000000e921dc50, 0x00000000ea200000)
  to   space 17024K,   0% used [0x00000000ea200000, 0x00000000ea200000, 0x00000000eb2a0000)
 tenured generation   total 341376K, used 43940K [0x00000000eb2a0000, 0x0000000100000000, 0x0000000100000000)
   the space 341376K,  12% used [0x00000000eb2a0000, 0x00000000edd89298, 0x00000000edd89400, 0x0000000100000000)
 Metaspace       used 35708K, capacity 36608K, committed 36864K, reserved 1081344K
  class space    used 4813K, capacity 5010K, committed 5120K, reserved 1048576K
