17:57:09,607 |-INFO in ch.qos.logback.classic.LoggerContext[default] - Could NOT find resource [logback-test.xml]
17:57:09,607 |-INFO in ch.qos.logback.classic.LoggerContext[default] - Could NOT find resource [logback.groovy]
17:57:09,608 |-INFO in ch.qos.logback.classic.LoggerContext[default] - Found resource [logback.xml] at [jar:file:/root/flamestream/lib/flamestream-runtime-1.0-SNAPSHOT.jar!/logback.xml]
17:57:09,608 |-WARN in ch.qos.logback.classic.LoggerContext[default] - Resource [logback.xml] occurs multiple times on the classpath.
17:57:09,609 |-WARN in ch.qos.logback.classic.LoggerContext[default] - Resource [logback.xml] occurs at [jar:file:/root/flamestream/lib/flamestream-runtime-1.0-SNAPSHOT.jar!/logback.xml]
17:57:09,609 |-WARN in ch.qos.logback.classic.LoggerContext[default] - Resource [logback.xml] occurs at [jar:file:/root/flamestream/flamestream-runtime-1.0-SNAPSHOT.jar!/logback.xml]
17:57:09,627 |-INFO in ch.qos.logback.core.joran.spi.ConfigurationWatchList@3fb6a447 - URL [jar:file:/root/flamestream/lib/flamestream-runtime-1.0-SNAPSHOT.jar!/logback.xml] is not of type file
17:57:09,692 |-INFO in ch.qos.logback.classic.joran.action.ConfigurationAction - debug attribute not set
17:57:09,692 |-INFO in ch.qos.logback.core.joran.action.AppenderAction - About to instantiate appender of type [ch.qos.logback.core.ConsoleAppender]
17:57:09,708 |-INFO in ch.qos.logback.core.joran.action.AppenderAction - Naming appender as [STDOUT]
17:57:09,728 |-INFO in ch.qos.logback.core.joran.action.NestedComplexPropertyIA - Assuming default type [ch.qos.logback.classic.encoder.PatternLayoutEncoder] for [encoder] property
17:57:09,810 |-INFO in ch.qos.logback.core.joran.action.AppenderAction - About to instantiate appender of type [ch.qos.logback.core.rolling.RollingFileAppender]
17:57:09,815 |-INFO in ch.qos.logback.core.joran.action.AppenderAction - Naming appender as [FILE]
17:57:09,845 |-INFO in c.q.l.core.rolling.TimeBasedRollingPolicy@127618319 - No compression will be used
17:57:09,847 |-INFO in c.q.l.core.rolling.TimeBasedRollingPolicy@127618319 - Will use the pattern /tmp/application_%d{yyyy-MM-dd}.%i.log for the active file
17:57:09,850 |-INFO in ch.qos.logback.core.rolling.SizeAndTimeBasedFNATP@6b2fad11 - The date pattern is 'yyyy-MM-dd' from file name pattern '/tmp/application_%d{yyyy-MM-dd}.%i.log'.
17:57:09,850 |-INFO in ch.qos.logback.core.rolling.SizeAndTimeBasedFNATP@6b2fad11 - Roll-over at midnight.
17:57:09,855 |-INFO in ch.qos.logback.core.rolling.SizeAndTimeBasedFNATP@6b2fad11 - Setting initial period to Tue Jun 11 17:55:59 UTC 2019
17:57:09,855 |-WARN in ch.qos.logback.core.rolling.SizeAndTimeBasedFNATP@6b2fad11 - SizeAndTimeBasedFNATP is deprecated. Use SizeAndTimeBasedRollingPolicy instead
17:57:09,855 |-WARN in ch.qos.logback.core.rolling.SizeAndTimeBasedFNATP@6b2fad11 - For more information see http://logback.qos.ch/manual/appenders.html#SizeAndTimeBasedRollingPolicy
17:57:09,860 |-INFO in ch.qos.logback.core.joran.action.NestedComplexPropertyIA - Assuming default type [ch.qos.logback.classic.encoder.PatternLayoutEncoder] for [encoder] property
17:57:09,864 |-INFO in ch.qos.logback.core.rolling.RollingFileAppender[FILE] - Active log file name: /tmp/application.log
17:57:09,864 |-INFO in ch.qos.logback.core.rolling.RollingFileAppender[FILE] - File property is set to [/tmp/application.log]
17:57:09,865 |-INFO in ch.qos.logback.classic.joran.action.RootLoggerAction - Setting level of ROOT logger to WARN
17:57:09,865 |-INFO in ch.qos.logback.core.joran.action.AppenderRefAction - Attaching appender named [STDOUT] to Logger[ROOT]
17:57:09,867 |-INFO in ch.qos.logback.core.joran.action.AppenderRefAction - Attaching appender named [FILE] to Logger[ROOT]
17:57:09,867 |-INFO in ch.qos.logback.classic.joran.action.ConfigurationAction - End of configuration.
17:57:09,868 |-INFO in ch.qos.logback.classic.joran.JoranConfigurator@79698539 - Registering current configuration as safe fallback point

Ama winner
Ama winner
2019-06-11T17:57:11.381+0000: 1.958: [Full GC (Metadata GC Threshold) 2019-06-11T17:57:11.381+0000: 1.958: [Tenured: 0K->15145K(341376K), 0.0716393 secs] 114987K->15145K(494976K), [Metaspace: 20734K->20734K(1067008K)], 0.0717139 secs] [Times: user=0.05 sys=0.00, real=0.07 secs] 
2019-06-11T17:57:23.730+0000: 14.307: [GC (Allocation Failure) 2019-06-11T17:57:23.731+0000: 14.307: [DefNew: 136576K->13999K(153600K), 0.0240828 secs] 151721K->48676K(494976K), 0.0241532 secs] [Times: user=0.02 sys=0.00, real=0.03 secs] 
2019-06-11T17:57:26.630+0000: 17.207: [GC (Allocation Failure) 2019-06-11T17:57:26.630+0000: 17.207: [DefNew: 150575K->112K(153600K), 0.0074813 secs] 185252K->39108K(494976K), 0.0075376 secs] [Times: user=0.00 sys=0.00, real=0.01 secs] 
2019-06-11T17:57:29.662+0000: 20.239: [GC (Allocation Failure) 2019-06-11T17:57:29.662+0000: 20.239: [DefNew: 136688K->99K(153600K), 0.0020039 secs] 175684K->39096K(494976K), 0.0020723 secs] [Times: user=0.00 sys=0.00, real=0.00 secs] 
2019-06-11T17:57:33.369+0000: 23.945: [GC (Allocation Failure) 2019-06-11T17:57:33.369+0000: 23.945: [DefNew: 136675K->107K(153600K), 0.0020730 secs] 175672K->39104K(494976K), 0.0021328 secs] [Times: user=0.00 sys=0.00, real=0.00 secs] 
2019-06-11T17:57:37.090+0000: 27.666: [GC (Allocation Failure) 2019-06-11T17:57:37.090+0000: 27.666: [DefNew: 136683K->107K(153600K), 0.0020390 secs] 175680K->39104K(494976K), 0.0020962 secs] [Times: user=0.00 sys=0.00, real=0.00 secs] 
2019-06-11T17:57:40.814+0000: 31.390: [GC (Allocation Failure) 2019-06-11T17:57:40.814+0000: 31.391: [DefNew: 136683K->108K(153600K), 0.0020595 secs] 175680K->39105K(494976K), 0.0021300 secs] [Times: user=0.00 sys=0.00, real=0.00 secs] 
2019-06-11T17:57:44.519+0000: 35.096: [GC (Allocation Failure) 2019-06-11T17:57:44.519+0000: 35.096: [DefNew: 136684K->104K(153600K), 0.0020261 secs] 175681K->39101K(494976K), 0.0020910 secs] [Times: user=0.00 sys=0.00, real=0.00 secs] 
2019-06-11T17:57:48.247+0000: 38.824: [GC (Allocation Failure) 2019-06-11T17:57:48.247+0000: 38.824: [DefNew: 136680K->106K(153600K), 0.0021302 secs] 175677K->39103K(494976K), 0.0021898 secs] [Times: user=0.00 sys=0.00, real=0.00 secs] 
2019-06-11T17:57:51.962+0000: 42.538: [GC (Allocation Failure) 2019-06-11T17:57:51.962+0000: 42.538: [DefNew: 136682K->109K(153600K), 0.0020695 secs] 175679K->39106K(494976K), 0.0021298 secs] [Times: user=0.00 sys=0.00, real=0.00 secs] 
2019-06-11T17:57:55.699+0000: 46.276: [GC (Allocation Failure) 2019-06-11T17:57:55.699+0000: 46.276: [DefNew: 136685K->105K(153600K), 0.0020836 secs] 175682K->39102K(494976K), 0.0021445 secs] [Times: user=0.01 sys=0.00, real=0.00 secs] 
2019-06-11T17:57:59.413+0000: 49.990: [GC (Allocation Failure) 2019-06-11T17:57:59.413+0000: 49.990: [DefNew: 136681K->111K(153600K), 0.0019845 secs] 175678K->39108K(494976K), 0.0020456 secs] [Times: user=0.01 sys=0.00, real=0.00 secs] 
2019-06-11T17:58:03.127+0000: 53.703: [GC (Allocation Failure) 2019-06-11T17:58:03.127+0000: 53.703: [DefNew: 136687K->105K(153600K), 0.0018874 secs] 175684K->39102K(494976K), 0.0019478 secs] [Times: user=0.00 sys=0.00, real=0.00 secs] 
2019-06-11T17:58:06.859+0000: 57.435: [GC (Allocation Failure) 2019-06-11T17:58:06.859+0000: 57.435: [DefNew: 136681K->108K(153600K), 0.0018658 secs] 175678K->39104K(494976K), 0.0019285 secs] [Times: user=0.00 sys=0.00, real=0.00 secs] 
2019-06-11T17:58:10.581+0000: 61.158: [GC (Allocation Failure) 2019-06-11T17:58:10.581+0000: 61.158: [DefNew: 136684K->114K(153600K), 0.0018400 secs] 175680K->39110K(494976K), 0.0019099 secs] [Times: user=0.00 sys=0.00, real=0.00 secs] 
2019-06-11T17:58:11.199+0000: 61.775: [Full GC (Metadata GC Threshold) 2019-06-11T17:58:11.199+0000: 61.775: [Tenured: 38996K->39275K(341376K), 0.0333262 secs] 61041K->39275K(494976K), [Metaspace: 34661K->34661K(1079296K)], 0.0334030 secs] [Times: user=0.03 sys=0.00, real=0.03 secs] 
2019-06-11T17:58:15.774+0000: 66.351: [GC (Allocation Failure) 2019-06-11T17:58:15.774+0000: 66.351: [DefNew: 136576K->173K(153600K), 0.0016894 secs] 175851K->39448K(494976K), 0.0017505 secs] [Times: user=0.00 sys=0.00, real=0.00 secs] 
2019-06-11T17:58:20.522+0000: 71.098: [GC (Allocation Failure) 2019-06-11T17:58:20.522+0000: 71.098: [DefNew: 136749K->45K(153600K), 0.0014772 secs] 176024K->39320K(494976K), 0.0015389 secs] [Times: user=0.00 sys=0.00, real=0.00 secs] 
2019-06-11T17:58:25.277+0000: 75.853: [GC (Allocation Failure) 2019-06-11T17:58:25.277+0000: 75.853: [DefNew: 136621K->43K(153600K), 0.0014533 secs] 175896K->39318K(494976K), 0.0015112 secs] [Times: user=0.00 sys=0.00, real=0.00 secs] 
2019-06-11T17:58:30.015+0000: 80.591: [GC (Allocation Failure) 2019-06-11T17:58:30.015+0000: 80.591: [DefNew: 136619K->43K(153600K), 0.0014335 secs] 175894K->39319K(494976K), 0.0014893 secs] [Times: user=0.00 sys=0.00, real=0.00 secs] 
2019-06-11T17:58:34.746+0000: 85.323: [GC (Allocation Failure) 2019-06-11T17:58:34.746+0000: 85.323: [DefNew: 136619K->47K(153600K), 0.0015030 secs] 175895K->39322K(494976K), 0.0015614 secs] [Times: user=0.00 sys=0.00, real=0.00 secs] 
2019-06-11T17:58:39.467+0000: 90.043: [GC (Allocation Failure) 2019-06-11T17:58:39.467+0000: 90.043: [DefNew: 136623K->44K(153600K), 0.0014675 secs] 175898K->39320K(494976K), 0.0015260 secs] [Times: user=0.00 sys=0.01, real=0.00 secs] 
2019-06-11T17:58:44.195+0000: 94.771: [GC (Allocation Failure) 2019-06-11T17:58:44.195+0000: 94.771: [DefNew: 136620K->46K(153600K), 0.0015198 secs] 175896K->39321K(494976K), 0.0015804 secs] [Times: user=0.01 sys=0.00, real=0.00 secs] 
2019-06-11T17:58:48.955+0000: 99.531: [GC (Allocation Failure) 2019-06-11T17:58:48.955+0000: 99.531: [DefNew: 136622K->49K(153600K), 0.0014927 secs] 175897K->39324K(494976K), 0.0015537 secs] [Times: user=0.00 sys=0.00, real=0.00 secs] 
2019-06-11T17:58:53.664+0000: 104.240: [GC (Allocation Failure) 2019-06-11T17:58:53.664+0000: 104.240: [DefNew: 136625K->48K(153600K), 0.0014340 secs] 175900K->39323K(494976K), 0.0014960 secs] [Times: user=0.01 sys=0.00, real=0.00 secs] 
2019-06-11T17:58:58.415+0000: 108.991: [GC (Allocation Failure) 2019-06-11T17:58:58.415+0000: 108.991: [DefNew: 136624K->51K(153600K), 0.0014923 secs] 175899K->39326K(494976K), 0.0015521 secs] [Times: user=0.00 sys=0.00, real=0.00 secs] 
2019-06-11T17:59:03.162+0000: 113.738: [GC (Allocation Failure) 2019-06-11T17:59:03.162+0000: 113.738: [DefNew: 136627K->48K(153600K), 0.0014735 secs] 175902K->39323K(494976K), 0.0015339 secs] [Times: user=0.00 sys=0.00, real=0.00 secs] 
17:59:11.266 [Curator-PathChildrenCache-0] ERROR o.a.c.f.r.c.PathChildrenCache  - 
java.lang.IllegalStateException: instance must be started before calling this method
	at org.apache.curator.shaded.com.google.common.base.Preconditions.checkState(Preconditions.java:444)
	at org.apache.curator.framework.imps.CuratorFrameworkImpl.getChildren(CuratorFrameworkImpl.java:456)
	at org.apache.curator.framework.recipes.cache.PathChildrenCache.refresh(PathChildrenCache.java:521)
	at org.apache.curator.framework.recipes.cache.RefreshOperation.invoke(RefreshOperation.java:35)
	at org.apache.curator.framework.recipes.cache.PathChildrenCache$9.run(PathChildrenCache.java:786)
	at java.util.concurrent.Executors$RunnableAdapter.call(Executors.java:511)
	at java.util.concurrent.FutureTask.run(FutureTask.java:266)
	at java.util.concurrent.Executors$RunnableAdapter.call(Executors.java:511)
	at java.util.concurrent.FutureTask.run(FutureTask.java:266)
	at java.util.concurrent.ThreadPoolExecutor.runWorker(ThreadPoolExecutor.java:1149)
	at java.util.concurrent.ThreadPoolExecutor$Worker.run(ThreadPoolExecutor.java:624)
	at java.lang.Thread.run(Thread.java:748)
Heap
 def new generation   total 153600K, used 50668K [0x00000000e0c00000, 0x00000000eb2a0000, 0x00000000eb2a0000)
  eden space 136576K,  37% used [0x00000000e0c00000, 0x00000000e3d6f0f8, 0x00000000e9160000)
  from space 17024K,   0% used [0x00000000ea200000, 0x00000000ea20c2a8, 0x00000000eb2a0000)
  to   space 17024K,   0% used [0x00000000e9160000, 0x00000000e9160000, 0x00000000ea200000)
 tenured generation   total 341376K, used 39275K [0x00000000eb2a0000, 0x0000000100000000, 0x0000000100000000)
   the space 341376K,  11% used [0x00000000eb2a0000, 0x00000000ed8facb0, 0x00000000ed8fae00, 0x0000000100000000)
 Metaspace       used 35703K, capacity 36602K, committed 36864K, reserved 1081344K
  class space    used 4851K, capacity 5063K, committed 5120K, reserved 1048576K
