13:17:44,670 |-INFO in ch.qos.logback.classic.LoggerContext[default] - Could NOT find resource [logback-test.xml]
13:17:44,670 |-INFO in ch.qos.logback.classic.LoggerContext[default] - Could NOT find resource [logback.groovy]
13:17:44,670 |-INFO in ch.qos.logback.classic.LoggerContext[default] - Found resource [logback.xml] at [jar:file:/root/flamestream/lib/flamestream-runtime-1.0-SNAPSHOT.jar!/logback.xml]
13:17:44,671 |-WARN in ch.qos.logback.classic.LoggerContext[default] - Resource [logback.xml] occurs multiple times on the classpath.
13:17:44,671 |-WARN in ch.qos.logback.classic.LoggerContext[default] - Resource [logback.xml] occurs at [jar:file:/root/flamestream/lib/flamestream-runtime-1.0-SNAPSHOT.jar!/logback.xml]
13:17:44,671 |-WARN in ch.qos.logback.classic.LoggerContext[default] - Resource [logback.xml] occurs at [jar:file:/root/flamestream/flamestream-runtime-1.0-SNAPSHOT.jar!/logback.xml]
13:17:44,692 |-INFO in ch.qos.logback.core.joran.spi.ConfigurationWatchList@3fb6a447 - URL [jar:file:/root/flamestream/lib/flamestream-runtime-1.0-SNAPSHOT.jar!/logback.xml] is not of type file
13:17:44,762 |-INFO in ch.qos.logback.classic.joran.action.ConfigurationAction - debug attribute not set
13:17:44,762 |-INFO in ch.qos.logback.core.joran.action.AppenderAction - About to instantiate appender of type [ch.qos.logback.core.ConsoleAppender]
13:17:44,782 |-INFO in ch.qos.logback.core.joran.action.AppenderAction - Naming appender as [STDOUT]
13:17:44,800 |-INFO in ch.qos.logback.core.joran.action.NestedComplexPropertyIA - Assuming default type [ch.qos.logback.classic.encoder.PatternLayoutEncoder] for [encoder] property
13:17:44,881 |-INFO in ch.qos.logback.core.joran.action.AppenderAction - About to instantiate appender of type [ch.qos.logback.core.rolling.RollingFileAppender]
13:17:44,886 |-INFO in ch.qos.logback.core.joran.action.AppenderAction - Naming appender as [FILE]
13:17:44,917 |-INFO in c.q.l.core.rolling.TimeBasedRollingPolicy@127618319 - No compression will be used
13:17:44,918 |-INFO in c.q.l.core.rolling.TimeBasedRollingPolicy@127618319 - Will use the pattern /tmp/application_%d{yyyy-MM-dd}.%i.log for the active file
13:17:44,921 |-INFO in ch.qos.logback.core.rolling.SizeAndTimeBasedFNATP@6b2fad11 - The date pattern is 'yyyy-MM-dd' from file name pattern '/tmp/application_%d{yyyy-MM-dd}.%i.log'.
13:17:44,921 |-INFO in ch.qos.logback.core.rolling.SizeAndTimeBasedFNATP@6b2fad11 - Roll-over at midnight.
13:17:44,926 |-INFO in ch.qos.logback.core.rolling.SizeAndTimeBasedFNATP@6b2fad11 - Setting initial period to Mon Jun 10 13:16:22 UTC 2019
13:17:44,926 |-WARN in ch.qos.logback.core.rolling.SizeAndTimeBasedFNATP@6b2fad11 - SizeAndTimeBasedFNATP is deprecated. Use SizeAndTimeBasedRollingPolicy instead
13:17:44,926 |-WARN in ch.qos.logback.core.rolling.SizeAndTimeBasedFNATP@6b2fad11 - For more information see http://logback.qos.ch/manual/appenders.html#SizeAndTimeBasedRollingPolicy
13:17:44,930 |-INFO in ch.qos.logback.core.joran.action.NestedComplexPropertyIA - Assuming default type [ch.qos.logback.classic.encoder.PatternLayoutEncoder] for [encoder] property
13:17:44,935 |-INFO in ch.qos.logback.core.rolling.RollingFileAppender[FILE] - Active log file name: /tmp/application.log
13:17:44,935 |-INFO in ch.qos.logback.core.rolling.RollingFileAppender[FILE] - File property is set to [/tmp/application.log]
13:17:44,936 |-INFO in ch.qos.logback.classic.joran.action.RootLoggerAction - Setting level of ROOT logger to WARN
13:17:44,936 |-INFO in ch.qos.logback.core.joran.action.AppenderRefAction - Attaching appender named [STDOUT] to Logger[ROOT]
13:17:44,938 |-INFO in ch.qos.logback.core.joran.action.AppenderRefAction - Attaching appender named [FILE] to Logger[ROOT]
13:17:44,938 |-INFO in ch.qos.logback.classic.joran.action.ConfigurationAction - End of configuration.
13:17:44,938 |-INFO in ch.qos.logback.classic.joran.JoranConfigurator@79698539 - Registering current configuration as safe fallback point

Ama winner
Ama winner
2019-06-10T13:17:46.300+0000: 1.816: [Full GC (Metadata GC Threshold) 2019-06-10T13:17:46.300+0000: 1.816: [Tenured: 0K->15177K(341376K), 0.0384320 secs] 114923K->15177K(494976K), [Metaspace: 20738K->20738K(1067008K)], 0.0384956 secs] [Times: user=0.03 sys=0.00, real=0.04 secs] 
13:18:04.594 [Curator-PathChildrenCache-2] WARN  o.a.c.u.ZKPaths  - The version of ZooKeeper being used doesn't support Container nodes. CreateMode.PERSISTENT will be used instead.
2019-06-10T13:18:07.315+0000: 22.831: [GC (Allocation Failure) 2019-06-10T13:18:07.315+0000: 22.831: [DefNew: 136576K->17023K(153600K), 0.0268043 secs] 151753K->52605K(494976K), 0.0268773 secs] [Times: user=0.02 sys=0.00, real=0.02 secs] 
2019-06-10T13:18:08.209+0000: 23.725: [Full GC (Metadata GC Threshold) 2019-06-10T13:18:08.209+0000: 23.725: [Tenured: 35581K->44128K(341376K), 0.0392493 secs] 75983K->44128K(494976K), [Metaspace: 34552K->34552K(1079296K)], 0.0393257 secs] [Times: user=0.03 sys=0.01, real=0.04 secs] 
2019-06-10T13:18:16.770+0000: 32.286: [GC (Allocation Failure) 2019-06-10T13:18:16.770+0000: 32.286: [DefNew: 136576K->71K(153600K), 0.0018185 secs] 180704K->44199K(494976K), 0.0018774 secs] [Times: user=0.00 sys=0.00, real=0.00 secs] 
2019-06-10T13:18:25.439+0000: 40.955: [GC (Allocation Failure) 2019-06-10T13:18:25.439+0000: 40.955: [DefNew: 136647K->73K(153600K), 0.0017897 secs] 180775K->44201K(494976K), 0.0018620 secs] [Times: user=0.00 sys=0.00, real=0.00 secs] 
2019-06-10T13:18:34.149+0000: 49.665: [GC (Allocation Failure) 2019-06-10T13:18:34.149+0000: 49.665: [DefNew: 136649K->74K(153600K), 0.0017789 secs] 180777K->44203K(494976K), 0.0018387 secs] [Times: user=0.00 sys=0.00, real=0.00 secs] 
2019-06-10T13:18:42.856+0000: 58.372: [GC (Allocation Failure) 2019-06-10T13:18:42.856+0000: 58.372: [DefNew: 136650K->75K(153600K), 0.0018783 secs] 180779K->44203K(494976K), 0.0019371 secs] [Times: user=0.00 sys=0.00, real=0.00 secs] 
2019-06-10T13:18:52.121+0000: 67.637: [GC (Allocation Failure) 2019-06-10T13:18:52.121+0000: 67.637: [DefNew: 136651K->412K(153600K), 0.0023739 secs] 180779K->44541K(494976K), 0.0024386 secs] [Times: user=0.00 sys=0.00, real=0.00 secs] 
2019-06-10T13:19:11.013+0000: 86.528: [GC (Allocation Failure) 2019-06-10T13:19:11.013+0000: 86.528: [DefNew: 136988K->165K(153600K), 0.0021448 secs] 181117K->44294K(494976K), 0.0022113 secs] [Times: user=0.00 sys=0.00, real=0.01 secs] 
13:19:16.078 [Curator-PathChildrenCache-0] ERROR o.a.c.f.r.c.PathChildrenCache  - 
java.lang.IllegalStateException: instance must be started before calling this method
	at org.apache.curator.shaded.com.google.common.base.Preconditions.checkState(Preconditions.java:444)
	at org.apache.curator.framework.imps.CuratorFrameworkImpl.getChildren(CuratorFrameworkImpl.java:456)
	at org.apache.curator.framework.recipes.cache.PathChildrenCache.refresh(PathChildrenCache.java:521)
	at org.apache.curator.framework.recipes.cache.RefreshOperation.invoke(RefreshOperation.java:35)
	at org.apache.curator.framework.recipes.cache.PathChildrenCache$9.run(PathChildrenCache.java:786)
	at java.util.concurrent.Executors$RunnableAdapter.call(Executors.java:511)
	at java.util.concurrent.FutureTask.run(FutureTask.java:266)
	at java.util.concurrent.Executors$RunnableAdapter.call(Executors.java:511)
	at java.util.concurrent.FutureTask.run(FutureTask.java:266)
	at java.util.concurrent.ThreadPoolExecutor.runWorker(ThreadPoolExecutor.java:1149)
	at java.util.concurrent.ThreadPoolExecutor$Worker.run(ThreadPoolExecutor.java:624)
	at java.lang.Thread.run(Thread.java:748)
Heap
 def new generation   total 153600K, used 38371K [0x00000000e0c00000, 0x00000000eb2a0000, 0x00000000eb2a0000)
  eden space 136576K,  27% used [0x00000000e0c00000, 0x00000000e314f6f0, 0x00000000e9160000)
  from space 17024K,   0% used [0x00000000ea200000, 0x00000000ea229600, 0x00000000eb2a0000)
  to   space 17024K,   0% used [0x00000000e9160000, 0x00000000e9160000, 0x00000000ea200000)
 tenured generation   total 341376K, used 44128K [0x00000000eb2a0000, 0x0000000100000000, 0x0000000100000000)
   the space 341376K,  12% used [0x00000000eb2a0000, 0x00000000eddb8230, 0x00000000eddb8400, 0x0000000100000000)
 Metaspace       used 36144K, capacity 37052K, committed 37376K, reserved 1081344K
  class space    used 4861K, capacity 5084K, committed 5120K, reserved 1048576K
