19:56:35,009 |-INFO in ch.qos.logback.classic.LoggerContext[default] - Could NOT find resource [logback-test.xml]
19:56:35,009 |-INFO in ch.qos.logback.classic.LoggerContext[default] - Could NOT find resource [logback.groovy]
19:56:35,009 |-INFO in ch.qos.logback.classic.LoggerContext[default] - Found resource [logback.xml] at [jar:file:/root/flamestream/lib/flamestream-runtime-1.0-SNAPSHOT.jar!/logback.xml]
19:56:35,010 |-WARN in ch.qos.logback.classic.LoggerContext[default] - Resource [logback.xml] occurs multiple times on the classpath.
19:56:35,010 |-WARN in ch.qos.logback.classic.LoggerContext[default] - Resource [logback.xml] occurs at [jar:file:/root/flamestream/lib/flamestream-runtime-1.0-SNAPSHOT.jar!/logback.xml]
19:56:35,010 |-WARN in ch.qos.logback.classic.LoggerContext[default] - Resource [logback.xml] occurs at [jar:file:/root/flamestream/flamestream-runtime-1.0-SNAPSHOT.jar!/logback.xml]
19:56:35,030 |-INFO in ch.qos.logback.core.joran.spi.ConfigurationWatchList@3fb6a447 - URL [jar:file:/root/flamestream/lib/flamestream-runtime-1.0-SNAPSHOT.jar!/logback.xml] is not of type file
19:56:35,099 |-INFO in ch.qos.logback.classic.joran.action.ConfigurationAction - debug attribute not set
19:56:35,100 |-INFO in ch.qos.logback.core.joran.action.AppenderAction - About to instantiate appender of type [ch.qos.logback.core.ConsoleAppender]
19:56:35,115 |-INFO in ch.qos.logback.core.joran.action.AppenderAction - Naming appender as [STDOUT]
19:56:35,136 |-INFO in ch.qos.logback.core.joran.action.NestedComplexPropertyIA - Assuming default type [ch.qos.logback.classic.encoder.PatternLayoutEncoder] for [encoder] property
19:56:35,213 |-INFO in ch.qos.logback.core.joran.action.AppenderAction - About to instantiate appender of type [ch.qos.logback.core.rolling.RollingFileAppender]
19:56:35,225 |-INFO in ch.qos.logback.core.joran.action.AppenderAction - Naming appender as [FILE]
19:56:35,255 |-INFO in c.q.l.core.rolling.TimeBasedRollingPolicy@127618319 - No compression will be used
19:56:35,256 |-INFO in c.q.l.core.rolling.TimeBasedRollingPolicy@127618319 - Will use the pattern /tmp/application_%d{yyyy-MM-dd}.%i.log for the active file
19:56:35,259 |-INFO in ch.qos.logback.core.rolling.SizeAndTimeBasedFNATP@6b2fad11 - The date pattern is 'yyyy-MM-dd' from file name pattern '/tmp/application_%d{yyyy-MM-dd}.%i.log'.
19:56:35,259 |-INFO in ch.qos.logback.core.rolling.SizeAndTimeBasedFNATP@6b2fad11 - Roll-over at midnight.
19:56:35,264 |-INFO in ch.qos.logback.core.rolling.SizeAndTimeBasedFNATP@6b2fad11 - Setting initial period to Mon Jun 10 19:55:09 UTC 2019
19:56:35,264 |-WARN in ch.qos.logback.core.rolling.SizeAndTimeBasedFNATP@6b2fad11 - SizeAndTimeBasedFNATP is deprecated. Use SizeAndTimeBasedRollingPolicy instead
19:56:35,264 |-WARN in ch.qos.logback.core.rolling.SizeAndTimeBasedFNATP@6b2fad11 - For more information see http://logback.qos.ch/manual/appenders.html#SizeAndTimeBasedRollingPolicy
19:56:35,269 |-INFO in ch.qos.logback.core.joran.action.NestedComplexPropertyIA - Assuming default type [ch.qos.logback.classic.encoder.PatternLayoutEncoder] for [encoder] property
19:56:35,275 |-INFO in ch.qos.logback.core.rolling.RollingFileAppender[FILE] - Active log file name: /tmp/application.log
19:56:35,275 |-INFO in ch.qos.logback.core.rolling.RollingFileAppender[FILE] - File property is set to [/tmp/application.log]
19:56:35,275 |-INFO in ch.qos.logback.classic.joran.action.RootLoggerAction - Setting level of ROOT logger to WARN
19:56:35,275 |-INFO in ch.qos.logback.core.joran.action.AppenderRefAction - Attaching appender named [STDOUT] to Logger[ROOT]
19:56:35,278 |-INFO in ch.qos.logback.core.joran.action.AppenderRefAction - Attaching appender named [FILE] to Logger[ROOT]
19:56:35,278 |-INFO in ch.qos.logback.classic.joran.action.ConfigurationAction - End of configuration.
19:56:35,278 |-INFO in ch.qos.logback.classic.joran.JoranConfigurator@79698539 - Registering current configuration as safe fallback point

Ama winner
Ama winner
2019-06-10T19:56:36.632+0000: 1.820: [Full GC (Metadata GC Threshold) 2019-06-10T19:56:36.632+0000: 1.820: [Tenured: 0K->15241K(341376K), 0.0415992 secs] 114923K->15241K(494976K), [Metaspace: 20742K->20742K(1067008K)], 0.0416669 secs] [Times: user=0.04 sys=0.00, real=0.04 secs] 
19:56:54.747 [Curator-PathChildrenCache-1] WARN  o.a.c.u.ZKPaths  - The version of ZooKeeper being used doesn't support Container nodes. CreateMode.PERSISTENT will be used instead.
2019-06-10T19:56:56.922+0000: 22.111: [GC (Allocation Failure) 2019-06-10T19:56:56.922+0000: 22.111: [DefNew: 136576K->16694K(153600K), 0.0256868 secs] 151817K->51466K(494976K), 0.0257548 secs] [Times: user=0.03 sys=0.00, real=0.03 secs] 
2019-06-10T19:56:59.183+0000: 24.372: [Full GC (Metadata GC Threshold) 2019-06-10T19:56:59.183+0000: 24.372: [Tenured: 34772K->43486K(341376K), 0.0411054 secs] 89960K->43486K(494976K), [Metaspace: 34588K->34588K(1079296K)], 0.0411747 secs] [Times: user=0.04 sys=0.00, real=0.04 secs] 
2019-06-10T19:57:08.135+0000: 33.324: [GC (Allocation Failure) 2019-06-10T19:57:08.135+0000: 33.324: [DefNew: 136576K->105K(153600K), 0.0019786 secs] 180062K->43592K(494976K), 0.0020398 secs] [Times: user=0.00 sys=0.00, real=0.01 secs] 
2019-06-10T19:57:17.178+0000: 42.367: [GC (Allocation Failure) 2019-06-10T19:57:17.178+0000: 42.367: [DefNew: 136681K->141K(153600K), 0.0017953 secs] 180168K->43627K(494976K), 0.0018529 secs] [Times: user=0.00 sys=0.01, real=0.00 secs] 
2019-06-10T19:57:26.296+0000: 51.485: [GC (Allocation Failure) 2019-06-10T19:57:26.296+0000: 51.485: [DefNew: 136717K->137K(153600K), 0.0019001 secs] 180203K->43624K(494976K), 0.0019764 secs] [Times: user=0.00 sys=0.00, real=0.01 secs] 
2019-06-10T19:57:35.454+0000: 60.642: [GC (Allocation Failure) 2019-06-10T19:57:35.454+0000: 60.642: [DefNew: 136713K->137K(153600K), 0.0018274 secs] 180200K->43623K(494976K), 0.0018937 secs] [Times: user=0.00 sys=0.00, real=0.00 secs] 
2019-06-10T19:57:45.613+0000: 70.801: [GC (Allocation Failure) 2019-06-10T19:57:45.613+0000: 70.801: [DefNew: 136713K->469K(153600K), 0.0023451 secs] 180199K->43955K(494976K), 0.0024316 secs] [Times: user=0.00 sys=0.00, real=0.00 secs] 
2019-06-10T19:57:56.418+0000: 81.607: [GC (Allocation Failure) 2019-06-10T19:57:56.418+0000: 81.607: [DefNew: 137045K->223K(153600K), 0.0021854 secs] 180531K->43710K(494976K), 0.0022470 secs] [Times: user=0.00 sys=0.00, real=0.00 secs] 
19:58:11.594 [Curator-PathChildrenCache-0] ERROR o.a.c.f.r.c.PathChildrenCache  - 
java.lang.IllegalStateException: instance must be started before calling this method
	at org.apache.curator.shaded.com.google.common.base.Preconditions.checkState(Preconditions.java:444)
	at org.apache.curator.framework.imps.CuratorFrameworkImpl.getChildren(CuratorFrameworkImpl.java:456)
	at org.apache.curator.framework.recipes.cache.PathChildrenCache.refresh(PathChildrenCache.java:521)
	at org.apache.curator.framework.recipes.cache.RefreshOperation.invoke(RefreshOperation.java:35)
	at org.apache.curator.framework.recipes.cache.PathChildrenCache$9.run(PathChildrenCache.java:786)
	at java.util.concurrent.Executors$RunnableAdapter.call(Executors.java:511)
	at java.util.concurrent.FutureTask.run(FutureTask.java:266)
	at java.util.concurrent.Executors$RunnableAdapter.call(Executors.java:511)
	at java.util.concurrent.FutureTask.run(FutureTask.java:266)
	at java.util.concurrent.ThreadPoolExecutor.runWorker(ThreadPoolExecutor.java:1149)
	at java.util.concurrent.ThreadPoolExecutor$Worker.run(ThreadPoolExecutor.java:624)
	at java.lang.Thread.run(Thread.java:748)
Heap
 def new generation   total 153600K, used 91092K [0x00000000e0c00000, 0x00000000eb2a0000, 0x00000000eb2a0000)
  eden space 136576K,  66% used [0x00000000e0c00000, 0x00000000e64bd1e0, 0x00000000e9160000)
  from space 17024K,   1% used [0x00000000ea200000, 0x00000000ea237fe0, 0x00000000eb2a0000)
  to   space 17024K,   0% used [0x00000000e9160000, 0x00000000e9160000, 0x00000000ea200000)
 tenured generation   total 341376K, used 43486K [0x00000000eb2a0000, 0x0000000100000000, 0x0000000100000000)
   the space 341376K,  12% used [0x00000000eb2a0000, 0x00000000edd179c8, 0x00000000edd17a00, 0x0000000100000000)
 Metaspace       used 36296K, capacity 37138K, committed 37376K, reserved 1081344K
  class space    used 4871K, capacity 5077K, committed 5120K, reserved 1048576K
