13:17:46,374 |-INFO in ch.qos.logback.classic.LoggerContext[default] - Could NOT find resource [logback-test.xml]
13:17:46,375 |-INFO in ch.qos.logback.classic.LoggerContext[default] - Could NOT find resource [logback.groovy]
13:17:46,375 |-INFO in ch.qos.logback.classic.LoggerContext[default] - Found resource [logback.xml] at [jar:file:/root/flamestream/lib/flamestream-runtime-1.0-SNAPSHOT.jar!/logback.xml]
13:17:46,376 |-WARN in ch.qos.logback.classic.LoggerContext[default] - Resource [logback.xml] occurs multiple times on the classpath.
13:17:46,376 |-WARN in ch.qos.logback.classic.LoggerContext[default] - Resource [logback.xml] occurs at [jar:file:/root/flamestream/lib/flamestream-runtime-1.0-SNAPSHOT.jar!/logback.xml]
13:17:46,376 |-WARN in ch.qos.logback.classic.LoggerContext[default] - Resource [logback.xml] occurs at [jar:file:/root/flamestream/flamestream-runtime-1.0-SNAPSHOT.jar!/logback.xml]
13:17:46,395 |-INFO in ch.qos.logback.core.joran.spi.ConfigurationWatchList@3fb6a447 - URL [jar:file:/root/flamestream/lib/flamestream-runtime-1.0-SNAPSHOT.jar!/logback.xml] is not of type file
13:17:46,462 |-INFO in ch.qos.logback.classic.joran.action.ConfigurationAction - debug attribute not set
13:17:46,463 |-INFO in ch.qos.logback.core.joran.action.AppenderAction - About to instantiate appender of type [ch.qos.logback.core.ConsoleAppender]
13:17:46,479 |-INFO in ch.qos.logback.core.joran.action.AppenderAction - Naming appender as [STDOUT]
13:17:46,497 |-INFO in ch.qos.logback.core.joran.action.NestedComplexPropertyIA - Assuming default type [ch.qos.logback.classic.encoder.PatternLayoutEncoder] for [encoder] property
13:17:46,588 |-INFO in ch.qos.logback.core.joran.action.AppenderAction - About to instantiate appender of type [ch.qos.logback.core.rolling.RollingFileAppender]
13:17:46,593 |-INFO in ch.qos.logback.core.joran.action.AppenderAction - Naming appender as [FILE]
13:17:46,624 |-INFO in c.q.l.core.rolling.TimeBasedRollingPolicy@127618319 - No compression will be used
13:17:46,625 |-INFO in c.q.l.core.rolling.TimeBasedRollingPolicy@127618319 - Will use the pattern /tmp/application_%d{yyyy-MM-dd}.%i.log for the active file
13:17:46,628 |-INFO in ch.qos.logback.core.rolling.SizeAndTimeBasedFNATP@6b2fad11 - The date pattern is 'yyyy-MM-dd' from file name pattern '/tmp/application_%d{yyyy-MM-dd}.%i.log'.
13:17:46,628 |-INFO in ch.qos.logback.core.rolling.SizeAndTimeBasedFNATP@6b2fad11 - Roll-over at midnight.
13:17:46,634 |-INFO in ch.qos.logback.core.rolling.SizeAndTimeBasedFNATP@6b2fad11 - Setting initial period to Mon Jun 10 13:16:23 UTC 2019
13:17:46,634 |-WARN in ch.qos.logback.core.rolling.SizeAndTimeBasedFNATP@6b2fad11 - SizeAndTimeBasedFNATP is deprecated. Use SizeAndTimeBasedRollingPolicy instead
13:17:46,634 |-WARN in ch.qos.logback.core.rolling.SizeAndTimeBasedFNATP@6b2fad11 - For more information see http://logback.qos.ch/manual/appenders.html#SizeAndTimeBasedRollingPolicy
13:17:46,638 |-INFO in ch.qos.logback.core.joran.action.NestedComplexPropertyIA - Assuming default type [ch.qos.logback.classic.encoder.PatternLayoutEncoder] for [encoder] property
13:17:46,643 |-INFO in ch.qos.logback.core.rolling.RollingFileAppender[FILE] - Active log file name: /tmp/application.log
13:17:46,643 |-INFO in ch.qos.logback.core.rolling.RollingFileAppender[FILE] - File property is set to [/tmp/application.log]
13:17:46,644 |-INFO in ch.qos.logback.classic.joran.action.RootLoggerAction - Setting level of ROOT logger to WARN
13:17:46,644 |-INFO in ch.qos.logback.core.joran.action.AppenderRefAction - Attaching appender named [STDOUT] to Logger[ROOT]
13:17:46,646 |-INFO in ch.qos.logback.core.joran.action.AppenderRefAction - Attaching appender named [FILE] to Logger[ROOT]
13:17:46,646 |-INFO in ch.qos.logback.classic.joran.action.ConfigurationAction - End of configuration.
13:17:46,646 |-INFO in ch.qos.logback.classic.joran.JoranConfigurator@79698539 - Registering current configuration as safe fallback point

Ama winner
Ama winner
2019-06-10T13:17:48.007+0000: 1.826: [Full GC (Metadata GC Threshold) 2019-06-10T13:17:48.007+0000: 1.826: [Tenured: 0K->15207K(341376K), 0.0410718 secs] 114987K->15207K(494976K), [Metaspace: 20731K->20731K(1067008K)], 0.0411392 secs] [Times: user=0.03 sys=0.01, real=0.05 secs] 
13:18:04.663 [Curator-PathChildrenCache-1] WARN  o.a.c.u.ZKPaths  - The version of ZooKeeper being used doesn't support Container nodes. CreateMode.PERSISTENT will be used instead.
2019-06-10T13:18:07.173+0000: 20.992: [GC (Allocation Failure) 2019-06-10T13:18:07.173+0000: 20.992: [DefNew: 136576K->17024K(153600K), 0.0268521 secs] 151783K->52787K(494976K), 0.0269236 secs] [Times: user=0.02 sys=0.00, real=0.03 secs] 
2019-06-10T13:18:07.927+0000: 21.746: [Full GC (Metadata GC Threshold) 2019-06-10T13:18:07.927+0000: 21.746: [Tenured: 35763K->44628K(341376K), 0.0535201 secs] 74182K->44628K(494976K), [Metaspace: 34527K->34527K(1079296K)], 0.0535934 secs] [Times: user=0.05 sys=0.01, real=0.06 secs] 
2019-06-10T13:18:16.315+0000: 30.134: [GC (Allocation Failure) 2019-06-10T13:18:16.315+0000: 30.134: [DefNew: 136576K->112K(153600K), 0.0019722 secs] 181204K->44740K(494976K), 0.0020303 secs] [Times: user=0.00 sys=0.00, real=0.01 secs] 
2019-06-10T13:18:24.853+0000: 38.672: [GC (Allocation Failure) 2019-06-10T13:18:24.853+0000: 38.672: [DefNew: 136688K->113K(153600K), 0.0017500 secs] 181316K->44742K(494976K), 0.0018096 secs] [Times: user=0.00 sys=0.00, real=0.00 secs] 
2019-06-10T13:18:33.484+0000: 47.303: [GC (Allocation Failure) 2019-06-10T13:18:33.484+0000: 47.303: [DefNew: 136689K->113K(153600K), 0.0018009 secs] 181318K->44742K(494976K), 0.0018588 secs] [Times: user=0.00 sys=0.00, real=0.00 secs] 
2019-06-10T13:18:42.112+0000: 55.930: [GC (Allocation Failure) 2019-06-10T13:18:42.112+0000: 55.930: [DefNew: 136689K->113K(153600K), 0.0019142 secs] 181318K->44742K(494976K), 0.0019768 secs] [Times: user=0.01 sys=0.00, real=0.00 secs] 
2019-06-10T13:18:51.097+0000: 64.916: [GC (Allocation Failure) 2019-06-10T13:18:51.097+0000: 64.916: [DefNew: 136689K->458K(153600K), 0.0023012 secs] 181318K->45087K(494976K), 0.0023627 secs] [Times: user=0.01 sys=0.00, real=0.00 secs] 
2019-06-10T13:19:05.966+0000: 79.785: [GC (Allocation Failure) 2019-06-10T13:19:05.966+0000: 79.785: [DefNew: 137034K->211K(153600K), 0.0020951 secs] 181663K->44840K(494976K), 0.0021552 secs] [Times: user=0.00 sys=0.00, real=0.01 secs] 
13:19:17.125 [Curator-PathChildrenCache-0] ERROR o.a.c.f.r.c.PathChildrenCache  - 
java.lang.IllegalStateException: instance must be started before calling this method
	at org.apache.curator.shaded.com.google.common.base.Preconditions.checkState(Preconditions.java:444)
	at org.apache.curator.framework.imps.CuratorFrameworkImpl.getChildren(CuratorFrameworkImpl.java:456)
	at org.apache.curator.framework.recipes.cache.PathChildrenCache.refresh(PathChildrenCache.java:521)
	at org.apache.curator.framework.recipes.cache.RefreshOperation.invoke(RefreshOperation.java:35)
	at org.apache.curator.framework.recipes.cache.PathChildrenCache$9.run(PathChildrenCache.java:786)
	at java.util.concurrent.Executors$RunnableAdapter.call(Executors.java:511)
	at java.util.concurrent.FutureTask.run(FutureTask.java:266)
	at java.util.concurrent.Executors$RunnableAdapter.call(Executors.java:511)
	at java.util.concurrent.FutureTask.run(FutureTask.java:266)
	at java.util.concurrent.ThreadPoolExecutor.runWorker(ThreadPoolExecutor.java:1149)
	at java.util.concurrent.ThreadPoolExecutor$Worker.run(ThreadPoolExecutor.java:624)
	at java.lang.Thread.run(Thread.java:748)
Heap
 def new generation   total 153600K, used 48359K [0x00000000e0c00000, 0x00000000eb2a0000, 0x00000000eb2a0000)
  eden space 136576K,  35% used [0x00000000e0c00000, 0x00000000e3b04df8, 0x00000000e9160000)
  from space 17024K,   1% used [0x00000000ea200000, 0x00000000ea234e40, 0x00000000eb2a0000)
  to   space 17024K,   0% used [0x00000000e9160000, 0x00000000e9160000, 0x00000000ea200000)
 tenured generation   total 341376K, used 44628K [0x00000000eb2a0000, 0x0000000100000000, 0x0000000100000000)
   the space 341376K,  13% used [0x00000000eb2a0000, 0x00000000ede35358, 0x00000000ede35400, 0x0000000100000000)
 Metaspace       used 36126K, capacity 37056K, committed 37376K, reserved 1081344K
  class space    used 4862K, capacity 5084K, committed 5120K, reserved 1048576K
