00:20:17,293 |-INFO in ch.qos.logback.classic.LoggerContext[default] - Could NOT find resource [logback-test.xml]
00:20:17,293 |-INFO in ch.qos.logback.classic.LoggerContext[default] - Could NOT find resource [logback.groovy]
00:20:17,293 |-INFO in ch.qos.logback.classic.LoggerContext[default] - Found resource [logback.xml] at [jar:file:/home/nikitasokolov/flamestream/lib/flamestream-runtime-1.0-SNAPSHOT.jar!/logback.xml]
00:20:17,293 |-WARN in ch.qos.logback.classic.LoggerContext[default] - Resource [logback.xml] occurs multiple times on the classpath.
00:20:17,294 |-WARN in ch.qos.logback.classic.LoggerContext[default] - Resource [logback.xml] occurs at [jar:file:/home/nikitasokolov/flamestream/lib/flamestream-runtime-1.0-SNAPSHOT.jar!/logback.xml]
00:20:17,294 |-WARN in ch.qos.logback.classic.LoggerContext[default] - Resource [logback.xml] occurs at [jar:file:/home/nikitasokolov/flamestream/flamestream-runtime-1.0-SNAPSHOT.jar!/logback.xml]
00:20:17,311 |-INFO in ch.qos.logback.core.joran.spi.ConfigurationWatchList@6108b2d7 - URL [jar:file:/home/nikitasokolov/flamestream/lib/flamestream-runtime-1.0-SNAPSHOT.jar!/logback.xml] is not of type file
00:20:17,361 |-INFO in ch.qos.logback.classic.joran.action.ConfigurationAction - debug attribute not set
00:20:17,362 |-INFO in ch.qos.logback.core.joran.action.AppenderAction - About to instantiate appender of type [ch.qos.logback.core.ConsoleAppender]
00:20:17,370 |-INFO in ch.qos.logback.core.joran.action.AppenderAction - Naming appender as [STDOUT]
00:20:17,378 |-INFO in ch.qos.logback.core.joran.action.NestedComplexPropertyIA - Assuming default type [ch.qos.logback.classic.encoder.PatternLayoutEncoder] for [encoder] property
00:20:17,434 |-INFO in ch.qos.logback.core.joran.action.AppenderAction - About to instantiate appender of type [ch.qos.logback.core.rolling.RollingFileAppender]
00:20:17,440 |-INFO in ch.qos.logback.core.joran.action.AppenderAction - Naming appender as [FILE]
00:20:17,461 |-INFO in c.q.l.core.rolling.TimeBasedRollingPolicy@357863579 - No compression will be used
00:20:17,463 |-INFO in c.q.l.core.rolling.TimeBasedRollingPolicy@357863579 - Will use the pattern /tmp/application_%d{yyyy-MM-dd}.%i.log for the active file
00:20:17,465 |-INFO in ch.qos.logback.core.rolling.SizeAndTimeBasedFNATP@6bf256fa - The date pattern is 'yyyy-MM-dd' from file name pattern '/tmp/application_%d{yyyy-MM-dd}.%i.log'.
00:20:17,465 |-INFO in ch.qos.logback.core.rolling.SizeAndTimeBasedFNATP@6bf256fa - Roll-over at midnight.
00:20:17,471 |-INFO in ch.qos.logback.core.rolling.SizeAndTimeBasedFNATP@6bf256fa - Setting initial period to Sun Jun 09 00:19:35 MSK 2019
00:20:17,471 |-WARN in ch.qos.logback.core.rolling.SizeAndTimeBasedFNATP@6bf256fa - SizeAndTimeBasedFNATP is deprecated. Use SizeAndTimeBasedRollingPolicy instead
00:20:17,471 |-WARN in ch.qos.logback.core.rolling.SizeAndTimeBasedFNATP@6bf256fa - For more information see http://logback.qos.ch/manual/appenders.html#SizeAndTimeBasedRollingPolicy
00:20:17,477 |-INFO in ch.qos.logback.core.joran.action.NestedComplexPropertyIA - Assuming default type [ch.qos.logback.classic.encoder.PatternLayoutEncoder] for [encoder] property
00:20:17,479 |-INFO in ch.qos.logback.core.rolling.RollingFileAppender[FILE] - Active log file name: /tmp/application.log
00:20:17,479 |-INFO in ch.qos.logback.core.rolling.RollingFileAppender[FILE] - File property is set to [/tmp/application.log]
00:20:17,481 |-INFO in ch.qos.logback.classic.joran.action.RootLoggerAction - Setting level of ROOT logger to WARN
00:20:17,481 |-INFO in ch.qos.logback.core.joran.action.AppenderRefAction - Attaching appender named [STDOUT] to Logger[ROOT]
00:20:17,481 |-INFO in ch.qos.logback.core.joran.action.AppenderRefAction - Attaching appender named [FILE] to Logger[ROOT]
00:20:17,481 |-INFO in ch.qos.logback.classic.joran.action.ConfigurationAction - End of configuration.
00:20:17,482 |-INFO in ch.qos.logback.classic.joran.JoranConfigurator@6cd8737 - Registering current configuration as safe fallback point

2019-06-09T00:20:18.476+0300: 1.379: [GC (Metadata GC Threshold) [PSYoungGen: 110721K->15965K(149504K)] 110721K->16045K(491008K), 0.0330063 secs] [Times: user=0.12 sys=0.06, real=0.03 secs] 
2019-06-09T00:20:18.509+0300: 1.412: [Full GC (Metadata GC Threshold) [PSYoungGen: 15965K->0K(149504K)] [ParOldGen: 80K->15078K(341504K)] 16045K->15078K(491008K), [Metaspace: 20800K->20800K(1067008K)], 0.0273814 secs] [Times: user=0.17 sys=0.01, real=0.03 secs] 
00:20:25.895 [Curator-PathChildrenCache-1] WARN  o.a.c.u.ZKPaths  - The version of ZooKeeper being used doesn't support Container nodes. CreateMode.PERSISTENT will be used instead.
2019-06-09T00:20:26.929+0300: 9.832: [GC (Metadata GC Threshold) [PSYoungGen: 125320K->15920K(149504K)] 140398K->50538K(491008K), 0.0340637 secs] [Times: user=0.29 sys=0.02, real=0.04 secs] 
2019-06-09T00:20:26.963+0300: 9.866: [Full GC (Metadata GC Threshold) [PSYoungGen: 15920K->0K(149504K)] [ParOldGen: 34617K->38940K(341504K)] 50538K->38940K(491008K), [Metaspace: 34571K->34571K(1079296K)], 0.0398365 secs] [Times: user=0.20 sys=0.02, real=0.04 secs] 
2019-06-09T00:20:29.540+0300: 12.443: [GC (Allocation Failure) [PSYoungGen: 128512K->576K(149504K)] 167452K->39524K(491008K), 0.0031388 secs] [Times: user=0.02 sys=0.00, real=0.00 secs] 
2019-06-09T00:20:31.729+0300: 14.632: [GC (Allocation Failure) [PSYoungGen: 129088K->480K(149504K)] 168036K->39436K(491008K), 0.0036336 secs] [Times: user=0.02 sys=0.00, real=0.01 secs] 
2019-06-09T00:20:33.619+0300: 16.522: [GC (Allocation Failure) [PSYoungGen: 128992K->672K(129536K)] 167948K->39636K(471040K), 0.0041516 secs] [Times: user=0.02 sys=0.01, real=0.00 secs] 
2019-06-09T00:20:35.732+0300: 18.635: [GC (Allocation Failure) [PSYoungGen: 129184K->672K(150016K)] 168148K->39636K(491520K), 0.0040552 secs] [Times: user=0.02 sys=0.01, real=0.00 secs] 
2019-06-09T00:20:37.652+0300: 20.555: [GC (Allocation Failure) [PSYoungGen: 129184K->544K(148992K)] 168148K->39508K(490496K), 0.0031329 secs] [Times: user=0.01 sys=0.00, real=0.00 secs] 
2019-06-09T00:20:39.718+0300: 22.621: [GC (Allocation Failure) [PSYoungGen: 129056K->576K(151552K)] 168020K->39548K(493056K), 0.0025680 secs] [Times: user=0.01 sys=0.00, real=0.00 secs] 
2019-06-09T00:20:41.314+0300: 24.217: [GC (Allocation Failure) [PSYoungGen: 132160K->544K(150528K)] 171132K->39516K(492032K), 0.0044695 secs] [Times: user=0.02 sys=0.00, real=0.01 secs] 
2019-06-09T00:20:42.958+0300: 25.861: [GC (Allocation Failure) [PSYoungGen: 132128K->640K(153088K)] 171100K->39620K(494592K), 0.0788294 secs] [Times: user=0.01 sys=0.00, real=0.07 secs] 
2019-06-09T00:20:44.559+0300: 27.462: [GC (Allocation Failure) [PSYoungGen: 135808K->640K(152576K)] 174788K->39620K(494080K), 0.0026126 secs] [Times: user=0.01 sys=0.01, real=0.00 secs] 
2019-06-09T00:20:46.340+0300: 29.243: [GC (Allocation Failure) [PSYoungGen: 135808K->704K(154624K)] 174788K->39692K(496128K), 0.0027112 secs] [Times: user=0.02 sys=0.00, real=0.00 secs] 
2019-06-09T00:20:48.322+0300: 31.261: [GC (Allocation Failure) [PSYoungGen: 138944K->704K(154112K)] 177932K->39700K(495616K), 0.0391277 secs] [Times: user=0.01 sys=0.00, real=0.04 secs] 
2019-06-09T00:20:50.097+0300: 33.000: [GC (Allocation Failure) [PSYoungGen: 138944K->672K(156672K)] 177940K->39668K(498176K), 0.0026172 secs] [Times: user=0.01 sys=0.01, real=0.01 secs] 
2019-06-09T00:20:52.092+0300: 34.995: [GC (Allocation Failure) [PSYoungGen: 142496K->736K(155648K)] 181492K->39732K(497152K), 0.0041563 secs] [Times: user=0.03 sys=0.00, real=0.00 secs] 
2019-06-09T00:20:53.891+0300: 36.794: [GC (Allocation Failure) [PSYoungGen: 142560K->736K(158208K)] 181556K->39732K(499712K), 0.0050532 secs] [Times: user=0.03 sys=0.00, real=0.00 secs] 
2019-06-09T00:20:55.869+0300: 38.772: [GC (Allocation Failure) [PSYoungGen: 145632K->704K(157184K)] 184628K->39700K(498688K), 0.0032047 secs] [Times: user=0.02 sys=0.01, real=0.01 secs] 
2019-06-09T00:20:57.738+0300: 40.641: [GC (Allocation Failure) [PSYoungGen: 145600K->512K(159232K)] 184596K->39796K(500736K), 0.0026855 secs] [Times: user=0.02 sys=0.00, real=0.00 secs] 
2019-06-09T00:21:00.075+0300: 42.978: [GC (Allocation Failure) [PSYoungGen: 147968K->384K(158720K)] 187252K->39740K(500224K), 0.0031228 secs] [Times: user=0.02 sys=0.00, real=0.01 secs] 
00:21:10.027 [Curator-PathChildrenCache-0] ERROR o.a.c.f.r.c.PathChildrenCache  - 
java.lang.IllegalStateException: instance must be started before calling this method
	at org.apache.curator.shaded.com.google.common.base.Preconditions.checkState(Preconditions.java:444)
	at org.apache.curator.framework.imps.CuratorFrameworkImpl.getChildren(CuratorFrameworkImpl.java:456)
	at org.apache.curator.framework.recipes.cache.PathChildrenCache.refresh(PathChildrenCache.java:521)
	at org.apache.curator.framework.recipes.cache.RefreshOperation.invoke(RefreshOperation.java:35)
	at org.apache.curator.framework.recipes.cache.PathChildrenCache$9.run(PathChildrenCache.java:786)
	at java.util.concurrent.Executors$RunnableAdapter.call(Executors.java:511)
	at java.util.concurrent.FutureTask.run(FutureTask.java:266)
	at java.util.concurrent.Executors$RunnableAdapter.call(Executors.java:511)
	at java.util.concurrent.FutureTask.run(FutureTask.java:266)
	at java.util.concurrent.ThreadPoolExecutor.runWorker(ThreadPoolExecutor.java:1149)
	at java.util.concurrent.ThreadPoolExecutor$Worker.run(ThreadPoolExecutor.java:624)
	at java.lang.Thread.run(Thread.java:748)
Heap
 PSYoungGen      total 158720K, used 79677K [0x00000000f5980000, 0x0000000100000000, 0x0000000100000000)
  eden space 147456K, 53% used [0x00000000f5980000,0x00000000fa6ef588,0x00000000fe980000)
  from space 11264K, 3% used [0x00000000fe980000,0x00000000fe9e0020,0x00000000ff480000)
  to   space 10752K, 0% used [0x00000000ff580000,0x00000000ff580000,0x0000000100000000)
 ParOldGen       total 341504K, used 39356K [0x00000000e0c00000, 0x00000000f5980000, 0x00000000f5980000)
  object space 341504K, 11% used [0x00000000e0c00000,0x00000000e326f308,0x00000000f5980000)
 Metaspace       used 35806K, capacity 36686K, committed 36952K, reserved 1081344K
  class space    used 4936K, capacity 5129K, committed 5248K, reserved 1048576K
