16:18:28,633 |-INFO in ch.qos.logback.classic.LoggerContext[default] - Could NOT find resource [logback-test.xml]
16:18:28,634 |-INFO in ch.qos.logback.classic.LoggerContext[default] - Could NOT find resource [logback.groovy]
16:18:28,634 |-INFO in ch.qos.logback.classic.LoggerContext[default] - Found resource [logback.xml] at [jar:file:/root/flamestream/lib/flamestream-runtime-1.0-SNAPSHOT.jar!/logback.xml]
16:18:28,634 |-WARN in ch.qos.logback.classic.LoggerContext[default] - Resource [logback.xml] occurs multiple times on the classpath.
16:18:28,634 |-WARN in ch.qos.logback.classic.LoggerContext[default] - Resource [logback.xml] occurs at [jar:file:/root/flamestream/lib/flamestream-runtime-1.0-SNAPSHOT.jar!/logback.xml]
16:18:28,634 |-WARN in ch.qos.logback.classic.LoggerContext[default] - Resource [logback.xml] occurs at [jar:file:/root/flamestream/flamestream-runtime-1.0-SNAPSHOT.jar!/logback.xml]
16:18:28,658 |-INFO in ch.qos.logback.core.joran.spi.ConfigurationWatchList@3fb6a447 - URL [jar:file:/root/flamestream/lib/flamestream-runtime-1.0-SNAPSHOT.jar!/logback.xml] is not of type file
16:18:28,725 |-INFO in ch.qos.logback.classic.joran.action.ConfigurationAction - debug attribute not set
16:18:28,725 |-INFO in ch.qos.logback.core.joran.action.AppenderAction - About to instantiate appender of type [ch.qos.logback.core.ConsoleAppender]
16:18:28,743 |-INFO in ch.qos.logback.core.joran.action.AppenderAction - Naming appender as [STDOUT]
16:18:28,765 |-INFO in ch.qos.logback.core.joran.action.NestedComplexPropertyIA - Assuming default type [ch.qos.logback.classic.encoder.PatternLayoutEncoder] for [encoder] property
16:18:28,854 |-INFO in ch.qos.logback.core.joran.action.AppenderAction - About to instantiate appender of type [ch.qos.logback.core.rolling.RollingFileAppender]
16:18:28,867 |-INFO in ch.qos.logback.core.joran.action.AppenderAction - Naming appender as [FILE]
16:18:28,896 |-INFO in c.q.l.core.rolling.TimeBasedRollingPolicy@127618319 - No compression will be used
16:18:28,897 |-INFO in c.q.l.core.rolling.TimeBasedRollingPolicy@127618319 - Will use the pattern /tmp/application_%d{yyyy-MM-dd}.%i.log for the active file
16:18:28,900 |-INFO in ch.qos.logback.core.rolling.SizeAndTimeBasedFNATP@6b2fad11 - The date pattern is 'yyyy-MM-dd' from file name pattern '/tmp/application_%d{yyyy-MM-dd}.%i.log'.
16:18:28,900 |-INFO in ch.qos.logback.core.rolling.SizeAndTimeBasedFNATP@6b2fad11 - Roll-over at midnight.
16:18:28,905 |-INFO in ch.qos.logback.core.rolling.SizeAndTimeBasedFNATP@6b2fad11 - Setting initial period to Mon Jun 10 16:17:11 UTC 2019
16:18:28,906 |-WARN in ch.qos.logback.core.rolling.SizeAndTimeBasedFNATP@6b2fad11 - SizeAndTimeBasedFNATP is deprecated. Use SizeAndTimeBasedRollingPolicy instead
16:18:28,906 |-WARN in ch.qos.logback.core.rolling.SizeAndTimeBasedFNATP@6b2fad11 - For more information see http://logback.qos.ch/manual/appenders.html#SizeAndTimeBasedRollingPolicy
16:18:28,910 |-INFO in ch.qos.logback.core.joran.action.NestedComplexPropertyIA - Assuming default type [ch.qos.logback.classic.encoder.PatternLayoutEncoder] for [encoder] property
16:18:28,915 |-INFO in ch.qos.logback.core.rolling.RollingFileAppender[FILE] - Active log file name: /tmp/application.log
16:18:28,915 |-INFO in ch.qos.logback.core.rolling.RollingFileAppender[FILE] - File property is set to [/tmp/application.log]
16:18:28,916 |-INFO in ch.qos.logback.classic.joran.action.RootLoggerAction - Setting level of ROOT logger to WARN
16:18:28,916 |-INFO in ch.qos.logback.core.joran.action.AppenderRefAction - Attaching appender named [STDOUT] to Logger[ROOT]
16:18:28,918 |-INFO in ch.qos.logback.core.joran.action.AppenderRefAction - Attaching appender named [FILE] to Logger[ROOT]
16:18:28,918 |-INFO in ch.qos.logback.classic.joran.action.ConfigurationAction - End of configuration.
16:18:28,919 |-INFO in ch.qos.logback.classic.joran.JoranConfigurator@79698539 - Registering current configuration as safe fallback point

Ama winner
Ama winner
2019-06-10T16:18:30.226+0000: 1.771: [Full GC (Metadata GC Threshold) 2019-06-10T16:18:30.226+0000: 1.771: [Tenured: 0K->15142K(341376K), 0.0419015 secs] 114923K->15142K(494976K), [Metaspace: 20727K->20727K(1067008K)], 0.0419717 secs] [Times: user=0.03 sys=0.00, real=0.05 secs] 
16:18:42.272 [Curator-PathChildrenCache-1] WARN  o.a.c.u.ZKPaths  - The version of ZooKeeper being used doesn't support Container nodes. CreateMode.PERSISTENT will be used instead.
2019-06-10T16:18:44.527+0000: 16.073: [GC (Allocation Failure) 2019-06-10T16:18:44.527+0000: 16.073: [DefNew: 136576K->17023K(153600K), 0.0289220 secs] 151718K->52450K(494976K), 0.0289912 secs] [Times: user=0.03 sys=0.01, real=0.03 secs] 
2019-06-10T16:18:46.198+0000: 17.743: [Full GC (Metadata GC Threshold) 2019-06-10T16:18:46.198+0000: 17.743: [Tenured: 35426K->44260K(341376K), 0.0410208 secs] 91801K->44260K(494976K), [Metaspace: 34543K->34543K(1079296K)], 0.0411016 secs] [Times: user=0.04 sys=0.00, real=0.04 secs] 
2019-06-10T16:18:52.351+0000: 23.896: [GC (Allocation Failure) 2019-06-10T16:18:52.351+0000: 23.896: [DefNew: 136576K->67K(153600K), 0.0018777 secs] 180836K->44328K(494976K), 0.0019366 secs] [Times: user=0.00 sys=0.00, real=0.00 secs] 
2019-06-10T16:18:58.397+0000: 29.943: [GC (Allocation Failure) 2019-06-10T16:18:58.397+0000: 29.943: [DefNew: 136643K->68K(153600K), 0.0017469 secs] 180904K->44329K(494976K), 0.0018049 secs] [Times: user=0.00 sys=0.00, real=0.00 secs] 
2019-06-10T16:19:04.513+0000: 36.059: [GC (Allocation Failure) 2019-06-10T16:19:04.513+0000: 36.059: [DefNew: 136644K->68K(153600K), 0.0018386 secs] 180905K->44329K(494976K), 0.0019022 secs] [Times: user=0.00 sys=0.00, real=0.01 secs] 
2019-06-10T16:19:10.608+0000: 42.154: [GC (Allocation Failure) 2019-06-10T16:19:10.608+0000: 42.154: [DefNew: 136644K->68K(153600K), 0.0018043 secs] 180905K->44328K(494976K), 0.0018660 secs] [Times: user=0.00 sys=0.00, real=0.00 secs] 
2019-06-10T16:19:16.766+0000: 48.312: [GC (Allocation Failure) 2019-06-10T16:19:16.766+0000: 48.312: [DefNew: 136644K->67K(153600K), 0.0018582 secs] 180904K->44327K(494976K), 0.0019193 secs] [Times: user=0.00 sys=0.00, real=0.01 secs] 
16:19:24.571 [Curator-PathChildrenCache-0] ERROR o.a.c.f.r.c.PathChildrenCache  - 
java.lang.IllegalStateException: instance must be started before calling this method
	at org.apache.curator.shaded.com.google.common.base.Preconditions.checkState(Preconditions.java:444)
	at org.apache.curator.framework.imps.CuratorFrameworkImpl.getChildren(CuratorFrameworkImpl.java:456)
	at org.apache.curator.framework.recipes.cache.PathChildrenCache.refresh(PathChildrenCache.java:521)
	at org.apache.curator.framework.recipes.cache.RefreshOperation.invoke(RefreshOperation.java:35)
	at org.apache.curator.framework.recipes.cache.PathChildrenCache$9.run(PathChildrenCache.java:786)
	at java.util.concurrent.Executors$RunnableAdapter.call(Executors.java:511)
	at java.util.concurrent.FutureTask.run(FutureTask.java:266)
	at java.util.concurrent.Executors$RunnableAdapter.call(Executors.java:511)
	at java.util.concurrent.FutureTask.run(FutureTask.java:266)
	at java.util.concurrent.ThreadPoolExecutor.runWorker(ThreadPoolExecutor.java:1149)
	at java.util.concurrent.ThreadPoolExecutor$Worker.run(ThreadPoolExecutor.java:624)
	at java.lang.Thread.run(Thread.java:748)
Heap
 def new generation   total 153600K, used 70135K [0x00000000e0c00000, 0x00000000eb2a0000, 0x00000000eb2a0000)
  eden space 136576K,  51% used [0x00000000e0c00000, 0x00000000e506d1f8, 0x00000000e9160000)
  from space 17024K,   0% used [0x00000000e9160000, 0x00000000e9170c68, 0x00000000ea200000)
  to   space 17024K,   0% used [0x00000000ea200000, 0x00000000ea200000, 0x00000000eb2a0000)
 tenured generation   total 341376K, used 44260K [0x00000000eb2a0000, 0x0000000100000000, 0x0000000100000000)
   the space 341376K,  12% used [0x00000000eb2a0000, 0x00000000eddd91c0, 0x00000000eddd9200, 0x0000000100000000)
 Metaspace       used 35846K, capacity 36744K, committed 37120K, reserved 1081344K
  class space    used 4820K, capacity 5022K, committed 5120K, reserved 1048576K
