17:24:44,890 |-INFO in ch.qos.logback.classic.LoggerContext[default] - Could NOT find resource [logback-test.xml]
17:24:44,890 |-INFO in ch.qos.logback.classic.LoggerContext[default] - Could NOT find resource [logback.groovy]
17:24:44,891 |-INFO in ch.qos.logback.classic.LoggerContext[default] - Found resource [logback.xml] at [jar:file:/root/flamestream/lib/flamestream-runtime-1.0-SNAPSHOT.jar!/logback.xml]
17:24:44,891 |-WARN in ch.qos.logback.classic.LoggerContext[default] - Resource [logback.xml] occurs multiple times on the classpath.
17:24:44,892 |-WARN in ch.qos.logback.classic.LoggerContext[default] - Resource [logback.xml] occurs at [jar:file:/root/flamestream/lib/flamestream-runtime-1.0-SNAPSHOT.jar!/logback.xml]
17:24:44,892 |-WARN in ch.qos.logback.classic.LoggerContext[default] - Resource [logback.xml] occurs at [jar:file:/root/flamestream/flamestream-runtime-1.0-SNAPSHOT.jar!/logback.xml]
17:24:44,910 |-INFO in ch.qos.logback.core.joran.spi.ConfigurationWatchList@3fb6a447 - URL [jar:file:/root/flamestream/lib/flamestream-runtime-1.0-SNAPSHOT.jar!/logback.xml] is not of type file
17:24:44,977 |-INFO in ch.qos.logback.classic.joran.action.ConfigurationAction - debug attribute not set
17:24:44,978 |-INFO in ch.qos.logback.core.joran.action.AppenderAction - About to instantiate appender of type [ch.qos.logback.core.ConsoleAppender]
17:24:44,993 |-INFO in ch.qos.logback.core.joran.action.AppenderAction - Naming appender as [STDOUT]
17:24:45,013 |-INFO in ch.qos.logback.core.joran.action.NestedComplexPropertyIA - Assuming default type [ch.qos.logback.classic.encoder.PatternLayoutEncoder] for [encoder] property
17:24:45,098 |-INFO in ch.qos.logback.core.joran.action.AppenderAction - About to instantiate appender of type [ch.qos.logback.core.rolling.RollingFileAppender]
17:24:45,104 |-INFO in ch.qos.logback.core.joran.action.AppenderAction - Naming appender as [FILE]
17:24:45,134 |-INFO in c.q.l.core.rolling.TimeBasedRollingPolicy@127618319 - No compression will be used
17:24:45,135 |-INFO in c.q.l.core.rolling.TimeBasedRollingPolicy@127618319 - Will use the pattern /tmp/application_%d{yyyy-MM-dd}.%i.log for the active file
17:24:45,138 |-INFO in ch.qos.logback.core.rolling.SizeAndTimeBasedFNATP@6b2fad11 - The date pattern is 'yyyy-MM-dd' from file name pattern '/tmp/application_%d{yyyy-MM-dd}.%i.log'.
17:24:45,138 |-INFO in ch.qos.logback.core.rolling.SizeAndTimeBasedFNATP@6b2fad11 - Roll-over at midnight.
17:24:45,143 |-INFO in ch.qos.logback.core.rolling.SizeAndTimeBasedFNATP@6b2fad11 - Setting initial period to Mon Jun 10 17:23:14 UTC 2019
17:24:45,143 |-WARN in ch.qos.logback.core.rolling.SizeAndTimeBasedFNATP@6b2fad11 - SizeAndTimeBasedFNATP is deprecated. Use SizeAndTimeBasedRollingPolicy instead
17:24:45,143 |-WARN in ch.qos.logback.core.rolling.SizeAndTimeBasedFNATP@6b2fad11 - For more information see http://logback.qos.ch/manual/appenders.html#SizeAndTimeBasedRollingPolicy
17:24:45,147 |-INFO in ch.qos.logback.core.joran.action.NestedComplexPropertyIA - Assuming default type [ch.qos.logback.classic.encoder.PatternLayoutEncoder] for [encoder] property
17:24:45,151 |-INFO in ch.qos.logback.core.rolling.RollingFileAppender[FILE] - Active log file name: /tmp/application.log
17:24:45,151 |-INFO in ch.qos.logback.core.rolling.RollingFileAppender[FILE] - File property is set to [/tmp/application.log]
17:24:45,152 |-INFO in ch.qos.logback.classic.joran.action.RootLoggerAction - Setting level of ROOT logger to WARN
17:24:45,152 |-INFO in ch.qos.logback.core.joran.action.AppenderRefAction - Attaching appender named [STDOUT] to Logger[ROOT]
17:24:45,154 |-INFO in ch.qos.logback.core.joran.action.AppenderRefAction - Attaching appender named [FILE] to Logger[ROOT]
17:24:45,155 |-INFO in ch.qos.logback.classic.joran.action.ConfigurationAction - End of configuration.
17:24:45,155 |-INFO in ch.qos.logback.classic.joran.JoranConfigurator@79698539 - Registering current configuration as safe fallback point

Ama winner
Ama winner
2019-06-10T17:24:46.446+0000: 1.743: [Full GC (Metadata GC Threshold) 2019-06-10T17:24:46.446+0000: 1.743: [Tenured: 0K->15240K(341376K), 0.0402167 secs] 117750K->15240K(494976K), [Metaspace: 20734K->20734K(1067008K)], 0.0402842 secs] [Times: user=0.03 sys=0.00, real=0.04 secs] 
17:25:08.496 [Curator-PathChildrenCache-1] WARN  o.a.c.u.ZKPaths  - The version of ZooKeeper being used doesn't support Container nodes. CreateMode.PERSISTENT will be used instead.
2019-06-10T17:25:11.031+0000: 26.327: [GC (Allocation Failure) 2019-06-10T17:25:11.031+0000: 26.327: [DefNew: 136576K->17023K(153600K), 0.0261457 secs] 151816K->52585K(494976K), 0.0262237 secs] [Times: user=0.02 sys=0.01, real=0.03 secs] 
2019-06-10T17:25:12.206+0000: 27.503: [Full GC (Metadata GC Threshold) 2019-06-10T17:25:12.206+0000: 27.503: [Tenured: 35561K->43999K(341376K), 0.0424615 secs] 83842K->43999K(494976K), [Metaspace: 34592K->34592K(1079296K)], 0.0425386 secs] [Times: user=0.04 sys=0.00, real=0.05 secs] 
2019-06-10T17:25:17.623+0000: 32.919: [GC (Allocation Failure) 2019-06-10T17:25:17.623+0000: 32.919: [DefNew: 136576K->103K(153600K), 0.0017860 secs] 180575K->44103K(494976K), 0.0018466 secs] [Times: user=0.00 sys=0.00, real=0.00 secs] 
2019-06-10T17:25:22.833+0000: 38.129: [GC (Allocation Failure) 2019-06-10T17:25:22.833+0000: 38.129: [DefNew: 136679K->135K(153600K), 0.0017244 secs] 180679K->44135K(494976K), 0.0017857 secs] [Times: user=0.00 sys=0.00, real=0.00 secs] 
2019-06-10T17:25:28.021+0000: 43.317: [GC (Allocation Failure) 2019-06-10T17:25:28.021+0000: 43.317: [DefNew: 136711K->172K(153600K), 0.0016995 secs] 180711K->44171K(494976K), 0.0017562 secs] [Times: user=0.00 sys=0.00, real=0.00 secs] 
2019-06-10T17:25:33.171+0000: 48.467: [GC (Allocation Failure) 2019-06-10T17:25:33.171+0000: 48.467: [DefNew: 136748K->170K(153600K), 0.0017964 secs] 180747K->44170K(494976K), 0.0018589 secs] [Times: user=0.00 sys=0.00, real=0.00 secs] 
17:25:42.243 [Curator-PathChildrenCache-0] ERROR o.a.c.f.r.c.PathChildrenCache  - 
java.lang.IllegalStateException: instance must be started before calling this method
	at org.apache.curator.shaded.com.google.common.base.Preconditions.checkState(Preconditions.java:444)
	at org.apache.curator.framework.imps.CuratorFrameworkImpl.getChildren(CuratorFrameworkImpl.java:456)
	at org.apache.curator.framework.recipes.cache.PathChildrenCache.refresh(PathChildrenCache.java:521)
	at org.apache.curator.framework.recipes.cache.RefreshOperation.invoke(RefreshOperation.java:35)
	at org.apache.curator.framework.recipes.cache.PathChildrenCache$9.run(PathChildrenCache.java:786)
	at java.util.concurrent.Executors$RunnableAdapter.call(Executors.java:511)
	at java.util.concurrent.FutureTask.run(FutureTask.java:266)
	at java.util.concurrent.Executors$RunnableAdapter.call(Executors.java:511)
	at java.util.concurrent.FutureTask.run(FutureTask.java:266)
	at java.util.concurrent.ThreadPoolExecutor.runWorker(ThreadPoolExecutor.java:1149)
	at java.util.concurrent.ThreadPoolExecutor$Worker.run(ThreadPoolExecutor.java:624)
	at java.lang.Thread.run(Thread.java:748)
2019-06-10T17:25:43.419+0000: 58.715: [GC (Allocation Failure) 2019-06-10T17:25:43.419+0000: 58.715: [DefNew: 136746K->1101K(153600K), 0.0034675 secs] 180746K->45101K(494976K), 0.0035258 secs] [Times: user=0.01 sys=0.00, real=0.00 secs] 
Heap
 def new generation   total 153600K, used 3586K [0x00000000e0c00000, 0x00000000eb2a0000, 0x00000000eb2a0000)
  eden space 136576K,   1% used [0x00000000e0c00000, 0x00000000e0e6d4b0, 0x00000000e9160000)
  from space 17024K,   6% used [0x00000000e9160000, 0x00000000e92736d0, 0x00000000ea200000)
  to   space 17024K,   0% used [0x00000000ea200000, 0x00000000ea200000, 0x00000000eb2a0000)
 tenured generation   total 341376K, used 43999K [0x00000000eb2a0000, 0x0000000100000000, 0x0000000100000000)
   the space 341376K,  12% used [0x00000000eb2a0000, 0x00000000edd97e70, 0x00000000edd98000, 0x0000000100000000)
 Metaspace       used 35889K, capacity 36774K, committed 37120K, reserved 1081344K
  class space    used 4827K, capacity 5043K, committed 5120K, reserved 1048576K
