19:45:00,255 |-INFO in ch.qos.logback.classic.LoggerContext[default] - Could NOT find resource [logback-test.xml]
19:45:00,255 |-INFO in ch.qos.logback.classic.LoggerContext[default] - Could NOT find resource [logback.groovy]
19:45:00,255 |-INFO in ch.qos.logback.classic.LoggerContext[default] - Found resource [logback.xml] at [jar:file:/root/flamestream/lib/flamestream-runtime-1.0-SNAPSHOT.jar!/logback.xml]
19:45:00,256 |-WARN in ch.qos.logback.classic.LoggerContext[default] - Resource [logback.xml] occurs multiple times on the classpath.
19:45:00,256 |-WARN in ch.qos.logback.classic.LoggerContext[default] - Resource [logback.xml] occurs at [jar:file:/root/flamestream/lib/flamestream-runtime-1.0-SNAPSHOT.jar!/logback.xml]
19:45:00,256 |-WARN in ch.qos.logback.classic.LoggerContext[default] - Resource [logback.xml] occurs at [jar:file:/root/flamestream/flamestream-runtime-1.0-SNAPSHOT.jar!/logback.xml]
19:45:00,276 |-INFO in ch.qos.logback.core.joran.spi.ConfigurationWatchList@3fb6a447 - URL [jar:file:/root/flamestream/lib/flamestream-runtime-1.0-SNAPSHOT.jar!/logback.xml] is not of type file
19:45:00,347 |-INFO in ch.qos.logback.classic.joran.action.ConfigurationAction - debug attribute not set
19:45:00,348 |-INFO in ch.qos.logback.core.joran.action.AppenderAction - About to instantiate appender of type [ch.qos.logback.core.ConsoleAppender]
19:45:00,367 |-INFO in ch.qos.logback.core.joran.action.AppenderAction - Naming appender as [STDOUT]
19:45:00,382 |-INFO in ch.qos.logback.core.joran.action.NestedComplexPropertyIA - Assuming default type [ch.qos.logback.classic.encoder.PatternLayoutEncoder] for [encoder] property
19:45:00,467 |-INFO in ch.qos.logback.core.joran.action.AppenderAction - About to instantiate appender of type [ch.qos.logback.core.rolling.RollingFileAppender]
19:45:00,472 |-INFO in ch.qos.logback.core.joran.action.AppenderAction - Naming appender as [FILE]
19:45:00,502 |-INFO in c.q.l.core.rolling.TimeBasedRollingPolicy@127618319 - No compression will be used
19:45:00,503 |-INFO in c.q.l.core.rolling.TimeBasedRollingPolicy@127618319 - Will use the pattern /tmp/application_%d{yyyy-MM-dd}.%i.log for the active file
19:45:00,506 |-INFO in ch.qos.logback.core.rolling.SizeAndTimeBasedFNATP@6b2fad11 - The date pattern is 'yyyy-MM-dd' from file name pattern '/tmp/application_%d{yyyy-MM-dd}.%i.log'.
19:45:00,506 |-INFO in ch.qos.logback.core.rolling.SizeAndTimeBasedFNATP@6b2fad11 - Roll-over at midnight.
19:45:00,511 |-INFO in ch.qos.logback.core.rolling.SizeAndTimeBasedFNATP@6b2fad11 - Setting initial period to Mon Jun 10 19:43:27 UTC 2019
19:45:00,511 |-WARN in ch.qos.logback.core.rolling.SizeAndTimeBasedFNATP@6b2fad11 - SizeAndTimeBasedFNATP is deprecated. Use SizeAndTimeBasedRollingPolicy instead
19:45:00,511 |-WARN in ch.qos.logback.core.rolling.SizeAndTimeBasedFNATP@6b2fad11 - For more information see http://logback.qos.ch/manual/appenders.html#SizeAndTimeBasedRollingPolicy
19:45:00,515 |-INFO in ch.qos.logback.core.joran.action.NestedComplexPropertyIA - Assuming default type [ch.qos.logback.classic.encoder.PatternLayoutEncoder] for [encoder] property
19:45:00,520 |-INFO in ch.qos.logback.core.rolling.RollingFileAppender[FILE] - Active log file name: /tmp/application.log
19:45:00,520 |-INFO in ch.qos.logback.core.rolling.RollingFileAppender[FILE] - File property is set to [/tmp/application.log]
19:45:00,521 |-INFO in ch.qos.logback.classic.joran.action.RootLoggerAction - Setting level of ROOT logger to WARN
19:45:00,521 |-INFO in ch.qos.logback.core.joran.action.AppenderRefAction - Attaching appender named [STDOUT] to Logger[ROOT]
19:45:00,523 |-INFO in ch.qos.logback.core.joran.action.AppenderRefAction - Attaching appender named [FILE] to Logger[ROOT]
19:45:00,523 |-INFO in ch.qos.logback.classic.joran.action.ConfigurationAction - End of configuration.
19:45:00,523 |-INFO in ch.qos.logback.classic.joran.JoranConfigurator@79698539 - Registering current configuration as safe fallback point

Ama winner
Ama winner
2019-06-10T19:45:01.829+0000: 1.760: [Full GC (Metadata GC Threshold) 2019-06-10T19:45:01.829+0000: 1.760: [Tenured: 0K->15210K(341376K), 0.0436797 secs] 114923K->15210K(494976K), [Metaspace: 20738K->20738K(1067008K)], 0.0437496 secs] [Times: user=0.04 sys=0.01, real=0.05 secs] 
19:45:23.368 [Curator-PathChildrenCache-1] WARN  o.a.c.u.ZKPaths  - The version of ZooKeeper being used doesn't support Container nodes. CreateMode.PERSISTENT will be used instead.
2019-06-10T19:45:25.468+0000: 25.399: [GC (Allocation Failure) 2019-06-10T19:45:25.468+0000: 25.399: [DefNew: 136576K->17023K(153600K), 0.0260531 secs] 151786K->52648K(494976K), 0.0261368 secs] [Times: user=0.02 sys=0.01, real=0.03 secs] 
2019-06-10T19:45:27.372+0000: 27.303: [Full GC (Metadata GC Threshold) 2019-06-10T19:45:27.372+0000: 27.303: [Tenured: 35624K->44361K(341376K), 0.0419128 secs] 92155K->44361K(494976K), [Metaspace: 34583K->34583K(1079296K)], 0.0419906 secs] [Times: user=0.04 sys=0.00, real=0.04 secs] 
2019-06-10T19:45:34.571+0000: 34.502: [GC (Allocation Failure) 2019-06-10T19:45:34.571+0000: 34.502: [DefNew: 136576K->102K(153600K), 0.0018813 secs] 180937K->44463K(494976K), 0.0019508 secs] [Times: user=0.00 sys=0.00, real=0.00 secs] 
2019-06-10T19:45:41.924+0000: 41.856: [GC (Allocation Failure) 2019-06-10T19:45:41.924+0000: 41.856: [DefNew: 136678K->137K(153600K), 0.0017691 secs] 181039K->44498K(494976K), 0.0018302 secs] [Times: user=0.00 sys=0.00, real=0.00 secs] 
2019-06-10T19:45:49.277+0000: 49.208: [GC (Allocation Failure) 2019-06-10T19:45:49.277+0000: 49.209: [DefNew: 136713K->131K(153600K), 0.0018450 secs] 181074K->44492K(494976K), 0.0019077 secs] [Times: user=0.00 sys=0.00, real=0.00 secs] 
2019-06-10T19:45:56.694+0000: 56.626: [GC (Allocation Failure) 2019-06-10T19:45:56.695+0000: 56.626: [DefNew: 136707K->132K(153600K), 0.0018153 secs] 181068K->44493K(494976K), 0.0018881 secs] [Times: user=0.00 sys=0.00, real=0.00 secs] 
2019-06-10T19:46:04.315+0000: 64.247: [GC (Allocation Failure) 2019-06-10T19:46:04.316+0000: 64.247: [DefNew: 136708K->459K(153600K), 0.0022147 secs] 181069K->44820K(494976K), 0.0031572 secs] [Times: user=0.01 sys=0.00, real=0.00 secs] 
19:46:20.352 [Curator-PathChildrenCache-0] ERROR o.a.c.f.r.c.PathChildrenCache  - 
java.lang.IllegalStateException: instance must be started before calling this method
	at org.apache.curator.shaded.com.google.common.base.Preconditions.checkState(Preconditions.java:444)
	at org.apache.curator.framework.imps.CuratorFrameworkImpl.getChildren(CuratorFrameworkImpl.java:456)
	at org.apache.curator.framework.recipes.cache.PathChildrenCache.refresh(PathChildrenCache.java:521)
	at org.apache.curator.framework.recipes.cache.RefreshOperation.invoke(RefreshOperation.java:35)
	at org.apache.curator.framework.recipes.cache.PathChildrenCache$9.run(PathChildrenCache.java:786)
	at java.util.concurrent.Executors$RunnableAdapter.call(Executors.java:511)
	at java.util.concurrent.FutureTask.run(FutureTask.java:266)
	at java.util.concurrent.Executors$RunnableAdapter.call(Executors.java:511)
	at java.util.concurrent.FutureTask.run(FutureTask.java:266)
	at java.util.concurrent.ThreadPoolExecutor.runWorker(ThreadPoolExecutor.java:1149)
	at java.util.concurrent.ThreadPoolExecutor$Worker.run(ThreadPoolExecutor.java:624)
	at java.lang.Thread.run(Thread.java:748)
2019-06-10T19:46:21.419+0000: 81.351: [GC (Allocation Failure) 2019-06-10T19:46:21.419+0000: 81.351: [DefNew: 137035K->980K(153600K), 0.0074880 secs] 181396K->45341K(494976K), 0.0075471 secs] [Times: user=0.01 sys=0.00, real=0.01 secs] 
Heap
 def new generation   total 153600K, used 5183K [0x00000000e0c00000, 0x00000000eb2a0000, 0x00000000eb2a0000)
  eden space 136576K,   3% used [0x00000000e0c00000, 0x00000000e101ab80, 0x00000000e9160000)
  from space 17024K,   5% used [0x00000000ea200000, 0x00000000ea2f50e0, 0x00000000eb2a0000)
  to   space 17024K,   0% used [0x00000000e9160000, 0x00000000e9160000, 0x00000000ea200000)
 tenured generation   total 341376K, used 44361K [0x00000000eb2a0000, 0x0000000100000000, 0x0000000100000000)
   the space 341376K,  12% used [0x00000000eb2a0000, 0x00000000eddf2438, 0x00000000eddf2600, 0x0000000100000000)
 Metaspace       used 36056K, capacity 36934K, committed 37120K, reserved 1081344K
  class space    used 4873K, capacity 5075K, committed 5120K, reserved 1048576K
