07:40:00,694 |-INFO in ch.qos.logback.classic.LoggerContext[default] - Could NOT find resource [logback-test.xml]
07:40:00,694 |-INFO in ch.qos.logback.classic.LoggerContext[default] - Could NOT find resource [logback.groovy]
07:40:00,694 |-INFO in ch.qos.logback.classic.LoggerContext[default] - Found resource [logback.xml] at [jar:file:/root/flamestream/lib/flamestream-runtime-1.0-SNAPSHOT.jar!/logback.xml]
07:40:00,695 |-WARN in ch.qos.logback.classic.LoggerContext[default] - Resource [logback.xml] occurs multiple times on the classpath.
07:40:00,695 |-WARN in ch.qos.logback.classic.LoggerContext[default] - Resource [logback.xml] occurs at [jar:file:/root/flamestream/lib/flamestream-runtime-1.0-SNAPSHOT.jar!/logback.xml]
07:40:00,695 |-WARN in ch.qos.logback.classic.LoggerContext[default] - Resource [logback.xml] occurs at [jar:file:/root/flamestream/flamestream-runtime-1.0-SNAPSHOT.jar!/logback.xml]
07:40:00,714 |-INFO in ch.qos.logback.core.joran.spi.ConfigurationWatchList@3fb6a447 - URL [jar:file:/root/flamestream/lib/flamestream-runtime-1.0-SNAPSHOT.jar!/logback.xml] is not of type file
07:40:00,783 |-INFO in ch.qos.logback.classic.joran.action.ConfigurationAction - debug attribute not set
07:40:00,784 |-INFO in ch.qos.logback.core.joran.action.AppenderAction - About to instantiate appender of type [ch.qos.logback.core.ConsoleAppender]
07:40:00,798 |-INFO in ch.qos.logback.core.joran.action.AppenderAction - Naming appender as [STDOUT]
07:40:00,817 |-INFO in ch.qos.logback.core.joran.action.NestedComplexPropertyIA - Assuming default type [ch.qos.logback.classic.encoder.PatternLayoutEncoder] for [encoder] property
07:40:00,896 |-INFO in ch.qos.logback.core.joran.action.AppenderAction - About to instantiate appender of type [ch.qos.logback.core.rolling.RollingFileAppender]
07:40:00,901 |-INFO in ch.qos.logback.core.joran.action.AppenderAction - Naming appender as [FILE]
07:40:00,931 |-INFO in c.q.l.core.rolling.TimeBasedRollingPolicy@127618319 - No compression will be used
07:40:00,932 |-INFO in c.q.l.core.rolling.TimeBasedRollingPolicy@127618319 - Will use the pattern /tmp/application_%d{yyyy-MM-dd}.%i.log for the active file
07:40:00,935 |-INFO in ch.qos.logback.core.rolling.SizeAndTimeBasedFNATP@6b2fad11 - The date pattern is 'yyyy-MM-dd' from file name pattern '/tmp/application_%d{yyyy-MM-dd}.%i.log'.
07:40:00,935 |-INFO in ch.qos.logback.core.rolling.SizeAndTimeBasedFNATP@6b2fad11 - Roll-over at midnight.
07:40:00,940 |-INFO in ch.qos.logback.core.rolling.SizeAndTimeBasedFNATP@6b2fad11 - Setting initial period to Tue Jun 11 07:38:32 UTC 2019
07:40:00,941 |-WARN in ch.qos.logback.core.rolling.SizeAndTimeBasedFNATP@6b2fad11 - SizeAndTimeBasedFNATP is deprecated. Use SizeAndTimeBasedRollingPolicy instead
07:40:00,941 |-WARN in ch.qos.logback.core.rolling.SizeAndTimeBasedFNATP@6b2fad11 - For more information see http://logback.qos.ch/manual/appenders.html#SizeAndTimeBasedRollingPolicy
07:40:00,944 |-INFO in ch.qos.logback.core.joran.action.NestedComplexPropertyIA - Assuming default type [ch.qos.logback.classic.encoder.PatternLayoutEncoder] for [encoder] property
07:40:00,949 |-INFO in ch.qos.logback.core.rolling.RollingFileAppender[FILE] - Active log file name: /tmp/application.log
07:40:00,949 |-INFO in ch.qos.logback.core.rolling.RollingFileAppender[FILE] - File property is set to [/tmp/application.log]
07:40:00,950 |-INFO in ch.qos.logback.classic.joran.action.RootLoggerAction - Setting level of ROOT logger to WARN
07:40:00,950 |-INFO in ch.qos.logback.core.joran.action.AppenderRefAction - Attaching appender named [STDOUT] to Logger[ROOT]
07:40:00,952 |-INFO in ch.qos.logback.core.joran.action.AppenderRefAction - Attaching appender named [FILE] to Logger[ROOT]
07:40:00,952 |-INFO in ch.qos.logback.classic.joran.action.ConfigurationAction - End of configuration.
07:40:00,953 |-INFO in ch.qos.logback.classic.joran.JoranConfigurator@79698539 - Registering current configuration as safe fallback point

Ama winner
Ama winner
2019-06-11T07:40:02.295+0000: 1.787: [Full GC (Metadata GC Threshold) 2019-06-11T07:40:02.295+0000: 1.787: [Tenured: 0K->15178K(341376K), 0.0411903 secs] 117751K->15178K(494976K), [Metaspace: 20736K->20736K(1067008K)], 0.0412612 secs] [Times: user=0.04 sys=0.00, real=0.04 secs] 
07:40:18.884 [Curator-PathChildrenCache-1] WARN  o.a.c.u.ZKPaths  - The version of ZooKeeper being used doesn't support Container nodes. CreateMode.PERSISTENT will be used instead.
2019-06-11T07:40:21.182+0000: 20.674: [GC (Allocation Failure) 2019-06-11T07:40:21.182+0000: 20.674: [DefNew: 136576K->17024K(153600K), 0.0269623 secs] 151754K->52631K(494976K), 0.0270301 secs] [Times: user=0.02 sys=0.00, real=0.02 secs] 
2019-06-11T07:40:25.486+0000: 24.978: [Full GC (Metadata GC Threshold) 2019-06-11T07:40:25.486+0000: 24.978: [Tenured: 35607K->44065K(341376K), 0.1115029 secs] 146913K->44065K(494976K), [Metaspace: 34595K->34595K(1079296K)], 0.1115805 secs] [Times: user=0.11 sys=0.00, real=0.11 secs] 
2019-06-11T07:40:31.662+0000: 31.153: [GC (Allocation Failure) 2019-06-11T07:40:31.662+0000: 31.153: [DefNew: 136576K->52K(153600K), 0.0017921 secs] 180641K->44118K(494976K), 0.0018511 secs] [Times: user=0.00 sys=0.00, real=0.00 secs] 
2019-06-11T07:40:37.702+0000: 37.193: [GC (Allocation Failure) 2019-06-11T07:40:37.702+0000: 37.193: [DefNew: 136628K->52K(153600K), 0.0016517 secs] 180694K->44118K(494976K), 0.0017137 secs] [Times: user=0.00 sys=0.00, real=0.00 secs] 
2019-06-11T07:40:43.844+0000: 43.336: [GC (Allocation Failure) 2019-06-11T07:40:43.844+0000: 43.336: [DefNew: 136628K->51K(153600K), 0.0015884 secs] 180694K->44117K(494976K), 0.0016600 secs] [Times: user=0.01 sys=0.00, real=0.00 secs] 
2019-06-11T07:40:50.008+0000: 49.499: [GC (Allocation Failure) 2019-06-11T07:40:50.008+0000: 49.499: [DefNew: 136627K->54K(153600K), 0.0016766 secs] 180693K->44120K(494976K), 0.0017420 secs] [Times: user=0.00 sys=0.00, real=0.00 secs] 
07:41:01.446 [Curator-PathChildrenCache-0] ERROR o.a.c.f.r.c.PathChildrenCache  - 
java.lang.IllegalStateException: instance must be started before calling this method
	at org.apache.curator.shaded.com.google.common.base.Preconditions.checkState(Preconditions.java:444)
	at org.apache.curator.framework.imps.CuratorFrameworkImpl.getChildren(CuratorFrameworkImpl.java:456)
	at org.apache.curator.framework.recipes.cache.PathChildrenCache.refresh(PathChildrenCache.java:521)
	at org.apache.curator.framework.recipes.cache.RefreshOperation.invoke(RefreshOperation.java:35)
	at org.apache.curator.framework.recipes.cache.PathChildrenCache$9.run(PathChildrenCache.java:786)
	at java.util.concurrent.Executors$RunnableAdapter.call(Executors.java:511)
	at java.util.concurrent.FutureTask.run(FutureTask.java:266)
	at java.util.concurrent.Executors$RunnableAdapter.call(Executors.java:511)
	at java.util.concurrent.FutureTask.run(FutureTask.java:266)
	at java.util.concurrent.ThreadPoolExecutor.runWorker(ThreadPoolExecutor.java:1149)
	at java.util.concurrent.ThreadPoolExecutor$Worker.run(ThreadPoolExecutor.java:624)
	at java.lang.Thread.run(Thread.java:748)
2019-06-11T07:41:01.476+0000: 60.968: [GC (Allocation Failure) 2019-06-11T07:41:01.477+0000: 60.968: [DefNew: 136630K->627K(153600K), 0.0032152 secs] 180696K->44692K(494976K), 0.0032769 secs] [Times: user=0.00 sys=0.00, real=0.01 secs] 
Heap
 def new generation   total 153600K, used 21482K [0x00000000e0c00000, 0x00000000eb2a0000, 0x00000000eb2a0000)
  eden space 136576K,  15% used [0x00000000e0c00000, 0x00000000e205de90, 0x00000000e9160000)
  from space 17024K,   3% used [0x00000000e9160000, 0x00000000e91fcc10, 0x00000000ea200000)
  to   space 17024K,   0% used [0x00000000ea200000, 0x00000000ea200000, 0x00000000eb2a0000)
 tenured generation   total 341376K, used 44065K [0x00000000eb2a0000, 0x0000000100000000, 0x0000000100000000)
   the space 341376K,  12% used [0x00000000eb2a0000, 0x00000000edda8798, 0x00000000edda8800, 0x0000000100000000)
 Metaspace       used 35894K, capacity 36832K, committed 37120K, reserved 1081344K
  class space    used 4835K, capacity 5042K, committed 5120K, reserved 1048576K
