17:32:22,805 |-INFO in ch.qos.logback.classic.LoggerContext[default] - Could NOT find resource [logback-test.xml]
17:32:22,805 |-INFO in ch.qos.logback.classic.LoggerContext[default] - Could NOT find resource [logback.groovy]
17:32:22,806 |-INFO in ch.qos.logback.classic.LoggerContext[default] - Found resource [logback.xml] at [jar:file:/root/flamestream/lib/flamestream-runtime-1.0-SNAPSHOT.jar!/logback.xml]
17:32:22,807 |-WARN in ch.qos.logback.classic.LoggerContext[default] - Resource [logback.xml] occurs multiple times on the classpath.
17:32:22,807 |-WARN in ch.qos.logback.classic.LoggerContext[default] - Resource [logback.xml] occurs at [jar:file:/root/flamestream/lib/flamestream-runtime-1.0-SNAPSHOT.jar!/logback.xml]
17:32:22,807 |-WARN in ch.qos.logback.classic.LoggerContext[default] - Resource [logback.xml] occurs at [jar:file:/root/flamestream/flamestream-runtime-1.0-SNAPSHOT.jar!/logback.xml]
17:32:22,826 |-INFO in ch.qos.logback.core.joran.spi.ConfigurationWatchList@3fb6a447 - URL [jar:file:/root/flamestream/lib/flamestream-runtime-1.0-SNAPSHOT.jar!/logback.xml] is not of type file
17:32:22,897 |-INFO in ch.qos.logback.classic.joran.action.ConfigurationAction - debug attribute not set
17:32:22,898 |-INFO in ch.qos.logback.core.joran.action.AppenderAction - About to instantiate appender of type [ch.qos.logback.core.ConsoleAppender]
17:32:22,917 |-INFO in ch.qos.logback.core.joran.action.AppenderAction - Naming appender as [STDOUT]
17:32:22,932 |-INFO in ch.qos.logback.core.joran.action.NestedComplexPropertyIA - Assuming default type [ch.qos.logback.classic.encoder.PatternLayoutEncoder] for [encoder] property
17:32:23,022 |-INFO in ch.qos.logback.core.joran.action.AppenderAction - About to instantiate appender of type [ch.qos.logback.core.rolling.RollingFileAppender]
17:32:23,027 |-INFO in ch.qos.logback.core.joran.action.AppenderAction - Naming appender as [FILE]
17:32:23,058 |-INFO in c.q.l.core.rolling.TimeBasedRollingPolicy@127618319 - No compression will be used
17:32:23,059 |-INFO in c.q.l.core.rolling.TimeBasedRollingPolicy@127618319 - Will use the pattern /tmp/application_%d{yyyy-MM-dd}.%i.log for the active file
17:32:23,062 |-INFO in ch.qos.logback.core.rolling.SizeAndTimeBasedFNATP@6b2fad11 - The date pattern is 'yyyy-MM-dd' from file name pattern '/tmp/application_%d{yyyy-MM-dd}.%i.log'.
17:32:23,062 |-INFO in ch.qos.logback.core.rolling.SizeAndTimeBasedFNATP@6b2fad11 - Roll-over at midnight.
17:32:23,067 |-INFO in ch.qos.logback.core.rolling.SizeAndTimeBasedFNATP@6b2fad11 - Setting initial period to Mon Jun 10 17:30:49 UTC 2019
17:32:23,067 |-WARN in ch.qos.logback.core.rolling.SizeAndTimeBasedFNATP@6b2fad11 - SizeAndTimeBasedFNATP is deprecated. Use SizeAndTimeBasedRollingPolicy instead
17:32:23,067 |-WARN in ch.qos.logback.core.rolling.SizeAndTimeBasedFNATP@6b2fad11 - For more information see http://logback.qos.ch/manual/appenders.html#SizeAndTimeBasedRollingPolicy
17:32:23,071 |-INFO in ch.qos.logback.core.joran.action.NestedComplexPropertyIA - Assuming default type [ch.qos.logback.classic.encoder.PatternLayoutEncoder] for [encoder] property
17:32:23,076 |-INFO in ch.qos.logback.core.rolling.RollingFileAppender[FILE] - Active log file name: /tmp/application.log
17:32:23,076 |-INFO in ch.qos.logback.core.rolling.RollingFileAppender[FILE] - File property is set to [/tmp/application.log]
17:32:23,077 |-INFO in ch.qos.logback.classic.joran.action.RootLoggerAction - Setting level of ROOT logger to WARN
17:32:23,077 |-INFO in ch.qos.logback.core.joran.action.AppenderRefAction - Attaching appender named [STDOUT] to Logger[ROOT]
17:32:23,079 |-INFO in ch.qos.logback.core.joran.action.AppenderRefAction - Attaching appender named [FILE] to Logger[ROOT]
17:32:23,079 |-INFO in ch.qos.logback.classic.joran.action.ConfigurationAction - End of configuration.
17:32:23,079 |-INFO in ch.qos.logback.classic.joran.JoranConfigurator@79698539 - Registering current configuration as safe fallback point

Ama winner
Ama winner
2019-06-10T17:32:24.710+0000: 2.092: [Full GC (Metadata GC Threshold) 2019-06-10T17:32:24.710+0000: 2.092: [Tenured: 0K->15241K(341376K), 0.0395097 secs] 117782K->15241K(494976K), [Metaspace: 20737K->20737K(1067008K)], 0.0395744 secs] [Times: user=0.04 sys=0.00, real=0.04 secs] 
17:32:47.666 [Curator-PathChildrenCache-1] WARN  o.a.c.u.ZKPaths  - The version of ZooKeeper being used doesn't support Container nodes. CreateMode.PERSISTENT will be used instead.
2019-06-10T17:32:50.057+0000: 27.439: [GC (GCLocker Initiated GC) 2019-06-10T17:32:50.057+0000: 27.439: [DefNew: 117815K->17023K(153600K), 0.0228926 secs] 152587K->52541K(494976K), 0.0229812 secs] [Times: user=0.02 sys=0.00, real=0.02 secs] 
2019-06-10T17:32:51.570+0000: 28.951: [Full GC (Metadata GC Threshold) 2019-06-10T17:32:51.570+0000: 28.951: [Tenured: 35517K->44334K(341376K), 0.0412021 secs] 87100K->44334K(494976K), [Metaspace: 34593K->34593K(1079296K)], 0.0412716 secs] [Times: user=0.04 sys=0.00, real=0.04 secs] 
2019-06-10T17:32:58.073+0000: 35.455: [GC (Allocation Failure) 2019-06-10T17:32:58.074+0000: 35.455: [DefNew: 136576K->151K(153600K), 0.0019506 secs] 180910K->44486K(494976K), 0.0020105 secs] [Times: user=0.00 sys=0.00, real=0.00 secs] 
2019-06-10T17:33:04.624+0000: 42.005: [GC (Allocation Failure) 2019-06-10T17:33:04.624+0000: 42.005: [DefNew: 136727K->154K(153600K), 0.0019222 secs] 181062K->44489K(494976K), 0.0019874 secs] [Times: user=0.00 sys=0.00, real=0.01 secs] 
2019-06-10T17:33:11.113+0000: 48.495: [GC (Allocation Failure) 2019-06-10T17:33:11.113+0000: 48.495: [DefNew: 136730K->157K(153600K), 0.0018483 secs] 181065K->44492K(494976K), 0.0019057 secs] [Times: user=0.00 sys=0.00, real=0.00 secs] 
2019-06-10T17:33:17.635+0000: 55.017: [GC (Allocation Failure) 2019-06-10T17:33:17.635+0000: 55.017: [DefNew: 136733K->153K(153600K), 0.0020131 secs] 181068K->44488K(494976K), 0.0020725 secs] [Times: user=0.00 sys=0.00, real=0.01 secs] 
2019-06-10T17:33:24.205+0000: 61.587: [GC (Allocation Failure) 2019-06-10T17:33:24.205+0000: 61.587: [DefNew: 136729K->162K(153600K), 0.0019442 secs] 181064K->44497K(494976K), 0.0020000 secs] [Times: user=0.01 sys=0.00, real=0.00 secs] 
17:33:40.786 [Curator-PathChildrenCache-0] ERROR o.a.c.f.r.c.PathChildrenCache  - 
java.lang.IllegalStateException: instance must be started before calling this method
	at org.apache.curator.shaded.com.google.common.base.Preconditions.checkState(Preconditions.java:444)
	at org.apache.curator.framework.imps.CuratorFrameworkImpl.getChildren(CuratorFrameworkImpl.java:456)
	at org.apache.curator.framework.recipes.cache.PathChildrenCache.refresh(PathChildrenCache.java:521)
	at org.apache.curator.framework.recipes.cache.RefreshOperation.invoke(RefreshOperation.java:35)
	at org.apache.curator.framework.recipes.cache.PathChildrenCache$9.run(PathChildrenCache.java:786)
	at java.util.concurrent.Executors$RunnableAdapter.call(Executors.java:511)
	at java.util.concurrent.FutureTask.run(FutureTask.java:266)
	at java.util.concurrent.Executors$RunnableAdapter.call(Executors.java:511)
	at java.util.concurrent.FutureTask.run(FutureTask.java:266)
	at java.util.concurrent.ThreadPoolExecutor.runWorker(ThreadPoolExecutor.java:1149)
	at java.util.concurrent.ThreadPoolExecutor$Worker.run(ThreadPoolExecutor.java:624)
	at java.lang.Thread.run(Thread.java:748)
Heap
 def new generation   total 153600K, used 110051K [0x00000000e0c00000, 0x00000000eb2a0000, 0x00000000eb2a0000)
  eden space 136576K,  80% used [0x00000000e0c00000, 0x00000000e7750548, 0x00000000e9160000)
  from space 17024K,   0% used [0x00000000e9160000, 0x00000000e91889b8, 0x00000000ea200000)
  to   space 17024K,   0% used [0x00000000ea200000, 0x00000000ea200000, 0x00000000eb2a0000)
 tenured generation   total 341376K, used 44334K [0x00000000eb2a0000, 0x0000000100000000, 0x0000000100000000)
   the space 341376K,  12% used [0x00000000eb2a0000, 0x00000000eddebb18, 0x00000000eddebc00, 0x0000000100000000)
 Metaspace       used 36194K, capacity 37138K, committed 37376K, reserved 1081344K
  class space    used 4869K, capacity 5077K, committed 5120K, reserved 1048576K
