16:41:18,259 |-INFO in ch.qos.logback.classic.LoggerContext[default] - Could NOT find resource [logback-test.xml]
16:41:18,259 |-INFO in ch.qos.logback.classic.LoggerContext[default] - Could NOT find resource [logback.groovy]
16:41:18,260 |-INFO in ch.qos.logback.classic.LoggerContext[default] - Found resource [logback.xml] at [jar:file:/root/flamestream/lib/flamestream-runtime-1.0-SNAPSHOT.jar!/logback.xml]
16:41:18,260 |-WARN in ch.qos.logback.classic.LoggerContext[default] - Resource [logback.xml] occurs multiple times on the classpath.
16:41:18,261 |-WARN in ch.qos.logback.classic.LoggerContext[default] - Resource [logback.xml] occurs at [jar:file:/root/flamestream/lib/flamestream-runtime-1.0-SNAPSHOT.jar!/logback.xml]
16:41:18,261 |-WARN in ch.qos.logback.classic.LoggerContext[default] - Resource [logback.xml] occurs at [jar:file:/root/flamestream/flamestream-runtime-1.0-SNAPSHOT.jar!/logback.xml]
16:41:18,282 |-INFO in ch.qos.logback.core.joran.spi.ConfigurationWatchList@3fb6a447 - URL [jar:file:/root/flamestream/lib/flamestream-runtime-1.0-SNAPSHOT.jar!/logback.xml] is not of type file
16:41:18,354 |-INFO in ch.qos.logback.classic.joran.action.ConfigurationAction - debug attribute not set
16:41:18,354 |-INFO in ch.qos.logback.core.joran.action.AppenderAction - About to instantiate appender of type [ch.qos.logback.core.ConsoleAppender]
16:41:18,374 |-INFO in ch.qos.logback.core.joran.action.AppenderAction - Naming appender as [STDOUT]
16:41:18,392 |-INFO in ch.qos.logback.core.joran.action.NestedComplexPropertyIA - Assuming default type [ch.qos.logback.classic.encoder.PatternLayoutEncoder] for [encoder] property
16:41:18,473 |-INFO in ch.qos.logback.core.joran.action.AppenderAction - About to instantiate appender of type [ch.qos.logback.core.rolling.RollingFileAppender]
16:41:18,482 |-INFO in ch.qos.logback.core.joran.action.AppenderAction - Naming appender as [FILE]
16:41:18,511 |-INFO in c.q.l.core.rolling.TimeBasedRollingPolicy@127618319 - No compression will be used
16:41:18,512 |-INFO in c.q.l.core.rolling.TimeBasedRollingPolicy@127618319 - Will use the pattern /tmp/application_%d{yyyy-MM-dd}.%i.log for the active file
16:41:18,515 |-INFO in ch.qos.logback.core.rolling.SizeAndTimeBasedFNATP@6b2fad11 - The date pattern is 'yyyy-MM-dd' from file name pattern '/tmp/application_%d{yyyy-MM-dd}.%i.log'.
16:41:18,515 |-INFO in ch.qos.logback.core.rolling.SizeAndTimeBasedFNATP@6b2fad11 - Roll-over at midnight.
16:41:18,521 |-INFO in ch.qos.logback.core.rolling.SizeAndTimeBasedFNATP@6b2fad11 - Setting initial period to Mon Jun 10 16:39:59 UTC 2019
16:41:18,521 |-WARN in ch.qos.logback.core.rolling.SizeAndTimeBasedFNATP@6b2fad11 - SizeAndTimeBasedFNATP is deprecated. Use SizeAndTimeBasedRollingPolicy instead
16:41:18,521 |-WARN in ch.qos.logback.core.rolling.SizeAndTimeBasedFNATP@6b2fad11 - For more information see http://logback.qos.ch/manual/appenders.html#SizeAndTimeBasedRollingPolicy
16:41:18,525 |-INFO in ch.qos.logback.core.joran.action.NestedComplexPropertyIA - Assuming default type [ch.qos.logback.classic.encoder.PatternLayoutEncoder] for [encoder] property
16:41:18,530 |-INFO in ch.qos.logback.core.rolling.RollingFileAppender[FILE] - Active log file name: /tmp/application.log
16:41:18,530 |-INFO in ch.qos.logback.core.rolling.RollingFileAppender[FILE] - File property is set to [/tmp/application.log]
16:41:18,531 |-INFO in ch.qos.logback.classic.joran.action.RootLoggerAction - Setting level of ROOT logger to WARN
16:41:18,531 |-INFO in ch.qos.logback.core.joran.action.AppenderRefAction - Attaching appender named [STDOUT] to Logger[ROOT]
16:41:18,533 |-INFO in ch.qos.logback.core.joran.action.AppenderRefAction - Attaching appender named [FILE] to Logger[ROOT]
16:41:18,533 |-INFO in ch.qos.logback.classic.joran.action.ConfigurationAction - End of configuration.
16:41:18,534 |-INFO in ch.qos.logback.classic.joran.JoranConfigurator@79698539 - Registering current configuration as safe fallback point

Ama winner
Ama winner
2019-06-10T16:41:19.884+0000: 1.813: [Full GC (Metadata GC Threshold) 2019-06-10T16:41:19.884+0000: 1.813: [Tenured: 0K->15209K(341376K), 0.0397802 secs] 114987K->15209K(494976K), [Metaspace: 20731K->20731K(1067008K)], 0.0398468 secs] [Times: user=0.03 sys=0.00, real=0.04 secs] 
16:41:42.228 [Curator-PathChildrenCache-1] WARN  o.a.c.u.ZKPaths  - The version of ZooKeeper being used doesn't support Container nodes. CreateMode.PERSISTENT will be used instead.
2019-06-10T16:41:44.441+0000: 26.370: [GC (Allocation Failure) 2019-06-10T16:41:44.441+0000: 26.370: [DefNew: 136576K->17023K(153600K), 0.0261210 secs] 151785K->52722K(494976K), 0.0262070 secs] [Times: user=0.01 sys=0.02, real=0.03 secs] 
2019-06-10T16:41:47.880+0000: 29.809: [Full GC (Metadata GC Threshold) 2019-06-10T16:41:47.880+0000: 29.809: [Tenured: 35698K->44472K(341376K), 0.0539502 secs] 125223K->44472K(494976K), [Metaspace: 34593K->34593K(1079296K)], 0.0540257 secs] [Times: user=0.05 sys=0.00, real=0.05 secs] 
2019-06-10T16:41:54.089+0000: 36.018: [GC (Allocation Failure) 2019-06-10T16:41:54.089+0000: 36.018: [DefNew: 136576K->73K(153600K), 0.0019463 secs] 181048K->44545K(494976K), 0.0020063 secs] [Times: user=0.00 sys=0.00, real=0.00 secs] 
2019-06-10T16:42:00.328+0000: 42.257: [GC (Allocation Failure) 2019-06-10T16:42:00.328+0000: 42.257: [DefNew: 136649K->70K(153600K), 0.0017612 secs] 181121K->44542K(494976K), 0.0018175 secs] [Times: user=0.01 sys=0.00, real=0.00 secs] 
2019-06-10T16:42:06.673+0000: 48.602: [GC (Allocation Failure) 2019-06-10T16:42:06.673+0000: 48.602: [DefNew: 136646K->77K(153600K), 0.0017844 secs] 181118K->44549K(494976K), 0.0018418 secs] [Times: user=0.00 sys=0.00, real=0.00 secs] 
2019-06-10T16:42:13.004+0000: 54.933: [GC (Allocation Failure) 2019-06-10T16:42:13.004+0000: 54.933: [DefNew: 136653K->75K(153600K), 0.0018693 secs] 181125K->44547K(494976K), 0.0019265 secs] [Times: user=0.00 sys=0.00, real=0.01 secs] 
16:42:24.990 [Curator-PathChildrenCache-0] ERROR o.a.c.f.r.c.PathChildrenCache  - 
java.lang.IllegalStateException: instance must be started before calling this method
	at org.apache.curator.shaded.com.google.common.base.Preconditions.checkState(Preconditions.java:444)
	at org.apache.curator.framework.imps.CuratorFrameworkImpl.getChildren(CuratorFrameworkImpl.java:456)
	at org.apache.curator.framework.recipes.cache.PathChildrenCache.refresh(PathChildrenCache.java:521)
	at org.apache.curator.framework.recipes.cache.RefreshOperation.invoke(RefreshOperation.java:35)
	at org.apache.curator.framework.recipes.cache.PathChildrenCache$9.run(PathChildrenCache.java:786)
	at java.util.concurrent.Executors$RunnableAdapter.call(Executors.java:511)
	at java.util.concurrent.FutureTask.run(FutureTask.java:266)
	at java.util.concurrent.Executors$RunnableAdapter.call(Executors.java:511)
	at java.util.concurrent.FutureTask.run(FutureTask.java:266)
	at java.util.concurrent.ThreadPoolExecutor.runWorker(ThreadPoolExecutor.java:1149)
	at java.util.concurrent.ThreadPoolExecutor$Worker.run(ThreadPoolExecutor.java:624)
	at java.lang.Thread.run(Thread.java:748)
2019-06-10T16:42:25.040+0000: 66.969: [GC (Allocation Failure) 2019-06-10T16:42:25.040+0000: 66.969: [DefNew: 136651K->874K(153600K), 0.0033677 secs] 181123K->45347K(494976K), 0.0034433 secs] [Times: user=0.01 sys=0.00, real=0.00 secs] 
Heap
 def new generation   total 153600K, used 16893K [0x00000000e0c00000, 0x00000000eb2a0000, 0x00000000eb2a0000)
  eden space 136576K,  11% used [0x00000000e0c00000, 0x00000000e1ba4b08, 0x00000000e9160000)
  from space 17024K,   5% used [0x00000000e9160000, 0x00000000e923abd8, 0x00000000ea200000)
  to   space 17024K,   0% used [0x00000000ea200000, 0x00000000ea200000, 0x00000000eb2a0000)
 tenured generation   total 341376K, used 44472K [0x00000000eb2a0000, 0x0000000100000000, 0x0000000100000000)
   the space 341376K,  13% used [0x00000000eb2a0000, 0x00000000ede0e038, 0x00000000ede0e200, 0x0000000100000000)
 Metaspace       used 36211K, capacity 37132K, committed 37376K, reserved 1081344K
  class space    used 4858K, capacity 5076K, committed 5120K, reserved 1048576K
