08:19:24,875 |-INFO in ch.qos.logback.classic.LoggerContext[default] - Could NOT find resource [logback-test.xml]
08:19:24,876 |-INFO in ch.qos.logback.classic.LoggerContext[default] - Could NOT find resource [logback.groovy]
08:19:24,876 |-INFO in ch.qos.logback.classic.LoggerContext[default] - Found resource [logback.xml] at [jar:file:/home/nikitasokolov/flamestream/lib/flamestream-runtime-1.0-SNAPSHOT.jar!/logback.xml]
08:19:24,876 |-WARN in ch.qos.logback.classic.LoggerContext[default] - Resource [logback.xml] occurs multiple times on the classpath.
08:19:24,877 |-WARN in ch.qos.logback.classic.LoggerContext[default] - Resource [logback.xml] occurs at [jar:file:/home/nikitasokolov/flamestream/lib/flamestream-runtime-1.0-SNAPSHOT.jar!/logback.xml]
08:19:24,877 |-WARN in ch.qos.logback.classic.LoggerContext[default] - Resource [logback.xml] occurs at [jar:file:/home/nikitasokolov/flamestream/flamestream-runtime-1.0-SNAPSHOT.jar!/logback.xml]
08:19:24,893 |-INFO in ch.qos.logback.core.joran.spi.ConfigurationWatchList@6108b2d7 - URL [jar:file:/home/nikitasokolov/flamestream/lib/flamestream-runtime-1.0-SNAPSHOT.jar!/logback.xml] is not of type file
08:19:24,944 |-INFO in ch.qos.logback.classic.joran.action.ConfigurationAction - debug attribute not set
08:19:24,945 |-INFO in ch.qos.logback.core.joran.action.AppenderAction - About to instantiate appender of type [ch.qos.logback.core.ConsoleAppender]
08:19:24,954 |-INFO in ch.qos.logback.core.joran.action.AppenderAction - Naming appender as [STDOUT]
08:19:24,965 |-INFO in ch.qos.logback.core.joran.action.NestedComplexPropertyIA - Assuming default type [ch.qos.logback.classic.encoder.PatternLayoutEncoder] for [encoder] property
08:19:25,023 |-INFO in ch.qos.logback.core.joran.action.AppenderAction - About to instantiate appender of type [ch.qos.logback.core.rolling.RollingFileAppender]
08:19:25,028 |-INFO in ch.qos.logback.core.joran.action.AppenderAction - Naming appender as [FILE]
08:19:25,051 |-INFO in c.q.l.core.rolling.TimeBasedRollingPolicy@357863579 - No compression will be used
08:19:25,052 |-INFO in c.q.l.core.rolling.TimeBasedRollingPolicy@357863579 - Will use the pattern /tmp/application_%d{yyyy-MM-dd}.%i.log for the active file
08:19:25,055 |-INFO in ch.qos.logback.core.rolling.SizeAndTimeBasedFNATP@6bf256fa - The date pattern is 'yyyy-MM-dd' from file name pattern '/tmp/application_%d{yyyy-MM-dd}.%i.log'.
08:19:25,055 |-INFO in ch.qos.logback.core.rolling.SizeAndTimeBasedFNATP@6bf256fa - Roll-over at midnight.
08:19:25,059 |-INFO in ch.qos.logback.core.rolling.SizeAndTimeBasedFNATP@6bf256fa - Setting initial period to Sun Jun 09 08:18:45 MSK 2019
08:19:25,059 |-WARN in ch.qos.logback.core.rolling.SizeAndTimeBasedFNATP@6bf256fa - SizeAndTimeBasedFNATP is deprecated. Use SizeAndTimeBasedRollingPolicy instead
08:19:25,059 |-WARN in ch.qos.logback.core.rolling.SizeAndTimeBasedFNATP@6bf256fa - For more information see http://logback.qos.ch/manual/appenders.html#SizeAndTimeBasedRollingPolicy
08:19:25,064 |-INFO in ch.qos.logback.core.joran.action.NestedComplexPropertyIA - Assuming default type [ch.qos.logback.classic.encoder.PatternLayoutEncoder] for [encoder] property
08:19:25,066 |-INFO in ch.qos.logback.core.rolling.RollingFileAppender[FILE] - Active log file name: /tmp/application.log
08:19:25,066 |-INFO in ch.qos.logback.core.rolling.RollingFileAppender[FILE] - File property is set to [/tmp/application.log]
08:19:25,067 |-INFO in ch.qos.logback.classic.joran.action.RootLoggerAction - Setting level of ROOT logger to WARN
08:19:25,067 |-INFO in ch.qos.logback.core.joran.action.AppenderRefAction - Attaching appender named [STDOUT] to Logger[ROOT]
08:19:25,068 |-INFO in ch.qos.logback.core.joran.action.AppenderRefAction - Attaching appender named [FILE] to Logger[ROOT]
08:19:25,068 |-INFO in ch.qos.logback.classic.joran.action.ConfigurationAction - End of configuration.
08:19:25,069 |-INFO in ch.qos.logback.classic.joran.JoranConfigurator@6cd8737 - Registering current configuration as safe fallback point

2019-06-09T08:19:26.047+0300: 1.382: [GC (Metadata GC Threshold) [PSYoungGen: 110722K->15845K(149504K)] 110722K->15925K(491008K), 0.0207891 secs] [Times: user=0.07 sys=0.05, real=0.02 secs] 
2019-06-09T08:19:26.067+0300: 1.402: [Full GC (Metadata GC Threshold) [PSYoungGen: 15845K->0K(149504K)] [ParOldGen: 80K->15078K(341504K)] 15925K->15078K(491008K), [Metaspace: 20802K->20802K(1067008K)], 0.0271439 secs] [Times: user=0.16 sys=0.01, real=0.03 secs] 
08:19:36.672 [Curator-PathChildrenCache-1] WARN  o.a.c.u.ZKPaths  - The version of ZooKeeper being used doesn't support Container nodes. CreateMode.PERSISTENT will be used instead.
2019-06-09T08:19:37.596+0300: 12.931: [GC (Metadata GC Threshold) [PSYoungGen: 128512K->15906K(149504K)] 143590K->50524K(491008K), 0.0271072 secs] [Times: user=0.21 sys=0.01, real=0.03 secs] 
2019-06-09T08:19:37.623+0300: 12.958: [Full GC (Metadata GC Threshold) [PSYoungGen: 15906K->0K(149504K)] [ParOldGen: 34617K->39119K(341504K)] 50524K->39119K(491008K), [Metaspace: 34558K->34558K(1079296K)], 0.0346902 secs] [Times: user=0.18 sys=0.01, real=0.04 secs] 
2019-06-09T08:19:39.533+0300: 14.868: [GC (Allocation Failure) [PSYoungGen: 128512K->544K(149504K)] 167631K->39671K(491008K), 0.0036148 secs] [Times: user=0.01 sys=0.00, real=0.00 secs] 
2019-06-09T08:19:41.505+0300: 16.840: [GC (Allocation Failure) [PSYoungGen: 129056K->416K(149504K)] 168183K->39551K(491008K), 0.0031219 secs] [Times: user=0.01 sys=0.00, real=0.00 secs] 
2019-06-09T08:19:43.663+0300: 18.997: [GC (Allocation Failure) [PSYoungGen: 128928K->512K(129536K)] 168063K->39647K(471040K), 0.0041524 secs] [Times: user=0.03 sys=0.00, real=0.00 secs] 
2019-06-09T08:19:45.835+0300: 21.170: [GC (Allocation Failure) [PSYoungGen: 129024K->576K(150016K)] 168159K->39719K(491520K), 0.0038145 secs] [Times: user=0.02 sys=0.01, real=0.01 secs] 
2019-06-09T08:19:48.024+0300: 23.359: [GC (Allocation Failure) [PSYoungGen: 129088K->608K(148992K)] 168231K->39759K(490496K), 0.0031918 secs] [Times: user=0.02 sys=0.00, real=0.00 secs] 
2019-06-09T08:19:50.216+0300: 25.551: [GC (Allocation Failure) [PSYoungGen: 129120K->576K(151552K)] 168271K->39727K(493056K), 0.0030232 secs] [Times: user=0.02 sys=0.00, real=0.01 secs] 
2019-06-09T08:19:52.435+0300: 27.769: [GC (Allocation Failure) [PSYoungGen: 132672K->608K(151040K)] 171823K->39767K(492544K), 0.0038467 secs] [Times: user=0.02 sys=0.01, real=0.01 secs] 
2019-06-09T08:19:54.700+0300: 30.035: [GC (Allocation Failure) [PSYoungGen: 132704K->512K(153088K)] 171863K->39671K(494592K), 0.0037803 secs] [Times: user=0.01 sys=0.01, real=0.00 secs] 
2019-06-09T08:19:57.001+0300: 32.336: [GC (Allocation Failure) [PSYoungGen: 135680K->576K(152576K)] 174839K->39743K(494080K), 0.0030096 secs] [Times: user=0.01 sys=0.01, real=0.00 secs] 
2019-06-09T08:19:59.278+0300: 34.613: [GC (Allocation Failure) [PSYoungGen: 135744K->544K(155136K)] 174911K->39719K(496640K), 0.0049974 secs] [Times: user=0.03 sys=0.00, real=0.00 secs] 
2019-06-09T08:20:01.659+0300: 36.994: [GC (Allocation Failure) [PSYoungGen: 139296K->608K(154112K)] 178471K->39783K(495616K), 0.0031962 secs] [Times: user=0.01 sys=0.00, real=0.00 secs] 
2019-06-09T08:20:04.028+0300: 39.362: [GC (Allocation Failure) [PSYoungGen: 139360K->544K(156672K)] 178535K->39719K(498176K), 0.0029477 secs] [Times: user=0.01 sys=0.01, real=0.01 secs] 
08:20:14.676 [Curator-PathChildrenCache-0] ERROR o.a.c.f.r.c.PathChildrenCache  - 
java.lang.IllegalStateException: instance must be started before calling this method
	at org.apache.curator.shaded.com.google.common.base.Preconditions.checkState(Preconditions.java:444)
	at org.apache.curator.framework.imps.CuratorFrameworkImpl.getChildren(CuratorFrameworkImpl.java:456)
	at org.apache.curator.framework.recipes.cache.PathChildrenCache.refresh(PathChildrenCache.java:521)
	at org.apache.curator.framework.recipes.cache.RefreshOperation.invoke(RefreshOperation.java:35)
	at org.apache.curator.framework.recipes.cache.PathChildrenCache$9.run(PathChildrenCache.java:786)
	at java.util.concurrent.Executors$RunnableAdapter.call(Executors.java:511)
	at java.util.concurrent.FutureTask.run(FutureTask.java:266)
	at java.util.concurrent.Executors$RunnableAdapter.call(Executors.java:511)
	at java.util.concurrent.FutureTask.run(FutureTask.java:266)
	at java.util.concurrent.ThreadPoolExecutor.runWorker(ThreadPoolExecutor.java:1149)
	at java.util.concurrent.ThreadPoolExecutor$Worker.run(ThreadPoolExecutor.java:624)
	at java.lang.Thread.run(Thread.java:748)
Heap
 PSYoungGen      total 156672K, used 115024K [0x00000000f5980000, 0x0000000100000000, 0x0000000100000000)
  eden space 141824K, 80% used [0x00000000f5980000,0x00000000fc94c040,0x00000000fe400000)
  from space 14848K, 3% used [0x00000000ff180000,0x00000000ff208030,0x0000000100000000)
  to   space 13824K, 0% used [0x00000000fe400000,0x00000000fe400000,0x00000000ff180000)
 ParOldGen       total 341504K, used 39175K [0x00000000e0c00000, 0x00000000f5980000, 0x00000000f5980000)
  object space 341504K, 11% used [0x00000000e0c00000,0x00000000e3241f58,0x00000000f5980000)
 Metaspace       used 35745K, capacity 36606K, committed 36952K, reserved 1081344K
  class space    used 4934K, capacity 5129K, committed 5248K, reserved 1048576K
