20:10:09,704 |-INFO in ch.qos.logback.classic.LoggerContext[default] - Could NOT find resource [logback-test.xml]
20:10:09,704 |-INFO in ch.qos.logback.classic.LoggerContext[default] - Could NOT find resource [logback.groovy]
20:10:09,705 |-INFO in ch.qos.logback.classic.LoggerContext[default] - Found resource [logback.xml] at [jar:file:/root/flamestream/lib/flamestream-runtime-1.0-SNAPSHOT.jar!/logback.xml]
20:10:09,705 |-WARN in ch.qos.logback.classic.LoggerContext[default] - Resource [logback.xml] occurs multiple times on the classpath.
20:10:09,706 |-WARN in ch.qos.logback.classic.LoggerContext[default] - Resource [logback.xml] occurs at [jar:file:/root/flamestream/lib/flamestream-runtime-1.0-SNAPSHOT.jar!/logback.xml]
20:10:09,706 |-WARN in ch.qos.logback.classic.LoggerContext[default] - Resource [logback.xml] occurs at [jar:file:/root/flamestream/flamestream-runtime-1.0-SNAPSHOT.jar!/logback.xml]
20:10:09,725 |-INFO in ch.qos.logback.core.joran.spi.ConfigurationWatchList@3fb6a447 - URL [jar:file:/root/flamestream/lib/flamestream-runtime-1.0-SNAPSHOT.jar!/logback.xml] is not of type file
20:10:09,795 |-INFO in ch.qos.logback.classic.joran.action.ConfigurationAction - debug attribute not set
20:10:09,796 |-INFO in ch.qos.logback.core.joran.action.AppenderAction - About to instantiate appender of type [ch.qos.logback.core.ConsoleAppender]
20:10:09,812 |-INFO in ch.qos.logback.core.joran.action.AppenderAction - Naming appender as [STDOUT]
20:10:09,836 |-INFO in ch.qos.logback.core.joran.action.NestedComplexPropertyIA - Assuming default type [ch.qos.logback.classic.encoder.PatternLayoutEncoder] for [encoder] property
20:10:09,915 |-INFO in ch.qos.logback.core.joran.action.AppenderAction - About to instantiate appender of type [ch.qos.logback.core.rolling.RollingFileAppender]
20:10:09,920 |-INFO in ch.qos.logback.core.joran.action.AppenderAction - Naming appender as [FILE]
20:10:09,953 |-INFO in c.q.l.core.rolling.TimeBasedRollingPolicy@127618319 - No compression will be used
20:10:09,954 |-INFO in c.q.l.core.rolling.TimeBasedRollingPolicy@127618319 - Will use the pattern /tmp/application_%d{yyyy-MM-dd}.%i.log for the active file
20:10:09,957 |-INFO in ch.qos.logback.core.rolling.SizeAndTimeBasedFNATP@6b2fad11 - The date pattern is 'yyyy-MM-dd' from file name pattern '/tmp/application_%d{yyyy-MM-dd}.%i.log'.
20:10:09,957 |-INFO in ch.qos.logback.core.rolling.SizeAndTimeBasedFNATP@6b2fad11 - Roll-over at midnight.
20:10:09,963 |-INFO in ch.qos.logback.core.rolling.SizeAndTimeBasedFNATP@6b2fad11 - Setting initial period to Mon Jun 10 20:08:55 UTC 2019
20:10:09,963 |-WARN in ch.qos.logback.core.rolling.SizeAndTimeBasedFNATP@6b2fad11 - SizeAndTimeBasedFNATP is deprecated. Use SizeAndTimeBasedRollingPolicy instead
20:10:09,963 |-WARN in ch.qos.logback.core.rolling.SizeAndTimeBasedFNATP@6b2fad11 - For more information see http://logback.qos.ch/manual/appenders.html#SizeAndTimeBasedRollingPolicy
20:10:09,967 |-INFO in ch.qos.logback.core.joran.action.NestedComplexPropertyIA - Assuming default type [ch.qos.logback.classic.encoder.PatternLayoutEncoder] for [encoder] property
20:10:09,972 |-INFO in ch.qos.logback.core.rolling.RollingFileAppender[FILE] - Active log file name: /tmp/application.log
20:10:09,972 |-INFO in ch.qos.logback.core.rolling.RollingFileAppender[FILE] - File property is set to [/tmp/application.log]
20:10:09,972 |-INFO in ch.qos.logback.classic.joran.action.RootLoggerAction - Setting level of ROOT logger to WARN
20:10:09,973 |-INFO in ch.qos.logback.core.joran.action.AppenderRefAction - Attaching appender named [STDOUT] to Logger[ROOT]
20:10:09,975 |-INFO in ch.qos.logback.core.joran.action.AppenderRefAction - Attaching appender named [FILE] to Logger[ROOT]
20:10:09,975 |-INFO in ch.qos.logback.classic.joran.action.ConfigurationAction - End of configuration.
20:10:09,975 |-INFO in ch.qos.logback.classic.joran.JoranConfigurator@79698539 - Registering current configuration as safe fallback point

Ama winner
Ama winner
2019-06-10T20:10:11.319+0000: 1.805: [Full GC (Metadata GC Threshold) 2019-06-10T20:10:11.319+0000: 1.805: [Tenured: 0K->15175K(341376K), 0.0412868 secs] 114988K->15175K(494976K), [Metaspace: 20731K->20731K(1067008K)], 0.0413637 secs] [Times: user=0.04 sys=0.00, real=0.04 secs] 
20:10:28.925 [Curator-PathChildrenCache-2] WARN  o.a.c.u.ZKPaths  - The version of ZooKeeper being used doesn't support Container nodes. CreateMode.PERSISTENT will be used instead.
2019-06-10T20:10:31.059+0000: 21.545: [GC (Allocation Failure) 2019-06-10T20:10:31.059+0000: 21.545: [DefNew: 118077K->16939K(153600K), 0.0174306 secs] 133253K->32115K(494976K), 0.0175104 secs] [Times: user=0.00 sys=0.01, real=0.02 secs] 
2019-06-10T20:10:31.538+0000: 22.024: [Full GC (Metadata GC Threshold) 2019-06-10T20:10:31.538+0000: 22.024: [Tenured: 15175K->43421K(341376K), 0.0467558 secs] 69805K->43421K(494976K), [Metaspace: 34562K->34562K(1079296K)], 0.0468301 secs] [Times: user=0.04 sys=0.01, real=0.04 secs] 
2019-06-10T20:10:34.852+0000: 25.338: [GC (Allocation Failure) 2019-06-10T20:10:34.852+0000: 25.338: [DefNew: 136576K->129K(153600K), 0.0020674 secs] 179997K->43551K(494976K), 0.0021250 secs] [Times: user=0.00 sys=0.00, real=0.01 secs] 
2019-06-10T20:10:37.841+0000: 28.327: [GC (Allocation Failure) 2019-06-10T20:10:37.841+0000: 28.327: [DefNew: 136705K->128K(153600K), 0.0018510 secs] 180127K->43549K(494976K), 0.0019210 secs] [Times: user=0.00 sys=0.00, real=0.00 secs] 
2019-06-10T20:10:40.864+0000: 31.349: [GC (Allocation Failure) 2019-06-10T20:10:40.864+0000: 31.349: [DefNew: 136704K->131K(153600K), 0.0018523 secs] 180125K->43553K(494976K), 0.0019393 secs] [Times: user=0.00 sys=0.00, real=0.01 secs] 
2019-06-10T20:10:43.845+0000: 34.331: [GC (Allocation Failure) 2019-06-10T20:10:43.845+0000: 34.331: [DefNew: 136707K->131K(153600K), 0.0018466 secs] 180129K->43552K(494976K), 0.0019216 secs] [Times: user=0.00 sys=0.00, real=0.01 secs] 
2019-06-10T20:10:46.844+0000: 37.329: [GC (Allocation Failure) 2019-06-10T20:10:46.844+0000: 37.329: [DefNew: 136707K->130K(153600K), 0.0019007 secs] 180128K->43552K(494976K), 0.0019639 secs] [Times: user=0.00 sys=0.00, real=0.01 secs] 
2019-06-10T20:10:49.850+0000: 40.336: [GC (Allocation Failure) 2019-06-10T20:10:49.850+0000: 40.336: [DefNew: 136706K->129K(153600K), 0.0018361 secs] 180128K->43551K(494976K), 0.0018959 secs] [Times: user=0.00 sys=0.00, real=0.00 secs] 
2019-06-10T20:10:52.847+0000: 43.332: [GC (Allocation Failure) 2019-06-10T20:10:52.847+0000: 43.332: [DefNew: 136705K->129K(153600K), 0.0018612 secs] 180127K->43551K(494976K), 0.0019321 secs] [Times: user=0.01 sys=0.00, real=0.00 secs] 
2019-06-10T20:10:56.708+0000: 47.194: [GC (Allocation Failure) 2019-06-10T20:10:56.708+0000: 47.194: [DefNew: 136705K->131K(153600K), 0.0019305 secs] 180127K->43553K(494976K), 0.0019937 secs] [Times: user=0.00 sys=0.00, real=0.00 secs] 
20:11:06.149 [Curator-PathChildrenCache-0] ERROR o.a.c.f.r.c.PathChildrenCache  - 
java.lang.IllegalStateException: instance must be started before calling this method
	at org.apache.curator.shaded.com.google.common.base.Preconditions.checkState(Preconditions.java:444)
	at org.apache.curator.framework.imps.CuratorFrameworkImpl.getChildren(CuratorFrameworkImpl.java:456)
	at org.apache.curator.framework.recipes.cache.PathChildrenCache.refresh(PathChildrenCache.java:521)
	at org.apache.curator.framework.recipes.cache.RefreshOperation.invoke(RefreshOperation.java:35)
	at org.apache.curator.framework.recipes.cache.PathChildrenCache$9.run(PathChildrenCache.java:786)
	at java.util.concurrent.Executors$RunnableAdapter.call(Executors.java:511)
	at java.util.concurrent.FutureTask.run(FutureTask.java:266)
	at java.util.concurrent.Executors$RunnableAdapter.call(Executors.java:511)
	at java.util.concurrent.FutureTask.run(FutureTask.java:266)
	at java.util.concurrent.ThreadPoolExecutor.runWorker(ThreadPoolExecutor.java:1149)
	at java.util.concurrent.ThreadPoolExecutor$Worker.run(ThreadPoolExecutor.java:624)
	at java.lang.Thread.run(Thread.java:748)
Heap
 def new generation   total 153600K, used 72075K [0x00000000e0c00000, 0x00000000eb2a0000, 0x00000000eb2a0000)
  eden space 136576K,  52% used [0x00000000e0c00000, 0x00000000e5242158, 0x00000000e9160000)
  from space 17024K,   0% used [0x00000000ea200000, 0x00000000ea220d90, 0x00000000eb2a0000)
  to   space 17024K,   0% used [0x00000000e9160000, 0x00000000e9160000, 0x00000000ea200000)
 tenured generation   total 341376K, used 43421K [0x00000000eb2a0000, 0x0000000100000000, 0x0000000100000000)
   the space 341376K,  12% used [0x00000000eb2a0000, 0x00000000edd07748, 0x00000000edd07800, 0x0000000100000000)
 Metaspace       used 36038K, capacity 36994K, committed 37120K, reserved 1081344K
  class space    used 4859K, capacity 5059K, committed 5120K, reserved 1048576K
