19:56:40,788 |-INFO in ch.qos.logback.classic.LoggerContext[default] - Could NOT find resource [logback-test.xml]
19:56:40,788 |-INFO in ch.qos.logback.classic.LoggerContext[default] - Could NOT find resource [logback.groovy]
19:56:40,788 |-INFO in ch.qos.logback.classic.LoggerContext[default] - Found resource [logback.xml] at [jar:file:/root/flamestream/lib/flamestream-runtime-1.0-SNAPSHOT.jar!/logback.xml]
19:56:40,789 |-WARN in ch.qos.logback.classic.LoggerContext[default] - Resource [logback.xml] occurs multiple times on the classpath.
19:56:40,789 |-WARN in ch.qos.logback.classic.LoggerContext[default] - Resource [logback.xml] occurs at [jar:file:/root/flamestream/lib/flamestream-runtime-1.0-SNAPSHOT.jar!/logback.xml]
19:56:40,789 |-WARN in ch.qos.logback.classic.LoggerContext[default] - Resource [logback.xml] occurs at [jar:file:/root/flamestream/flamestream-runtime-1.0-SNAPSHOT.jar!/logback.xml]
19:56:40,808 |-INFO in ch.qos.logback.core.joran.spi.ConfigurationWatchList@3fb6a447 - URL [jar:file:/root/flamestream/lib/flamestream-runtime-1.0-SNAPSHOT.jar!/logback.xml] is not of type file
19:56:40,874 |-INFO in ch.qos.logback.classic.joran.action.ConfigurationAction - debug attribute not set
19:56:40,875 |-INFO in ch.qos.logback.core.joran.action.AppenderAction - About to instantiate appender of type [ch.qos.logback.core.ConsoleAppender]
19:56:40,891 |-INFO in ch.qos.logback.core.joran.action.AppenderAction - Naming appender as [STDOUT]
19:56:40,911 |-INFO in ch.qos.logback.core.joran.action.NestedComplexPropertyIA - Assuming default type [ch.qos.logback.classic.encoder.PatternLayoutEncoder] for [encoder] property
19:56:41,010 |-INFO in ch.qos.logback.core.joran.action.AppenderAction - About to instantiate appender of type [ch.qos.logback.core.rolling.RollingFileAppender]
19:56:41,018 |-INFO in ch.qos.logback.core.joran.action.AppenderAction - Naming appender as [FILE]
19:56:41,047 |-INFO in c.q.l.core.rolling.TimeBasedRollingPolicy@127618319 - No compression will be used
19:56:41,048 |-INFO in c.q.l.core.rolling.TimeBasedRollingPolicy@127618319 - Will use the pattern /tmp/application_%d{yyyy-MM-dd}.%i.log for the active file
19:56:41,051 |-INFO in ch.qos.logback.core.rolling.SizeAndTimeBasedFNATP@6b2fad11 - The date pattern is 'yyyy-MM-dd' from file name pattern '/tmp/application_%d{yyyy-MM-dd}.%i.log'.
19:56:41,051 |-INFO in ch.qos.logback.core.rolling.SizeAndTimeBasedFNATP@6b2fad11 - Roll-over at midnight.
19:56:41,056 |-INFO in ch.qos.logback.core.rolling.SizeAndTimeBasedFNATP@6b2fad11 - Setting initial period to Mon Jun 10 19:55:14 UTC 2019
19:56:41,056 |-WARN in ch.qos.logback.core.rolling.SizeAndTimeBasedFNATP@6b2fad11 - SizeAndTimeBasedFNATP is deprecated. Use SizeAndTimeBasedRollingPolicy instead
19:56:41,056 |-WARN in ch.qos.logback.core.rolling.SizeAndTimeBasedFNATP@6b2fad11 - For more information see http://logback.qos.ch/manual/appenders.html#SizeAndTimeBasedRollingPolicy
19:56:41,061 |-INFO in ch.qos.logback.core.joran.action.NestedComplexPropertyIA - Assuming default type [ch.qos.logback.classic.encoder.PatternLayoutEncoder] for [encoder] property
19:56:41,065 |-INFO in ch.qos.logback.core.rolling.RollingFileAppender[FILE] - Active log file name: /tmp/application.log
19:56:41,065 |-INFO in ch.qos.logback.core.rolling.RollingFileAppender[FILE] - File property is set to [/tmp/application.log]
19:56:41,066 |-INFO in ch.qos.logback.classic.joran.action.RootLoggerAction - Setting level of ROOT logger to WARN
19:56:41,066 |-INFO in ch.qos.logback.core.joran.action.AppenderRefAction - Attaching appender named [STDOUT] to Logger[ROOT]
19:56:41,067 |-INFO in ch.qos.logback.core.joran.action.AppenderRefAction - Attaching appender named [FILE] to Logger[ROOT]
19:56:41,067 |-INFO in ch.qos.logback.classic.joran.action.ConfigurationAction - End of configuration.
19:56:41,067 |-INFO in ch.qos.logback.classic.joran.JoranConfigurator@79698539 - Registering current configuration as safe fallback point

Ama winner
Ama winner
2019-06-10T19:56:42.342+0000: 1.742: [Full GC (Metadata GC Threshold) 2019-06-10T19:56:42.342+0000: 1.742: [Tenured: 0K->15208K(341376K), 0.0393749 secs] 114987K->15208K(494976K), [Metaspace: 20737K->20737K(1067008K)], 0.0394395 secs] [Times: user=0.04 sys=0.00, real=0.04 secs] 
19:56:54.782 [Curator-PathChildrenCache-1] WARN  o.a.c.u.ZKPaths  - The version of ZooKeeper being used doesn't support Container nodes. CreateMode.PERSISTENT will be used instead.
2019-06-10T19:56:56.961+0000: 16.362: [GC (Allocation Failure) 2019-06-10T19:56:56.961+0000: 16.362: [DefNew: 136576K->17023K(153600K), 0.0287710 secs] 151784K->52560K(494976K), 0.0288365 secs] [Times: user=0.02 sys=0.01, real=0.03 secs] 
2019-06-10T19:57:03.558+0000: 22.959: [Full GC (Metadata GC Threshold) 2019-06-10T19:57:03.558+0000: 22.959: [Tenured: 35536K->44005K(341376K), 0.0539602 secs] 150591K->44005K(494976K), [Metaspace: 34579K->34579K(1079296K)], 0.0540330 secs] [Times: user=0.04 sys=0.01, real=0.05 secs] 
2019-06-10T19:57:12.707+0000: 32.108: [GC (Allocation Failure) 2019-06-10T19:57:12.707+0000: 32.108: [DefNew: 136576K->51K(153600K), 0.0017098 secs] 180581K->44057K(494976K), 0.0017693 secs] [Times: user=0.00 sys=0.00, real=0.01 secs] 
2019-06-10T19:57:21.956+0000: 41.357: [GC (Allocation Failure) 2019-06-10T19:57:21.956+0000: 41.357: [DefNew: 136627K->49K(153600K), 0.0015793 secs] 180633K->44055K(494976K), 0.0016417 secs] [Times: user=0.00 sys=0.00, real=0.00 secs] 
2019-06-10T19:57:31.317+0000: 50.718: [GC (Allocation Failure) 2019-06-10T19:57:31.317+0000: 50.718: [DefNew: 136625K->52K(153600K), 0.0016852 secs] 180631K->44058K(494976K), 0.0017477 secs] [Times: user=0.00 sys=0.01, real=0.00 secs] 
2019-06-10T19:57:40.864+0000: 60.265: [GC (Allocation Failure) 2019-06-10T19:57:40.864+0000: 60.265: [DefNew: 136628K->217K(153600K), 0.0018645 secs] 180634K->44223K(494976K), 0.0019233 secs] [Times: user=0.00 sys=0.00, real=0.00 secs] 
2019-06-10T19:57:51.658+0000: 71.058: [GC (Allocation Failure) 2019-06-10T19:57:51.658+0000: 71.058: [DefNew: 136793K->256K(153600K), 0.0020733 secs] 180799K->44262K(494976K), 0.0021342 secs] [Times: user=0.00 sys=0.00, real=0.00 secs] 
19:58:12.674 [Curator-PathChildrenCache-0] ERROR o.a.c.f.r.c.PathChildrenCache  - 
java.lang.IllegalStateException: instance must be started before calling this method
	at org.apache.curator.shaded.com.google.common.base.Preconditions.checkState(Preconditions.java:444)
	at org.apache.curator.framework.imps.CuratorFrameworkImpl.getChildren(CuratorFrameworkImpl.java:456)
	at org.apache.curator.framework.recipes.cache.PathChildrenCache.refresh(PathChildrenCache.java:521)
	at org.apache.curator.framework.recipes.cache.RefreshOperation.invoke(RefreshOperation.java:35)
	at org.apache.curator.framework.recipes.cache.PathChildrenCache$9.run(PathChildrenCache.java:786)
	at java.util.concurrent.Executors$RunnableAdapter.call(Executors.java:511)
	at java.util.concurrent.FutureTask.run(FutureTask.java:266)
	at java.util.concurrent.Executors$RunnableAdapter.call(Executors.java:511)
	at java.util.concurrent.FutureTask.run(FutureTask.java:266)
	at java.util.concurrent.ThreadPoolExecutor.runWorker(ThreadPoolExecutor.java:1149)
	at java.util.concurrent.ThreadPoolExecutor$Worker.run(ThreadPoolExecutor.java:624)
	at java.lang.Thread.run(Thread.java:748)
2019-06-10T19:58:13.825+0000: 93.226: [GC (Allocation Failure) 2019-06-10T19:58:13.825+0000: 93.226: [DefNew: 136832K->917K(153600K), 0.0035555 secs] 180838K->44923K(494976K), 0.0036123 secs] [Times: user=0.01 sys=0.00, real=0.01 secs] 
Heap
 def new generation   total 153600K, used 3880K [0x00000000e0c00000, 0x00000000eb2a0000, 0x00000000eb2a0000)
  eden space 136576K,   2% used [0x00000000e0c00000, 0x00000000e0ee49b0, 0x00000000e9160000)
  from space 17024K,   5% used [0x00000000ea200000, 0x00000000ea2e56f0, 0x00000000eb2a0000)
  to   space 17024K,   0% used [0x00000000e9160000, 0x00000000e9160000, 0x00000000ea200000)
 tenured generation   total 341376K, used 44005K [0x00000000eb2a0000, 0x0000000100000000, 0x0000000100000000)
   the space 341376K,  12% used [0x00000000eb2a0000, 0x00000000edd997a0, 0x00000000edd99800, 0x0000000100000000)
 Metaspace       used 36005K, capacity 36922K, committed 37120K, reserved 1081344K
  class space    used 4857K, capacity 5073K, committed 5120K, reserved 1048576K
