14:51:27,504 |-INFO in ch.qos.logback.classic.LoggerContext[default] - Could NOT find resource [logback-test.xml]
14:51:27,504 |-INFO in ch.qos.logback.classic.LoggerContext[default] - Could NOT find resource [logback.groovy]
14:51:27,505 |-INFO in ch.qos.logback.classic.LoggerContext[default] - Found resource [logback.xml] at [jar:file:/root/flamestream/lib/flamestream-runtime-1.0-SNAPSHOT.jar!/logback.xml]
14:51:27,505 |-WARN in ch.qos.logback.classic.LoggerContext[default] - Resource [logback.xml] occurs multiple times on the classpath.
14:51:27,505 |-WARN in ch.qos.logback.classic.LoggerContext[default] - Resource [logback.xml] occurs at [jar:file:/root/flamestream/lib/flamestream-runtime-1.0-SNAPSHOT.jar!/logback.xml]
14:51:27,505 |-WARN in ch.qos.logback.classic.LoggerContext[default] - Resource [logback.xml] occurs at [jar:file:/root/flamestream/flamestream-runtime-1.0-SNAPSHOT.jar!/logback.xml]
14:51:27,528 |-INFO in ch.qos.logback.core.joran.spi.ConfigurationWatchList@3fb6a447 - URL [jar:file:/root/flamestream/lib/flamestream-runtime-1.0-SNAPSHOT.jar!/logback.xml] is not of type file
14:51:27,600 |-INFO in ch.qos.logback.classic.joran.action.ConfigurationAction - debug attribute not set
14:51:27,601 |-INFO in ch.qos.logback.core.joran.action.AppenderAction - About to instantiate appender of type [ch.qos.logback.core.ConsoleAppender]
14:51:27,617 |-INFO in ch.qos.logback.core.joran.action.AppenderAction - Naming appender as [STDOUT]
14:51:27,635 |-INFO in ch.qos.logback.core.joran.action.NestedComplexPropertyIA - Assuming default type [ch.qos.logback.classic.encoder.PatternLayoutEncoder] for [encoder] property
14:51:27,723 |-INFO in ch.qos.logback.core.joran.action.AppenderAction - About to instantiate appender of type [ch.qos.logback.core.rolling.RollingFileAppender]
14:51:27,727 |-INFO in ch.qos.logback.core.joran.action.AppenderAction - Naming appender as [FILE]
14:51:27,759 |-INFO in c.q.l.core.rolling.TimeBasedRollingPolicy@127618319 - No compression will be used
14:51:27,760 |-INFO in c.q.l.core.rolling.TimeBasedRollingPolicy@127618319 - Will use the pattern /tmp/application_%d{yyyy-MM-dd}.%i.log for the active file
14:51:27,763 |-INFO in ch.qos.logback.core.rolling.SizeAndTimeBasedFNATP@6b2fad11 - The date pattern is 'yyyy-MM-dd' from file name pattern '/tmp/application_%d{yyyy-MM-dd}.%i.log'.
14:51:27,763 |-INFO in ch.qos.logback.core.rolling.SizeAndTimeBasedFNATP@6b2fad11 - Roll-over at midnight.
14:51:27,768 |-INFO in ch.qos.logback.core.rolling.SizeAndTimeBasedFNATP@6b2fad11 - Setting initial period to Mon Jun 10 14:50:05 UTC 2019
14:51:27,768 |-WARN in ch.qos.logback.core.rolling.SizeAndTimeBasedFNATP@6b2fad11 - SizeAndTimeBasedFNATP is deprecated. Use SizeAndTimeBasedRollingPolicy instead
14:51:27,768 |-WARN in ch.qos.logback.core.rolling.SizeAndTimeBasedFNATP@6b2fad11 - For more information see http://logback.qos.ch/manual/appenders.html#SizeAndTimeBasedRollingPolicy
14:51:27,772 |-INFO in ch.qos.logback.core.joran.action.NestedComplexPropertyIA - Assuming default type [ch.qos.logback.classic.encoder.PatternLayoutEncoder] for [encoder] property
14:51:27,777 |-INFO in ch.qos.logback.core.rolling.RollingFileAppender[FILE] - Active log file name: /tmp/application.log
14:51:27,777 |-INFO in ch.qos.logback.core.rolling.RollingFileAppender[FILE] - File property is set to [/tmp/application.log]
14:51:27,778 |-INFO in ch.qos.logback.classic.joran.action.RootLoggerAction - Setting level of ROOT logger to WARN
14:51:27,778 |-INFO in ch.qos.logback.core.joran.action.AppenderRefAction - Attaching appender named [STDOUT] to Logger[ROOT]
14:51:27,780 |-INFO in ch.qos.logback.core.joran.action.AppenderRefAction - Attaching appender named [FILE] to Logger[ROOT]
14:51:27,780 |-INFO in ch.qos.logback.classic.joran.action.ConfigurationAction - End of configuration.
14:51:27,781 |-INFO in ch.qos.logback.classic.joran.JoranConfigurator@79698539 - Registering current configuration as safe fallback point

Ama winner
Ama winner
2019-06-10T14:51:29.045+0000: 1.720: [Full GC (Metadata GC Threshold) 2019-06-10T14:51:29.045+0000: 1.720: [Tenured: 0K->15255K(341376K), 0.0354393 secs] 114987K->15255K(494976K), [Metaspace: 20731K->20731K(1067008K)], 0.0355021 secs] [Times: user=0.03 sys=0.00, real=0.03 secs] 
14:51:50.232 [Curator-PathChildrenCache-1] WARN  o.a.c.u.ZKPaths  - The version of ZooKeeper being used doesn't support Container nodes. CreateMode.PERSISTENT will be used instead.
2019-06-10T14:51:52.439+0000: 25.114: [GC (Allocation Failure) 2019-06-10T14:51:52.439+0000: 25.115: [DefNew: 136576K->17023K(153600K), 0.0255245 secs] 151831K->52967K(494976K), 0.0256051 secs] [Times: user=0.01 sys=0.00, real=0.03 secs] 
2019-06-10T14:51:53.913+0000: 26.588: [Full GC (Metadata GC Threshold) 2019-06-10T14:51:53.913+0000: 26.588: [Tenured: 35943K->44824K(341376K), 0.0415372 secs] 83459K->44824K(494976K), [Metaspace: 34550K->34550K(1079296K)], 0.0416212 secs] [Times: user=0.04 sys=0.00, real=0.04 secs] 
2019-06-10T14:52:00.624+0000: 33.299: [GC (Allocation Failure) 2019-06-10T14:52:00.624+0000: 33.299: [DefNew: 136576K->72K(153600K), 0.0018939 secs] 181400K->44896K(494976K), 0.0019541 secs] [Times: user=0.00 sys=0.00, real=0.00 secs] 
2019-06-10T14:52:07.288+0000: 39.964: [GC (Allocation Failure) 2019-06-10T14:52:07.288+0000: 39.964: [DefNew: 136648K->67K(153600K), 0.0017641 secs] 181472K->44892K(494976K), 0.0018222 secs] [Times: user=0.01 sys=0.00, real=0.01 secs] 
2019-06-10T14:52:13.993+0000: 46.669: [GC (Allocation Failure) 2019-06-10T14:52:13.994+0000: 46.669: [DefNew: 136643K->70K(153600K), 0.0017457 secs] 181468K->44895K(494976K), 0.0018060 secs] [Times: user=0.00 sys=0.00, real=0.00 secs] 
2019-06-10T14:52:20.618+0000: 53.293: [GC (Allocation Failure) 2019-06-10T14:52:20.618+0000: 53.293: [DefNew: 136646K->73K(153600K), 0.0017720 secs] 181471K->44897K(494976K), 0.0018547 secs] [Times: user=0.00 sys=0.00, real=0.00 secs] 
2019-06-10T14:52:33.873+0000: 66.548: [GC (Allocation Failure) 2019-06-10T14:52:33.873+0000: 66.548: [DefNew: 136649K->414K(153600K), 0.0023284 secs] 181473K->45238K(494976K), 0.0023924 secs] [Times: user=0.00 sys=0.00, real=0.00 secs] 
14:52:35.201 [Curator-PathChildrenCache-0] ERROR o.a.c.f.r.c.PathChildrenCache  - 
java.lang.IllegalStateException: instance must be started before calling this method
	at org.apache.curator.shaded.com.google.common.base.Preconditions.checkState(Preconditions.java:444)
	at org.apache.curator.framework.imps.CuratorFrameworkImpl.getChildren(CuratorFrameworkImpl.java:456)
	at org.apache.curator.framework.recipes.cache.PathChildrenCache.refresh(PathChildrenCache.java:521)
	at org.apache.curator.framework.recipes.cache.RefreshOperation.invoke(RefreshOperation.java:35)
	at org.apache.curator.framework.recipes.cache.PathChildrenCache$9.run(PathChildrenCache.java:786)
	at java.util.concurrent.Executors$RunnableAdapter.call(Executors.java:511)
	at java.util.concurrent.FutureTask.run(FutureTask.java:266)
	at java.util.concurrent.Executors$RunnableAdapter.call(Executors.java:511)
	at java.util.concurrent.FutureTask.run(FutureTask.java:266)
	at java.util.concurrent.ThreadPoolExecutor.runWorker(ThreadPoolExecutor.java:1149)
	at java.util.concurrent.ThreadPoolExecutor$Worker.run(ThreadPoolExecutor.java:624)
	at java.lang.Thread.run(Thread.java:748)
Heap
 def new generation   total 153600K, used 20830K [0x00000000e0c00000, 0x00000000eb2a0000, 0x00000000eb2a0000)
  eden space 136576K,  14% used [0x00000000e0c00000, 0x00000000e1ff00d8, 0x00000000e9160000)
  from space 17024K,   2% used [0x00000000e9160000, 0x00000000e91c7a28, 0x00000000ea200000)
  to   space 17024K,   0% used [0x00000000ea200000, 0x00000000ea200000, 0x00000000eb2a0000)
 tenured generation   total 341376K, used 44824K [0x00000000eb2a0000, 0x0000000100000000, 0x0000000100000000)
   the space 341376K,  13% used [0x00000000eb2a0000, 0x00000000ede66178, 0x00000000ede66200, 0x0000000100000000)
 Metaspace       used 36091K, capacity 36990K, committed 37120K, reserved 1081344K
  class space    used 4871K, capacity 5073K, committed 5120K, reserved 1048576K
