11:48:01,461 |-INFO in ch.qos.logback.classic.LoggerContext[default] - Could NOT find resource [logback-test.xml]
11:48:01,461 |-INFO in ch.qos.logback.classic.LoggerContext[default] - Could NOT find resource [logback.groovy]
11:48:01,461 |-INFO in ch.qos.logback.classic.LoggerContext[default] - Found resource [logback.xml] at [jar:file:/home/nikitasokolov/flamestream/lib/flamestream-runtime-1.0-SNAPSHOT.jar!/logback.xml]
11:48:01,462 |-WARN in ch.qos.logback.classic.LoggerContext[default] - Resource [logback.xml] occurs multiple times on the classpath.
11:48:01,462 |-WARN in ch.qos.logback.classic.LoggerContext[default] - Resource [logback.xml] occurs at [jar:file:/home/nikitasokolov/flamestream/lib/flamestream-runtime-1.0-SNAPSHOT.jar!/logback.xml]
11:48:01,462 |-WARN in ch.qos.logback.classic.LoggerContext[default] - Resource [logback.xml] occurs at [jar:file:/home/nikitasokolov/flamestream/flamestream-runtime-1.0-SNAPSHOT.jar!/logback.xml]
11:48:01,477 |-INFO in ch.qos.logback.core.joran.spi.ConfigurationWatchList@6108b2d7 - URL [jar:file:/home/nikitasokolov/flamestream/lib/flamestream-runtime-1.0-SNAPSHOT.jar!/logback.xml] is not of type file
11:48:01,526 |-INFO in ch.qos.logback.classic.joran.action.ConfigurationAction - debug attribute not set
11:48:01,527 |-INFO in ch.qos.logback.core.joran.action.AppenderAction - About to instantiate appender of type [ch.qos.logback.core.ConsoleAppender]
11:48:01,534 |-INFO in ch.qos.logback.core.joran.action.AppenderAction - Naming appender as [STDOUT]
11:48:01,541 |-INFO in ch.qos.logback.core.joran.action.NestedComplexPropertyIA - Assuming default type [ch.qos.logback.classic.encoder.PatternLayoutEncoder] for [encoder] property
11:48:01,594 |-INFO in ch.qos.logback.core.joran.action.AppenderAction - About to instantiate appender of type [ch.qos.logback.core.rolling.RollingFileAppender]
11:48:01,599 |-INFO in ch.qos.logback.core.joran.action.AppenderAction - Naming appender as [FILE]
11:48:01,620 |-INFO in c.q.l.core.rolling.TimeBasedRollingPolicy@357863579 - No compression will be used
11:48:01,622 |-INFO in c.q.l.core.rolling.TimeBasedRollingPolicy@357863579 - Will use the pattern /tmp/application_%d{yyyy-MM-dd}.%i.log for the active file
11:48:01,625 |-INFO in ch.qos.logback.core.rolling.SizeAndTimeBasedFNATP@6bf256fa - The date pattern is 'yyyy-MM-dd' from file name pattern '/tmp/application_%d{yyyy-MM-dd}.%i.log'.
11:48:01,625 |-INFO in ch.qos.logback.core.rolling.SizeAndTimeBasedFNATP@6bf256fa - Roll-over at midnight.
11:48:01,629 |-INFO in ch.qos.logback.core.rolling.SizeAndTimeBasedFNATP@6bf256fa - Setting initial period to Sun Jun 09 11:47:20 MSK 2019
11:48:01,629 |-WARN in ch.qos.logback.core.rolling.SizeAndTimeBasedFNATP@6bf256fa - SizeAndTimeBasedFNATP is deprecated. Use SizeAndTimeBasedRollingPolicy instead
11:48:01,629 |-WARN in ch.qos.logback.core.rolling.SizeAndTimeBasedFNATP@6bf256fa - For more information see http://logback.qos.ch/manual/appenders.html#SizeAndTimeBasedRollingPolicy
11:48:01,633 |-INFO in ch.qos.logback.core.joran.action.NestedComplexPropertyIA - Assuming default type [ch.qos.logback.classic.encoder.PatternLayoutEncoder] for [encoder] property
11:48:01,636 |-INFO in ch.qos.logback.core.rolling.RollingFileAppender[FILE] - Active log file name: /tmp/application.log
11:48:01,636 |-INFO in ch.qos.logback.core.rolling.RollingFileAppender[FILE] - File property is set to [/tmp/application.log]
11:48:01,637 |-INFO in ch.qos.logback.classic.joran.action.RootLoggerAction - Setting level of ROOT logger to WARN
11:48:01,637 |-INFO in ch.qos.logback.core.joran.action.AppenderRefAction - Attaching appender named [STDOUT] to Logger[ROOT]
11:48:01,637 |-INFO in ch.qos.logback.core.joran.action.AppenderRefAction - Attaching appender named [FILE] to Logger[ROOT]
11:48:01,637 |-INFO in ch.qos.logback.classic.joran.action.ConfigurationAction - End of configuration.
11:48:01,638 |-INFO in ch.qos.logback.classic.joran.JoranConfigurator@6cd8737 - Registering current configuration as safe fallback point

2019-06-09T11:48:02.628+0300: 1.345: [GC (Metadata GC Threshold) [PSYoungGen: 108152K->15831K(149504K)] 108152K->15911K(491008K), 0.0293208 secs] [Times: user=0.10 sys=0.04, real=0.03 secs] 
2019-06-09T11:48:02.657+0300: 1.374: [Full GC (Metadata GC Threshold) [PSYoungGen: 15831K->0K(149504K)] [ParOldGen: 80K->14981K(341504K)] 15911K->14981K(491008K), [Metaspace: 20800K->20800K(1067008K)], 0.0289442 secs] [Times: user=0.14 sys=0.03, real=0.03 secs] 
11:48:13.842 [Curator-PathChildrenCache-1] WARN  o.a.c.u.ZKPaths  - The version of ZooKeeper being used doesn't support Container nodes. CreateMode.PERSISTENT will be used instead.
2019-06-09T11:48:14.741+0300: 13.459: [GC (Metadata GC Threshold) [PSYoungGen: 124545K->15696K(149504K)] 139527K->50217K(491008K), 0.0305458 secs] [Times: user=0.27 sys=0.02, real=0.03 secs] 
2019-06-09T11:48:14.772+0300: 13.489: [Full GC (Metadata GC Threshold) [PSYoungGen: 15696K->0K(149504K)] [ParOldGen: 34520K->38658K(341504K)] 50217K->38658K(491008K), [Metaspace: 34550K->34550K(1079296K)], 0.0366813 secs] [Times: user=0.19 sys=0.00, real=0.03 secs] 
2019-06-09T11:48:17.085+0300: 15.802: [GC (Allocation Failure) [PSYoungGen: 128512K->416K(149504K)] 167170K->39082K(491008K), 0.0038060 secs] [Times: user=0.00 sys=0.02, real=0.00 secs] 
2019-06-09T11:48:19.869+0300: 18.586: [GC (Allocation Failure) [PSYoungGen: 128928K->384K(149504K)] 167594K->39058K(491008K), 0.0080292 secs] [Times: user=0.06 sys=0.02, real=0.01 secs] 
2019-06-09T11:48:22.670+0300: 21.387: [GC (Allocation Failure) [PSYoungGen: 128896K->320K(129024K)] 167570K->39002K(470528K), 0.0043524 secs] [Times: user=0.02 sys=0.01, real=0.00 secs] 
2019-06-09T11:48:25.503+0300: 24.220: [GC (Allocation Failure) [PSYoungGen: 128832K->352K(150016K)] 167514K->39034K(491520K), 0.0028830 secs] [Times: user=0.01 sys=0.00, real=0.00 secs] 
2019-06-09T11:48:28.352+0300: 27.070: [GC (Allocation Failure) [PSYoungGen: 128864K->480K(148992K)] 167546K->39162K(490496K), 0.0057681 secs] [Times: user=0.03 sys=0.00, real=0.01 secs] 
2019-06-09T11:48:31.197+0300: 29.915: [GC (Allocation Failure) [PSYoungGen: 128992K->384K(151552K)] 167674K->39074K(493056K), 0.0024025 secs] [Times: user=0.01 sys=0.00, real=0.01 secs] 
2019-06-09T11:48:34.156+0300: 32.873: [GC (Allocation Failure) [PSYoungGen: 132480K->256K(151040K)] 171170K->38954K(492544K), 0.0043162 secs] [Times: user=0.02 sys=0.00, real=0.01 secs] 
2019-06-09T11:48:37.021+0300: 35.738: [GC (Allocation Failure) [PSYoungGen: 132352K->384K(153600K)] 171050K->39082K(495104K), 0.0063713 secs] [Times: user=0.04 sys=0.00, real=0.00 secs] 
2019-06-09T11:48:40.045+0300: 38.762: [GC (Allocation Failure) [PSYoungGen: 136064K->352K(152576K)] 174762K->39050K(494080K), 0.0031745 secs] [Times: user=0.01 sys=0.00, real=0.00 secs] 
11:48:50.757 [Curator-PathChildrenCache-0] ERROR o.a.c.f.r.c.PathChildrenCache  - 
java.lang.IllegalStateException: instance must be started before calling this method
	at org.apache.curator.shaded.com.google.common.base.Preconditions.checkState(Preconditions.java:444)
	at org.apache.curator.framework.imps.CuratorFrameworkImpl.getChildren(CuratorFrameworkImpl.java:456)
	at org.apache.curator.framework.recipes.cache.PathChildrenCache.refresh(PathChildrenCache.java:521)
	at org.apache.curator.framework.recipes.cache.RefreshOperation.invoke(RefreshOperation.java:35)
	at org.apache.curator.framework.recipes.cache.PathChildrenCache$9.run(PathChildrenCache.java:786)
	at java.util.concurrent.Executors$RunnableAdapter.call(Executors.java:511)
	at java.util.concurrent.FutureTask.run(FutureTask.java:266)
	at java.util.concurrent.Executors$RunnableAdapter.call(Executors.java:511)
	at java.util.concurrent.FutureTask.run(FutureTask.java:266)
	at java.util.concurrent.ThreadPoolExecutor.runWorker(ThreadPoolExecutor.java:1149)
	at java.util.concurrent.ThreadPoolExecutor$Worker.run(ThreadPoolExecutor.java:624)
	at java.lang.Thread.run(Thread.java:748)
2019-06-09T11:48:50.840+0300: 49.557: [GC (Allocation Failure) [PSYoungGen: 136032K->1169K(155136K)] 174730K->39876K(496640K), 0.0037182 secs] [Times: user=0.02 sys=0.00, real=0.00 secs] 
Heap
 PSYoungGen      total 155136K, used 4834K [0x00000000f5980000, 0x0000000100000000, 0x0000000100000000)
  eden space 138752K, 2% used [0x00000000f5980000,0x00000000f5d14650,0x00000000fe100000)
  from space 16384K, 7% used [0x00000000ff000000,0x00000000ff1244c8,0x0000000100000000)
  to   space 15360K, 0% used [0x00000000fe100000,0x00000000fe100000,0x00000000ff000000)
 ParOldGen       total 341504K, used 38706K [0x00000000e0c00000, 0x00000000f5980000, 0x00000000f5980000)
  object space 341504K, 11% used [0x00000000e0c00000,0x00000000e31ccb78,0x00000000f5980000)
 Metaspace       used 35723K, capacity 36606K, committed 36952K, reserved 1081344K
  class space    used 4936K, capacity 5129K, committed 5248K, reserved 1048576K
