12:27:51,490 |-INFO in ch.qos.logback.classic.LoggerContext[default] - Could NOT find resource [logback-test.xml]
12:27:51,491 |-INFO in ch.qos.logback.classic.LoggerContext[default] - Could NOT find resource [logback.groovy]
12:27:51,491 |-INFO in ch.qos.logback.classic.LoggerContext[default] - Found resource [logback.xml] at [jar:file:/home/nikitasokolov/flamestream/lib/flamestream-runtime-1.0-SNAPSHOT.jar!/logback.xml]
12:27:51,491 |-WARN in ch.qos.logback.classic.LoggerContext[default] - Resource [logback.xml] occurs multiple times on the classpath.
12:27:51,492 |-WARN in ch.qos.logback.classic.LoggerContext[default] - Resource [logback.xml] occurs at [jar:file:/home/nikitasokolov/flamestream/lib/flamestream-runtime-1.0-SNAPSHOT.jar!/logback.xml]
12:27:51,492 |-WARN in ch.qos.logback.classic.LoggerContext[default] - Resource [logback.xml] occurs at [jar:file:/home/nikitasokolov/flamestream/flamestream-runtime-1.0-SNAPSHOT.jar!/logback.xml]
12:27:51,508 |-INFO in ch.qos.logback.core.joran.spi.ConfigurationWatchList@6108b2d7 - URL [jar:file:/home/nikitasokolov/flamestream/lib/flamestream-runtime-1.0-SNAPSHOT.jar!/logback.xml] is not of type file
12:27:51,557 |-INFO in ch.qos.logback.classic.joran.action.ConfigurationAction - debug attribute not set
12:27:51,558 |-INFO in ch.qos.logback.core.joran.action.AppenderAction - About to instantiate appender of type [ch.qos.logback.core.ConsoleAppender]
12:27:51,565 |-INFO in ch.qos.logback.core.joran.action.AppenderAction - Naming appender as [STDOUT]
12:27:51,572 |-INFO in ch.qos.logback.core.joran.action.NestedComplexPropertyIA - Assuming default type [ch.qos.logback.classic.encoder.PatternLayoutEncoder] for [encoder] property
12:27:51,633 |-INFO in ch.qos.logback.core.joran.action.AppenderAction - About to instantiate appender of type [ch.qos.logback.core.rolling.RollingFileAppender]
12:27:51,638 |-INFO in ch.qos.logback.core.joran.action.AppenderAction - Naming appender as [FILE]
12:27:51,659 |-INFO in c.q.l.core.rolling.TimeBasedRollingPolicy@357863579 - No compression will be used
12:27:51,660 |-INFO in c.q.l.core.rolling.TimeBasedRollingPolicy@357863579 - Will use the pattern /tmp/application_%d{yyyy-MM-dd}.%i.log for the active file
12:27:51,663 |-INFO in ch.qos.logback.core.rolling.SizeAndTimeBasedFNATP@6bf256fa - The date pattern is 'yyyy-MM-dd' from file name pattern '/tmp/application_%d{yyyy-MM-dd}.%i.log'.
12:27:51,663 |-INFO in ch.qos.logback.core.rolling.SizeAndTimeBasedFNATP@6bf256fa - Roll-over at midnight.
12:27:51,667 |-INFO in ch.qos.logback.core.rolling.SizeAndTimeBasedFNATP@6bf256fa - Setting initial period to Sun Jun 09 12:26:40 MSK 2019
12:27:51,667 |-WARN in ch.qos.logback.core.rolling.SizeAndTimeBasedFNATP@6bf256fa - SizeAndTimeBasedFNATP is deprecated. Use SizeAndTimeBasedRollingPolicy instead
12:27:51,667 |-WARN in ch.qos.logback.core.rolling.SizeAndTimeBasedFNATP@6bf256fa - For more information see http://logback.qos.ch/manual/appenders.html#SizeAndTimeBasedRollingPolicy
12:27:51,672 |-INFO in ch.qos.logback.core.joran.action.NestedComplexPropertyIA - Assuming default type [ch.qos.logback.classic.encoder.PatternLayoutEncoder] for [encoder] property
12:27:51,674 |-INFO in ch.qos.logback.core.rolling.RollingFileAppender[FILE] - Active log file name: /tmp/application.log
12:27:51,674 |-INFO in ch.qos.logback.core.rolling.RollingFileAppender[FILE] - File property is set to [/tmp/application.log]
12:27:51,675 |-INFO in ch.qos.logback.classic.joran.action.RootLoggerAction - Setting level of ROOT logger to WARN
12:27:51,675 |-INFO in ch.qos.logback.core.joran.action.AppenderRefAction - Attaching appender named [STDOUT] to Logger[ROOT]
12:27:51,676 |-INFO in ch.qos.logback.core.joran.action.AppenderRefAction - Attaching appender named [FILE] to Logger[ROOT]
12:27:51,676 |-INFO in ch.qos.logback.classic.joran.action.ConfigurationAction - End of configuration.
12:27:51,677 |-INFO in ch.qos.logback.classic.joran.JoranConfigurator@6cd8737 - Registering current configuration as safe fallback point

2019-06-09T12:27:52.655+0300: 1.363: [GC (Metadata GC Threshold) [PSYoungGen: 108151K->15836K(149504K)] 108151K->15916K(491008K), 0.0287721 secs] [Times: user=0.11 sys=0.03, real=0.03 secs] 
2019-06-09T12:27:52.684+0300: 1.392: [Full GC (Metadata GC Threshold) [PSYoungGen: 15836K->0K(149504K)] [ParOldGen: 80K->14981K(341504K)] 15916K->14981K(491008K), [Metaspace: 20800K->20800K(1067008K)], 0.0322490 secs] [Times: user=0.19 sys=0.02, real=0.03 secs] 
12:28:05.388 [Curator-PathChildrenCache-1] WARN  o.a.c.u.ZKPaths  - The version of ZooKeeper being used doesn't support Container nodes. CreateMode.PERSISTENT will be used instead.
2019-06-09T12:28:06.318+0300: 15.026: [GC (Metadata GC Threshold) [PSYoungGen: 127991K->15864K(149504K)] 142973K->50385K(491008K), 0.0262971 secs] [Times: user=0.21 sys=0.02, real=0.02 secs] 
2019-06-09T12:28:06.344+0300: 15.053: [Full GC (Metadata GC Threshold) [PSYoungGen: 15864K->0K(149504K)] [ParOldGen: 34521K->38869K(341504K)] 50385K->38869K(491008K), [Metaspace: 34538K->34538K(1079296K)], 0.0324674 secs] [Times: user=0.18 sys=0.01, real=0.03 secs] 
2019-06-09T12:28:12.138+0300: 20.847: [GC (Allocation Failure) [PSYoungGen: 128512K->416K(149504K)] 167381K->39293K(491008K), 0.0044670 secs] [Times: user=0.03 sys=0.00, real=0.00 secs] 
2019-06-09T12:28:18.649+0300: 27.358: [GC (Allocation Failure) [PSYoungGen: 128928K->384K(149504K)] 167805K->39269K(491008K), 0.0039061 secs] [Times: user=0.00 sys=0.02, real=0.01 secs] 
2019-06-09T12:28:25.289+0300: 33.998: [GC (Allocation Failure) [PSYoungGen: 128896K->416K(129024K)] 167781K->39309K(470528K), 0.0069583 secs] [Times: user=0.06 sys=0.00, real=0.01 secs] 
2019-06-09T12:28:31.961+0300: 40.670: [GC (Allocation Failure) [PSYoungGen: 128928K->352K(150016K)] 167821K->39253K(491520K), 0.0039846 secs] [Times: user=0.01 sys=0.00, real=0.00 secs] 
2019-06-09T12:28:38.659+0300: 47.368: [GC (Allocation Failure) [PSYoungGen: 128864K->416K(148992K)] 167765K->39325K(490496K), 0.0026071 secs] [Times: user=0.01 sys=0.00, real=0.00 secs] 
2019-06-09T12:28:45.408+0300: 54.116: [GC (Allocation Failure) [PSYoungGen: 128928K->448K(151552K)] 167837K->39365K(493056K), 0.0050561 secs] [Times: user=0.04 sys=0.00, real=0.01 secs] 
2019-06-09T12:28:52.256+0300: 60.964: [GC (Allocation Failure) [PSYoungGen: 132544K->384K(151040K)] 171461K->39309K(492544K), 0.0032319 secs] [Times: user=0.01 sys=0.01, real=0.01 secs] 
2019-06-09T12:29:00.572+0300: 69.281: [GC (Allocation Failure) [PSYoungGen: 132480K->896K(153600K)] 171405K->39829K(495104K), 0.0036949 secs] [Times: user=0.02 sys=0.00, real=0.00 secs] 
12:29:14.987 [Curator-PathChildrenCache-0] ERROR o.a.c.f.r.c.PathChildrenCache  - 
java.lang.IllegalStateException: instance must be started before calling this method
	at org.apache.curator.shaded.com.google.common.base.Preconditions.checkState(Preconditions.java:444)
	at org.apache.curator.framework.imps.CuratorFrameworkImpl.getChildren(CuratorFrameworkImpl.java:456)
	at org.apache.curator.framework.recipes.cache.PathChildrenCache.refresh(PathChildrenCache.java:521)
	at org.apache.curator.framework.recipes.cache.RefreshOperation.invoke(RefreshOperation.java:35)
	at org.apache.curator.framework.recipes.cache.PathChildrenCache$9.run(PathChildrenCache.java:786)
	at java.util.concurrent.Executors$RunnableAdapter.call(Executors.java:511)
	at java.util.concurrent.FutureTask.run(FutureTask.java:266)
	at java.util.concurrent.Executors$RunnableAdapter.call(Executors.java:511)
	at java.util.concurrent.FutureTask.run(FutureTask.java:266)
	at java.util.concurrent.ThreadPoolExecutor.runWorker(ThreadPoolExecutor.java:1149)
	at java.util.concurrent.ThreadPoolExecutor$Worker.run(ThreadPoolExecutor.java:624)
	at java.lang.Thread.run(Thread.java:748)
Heap
 PSYoungGen      total 153600K, used 100437K [0x00000000f5980000, 0x0000000100000000, 0x0000000100000000)
  eden space 135680K, 73% used [0x00000000f5980000,0x00000000fbab54e0,0x00000000fde00000)
  from space 17920K, 5% used [0x00000000fee80000,0x00000000fef60060,0x0000000100000000)
  to   space 16896K, 0% used [0x00000000fde00000,0x00000000fde00000,0x00000000fee80000)
 ParOldGen       total 341504K, used 38933K [0x00000000e0c00000, 0x00000000f5980000, 0x00000000f5980000)
  object space 341504K, 11% used [0x00000000e0c00000,0x00000000e3205400,0x00000000f5980000)
 Metaspace       used 36114K, capacity 36958K, committed 37208K, reserved 1081344K
  class space    used 4978K, capacity 5161K, committed 5248K, reserved 1048576K
