07:30:31,961 |-INFO in ch.qos.logback.classic.LoggerContext[default] - Could NOT find resource [logback-test.xml]
07:30:31,961 |-INFO in ch.qos.logback.classic.LoggerContext[default] - Could NOT find resource [logback.groovy]
07:30:31,961 |-INFO in ch.qos.logback.classic.LoggerContext[default] - Found resource [logback.xml] at [jar:file:/root/flamestream/lib/flamestream-runtime-1.0-SNAPSHOT.jar!/logback.xml]
07:30:31,964 |-WARN in ch.qos.logback.classic.LoggerContext[default] - Resource [logback.xml] occurs multiple times on the classpath.
07:30:31,964 |-WARN in ch.qos.logback.classic.LoggerContext[default] - Resource [logback.xml] occurs at [jar:file:/root/flamestream/lib/flamestream-runtime-1.0-SNAPSHOT.jar!/logback.xml]
07:30:31,964 |-WARN in ch.qos.logback.classic.LoggerContext[default] - Resource [logback.xml] occurs at [jar:file:/root/flamestream/flamestream-runtime-1.0-SNAPSHOT.jar!/logback.xml]
07:30:31,984 |-INFO in ch.qos.logback.core.joran.spi.ConfigurationWatchList@3fb6a447 - URL [jar:file:/root/flamestream/lib/flamestream-runtime-1.0-SNAPSHOT.jar!/logback.xml] is not of type file
07:30:32,052 |-INFO in ch.qos.logback.classic.joran.action.ConfigurationAction - debug attribute not set
07:30:32,052 |-INFO in ch.qos.logback.core.joran.action.AppenderAction - About to instantiate appender of type [ch.qos.logback.core.ConsoleAppender]
07:30:32,069 |-INFO in ch.qos.logback.core.joran.action.AppenderAction - Naming appender as [STDOUT]
07:30:32,088 |-INFO in ch.qos.logback.core.joran.action.NestedComplexPropertyIA - Assuming default type [ch.qos.logback.classic.encoder.PatternLayoutEncoder] for [encoder] property
07:30:32,173 |-INFO in ch.qos.logback.core.joran.action.AppenderAction - About to instantiate appender of type [ch.qos.logback.core.rolling.RollingFileAppender]
07:30:32,181 |-INFO in ch.qos.logback.core.joran.action.AppenderAction - Naming appender as [FILE]
07:30:32,211 |-INFO in c.q.l.core.rolling.TimeBasedRollingPolicy@127618319 - No compression will be used
07:30:32,212 |-INFO in c.q.l.core.rolling.TimeBasedRollingPolicy@127618319 - Will use the pattern /tmp/application_%d{yyyy-MM-dd}.%i.log for the active file
07:30:32,215 |-INFO in ch.qos.logback.core.rolling.SizeAndTimeBasedFNATP@6b2fad11 - The date pattern is 'yyyy-MM-dd' from file name pattern '/tmp/application_%d{yyyy-MM-dd}.%i.log'.
07:30:32,215 |-INFO in ch.qos.logback.core.rolling.SizeAndTimeBasedFNATP@6b2fad11 - Roll-over at midnight.
07:30:32,221 |-INFO in ch.qos.logback.core.rolling.SizeAndTimeBasedFNATP@6b2fad11 - Setting initial period to Tue Jun 11 07:29:05 UTC 2019
07:30:32,221 |-WARN in ch.qos.logback.core.rolling.SizeAndTimeBasedFNATP@6b2fad11 - SizeAndTimeBasedFNATP is deprecated. Use SizeAndTimeBasedRollingPolicy instead
07:30:32,221 |-WARN in ch.qos.logback.core.rolling.SizeAndTimeBasedFNATP@6b2fad11 - For more information see http://logback.qos.ch/manual/appenders.html#SizeAndTimeBasedRollingPolicy
07:30:32,225 |-INFO in ch.qos.logback.core.joran.action.NestedComplexPropertyIA - Assuming default type [ch.qos.logback.classic.encoder.PatternLayoutEncoder] for [encoder] property
07:30:32,229 |-INFO in ch.qos.logback.core.rolling.RollingFileAppender[FILE] - Active log file name: /tmp/application.log
07:30:32,229 |-INFO in ch.qos.logback.core.rolling.RollingFileAppender[FILE] - File property is set to [/tmp/application.log]
07:30:32,230 |-INFO in ch.qos.logback.classic.joran.action.RootLoggerAction - Setting level of ROOT logger to WARN
07:30:32,230 |-INFO in ch.qos.logback.core.joran.action.AppenderRefAction - Attaching appender named [STDOUT] to Logger[ROOT]
07:30:32,232 |-INFO in ch.qos.logback.core.joran.action.AppenderRefAction - Attaching appender named [FILE] to Logger[ROOT]
07:30:32,232 |-INFO in ch.qos.logback.classic.joran.action.ConfigurationAction - End of configuration.
07:30:32,233 |-INFO in ch.qos.logback.classic.joran.JoranConfigurator@79698539 - Registering current configuration as safe fallback point

Ama winner
Ama winner
2019-06-11T07:30:33.516+0000: 1.738: [Full GC (Metadata GC Threshold) 2019-06-11T07:30:33.516+0000: 1.738: [Tenured: 0K->15208K(341376K), 0.0397402 secs] 114923K->15208K(494976K), [Metaspace: 20735K->20735K(1067008K)], 0.0398067 secs] [Times: user=0.04 sys=0.00, real=0.04 secs] 
07:30:51.518 [Curator-PathChildrenCache-2] WARN  o.a.c.u.ZKPaths  - The version of ZooKeeper being used doesn't support Container nodes. CreateMode.PERSISTENT will be used instead.
2019-06-11T07:30:53.965+0000: 22.187: [GC (Allocation Failure) 2019-06-11T07:30:53.965+0000: 22.187: [DefNew: 136263K->16910K(153600K), 0.0252942 secs] 151471K->51650K(494976K), 0.0253702 secs] [Times: user=0.02 sys=0.01, real=0.03 secs] 
2019-06-11T07:30:54.280+0000: 22.502: [Full GC (Metadata GC Threshold) 2019-06-11T07:30:54.280+0000: 22.502: [Tenured: 34739K->43469K(341376K), 0.0443371 secs] 69319K->43469K(494976K), [Metaspace: 34597K->34597K(1079296K)], 0.0444057 secs] [Times: user=0.04 sys=0.01, real=0.04 secs] 
2019-06-11T07:30:56.538+0000: 24.760: [GC (Allocation Failure) 2019-06-11T07:30:56.538+0000: 24.760: [DefNew: 136576K->155K(153600K), 0.0020183 secs] 180045K->43624K(494976K), 0.0020769 secs] [Times: user=0.00 sys=0.00, real=0.00 secs] 
2019-06-11T07:30:58.543+0000: 26.765: [GC (Allocation Failure) 2019-06-11T07:30:58.543+0000: 26.765: [DefNew: 136731K->164K(153600K), 0.0018336 secs] 180200K->43633K(494976K), 0.0018894 secs] [Times: user=0.01 sys=0.00, real=0.00 secs] 
2019-06-11T07:31:00.536+0000: 28.758: [GC (Allocation Failure) 2019-06-11T07:31:00.536+0000: 28.758: [DefNew: 136740K->180K(153600K), 0.0017605 secs] 180209K->43649K(494976K), 0.0018174 secs] [Times: user=0.00 sys=0.00, real=0.00 secs] 
2019-06-11T07:31:02.611+0000: 30.833: [GC (Allocation Failure) 2019-06-11T07:31:02.611+0000: 30.833: [DefNew: 136756K->206K(153600K), 0.0017807 secs] 180225K->43675K(494976K), 0.0018409 secs] [Times: user=0.00 sys=0.00, real=0.00 secs] 
2019-06-11T07:31:04.641+0000: 32.864: [GC (Allocation Failure) 2019-06-11T07:31:04.642+0000: 32.864: [DefNew: 136782K->207K(153600K), 0.0018738 secs] 180251K->43676K(494976K), 0.0030564 secs] [Times: user=0.00 sys=0.00, real=0.00 secs] 
2019-06-11T07:31:06.710+0000: 34.932: [GC (Allocation Failure) 2019-06-11T07:31:06.710+0000: 34.932: [DefNew: 136783K->215K(153600K), 0.0018534 secs] 180252K->43684K(494976K), 0.0019117 secs] [Times: user=0.00 sys=0.00, real=0.00 secs] 
2019-06-11T07:31:08.737+0000: 36.959: [GC (Allocation Failure) 2019-06-11T07:31:08.737+0000: 36.959: [DefNew: 136791K->207K(153600K), 0.0018395 secs] 180260K->43677K(494976K), 0.0018983 secs] [Times: user=0.00 sys=0.00, real=0.00 secs] 
2019-06-11T07:31:13.987+0000: 42.209: [GC (Allocation Failure) 2019-06-11T07:31:13.987+0000: 42.209: [DefNew: 136783K->205K(153600K), 0.0018302 secs] 180253K->43674K(494976K), 0.0018890 secs] [Times: user=0.00 sys=0.00, real=0.00 secs] 
07:31:22.588 [Curator-PathChildrenCache-0] ERROR o.a.c.f.r.c.PathChildrenCache  - 
java.lang.IllegalStateException: instance must be started before calling this method
	at org.apache.curator.shaded.com.google.common.base.Preconditions.checkState(Preconditions.java:444)
	at org.apache.curator.framework.imps.CuratorFrameworkImpl.getChildren(CuratorFrameworkImpl.java:456)
	at org.apache.curator.framework.recipes.cache.PathChildrenCache.refresh(PathChildrenCache.java:521)
	at org.apache.curator.framework.recipes.cache.RefreshOperation.invoke(RefreshOperation.java:35)
	at org.apache.curator.framework.recipes.cache.PathChildrenCache$9.run(PathChildrenCache.java:786)
	at java.util.concurrent.Executors$RunnableAdapter.call(Executors.java:511)
	at java.util.concurrent.FutureTask.run(FutureTask.java:266)
	at java.util.concurrent.Executors$RunnableAdapter.call(Executors.java:511)
	at java.util.concurrent.FutureTask.run(FutureTask.java:266)
	at java.util.concurrent.ThreadPoolExecutor.runWorker(ThreadPoolExecutor.java:1149)
	at java.util.concurrent.ThreadPoolExecutor$Worker.run(ThreadPoolExecutor.java:624)
	at java.lang.Thread.run(Thread.java:748)
Heap
 def new generation   total 153600K, used 70810K [0x00000000e0c00000, 0x00000000eb2a0000, 0x00000000eb2a0000)
  eden space 136576K,  51% used [0x00000000e0c00000, 0x00000000e50f3390, 0x00000000e9160000)
  from space 17024K,   1% used [0x00000000ea200000, 0x00000000ea233550, 0x00000000eb2a0000)
  to   space 17024K,   0% used [0x00000000e9160000, 0x00000000e9160000, 0x00000000ea200000)
 tenured generation   total 341376K, used 43469K [0x00000000eb2a0000, 0x0000000100000000, 0x0000000100000000)
   the space 341376K,  12% used [0x00000000eb2a0000, 0x00000000edd13440, 0x00000000edd13600, 0x0000000100000000)
 Metaspace       used 36032K, capacity 36994K, committed 37120K, reserved 1081344K
  class space    used 4860K, capacity 5059K, committed 5120K, reserved 1048576K
