15:10:51,301 |-INFO in ch.qos.logback.classic.LoggerContext[default] - Could NOT find resource [logback-test.xml]
15:10:51,301 |-INFO in ch.qos.logback.classic.LoggerContext[default] - Could NOT find resource [logback.groovy]
15:10:51,302 |-INFO in ch.qos.logback.classic.LoggerContext[default] - Found resource [logback.xml] at [jar:file:/root/flamestream/lib/flamestream-runtime-1.0-SNAPSHOT.jar!/logback.xml]
15:10:51,302 |-WARN in ch.qos.logback.classic.LoggerContext[default] - Resource [logback.xml] occurs multiple times on the classpath.
15:10:51,302 |-WARN in ch.qos.logback.classic.LoggerContext[default] - Resource [logback.xml] occurs at [jar:file:/root/flamestream/lib/flamestream-runtime-1.0-SNAPSHOT.jar!/logback.xml]
15:10:51,302 |-WARN in ch.qos.logback.classic.LoggerContext[default] - Resource [logback.xml] occurs at [jar:file:/root/flamestream/flamestream-runtime-1.0-SNAPSHOT.jar!/logback.xml]
15:10:51,326 |-INFO in ch.qos.logback.core.joran.spi.ConfigurationWatchList@3fb6a447 - URL [jar:file:/root/flamestream/lib/flamestream-runtime-1.0-SNAPSHOT.jar!/logback.xml] is not of type file
15:10:51,393 |-INFO in ch.qos.logback.classic.joran.action.ConfigurationAction - debug attribute not set
15:10:51,393 |-INFO in ch.qos.logback.core.joran.action.AppenderAction - About to instantiate appender of type [ch.qos.logback.core.ConsoleAppender]
15:10:51,409 |-INFO in ch.qos.logback.core.joran.action.AppenderAction - Naming appender as [STDOUT]
15:10:51,427 |-INFO in ch.qos.logback.core.joran.action.NestedComplexPropertyIA - Assuming default type [ch.qos.logback.classic.encoder.PatternLayoutEncoder] for [encoder] property
15:10:51,527 |-INFO in ch.qos.logback.core.joran.action.AppenderAction - About to instantiate appender of type [ch.qos.logback.core.rolling.RollingFileAppender]
15:10:51,535 |-INFO in ch.qos.logback.core.joran.action.AppenderAction - Naming appender as [FILE]
15:10:51,564 |-INFO in c.q.l.core.rolling.TimeBasedRollingPolicy@127618319 - No compression will be used
15:10:51,565 |-INFO in c.q.l.core.rolling.TimeBasedRollingPolicy@127618319 - Will use the pattern /tmp/application_%d{yyyy-MM-dd}.%i.log for the active file
15:10:51,568 |-INFO in ch.qos.logback.core.rolling.SizeAndTimeBasedFNATP@6b2fad11 - The date pattern is 'yyyy-MM-dd' from file name pattern '/tmp/application_%d{yyyy-MM-dd}.%i.log'.
15:10:51,568 |-INFO in ch.qos.logback.core.rolling.SizeAndTimeBasedFNATP@6b2fad11 - Roll-over at midnight.
15:10:51,573 |-INFO in ch.qos.logback.core.rolling.SizeAndTimeBasedFNATP@6b2fad11 - Setting initial period to Mon Jun 10 15:09:32 UTC 2019
15:10:51,573 |-WARN in ch.qos.logback.core.rolling.SizeAndTimeBasedFNATP@6b2fad11 - SizeAndTimeBasedFNATP is deprecated. Use SizeAndTimeBasedRollingPolicy instead
15:10:51,573 |-WARN in ch.qos.logback.core.rolling.SizeAndTimeBasedFNATP@6b2fad11 - For more information see http://logback.qos.ch/manual/appenders.html#SizeAndTimeBasedRollingPolicy
15:10:51,577 |-INFO in ch.qos.logback.core.joran.action.NestedComplexPropertyIA - Assuming default type [ch.qos.logback.classic.encoder.PatternLayoutEncoder] for [encoder] property
15:10:51,582 |-INFO in ch.qos.logback.core.rolling.RollingFileAppender[FILE] - Active log file name: /tmp/application.log
15:10:51,582 |-INFO in ch.qos.logback.core.rolling.RollingFileAppender[FILE] - File property is set to [/tmp/application.log]
15:10:51,583 |-INFO in ch.qos.logback.classic.joran.action.RootLoggerAction - Setting level of ROOT logger to WARN
15:10:51,583 |-INFO in ch.qos.logback.core.joran.action.AppenderRefAction - Attaching appender named [STDOUT] to Logger[ROOT]
15:10:51,585 |-INFO in ch.qos.logback.core.joran.action.AppenderRefAction - Attaching appender named [FILE] to Logger[ROOT]
15:10:51,585 |-INFO in ch.qos.logback.classic.joran.action.ConfigurationAction - End of configuration.
15:10:51,586 |-INFO in ch.qos.logback.classic.joran.JoranConfigurator@79698539 - Registering current configuration as safe fallback point

Ama winner
Ama winner
2019-06-10T15:10:52.861+0000: 1.739: [Full GC (Metadata GC Threshold) 2019-06-10T15:10:52.861+0000: 1.739: [Tenured: 0K->15241K(341376K), 0.0387697 secs] 117750K->15241K(494976K), [Metaspace: 20733K->20733K(1067008K)], 0.0388390 secs] [Times: user=0.03 sys=0.01, real=0.04 secs] 
15:11:09.011 [Curator-PathChildrenCache-1] WARN  o.a.c.u.ZKPaths  - The version of ZooKeeper being used doesn't support Container nodes. CreateMode.PERSISTENT will be used instead.
2019-06-10T15:11:11.098+0000: 19.976: [GC (Allocation Failure) 2019-06-10T15:11:11.098+0000: 19.976: [DefNew: 117397K->17024K(153600K), 0.0170057 secs] 132638K->32755K(494976K), 0.0170815 secs] [Times: user=0.00 sys=0.01, real=0.02 secs] 
2019-06-10T15:11:12.761+0000: 21.640: [Full GC (Metadata GC Threshold) 2019-06-10T15:11:12.761+0000: 21.640: [Tenured: 15731K->44007K(341376K), 0.0489499 secs] 90361K->44007K(494976K), [Metaspace: 34587K->34587K(1079296K)], 0.0490256 secs] [Times: user=0.04 sys=0.01, real=0.05 secs] 
2019-06-10T15:11:18.678+0000: 27.556: [GC (Allocation Failure) 2019-06-10T15:11:18.678+0000: 27.556: [DefNew: 136576K->65K(153600K), 0.0019343 secs] 180583K->44073K(494976K), 0.0020054 secs] [Times: user=0.00 sys=0.00, real=0.00 secs] 
2019-06-10T15:11:24.576+0000: 33.456: [GC (Allocation Failure) 2019-06-10T15:11:24.577+0000: 33.456: [DefNew: 136641K->67K(153600K), 0.0018161 secs] 180649K->44074K(494976K), 0.0030291 secs] [Times: user=0.00 sys=0.00, real=0.00 secs] 
2019-06-10T15:11:30.369+0000: 39.247: [GC (Allocation Failure) 2019-06-10T15:11:30.369+0000: 39.247: [DefNew: 136643K->68K(153600K), 0.0018523 secs] 180650K->44076K(494976K), 0.0019146 secs] [Times: user=0.00 sys=0.00, real=0.00 secs] 
2019-06-10T15:11:36.181+0000: 45.059: [GC (Allocation Failure) 2019-06-10T15:11:36.181+0000: 45.059: [DefNew: 136644K->69K(153600K), 0.0018380 secs] 180652K->44076K(494976K), 0.0018975 secs] [Times: user=0.00 sys=0.00, real=0.00 secs] 
2019-06-10T15:11:47.915+0000: 56.793: [GC (Allocation Failure) 2019-06-10T15:11:47.915+0000: 56.793: [DefNew: 136645K->281K(153600K), 0.0028595 secs] 180652K->44289K(494976K), 0.0029189 secs] [Times: user=0.00 sys=0.00, real=0.00 secs] 
15:11:47.964 [Curator-PathChildrenCache-0] ERROR o.a.c.f.r.c.PathChildrenCache  - 
java.lang.IllegalStateException: instance must be started before calling this method
	at org.apache.curator.shaded.com.google.common.base.Preconditions.checkState(Preconditions.java:444)
	at org.apache.curator.framework.imps.CuratorFrameworkImpl.getChildren(CuratorFrameworkImpl.java:456)
	at org.apache.curator.framework.recipes.cache.PathChildrenCache.refresh(PathChildrenCache.java:521)
	at org.apache.curator.framework.recipes.cache.RefreshOperation.invoke(RefreshOperation.java:35)
	at org.apache.curator.framework.recipes.cache.PathChildrenCache$9.run(PathChildrenCache.java:786)
	at java.util.concurrent.Executors$RunnableAdapter.call(Executors.java:511)
	at java.util.concurrent.FutureTask.run(FutureTask.java:266)
	at java.util.concurrent.Executors$RunnableAdapter.call(Executors.java:511)
	at java.util.concurrent.FutureTask.run(FutureTask.java:266)
	at java.util.concurrent.ThreadPoolExecutor.runWorker(ThreadPoolExecutor.java:1149)
	at java.util.concurrent.ThreadPoolExecutor$Worker.run(ThreadPoolExecutor.java:624)
	at java.lang.Thread.run(Thread.java:748)
Heap
 def new generation   total 153600K, used 11529K [0x00000000e0c00000, 0x00000000eb2a0000, 0x00000000eb2a0000)
  eden space 136576K,   8% used [0x00000000e0c00000, 0x00000000e16fbd88, 0x00000000e9160000)
  from space 17024K,   1% used [0x00000000e9160000, 0x00000000e91a67e8, 0x00000000ea200000)
  to   space 17024K,   0% used [0x00000000ea200000, 0x00000000ea200000, 0x00000000eb2a0000)
 tenured generation   total 341376K, used 44007K [0x00000000eb2a0000, 0x0000000100000000, 0x0000000100000000)
   the space 341376K,  12% used [0x00000000eb2a0000, 0x00000000edd99e10, 0x00000000edd9a000, 0x0000000100000000)
 Metaspace       used 35785K, capacity 36710K, committed 36864K, reserved 1081344K
  class space    used 4828K, capacity 5043K, committed 5120K, reserved 1048576K
