22:53:27,199 |-INFO in ch.qos.logback.classic.LoggerContext[default] - Could NOT find resource [logback-test.xml]
22:53:27,200 |-INFO in ch.qos.logback.classic.LoggerContext[default] - Could NOT find resource [logback.groovy]
22:53:27,200 |-INFO in ch.qos.logback.classic.LoggerContext[default] - Found resource [logback.xml] at [jar:file:/home/nikitasokolov/flamestream/lib/flamestream-runtime-1.0-SNAPSHOT.jar!/logback.xml]
22:53:27,200 |-WARN in ch.qos.logback.classic.LoggerContext[default] - Resource [logback.xml] occurs multiple times on the classpath.
22:53:27,201 |-WARN in ch.qos.logback.classic.LoggerContext[default] - Resource [logback.xml] occurs at [jar:file:/home/nikitasokolov/flamestream/lib/flamestream-runtime-1.0-SNAPSHOT.jar!/logback.xml]
22:53:27,201 |-WARN in ch.qos.logback.classic.LoggerContext[default] - Resource [logback.xml] occurs at [jar:file:/home/nikitasokolov/flamestream/flamestream-runtime-1.0-SNAPSHOT.jar!/logback.xml]
22:53:27,217 |-INFO in ch.qos.logback.core.joran.spi.ConfigurationWatchList@6108b2d7 - URL [jar:file:/home/nikitasokolov/flamestream/lib/flamestream-runtime-1.0-SNAPSHOT.jar!/logback.xml] is not of type file
22:53:27,267 |-INFO in ch.qos.logback.classic.joran.action.ConfigurationAction - debug attribute not set
22:53:27,268 |-INFO in ch.qos.logback.core.joran.action.AppenderAction - About to instantiate appender of type [ch.qos.logback.core.ConsoleAppender]
22:53:27,276 |-INFO in ch.qos.logback.core.joran.action.AppenderAction - Naming appender as [STDOUT]
22:53:27,285 |-INFO in ch.qos.logback.core.joran.action.NestedComplexPropertyIA - Assuming default type [ch.qos.logback.classic.encoder.PatternLayoutEncoder] for [encoder] property
22:53:27,340 |-INFO in ch.qos.logback.core.joran.action.AppenderAction - About to instantiate appender of type [ch.qos.logback.core.rolling.RollingFileAppender]
22:53:27,345 |-INFO in ch.qos.logback.core.joran.action.AppenderAction - Naming appender as [FILE]
22:53:27,367 |-INFO in c.q.l.core.rolling.TimeBasedRollingPolicy@357863579 - No compression will be used
22:53:27,368 |-INFO in c.q.l.core.rolling.TimeBasedRollingPolicy@357863579 - Will use the pattern /tmp/application_%d{yyyy-MM-dd}.%i.log for the active file
22:53:27,371 |-INFO in ch.qos.logback.core.rolling.SizeAndTimeBasedFNATP@6bf256fa - The date pattern is 'yyyy-MM-dd' from file name pattern '/tmp/application_%d{yyyy-MM-dd}.%i.log'.
22:53:27,371 |-INFO in ch.qos.logback.core.rolling.SizeAndTimeBasedFNATP@6bf256fa - Roll-over at midnight.
22:53:27,374 |-INFO in ch.qos.logback.core.rolling.SizeAndTimeBasedFNATP@6bf256fa - Setting initial period to Sat Jun 08 22:52:44 MSK 2019
22:53:27,375 |-WARN in ch.qos.logback.core.rolling.SizeAndTimeBasedFNATP@6bf256fa - SizeAndTimeBasedFNATP is deprecated. Use SizeAndTimeBasedRollingPolicy instead
22:53:27,375 |-WARN in ch.qos.logback.core.rolling.SizeAndTimeBasedFNATP@6bf256fa - For more information see http://logback.qos.ch/manual/appenders.html#SizeAndTimeBasedRollingPolicy
22:53:27,379 |-INFO in ch.qos.logback.core.joran.action.NestedComplexPropertyIA - Assuming default type [ch.qos.logback.classic.encoder.PatternLayoutEncoder] for [encoder] property
22:53:27,382 |-INFO in ch.qos.logback.core.rolling.RollingFileAppender[FILE] - Active log file name: /tmp/application.log
22:53:27,382 |-INFO in ch.qos.logback.core.rolling.RollingFileAppender[FILE] - File property is set to [/tmp/application.log]
22:53:27,383 |-INFO in ch.qos.logback.classic.joran.action.RootLoggerAction - Setting level of ROOT logger to WARN
22:53:27,383 |-INFO in ch.qos.logback.core.joran.action.AppenderRefAction - Attaching appender named [STDOUT] to Logger[ROOT]
22:53:27,383 |-INFO in ch.qos.logback.core.joran.action.AppenderRefAction - Attaching appender named [FILE] to Logger[ROOT]
22:53:27,383 |-INFO in ch.qos.logback.classic.joran.action.ConfigurationAction - End of configuration.
22:53:27,384 |-INFO in ch.qos.logback.classic.joran.JoranConfigurator@6cd8737 - Registering current configuration as safe fallback point

2019-06-08T22:53:28.363+0300: 1.373: [GC (Metadata GC Threshold) [PSYoungGen: 110722K->15934K(149504K)] 110722K->16014K(491008K), 0.0220171 secs] [Times: user=0.07 sys=0.02, real=0.02 secs] 
2019-06-08T22:53:28.385+0300: 1.395: [Full GC (Metadata GC Threshold) [PSYoungGen: 15934K->0K(149504K)] [ParOldGen: 80K->15078K(341504K)] 16014K->15078K(491008K), [Metaspace: 20802K->20802K(1067008K)], 0.0261496 secs] [Times: user=0.13 sys=0.02, real=0.03 secs] 
22:53:35.889 [Curator-PathChildrenCache-1] WARN  o.a.c.u.ZKPaths  - The version of ZooKeeper being used doesn't support Container nodes. CreateMode.PERSISTENT will be used instead.
2019-06-08T22:53:36.861+0300: 9.871: [GC (Metadata GC Threshold) [PSYoungGen: 126630K->15830K(149504K)] 141709K->50448K(491008K), 0.0275778 secs] [Times: user=0.21 sys=0.01, real=0.02 secs] 
2019-06-08T22:53:36.889+0300: 9.899: [Full GC (Metadata GC Threshold) [PSYoungGen: 15830K->0K(149504K)] [ParOldGen: 34617K->38947K(341504K)] 50448K->38947K(491008K), [Metaspace: 34575K->34575K(1079296K)], 0.0396362 secs] [Times: user=0.19 sys=0.03, real=0.04 secs] 
2019-06-08T22:53:38.951+0300: 11.961: [GC (Allocation Failure) [PSYoungGen: 128512K->544K(149504K)] 167459K->39499K(491008K), 0.0036196 secs] [Times: user=0.01 sys=0.00, real=0.00 secs] 
2019-06-08T22:53:41.415+0300: 14.425: [GC (Allocation Failure) [PSYoungGen: 129056K->544K(149504K)] 168011K->39507K(491008K), 0.0037453 secs] [Times: user=0.02 sys=0.01, real=0.01 secs] 
2019-06-08T22:53:43.890+0300: 16.900: [GC (Allocation Failure) [PSYoungGen: 129056K->512K(129024K)] 168019K->39483K(470528K), 0.0040967 secs] [Times: user=0.02 sys=0.00, real=0.00 secs] 
2019-06-08T22:53:46.345+0300: 19.590: [GC (Allocation Failure) [PSYoungGen: 129024K->480K(150016K)] 167995K->39459K(491520K), 0.2376532 secs] [Times: user=0.02 sys=0.00, real=0.24 secs] 
2019-06-08T22:53:48.804+0300: 21.814: [GC (Allocation Failure) [PSYoungGen: 128992K->576K(148992K)] 167971K->39563K(490496K), 0.0029435 secs] [Times: user=0.01 sys=0.00, real=0.00 secs] 
2019-06-08T22:53:51.285+0300: 24.344: [GC (Allocation Failure) [PSYoungGen: 129088K->576K(151552K)] 168075K->39563K(493056K), 0.0537822 secs] [Times: user=0.03 sys=0.00, real=0.06 secs] 
2019-06-08T22:53:53.837+0300: 26.847: [GC (Allocation Failure) [PSYoungGen: 132160K->576K(150528K)] 171147K->39563K(492032K), 0.0031548 secs] [Times: user=0.01 sys=0.01, real=0.01 secs] 
2019-06-08T22:53:56.381+0300: 29.391: [GC (Allocation Failure) [PSYoungGen: 132160K->576K(153088K)] 171147K->39571K(494592K), 0.0812499 secs] [Times: user=0.00 sys=0.01, real=0.08 secs] 
2019-06-08T22:53:58.991+0300: 32.001: [GC (Allocation Failure) [PSYoungGen: 135744K->608K(152576K)] 174739K->39603K(494080K), 0.0034384 secs] [Times: user=0.02 sys=0.00, real=0.00 secs] 
2019-06-08T22:54:01.618+0300: 34.628: [GC (Allocation Failure) [PSYoungGen: 135776K->640K(155136K)] 174771K->39635K(496640K), 0.0046948 secs] [Times: user=0.02 sys=0.01, real=0.00 secs] 
2019-06-08T22:54:04.293+0300: 37.303: [GC (Allocation Failure) [PSYoungGen: 139392K->608K(154112K)] 178387K->39603K(495616K), 0.0029791 secs] [Times: user=0.01 sys=0.00, real=0.00 secs] 
2019-06-08T22:54:06.965+0300: 39.975: [GC (Allocation Failure) [PSYoungGen: 139360K->576K(156672K)] 178355K->39571K(498176K), 0.0797713 secs] [Times: user=0.01 sys=0.00, real=0.08 secs] 
2019-06-08T22:54:09.729+0300: 42.739: [GC (Allocation Failure) [PSYoungGen: 142400K->576K(155648K)] 181395K->39571K(497152K), 0.0038881 secs] [Times: user=0.01 sys=0.00, real=0.01 secs] 
2019-06-08T22:54:12.477+0300: 45.487: [GC (Allocation Failure) [PSYoungGen: 142400K->640K(158208K)] 181395K->39635K(499712K), 0.0047918 secs] [Times: user=0.01 sys=0.02, real=0.01 secs] 
2019-06-08T22:54:15.276+0300: 48.286: [GC (Allocation Failure) [PSYoungGen: 145536K->640K(157184K)] 184531K->39635K(498688K), 0.0051100 secs] [Times: user=0.02 sys=0.01, real=0.01 secs] 
2019-06-08T22:54:18.092+0300: 51.102: [GC (Allocation Failure) [PSYoungGen: 145536K->416K(159232K)] 184531K->39707K(500736K), 0.0740187 secs] [Times: user=0.02 sys=0.00, real=0.07 secs] 
2019-06-08T22:54:20.987+0300: 53.997: [GC (Allocation Failure) [PSYoungGen: 147872K->416K(158720K)] 187163K->39771K(500224K), 0.0033279 secs] [Times: user=0.01 sys=0.00, real=0.01 secs] 
2019-06-08T22:54:23.810+0300: 56.820: [GC (Allocation Failure) [PSYoungGen: 147872K->384K(160768K)] 187227K->39763K(502272K), 0.0042468 secs] [Times: user=0.02 sys=0.00, real=0.00 secs] 
22:54:34.420 [Curator-PathChildrenCache-0] ERROR o.a.c.f.r.c.PathChildrenCache  - 
java.lang.IllegalStateException: instance must be started before calling this method
	at org.apache.curator.shaded.com.google.common.base.Preconditions.checkState(Preconditions.java:444)
	at org.apache.curator.framework.imps.CuratorFrameworkImpl.getChildren(CuratorFrameworkImpl.java:456)
	at org.apache.curator.framework.recipes.cache.PathChildrenCache.refresh(PathChildrenCache.java:521)
	at org.apache.curator.framework.recipes.cache.RefreshOperation.invoke(RefreshOperation.java:35)
	at org.apache.curator.framework.recipes.cache.PathChildrenCache$9.run(PathChildrenCache.java:786)
	at java.util.concurrent.Executors$RunnableAdapter.call(Executors.java:511)
	at java.util.concurrent.FutureTask.run(FutureTask.java:266)
	at java.util.concurrent.Executors$RunnableAdapter.call(Executors.java:511)
	at java.util.concurrent.FutureTask.run(FutureTask.java:266)
	at java.util.concurrent.ThreadPoolExecutor.runWorker(ThreadPoolExecutor.java:1149)
	at java.util.concurrent.ThreadPoolExecutor$Worker.run(ThreadPoolExecutor.java:624)
	at java.lang.Thread.run(Thread.java:748)
Heap
 PSYoungGen      total 160768K, used 81765K [0x00000000f5980000, 0x0000000100000000, 0x0000000100000000)
  eden space 150528K, 54% used [0x00000000f5980000,0x00000000fa8f9680,0x00000000fec80000)
  from space 10240K, 3% used [0x00000000ff600000,0x00000000ff660020,0x0000000100000000)
  to   space 9728K, 0% used [0x00000000fec80000,0x00000000fec80000,0x00000000ff600000)
 ParOldGen       total 341504K, used 39379K [0x00000000e0c00000, 0x00000000f5980000, 0x00000000f5980000)
  object space 341504K, 11% used [0x00000000e0c00000,0x00000000e3274cf8,0x00000000f5980000)
 Metaspace       used 36115K, capacity 36966K, committed 37208K, reserved 1081344K
  class space    used 4979K, capacity 5161K, committed 5248K, reserved 1048576K
