13:33:14,024 |-INFO in ch.qos.logback.classic.LoggerContext[default] - Could NOT find resource [logback-test.xml]
13:33:14,024 |-INFO in ch.qos.logback.classic.LoggerContext[default] - Could NOT find resource [logback.groovy]
13:33:14,024 |-INFO in ch.qos.logback.classic.LoggerContext[default] - Found resource [logback.xml] at [jar:file:/root/flamestream/lib/flamestream-runtime-1.0-SNAPSHOT.jar!/logback.xml]
13:33:14,025 |-WARN in ch.qos.logback.classic.LoggerContext[default] - Resource [logback.xml] occurs multiple times on the classpath.
13:33:14,025 |-WARN in ch.qos.logback.classic.LoggerContext[default] - Resource [logback.xml] occurs at [jar:file:/root/flamestream/lib/flamestream-runtime-1.0-SNAPSHOT.jar!/logback.xml]
13:33:14,025 |-WARN in ch.qos.logback.classic.LoggerContext[default] - Resource [logback.xml] occurs at [jar:file:/root/flamestream/flamestream-runtime-1.0-SNAPSHOT.jar!/logback.xml]
13:33:14,045 |-INFO in ch.qos.logback.core.joran.spi.ConfigurationWatchList@3fb6a447 - URL [jar:file:/root/flamestream/lib/flamestream-runtime-1.0-SNAPSHOT.jar!/logback.xml] is not of type file
13:33:14,113 |-INFO in ch.qos.logback.classic.joran.action.ConfigurationAction - debug attribute not set
13:33:14,114 |-INFO in ch.qos.logback.core.joran.action.AppenderAction - About to instantiate appender of type [ch.qos.logback.core.ConsoleAppender]
13:33:14,129 |-INFO in ch.qos.logback.core.joran.action.AppenderAction - Naming appender as [STDOUT]
13:33:14,149 |-INFO in ch.qos.logback.core.joran.action.NestedComplexPropertyIA - Assuming default type [ch.qos.logback.classic.encoder.PatternLayoutEncoder] for [encoder] property
13:33:14,233 |-INFO in ch.qos.logback.core.joran.action.AppenderAction - About to instantiate appender of type [ch.qos.logback.core.rolling.RollingFileAppender]
13:33:14,238 |-INFO in ch.qos.logback.core.joran.action.AppenderAction - Naming appender as [FILE]
13:33:14,268 |-INFO in c.q.l.core.rolling.TimeBasedRollingPolicy@127618319 - No compression will be used
13:33:14,269 |-INFO in c.q.l.core.rolling.TimeBasedRollingPolicy@127618319 - Will use the pattern /tmp/application_%d{yyyy-MM-dd}.%i.log for the active file
13:33:14,272 |-INFO in ch.qos.logback.core.rolling.SizeAndTimeBasedFNATP@6b2fad11 - The date pattern is 'yyyy-MM-dd' from file name pattern '/tmp/application_%d{yyyy-MM-dd}.%i.log'.
13:33:14,272 |-INFO in ch.qos.logback.core.rolling.SizeAndTimeBasedFNATP@6b2fad11 - Roll-over at midnight.
13:33:14,277 |-INFO in ch.qos.logback.core.rolling.SizeAndTimeBasedFNATP@6b2fad11 - Setting initial period to Mon Jun 10 13:31:53 UTC 2019
13:33:14,277 |-WARN in ch.qos.logback.core.rolling.SizeAndTimeBasedFNATP@6b2fad11 - SizeAndTimeBasedFNATP is deprecated. Use SizeAndTimeBasedRollingPolicy instead
13:33:14,277 |-WARN in ch.qos.logback.core.rolling.SizeAndTimeBasedFNATP@6b2fad11 - For more information see http://logback.qos.ch/manual/appenders.html#SizeAndTimeBasedRollingPolicy
13:33:14,281 |-INFO in ch.qos.logback.core.joran.action.NestedComplexPropertyIA - Assuming default type [ch.qos.logback.classic.encoder.PatternLayoutEncoder] for [encoder] property
13:33:14,286 |-INFO in ch.qos.logback.core.rolling.RollingFileAppender[FILE] - Active log file name: /tmp/application.log
13:33:14,286 |-INFO in ch.qos.logback.core.rolling.RollingFileAppender[FILE] - File property is set to [/tmp/application.log]
13:33:14,287 |-INFO in ch.qos.logback.classic.joran.action.RootLoggerAction - Setting level of ROOT logger to WARN
13:33:14,287 |-INFO in ch.qos.logback.core.joran.action.AppenderRefAction - Attaching appender named [STDOUT] to Logger[ROOT]
13:33:14,289 |-INFO in ch.qos.logback.core.joran.action.AppenderRefAction - Attaching appender named [FILE] to Logger[ROOT]
13:33:14,289 |-INFO in ch.qos.logback.classic.joran.action.ConfigurationAction - End of configuration.
13:33:14,290 |-INFO in ch.qos.logback.classic.joran.JoranConfigurator@79698539 - Registering current configuration as safe fallback point

Ama winner
Ama winner
2019-06-10T13:33:15.605+0000: 1.765: [Full GC (Metadata GC Threshold) 2019-06-10T13:33:15.605+0000: 1.765: [Tenured: 0K->15207K(341376K), 0.0406140 secs] 114986K->15207K(494976K), [Metaspace: 20730K->20730K(1067008K)], 0.0406846 secs] [Times: user=0.04 sys=0.00, real=0.04 secs] 
13:33:39.029 [Curator-PathChildrenCache-1] WARN  o.a.c.u.ZKPaths  - The version of ZooKeeper being used doesn't support Container nodes. CreateMode.PERSISTENT will be used instead.
2019-06-10T13:33:41.431+0000: 27.592: [GC (Allocation Failure) 2019-06-10T13:33:41.431+0000: 27.592: [DefNew: 136576K->17023K(153600K), 0.0257585 secs] 151783K->52845K(494976K), 0.0258270 secs] [Times: user=0.01 sys=0.01, real=0.02 secs] 
2019-06-10T13:33:42.007+0000: 28.167: [Full GC (Metadata GC Threshold) 2019-06-10T13:33:42.007+0000: 28.167: [Tenured: 35821K->44483K(341376K), 0.0385838 secs] 69207K->44483K(494976K), [Metaspace: 34526K->34526K(1079296K)], 0.0386626 secs] [Times: user=0.04 sys=0.00, real=0.04 secs] 
2019-06-10T13:33:48.067+0000: 34.228: [GC (Allocation Failure) 2019-06-10T13:33:48.067+0000: 34.228: [DefNew: 136576K->225K(153600K), 0.0022256 secs] 181059K->44709K(494976K), 0.0022942 secs] [Times: user=0.01 sys=0.00, real=0.00 secs] 
2019-06-10T13:33:54.029+0000: 40.189: [GC (Allocation Failure) 2019-06-10T13:33:54.029+0000: 40.189: [DefNew: 136801K->287K(153600K), 0.0019976 secs] 181285K->44771K(494976K), 0.0020673 secs] [Times: user=0.00 sys=0.00, real=0.00 secs] 
2019-06-10T13:33:59.972+0000: 46.133: [GC (Allocation Failure) 2019-06-10T13:33:59.972+0000: 46.133: [DefNew: 136863K->289K(153600K), 0.0019470 secs] 181347K->44772K(494976K), 0.0020055 secs] [Times: user=0.00 sys=0.00, real=0.00 secs] 
2019-06-10T13:34:06.010+0000: 52.170: [GC (Allocation Failure) 2019-06-10T13:34:06.010+0000: 52.170: [DefNew: 136865K->288K(153600K), 0.0020143 secs] 181348K->44771K(494976K), 0.0020725 secs] [Times: user=0.00 sys=0.00, real=0.01 secs] 
2019-06-10T13:34:16.480+0000: 62.640: [GC (Allocation Failure) 2019-06-10T13:34:16.480+0000: 62.640: [DefNew: 136864K->1103K(153600K), 0.0040247 secs] 181347K->45586K(494976K), 0.0040888 secs] [Times: user=0.01 sys=0.00, real=0.00 secs] 
13:34:16.526 [Curator-PathChildrenCache-0] ERROR o.a.c.f.r.c.PathChildrenCache  - 
java.lang.IllegalStateException: instance must be started before calling this method
	at org.apache.curator.shaded.com.google.common.base.Preconditions.checkState(Preconditions.java:444)
	at org.apache.curator.framework.imps.CuratorFrameworkImpl.getChildren(CuratorFrameworkImpl.java:456)
	at org.apache.curator.framework.recipes.cache.PathChildrenCache.refresh(PathChildrenCache.java:521)
	at org.apache.curator.framework.recipes.cache.RefreshOperation.invoke(RefreshOperation.java:35)
	at org.apache.curator.framework.recipes.cache.PathChildrenCache$9.run(PathChildrenCache.java:786)
	at java.util.concurrent.Executors$RunnableAdapter.call(Executors.java:511)
	at java.util.concurrent.FutureTask.run(FutureTask.java:266)
	at java.util.concurrent.Executors$RunnableAdapter.call(Executors.java:511)
	at java.util.concurrent.FutureTask.run(FutureTask.java:266)
	at java.util.concurrent.ThreadPoolExecutor.runWorker(ThreadPoolExecutor.java:1149)
	at java.util.concurrent.ThreadPoolExecutor$Worker.run(ThreadPoolExecutor.java:624)
	at java.lang.Thread.run(Thread.java:748)
Heap
 def new generation   total 153600K, used 15444K [0x00000000e0c00000, 0x00000000eb2a0000, 0x00000000eb2a0000)
  eden space 136576K,  10% used [0x00000000e0c00000, 0x00000000e1a01298, 0x00000000e9160000)
  from space 17024K,   6% used [0x00000000e9160000, 0x00000000e9273d70, 0x00000000ea200000)
  to   space 17024K,   0% used [0x00000000ea200000, 0x00000000ea200000, 0x00000000eb2a0000)
 tenured generation   total 341376K, used 44483K [0x00000000eb2a0000, 0x0000000100000000, 0x0000000100000000)
   the space 341376K,  13% used [0x00000000eb2a0000, 0x00000000ede10d98, 0x00000000ede10e00, 0x0000000100000000)
 Metaspace       used 36117K, capacity 37006K, committed 37120K, reserved 1081344K
  class space    used 4878K, capacity 5087K, committed 5120K, reserved 1048576K
