07:49:50,338 |-INFO in ch.qos.logback.classic.LoggerContext[default] - Could NOT find resource [logback-test.xml]
07:49:50,338 |-INFO in ch.qos.logback.classic.LoggerContext[default] - Could NOT find resource [logback.groovy]
07:49:50,338 |-INFO in ch.qos.logback.classic.LoggerContext[default] - Found resource [logback.xml] at [jar:file:/home/nikitasokolov/flamestream/lib/flamestream-runtime-1.0-SNAPSHOT.jar!/logback.xml]
07:49:50,339 |-WARN in ch.qos.logback.classic.LoggerContext[default] - Resource [logback.xml] occurs multiple times on the classpath.
07:49:50,339 |-WARN in ch.qos.logback.classic.LoggerContext[default] - Resource [logback.xml] occurs at [jar:file:/home/nikitasokolov/flamestream/lib/flamestream-runtime-1.0-SNAPSHOT.jar!/logback.xml]
07:49:50,339 |-WARN in ch.qos.logback.classic.LoggerContext[default] - Resource [logback.xml] occurs at [jar:file:/home/nikitasokolov/flamestream/flamestream-runtime-1.0-SNAPSHOT.jar!/logback.xml]
07:49:50,359 |-INFO in ch.qos.logback.core.joran.spi.ConfigurationWatchList@6108b2d7 - URL [jar:file:/home/nikitasokolov/flamestream/lib/flamestream-runtime-1.0-SNAPSHOT.jar!/logback.xml] is not of type file
07:49:50,411 |-INFO in ch.qos.logback.classic.joran.action.ConfigurationAction - debug attribute not set
07:49:50,412 |-INFO in ch.qos.logback.core.joran.action.AppenderAction - About to instantiate appender of type [ch.qos.logback.core.ConsoleAppender]
07:49:50,423 |-INFO in ch.qos.logback.core.joran.action.AppenderAction - Naming appender as [STDOUT]
07:49:50,432 |-INFO in ch.qos.logback.core.joran.action.NestedComplexPropertyIA - Assuming default type [ch.qos.logback.classic.encoder.PatternLayoutEncoder] for [encoder] property
07:49:50,490 |-INFO in ch.qos.logback.core.joran.action.AppenderAction - About to instantiate appender of type [ch.qos.logback.core.rolling.RollingFileAppender]
07:49:50,496 |-INFO in ch.qos.logback.core.joran.action.AppenderAction - Naming appender as [FILE]
07:49:50,518 |-INFO in c.q.l.core.rolling.TimeBasedRollingPolicy@357863579 - No compression will be used
07:49:50,520 |-INFO in c.q.l.core.rolling.TimeBasedRollingPolicy@357863579 - Will use the pattern /tmp/application_%d{yyyy-MM-dd}.%i.log for the active file
07:49:50,522 |-INFO in ch.qos.logback.core.rolling.SizeAndTimeBasedFNATP@6bf256fa - The date pattern is 'yyyy-MM-dd' from file name pattern '/tmp/application_%d{yyyy-MM-dd}.%i.log'.
07:49:50,522 |-INFO in ch.qos.logback.core.rolling.SizeAndTimeBasedFNATP@6bf256fa - Roll-over at midnight.
07:49:50,526 |-INFO in ch.qos.logback.core.rolling.SizeAndTimeBasedFNATP@6bf256fa - Setting initial period to Sun Jun 09 07:49:01 MSK 2019
07:49:50,527 |-WARN in ch.qos.logback.core.rolling.SizeAndTimeBasedFNATP@6bf256fa - SizeAndTimeBasedFNATP is deprecated. Use SizeAndTimeBasedRollingPolicy instead
07:49:50,527 |-WARN in ch.qos.logback.core.rolling.SizeAndTimeBasedFNATP@6bf256fa - For more information see http://logback.qos.ch/manual/appenders.html#SizeAndTimeBasedRollingPolicy
07:49:50,531 |-INFO in ch.qos.logback.core.joran.action.NestedComplexPropertyIA - Assuming default type [ch.qos.logback.classic.encoder.PatternLayoutEncoder] for [encoder] property
07:49:50,533 |-INFO in ch.qos.logback.core.rolling.RollingFileAppender[FILE] - Active log file name: /tmp/application.log
07:49:50,533 |-INFO in ch.qos.logback.core.rolling.RollingFileAppender[FILE] - File property is set to [/tmp/application.log]
07:49:50,534 |-INFO in ch.qos.logback.classic.joran.action.RootLoggerAction - Setting level of ROOT logger to WARN
07:49:50,534 |-INFO in ch.qos.logback.core.joran.action.AppenderRefAction - Attaching appender named [STDOUT] to Logger[ROOT]
07:49:50,535 |-INFO in ch.qos.logback.core.joran.action.AppenderRefAction - Attaching appender named [FILE] to Logger[ROOT]
07:49:50,535 |-INFO in ch.qos.logback.classic.joran.action.ConfigurationAction - End of configuration.
07:49:50,535 |-INFO in ch.qos.logback.classic.joran.JoranConfigurator@6cd8737 - Registering current configuration as safe fallback point

2019-06-09T07:49:51.523+0300: 1.386: [GC (Metadata GC Threshold) [PSYoungGen: 110722K->15912K(149504K)] 110722K->15992K(491008K), 0.0204020 secs] [Times: user=0.08 sys=0.04, real=0.02 secs] 
2019-06-09T07:49:51.543+0300: 1.406: [Full GC (Metadata GC Threshold) [PSYoungGen: 15912K->0K(149504K)] [ParOldGen: 80K->15078K(341504K)] 15992K->15078K(491008K), [Metaspace: 20801K->20801K(1067008K)], 0.0261686 secs] [Times: user=0.16 sys=0.00, real=0.02 secs] 
07:49:58.916 [Curator-PathChildrenCache-1] WARN  o.a.c.u.ZKPaths  - The version of ZooKeeper being used doesn't support Container nodes. CreateMode.PERSISTENT will be used instead.
2019-06-09T07:49:59.972+0300: 9.835: [GC (Metadata GC Threshold) [PSYoungGen: 125213K->15955K(149504K)] 140291K->50573K(491008K), 0.0258096 secs] [Times: user=0.18 sys=0.04, real=0.03 secs] 
2019-06-09T07:49:59.998+0300: 9.861: [Full GC (Metadata GC Threshold) [PSYoungGen: 15955K->0K(149504K)] [ParOldGen: 34617K->39068K(341504K)] 50573K->39068K(491008K), [Metaspace: 34556K->34556K(1079296K)], 0.0377780 secs] [Times: user=0.23 sys=0.00, real=0.03 secs] 
2019-06-09T07:50:03.986+0300: 13.849: [GC (Allocation Failure) [PSYoungGen: 128512K->480K(149504K)] 167580K->39556K(491008K), 0.0043267 secs] [Times: user=0.02 sys=0.00, real=0.01 secs] 
2019-06-09T07:50:08.567+0300: 18.430: [GC (Allocation Failure) [PSYoungGen: 128992K->512K(149504K)] 168068K->39596K(491008K), 0.0045661 secs] [Times: user=0.04 sys=0.00, real=0.01 secs] 
2019-06-09T07:50:13.173+0300: 23.035: [GC (Allocation Failure) [PSYoungGen: 129024K->544K(129536K)] 168108K->39628K(471040K), 0.0040841 secs] [Times: user=0.00 sys=0.02, real=0.00 secs] 
2019-06-09T07:50:17.810+0300: 27.673: [GC (Allocation Failure) [PSYoungGen: 129056K->480K(150016K)] 168140K->39572K(491520K), 0.0846850 secs] [Times: user=0.04 sys=0.01, real=0.08 secs] 
2019-06-09T07:50:22.443+0300: 32.306: [GC (Allocation Failure) [PSYoungGen: 128992K->576K(148992K)] 168084K->39676K(490496K), 0.0038777 secs] [Times: user=0.01 sys=0.00, real=0.00 secs] 
2019-06-09T07:50:27.102+0300: 36.965: [GC (Allocation Failure) [PSYoungGen: 129088K->704K(151552K)] 168188K->39812K(493056K), 0.0034659 secs] [Times: user=0.01 sys=0.00, real=0.00 secs] 
2019-06-09T07:50:31.842+0300: 41.705: [GC (Allocation Failure) [PSYoungGen: 132288K->672K(150528K)] 171396K->39780K(492032K), 0.0045506 secs] [Times: user=0.02 sys=0.01, real=0.00 secs] 
2019-06-09T07:50:36.633+0300: 46.496: [GC (Allocation Failure) [PSYoungGen: 132256K->704K(153088K)] 171364K->39812K(494592K), 0.0037240 secs] [Times: user=0.02 sys=0.01, real=0.00 secs] 
2019-06-09T07:50:41.522+0300: 51.385: [GC (Allocation Failure) [PSYoungGen: 135872K->576K(152576K)] 174980K->39692K(494080K), 0.0036746 secs] [Times: user=0.01 sys=0.00, real=0.00 secs] 
2019-06-09T07:50:46.424+0300: 56.287: [GC (Allocation Failure) [PSYoungGen: 135744K->736K(155136K)] 174860K->39860K(496640K), 0.0031937 secs] [Times: user=0.01 sys=0.00, real=0.00 secs] 
2019-06-09T07:50:51.441+0300: 61.304: [GC (Allocation Failure) [PSYoungGen: 139488K->768K(154112K)] 178612K->39892K(495616K), 0.0859214 secs] [Times: user=0.01 sys=0.00, real=0.08 secs] 
2019-06-09T07:50:57.720+0300: 67.583: [GC (Allocation Failure) [PSYoungGen: 139520K->1015K(156672K)] 178644K->40140K(498176K), 0.0068272 secs] [Times: user=0.04 sys=0.02, real=0.00 secs] 
07:51:11.431 [Curator-PathChildrenCache-0] ERROR o.a.c.f.r.c.PathChildrenCache  - 
java.lang.IllegalStateException: instance must be started before calling this method
	at org.apache.curator.shaded.com.google.common.base.Preconditions.checkState(Preconditions.java:444)
	at org.apache.curator.framework.imps.CuratorFrameworkImpl.getChildren(CuratorFrameworkImpl.java:456)
	at org.apache.curator.framework.recipes.cache.PathChildrenCache.refresh(PathChildrenCache.java:521)
	at org.apache.curator.framework.recipes.cache.RefreshOperation.invoke(RefreshOperation.java:35)
	at org.apache.curator.framework.recipes.cache.PathChildrenCache$9.run(PathChildrenCache.java:786)
	at java.util.concurrent.Executors$RunnableAdapter.call(Executors.java:511)
	at java.util.concurrent.FutureTask.run(FutureTask.java:266)
	at java.util.concurrent.Executors$RunnableAdapter.call(Executors.java:511)
	at java.util.concurrent.FutureTask.run(FutureTask.java:266)
	at java.util.concurrent.ThreadPoolExecutor.runWorker(ThreadPoolExecutor.java:1149)
	at java.util.concurrent.ThreadPoolExecutor$Worker.run(ThreadPoolExecutor.java:624)
	at java.lang.Thread.run(Thread.java:748)
Heap
 PSYoungGen      total 156672K, used 67574K [0x00000000f5980000, 0x0000000100000000, 0x0000000100000000)
  eden space 141824K, 46% used [0x00000000f5980000,0x00000000f9a7fc40,0x00000000fe400000)
  from space 14848K, 6% used [0x00000000ff180000,0x00000000ff27dd30,0x0000000100000000)
  to   space 13824K, 0% used [0x00000000fe400000,0x00000000fe400000,0x00000000ff180000)
 ParOldGen       total 341504K, used 39124K [0x00000000e0c00000, 0x00000000f5980000, 0x00000000f5980000)
  object space 341504K, 11% used [0x00000000e0c00000,0x00000000e3235360,0x00000000f5980000)
 Metaspace       used 36187K, capacity 37022K, committed 37208K, reserved 1081344K
  class space    used 4978K, capacity 5161K, committed 5248K, reserved 1048576K
