14:40:23,694 |-INFO in ch.qos.logback.classic.LoggerContext[default] - Could NOT find resource [logback-test.xml]
14:40:23,694 |-INFO in ch.qos.logback.classic.LoggerContext[default] - Could NOT find resource [logback.groovy]
14:40:23,694 |-INFO in ch.qos.logback.classic.LoggerContext[default] - Found resource [logback.xml] at [jar:file:/home/nikitasokolov/flamestream/lib/flamestream-runtime-1.0-SNAPSHOT.jar!/logback.xml]
14:40:23,694 |-WARN in ch.qos.logback.classic.LoggerContext[default] - Resource [logback.xml] occurs multiple times on the classpath.
14:40:23,695 |-WARN in ch.qos.logback.classic.LoggerContext[default] - Resource [logback.xml] occurs at [jar:file:/home/nikitasokolov/flamestream/lib/flamestream-runtime-1.0-SNAPSHOT.jar!/logback.xml]
14:40:23,695 |-WARN in ch.qos.logback.classic.LoggerContext[default] - Resource [logback.xml] occurs at [jar:file:/home/nikitasokolov/flamestream/flamestream-runtime-1.0-SNAPSHOT.jar!/logback.xml]
14:40:23,711 |-INFO in ch.qos.logback.core.joran.spi.ConfigurationWatchList@6108b2d7 - URL [jar:file:/home/nikitasokolov/flamestream/lib/flamestream-runtime-1.0-SNAPSHOT.jar!/logback.xml] is not of type file
14:40:23,761 |-INFO in ch.qos.logback.classic.joran.action.ConfigurationAction - debug attribute not set
14:40:23,762 |-INFO in ch.qos.logback.core.joran.action.AppenderAction - About to instantiate appender of type [ch.qos.logback.core.ConsoleAppender]
14:40:23,773 |-INFO in ch.qos.logback.core.joran.action.AppenderAction - Naming appender as [STDOUT]
14:40:23,783 |-INFO in ch.qos.logback.core.joran.action.NestedComplexPropertyIA - Assuming default type [ch.qos.logback.classic.encoder.PatternLayoutEncoder] for [encoder] property
14:40:23,846 |-INFO in ch.qos.logback.core.joran.action.AppenderAction - About to instantiate appender of type [ch.qos.logback.core.rolling.RollingFileAppender]
14:40:23,851 |-INFO in ch.qos.logback.core.joran.action.AppenderAction - Naming appender as [FILE]
14:40:23,873 |-INFO in c.q.l.core.rolling.TimeBasedRollingPolicy@357863579 - No compression will be used
14:40:23,875 |-INFO in c.q.l.core.rolling.TimeBasedRollingPolicy@357863579 - Will use the pattern /tmp/application_%d{yyyy-MM-dd}.%i.log for the active file
14:40:23,879 |-INFO in ch.qos.logback.core.rolling.SizeAndTimeBasedFNATP@6bf256fa - The date pattern is 'yyyy-MM-dd' from file name pattern '/tmp/application_%d{yyyy-MM-dd}.%i.log'.
14:40:23,879 |-INFO in ch.qos.logback.core.rolling.SizeAndTimeBasedFNATP@6bf256fa - Roll-over at midnight.
14:40:23,883 |-INFO in ch.qos.logback.core.rolling.SizeAndTimeBasedFNATP@6bf256fa - Setting initial period to Sun Jun 09 14:39:33 MSK 2019
14:40:23,883 |-WARN in ch.qos.logback.core.rolling.SizeAndTimeBasedFNATP@6bf256fa - SizeAndTimeBasedFNATP is deprecated. Use SizeAndTimeBasedRollingPolicy instead
14:40:23,883 |-WARN in ch.qos.logback.core.rolling.SizeAndTimeBasedFNATP@6bf256fa - For more information see http://logback.qos.ch/manual/appenders.html#SizeAndTimeBasedRollingPolicy
14:40:23,888 |-INFO in ch.qos.logback.core.joran.action.NestedComplexPropertyIA - Assuming default type [ch.qos.logback.classic.encoder.PatternLayoutEncoder] for [encoder] property
14:40:23,891 |-INFO in ch.qos.logback.core.rolling.RollingFileAppender[FILE] - Active log file name: /tmp/application.log
14:40:23,891 |-INFO in ch.qos.logback.core.rolling.RollingFileAppender[FILE] - File property is set to [/tmp/application.log]
14:40:23,892 |-INFO in ch.qos.logback.classic.joran.action.RootLoggerAction - Setting level of ROOT logger to WARN
14:40:23,892 |-INFO in ch.qos.logback.core.joran.action.AppenderRefAction - Attaching appender named [STDOUT] to Logger[ROOT]
14:40:23,893 |-INFO in ch.qos.logback.core.joran.action.AppenderRefAction - Attaching appender named [FILE] to Logger[ROOT]
14:40:23,893 |-INFO in ch.qos.logback.classic.joran.action.ConfigurationAction - End of configuration.
14:40:23,894 |-INFO in ch.qos.logback.classic.joran.JoranConfigurator@6cd8737 - Registering current configuration as safe fallback point

2019-06-09T14:40:24.908+0300: 1.425: [GC (Metadata GC Threshold) [PSYoungGen: 108151K->15853K(149504K)] 108151K->15933K(491008K), 0.0251301 secs] [Times: user=0.08 sys=0.03, real=0.03 secs] 
2019-06-09T14:40:24.934+0300: 1.450: [Full GC (Metadata GC Threshold) [PSYoungGen: 15853K->0K(149504K)] [ParOldGen: 80K->14981K(341504K)] 15933K->14981K(491008K), [Metaspace: 20806K->20806K(1067008K)], 0.0262519 secs] [Times: user=0.11 sys=0.05, real=0.03 secs] 
14:40:32.685 [Curator-PathChildrenCache-1] WARN  o.a.c.u.ZKPaths  - The version of ZooKeeper being used doesn't support Container nodes. CreateMode.PERSISTENT will be used instead.
2019-06-09T14:40:33.788+0300: 10.304: [GC (Metadata GC Threshold) [PSYoungGen: 127031K->15561K(149504K)] 142013K->50082K(491008K), 0.0267419 secs] [Times: user=0.21 sys=0.03, real=0.03 secs] 
2019-06-09T14:40:33.815+0300: 10.331: [Full GC (Metadata GC Threshold) [PSYoungGen: 15561K->0K(149504K)] [ParOldGen: 34521K->38593K(341504K)] 50082K->38593K(491008K), [Metaspace: 34558K->34558K(1079296K)], 0.0362292 secs] [Times: user=0.16 sys=0.01, real=0.04 secs] 
2019-06-09T14:40:42.444+0300: 18.960: [GC (Allocation Failure) [PSYoungGen: 128512K->352K(149504K)] 167105K->38953K(491008K), 0.0044631 secs] [Times: user=0.03 sys=0.01, real=0.00 secs] 
2019-06-09T14:40:51.916+0300: 28.432: [GC (Allocation Failure) [PSYoungGen: 128864K->352K(149504K)] 167465K->38961K(491008K), 0.0056850 secs] [Times: user=0.04 sys=0.00, real=0.01 secs] 
2019-06-09T14:41:01.383+0300: 37.899: [GC (Allocation Failure) [PSYoungGen: 128864K->256K(129024K)] 167473K->38873K(470528K), 0.0042630 secs] [Times: user=0.02 sys=0.00, real=0.00 secs] 
2019-06-09T14:41:10.953+0300: 47.470: [GC (Allocation Failure) [PSYoungGen: 128768K->384K(150016K)] 167385K->39009K(491520K), 0.0026684 secs] [Times: user=0.01 sys=0.01, real=0.00 secs] 
2019-06-09T14:41:20.514+0300: 57.030: [GC (Allocation Failure) [PSYoungGen: 128896K->448K(148992K)] 167521K->39073K(490496K), 0.0046471 secs] [Times: user=0.03 sys=0.00, real=0.01 secs] 
2019-06-09T14:41:30.933+0300: 67.449: [GC (Allocation Failure) [PSYoungGen: 128960K->727K(152064K)] 167585K->39360K(493568K), 0.0030007 secs] [Times: user=0.00 sys=0.01, real=0.00 secs] 
14:41:52.807 [Curator-PathChildrenCache-0] ERROR o.a.c.f.r.c.PathChildrenCache  - 
java.lang.IllegalStateException: instance must be started before calling this method
	at org.apache.curator.shaded.com.google.common.base.Preconditions.checkState(Preconditions.java:444)
	at org.apache.curator.framework.imps.CuratorFrameworkImpl.getChildren(CuratorFrameworkImpl.java:456)
	at org.apache.curator.framework.recipes.cache.PathChildrenCache.refresh(PathChildrenCache.java:521)
	at org.apache.curator.framework.recipes.cache.RefreshOperation.invoke(RefreshOperation.java:35)
	at org.apache.curator.framework.recipes.cache.PathChildrenCache$9.run(PathChildrenCache.java:786)
	at java.util.concurrent.Executors$RunnableAdapter.call(Executors.java:511)
	at java.util.concurrent.FutureTask.run(FutureTask.java:266)
	at java.util.concurrent.Executors$RunnableAdapter.call(Executors.java:511)
	at java.util.concurrent.FutureTask.run(FutureTask.java:266)
	at java.util.concurrent.ThreadPoolExecutor.runWorker(ThreadPoolExecutor.java:1149)
	at java.util.concurrent.ThreadPoolExecutor$Worker.run(ThreadPoolExecutor.java:624)
	at java.lang.Thread.run(Thread.java:748)
Heap
 PSYoungGen      total 152064K, used 126429K [0x00000000f5980000, 0x0000000100000000, 0x0000000100000000)
  eden space 132608K, 94% used [0x00000000f5980000,0x00000000fd441928,0x00000000fdb00000)
  from space 19456K, 3% used [0x00000000fed00000,0x00000000fedb5cd0,0x0000000100000000)
  to   space 18432K, 0% used [0x00000000fdb00000,0x00000000fdb00000,0x00000000fed00000)
 ParOldGen       total 341504K, used 38633K [0x00000000e0c00000, 0x00000000f5980000, 0x00000000f5980000)
  object space 341504K, 11% used [0x00000000e0c00000,0x00000000e31ba718,0x00000000f5980000)
 Metaspace       used 36074K, capacity 36958K, committed 37208K, reserved 1081344K
  class space    used 4978K, capacity 5161K, committed 5248K, reserved 1048576K
