19:35:02,199 |-INFO in ch.qos.logback.classic.LoggerContext[default] - Could NOT find resource [logback-test.xml]
19:35:02,199 |-INFO in ch.qos.logback.classic.LoggerContext[default] - Could NOT find resource [logback.groovy]
19:35:02,199 |-INFO in ch.qos.logback.classic.LoggerContext[default] - Found resource [logback.xml] at [jar:file:/root/flamestream/lib/flamestream-runtime-1.0-SNAPSHOT.jar!/logback.xml]
19:35:02,200 |-WARN in ch.qos.logback.classic.LoggerContext[default] - Resource [logback.xml] occurs multiple times on the classpath.
19:35:02,200 |-WARN in ch.qos.logback.classic.LoggerContext[default] - Resource [logback.xml] occurs at [jar:file:/root/flamestream/lib/flamestream-runtime-1.0-SNAPSHOT.jar!/logback.xml]
19:35:02,200 |-WARN in ch.qos.logback.classic.LoggerContext[default] - Resource [logback.xml] occurs at [jar:file:/root/flamestream/flamestream-runtime-1.0-SNAPSHOT.jar!/logback.xml]
19:35:02,220 |-INFO in ch.qos.logback.core.joran.spi.ConfigurationWatchList@3fb6a447 - URL [jar:file:/root/flamestream/lib/flamestream-runtime-1.0-SNAPSHOT.jar!/logback.xml] is not of type file
19:35:02,291 |-INFO in ch.qos.logback.classic.joran.action.ConfigurationAction - debug attribute not set
19:35:02,292 |-INFO in ch.qos.logback.core.joran.action.AppenderAction - About to instantiate appender of type [ch.qos.logback.core.ConsoleAppender]
19:35:02,310 |-INFO in ch.qos.logback.core.joran.action.AppenderAction - Naming appender as [STDOUT]
19:35:02,328 |-INFO in ch.qos.logback.core.joran.action.NestedComplexPropertyIA - Assuming default type [ch.qos.logback.classic.encoder.PatternLayoutEncoder] for [encoder] property
19:35:02,409 |-INFO in ch.qos.logback.core.joran.action.AppenderAction - About to instantiate appender of type [ch.qos.logback.core.rolling.RollingFileAppender]
19:35:02,414 |-INFO in ch.qos.logback.core.joran.action.AppenderAction - Naming appender as [FILE]
19:35:02,445 |-INFO in c.q.l.core.rolling.TimeBasedRollingPolicy@127618319 - No compression will be used
19:35:02,447 |-INFO in c.q.l.core.rolling.TimeBasedRollingPolicy@127618319 - Will use the pattern /tmp/application_%d{yyyy-MM-dd}.%i.log for the active file
19:35:02,450 |-INFO in ch.qos.logback.core.rolling.SizeAndTimeBasedFNATP@6b2fad11 - The date pattern is 'yyyy-MM-dd' from file name pattern '/tmp/application_%d{yyyy-MM-dd}.%i.log'.
19:35:02,450 |-INFO in ch.qos.logback.core.rolling.SizeAndTimeBasedFNATP@6b2fad11 - Roll-over at midnight.
19:35:02,455 |-INFO in ch.qos.logback.core.rolling.SizeAndTimeBasedFNATP@6b2fad11 - Setting initial period to Mon Jun 10 19:33:30 UTC 2019
19:35:02,455 |-WARN in ch.qos.logback.core.rolling.SizeAndTimeBasedFNATP@6b2fad11 - SizeAndTimeBasedFNATP is deprecated. Use SizeAndTimeBasedRollingPolicy instead
19:35:02,455 |-WARN in ch.qos.logback.core.rolling.SizeAndTimeBasedFNATP@6b2fad11 - For more information see http://logback.qos.ch/manual/appenders.html#SizeAndTimeBasedRollingPolicy
19:35:02,459 |-INFO in ch.qos.logback.core.joran.action.NestedComplexPropertyIA - Assuming default type [ch.qos.logback.classic.encoder.PatternLayoutEncoder] for [encoder] property
19:35:02,464 |-INFO in ch.qos.logback.core.rolling.RollingFileAppender[FILE] - Active log file name: /tmp/application.log
19:35:02,464 |-INFO in ch.qos.logback.core.rolling.RollingFileAppender[FILE] - File property is set to [/tmp/application.log]
19:35:02,465 |-INFO in ch.qos.logback.classic.joran.action.RootLoggerAction - Setting level of ROOT logger to WARN
19:35:02,465 |-INFO in ch.qos.logback.core.joran.action.AppenderRefAction - Attaching appender named [STDOUT] to Logger[ROOT]
19:35:02,467 |-INFO in ch.qos.logback.core.joran.action.AppenderRefAction - Attaching appender named [FILE] to Logger[ROOT]
19:35:02,467 |-INFO in ch.qos.logback.classic.joran.action.ConfigurationAction - End of configuration.
19:35:02,467 |-INFO in ch.qos.logback.classic.joran.JoranConfigurator@79698539 - Registering current configuration as safe fallback point

Ama winner
Ama winner
2019-06-10T19:35:03.803+0000: 1.791: [Full GC (Metadata GC Threshold) 2019-06-10T19:35:03.803+0000: 1.791: [Tenured: 0K->15241K(341376K), 0.0402680 secs] 114987K->15241K(494976K), [Metaspace: 20739K->20739K(1067008K)], 0.0403381 secs] [Times: user=0.04 sys=0.00, real=0.04 secs] 
19:35:20.965 [Curator-PathChildrenCache-1] WARN  o.a.c.u.ZKPaths  - The version of ZooKeeper being used doesn't support Container nodes. CreateMode.PERSISTENT will be used instead.
2019-06-10T19:35:23.373+0000: 21.362: [GC (Allocation Failure) 2019-06-10T19:35:23.373+0000: 21.362: [DefNew: 136576K->17023K(153600K), 0.0258030 secs] 151817K->52891K(494976K), 0.0258709 secs] [Times: user=0.01 sys=0.01, real=0.03 secs] 
2019-06-10T19:35:24.889+0000: 22.877: [Full GC (Metadata GC Threshold) 2019-06-10T19:35:24.889+0000: 22.877: [Tenured: 35867K->44495K(341376K), 0.0536981 secs] 94724K->44495K(494976K), [Metaspace: 34606K->34606K(1079296K)], 0.0537729 secs] [Times: user=0.05 sys=0.00, real=0.05 secs] 
2019-06-10T19:35:30.417+0000: 28.405: [GC (Allocation Failure) 2019-06-10T19:35:30.417+0000: 28.405: [DefNew: 136576K->68K(153600K), 0.0017738 secs] 181071K->44563K(494976K), 0.0018305 secs] [Times: user=0.01 sys=0.00, real=0.00 secs] 
2019-06-10T19:35:36.025+0000: 34.014: [GC (Allocation Failure) 2019-06-10T19:35:36.025+0000: 34.014: [DefNew: 136644K->69K(153600K), 0.0017631 secs] 181139K->44565K(494976K), 0.0018301 secs] [Times: user=0.00 sys=0.00, real=0.01 secs] 
2019-06-10T19:35:41.543+0000: 39.532: [GC (Allocation Failure) 2019-06-10T19:35:41.543+0000: 39.532: [DefNew: 136645K->101K(153600K), 0.0017404 secs] 181141K->44597K(494976K), 0.0018024 secs] [Times: user=0.00 sys=0.00, real=0.00 secs] 
2019-06-10T19:35:47.136+0000: 45.124: [GC (Allocation Failure) 2019-06-10T19:35:47.136+0000: 45.124: [DefNew: 136677K->101K(153600K), 0.0017927 secs] 181173K->44596K(494976K), 0.0018538 secs] [Times: user=0.01 sys=0.00, real=0.00 secs] 
2019-06-10T19:35:56.053+0000: 54.041: [GC (Allocation Failure) 2019-06-10T19:35:56.053+0000: 54.041: [DefNew: 136677K->102K(153600K), 0.0018485 secs] 181172K->44597K(494976K), 0.0019064 secs] [Times: user=0.00 sys=0.00, real=0.01 secs] 
19:35:59.313 [Curator-PathChildrenCache-0] ERROR o.a.c.f.r.c.PathChildrenCache  - 
java.lang.IllegalStateException: instance must be started before calling this method
	at org.apache.curator.shaded.com.google.common.base.Preconditions.checkState(Preconditions.java:444)
	at org.apache.curator.framework.imps.CuratorFrameworkImpl.getChildren(CuratorFrameworkImpl.java:456)
	at org.apache.curator.framework.recipes.cache.PathChildrenCache.refresh(PathChildrenCache.java:521)
	at org.apache.curator.framework.recipes.cache.RefreshOperation.invoke(RefreshOperation.java:35)
	at org.apache.curator.framework.recipes.cache.PathChildrenCache$9.run(PathChildrenCache.java:786)
	at java.util.concurrent.Executors$RunnableAdapter.call(Executors.java:511)
	at java.util.concurrent.FutureTask.run(FutureTask.java:266)
	at java.util.concurrent.Executors$RunnableAdapter.call(Executors.java:511)
	at java.util.concurrent.FutureTask.run(FutureTask.java:266)
	at java.util.concurrent.ThreadPoolExecutor.runWorker(ThreadPoolExecutor.java:1149)
	at java.util.concurrent.ThreadPoolExecutor$Worker.run(ThreadPoolExecutor.java:624)
	at java.lang.Thread.run(Thread.java:748)
Heap
 def new generation   total 153600K, used 39646K [0x00000000e0c00000, 0x00000000eb2a0000, 0x00000000eb2a0000)
  eden space 136576K,  28% used [0x00000000e0c00000, 0x00000000e329e178, 0x00000000e9160000)
  from space 17024K,   0% used [0x00000000e9160000, 0x00000000e9179930, 0x00000000ea200000)
  to   space 17024K,   0% used [0x00000000ea200000, 0x00000000ea200000, 0x00000000eb2a0000)
 tenured generation   total 341376K, used 44495K [0x00000000eb2a0000, 0x0000000100000000, 0x0000000100000000)
   the space 341376K,  13% used [0x00000000eb2a0000, 0x00000000ede13da0, 0x00000000ede13e00, 0x0000000100000000)
 Metaspace       used 35844K, capacity 36774K, committed 37120K, reserved 1081344K
  class space    used 4824K, capacity 5043K, committed 5120K, reserved 1048576K
