01:09:20,524 |-INFO in ch.qos.logback.classic.LoggerContext[default] - Could NOT find resource [logback-test.xml]
01:09:20,524 |-INFO in ch.qos.logback.classic.LoggerContext[default] - Could NOT find resource [logback.groovy]
01:09:20,524 |-INFO in ch.qos.logback.classic.LoggerContext[default] - Found resource [logback.xml] at [jar:file:/home/nikitasokolov/flamestream/lib/flamestream-runtime-1.0-SNAPSHOT.jar!/logback.xml]
01:09:20,525 |-WARN in ch.qos.logback.classic.LoggerContext[default] - Resource [logback.xml] occurs multiple times on the classpath.
01:09:20,525 |-WARN in ch.qos.logback.classic.LoggerContext[default] - Resource [logback.xml] occurs at [jar:file:/home/nikitasokolov/flamestream/lib/flamestream-runtime-1.0-SNAPSHOT.jar!/logback.xml]
01:09:20,525 |-WARN in ch.qos.logback.classic.LoggerContext[default] - Resource [logback.xml] occurs at [jar:file:/home/nikitasokolov/flamestream/flamestream-runtime-1.0-SNAPSHOT.jar!/logback.xml]
01:09:20,542 |-INFO in ch.qos.logback.core.joran.spi.ConfigurationWatchList@2f7a2457 - URL [jar:file:/home/nikitasokolov/flamestream/lib/flamestream-runtime-1.0-SNAPSHOT.jar!/logback.xml] is not of type file
01:09:20,595 |-INFO in ch.qos.logback.classic.joran.action.ConfigurationAction - debug attribute not set
01:09:20,596 |-INFO in ch.qos.logback.core.joran.action.AppenderAction - About to instantiate appender of type [ch.qos.logback.core.ConsoleAppender]
01:09:20,604 |-INFO in ch.qos.logback.core.joran.action.AppenderAction - Naming appender as [STDOUT]
01:09:20,611 |-INFO in ch.qos.logback.core.joran.action.NestedComplexPropertyIA - Assuming default type [ch.qos.logback.classic.encoder.PatternLayoutEncoder] for [encoder] property
01:09:20,667 |-INFO in ch.qos.logback.core.joran.action.AppenderAction - About to instantiate appender of type [ch.qos.logback.core.rolling.RollingFileAppender]
01:09:20,672 |-INFO in ch.qos.logback.core.joran.action.AppenderAction - Naming appender as [FILE]
01:09:20,695 |-INFO in c.q.l.core.rolling.TimeBasedRollingPolicy@1449621165 - No compression will be used
01:09:20,696 |-INFO in c.q.l.core.rolling.TimeBasedRollingPolicy@1449621165 - Will use the pattern /tmp/application_%d{yyyy-MM-dd}.%i.log for the active file
01:09:20,699 |-INFO in ch.qos.logback.core.rolling.SizeAndTimeBasedFNATP@6108b2d7 - The date pattern is 'yyyy-MM-dd' from file name pattern '/tmp/application_%d{yyyy-MM-dd}.%i.log'.
01:09:20,699 |-INFO in ch.qos.logback.core.rolling.SizeAndTimeBasedFNATP@6108b2d7 - Roll-over at midnight.
01:09:20,703 |-INFO in ch.qos.logback.core.rolling.SizeAndTimeBasedFNATP@6108b2d7 - Setting initial period to Sat Jun 08 01:08:36 MSK 2019
01:09:20,703 |-WARN in ch.qos.logback.core.rolling.SizeAndTimeBasedFNATP@6108b2d7 - SizeAndTimeBasedFNATP is deprecated. Use SizeAndTimeBasedRollingPolicy instead
01:09:20,703 |-WARN in ch.qos.logback.core.rolling.SizeAndTimeBasedFNATP@6108b2d7 - For more information see http://logback.qos.ch/manual/appenders.html#SizeAndTimeBasedRollingPolicy
01:09:20,708 |-INFO in ch.qos.logback.core.joran.action.NestedComplexPropertyIA - Assuming default type [ch.qos.logback.classic.encoder.PatternLayoutEncoder] for [encoder] property
01:09:20,710 |-INFO in ch.qos.logback.core.rolling.RollingFileAppender[FILE] - Active log file name: /tmp/application.log
01:09:20,711 |-INFO in ch.qos.logback.core.rolling.RollingFileAppender[FILE] - File property is set to [/tmp/application.log]
01:09:20,712 |-INFO in ch.qos.logback.classic.joran.action.RootLoggerAction - Setting level of ROOT logger to WARN
01:09:20,712 |-INFO in ch.qos.logback.core.joran.action.AppenderRefAction - Attaching appender named [STDOUT] to Logger[ROOT]
01:09:20,712 |-INFO in ch.qos.logback.core.joran.action.AppenderRefAction - Attaching appender named [FILE] to Logger[ROOT]
01:09:20,712 |-INFO in ch.qos.logback.classic.joran.action.ConfigurationAction - End of configuration.
01:09:20,713 |-INFO in ch.qos.logback.classic.joran.JoranConfigurator@1554909b - Registering current configuration as safe fallback point

2019-06-08T01:09:21.739+0300: 1.406: [GC (Metadata GC Threshold) [PSYoungGen: 108082K->15872K(149504K)] 108082K->15952K(491008K), 0.0220350 secs] [Times: user=0.07 sys=0.03, real=0.02 secs] 
2019-06-08T01:09:21.761+0300: 1.428: [Full GC (Metadata GC Threshold) [PSYoungGen: 15872K->0K(149504K)] [ParOldGen: 80K->14984K(341504K)] 15952K->14984K(491008K), [Metaspace: 20809K->20809K(1067008K)], 0.0308671 secs] [Times: user=0.19 sys=0.01, real=0.03 secs] 
01:09:32.687 [Curator-PathChildrenCache-1] WARN  o.a.c.u.ZKPaths  - The version of ZooKeeper being used doesn't support Container nodes. CreateMode.PERSISTENT will be used instead.
2019-06-08T01:09:33.554+0300: 13.221: [GC (Metadata GC Threshold) [PSYoungGen: 126156K->15745K(149504K)] 141140K->50269K(491008K), 0.0294054 secs] [Times: user=0.22 sys=0.01, real=0.03 secs] 
2019-06-08T01:09:33.583+0300: 13.251: [Full GC (Metadata GC Threshold) [PSYoungGen: 15745K->0K(149504K)] [ParOldGen: 34523K->38831K(341504K)] 50269K->38831K(491008K), [Metaspace: 34545K->34545K(1079296K)], 0.0375225 secs] [Times: user=0.20 sys=0.02, real=0.04 secs] 
2019-06-08T01:09:34.804+0300: 14.471: [GC (Allocation Failure) [PSYoungGen: 128512K->992K(149504K)] 167343K->39831K(491008K), 0.0030294 secs] [Times: user=0.02 sys=0.00, real=0.00 secs] 
2019-06-08T01:09:35.754+0300: 15.421: [GC (Allocation Failure) [PSYoungGen: 129504K->1536K(149504K)] 168343K->40383K(491008K), 0.0040837 secs] [Times: user=0.02 sys=0.00, real=0.01 secs] 
2019-06-08T01:09:36.997+0300: 16.664: [GC (Allocation Failure) [PSYoungGen: 130048K->1728K(149504K)] 168895K->40583K(491008K), 0.0037615 secs] [Times: user=0.02 sys=0.01, real=0.01 secs] 
2019-06-08T01:09:37.939+0300: 17.606: [GC (Allocation Failure) [PSYoungGen: 130240K->800K(150016K)] 169095K->39663K(491520K), 0.0030660 secs] [Times: user=0.01 sys=0.01, real=0.00 secs] 
2019-06-08T01:09:39.275+0300: 18.942: [GC (Allocation Failure) [PSYoungGen: 129824K->1024K(149504K)] 168687K->39895K(491008K), 0.0029171 secs] [Times: user=0.01 sys=0.00, real=0.01 secs] 
2019-06-08T01:09:40.072+0300: 19.739: [GC (Allocation Failure) [PSYoungGen: 130048K->992K(151552K)] 168919K->39871K(493056K), 0.0029244 secs] [Times: user=0.02 sys=0.01, real=0.00 secs] 
2019-06-08T01:09:41.050+0300: 20.717: [GC (Allocation Failure) [PSYoungGen: 133088K->960K(151040K)] 171967K->39847K(492544K), 0.0036802 secs] [Times: user=0.03 sys=0.00, real=0.00 secs] 
2019-06-08T01:09:41.996+0300: 21.663: [GC (Allocation Failure) [PSYoungGen: 133056K->1024K(153088K)] 171943K->39911K(494592K), 0.0037747 secs] [Times: user=0.02 sys=0.00, real=0.01 secs] 
2019-06-08T01:09:48.536+0300: 28.203: [GC (Allocation Failure) [PSYoungGen: 136192K->1233K(152576K)] 175079K->40128K(494080K), 0.0031584 secs] [Times: user=0.01 sys=0.00, real=0.01 secs] 
01:09:48.541 [Curator-PathChildrenCache-0] ERROR o.a.c.f.r.c.PathChildrenCache  - 
java.lang.IllegalStateException: instance must be started before calling this method
	at org.apache.curator.shaded.com.google.common.base.Preconditions.checkState(Preconditions.java:444)
	at org.apache.curator.framework.imps.CuratorFrameworkImpl.getChildren(CuratorFrameworkImpl.java:456)
	at org.apache.curator.framework.recipes.cache.PathChildrenCache.refresh(PathChildrenCache.java:521)
	at org.apache.curator.framework.recipes.cache.RefreshOperation.invoke(RefreshOperation.java:35)
	at org.apache.curator.framework.recipes.cache.PathChildrenCache$9.run(PathChildrenCache.java:786)
	at java.util.concurrent.Executors$RunnableAdapter.call(Executors.java:511)
	at java.util.concurrent.FutureTask.run(FutureTask.java:266)
	at java.util.concurrent.Executors$RunnableAdapter.call(Executors.java:511)
	at java.util.concurrent.FutureTask.run(FutureTask.java:266)
	at java.util.concurrent.ThreadPoolExecutor.runWorker(ThreadPoolExecutor.java:1149)
	at java.util.concurrent.ThreadPoolExecutor$Worker.run(ThreadPoolExecutor.java:624)
	at java.lang.Thread.run(Thread.java:748)
Heap
 PSYoungGen      total 152576K, used 8959K [0x00000000f5980000, 0x0000000100000000, 0x0000000100000000)
  eden space 135168K, 5% used [0x00000000f5980000,0x00000000f610ba90,0x00000000fdd80000)
  from space 17408K, 7% used [0x00000000fdd80000,0x00000000fdeb44e0,0x00000000fee80000)
  to   space 16384K, 0% used [0x00000000ff000000,0x00000000ff000000,0x0000000100000000)
 ParOldGen       total 341504K, used 38895K [0x00000000e0c00000, 0x00000000f5980000, 0x00000000f5980000)
  object space 341504K, 11% used [0x00000000e0c00000,0x00000000e31fbe88,0x00000000f5980000)
 Metaspace       used 35810K, capacity 36710K, committed 36992K, reserved 1081344K
  class space    used 4949K, capacity 5145K, committed 5248K, reserved 1048576K
