22:23:41,249 |-INFO in ch.qos.logback.classic.LoggerContext[default] - Could NOT find resource [logback-test.xml]
22:23:41,250 |-INFO in ch.qos.logback.classic.LoggerContext[default] - Could NOT find resource [logback.groovy]
22:23:41,250 |-INFO in ch.qos.logback.classic.LoggerContext[default] - Found resource [logback.xml] at [jar:file:/home/nikitasokolov/flamestream/lib/flamestream-runtime-1.0-SNAPSHOT.jar!/logback.xml]
22:23:41,250 |-WARN in ch.qos.logback.classic.LoggerContext[default] - Resource [logback.xml] occurs multiple times on the classpath.
22:23:41,251 |-WARN in ch.qos.logback.classic.LoggerContext[default] - Resource [logback.xml] occurs at [jar:file:/home/nikitasokolov/flamestream/lib/flamestream-runtime-1.0-SNAPSHOT.jar!/logback.xml]
22:23:41,251 |-WARN in ch.qos.logback.classic.LoggerContext[default] - Resource [logback.xml] occurs at [jar:file:/home/nikitasokolov/flamestream/flamestream-runtime-1.0-SNAPSHOT.jar!/logback.xml]
22:23:41,267 |-INFO in ch.qos.logback.core.joran.spi.ConfigurationWatchList@6108b2d7 - URL [jar:file:/home/nikitasokolov/flamestream/lib/flamestream-runtime-1.0-SNAPSHOT.jar!/logback.xml] is not of type file
22:23:41,320 |-INFO in ch.qos.logback.classic.joran.action.ConfigurationAction - debug attribute not set
22:23:41,321 |-INFO in ch.qos.logback.core.joran.action.AppenderAction - About to instantiate appender of type [ch.qos.logback.core.ConsoleAppender]
22:23:41,332 |-INFO in ch.qos.logback.core.joran.action.AppenderAction - Naming appender as [STDOUT]
22:23:41,341 |-INFO in ch.qos.logback.core.joran.action.NestedComplexPropertyIA - Assuming default type [ch.qos.logback.classic.encoder.PatternLayoutEncoder] for [encoder] property
22:23:41,395 |-INFO in ch.qos.logback.core.joran.action.AppenderAction - About to instantiate appender of type [ch.qos.logback.core.rolling.RollingFileAppender]
22:23:41,400 |-INFO in ch.qos.logback.core.joran.action.AppenderAction - Naming appender as [FILE]
22:23:41,421 |-INFO in c.q.l.core.rolling.TimeBasedRollingPolicy@357863579 - No compression will be used
22:23:41,422 |-INFO in c.q.l.core.rolling.TimeBasedRollingPolicy@357863579 - Will use the pattern /tmp/application_%d{yyyy-MM-dd}.%i.log for the active file
22:23:41,425 |-INFO in ch.qos.logback.core.rolling.SizeAndTimeBasedFNATP@6bf256fa - The date pattern is 'yyyy-MM-dd' from file name pattern '/tmp/application_%d{yyyy-MM-dd}.%i.log'.
22:23:41,425 |-INFO in ch.qos.logback.core.rolling.SizeAndTimeBasedFNATP@6bf256fa - Roll-over at midnight.
22:23:41,429 |-INFO in ch.qos.logback.core.rolling.SizeAndTimeBasedFNATP@6bf256fa - Setting initial period to Sat Jun 08 22:22:56 MSK 2019
22:23:41,429 |-WARN in ch.qos.logback.core.rolling.SizeAndTimeBasedFNATP@6bf256fa - SizeAndTimeBasedFNATP is deprecated. Use SizeAndTimeBasedRollingPolicy instead
22:23:41,429 |-WARN in ch.qos.logback.core.rolling.SizeAndTimeBasedFNATP@6bf256fa - For more information see http://logback.qos.ch/manual/appenders.html#SizeAndTimeBasedRollingPolicy
22:23:41,433 |-INFO in ch.qos.logback.core.joran.action.NestedComplexPropertyIA - Assuming default type [ch.qos.logback.classic.encoder.PatternLayoutEncoder] for [encoder] property
22:23:41,435 |-INFO in ch.qos.logback.core.rolling.RollingFileAppender[FILE] - Active log file name: /tmp/application.log
22:23:41,435 |-INFO in ch.qos.logback.core.rolling.RollingFileAppender[FILE] - File property is set to [/tmp/application.log]
22:23:41,436 |-INFO in ch.qos.logback.classic.joran.action.RootLoggerAction - Setting level of ROOT logger to WARN
22:23:41,437 |-INFO in ch.qos.logback.core.joran.action.AppenderRefAction - Attaching appender named [STDOUT] to Logger[ROOT]
22:23:41,437 |-INFO in ch.qos.logback.core.joran.action.AppenderRefAction - Attaching appender named [FILE] to Logger[ROOT]
22:23:41,437 |-INFO in ch.qos.logback.classic.joran.action.ConfigurationAction - End of configuration.
22:23:41,438 |-INFO in ch.qos.logback.classic.joran.JoranConfigurator@6cd8737 - Registering current configuration as safe fallback point

2019-06-08T22:23:42.404+0300: 1.365: [GC (Metadata GC Threshold) [PSYoungGen: 110722K->15905K(149504K)] 110722K->15985K(491008K), 0.0219085 secs] [Times: user=0.08 sys=0.03, real=0.02 secs] 
2019-06-08T22:23:42.426+0300: 1.387: [Full GC (Metadata GC Threshold) [PSYoungGen: 15905K->0K(149504K)] [ParOldGen: 80K->15078K(341504K)] 15985K->15078K(491008K), [Metaspace: 20801K->20801K(1067008K)], 0.0260198 secs] [Times: user=0.14 sys=0.05, real=0.03 secs] 
22:23:53.184 [Curator-PathChildrenCache-1] WARN  o.a.c.u.ZKPaths  - The version of ZooKeeper being used doesn't support Container nodes. CreateMode.PERSISTENT will be used instead.
2019-06-08T22:23:54.218+0300: 13.180: [GC (Metadata GC Threshold) [PSYoungGen: 125668K->15891K(149504K)] 140746K->50508K(491008K), 0.0306384 secs] [Times: user=0.25 sys=0.02, real=0.02 secs] 
2019-06-08T22:23:54.249+0300: 13.210: [Full GC (Metadata GC Threshold) [PSYoungGen: 15891K->0K(149504K)] [ParOldGen: 34617K->38939K(341504K)] 50508K->38939K(491008K), [Metaspace: 34569K->34569K(1079296K)], 0.0476030 secs] [Times: user=0.33 sys=0.01, real=0.05 secs] 
2019-06-08T22:23:57.486+0300: 16.448: [GC (Allocation Failure) [PSYoungGen: 128512K->576K(149504K)] 167451K->39523K(491008K), 0.0039261 secs] [Times: user=0.02 sys=0.00, real=0.01 secs] 
2019-06-08T22:24:01.335+0300: 20.296: [GC (Allocation Failure) [PSYoungGen: 129088K->544K(149504K)] 168035K->39499K(491008K), 0.0049870 secs] [Times: user=0.03 sys=0.00, real=0.01 secs] 
2019-06-08T22:24:05.222+0300: 24.184: [GC (Allocation Failure) [PSYoungGen: 129056K->576K(129536K)] 168011K->39539K(471040K), 0.0031834 secs] [Times: user=0.01 sys=0.01, real=0.00 secs] 
2019-06-08T22:24:09.104+0300: 28.065: [GC (Allocation Failure) [PSYoungGen: 129088K->544K(150016K)] 168051K->39515K(491520K), 0.0033508 secs] [Times: user=0.01 sys=0.00, real=0.00 secs] 
2019-06-08T22:24:13.027+0300: 31.988: [GC (Allocation Failure) [PSYoungGen: 129056K->672K(148992K)] 168027K->39651K(490496K), 0.0038654 secs] [Times: user=0.02 sys=0.01, real=0.01 secs] 
2019-06-08T22:24:16.920+0300: 35.882: [GC (Allocation Failure) [PSYoungGen: 129184K->704K(151552K)] 168163K->39683K(493056K), 0.0054403 secs] [Times: user=0.02 sys=0.02, real=0.00 secs] 
2019-06-08T22:24:20.973+0300: 39.934: [GC (Allocation Failure) [PSYoungGen: 132800K->704K(151040K)] 171779K->39691K(492544K), 0.0036743 secs] [Times: user=0.02 sys=0.00, real=0.00 secs] 
2019-06-08T22:24:25.045+0300: 44.006: [GC (Allocation Failure) [PSYoungGen: 132800K->672K(153088K)] 171787K->39667K(494592K), 0.0035390 secs] [Times: user=0.00 sys=0.02, real=0.00 secs] 
2019-06-08T22:24:29.199+0300: 48.160: [GC (Allocation Failure) [PSYoungGen: 135840K->704K(152576K)] 174835K->39699K(494080K), 0.0034346 secs] [Times: user=0.02 sys=0.00, real=0.00 secs] 
2019-06-08T22:24:33.280+0300: 52.242: [GC (Allocation Failure) [PSYoungGen: 135872K->672K(155136K)] 174867K->39675K(496640K), 0.0030018 secs] [Times: user=0.00 sys=0.02, real=0.00 secs] 
2019-06-08T22:24:37.489+0300: 56.451: [GC (Allocation Failure) [PSYoungGen: 139424K->704K(154112K)] 178427K->39715K(495616K), 0.0089409 secs] [Times: user=0.06 sys=0.00, real=0.02 secs] 
2019-06-08T22:24:41.704+0300: 60.666: [GC (Allocation Failure) [PSYoungGen: 139456K->672K(156672K)] 178467K->39683K(498176K), 0.0040832 secs] [Times: user=0.02 sys=0.00, real=0.00 secs] 
2019-06-08T22:24:46.776+0300: 65.738: [GC (Allocation Failure) [PSYoungGen: 142496K->1111K(155648K)] 181507K->40130K(497152K), 0.0049403 secs] [Times: user=0.00 sys=0.02, real=0.01 secs] 
2019-06-08T22:24:52.248+0300: 71.210: [GC (Allocation Failure) [PSYoungGen: 142935K->896K(158208K)] 181954K->39923K(499712K), 0.0035437 secs] [Times: user=0.01 sys=0.00, real=0.01 secs] 
2019-06-08T22:24:57.783+0300: 76.744: [GC (Allocation Failure) [PSYoungGen: 145792K->896K(157184K)] 184819K->39931K(498688K), 0.0027136 secs] [Times: user=0.01 sys=0.00, real=0.00 secs] 
2019-06-08T22:25:03.357+0300: 82.318: [GC (Allocation Failure) [PSYoungGen: 145792K->672K(159232K)] 184827K->40019K(500736K), 0.0046556 secs] [Times: user=0.01 sys=0.03, real=0.01 secs] 
2019-06-08T22:25:08.994+0300: 87.956: [GC (Allocation Failure) [PSYoungGen: 148128K->512K(158720K)] 187475K->39947K(500224K), 0.0032516 secs] [Times: user=0.01 sys=0.00, real=0.00 secs] 
22:25:22.908 [Curator-PathChildrenCache-0] ERROR o.a.c.f.r.c.PathChildrenCache  - 
java.lang.IllegalStateException: instance must be started before calling this method
	at org.apache.curator.shaded.com.google.common.base.Preconditions.checkState(Preconditions.java:444)
	at org.apache.curator.framework.imps.CuratorFrameworkImpl.getChildren(CuratorFrameworkImpl.java:456)
	at org.apache.curator.framework.recipes.cache.PathChildrenCache.refresh(PathChildrenCache.java:521)
	at org.apache.curator.framework.recipes.cache.RefreshOperation.invoke(RefreshOperation.java:35)
	at org.apache.curator.framework.recipes.cache.PathChildrenCache$9.run(PathChildrenCache.java:786)
	at java.util.concurrent.Executors$RunnableAdapter.call(Executors.java:511)
	at java.util.concurrent.FutureTask.run(FutureTask.java:266)
	at java.util.concurrent.Executors$RunnableAdapter.call(Executors.java:511)
	at java.util.concurrent.FutureTask.run(FutureTask.java:266)
	at java.util.concurrent.ThreadPoolExecutor.runWorker(ThreadPoolExecutor.java:1149)
	at java.util.concurrent.ThreadPoolExecutor$Worker.run(ThreadPoolExecutor.java:624)
	at java.lang.Thread.run(Thread.java:748)
Heap
 PSYoungGen      total 158720K, used 51062K [0x00000000f5980000, 0x0000000100000000, 0x0000000100000000)
  eden space 147456K, 34% used [0x00000000f5980000,0x00000000f8addb40,0x00000000fe980000)
  from space 11264K, 4% used [0x00000000fe980000,0x00000000fea00070,0x00000000ff480000)
  to   space 10240K, 0% used [0x00000000ff600000,0x00000000ff600000,0x0000000100000000)
 ParOldGen       total 341504K, used 39435K [0x00000000e0c00000, 0x00000000f5980000, 0x00000000f5980000)
  object space 341504K, 11% used [0x00000000e0c00000,0x00000000e3282c80,0x00000000f5980000)
 Metaspace       used 36206K, capacity 37030K, committed 37208K, reserved 1081344K
  class space    used 4978K, capacity 5161K, committed 5248K, reserved 1048576K
