13:20:44,796 |-INFO in ch.qos.logback.classic.LoggerContext[default] - Could NOT find resource [logback-test.xml]
13:20:44,796 |-INFO in ch.qos.logback.classic.LoggerContext[default] - Could NOT find resource [logback.groovy]
13:20:44,800 |-INFO in ch.qos.logback.classic.LoggerContext[default] - Found resource [logback.xml] at [jar:file:/root/flamestream/lib/flamestream-runtime-1.0-SNAPSHOT.jar!/logback.xml]
13:20:44,801 |-WARN in ch.qos.logback.classic.LoggerContext[default] - Resource [logback.xml] occurs multiple times on the classpath.
13:20:44,801 |-WARN in ch.qos.logback.classic.LoggerContext[default] - Resource [logback.xml] occurs at [jar:file:/root/flamestream/lib/flamestream-runtime-1.0-SNAPSHOT.jar!/logback.xml]
13:20:44,801 |-WARN in ch.qos.logback.classic.LoggerContext[default] - Resource [logback.xml] occurs at [jar:file:/root/flamestream/flamestream-runtime-1.0-SNAPSHOT.jar!/logback.xml]
13:20:44,822 |-INFO in ch.qos.logback.core.joran.spi.ConfigurationWatchList@3fb6a447 - URL [jar:file:/root/flamestream/lib/flamestream-runtime-1.0-SNAPSHOT.jar!/logback.xml] is not of type file
13:20:44,886 |-INFO in ch.qos.logback.classic.joran.action.ConfigurationAction - debug attribute not set
13:20:44,887 |-INFO in ch.qos.logback.core.joran.action.AppenderAction - About to instantiate appender of type [ch.qos.logback.core.ConsoleAppender]
13:20:44,903 |-INFO in ch.qos.logback.core.joran.action.AppenderAction - Naming appender as [STDOUT]
13:20:44,922 |-INFO in ch.qos.logback.core.joran.action.NestedComplexPropertyIA - Assuming default type [ch.qos.logback.classic.encoder.PatternLayoutEncoder] for [encoder] property
13:20:45,015 |-INFO in ch.qos.logback.core.joran.action.AppenderAction - About to instantiate appender of type [ch.qos.logback.core.rolling.RollingFileAppender]
13:20:45,022 |-INFO in ch.qos.logback.core.joran.action.AppenderAction - Naming appender as [FILE]
13:20:45,058 |-INFO in c.q.l.core.rolling.TimeBasedRollingPolicy@127618319 - No compression will be used
13:20:45,059 |-INFO in c.q.l.core.rolling.TimeBasedRollingPolicy@127618319 - Will use the pattern /tmp/application_%d{yyyy-MM-dd}.%i.log for the active file
13:20:45,062 |-INFO in ch.qos.logback.core.rolling.SizeAndTimeBasedFNATP@6b2fad11 - The date pattern is 'yyyy-MM-dd' from file name pattern '/tmp/application_%d{yyyy-MM-dd}.%i.log'.
13:20:45,062 |-INFO in ch.qos.logback.core.rolling.SizeAndTimeBasedFNATP@6b2fad11 - Roll-over at midnight.
13:20:45,067 |-INFO in ch.qos.logback.core.rolling.SizeAndTimeBasedFNATP@6b2fad11 - Setting initial period to Mon Jun 10 13:19:17 UTC 2019
13:20:45,067 |-WARN in ch.qos.logback.core.rolling.SizeAndTimeBasedFNATP@6b2fad11 - SizeAndTimeBasedFNATP is deprecated. Use SizeAndTimeBasedRollingPolicy instead
13:20:45,067 |-WARN in ch.qos.logback.core.rolling.SizeAndTimeBasedFNATP@6b2fad11 - For more information see http://logback.qos.ch/manual/appenders.html#SizeAndTimeBasedRollingPolicy
13:20:45,071 |-INFO in ch.qos.logback.core.joran.action.NestedComplexPropertyIA - Assuming default type [ch.qos.logback.classic.encoder.PatternLayoutEncoder] for [encoder] property
13:20:45,076 |-INFO in ch.qos.logback.core.rolling.RollingFileAppender[FILE] - Active log file name: /tmp/application.log
13:20:45,076 |-INFO in ch.qos.logback.core.rolling.RollingFileAppender[FILE] - File property is set to [/tmp/application.log]
13:20:45,077 |-INFO in ch.qos.logback.classic.joran.action.RootLoggerAction - Setting level of ROOT logger to WARN
13:20:45,077 |-INFO in ch.qos.logback.core.joran.action.AppenderRefAction - Attaching appender named [STDOUT] to Logger[ROOT]
13:20:45,079 |-INFO in ch.qos.logback.core.joran.action.AppenderRefAction - Attaching appender named [FILE] to Logger[ROOT]
13:20:45,079 |-INFO in ch.qos.logback.classic.joran.action.ConfigurationAction - End of configuration.
13:20:45,079 |-INFO in ch.qos.logback.classic.joran.JoranConfigurator@79698539 - Registering current configuration as safe fallback point

Ama winner
Ama winner
2019-06-10T13:20:46.328+0000: 1.711: [Full GC (Metadata GC Threshold) 2019-06-10T13:20:46.328+0000: 1.711: [Tenured: 0K->15241K(341376K), 0.0380497 secs] 117750K->15241K(494976K), [Metaspace: 20731K->20731K(1067008K)], 0.0381168 secs] [Times: user=0.03 sys=0.01, real=0.03 secs] 
13:21:02.749 [Curator-PathChildrenCache-1] WARN  o.a.c.u.ZKPaths  - The version of ZooKeeper being used doesn't support Container nodes. CreateMode.PERSISTENT will be used instead.
2019-06-10T13:21:04.967+0000: 20.349: [GC (Allocation Failure) 2019-06-10T13:21:04.967+0000: 20.349: [DefNew: 136576K->17023K(153600K), 0.0269078 secs] 151817K->52684K(494976K), 0.0269869 secs] [Times: user=0.02 sys=0.01, real=0.03 secs] 
2019-06-10T13:21:07.405+0000: 22.788: [Full GC (Metadata GC Threshold) 2019-06-10T13:21:07.405+0000: 22.788: [Tenured: 35660K->44397K(341376K), 0.0480793 secs] 90449K->44397K(494976K), [Metaspace: 34561K->34561K(1079296K)], 0.0481704 secs] [Times: user=0.04 sys=0.01, real=0.05 secs] 
2019-06-10T13:21:15.664+0000: 31.047: [GC (Allocation Failure) 2019-06-10T13:21:15.664+0000: 31.047: [DefNew: 136576K->67K(153600K), 0.0017780 secs] 180973K->44465K(494976K), 0.0018524 secs] [Times: user=0.00 sys=0.00, real=0.00 secs] 
2019-06-10T13:21:23.888+0000: 39.271: [GC (Allocation Failure) 2019-06-10T13:21:23.888+0000: 39.271: [DefNew: 136643K->69K(153600K), 0.0016657 secs] 181041K->44466K(494976K), 0.0017261 secs] [Times: user=0.00 sys=0.00, real=0.00 secs] 
2019-06-10T13:21:32.181+0000: 47.564: [GC (Allocation Failure) 2019-06-10T13:21:32.181+0000: 47.564: [DefNew: 136645K->67K(153600K), 0.0016691 secs] 181042K->44464K(494976K), 0.0017331 secs] [Times: user=0.00 sys=0.00, real=0.00 secs] 
2019-06-10T13:21:40.507+0000: 55.889: [GC (Allocation Failure) 2019-06-10T13:21:40.507+0000: 55.889: [DefNew: 136643K->67K(153600K), 0.0016862 secs] 181040K->44465K(494976K), 0.0017462 secs] [Times: user=0.00 sys=0.00, real=0.01 secs] 
2019-06-10T13:21:49.263+0000: 64.645: [GC (Allocation Failure) 2019-06-10T13:21:49.263+0000: 64.645: [DefNew: 136643K->412K(153600K), 0.0022104 secs] 181041K->44809K(494976K), 0.0022722 secs] [Times: user=0.01 sys=0.00, real=0.00 secs] 
13:22:04.713 [Curator-PathChildrenCache-0] ERROR o.a.c.f.r.c.PathChildrenCache  - 
java.lang.IllegalStateException: instance must be started before calling this method
	at org.apache.curator.shaded.com.google.common.base.Preconditions.checkState(Preconditions.java:444)
	at org.apache.curator.framework.imps.CuratorFrameworkImpl.getChildren(CuratorFrameworkImpl.java:456)
	at org.apache.curator.framework.recipes.cache.PathChildrenCache.refresh(PathChildrenCache.java:521)
	at org.apache.curator.framework.recipes.cache.RefreshOperation.invoke(RefreshOperation.java:35)
	at org.apache.curator.framework.recipes.cache.PathChildrenCache$9.run(PathChildrenCache.java:786)
	at java.util.concurrent.Executors$RunnableAdapter.call(Executors.java:511)
	at java.util.concurrent.FutureTask.run(FutureTask.java:266)
	at java.util.concurrent.Executors$RunnableAdapter.call(Executors.java:511)
	at java.util.concurrent.FutureTask.run(FutureTask.java:266)
	at java.util.concurrent.ThreadPoolExecutor.runWorker(ThreadPoolExecutor.java:1149)
	at java.util.concurrent.ThreadPoolExecutor$Worker.run(ThreadPoolExecutor.java:624)
	at java.lang.Thread.run(Thread.java:748)
Heap
 def new generation   total 153600K, used 117478K [0x00000000e0c00000, 0x00000000eb2a0000, 0x00000000eb2a0000)
  eden space 136576K,  85% used [0x00000000e0c00000, 0x00000000e7e52910, 0x00000000e9160000)
  from space 17024K,   2% used [0x00000000e9160000, 0x00000000e91c7030, 0x00000000ea200000)
  to   space 17024K,   0% used [0x00000000ea200000, 0x00000000ea200000, 0x00000000eb2a0000)
 tenured generation   total 341376K, used 44397K [0x00000000eb2a0000, 0x0000000100000000, 0x0000000100000000)
   the space 341376K,  13% used [0x00000000eb2a0000, 0x00000000eddfb6a0, 0x00000000eddfb800, 0x0000000100000000)
 Metaspace       used 36043K, capacity 36986K, committed 37120K, reserved 1081344K
  class space    used 4856K, capacity 5073K, committed 5120K, reserved 1048576K
