19:32:36,670 |-INFO in ch.qos.logback.classic.LoggerContext[default] - Could NOT find resource [logback-test.xml]
19:32:36,670 |-INFO in ch.qos.logback.classic.LoggerContext[default] - Could NOT find resource [logback.groovy]
19:32:36,670 |-INFO in ch.qos.logback.classic.LoggerContext[default] - Found resource [logback.xml] at [jar:file:/root/flamestream/lib/flamestream-runtime-1.0-SNAPSHOT.jar!/logback.xml]
19:32:36,670 |-WARN in ch.qos.logback.classic.LoggerContext[default] - Resource [logback.xml] occurs multiple times on the classpath.
19:32:36,670 |-WARN in ch.qos.logback.classic.LoggerContext[default] - Resource [logback.xml] occurs at [jar:file:/root/flamestream/lib/flamestream-runtime-1.0-SNAPSHOT.jar!/logback.xml]
19:32:36,670 |-WARN in ch.qos.logback.classic.LoggerContext[default] - Resource [logback.xml] occurs at [jar:file:/root/flamestream/flamestream-runtime-1.0-SNAPSHOT.jar!/logback.xml]
19:32:36,693 |-INFO in ch.qos.logback.core.joran.spi.ConfigurationWatchList@3fb6a447 - URL [jar:file:/root/flamestream/lib/flamestream-runtime-1.0-SNAPSHOT.jar!/logback.xml] is not of type file
19:32:36,763 |-INFO in ch.qos.logback.classic.joran.action.ConfigurationAction - debug attribute not set
19:32:36,764 |-INFO in ch.qos.logback.core.joran.action.AppenderAction - About to instantiate appender of type [ch.qos.logback.core.ConsoleAppender]
19:32:36,782 |-INFO in ch.qos.logback.core.joran.action.AppenderAction - Naming appender as [STDOUT]
19:32:36,800 |-INFO in ch.qos.logback.core.joran.action.NestedComplexPropertyIA - Assuming default type [ch.qos.logback.classic.encoder.PatternLayoutEncoder] for [encoder] property
19:32:36,888 |-INFO in ch.qos.logback.core.joran.action.AppenderAction - About to instantiate appender of type [ch.qos.logback.core.rolling.RollingFileAppender]
19:32:36,893 |-INFO in ch.qos.logback.core.joran.action.AppenderAction - Naming appender as [FILE]
19:32:36,924 |-INFO in c.q.l.core.rolling.TimeBasedRollingPolicy@127618319 - No compression will be used
19:32:36,925 |-INFO in c.q.l.core.rolling.TimeBasedRollingPolicy@127618319 - Will use the pattern /tmp/application_%d{yyyy-MM-dd}.%i.log for the active file
19:32:36,928 |-INFO in ch.qos.logback.core.rolling.SizeAndTimeBasedFNATP@6b2fad11 - The date pattern is 'yyyy-MM-dd' from file name pattern '/tmp/application_%d{yyyy-MM-dd}.%i.log'.
19:32:36,928 |-INFO in ch.qos.logback.core.rolling.SizeAndTimeBasedFNATP@6b2fad11 - Roll-over at midnight.
19:32:36,934 |-INFO in ch.qos.logback.core.rolling.SizeAndTimeBasedFNATP@6b2fad11 - Setting initial period to Mon Jun 10 19:31:09 UTC 2019
19:32:36,934 |-WARN in ch.qos.logback.core.rolling.SizeAndTimeBasedFNATP@6b2fad11 - SizeAndTimeBasedFNATP is deprecated. Use SizeAndTimeBasedRollingPolicy instead
19:32:36,934 |-WARN in ch.qos.logback.core.rolling.SizeAndTimeBasedFNATP@6b2fad11 - For more information see http://logback.qos.ch/manual/appenders.html#SizeAndTimeBasedRollingPolicy
19:32:36,937 |-INFO in ch.qos.logback.core.joran.action.NestedComplexPropertyIA - Assuming default type [ch.qos.logback.classic.encoder.PatternLayoutEncoder] for [encoder] property
19:32:36,942 |-INFO in ch.qos.logback.core.rolling.RollingFileAppender[FILE] - Active log file name: /tmp/application.log
19:32:36,942 |-INFO in ch.qos.logback.core.rolling.RollingFileAppender[FILE] - File property is set to [/tmp/application.log]
19:32:36,943 |-INFO in ch.qos.logback.classic.joran.action.RootLoggerAction - Setting level of ROOT logger to WARN
19:32:36,943 |-INFO in ch.qos.logback.core.joran.action.AppenderRefAction - Attaching appender named [STDOUT] to Logger[ROOT]
19:32:36,945 |-INFO in ch.qos.logback.core.joran.action.AppenderRefAction - Attaching appender named [FILE] to Logger[ROOT]
19:32:36,945 |-INFO in ch.qos.logback.classic.joran.action.ConfigurationAction - End of configuration.
19:32:36,946 |-INFO in ch.qos.logback.classic.joran.JoranConfigurator@79698539 - Registering current configuration as safe fallback point

Ama winner
Ama winner
2019-06-10T19:32:38.210+0000: 1.719: [Full GC (Metadata GC Threshold) 2019-06-10T19:32:38.210+0000: 1.719: [Tenured: 0K->15176K(341376K), 0.0352793 secs] 114924K->15176K(494976K), [Metaspace: 20730K->20730K(1067008K)], 0.0353465 secs] [Times: user=0.03 sys=0.01, real=0.04 secs] 
19:32:52.292 [Curator-PathChildrenCache-1] WARN  o.a.c.u.ZKPaths  - The version of ZooKeeper being used doesn't support Container nodes. CreateMode.PERSISTENT will be used instead.
2019-06-10T19:32:54.317+0000: 17.826: [GC (GCLocker Initiated GC) 2019-06-10T19:32:54.317+0000: 17.826: [DefNew: 118905K->17024K(153600K), 0.0178229 secs] 153613K->52316K(494976K), 0.0178934 secs] [Times: user=0.02 sys=0.00, real=0.02 secs] 
2019-06-10T19:32:56.040+0000: 19.549: [Full GC (Metadata GC Threshold) 2019-06-10T19:32:56.040+0000: 19.549: [Tenured: 35292K->43837K(341376K), 0.0474759 secs] 91187K->43837K(494976K), [Metaspace: 34581K->34581K(1079296K)], 0.0475501 secs] [Times: user=0.05 sys=0.00, real=0.04 secs] 
2019-06-10T19:33:01.081+0000: 24.590: [GC (Allocation Failure) 2019-06-10T19:33:01.082+0000: 24.590: [DefNew: 136576K->78K(153600K), 0.0019394 secs] 180413K->43915K(494976K), 0.0020001 secs] [Times: user=0.00 sys=0.00, real=0.00 secs] 
2019-06-10T19:33:06.233+0000: 29.742: [GC (Allocation Failure) 2019-06-10T19:33:06.233+0000: 29.742: [DefNew: 136654K->73K(153600K), 0.0016262 secs] 180491K->43911K(494976K), 0.0016832 secs] [Times: user=0.01 sys=0.00, real=0.00 secs] 
2019-06-10T19:33:11.365+0000: 34.874: [GC (Allocation Failure) 2019-06-10T19:33:11.366+0000: 34.874: [DefNew: 136649K->74K(153600K), 0.0016209 secs] 180487K->43911K(494976K), 0.0016817 secs] [Times: user=0.00 sys=0.00, real=0.00 secs] 
2019-06-10T19:33:16.384+0000: 39.893: [GC (Allocation Failure) 2019-06-10T19:33:16.384+0000: 39.893: [DefNew: 136650K->72K(153600K), 0.0017914 secs] 180487K->43909K(494976K), 0.0018636 secs] [Times: user=0.00 sys=0.00, real=0.00 secs] 
19:33:30.596 [Curator-PathChildrenCache-0] ERROR o.a.c.f.r.c.PathChildrenCache  - 
java.lang.IllegalStateException: instance must be started before calling this method
	at org.apache.curator.shaded.com.google.common.base.Preconditions.checkState(Preconditions.java:444)
	at org.apache.curator.framework.imps.CuratorFrameworkImpl.getChildren(CuratorFrameworkImpl.java:456)
	at org.apache.curator.framework.recipes.cache.PathChildrenCache.refresh(PathChildrenCache.java:521)
	at org.apache.curator.framework.recipes.cache.RefreshOperation.invoke(RefreshOperation.java:35)
	at org.apache.curator.framework.recipes.cache.PathChildrenCache$9.run(PathChildrenCache.java:786)
	at java.util.concurrent.Executors$RunnableAdapter.call(Executors.java:511)
	at java.util.concurrent.FutureTask.run(FutureTask.java:266)
	at java.util.concurrent.Executors$RunnableAdapter.call(Executors.java:511)
	at java.util.concurrent.FutureTask.run(FutureTask.java:266)
	at java.util.concurrent.ThreadPoolExecutor.runWorker(ThreadPoolExecutor.java:1149)
	at java.util.concurrent.ThreadPoolExecutor$Worker.run(ThreadPoolExecutor.java:624)
	at java.lang.Thread.run(Thread.java:748)
2019-06-10T19:33:30.607+0000: 54.116: [GC (Allocation Failure) 2019-06-10T19:33:30.607+0000: 54.116: [DefNew: 136648K->475K(153600K), 0.0030749 secs] 180485K->44313K(494976K), 0.0031205 secs] [Times: user=0.01 sys=0.00, real=0.00 secs] 
Heap
 def new generation   total 153600K, used 12327K [0x00000000e0c00000, 0x00000000eb2a0000, 0x00000000eb2a0000)
  eden space 136576K,   8% used [0x00000000e0c00000, 0x00000000e1792d40, 0x00000000e9160000)
  from space 17024K,   2% used [0x00000000e9160000, 0x00000000e91d6ec8, 0x00000000ea200000)
  to   space 17024K,   0% used [0x00000000ea200000, 0x00000000ea200000, 0x00000000eb2a0000)
 tenured generation   total 341376K, used 43837K [0x00000000eb2a0000, 0x0000000100000000, 0x0000000100000000)
   the space 341376K,  12% used [0x00000000eb2a0000, 0x00000000edd6f5e0, 0x00000000edd6f600, 0x0000000100000000)
 Metaspace       used 35715K, capacity 36646K, committed 36864K, reserved 1081344K
  class space    used 4824K, capacity 5043K, committed 5120K, reserved 1048576K
