19:00:38,895 |-INFO in ch.qos.logback.classic.LoggerContext[default] - Could NOT find resource [logback-test.xml]
19:00:38,896 |-INFO in ch.qos.logback.classic.LoggerContext[default] - Could NOT find resource [logback.groovy]
19:00:38,896 |-INFO in ch.qos.logback.classic.LoggerContext[default] - Found resource [logback.xml] at [jar:file:/root/flamestream/lib/flamestream-runtime-1.0-SNAPSHOT.jar!/logback.xml]
19:00:38,897 |-WARN in ch.qos.logback.classic.LoggerContext[default] - Resource [logback.xml] occurs multiple times on the classpath.
19:00:38,897 |-WARN in ch.qos.logback.classic.LoggerContext[default] - Resource [logback.xml] occurs at [jar:file:/root/flamestream/lib/flamestream-runtime-1.0-SNAPSHOT.jar!/logback.xml]
19:00:38,897 |-WARN in ch.qos.logback.classic.LoggerContext[default] - Resource [logback.xml] occurs at [jar:file:/root/flamestream/flamestream-runtime-1.0-SNAPSHOT.jar!/logback.xml]
19:00:38,916 |-INFO in ch.qos.logback.core.joran.spi.ConfigurationWatchList@3fb6a447 - URL [jar:file:/root/flamestream/lib/flamestream-runtime-1.0-SNAPSHOT.jar!/logback.xml] is not of type file
19:00:38,982 |-INFO in ch.qos.logback.classic.joran.action.ConfigurationAction - debug attribute not set
19:00:38,983 |-INFO in ch.qos.logback.core.joran.action.AppenderAction - About to instantiate appender of type [ch.qos.logback.core.ConsoleAppender]
19:00:38,999 |-INFO in ch.qos.logback.core.joran.action.AppenderAction - Naming appender as [STDOUT]
19:00:39,019 |-INFO in ch.qos.logback.core.joran.action.NestedComplexPropertyIA - Assuming default type [ch.qos.logback.classic.encoder.PatternLayoutEncoder] for [encoder] property
19:00:39,118 |-INFO in ch.qos.logback.core.joran.action.AppenderAction - About to instantiate appender of type [ch.qos.logback.core.rolling.RollingFileAppender]
19:00:39,129 |-INFO in ch.qos.logback.core.joran.action.AppenderAction - Naming appender as [FILE]
19:00:39,155 |-INFO in c.q.l.core.rolling.TimeBasedRollingPolicy@127618319 - No compression will be used
19:00:39,156 |-INFO in c.q.l.core.rolling.TimeBasedRollingPolicy@127618319 - Will use the pattern /tmp/application_%d{yyyy-MM-dd}.%i.log for the active file
19:00:39,159 |-INFO in ch.qos.logback.core.rolling.SizeAndTimeBasedFNATP@6b2fad11 - The date pattern is 'yyyy-MM-dd' from file name pattern '/tmp/application_%d{yyyy-MM-dd}.%i.log'.
19:00:39,159 |-INFO in ch.qos.logback.core.rolling.SizeAndTimeBasedFNATP@6b2fad11 - Roll-over at midnight.
19:00:39,164 |-INFO in ch.qos.logback.core.rolling.SizeAndTimeBasedFNATP@6b2fad11 - Setting initial period to Mon Jun 10 18:59:06 UTC 2019
19:00:39,164 |-WARN in ch.qos.logback.core.rolling.SizeAndTimeBasedFNATP@6b2fad11 - SizeAndTimeBasedFNATP is deprecated. Use SizeAndTimeBasedRollingPolicy instead
19:00:39,164 |-WARN in ch.qos.logback.core.rolling.SizeAndTimeBasedFNATP@6b2fad11 - For more information see http://logback.qos.ch/manual/appenders.html#SizeAndTimeBasedRollingPolicy
19:00:39,169 |-INFO in ch.qos.logback.core.joran.action.NestedComplexPropertyIA - Assuming default type [ch.qos.logback.classic.encoder.PatternLayoutEncoder] for [encoder] property
19:00:39,174 |-INFO in ch.qos.logback.core.rolling.RollingFileAppender[FILE] - Active log file name: /tmp/application.log
19:00:39,174 |-INFO in ch.qos.logback.core.rolling.RollingFileAppender[FILE] - File property is set to [/tmp/application.log]
19:00:39,174 |-INFO in ch.qos.logback.classic.joran.action.RootLoggerAction - Setting level of ROOT logger to WARN
19:00:39,175 |-INFO in ch.qos.logback.core.joran.action.AppenderRefAction - Attaching appender named [STDOUT] to Logger[ROOT]
19:00:39,175 |-INFO in ch.qos.logback.core.joran.action.AppenderRefAction - Attaching appender named [FILE] to Logger[ROOT]
19:00:39,175 |-INFO in ch.qos.logback.classic.joran.action.ConfigurationAction - End of configuration.
19:00:39,176 |-INFO in ch.qos.logback.classic.joran.JoranConfigurator@79698539 - Registering current configuration as safe fallback point

Ama winner
Ama winner
2019-06-10T19:00:40.471+0000: 1.759: [Full GC (Metadata GC Threshold) 2019-06-10T19:00:40.471+0000: 1.759: [Tenured: 0K->15232K(341376K), 0.0408175 secs] 117751K->15232K(494976K), [Metaspace: 20731K->20731K(1067008K)], 0.0409072 secs] [Times: user=0.04 sys=0.00, real=0.04 secs] 
19:00:57.416 [Curator-PathChildrenCache-1] WARN  o.a.c.u.ZKPaths  - The version of ZooKeeper being used doesn't support Container nodes. CreateMode.PERSISTENT will be used instead.
2019-06-10T19:00:59.853+0000: 21.141: [GC (Allocation Failure) 2019-06-10T19:00:59.853+0000: 21.141: [DefNew: 136576K->17023K(153600K), 0.0270433 secs] 151808K->52745K(494976K), 0.0271177 secs] [Times: user=0.02 sys=0.01, real=0.03 secs] 
2019-06-10T19:01:01.263+0000: 22.552: [Full GC (Metadata GC Threshold) 2019-06-10T19:01:01.263+0000: 22.552: [Tenured: 35721K->44212K(341376K), 0.0587584 secs] 84451K->44212K(494976K), [Metaspace: 34553K->34553K(1079296K)], 0.0588401 secs] [Times: user=0.05 sys=0.00, real=0.06 secs] 
2019-06-10T19:01:08.102+0000: 29.390: [GC (Allocation Failure) 2019-06-10T19:01:08.102+0000: 29.390: [DefNew: 136576K->68K(153600K), 0.0017711 secs] 180788K->44281K(494976K), 0.0018468 secs] [Times: user=0.00 sys=0.00, real=0.00 secs] 
2019-06-10T19:01:14.891+0000: 36.180: [GC (Allocation Failure) 2019-06-10T19:01:14.891+0000: 36.180: [DefNew: 136644K->138K(153600K), 0.0017274 secs] 180857K->44351K(494976K), 0.0017900 secs] [Times: user=0.01 sys=0.00, real=0.00 secs] 
2019-06-10T19:01:21.768+0000: 43.057: [GC (Allocation Failure) 2019-06-10T19:01:21.768+0000: 43.057: [DefNew: 136714K->166K(153600K), 0.0017078 secs] 180927K->44379K(494976K), 0.0017700 secs] [Times: user=0.00 sys=0.00, real=0.00 secs] 
2019-06-10T19:01:28.631+0000: 49.919: [GC (Allocation Failure) 2019-06-10T19:01:28.631+0000: 49.919: [DefNew: 136742K->166K(153600K), 0.0018135 secs] 180955K->44379K(494976K), 0.0018726 secs] [Times: user=0.00 sys=0.00, real=0.00 secs] 
2019-06-10T19:01:35.557+0000: 56.845: [GC (Allocation Failure) 2019-06-10T19:01:35.557+0000: 56.845: [DefNew: 136742K->168K(153600K), 0.0017711 secs] 180955K->44381K(494976K), 0.0018404 secs] [Times: user=0.00 sys=0.00, real=0.00 secs] 
19:01:43.858 [Curator-PathChildrenCache-0] ERROR o.a.c.f.r.c.PathChildrenCache  - 
java.lang.IllegalStateException: instance must be started before calling this method
	at org.apache.curator.shaded.com.google.common.base.Preconditions.checkState(Preconditions.java:444)
	at org.apache.curator.framework.imps.CuratorFrameworkImpl.getChildren(CuratorFrameworkImpl.java:456)
	at org.apache.curator.framework.recipes.cache.PathChildrenCache.refresh(PathChildrenCache.java:521)
	at org.apache.curator.framework.recipes.cache.RefreshOperation.invoke(RefreshOperation.java:35)
	at org.apache.curator.framework.recipes.cache.PathChildrenCache$9.run(PathChildrenCache.java:786)
	at java.util.concurrent.Executors$RunnableAdapter.call(Executors.java:511)
	at java.util.concurrent.FutureTask.run(FutureTask.java:266)
	at java.util.concurrent.Executors$RunnableAdapter.call(Executors.java:511)
	at java.util.concurrent.FutureTask.run(FutureTask.java:266)
	at java.util.concurrent.ThreadPoolExecutor.runWorker(ThreadPoolExecutor.java:1149)
	at java.util.concurrent.ThreadPoolExecutor$Worker.run(ThreadPoolExecutor.java:624)
	at java.lang.Thread.run(Thread.java:748)
Heap
 def new generation   total 153600K, used 70112K [0x00000000e0c00000, 0x00000000eb2a0000, 0x00000000eb2a0000)
  eden space 136576K,  51% used [0x00000000e0c00000, 0x00000000e504e158, 0x00000000e9160000)
  from space 17024K,   0% used [0x00000000e9160000, 0x00000000e918a148, 0x00000000ea200000)
  to   space 17024K,   0% used [0x00000000ea200000, 0x00000000ea200000, 0x00000000eb2a0000)
 tenured generation   total 341376K, used 44212K [0x00000000eb2a0000, 0x0000000100000000, 0x0000000100000000)
   the space 341376K,  12% used [0x00000000eb2a0000, 0x00000000eddcd348, 0x00000000eddcd400, 0x0000000100000000)
 Metaspace       used 36052K, capacity 36992K, committed 37120K, reserved 1081344K
  class space    used 4871K, capacity 5074K, committed 5120K, reserved 1048576K
