05:31:17,634 |-INFO in ch.qos.logback.classic.LoggerContext[default] - Could NOT find resource [logback-test.xml]
05:31:17,634 |-INFO in ch.qos.logback.classic.LoggerContext[default] - Could NOT find resource [logback.groovy]
05:31:17,635 |-INFO in ch.qos.logback.classic.LoggerContext[default] - Found resource [logback.xml] at [jar:file:/root/flamestream/lib/flamestream-runtime-1.0-SNAPSHOT.jar!/logback.xml]
05:31:17,636 |-WARN in ch.qos.logback.classic.LoggerContext[default] - Resource [logback.xml] occurs multiple times on the classpath.
05:31:17,636 |-WARN in ch.qos.logback.classic.LoggerContext[default] - Resource [logback.xml] occurs at [jar:file:/root/flamestream/lib/flamestream-runtime-1.0-SNAPSHOT.jar!/logback.xml]
05:31:17,636 |-WARN in ch.qos.logback.classic.LoggerContext[default] - Resource [logback.xml] occurs at [jar:file:/root/flamestream/flamestream-runtime-1.0-SNAPSHOT.jar!/logback.xml]
05:31:17,656 |-INFO in ch.qos.logback.core.joran.spi.ConfigurationWatchList@3fb6a447 - URL [jar:file:/root/flamestream/lib/flamestream-runtime-1.0-SNAPSHOT.jar!/logback.xml] is not of type file
05:31:17,721 |-INFO in ch.qos.logback.classic.joran.action.ConfigurationAction - debug attribute not set
05:31:17,721 |-INFO in ch.qos.logback.core.joran.action.AppenderAction - About to instantiate appender of type [ch.qos.logback.core.ConsoleAppender]
05:31:17,737 |-INFO in ch.qos.logback.core.joran.action.AppenderAction - Naming appender as [STDOUT]
05:31:17,757 |-INFO in ch.qos.logback.core.joran.action.NestedComplexPropertyIA - Assuming default type [ch.qos.logback.classic.encoder.PatternLayoutEncoder] for [encoder] property
05:31:17,853 |-INFO in ch.qos.logback.core.joran.action.AppenderAction - About to instantiate appender of type [ch.qos.logback.core.rolling.RollingFileAppender]
05:31:17,858 |-INFO in ch.qos.logback.core.joran.action.AppenderAction - Naming appender as [FILE]
05:31:17,894 |-INFO in c.q.l.core.rolling.TimeBasedRollingPolicy@127618319 - No compression will be used
05:31:17,895 |-INFO in c.q.l.core.rolling.TimeBasedRollingPolicy@127618319 - Will use the pattern /tmp/application_%d{yyyy-MM-dd}.%i.log for the active file
05:31:17,898 |-INFO in ch.qos.logback.core.rolling.SizeAndTimeBasedFNATP@6b2fad11 - The date pattern is 'yyyy-MM-dd' from file name pattern '/tmp/application_%d{yyyy-MM-dd}.%i.log'.
05:31:17,898 |-INFO in ch.qos.logback.core.rolling.SizeAndTimeBasedFNATP@6b2fad11 - Roll-over at midnight.
05:31:17,903 |-INFO in ch.qos.logback.core.rolling.SizeAndTimeBasedFNATP@6b2fad11 - Setting initial period to Tue Jun 11 05:29:57 UTC 2019
05:31:17,903 |-WARN in ch.qos.logback.core.rolling.SizeAndTimeBasedFNATP@6b2fad11 - SizeAndTimeBasedFNATP is deprecated. Use SizeAndTimeBasedRollingPolicy instead
05:31:17,903 |-WARN in ch.qos.logback.core.rolling.SizeAndTimeBasedFNATP@6b2fad11 - For more information see http://logback.qos.ch/manual/appenders.html#SizeAndTimeBasedRollingPolicy
05:31:17,907 |-INFO in ch.qos.logback.core.joran.action.NestedComplexPropertyIA - Assuming default type [ch.qos.logback.classic.encoder.PatternLayoutEncoder] for [encoder] property
05:31:17,912 |-INFO in ch.qos.logback.core.rolling.RollingFileAppender[FILE] - Active log file name: /tmp/application.log
05:31:17,912 |-INFO in ch.qos.logback.core.rolling.RollingFileAppender[FILE] - File property is set to [/tmp/application.log]
05:31:17,913 |-INFO in ch.qos.logback.classic.joran.action.RootLoggerAction - Setting level of ROOT logger to WARN
05:31:17,913 |-INFO in ch.qos.logback.core.joran.action.AppenderRefAction - Attaching appender named [STDOUT] to Logger[ROOT]
05:31:17,915 |-INFO in ch.qos.logback.core.joran.action.AppenderRefAction - Attaching appender named [FILE] to Logger[ROOT]
05:31:17,915 |-INFO in ch.qos.logback.classic.joran.action.ConfigurationAction - End of configuration.
05:31:17,916 |-INFO in ch.qos.logback.classic.joran.JoranConfigurator@79698539 - Registering current configuration as safe fallback point

Ama winner
Ama winner
2019-06-11T05:31:19.195+0000: 1.747: [Full GC (Metadata GC Threshold) 2019-06-11T05:31:19.195+0000: 1.747: [Tenured: 0K->15146K(341376K), 0.0401144 secs] 114987K->15146K(494976K), [Metaspace: 20741K->20741K(1067008K)], 0.0401807 secs] [Times: user=0.04 sys=0.00, real=0.04 secs] 
05:31:36.113 [Curator-PathChildrenCache-1] WARN  o.a.c.u.ZKPaths  - The version of ZooKeeper being used doesn't support Container nodes. CreateMode.PERSISTENT will be used instead.
2019-06-11T05:31:38.441+0000: 20.993: [GC (Allocation Failure) 2019-06-11T05:31:38.441+0000: 20.993: [DefNew: 136576K->17023K(153600K), 0.0287233 secs] 151722K->52512K(494976K), 0.0287917 secs] [Times: user=0.02 sys=0.02, real=0.03 secs] 
2019-06-11T05:31:40.372+0000: 22.925: [Full GC (Metadata GC Threshold) 2019-06-11T05:31:40.372+0000: 22.925: [Tenured: 35488K->43817K(341376K), 0.0416112 secs] 89434K->43817K(494976K), [Metaspace: 34587K->34587K(1079296K)], 0.0416834 secs] [Times: user=0.04 sys=0.00, real=0.04 secs] 
2019-06-11T05:31:47.411+0000: 29.964: [GC (Allocation Failure) 2019-06-11T05:31:47.411+0000: 29.964: [DefNew: 136576K->68K(153600K), 0.0017834 secs] 180393K->43886K(494976K), 0.0018415 secs] [Times: user=0.01 sys=0.00, real=0.00 secs] 
2019-06-11T05:31:54.431+0000: 36.983: [GC (Allocation Failure) 2019-06-11T05:31:54.431+0000: 36.983: [DefNew: 136644K->68K(153600K), 0.0016742 secs] 180462K->43885K(494976K), 0.0017364 secs] [Times: user=0.00 sys=0.00, real=0.00 secs] 
2019-06-11T05:32:01.573+0000: 44.125: [GC (Allocation Failure) 2019-06-11T05:32:01.573+0000: 44.126: [DefNew: 136644K->69K(153600K), 0.0017409 secs] 180461K->43887K(494976K), 0.0018114 secs] [Times: user=0.01 sys=0.00, real=0.01 secs] 
2019-06-11T05:32:08.732+0000: 51.285: [GC (Allocation Failure) 2019-06-11T05:32:08.732+0000: 51.285: [DefNew: 136645K->72K(153600K), 0.0017182 secs] 180463K->43889K(494976K), 0.0017881 secs] [Times: user=0.00 sys=0.00, real=0.00 secs] 
2019-06-11T05:32:15.902+0000: 58.454: [GC (Allocation Failure) 2019-06-11T05:32:15.902+0000: 58.454: [DefNew: 136648K->69K(153600K), 0.0017646 secs] 180465K->43886K(494976K), 0.0018249 secs] [Times: user=0.00 sys=0.00, real=0.00 secs] 
05:32:31.568 [Curator-PathChildrenCache-0] ERROR o.a.c.f.r.c.PathChildrenCache  - 
java.lang.IllegalStateException: instance must be started before calling this method
	at org.apache.curator.shaded.com.google.common.base.Preconditions.checkState(Preconditions.java:444)
	at org.apache.curator.framework.imps.CuratorFrameworkImpl.getChildren(CuratorFrameworkImpl.java:456)
	at org.apache.curator.framework.recipes.cache.PathChildrenCache.refresh(PathChildrenCache.java:521)
	at org.apache.curator.framework.recipes.cache.RefreshOperation.invoke(RefreshOperation.java:35)
	at org.apache.curator.framework.recipes.cache.PathChildrenCache$9.run(PathChildrenCache.java:786)
	at java.util.concurrent.Executors$RunnableAdapter.call(Executors.java:511)
	at java.util.concurrent.FutureTask.run(FutureTask.java:266)
	at java.util.concurrent.Executors$RunnableAdapter.call(Executors.java:511)
	at java.util.concurrent.FutureTask.run(FutureTask.java:266)
	at java.util.concurrent.ThreadPoolExecutor.runWorker(ThreadPoolExecutor.java:1149)
	at java.util.concurrent.ThreadPoolExecutor$Worker.run(ThreadPoolExecutor.java:624)
	at java.lang.Thread.run(Thread.java:748)
Heap
 def new generation   total 153600K, used 119319K [0x00000000e0c00000, 0x00000000eb2a0000, 0x00000000eb2a0000)
  eden space 136576K,  87% used [0x00000000e0c00000, 0x00000000e8074658, 0x00000000e9160000)
  from space 17024K,   0% used [0x00000000e9160000, 0x00000000e91715a8, 0x00000000ea200000)
  to   space 17024K,   0% used [0x00000000ea200000, 0x00000000ea200000, 0x00000000eb2a0000)
 tenured generation   total 341376K, used 43817K [0x00000000eb2a0000, 0x0000000100000000, 0x0000000100000000)
   the space 341376K,  12% used [0x00000000eb2a0000, 0x00000000edd6a598, 0x00000000edd6a600, 0x0000000100000000)
 Metaspace       used 36082K, capacity 36934K, committed 37120K, reserved 1081344K
  class space    used 4871K, capacity 5075K, committed 5120K, reserved 1048576K
