08:22:47,943 |-INFO in ch.qos.logback.classic.LoggerContext[default] - Could NOT find resource [logback-test.xml]
08:22:47,943 |-INFO in ch.qos.logback.classic.LoggerContext[default] - Could NOT find resource [logback.groovy]
08:22:47,943 |-INFO in ch.qos.logback.classic.LoggerContext[default] - Found resource [logback.xml] at [jar:file:/root/flamestream/lib/flamestream-runtime-1.0-SNAPSHOT.jar!/logback.xml]
08:22:47,944 |-WARN in ch.qos.logback.classic.LoggerContext[default] - Resource [logback.xml] occurs multiple times on the classpath.
08:22:47,948 |-WARN in ch.qos.logback.classic.LoggerContext[default] - Resource [logback.xml] occurs at [jar:file:/root/flamestream/lib/flamestream-runtime-1.0-SNAPSHOT.jar!/logback.xml]
08:22:47,948 |-WARN in ch.qos.logback.classic.LoggerContext[default] - Resource [logback.xml] occurs at [jar:file:/root/flamestream/flamestream-runtime-1.0-SNAPSHOT.jar!/logback.xml]
08:22:47,967 |-INFO in ch.qos.logback.core.joran.spi.ConfigurationWatchList@3fb6a447 - URL [jar:file:/root/flamestream/lib/flamestream-runtime-1.0-SNAPSHOT.jar!/logback.xml] is not of type file
08:22:48,036 |-INFO in ch.qos.logback.classic.joran.action.ConfigurationAction - debug attribute not set
08:22:48,037 |-INFO in ch.qos.logback.core.joran.action.AppenderAction - About to instantiate appender of type [ch.qos.logback.core.ConsoleAppender]
08:22:48,057 |-INFO in ch.qos.logback.core.joran.action.AppenderAction - Naming appender as [STDOUT]
08:22:48,073 |-INFO in ch.qos.logback.core.joran.action.NestedComplexPropertyIA - Assuming default type [ch.qos.logback.classic.encoder.PatternLayoutEncoder] for [encoder] property
08:22:48,158 |-INFO in ch.qos.logback.core.joran.action.AppenderAction - About to instantiate appender of type [ch.qos.logback.core.rolling.RollingFileAppender]
08:22:48,163 |-INFO in ch.qos.logback.core.joran.action.AppenderAction - Naming appender as [FILE]
08:22:48,195 |-INFO in c.q.l.core.rolling.TimeBasedRollingPolicy@127618319 - No compression will be used
08:22:48,196 |-INFO in c.q.l.core.rolling.TimeBasedRollingPolicy@127618319 - Will use the pattern /tmp/application_%d{yyyy-MM-dd}.%i.log for the active file
08:22:48,199 |-INFO in ch.qos.logback.core.rolling.SizeAndTimeBasedFNATP@6b2fad11 - The date pattern is 'yyyy-MM-dd' from file name pattern '/tmp/application_%d{yyyy-MM-dd}.%i.log'.
08:22:48,199 |-INFO in ch.qos.logback.core.rolling.SizeAndTimeBasedFNATP@6b2fad11 - Roll-over at midnight.
08:22:48,205 |-INFO in ch.qos.logback.core.rolling.SizeAndTimeBasedFNATP@6b2fad11 - Setting initial period to Tue Jun 11 08:21:36 UTC 2019
08:22:48,205 |-WARN in ch.qos.logback.core.rolling.SizeAndTimeBasedFNATP@6b2fad11 - SizeAndTimeBasedFNATP is deprecated. Use SizeAndTimeBasedRollingPolicy instead
08:22:48,205 |-WARN in ch.qos.logback.core.rolling.SizeAndTimeBasedFNATP@6b2fad11 - For more information see http://logback.qos.ch/manual/appenders.html#SizeAndTimeBasedRollingPolicy
08:22:48,209 |-INFO in ch.qos.logback.core.joran.action.NestedComplexPropertyIA - Assuming default type [ch.qos.logback.classic.encoder.PatternLayoutEncoder] for [encoder] property
08:22:48,213 |-INFO in ch.qos.logback.core.rolling.RollingFileAppender[FILE] - Active log file name: /tmp/application.log
08:22:48,213 |-INFO in ch.qos.logback.core.rolling.RollingFileAppender[FILE] - File property is set to [/tmp/application.log]
08:22:48,214 |-INFO in ch.qos.logback.classic.joran.action.RootLoggerAction - Setting level of ROOT logger to WARN
08:22:48,214 |-INFO in ch.qos.logback.core.joran.action.AppenderRefAction - Attaching appender named [STDOUT] to Logger[ROOT]
08:22:48,216 |-INFO in ch.qos.logback.core.joran.action.AppenderRefAction - Attaching appender named [FILE] to Logger[ROOT]
08:22:48,216 |-INFO in ch.qos.logback.classic.joran.action.ConfigurationAction - End of configuration.
08:22:48,217 |-INFO in ch.qos.logback.classic.joran.JoranConfigurator@79698539 - Registering current configuration as safe fallback point

Ama winner
Ama winner
2019-06-11T08:22:49.527+0000: 1.764: [Full GC (Metadata GC Threshold) 2019-06-11T08:22:49.527+0000: 1.764: [Tenured: 0K->15176K(341376K), 0.0409293 secs] 114987K->15176K(494976K), [Metaspace: 20730K->20730K(1067008K)], 0.0410007 secs] [Times: user=0.04 sys=0.01, real=0.05 secs] 
08:23:03.204 [Curator-PathChildrenCache-1] WARN  o.a.c.u.ZKPaths  - The version of ZooKeeper being used doesn't support Container nodes. CreateMode.PERSISTENT will be used instead.
2019-06-11T08:23:05.544+0000: 17.781: [GC (Allocation Failure) 2019-06-11T08:23:05.544+0000: 17.781: [DefNew: 136576K->17023K(153600K), 0.0279212 secs] 151752K->52355K(494976K), 0.0279903 secs] [Times: user=0.02 sys=0.01, real=0.03 secs] 
2019-06-11T08:23:11.220+0000: 23.457: [GC (Allocation Failure) 2019-06-11T08:23:11.220+0000: 23.457: [DefNew: 153599K->321K(153600K), 0.0095645 secs] 188931K->43661K(494976K), 0.0096435 secs] [Times: user=0.01 sys=0.00, real=0.01 secs] 
2019-06-11T08:23:11.993+0000: 24.230: [Full GC (Metadata GC Threshold) 2019-06-11T08:23:11.993+0000: 24.230: [Tenured: 43339K->43601K(341376K), 0.0345610 secs] 65161K->43601K(494976K), [Metaspace: 34577K->34577K(1079296K)], 0.0346355 secs] [Times: user=0.03 sys=0.00, real=0.03 secs] 
2019-06-11T08:23:17.598+0000: 29.835: [GC (Allocation Failure) 2019-06-11T08:23:17.598+0000: 29.835: [DefNew: 136576K->55K(153600K), 0.0017399 secs] 180177K->43656K(494976K), 0.0018169 secs] [Times: user=0.00 sys=0.00, real=0.00 secs] 
2019-06-11T08:23:23.237+0000: 35.474: [GC (Allocation Failure) 2019-06-11T08:23:23.237+0000: 35.474: [DefNew: 136631K->51K(153600K), 0.0016148 secs] 180232K->43652K(494976K), 0.0016980 secs] [Times: user=0.00 sys=0.00, real=0.00 secs] 
2019-06-11T08:23:28.806+0000: 41.043: [GC (Allocation Failure) 2019-06-11T08:23:28.806+0000: 41.043: [DefNew: 136627K->53K(153600K), 0.0016112 secs] 180228K->43655K(494976K), 0.0016825 secs] [Times: user=0.00 sys=0.00, real=0.00 secs] 
2019-06-11T08:23:35.141+0000: 47.378: [GC (Allocation Failure) 2019-06-11T08:23:35.141+0000: 47.378: [DefNew: 136629K->52K(153600K), 0.0016830 secs] 180231K->43653K(494976K), 0.0017466 secs] [Times: user=0.01 sys=0.00, real=0.00 secs] 
08:23:45.887 [Curator-PathChildrenCache-0] ERROR o.a.c.f.r.c.PathChildrenCache  - 
java.lang.IllegalStateException: instance must be started before calling this method
	at org.apache.curator.shaded.com.google.common.base.Preconditions.checkState(Preconditions.java:444)
	at org.apache.curator.framework.imps.CuratorFrameworkImpl.getChildren(CuratorFrameworkImpl.java:456)
	at org.apache.curator.framework.recipes.cache.PathChildrenCache.refresh(PathChildrenCache.java:521)
	at org.apache.curator.framework.recipes.cache.RefreshOperation.invoke(RefreshOperation.java:35)
	at org.apache.curator.framework.recipes.cache.PathChildrenCache$9.run(PathChildrenCache.java:786)
	at java.util.concurrent.Executors$RunnableAdapter.call(Executors.java:511)
	at java.util.concurrent.FutureTask.run(FutureTask.java:266)
	at java.util.concurrent.Executors$RunnableAdapter.call(Executors.java:511)
	at java.util.concurrent.FutureTask.run(FutureTask.java:266)
	at java.util.concurrent.ThreadPoolExecutor.runWorker(ThreadPoolExecutor.java:1149)
	at java.util.concurrent.ThreadPoolExecutor$Worker.run(ThreadPoolExecutor.java:624)
	at java.lang.Thread.run(Thread.java:748)
Heap
 def new generation   total 153600K, used 56705K [0x00000000e0c00000, 0x00000000eb2a0000, 0x00000000eb2a0000)
  eden space 136576K,  41% used [0x00000000e0c00000, 0x00000000e43534c8, 0x00000000e9160000)
  from space 17024K,   0% used [0x00000000e9160000, 0x00000000e916d1b8, 0x00000000ea200000)
  to   space 17024K,   0% used [0x00000000ea200000, 0x00000000ea200000, 0x00000000eb2a0000)
 tenured generation   total 341376K, used 43601K [0x00000000eb2a0000, 0x0000000100000000, 0x0000000100000000)
   the space 341376K,  12% used [0x00000000eb2a0000, 0x00000000edd34588, 0x00000000edd34600, 0x0000000100000000)
 Metaspace       used 35693K, capacity 36570K, committed 36864K, reserved 1081344K
  class space    used 4830K, capacity 5041K, committed 5120K, reserved 1048576K
