17:49:38,734 |-INFO in ch.qos.logback.classic.LoggerContext[default] - Could NOT find resource [logback-test.xml]
17:49:38,734 |-INFO in ch.qos.logback.classic.LoggerContext[default] - Could NOT find resource [logback.groovy]
17:49:38,734 |-INFO in ch.qos.logback.classic.LoggerContext[default] - Found resource [logback.xml] at [jar:file:/home/nikitasokolov/flamestream/lib/flamestream-runtime-1.0-SNAPSHOT.jar!/logback.xml]
17:49:38,735 |-WARN in ch.qos.logback.classic.LoggerContext[default] - Resource [logback.xml] occurs multiple times on the classpath.
17:49:38,735 |-WARN in ch.qos.logback.classic.LoggerContext[default] - Resource [logback.xml] occurs at [jar:file:/home/nikitasokolov/flamestream/lib/flamestream-runtime-1.0-SNAPSHOT.jar!/logback.xml]
17:49:38,735 |-WARN in ch.qos.logback.classic.LoggerContext[default] - Resource [logback.xml] occurs at [jar:file:/home/nikitasokolov/flamestream/flamestream-runtime-1.0-SNAPSHOT.jar!/logback.xml]
17:49:38,752 |-INFO in ch.qos.logback.core.joran.spi.ConfigurationWatchList@2f7a2457 - URL [jar:file:/home/nikitasokolov/flamestream/lib/flamestream-runtime-1.0-SNAPSHOT.jar!/logback.xml] is not of type file
17:49:38,804 |-INFO in ch.qos.logback.classic.joran.action.ConfigurationAction - debug attribute not set
17:49:38,804 |-INFO in ch.qos.logback.core.joran.action.AppenderAction - About to instantiate appender of type [ch.qos.logback.core.ConsoleAppender]
17:49:38,812 |-INFO in ch.qos.logback.core.joran.action.AppenderAction - Naming appender as [STDOUT]
17:49:38,820 |-INFO in ch.qos.logback.core.joran.action.NestedComplexPropertyIA - Assuming default type [ch.qos.logback.classic.encoder.PatternLayoutEncoder] for [encoder] property
17:49:38,878 |-INFO in ch.qos.logback.core.joran.action.AppenderAction - About to instantiate appender of type [ch.qos.logback.core.rolling.RollingFileAppender]
17:49:38,884 |-INFO in ch.qos.logback.core.joran.action.AppenderAction - Naming appender as [FILE]
17:49:38,906 |-INFO in c.q.l.core.rolling.TimeBasedRollingPolicy@1449621165 - No compression will be used
17:49:38,907 |-INFO in c.q.l.core.rolling.TimeBasedRollingPolicy@1449621165 - Will use the pattern /tmp/application_%d{yyyy-MM-dd}.%i.log for the active file
17:49:38,910 |-INFO in ch.qos.logback.core.rolling.SizeAndTimeBasedFNATP@6108b2d7 - The date pattern is 'yyyy-MM-dd' from file name pattern '/tmp/application_%d{yyyy-MM-dd}.%i.log'.
17:49:38,910 |-INFO in ch.qos.logback.core.rolling.SizeAndTimeBasedFNATP@6108b2d7 - Roll-over at midnight.
17:49:38,914 |-INFO in ch.qos.logback.core.rolling.SizeAndTimeBasedFNATP@6108b2d7 - Setting initial period to Wed May 29 17:48:43 MSK 2019
17:49:38,915 |-WARN in ch.qos.logback.core.rolling.SizeAndTimeBasedFNATP@6108b2d7 - SizeAndTimeBasedFNATP is deprecated. Use SizeAndTimeBasedRollingPolicy instead
17:49:38,915 |-WARN in ch.qos.logback.core.rolling.SizeAndTimeBasedFNATP@6108b2d7 - For more information see http://logback.qos.ch/manual/appenders.html#SizeAndTimeBasedRollingPolicy
17:49:38,919 |-INFO in ch.qos.logback.core.joran.action.NestedComplexPropertyIA - Assuming default type [ch.qos.logback.classic.encoder.PatternLayoutEncoder] for [encoder] property
17:49:38,922 |-INFO in ch.qos.logback.core.rolling.RollingFileAppender[FILE] - Active log file name: /tmp/application.log
17:49:38,922 |-INFO in ch.qos.logback.core.rolling.RollingFileAppender[FILE] - File property is set to [/tmp/application.log]
17:49:38,923 |-INFO in ch.qos.logback.classic.joran.action.RootLoggerAction - Setting level of ROOT logger to WARN
17:49:38,923 |-INFO in ch.qos.logback.core.joran.action.AppenderRefAction - Attaching appender named [STDOUT] to Logger[ROOT]
17:49:38,923 |-INFO in ch.qos.logback.core.joran.action.AppenderRefAction - Attaching appender named [FILE] to Logger[ROOT]
17:49:38,923 |-INFO in ch.qos.logback.classic.joran.action.ConfigurationAction - End of configuration.
17:49:38,924 |-INFO in ch.qos.logback.classic.joran.JoranConfigurator@1554909b - Registering current configuration as safe fallback point

2019-05-29T17:49:39.946+0300: 1.414: [GC (Metadata GC Threshold) [PSYoungGen: 110652K->15942K(149504K)] 110652K->16022K(491008K), 0.0216961 secs] [Times: user=0.12 sys=0.02, real=0.02 secs] 
2019-05-29T17:49:39.967+0300: 1.436: [Full GC (Metadata GC Threshold) [PSYoungGen: 15942K->0K(149504K)] [ParOldGen: 80K->15081K(341504K)] 16022K->15081K(491008K), [Metaspace: 20805K->20805K(1067008K)], 0.0241223 secs] [Times: user=0.15 sys=0.01, real=0.03 secs] 
17:49:49.473 [Curator-PathChildrenCache-2] WARN  o.a.c.u.ZKPaths  - The version of ZooKeeper being used doesn't support Container nodes. CreateMode.PERSISTENT will be used instead.
2019-05-29T17:49:50.300+0300: 11.768: [GC (Metadata GC Threshold) [PSYoungGen: 124834K->20971K(149504K)] 139915K->50798K(491008K), 0.0194790 secs] [Times: user=0.18 sys=0.02, real=0.02 secs] 
2019-05-29T17:49:50.319+0300: 11.787: [Full GC (Metadata GC Threshold) [PSYoungGen: 20971K->0K(149504K)] [ParOldGen: 29827K->39842K(341504K)] 50798K->39842K(491008K), [Metaspace: 34363K->34362K(1079296K)], 0.0346398 secs] [Times: user=0.14 sys=0.03, real=0.03 secs] 
2019-05-29T17:50:09.223+0300: 30.691: [GC (Allocation Failure) [PSYoungGen: 128512K->672K(149504K)] 168354K->40522K(491008K), 0.0043246 secs] [Times: user=0.03 sys=0.00, real=0.00 secs] 
2019-05-29T17:50:30.723+0300: 52.191: [GC (Allocation Failure) [PSYoungGen: 129184K->544K(149504K)] 169034K->40402K(491008K), 0.0042120 secs] [Times: user=0.02 sys=0.00, real=0.00 secs] 
2019-05-29T17:50:56.067+0300: 77.535: [GC (Allocation Failure) [PSYoungGen: 129056K->951K(129536K)] 168914K->40817K(471040K), 0.0053344 secs] [Times: user=0.03 sys=0.00, real=0.01 secs] 
2019-05-29T17:51:25.004+0300: 106.472: [GC (Allocation Failure) [PSYoungGen: 129463K->704K(132096K)] 169329K->40578K(473600K), 0.0084523 secs] [Times: user=0.06 sys=0.00, real=0.01 secs] 
2019-05-29T17:51:43.431+0300: 124.900: [GC (Allocation Failure) [PSYoungGen: 92352K->736K(130048K)] 132226K->40618K(471552K), 0.0028145 secs] [Times: user=0.01 sys=0.00, real=0.00 secs] 
2019-05-29T17:52:02.698+0300: 144.166: [GC (Allocation Failure) [PSYoungGen: 92384K->736K(136192K)] 132266K->40626K(477696K), 0.0031831 secs] [Times: user=0.02 sys=0.01, real=0.00 secs] 
2019-05-29T17:52:25.483+0300: 166.952: [GC (Allocation Failure) [PSYoungGen: 100576K->704K(134144K)] 140466K->40602K(475648K), 0.0039039 secs] [Times: user=0.02 sys=0.00, real=0.00 secs] 
2019-05-29T17:52:50.925+0300: 192.394: [GC (Allocation Failure) [PSYoungGen: 100544K->736K(139776K)] 140442K->40634K(481280K), 0.0047700 secs] [Times: user=0.02 sys=0.01, real=0.01 secs] 
2019-05-29T17:53:13.408+0300: 214.877: [GC (Allocation Failure) [PSYoungGen: 108256K->672K(138240K)] 148154K->40570K(479744K), 0.0033056 secs] [Times: user=0.02 sys=0.00, real=0.01 secs] 
17:53:24.746 [Curator-PathChildrenCache-0] ERROR o.a.c.f.r.c.PathChildrenCache  - 
java.lang.IllegalStateException: instance must be started before calling this method
	at org.apache.curator.shaded.com.google.common.base.Preconditions.checkState(Preconditions.java:444)
	at org.apache.curator.framework.imps.CuratorFrameworkImpl.getChildren(CuratorFrameworkImpl.java:456)
	at org.apache.curator.framework.recipes.cache.PathChildrenCache.refresh(PathChildrenCache.java:521)
	at org.apache.curator.framework.recipes.cache.RefreshOperation.invoke(RefreshOperation.java:35)
	at org.apache.curator.framework.recipes.cache.PathChildrenCache$9.run(PathChildrenCache.java:786)
	at java.util.concurrent.Executors$RunnableAdapter.call(Executors.java:511)
	at java.util.concurrent.FutureTask.run(FutureTask.java:266)
	at java.util.concurrent.Executors$RunnableAdapter.call(Executors.java:511)
	at java.util.concurrent.FutureTask.run(FutureTask.java:266)
	at java.util.concurrent.ThreadPoolExecutor.runWorker(ThreadPoolExecutor.java:1149)
	at java.util.concurrent.ThreadPoolExecutor$Worker.run(ThreadPoolExecutor.java:624)
	at java.lang.Thread.run(Thread.java:748)
Heap
 PSYoungGen      total 138240K, used 27191K [0x00000000f5980000, 0x0000000100000000, 0x0000000100000000)
  eden space 107520K, 24% used [0x00000000f5980000,0x00000000f7365da8,0x00000000fc280000)
  from space 30720K, 2% used [0x00000000fc280000,0x00000000fc328050,0x00000000fe080000)
  to   space 29184K, 0% used [0x00000000fe380000,0x00000000fe380000,0x0000000100000000)
 ParOldGen       total 341504K, used 39898K [0x00000000e0c00000, 0x00000000f5980000, 0x00000000f5980000)
  object space 341504K, 11% used [0x00000000e0c00000,0x00000000e32f68d0,0x00000000f5980000)
 Metaspace       used 36606K, capacity 37555K, committed 37720K, reserved 1081344K
  class space    used 5023K, capacity 5226K, committed 5248K, reserved 1048576K
