08:22:46,273 |-INFO in ch.qos.logback.classic.LoggerContext[default] - Could NOT find resource [logback-test.xml]
08:22:46,274 |-INFO in ch.qos.logback.classic.LoggerContext[default] - Could NOT find resource [logback.groovy]
08:22:46,274 |-INFO in ch.qos.logback.classic.LoggerContext[default] - Found resource [logback.xml] at [jar:file:/root/flamestream/lib/flamestream-runtime-1.0-SNAPSHOT.jar!/logback.xml]
08:22:46,275 |-WARN in ch.qos.logback.classic.LoggerContext[default] - Resource [logback.xml] occurs multiple times on the classpath.
08:22:46,275 |-WARN in ch.qos.logback.classic.LoggerContext[default] - Resource [logback.xml] occurs at [jar:file:/root/flamestream/lib/flamestream-runtime-1.0-SNAPSHOT.jar!/logback.xml]
08:22:46,275 |-WARN in ch.qos.logback.classic.LoggerContext[default] - Resource [logback.xml] occurs at [jar:file:/root/flamestream/flamestream-runtime-1.0-SNAPSHOT.jar!/logback.xml]
08:22:46,295 |-INFO in ch.qos.logback.core.joran.spi.ConfigurationWatchList@3fb6a447 - URL [jar:file:/root/flamestream/lib/flamestream-runtime-1.0-SNAPSHOT.jar!/logback.xml] is not of type file
08:22:46,368 |-INFO in ch.qos.logback.classic.joran.action.ConfigurationAction - debug attribute not set
08:22:46,369 |-INFO in ch.qos.logback.core.joran.action.AppenderAction - About to instantiate appender of type [ch.qos.logback.core.ConsoleAppender]
08:22:46,384 |-INFO in ch.qos.logback.core.joran.action.AppenderAction - Naming appender as [STDOUT]
08:22:46,402 |-INFO in ch.qos.logback.core.joran.action.NestedComplexPropertyIA - Assuming default type [ch.qos.logback.classic.encoder.PatternLayoutEncoder] for [encoder] property
08:22:46,491 |-INFO in ch.qos.logback.core.joran.action.AppenderAction - About to instantiate appender of type [ch.qos.logback.core.rolling.RollingFileAppender]
08:22:46,496 |-INFO in ch.qos.logback.core.joran.action.AppenderAction - Naming appender as [FILE]
08:22:46,526 |-INFO in c.q.l.core.rolling.TimeBasedRollingPolicy@127618319 - No compression will be used
08:22:46,528 |-INFO in c.q.l.core.rolling.TimeBasedRollingPolicy@127618319 - Will use the pattern /tmp/application_%d{yyyy-MM-dd}.%i.log for the active file
08:22:46,530 |-INFO in ch.qos.logback.core.rolling.SizeAndTimeBasedFNATP@6b2fad11 - The date pattern is 'yyyy-MM-dd' from file name pattern '/tmp/application_%d{yyyy-MM-dd}.%i.log'.
08:22:46,530 |-INFO in ch.qos.logback.core.rolling.SizeAndTimeBasedFNATP@6b2fad11 - Roll-over at midnight.
08:22:46,536 |-INFO in ch.qos.logback.core.rolling.SizeAndTimeBasedFNATP@6b2fad11 - Setting initial period to Tue Jun 11 08:21:35 UTC 2019
08:22:46,536 |-WARN in ch.qos.logback.core.rolling.SizeAndTimeBasedFNATP@6b2fad11 - SizeAndTimeBasedFNATP is deprecated. Use SizeAndTimeBasedRollingPolicy instead
08:22:46,536 |-WARN in ch.qos.logback.core.rolling.SizeAndTimeBasedFNATP@6b2fad11 - For more information see http://logback.qos.ch/manual/appenders.html#SizeAndTimeBasedRollingPolicy
08:22:46,540 |-INFO in ch.qos.logback.core.joran.action.NestedComplexPropertyIA - Assuming default type [ch.qos.logback.classic.encoder.PatternLayoutEncoder] for [encoder] property
08:22:46,545 |-INFO in ch.qos.logback.core.rolling.RollingFileAppender[FILE] - Active log file name: /tmp/application.log
08:22:46,545 |-INFO in ch.qos.logback.core.rolling.RollingFileAppender[FILE] - File property is set to [/tmp/application.log]
08:22:46,545 |-INFO in ch.qos.logback.classic.joran.action.RootLoggerAction - Setting level of ROOT logger to WARN
08:22:46,546 |-INFO in ch.qos.logback.core.joran.action.AppenderRefAction - Attaching appender named [STDOUT] to Logger[ROOT]
08:22:46,547 |-INFO in ch.qos.logback.core.joran.action.AppenderRefAction - Attaching appender named [FILE] to Logger[ROOT]
08:22:46,548 |-INFO in ch.qos.logback.classic.joran.action.ConfigurationAction - End of configuration.
08:22:46,548 |-INFO in ch.qos.logback.classic.joran.JoranConfigurator@79698539 - Registering current configuration as safe fallback point

Ama winner
Ama winner
2019-06-11T08:22:47.869+0000: 1.783: [Full GC (Metadata GC Threshold) 2019-06-11T08:22:47.869+0000: 1.783: [Tenured: 0K->15241K(341376K), 0.0396653 secs] 114986K->15241K(494976K), [Metaspace: 20735K->20735K(1067008K)], 0.0397372 secs] [Times: user=0.04 sys=0.00, real=0.04 secs] 
08:23:03.178 [Curator-PathChildrenCache-2] WARN  o.a.c.u.ZKPaths  - The version of ZooKeeper being used doesn't support Container nodes. CreateMode.PERSISTENT will be used instead.
2019-06-11T08:23:05.503+0000: 19.417: [GC (Allocation Failure) 2019-06-11T08:23:05.503+0000: 19.417: [DefNew: 136576K->17023K(153600K), 0.0260639 secs] 151817K->52680K(494976K), 0.0261330 secs] [Times: user=0.02 sys=0.01, real=0.03 secs] 
2019-06-11T08:23:05.900+0000: 19.815: [Full GC (Metadata GC Threshold) 2019-06-11T08:23:05.901+0000: 19.815: [Tenured: 35656K->44133K(341376K), 0.0394709 secs] 69369K->44133K(494976K), [Metaspace: 34513K->34513K(1079296K)], 0.0395687 secs] [Times: user=0.04 sys=0.00, real=0.04 secs] 
2019-06-11T08:23:08.935+0000: 22.849: [GC (Allocation Failure) 2019-06-11T08:23:08.935+0000: 22.849: [DefNew: 136576K->111K(153600K), 0.0020283 secs] 180709K->44245K(494976K), 0.0020901 secs] [Times: user=0.00 sys=0.00, real=0.01 secs] 
2019-06-11T08:23:11.992+0000: 25.907: [GC (Allocation Failure) 2019-06-11T08:23:11.992+0000: 25.907: [DefNew: 136687K->160K(153600K), 0.0018889 secs] 180821K->44294K(494976K), 0.0019483 secs] [Times: user=0.00 sys=0.00, real=0.00 secs] 
2019-06-11T08:23:15.070+0000: 28.985: [GC (Allocation Failure) 2019-06-11T08:23:15.071+0000: 28.985: [DefNew: 136736K->156K(153600K), 0.0019714 secs] 180870K->44290K(494976K), 0.0020318 secs] [Times: user=0.00 sys=0.00, real=0.00 secs] 
2019-06-11T08:23:18.136+0000: 32.050: [GC (Allocation Failure) 2019-06-11T08:23:18.136+0000: 32.050: [DefNew: 136732K->203K(153600K), 0.0020196 secs] 180866K->44337K(494976K), 0.0020816 secs] [Times: user=0.00 sys=0.00, real=0.01 secs] 
2019-06-11T08:23:21.238+0000: 35.152: [GC (Allocation Failure) 2019-06-11T08:23:21.238+0000: 35.152: [DefNew: 136779K->221K(153600K), 0.0019622 secs] 180913K->44354K(494976K), 0.0020271 secs] [Times: user=0.00 sys=0.00, real=0.00 secs] 
2019-06-11T08:23:24.355+0000: 38.269: [GC (Allocation Failure) 2019-06-11T08:23:24.355+0000: 38.269: [DefNew: 136797K->221K(153600K), 0.0020427 secs] 180930K->44355K(494976K), 0.0021040 secs] [Times: user=0.00 sys=0.00, real=0.01 secs] 
2019-06-11T08:23:27.457+0000: 41.372: [GC (Allocation Failure) 2019-06-11T08:23:27.457+0000: 41.372: [DefNew: 136797K->221K(153600K), 0.0019454 secs] 180931K->44355K(494976K), 0.0020063 secs] [Times: user=0.00 sys=0.00, real=0.00 secs] 
2019-06-11T08:23:30.547+0000: 44.462: [GC (Allocation Failure) 2019-06-11T08:23:30.547+0000: 44.462: [DefNew: 136797K->227K(153600K), 0.0019848 secs] 180931K->44361K(494976K), 0.0020454 secs] [Times: user=0.00 sys=0.00, real=0.01 secs] 
2019-06-11T08:23:33.683+0000: 47.598: [GC (Allocation Failure) 2019-06-11T08:23:33.683+0000: 47.598: [DefNew: 136803K->223K(153600K), 0.0021117 secs] 180937K->44357K(494976K), 0.0021724 secs] [Times: user=0.00 sys=0.00, real=0.00 secs] 
08:23:41.168 [Curator-PathChildrenCache-0] ERROR o.a.c.f.r.c.PathChildrenCache  - 
java.lang.IllegalStateException: instance must be started before calling this method
	at org.apache.curator.shaded.com.google.common.base.Preconditions.checkState(Preconditions.java:444)
	at org.apache.curator.framework.imps.CuratorFrameworkImpl.getChildren(CuratorFrameworkImpl.java:456)
	at org.apache.curator.framework.recipes.cache.PathChildrenCache.refresh(PathChildrenCache.java:521)
	at org.apache.curator.framework.recipes.cache.RefreshOperation.invoke(RefreshOperation.java:35)
	at org.apache.curator.framework.recipes.cache.PathChildrenCache$9.run(PathChildrenCache.java:786)
	at java.util.concurrent.Executors$RunnableAdapter.call(Executors.java:511)
	at java.util.concurrent.FutureTask.run(FutureTask.java:266)
	at java.util.concurrent.Executors$RunnableAdapter.call(Executors.java:511)
	at java.util.concurrent.FutureTask.run(FutureTask.java:266)
	at java.util.concurrent.ThreadPoolExecutor.runWorker(ThreadPoolExecutor.java:1149)
	at java.util.concurrent.ThreadPoolExecutor$Worker.run(ThreadPoolExecutor.java:624)
	at java.lang.Thread.run(Thread.java:748)
Heap
 def new generation   total 153600K, used 101824K [0x00000000e0c00000, 0x00000000eb2a0000, 0x00000000eb2a0000)
  eden space 136576K,  74% used [0x00000000e0c00000, 0x00000000e6f38438, 0x00000000e9160000)
  from space 17024K,   1% used [0x00000000e9160000, 0x00000000e9197c90, 0x00000000ea200000)
  to   space 17024K,   0% used [0x00000000ea200000, 0x00000000ea200000, 0x00000000eb2a0000)
 tenured generation   total 341376K, used 44133K [0x00000000eb2a0000, 0x0000000100000000, 0x0000000100000000)
   the space 341376K,  12% used [0x00000000eb2a0000, 0x00000000eddb97b8, 0x00000000eddb9800, 0x0000000100000000)
 Metaspace       used 36143K, capacity 37096K, committed 37376K, reserved 1081344K
  class space    used 4871K, capacity 5066K, committed 5120K, reserved 1048576K
