17:48:53,578 |-INFO in ch.qos.logback.classic.LoggerContext[default] - Could NOT find resource [logback-test.xml]
17:48:53,578 |-INFO in ch.qos.logback.classic.LoggerContext[default] - Could NOT find resource [logback.groovy]
17:48:53,578 |-INFO in ch.qos.logback.classic.LoggerContext[default] - Found resource [logback.xml] at [jar:file:/home/nikitasokolov/flamestream/lib/flamestream-runtime-1.0-SNAPSHOT.jar!/logback.xml]
17:48:53,579 |-WARN in ch.qos.logback.classic.LoggerContext[default] - Resource [logback.xml] occurs multiple times on the classpath.
17:48:53,579 |-WARN in ch.qos.logback.classic.LoggerContext[default] - Resource [logback.xml] occurs at [jar:file:/home/nikitasokolov/flamestream/lib/flamestream-runtime-1.0-SNAPSHOT.jar!/logback.xml]
17:48:53,579 |-WARN in ch.qos.logback.classic.LoggerContext[default] - Resource [logback.xml] occurs at [jar:file:/home/nikitasokolov/flamestream/flamestream-runtime-1.0-SNAPSHOT.jar!/logback.xml]
17:48:53,594 |-INFO in ch.qos.logback.core.joran.spi.ConfigurationWatchList@6108b2d7 - URL [jar:file:/home/nikitasokolov/flamestream/lib/flamestream-runtime-1.0-SNAPSHOT.jar!/logback.xml] is not of type file
17:48:53,644 |-INFO in ch.qos.logback.classic.joran.action.ConfigurationAction - debug attribute not set
17:48:53,644 |-INFO in ch.qos.logback.core.joran.action.AppenderAction - About to instantiate appender of type [ch.qos.logback.core.ConsoleAppender]
17:48:53,652 |-INFO in ch.qos.logback.core.joran.action.AppenderAction - Naming appender as [STDOUT]
17:48:53,660 |-INFO in ch.qos.logback.core.joran.action.NestedComplexPropertyIA - Assuming default type [ch.qos.logback.classic.encoder.PatternLayoutEncoder] for [encoder] property
17:48:53,714 |-INFO in ch.qos.logback.core.joran.action.AppenderAction - About to instantiate appender of type [ch.qos.logback.core.rolling.RollingFileAppender]
17:48:53,719 |-INFO in ch.qos.logback.core.joran.action.AppenderAction - Naming appender as [FILE]
17:48:53,741 |-INFO in c.q.l.core.rolling.TimeBasedRollingPolicy@357863579 - No compression will be used
17:48:53,742 |-INFO in c.q.l.core.rolling.TimeBasedRollingPolicy@357863579 - Will use the pattern /tmp/application_%d{yyyy-MM-dd}.%i.log for the active file
17:48:53,745 |-INFO in ch.qos.logback.core.rolling.SizeAndTimeBasedFNATP@6bf256fa - The date pattern is 'yyyy-MM-dd' from file name pattern '/tmp/application_%d{yyyy-MM-dd}.%i.log'.
17:48:53,745 |-INFO in ch.qos.logback.core.rolling.SizeAndTimeBasedFNATP@6bf256fa - Roll-over at midnight.
17:48:53,749 |-INFO in ch.qos.logback.core.rolling.SizeAndTimeBasedFNATP@6bf256fa - Setting initial period to Sun Jun 09 17:48:08 MSK 2019
17:48:53,749 |-WARN in ch.qos.logback.core.rolling.SizeAndTimeBasedFNATP@6bf256fa - SizeAndTimeBasedFNATP is deprecated. Use SizeAndTimeBasedRollingPolicy instead
17:48:53,749 |-WARN in ch.qos.logback.core.rolling.SizeAndTimeBasedFNATP@6bf256fa - For more information see http://logback.qos.ch/manual/appenders.html#SizeAndTimeBasedRollingPolicy
17:48:53,753 |-INFO in ch.qos.logback.core.joran.action.NestedComplexPropertyIA - Assuming default type [ch.qos.logback.classic.encoder.PatternLayoutEncoder] for [encoder] property
17:48:53,755 |-INFO in ch.qos.logback.core.rolling.RollingFileAppender[FILE] - Active log file name: /tmp/application.log
17:48:53,755 |-INFO in ch.qos.logback.core.rolling.RollingFileAppender[FILE] - File property is set to [/tmp/application.log]
17:48:53,756 |-INFO in ch.qos.logback.classic.joran.action.RootLoggerAction - Setting level of ROOT logger to WARN
17:48:53,756 |-INFO in ch.qos.logback.core.joran.action.AppenderRefAction - Attaching appender named [STDOUT] to Logger[ROOT]
17:48:53,757 |-INFO in ch.qos.logback.core.joran.action.AppenderRefAction - Attaching appender named [FILE] to Logger[ROOT]
17:48:53,757 |-INFO in ch.qos.logback.classic.joran.action.ConfigurationAction - End of configuration.
17:48:53,757 |-INFO in ch.qos.logback.classic.joran.JoranConfigurator@6cd8737 - Registering current configuration as safe fallback point

2019-06-09T17:48:54.739+0300: 1.357: [GC (Metadata GC Threshold) [PSYoungGen: 110722K->15837K(149504K)] 110722K->15917K(491008K), 0.0212881 secs] [Times: user=0.08 sys=0.03, real=0.02 secs] 
2019-06-09T17:48:54.761+0300: 1.378: [Full GC (Metadata GC Threshold) [PSYoungGen: 15837K->0K(149504K)] [ParOldGen: 80K->15078K(341504K)] 15917K->15078K(491008K), [Metaspace: 20802K->20802K(1067008K)], 0.0293078 secs] [Times: user=0.18 sys=0.01, real=0.03 secs] 
17:49:03.003 [Curator-PathChildrenCache-1] WARN  o.a.c.u.ZKPaths  - The version of ZooKeeper being used doesn't support Container nodes. CreateMode.PERSISTENT will be used instead.
2019-06-09T17:49:04.154+0300: 10.772: [GC (Allocation Failure) [PSYoungGen: 128512K->15684K(149504K)] 143590K->50301K(491008K), 0.0294286 secs] [Times: user=0.27 sys=0.02, real=0.03 secs] 
2019-06-09T17:49:04.202+0300: 10.819: [GC (Metadata GC Threshold) [PSYoungGen: 23496K->5381K(149504K)] 58114K->40006K(491008K), 0.0037923 secs] [Times: user=0.03 sys=0.01, real=0.00 secs] 
2019-06-09T17:49:04.206+0300: 10.823: [Full GC (Metadata GC Threshold) [PSYoungGen: 5381K->0K(149504K)] [ParOldGen: 34625K->29124K(341504K)] 40006K->29124K(491008K), [Metaspace: 34564K->34564K(1079296K)], 0.0517908 secs] [Times: user=0.21 sys=0.01, real=0.05 secs] 
2019-06-09T17:49:07.624+0300: 14.242: [GC (Allocation Failure) [PSYoungGen: 128512K->384K(149504K)] 157636K->29516K(491008K), 0.0028068 secs] [Times: user=0.02 sys=0.00, real=0.00 secs] 
2019-06-09T17:49:11.466+0300: 18.084: [GC (Allocation Failure) [PSYoungGen: 128896K->384K(129024K)] 158028K->29524K(470528K), 0.0090854 secs] [Times: user=0.08 sys=0.00, real=0.01 secs] 
2019-06-09T17:49:15.349+0300: 21.967: [GC (Allocation Failure) [PSYoungGen: 128896K->352K(149504K)] 158036K->29492K(491008K), 0.0030889 secs] [Times: user=0.01 sys=0.01, real=0.01 secs] 
2019-06-09T17:49:19.200+0300: 25.818: [GC (Allocation Failure) [PSYoungGen: 128352K->352K(148992K)] 157492K->29500K(490496K), 0.0028184 secs] [Times: user=0.01 sys=0.01, real=0.00 secs] 
2019-06-09T17:49:23.090+0300: 29.708: [GC (Allocation Failure) [PSYoungGen: 128352K->320K(150528K)] 157500K->29556K(492032K), 0.0052656 secs] [Times: user=0.03 sys=0.01, real=0.00 secs] 
17:49:33.665 [Curator-PathChildrenCache-0] ERROR o.a.c.f.r.c.PathChildrenCache  - 
java.lang.IllegalStateException: instance must be started before calling this method
	at org.apache.curator.shaded.com.google.common.base.Preconditions.checkState(Preconditions.java:444)
	at org.apache.curator.framework.imps.CuratorFrameworkImpl.getChildren(CuratorFrameworkImpl.java:456)
	at org.apache.curator.framework.recipes.cache.PathChildrenCache.refresh(PathChildrenCache.java:521)
	at org.apache.curator.framework.recipes.cache.RefreshOperation.invoke(RefreshOperation.java:35)
	at org.apache.curator.framework.recipes.cache.PathChildrenCache$9.run(PathChildrenCache.java:786)
	at java.util.concurrent.Executors$RunnableAdapter.call(Executors.java:511)
	at java.util.concurrent.FutureTask.run(FutureTask.java:266)
	at java.util.concurrent.Executors$RunnableAdapter.call(Executors.java:511)
	at java.util.concurrent.FutureTask.run(FutureTask.java:266)
	at java.util.concurrent.ThreadPoolExecutor.runWorker(ThreadPoolExecutor.java:1149)
	at java.util.concurrent.ThreadPoolExecutor$Worker.run(ThreadPoolExecutor.java:624)
	at java.lang.Thread.run(Thread.java:748)
Heap
 PSYoungGen      total 150528K, used 46445K [0x00000000f5980000, 0x0000000100000000, 0x0000000100000000)
  eden space 130048K, 35% used [0x00000000f5980000,0x00000000f868b5f8,0x00000000fd880000)
  from space 20480K, 1% used [0x00000000fec00000,0x00000000fec50010,0x0000000100000000)
  to   space 19968K, 0% used [0x00000000fd880000,0x00000000fd880000,0x00000000fec00000)
 ParOldGen       total 341504K, used 29236K [0x00000000e0c00000, 0x00000000f5980000, 0x00000000f5980000)
  object space 341504K, 8% used [0x00000000e0c00000,0x00000000e288d228,0x00000000f5980000)
 Metaspace       used 35632K, capacity 36478K, committed 36696K, reserved 1081344K
  class space    used 4936K, capacity 5129K, committed 5248K, reserved 1048576K
