17:03:11,659 |-INFO in ch.qos.logback.classic.LoggerContext[default] - Could NOT find resource [logback-test.xml]
17:03:11,659 |-INFO in ch.qos.logback.classic.LoggerContext[default] - Could NOT find resource [logback.groovy]
17:03:11,659 |-INFO in ch.qos.logback.classic.LoggerContext[default] - Found resource [logback.xml] at [jar:file:/root/flamestream/lib/flamestream-runtime-1.0-SNAPSHOT.jar!/logback.xml]
17:03:11,660 |-WARN in ch.qos.logback.classic.LoggerContext[default] - Resource [logback.xml] occurs multiple times on the classpath.
17:03:11,660 |-WARN in ch.qos.logback.classic.LoggerContext[default] - Resource [logback.xml] occurs at [jar:file:/root/flamestream/lib/flamestream-runtime-1.0-SNAPSHOT.jar!/logback.xml]
17:03:11,660 |-WARN in ch.qos.logback.classic.LoggerContext[default] - Resource [logback.xml] occurs at [jar:file:/root/flamestream/flamestream-runtime-1.0-SNAPSHOT.jar!/logback.xml]
17:03:11,683 |-INFO in ch.qos.logback.core.joran.spi.ConfigurationWatchList@3fb6a447 - URL [jar:file:/root/flamestream/lib/flamestream-runtime-1.0-SNAPSHOT.jar!/logback.xml] is not of type file
17:03:11,759 |-INFO in ch.qos.logback.classic.joran.action.ConfigurationAction - debug attribute not set
17:03:11,760 |-INFO in ch.qos.logback.core.joran.action.AppenderAction - About to instantiate appender of type [ch.qos.logback.core.ConsoleAppender]
17:03:11,772 |-INFO in ch.qos.logback.core.joran.action.AppenderAction - Naming appender as [STDOUT]
17:03:11,790 |-INFO in ch.qos.logback.core.joran.action.NestedComplexPropertyIA - Assuming default type [ch.qos.logback.classic.encoder.PatternLayoutEncoder] for [encoder] property
17:03:11,876 |-INFO in ch.qos.logback.core.joran.action.AppenderAction - About to instantiate appender of type [ch.qos.logback.core.rolling.RollingFileAppender]
17:03:11,881 |-INFO in ch.qos.logback.core.joran.action.AppenderAction - Naming appender as [FILE]
17:03:11,913 |-INFO in c.q.l.core.rolling.TimeBasedRollingPolicy@127618319 - No compression will be used
17:03:11,915 |-INFO in c.q.l.core.rolling.TimeBasedRollingPolicy@127618319 - Will use the pattern /tmp/application_%d{yyyy-MM-dd}.%i.log for the active file
17:03:11,917 |-INFO in ch.qos.logback.core.rolling.SizeAndTimeBasedFNATP@6b2fad11 - The date pattern is 'yyyy-MM-dd' from file name pattern '/tmp/application_%d{yyyy-MM-dd}.%i.log'.
17:03:11,917 |-INFO in ch.qos.logback.core.rolling.SizeAndTimeBasedFNATP@6b2fad11 - Roll-over at midnight.
17:03:11,923 |-INFO in ch.qos.logback.core.rolling.SizeAndTimeBasedFNATP@6b2fad11 - Setting initial period to Mon Jun 10 17:01:38 UTC 2019
17:03:11,923 |-WARN in ch.qos.logback.core.rolling.SizeAndTimeBasedFNATP@6b2fad11 - SizeAndTimeBasedFNATP is deprecated. Use SizeAndTimeBasedRollingPolicy instead
17:03:11,923 |-WARN in ch.qos.logback.core.rolling.SizeAndTimeBasedFNATP@6b2fad11 - For more information see http://logback.qos.ch/manual/appenders.html#SizeAndTimeBasedRollingPolicy
17:03:11,927 |-INFO in ch.qos.logback.core.joran.action.NestedComplexPropertyIA - Assuming default type [ch.qos.logback.classic.encoder.PatternLayoutEncoder] for [encoder] property
17:03:11,931 |-INFO in ch.qos.logback.core.rolling.RollingFileAppender[FILE] - Active log file name: /tmp/application.log
17:03:11,931 |-INFO in ch.qos.logback.core.rolling.RollingFileAppender[FILE] - File property is set to [/tmp/application.log]
17:03:11,932 |-INFO in ch.qos.logback.classic.joran.action.RootLoggerAction - Setting level of ROOT logger to WARN
17:03:11,932 |-INFO in ch.qos.logback.core.joran.action.AppenderRefAction - Attaching appender named [STDOUT] to Logger[ROOT]
17:03:11,934 |-INFO in ch.qos.logback.core.joran.action.AppenderRefAction - Attaching appender named [FILE] to Logger[ROOT]
17:03:11,934 |-INFO in ch.qos.logback.classic.joran.action.ConfigurationAction - End of configuration.
17:03:11,935 |-INFO in ch.qos.logback.classic.joran.JoranConfigurator@79698539 - Registering current configuration as safe fallback point

Ama winner
Ama winner
2019-06-10T17:03:13.224+0000: 1.750: [Full GC (Metadata GC Threshold) 2019-06-10T17:03:13.224+0000: 1.750: [Tenured: 0K->15208K(341376K), 0.0358276 secs] 114988K->15208K(494976K), [Metaspace: 20738K->20738K(1067008K)], 0.0358929 secs] [Times: user=0.04 sys=0.00, real=0.04 secs] 
17:03:35.712 [Curator-PathChildrenCache-2] WARN  o.a.c.u.ZKPaths  - The version of ZooKeeper being used doesn't support Container nodes. CreateMode.PERSISTENT will be used instead.
2019-06-10T17:03:37.897+0000: 26.423: [GC (Allocation Failure) 2019-06-10T17:03:37.897+0000: 26.423: [DefNew: 135838K->17023K(153600K), 0.0264595 secs] 151046K->51829K(494976K), 0.0265296 secs] [Times: user=0.03 sys=0.00, real=0.02 secs] 
2019-06-10T17:03:38.457+0000: 26.983: [Full GC (Metadata GC Threshold) 2019-06-10T17:03:38.457+0000: 26.983: [Tenured: 34806K->43802K(341376K), 0.0369435 secs] 72273K->43802K(494976K), [Metaspace: 34609K->34609K(1079296K)], 0.0370191 secs] [Times: user=0.03 sys=0.01, real=0.03 secs] 
2019-06-10T17:03:42.142+0000: 30.668: [GC (Allocation Failure) 2019-06-10T17:03:42.142+0000: 30.668: [DefNew: 136576K->267K(153600K), 0.0024175 secs] 180378K->44069K(494976K), 0.0024766 secs] [Times: user=0.00 sys=0.00, real=0.00 secs] 
2019-06-10T17:03:45.600+0000: 34.125: [GC (Allocation Failure) 2019-06-10T17:03:45.600+0000: 34.125: [DefNew: 136843K->277K(153600K), 0.0022050 secs] 180645K->44079K(494976K), 0.0022774 secs] [Times: user=0.00 sys=0.00, real=0.00 secs] 
2019-06-10T17:03:49.034+0000: 37.559: [GC (Allocation Failure) 2019-06-10T17:03:49.034+0000: 37.559: [DefNew: 136853K->282K(153600K), 0.0021840 secs] 180655K->44084K(494976K), 0.0022453 secs] [Times: user=0.00 sys=0.00, real=0.00 secs] 
2019-06-10T17:03:52.453+0000: 40.979: [GC (Allocation Failure) 2019-06-10T17:03:52.453+0000: 40.979: [DefNew: 136858K->267K(153600K), 0.0020992 secs] 180660K->44069K(494976K), 0.0021597 secs] [Times: user=0.00 sys=0.00, real=0.00 secs] 
2019-06-10T17:03:55.909+0000: 44.435: [GC (Allocation Failure) 2019-06-10T17:03:55.909+0000: 44.435: [DefNew: 136843K->270K(153600K), 0.0021813 secs] 180645K->44072K(494976K), 0.0022418 secs] [Times: user=0.01 sys=0.00, real=0.00 secs] 
2019-06-10T17:03:59.292+0000: 47.817: [GC (Allocation Failure) 2019-06-10T17:03:59.292+0000: 47.817: [DefNew: 136846K->272K(153600K), 0.0022312 secs] 180648K->44074K(494976K), 0.0022923 secs] [Times: user=0.00 sys=0.00, real=0.00 secs] 
2019-06-10T17:04:02.774+0000: 51.300: [GC (Allocation Failure) 2019-06-10T17:04:02.774+0000: 51.300: [DefNew: 136848K->274K(153600K), 0.0022124 secs] 180650K->44076K(494976K), 0.0022734 secs] [Times: user=0.01 sys=0.00, real=0.00 secs] 
2019-06-10T17:04:06.241+0000: 54.767: [GC (Allocation Failure) 2019-06-10T17:04:06.241+0000: 54.767: [DefNew: 136850K->273K(153600K), 0.0022384 secs] 180652K->44075K(494976K), 0.0023001 secs] [Times: user=0.00 sys=0.00, real=0.00 secs] 
17:04:17.830 [Curator-PathChildrenCache-0] ERROR o.a.c.f.r.c.PathChildrenCache  - 
java.lang.IllegalStateException: instance must be started before calling this method
	at org.apache.curator.shaded.com.google.common.base.Preconditions.checkState(Preconditions.java:444)
	at org.apache.curator.framework.imps.CuratorFrameworkImpl.getChildren(CuratorFrameworkImpl.java:456)
	at org.apache.curator.framework.recipes.cache.PathChildrenCache.refresh(PathChildrenCache.java:521)
	at org.apache.curator.framework.recipes.cache.RefreshOperation.invoke(RefreshOperation.java:35)
	at org.apache.curator.framework.recipes.cache.PathChildrenCache$9.run(PathChildrenCache.java:786)
	at java.util.concurrent.Executors$RunnableAdapter.call(Executors.java:511)
	at java.util.concurrent.FutureTask.run(FutureTask.java:266)
	at java.util.concurrent.Executors$RunnableAdapter.call(Executors.java:511)
	at java.util.concurrent.FutureTask.run(FutureTask.java:266)
	at java.util.concurrent.ThreadPoolExecutor.runWorker(ThreadPoolExecutor.java:1149)
	at java.util.concurrent.ThreadPoolExecutor$Worker.run(ThreadPoolExecutor.java:624)
	at java.lang.Thread.run(Thread.java:748)
Heap
 def new generation   total 153600K, used 102317K [0x00000000e0c00000, 0x00000000eb2a0000, 0x00000000eb2a0000)
  eden space 136576K,  74% used [0x00000000e0c00000, 0x00000000e6fa6fe8, 0x00000000e9160000)
  from space 17024K,   1% used [0x00000000ea200000, 0x00000000ea244440, 0x00000000eb2a0000)
  to   space 17024K,   0% used [0x00000000e9160000, 0x00000000e9160000, 0x00000000ea200000)
 tenured generation   total 341376K, used 43802K [0x00000000eb2a0000, 0x0000000100000000, 0x0000000100000000)
   the space 341376K,  12% used [0x00000000eb2a0000, 0x00000000edd66858, 0x00000000edd66a00, 0x0000000100000000)
 Metaspace       used 36578K, capacity 37550K, committed 37760K, reserved 1081344K
  class space    used 4918K, capacity 5131K, committed 5248K, reserved 1048576K
