12:44:16,407 |-INFO in ch.qos.logback.classic.LoggerContext[default] - Could NOT find resource [logback-test.xml]
12:44:16,407 |-INFO in ch.qos.logback.classic.LoggerContext[default] - Could NOT find resource [logback.groovy]
12:44:16,408 |-INFO in ch.qos.logback.classic.LoggerContext[default] - Found resource [logback.xml] at [jar:file:/home/nikitasokolov/flamestream/lib/flamestream-runtime-1.0-SNAPSHOT.jar!/logback.xml]
12:44:16,408 |-WARN in ch.qos.logback.classic.LoggerContext[default] - Resource [logback.xml] occurs multiple times on the classpath.
12:44:16,408 |-WARN in ch.qos.logback.classic.LoggerContext[default] - Resource [logback.xml] occurs at [jar:file:/home/nikitasokolov/flamestream/lib/flamestream-runtime-1.0-SNAPSHOT.jar!/logback.xml]
12:44:16,408 |-WARN in ch.qos.logback.classic.LoggerContext[default] - Resource [logback.xml] occurs at [jar:file:/home/nikitasokolov/flamestream/flamestream-runtime-1.0-SNAPSHOT.jar!/logback.xml]
12:44:16,424 |-INFO in ch.qos.logback.core.joran.spi.ConfigurationWatchList@6108b2d7 - URL [jar:file:/home/nikitasokolov/flamestream/lib/flamestream-runtime-1.0-SNAPSHOT.jar!/logback.xml] is not of type file
12:44:16,480 |-INFO in ch.qos.logback.classic.joran.action.ConfigurationAction - debug attribute not set
12:44:16,481 |-INFO in ch.qos.logback.core.joran.action.AppenderAction - About to instantiate appender of type [ch.qos.logback.core.ConsoleAppender]
12:44:16,488 |-INFO in ch.qos.logback.core.joran.action.AppenderAction - Naming appender as [STDOUT]
12:44:16,496 |-INFO in ch.qos.logback.core.joran.action.NestedComplexPropertyIA - Assuming default type [ch.qos.logback.classic.encoder.PatternLayoutEncoder] for [encoder] property
12:44:16,549 |-INFO in ch.qos.logback.core.joran.action.AppenderAction - About to instantiate appender of type [ch.qos.logback.core.rolling.RollingFileAppender]
12:44:16,554 |-INFO in ch.qos.logback.core.joran.action.AppenderAction - Naming appender as [FILE]
12:44:16,575 |-INFO in c.q.l.core.rolling.TimeBasedRollingPolicy@357863579 - No compression will be used
12:44:16,576 |-INFO in c.q.l.core.rolling.TimeBasedRollingPolicy@357863579 - Will use the pattern /tmp/application_%d{yyyy-MM-dd}.%i.log for the active file
12:44:16,579 |-INFO in ch.qos.logback.core.rolling.SizeAndTimeBasedFNATP@6bf256fa - The date pattern is 'yyyy-MM-dd' from file name pattern '/tmp/application_%d{yyyy-MM-dd}.%i.log'.
12:44:16,579 |-INFO in ch.qos.logback.core.rolling.SizeAndTimeBasedFNATP@6bf256fa - Roll-over at midnight.
12:44:16,583 |-INFO in ch.qos.logback.core.rolling.SizeAndTimeBasedFNATP@6bf256fa - Setting initial period to Sun Jun 09 12:43:28 MSK 2019
12:44:16,583 |-WARN in ch.qos.logback.core.rolling.SizeAndTimeBasedFNATP@6bf256fa - SizeAndTimeBasedFNATP is deprecated. Use SizeAndTimeBasedRollingPolicy instead
12:44:16,583 |-WARN in ch.qos.logback.core.rolling.SizeAndTimeBasedFNATP@6bf256fa - For more information see http://logback.qos.ch/manual/appenders.html#SizeAndTimeBasedRollingPolicy
12:44:16,587 |-INFO in ch.qos.logback.core.joran.action.NestedComplexPropertyIA - Assuming default type [ch.qos.logback.classic.encoder.PatternLayoutEncoder] for [encoder] property
12:44:16,589 |-INFO in ch.qos.logback.core.rolling.RollingFileAppender[FILE] - Active log file name: /tmp/application.log
12:44:16,589 |-INFO in ch.qos.logback.core.rolling.RollingFileAppender[FILE] - File property is set to [/tmp/application.log]
12:44:16,590 |-INFO in ch.qos.logback.classic.joran.action.RootLoggerAction - Setting level of ROOT logger to WARN
12:44:16,590 |-INFO in ch.qos.logback.core.joran.action.AppenderRefAction - Attaching appender named [STDOUT] to Logger[ROOT]
12:44:16,591 |-INFO in ch.qos.logback.core.joran.action.AppenderRefAction - Attaching appender named [FILE] to Logger[ROOT]
12:44:16,591 |-INFO in ch.qos.logback.classic.joran.action.ConfigurationAction - End of configuration.
12:44:16,592 |-INFO in ch.qos.logback.classic.joran.JoranConfigurator@6cd8737 - Registering current configuration as safe fallback point

2019-06-09T12:44:17.572+0300: 1.369: [GC (Metadata GC Threshold) [PSYoungGen: 110722K->15879K(149504K)] 110722K->15959K(491008K), 0.0194259 secs] [Times: user=0.08 sys=0.03, real=0.02 secs] 
2019-06-09T12:44:17.592+0300: 1.389: [Full GC (Metadata GC Threshold) [PSYoungGen: 15879K->0K(149504K)] [ParOldGen: 80K->15078K(341504K)] 15959K->15078K(491008K), [Metaspace: 20803K->20803K(1067008K)], 0.0273398 secs] [Times: user=0.19 sys=0.00, real=0.03 secs] 
12:44:24.991 [Curator-PathChildrenCache-1] WARN  o.a.c.u.ZKPaths  - The version of ZooKeeper being used doesn't support Container nodes. CreateMode.PERSISTENT will be used instead.
2019-06-09T12:44:26.146+0300: 9.943: [GC (Metadata GC Threshold) [PSYoungGen: 124108K->15711K(149504K)] 139186K->50329K(491008K), 0.0306574 secs] [Times: user=0.27 sys=0.01, real=0.03 secs] 
2019-06-09T12:44:26.177+0300: 9.974: [Full GC (Metadata GC Threshold) [PSYoungGen: 15711K->0K(149504K)] [ParOldGen: 34617K->38710K(341504K)] 50329K->38710K(491008K), [Metaspace: 34548K->34548K(1079296K)], 0.0564452 secs] [Times: user=0.41 sys=0.01, real=0.06 secs] 
2019-06-09T12:44:30.450+0300: 14.248: [GC (Allocation Failure) [PSYoungGen: 128512K->352K(149504K)] 167222K->39070K(491008K), 0.0046582 secs] [Times: user=0.03 sys=0.00, real=0.00 secs] 
2019-06-09T12:44:35.246+0300: 19.043: [GC (Allocation Failure) [PSYoungGen: 128864K->384K(149504K)] 167582K->39110K(491008K), 0.0049206 secs] [Times: user=0.03 sys=0.01, real=0.01 secs] 
2019-06-09T12:44:40.136+0300: 23.933: [GC (Allocation Failure) [PSYoungGen: 128896K->416K(129024K)] 167622K->39150K(470528K), 0.0036527 secs] [Times: user=0.01 sys=0.00, real=0.01 secs] 
2019-06-09T12:44:44.986+0300: 28.783: [GC (Allocation Failure) [PSYoungGen: 128928K->448K(150016K)] 167662K->39190K(491520K), 0.0122373 secs] [Times: user=0.10 sys=0.02, real=0.02 secs] 
2019-06-09T12:44:49.855+0300: 33.652: [GC (Allocation Failure) [PSYoungGen: 128960K->544K(148992K)] 167702K->39294K(490496K), 0.0034254 secs] [Times: user=0.01 sys=0.00, real=0.01 secs] 
2019-06-09T12:44:54.804+0300: 38.601: [GC (Allocation Failure) [PSYoungGen: 129056K->416K(151552K)] 167806K->39166K(493056K), 0.0042228 secs] [Times: user=0.03 sys=0.01, real=0.00 secs] 
2019-06-09T12:44:59.893+0300: 43.690: [GC (Allocation Failure) [PSYoungGen: 132512K->512K(151040K)] 171262K->39270K(492544K), 0.0036340 secs] [Times: user=0.01 sys=0.01, real=0.00 secs] 
2019-06-09T12:45:04.986+0300: 48.783: [GC (Allocation Failure) [PSYoungGen: 132608K->416K(153600K)] 171366K->39182K(495104K), 0.0032935 secs] [Times: user=0.01 sys=0.00, real=0.00 secs] 
2019-06-09T12:45:10.196+0300: 53.993: [GC (Allocation Failure) [PSYoungGen: 136096K->416K(152576K)] 174862K->39190K(494080K), 0.0786176 secs] [Times: user=0.02 sys=0.00, real=0.08 secs] 
12:45:19.039 [Curator-PathChildrenCache-0] ERROR o.a.c.f.r.c.PathChildrenCache  - 
java.lang.IllegalStateException: instance must be started before calling this method
	at org.apache.curator.shaded.com.google.common.base.Preconditions.checkState(Preconditions.java:444)
	at org.apache.curator.framework.imps.CuratorFrameworkImpl.getChildren(CuratorFrameworkImpl.java:456)
	at org.apache.curator.framework.recipes.cache.PathChildrenCache.refresh(PathChildrenCache.java:521)
	at org.apache.curator.framework.recipes.cache.RefreshOperation.invoke(RefreshOperation.java:35)
	at org.apache.curator.framework.recipes.cache.PathChildrenCache$9.run(PathChildrenCache.java:786)
	at java.util.concurrent.Executors$RunnableAdapter.call(Executors.java:511)
	at java.util.concurrent.FutureTask.run(FutureTask.java:266)
	at java.util.concurrent.Executors$RunnableAdapter.call(Executors.java:511)
	at java.util.concurrent.FutureTask.run(FutureTask.java:266)
	at java.util.concurrent.ThreadPoolExecutor.runWorker(ThreadPoolExecutor.java:1149)
	at java.util.concurrent.ThreadPoolExecutor$Worker.run(ThreadPoolExecutor.java:624)
	at java.lang.Thread.run(Thread.java:748)
Heap
 PSYoungGen      total 152576K, used 18194K [0x00000000f5980000, 0x0000000100000000, 0x0000000100000000)
  eden space 135680K, 13% used [0x00000000f5980000,0x00000000f6adc930,0x00000000fde00000)
  from space 16896K, 2% used [0x00000000fde00000,0x00000000fde68020,0x00000000fee80000)
  to   space 16384K, 0% used [0x00000000ff000000,0x00000000ff000000,0x0000000100000000)
 ParOldGen       total 341504K, used 38774K [0x00000000e0c00000, 0x00000000f5980000, 0x00000000f5980000)
  object space 341504K, 11% used [0x00000000e0c00000,0x00000000e31dda78,0x00000000f5980000)
 Metaspace       used 36035K, capacity 36894K, committed 37208K, reserved 1081344K
  class space    used 4978K, capacity 5161K, committed 5248K, reserved 1048576K
