19:35:01,720 |-INFO in ch.qos.logback.classic.LoggerContext[default] - Could NOT find resource [logback-test.xml]
19:35:01,720 |-INFO in ch.qos.logback.classic.LoggerContext[default] - Could NOT find resource [logback.groovy]
19:35:01,720 |-INFO in ch.qos.logback.classic.LoggerContext[default] - Found resource [logback.xml] at [jar:file:/root/flamestream/lib/flamestream-runtime-1.0-SNAPSHOT.jar!/logback.xml]
19:35:01,721 |-WARN in ch.qos.logback.classic.LoggerContext[default] - Resource [logback.xml] occurs multiple times on the classpath.
19:35:01,721 |-WARN in ch.qos.logback.classic.LoggerContext[default] - Resource [logback.xml] occurs at [jar:file:/root/flamestream/lib/flamestream-runtime-1.0-SNAPSHOT.jar!/logback.xml]
19:35:01,721 |-WARN in ch.qos.logback.classic.LoggerContext[default] - Resource [logback.xml] occurs at [jar:file:/root/flamestream/flamestream-runtime-1.0-SNAPSHOT.jar!/logback.xml]
19:35:01,742 |-INFO in ch.qos.logback.core.joran.spi.ConfigurationWatchList@3fb6a447 - URL [jar:file:/root/flamestream/lib/flamestream-runtime-1.0-SNAPSHOT.jar!/logback.xml] is not of type file
19:35:01,819 |-INFO in ch.qos.logback.classic.joran.action.ConfigurationAction - debug attribute not set
19:35:01,820 |-INFO in ch.qos.logback.core.joran.action.AppenderAction - About to instantiate appender of type [ch.qos.logback.core.ConsoleAppender]
19:35:01,832 |-INFO in ch.qos.logback.core.joran.action.AppenderAction - Naming appender as [STDOUT]
19:35:01,848 |-INFO in ch.qos.logback.core.joran.action.NestedComplexPropertyIA - Assuming default type [ch.qos.logback.classic.encoder.PatternLayoutEncoder] for [encoder] property
19:35:01,937 |-INFO in ch.qos.logback.core.joran.action.AppenderAction - About to instantiate appender of type [ch.qos.logback.core.rolling.RollingFileAppender]
19:35:01,942 |-INFO in ch.qos.logback.core.joran.action.AppenderAction - Naming appender as [FILE]
19:35:01,974 |-INFO in c.q.l.core.rolling.TimeBasedRollingPolicy@127618319 - No compression will be used
19:35:01,976 |-INFO in c.q.l.core.rolling.TimeBasedRollingPolicy@127618319 - Will use the pattern /tmp/application_%d{yyyy-MM-dd}.%i.log for the active file
19:35:01,979 |-INFO in ch.qos.logback.core.rolling.SizeAndTimeBasedFNATP@6b2fad11 - The date pattern is 'yyyy-MM-dd' from file name pattern '/tmp/application_%d{yyyy-MM-dd}.%i.log'.
19:35:01,979 |-INFO in ch.qos.logback.core.rolling.SizeAndTimeBasedFNATP@6b2fad11 - Roll-over at midnight.
19:35:01,984 |-INFO in ch.qos.logback.core.rolling.SizeAndTimeBasedFNATP@6b2fad11 - Setting initial period to Mon Jun 10 19:33:30 UTC 2019
19:35:01,984 |-WARN in ch.qos.logback.core.rolling.SizeAndTimeBasedFNATP@6b2fad11 - SizeAndTimeBasedFNATP is deprecated. Use SizeAndTimeBasedRollingPolicy instead
19:35:01,984 |-WARN in ch.qos.logback.core.rolling.SizeAndTimeBasedFNATP@6b2fad11 - For more information see http://logback.qos.ch/manual/appenders.html#SizeAndTimeBasedRollingPolicy
19:35:01,989 |-INFO in ch.qos.logback.core.joran.action.NestedComplexPropertyIA - Assuming default type [ch.qos.logback.classic.encoder.PatternLayoutEncoder] for [encoder] property
19:35:01,994 |-INFO in ch.qos.logback.core.rolling.RollingFileAppender[FILE] - Active log file name: /tmp/application.log
19:35:01,994 |-INFO in ch.qos.logback.core.rolling.RollingFileAppender[FILE] - File property is set to [/tmp/application.log]
19:35:01,995 |-INFO in ch.qos.logback.classic.joran.action.RootLoggerAction - Setting level of ROOT logger to WARN
19:35:01,995 |-INFO in ch.qos.logback.core.joran.action.AppenderRefAction - Attaching appender named [STDOUT] to Logger[ROOT]
19:35:01,997 |-INFO in ch.qos.logback.core.joran.action.AppenderRefAction - Attaching appender named [FILE] to Logger[ROOT]
19:35:01,997 |-INFO in ch.qos.logback.classic.joran.action.ConfigurationAction - End of configuration.
19:35:01,998 |-INFO in ch.qos.logback.classic.joran.JoranConfigurator@79698539 - Registering current configuration as safe fallback point

Ama winner
Ama winner
2019-06-10T19:35:03.332+0000: 1.800: [Full GC (Metadata GC Threshold) 2019-06-10T19:35:03.332+0000: 1.800: [Tenured: 0K->15177K(341376K), 0.0411449 secs] 114987K->15177K(494976K), [Metaspace: 20731K->20731K(1067008K)], 0.0412149 secs] [Times: user=0.04 sys=0.00, real=0.04 secs] 
19:35:21.001 [Curator-PathChildrenCache-1] WARN  o.a.c.u.ZKPaths  - The version of ZooKeeper being used doesn't support Container nodes. CreateMode.PERSISTENT will be used instead.
2019-06-10T19:35:23.331+0000: 21.799: [GC (Allocation Failure) 2019-06-10T19:35:23.331+0000: 21.799: [DefNew: 136576K->17023K(153600K), 0.0264960 secs] 151753K->52582K(494976K), 0.0265785 secs] [Times: user=0.02 sys=0.01, real=0.03 secs] 
2019-06-10T19:35:24.634+0000: 23.102: [Full GC (Metadata GC Threshold) 2019-06-10T19:35:24.634+0000: 23.102: [Tenured: 35558K->43966K(341376K), 0.0413324 secs] 90409K->43966K(494976K), [Metaspace: 34559K->34559K(1079296K)], 0.0414068 secs] [Times: user=0.04 sys=0.00, real=0.04 secs] 
2019-06-10T19:35:29.943+0000: 28.411: [GC (Allocation Failure) 2019-06-10T19:35:29.943+0000: 28.411: [DefNew: 136576K->72K(153600K), 0.0019077 secs] 180542K->44039K(494976K), 0.0019688 secs] [Times: user=0.00 sys=0.00, real=0.00 secs] 
2019-06-10T19:35:35.348+0000: 33.816: [GC (Allocation Failure) 2019-06-10T19:35:35.348+0000: 33.816: [DefNew: 136648K->80K(153600K), 0.0017984 secs] 180615K->44046K(494976K), 0.0018599 secs] [Times: user=0.00 sys=0.00, real=0.01 secs] 
2019-06-10T19:35:40.732+0000: 39.200: [GC (Allocation Failure) 2019-06-10T19:35:40.732+0000: 39.200: [DefNew: 136656K->75K(153600K), 0.0017891 secs] 180622K->44042K(494976K), 0.0018507 secs] [Times: user=0.00 sys=0.00, real=0.00 secs] 
2019-06-10T19:35:46.157+0000: 44.625: [GC (Allocation Failure) 2019-06-10T19:35:46.157+0000: 44.625: [DefNew: 136651K->75K(153600K), 0.0017397 secs] 180618K->44042K(494976K), 0.0017999 secs] [Times: user=0.01 sys=0.00, real=0.00 secs] 
2019-06-10T19:35:51.569+0000: 50.037: [GC (Allocation Failure) 2019-06-10T19:35:51.569+0000: 50.037: [DefNew: 136651K->76K(153600K), 0.0017489 secs] 180618K->44043K(494976K), 0.0018099 secs] [Times: user=0.00 sys=0.00, real=0.00 secs] 
19:35:59.238 [Curator-PathChildrenCache-0] ERROR o.a.c.f.r.c.PathChildrenCache  - 
java.lang.IllegalStateException: instance must be started before calling this method
	at org.apache.curator.shaded.com.google.common.base.Preconditions.checkState(Preconditions.java:444)
	at org.apache.curator.framework.imps.CuratorFrameworkImpl.getChildren(CuratorFrameworkImpl.java:456)
	at org.apache.curator.framework.recipes.cache.PathChildrenCache.refresh(PathChildrenCache.java:521)
	at org.apache.curator.framework.recipes.cache.RefreshOperation.invoke(RefreshOperation.java:35)
	at org.apache.curator.framework.recipes.cache.PathChildrenCache$9.run(PathChildrenCache.java:786)
	at java.util.concurrent.Executors$RunnableAdapter.call(Executors.java:511)
	at java.util.concurrent.FutureTask.run(FutureTask.java:266)
	at java.util.concurrent.Executors$RunnableAdapter.call(Executors.java:511)
	at java.util.concurrent.FutureTask.run(FutureTask.java:266)
	at java.util.concurrent.ThreadPoolExecutor.runWorker(ThreadPoolExecutor.java:1149)
	at java.util.concurrent.ThreadPoolExecutor$Worker.run(ThreadPoolExecutor.java:624)
	at java.lang.Thread.run(Thread.java:748)
Heap
 def new generation   total 153600K, used 64964K [0x00000000e0c00000, 0x00000000eb2a0000, 0x00000000eb2a0000)
  eden space 136576K,  47% used [0x00000000e0c00000, 0x00000000e4b5dfa8, 0x00000000e9160000)
  from space 17024K,   0% used [0x00000000e9160000, 0x00000000e91730b8, 0x00000000ea200000)
  to   space 17024K,   0% used [0x00000000ea200000, 0x00000000ea200000, 0x00000000eb2a0000)
 tenured generation   total 341376K, used 43966K [0x00000000eb2a0000, 0x0000000100000000, 0x0000000100000000)
   the space 341376K,  12% used [0x00000000eb2a0000, 0x00000000edd8fb50, 0x00000000edd8fc00, 0x0000000100000000)
 Metaspace       used 35743K, capacity 36646K, committed 36864K, reserved 1081344K
  class space    used 4828K, capacity 5017K, committed 5120K, reserved 1048576K
