05:45:06,979 |-INFO in ch.qos.logback.classic.LoggerContext[default] - Could NOT find resource [logback-test.xml]
05:45:06,980 |-INFO in ch.qos.logback.classic.LoggerContext[default] - Could NOT find resource [logback.groovy]
05:45:06,980 |-INFO in ch.qos.logback.classic.LoggerContext[default] - Found resource [logback.xml] at [jar:file:/home/nikitasokolov/flamestream/lib/flamestream-runtime-1.0-SNAPSHOT.jar!/logback.xml]
05:45:06,980 |-WARN in ch.qos.logback.classic.LoggerContext[default] - Resource [logback.xml] occurs multiple times on the classpath.
05:45:06,981 |-WARN in ch.qos.logback.classic.LoggerContext[default] - Resource [logback.xml] occurs at [jar:file:/home/nikitasokolov/flamestream/lib/flamestream-runtime-1.0-SNAPSHOT.jar!/logback.xml]
05:45:06,981 |-WARN in ch.qos.logback.classic.LoggerContext[default] - Resource [logback.xml] occurs at [jar:file:/home/nikitasokolov/flamestream/flamestream-runtime-1.0-SNAPSHOT.jar!/logback.xml]
05:45:06,997 |-INFO in ch.qos.logback.core.joran.spi.ConfigurationWatchList@6108b2d7 - URL [jar:file:/home/nikitasokolov/flamestream/lib/flamestream-runtime-1.0-SNAPSHOT.jar!/logback.xml] is not of type file
05:45:07,047 |-INFO in ch.qos.logback.classic.joran.action.ConfigurationAction - debug attribute not set
05:45:07,048 |-INFO in ch.qos.logback.core.joran.action.AppenderAction - About to instantiate appender of type [ch.qos.logback.core.ConsoleAppender]
05:45:07,055 |-INFO in ch.qos.logback.core.joran.action.AppenderAction - Naming appender as [STDOUT]
05:45:07,064 |-INFO in ch.qos.logback.core.joran.action.NestedComplexPropertyIA - Assuming default type [ch.qos.logback.classic.encoder.PatternLayoutEncoder] for [encoder] property
05:45:07,120 |-INFO in ch.qos.logback.core.joran.action.AppenderAction - About to instantiate appender of type [ch.qos.logback.core.rolling.RollingFileAppender]
05:45:07,125 |-INFO in ch.qos.logback.core.joran.action.AppenderAction - Naming appender as [FILE]
05:45:07,151 |-INFO in c.q.l.core.rolling.TimeBasedRollingPolicy@357863579 - No compression will be used
05:45:07,152 |-INFO in c.q.l.core.rolling.TimeBasedRollingPolicy@357863579 - Will use the pattern /tmp/application_%d{yyyy-MM-dd}.%i.log for the active file
05:45:07,155 |-INFO in ch.qos.logback.core.rolling.SizeAndTimeBasedFNATP@6bf256fa - The date pattern is 'yyyy-MM-dd' from file name pattern '/tmp/application_%d{yyyy-MM-dd}.%i.log'.
05:45:07,155 |-INFO in ch.qos.logback.core.rolling.SizeAndTimeBasedFNATP@6bf256fa - Roll-over at midnight.
05:45:07,159 |-INFO in ch.qos.logback.core.rolling.SizeAndTimeBasedFNATP@6bf256fa - Setting initial period to Sun Jun 09 05:44:23 MSK 2019
05:45:07,159 |-WARN in ch.qos.logback.core.rolling.SizeAndTimeBasedFNATP@6bf256fa - SizeAndTimeBasedFNATP is deprecated. Use SizeAndTimeBasedRollingPolicy instead
05:45:07,159 |-WARN in ch.qos.logback.core.rolling.SizeAndTimeBasedFNATP@6bf256fa - For more information see http://logback.qos.ch/manual/appenders.html#SizeAndTimeBasedRollingPolicy
05:45:07,164 |-INFO in ch.qos.logback.core.joran.action.NestedComplexPropertyIA - Assuming default type [ch.qos.logback.classic.encoder.PatternLayoutEncoder] for [encoder] property
05:45:07,167 |-INFO in ch.qos.logback.core.rolling.RollingFileAppender[FILE] - Active log file name: /tmp/application.log
05:45:07,167 |-INFO in ch.qos.logback.core.rolling.RollingFileAppender[FILE] - File property is set to [/tmp/application.log]
05:45:07,168 |-INFO in ch.qos.logback.classic.joran.action.RootLoggerAction - Setting level of ROOT logger to WARN
05:45:07,168 |-INFO in ch.qos.logback.core.joran.action.AppenderRefAction - Attaching appender named [STDOUT] to Logger[ROOT]
05:45:07,169 |-INFO in ch.qos.logback.core.joran.action.AppenderRefAction - Attaching appender named [FILE] to Logger[ROOT]
05:45:07,169 |-INFO in ch.qos.logback.classic.joran.action.ConfigurationAction - End of configuration.
05:45:07,169 |-INFO in ch.qos.logback.classic.joran.JoranConfigurator@6cd8737 - Registering current configuration as safe fallback point

2019-06-09T05:45:08.147+0300: 1.373: [GC (Metadata GC Threshold) [PSYoungGen: 110722K->15943K(149504K)] 110722K->16023K(491008K), 0.0205077 secs] [Times: user=0.09 sys=0.02, real=0.02 secs] 
2019-06-09T05:45:08.167+0300: 1.394: [Full GC (Metadata GC Threshold) [PSYoungGen: 15943K->0K(149504K)] [ParOldGen: 80K->15078K(341504K)] 16023K->15078K(491008K), [Metaspace: 20806K->20806K(1067008K)], 0.0274973 secs] [Times: user=0.19 sys=0.01, real=0.03 secs] 
05:45:15.332 [Curator-PathChildrenCache-1] WARN  o.a.c.u.ZKPaths  - The version of ZooKeeper being used doesn't support Container nodes. CreateMode.PERSISTENT will be used instead.
2019-06-09T05:45:16.472+0300: 9.698: [GC (Metadata GC Threshold) [PSYoungGen: 126698K->15713K(149504K)] 141776K->50331K(491008K), 0.0275273 secs] [Times: user=0.22 sys=0.02, real=0.03 secs] 
2019-06-09T05:45:16.500+0300: 9.726: [Full GC (Metadata GC Threshold) [PSYoungGen: 15713K->0K(149504K)] [ParOldGen: 34617K->38880K(341504K)] 50331K->38880K(491008K), [Metaspace: 34579K->34579K(1079296K)], 0.0375841 secs] [Times: user=0.19 sys=0.01, real=0.03 secs] 
2019-06-09T05:45:19.155+0300: 12.381: [GC (Allocation Failure) [PSYoungGen: 128512K->512K(149504K)] 167392K->39392K(491008K), 0.0029588 secs] [Times: user=0.01 sys=0.00, real=0.01 secs] 
2019-06-09T05:45:22.304+0300: 15.530: [GC (Allocation Failure) [PSYoungGen: 129024K->512K(149504K)] 167904K->39400K(491008K), 0.0056519 secs] [Times: user=0.04 sys=0.00, real=0.00 secs] 
2019-06-09T05:45:25.493+0300: 18.719: [GC (Allocation Failure) [PSYoungGen: 129024K->480K(129024K)] 167912K->39376K(470528K), 0.0049763 secs] [Times: user=0.02 sys=0.01, real=0.01 secs] 
2019-06-09T05:45:28.665+0300: 21.891: [GC (Allocation Failure) [PSYoungGen: 128992K->576K(150016K)] 167888K->39472K(491520K), 0.0038139 secs] [Times: user=0.00 sys=0.01, real=0.00 secs] 
2019-06-09T05:45:31.862+0300: 25.088: [GC (Allocation Failure) [PSYoungGen: 129088K->512K(148992K)] 167984K->39416K(490496K), 0.0087039 secs] [Times: user=0.06 sys=0.01, real=0.01 secs] 
2019-06-09T05:45:35.061+0300: 28.287: [GC (Allocation Failure) [PSYoungGen: 129024K->512K(151552K)] 167928K->39424K(493056K), 0.0065502 secs] [Times: user=0.04 sys=0.00, real=0.00 secs] 
2019-06-09T05:45:38.336+0300: 31.620: [GC (Allocation Failure) [PSYoungGen: 132608K->512K(151040K)] 171520K->39432K(492544K), 0.0693098 secs] [Times: user=0.10 sys=0.00, real=0.07 secs] 
2019-06-09T05:45:41.634+0300: 34.860: [GC (Allocation Failure) [PSYoungGen: 132608K->544K(153088K)] 171528K->39472K(494592K), 0.0054818 secs] [Times: user=0.03 sys=0.00, real=0.01 secs] 
2019-06-09T05:45:45.022+0300: 38.249: [GC (Allocation Failure) [PSYoungGen: 135712K->576K(152576K)] 174640K->39504K(494080K), 0.0045708 secs] [Times: user=0.01 sys=0.00, real=0.00 secs] 
2019-06-09T05:45:48.383+0300: 41.609: [GC (Allocation Failure) [PSYoungGen: 135744K->768K(155136K)] 174672K->39704K(496640K), 0.0033632 secs] [Times: user=0.02 sys=0.00, real=0.00 secs] 
2019-06-09T05:45:51.856+0300: 45.083: [GC (Allocation Failure) [PSYoungGen: 139520K->736K(154112K)] 178456K->39672K(495616K), 0.0044381 secs] [Times: user=0.03 sys=0.00, real=0.01 secs] 
2019-06-09T05:45:55.302+0300: 48.528: [GC (Allocation Failure) [PSYoungGen: 139488K->736K(156672K)] 178424K->39672K(498176K), 0.0762413 secs] [Times: user=0.01 sys=0.00, real=0.08 secs] 
2019-06-09T05:45:58.856+0300: 52.082: [GC (Allocation Failure) [PSYoungGen: 142560K->768K(155648K)] 181496K->39712K(497152K), 0.0034159 secs] [Times: user=0.02 sys=0.00, real=0.01 secs] 
2019-06-09T05:46:02.370+0300: 55.596: [GC (Allocation Failure) [PSYoungGen: 142592K->704K(158208K)] 181536K->39656K(499712K), 0.0026256 secs] [Times: user=0.02 sys=0.00, real=0.00 secs] 
05:46:09.656 [Curator-PathChildrenCache-0] ERROR o.a.c.f.r.c.PathChildrenCache  - 
java.lang.IllegalStateException: instance must be started before calling this method
	at org.apache.curator.shaded.com.google.common.base.Preconditions.checkState(Preconditions.java:444)
	at org.apache.curator.framework.imps.CuratorFrameworkImpl.getChildren(CuratorFrameworkImpl.java:456)
	at org.apache.curator.framework.recipes.cache.PathChildrenCache.refresh(PathChildrenCache.java:521)
	at org.apache.curator.framework.recipes.cache.RefreshOperation.invoke(RefreshOperation.java:35)
	at org.apache.curator.framework.recipes.cache.PathChildrenCache$9.run(PathChildrenCache.java:786)
	at java.util.concurrent.Executors$RunnableAdapter.call(Executors.java:511)
	at java.util.concurrent.FutureTask.run(FutureTask.java:266)
	at java.util.concurrent.Executors$RunnableAdapter.call(Executors.java:511)
	at java.util.concurrent.FutureTask.run(FutureTask.java:266)
	at java.util.concurrent.ThreadPoolExecutor.runWorker(ThreadPoolExecutor.java:1149)
	at java.util.concurrent.ThreadPoolExecutor$Worker.run(ThreadPoolExecutor.java:624)
	at java.lang.Thread.run(Thread.java:748)
Heap
 PSYoungGen      total 158208K, used 105617K [0x00000000f5980000, 0x0000000100000000, 0x0000000100000000)
  eden space 144896K, 72% used [0x00000000f5980000,0x00000000fbff43a8,0x00000000fe700000)
  from space 13312K, 5% used [0x00000000ff300000,0x00000000ff3b0080,0x0000000100000000)
  to   space 12288K, 0% used [0x00000000fe700000,0x00000000fe700000,0x00000000ff300000)
 ParOldGen       total 341504K, used 38952K [0x00000000e0c00000, 0x00000000f5980000, 0x00000000f5980000)
  object space 341504K, 11% used [0x00000000e0c00000,0x00000000e320a300,0x00000000f5980000)
 Metaspace       used 36099K, capacity 36894K, committed 37208K, reserved 1081344K
  class space    used 4978K, capacity 5161K, committed 5248K, reserved 1048576K
