14:21:49,086 |-INFO in ch.qos.logback.classic.LoggerContext[default] - Could NOT find resource [logback-test.xml]
14:21:49,087 |-INFO in ch.qos.logback.classic.LoggerContext[default] - Could NOT find resource [logback.groovy]
14:21:49,087 |-INFO in ch.qos.logback.classic.LoggerContext[default] - Found resource [logback.xml] at [jar:file:/home/nikitasokolov/flamestream/lib/flamestream-runtime-1.0-SNAPSHOT.jar!/logback.xml]
14:21:49,087 |-WARN in ch.qos.logback.classic.LoggerContext[default] - Resource [logback.xml] occurs multiple times on the classpath.
14:21:49,088 |-WARN in ch.qos.logback.classic.LoggerContext[default] - Resource [logback.xml] occurs at [jar:file:/home/nikitasokolov/flamestream/lib/flamestream-runtime-1.0-SNAPSHOT.jar!/logback.xml]
14:21:49,088 |-WARN in ch.qos.logback.classic.LoggerContext[default] - Resource [logback.xml] occurs at [jar:file:/home/nikitasokolov/flamestream/flamestream-runtime-1.0-SNAPSHOT.jar!/logback.xml]
14:21:49,104 |-INFO in ch.qos.logback.core.joran.spi.ConfigurationWatchList@6108b2d7 - URL [jar:file:/home/nikitasokolov/flamestream/lib/flamestream-runtime-1.0-SNAPSHOT.jar!/logback.xml] is not of type file
14:21:49,157 |-INFO in ch.qos.logback.classic.joran.action.ConfigurationAction - debug attribute not set
14:21:49,158 |-INFO in ch.qos.logback.core.joran.action.AppenderAction - About to instantiate appender of type [ch.qos.logback.core.ConsoleAppender]
14:21:49,166 |-INFO in ch.qos.logback.core.joran.action.AppenderAction - Naming appender as [STDOUT]
14:21:49,174 |-INFO in ch.qos.logback.core.joran.action.NestedComplexPropertyIA - Assuming default type [ch.qos.logback.classic.encoder.PatternLayoutEncoder] for [encoder] property
14:21:49,230 |-INFO in ch.qos.logback.core.joran.action.AppenderAction - About to instantiate appender of type [ch.qos.logback.core.rolling.RollingFileAppender]
14:21:49,236 |-INFO in ch.qos.logback.core.joran.action.AppenderAction - Naming appender as [FILE]
14:21:49,259 |-INFO in c.q.l.core.rolling.TimeBasedRollingPolicy@357863579 - No compression will be used
14:21:49,260 |-INFO in c.q.l.core.rolling.TimeBasedRollingPolicy@357863579 - Will use the pattern /tmp/application_%d{yyyy-MM-dd}.%i.log for the active file
14:21:49,263 |-INFO in ch.qos.logback.core.rolling.SizeAndTimeBasedFNATP@6bf256fa - The date pattern is 'yyyy-MM-dd' from file name pattern '/tmp/application_%d{yyyy-MM-dd}.%i.log'.
14:21:49,263 |-INFO in ch.qos.logback.core.rolling.SizeAndTimeBasedFNATP@6bf256fa - Roll-over at midnight.
14:21:49,266 |-INFO in ch.qos.logback.core.rolling.SizeAndTimeBasedFNATP@6bf256fa - Setting initial period to Sun Jun 09 14:21:09 MSK 2019
14:21:49,267 |-WARN in ch.qos.logback.core.rolling.SizeAndTimeBasedFNATP@6bf256fa - SizeAndTimeBasedFNATP is deprecated. Use SizeAndTimeBasedRollingPolicy instead
14:21:49,267 |-WARN in ch.qos.logback.core.rolling.SizeAndTimeBasedFNATP@6bf256fa - For more information see http://logback.qos.ch/manual/appenders.html#SizeAndTimeBasedRollingPolicy
14:21:49,271 |-INFO in ch.qos.logback.core.joran.action.NestedComplexPropertyIA - Assuming default type [ch.qos.logback.classic.encoder.PatternLayoutEncoder] for [encoder] property
14:21:49,274 |-INFO in ch.qos.logback.core.rolling.RollingFileAppender[FILE] - Active log file name: /tmp/application.log
14:21:49,274 |-INFO in ch.qos.logback.core.rolling.RollingFileAppender[FILE] - File property is set to [/tmp/application.log]
14:21:49,275 |-INFO in ch.qos.logback.classic.joran.action.RootLoggerAction - Setting level of ROOT logger to WARN
14:21:49,275 |-INFO in ch.qos.logback.core.joran.action.AppenderRefAction - Attaching appender named [STDOUT] to Logger[ROOT]
14:21:49,276 |-INFO in ch.qos.logback.core.joran.action.AppenderRefAction - Attaching appender named [FILE] to Logger[ROOT]
14:21:49,276 |-INFO in ch.qos.logback.classic.joran.action.ConfigurationAction - End of configuration.
14:21:49,276 |-INFO in ch.qos.logback.classic.joran.JoranConfigurator@6cd8737 - Registering current configuration as safe fallback point

2019-06-09T14:21:50.262+0300: 1.382: [GC (Metadata GC Threshold) [PSYoungGen: 108151K->15890K(149504K)] 108151K->15970K(491008K), 0.0221308 secs] [Times: user=0.12 sys=0.01, real=0.02 secs] 
2019-06-09T14:21:50.285+0300: 1.404: [Full GC (Metadata GC Threshold) [PSYoungGen: 15890K->0K(149504K)] [ParOldGen: 80K->15078K(341504K)] 15970K->15078K(491008K), [Metaspace: 20801K->20801K(1067008K)], 0.0257581 secs] [Times: user=0.16 sys=0.00, real=0.03 secs] 
14:22:01.556 [Curator-PathChildrenCache-1] WARN  o.a.c.u.ZKPaths  - The version of ZooKeeper being used doesn't support Container nodes. CreateMode.PERSISTENT will be used instead.
2019-06-09T14:22:02.430+0300: 13.549: [GC (Metadata GC Threshold) [PSYoungGen: 122719K->20987K(149504K)] 137797K->49871K(491008K), 0.0176487 secs] [Times: user=0.17 sys=0.03, real=0.01 secs] 
2019-06-09T14:22:02.448+0300: 13.567: [Full GC (Metadata GC Threshold) [PSYoungGen: 20987K->0K(149504K)] [ParOldGen: 28884K->38885K(341504K)] 49871K->38885K(491008K), [Metaspace: 34549K->34549K(1079296K)], 0.0336186 secs] [Times: user=0.16 sys=0.01, real=0.04 secs] 
2019-06-09T14:22:04.197+0300: 15.316: [GC (Allocation Failure) [PSYoungGen: 128512K->800K(149504K)] 167397K->39693K(491008K), 0.0033971 secs] [Times: user=0.02 sys=0.00, real=0.01 secs] 
2019-06-09T14:22:05.942+0300: 17.061: [GC (Allocation Failure) [PSYoungGen: 129312K->576K(149504K)] 168205K->39477K(491008K), 0.0027126 secs] [Times: user=0.01 sys=0.00, real=0.00 secs] 
2019-06-09T14:22:07.194+0300: 18.314: [GC (Allocation Failure) [PSYoungGen: 129088K->512K(129536K)] 167989K->39421K(471040K), 0.0040658 secs] [Times: user=0.03 sys=0.01, real=0.01 secs] 
2019-06-09T14:22:08.579+0300: 19.698: [GC (Allocation Failure) [PSYoungGen: 129024K->576K(133120K)] 167933K->39485K(474624K), 0.0032491 secs] [Times: user=0.02 sys=0.00, real=0.00 secs] 
2019-06-09T14:22:09.211+0300: 20.331: [GC (Allocation Failure) [PSYoungGen: 93760K->576K(130560K)] 132669K->39485K(472064K), 0.0034551 secs] [Times: user=0.02 sys=0.00, real=0.00 secs] 
2019-06-09T14:22:09.835+0300: 20.954: [GC (Allocation Failure) [PSYoungGen: 93760K->672K(136704K)] 132669K->39581K(478208K), 0.0024699 secs] [Times: user=0.01 sys=0.00, real=0.00 secs] 
2019-06-09T14:22:11.023+0300: 22.143: [GC (Allocation Failure) [PSYoungGen: 102048K->640K(135168K)] 140957K->39549K(476672K), 0.0841054 secs] [Times: user=0.01 sys=0.00, real=0.08 secs] 
2019-06-09T14:22:12.217+0300: 23.337: [GC (Allocation Failure) [PSYoungGen: 102016K->640K(140288K)] 140925K->39549K(481792K), 0.0034162 secs] [Times: user=0.01 sys=0.00, real=0.01 secs] 
2019-06-09T14:22:14.465+0300: 25.584: [GC (Allocation Failure) [PSYoungGen: 109184K->576K(138752K)] 148093K->39485K(480256K), 0.0028826 secs] [Times: user=0.01 sys=0.00, real=0.00 secs] 
14:22:20.396 [Curator-PathChildrenCache-0] ERROR o.a.c.f.r.c.PathChildrenCache  - 
java.lang.IllegalStateException: instance must be started before calling this method
	at org.apache.curator.shaded.com.google.common.base.Preconditions.checkState(Preconditions.java:444)
	at org.apache.curator.framework.imps.CuratorFrameworkImpl.getChildren(CuratorFrameworkImpl.java:456)
	at org.apache.curator.framework.recipes.cache.PathChildrenCache.refresh(PathChildrenCache.java:521)
	at org.apache.curator.framework.recipes.cache.RefreshOperation.invoke(RefreshOperation.java:35)
	at org.apache.curator.framework.recipes.cache.PathChildrenCache$9.run(PathChildrenCache.java:786)
	at java.util.concurrent.Executors$RunnableAdapter.call(Executors.java:511)
	at java.util.concurrent.FutureTask.run(FutureTask.java:266)
	at java.util.concurrent.Executors$RunnableAdapter.call(Executors.java:511)
	at java.util.concurrent.FutureTask.run(FutureTask.java:266)
	at java.util.concurrent.ThreadPoolExecutor.runWorker(ThreadPoolExecutor.java:1149)
	at java.util.concurrent.ThreadPoolExecutor$Worker.run(ThreadPoolExecutor.java:624)
	at java.lang.Thread.run(Thread.java:748)
Heap
 PSYoungGen      total 138752K, used 37900K [0x00000000f5980000, 0x0000000100000000, 0x0000000100000000)
  eden space 108544K, 34% used [0x00000000f5980000,0x00000000f7df32f8,0x00000000fc380000)
  from space 30208K, 1% used [0x00000000fc380000,0x00000000fc410020,0x00000000fe100000)
  to   space 28672K, 0% used [0x00000000fe400000,0x00000000fe400000,0x0000000100000000)
 ParOldGen       total 341504K, used 38909K [0x00000000e0c00000, 0x00000000f5980000, 0x00000000f5980000)
  object space 341504K, 11% used [0x00000000e0c00000,0x00000000e31ff538,0x00000000f5980000)
 Metaspace       used 35665K, capacity 36550K, committed 36952K, reserved 1081344K
  class space    used 4935K, capacity 5129K, committed 5248K, reserved 1048576K
