15:55:43,827 |-INFO in ch.qos.logback.classic.LoggerContext[default] - Could NOT find resource [logback-test.xml]
15:55:43,827 |-INFO in ch.qos.logback.classic.LoggerContext[default] - Could NOT find resource [logback.groovy]
15:55:43,827 |-INFO in ch.qos.logback.classic.LoggerContext[default] - Found resource [logback.xml] at [jar:file:/root/flamestream/lib/flamestream-runtime-1.0-SNAPSHOT.jar!/logback.xml]
15:55:43,828 |-WARN in ch.qos.logback.classic.LoggerContext[default] - Resource [logback.xml] occurs multiple times on the classpath.
15:55:43,828 |-WARN in ch.qos.logback.classic.LoggerContext[default] - Resource [logback.xml] occurs at [jar:file:/root/flamestream/lib/flamestream-runtime-1.0-SNAPSHOT.jar!/logback.xml]
15:55:43,831 |-WARN in ch.qos.logback.classic.LoggerContext[default] - Resource [logback.xml] occurs at [jar:file:/root/flamestream/flamestream-runtime-1.0-SNAPSHOT.jar!/logback.xml]
15:55:43,851 |-INFO in ch.qos.logback.core.joran.spi.ConfigurationWatchList@3fb6a447 - URL [jar:file:/root/flamestream/lib/flamestream-runtime-1.0-SNAPSHOT.jar!/logback.xml] is not of type file
15:55:43,927 |-INFO in ch.qos.logback.classic.joran.action.ConfigurationAction - debug attribute not set
15:55:43,927 |-INFO in ch.qos.logback.core.joran.action.AppenderAction - About to instantiate appender of type [ch.qos.logback.core.ConsoleAppender]
15:55:43,939 |-INFO in ch.qos.logback.core.joran.action.AppenderAction - Naming appender as [STDOUT]
15:55:43,957 |-INFO in ch.qos.logback.core.joran.action.NestedComplexPropertyIA - Assuming default type [ch.qos.logback.classic.encoder.PatternLayoutEncoder] for [encoder] property
15:55:44,044 |-INFO in ch.qos.logback.core.joran.action.AppenderAction - About to instantiate appender of type [ch.qos.logback.core.rolling.RollingFileAppender]
15:55:44,050 |-INFO in ch.qos.logback.core.joran.action.AppenderAction - Naming appender as [FILE]
15:55:44,082 |-INFO in c.q.l.core.rolling.TimeBasedRollingPolicy@127618319 - No compression will be used
15:55:44,084 |-INFO in c.q.l.core.rolling.TimeBasedRollingPolicy@127618319 - Will use the pattern /tmp/application_%d{yyyy-MM-dd}.%i.log for the active file
15:55:44,087 |-INFO in ch.qos.logback.core.rolling.SizeAndTimeBasedFNATP@6b2fad11 - The date pattern is 'yyyy-MM-dd' from file name pattern '/tmp/application_%d{yyyy-MM-dd}.%i.log'.
15:55:44,087 |-INFO in ch.qos.logback.core.rolling.SizeAndTimeBasedFNATP@6b2fad11 - Roll-over at midnight.
15:55:44,092 |-INFO in ch.qos.logback.core.rolling.SizeAndTimeBasedFNATP@6b2fad11 - Setting initial period to Mon Jun 10 15:54:24 UTC 2019
15:55:44,092 |-WARN in ch.qos.logback.core.rolling.SizeAndTimeBasedFNATP@6b2fad11 - SizeAndTimeBasedFNATP is deprecated. Use SizeAndTimeBasedRollingPolicy instead
15:55:44,092 |-WARN in ch.qos.logback.core.rolling.SizeAndTimeBasedFNATP@6b2fad11 - For more information see http://logback.qos.ch/manual/appenders.html#SizeAndTimeBasedRollingPolicy
15:55:44,096 |-INFO in ch.qos.logback.core.joran.action.NestedComplexPropertyIA - Assuming default type [ch.qos.logback.classic.encoder.PatternLayoutEncoder] for [encoder] property
15:55:44,101 |-INFO in ch.qos.logback.core.rolling.RollingFileAppender[FILE] - Active log file name: /tmp/application.log
15:55:44,101 |-INFO in ch.qos.logback.core.rolling.RollingFileAppender[FILE] - File property is set to [/tmp/application.log]
15:55:44,102 |-INFO in ch.qos.logback.classic.joran.action.RootLoggerAction - Setting level of ROOT logger to WARN
15:55:44,102 |-INFO in ch.qos.logback.core.joran.action.AppenderRefAction - Attaching appender named [STDOUT] to Logger[ROOT]
15:55:44,104 |-INFO in ch.qos.logback.core.joran.action.AppenderRefAction - Attaching appender named [FILE] to Logger[ROOT]
15:55:44,104 |-INFO in ch.qos.logback.classic.joran.action.ConfigurationAction - End of configuration.
15:55:44,104 |-INFO in ch.qos.logback.classic.joran.JoranConfigurator@79698539 - Registering current configuration as safe fallback point

Ama winner
Ama winner
2019-06-10T15:55:45.380+0000: 1.731: [Full GC (Metadata GC Threshold) 2019-06-10T15:55:45.380+0000: 1.731: [Tenured: 0K->15176K(341376K), 0.0398968 secs] 114924K->15176K(494976K), [Metaspace: 20730K->20730K(1067008K)], 0.0399712 secs] [Times: user=0.03 sys=0.00, real=0.04 secs] 
15:56:05.177 [Curator-PathChildrenCache-1] WARN  o.a.c.u.ZKPaths  - The version of ZooKeeper being used doesn't support Container nodes. CreateMode.PERSISTENT will be used instead.
2019-06-10T15:56:07.565+0000: 23.916: [GC (Allocation Failure) 2019-06-10T15:56:07.565+0000: 23.916: [DefNew: 136576K->17023K(153600K), 0.0258900 secs] 151752K->52529K(494976K), 0.0259721 secs] [Times: user=0.02 sys=0.00, real=0.02 secs] 
2019-06-10T15:56:09.109+0000: 25.460: [Full GC (Metadata GC Threshold) 2019-06-10T15:56:09.109+0000: 25.460: [Tenured: 35505K->44102K(341376K), 0.0453535 secs] 87486K->44102K(494976K), [Metaspace: 34600K->34600K(1079296K)], 0.0454291 secs] [Times: user=0.04 sys=0.01, real=0.04 secs] 
2019-06-10T15:56:15.676+0000: 32.027: [GC (Allocation Failure) 2019-06-10T15:56:15.676+0000: 32.027: [DefNew: 136576K->67K(153600K), 0.0018375 secs] 180678K->44169K(494976K), 0.0019159 secs] [Times: user=0.00 sys=0.00, real=0.01 secs] 
2019-06-10T15:56:22.218+0000: 38.569: [GC (Allocation Failure) 2019-06-10T15:56:22.218+0000: 38.569: [DefNew: 136643K->67K(153600K), 0.0016549 secs] 180745K->44169K(494976K), 0.0017188 secs] [Times: user=0.00 sys=0.00, real=0.00 secs] 
2019-06-10T15:56:28.772+0000: 45.123: [GC (Allocation Failure) 2019-06-10T15:56:28.772+0000: 45.123: [DefNew: 136643K->67K(153600K), 0.0016645 secs] 180745K->44169K(494976K), 0.0017361 secs] [Times: user=0.00 sys=0.00, real=0.00 secs] 
2019-06-10T15:56:35.287+0000: 51.638: [GC (Allocation Failure) 2019-06-10T15:56:35.287+0000: 51.638: [DefNew: 136643K->66K(153600K), 0.0017475 secs] 180745K->44168K(494976K), 0.0018069 secs] [Times: user=0.00 sys=0.00, real=0.00 secs] 
2019-06-10T15:56:47.014+0000: 63.365: [GC (Allocation Failure) 2019-06-10T15:56:47.014+0000: 63.365: [DefNew: 136642K->401K(153600K), 0.0021392 secs] 180744K->44503K(494976K), 0.0021954 secs] [Times: user=0.01 sys=0.00, real=0.01 secs] 
15:56:53.059 [Curator-PathChildrenCache-0] ERROR o.a.c.f.r.c.PathChildrenCache  - 
java.lang.IllegalStateException: instance must be started before calling this method
	at org.apache.curator.shaded.com.google.common.base.Preconditions.checkState(Preconditions.java:444)
	at org.apache.curator.framework.imps.CuratorFrameworkImpl.getChildren(CuratorFrameworkImpl.java:456)
	at org.apache.curator.framework.recipes.cache.PathChildrenCache.refresh(PathChildrenCache.java:521)
	at org.apache.curator.framework.recipes.cache.RefreshOperation.invoke(RefreshOperation.java:35)
	at org.apache.curator.framework.recipes.cache.PathChildrenCache$9.run(PathChildrenCache.java:786)
	at java.util.concurrent.Executors$RunnableAdapter.call(Executors.java:511)
	at java.util.concurrent.FutureTask.run(FutureTask.java:266)
	at java.util.concurrent.Executors$RunnableAdapter.call(Executors.java:511)
	at java.util.concurrent.FutureTask.run(FutureTask.java:266)
	at java.util.concurrent.ThreadPoolExecutor.runWorker(ThreadPoolExecutor.java:1149)
	at java.util.concurrent.ThreadPoolExecutor$Worker.run(ThreadPoolExecutor.java:624)
	at java.lang.Thread.run(Thread.java:748)
Heap
 def new generation   total 153600K, used 33419K [0x00000000e0c00000, 0x00000000eb2a0000, 0x00000000eb2a0000)
  eden space 136576K,  24% used [0x00000000e0c00000, 0x00000000e2c3e8c8, 0x00000000e9160000)
  from space 17024K,   2% used [0x00000000e9160000, 0x00000000e91c4428, 0x00000000ea200000)
  to   space 17024K,   0% used [0x00000000ea200000, 0x00000000ea200000, 0x00000000eb2a0000)
 tenured generation   total 341376K, used 44102K [0x00000000eb2a0000, 0x0000000100000000, 0x0000000100000000)
   the space 341376K,  12% used [0x00000000eb2a0000, 0x00000000eddb1960, 0x00000000eddb1a00, 0x0000000100000000)
 Metaspace       used 36093K, capacity 36986K, committed 37120K, reserved 1081344K
  class space    used 4867K, capacity 5073K, committed 5120K, reserved 1048576K
