19:14:56,137 |-INFO in ch.qos.logback.classic.LoggerContext[default] - Could NOT find resource [logback-test.xml]
19:14:56,138 |-INFO in ch.qos.logback.classic.LoggerContext[default] - Could NOT find resource [logback.groovy]
19:14:56,138 |-INFO in ch.qos.logback.classic.LoggerContext[default] - Found resource [logback.xml] at [jar:file:/root/flamestream/lib/flamestream-runtime-1.0-SNAPSHOT.jar!/logback.xml]
19:14:56,139 |-WARN in ch.qos.logback.classic.LoggerContext[default] - Resource [logback.xml] occurs multiple times on the classpath.
19:14:56,139 |-WARN in ch.qos.logback.classic.LoggerContext[default] - Resource [logback.xml] occurs at [jar:file:/root/flamestream/lib/flamestream-runtime-1.0-SNAPSHOT.jar!/logback.xml]
19:14:56,139 |-WARN in ch.qos.logback.classic.LoggerContext[default] - Resource [logback.xml] occurs at [jar:file:/root/flamestream/flamestream-runtime-1.0-SNAPSHOT.jar!/logback.xml]
19:14:56,159 |-INFO in ch.qos.logback.core.joran.spi.ConfigurationWatchList@3fb6a447 - URL [jar:file:/root/flamestream/lib/flamestream-runtime-1.0-SNAPSHOT.jar!/logback.xml] is not of type file
19:14:56,228 |-INFO in ch.qos.logback.classic.joran.action.ConfigurationAction - debug attribute not set
19:14:56,229 |-INFO in ch.qos.logback.core.joran.action.AppenderAction - About to instantiate appender of type [ch.qos.logback.core.ConsoleAppender]
19:14:56,250 |-INFO in ch.qos.logback.core.joran.action.AppenderAction - Naming appender as [STDOUT]
19:14:56,268 |-INFO in ch.qos.logback.core.joran.action.NestedComplexPropertyIA - Assuming default type [ch.qos.logback.classic.encoder.PatternLayoutEncoder] for [encoder] property
19:14:56,348 |-INFO in ch.qos.logback.core.joran.action.AppenderAction - About to instantiate appender of type [ch.qos.logback.core.rolling.RollingFileAppender]
19:14:56,357 |-INFO in ch.qos.logback.core.joran.action.AppenderAction - Naming appender as [FILE]
19:14:56,389 |-INFO in c.q.l.core.rolling.TimeBasedRollingPolicy@127618319 - No compression will be used
19:14:56,390 |-INFO in c.q.l.core.rolling.TimeBasedRollingPolicy@127618319 - Will use the pattern /tmp/application_%d{yyyy-MM-dd}.%i.log for the active file
19:14:56,393 |-INFO in ch.qos.logback.core.rolling.SizeAndTimeBasedFNATP@6b2fad11 - The date pattern is 'yyyy-MM-dd' from file name pattern '/tmp/application_%d{yyyy-MM-dd}.%i.log'.
19:14:56,393 |-INFO in ch.qos.logback.core.rolling.SizeAndTimeBasedFNATP@6b2fad11 - Roll-over at midnight.
19:14:56,398 |-INFO in ch.qos.logback.core.rolling.SizeAndTimeBasedFNATP@6b2fad11 - Setting initial period to Mon Jun 10 19:13:23 UTC 2019
19:14:56,398 |-WARN in ch.qos.logback.core.rolling.SizeAndTimeBasedFNATP@6b2fad11 - SizeAndTimeBasedFNATP is deprecated. Use SizeAndTimeBasedRollingPolicy instead
19:14:56,398 |-WARN in ch.qos.logback.core.rolling.SizeAndTimeBasedFNATP@6b2fad11 - For more information see http://logback.qos.ch/manual/appenders.html#SizeAndTimeBasedRollingPolicy
19:14:56,402 |-INFO in ch.qos.logback.core.joran.action.NestedComplexPropertyIA - Assuming default type [ch.qos.logback.classic.encoder.PatternLayoutEncoder] for [encoder] property
19:14:56,407 |-INFO in ch.qos.logback.core.rolling.RollingFileAppender[FILE] - Active log file name: /tmp/application.log
19:14:56,407 |-INFO in ch.qos.logback.core.rolling.RollingFileAppender[FILE] - File property is set to [/tmp/application.log]
19:14:56,408 |-INFO in ch.qos.logback.classic.joran.action.RootLoggerAction - Setting level of ROOT logger to WARN
19:14:56,408 |-INFO in ch.qos.logback.core.joran.action.AppenderRefAction - Attaching appender named [STDOUT] to Logger[ROOT]
19:14:56,410 |-INFO in ch.qos.logback.core.joran.action.AppenderRefAction - Attaching appender named [FILE] to Logger[ROOT]
19:14:56,410 |-INFO in ch.qos.logback.classic.joran.action.ConfigurationAction - End of configuration.
19:14:56,411 |-INFO in ch.qos.logback.classic.joran.JoranConfigurator@79698539 - Registering current configuration as safe fallback point

Ama winner
Ama winner
2019-06-10T19:14:57.689+0000: 1.741: [Full GC (Metadata GC Threshold) 2019-06-10T19:14:57.689+0000: 1.741: [Tenured: 0K->15176K(341376K), 0.0397395 secs] 114924K->15176K(494976K), [Metaspace: 20739K->20739K(1067008K)], 0.0398048 secs] [Times: user=0.03 sys=0.01, real=0.04 secs] 
19:15:30.220 [Curator-PathChildrenCache-1] WARN  o.a.c.u.ZKPaths  - The version of ZooKeeper being used doesn't support Container nodes. CreateMode.PERSISTENT will be used instead.
2019-06-10T19:15:32.465+0000: 36.517: [GC (Allocation Failure) 2019-06-10T19:15:32.465+0000: 36.517: [DefNew: 136576K->17023K(153600K), 0.0274081 secs] 151752K->52283K(494976K), 0.0274951 secs] [Times: user=0.02 sys=0.01, real=0.02 secs] 
2019-06-10T19:15:34.974+0000: 39.025: [Full GC (Metadata GC Threshold) 2019-06-10T19:15:34.974+0000: 39.025: [Tenured: 35259K->43791K(341376K), 0.0449445 secs] 98640K->43791K(494976K), [Metaspace: 34606K->34606K(1079296K)], 0.0450216 secs] [Times: user=0.04 sys=0.00, real=0.05 secs] 
2019-06-10T19:15:43.675+0000: 47.726: [GC (Allocation Failure) 2019-06-10T19:15:43.675+0000: 47.726: [DefNew: 136576K->77K(153600K), 0.0020153 secs] 180367K->43868K(494976K), 0.0020771 secs] [Times: user=0.00 sys=0.00, real=0.00 secs] 
2019-06-10T19:15:52.512+0000: 56.564: [GC (Allocation Failure) 2019-06-10T19:15:52.512+0000: 56.564: [DefNew: 136653K->76K(153600K), 0.0018482 secs] 180444K->43867K(494976K), 0.0019113 secs] [Times: user=0.00 sys=0.00, real=0.00 secs] 
2019-06-10T19:16:01.685+0000: 65.737: [GC (Allocation Failure) 2019-06-10T19:16:01.685+0000: 65.737: [DefNew: 136652K->400K(153600K), 0.0022769 secs] 180443K->44191K(494976K), 0.0023386 secs] [Times: user=0.00 sys=0.00, real=0.00 secs] 
2019-06-10T19:16:12.156+0000: 76.207: [GC (Allocation Failure) 2019-06-10T19:16:12.156+0000: 76.207: [DefNew: 136976K->164K(153600K), 0.0020881 secs] 180767K->43955K(494976K), 0.0021456 secs] [Times: user=0.00 sys=0.00, real=0.01 secs] 
2019-06-10T19:16:22.673+0000: 86.724: [GC (Allocation Failure) 2019-06-10T19:16:22.673+0000: 86.725: [DefNew: 136740K->164K(153600K), 0.0020769 secs] 180531K->43956K(494976K), 0.0021394 secs] [Times: user=0.00 sys=0.00, real=0.00 secs] 
19:16:39.674 [Curator-PathChildrenCache-0] ERROR o.a.c.f.r.c.PathChildrenCache  - 
java.lang.IllegalStateException: instance must be started before calling this method
	at org.apache.curator.shaded.com.google.common.base.Preconditions.checkState(Preconditions.java:444)
	at org.apache.curator.framework.imps.CuratorFrameworkImpl.getChildren(CuratorFrameworkImpl.java:456)
	at org.apache.curator.framework.recipes.cache.PathChildrenCache.refresh(PathChildrenCache.java:521)
	at org.apache.curator.framework.recipes.cache.RefreshOperation.invoke(RefreshOperation.java:35)
	at org.apache.curator.framework.recipes.cache.PathChildrenCache$9.run(PathChildrenCache.java:786)
	at java.util.concurrent.Executors$RunnableAdapter.call(Executors.java:511)
	at java.util.concurrent.FutureTask.run(FutureTask.java:266)
	at java.util.concurrent.Executors$RunnableAdapter.call(Executors.java:511)
	at java.util.concurrent.FutureTask.run(FutureTask.java:266)
	at java.util.concurrent.ThreadPoolExecutor.runWorker(ThreadPoolExecutor.java:1149)
	at java.util.concurrent.ThreadPoolExecutor$Worker.run(ThreadPoolExecutor.java:624)
	at java.lang.Thread.run(Thread.java:748)
2019-06-10T19:16:40.729+0000: 104.781: [GC (Allocation Failure) 2019-06-10T19:16:40.729+0000: 104.781: [DefNew: 136740K->965K(153600K), 0.0036748 secs] 180532K->44756K(494976K), 0.0037507 secs] [Times: user=0.01 sys=0.00, real=0.00 secs] 
Heap
 def new generation   total 153600K, used 4785K [0x00000000e0c00000, 0x00000000eb2a0000, 0x00000000eb2a0000)
  eden space 136576K,   2% used [0x00000000e0c00000, 0x00000000e0fbb180, 0x00000000e9160000)
  from space 17024K,   5% used [0x00000000ea200000, 0x00000000ea2f1520, 0x00000000eb2a0000)
  to   space 17024K,   0% used [0x00000000e9160000, 0x00000000e9160000, 0x00000000ea200000)
 tenured generation   total 341376K, used 43791K [0x00000000eb2a0000, 0x0000000100000000, 0x0000000100000000)
   the space 341376K,  12% used [0x00000000eb2a0000, 0x00000000edd63c20, 0x00000000edd63e00, 0x0000000100000000)
 Metaspace       used 36248K, capacity 37196K, committed 37376K, reserved 1081344K
  class space    used 4857K, capacity 5076K, committed 5120K, reserved 1048576K
