19:40:00,351 |-INFO in ch.qos.logback.classic.LoggerContext[default] - Could NOT find resource [logback-test.xml]
19:40:00,351 |-INFO in ch.qos.logback.classic.LoggerContext[default] - Could NOT find resource [logback.groovy]
19:40:00,351 |-INFO in ch.qos.logback.classic.LoggerContext[default] - Found resource [logback.xml] at [jar:file:/root/flamestream/lib/flamestream-runtime-1.0-SNAPSHOT.jar!/logback.xml]
19:40:00,352 |-WARN in ch.qos.logback.classic.LoggerContext[default] - Resource [logback.xml] occurs multiple times on the classpath.
19:40:00,352 |-WARN in ch.qos.logback.classic.LoggerContext[default] - Resource [logback.xml] occurs at [jar:file:/root/flamestream/lib/flamestream-runtime-1.0-SNAPSHOT.jar!/logback.xml]
19:40:00,352 |-WARN in ch.qos.logback.classic.LoggerContext[default] - Resource [logback.xml] occurs at [jar:file:/root/flamestream/flamestream-runtime-1.0-SNAPSHOT.jar!/logback.xml]
19:40:00,374 |-INFO in ch.qos.logback.core.joran.spi.ConfigurationWatchList@3fb6a447 - URL [jar:file:/root/flamestream/lib/flamestream-runtime-1.0-SNAPSHOT.jar!/logback.xml] is not of type file
19:40:00,443 |-INFO in ch.qos.logback.classic.joran.action.ConfigurationAction - debug attribute not set
19:40:00,444 |-INFO in ch.qos.logback.core.joran.action.AppenderAction - About to instantiate appender of type [ch.qos.logback.core.ConsoleAppender]
19:40:00,461 |-INFO in ch.qos.logback.core.joran.action.AppenderAction - Naming appender as [STDOUT]
19:40:00,473 |-INFO in ch.qos.logback.core.joran.action.NestedComplexPropertyIA - Assuming default type [ch.qos.logback.classic.encoder.PatternLayoutEncoder] for [encoder] property
19:40:00,574 |-INFO in ch.qos.logback.core.joran.action.AppenderAction - About to instantiate appender of type [ch.qos.logback.core.rolling.RollingFileAppender]
19:40:00,578 |-INFO in ch.qos.logback.core.joran.action.AppenderAction - Naming appender as [FILE]
19:40:00,614 |-INFO in c.q.l.core.rolling.TimeBasedRollingPolicy@127618319 - No compression will be used
19:40:00,615 |-INFO in c.q.l.core.rolling.TimeBasedRollingPolicy@127618319 - Will use the pattern /tmp/application_%d{yyyy-MM-dd}.%i.log for the active file
19:40:00,618 |-INFO in ch.qos.logback.core.rolling.SizeAndTimeBasedFNATP@6b2fad11 - The date pattern is 'yyyy-MM-dd' from file name pattern '/tmp/application_%d{yyyy-MM-dd}.%i.log'.
19:40:00,618 |-INFO in ch.qos.logback.core.rolling.SizeAndTimeBasedFNATP@6b2fad11 - Roll-over at midnight.
19:40:00,623 |-INFO in ch.qos.logback.core.rolling.SizeAndTimeBasedFNATP@6b2fad11 - Setting initial period to Mon Jun 10 19:38:38 UTC 2019
19:40:00,623 |-WARN in ch.qos.logback.core.rolling.SizeAndTimeBasedFNATP@6b2fad11 - SizeAndTimeBasedFNATP is deprecated. Use SizeAndTimeBasedRollingPolicy instead
19:40:00,623 |-WARN in ch.qos.logback.core.rolling.SizeAndTimeBasedFNATP@6b2fad11 - For more information see http://logback.qos.ch/manual/appenders.html#SizeAndTimeBasedRollingPolicy
19:40:00,627 |-INFO in ch.qos.logback.core.joran.action.NestedComplexPropertyIA - Assuming default type [ch.qos.logback.classic.encoder.PatternLayoutEncoder] for [encoder] property
19:40:00,632 |-INFO in ch.qos.logback.core.rolling.RollingFileAppender[FILE] - Active log file name: /tmp/application.log
19:40:00,632 |-INFO in ch.qos.logback.core.rolling.RollingFileAppender[FILE] - File property is set to [/tmp/application.log]
19:40:00,633 |-INFO in ch.qos.logback.classic.joran.action.RootLoggerAction - Setting level of ROOT logger to WARN
19:40:00,633 |-INFO in ch.qos.logback.core.joran.action.AppenderRefAction - Attaching appender named [STDOUT] to Logger[ROOT]
19:40:00,635 |-INFO in ch.qos.logback.core.joran.action.AppenderRefAction - Attaching appender named [FILE] to Logger[ROOT]
19:40:00,635 |-INFO in ch.qos.logback.classic.joran.action.ConfigurationAction - End of configuration.
19:40:00,636 |-INFO in ch.qos.logback.classic.joran.JoranConfigurator@79698539 - Registering current configuration as safe fallback point

Ama winner
Ama winner
2019-06-10T19:40:01.966+0000: 1.798: [Full GC (Metadata GC Threshold) 2019-06-10T19:40:01.966+0000: 1.798: [Tenured: 0K->15208K(341376K), 0.0394273 secs] 114987K->15208K(494976K), [Metaspace: 20726K->20726K(1067008K)], 0.0395018 secs] [Times: user=0.04 sys=0.00, real=0.04 secs] 
19:40:15.866 [Curator-PathChildrenCache-1] WARN  o.a.c.u.ZKPaths  - The version of ZooKeeper being used doesn't support Container nodes. CreateMode.PERSISTENT will be used instead.
2019-06-10T19:40:18.196+0000: 18.028: [GC (Allocation Failure) 2019-06-10T19:40:18.196+0000: 18.028: [DefNew: 136576K->17023K(153600K), 0.0262584 secs] 151784K->52690K(494976K), 0.0263248 secs] [Times: user=0.02 sys=0.01, real=0.03 secs] 
2019-06-10T19:40:19.510+0000: 19.342: [Full GC (Metadata GC Threshold) 2019-06-10T19:40:19.510+0000: 19.342: [Tenured: 35666K->44182K(341376K), 0.0403621 secs] 79888K->44182K(494976K), [Metaspace: 34619K->34619K(1079296K)], 0.0404352 secs] [Times: user=0.04 sys=0.00, real=0.04 secs] 
2019-06-10T19:40:26.109+0000: 25.942: [GC (Allocation Failure) 2019-06-10T19:40:26.109+0000: 25.942: [DefNew: 136576K->70K(153600K), 0.0018429 secs] 180758K->44252K(494976K), 0.0019006 secs] [Times: user=0.00 sys=0.00, real=0.00 secs] 
2019-06-10T19:40:32.554+0000: 32.387: [GC (Allocation Failure) 2019-06-10T19:40:32.554+0000: 32.387: [DefNew: 136646K->77K(153600K), 0.0018042 secs] 180828K->44259K(494976K), 0.0018626 secs] [Times: user=0.00 sys=0.00, real=0.00 secs] 
2019-06-10T19:40:38.978+0000: 38.811: [GC (Allocation Failure) 2019-06-10T19:40:38.978+0000: 38.811: [DefNew: 136653K->73K(153600K), 0.0017587 secs] 180835K->44255K(494976K), 0.0018209 secs] [Times: user=0.01 sys=0.00, real=0.00 secs] 
2019-06-10T19:40:45.505+0000: 45.337: [GC (Allocation Failure) 2019-06-10T19:40:45.505+0000: 45.337: [DefNew: 136649K->70K(153600K), 0.0018275 secs] 180831K->44253K(494976K), 0.0018857 secs] [Times: user=0.00 sys=0.00, real=0.00 secs] 
2019-06-10T19:40:52.039+0000: 51.872: [GC (Allocation Failure) 2019-06-10T19:40:52.039+0000: 51.872: [DefNew: 136646K->72K(153600K), 0.0018446 secs] 180829K->44254K(494976K), 0.0019101 secs] [Times: user=0.00 sys=0.00, real=0.00 secs] 
19:41:00.737 [Curator-PathChildrenCache-0] ERROR o.a.c.f.r.c.PathChildrenCache  - 
java.lang.IllegalStateException: instance must be started before calling this method
	at org.apache.curator.shaded.com.google.common.base.Preconditions.checkState(Preconditions.java:444)
	at org.apache.curator.framework.imps.CuratorFrameworkImpl.getChildren(CuratorFrameworkImpl.java:456)
	at org.apache.curator.framework.recipes.cache.PathChildrenCache.refresh(PathChildrenCache.java:521)
	at org.apache.curator.framework.recipes.cache.RefreshOperation.invoke(RefreshOperation.java:35)
	at org.apache.curator.framework.recipes.cache.PathChildrenCache$9.run(PathChildrenCache.java:786)
	at java.util.concurrent.Executors$RunnableAdapter.call(Executors.java:511)
	at java.util.concurrent.FutureTask.run(FutureTask.java:266)
	at java.util.concurrent.Executors$RunnableAdapter.call(Executors.java:511)
	at java.util.concurrent.FutureTask.run(FutureTask.java:266)
	at java.util.concurrent.ThreadPoolExecutor.runWorker(ThreadPoolExecutor.java:1149)
	at java.util.concurrent.ThreadPoolExecutor$Worker.run(ThreadPoolExecutor.java:624)
	at java.lang.Thread.run(Thread.java:748)
Heap
 def new generation   total 153600K, used 111317K [0x00000000e0c00000, 0x00000000eb2a0000, 0x00000000eb2a0000)
  eden space 136576K,  81% used [0x00000000e0c00000, 0x00000000e78a3578, 0x00000000e9160000)
  from space 17024K,   0% used [0x00000000e9160000, 0x00000000e9172090, 0x00000000ea200000)
  to   space 17024K,   0% used [0x00000000ea200000, 0x00000000ea200000, 0x00000000eb2a0000)
 tenured generation   total 341376K, used 44182K [0x00000000eb2a0000, 0x0000000100000000, 0x0000000100000000)
   the space 341376K,  12% used [0x00000000eb2a0000, 0x00000000eddc59b0, 0x00000000eddc5a00, 0x0000000100000000)
 Metaspace       used 35899K, capacity 36812K, committed 37120K, reserved 1081344K
  class space    used 4841K, capacity 5050K, committed 5120K, reserved 1048576K
