15:49:15,766 |-INFO in ch.qos.logback.classic.LoggerContext[default] - Could NOT find resource [logback-test.xml]
15:49:15,766 |-INFO in ch.qos.logback.classic.LoggerContext[default] - Could NOT find resource [logback.groovy]
15:49:15,766 |-INFO in ch.qos.logback.classic.LoggerContext[default] - Found resource [logback.xml] at [jar:file:/root/flamestream/lib/flamestream-runtime-1.0-SNAPSHOT.jar!/logback.xml]
15:49:15,767 |-WARN in ch.qos.logback.classic.LoggerContext[default] - Resource [logback.xml] occurs multiple times on the classpath.
15:49:15,768 |-WARN in ch.qos.logback.classic.LoggerContext[default] - Resource [logback.xml] occurs at [jar:file:/root/flamestream/lib/flamestream-runtime-1.0-SNAPSHOT.jar!/logback.xml]
15:49:15,768 |-WARN in ch.qos.logback.classic.LoggerContext[default] - Resource [logback.xml] occurs at [jar:file:/root/flamestream/flamestream-runtime-1.0-SNAPSHOT.jar!/logback.xml]
15:49:15,788 |-INFO in ch.qos.logback.core.joran.spi.ConfigurationWatchList@3fb6a447 - URL [jar:file:/root/flamestream/lib/flamestream-runtime-1.0-SNAPSHOT.jar!/logback.xml] is not of type file
15:49:15,865 |-INFO in ch.qos.logback.classic.joran.action.ConfigurationAction - debug attribute not set
15:49:15,866 |-INFO in ch.qos.logback.core.joran.action.AppenderAction - About to instantiate appender of type [ch.qos.logback.core.ConsoleAppender]
15:49:15,879 |-INFO in ch.qos.logback.core.joran.action.AppenderAction - Naming appender as [STDOUT]
15:49:15,896 |-INFO in ch.qos.logback.core.joran.action.NestedComplexPropertyIA - Assuming default type [ch.qos.logback.classic.encoder.PatternLayoutEncoder] for [encoder] property
15:49:15,985 |-INFO in ch.qos.logback.core.joran.action.AppenderAction - About to instantiate appender of type [ch.qos.logback.core.rolling.RollingFileAppender]
15:49:15,990 |-INFO in ch.qos.logback.core.joran.action.AppenderAction - Naming appender as [FILE]
15:49:16,021 |-INFO in c.q.l.core.rolling.TimeBasedRollingPolicy@127618319 - No compression will be used
15:49:16,022 |-INFO in c.q.l.core.rolling.TimeBasedRollingPolicy@127618319 - Will use the pattern /tmp/application_%d{yyyy-MM-dd}.%i.log for the active file
15:49:16,025 |-INFO in ch.qos.logback.core.rolling.SizeAndTimeBasedFNATP@6b2fad11 - The date pattern is 'yyyy-MM-dd' from file name pattern '/tmp/application_%d{yyyy-MM-dd}.%i.log'.
15:49:16,025 |-INFO in ch.qos.logback.core.rolling.SizeAndTimeBasedFNATP@6b2fad11 - Roll-over at midnight.
15:49:16,031 |-INFO in ch.qos.logback.core.rolling.SizeAndTimeBasedFNATP@6b2fad11 - Setting initial period to Mon Jun 10 15:47:59 UTC 2019
15:49:16,031 |-WARN in ch.qos.logback.core.rolling.SizeAndTimeBasedFNATP@6b2fad11 - SizeAndTimeBasedFNATP is deprecated. Use SizeAndTimeBasedRollingPolicy instead
15:49:16,031 |-WARN in ch.qos.logback.core.rolling.SizeAndTimeBasedFNATP@6b2fad11 - For more information see http://logback.qos.ch/manual/appenders.html#SizeAndTimeBasedRollingPolicy
15:49:16,034 |-INFO in ch.qos.logback.core.joran.action.NestedComplexPropertyIA - Assuming default type [ch.qos.logback.classic.encoder.PatternLayoutEncoder] for [encoder] property
15:49:16,040 |-INFO in ch.qos.logback.core.rolling.RollingFileAppender[FILE] - Active log file name: /tmp/application.log
15:49:16,040 |-INFO in ch.qos.logback.core.rolling.RollingFileAppender[FILE] - File property is set to [/tmp/application.log]
15:49:16,040 |-INFO in ch.qos.logback.classic.joran.action.RootLoggerAction - Setting level of ROOT logger to WARN
15:49:16,041 |-INFO in ch.qos.logback.core.joran.action.AppenderRefAction - Attaching appender named [STDOUT] to Logger[ROOT]
15:49:16,042 |-INFO in ch.qos.logback.core.joran.action.AppenderRefAction - Attaching appender named [FILE] to Logger[ROOT]
15:49:16,043 |-INFO in ch.qos.logback.classic.joran.action.ConfigurationAction - End of configuration.
15:49:16,043 |-INFO in ch.qos.logback.classic.joran.JoranConfigurator@79698539 - Registering current configuration as safe fallback point

Ama winner
Ama winner
2019-06-10T15:49:17.342+0000: 1.763: [Full GC (Metadata GC Threshold) 2019-06-10T15:49:17.342+0000: 1.763: [Tenured: 0K->15240K(341376K), 0.0402574 secs] 114923K->15240K(494976K), [Metaspace: 20731K->20731K(1067008K)], 0.0403257 secs] [Times: user=0.04 sys=0.00, real=0.04 secs] 
15:49:35.568 [Curator-PathChildrenCache-2] WARN  o.a.c.u.ZKPaths  - The version of ZooKeeper being used doesn't support Container nodes. CreateMode.PERSISTENT will be used instead.
2019-06-10T15:49:37.559+0000: 21.980: [GC (Allocation Failure) 2019-06-10T15:49:37.559+0000: 21.980: [DefNew: 119832K->17023K(153600K), 0.0189321 secs] 135072K->33120K(494976K), 0.0189995 secs] [Times: user=0.01 sys=0.01, real=0.01 secs] 
2019-06-10T15:49:38.039+0000: 22.460: [Full GC (Metadata GC Threshold) 2019-06-10T15:49:38.039+0000: 22.460: [Tenured: 16096K->44524K(341376K), 0.0454684 secs] 74663K->44524K(494976K), [Metaspace: 34591K->34591K(1079296K)], 0.0455428 secs] [Times: user=0.03 sys=0.01, real=0.04 secs] 
2019-06-10T15:49:41.335+0000: 25.757: [GC (Allocation Failure) 2019-06-10T15:49:41.336+0000: 25.757: [DefNew: 136576K->227K(153600K), 0.0024901 secs] 181100K->44752K(494976K), 0.0025607 secs] [Times: user=0.01 sys=0.00, real=0.00 secs] 
2019-06-10T15:49:44.517+0000: 28.938: [GC (Allocation Failure) 2019-06-10T15:49:44.517+0000: 28.938: [DefNew: 136803K->242K(153600K), 0.0022064 secs] 181328K->44767K(494976K), 0.0022650 secs] [Times: user=0.01 sys=0.00, real=0.01 secs] 
2019-06-10T15:49:47.666+0000: 32.087: [GC (Allocation Failure) 2019-06-10T15:49:47.666+0000: 32.087: [DefNew: 136818K->274K(153600K), 0.0022292 secs] 181343K->44798K(494976K), 0.0022878 secs] [Times: user=0.00 sys=0.00, real=0.00 secs] 
2019-06-10T15:49:50.782+0000: 35.203: [GC (Allocation Failure) 2019-06-10T15:49:50.782+0000: 35.203: [DefNew: 136850K->309K(153600K), 0.0023682 secs] 181374K->44833K(494976K), 0.0024343 secs] [Times: user=0.00 sys=0.00, real=0.00 secs] 
2019-06-10T15:49:53.886+0000: 38.307: [GC (Allocation Failure) 2019-06-10T15:49:53.886+0000: 38.308: [DefNew: 136885K->315K(153600K), 0.0022873 secs] 181409K->44839K(494976K), 0.0023479 secs] [Times: user=0.00 sys=0.00, real=0.00 secs] 
2019-06-10T15:49:56.958+0000: 41.379: [GC (Allocation Failure) 2019-06-10T15:49:56.958+0000: 41.379: [DefNew: 136891K->343K(153600K), 0.0022954 secs] 181415K->44868K(494976K), 0.0023561 secs] [Times: user=0.00 sys=0.00, real=0.01 secs] 
15:50:08.057 [Curator-PathChildrenCache-0] ERROR o.a.c.f.r.c.PathChildrenCache  - 
java.lang.IllegalStateException: instance must be started before calling this method
	at org.apache.curator.shaded.com.google.common.base.Preconditions.checkState(Preconditions.java:444)
	at org.apache.curator.framework.imps.CuratorFrameworkImpl.getChildren(CuratorFrameworkImpl.java:456)
	at org.apache.curator.framework.recipes.cache.PathChildrenCache.refresh(PathChildrenCache.java:521)
	at org.apache.curator.framework.recipes.cache.RefreshOperation.invoke(RefreshOperation.java:35)
	at org.apache.curator.framework.recipes.cache.PathChildrenCache$9.run(PathChildrenCache.java:786)
	at java.util.concurrent.Executors$RunnableAdapter.call(Executors.java:511)
	at java.util.concurrent.FutureTask.run(FutureTask.java:266)
	at java.util.concurrent.Executors$RunnableAdapter.call(Executors.java:511)
	at java.util.concurrent.FutureTask.run(FutureTask.java:266)
	at java.util.concurrent.ThreadPoolExecutor.runWorker(ThreadPoolExecutor.java:1149)
	at java.util.concurrent.ThreadPoolExecutor$Worker.run(ThreadPoolExecutor.java:624)
	at java.lang.Thread.run(Thread.java:748)
2019-06-10T15:50:08.378+0000: 52.799: [GC (Allocation Failure) 2019-06-10T15:50:08.378+0000: 52.799: [DefNew: 136919K->1046K(153600K), 0.0039568 secs] 181444K->45570K(494976K), 0.0040161 secs] [Times: user=0.01 sys=0.00, real=0.01 secs] 
Heap
 def new generation   total 153600K, used 3748K [0x00000000e0c00000, 0x00000000eb2a0000, 0x00000000eb2a0000)
  eden space 136576K,   1% used [0x00000000e0c00000, 0x00000000e0ea38b8, 0x00000000e9160000)
  from space 17024K,   6% used [0x00000000e9160000, 0x00000000e9265960, 0x00000000ea200000)
  to   space 17024K,   0% used [0x00000000ea200000, 0x00000000ea200000, 0x00000000eb2a0000)
 tenured generation   total 341376K, used 44524K [0x00000000eb2a0000, 0x0000000100000000, 0x0000000100000000)
   the space 341376K,  13% used [0x00000000eb2a0000, 0x00000000ede1b290, 0x00000000ede1b400, 0x0000000100000000)
 Metaspace       used 35985K, capacity 36950K, committed 37120K, reserved 1081344K
  class space    used 4863K, capacity 5073K, committed 5120K, reserved 1048576K
