17:56:38,404 |-INFO in ch.qos.logback.classic.LoggerContext[default] - Could NOT find resource [logback-test.xml]
17:56:38,404 |-INFO in ch.qos.logback.classic.LoggerContext[default] - Could NOT find resource [logback.groovy]
17:56:38,404 |-INFO in ch.qos.logback.classic.LoggerContext[default] - Found resource [logback.xml] at [jar:file:/root/flamestream/lib/flamestream-runtime-1.0-SNAPSHOT.jar!/logback.xml]
17:56:38,409 |-WARN in ch.qos.logback.classic.LoggerContext[default] - Resource [logback.xml] occurs multiple times on the classpath.
17:56:38,409 |-WARN in ch.qos.logback.classic.LoggerContext[default] - Resource [logback.xml] occurs at [jar:file:/root/flamestream/lib/flamestream-runtime-1.0-SNAPSHOT.jar!/logback.xml]
17:56:38,409 |-WARN in ch.qos.logback.classic.LoggerContext[default] - Resource [logback.xml] occurs at [jar:file:/root/flamestream/flamestream-runtime-1.0-SNAPSHOT.jar!/logback.xml]
17:56:38,429 |-INFO in ch.qos.logback.core.joran.spi.ConfigurationWatchList@3fb6a447 - URL [jar:file:/root/flamestream/lib/flamestream-runtime-1.0-SNAPSHOT.jar!/logback.xml] is not of type file
17:56:38,504 |-INFO in ch.qos.logback.classic.joran.action.ConfigurationAction - debug attribute not set
17:56:38,505 |-INFO in ch.qos.logback.core.joran.action.AppenderAction - About to instantiate appender of type [ch.qos.logback.core.ConsoleAppender]
17:56:38,525 |-INFO in ch.qos.logback.core.joran.action.AppenderAction - Naming appender as [STDOUT]
17:56:38,543 |-INFO in ch.qos.logback.core.joran.action.NestedComplexPropertyIA - Assuming default type [ch.qos.logback.classic.encoder.PatternLayoutEncoder] for [encoder] property
17:56:38,642 |-INFO in ch.qos.logback.core.joran.action.AppenderAction - About to instantiate appender of type [ch.qos.logback.core.rolling.RollingFileAppender]
17:56:38,647 |-INFO in ch.qos.logback.core.joran.action.AppenderAction - Naming appender as [FILE]
17:56:38,679 |-INFO in c.q.l.core.rolling.TimeBasedRollingPolicy@127618319 - No compression will be used
17:56:38,680 |-INFO in c.q.l.core.rolling.TimeBasedRollingPolicy@127618319 - Will use the pattern /tmp/application_%d{yyyy-MM-dd}.%i.log for the active file
17:56:38,683 |-INFO in ch.qos.logback.core.rolling.SizeAndTimeBasedFNATP@6b2fad11 - The date pattern is 'yyyy-MM-dd' from file name pattern '/tmp/application_%d{yyyy-MM-dd}.%i.log'.
17:56:38,683 |-INFO in ch.qos.logback.core.rolling.SizeAndTimeBasedFNATP@6b2fad11 - Roll-over at midnight.
17:56:38,689 |-INFO in ch.qos.logback.core.rolling.SizeAndTimeBasedFNATP@6b2fad11 - Setting initial period to Mon Jun 10 17:55:17 UTC 2019
17:56:38,689 |-WARN in ch.qos.logback.core.rolling.SizeAndTimeBasedFNATP@6b2fad11 - SizeAndTimeBasedFNATP is deprecated. Use SizeAndTimeBasedRollingPolicy instead
17:56:38,689 |-WARN in ch.qos.logback.core.rolling.SizeAndTimeBasedFNATP@6b2fad11 - For more information see http://logback.qos.ch/manual/appenders.html#SizeAndTimeBasedRollingPolicy
17:56:38,693 |-INFO in ch.qos.logback.core.joran.action.NestedComplexPropertyIA - Assuming default type [ch.qos.logback.classic.encoder.PatternLayoutEncoder] for [encoder] property
17:56:38,698 |-INFO in ch.qos.logback.core.rolling.RollingFileAppender[FILE] - Active log file name: /tmp/application.log
17:56:38,698 |-INFO in ch.qos.logback.core.rolling.RollingFileAppender[FILE] - File property is set to [/tmp/application.log]
17:56:38,699 |-INFO in ch.qos.logback.classic.joran.action.RootLoggerAction - Setting level of ROOT logger to WARN
17:56:38,699 |-INFO in ch.qos.logback.core.joran.action.AppenderRefAction - Attaching appender named [STDOUT] to Logger[ROOT]
17:56:38,701 |-INFO in ch.qos.logback.core.joran.action.AppenderRefAction - Attaching appender named [FILE] to Logger[ROOT]
17:56:38,701 |-INFO in ch.qos.logback.classic.joran.action.ConfigurationAction - End of configuration.
17:56:38,701 |-INFO in ch.qos.logback.classic.joran.JoranConfigurator@79698539 - Registering current configuration as safe fallback point

Ama winner
Ama winner
2019-06-10T17:56:40.346+0000: 2.129: [Full GC (Metadata GC Threshold) 2019-06-10T17:56:40.346+0000: 2.129: [Tenured: 0K->15241K(341376K), 0.0388497 secs] 117783K->15241K(494976K), [Metaspace: 20745K->20745K(1067008K)], 0.0389179 secs] [Times: user=0.04 sys=0.00, real=0.04 secs] 
2019-06-10T17:56:59.442+0000: 21.225: [GC (Allocation Failure) 2019-06-10T17:56:59.442+0000: 21.225: [DefNew: 136576K->17023K(153600K), 0.0252344 secs] 151817K->52738K(494976K), 0.0253082 secs] [Times: user=0.02 sys=0.00, real=0.03 secs] 
2019-06-10T17:57:06.867+0000: 28.651: [GC (Allocation Failure) 2019-06-10T17:57:06.867+0000: 28.651: [DefNew: 153599K->302K(153600K), 0.0100446 secs] 189314K->44412K(494976K), 0.0101174 secs] [Times: user=0.01 sys=0.00, real=0.01 secs] 
2019-06-10T17:57:11.081+0000: 32.864: [Full GC (Metadata GC Threshold) 2019-06-10T17:57:11.081+0000: 32.864: [Tenured: 44109K->44398K(341376K), 0.0500603 secs] 128099K->44398K(494976K), [Metaspace: 34581K->34581K(1079296K)], 0.0501456 secs] [Times: user=0.05 sys=0.00, real=0.05 secs] 
2019-06-10T17:57:18.276+0000: 40.059: [GC (Allocation Failure) 2019-06-10T17:57:18.276+0000: 40.059: [DefNew: 136576K->84K(153600K), 0.0017980 secs] 180974K->44483K(494976K), 0.0018667 secs] [Times: user=0.00 sys=0.00, real=0.01 secs] 
2019-06-10T17:57:25.510+0000: 47.293: [GC (Allocation Failure) 2019-06-10T17:57:25.510+0000: 47.293: [DefNew: 136660K->114K(153600K), 0.0015549 secs] 181059K->44513K(494976K), 0.0016286 secs] [Times: user=0.00 sys=0.00, real=0.00 secs] 
2019-06-10T17:57:32.735+0000: 54.518: [GC (Allocation Failure) 2019-06-10T17:57:32.735+0000: 54.518: [DefNew: 136690K->113K(153600K), 0.0016505 secs] 181089K->44512K(494976K), 0.0017128 secs] [Times: user=0.01 sys=0.00, real=0.01 secs] 
2019-06-10T17:57:40.214+0000: 61.998: [GC (Allocation Failure) 2019-06-10T17:57:40.214+0000: 61.998: [DefNew: 136689K->298K(153600K), 0.0019445 secs] 181088K->44697K(494976K), 0.0020046 secs] [Times: user=0.00 sys=0.00, real=0.01 secs] 
17:57:53.622 [Curator-PathChildrenCache-0] ERROR o.a.c.f.r.c.PathChildrenCache  - 
java.lang.IllegalStateException: instance must be started before calling this method
	at org.apache.curator.shaded.com.google.common.base.Preconditions.checkState(Preconditions.java:444)
	at org.apache.curator.framework.imps.CuratorFrameworkImpl.getChildren(CuratorFrameworkImpl.java:456)
	at org.apache.curator.framework.recipes.cache.PathChildrenCache.refresh(PathChildrenCache.java:521)
	at org.apache.curator.framework.recipes.cache.RefreshOperation.invoke(RefreshOperation.java:35)
	at org.apache.curator.framework.recipes.cache.PathChildrenCache$9.run(PathChildrenCache.java:786)
	at java.util.concurrent.Executors$RunnableAdapter.call(Executors.java:511)
	at java.util.concurrent.FutureTask.run(FutureTask.java:266)
	at java.util.concurrent.Executors$RunnableAdapter.call(Executors.java:511)
	at java.util.concurrent.FutureTask.run(FutureTask.java:266)
	at java.util.concurrent.ThreadPoolExecutor.runWorker(ThreadPoolExecutor.java:1149)
	at java.util.concurrent.ThreadPoolExecutor$Worker.run(ThreadPoolExecutor.java:624)
	at java.lang.Thread.run(Thread.java:748)
Heap
 def new generation   total 153600K, used 63007K [0x00000000e0c00000, 0x00000000eb2a0000, 0x00000000eb2a0000)
  eden space 136576K,  45% used [0x00000000e0c00000, 0x00000000e493d0a0, 0x00000000e9160000)
  from space 17024K,   1% used [0x00000000e9160000, 0x00000000e91aabc8, 0x00000000ea200000)
  to   space 17024K,   0% used [0x00000000ea200000, 0x00000000ea200000, 0x00000000eb2a0000)
 tenured generation   total 341376K, used 44398K [0x00000000eb2a0000, 0x0000000100000000, 0x0000000100000000)
   the space 341376K,  13% used [0x00000000eb2a0000, 0x00000000eddfbb28, 0x00000000eddfbc00, 0x0000000100000000)
 Metaspace       used 36087K, capacity 36954K, committed 37120K, reserved 1081344K
  class space    used 4847K, capacity 5041K, committed 5120K, reserved 1048576K
