20:14:48,645 |-INFO in ch.qos.logback.classic.LoggerContext[default] - Could NOT find resource [logback-test.xml]
20:14:48,645 |-INFO in ch.qos.logback.classic.LoggerContext[default] - Could NOT find resource [logback.groovy]
20:14:48,645 |-INFO in ch.qos.logback.classic.LoggerContext[default] - Found resource [logback.xml] at [jar:file:/root/flamestream/lib/flamestream-runtime-1.0-SNAPSHOT.jar!/logback.xml]
20:14:48,646 |-WARN in ch.qos.logback.classic.LoggerContext[default] - Resource [logback.xml] occurs multiple times on the classpath.
20:14:48,646 |-WARN in ch.qos.logback.classic.LoggerContext[default] - Resource [logback.xml] occurs at [jar:file:/root/flamestream/lib/flamestream-runtime-1.0-SNAPSHOT.jar!/logback.xml]
20:14:48,646 |-WARN in ch.qos.logback.classic.LoggerContext[default] - Resource [logback.xml] occurs at [jar:file:/root/flamestream/flamestream-runtime-1.0-SNAPSHOT.jar!/logback.xml]
20:14:48,670 |-INFO in ch.qos.logback.core.joran.spi.ConfigurationWatchList@3fb6a447 - URL [jar:file:/root/flamestream/lib/flamestream-runtime-1.0-SNAPSHOT.jar!/logback.xml] is not of type file
20:14:48,743 |-INFO in ch.qos.logback.classic.joran.action.ConfigurationAction - debug attribute not set
20:14:48,744 |-INFO in ch.qos.logback.core.joran.action.AppenderAction - About to instantiate appender of type [ch.qos.logback.core.ConsoleAppender]
20:14:48,764 |-INFO in ch.qos.logback.core.joran.action.AppenderAction - Naming appender as [STDOUT]
20:14:48,782 |-INFO in ch.qos.logback.core.joran.action.NestedComplexPropertyIA - Assuming default type [ch.qos.logback.classic.encoder.PatternLayoutEncoder] for [encoder] property
20:14:48,862 |-INFO in ch.qos.logback.core.joran.action.AppenderAction - About to instantiate appender of type [ch.qos.logback.core.rolling.RollingFileAppender]
20:14:48,871 |-INFO in ch.qos.logback.core.joran.action.AppenderAction - Naming appender as [FILE]
20:14:48,903 |-INFO in c.q.l.core.rolling.TimeBasedRollingPolicy@127618319 - No compression will be used
20:14:48,904 |-INFO in c.q.l.core.rolling.TimeBasedRollingPolicy@127618319 - Will use the pattern /tmp/application_%d{yyyy-MM-dd}.%i.log for the active file
20:14:48,907 |-INFO in ch.qos.logback.core.rolling.SizeAndTimeBasedFNATP@6b2fad11 - The date pattern is 'yyyy-MM-dd' from file name pattern '/tmp/application_%d{yyyy-MM-dd}.%i.log'.
20:14:48,907 |-INFO in ch.qos.logback.core.rolling.SizeAndTimeBasedFNATP@6b2fad11 - Roll-over at midnight.
20:14:48,912 |-INFO in ch.qos.logback.core.rolling.SizeAndTimeBasedFNATP@6b2fad11 - Setting initial period to Mon Jun 10 20:13:24 UTC 2019
20:14:48,912 |-WARN in ch.qos.logback.core.rolling.SizeAndTimeBasedFNATP@6b2fad11 - SizeAndTimeBasedFNATP is deprecated. Use SizeAndTimeBasedRollingPolicy instead
20:14:48,912 |-WARN in ch.qos.logback.core.rolling.SizeAndTimeBasedFNATP@6b2fad11 - For more information see http://logback.qos.ch/manual/appenders.html#SizeAndTimeBasedRollingPolicy
20:14:48,916 |-INFO in ch.qos.logback.core.joran.action.NestedComplexPropertyIA - Assuming default type [ch.qos.logback.classic.encoder.PatternLayoutEncoder] for [encoder] property
20:14:48,921 |-INFO in ch.qos.logback.core.rolling.RollingFileAppender[FILE] - Active log file name: /tmp/application.log
20:14:48,921 |-INFO in ch.qos.logback.core.rolling.RollingFileAppender[FILE] - File property is set to [/tmp/application.log]
20:14:48,922 |-INFO in ch.qos.logback.classic.joran.action.RootLoggerAction - Setting level of ROOT logger to WARN
20:14:48,922 |-INFO in ch.qos.logback.core.joran.action.AppenderRefAction - Attaching appender named [STDOUT] to Logger[ROOT]
20:14:48,924 |-INFO in ch.qos.logback.core.joran.action.AppenderRefAction - Attaching appender named [FILE] to Logger[ROOT]
20:14:48,924 |-INFO in ch.qos.logback.classic.joran.action.ConfigurationAction - End of configuration.
20:14:48,925 |-INFO in ch.qos.logback.classic.joran.JoranConfigurator@79698539 - Registering current configuration as safe fallback point

Ama winner
Ama winner
2019-06-10T20:14:50.544+0000: 2.085: [Full GC (Metadata GC Threshold) 2019-06-10T20:14:50.544+0000: 2.085: [Tenured: 0K->15144K(341376K), 0.0365855 secs] 114891K->15144K(494976K), [Metaspace: 20733K->20733K(1067008K)], 0.0366555 secs] [Times: user=0.04 sys=0.00, real=0.04 secs] 
20:15:12.731 [Curator-PathChildrenCache-1] WARN  o.a.c.u.ZKPaths  - The version of ZooKeeper being used doesn't support Container nodes. CreateMode.PERSISTENT will be used instead.
2019-06-10T20:15:15.096+0000: 26.637: [GC (Allocation Failure) 2019-06-10T20:15:15.096+0000: 26.637: [DefNew: 136576K->17023K(153600K), 0.0253567 secs] 151720K->52864K(494976K), 0.0254265 secs] [Times: user=0.02 sys=0.01, real=0.02 secs] 
2019-06-10T20:15:17.398+0000: 28.940: [Full GC (Metadata GC Threshold) 2019-06-10T20:15:17.398+0000: 28.940: [Tenured: 35840K->44553K(341376K), 0.0451388 secs] 101197K->44553K(494976K), [Metaspace: 34606K->34606K(1079296K)], 0.0452157 secs] [Times: user=0.04 sys=0.00, real=0.04 secs] 
2019-06-10T20:15:23.476+0000: 35.017: [GC (Allocation Failure) 2019-06-10T20:15:23.476+0000: 35.017: [DefNew: 136576K->86K(153600K), 0.0018049 secs] 181129K->44639K(494976K), 0.0018773 secs] [Times: user=0.00 sys=0.00, real=0.00 secs] 
2019-06-10T20:15:29.583+0000: 41.125: [GC (Allocation Failure) 2019-06-10T20:15:29.583+0000: 41.125: [DefNew: 136662K->150K(153600K), 0.0016660 secs] 181215K->44704K(494976K), 0.0017268 secs] [Times: user=0.00 sys=0.00, real=0.00 secs] 
2019-06-10T20:15:35.628+0000: 47.169: [GC (Allocation Failure) 2019-06-10T20:15:35.628+0000: 47.169: [DefNew: 136726K->156K(153600K), 0.0017833 secs] 181280K->44709K(494976K), 0.0018437 secs] [Times: user=0.00 sys=0.00, real=0.00 secs] 
2019-06-10T20:15:41.786+0000: 53.327: [GC (Allocation Failure) 2019-06-10T20:15:41.786+0000: 53.327: [DefNew: 136732K->152K(153600K), 0.0017945 secs] 181285K->44705K(494976K), 0.0018628 secs] [Times: user=0.01 sys=0.00, real=0.01 secs] 
2019-06-10T20:15:47.933+0000: 59.475: [GC (Allocation Failure) 2019-06-10T20:15:47.933+0000: 59.475: [DefNew: 136728K->155K(153600K), 0.0017739 secs] 181281K->44708K(494976K), 0.0018360 secs] [Times: user=0.00 sys=0.00, real=0.01 secs] 
20:15:57.345 [Curator-PathChildrenCache-0] ERROR o.a.c.f.r.c.PathChildrenCache  - 
java.lang.IllegalStateException: instance must be started before calling this method
	at org.apache.curator.shaded.com.google.common.base.Preconditions.checkState(Preconditions.java:444)
	at org.apache.curator.framework.imps.CuratorFrameworkImpl.getChildren(CuratorFrameworkImpl.java:456)
	at org.apache.curator.framework.recipes.cache.PathChildrenCache.refresh(PathChildrenCache.java:521)
	at org.apache.curator.framework.recipes.cache.RefreshOperation.invoke(RefreshOperation.java:35)
	at org.apache.curator.framework.recipes.cache.PathChildrenCache$9.run(PathChildrenCache.java:786)
	at java.util.concurrent.Executors$RunnableAdapter.call(Executors.java:511)
	at java.util.concurrent.FutureTask.run(FutureTask.java:266)
	at java.util.concurrent.Executors$RunnableAdapter.call(Executors.java:511)
	at java.util.concurrent.FutureTask.run(FutureTask.java:266)
	at java.util.concurrent.ThreadPoolExecutor.runWorker(ThreadPoolExecutor.java:1149)
	at java.util.concurrent.ThreadPoolExecutor$Worker.run(ThreadPoolExecutor.java:624)
	at java.lang.Thread.run(Thread.java:748)
Heap
 def new generation   total 153600K, used 64260K [0x00000000e0c00000, 0x00000000eb2a0000, 0x00000000eb2a0000)
  eden space 136576K,  46% used [0x00000000e0c00000, 0x00000000e4a9a380, 0x00000000e9160000)
  from space 17024K,   0% used [0x00000000e9160000, 0x00000000e9186ec0, 0x00000000ea200000)
  to   space 17024K,   0% used [0x00000000ea200000, 0x00000000ea200000, 0x00000000eb2a0000)
 tenured generation   total 341376K, used 44553K [0x00000000eb2a0000, 0x0000000100000000, 0x0000000100000000)
   the space 341376K,  13% used [0x00000000eb2a0000, 0x00000000ede22458, 0x00000000ede22600, 0x0000000100000000)
 Metaspace       used 36176K, capacity 37062K, committed 37376K, reserved 1081344K
  class space    used 4870K, capacity 5075K, committed 5120K, reserved 1048576K
