17:05:51,550 |-INFO in ch.qos.logback.classic.LoggerContext[default] - Could NOT find resource [logback-test.xml]
17:05:51,550 |-INFO in ch.qos.logback.classic.LoggerContext[default] - Could NOT find resource [logback.groovy]
17:05:51,550 |-INFO in ch.qos.logback.classic.LoggerContext[default] - Found resource [logback.xml] at [jar:file:/root/flamestream/lib/flamestream-runtime-1.0-SNAPSHOT.jar!/logback.xml]
17:05:51,553 |-WARN in ch.qos.logback.classic.LoggerContext[default] - Resource [logback.xml] occurs multiple times on the classpath.
17:05:51,553 |-WARN in ch.qos.logback.classic.LoggerContext[default] - Resource [logback.xml] occurs at [jar:file:/root/flamestream/lib/flamestream-runtime-1.0-SNAPSHOT.jar!/logback.xml]
17:05:51,553 |-WARN in ch.qos.logback.classic.LoggerContext[default] - Resource [logback.xml] occurs at [jar:file:/root/flamestream/flamestream-runtime-1.0-SNAPSHOT.jar!/logback.xml]
17:05:51,573 |-INFO in ch.qos.logback.core.joran.spi.ConfigurationWatchList@3fb6a447 - URL [jar:file:/root/flamestream/lib/flamestream-runtime-1.0-SNAPSHOT.jar!/logback.xml] is not of type file
17:05:51,640 |-INFO in ch.qos.logback.classic.joran.action.ConfigurationAction - debug attribute not set
17:05:51,641 |-INFO in ch.qos.logback.core.joran.action.AppenderAction - About to instantiate appender of type [ch.qos.logback.core.ConsoleAppender]
17:05:51,657 |-INFO in ch.qos.logback.core.joran.action.AppenderAction - Naming appender as [STDOUT]
17:05:51,677 |-INFO in ch.qos.logback.core.joran.action.NestedComplexPropertyIA - Assuming default type [ch.qos.logback.classic.encoder.PatternLayoutEncoder] for [encoder] property
17:05:51,760 |-INFO in ch.qos.logback.core.joran.action.AppenderAction - About to instantiate appender of type [ch.qos.logback.core.rolling.RollingFileAppender]
17:05:51,765 |-INFO in ch.qos.logback.core.joran.action.AppenderAction - Naming appender as [FILE]
17:05:51,794 |-INFO in c.q.l.core.rolling.TimeBasedRollingPolicy@127618319 - No compression will be used
17:05:51,795 |-INFO in c.q.l.core.rolling.TimeBasedRollingPolicy@127618319 - Will use the pattern /tmp/application_%d{yyyy-MM-dd}.%i.log for the active file
17:05:51,798 |-INFO in ch.qos.logback.core.rolling.SizeAndTimeBasedFNATP@6b2fad11 - The date pattern is 'yyyy-MM-dd' from file name pattern '/tmp/application_%d{yyyy-MM-dd}.%i.log'.
17:05:51,798 |-INFO in ch.qos.logback.core.rolling.SizeAndTimeBasedFNATP@6b2fad11 - Roll-over at midnight.
17:05:51,803 |-INFO in ch.qos.logback.core.rolling.SizeAndTimeBasedFNATP@6b2fad11 - Setting initial period to Mon Jun 10 17:04:18 UTC 2019
17:05:51,803 |-WARN in ch.qos.logback.core.rolling.SizeAndTimeBasedFNATP@6b2fad11 - SizeAndTimeBasedFNATP is deprecated. Use SizeAndTimeBasedRollingPolicy instead
17:05:51,803 |-WARN in ch.qos.logback.core.rolling.SizeAndTimeBasedFNATP@6b2fad11 - For more information see http://logback.qos.ch/manual/appenders.html#SizeAndTimeBasedRollingPolicy
17:05:51,807 |-INFO in ch.qos.logback.core.joran.action.NestedComplexPropertyIA - Assuming default type [ch.qos.logback.classic.encoder.PatternLayoutEncoder] for [encoder] property
17:05:51,811 |-INFO in ch.qos.logback.core.rolling.RollingFileAppender[FILE] - Active log file name: /tmp/application.log
17:05:51,811 |-INFO in ch.qos.logback.core.rolling.RollingFileAppender[FILE] - File property is set to [/tmp/application.log]
17:05:51,812 |-INFO in ch.qos.logback.classic.joran.action.RootLoggerAction - Setting level of ROOT logger to WARN
17:05:51,812 |-INFO in ch.qos.logback.core.joran.action.AppenderRefAction - Attaching appender named [STDOUT] to Logger[ROOT]
17:05:51,814 |-INFO in ch.qos.logback.core.joran.action.AppenderRefAction - Attaching appender named [FILE] to Logger[ROOT]
17:05:51,814 |-INFO in ch.qos.logback.classic.joran.action.ConfigurationAction - End of configuration.
17:05:51,815 |-INFO in ch.qos.logback.classic.joran.JoranConfigurator@79698539 - Registering current configuration as safe fallback point

Ama winner
Ama winner
2019-06-10T17:05:53.106+0000: 1.733: [Full GC (Metadata GC Threshold) 2019-06-10T17:05:53.106+0000: 1.733: [Tenured: 0K->15240K(341376K), 0.0385863 secs] 117750K->15240K(494976K), [Metaspace: 20734K->20734K(1067008K)], 0.0386557 secs] [Times: user=0.02 sys=0.01, real=0.04 secs] 
17:06:10.544 [Curator-PathChildrenCache-1] WARN  o.a.c.u.ZKPaths  - The version of ZooKeeper being used doesn't support Container nodes. CreateMode.PERSISTENT will be used instead.
2019-06-10T17:06:12.906+0000: 21.533: [GC (Allocation Failure) 2019-06-10T17:06:12.906+0000: 21.533: [DefNew: 136576K->17023K(153600K), 0.0247856 secs] 151816K->52374K(494976K), 0.0248539 secs] [Times: user=0.02 sys=0.01, real=0.03 secs] 
2019-06-10T17:06:15.236+0000: 23.864: [Full GC (Metadata GC Threshold) 2019-06-10T17:06:15.236+0000: 23.864: [Tenured: 35350K->43989K(341376K), 0.0452560 secs] 100929K->43989K(494976K), [Metaspace: 34599K->34599K(1079296K)], 0.0453328 secs] [Times: user=0.05 sys=0.00, real=0.04 secs] 
2019-06-10T17:06:21.490+0000: 30.118: [GC (Allocation Failure) 2019-06-10T17:06:21.490+0000: 30.118: [DefNew: 136576K->97K(153600K), 0.0018622 secs] 180565K->44086K(494976K), 0.0019225 secs] [Times: user=0.01 sys=0.00, real=0.00 secs] 
2019-06-10T17:06:27.856+0000: 36.483: [GC (Allocation Failure) 2019-06-10T17:06:27.856+0000: 36.483: [DefNew: 136673K->135K(153600K), 0.0018330 secs] 180662K->44124K(494976K), 0.0018982 secs] [Times: user=0.00 sys=0.00, real=0.00 secs] 
2019-06-10T17:06:34.255+0000: 42.883: [GC (Allocation Failure) 2019-06-10T17:06:34.255+0000: 42.883: [DefNew: 136711K->164K(153600K), 0.0017013 secs] 180700K->44153K(494976K), 0.0017687 secs] [Times: user=0.00 sys=0.00, real=0.00 secs] 
2019-06-10T17:06:40.676+0000: 49.304: [GC (Allocation Failure) 2019-06-10T17:06:40.677+0000: 49.304: [DefNew: 136740K->165K(153600K), 0.0017526 secs] 180729K->44154K(494976K), 0.0018215 secs] [Times: user=0.00 sys=0.00, real=0.00 secs] 
2019-06-10T17:06:51.752+0000: 60.379: [GC (Allocation Failure) 2019-06-10T17:06:51.752+0000: 60.379: [DefNew: 136741K->363K(153600K), 0.0021177 secs] 180730K->44353K(494976K), 0.0021787 secs] [Times: user=0.00 sys=0.00, real=0.00 secs] 
17:06:55.306 [Curator-PathChildrenCache-0] ERROR o.a.c.f.r.c.PathChildrenCache  - 
java.lang.IllegalStateException: instance must be started before calling this method
	at org.apache.curator.shaded.com.google.common.base.Preconditions.checkState(Preconditions.java:444)
	at org.apache.curator.framework.imps.CuratorFrameworkImpl.getChildren(CuratorFrameworkImpl.java:456)
	at org.apache.curator.framework.recipes.cache.PathChildrenCache.refresh(PathChildrenCache.java:521)
	at org.apache.curator.framework.recipes.cache.RefreshOperation.invoke(RefreshOperation.java:35)
	at org.apache.curator.framework.recipes.cache.PathChildrenCache$9.run(PathChildrenCache.java:786)
	at java.util.concurrent.Executors$RunnableAdapter.call(Executors.java:511)
	at java.util.concurrent.FutureTask.run(FutureTask.java:266)
	at java.util.concurrent.Executors$RunnableAdapter.call(Executors.java:511)
	at java.util.concurrent.FutureTask.run(FutureTask.java:266)
	at java.util.concurrent.ThreadPoolExecutor.runWorker(ThreadPoolExecutor.java:1149)
	at java.util.concurrent.ThreadPoolExecutor$Worker.run(ThreadPoolExecutor.java:624)
	at java.lang.Thread.run(Thread.java:748)
Heap
 def new generation   total 153600K, used 29571K [0x00000000e0c00000, 0x00000000eb2a0000, 0x00000000eb2a0000)
  eden space 136576K,  21% used [0x00000000e0c00000, 0x00000000e2885f70, 0x00000000e9160000)
  from space 17024K,   2% used [0x00000000e9160000, 0x00000000e91bafe8, 0x00000000ea200000)
  to   space 17024K,   0% used [0x00000000ea200000, 0x00000000ea200000, 0x00000000eb2a0000)
 tenured generation   total 341376K, used 43989K [0x00000000eb2a0000, 0x0000000100000000, 0x0000000100000000)
   the space 341376K,  12% used [0x00000000eb2a0000, 0x00000000edd95448, 0x00000000edd95600, 0x0000000100000000)
 Metaspace       used 36040K, capacity 36922K, committed 37120K, reserved 1081344K
  class space    used 4870K, capacity 5073K, committed 5120K, reserved 1048576K
