01:25:18,488 |-INFO in ch.qos.logback.classic.LoggerContext[default] - Could NOT find resource [logback-test.xml]
01:25:18,489 |-INFO in ch.qos.logback.classic.LoggerContext[default] - Could NOT find resource [logback.groovy]
01:25:18,489 |-INFO in ch.qos.logback.classic.LoggerContext[default] - Found resource [logback.xml] at [jar:file:/home/nikitasokolov/flamestream/lib/flamestream-runtime-1.0-SNAPSHOT.jar!/logback.xml]
01:25:18,489 |-WARN in ch.qos.logback.classic.LoggerContext[default] - Resource [logback.xml] occurs multiple times on the classpath.
01:25:18,490 |-WARN in ch.qos.logback.classic.LoggerContext[default] - Resource [logback.xml] occurs at [jar:file:/home/nikitasokolov/flamestream/lib/flamestream-runtime-1.0-SNAPSHOT.jar!/logback.xml]
01:25:18,490 |-WARN in ch.qos.logback.classic.LoggerContext[default] - Resource [logback.xml] occurs at [jar:file:/home/nikitasokolov/flamestream/flamestream-runtime-1.0-SNAPSHOT.jar!/logback.xml]
01:25:18,505 |-INFO in ch.qos.logback.core.joran.spi.ConfigurationWatchList@2f7a2457 - URL [jar:file:/home/nikitasokolov/flamestream/lib/flamestream-runtime-1.0-SNAPSHOT.jar!/logback.xml] is not of type file
01:25:18,573 |-INFO in ch.qos.logback.classic.joran.action.ConfigurationAction - debug attribute not set
01:25:18,574 |-INFO in ch.qos.logback.core.joran.action.AppenderAction - About to instantiate appender of type [ch.qos.logback.core.ConsoleAppender]
01:25:18,582 |-INFO in ch.qos.logback.core.joran.action.AppenderAction - Naming appender as [STDOUT]
01:25:18,591 |-INFO in ch.qos.logback.core.joran.action.NestedComplexPropertyIA - Assuming default type [ch.qos.logback.classic.encoder.PatternLayoutEncoder] for [encoder] property
01:25:18,651 |-INFO in ch.qos.logback.core.joran.action.AppenderAction - About to instantiate appender of type [ch.qos.logback.core.rolling.RollingFileAppender]
01:25:18,657 |-INFO in ch.qos.logback.core.joran.action.AppenderAction - Naming appender as [FILE]
01:25:18,679 |-INFO in c.q.l.core.rolling.TimeBasedRollingPolicy@1449621165 - No compression will be used
01:25:18,681 |-INFO in c.q.l.core.rolling.TimeBasedRollingPolicy@1449621165 - Will use the pattern /tmp/application_%d{yyyy-MM-dd}.%i.log for the active file
01:25:18,683 |-INFO in ch.qos.logback.core.rolling.SizeAndTimeBasedFNATP@6108b2d7 - The date pattern is 'yyyy-MM-dd' from file name pattern '/tmp/application_%d{yyyy-MM-dd}.%i.log'.
01:25:18,683 |-INFO in ch.qos.logback.core.rolling.SizeAndTimeBasedFNATP@6108b2d7 - Roll-over at midnight.
01:25:18,688 |-INFO in ch.qos.logback.core.rolling.SizeAndTimeBasedFNATP@6108b2d7 - Setting initial period to Sat Jun 08 01:24:29 MSK 2019
01:25:18,688 |-WARN in ch.qos.logback.core.rolling.SizeAndTimeBasedFNATP@6108b2d7 - SizeAndTimeBasedFNATP is deprecated. Use SizeAndTimeBasedRollingPolicy instead
01:25:18,688 |-WARN in ch.qos.logback.core.rolling.SizeAndTimeBasedFNATP@6108b2d7 - For more information see http://logback.qos.ch/manual/appenders.html#SizeAndTimeBasedRollingPolicy
01:25:18,692 |-INFO in ch.qos.logback.core.joran.action.NestedComplexPropertyIA - Assuming default type [ch.qos.logback.classic.encoder.PatternLayoutEncoder] for [encoder] property
01:25:18,695 |-INFO in ch.qos.logback.core.rolling.RollingFileAppender[FILE] - Active log file name: /tmp/application.log
01:25:18,695 |-INFO in ch.qos.logback.core.rolling.RollingFileAppender[FILE] - File property is set to [/tmp/application.log]
01:25:18,696 |-INFO in ch.qos.logback.classic.joran.action.RootLoggerAction - Setting level of ROOT logger to WARN
01:25:18,696 |-INFO in ch.qos.logback.core.joran.action.AppenderRefAction - Attaching appender named [STDOUT] to Logger[ROOT]
01:25:18,696 |-INFO in ch.qos.logback.core.joran.action.AppenderRefAction - Attaching appender named [FILE] to Logger[ROOT]
01:25:18,696 |-INFO in ch.qos.logback.classic.joran.action.ConfigurationAction - End of configuration.
01:25:18,697 |-INFO in ch.qos.logback.classic.joran.JoranConfigurator@1554909b - Registering current configuration as safe fallback point

2019-06-08T01:25:19.689+0300: 1.405: [GC (Metadata GC Threshold) [PSYoungGen: 110652K->15892K(149504K)] 110652K->15972K(491008K), 0.0271219 secs] [Times: user=0.09 sys=0.00, real=0.03 secs] 
2019-06-08T01:25:19.717+0300: 1.432: [Full GC (Metadata GC Threshold) [PSYoungGen: 15892K->0K(149504K)] [ParOldGen: 80K->15081K(341504K)] 15972K->15081K(491008K), [Metaspace: 20809K->20809K(1067008K)], 0.0280723 secs] [Times: user=0.13 sys=0.06, real=0.03 secs] 
01:25:27.902 [Curator-PathChildrenCache-2] WARN  o.a.c.u.ZKPaths  - The version of ZooKeeper being used doesn't support Container nodes. CreateMode.PERSISTENT will be used instead.
2019-06-08T01:25:28.805+0300: 10.521: [GC (Metadata GC Threshold) [PSYoungGen: 121316K->20971K(149504K)] 136397K->50592K(491008K), 0.0244528 secs] [Times: user=0.27 sys=0.03, real=0.03 secs] 
2019-06-08T01:25:28.830+0300: 10.546: [Full GC (Metadata GC Threshold) [PSYoungGen: 20971K->0K(149504K)] [ParOldGen: 29620K->39517K(341504K)] 50592K->39517K(491008K), [Metaspace: 34454K->34454K(1079296K)], 0.0350384 secs] [Times: user=0.16 sys=0.01, real=0.03 secs] 
2019-06-08T01:25:30.856+0300: 12.572: [GC (Allocation Failure) [PSYoungGen: 128512K->608K(149504K)] 168029K->40133K(491008K), 0.0025688 secs] [Times: user=0.01 sys=0.00, real=0.01 secs] 
2019-06-08T01:25:33.346+0300: 15.062: [GC (Allocation Failure) [PSYoungGen: 129120K->640K(149504K)] 168645K->40173K(491008K), 0.0030832 secs] [Times: user=0.01 sys=0.01, real=0.00 secs] 
2019-06-08T01:25:35.843+0300: 17.559: [GC (Allocation Failure) [PSYoungGen: 129152K->672K(129536K)] 168685K->40213K(471040K), 0.0033003 secs] [Times: user=0.01 sys=0.00, real=0.00 secs] 
2019-06-08T01:25:38.168+0300: 19.884: [GC (Allocation Failure) [PSYoungGen: 129184K->576K(132096K)] 168725K->40125K(473600K), 0.0032205 secs] [Times: user=0.02 sys=0.00, real=0.01 secs] 
2019-06-08T01:25:39.878+0300: 21.594: [GC (Allocation Failure) [PSYoungGen: 92224K->672K(130048K)] 131773K->40229K(471552K), 0.0028037 secs] [Times: user=0.01 sys=0.00, real=0.00 secs] 
2019-06-08T01:25:41.859+0300: 23.575: [GC (Allocation Failure) [PSYoungGen: 92320K->608K(136192K)] 131877K->40173K(477696K), 0.0037437 secs] [Times: user=0.01 sys=0.00, real=0.00 secs] 
2019-06-08T01:25:48.322+0300: 30.038: [GC (Allocation Failure) [PSYoungGen: 100960K->1105K(134656K)] 140525K->40678K(476160K), 0.0041433 secs] [Times: user=0.03 sys=0.01, real=0.00 secs] 
01:25:48.332 [Curator-PathChildrenCache-0] ERROR o.a.c.f.r.c.PathChildrenCache  - 
java.lang.IllegalStateException: instance must be started before calling this method
	at org.apache.curator.shaded.com.google.common.base.Preconditions.checkState(Preconditions.java:444)
	at org.apache.curator.framework.imps.CuratorFrameworkImpl.getChildren(CuratorFrameworkImpl.java:456)
	at org.apache.curator.framework.recipes.cache.PathChildrenCache.refresh(PathChildrenCache.java:521)
	at org.apache.curator.framework.recipes.cache.RefreshOperation.invoke(RefreshOperation.java:35)
	at org.apache.curator.framework.recipes.cache.PathChildrenCache$9.run(PathChildrenCache.java:786)
	at java.util.concurrent.Executors$RunnableAdapter.call(Executors.java:511)
	at java.util.concurrent.FutureTask.run(FutureTask.java:266)
	at java.util.concurrent.Executors$RunnableAdapter.call(Executors.java:511)
	at java.util.concurrent.FutureTask.run(FutureTask.java:266)
	at java.util.concurrent.ThreadPoolExecutor.runWorker(ThreadPoolExecutor.java:1149)
	at java.util.concurrent.ThreadPoolExecutor$Worker.run(ThreadPoolExecutor.java:624)
	at java.lang.Thread.run(Thread.java:748)
Heap
 PSYoungGen      total 134656K, used 8023K [0x00000000f5980000, 0x0000000100000000, 0x0000000100000000)
  eden space 100352K, 6% used [0x00000000f5980000,0x00000000f6041898,0x00000000fbb80000)
  from space 34304K, 3% used [0x00000000fbb80000,0x00000000fbc94540,0x00000000fdd00000)
  to   space 32256K, 0% used [0x00000000fe080000,0x00000000fe080000,0x0000000100000000)
 ParOldGen       total 341504K, used 39573K [0x00000000e0c00000, 0x00000000f5980000, 0x00000000f5980000)
  object space 341504K, 11% used [0x00000000e0c00000,0x00000000e32a5518,0x00000000f5980000)
 Metaspace       used 36053K, capacity 37092K, committed 37208K, reserved 1081344K
  class space    used 4981K, capacity 5196K, committed 5248K, reserved 1048576K
