06:40:58,234 |-INFO in ch.qos.logback.classic.LoggerContext[default] - Could NOT find resource [logback-test.xml]
06:40:58,235 |-INFO in ch.qos.logback.classic.LoggerContext[default] - Could NOT find resource [logback.groovy]
06:40:58,235 |-INFO in ch.qos.logback.classic.LoggerContext[default] - Found resource [logback.xml] at [jar:file:/home/nikitasokolov/flamestream/lib/flamestream-runtime-1.0-SNAPSHOT.jar!/logback.xml]
06:40:58,235 |-WARN in ch.qos.logback.classic.LoggerContext[default] - Resource [logback.xml] occurs multiple times on the classpath.
06:40:58,236 |-WARN in ch.qos.logback.classic.LoggerContext[default] - Resource [logback.xml] occurs at [jar:file:/home/nikitasokolov/flamestream/lib/flamestream-runtime-1.0-SNAPSHOT.jar!/logback.xml]
06:40:58,236 |-WARN in ch.qos.logback.classic.LoggerContext[default] - Resource [logback.xml] occurs at [jar:file:/home/nikitasokolov/flamestream/flamestream-runtime-1.0-SNAPSHOT.jar!/logback.xml]
06:40:58,251 |-INFO in ch.qos.logback.core.joran.spi.ConfigurationWatchList@6108b2d7 - URL [jar:file:/home/nikitasokolov/flamestream/lib/flamestream-runtime-1.0-SNAPSHOT.jar!/logback.xml] is not of type file
06:40:58,305 |-INFO in ch.qos.logback.classic.joran.action.ConfigurationAction - debug attribute not set
06:40:58,306 |-INFO in ch.qos.logback.core.joran.action.AppenderAction - About to instantiate appender of type [ch.qos.logback.core.ConsoleAppender]
06:40:58,317 |-INFO in ch.qos.logback.core.joran.action.AppenderAction - Naming appender as [STDOUT]
06:40:58,326 |-INFO in ch.qos.logback.core.joran.action.NestedComplexPropertyIA - Assuming default type [ch.qos.logback.classic.encoder.PatternLayoutEncoder] for [encoder] property
06:40:58,380 |-INFO in ch.qos.logback.core.joran.action.AppenderAction - About to instantiate appender of type [ch.qos.logback.core.rolling.RollingFileAppender]
06:40:58,384 |-INFO in ch.qos.logback.core.joran.action.AppenderAction - Naming appender as [FILE]
06:40:58,406 |-INFO in c.q.l.core.rolling.TimeBasedRollingPolicy@357863579 - No compression will be used
06:40:58,407 |-INFO in c.q.l.core.rolling.TimeBasedRollingPolicy@357863579 - Will use the pattern /tmp/application_%d{yyyy-MM-dd}.%i.log for the active file
06:40:58,410 |-INFO in ch.qos.logback.core.rolling.SizeAndTimeBasedFNATP@6bf256fa - The date pattern is 'yyyy-MM-dd' from file name pattern '/tmp/application_%d{yyyy-MM-dd}.%i.log'.
06:40:58,410 |-INFO in ch.qos.logback.core.rolling.SizeAndTimeBasedFNATP@6bf256fa - Roll-over at midnight.
06:40:58,414 |-INFO in ch.qos.logback.core.rolling.SizeAndTimeBasedFNATP@6bf256fa - Setting initial period to Sun Jun 09 06:40:18 MSK 2019
06:40:58,414 |-WARN in ch.qos.logback.core.rolling.SizeAndTimeBasedFNATP@6bf256fa - SizeAndTimeBasedFNATP is deprecated. Use SizeAndTimeBasedRollingPolicy instead
06:40:58,414 |-WARN in ch.qos.logback.core.rolling.SizeAndTimeBasedFNATP@6bf256fa - For more information see http://logback.qos.ch/manual/appenders.html#SizeAndTimeBasedRollingPolicy
06:40:58,419 |-INFO in ch.qos.logback.core.joran.action.NestedComplexPropertyIA - Assuming default type [ch.qos.logback.classic.encoder.PatternLayoutEncoder] for [encoder] property
06:40:58,421 |-INFO in ch.qos.logback.core.rolling.RollingFileAppender[FILE] - Active log file name: /tmp/application.log
06:40:58,421 |-INFO in ch.qos.logback.core.rolling.RollingFileAppender[FILE] - File property is set to [/tmp/application.log]
06:40:58,422 |-INFO in ch.qos.logback.classic.joran.action.RootLoggerAction - Setting level of ROOT logger to WARN
06:40:58,422 |-INFO in ch.qos.logback.core.joran.action.AppenderRefAction - Attaching appender named [STDOUT] to Logger[ROOT]
06:40:58,423 |-INFO in ch.qos.logback.core.joran.action.AppenderRefAction - Attaching appender named [FILE] to Logger[ROOT]
06:40:58,423 |-INFO in ch.qos.logback.classic.joran.action.ConfigurationAction - End of configuration.
06:40:58,424 |-INFO in ch.qos.logback.classic.joran.JoranConfigurator@6cd8737 - Registering current configuration as safe fallback point

2019-06-09T06:40:59.410+0300: 1.388: [GC (Metadata GC Threshold) [PSYoungGen: 108152K->15793K(149504K)] 108152K->15873K(491008K), 0.0194021 secs] [Times: user=0.07 sys=0.03, real=0.02 secs] 
2019-06-09T06:40:59.430+0300: 1.408: [Full GC (Metadata GC Threshold) [PSYoungGen: 15793K->0K(149504K)] [ParOldGen: 80K->14981K(341504K)] 15873K->14981K(491008K), [Metaspace: 20800K->20800K(1067008K)], 0.0268666 secs] [Times: user=0.17 sys=0.01, real=0.02 secs] 
06:41:08.126 [Curator-PathChildrenCache-2] WARN  o.a.c.u.ZKPaths  - The version of ZooKeeper being used doesn't support Container nodes. CreateMode.PERSISTENT will be used instead.
2019-06-09T06:41:08.893+0300: 10.870: [GC (Metadata GC Threshold) [PSYoungGen: 126240K->16697K(149504K)] 141222K->51218K(491008K), 0.0284200 secs] [Times: user=0.23 sys=0.03, real=0.03 secs] 
2019-06-09T06:41:08.921+0300: 10.899: [Full GC (Metadata GC Threshold) [PSYoungGen: 16697K->0K(149504K)] [ParOldGen: 34521K->39798K(341504K)] 51218K->39798K(491008K), [Metaspace: 34488K->34485K(1079296K)], 0.0337438 secs] [Times: user=0.16 sys=0.02, real=0.03 secs] 
2019-06-09T06:41:12.568+0300: 14.546: [GC (Allocation Failure) [PSYoungGen: 128512K->608K(149504K)] 168310K->40414K(491008K), 0.0038205 secs] [Times: user=0.02 sys=0.00, real=0.01 secs] 
2019-06-09T06:41:16.758+0300: 18.736: [GC (Allocation Failure) [PSYoungGen: 129120K->608K(149504K)] 168926K->40422K(491008K), 0.0045020 secs] [Times: user=0.02 sys=0.00, real=0.00 secs] 
2019-06-09T06:41:21.023+0300: 23.000: [GC (Allocation Failure) [PSYoungGen: 129120K->640K(129536K)] 168934K->40454K(471040K), 0.0038272 secs] [Times: user=0.02 sys=0.00, real=0.00 secs] 
2019-06-09T06:41:25.218+0300: 27.195: [GC (Allocation Failure) [PSYoungGen: 129152K->704K(149504K)] 168966K->40526K(491008K), 0.0030026 secs] [Times: user=0.01 sys=0.00, real=0.00 secs] 
2019-06-09T06:41:29.431+0300: 31.409: [GC (Allocation Failure) [PSYoungGen: 128192K->512K(148480K)] 168014K->40342K(489984K), 0.0040224 secs] [Times: user=0.03 sys=0.00, real=0.00 secs] 
2019-06-09T06:41:33.694+0300: 35.672: [GC (Allocation Failure) [PSYoungGen: 128000K->576K(151040K)] 167830K->40406K(492544K), 0.0054361 secs] [Times: user=0.03 sys=0.00, real=0.01 secs] 
2019-06-09T06:41:38.077+0300: 40.055: [GC (Allocation Failure) [PSYoungGen: 131136K->640K(150016K)] 170966K->40478K(491520K), 0.0036511 secs] [Times: user=0.02 sys=0.00, real=0.01 secs] 
2019-06-09T06:41:42.463+0300: 44.441: [GC (Allocation Failure) [PSYoungGen: 131200K->608K(152576K)] 171038K->40454K(494080K), 0.0036328 secs] [Times: user=0.01 sys=0.01, real=0.00 secs] 
2019-06-09T06:41:46.979+0300: 48.957: [GC (Allocation Failure) [PSYoungGen: 134752K->608K(152064K)] 174598K->40462K(493568K), 0.0029644 secs] [Times: user=0.01 sys=0.00, real=0.00 secs] 
2019-06-09T06:41:51.428+0300: 53.406: [GC (Allocation Failure) [PSYoungGen: 134752K->608K(154624K)] 174606K->40462K(496128K), 0.0027529 secs] [Times: user=0.02 sys=0.00, real=0.01 secs] 
2019-06-09T06:41:56.005+0300: 57.983: [GC (Allocation Failure) [PSYoungGen: 138336K->640K(153600K)] 178190K->40502K(495104K), 0.0053031 secs] [Times: user=0.03 sys=0.01, real=0.01 secs] 
2019-06-09T06:42:00.808+0300: 62.786: [GC (Allocation Failure) [PSYoungGen: 138368K->1056K(156160K)] 178230K->40926K(497664K), 0.0032971 secs] [Times: user=0.01 sys=0.00, real=0.01 secs] 
2019-06-09T06:42:06.844+0300: 68.822: [GC (Allocation Failure) [PSYoungGen: 141856K->768K(155136K)] 181726K->40646K(496640K), 0.0035881 secs] [Times: user=0.01 sys=0.01, real=0.00 secs] 
06:42:16.720 [Curator-PathChildrenCache-0] ERROR o.a.c.f.r.c.PathChildrenCache  - 
java.lang.IllegalStateException: instance must be started before calling this method
	at org.apache.curator.shaded.com.google.common.base.Preconditions.checkState(Preconditions.java:444)
	at org.apache.curator.framework.imps.CuratorFrameworkImpl.getChildren(CuratorFrameworkImpl.java:456)
	at org.apache.curator.framework.recipes.cache.PathChildrenCache.refresh(PathChildrenCache.java:521)
	at org.apache.curator.framework.recipes.cache.RefreshOperation.invoke(RefreshOperation.java:35)
	at org.apache.curator.framework.recipes.cache.PathChildrenCache$9.run(PathChildrenCache.java:786)
	at java.util.concurrent.Executors$RunnableAdapter.call(Executors.java:511)
	at java.util.concurrent.FutureTask.run(FutureTask.java:266)
	at java.util.concurrent.Executors$RunnableAdapter.call(Executors.java:511)
	at java.util.concurrent.FutureTask.run(FutureTask.java:266)
	at java.util.concurrent.ThreadPoolExecutor.runWorker(ThreadPoolExecutor.java:1149)
	at java.util.concurrent.ThreadPoolExecutor$Worker.run(ThreadPoolExecutor.java:624)
	at java.lang.Thread.run(Thread.java:748)
Heap
 PSYoungGen      total 155136K, used 69038K [0x00000000f5980000, 0x0000000100000000, 0x0000000100000000)
  eden space 140800K, 48% used [0x00000000f5980000,0x00000000f9c2bad0,0x00000000fe300000)
  from space 14336K, 5% used [0x00000000fe300000,0x00000000fe3c0060,0x00000000ff100000)
  to   space 13824K, 0% used [0x00000000ff280000,0x00000000ff280000,0x0000000100000000)
 ParOldGen       total 341504K, used 39878K [0x00000000e0c00000, 0x00000000f5980000, 0x00000000f5980000)
  object space 341504K, 11% used [0x00000000e0c00000,0x00000000e32f1878,0x00000000f5980000)
 Metaspace       used 36410K, capacity 37394K, committed 37464K, reserved 1081344K
  class space    used 5016K, capacity 5219K, committed 5248K, reserved 1048576K
