16:23:14,629 |-INFO in ch.qos.logback.classic.LoggerContext[default] - Could NOT find resource [logback-test.xml]
16:23:14,629 |-INFO in ch.qos.logback.classic.LoggerContext[default] - Could NOT find resource [logback.groovy]
16:23:14,629 |-INFO in ch.qos.logback.classic.LoggerContext[default] - Found resource [logback.xml] at [jar:file:/root/flamestream/lib/flamestream-runtime-1.0-SNAPSHOT.jar!/logback.xml]
16:23:14,630 |-WARN in ch.qos.logback.classic.LoggerContext[default] - Resource [logback.xml] occurs multiple times on the classpath.
16:23:14,630 |-WARN in ch.qos.logback.classic.LoggerContext[default] - Resource [logback.xml] occurs at [jar:file:/root/flamestream/lib/flamestream-runtime-1.0-SNAPSHOT.jar!/logback.xml]
16:23:14,630 |-WARN in ch.qos.logback.classic.LoggerContext[default] - Resource [logback.xml] occurs at [jar:file:/root/flamestream/flamestream-runtime-1.0-SNAPSHOT.jar!/logback.xml]
16:23:14,649 |-INFO in ch.qos.logback.core.joran.spi.ConfigurationWatchList@3fb6a447 - URL [jar:file:/root/flamestream/lib/flamestream-runtime-1.0-SNAPSHOT.jar!/logback.xml] is not of type file
16:23:14,722 |-INFO in ch.qos.logback.classic.joran.action.ConfigurationAction - debug attribute not set
16:23:14,723 |-INFO in ch.qos.logback.core.joran.action.AppenderAction - About to instantiate appender of type [ch.qos.logback.core.ConsoleAppender]
16:23:14,737 |-INFO in ch.qos.logback.core.joran.action.AppenderAction - Naming appender as [STDOUT]
16:23:14,752 |-INFO in ch.qos.logback.core.joran.action.NestedComplexPropertyIA - Assuming default type [ch.qos.logback.classic.encoder.PatternLayoutEncoder] for [encoder] property
16:23:14,838 |-INFO in ch.qos.logback.core.joran.action.AppenderAction - About to instantiate appender of type [ch.qos.logback.core.rolling.RollingFileAppender]
16:23:14,843 |-INFO in ch.qos.logback.core.joran.action.AppenderAction - Naming appender as [FILE]
16:23:14,874 |-INFO in c.q.l.core.rolling.TimeBasedRollingPolicy@127618319 - No compression will be used
16:23:14,875 |-INFO in c.q.l.core.rolling.TimeBasedRollingPolicy@127618319 - Will use the pattern /tmp/application_%d{yyyy-MM-dd}.%i.log for the active file
16:23:14,878 |-INFO in ch.qos.logback.core.rolling.SizeAndTimeBasedFNATP@6b2fad11 - The date pattern is 'yyyy-MM-dd' from file name pattern '/tmp/application_%d{yyyy-MM-dd}.%i.log'.
16:23:14,878 |-INFO in ch.qos.logback.core.rolling.SizeAndTimeBasedFNATP@6b2fad11 - Roll-over at midnight.
16:23:14,883 |-INFO in ch.qos.logback.core.rolling.SizeAndTimeBasedFNATP@6b2fad11 - Setting initial period to Mon Jun 10 16:21:58 UTC 2019
16:23:14,883 |-WARN in ch.qos.logback.core.rolling.SizeAndTimeBasedFNATP@6b2fad11 - SizeAndTimeBasedFNATP is deprecated. Use SizeAndTimeBasedRollingPolicy instead
16:23:14,883 |-WARN in ch.qos.logback.core.rolling.SizeAndTimeBasedFNATP@6b2fad11 - For more information see http://logback.qos.ch/manual/appenders.html#SizeAndTimeBasedRollingPolicy
16:23:14,887 |-INFO in ch.qos.logback.core.joran.action.NestedComplexPropertyIA - Assuming default type [ch.qos.logback.classic.encoder.PatternLayoutEncoder] for [encoder] property
16:23:14,892 |-INFO in ch.qos.logback.core.rolling.RollingFileAppender[FILE] - Active log file name: /tmp/application.log
16:23:14,892 |-INFO in ch.qos.logback.core.rolling.RollingFileAppender[FILE] - File property is set to [/tmp/application.log]
16:23:14,893 |-INFO in ch.qos.logback.classic.joran.action.RootLoggerAction - Setting level of ROOT logger to WARN
16:23:14,893 |-INFO in ch.qos.logback.core.joran.action.AppenderRefAction - Attaching appender named [STDOUT] to Logger[ROOT]
16:23:14,895 |-INFO in ch.qos.logback.core.joran.action.AppenderRefAction - Attaching appender named [FILE] to Logger[ROOT]
16:23:14,895 |-INFO in ch.qos.logback.classic.joran.action.ConfigurationAction - End of configuration.
16:23:14,895 |-INFO in ch.qos.logback.classic.joran.JoranConfigurator@79698539 - Registering current configuration as safe fallback point

Ama winner
Ama winner
2019-06-10T16:23:16.504+0000: 2.062: [Full GC (Metadata GC Threshold) 2019-06-10T16:23:16.504+0000: 2.062: [Tenured: 0K->15240K(341376K), 0.0398469 secs] 117783K->15240K(494976K), [Metaspace: 20732K->20732K(1067008K)], 0.0399140 secs] [Times: user=0.04 sys=0.00, real=0.04 secs] 
16:23:32.063 [Curator-PathChildrenCache-1] WARN  o.a.c.u.ZKPaths  - The version of ZooKeeper being used doesn't support Container nodes. CreateMode.PERSISTENT will be used instead.
2019-06-10T16:23:34.309+0000: 19.867: [GC (Allocation Failure) 2019-06-10T16:23:34.309+0000: 19.867: [DefNew: 136576K->17023K(153600K), 0.0253310 secs] 151816K->52660K(494976K), 0.0253995 secs] [Times: user=0.01 sys=0.01, real=0.03 secs] 
2019-06-10T16:23:35.039+0000: 20.597: [Full GC (Metadata GC Threshold) 2019-06-10T16:23:35.039+0000: 20.597: [Tenured: 35636K->44407K(341376K), 0.0492098 secs] 72146K->44407K(494976K), [Metaspace: 34577K->34577K(1079296K)], 0.0492887 secs] [Times: user=0.04 sys=0.00, real=0.05 secs] 
2019-06-10T16:23:42.532+0000: 28.090: [GC (Allocation Failure) 2019-06-10T16:23:42.532+0000: 28.090: [DefNew: 136576K->169K(153600K), 0.0020908 secs] 180983K->44577K(494976K), 0.0021491 secs] [Times: user=0.00 sys=0.00, real=0.00 secs] 
2019-06-10T16:23:49.830+0000: 35.388: [GC (Allocation Failure) 2019-06-10T16:23:49.830+0000: 35.388: [DefNew: 136745K->202K(153600K), 0.0018963 secs] 181153K->44609K(494976K), 0.0019599 secs] [Times: user=0.01 sys=0.00, real=0.00 secs] 
2019-06-10T16:23:57.228+0000: 42.786: [GC (Allocation Failure) 2019-06-10T16:23:57.229+0000: 42.786: [DefNew: 136778K->200K(153600K), 0.0020002 secs] 181185K->44607K(494976K), 0.0020627 secs] [Times: user=0.01 sys=0.00, real=0.01 secs] 
2019-06-10T16:24:04.672+0000: 50.230: [GC (Allocation Failure) 2019-06-10T16:24:04.672+0000: 50.230: [DefNew: 136776K->201K(153600K), 0.0018403 secs] 181183K->44609K(494976K), 0.0018980 secs] [Times: user=0.00 sys=0.00, real=0.00 secs] 
2019-06-10T16:24:12.148+0000: 57.706: [GC (Allocation Failure) 2019-06-10T16:24:12.148+0000: 57.706: [DefNew: 136777K->206K(153600K), 0.0020412 secs] 181185K->44614K(494976K), 0.0021040 secs] [Times: user=0.00 sys=0.00, real=0.01 secs] 
16:24:26.220 [Curator-PathChildrenCache-0] ERROR o.a.c.f.r.c.PathChildrenCache  - 
java.lang.IllegalStateException: instance must be started before calling this method
	at org.apache.curator.shaded.com.google.common.base.Preconditions.checkState(Preconditions.java:444)
	at org.apache.curator.framework.imps.CuratorFrameworkImpl.getChildren(CuratorFrameworkImpl.java:456)
	at org.apache.curator.framework.recipes.cache.PathChildrenCache.refresh(PathChildrenCache.java:521)
	at org.apache.curator.framework.recipes.cache.RefreshOperation.invoke(RefreshOperation.java:35)
	at org.apache.curator.framework.recipes.cache.PathChildrenCache$9.run(PathChildrenCache.java:786)
	at java.util.concurrent.Executors$RunnableAdapter.call(Executors.java:511)
	at java.util.concurrent.FutureTask.run(FutureTask.java:266)
	at java.util.concurrent.Executors$RunnableAdapter.call(Executors.java:511)
	at java.util.concurrent.FutureTask.run(FutureTask.java:266)
	at java.util.concurrent.ThreadPoolExecutor.runWorker(ThreadPoolExecutor.java:1149)
	at java.util.concurrent.ThreadPoolExecutor$Worker.run(ThreadPoolExecutor.java:624)
	at java.lang.Thread.run(Thread.java:748)
Heap
 def new generation   total 153600K, used 109776K [0x00000000e0c00000, 0x00000000eb2a0000, 0x00000000eb2a0000)
  eden space 136576K,  80% used [0x00000000e0c00000, 0x00000000e7700488, 0x00000000e9160000)
  from space 17024K,   1% used [0x00000000e9160000, 0x00000000e9193be0, 0x00000000ea200000)
  to   space 17024K,   0% used [0x00000000ea200000, 0x00000000ea200000, 0x00000000eb2a0000)
 tenured generation   total 341376K, used 44407K [0x00000000eb2a0000, 0x0000000100000000, 0x0000000100000000)
   the space 341376K,  13% used [0x00000000eb2a0000, 0x00000000eddfdd68, 0x00000000eddfde00, 0x0000000100000000)
 Metaspace       used 36116K, capacity 37058K, committed 37376K, reserved 1081344K
  class space    used 4878K, capacity 5085K, committed 5120K, reserved 1048576K
