07:32:49,272 |-INFO in ch.qos.logback.classic.LoggerContext[default] - Could NOT find resource [logback-test.xml]
07:32:49,272 |-INFO in ch.qos.logback.classic.LoggerContext[default] - Could NOT find resource [logback.groovy]
07:32:49,273 |-INFO in ch.qos.logback.classic.LoggerContext[default] - Found resource [logback.xml] at [jar:file:/root/flamestream/lib/flamestream-runtime-1.0-SNAPSHOT.jar!/logback.xml]
07:32:49,273 |-WARN in ch.qos.logback.classic.LoggerContext[default] - Resource [logback.xml] occurs multiple times on the classpath.
07:32:49,274 |-WARN in ch.qos.logback.classic.LoggerContext[default] - Resource [logback.xml] occurs at [jar:file:/root/flamestream/lib/flamestream-runtime-1.0-SNAPSHOT.jar!/logback.xml]
07:32:49,274 |-WARN in ch.qos.logback.classic.LoggerContext[default] - Resource [logback.xml] occurs at [jar:file:/root/flamestream/flamestream-runtime-1.0-SNAPSHOT.jar!/logback.xml]
07:32:49,293 |-INFO in ch.qos.logback.core.joran.spi.ConfigurationWatchList@3fb6a447 - URL [jar:file:/root/flamestream/lib/flamestream-runtime-1.0-SNAPSHOT.jar!/logback.xml] is not of type file
07:32:49,361 |-INFO in ch.qos.logback.classic.joran.action.ConfigurationAction - debug attribute not set
07:32:49,362 |-INFO in ch.qos.logback.core.joran.action.AppenderAction - About to instantiate appender of type [ch.qos.logback.core.ConsoleAppender]
07:32:49,377 |-INFO in ch.qos.logback.core.joran.action.AppenderAction - Naming appender as [STDOUT]
07:32:49,397 |-INFO in ch.qos.logback.core.joran.action.NestedComplexPropertyIA - Assuming default type [ch.qos.logback.classic.encoder.PatternLayoutEncoder] for [encoder] property
07:32:49,481 |-INFO in ch.qos.logback.core.joran.action.AppenderAction - About to instantiate appender of type [ch.qos.logback.core.rolling.RollingFileAppender]
07:32:49,486 |-INFO in ch.qos.logback.core.joran.action.AppenderAction - Naming appender as [FILE]
07:32:49,516 |-INFO in c.q.l.core.rolling.TimeBasedRollingPolicy@127618319 - No compression will be used
07:32:49,517 |-INFO in c.q.l.core.rolling.TimeBasedRollingPolicy@127618319 - Will use the pattern /tmp/application_%d{yyyy-MM-dd}.%i.log for the active file
07:32:49,520 |-INFO in ch.qos.logback.core.rolling.SizeAndTimeBasedFNATP@6b2fad11 - The date pattern is 'yyyy-MM-dd' from file name pattern '/tmp/application_%d{yyyy-MM-dd}.%i.log'.
07:32:49,520 |-INFO in ch.qos.logback.core.rolling.SizeAndTimeBasedFNATP@6b2fad11 - Roll-over at midnight.
07:32:49,525 |-INFO in ch.qos.logback.core.rolling.SizeAndTimeBasedFNATP@6b2fad11 - Setting initial period to Tue Jun 11 07:31:23 UTC 2019
07:32:49,525 |-WARN in ch.qos.logback.core.rolling.SizeAndTimeBasedFNATP@6b2fad11 - SizeAndTimeBasedFNATP is deprecated. Use SizeAndTimeBasedRollingPolicy instead
07:32:49,525 |-WARN in ch.qos.logback.core.rolling.SizeAndTimeBasedFNATP@6b2fad11 - For more information see http://logback.qos.ch/manual/appenders.html#SizeAndTimeBasedRollingPolicy
07:32:49,529 |-INFO in ch.qos.logback.core.joran.action.NestedComplexPropertyIA - Assuming default type [ch.qos.logback.classic.encoder.PatternLayoutEncoder] for [encoder] property
07:32:49,534 |-INFO in ch.qos.logback.core.rolling.RollingFileAppender[FILE] - Active log file name: /tmp/application.log
07:32:49,534 |-INFO in ch.qos.logback.core.rolling.RollingFileAppender[FILE] - File property is set to [/tmp/application.log]
07:32:49,535 |-INFO in ch.qos.logback.classic.joran.action.RootLoggerAction - Setting level of ROOT logger to WARN
07:32:49,535 |-INFO in ch.qos.logback.core.joran.action.AppenderRefAction - Attaching appender named [STDOUT] to Logger[ROOT]
07:32:49,537 |-INFO in ch.qos.logback.core.joran.action.AppenderRefAction - Attaching appender named [FILE] to Logger[ROOT]
07:32:49,537 |-INFO in ch.qos.logback.classic.joran.action.ConfigurationAction - End of configuration.
07:32:49,538 |-INFO in ch.qos.logback.classic.joran.JoranConfigurator@79698539 - Registering current configuration as safe fallback point

Ama winner
Ama winner
2019-06-11T07:32:50.823+0000: 1.737: [Full GC (Metadata GC Threshold) 2019-06-11T07:32:50.823+0000: 1.738: [Tenured: 0K->15240K(341376K), 0.0399190 secs] 114986K->15240K(494976K), [Metaspace: 20737K->20737K(1067008K)], 0.0399997 secs] [Times: user=0.04 sys=0.00, real=0.04 secs] 
07:33:12.066 [Curator-PathChildrenCache-1] WARN  o.a.c.u.ZKPaths  - The version of ZooKeeper being used doesn't support Container nodes. CreateMode.PERSISTENT will be used instead.
2019-06-11T07:33:14.204+0000: 25.118: [GC (Allocation Failure) 2019-06-11T07:33:14.204+0000: 25.118: [DefNew: 136576K->17024K(153600K), 0.0356528 secs] 151816K->52530K(494976K), 0.0357336 secs] [Times: user=0.02 sys=0.02, real=0.03 secs] 
2019-06-11T07:33:18.900+0000: 29.814: [GC (Allocation Failure) 2019-06-11T07:33:18.900+0000: 29.814: [DefNew: 153600K->371K(153600K), 0.0178530 secs] 189106K->43965K(494976K), 0.0179186 secs] [Times: user=0.02 sys=0.00, real=0.02 secs] 
2019-06-11T07:33:18.933+0000: 29.847: [Full GC (Metadata GC Threshold) 2019-06-11T07:33:18.933+0000: 29.847: [Tenured: 43593K->43929K(341376K), 0.0290634 secs] 47886K->43929K(494976K), [Metaspace: 34606K->34606K(1079296K)], 0.0291242 secs] [Times: user=0.03 sys=0.00, real=0.02 secs] 
2019-06-11T07:33:23.264+0000: 34.178: [GC (Allocation Failure) 2019-06-11T07:33:23.264+0000: 34.178: [DefNew: 136576K->51K(153600K), 0.0017131 secs] 180505K->43980K(494976K), 0.0017853 secs] [Times: user=0.00 sys=0.00, real=0.00 secs] 
2019-06-11T07:33:27.545+0000: 38.459: [GC (Allocation Failure) 2019-06-11T07:33:27.545+0000: 38.459: [DefNew: 136627K->85K(153600K), 0.0015997 secs] 180556K->44014K(494976K), 0.0016646 secs] [Times: user=0.00 sys=0.00, real=0.00 secs] 
2019-06-11T07:33:31.898+0000: 42.812: [GC (Allocation Failure) 2019-06-11T07:33:31.898+0000: 42.812: [DefNew: 136661K->116K(153600K), 0.0016436 secs] 180590K->44045K(494976K), 0.0017035 secs] [Times: user=0.00 sys=0.00, real=0.00 secs] 
2019-06-11T07:33:43.764+0000: 54.678: [GC (Allocation Failure) 2019-06-11T07:33:43.764+0000: 54.678: [DefNew: 136692K->157K(153600K), 0.0019171 secs] 180621K->44086K(494976K), 0.0019696 secs] [Times: user=0.00 sys=0.00, real=0.00 secs] 
07:33:43.843 [Curator-PathChildrenCache-0] ERROR o.a.c.f.r.c.PathChildrenCache  - 
java.lang.IllegalStateException: instance must be started before calling this method
	at org.apache.curator.shaded.com.google.common.base.Preconditions.checkState(Preconditions.java:444)
	at org.apache.curator.framework.imps.CuratorFrameworkImpl.getChildren(CuratorFrameworkImpl.java:456)
	at org.apache.curator.framework.recipes.cache.PathChildrenCache.refresh(PathChildrenCache.java:521)
	at org.apache.curator.framework.recipes.cache.RefreshOperation.invoke(RefreshOperation.java:35)
	at org.apache.curator.framework.recipes.cache.PathChildrenCache$9.run(PathChildrenCache.java:786)
	at java.util.concurrent.Executors$RunnableAdapter.call(Executors.java:511)
	at java.util.concurrent.FutureTask.run(FutureTask.java:266)
	at java.util.concurrent.Executors$RunnableAdapter.call(Executors.java:511)
	at java.util.concurrent.FutureTask.run(FutureTask.java:266)
	at java.util.concurrent.ThreadPoolExecutor.runWorker(ThreadPoolExecutor.java:1149)
	at java.util.concurrent.ThreadPoolExecutor$Worker.run(ThreadPoolExecutor.java:624)
	at java.lang.Thread.run(Thread.java:748)
Heap
 def new generation   total 153600K, used 18159K [0x00000000e0c00000, 0x00000000eb2a0000, 0x00000000eb2a0000)
  eden space 136576K,  13% used [0x00000000e0c00000, 0x00000000e1d946d8, 0x00000000e9160000)
  from space 17024K,   0% used [0x00000000e9160000, 0x00000000e9187550, 0x00000000ea200000)
  to   space 17024K,   0% used [0x00000000ea200000, 0x00000000ea200000, 0x00000000eb2a0000)
 tenured generation   total 341376K, used 43929K [0x00000000eb2a0000, 0x0000000100000000, 0x0000000100000000)
   the space 341376K,  12% used [0x00000000eb2a0000, 0x00000000edd86408, 0x00000000edd86600, 0x0000000100000000)
 Metaspace       used 35744K, capacity 36646K, committed 36864K, reserved 1081344K
  class space    used 4828K, capacity 5043K, committed 5120K, reserved 1048576K
