10:50:00,126 |-INFO in ch.qos.logback.classic.LoggerContext[default] - Could NOT find resource [logback-test.xml]
10:50:00,126 |-INFO in ch.qos.logback.classic.LoggerContext[default] - Could NOT find resource [logback.groovy]
10:50:00,126 |-INFO in ch.qos.logback.classic.LoggerContext[default] - Found resource [logback.xml] at [jar:file:/home/nikitasokolov/flamestream/lib/flamestream-runtime-1.0-SNAPSHOT.jar!/logback.xml]
10:50:00,127 |-WARN in ch.qos.logback.classic.LoggerContext[default] - Resource [logback.xml] occurs multiple times on the classpath.
10:50:00,127 |-WARN in ch.qos.logback.classic.LoggerContext[default] - Resource [logback.xml] occurs at [jar:file:/home/nikitasokolov/flamestream/lib/flamestream-runtime-1.0-SNAPSHOT.jar!/logback.xml]
10:50:00,127 |-WARN in ch.qos.logback.classic.LoggerContext[default] - Resource [logback.xml] occurs at [jar:file:/home/nikitasokolov/flamestream/flamestream-runtime-1.0-SNAPSHOT.jar!/logback.xml]
10:50:00,143 |-INFO in ch.qos.logback.core.joran.spi.ConfigurationWatchList@6108b2d7 - URL [jar:file:/home/nikitasokolov/flamestream/lib/flamestream-runtime-1.0-SNAPSHOT.jar!/logback.xml] is not of type file
10:50:00,193 |-INFO in ch.qos.logback.classic.joran.action.ConfigurationAction - debug attribute not set
10:50:00,193 |-INFO in ch.qos.logback.core.joran.action.AppenderAction - About to instantiate appender of type [ch.qos.logback.core.ConsoleAppender]
10:50:00,201 |-INFO in ch.qos.logback.core.joran.action.AppenderAction - Naming appender as [STDOUT]
10:50:00,209 |-INFO in ch.qos.logback.core.joran.action.NestedComplexPropertyIA - Assuming default type [ch.qos.logback.classic.encoder.PatternLayoutEncoder] for [encoder] property
10:50:00,262 |-INFO in ch.qos.logback.core.joran.action.AppenderAction - About to instantiate appender of type [ch.qos.logback.core.rolling.RollingFileAppender]
10:50:00,267 |-INFO in ch.qos.logback.core.joran.action.AppenderAction - Naming appender as [FILE]
10:50:00,289 |-INFO in c.q.l.core.rolling.TimeBasedRollingPolicy@357863579 - No compression will be used
10:50:00,290 |-INFO in c.q.l.core.rolling.TimeBasedRollingPolicy@357863579 - Will use the pattern /tmp/application_%d{yyyy-MM-dd}.%i.log for the active file
10:50:00,293 |-INFO in ch.qos.logback.core.rolling.SizeAndTimeBasedFNATP@6bf256fa - The date pattern is 'yyyy-MM-dd' from file name pattern '/tmp/application_%d{yyyy-MM-dd}.%i.log'.
10:50:00,293 |-INFO in ch.qos.logback.core.rolling.SizeAndTimeBasedFNATP@6bf256fa - Roll-over at midnight.
10:50:00,297 |-INFO in ch.qos.logback.core.rolling.SizeAndTimeBasedFNATP@6bf256fa - Setting initial period to Sun Jun 09 10:49:17 MSK 2019
10:50:00,297 |-WARN in ch.qos.logback.core.rolling.SizeAndTimeBasedFNATP@6bf256fa - SizeAndTimeBasedFNATP is deprecated. Use SizeAndTimeBasedRollingPolicy instead
10:50:00,297 |-WARN in ch.qos.logback.core.rolling.SizeAndTimeBasedFNATP@6bf256fa - For more information see http://logback.qos.ch/manual/appenders.html#SizeAndTimeBasedRollingPolicy
10:50:00,301 |-INFO in ch.qos.logback.core.joran.action.NestedComplexPropertyIA - Assuming default type [ch.qos.logback.classic.encoder.PatternLayoutEncoder] for [encoder] property
10:50:00,304 |-INFO in ch.qos.logback.core.rolling.RollingFileAppender[FILE] - Active log file name: /tmp/application.log
10:50:00,304 |-INFO in ch.qos.logback.core.rolling.RollingFileAppender[FILE] - File property is set to [/tmp/application.log]
10:50:00,305 |-INFO in ch.qos.logback.classic.joran.action.RootLoggerAction - Setting level of ROOT logger to WARN
10:50:00,305 |-INFO in ch.qos.logback.core.joran.action.AppenderRefAction - Attaching appender named [STDOUT] to Logger[ROOT]
10:50:00,305 |-INFO in ch.qos.logback.core.joran.action.AppenderRefAction - Attaching appender named [FILE] to Logger[ROOT]
10:50:00,305 |-INFO in ch.qos.logback.classic.joran.action.ConfigurationAction - End of configuration.
10:50:00,306 |-INFO in ch.qos.logback.classic.joran.JoranConfigurator@6cd8737 - Registering current configuration as safe fallback point

2019-06-09T10:50:01.289+0300: 1.363: [GC (Metadata GC Threshold) [PSYoungGen: 108152K->15816K(149504K)] 108152K->15896K(491008K), 0.0210661 secs] [Times: user=0.08 sys=0.03, real=0.03 secs] 
2019-06-09T10:50:01.310+0300: 1.384: [Full GC (Metadata GC Threshold) [PSYoungGen: 15816K->0K(149504K)] [ParOldGen: 80K->14981K(341504K)] 15896K->14981K(491008K), [Metaspace: 20802K->20802K(1067008K)], 0.0283611 secs] [Times: user=0.20 sys=0.00, real=0.03 secs] 
10:50:12.299 [Curator-PathChildrenCache-1] WARN  o.a.c.u.ZKPaths  - The version of ZooKeeper being used doesn't support Container nodes. CreateMode.PERSISTENT will be used instead.
2019-06-09T10:50:13.151+0300: 13.224: [GC (Metadata GC Threshold) [PSYoungGen: 125227K->15734K(149504K)] 140209K->50255K(491008K), 0.0629086 secs] [Times: user=0.22 sys=0.01, real=0.06 secs] 
2019-06-09T10:50:13.214+0300: 13.287: [Full GC (Metadata GC Threshold) [PSYoungGen: 15734K->0K(149504K)] [ParOldGen: 34521K->38728K(341504K)] 50255K->38728K(491008K), [Metaspace: 34525K->34525K(1079296K)], 0.0462337 secs] [Times: user=0.32 sys=0.02, real=0.05 secs] 
2019-06-09T10:50:15.421+0300: 15.495: [GC (Allocation Failure) [PSYoungGen: 128512K->512K(149504K)] 167240K->39248K(491008K), 0.0031986 secs] [Times: user=0.01 sys=0.00, real=0.00 secs] 
2019-06-09T10:50:16.885+0300: 16.959: [GC (Allocation Failure) [PSYoungGen: 129024K->640K(149504K)] 167760K->39384K(491008K), 0.0029178 secs] [Times: user=0.01 sys=0.00, real=0.00 secs] 
2019-06-09T10:50:18.500+0300: 18.574: [GC (Allocation Failure) [PSYoungGen: 129152K->512K(129024K)] 167896K->39264K(470528K), 0.0046459 secs] [Times: user=0.02 sys=0.02, real=0.00 secs] 
2019-06-09T10:50:19.703+0300: 19.777: [GC (Allocation Failure) [PSYoungGen: 129024K->576K(150016K)] 167776K->39328K(491520K), 0.0032422 secs] [Times: user=0.01 sys=0.00, real=0.00 secs] 
2019-06-09T10:50:21.183+0300: 21.257: [GC (Allocation Failure) [PSYoungGen: 129088K->576K(148992K)] 167840K->39328K(490496K), 0.0032355 secs] [Times: user=0.01 sys=0.00, real=0.00 secs] 
2019-06-09T10:50:22.744+0300: 22.818: [GC (Allocation Failure) [PSYoungGen: 129088K->544K(151552K)] 167840K->39296K(493056K), 0.0039370 secs] [Times: user=0.03 sys=0.00, real=0.00 secs] 
2019-06-09T10:50:24.299+0300: 24.373: [GC (Allocation Failure) [PSYoungGen: 132640K->544K(151040K)] 171392K->39296K(492544K), 0.0666726 secs] [Times: user=0.01 sys=0.00, real=0.06 secs] 
2019-06-09T10:50:25.844+0300: 25.917: [GC (Allocation Failure) [PSYoungGen: 132640K->608K(153600K)] 171392K->39360K(495104K), 0.0045449 secs] [Times: user=0.02 sys=0.00, real=0.00 secs] 
2019-06-09T10:50:27.309+0300: 27.383: [GC (Allocation Failure) [PSYoungGen: 136288K->448K(152576K)] 175040K->39200K(494080K), 0.0036568 secs] [Times: user=0.01 sys=0.00, real=0.01 secs] 
2019-06-09T10:50:28.962+0300: 29.036: [GC (Allocation Failure) [PSYoungGen: 136128K->512K(155136K)] 174880K->39264K(496640K), 0.0027178 secs] [Times: user=0.01 sys=0.00, real=0.00 secs] 
10:50:36.077 [Curator-PathChildrenCache-0] ERROR o.a.c.f.r.c.PathChildrenCache  - 
java.lang.IllegalStateException: instance must be started before calling this method
	at org.apache.curator.shaded.com.google.common.base.Preconditions.checkState(Preconditions.java:444)
	at org.apache.curator.framework.imps.CuratorFrameworkImpl.getChildren(CuratorFrameworkImpl.java:456)
	at org.apache.curator.framework.recipes.cache.PathChildrenCache.refresh(PathChildrenCache.java:521)
	at org.apache.curator.framework.recipes.cache.RefreshOperation.invoke(RefreshOperation.java:35)
	at org.apache.curator.framework.recipes.cache.PathChildrenCache$9.run(PathChildrenCache.java:786)
	at java.util.concurrent.Executors$RunnableAdapter.call(Executors.java:511)
	at java.util.concurrent.FutureTask.run(FutureTask.java:266)
	at java.util.concurrent.Executors$RunnableAdapter.call(Executors.java:511)
	at java.util.concurrent.FutureTask.run(FutureTask.java:266)
	at java.util.concurrent.ThreadPoolExecutor.runWorker(ThreadPoolExecutor.java:1149)
	at java.util.concurrent.ThreadPoolExecutor$Worker.run(ThreadPoolExecutor.java:624)
	at java.lang.Thread.run(Thread.java:748)
Heap
 PSYoungGen      total 155136K, used 120742K [0x00000000f5980000, 0x0000000100000000, 0x0000000100000000)
  eden space 138752K, 86% used [0x00000000f5980000,0x00000000fcee9bb8,0x00000000fe100000)
  from space 16384K, 3% used [0x00000000ff000000,0x00000000ff080000,0x0000000100000000)
  to   space 15360K, 0% used [0x00000000fe100000,0x00000000fe100000,0x00000000ff000000)
 ParOldGen       total 341504K, used 38752K [0x00000000e0c00000, 0x00000000f5980000, 0x00000000f5980000)
  object space 341504K, 11% used [0x00000000e0c00000,0x00000000e31d8220,0x00000000f5980000)
 Metaspace       used 35759K, capacity 36604K, committed 36992K, reserved 1081344K
  class space    used 4940K, capacity 5138K, committed 5248K, reserved 1048576K
