08:29:43,995 |-INFO in ch.qos.logback.classic.LoggerContext[default] - Could NOT find resource [logback-test.xml]
08:29:43,995 |-INFO in ch.qos.logback.classic.LoggerContext[default] - Could NOT find resource [logback.groovy]
08:29:43,996 |-INFO in ch.qos.logback.classic.LoggerContext[default] - Found resource [logback.xml] at [jar:file:/root/flamestream/lib/flamestream-runtime-1.0-SNAPSHOT.jar!/logback.xml]
08:29:43,997 |-WARN in ch.qos.logback.classic.LoggerContext[default] - Resource [logback.xml] occurs multiple times on the classpath.
08:29:43,997 |-WARN in ch.qos.logback.classic.LoggerContext[default] - Resource [logback.xml] occurs at [jar:file:/root/flamestream/lib/flamestream-runtime-1.0-SNAPSHOT.jar!/logback.xml]
08:29:43,997 |-WARN in ch.qos.logback.classic.LoggerContext[default] - Resource [logback.xml] occurs at [jar:file:/root/flamestream/flamestream-runtime-1.0-SNAPSHOT.jar!/logback.xml]
08:29:44,017 |-INFO in ch.qos.logback.core.joran.spi.ConfigurationWatchList@3fb6a447 - URL [jar:file:/root/flamestream/lib/flamestream-runtime-1.0-SNAPSHOT.jar!/logback.xml] is not of type file
08:29:44,085 |-INFO in ch.qos.logback.classic.joran.action.ConfigurationAction - debug attribute not set
08:29:44,085 |-INFO in ch.qos.logback.core.joran.action.AppenderAction - About to instantiate appender of type [ch.qos.logback.core.ConsoleAppender]
08:29:44,102 |-INFO in ch.qos.logback.core.joran.action.AppenderAction - Naming appender as [STDOUT]
08:29:44,122 |-INFO in ch.qos.logback.core.joran.action.NestedComplexPropertyIA - Assuming default type [ch.qos.logback.classic.encoder.PatternLayoutEncoder] for [encoder] property
08:29:44,207 |-INFO in ch.qos.logback.core.joran.action.AppenderAction - About to instantiate appender of type [ch.qos.logback.core.rolling.RollingFileAppender]
08:29:44,212 |-INFO in ch.qos.logback.core.joran.action.AppenderAction - Naming appender as [FILE]
08:29:44,243 |-INFO in c.q.l.core.rolling.TimeBasedRollingPolicy@127618319 - No compression will be used
08:29:44,245 |-INFO in c.q.l.core.rolling.TimeBasedRollingPolicy@127618319 - Will use the pattern /tmp/application_%d{yyyy-MM-dd}.%i.log for the active file
08:29:44,248 |-INFO in ch.qos.logback.core.rolling.SizeAndTimeBasedFNATP@6b2fad11 - The date pattern is 'yyyy-MM-dd' from file name pattern '/tmp/application_%d{yyyy-MM-dd}.%i.log'.
08:29:44,248 |-INFO in ch.qos.logback.core.rolling.SizeAndTimeBasedFNATP@6b2fad11 - Roll-over at midnight.
08:29:44,253 |-INFO in ch.qos.logback.core.rolling.SizeAndTimeBasedFNATP@6b2fad11 - Setting initial period to Tue Jun 11 08:28:18 UTC 2019
08:29:44,253 |-WARN in ch.qos.logback.core.rolling.SizeAndTimeBasedFNATP@6b2fad11 - SizeAndTimeBasedFNATP is deprecated. Use SizeAndTimeBasedRollingPolicy instead
08:29:44,253 |-WARN in ch.qos.logback.core.rolling.SizeAndTimeBasedFNATP@6b2fad11 - For more information see http://logback.qos.ch/manual/appenders.html#SizeAndTimeBasedRollingPolicy
08:29:44,257 |-INFO in ch.qos.logback.core.joran.action.NestedComplexPropertyIA - Assuming default type [ch.qos.logback.classic.encoder.PatternLayoutEncoder] for [encoder] property
08:29:44,262 |-INFO in ch.qos.logback.core.rolling.RollingFileAppender[FILE] - Active log file name: /tmp/application.log
08:29:44,262 |-INFO in ch.qos.logback.core.rolling.RollingFileAppender[FILE] - File property is set to [/tmp/application.log]
08:29:44,263 |-INFO in ch.qos.logback.classic.joran.action.RootLoggerAction - Setting level of ROOT logger to WARN
08:29:44,263 |-INFO in ch.qos.logback.core.joran.action.AppenderRefAction - Attaching appender named [STDOUT] to Logger[ROOT]
08:29:44,265 |-INFO in ch.qos.logback.core.joran.action.AppenderRefAction - Attaching appender named [FILE] to Logger[ROOT]
08:29:44,265 |-INFO in ch.qos.logback.classic.joran.action.ConfigurationAction - End of configuration.
08:29:44,266 |-INFO in ch.qos.logback.classic.joran.JoranConfigurator@79698539 - Registering current configuration as safe fallback point

Ama winner
Ama winner
2019-06-11T08:29:45.631+0000: 1.826: [Full GC (Metadata GC Threshold) 2019-06-11T08:29:45.631+0000: 1.826: [Tenured: 0K->15242K(341376K), 0.0402714 secs] 117750K->15242K(494976K), [Metaspace: 20738K->20738K(1067008K)], 0.0403379 secs] [Times: user=0.04 sys=0.00, real=0.04 secs] 
08:30:02.236 [Curator-PathChildrenCache-1] WARN  o.a.c.u.ZKPaths  - The version of ZooKeeper being used doesn't support Container nodes. CreateMode.PERSISTENT will be used instead.
2019-06-11T08:30:04.541+0000: 20.736: [GC (Allocation Failure) 2019-06-11T08:30:04.541+0000: 20.736: [DefNew: 136576K->17024K(153600K), 0.0275799 secs] 151818K->52606K(494976K), 0.0276495 secs] [Times: user=0.02 sys=0.01, real=0.03 secs] 
2019-06-11T08:30:11.805+0000: 28.000: [GC (Allocation Failure) 2019-06-11T08:30:11.805+0000: 28.000: [DefNew: 153600K->175K(153600K), 0.0097058 secs] 189182K->43956K(494976K), 0.0097703 secs] [Times: user=0.00 sys=0.00, real=0.02 secs] 
2019-06-11T08:30:19.079+0000: 35.274: [GC (Allocation Failure) 2019-06-11T08:30:19.079+0000: 35.274: [DefNew: 136751K->173K(153600K), 0.0025866 secs] 180532K->43954K(494976K), 0.0026418 secs] [Times: user=0.00 sys=0.00, real=0.00 secs] 
2019-06-11T08:30:23.243+0000: 39.438: [Full GC (Metadata GC Threshold) 2019-06-11T08:30:23.243+0000: 39.438: [Tenured: 43780K->43953K(341376K), 0.0461180 secs] 121240K->43953K(494976K), [Metaspace: 34576K->34576K(1079296K)], 0.0461915 secs] [Times: user=0.05 sys=0.00, real=0.05 secs] 
2019-06-11T08:30:30.718+0000: 46.913: [GC (Allocation Failure) 2019-06-11T08:30:30.718+0000: 46.913: [DefNew: 136576K->115K(153600K), 0.0018104 secs] 180529K->44068K(494976K), 0.0018890 secs] [Times: user=0.00 sys=0.00, real=0.00 secs] 
2019-06-11T08:30:38.196+0000: 54.391: [GC (Allocation Failure) 2019-06-11T08:30:38.196+0000: 54.391: [DefNew: 136691K->115K(153600K), 0.0015909 secs] 180644K->44068K(494976K), 0.0016477 secs] [Times: user=0.00 sys=0.00, real=0.00 secs] 
2019-06-11T08:30:47.320+0000: 63.515: [GC (Allocation Failure) 2019-06-11T08:30:47.320+0000: 63.515: [DefNew: 136691K->431K(153600K), 0.0022452 secs] 180644K->44384K(494976K), 0.0023067 secs] [Times: user=0.01 sys=0.00, real=0.00 secs] 
08:30:51.926 [Curator-PathChildrenCache-0] ERROR o.a.c.f.r.c.PathChildrenCache  - 
java.lang.IllegalStateException: instance must be started before calling this method
	at org.apache.curator.shaded.com.google.common.base.Preconditions.checkState(Preconditions.java:444)
	at org.apache.curator.framework.imps.CuratorFrameworkImpl.getChildren(CuratorFrameworkImpl.java:456)
	at org.apache.curator.framework.recipes.cache.PathChildrenCache.refresh(PathChildrenCache.java:521)
	at org.apache.curator.framework.recipes.cache.RefreshOperation.invoke(RefreshOperation.java:35)
	at org.apache.curator.framework.recipes.cache.PathChildrenCache$9.run(PathChildrenCache.java:786)
	at java.util.concurrent.Executors$RunnableAdapter.call(Executors.java:511)
	at java.util.concurrent.FutureTask.run(FutureTask.java:266)
	at java.util.concurrent.Executors$RunnableAdapter.call(Executors.java:511)
	at java.util.concurrent.FutureTask.run(FutureTask.java:266)
	at java.util.concurrent.ThreadPoolExecutor.runWorker(ThreadPoolExecutor.java:1149)
	at java.util.concurrent.ThreadPoolExecutor$Worker.run(ThreadPoolExecutor.java:624)
	at java.lang.Thread.run(Thread.java:748)
Heap
 def new generation   total 153600K, used 30695K [0x00000000e0c00000, 0x00000000eb2a0000, 0x00000000eb2a0000)
  eden space 136576K,  22% used [0x00000000e0c00000, 0x00000000e298de78, 0x00000000e9160000)
  from space 17024K,   2% used [0x00000000e9160000, 0x00000000e91cbe00, 0x00000000ea200000)
  to   space 17024K,   0% used [0x00000000ea200000, 0x00000000ea200000, 0x00000000eb2a0000)
 tenured generation   total 341376K, used 43953K [0x00000000eb2a0000, 0x0000000100000000, 0x0000000100000000)
   the space 341376K,  12% used [0x00000000eb2a0000, 0x00000000edd8c458, 0x00000000edd8c600, 0x0000000100000000)
 Metaspace       used 35884K, capacity 36794K, committed 37120K, reserved 1081344K
  class space    used 4855K, capacity 5073K, committed 5120K, reserved 1048576K
