13:02:47,071 |-INFO in ch.qos.logback.classic.LoggerContext[default] - Could NOT find resource [logback-test.xml]
13:02:47,071 |-INFO in ch.qos.logback.classic.LoggerContext[default] - Could NOT find resource [logback.groovy]
13:02:47,072 |-INFO in ch.qos.logback.classic.LoggerContext[default] - Found resource [logback.xml] at [jar:file:/root/flamestream/lib/flamestream-runtime-1.0-SNAPSHOT.jar!/logback.xml]
13:02:47,073 |-WARN in ch.qos.logback.classic.LoggerContext[default] - Resource [logback.xml] occurs multiple times on the classpath.
13:02:47,073 |-WARN in ch.qos.logback.classic.LoggerContext[default] - Resource [logback.xml] occurs at [jar:file:/root/flamestream/lib/flamestream-runtime-1.0-SNAPSHOT.jar!/logback.xml]
13:02:47,073 |-WARN in ch.qos.logback.classic.LoggerContext[default] - Resource [logback.xml] occurs at [jar:file:/root/flamestream/flamestream-runtime-1.0-SNAPSHOT.jar!/logback.xml]
13:02:47,092 |-INFO in ch.qos.logback.core.joran.spi.ConfigurationWatchList@3fb6a447 - URL [jar:file:/root/flamestream/lib/flamestream-runtime-1.0-SNAPSHOT.jar!/logback.xml] is not of type file
13:02:47,159 |-INFO in ch.qos.logback.classic.joran.action.ConfigurationAction - debug attribute not set
13:02:47,159 |-INFO in ch.qos.logback.core.joran.action.AppenderAction - About to instantiate appender of type [ch.qos.logback.core.ConsoleAppender]
13:02:47,174 |-INFO in ch.qos.logback.core.joran.action.AppenderAction - Naming appender as [STDOUT]
13:02:47,188 |-INFO in ch.qos.logback.core.joran.action.NestedComplexPropertyIA - Assuming default type [ch.qos.logback.classic.encoder.PatternLayoutEncoder] for [encoder] property
13:02:47,280 |-INFO in ch.qos.logback.core.joran.action.AppenderAction - About to instantiate appender of type [ch.qos.logback.core.rolling.RollingFileAppender]
13:02:47,285 |-INFO in ch.qos.logback.core.joran.action.AppenderAction - Naming appender as [FILE]
13:02:47,315 |-INFO in c.q.l.core.rolling.TimeBasedRollingPolicy@127618319 - No compression will be used
13:02:47,316 |-INFO in c.q.l.core.rolling.TimeBasedRollingPolicy@127618319 - Will use the pattern /tmp/application_%d{yyyy-MM-dd}.%i.log for the active file
13:02:47,319 |-INFO in ch.qos.logback.core.rolling.SizeAndTimeBasedFNATP@6b2fad11 - The date pattern is 'yyyy-MM-dd' from file name pattern '/tmp/application_%d{yyyy-MM-dd}.%i.log'.
13:02:47,319 |-INFO in ch.qos.logback.core.rolling.SizeAndTimeBasedFNATP@6b2fad11 - Roll-over at midnight.
13:02:47,324 |-INFO in ch.qos.logback.core.rolling.SizeAndTimeBasedFNATP@6b2fad11 - Setting initial period to Mon Jun 10 13:01:20 UTC 2019
13:02:47,324 |-WARN in ch.qos.logback.core.rolling.SizeAndTimeBasedFNATP@6b2fad11 - SizeAndTimeBasedFNATP is deprecated. Use SizeAndTimeBasedRollingPolicy instead
13:02:47,324 |-WARN in ch.qos.logback.core.rolling.SizeAndTimeBasedFNATP@6b2fad11 - For more information see http://logback.qos.ch/manual/appenders.html#SizeAndTimeBasedRollingPolicy
13:02:47,328 |-INFO in ch.qos.logback.core.joran.action.NestedComplexPropertyIA - Assuming default type [ch.qos.logback.classic.encoder.PatternLayoutEncoder] for [encoder] property
13:02:47,333 |-INFO in ch.qos.logback.core.rolling.RollingFileAppender[FILE] - Active log file name: /tmp/application.log
13:02:47,333 |-INFO in ch.qos.logback.core.rolling.RollingFileAppender[FILE] - File property is set to [/tmp/application.log]
13:02:47,334 |-INFO in ch.qos.logback.classic.joran.action.RootLoggerAction - Setting level of ROOT logger to WARN
13:02:47,334 |-INFO in ch.qos.logback.core.joran.action.AppenderRefAction - Attaching appender named [STDOUT] to Logger[ROOT]
13:02:47,334 |-INFO in ch.qos.logback.core.joran.action.AppenderRefAction - Attaching appender named [FILE] to Logger[ROOT]
13:02:47,334 |-INFO in ch.qos.logback.classic.joran.action.ConfigurationAction - End of configuration.
13:02:47,335 |-INFO in ch.qos.logback.classic.joran.JoranConfigurator@79698539 - Registering current configuration as safe fallback point

Ama winner
Ama winner
2019-06-10T13:02:48.601+0000: 1.716: [Full GC (Metadata GC Threshold) 2019-06-10T13:02:48.601+0000: 1.716: [Tenured: 0K->15232K(341376K), 0.0401744 secs] 114987K->15232K(494976K), [Metaspace: 20729K->20729K(1067008K)], 0.0402421 secs] [Times: user=0.03 sys=0.01, real=0.04 secs] 
13:03:05.783 [Curator-PathChildrenCache-1] WARN  o.a.c.u.ZKPaths  - The version of ZooKeeper being used doesn't support Container nodes. CreateMode.PERSISTENT will be used instead.
2019-06-10T13:03:08.250+0000: 21.366: [GC (Allocation Failure) 2019-06-10T13:03:08.250+0000: 21.366: [DefNew: 136576K->17024K(153600K), 0.0301822 secs] 151808K->52781K(494976K), 0.0302532 secs] [Times: user=0.02 sys=0.01, real=0.03 secs] 
2019-06-10T13:03:09.521+0000: 22.637: [Full GC (Metadata GC Threshold) 2019-06-10T13:03:09.521+0000: 22.637: [Tenured: 35757K->44604K(341376K), 0.0418281 secs] 80006K->44604K(494976K), [Metaspace: 34545K->34545K(1079296K)], 0.0419131 secs] [Times: user=0.04 sys=0.00, real=0.04 secs] 
2019-06-10T13:03:19.554+0000: 32.671: [GC (Allocation Failure) 2019-06-10T13:03:19.555+0000: 32.671: [DefNew: 136576K->138K(153600K), 0.0019509 secs] 181180K->44742K(494976K), 0.0030265 secs] [Times: user=0.00 sys=0.00, real=0.01 secs] 
2019-06-10T13:03:29.846+0000: 42.962: [GC (Allocation Failure) 2019-06-10T13:03:29.846+0000: 42.962: [DefNew: 136714K->135K(153600K), 0.0017852 secs] 181318K->44739K(494976K), 0.0018505 secs] [Times: user=0.00 sys=0.00, real=0.00 secs] 
2019-06-10T13:03:40.218+0000: 53.333: [GC (Allocation Failure) 2019-06-10T13:03:40.218+0000: 53.333: [DefNew: 136711K->135K(153600K), 0.0018666 secs] 181315K->44739K(494976K), 0.0019286 secs] [Times: user=0.00 sys=0.01, real=0.00 secs] 
2019-06-10T13:03:50.863+0000: 63.979: [GC (Allocation Failure) 2019-06-10T13:03:50.863+0000: 63.979: [DefNew: 136711K->477K(153600K), 0.0022886 secs] 181315K->45082K(494976K), 0.0023543 secs] [Times: user=0.00 sys=0.00, real=0.01 secs] 
2019-06-10T13:04:03.587+0000: 76.703: [GC (Allocation Failure) 2019-06-10T13:04:03.587+0000: 76.703: [DefNew: 137053K->236K(153600K), 0.0021176 secs] 181658K->44840K(494976K), 0.0021818 secs] [Times: user=0.00 sys=0.00, real=0.00 secs] 
2019-06-10T13:04:16.219+0000: 89.335: [GC (Allocation Failure) 2019-06-10T13:04:16.219+0000: 89.335: [DefNew: 136812K->234K(153600K), 0.0021488 secs] 181416K->44838K(494976K), 0.0022197 secs] [Times: user=0.00 sys=0.00, real=0.00 secs] 
13:04:35.902 [Curator-PathChildrenCache-0] ERROR o.a.c.f.r.c.PathChildrenCache  - 
java.lang.IllegalStateException: instance must be started before calling this method
	at org.apache.curator.shaded.com.google.common.base.Preconditions.checkState(Preconditions.java:444)
	at org.apache.curator.framework.imps.CuratorFrameworkImpl.getChildren(CuratorFrameworkImpl.java:456)
	at org.apache.curator.framework.recipes.cache.PathChildrenCache.refresh(PathChildrenCache.java:521)
	at org.apache.curator.framework.recipes.cache.RefreshOperation.invoke(RefreshOperation.java:35)
	at org.apache.curator.framework.recipes.cache.PathChildrenCache$9.run(PathChildrenCache.java:786)
	at java.util.concurrent.Executors$RunnableAdapter.call(Executors.java:511)
	at java.util.concurrent.FutureTask.run(FutureTask.java:266)
	at java.util.concurrent.Executors$RunnableAdapter.call(Executors.java:511)
	at java.util.concurrent.FutureTask.run(FutureTask.java:266)
	at java.util.concurrent.ThreadPoolExecutor.runWorker(ThreadPoolExecutor.java:1149)
	at java.util.concurrent.ThreadPoolExecutor$Worker.run(ThreadPoolExecutor.java:624)
	at java.lang.Thread.run(Thread.java:748)
13:04:35.990 [worker-akka.actor.default-dispatcher-20] ERROR a.r.a.Association(akka://worker) akka.remote.artery.Association(akka://worker) - Outbound control stream to [akka://worker@10.0.0.40:5412] failed after shutdown. 
akka.remote.artery.Association$OutboundStreamStopQuarantinedSignal$: 
13:04:35.992 [worker-akka.actor.default-dispatcher-6] ERROR a.r.a.Association(akka://worker) akka.remote.artery.Association(akka://worker) - Outbound message stream to [akka://worker@10.0.0.40:5412] failed after shutdown. 
akka.remote.artery.Association$OutboundStreamStopQuarantinedSignal$: 
Heap
 def new generation   total 153600K, used 104038K [0x00000000e0c00000, 0x00000000eb2a0000, 0x00000000eb2a0000)
  eden space 136576K,  76% used [0x00000000e0c00000, 0x00000000e715f168, 0x00000000e9160000)
  from space 17024K,   1% used [0x00000000ea200000, 0x00000000ea23a878, 0x00000000eb2a0000)
  to   space 17024K,   0% used [0x00000000e9160000, 0x00000000e9160000, 0x00000000ea200000)
 tenured generation   total 341376K, used 44604K [0x00000000eb2a0000, 0x0000000100000000, 0x0000000100000000)
   the space 341376K,  13% used [0x00000000eb2a0000, 0x00000000ede2f090, 0x00000000ede2f200, 0x0000000100000000)
 Metaspace       used 36210K, capacity 37120K, committed 37376K, reserved 1081344K
  class space    used 4878K, capacity 5074K, committed 5120K, reserved 1048576K
