16:23:13,116 |-INFO in ch.qos.logback.classic.LoggerContext[default] - Could NOT find resource [logback-test.xml]
16:23:13,116 |-INFO in ch.qos.logback.classic.LoggerContext[default] - Could NOT find resource [logback.groovy]
16:23:13,116 |-INFO in ch.qos.logback.classic.LoggerContext[default] - Found resource [logback.xml] at [jar:file:/root/flamestream/lib/flamestream-runtime-1.0-SNAPSHOT.jar!/logback.xml]
16:23:13,117 |-WARN in ch.qos.logback.classic.LoggerContext[default] - Resource [logback.xml] occurs multiple times on the classpath.
16:23:13,117 |-WARN in ch.qos.logback.classic.LoggerContext[default] - Resource [logback.xml] occurs at [jar:file:/root/flamestream/lib/flamestream-runtime-1.0-SNAPSHOT.jar!/logback.xml]
16:23:13,117 |-WARN in ch.qos.logback.classic.LoggerContext[default] - Resource [logback.xml] occurs at [jar:file:/root/flamestream/flamestream-runtime-1.0-SNAPSHOT.jar!/logback.xml]
16:23:13,137 |-INFO in ch.qos.logback.core.joran.spi.ConfigurationWatchList@3fb6a447 - URL [jar:file:/root/flamestream/lib/flamestream-runtime-1.0-SNAPSHOT.jar!/logback.xml] is not of type file
16:23:13,209 |-INFO in ch.qos.logback.classic.joran.action.ConfigurationAction - debug attribute not set
16:23:13,210 |-INFO in ch.qos.logback.core.joran.action.AppenderAction - About to instantiate appender of type [ch.qos.logback.core.ConsoleAppender]
16:23:13,224 |-INFO in ch.qos.logback.core.joran.action.AppenderAction - Naming appender as [STDOUT]
16:23:13,244 |-INFO in ch.qos.logback.core.joran.action.NestedComplexPropertyIA - Assuming default type [ch.qos.logback.classic.encoder.PatternLayoutEncoder] for [encoder] property
16:23:13,325 |-INFO in ch.qos.logback.core.joran.action.AppenderAction - About to instantiate appender of type [ch.qos.logback.core.rolling.RollingFileAppender]
16:23:13,330 |-INFO in ch.qos.logback.core.joran.action.AppenderAction - Naming appender as [FILE]
16:23:13,361 |-INFO in c.q.l.core.rolling.TimeBasedRollingPolicy@127618319 - No compression will be used
16:23:13,363 |-INFO in c.q.l.core.rolling.TimeBasedRollingPolicy@127618319 - Will use the pattern /tmp/application_%d{yyyy-MM-dd}.%i.log for the active file
16:23:13,366 |-INFO in ch.qos.logback.core.rolling.SizeAndTimeBasedFNATP@6b2fad11 - The date pattern is 'yyyy-MM-dd' from file name pattern '/tmp/application_%d{yyyy-MM-dd}.%i.log'.
16:23:13,366 |-INFO in ch.qos.logback.core.rolling.SizeAndTimeBasedFNATP@6b2fad11 - Roll-over at midnight.
16:23:13,371 |-INFO in ch.qos.logback.core.rolling.SizeAndTimeBasedFNATP@6b2fad11 - Setting initial period to Mon Jun 10 16:21:58 UTC 2019
16:23:13,371 |-WARN in ch.qos.logback.core.rolling.SizeAndTimeBasedFNATP@6b2fad11 - SizeAndTimeBasedFNATP is deprecated. Use SizeAndTimeBasedRollingPolicy instead
16:23:13,371 |-WARN in ch.qos.logback.core.rolling.SizeAndTimeBasedFNATP@6b2fad11 - For more information see http://logback.qos.ch/manual/appenders.html#SizeAndTimeBasedRollingPolicy
16:23:13,375 |-INFO in ch.qos.logback.core.joran.action.NestedComplexPropertyIA - Assuming default type [ch.qos.logback.classic.encoder.PatternLayoutEncoder] for [encoder] property
16:23:13,380 |-INFO in ch.qos.logback.core.rolling.RollingFileAppender[FILE] - Active log file name: /tmp/application.log
16:23:13,380 |-INFO in ch.qos.logback.core.rolling.RollingFileAppender[FILE] - File property is set to [/tmp/application.log]
16:23:13,381 |-INFO in ch.qos.logback.classic.joran.action.RootLoggerAction - Setting level of ROOT logger to WARN
16:23:13,381 |-INFO in ch.qos.logback.core.joran.action.AppenderRefAction - Attaching appender named [STDOUT] to Logger[ROOT]
16:23:13,383 |-INFO in ch.qos.logback.core.joran.action.AppenderRefAction - Attaching appender named [FILE] to Logger[ROOT]
16:23:13,383 |-INFO in ch.qos.logback.classic.joran.action.ConfigurationAction - End of configuration.
16:23:13,384 |-INFO in ch.qos.logback.classic.joran.JoranConfigurator@79698539 - Registering current configuration as safe fallback point

Ama winner
Ama winner
2019-06-10T16:23:14.738+0000: 1.812: [Full GC (Metadata GC Threshold) 2019-06-10T16:23:14.738+0000: 1.812: [Tenured: 0K->15240K(341376K), 0.0410092 secs] 117750K->15240K(494976K), [Metaspace: 20727K->20727K(1067008K)], 0.0410817 secs] [Times: user=0.04 sys=0.00, real=0.04 secs] 
16:23:32.083 [Curator-PathChildrenCache-1] WARN  o.a.c.u.ZKPaths  - The version of ZooKeeper being used doesn't support Container nodes. CreateMode.PERSISTENT will be used instead.
2019-06-10T16:23:34.517+0000: 21.591: [GC (Allocation Failure) 2019-06-10T16:23:34.517+0000: 21.591: [DefNew: 136576K->17023K(153600K), 0.0253945 secs] 151816K->52737K(494976K), 0.0254819 secs] [Times: user=0.01 sys=0.01, real=0.03 secs] 
2019-06-10T16:23:35.357+0000: 22.431: [Full GC (Metadata GC Threshold) 2019-06-10T16:23:35.357+0000: 22.431: [Tenured: 35713K->44428K(341376K), 0.0400056 secs] 76292K->44428K(494976K), [Metaspace: 34580K->34580K(1079296K)], 0.0400950 secs] [Times: user=0.04 sys=0.00, real=0.05 secs] 
2019-06-10T16:23:42.527+0000: 29.601: [GC (Allocation Failure) 2019-06-10T16:23:42.527+0000: 29.601: [DefNew: 136576K->86K(153600K), 0.0020628 secs] 181004K->44515K(494976K), 0.0021183 secs] [Times: user=0.01 sys=0.00, real=0.00 secs] 
2019-06-10T16:23:49.787+0000: 36.861: [GC (Allocation Failure) 2019-06-10T16:23:49.787+0000: 36.861: [DefNew: 136662K->151K(153600K), 0.0018718 secs] 181091K->44580K(494976K), 0.0019308 secs] [Times: user=0.00 sys=0.00, real=0.00 secs] 
2019-06-10T16:23:57.053+0000: 44.127: [GC (Allocation Failure) 2019-06-10T16:23:57.053+0000: 44.127: [DefNew: 136727K->185K(153600K), 0.0019567 secs] 181156K->44614K(494976K), 0.0020164 secs] [Times: user=0.00 sys=0.00, real=0.00 secs] 
2019-06-10T16:24:04.424+0000: 51.498: [GC (Allocation Failure) 2019-06-10T16:24:04.424+0000: 51.498: [DefNew: 136761K->189K(153600K), 0.0019834 secs] 181190K->44618K(494976K), 0.0020464 secs] [Times: user=0.01 sys=0.00, real=0.01 secs] 
2019-06-10T16:24:11.840+0000: 58.914: [GC (Allocation Failure) 2019-06-10T16:24:11.840+0000: 58.914: [DefNew: 136765K->188K(153600K), 0.0019907 secs] 181194K->44617K(494976K), 0.0020493 secs] [Times: user=0.00 sys=0.00, real=0.00 secs] 
16:24:25.703 [Curator-PathChildrenCache-0] ERROR o.a.c.f.r.c.PathChildrenCache  - 
java.lang.IllegalStateException: instance must be started before calling this method
	at org.apache.curator.shaded.com.google.common.base.Preconditions.checkState(Preconditions.java:444)
	at org.apache.curator.framework.imps.CuratorFrameworkImpl.getChildren(CuratorFrameworkImpl.java:456)
	at org.apache.curator.framework.recipes.cache.PathChildrenCache.refresh(PathChildrenCache.java:521)
	at org.apache.curator.framework.recipes.cache.RefreshOperation.invoke(RefreshOperation.java:35)
	at org.apache.curator.framework.recipes.cache.PathChildrenCache$9.run(PathChildrenCache.java:786)
	at java.util.concurrent.Executors$RunnableAdapter.call(Executors.java:511)
	at java.util.concurrent.FutureTask.run(FutureTask.java:266)
	at java.util.concurrent.Executors$RunnableAdapter.call(Executors.java:511)
	at java.util.concurrent.FutureTask.run(FutureTask.java:266)
	at java.util.concurrent.ThreadPoolExecutor.runWorker(ThreadPoolExecutor.java:1149)
	at java.util.concurrent.ThreadPoolExecutor$Worker.run(ThreadPoolExecutor.java:624)
	at java.lang.Thread.run(Thread.java:748)
Heap
 def new generation   total 153600K, used 122463K [0x00000000e0c00000, 0x00000000eb2a0000, 0x00000000eb2a0000)
  eden space 136576K,  89% used [0x00000000e0c00000, 0x00000000e8368b10, 0x00000000e9160000)
  from space 17024K,   1% used [0x00000000e9160000, 0x00000000e918f310, 0x00000000ea200000)
  to   space 17024K,   0% used [0x00000000ea200000, 0x00000000ea200000, 0x00000000eb2a0000)
 tenured generation   total 341376K, used 44428K [0x00000000eb2a0000, 0x0000000100000000, 0x0000000100000000)
   the space 341376K,  13% used [0x00000000eb2a0000, 0x00000000ede03378, 0x00000000ede03400, 0x0000000100000000)
 Metaspace       used 36340K, capacity 37266K, committed 37376K, reserved 1081344K
  class space    used 4871K, capacity 5077K, committed 5120K, reserved 1048576K
