17:03:13,569 |-INFO in ch.qos.logback.classic.LoggerContext[default] - Could NOT find resource [logback-test.xml]
17:03:13,569 |-INFO in ch.qos.logback.classic.LoggerContext[default] - Could NOT find resource [logback.groovy]
17:03:13,569 |-INFO in ch.qos.logback.classic.LoggerContext[default] - Found resource [logback.xml] at [jar:file:/root/flamestream/lib/flamestream-runtime-1.0-SNAPSHOT.jar!/logback.xml]
17:03:13,570 |-WARN in ch.qos.logback.classic.LoggerContext[default] - Resource [logback.xml] occurs multiple times on the classpath.
17:03:13,574 |-WARN in ch.qos.logback.classic.LoggerContext[default] - Resource [logback.xml] occurs at [jar:file:/root/flamestream/lib/flamestream-runtime-1.0-SNAPSHOT.jar!/logback.xml]
17:03:13,574 |-WARN in ch.qos.logback.classic.LoggerContext[default] - Resource [logback.xml] occurs at [jar:file:/root/flamestream/flamestream-runtime-1.0-SNAPSHOT.jar!/logback.xml]
17:03:13,593 |-INFO in ch.qos.logback.core.joran.spi.ConfigurationWatchList@3fb6a447 - URL [jar:file:/root/flamestream/lib/flamestream-runtime-1.0-SNAPSHOT.jar!/logback.xml] is not of type file
17:03:13,660 |-INFO in ch.qos.logback.classic.joran.action.ConfigurationAction - debug attribute not set
17:03:13,661 |-INFO in ch.qos.logback.core.joran.action.AppenderAction - About to instantiate appender of type [ch.qos.logback.core.ConsoleAppender]
17:03:13,677 |-INFO in ch.qos.logback.core.joran.action.AppenderAction - Naming appender as [STDOUT]
17:03:13,696 |-INFO in ch.qos.logback.core.joran.action.NestedComplexPropertyIA - Assuming default type [ch.qos.logback.classic.encoder.PatternLayoutEncoder] for [encoder] property
17:03:13,779 |-INFO in ch.qos.logback.core.joran.action.AppenderAction - About to instantiate appender of type [ch.qos.logback.core.rolling.RollingFileAppender]
17:03:13,787 |-INFO in ch.qos.logback.core.joran.action.AppenderAction - Naming appender as [FILE]
17:03:13,817 |-INFO in c.q.l.core.rolling.TimeBasedRollingPolicy@127618319 - No compression will be used
17:03:13,818 |-INFO in c.q.l.core.rolling.TimeBasedRollingPolicy@127618319 - Will use the pattern /tmp/application_%d{yyyy-MM-dd}.%i.log for the active file
17:03:13,821 |-INFO in ch.qos.logback.core.rolling.SizeAndTimeBasedFNATP@6b2fad11 - The date pattern is 'yyyy-MM-dd' from file name pattern '/tmp/application_%d{yyyy-MM-dd}.%i.log'.
17:03:13,821 |-INFO in ch.qos.logback.core.rolling.SizeAndTimeBasedFNATP@6b2fad11 - Roll-over at midnight.
17:03:13,827 |-INFO in ch.qos.logback.core.rolling.SizeAndTimeBasedFNATP@6b2fad11 - Setting initial period to Mon Jun 10 17:01:39 UTC 2019
17:03:13,827 |-WARN in ch.qos.logback.core.rolling.SizeAndTimeBasedFNATP@6b2fad11 - SizeAndTimeBasedFNATP is deprecated. Use SizeAndTimeBasedRollingPolicy instead
17:03:13,827 |-WARN in ch.qos.logback.core.rolling.SizeAndTimeBasedFNATP@6b2fad11 - For more information see http://logback.qos.ch/manual/appenders.html#SizeAndTimeBasedRollingPolicy
17:03:13,831 |-INFO in ch.qos.logback.core.joran.action.NestedComplexPropertyIA - Assuming default type [ch.qos.logback.classic.encoder.PatternLayoutEncoder] for [encoder] property
17:03:13,836 |-INFO in ch.qos.logback.core.rolling.RollingFileAppender[FILE] - Active log file name: /tmp/application.log
17:03:13,836 |-INFO in ch.qos.logback.core.rolling.RollingFileAppender[FILE] - File property is set to [/tmp/application.log]
17:03:13,837 |-INFO in ch.qos.logback.classic.joran.action.RootLoggerAction - Setting level of ROOT logger to WARN
17:03:13,837 |-INFO in ch.qos.logback.core.joran.action.AppenderRefAction - Attaching appender named [STDOUT] to Logger[ROOT]
17:03:13,839 |-INFO in ch.qos.logback.core.joran.action.AppenderRefAction - Attaching appender named [FILE] to Logger[ROOT]
17:03:13,839 |-INFO in ch.qos.logback.classic.joran.action.ConfigurationAction - End of configuration.
17:03:13,840 |-INFO in ch.qos.logback.classic.joran.JoranConfigurator@79698539 - Registering current configuration as safe fallback point

Ama winner
Ama winner
2019-06-10T17:03:15.138+0000: 1.751: [Full GC (Metadata GC Threshold) 2019-06-10T17:03:15.138+0000: 1.751: [Tenured: 0K->15143K(341376K), 0.0401058 secs] 114923K->15143K(494976K), [Metaspace: 20730K->20730K(1067008K)], 0.0401784 secs] [Times: user=0.04 sys=0.00, real=0.04 secs] 
17:03:35.760 [Curator-PathChildrenCache-1] WARN  o.a.c.u.ZKPaths  - The version of ZooKeeper being used doesn't support Container nodes. CreateMode.PERSISTENT will be used instead.
2019-06-10T17:03:37.979+0000: 24.591: [GC (Allocation Failure) 2019-06-10T17:03:37.979+0000: 24.591: [DefNew: 136576K->17024K(153600K), 0.0258923 secs] 151719K->52746K(494976K), 0.0259634 secs] [Times: user=0.02 sys=0.01, real=0.03 secs] 
2019-06-10T17:03:39.051+0000: 25.664: [Full GC (Metadata GC Threshold) 2019-06-10T17:03:39.051+0000: 25.664: [Tenured: 35722K->44470K(341376K), 0.0646394 secs] 78285K->44470K(494976K), [Metaspace: 34584K->34584K(1079296K)], 0.0647130 secs] [Times: user=0.06 sys=0.00, real=0.06 secs] 
2019-06-10T17:03:45.099+0000: 31.712: [GC (Allocation Failure) 2019-06-10T17:03:45.100+0000: 31.712: [DefNew: 136576K->70K(153600K), 0.0018119 secs] 181046K->44541K(494976K), 0.0018720 secs] [Times: user=0.00 sys=0.00, real=0.00 secs] 
2019-06-10T17:03:50.887+0000: 37.499: [GC (Allocation Failure) 2019-06-10T17:03:50.887+0000: 37.499: [DefNew: 136646K->74K(153600K), 0.0016591 secs] 181117K->44545K(494976K), 0.0017248 secs] [Times: user=0.00 sys=0.00, real=0.00 secs] 
2019-06-10T17:03:56.817+0000: 43.430: [GC (Allocation Failure) 2019-06-10T17:03:56.817+0000: 43.430: [DefNew: 136650K->71K(153600K), 0.0016978 secs] 181121K->44542K(494976K), 0.0017576 secs] [Times: user=0.00 sys=0.00, real=0.00 secs] 
2019-06-10T17:04:02.754+0000: 49.367: [GC (Allocation Failure) 2019-06-10T17:04:02.754+0000: 49.367: [DefNew: 136647K->75K(153600K), 0.0016791 secs] 181118K->44546K(494976K), 0.0017388 secs] [Times: user=0.00 sys=0.00, real=0.00 secs] 
2019-06-10T17:04:15.338+0000: 61.951: [GC (Allocation Failure) 2019-06-10T17:04:15.338+0000: 61.951: [DefNew: 136651K->399K(153600K), 0.0021841 secs] 181122K->44870K(494976K), 0.0022449 secs] [Times: user=0.00 sys=0.00, real=0.00 secs] 
17:04:18.700 [Curator-PathChildrenCache-0] ERROR o.a.c.f.r.c.PathChildrenCache  - 
java.lang.IllegalStateException: instance must be started before calling this method
	at org.apache.curator.shaded.com.google.common.base.Preconditions.checkState(Preconditions.java:444)
	at org.apache.curator.framework.imps.CuratorFrameworkImpl.getChildren(CuratorFrameworkImpl.java:456)
	at org.apache.curator.framework.recipes.cache.PathChildrenCache.refresh(PathChildrenCache.java:521)
	at org.apache.curator.framework.recipes.cache.RefreshOperation.invoke(RefreshOperation.java:35)
	at org.apache.curator.framework.recipes.cache.PathChildrenCache$9.run(PathChildrenCache.java:786)
	at java.util.concurrent.Executors$RunnableAdapter.call(Executors.java:511)
	at java.util.concurrent.FutureTask.run(FutureTask.java:266)
	at java.util.concurrent.Executors$RunnableAdapter.call(Executors.java:511)
	at java.util.concurrent.FutureTask.run(FutureTask.java:266)
	at java.util.concurrent.ThreadPoolExecutor.runWorker(ThreadPoolExecutor.java:1149)
	at java.util.concurrent.ThreadPoolExecutor$Worker.run(ThreadPoolExecutor.java:624)
	at java.lang.Thread.run(Thread.java:748)
Heap
 def new generation   total 153600K, used 26137K [0x00000000e0c00000, 0x00000000eb2a0000, 0x00000000eb2a0000)
  eden space 136576K,  18% used [0x00000000e0c00000, 0x00000000e2522990, 0x00000000e9160000)
  from space 17024K,   2% used [0x00000000e9160000, 0x00000000e91c3cd0, 0x00000000ea200000)
  to   space 17024K,   0% used [0x00000000ea200000, 0x00000000ea200000, 0x00000000eb2a0000)
 tenured generation   total 341376K, used 44470K [0x00000000eb2a0000, 0x0000000100000000, 0x0000000100000000)
   the space 341376K,  13% used [0x00000000eb2a0000, 0x00000000ede0dbc0, 0x00000000ede0dc00, 0x0000000100000000)
 Metaspace       used 36106K, capacity 36992K, committed 37120K, reserved 1081344K
  class space    used 4870K, capacity 5074K, committed 5120K, reserved 1048576K
