23:59:14,359 |-INFO in ch.qos.logback.classic.LoggerContext[default] - Could NOT find resource [logback-test.xml]
23:59:14,359 |-INFO in ch.qos.logback.classic.LoggerContext[default] - Could NOT find resource [logback.groovy]
23:59:14,359 |-INFO in ch.qos.logback.classic.LoggerContext[default] - Found resource [logback.xml] at [jar:file:/home/nikitasokolov/flamestream/lib/flamestream-runtime-1.0-SNAPSHOT.jar!/logback.xml]
23:59:14,360 |-WARN in ch.qos.logback.classic.LoggerContext[default] - Resource [logback.xml] occurs multiple times on the classpath.
23:59:14,360 |-WARN in ch.qos.logback.classic.LoggerContext[default] - Resource [logback.xml] occurs at [jar:file:/home/nikitasokolov/flamestream/lib/flamestream-runtime-1.0-SNAPSHOT.jar!/logback.xml]
23:59:14,360 |-WARN in ch.qos.logback.classic.LoggerContext[default] - Resource [logback.xml] occurs at [jar:file:/home/nikitasokolov/flamestream/flamestream-runtime-1.0-SNAPSHOT.jar!/logback.xml]
23:59:14,376 |-INFO in ch.qos.logback.core.joran.spi.ConfigurationWatchList@6108b2d7 - URL [jar:file:/home/nikitasokolov/flamestream/lib/flamestream-runtime-1.0-SNAPSHOT.jar!/logback.xml] is not of type file
23:59:14,429 |-INFO in ch.qos.logback.classic.joran.action.ConfigurationAction - debug attribute not set
23:59:14,430 |-INFO in ch.qos.logback.core.joran.action.AppenderAction - About to instantiate appender of type [ch.qos.logback.core.ConsoleAppender]
23:59:14,440 |-INFO in ch.qos.logback.core.joran.action.AppenderAction - Naming appender as [STDOUT]
23:59:14,448 |-INFO in ch.qos.logback.core.joran.action.NestedComplexPropertyIA - Assuming default type [ch.qos.logback.classic.encoder.PatternLayoutEncoder] for [encoder] property
23:59:14,505 |-INFO in ch.qos.logback.core.joran.action.AppenderAction - About to instantiate appender of type [ch.qos.logback.core.rolling.RollingFileAppender]
23:59:14,512 |-INFO in ch.qos.logback.core.joran.action.AppenderAction - Naming appender as [FILE]
23:59:14,536 |-INFO in c.q.l.core.rolling.TimeBasedRollingPolicy@357863579 - No compression will be used
23:59:14,537 |-INFO in c.q.l.core.rolling.TimeBasedRollingPolicy@357863579 - Will use the pattern /tmp/application_%d{yyyy-MM-dd}.%i.log for the active file
23:59:14,540 |-INFO in ch.qos.logback.core.rolling.SizeAndTimeBasedFNATP@6bf256fa - The date pattern is 'yyyy-MM-dd' from file name pattern '/tmp/application_%d{yyyy-MM-dd}.%i.log'.
23:59:14,540 |-INFO in ch.qos.logback.core.rolling.SizeAndTimeBasedFNATP@6bf256fa - Roll-over at midnight.
23:59:14,544 |-INFO in ch.qos.logback.core.rolling.SizeAndTimeBasedFNATP@6bf256fa - Setting initial period to Sat Jun 08 23:58:31 MSK 2019
23:59:14,544 |-WARN in ch.qos.logback.core.rolling.SizeAndTimeBasedFNATP@6bf256fa - SizeAndTimeBasedFNATP is deprecated. Use SizeAndTimeBasedRollingPolicy instead
23:59:14,544 |-WARN in ch.qos.logback.core.rolling.SizeAndTimeBasedFNATP@6bf256fa - For more information see http://logback.qos.ch/manual/appenders.html#SizeAndTimeBasedRollingPolicy
23:59:14,548 |-INFO in ch.qos.logback.core.joran.action.NestedComplexPropertyIA - Assuming default type [ch.qos.logback.classic.encoder.PatternLayoutEncoder] for [encoder] property
23:59:14,551 |-INFO in ch.qos.logback.core.rolling.RollingFileAppender[FILE] - Active log file name: /tmp/application.log
23:59:14,551 |-INFO in ch.qos.logback.core.rolling.RollingFileAppender[FILE] - File property is set to [/tmp/application.log]
23:59:14,552 |-INFO in ch.qos.logback.classic.joran.action.RootLoggerAction - Setting level of ROOT logger to WARN
23:59:14,552 |-INFO in ch.qos.logback.core.joran.action.AppenderRefAction - Attaching appender named [STDOUT] to Logger[ROOT]
23:59:14,552 |-INFO in ch.qos.logback.core.joran.action.AppenderRefAction - Attaching appender named [FILE] to Logger[ROOT]
23:59:14,552 |-INFO in ch.qos.logback.classic.joran.action.ConfigurationAction - End of configuration.
23:59:14,553 |-INFO in ch.qos.logback.classic.joran.JoranConfigurator@6cd8737 - Registering current configuration as safe fallback point

2019-06-08T23:59:15.545+0300: 1.383: [GC (Metadata GC Threshold) [PSYoungGen: 108152K->15826K(149504K)] 108152K->15906K(491008K), 0.0199654 secs] [Times: user=0.04 sys=0.06, real=0.02 secs] 
2019-06-08T23:59:15.565+0300: 1.403: [Full GC (Metadata GC Threshold) [PSYoungGen: 15826K->0K(149504K)] [ParOldGen: 80K->15077K(341504K)] 15906K->15077K(491008K), [Metaspace: 20805K->20805K(1067008K)], 0.0261242 secs] [Times: user=0.17 sys=0.00, real=0.03 secs] 
23:59:22.894 [Curator-PathChildrenCache-1] WARN  o.a.c.u.ZKPaths  - The version of ZooKeeper being used doesn't support Container nodes. CreateMode.PERSISTENT will be used instead.
2019-06-08T23:59:23.868+0300: 9.706: [GC (Metadata GC Threshold) [PSYoungGen: 127492K->20987K(149504K)] 142570K->50076K(491008K), 0.0202007 secs] [Times: user=0.19 sys=0.02, real=0.02 secs] 
2019-06-08T23:59:23.888+0300: 9.727: [Full GC (Metadata GC Threshold) [PSYoungGen: 20987K->0K(149504K)] [ParOldGen: 29088K->39052K(341504K)] 50076K->39052K(491008K), [Metaspace: 34560K->34560K(1079296K)], 0.0320726 secs] [Times: user=0.15 sys=0.01, real=0.04 secs] 
2019-06-08T23:59:26.188+0300: 12.027: [GC (Allocation Failure) [PSYoungGen: 128512K->608K(149504K)] 167564K->39668K(491008K), 0.0035578 secs] [Times: user=0.01 sys=0.00, real=0.01 secs] 
2019-06-08T23:59:28.988+0300: 14.826: [GC (Allocation Failure) [PSYoungGen: 129120K->608K(149504K)] 168180K->39676K(491008K), 0.0027968 secs] [Times: user=0.02 sys=0.00, real=0.01 secs] 
2019-06-08T23:59:31.809+0300: 17.647: [GC (Allocation Failure) [PSYoungGen: 129120K->608K(129536K)] 168188K->39684K(471040K), 0.0077491 secs] [Times: user=0.05 sys=0.04, real=0.01 secs] 
2019-06-08T23:59:34.695+0300: 20.534: [GC (Allocation Failure) [PSYoungGen: 129120K->608K(132608K)] 168196K->39684K(474112K), 0.0031022 secs] [Times: user=0.01 sys=0.00, real=0.01 secs] 
2019-06-08T23:59:36.630+0300: 22.469: [GC (Allocation Failure) [PSYoungGen: 93280K->704K(130560K)] 132356K->39788K(472064K), 0.0041837 secs] [Times: user=0.03 sys=0.01, real=0.00 secs] 
2019-06-08T23:59:38.677+0300: 24.515: [GC (Allocation Failure) [PSYoungGen: 93376K->704K(136704K)] 132460K->39796K(478208K), 0.0046167 secs] [Times: user=0.00 sys=0.02, real=0.01 secs] 
2019-06-08T23:59:40.921+0300: 26.760: [GC (Allocation Failure) [PSYoungGen: 102080K->736K(135168K)] 141172K->39836K(476672K), 0.0027848 secs] [Times: user=0.01 sys=0.00, real=0.00 secs] 
2019-06-08T23:59:43.156+0300: 28.995: [GC (Allocation Failure) [PSYoungGen: 102112K->768K(140288K)] 141212K->39876K(481792K), 0.0028457 secs] [Times: user=0.02 sys=0.01, real=0.01 secs] 
2019-06-08T23:59:45.558+0300: 31.397: [GC (Allocation Failure) [PSYoungGen: 109312K->736K(138752K)] 148420K->39852K(480256K), 0.0027452 secs] [Times: user=0.01 sys=0.00, real=0.00 secs] 
2019-06-08T23:59:47.987+0300: 33.826: [GC (Allocation Failure) [PSYoungGen: 109280K->736K(143360K)] 148396K->39852K(484864K), 0.0026867 secs] [Times: user=0.01 sys=0.00, real=0.01 secs] 
2019-06-08T23:59:50.551+0300: 36.390: [GC (Allocation Failure) [PSYoungGen: 115424K->736K(141824K)] 154540K->39852K(483328K), 0.0050473 secs] [Times: user=0.04 sys=0.01, real=0.00 secs] 
2019-06-08T23:59:53.085+0300: 38.923: [GC (Allocation Failure) [PSYoungGen: 115424K->672K(146432K)] 154540K->39788K(487936K), 0.0024388 secs] [Times: user=0.01 sys=0.00, real=0.00 secs] 
2019-06-08T23:59:55.763+0300: 41.601: [GC (Allocation Failure) [PSYoungGen: 121504K->608K(144896K)] 160620K->39724K(486400K), 0.0026225 secs] [Times: user=0.01 sys=0.01, real=0.00 secs] 
2019-06-08T23:59:58.444+0300: 44.283: [GC (Allocation Failure) [PSYoungGen: 121440K->608K(148992K)] 160556K->39732K(490496K), 0.0026801 secs] [Times: user=0.01 sys=0.00, real=0.00 secs] 
2019-06-09T00:00:01.254+0300: 47.093: [GC (Allocation Failure) [PSYoungGen: 127072K->672K(147968K)] 166196K->39796K(489472K), 0.0027169 secs] [Times: user=0.01 sys=0.00, real=0.00 secs] 
2019-06-09T00:00:04.056+0300: 49.895: [GC (Allocation Failure) [PSYoungGen: 127136K->416K(151552K)] 166260K->39884K(493056K), 0.0687409 secs] [Times: user=0.02 sys=0.00, real=0.07 secs] 
2019-06-09T00:00:06.989+0300: 52.827: [GC (Allocation Failure) [PSYoungGen: 132000K->384K(150528K)] 171468K->39940K(492032K), 0.0026639 secs] [Times: user=0.01 sys=0.01, real=0.01 secs] 
2019-06-09T00:00:09.910+0300: 55.749: [GC (Allocation Failure) [PSYoungGen: 131968K->352K(154112K)] 171524K->39948K(495616K), 0.0037329 secs] [Times: user=0.01 sys=0.01, real=0.00 secs] 
2019-06-09T00:00:12.945+0300: 58.783: [GC (Allocation Failure) [PSYoungGen: 136544K->320K(152576K)] 176140K->39956K(494080K), 0.0030588 secs] [Times: user=0.02 sys=0.00, real=0.00 secs] 
2019-06-09T00:00:23.751+0300: 69.590: [GC (Allocation Failure) [PSYoungGen: 136512K->663K(156160K)] 176148K->40459K(497664K), 0.0029812 secs] [Times: user=0.01 sys=0.00, real=0.00 secs] 
00:00:23.820 [Curator-PathChildrenCache-0] ERROR o.a.c.f.r.c.PathChildrenCache  - 
java.lang.IllegalStateException: instance must be started before calling this method
	at org.apache.curator.shaded.com.google.common.base.Preconditions.checkState(Preconditions.java:444)
	at org.apache.curator.framework.imps.CuratorFrameworkImpl.getChildren(CuratorFrameworkImpl.java:456)
	at org.apache.curator.framework.recipes.cache.PathChildrenCache.refresh(PathChildrenCache.java:521)
	at org.apache.curator.framework.recipes.cache.RefreshOperation.invoke(RefreshOperation.java:35)
	at org.apache.curator.framework.recipes.cache.PathChildrenCache$9.run(PathChildrenCache.java:786)
	at java.util.concurrent.Executors$RunnableAdapter.call(Executors.java:511)
	at java.util.concurrent.FutureTask.run(FutureTask.java:266)
	at java.util.concurrent.Executors$RunnableAdapter.call(Executors.java:511)
	at java.util.concurrent.FutureTask.run(FutureTask.java:266)
	at java.util.concurrent.ThreadPoolExecutor.runWorker(ThreadPoolExecutor.java:1149)
	at java.util.concurrent.ThreadPoolExecutor$Worker.run(ThreadPoolExecutor.java:624)
	at java.lang.Thread.run(Thread.java:748)
Heap
 PSYoungGen      total 156160K, used 14969K [0x00000000f5980000, 0x0000000100000000, 0x0000000100000000)
  eden space 140800K, 10% used [0x00000000f5980000,0x00000000f6778788,0x00000000fe300000)
  from space 15360K, 4% used [0x00000000ff100000,0x00000000ff1a5ce0,0x0000000100000000)
  to   space 14336K, 0% used [0x00000000fe300000,0x00000000fe300000,0x00000000ff100000)
 ParOldGen       total 341504K, used 39796K [0x00000000e0c00000, 0x00000000f5980000, 0x00000000f5980000)
  object space 341504K, 11% used [0x00000000e0c00000,0x00000000e32dd0f8,0x00000000f5980000)
 Metaspace       used 36167K, capacity 37030K, committed 37208K, reserved 1081344K
  class space    used 4980K, capacity 5161K, committed 5248K, reserved 1048576K
