06:23:28,555 |-INFO in ch.qos.logback.classic.LoggerContext[default] - Could NOT find resource [logback-test.xml]
06:23:28,555 |-INFO in ch.qos.logback.classic.LoggerContext[default] - Could NOT find resource [logback.groovy]
06:23:28,555 |-INFO in ch.qos.logback.classic.LoggerContext[default] - Found resource [logback.xml] at [jar:file:/home/nikitasokolov/flamestream/lib/flamestream-runtime-1.0-SNAPSHOT.jar!/logback.xml]
06:23:28,555 |-WARN in ch.qos.logback.classic.LoggerContext[default] - Resource [logback.xml] occurs multiple times on the classpath.
06:23:28,556 |-WARN in ch.qos.logback.classic.LoggerContext[default] - Resource [logback.xml] occurs at [jar:file:/home/nikitasokolov/flamestream/lib/flamestream-runtime-1.0-SNAPSHOT.jar!/logback.xml]
06:23:28,556 |-WARN in ch.qos.logback.classic.LoggerContext[default] - Resource [logback.xml] occurs at [jar:file:/home/nikitasokolov/flamestream/flamestream-runtime-1.0-SNAPSHOT.jar!/logback.xml]
06:23:28,574 |-INFO in ch.qos.logback.core.joran.spi.ConfigurationWatchList@6108b2d7 - URL [jar:file:/home/nikitasokolov/flamestream/lib/flamestream-runtime-1.0-SNAPSHOT.jar!/logback.xml] is not of type file
06:23:28,626 |-INFO in ch.qos.logback.classic.joran.action.ConfigurationAction - debug attribute not set
06:23:28,627 |-INFO in ch.qos.logback.core.joran.action.AppenderAction - About to instantiate appender of type [ch.qos.logback.core.ConsoleAppender]
06:23:28,634 |-INFO in ch.qos.logback.core.joran.action.AppenderAction - Naming appender as [STDOUT]
06:23:28,642 |-INFO in ch.qos.logback.core.joran.action.NestedComplexPropertyIA - Assuming default type [ch.qos.logback.classic.encoder.PatternLayoutEncoder] for [encoder] property
06:23:28,695 |-INFO in ch.qos.logback.core.joran.action.AppenderAction - About to instantiate appender of type [ch.qos.logback.core.rolling.RollingFileAppender]
06:23:28,700 |-INFO in ch.qos.logback.core.joran.action.AppenderAction - Naming appender as [FILE]
06:23:28,720 |-INFO in c.q.l.core.rolling.TimeBasedRollingPolicy@357863579 - No compression will be used
06:23:28,722 |-INFO in c.q.l.core.rolling.TimeBasedRollingPolicy@357863579 - Will use the pattern /tmp/application_%d{yyyy-MM-dd}.%i.log for the active file
06:23:28,724 |-INFO in ch.qos.logback.core.rolling.SizeAndTimeBasedFNATP@6bf256fa - The date pattern is 'yyyy-MM-dd' from file name pattern '/tmp/application_%d{yyyy-MM-dd}.%i.log'.
06:23:28,724 |-INFO in ch.qos.logback.core.rolling.SizeAndTimeBasedFNATP@6bf256fa - Roll-over at midnight.
06:23:28,728 |-INFO in ch.qos.logback.core.rolling.SizeAndTimeBasedFNATP@6bf256fa - Setting initial period to Sun Jun 09 06:22:44 MSK 2019
06:23:28,728 |-WARN in ch.qos.logback.core.rolling.SizeAndTimeBasedFNATP@6bf256fa - SizeAndTimeBasedFNATP is deprecated. Use SizeAndTimeBasedRollingPolicy instead
06:23:28,728 |-WARN in ch.qos.logback.core.rolling.SizeAndTimeBasedFNATP@6bf256fa - For more information see http://logback.qos.ch/manual/appenders.html#SizeAndTimeBasedRollingPolicy
06:23:28,733 |-INFO in ch.qos.logback.core.joran.action.NestedComplexPropertyIA - Assuming default type [ch.qos.logback.classic.encoder.PatternLayoutEncoder] for [encoder] property
06:23:28,735 |-INFO in ch.qos.logback.core.rolling.RollingFileAppender[FILE] - Active log file name: /tmp/application.log
06:23:28,735 |-INFO in ch.qos.logback.core.rolling.RollingFileAppender[FILE] - File property is set to [/tmp/application.log]
06:23:28,736 |-INFO in ch.qos.logback.classic.joran.action.RootLoggerAction - Setting level of ROOT logger to WARN
06:23:28,736 |-INFO in ch.qos.logback.core.joran.action.AppenderRefAction - Attaching appender named [STDOUT] to Logger[ROOT]
06:23:28,737 |-INFO in ch.qos.logback.core.joran.action.AppenderRefAction - Attaching appender named [FILE] to Logger[ROOT]
06:23:28,737 |-INFO in ch.qos.logback.classic.joran.action.ConfigurationAction - End of configuration.
06:23:28,737 |-INFO in ch.qos.logback.classic.joran.JoranConfigurator@6cd8737 - Registering current configuration as safe fallback point

2019-06-09T06:23:29.756+0300: 1.400: [GC (Metadata GC Threshold) [PSYoungGen: 108152K->15825K(149504K)] 108152K->15905K(491008K), 0.0225583 secs] [Times: user=0.10 sys=0.02, real=0.03 secs] 
2019-06-09T06:23:29.779+0300: 1.422: [Full GC (Metadata GC Threshold) [PSYoungGen: 15825K->0K(149504K)] [ParOldGen: 80K->14981K(341504K)] 15905K->14981K(491008K), [Metaspace: 20806K->20806K(1067008K)], 0.0263651 secs] [Times: user=0.16 sys=0.00, real=0.02 secs] 
06:23:38.008 [Curator-PathChildrenCache-1] WARN  o.a.c.u.ZKPaths  - The version of ZooKeeper being used doesn't support Container nodes. CreateMode.PERSISTENT will be used instead.
2019-06-09T06:23:39.010+0300: 10.654: [GC (Metadata GC Threshold) [PSYoungGen: 125236K->15768K(149504K)] 140218K->50290K(491008K), 0.0282704 secs] [Times: user=0.23 sys=0.02, real=0.03 secs] 
2019-06-09T06:23:39.039+0300: 10.682: [Full GC (Metadata GC Threshold) [PSYoungGen: 15768K->0K(149504K)] [ParOldGen: 34521K->38783K(341504K)] 50290K->38783K(491008K), [Metaspace: 34572K->34572K(1079296K)], 0.0362574 secs] [Times: user=0.19 sys=0.01, real=0.03 secs] 
2019-06-09T06:23:43.868+0300: 15.511: [GC (Allocation Failure) [PSYoungGen: 128512K->576K(149504K)] 167295K->39367K(491008K), 0.0040140 secs] [Times: user=0.02 sys=0.00, real=0.01 secs] 
2019-06-09T06:23:49.240+0300: 20.883: [GC (Allocation Failure) [PSYoungGen: 129088K->544K(149504K)] 167879K->39343K(491008K), 0.0584384 secs] [Times: user=0.02 sys=0.00, real=0.06 secs] 
2019-06-09T06:23:54.680+0300: 26.324: [GC (Allocation Failure) [PSYoungGen: 129056K->544K(129536K)] 167855K->39351K(471040K), 0.0581483 secs] [Times: user=0.03 sys=0.00, real=0.06 secs] 
2019-06-09T06:24:00.001+0300: 31.644: [GC (Allocation Failure) [PSYoungGen: 129056K->544K(150016K)] 167863K->39359K(491520K), 0.0783958 secs] [Times: user=0.03 sys=0.00, real=0.08 secs] 
2019-06-09T06:24:05.450+0300: 37.093: [GC (Allocation Failure) [PSYoungGen: 129056K->512K(148992K)] 167871K->39327K(490496K), 0.0043213 secs] [Times: user=0.01 sys=0.01, real=0.00 secs] 
2019-06-09T06:24:10.910+0300: 42.554: [GC (Allocation Failure) [PSYoungGen: 129024K->480K(151552K)] 167839K->39295K(493056K), 0.0027466 secs] [Times: user=0.01 sys=0.00, real=0.00 secs] 
2019-06-09T06:24:16.482+0300: 48.125: [GC (Allocation Failure) [PSYoungGen: 132576K->512K(151040K)] 171391K->39335K(492544K), 0.0042115 secs] [Times: user=0.03 sys=0.01, real=0.00 secs] 
2019-06-09T06:24:22.059+0300: 53.703: [GC (Allocation Failure) [PSYoungGen: 132608K->576K(153088K)] 171431K->39407K(494592K), 0.0667025 secs] [Times: user=0.03 sys=0.00, real=0.06 secs] 
2019-06-09T06:24:27.755+0300: 59.399: [GC (Allocation Failure) [PSYoungGen: 135744K->448K(152576K)] 174575K->39287K(494080K), 0.0034750 secs] [Times: user=0.01 sys=0.01, real=0.01 secs] 
2019-06-09T06:24:34.270+0300: 65.914: [GC (Allocation Failure) [PSYoungGen: 135616K->887K(155136K)] 174455K->39734K(496640K), 0.0035589 secs] [Times: user=0.02 sys=0.00, real=0.00 secs] 
2019-06-09T06:24:41.684+0300: 73.328: [GC (Allocation Failure) [PSYoungGen: 139639K->608K(154112K)] 178486K->39463K(495616K), 0.0044313 secs] [Times: user=0.02 sys=0.00, real=0.00 secs] 
2019-06-09T06:24:49.201+0300: 80.845: [GC (Allocation Failure) [PSYoungGen: 139360K->672K(156672K)] 178215K->39535K(498176K), 0.0038565 secs] [Times: user=0.01 sys=0.00, real=0.00 secs] 
06:25:08.263 [Curator-PathChildrenCache-0] ERROR o.a.c.f.r.c.PathChildrenCache  - 
java.lang.IllegalStateException: instance must be started before calling this method
	at org.apache.curator.shaded.com.google.common.base.Preconditions.checkState(Preconditions.java:444)
	at org.apache.curator.framework.imps.CuratorFrameworkImpl.getChildren(CuratorFrameworkImpl.java:456)
	at org.apache.curator.framework.recipes.cache.PathChildrenCache.refresh(PathChildrenCache.java:521)
	at org.apache.curator.framework.recipes.cache.RefreshOperation.invoke(RefreshOperation.java:35)
	at org.apache.curator.framework.recipes.cache.PathChildrenCache$9.run(PathChildrenCache.java:786)
	at java.util.concurrent.Executors$RunnableAdapter.call(Executors.java:511)
	at java.util.concurrent.FutureTask.run(FutureTask.java:266)
	at java.util.concurrent.Executors$RunnableAdapter.call(Executors.java:511)
	at java.util.concurrent.FutureTask.run(FutureTask.java:266)
	at java.util.concurrent.ThreadPoolExecutor.runWorker(ThreadPoolExecutor.java:1149)
	at java.util.concurrent.ThreadPoolExecutor$Worker.run(ThreadPoolExecutor.java:624)
	at java.lang.Thread.run(Thread.java:748)
Heap
 PSYoungGen      total 156672K, used 126056K [0x00000000f5980000, 0x0000000100000000, 0x0000000100000000)
  eden space 141824K, 88% used [0x00000000f5980000,0x00000000fd3f2148,0x00000000fe400000)
  from space 14848K, 4% used [0x00000000ff180000,0x00000000ff228060,0x0000000100000000)
  to   space 13824K, 0% used [0x00000000fe400000,0x00000000fe400000,0x00000000ff180000)
 ParOldGen       total 341504K, used 38863K [0x00000000e0c00000, 0x00000000f5980000, 0x00000000f5980000)
  object space 341504K, 11% used [0x00000000e0c00000,0x00000000e31f3d40,0x00000000f5980000)
 Metaspace       used 36208K, capacity 37022K, committed 37208K, reserved 1081344K
  class space    used 4979K, capacity 5161K, committed 5248K, reserved 1048576K
