17:05:47,039 |-INFO in ch.qos.logback.classic.LoggerContext[default] - Could NOT find resource [logback-test.xml]
17:05:47,040 |-INFO in ch.qos.logback.classic.LoggerContext[default] - Could NOT find resource [logback.groovy]
17:05:47,040 |-INFO in ch.qos.logback.classic.LoggerContext[default] - Found resource [logback.xml] at [jar:file:/root/flamestream/lib/flamestream-runtime-1.0-SNAPSHOT.jar!/logback.xml]
17:05:47,041 |-WARN in ch.qos.logback.classic.LoggerContext[default] - Resource [logback.xml] occurs multiple times on the classpath.
17:05:47,041 |-WARN in ch.qos.logback.classic.LoggerContext[default] - Resource [logback.xml] occurs at [jar:file:/root/flamestream/lib/flamestream-runtime-1.0-SNAPSHOT.jar!/logback.xml]
17:05:47,041 |-WARN in ch.qos.logback.classic.LoggerContext[default] - Resource [logback.xml] occurs at [jar:file:/root/flamestream/flamestream-runtime-1.0-SNAPSHOT.jar!/logback.xml]
17:05:47,061 |-INFO in ch.qos.logback.core.joran.spi.ConfigurationWatchList@3fb6a447 - URL [jar:file:/root/flamestream/lib/flamestream-runtime-1.0-SNAPSHOT.jar!/logback.xml] is not of type file
17:05:47,137 |-INFO in ch.qos.logback.classic.joran.action.ConfigurationAction - debug attribute not set
17:05:47,138 |-INFO in ch.qos.logback.core.joran.action.AppenderAction - About to instantiate appender of type [ch.qos.logback.core.ConsoleAppender]
17:05:47,150 |-INFO in ch.qos.logback.core.joran.action.AppenderAction - Naming appender as [STDOUT]
17:05:47,174 |-INFO in ch.qos.logback.core.joran.action.NestedComplexPropertyIA - Assuming default type [ch.qos.logback.classic.encoder.PatternLayoutEncoder] for [encoder] property
17:05:47,250 |-INFO in ch.qos.logback.core.joran.action.AppenderAction - About to instantiate appender of type [ch.qos.logback.core.rolling.RollingFileAppender]
17:05:47,259 |-INFO in ch.qos.logback.core.joran.action.AppenderAction - Naming appender as [FILE]
17:05:47,291 |-INFO in c.q.l.core.rolling.TimeBasedRollingPolicy@127618319 - No compression will be used
17:05:47,293 |-INFO in c.q.l.core.rolling.TimeBasedRollingPolicy@127618319 - Will use the pattern /tmp/application_%d{yyyy-MM-dd}.%i.log for the active file
17:05:47,296 |-INFO in ch.qos.logback.core.rolling.SizeAndTimeBasedFNATP@6b2fad11 - The date pattern is 'yyyy-MM-dd' from file name pattern '/tmp/application_%d{yyyy-MM-dd}.%i.log'.
17:05:47,296 |-INFO in ch.qos.logback.core.rolling.SizeAndTimeBasedFNATP@6b2fad11 - Roll-over at midnight.
17:05:47,301 |-INFO in ch.qos.logback.core.rolling.SizeAndTimeBasedFNATP@6b2fad11 - Setting initial period to Mon Jun 10 17:04:17 UTC 2019
17:05:47,301 |-WARN in ch.qos.logback.core.rolling.SizeAndTimeBasedFNATP@6b2fad11 - SizeAndTimeBasedFNATP is deprecated. Use SizeAndTimeBasedRollingPolicy instead
17:05:47,301 |-WARN in ch.qos.logback.core.rolling.SizeAndTimeBasedFNATP@6b2fad11 - For more information see http://logback.qos.ch/manual/appenders.html#SizeAndTimeBasedRollingPolicy
17:05:47,305 |-INFO in ch.qos.logback.core.joran.action.NestedComplexPropertyIA - Assuming default type [ch.qos.logback.classic.encoder.PatternLayoutEncoder] for [encoder] property
17:05:47,310 |-INFO in ch.qos.logback.core.rolling.RollingFileAppender[FILE] - Active log file name: /tmp/application.log
17:05:47,310 |-INFO in ch.qos.logback.core.rolling.RollingFileAppender[FILE] - File property is set to [/tmp/application.log]
17:05:47,311 |-INFO in ch.qos.logback.classic.joran.action.RootLoggerAction - Setting level of ROOT logger to WARN
17:05:47,311 |-INFO in ch.qos.logback.core.joran.action.AppenderRefAction - Attaching appender named [STDOUT] to Logger[ROOT]
17:05:47,313 |-INFO in ch.qos.logback.core.joran.action.AppenderRefAction - Attaching appender named [FILE] to Logger[ROOT]
17:05:47,313 |-INFO in ch.qos.logback.classic.joran.action.ConfigurationAction - End of configuration.
17:05:47,313 |-INFO in ch.qos.logback.classic.joran.JoranConfigurator@79698539 - Registering current configuration as safe fallback point

Ama winner
Ama winner
2019-06-10T17:05:48.636+0000: 1.787: [Full GC (Metadata GC Threshold) 2019-06-10T17:05:48.636+0000: 1.787: [Tenured: 0K->15177K(341376K), 0.0417711 secs] 114988K->15177K(494976K), [Metaspace: 20739K->20739K(1067008K)], 0.0418407 secs] [Times: user=0.03 sys=0.01, real=0.04 secs] 
17:06:10.459 [Curator-PathChildrenCache-1] WARN  o.a.c.u.ZKPaths  - The version of ZooKeeper being used doesn't support Container nodes. CreateMode.PERSISTENT will be used instead.
2019-06-10T17:06:12.964+0000: 26.114: [GC (Allocation Failure) 2019-06-10T17:06:12.964+0000: 26.114: [DefNew: 136576K->17023K(153600K), 0.0260064 secs] 151753K->52466K(494976K), 0.0260852 secs] [Times: user=0.02 sys=0.01, real=0.03 secs] 
2019-06-10T17:06:17.118+0000: 30.268: [Full GC (Metadata GC Threshold) 2019-06-10T17:06:17.118+0000: 30.268: [Tenured: 35442K->43820K(341376K), 0.0527986 secs] 140978K->43820K(494976K), [Metaspace: 34584K->34584K(1079296K)], 0.0528731 secs] [Times: user=0.05 sys=0.00, real=0.05 secs] 
2019-06-10T17:06:23.179+0000: 36.329: [GC (Allocation Failure) 2019-06-10T17:06:23.179+0000: 36.329: [DefNew: 136576K->55K(153600K), 0.0018308 secs] 180396K->43876K(494976K), 0.0018949 secs] [Times: user=0.00 sys=0.00, real=0.00 secs] 
2019-06-10T17:06:29.335+0000: 42.485: [GC (Allocation Failure) 2019-06-10T17:06:29.335+0000: 42.485: [DefNew: 136631K->53K(153600K), 0.0018157 secs] 180452K->43874K(494976K), 0.0018777 secs] [Times: user=0.00 sys=0.00, real=0.00 secs] 
2019-06-10T17:06:35.452+0000: 48.602: [GC (Allocation Failure) 2019-06-10T17:06:35.452+0000: 48.602: [DefNew: 136629K->55K(153600K), 0.0016154 secs] 180450K->43876K(494976K), 0.0016752 secs] [Times: user=0.00 sys=0.00, real=0.00 secs] 
2019-06-10T17:06:41.616+0000: 54.766: [GC (Allocation Failure) 2019-06-10T17:06:41.616+0000: 54.766: [DefNew: 136631K->54K(153600K), 0.0017267 secs] 180452K->43875K(494976K), 0.0017909 secs] [Times: user=0.00 sys=0.00, real=0.00 secs] 
2019-06-10T17:06:54.680+0000: 67.830: [GC (Allocation Failure) 2019-06-10T17:06:54.680+0000: 67.830: [DefNew: 136630K->669K(153600K), 0.0046179 secs] 180451K->44490K(494976K), 0.0046853 secs] [Times: user=0.00 sys=0.00, real=0.00 secs] 
17:06:54.734 [Curator-PathChildrenCache-0] ERROR o.a.c.f.r.c.PathChildrenCache  - 
java.lang.IllegalStateException: instance must be started before calling this method
	at org.apache.curator.shaded.com.google.common.base.Preconditions.checkState(Preconditions.java:444)
	at org.apache.curator.framework.imps.CuratorFrameworkImpl.getChildren(CuratorFrameworkImpl.java:456)
	at org.apache.curator.framework.recipes.cache.PathChildrenCache.refresh(PathChildrenCache.java:521)
	at org.apache.curator.framework.recipes.cache.RefreshOperation.invoke(RefreshOperation.java:35)
	at org.apache.curator.framework.recipes.cache.PathChildrenCache$9.run(PathChildrenCache.java:786)
	at java.util.concurrent.Executors$RunnableAdapter.call(Executors.java:511)
	at java.util.concurrent.FutureTask.run(FutureTask.java:266)
	at java.util.concurrent.Executors$RunnableAdapter.call(Executors.java:511)
	at java.util.concurrent.FutureTask.run(FutureTask.java:266)
	at java.util.concurrent.ThreadPoolExecutor.runWorker(ThreadPoolExecutor.java:1149)
	at java.util.concurrent.ThreadPoolExecutor$Worker.run(ThreadPoolExecutor.java:624)
	at java.lang.Thread.run(Thread.java:748)
Heap
 def new generation   total 153600K, used 20542K [0x00000000e0c00000, 0x00000000eb2a0000, 0x00000000eb2a0000)
  eden space 136576K,  14% used [0x00000000e0c00000, 0x00000000e1f681d0, 0x00000000e9160000)
  from space 17024K,   3% used [0x00000000e9160000, 0x00000000e92076e8, 0x00000000ea200000)
  to   space 17024K,   0% used [0x00000000ea200000, 0x00000000ea200000, 0x00000000eb2a0000)
 tenured generation   total 341376K, used 43820K [0x00000000eb2a0000, 0x0000000100000000, 0x0000000100000000)
   the space 341376K,  12% used [0x00000000eb2a0000, 0x00000000edd6b3a0, 0x00000000edd6b400, 0x0000000100000000)
 Metaspace       used 36109K, capacity 36992K, committed 37120K, reserved 1081344K
  class space    used 4855K, capacity 5074K, committed 5120K, reserved 1048576K
