06:02:18,709 |-INFO in ch.qos.logback.classic.LoggerContext[default] - Could NOT find resource [logback-test.xml]
06:02:18,709 |-INFO in ch.qos.logback.classic.LoggerContext[default] - Could NOT find resource [logback.groovy]
06:02:18,714 |-INFO in ch.qos.logback.classic.LoggerContext[default] - Found resource [logback.xml] at [jar:file:/root/flamestream/lib/flamestream-runtime-1.0-SNAPSHOT.jar!/logback.xml]
06:02:18,715 |-WARN in ch.qos.logback.classic.LoggerContext[default] - Resource [logback.xml] occurs multiple times on the classpath.
06:02:18,715 |-WARN in ch.qos.logback.classic.LoggerContext[default] - Resource [logback.xml] occurs at [jar:file:/root/flamestream/lib/flamestream-runtime-1.0-SNAPSHOT.jar!/logback.xml]
06:02:18,715 |-WARN in ch.qos.logback.classic.LoggerContext[default] - Resource [logback.xml] occurs at [jar:file:/root/flamestream/flamestream-runtime-1.0-SNAPSHOT.jar!/logback.xml]
06:02:18,735 |-INFO in ch.qos.logback.core.joran.spi.ConfigurationWatchList@3fb6a447 - URL [jar:file:/root/flamestream/lib/flamestream-runtime-1.0-SNAPSHOT.jar!/logback.xml] is not of type file
06:02:18,800 |-INFO in ch.qos.logback.classic.joran.action.ConfigurationAction - debug attribute not set
06:02:18,800 |-INFO in ch.qos.logback.core.joran.action.AppenderAction - About to instantiate appender of type [ch.qos.logback.core.ConsoleAppender]
06:02:18,816 |-INFO in ch.qos.logback.core.joran.action.AppenderAction - Naming appender as [STDOUT]
06:02:18,837 |-INFO in ch.qos.logback.core.joran.action.NestedComplexPropertyIA - Assuming default type [ch.qos.logback.classic.encoder.PatternLayoutEncoder] for [encoder] property
06:02:18,919 |-INFO in ch.qos.logback.core.joran.action.AppenderAction - About to instantiate appender of type [ch.qos.logback.core.rolling.RollingFileAppender]
06:02:18,924 |-INFO in ch.qos.logback.core.joran.action.AppenderAction - Naming appender as [FILE]
06:02:18,954 |-INFO in c.q.l.core.rolling.TimeBasedRollingPolicy@127618319 - No compression will be used
06:02:18,955 |-INFO in c.q.l.core.rolling.TimeBasedRollingPolicy@127618319 - Will use the pattern /tmp/application_%d{yyyy-MM-dd}.%i.log for the active file
06:02:18,958 |-INFO in ch.qos.logback.core.rolling.SizeAndTimeBasedFNATP@6b2fad11 - The date pattern is 'yyyy-MM-dd' from file name pattern '/tmp/application_%d{yyyy-MM-dd}.%i.log'.
06:02:18,958 |-INFO in ch.qos.logback.core.rolling.SizeAndTimeBasedFNATP@6b2fad11 - Roll-over at midnight.
06:02:18,964 |-INFO in ch.qos.logback.core.rolling.SizeAndTimeBasedFNATP@6b2fad11 - Setting initial period to Tue Jun 11 06:00:43 UTC 2019
06:02:18,964 |-WARN in ch.qos.logback.core.rolling.SizeAndTimeBasedFNATP@6b2fad11 - SizeAndTimeBasedFNATP is deprecated. Use SizeAndTimeBasedRollingPolicy instead
06:02:18,964 |-WARN in ch.qos.logback.core.rolling.SizeAndTimeBasedFNATP@6b2fad11 - For more information see http://logback.qos.ch/manual/appenders.html#SizeAndTimeBasedRollingPolicy
06:02:18,968 |-INFO in ch.qos.logback.core.joran.action.NestedComplexPropertyIA - Assuming default type [ch.qos.logback.classic.encoder.PatternLayoutEncoder] for [encoder] property
06:02:18,972 |-INFO in ch.qos.logback.core.rolling.RollingFileAppender[FILE] - Active log file name: /tmp/application.log
06:02:18,972 |-INFO in ch.qos.logback.core.rolling.RollingFileAppender[FILE] - File property is set to [/tmp/application.log]
06:02:18,973 |-INFO in ch.qos.logback.classic.joran.action.RootLoggerAction - Setting level of ROOT logger to WARN
06:02:18,973 |-INFO in ch.qos.logback.core.joran.action.AppenderRefAction - Attaching appender named [STDOUT] to Logger[ROOT]
06:02:18,975 |-INFO in ch.qos.logback.core.joran.action.AppenderRefAction - Attaching appender named [FILE] to Logger[ROOT]
06:02:18,975 |-INFO in ch.qos.logback.classic.joran.action.ConfigurationAction - End of configuration.
06:02:18,976 |-INFO in ch.qos.logback.classic.joran.JoranConfigurator@79698539 - Registering current configuration as safe fallback point

Ama winner
Ama winner
2019-06-11T06:02:20.291+0000: 1.762: [Full GC (Metadata GC Threshold) 2019-06-11T06:02:20.291+0000: 1.762: [Tenured: 0K->15208K(341376K), 0.0395733 secs] 114987K->15208K(494976K), [Metaspace: 20731K->20731K(1067008K)], 0.0396390 secs] [Times: user=0.04 sys=0.01, real=0.04 secs] 
06:03:14.641 [Curator-PathChildrenCache-2] WARN  o.a.c.u.ZKPaths  - The version of ZooKeeper being used doesn't support Container nodes. CreateMode.PERSISTENT will be used instead.
2019-06-11T06:03:40.397+0000: 81.867: [GC (Allocation Failure) 2019-06-11T06:03:40.397+0000: 81.867: [DefNew: 136576K->16652K(153600K), 0.0164822 secs] 151784K->31861K(494976K), 0.0165531 secs] [Times: user=0.02 sys=0.00, real=0.01 secs] 
2019-06-11T06:04:02.171+0000: 103.641: [Full GC (Metadata GC Threshold) 2019-06-11T06:04:02.171+0000: 103.641: [Tenured: 15208K->22858K(341376K), 0.0522656 secs] 137360K->22858K(494976K), [Metaspace: 34766K->34766K(1079296K)], 0.0523446 secs] [Times: user=0.04 sys=0.01, real=0.05 secs] 
2019-06-11T06:04:08.908+0000: 110.378: [GC (Allocation Failure) 2019-06-11T06:04:08.908+0000: 110.378: [DefNew: 136576K->5196K(153600K), 0.0178530 secs] 159434K->47586K(494976K), 0.0179218 secs] [Times: user=0.02 sys=0.01, real=0.02 secs] 
2019-06-11T06:04:15.034+0000: 116.505: [GC (Allocation Failure) 2019-06-11T06:04:15.034+0000: 116.505: [DefNew: 141772K->10164K(153600K), 0.0150607 secs] 184162K->52553K(494976K), 0.0151302 secs] [Times: user=0.01 sys=0.00, real=0.01 secs] 
2019-06-11T06:04:22.344+0000: 123.814: [GC (Allocation Failure) 2019-06-11T06:04:22.344+0000: 123.814: [DefNew: 146740K->8524K(153600K), 0.0183535 secs] 189129K->53812K(494976K), 0.0184348 secs] [Times: user=0.02 sys=0.00, real=0.02 secs] 
2019-06-11T06:04:22.735+0000: 124.205: [GC (Allocation Failure) 2019-06-11T06:04:22.735+0000: 124.206: [DefNew: 145100K->1429K(153600K), 0.0107064 secs] 190388K->46721K(494976K), 0.0107664 secs] [Times: user=0.01 sys=0.00, real=0.01 secs] 
2019-06-11T06:04:58.952+0000: 160.423: [GC (Allocation Failure) 2019-06-11T06:04:58.952+0000: 160.423: [DefNew: 138005K->136K(153600K), 0.0020794 secs] 183297K->45428K(494976K), 0.0021385 secs] [Times: user=0.01 sys=0.00, real=0.01 secs] 
2019-06-11T06:05:45.436+0000: 206.906: [GC (Allocation Failure) 2019-06-11T06:05:45.436+0000: 206.906: [DefNew: 136712K->149K(153600K), 0.0019757 secs] 182004K->45441K(494976K), 0.0020458 secs] [Times: user=0.00 sys=0.00, real=0.00 secs] 
2019-06-11T06:06:33.792+0000: 255.263: [GC (Allocation Failure) 2019-06-11T06:06:33.792+0000: 255.263: [DefNew: 136725K->147K(153600K), 0.0019954 secs] 182017K->45439K(494976K), 0.0020503 secs] [Times: user=0.00 sys=0.00, real=0.01 secs] 
2019-06-11T06:07:20.932+0000: 302.403: [GC (Allocation Failure) 2019-06-11T06:07:20.932+0000: 302.403: [DefNew: 136723K->157K(153600K), 0.0020477 secs] 182015K->45448K(494976K), 0.0021103 secs] [Times: user=0.01 sys=0.00, real=0.01 secs] 
2019-06-11T06:08:09.260+0000: 350.731: [GC (Allocation Failure) 2019-06-11T06:08:09.260+0000: 350.731: [DefNew: 136733K->152K(153600K), 0.0141663 secs] 182024K->45444K(494976K), 0.0142269 secs] [Times: user=0.02 sys=0.00, real=0.02 secs] 
2019-06-11T06:09:11.782+0000: 413.252: [GC (Allocation Failure) 2019-06-11T06:09:11.782+0000: 413.252: [DefNew: 136728K->155K(153600K), 0.0019024 secs] 182020K->45446K(494976K), 0.0019874 secs] [Times: user=0.00 sys=0.00, real=0.00 secs] 
2019-06-11T06:10:12.268+0000: 473.738: [GC (Allocation Failure) 2019-06-11T06:10:12.268+0000: 473.738: [DefNew: 136731K->159K(153600K), 0.0019707 secs] 182022K->45450K(494976K), 0.0020286 secs] [Times: user=0.00 sys=0.00, real=0.00 secs] 
2019-06-11T06:10:57.531+0000: 519.001: [GC (Allocation Failure) 2019-06-11T06:10:57.531+0000: 519.001: [DefNew: 136735K->161K(153600K), 0.0019913 secs] 182026K->45452K(494976K), 0.0020452 secs] [Times: user=0.00 sys=0.00, real=0.00 secs] 
2019-06-11T06:11:42.625+0000: 564.095: [GC (Allocation Failure) 2019-06-11T06:11:42.625+0000: 564.095: [DefNew: 136737K->162K(153600K), 0.0019688 secs] 182028K->45453K(494976K), 0.0020270 secs] [Times: user=0.01 sys=0.00, real=0.01 secs] 
2019-06-11T06:12:41.485+0000: 622.955: [GC (Allocation Failure) 2019-06-11T06:12:41.485+0000: 622.955: [DefNew: 136738K->163K(153600K), 0.0019523 secs] 182029K->45454K(494976K), 0.0020095 secs] [Times: user=0.00 sys=0.00, real=0.01 secs] 
2019-06-11T06:13:45.763+0000: 687.233: [GC (Allocation Failure) 2019-06-11T06:13:45.763+0000: 687.233: [DefNew: 136739K->164K(153600K), 0.0019266 secs] 182030K->45455K(494976K), 0.0019855 secs] [Times: user=0.00 sys=0.00, real=0.00 secs] 
2019-06-11T06:14:49.921+0000: 751.392: [GC (Allocation Failure) 2019-06-11T06:14:49.921+0000: 751.392: [DefNew: 136740K->168K(153600K), 0.0019758 secs] 182031K->45459K(494976K), 0.0020395 secs] [Times: user=0.00 sys=0.00, real=0.00 secs] 
2019-06-11T06:15:42.933+0000: 804.403: [GC (Allocation Failure) 2019-06-11T06:15:42.933+0000: 804.403: [DefNew: 136744K->169K(153600K), 0.0465352 secs] 182035K->45460K(494976K), 0.0466007 secs] [Times: user=0.02 sys=0.00, real=0.05 secs] 
2019-06-11T06:16:44.217+0000: 865.687: [GC (Allocation Failure) 2019-06-11T06:16:44.217+0000: 865.687: [DefNew: 136745K->122K(153600K), 0.0021394 secs] 182036K->45463K(494976K), 0.0021923 secs] [Times: user=0.00 sys=0.00, real=0.00 secs] 
2019-06-11T06:18:19.319+0000: 960.789: [GC (Allocation Failure) 2019-06-11T06:18:19.319+0000: 960.789: [DefNew: 136698K->111K(153600K), 0.0018910 secs] 182039K->45465K(494976K), 0.0019691 secs] [Times: user=0.00 sys=0.00, real=0.00 secs] 
2019-06-11T06:19:58.788+0000: 1060.258: [GC (Allocation Failure) 2019-06-11T06:19:58.788+0000: 1060.258: [DefNew: 136687K->86K(153600K), 0.0018814 secs] 182041K->45469K(494976K), 0.0019398 secs] [Times: user=0.00 sys=0.00, real=0.00 secs] 
2019-06-11T06:20:54.099+0000: 1115.569: [GC (Allocation Failure) 2019-06-11T06:20:54.099+0000: 1115.569: [DefNew: 136662K->73K(153600K), 0.0018692 secs] 182045K->45462K(494976K), 0.0019492 secs] [Times: user=0.01 sys=0.00, real=0.00 secs] 
2019-06-11T06:22:22.488+0000: 1203.959: [GC (Allocation Failure) 2019-06-11T06:22:22.488+0000: 1203.959: [DefNew: 136649K->75K(153600K), 0.0017767 secs] 182038K->45465K(494976K), 0.0018408 secs] [Times: user=0.01 sys=0.00, real=0.00 secs] 
2019-06-11T06:24:00.215+0000: 1301.685: [GC (Allocation Failure) 2019-06-11T06:24:00.215+0000: 1301.685: [DefNew: 136651K->76K(153600K), 0.0186230 secs] 182041K->45468K(494976K), 0.0186821 secs] [Times: user=0.02 sys=0.00, real=0.02 secs] 
2019-06-11T06:25:22.691+0000: 1384.161: [GC (Allocation Failure) 2019-06-11T06:25:22.691+0000: 1384.161: [DefNew: 136652K->81K(153600K), 0.0017680 secs] 182044K->45473K(494976K), 0.0018540 secs] [Times: user=0.00 sys=0.00, real=0.00 secs] 
2019-06-11T06:26:16.798+0000: 1438.268: [GC (Allocation Failure) 2019-06-11T06:26:16.798+0000: 1438.268: [DefNew: 136657K->79K(153600K), 0.0017821 secs] 182049K->45473K(494976K), 0.0018588 secs] [Times: user=0.00 sys=0.00, real=0.00 secs] 
2019-06-11T06:27:26.809+0000: 1508.279: [GC (Allocation Failure) 2019-06-11T06:27:26.809+0000: 1508.279: [DefNew: 136655K->113K(153600K), 0.0018836 secs] 182049K->45509K(494976K), 0.0019507 secs] [Times: user=0.00 sys=0.00, real=0.00 secs] 
2019-06-11T06:28:34.158+0000: 1575.628: [GC (Allocation Failure) 2019-06-11T06:28:34.158+0000: 1575.628: [DefNew: 136689K->113K(153600K), 0.0140179 secs] 182085K->45511K(494976K), 0.0140779 secs] [Times: user=0.01 sys=0.00, real=0.01 secs] 
2019-06-11T06:29:42.204+0000: 1643.674: [GC (Allocation Failure) 2019-06-11T06:29:42.204+0000: 1643.674: [DefNew: 136689K->115K(153600K), 0.0017694 secs] 182087K->45513K(494976K), 0.0018267 secs] [Times: user=0.00 sys=0.00, real=0.01 secs] 
2019-06-11T06:30:35.605+0000: 1697.075: [GC (Allocation Failure) 2019-06-11T06:30:35.605+0000: 1697.075: [DefNew: 136691K->115K(153600K), 0.0018101 secs] 182089K->45514K(494976K), 0.0018686 secs] [Times: user=0.00 sys=0.00, real=0.01 secs] 
2019-06-11T06:31:23.252+0000: 1744.723: [GC (Allocation Failure) 2019-06-11T06:31:23.252+0000: 1744.723: [DefNew: 136691K->116K(153600K), 0.0017888 secs] 182090K->45515K(494976K), 0.0018525 secs] [Times: user=0.00 sys=0.00, real=0.01 secs] 
2019-06-11T06:32:20.537+0000: 1802.007: [GC (Allocation Failure) 2019-06-11T06:32:20.537+0000: 1802.007: [DefNew: 136692K->114K(153600K), 0.0017561 secs] 182091K->45517K(494976K), 0.0018109 secs] [Times: user=0.01 sys=0.00, real=0.00 secs] 
2019-06-11T06:33:25.911+0000: 1867.381: [GC (Allocation Failure) 2019-06-11T06:33:25.911+0000: 1867.381: [DefNew: 136690K->115K(153600K), 0.0017157 secs] 182093K->45519K(494976K), 0.0017758 secs] [Times: user=0.00 sys=0.00, real=0.00 secs] 
2019-06-11T06:34:35.978+0000: 1937.448: [GC (Allocation Failure) 2019-06-11T06:34:35.978+0000: 1937.448: [DefNew: 136691K->115K(153600K), 0.0017473 secs] 182095K->45521K(494976K), 0.0018143 secs] [Times: user=0.00 sys=0.01, real=0.00 secs] 
2019-06-11T06:35:31.734+0000: 1993.205: [GC (Allocation Failure) 2019-06-11T06:35:31.734+0000: 1993.205: [DefNew: 136691K->116K(153600K), 0.0018007 secs] 182097K->45523K(494976K), 0.0018525 secs] [Times: user=0.00 sys=0.01, real=0.00 secs] 
2019-06-11T06:36:28.797+0000: 2050.267: [GC (Allocation Failure) 2019-06-11T06:36:28.797+0000: 2050.267: [DefNew: 136692K->101K(153600K), 0.0386207 secs] 182099K->45510K(494976K), 0.0387108 secs] [Times: user=0.01 sys=0.00, real=0.04 secs] 
2019-06-11T06:37:38.109+0000: 2119.579: [GC (Allocation Failure) 2019-06-11T06:37:38.109+0000: 2119.579: [DefNew: 136677K->101K(153600K), 0.0016939 secs] 182086K->45511K(494976K), 0.0017514 secs] [Times: user=0.01 sys=0.00, real=0.00 secs] 
2019-06-11T06:38:49.803+0000: 2191.273: [GC (Allocation Failure) 2019-06-11T06:38:49.803+0000: 2191.273: [DefNew: 136677K->100K(153600K), 0.0017297 secs] 182087K->45513K(494976K), 0.0017852 secs] [Times: user=0.00 sys=0.00, real=0.00 secs] 
2019-06-11T06:40:01.727+0000: 2263.197: [GC (Allocation Failure) 2019-06-11T06:40:01.727+0000: 2263.197: [DefNew: 136676K->100K(153600K), 0.0019176 secs] 182089K->45516K(494976K), 0.0019822 secs] [Times: user=0.00 sys=0.00, real=0.00 secs] 
2019-06-11T06:40:49.267+0000: 2310.738: [GC (Allocation Failure) 2019-06-11T06:40:49.267+0000: 2310.738: [DefNew: 136676K->97K(153600K), 0.0017359 secs] 182092K->45517K(494976K), 0.0018047 secs] [Times: user=0.00 sys=0.00, real=0.00 secs] 
2019-06-11T06:41:40.937+0000: 2362.408: [GC (Allocation Failure) 2019-06-11T06:41:40.937+0000: 2362.408: [DefNew: 136673K->99K(153600K), 0.0017395 secs] 182093K->45518K(494976K), 0.0017942 secs] [Times: user=0.00 sys=0.00, real=0.00 secs] 
2019-06-11T06:42:42.893+0000: 2424.364: [GC (Allocation Failure) 2019-06-11T06:42:42.893+0000: 2424.364: [DefNew: 136675K->66K(153600K), 0.0017007 secs] 182094K->45519K(494976K), 0.0017576 secs] [Times: user=0.00 sys=0.00, real=0.00 secs] 
2019-06-11T06:43:44.011+0000: 2485.481: [GC (Allocation Failure) 2019-06-11T06:43:44.011+0000: 2485.481: [DefNew: 136642K->68K(153600K), 0.0140239 secs] 182095K->45522K(494976K), 0.0140844 secs] [Times: user=0.01 sys=0.00, real=0.01 secs] 
2019-06-11T06:44:45.995+0000: 2547.466: [GC (Allocation Failure) 2019-06-11T06:44:45.995+0000: 2547.466: [DefNew: 136644K->69K(153600K), 0.0017271 secs] 182098K->45524K(494976K), 0.0017948 secs] [Times: user=0.00 sys=0.00, real=0.00 secs] 
2019-06-11T06:45:37.593+0000: 2599.063: [GC (Allocation Failure) 2019-06-11T06:45:37.593+0000: 2599.063: [DefNew: 136645K->69K(153600K), 0.0017624 secs] 182100K->45525K(494976K), 0.0018202 secs] [Times: user=0.00 sys=0.00, real=0.01 secs] 
2019-06-11T06:46:23.926+0000: 2645.397: [GC (Allocation Failure) 2019-06-11T06:46:23.926+0000: 2645.397: [DefNew: 136645K->72K(153600K), 0.0018404 secs] 182101K->45528K(494976K), 0.0019019 secs] [Times: user=0.00 sys=0.00, real=0.00 secs] 
2019-06-11T06:47:18.317+0000: 2699.787: [GC (Allocation Failure) 2019-06-11T06:47:18.317+0000: 2699.787: [DefNew: 136648K->72K(153600K), 0.0017352 secs] 182104K->45528K(494976K), 0.0018007 secs] [Times: user=0.00 sys=0.00, real=0.00 secs] 
2019-06-11T06:48:18.692+0000: 2760.162: [GC (Allocation Failure) 2019-06-11T06:48:18.692+0000: 2760.162: [DefNew: 136648K->72K(153600K), 0.0017255 secs] 182104K->45530K(494976K), 0.0017820 secs] [Times: user=0.01 sys=0.00, real=0.01 secs] 
2019-06-11T06:49:19.114+0000: 2820.584: [GC (Allocation Failure) 2019-06-11T06:49:19.114+0000: 2820.584: [DefNew: 136648K->72K(153600K), 0.0139900 secs] 182106K->45532K(494976K), 0.0140538 secs] [Times: user=0.01 sys=0.00, real=0.01 secs] 
2019-06-11T06:50:16.598+0000: 2878.069: [GC (Allocation Failure) 2019-06-11T06:50:16.598+0000: 2878.069: [DefNew: 136648K->73K(153600K), 0.0017453 secs] 182108K->45533K(494976K), 0.0018038 secs] [Times: user=0.00 sys=0.00, real=0.00 secs] 
2019-06-11T06:51:01.795+0000: 2923.266: [GC (Allocation Failure) 2019-06-11T06:51:01.795+0000: 2923.266: [DefNew: 136649K->74K(153600K), 0.0017613 secs] 182109K->45535K(494976K), 0.0018174 secs] [Times: user=0.00 sys=0.00, real=0.00 secs] 
2019-06-11T06:51:47.711+0000: 2969.181: [GC (Allocation Failure) 2019-06-11T06:51:47.711+0000: 2969.181: [DefNew: 136650K->74K(153600K), 0.0017153 secs] 182111K->45537K(494976K), 0.0017722 secs] [Times: user=0.00 sys=0.00, real=0.00 secs] 
2019-06-11T06:52:48.615+0000: 3030.085: [GC (Allocation Failure) 2019-06-11T06:52:48.615+0000: 3030.085: [DefNew: 136650K->74K(153600K), 0.0017466 secs] 182113K->45538K(494976K), 0.0018110 secs] [Times: user=0.00 sys=0.00, real=0.00 secs] 
2019-06-11T06:53:51.393+0000: 3092.863: [GC (Allocation Failure) 2019-06-11T06:53:51.393+0000: 3092.863: [DefNew: 136650K->73K(153600K), 0.0017186 secs] 182114K->45540K(494976K), 0.0017760 secs] [Times: user=0.00 sys=0.00, real=0.01 secs] 
2019-06-11T06:54:55.284+0000: 3156.754: [GC (Allocation Failure) 2019-06-11T06:54:55.284+0000: 3156.754: [DefNew: 136649K->63K(153600K), 0.0017721 secs] 182116K->45530K(494976K), 0.0018282 secs] [Times: user=0.00 sys=0.00, real=0.01 secs] 
2019-06-11T06:55:43.779+0000: 3205.249: [GC (Allocation Failure) 2019-06-11T06:55:43.779+0000: 3205.249: [DefNew: 136639K->64K(153600K), 0.0017593 secs] 182106K->45532K(494976K), 0.0018180 secs] [Times: user=0.00 sys=0.00, real=0.00 secs] 
2019-06-11T06:56:30.101+0000: 3251.571: [GC (Allocation Failure) 2019-06-11T06:56:30.101+0000: 3251.571: [DefNew: 136640K->65K(153600K), 0.0017604 secs] 182108K->45533K(494976K), 0.0018230 secs] [Times: user=0.00 sys=0.00, real=0.00 secs] 
2019-06-11T06:57:29.371+0000: 3310.842: [GC (Allocation Failure) 2019-06-11T06:57:29.371+0000: 3310.842: [DefNew: 136641K->65K(153600K), 0.0017984 secs] 182109K->45536K(494976K), 0.0018648 secs] [Times: user=0.00 sys=0.00, real=0.00 secs] 
2019-06-11T06:58:35.671+0000: 3377.141: [GC (Allocation Failure) 2019-06-11T06:58:35.671+0000: 3377.141: [DefNew: 136641K->66K(153600K), 0.0016942 secs] 182112K->45537K(494976K), 0.0017648 secs] [Times: user=0.00 sys=0.00, real=0.00 secs] 
2019-06-11T06:59:43.159+0000: 3444.629: [GC (Allocation Failure) 2019-06-11T06:59:43.159+0000: 3444.629: [DefNew: 136642K->67K(153600K), 0.0098990 secs] 182113K->45539K(494976K), 0.0099656 secs] [Times: user=0.01 sys=0.00, real=0.01 secs] 
2019-06-11T07:00:36.772+0000: 3498.243: [GC (Allocation Failure) 2019-06-11T07:00:36.772+0000: 3498.243: [DefNew: 136643K->67K(153600K), 0.0017387 secs] 182115K->45540K(494976K), 0.0017960 secs] [Times: user=0.01 sys=0.00, real=0.01 secs] 
2019-06-11T07:01:27.866+0000: 3549.336: [GC (Allocation Failure) 2019-06-11T07:01:27.866+0000: 3549.336: [DefNew: 136643K->68K(153600K), 0.0017122 secs] 182116K->45542K(494976K), 0.0017863 secs] [Times: user=0.00 sys=0.00, real=0.00 secs] 
2019-06-11T07:02:30.300+0000: 3611.771: [GC (Allocation Failure) 2019-06-11T07:02:30.300+0000: 3611.771: [DefNew: 136644K->124K(153600K), 0.0017945 secs] 182118K->45600K(494976K), 0.0018613 secs] [Times: user=0.00 sys=0.00, real=0.00 secs] 
2019-06-11T07:03:42.563+0000: 3684.033: [GC (Allocation Failure) 2019-06-11T07:03:42.563+0000: 3684.033: [DefNew: 136700K->71K(153600K), 0.0017551 secs] 182176K->45547K(494976K), 0.0018303 secs] [Times: user=0.00 sys=0.00, real=0.00 secs] 
07:03:46.134 [Curator-PathChildrenCache-0] ERROR o.a.c.f.r.c.PathChildrenCache  - 
java.lang.IllegalStateException: instance must be started before calling this method
	at org.apache.curator.shaded.com.google.common.base.Preconditions.checkState(Preconditions.java:444)
	at org.apache.curator.framework.imps.CuratorFrameworkImpl.getChildren(CuratorFrameworkImpl.java:456)
	at org.apache.curator.framework.recipes.cache.PathChildrenCache.refresh(PathChildrenCache.java:521)
	at org.apache.curator.framework.recipes.cache.RefreshOperation.invoke(RefreshOperation.java:35)
	at org.apache.curator.framework.recipes.cache.PathChildrenCache$9.run(PathChildrenCache.java:786)
	at java.util.concurrent.Executors$RunnableAdapter.call(Executors.java:511)
	at java.util.concurrent.FutureTask.run(FutureTask.java:266)
	at java.util.concurrent.Executors$RunnableAdapter.call(Executors.java:511)
	at java.util.concurrent.FutureTask.run(FutureTask.java:266)
	at java.util.concurrent.ThreadPoolExecutor.runWorker(ThreadPoolExecutor.java:1149)
	at java.util.concurrent.ThreadPoolExecutor$Worker.run(ThreadPoolExecutor.java:624)
	at java.lang.Thread.run(Thread.java:748)
Heap
 def new generation   total 153600K, used 48163K [0x00000000e0c00000, 0x00000000eb2a0000, 0x00000000eb2a0000)
  eden space 136576K,  35% used [0x00000000e0c00000, 0x00000000e3af6fe8, 0x00000000e9160000)
  from space 17024K,   0% used [0x00000000e9160000, 0x00000000e9171c80, 0x00000000ea200000)
  to   space 17024K,   0% used [0x00000000ea200000, 0x00000000ea200000, 0x00000000eb2a0000)
 tenured generation   total 341376K, used 45476K [0x00000000eb2a0000, 0x0000000100000000, 0x0000000100000000)
   the space 341376K,  13% used [0x00000000eb2a0000, 0x00000000edf09168, 0x00000000edf09200, 0x0000000100000000)
 Metaspace       used 36877K, capacity 37826K, committed 38016K, reserved 1081344K
  class space    used 4910K, capacity 5123K, committed 5248K, reserved 1048576K
