01:20:18,263 |-INFO in ch.qos.logback.classic.LoggerContext[default] - Could NOT find resource [logback-test.xml]
01:20:18,263 |-INFO in ch.qos.logback.classic.LoggerContext[default] - Could NOT find resource [logback.groovy]
01:20:18,263 |-INFO in ch.qos.logback.classic.LoggerContext[default] - Found resource [logback.xml] at [jar:file:/home/nikitasokolov/flamestream/lib/flamestream-runtime-1.0-SNAPSHOT.jar!/logback.xml]
01:20:18,264 |-WARN in ch.qos.logback.classic.LoggerContext[default] - Resource [logback.xml] occurs multiple times on the classpath.
01:20:18,264 |-WARN in ch.qos.logback.classic.LoggerContext[default] - Resource [logback.xml] occurs at [jar:file:/home/nikitasokolov/flamestream/lib/flamestream-runtime-1.0-SNAPSHOT.jar!/logback.xml]
01:20:18,264 |-WARN in ch.qos.logback.classic.LoggerContext[default] - Resource [logback.xml] occurs at [jar:file:/home/nikitasokolov/flamestream/flamestream-runtime-1.0-SNAPSHOT.jar!/logback.xml]
01:20:18,281 |-INFO in ch.qos.logback.core.joran.spi.ConfigurationWatchList@6108b2d7 - URL [jar:file:/home/nikitasokolov/flamestream/lib/flamestream-runtime-1.0-SNAPSHOT.jar!/logback.xml] is not of type file
01:20:18,337 |-INFO in ch.qos.logback.classic.joran.action.ConfigurationAction - debug attribute not set
01:20:18,337 |-INFO in ch.qos.logback.core.joran.action.AppenderAction - About to instantiate appender of type [ch.qos.logback.core.ConsoleAppender]
01:20:18,347 |-INFO in ch.qos.logback.core.joran.action.AppenderAction - Naming appender as [STDOUT]
01:20:18,356 |-INFO in ch.qos.logback.core.joran.action.NestedComplexPropertyIA - Assuming default type [ch.qos.logback.classic.encoder.PatternLayoutEncoder] for [encoder] property
01:20:18,413 |-INFO in ch.qos.logback.core.joran.action.AppenderAction - About to instantiate appender of type [ch.qos.logback.core.rolling.RollingFileAppender]
01:20:18,418 |-INFO in ch.qos.logback.core.joran.action.AppenderAction - Naming appender as [FILE]
01:20:18,440 |-INFO in c.q.l.core.rolling.TimeBasedRollingPolicy@357863579 - No compression will be used
01:20:18,441 |-INFO in c.q.l.core.rolling.TimeBasedRollingPolicy@357863579 - Will use the pattern /tmp/application_%d{yyyy-MM-dd}.%i.log for the active file
01:20:18,444 |-INFO in ch.qos.logback.core.rolling.SizeAndTimeBasedFNATP@6bf256fa - The date pattern is 'yyyy-MM-dd' from file name pattern '/tmp/application_%d{yyyy-MM-dd}.%i.log'.
01:20:18,444 |-INFO in ch.qos.logback.core.rolling.SizeAndTimeBasedFNATP@6bf256fa - Roll-over at midnight.
01:20:18,448 |-INFO in ch.qos.logback.core.rolling.SizeAndTimeBasedFNATP@6bf256fa - Setting initial period to Sun Jun 09 01:19:33 MSK 2019
01:20:18,448 |-WARN in ch.qos.logback.core.rolling.SizeAndTimeBasedFNATP@6bf256fa - SizeAndTimeBasedFNATP is deprecated. Use SizeAndTimeBasedRollingPolicy instead
01:20:18,448 |-WARN in ch.qos.logback.core.rolling.SizeAndTimeBasedFNATP@6bf256fa - For more information see http://logback.qos.ch/manual/appenders.html#SizeAndTimeBasedRollingPolicy
01:20:18,452 |-INFO in ch.qos.logback.core.joran.action.NestedComplexPropertyIA - Assuming default type [ch.qos.logback.classic.encoder.PatternLayoutEncoder] for [encoder] property
01:20:18,455 |-INFO in ch.qos.logback.core.rolling.RollingFileAppender[FILE] - Active log file name: /tmp/application.log
01:20:18,455 |-INFO in ch.qos.logback.core.rolling.RollingFileAppender[FILE] - File property is set to [/tmp/application.log]
01:20:18,456 |-INFO in ch.qos.logback.classic.joran.action.RootLoggerAction - Setting level of ROOT logger to WARN
01:20:18,456 |-INFO in ch.qos.logback.core.joran.action.AppenderRefAction - Attaching appender named [STDOUT] to Logger[ROOT]
01:20:18,456 |-INFO in ch.qos.logback.core.joran.action.AppenderRefAction - Attaching appender named [FILE] to Logger[ROOT]
01:20:18,456 |-INFO in ch.qos.logback.classic.joran.action.ConfigurationAction - End of configuration.
01:20:18,457 |-INFO in ch.qos.logback.classic.joran.JoranConfigurator@6cd8737 - Registering current configuration as safe fallback point

2019-06-09T01:20:19.433+0300: 1.363: [GC (Metadata GC Threshold) [PSYoungGen: 108152K->15868K(149504K)] 108152K->15948K(491008K), 0.0209603 secs] [Times: user=0.09 sys=0.02, real=0.02 secs] 
2019-06-09T01:20:19.454+0300: 1.384: [Full GC (Metadata GC Threshold) [PSYoungGen: 15868K->0K(149504K)] [ParOldGen: 80K->15078K(341504K)] 15948K->15078K(491008K), [Metaspace: 20800K->20800K(1067008K)], 0.0272101 secs] [Times: user=0.17 sys=0.02, real=0.03 secs] 
01:20:26.733 [Curator-PathChildrenCache-1] WARN  o.a.c.u.ZKPaths  - The version of ZooKeeper being used doesn't support Container nodes. CreateMode.PERSISTENT will be used instead.
2019-06-09T01:20:27.707+0300: 9.637: [GC (Metadata GC Threshold) [PSYoungGen: 125781K->15927K(149504K)] 140859K->50544K(491008K), 0.0318295 secs] [Times: user=0.25 sys=0.02, real=0.04 secs] 
2019-06-09T01:20:27.739+0300: 9.669: [Full GC (Metadata GC Threshold) [PSYoungGen: 15927K->0K(149504K)] [ParOldGen: 34617K->38999K(341504K)] 50544K->38999K(491008K), [Metaspace: 34568K->34568K(1079296K)], 0.0395650 secs] [Times: user=0.23 sys=0.01, real=0.04 secs] 
2019-06-09T01:20:29.567+0300: 11.497: [GC (Allocation Failure) [PSYoungGen: 128512K->512K(149504K)] 167511K->39519K(491008K), 0.0035373 secs] [Times: user=0.02 sys=0.00, real=0.01 secs] 
2019-06-09T01:20:31.885+0300: 13.815: [GC (Allocation Failure) [PSYoungGen: 129024K->704K(149504K)] 168031K->39719K(491008K), 0.0631223 secs] [Times: user=0.01 sys=0.00, real=0.06 secs] 
2019-06-09T01:20:34.188+0300: 16.118: [GC (Allocation Failure) [PSYoungGen: 129216K->672K(129536K)] 168231K->39695K(471040K), 0.0042310 secs] [Times: user=0.03 sys=0.00, real=0.01 secs] 
2019-06-09T01:20:36.502+0300: 18.432: [GC (Allocation Failure) [PSYoungGen: 129184K->672K(150016K)] 168207K->39703K(491520K), 0.0028069 secs] [Times: user=0.01 sys=0.00, real=0.00 secs] 
2019-06-09T01:20:38.817+0300: 20.747: [GC (Allocation Failure) [PSYoungGen: 129184K->672K(148992K)] 168215K->39711K(490496K), 0.0026555 secs] [Times: user=0.01 sys=0.00, real=0.01 secs] 
2019-06-09T01:20:41.162+0300: 23.092: [GC (Allocation Failure) [PSYoungGen: 129184K->576K(151552K)] 168223K->39623K(493056K), 0.0034714 secs] [Times: user=0.01 sys=0.00, real=0.00 secs] 
2019-06-09T01:20:43.548+0300: 25.478: [GC (Allocation Failure) [PSYoungGen: 132672K->736K(151040K)] 171719K->39791K(492544K), 0.0027937 secs] [Times: user=0.01 sys=0.01, real=0.01 secs] 
2019-06-09T01:20:45.973+0300: 27.903: [GC (Allocation Failure) [PSYoungGen: 132832K->640K(153088K)] 171887K->39703K(494592K), 0.0086917 secs] [Times: user=0.08 sys=0.02, real=0.01 secs] 
2019-06-09T01:20:48.424+0300: 30.354: [GC (Allocation Failure) [PSYoungGen: 135808K->768K(152576K)] 174871K->39839K(494080K), 0.0035891 secs] [Times: user=0.02 sys=0.00, real=0.00 secs] 
2019-06-09T01:20:50.886+0300: 32.816: [GC (Allocation Failure) [PSYoungGen: 135936K->608K(154624K)] 175007K->39687K(496128K), 0.0034476 secs] [Times: user=0.01 sys=0.00, real=0.00 secs] 
2019-06-09T01:20:53.392+0300: 35.323: [GC (Allocation Failure) [PSYoungGen: 138848K->608K(154112K)] 177927K->39687K(495616K), 0.0085756 secs] [Times: user=0.06 sys=0.00, real=0.01 secs] 
2019-06-09T01:20:55.936+0300: 37.866: [GC (Allocation Failure) [PSYoungGen: 138848K->704K(156672K)] 177927K->39783K(498176K), 0.0041237 secs] [Times: user=0.03 sys=0.00, real=0.01 secs] 
2019-06-09T01:20:58.525+0300: 40.455: [GC (Allocation Failure) [PSYoungGen: 142528K->704K(155648K)] 181607K->39791K(497152K), 0.0027628 secs] [Times: user=0.01 sys=0.00, real=0.00 secs] 
2019-06-09T01:21:01.125+0300: 43.056: [GC (Allocation Failure) [PSYoungGen: 142528K->672K(158208K)] 181615K->39759K(499712K), 0.0023382 secs] [Times: user=0.01 sys=0.01, real=0.00 secs] 
2019-06-09T01:21:03.758+0300: 45.688: [GC (Allocation Failure) [PSYoungGen: 145568K->640K(157184K)] 184655K->39727K(498688K), 0.0095103 secs] [Times: user=0.06 sys=0.00, real=0.00 secs] 
2019-06-09T01:21:06.415+0300: 48.345: [GC (Allocation Failure) [PSYoungGen: 145536K->512K(159232K)] 184623K->39903K(500736K), 0.0037348 secs] [Times: user=0.01 sys=0.00, real=0.01 secs] 
01:21:15.936 [Curator-PathChildrenCache-0] ERROR o.a.c.f.r.c.PathChildrenCache  - 
java.lang.IllegalStateException: instance must be started before calling this method
	at org.apache.curator.shaded.com.google.common.base.Preconditions.checkState(Preconditions.java:444)
	at org.apache.curator.framework.imps.CuratorFrameworkImpl.getChildren(CuratorFrameworkImpl.java:456)
	at org.apache.curator.framework.recipes.cache.PathChildrenCache.refresh(PathChildrenCache.java:521)
	at org.apache.curator.framework.recipes.cache.RefreshOperation.invoke(RefreshOperation.java:35)
	at org.apache.curator.framework.recipes.cache.PathChildrenCache$9.run(PathChildrenCache.java:786)
	at java.util.concurrent.Executors$RunnableAdapter.call(Executors.java:511)
	at java.util.concurrent.FutureTask.run(FutureTask.java:266)
	at java.util.concurrent.Executors$RunnableAdapter.call(Executors.java:511)
	at java.util.concurrent.FutureTask.run(FutureTask.java:266)
	at java.util.concurrent.ThreadPoolExecutor.runWorker(ThreadPoolExecutor.java:1149)
	at java.util.concurrent.ThreadPoolExecutor$Worker.run(ThreadPoolExecutor.java:624)
	at java.lang.Thread.run(Thread.java:748)
Heap
 PSYoungGen      total 159232K, used 91554K [0x00000000f5980000, 0x0000000100000000, 0x0000000100000000)
  eden space 147456K, 61% used [0x00000000f5980000,0x00000000fb268b80,0x00000000fe980000)
  from space 11776K, 4% used [0x00000000ff480000,0x00000000ff500060,0x0000000100000000)
  to   space 11264K, 0% used [0x00000000fe980000,0x00000000fe980000,0x00000000ff480000)
 ParOldGen       total 341504K, used 39391K [0x00000000e0c00000, 0x00000000f5980000, 0x00000000f5980000)
  object space 341504K, 11% used [0x00000000e0c00000,0x00000000e3277f18,0x00000000f5980000)
 Metaspace       used 35793K, capacity 36614K, committed 36952K, reserved 1081344K
  class space    used 4935K, capacity 5129K, committed 5248K, reserved 1048576K
