10:15:07,926 |-INFO in ch.qos.logback.classic.LoggerContext[default] - Could NOT find resource [logback-test.xml]
10:15:07,926 |-INFO in ch.qos.logback.classic.LoggerContext[default] - Could NOT find resource [logback.groovy]
10:15:07,926 |-INFO in ch.qos.logback.classic.LoggerContext[default] - Found resource [logback.xml] at [jar:file:/home/nikitasokolov/flamestream/lib/flamestream-runtime-1.0-SNAPSHOT.jar!/logback.xml]
10:15:07,927 |-WARN in ch.qos.logback.classic.LoggerContext[default] - Resource [logback.xml] occurs multiple times on the classpath.
10:15:07,927 |-WARN in ch.qos.logback.classic.LoggerContext[default] - Resource [logback.xml] occurs at [jar:file:/home/nikitasokolov/flamestream/lib/flamestream-runtime-1.0-SNAPSHOT.jar!/logback.xml]
10:15:07,927 |-WARN in ch.qos.logback.classic.LoggerContext[default] - Resource [logback.xml] occurs at [jar:file:/home/nikitasokolov/flamestream/flamestream-runtime-1.0-SNAPSHOT.jar!/logback.xml]
10:15:07,943 |-INFO in ch.qos.logback.core.joran.spi.ConfigurationWatchList@6108b2d7 - URL [jar:file:/home/nikitasokolov/flamestream/lib/flamestream-runtime-1.0-SNAPSHOT.jar!/logback.xml] is not of type file
10:15:07,992 |-INFO in ch.qos.logback.classic.joran.action.ConfigurationAction - debug attribute not set
10:15:07,992 |-INFO in ch.qos.logback.core.joran.action.AppenderAction - About to instantiate appender of type [ch.qos.logback.core.ConsoleAppender]
10:15:08,000 |-INFO in ch.qos.logback.core.joran.action.AppenderAction - Naming appender as [STDOUT]
10:15:08,009 |-INFO in ch.qos.logback.core.joran.action.NestedComplexPropertyIA - Assuming default type [ch.qos.logback.classic.encoder.PatternLayoutEncoder] for [encoder] property
10:15:08,063 |-INFO in ch.qos.logback.core.joran.action.AppenderAction - About to instantiate appender of type [ch.qos.logback.core.rolling.RollingFileAppender]
10:15:08,068 |-INFO in ch.qos.logback.core.joran.action.AppenderAction - Naming appender as [FILE]
10:15:08,089 |-INFO in c.q.l.core.rolling.TimeBasedRollingPolicy@357863579 - No compression will be used
10:15:08,090 |-INFO in c.q.l.core.rolling.TimeBasedRollingPolicy@357863579 - Will use the pattern /tmp/application_%d{yyyy-MM-dd}.%i.log for the active file
10:15:08,093 |-INFO in ch.qos.logback.core.rolling.SizeAndTimeBasedFNATP@6bf256fa - The date pattern is 'yyyy-MM-dd' from file name pattern '/tmp/application_%d{yyyy-MM-dd}.%i.log'.
10:15:08,093 |-INFO in ch.qos.logback.core.rolling.SizeAndTimeBasedFNATP@6bf256fa - Roll-over at midnight.
10:15:08,097 |-INFO in ch.qos.logback.core.rolling.SizeAndTimeBasedFNATP@6bf256fa - Setting initial period to Sun Jun 09 10:14:22 MSK 2019
10:15:08,097 |-WARN in ch.qos.logback.core.rolling.SizeAndTimeBasedFNATP@6bf256fa - SizeAndTimeBasedFNATP is deprecated. Use SizeAndTimeBasedRollingPolicy instead
10:15:08,097 |-WARN in ch.qos.logback.core.rolling.SizeAndTimeBasedFNATP@6bf256fa - For more information see http://logback.qos.ch/manual/appenders.html#SizeAndTimeBasedRollingPolicy
10:15:08,101 |-INFO in ch.qos.logback.core.joran.action.NestedComplexPropertyIA - Assuming default type [ch.qos.logback.classic.encoder.PatternLayoutEncoder] for [encoder] property
10:15:08,103 |-INFO in ch.qos.logback.core.rolling.RollingFileAppender[FILE] - Active log file name: /tmp/application.log
10:15:08,103 |-INFO in ch.qos.logback.core.rolling.RollingFileAppender[FILE] - File property is set to [/tmp/application.log]
10:15:08,104 |-INFO in ch.qos.logback.classic.joran.action.RootLoggerAction - Setting level of ROOT logger to WARN
10:15:08,104 |-INFO in ch.qos.logback.core.joran.action.AppenderRefAction - Attaching appender named [STDOUT] to Logger[ROOT]
10:15:08,105 |-INFO in ch.qos.logback.core.joran.action.AppenderRefAction - Attaching appender named [FILE] to Logger[ROOT]
10:15:08,105 |-INFO in ch.qos.logback.classic.joran.action.ConfigurationAction - End of configuration.
10:15:08,106 |-INFO in ch.qos.logback.classic.joran.JoranConfigurator@6cd8737 - Registering current configuration as safe fallback point

2019-06-09T10:15:09.081+0300: 1.347: [GC (Metadata GC Threshold) [PSYoungGen: 110722K->15956K(149504K)] 110722K->16036K(491008K), 0.0207553 secs] [Times: user=0.09 sys=0.02, real=0.02 secs] 
2019-06-09T10:15:09.102+0300: 1.368: [Full GC (Metadata GC Threshold) [PSYoungGen: 15956K->0K(149504K)] [ParOldGen: 80K->15078K(341504K)] 16036K->15078K(491008K), [Metaspace: 20799K->20799K(1067008K)], 0.0277253 secs] [Times: user=0.17 sys=0.02, real=0.03 secs] 
10:15:20.646 [Curator-PathChildrenCache-2] WARN  o.a.c.u.ZKPaths  - The version of ZooKeeper being used doesn't support Container nodes. CreateMode.PERSISTENT will be used instead.
2019-06-09T10:15:21.379+0300: 13.645: [GC (Metadata GC Threshold) [PSYoungGen: 126800K->20971K(149504K)] 141878K->50885K(491008K), 0.0249857 secs] [Times: user=0.27 sys=0.04, real=0.02 secs] 
2019-06-09T10:15:21.404+0300: 13.670: [Full GC (Metadata GC Threshold) [PSYoungGen: 20971K->0K(149504K)] [ParOldGen: 29913K->39856K(341504K)] 50885K->39856K(491008K), [Metaspace: 34473K->34471K(1079296K)], 0.0486925 secs] [Times: user=0.17 sys=0.01, real=0.05 secs] 
2019-06-09T10:15:25.848+0300: 18.114: [GC (Allocation Failure) [PSYoungGen: 128512K->416K(149504K)] 168368K->40280K(491008K), 0.0053195 secs] [Times: user=0.04 sys=0.00, real=0.01 secs] 
2019-06-09T10:15:30.882+0300: 23.148: [GC (Allocation Failure) [PSYoungGen: 128928K->416K(149504K)] 168792K->40288K(491008K), 0.0044719 secs] [Times: user=0.03 sys=0.00, real=0.00 secs] 
2019-06-09T10:15:35.913+0300: 28.179: [GC (Allocation Failure) [PSYoungGen: 128928K->448K(129024K)] 168800K->40328K(470528K), 0.0030931 secs] [Times: user=0.02 sys=0.00, real=0.00 secs] 
2019-06-09T10:15:41.025+0300: 33.291: [GC (Allocation Failure) [PSYoungGen: 128960K->480K(132096K)] 168840K->40368K(473600K), 0.0035946 secs] [Times: user=0.01 sys=0.00, real=0.00 secs] 
2019-06-09T10:15:44.632+0300: 36.899: [GC (Allocation Failure) [PSYoungGen: 91616K->448K(129536K)] 131504K->40344K(471040K), 0.0582768 secs] [Times: user=0.02 sys=0.00, real=0.06 secs] 
2019-06-09T10:15:48.279+0300: 40.546: [GC (Allocation Failure) [PSYoungGen: 91584K->480K(136192K)] 131480K->40384K(477696K), 0.0051174 secs] [Times: user=0.03 sys=0.00, real=0.00 secs] 
2019-06-09T10:15:52.268+0300: 44.534: [GC (Allocation Failure) [PSYoungGen: 100320K->576K(134144K)] 140224K->40488K(475648K), 0.0037978 secs] [Times: user=0.02 sys=0.00, real=0.01 secs] 
2019-06-09T10:15:56.272+0300: 48.539: [GC (Allocation Failure) [PSYoungGen: 100416K->608K(139776K)] 140328K->40528K(481280K), 0.0027390 secs] [Times: user=0.02 sys=0.00, real=0.00 secs] 
2019-06-09T10:16:00.552+0300: 52.819: [GC (Allocation Failure) [PSYoungGen: 107616K->544K(137728K)] 147536K->40472K(479232K), 0.0028689 secs] [Times: user=0.01 sys=0.00, real=0.00 secs] 
2019-06-09T10:16:04.806+0300: 57.072: [GC (Allocation Failure) [PSYoungGen: 107552K->576K(142848K)] 147480K->40512K(484352K), 0.0032038 secs] [Times: user=0.01 sys=0.01, real=0.00 secs] 
2019-06-09T10:16:09.287+0300: 61.553: [GC (Allocation Failure) [PSYoungGen: 114240K->823K(141312K)] 154176K->40767K(482816K), 0.0032884 secs] [Times: user=0.03 sys=0.00, real=0.01 secs] 
2019-06-09T10:16:14.977+0300: 67.244: [GC (Allocation Failure) [PSYoungGen: 114487K->896K(145920K)] 154431K->40848K(487424K), 0.0033826 secs] [Times: user=0.01 sys=0.01, real=0.01 secs] 
10:16:29.846 [Curator-PathChildrenCache-0] ERROR o.a.c.f.r.c.PathChildrenCache  - 
java.lang.IllegalStateException: instance must be started before calling this method
	at org.apache.curator.shaded.com.google.common.base.Preconditions.checkState(Preconditions.java:444)
	at org.apache.curator.framework.imps.CuratorFrameworkImpl.getChildren(CuratorFrameworkImpl.java:456)
	at org.apache.curator.framework.recipes.cache.PathChildrenCache.refresh(PathChildrenCache.java:521)
	at org.apache.curator.framework.recipes.cache.RefreshOperation.invoke(RefreshOperation.java:35)
	at org.apache.curator.framework.recipes.cache.PathChildrenCache$9.run(PathChildrenCache.java:786)
	at java.util.concurrent.Executors$RunnableAdapter.call(Executors.java:511)
	at java.util.concurrent.FutureTask.run(FutureTask.java:266)
	at java.util.concurrent.Executors$RunnableAdapter.call(Executors.java:511)
	at java.util.concurrent.FutureTask.run(FutureTask.java:266)
	at java.util.concurrent.ThreadPoolExecutor.runWorker(ThreadPoolExecutor.java:1149)
	at java.util.concurrent.ThreadPoolExecutor$Worker.run(ThreadPoolExecutor.java:624)
	at java.lang.Thread.run(Thread.java:748)
Heap
 PSYoungGen      total 145920K, used 63877K [0x00000000f5980000, 0x0000000100000000, 0x0000000100000000)
  eden space 119808K, 52% used [0x00000000f5980000,0x00000000f97014a8,0x00000000fce80000)
  from space 26112K, 3% used [0x00000000fe680000,0x00000000fe760080,0x0000000100000000)
  to   space 24576K, 0% used [0x00000000fce80000,0x00000000fce80000,0x00000000fe680000)
 ParOldGen       total 341504K, used 39952K [0x00000000e0c00000, 0x00000000f5980000, 0x00000000f5980000)
  object space 341504K, 11% used [0x00000000e0c00000,0x00000000e3304250,0x00000000f5980000)
 Metaspace       used 36279K, capacity 37202K, committed 37464K, reserved 1081344K
  class space    used 5016K, capacity 5219K, committed 5248K, reserved 1048576K
