15:36:53,363 |-INFO in ch.qos.logback.classic.LoggerContext[default] - Could NOT find resource [logback-test.xml]
15:36:53,364 |-INFO in ch.qos.logback.classic.LoggerContext[default] - Could NOT find resource [logback.groovy]
15:36:53,364 |-INFO in ch.qos.logback.classic.LoggerContext[default] - Found resource [logback.xml] at [jar:file:/root/flamestream/lib/flamestream-runtime-1.0-SNAPSHOT.jar!/logback.xml]
15:36:53,364 |-WARN in ch.qos.logback.classic.LoggerContext[default] - Resource [logback.xml] occurs multiple times on the classpath.
15:36:53,365 |-WARN in ch.qos.logback.classic.LoggerContext[default] - Resource [logback.xml] occurs at [jar:file:/root/flamestream/lib/flamestream-runtime-1.0-SNAPSHOT.jar!/logback.xml]
15:36:53,365 |-WARN in ch.qos.logback.classic.LoggerContext[default] - Resource [logback.xml] occurs at [jar:file:/root/flamestream/flamestream-runtime-1.0-SNAPSHOT.jar!/logback.xml]
15:36:53,384 |-INFO in ch.qos.logback.core.joran.spi.ConfigurationWatchList@3fb6a447 - URL [jar:file:/root/flamestream/lib/flamestream-runtime-1.0-SNAPSHOT.jar!/logback.xml] is not of type file
15:36:53,455 |-INFO in ch.qos.logback.classic.joran.action.ConfigurationAction - debug attribute not set
15:36:53,456 |-INFO in ch.qos.logback.core.joran.action.AppenderAction - About to instantiate appender of type [ch.qos.logback.core.ConsoleAppender]
15:36:53,476 |-INFO in ch.qos.logback.core.joran.action.AppenderAction - Naming appender as [STDOUT]
15:36:53,489 |-INFO in ch.qos.logback.core.joran.action.NestedComplexPropertyIA - Assuming default type [ch.qos.logback.classic.encoder.PatternLayoutEncoder] for [encoder] property
15:36:53,574 |-INFO in ch.qos.logback.core.joran.action.AppenderAction - About to instantiate appender of type [ch.qos.logback.core.rolling.RollingFileAppender]
15:36:53,579 |-INFO in ch.qos.logback.core.joran.action.AppenderAction - Naming appender as [FILE]
15:36:53,609 |-INFO in c.q.l.core.rolling.TimeBasedRollingPolicy@127618319 - No compression will be used
15:36:53,610 |-INFO in c.q.l.core.rolling.TimeBasedRollingPolicy@127618319 - Will use the pattern /tmp/application_%d{yyyy-MM-dd}.%i.log for the active file
15:36:53,613 |-INFO in ch.qos.logback.core.rolling.SizeAndTimeBasedFNATP@6b2fad11 - The date pattern is 'yyyy-MM-dd' from file name pattern '/tmp/application_%d{yyyy-MM-dd}.%i.log'.
15:36:53,613 |-INFO in ch.qos.logback.core.rolling.SizeAndTimeBasedFNATP@6b2fad11 - Roll-over at midnight.
15:36:53,618 |-INFO in ch.qos.logback.core.rolling.SizeAndTimeBasedFNATP@6b2fad11 - Setting initial period to Mon Jun 10 15:35:35 UTC 2019
15:36:53,618 |-WARN in ch.qos.logback.core.rolling.SizeAndTimeBasedFNATP@6b2fad11 - SizeAndTimeBasedFNATP is deprecated. Use SizeAndTimeBasedRollingPolicy instead
15:36:53,618 |-WARN in ch.qos.logback.core.rolling.SizeAndTimeBasedFNATP@6b2fad11 - For more information see http://logback.qos.ch/manual/appenders.html#SizeAndTimeBasedRollingPolicy
15:36:53,622 |-INFO in ch.qos.logback.core.joran.action.NestedComplexPropertyIA - Assuming default type [ch.qos.logback.classic.encoder.PatternLayoutEncoder] for [encoder] property
15:36:53,626 |-INFO in ch.qos.logback.core.rolling.RollingFileAppender[FILE] - Active log file name: /tmp/application.log
15:36:53,626 |-INFO in ch.qos.logback.core.rolling.RollingFileAppender[FILE] - File property is set to [/tmp/application.log]
15:36:53,627 |-INFO in ch.qos.logback.classic.joran.action.RootLoggerAction - Setting level of ROOT logger to WARN
15:36:53,627 |-INFO in ch.qos.logback.core.joran.action.AppenderRefAction - Attaching appender named [STDOUT] to Logger[ROOT]
15:36:53,629 |-INFO in ch.qos.logback.core.joran.action.AppenderRefAction - Attaching appender named [FILE] to Logger[ROOT]
15:36:53,629 |-INFO in ch.qos.logback.classic.joran.action.ConfigurationAction - End of configuration.
15:36:53,630 |-INFO in ch.qos.logback.classic.joran.JoranConfigurator@79698539 - Registering current configuration as safe fallback point

Ama winner
Ama winner
2019-06-10T15:36:54.865+0000: 1.686: [Full GC (Metadata GC Threshold) 2019-06-10T15:36:54.865+0000: 1.686: [Tenured: 0K->15208K(341376K), 0.0396134 secs] 114987K->15208K(494976K), [Metaspace: 20734K->20734K(1067008K)], 0.0396782 secs] [Times: user=0.04 sys=0.01, real=0.04 secs] 
15:37:08.637 [Curator-PathChildrenCache-1] WARN  o.a.c.u.ZKPaths  - The version of ZooKeeper being used doesn't support Container nodes. CreateMode.PERSISTENT will be used instead.
2019-06-10T15:37:10.628+0000: 17.449: [GC (Allocation Failure) 2019-06-10T15:37:10.628+0000: 17.449: [DefNew: 136576K->17023K(153600K), 0.0256132 secs] 151784K->52609K(494976K), 0.0256844 secs] [Times: user=0.01 sys=0.02, real=0.02 secs] 
2019-06-10T15:37:12.273+0000: 19.095: [Full GC (Metadata GC Threshold) 2019-06-10T15:37:12.273+0000: 19.095: [Tenured: 35585K->44398K(341376K), 0.0439304 secs] 81375K->44398K(494976K), [Metaspace: 34582K->34582K(1079296K)], 0.0440095 secs] [Times: user=0.04 sys=0.00, real=0.05 secs] 
2019-06-10T15:37:18.815+0000: 25.637: [GC (Allocation Failure) 2019-06-10T15:37:18.815+0000: 25.637: [DefNew: 136576K->105K(153600K), 0.0019909 secs] 180974K->44504K(494976K), 0.0020535 secs] [Times: user=0.00 sys=0.00, real=0.00 secs] 
2019-06-10T15:37:25.321+0000: 32.142: [GC (Allocation Failure) 2019-06-10T15:37:25.321+0000: 32.142: [DefNew: 136681K->106K(153600K), 0.0017516 secs] 181080K->44505K(494976K), 0.0018178 secs] [Times: user=0.01 sys=0.00, real=0.00 secs] 
2019-06-10T15:37:31.921+0000: 38.742: [GC (Allocation Failure) 2019-06-10T15:37:31.921+0000: 38.742: [DefNew: 136682K->110K(153600K), 0.0018414 secs] 181081K->44509K(494976K), 0.0019015 secs] [Times: user=0.00 sys=0.00, real=0.00 secs] 
2019-06-10T15:37:38.469+0000: 45.291: [GC (Allocation Failure) 2019-06-10T15:37:38.469+0000: 45.291: [DefNew: 136686K->108K(153600K), 0.0018965 secs] 181085K->44507K(494976K), 0.0019610 secs] [Times: user=0.01 sys=0.00, real=0.00 secs] 
2019-06-10T15:37:45.005+0000: 51.827: [GC (Allocation Failure) 2019-06-10T15:37:45.005+0000: 51.827: [DefNew: 136684K->108K(153600K), 0.0018659 secs] 181083K->44507K(494976K), 0.0019253 secs] [Times: user=0.00 sys=0.00, real=0.01 secs] 
15:37:56.598 [Curator-PathChildrenCache-0] ERROR o.a.c.f.r.c.PathChildrenCache  - 
java.lang.IllegalStateException: instance must be started before calling this method
	at org.apache.curator.shaded.com.google.common.base.Preconditions.checkState(Preconditions.java:444)
	at org.apache.curator.framework.imps.CuratorFrameworkImpl.getChildren(CuratorFrameworkImpl.java:456)
	at org.apache.curator.framework.recipes.cache.PathChildrenCache.refresh(PathChildrenCache.java:521)
	at org.apache.curator.framework.recipes.cache.RefreshOperation.invoke(RefreshOperation.java:35)
	at org.apache.curator.framework.recipes.cache.PathChildrenCache$9.run(PathChildrenCache.java:786)
	at java.util.concurrent.Executors$RunnableAdapter.call(Executors.java:511)
	at java.util.concurrent.FutureTask.run(FutureTask.java:266)
	at java.util.concurrent.Executors$RunnableAdapter.call(Executors.java:511)
	at java.util.concurrent.FutureTask.run(FutureTask.java:266)
	at java.util.concurrent.ThreadPoolExecutor.runWorker(ThreadPoolExecutor.java:1149)
	at java.util.concurrent.ThreadPoolExecutor$Worker.run(ThreadPoolExecutor.java:624)
	at java.lang.Thread.run(Thread.java:748)
Heap
 def new generation   total 153600K, used 124956K [0x00000000e0c00000, 0x00000000eb2a0000, 0x00000000eb2a0000)
  eden space 136576K,  91% used [0x00000000e0c00000, 0x00000000e85ec220, 0x00000000e9160000)
  from space 17024K,   0% used [0x00000000e9160000, 0x00000000e917b0b8, 0x00000000ea200000)
  to   space 17024K,   0% used [0x00000000ea200000, 0x00000000ea200000, 0x00000000eb2a0000)
 tenured generation   total 341376K, used 44398K [0x00000000eb2a0000, 0x0000000100000000, 0x0000000100000000)
   the space 341376K,  13% used [0x00000000eb2a0000, 0x00000000eddfbb78, 0x00000000eddfbc00, 0x0000000100000000)
 Metaspace       used 36228K, capacity 37130K, committed 37376K, reserved 1081344K
  class space    used 4869K, capacity 5075K, committed 5120K, reserved 1048576K
