14:40:21,998 |-INFO in ch.qos.logback.classic.LoggerContext[default] - Could NOT find resource [logback-test.xml]
14:40:21,998 |-INFO in ch.qos.logback.classic.LoggerContext[default] - Could NOT find resource [logback.groovy]
14:40:21,998 |-INFO in ch.qos.logback.classic.LoggerContext[default] - Found resource [logback.xml] at [jar:file:/root/flamestream/lib/flamestream-runtime-1.0-SNAPSHOT.jar!/logback.xml]
14:40:21,998 |-WARN in ch.qos.logback.classic.LoggerContext[default] - Resource [logback.xml] occurs multiple times on the classpath.
14:40:21,999 |-WARN in ch.qos.logback.classic.LoggerContext[default] - Resource [logback.xml] occurs at [jar:file:/root/flamestream/lib/flamestream-runtime-1.0-SNAPSHOT.jar!/logback.xml]
14:40:21,999 |-WARN in ch.qos.logback.classic.LoggerContext[default] - Resource [logback.xml] occurs at [jar:file:/root/flamestream/flamestream-runtime-1.0-SNAPSHOT.jar!/logback.xml]
14:40:22,021 |-INFO in ch.qos.logback.core.joran.spi.ConfigurationWatchList@3fb6a447 - URL [jar:file:/root/flamestream/lib/flamestream-runtime-1.0-SNAPSHOT.jar!/logback.xml] is not of type file
14:40:22,091 |-INFO in ch.qos.logback.classic.joran.action.ConfigurationAction - debug attribute not set
14:40:22,091 |-INFO in ch.qos.logback.core.joran.action.AppenderAction - About to instantiate appender of type [ch.qos.logback.core.ConsoleAppender]
14:40:22,112 |-INFO in ch.qos.logback.core.joran.action.AppenderAction - Naming appender as [STDOUT]
14:40:22,127 |-INFO in ch.qos.logback.core.joran.action.NestedComplexPropertyIA - Assuming default type [ch.qos.logback.classic.encoder.PatternLayoutEncoder] for [encoder] property
14:40:22,212 |-INFO in ch.qos.logback.core.joran.action.AppenderAction - About to instantiate appender of type [ch.qos.logback.core.rolling.RollingFileAppender]
14:40:22,217 |-INFO in ch.qos.logback.core.joran.action.AppenderAction - Naming appender as [FILE]
14:40:22,248 |-INFO in c.q.l.core.rolling.TimeBasedRollingPolicy@127618319 - No compression will be used
14:40:22,249 |-INFO in c.q.l.core.rolling.TimeBasedRollingPolicy@127618319 - Will use the pattern /tmp/application_%d{yyyy-MM-dd}.%i.log for the active file
14:40:22,252 |-INFO in ch.qos.logback.core.rolling.SizeAndTimeBasedFNATP@6b2fad11 - The date pattern is 'yyyy-MM-dd' from file name pattern '/tmp/application_%d{yyyy-MM-dd}.%i.log'.
14:40:22,252 |-INFO in ch.qos.logback.core.rolling.SizeAndTimeBasedFNATP@6b2fad11 - Roll-over at midnight.
14:40:22,257 |-INFO in ch.qos.logback.core.rolling.SizeAndTimeBasedFNATP@6b2fad11 - Setting initial period to Mon Jun 10 14:38:58 UTC 2019
14:40:22,257 |-WARN in ch.qos.logback.core.rolling.SizeAndTimeBasedFNATP@6b2fad11 - SizeAndTimeBasedFNATP is deprecated. Use SizeAndTimeBasedRollingPolicy instead
14:40:22,257 |-WARN in ch.qos.logback.core.rolling.SizeAndTimeBasedFNATP@6b2fad11 - For more information see http://logback.qos.ch/manual/appenders.html#SizeAndTimeBasedRollingPolicy
14:40:22,261 |-INFO in ch.qos.logback.core.joran.action.NestedComplexPropertyIA - Assuming default type [ch.qos.logback.classic.encoder.PatternLayoutEncoder] for [encoder] property
14:40:22,265 |-INFO in ch.qos.logback.core.rolling.RollingFileAppender[FILE] - Active log file name: /tmp/application.log
14:40:22,265 |-INFO in ch.qos.logback.core.rolling.RollingFileAppender[FILE] - File property is set to [/tmp/application.log]
14:40:22,266 |-INFO in ch.qos.logback.classic.joran.action.RootLoggerAction - Setting level of ROOT logger to WARN
14:40:22,266 |-INFO in ch.qos.logback.core.joran.action.AppenderRefAction - Attaching appender named [STDOUT] to Logger[ROOT]
14:40:22,268 |-INFO in ch.qos.logback.core.joran.action.AppenderRefAction - Attaching appender named [FILE] to Logger[ROOT]
14:40:22,268 |-INFO in ch.qos.logback.classic.joran.action.ConfigurationAction - End of configuration.
14:40:22,269 |-INFO in ch.qos.logback.classic.joran.JoranConfigurator@79698539 - Registering current configuration as safe fallback point

Ama winner
Ama winner
2019-06-10T14:40:23.555+0000: 1.737: [Full GC (Metadata GC Threshold) 2019-06-10T14:40:23.555+0000: 1.737: [Tenured: 0K->15144K(341376K), 0.0405511 secs] 114988K->15144K(494976K), [Metaspace: 20741K->20741K(1067008K)], 0.0406172 secs] [Times: user=0.04 sys=0.00, real=0.04 secs] 
14:40:45.395 [Curator-PathChildrenCache-2] WARN  o.a.c.u.ZKPaths  - The version of ZooKeeper being used doesn't support Container nodes. CreateMode.PERSISTENT will be used instead.
2019-06-10T14:40:47.400+0000: 25.582: [GC (Allocation Failure) 2019-06-10T14:40:47.400+0000: 25.582: [DefNew: 118074K->16852K(153600K), 0.0265049 secs] 133218K->31997K(494976K), 0.0265735 secs] [Times: user=0.02 sys=0.01, real=0.02 secs] 
2019-06-10T14:40:48.151+0000: 26.333: [Full GC (Metadata GC Threshold) 2019-06-10T14:40:48.151+0000: 26.333: [Tenured: 15144K->43466K(341376K), 0.0462038 secs] 74045K->43466K(494976K), [Metaspace: 34639K->34639K(1079296K)], 0.0463342 secs] [Times: user=0.04 sys=0.01, real=0.05 secs] 
2019-06-10T14:40:50.723+0000: 28.905: [GC (Allocation Failure) 2019-06-10T14:40:50.723+0000: 28.905: [DefNew: 136576K->243K(153600K), 0.0024579 secs] 180042K->43709K(494976K), 0.0025163 secs] [Times: user=0.00 sys=0.00, real=0.00 secs] 
2019-06-10T14:40:52.658+0000: 30.840: [GC (Allocation Failure) 2019-06-10T14:40:52.658+0000: 30.840: [DefNew: 136819K->235K(153600K), 0.0022346 secs] 180285K->43702K(494976K), 0.0022921 secs] [Times: user=0.00 sys=0.00, real=0.01 secs] 
2019-06-10T14:40:54.751+0000: 32.934: [GC (Allocation Failure) 2019-06-10T14:40:54.752+0000: 32.934: [DefNew: 136811K->245K(153600K), 0.0022423 secs] 180278K->43712K(494976K), 0.0023012 secs] [Times: user=0.00 sys=0.00, real=0.00 secs] 
2019-06-10T14:40:56.869+0000: 35.051: [GC (Allocation Failure) 2019-06-10T14:40:56.869+0000: 35.051: [DefNew: 136821K->248K(153600K), 0.0022863 secs] 180288K->43714K(494976K), 0.0023479 secs] [Times: user=0.00 sys=0.00, real=0.01 secs] 
2019-06-10T14:40:58.970+0000: 37.152: [GC (Allocation Failure) 2019-06-10T14:40:58.970+0000: 37.152: [DefNew: 136824K->265K(153600K), 0.0022284 secs] 180290K->43732K(494976K), 0.0022920 secs] [Times: user=0.01 sys=0.00, real=0.01 secs] 
2019-06-10T14:41:06.380+0000: 44.562: [GC (Allocation Failure) 2019-06-10T14:41:06.380+0000: 44.562: [DefNew: 136841K->607K(153600K), 0.0043668 secs] 180308K->44074K(494976K), 0.0044254 secs] [Times: user=0.00 sys=0.00, real=0.00 secs] 
14:41:06.412 [Curator-PathChildrenCache-0] ERROR o.a.c.f.r.c.PathChildrenCache  - 
java.lang.IllegalStateException: instance must be started before calling this method
	at org.apache.curator.shaded.com.google.common.base.Preconditions.checkState(Preconditions.java:444)
	at org.apache.curator.framework.imps.CuratorFrameworkImpl.getChildren(CuratorFrameworkImpl.java:456)
	at org.apache.curator.framework.recipes.cache.PathChildrenCache.refresh(PathChildrenCache.java:521)
	at org.apache.curator.framework.recipes.cache.RefreshOperation.invoke(RefreshOperation.java:35)
	at org.apache.curator.framework.recipes.cache.PathChildrenCache$9.run(PathChildrenCache.java:786)
	at java.util.concurrent.Executors$RunnableAdapter.call(Executors.java:511)
	at java.util.concurrent.FutureTask.run(FutureTask.java:266)
	at java.util.concurrent.Executors$RunnableAdapter.call(Executors.java:511)
	at java.util.concurrent.FutureTask.run(FutureTask.java:266)
	at java.util.concurrent.ThreadPoolExecutor.runWorker(ThreadPoolExecutor.java:1149)
	at java.util.concurrent.ThreadPoolExecutor$Worker.run(ThreadPoolExecutor.java:624)
	at java.lang.Thread.run(Thread.java:748)
Heap
 def new generation   total 153600K, used 14413K [0x00000000e0c00000, 0x00000000eb2a0000, 0x00000000eb2a0000)
  eden space 136576K,  10% used [0x00000000e0c00000, 0x00000000e197b688, 0x00000000e9160000)
  from space 17024K,   3% used [0x00000000ea200000, 0x00000000ea297ec8, 0x00000000eb2a0000)
  to   space 17024K,   0% used [0x00000000e9160000, 0x00000000e9160000, 0x00000000ea200000)
 tenured generation   total 341376K, used 43466K [0x00000000eb2a0000, 0x0000000100000000, 0x0000000100000000)
   the space 341376K,  12% used [0x00000000eb2a0000, 0x00000000edd12a00, 0x00000000edd12a00, 0x0000000100000000)
 Metaspace       used 35988K, capacity 36936K, committed 37120K, reserved 1081344K
  class space    used 4861K, capacity 5060K, committed 5120K, reserved 1048576K
