10:52:30,227 |-INFO in ch.qos.logback.classic.LoggerContext[default] - Could NOT find resource [logback-test.xml]
10:52:30,227 |-INFO in ch.qos.logback.classic.LoggerContext[default] - Could NOT find resource [logback.groovy]
10:52:30,227 |-INFO in ch.qos.logback.classic.LoggerContext[default] - Found resource [logback.xml] at [jar:file:/home/nikitasokolov/flamestream/lib/flamestream-runtime-1.0-SNAPSHOT.jar!/logback.xml]
10:52:30,227 |-WARN in ch.qos.logback.classic.LoggerContext[default] - Resource [logback.xml] occurs multiple times on the classpath.
10:52:30,228 |-WARN in ch.qos.logback.classic.LoggerContext[default] - Resource [logback.xml] occurs at [jar:file:/home/nikitasokolov/flamestream/lib/flamestream-runtime-1.0-SNAPSHOT.jar!/logback.xml]
10:52:30,228 |-WARN in ch.qos.logback.classic.LoggerContext[default] - Resource [logback.xml] occurs at [jar:file:/home/nikitasokolov/flamestream/flamestream-runtime-1.0-SNAPSHOT.jar!/logback.xml]
10:52:30,244 |-INFO in ch.qos.logback.core.joran.spi.ConfigurationWatchList@6108b2d7 - URL [jar:file:/home/nikitasokolov/flamestream/lib/flamestream-runtime-1.0-SNAPSHOT.jar!/logback.xml] is not of type file
10:52:30,293 |-INFO in ch.qos.logback.classic.joran.action.ConfigurationAction - debug attribute not set
10:52:30,294 |-INFO in ch.qos.logback.core.joran.action.AppenderAction - About to instantiate appender of type [ch.qos.logback.core.ConsoleAppender]
10:52:30,302 |-INFO in ch.qos.logback.core.joran.action.AppenderAction - Naming appender as [STDOUT]
10:52:30,310 |-INFO in ch.qos.logback.core.joran.action.NestedComplexPropertyIA - Assuming default type [ch.qos.logback.classic.encoder.PatternLayoutEncoder] for [encoder] property
10:52:30,363 |-INFO in ch.qos.logback.core.joran.action.AppenderAction - About to instantiate appender of type [ch.qos.logback.core.rolling.RollingFileAppender]
10:52:30,367 |-INFO in ch.qos.logback.core.joran.action.AppenderAction - Naming appender as [FILE]
10:52:30,388 |-INFO in c.q.l.core.rolling.TimeBasedRollingPolicy@357863579 - No compression will be used
10:52:30,390 |-INFO in c.q.l.core.rolling.TimeBasedRollingPolicy@357863579 - Will use the pattern /tmp/application_%d{yyyy-MM-dd}.%i.log for the active file
10:52:30,392 |-INFO in ch.qos.logback.core.rolling.SizeAndTimeBasedFNATP@6bf256fa - The date pattern is 'yyyy-MM-dd' from file name pattern '/tmp/application_%d{yyyy-MM-dd}.%i.log'.
10:52:30,392 |-INFO in ch.qos.logback.core.rolling.SizeAndTimeBasedFNATP@6bf256fa - Roll-over at midnight.
10:52:30,396 |-INFO in ch.qos.logback.core.rolling.SizeAndTimeBasedFNATP@6bf256fa - Setting initial period to Sun Jun 09 10:51:50 MSK 2019
10:52:30,396 |-WARN in ch.qos.logback.core.rolling.SizeAndTimeBasedFNATP@6bf256fa - SizeAndTimeBasedFNATP is deprecated. Use SizeAndTimeBasedRollingPolicy instead
10:52:30,396 |-WARN in ch.qos.logback.core.rolling.SizeAndTimeBasedFNATP@6bf256fa - For more information see http://logback.qos.ch/manual/appenders.html#SizeAndTimeBasedRollingPolicy
10:52:30,400 |-INFO in ch.qos.logback.core.joran.action.NestedComplexPropertyIA - Assuming default type [ch.qos.logback.classic.encoder.PatternLayoutEncoder] for [encoder] property
10:52:30,403 |-INFO in ch.qos.logback.core.rolling.RollingFileAppender[FILE] - Active log file name: /tmp/application.log
10:52:30,403 |-INFO in ch.qos.logback.core.rolling.RollingFileAppender[FILE] - File property is set to [/tmp/application.log]
10:52:30,404 |-INFO in ch.qos.logback.classic.joran.action.RootLoggerAction - Setting level of ROOT logger to WARN
10:52:30,404 |-INFO in ch.qos.logback.core.joran.action.AppenderRefAction - Attaching appender named [STDOUT] to Logger[ROOT]
10:52:30,404 |-INFO in ch.qos.logback.core.joran.action.AppenderRefAction - Attaching appender named [FILE] to Logger[ROOT]
10:52:30,404 |-INFO in ch.qos.logback.classic.joran.action.ConfigurationAction - End of configuration.
10:52:30,405 |-INFO in ch.qos.logback.classic.joran.JoranConfigurator@6cd8737 - Registering current configuration as safe fallback point

2019-06-09T10:52:31.411+0300: 1.388: [GC (Metadata GC Threshold) [PSYoungGen: 110722K->15899K(149504K)] 110722K->15979K(491008K), 0.0258423 secs] [Times: user=0.16 sys=0.04, real=0.02 secs] 
2019-06-09T10:52:31.436+0300: 1.414: [Full GC (Metadata GC Threshold) [PSYoungGen: 15899K->0K(149504K)] [ParOldGen: 80K->15078K(341504K)] 15979K->15078K(491008K), [Metaspace: 20802K->20802K(1067008K)], 0.0277540 secs] [Times: user=0.19 sys=0.00, real=0.03 secs] 
10:52:38.569 [Curator-PathChildrenCache-1] WARN  o.a.c.u.ZKPaths  - The version of ZooKeeper being used doesn't support Container nodes. CreateMode.PERSISTENT will be used instead.
2019-06-09T10:52:39.434+0300: 9.412: [GC (Metadata GC Threshold) [PSYoungGen: 125354K->15641K(149504K)] 140433K->50259K(491008K), 0.0333138 secs] [Times: user=0.28 sys=0.02, real=0.03 secs] 
2019-06-09T10:52:39.468+0300: 9.445: [Full GC (Metadata GC Threshold) [PSYoungGen: 15641K->0K(149504K)] [ParOldGen: 34617K->38776K(341504K)] 50259K->38776K(491008K), [Metaspace: 34556K->34556K(1079296K)], 0.0347952 secs] [Times: user=0.20 sys=0.01, real=0.04 secs] 
2019-06-09T10:52:41.081+0300: 11.058: [GC (Allocation Failure) [PSYoungGen: 128512K->608K(149504K)] 167288K->39384K(491008K), 0.0032439 secs] [Times: user=0.02 sys=0.00, real=0.00 secs] 
2019-06-09T10:52:42.425+0300: 12.402: [GC (Allocation Failure) [PSYoungGen: 129120K->544K(149504K)] 167896K->39328K(491008K), 0.0025248 secs] [Times: user=0.02 sys=0.00, real=0.00 secs] 
2019-06-09T10:52:43.926+0300: 13.904: [GC (Allocation Failure) [PSYoungGen: 129056K->544K(129536K)] 167840K->39336K(471040K), 0.0033891 secs] [Times: user=0.01 sys=0.00, real=0.00 secs] 
2019-06-09T10:52:45.007+0300: 14.985: [GC (Allocation Failure) [PSYoungGen: 129056K->768K(150016K)] 167848K->39568K(491520K), 0.0049395 secs] [Times: user=0.03 sys=0.01, real=0.01 secs] 
2019-06-09T10:52:45.924+0300: 15.901: [GC (Allocation Failure) [PSYoungGen: 129280K->576K(148992K)] 168080K->39376K(490496K), 0.0030898 secs] [Times: user=0.02 sys=0.00, real=0.00 secs] 
2019-06-09T10:52:47.236+0300: 17.214: [GC (Allocation Failure) [PSYoungGen: 129088K->672K(151552K)] 167888K->39472K(493056K), 0.0037000 secs] [Times: user=0.01 sys=0.00, real=0.01 secs] 
2019-06-09T10:52:48.292+0300: 18.270: [GC (Allocation Failure) [PSYoungGen: 132768K->576K(151040K)] 171568K->39376K(492544K), 0.0031419 secs] [Times: user=0.02 sys=0.00, real=0.00 secs] 
2019-06-09T10:52:49.450+0300: 19.427: [GC (Allocation Failure) [PSYoungGen: 132672K->672K(153600K)] 171472K->39472K(495104K), 0.0110990 secs] [Times: user=0.10 sys=0.00, real=0.01 secs] 
2019-06-09T10:52:51.289+0300: 21.266: [GC (Allocation Failure) [PSYoungGen: 136352K->608K(152576K)] 175152K->39408K(494080K), 0.0031743 secs] [Times: user=0.01 sys=0.01, real=0.01 secs] 
2019-06-09T10:52:52.896+0300: 22.874: [GC (Allocation Failure) [PSYoungGen: 136288K->768K(155136K)] 175088K->39568K(496640K), 0.0048700 secs] [Times: user=0.01 sys=0.01, real=0.01 secs] 
10:52:59.673 [Curator-PathChildrenCache-0] ERROR o.a.c.f.r.c.PathChildrenCache  - 
java.lang.IllegalStateException: instance must be started before calling this method
	at org.apache.curator.shaded.com.google.common.base.Preconditions.checkState(Preconditions.java:444)
	at org.apache.curator.framework.imps.CuratorFrameworkImpl.getChildren(CuratorFrameworkImpl.java:456)
	at org.apache.curator.framework.recipes.cache.PathChildrenCache.refresh(PathChildrenCache.java:521)
	at org.apache.curator.framework.recipes.cache.RefreshOperation.invoke(RefreshOperation.java:35)
	at org.apache.curator.framework.recipes.cache.PathChildrenCache$9.run(PathChildrenCache.java:786)
	at java.util.concurrent.Executors$RunnableAdapter.call(Executors.java:511)
	at java.util.concurrent.FutureTask.run(FutureTask.java:266)
	at java.util.concurrent.Executors$RunnableAdapter.call(Executors.java:511)
	at java.util.concurrent.FutureTask.run(FutureTask.java:266)
	at java.util.concurrent.ThreadPoolExecutor.runWorker(ThreadPoolExecutor.java:1149)
	at java.util.concurrent.ThreadPoolExecutor$Worker.run(ThreadPoolExecutor.java:624)
	at java.lang.Thread.run(Thread.java:748)
Heap
 PSYoungGen      total 155136K, used 120385K [0x00000000f5980000, 0x0000000100000000, 0x0000000100000000)
  eden space 138752K, 86% used [0x00000000f5980000,0x00000000fce506f0,0x00000000fe100000)
  from space 16384K, 4% used [0x00000000ff000000,0x00000000ff0c0000,0x0000000100000000)
  to   space 15360K, 0% used [0x00000000fe100000,0x00000000fe100000,0x00000000ff000000)
 ParOldGen       total 341504K, used 38800K [0x00000000e0c00000, 0x00000000f5980000, 0x00000000f5980000)
  object space 341504K, 11% used [0x00000000e0c00000,0x00000000e31e4328,0x00000000f5980000)
 Metaspace       used 35716K, capacity 36550K, committed 36952K, reserved 1081344K
  class space    used 4935K, capacity 5129K, committed 5248K, reserved 1048576K
