20:14:50,106 |-INFO in ch.qos.logback.classic.LoggerContext[default] - Could NOT find resource [logback-test.xml]
20:14:50,106 |-INFO in ch.qos.logback.classic.LoggerContext[default] - Could NOT find resource [logback.groovy]
20:14:50,107 |-INFO in ch.qos.logback.classic.LoggerContext[default] - Found resource [logback.xml] at [jar:file:/root/flamestream/lib/flamestream-runtime-1.0-SNAPSHOT.jar!/logback.xml]
20:14:50,108 |-WARN in ch.qos.logback.classic.LoggerContext[default] - Resource [logback.xml] occurs multiple times on the classpath.
20:14:50,108 |-WARN in ch.qos.logback.classic.LoggerContext[default] - Resource [logback.xml] occurs at [jar:file:/root/flamestream/lib/flamestream-runtime-1.0-SNAPSHOT.jar!/logback.xml]
20:14:50,108 |-WARN in ch.qos.logback.classic.LoggerContext[default] - Resource [logback.xml] occurs at [jar:file:/root/flamestream/flamestream-runtime-1.0-SNAPSHOT.jar!/logback.xml]
20:14:50,127 |-INFO in ch.qos.logback.core.joran.spi.ConfigurationWatchList@3fb6a447 - URL [jar:file:/root/flamestream/lib/flamestream-runtime-1.0-SNAPSHOT.jar!/logback.xml] is not of type file
20:14:50,198 |-INFO in ch.qos.logback.classic.joran.action.ConfigurationAction - debug attribute not set
20:14:50,199 |-INFO in ch.qos.logback.core.joran.action.AppenderAction - About to instantiate appender of type [ch.qos.logback.core.ConsoleAppender]
20:14:50,217 |-INFO in ch.qos.logback.core.joran.action.AppenderAction - Naming appender as [STDOUT]
20:14:50,229 |-INFO in ch.qos.logback.core.joran.action.NestedComplexPropertyIA - Assuming default type [ch.qos.logback.classic.encoder.PatternLayoutEncoder] for [encoder] property
20:14:50,312 |-INFO in ch.qos.logback.core.joran.action.AppenderAction - About to instantiate appender of type [ch.qos.logback.core.rolling.RollingFileAppender]
20:14:50,320 |-INFO in ch.qos.logback.core.joran.action.AppenderAction - Naming appender as [FILE]
20:14:50,353 |-INFO in c.q.l.core.rolling.TimeBasedRollingPolicy@127618319 - No compression will be used
20:14:50,354 |-INFO in c.q.l.core.rolling.TimeBasedRollingPolicy@127618319 - Will use the pattern /tmp/application_%d{yyyy-MM-dd}.%i.log for the active file
20:14:50,357 |-INFO in ch.qos.logback.core.rolling.SizeAndTimeBasedFNATP@6b2fad11 - The date pattern is 'yyyy-MM-dd' from file name pattern '/tmp/application_%d{yyyy-MM-dd}.%i.log'.
20:14:50,357 |-INFO in ch.qos.logback.core.rolling.SizeAndTimeBasedFNATP@6b2fad11 - Roll-over at midnight.
20:14:50,362 |-INFO in ch.qos.logback.core.rolling.SizeAndTimeBasedFNATP@6b2fad11 - Setting initial period to Mon Jun 10 20:13:24 UTC 2019
20:14:50,362 |-WARN in ch.qos.logback.core.rolling.SizeAndTimeBasedFNATP@6b2fad11 - SizeAndTimeBasedFNATP is deprecated. Use SizeAndTimeBasedRollingPolicy instead
20:14:50,362 |-WARN in ch.qos.logback.core.rolling.SizeAndTimeBasedFNATP@6b2fad11 - For more information see http://logback.qos.ch/manual/appenders.html#SizeAndTimeBasedRollingPolicy
20:14:50,366 |-INFO in ch.qos.logback.core.joran.action.NestedComplexPropertyIA - Assuming default type [ch.qos.logback.classic.encoder.PatternLayoutEncoder] for [encoder] property
20:14:50,371 |-INFO in ch.qos.logback.core.rolling.RollingFileAppender[FILE] - Active log file name: /tmp/application.log
20:14:50,371 |-INFO in ch.qos.logback.core.rolling.RollingFileAppender[FILE] - File property is set to [/tmp/application.log]
20:14:50,372 |-INFO in ch.qos.logback.classic.joran.action.RootLoggerAction - Setting level of ROOT logger to WARN
20:14:50,372 |-INFO in ch.qos.logback.core.joran.action.AppenderRefAction - Attaching appender named [STDOUT] to Logger[ROOT]
20:14:50,374 |-INFO in ch.qos.logback.core.joran.action.AppenderRefAction - Attaching appender named [FILE] to Logger[ROOT]
20:14:50,374 |-INFO in ch.qos.logback.classic.joran.action.ConfigurationAction - End of configuration.
20:14:50,375 |-INFO in ch.qos.logback.classic.joran.JoranConfigurator@79698539 - Registering current configuration as safe fallback point

Ama winner
Ama winner
2019-06-10T20:14:51.651+0000: 1.733: [Full GC (Metadata GC Threshold) 2019-06-10T20:14:51.651+0000: 1.733: [Tenured: 0K->15143K(341376K), 0.0388383 secs] 115116K->15143K(494976K), [Metaspace: 20727K->20727K(1067008K)], 0.0389059 secs] [Times: user=0.04 sys=0.00, real=0.04 secs] 
20:15:12.756 [Curator-PathChildrenCache-1] WARN  o.a.c.u.ZKPaths  - The version of ZooKeeper being used doesn't support Container nodes. CreateMode.PERSISTENT will be used instead.
2019-06-10T20:15:15.139+0000: 25.221: [GC (Allocation Failure) 2019-06-10T20:15:15.139+0000: 25.221: [DefNew: 136576K->17024K(153600K), 0.0319078 secs] 151719K->52587K(494976K), 0.0319833 secs] [Times: user=0.02 sys=0.02, real=0.03 secs] 
2019-06-10T20:15:21.663+0000: 31.745: [GC (Allocation Failure) 2019-06-10T20:15:21.663+0000: 31.745: [DefNew: 153600K->369K(153600K), 0.0103123 secs] 189163K->44103K(494976K), 0.0103772 secs] [Times: user=0.01 sys=0.00, real=0.01 secs] 
2019-06-10T20:15:24.618+0000: 34.699: [Full GC (Metadata GC Threshold) 2019-06-10T20:15:24.618+0000: 34.699: [Tenured: 43734K->44078K(341376K), 0.0438357 secs] 110730K->44078K(494976K), [Metaspace: 34640K->34640K(1079296K)], 0.0439149 secs] [Times: user=0.04 sys=0.00, real=0.04 secs] 
2019-06-10T20:15:31.003+0000: 41.085: [GC (Allocation Failure) 2019-06-10T20:15:31.003+0000: 41.085: [DefNew: 136576K->47K(153600K), 0.0016298 secs] 180654K->44126K(494976K), 0.0017016 secs] [Times: user=0.01 sys=0.00, real=0.01 secs] 
2019-06-10T20:15:37.405+0000: 47.487: [GC (Allocation Failure) 2019-06-10T20:15:37.406+0000: 47.487: [DefNew: 136623K->48K(153600K), 0.0016237 secs] 180702K->44127K(494976K), 0.0016839 secs] [Times: user=0.00 sys=0.00, real=0.00 secs] 
2019-06-10T20:15:43.841+0000: 53.922: [GC (Allocation Failure) 2019-06-10T20:15:43.841+0000: 53.922: [DefNew: 136624K->55K(153600K), 0.0015746 secs] 180703K->44133K(494976K), 0.0016424 secs] [Times: user=0.00 sys=0.00, real=0.00 secs] 
2019-06-10T20:15:57.915+0000: 67.996: [GC (Allocation Failure) 2019-06-10T20:15:57.915+0000: 67.996: [DefNew: 136631K->619K(153600K), 0.0046564 secs] 180709K->44697K(494976K), 0.0047187 secs] [Times: user=0.00 sys=0.00, real=0.01 secs] 
20:15:57.939 [Curator-PathChildrenCache-0] ERROR o.a.c.f.r.c.PathChildrenCache  - 
java.lang.IllegalStateException: instance must be started before calling this method
	at org.apache.curator.shaded.com.google.common.base.Preconditions.checkState(Preconditions.java:444)
	at org.apache.curator.framework.imps.CuratorFrameworkImpl.getChildren(CuratorFrameworkImpl.java:456)
	at org.apache.curator.framework.recipes.cache.PathChildrenCache.refresh(PathChildrenCache.java:521)
	at org.apache.curator.framework.recipes.cache.RefreshOperation.invoke(RefreshOperation.java:35)
	at org.apache.curator.framework.recipes.cache.PathChildrenCache$9.run(PathChildrenCache.java:786)
	at java.util.concurrent.Executors$RunnableAdapter.call(Executors.java:511)
	at java.util.concurrent.FutureTask.run(FutureTask.java:266)
	at java.util.concurrent.Executors$RunnableAdapter.call(Executors.java:511)
	at java.util.concurrent.FutureTask.run(FutureTask.java:266)
	at java.util.concurrent.ThreadPoolExecutor.runWorker(ThreadPoolExecutor.java:1149)
	at java.util.concurrent.ThreadPoolExecutor$Worker.run(ThreadPoolExecutor.java:624)
	at java.lang.Thread.run(Thread.java:748)
Heap
 def new generation   total 153600K, used 10796K [0x00000000e0c00000, 0x00000000eb2a0000, 0x00000000eb2a0000)
  eden space 136576K,   7% used [0x00000000e0c00000, 0x00000000e15f0578, 0x00000000e9160000)
  from space 17024K,   3% used [0x00000000e9160000, 0x00000000e91fac40, 0x00000000ea200000)
  to   space 17024K,   0% used [0x00000000ea200000, 0x00000000ea200000, 0x00000000eb2a0000)
 tenured generation   total 341376K, used 44078K [0x00000000eb2a0000, 0x0000000100000000, 0x0000000100000000)
   the space 341376K,  12% used [0x00000000eb2a0000, 0x00000000eddabb00, 0x00000000eddabc00, 0x0000000100000000)
 Metaspace       used 35984K, capacity 36864K, committed 37120K, reserved 1081344K
  class space    used 4868K, capacity 5074K, committed 5120K, reserved 1048576K
