11:34:50,716 |-INFO in ch.qos.logback.classic.LoggerContext[default] - Could NOT find resource [logback-test.xml]
11:34:50,716 |-INFO in ch.qos.logback.classic.LoggerContext[default] - Could NOT find resource [logback.groovy]
11:34:50,717 |-INFO in ch.qos.logback.classic.LoggerContext[default] - Found resource [logback.xml] at [jar:file:/home/ubuntu/flamestream/lib/flamestream-runtime-1.0-SNAPSHOT.jar!/logback.xml]
11:34:50,717 |-WARN in ch.qos.logback.classic.LoggerContext[default] - Resource [logback.xml] occurs multiple times on the classpath.
11:34:50,717 |-WARN in ch.qos.logback.classic.LoggerContext[default] - Resource [logback.xml] occurs at [jar:file:/home/ubuntu/flamestream/flamestream-runtime-1.0-SNAPSHOT.jar!/logback.xml]
11:34:50,717 |-WARN in ch.qos.logback.classic.LoggerContext[default] - Resource [logback.xml] occurs at [jar:file:/home/ubuntu/flamestream/lib/flamestream-runtime-1.0-SNAPSHOT.jar!/logback.xml]
11:34:50,734 |-INFO in ch.qos.logback.core.joran.spi.ConfigurationWatchList@4678c730 - URL [jar:file:/home/ubuntu/flamestream/lib/flamestream-runtime-1.0-SNAPSHOT.jar!/logback.xml] is not of type file
11:34:50,790 |-INFO in ch.qos.logback.classic.joran.action.ConfigurationAction - debug attribute not set
11:34:50,799 |-INFO in ch.qos.logback.core.joran.action.AppenderAction - About to instantiate appender of type [ch.qos.logback.core.ConsoleAppender]
11:34:50,820 |-INFO in ch.qos.logback.core.joran.action.AppenderAction - Naming appender as [STDOUT]
11:34:50,834 |-INFO in ch.qos.logback.core.joran.action.NestedComplexPropertyIA - Assuming default type [ch.qos.logback.classic.encoder.PatternLayoutEncoder] for [encoder] property
11:34:50,926 |-INFO in ch.qos.logback.core.joran.action.AppenderAction - About to instantiate appender of type [ch.qos.logback.core.rolling.RollingFileAppender]
11:34:50,932 |-INFO in ch.qos.logback.core.joran.action.AppenderAction - Naming appender as [FILE]
11:34:50,970 |-INFO in c.q.l.core.rolling.TimeBasedRollingPolicy@1734853116 - No compression will be used
11:34:50,976 |-INFO in c.q.l.core.rolling.TimeBasedRollingPolicy@1734853116 - Will use the pattern /tmp/application_%d{yyyy-MM-dd}.%i.log for the active file
11:34:50,982 |-INFO in ch.qos.logback.core.rolling.SizeAndTimeBasedFNATP@29ee9faa - The date pattern is 'yyyy-MM-dd' from file name pattern '/tmp/application_%d{yyyy-MM-dd}.%i.log'.
11:34:50,982 |-INFO in ch.qos.logback.core.rolling.SizeAndTimeBasedFNATP@29ee9faa - Roll-over at midnight.
11:34:50,987 |-INFO in ch.qos.logback.core.rolling.SizeAndTimeBasedFNATP@29ee9faa - Setting initial period to Thu Oct 10 11:34:25 UTC 2019
11:34:50,987 |-WARN in ch.qos.logback.core.rolling.SizeAndTimeBasedFNATP@29ee9faa - SizeAndTimeBasedFNATP is deprecated. Use SizeAndTimeBasedRollingPolicy instead
11:34:50,987 |-WARN in ch.qos.logback.core.rolling.SizeAndTimeBasedFNATP@29ee9faa - For more information see http://logback.qos.ch/manual/appenders.html#SizeAndTimeBasedRollingPolicy
11:34:50,992 |-INFO in ch.qos.logback.core.joran.action.NestedComplexPropertyIA - Assuming default type [ch.qos.logback.classic.encoder.PatternLayoutEncoder] for [encoder] property
11:34:51,000 |-INFO in ch.qos.logback.core.rolling.RollingFileAppender[FILE] - Active log file name: /tmp/application.log
11:34:51,000 |-INFO in ch.qos.logback.core.rolling.RollingFileAppender[FILE] - File property is set to [/tmp/application.log]
11:34:51,001 |-INFO in ch.qos.logback.classic.joran.action.RootLoggerAction - Setting level of ROOT logger to INFO
11:34:51,001 |-INFO in ch.qos.logback.core.joran.action.AppenderRefAction - Attaching appender named [STDOUT] to Logger[ROOT]
11:34:51,002 |-INFO in ch.qos.logback.core.joran.action.AppenderRefAction - Attaching appender named [FILE] to Logger[ROOT]
11:34:51,002 |-INFO in ch.qos.logback.classic.joran.action.ConfigurationAction - End of configuration.
11:34:51,002 |-INFO in ch.qos.logback.classic.joran.JoranConfigurator@c038203 - Registering current configuration as safe fallback point

11:34:51.009 [main] INFO  c.s.f.r.WorkerApplication  - Starting worker with workerConfig 'WorkerConfig{id='flamestream-benchmarks-worker-4', localAddress=flamestream-benchmarks-worker-4/10.0.0.22:5412, zkString='flamestream-benchmarks-manager:12181', snapshotPath='/home/ubuntu/flamestream/data', guarantees=AT_MOST_ONCE}'
11:34:52.482 [worker-akka.actor.default-dispatcher-6] INFO  a.e.s.Slf4jLogger  - Slf4jLogger started
2019-10-10T11:34:52.642+0000: 2.273: [Full GC (Metadata GC Threshold) 2019-10-10T11:34:52.642+0000: 2.273: [Tenured: 0K->13625K(1024000K), 0.0525154 secs] 139464K->13625K(1484800K), [Metaspace: 20232K->20232K(1067008K)], 0.0526088 secs] [Times: user=0.05 sys=0.01, real=0.05 secs] 
11:34:52.806 [worker-akka.actor.default-dispatcher-6] WARN  a.r.RemoteActorRefProvider akka.remote.RemoteActorRefProvider - Using the 'remote' ActorRefProvider directly, which is a low-level layer. For most use cases, the 'cluster' abstraction on top of remoting is more suitable instead.
11:34:52.810 [worker-akka.actor.default-dispatcher-6] WARN  a.r.RemoteActorRefProvider akka.remote.RemoteActorRefProvider - Akka Cluster not in use - Using Akka Cluster is recommended if you need remote watch and deploy.
11:34:52.937 [worker-akka.actor.default-dispatcher-6] INFO  a.r.a.a.ArteryAeronUdpTransport(akka://worker) akka.remote.artery.aeron.ArteryAeronUdpTransport(akka://worker) - Started embedded media driver in directory [/dev/shm/aeron-flamestream-benchmarks-worker-4]
11:34:52.979 [worker-akka.actor.default-dispatcher-6] WARN  a.r.a.a.ArteryAeronUdpTransport(akka://worker) akka.remote.artery.aeron.ArteryAeronUdpTransport(akka://worker) - Aeron CnC version mismatch: compiled version = 15, file version = 16
11:34:53.256 [worker-akka.actor.default-dispatcher-6] INFO  a.r.a.a.ArteryAeronUdpTransport(akka://worker) akka.remote.artery.aeron.ArteryAeronUdpTransport(akka://worker) - Remoting started with transport [Artery aeron-udp]; listening on address [akka://worker@flamestream-benchmarks-worker-4:5412] and bound to [akka://worker@0.0.0.0:5412] with UID [8035050663617044396]
11:34:53.850 [worker-akka.actor.default-dispatcher-6] WARN  a.s.Serialization(akka://worker) akka.serialization.Serialization(akka://worker) - Using serializer [com.romix.akka.serialization.kryo.KryoSerializer] for message [akka.actor.ActorSelectionMessage]. Note that this serializer is not implemented by Akka. It's not recommended to replace serializers for messages provided by Akka.
11:34:53.850 [worker-akka.actor.default-dispatcher-6] WARN  a.s.Serialization(akka://worker) akka.serialization.Serialization(akka://worker) - Using serializer [com.romix.akka.serialization.kryo.KryoSerializer] for message [akka.actor.ActorIdentity]. Note that this serializer is not implemented by Akka. It's not recommended to replace serializers for messages provided by Akka.
11:34:53.912 [worker-akka.actor.default-dispatcher-9] INFO  a.a.RepointableActorRef akka://worker/user/watcher - Starting...
11:34:54.078 [worker-akka.actor.default-dispatcher-6] INFO  o.a.c.u.Compatibility  - Running in ZooKeeper 3.4.x compatibility mode
11:34:54.143 [worker-akka.actor.default-dispatcher-6] INFO  o.a.c.f.i.CuratorFrameworkImpl  - Starting
11:34:54.167 [worker-akka.actor.default-dispatcher-6] INFO  o.a.z.ZooKeeper  - Client environment:zookeeper.version=3.4.14-4c25d480e66aadd371de8bd2fd8da255ac140bcf, built on 03/06/2019 16:18 GMT
11:34:54.168 [worker-akka.actor.default-dispatcher-6] INFO  o.a.z.ZooKeeper  - Client environment:host.name=flamestream-benchmarks-worker-4
11:34:54.169 [worker-akka.actor.default-dispatcher-6] INFO  o.a.z.ZooKeeper  - Client environment:java.version=1.8.0_222
11:34:54.169 [worker-akka.actor.default-dispatcher-6] INFO  o.a.z.ZooKeeper  - Client environment:java.vendor=Private Build
11:34:54.171 [worker-akka.actor.default-dispatcher-6] INFO  o.a.z.ZooKeeper  - Client environment:java.home=/usr/lib/jvm/java-8-openjdk-amd64/jre
11:34:54.172 [worker-akka.actor.default-dispatcher-6] INFO  o.a.z.ZooKeeper  - Client environment:java.class.path=lib/curator-framework-4.0.1.jar:lib/commons-csv-1.4.jar:lib/aeron-client-1.21.2.jar:lib/scala-library-2.12.9.jar:lib/asm-5.0.4.jar:lib/agrona-1.0.1.jar:lib/curator-recipes-4.0.1.jar:lib/akka-testkit_2.12-2.6.0-M6.jar:lib/flamestream-runtime-1.0-SNAPSHOT.jar:lib/slf4j-simple-2.0.0-alpha1.jar:lib/jsr305-3.0.2.jar:lib/trove4j-3.0.3.jar:lib/flamestream-core-1.0-SNAPSHOT.jar:lib/commons-io-2.4.jar:lib/minlog-1.3.0.jar:lib/kryonet-2.21.jar:lib/commons-1.4.9.jar:lib/jline-0.9.94.jar:lib/akka-remote_2.12-2.6.0-M6.jar:lib/leveldbjni-all-1.8.jar:lib/lz4-1.3.0.jar:lib/slf4j-api-1.7.24.jar:lib/scala-parser-combinators_2.12-1.1.2.jar:lib/flamestream-core-1.0-SNAPSHOT-tests.jar:lib/logback-core-1.2.3.jar:lib/netty-3.10.6.Final.jar:lib/protobuf-java-3.9.0.jar:lib/minlog-1.2.jar:lib/leveldb-api-0.7.jar:lib/jool-0.9.12.jar:lib/commons-cli-1.4.jar:lib/jblas-1.2.4.jar:lib/reflectasm-1.11.3.jar:lib/reflectasm-1.07-shaded.jar:lib/audience-annotations-0.5.0.jar:lib/jackson-annotations-2.9.6.jar:lib/commons-lang-2.6.jar:lib/ssl-config-core_2.12-0.3.8.jar:lib/annotations-13.0.jar:lib/logback-classic-1.2.3.jar:lib/guava-21.0.jar:lib/reactive-streams-1.0.2.jar:lib/spotbugs-annotations-3.1.9.jar:lib/leveldb-0.7.jar:lib/commons-pool2-2.4.2.jar:lib/rocksdbjni-5.5.1.jar:lib/jackson-core-2.9.9.jar:lib/jackson-databind-2.9.9.2.jar:lib/akka-protobuf-v3_2.12-2.6.0-M6.jar:lib/jackson-annotations-2.9.0.jar:lib/flamestream-examples-1.0-SNAPSHOT.jar:lib/objenesis-2.1.jar:lib/akka-kryo-serialization_2.12-0.5.2.jar:lib/scala-java8-compat_2.12-0.8.0.jar:lib/zookeeper-3.4.14.jar:lib/akka-slf4j_2.12-2.6.0-M6.jar:lib/kryo-4.0.0.jar:lib/akka-stream_2.12-2.6.0-M6.jar:lib/aeron-driver-1.21.2.jar:lib/config-1.3.1.jar:lib/annotations-12.0.jar:lib/jedis-2.9.0.jar:lib/jcommander-1.48.jar:lib/testng-6.10.jar:lib/akka-actor_2.12-2.6.0-M6.jar:lib/curator-client-4.0.1.jar:flamestream-runtime-1.0-SNAPSHOT.jar
11:34:54.172 [worker-akka.actor.default-dispatcher-6] INFO  o.a.z.ZooKeeper  - Client environment:java.library.path=/usr/java/packages/lib/amd64:/usr/lib/x86_64-linux-gnu/jni:/lib/x86_64-linux-gnu:/usr/lib/x86_64-linux-gnu:/usr/lib/jni:/lib:/usr/lib
11:34:54.172 [worker-akka.actor.default-dispatcher-6] INFO  o.a.z.ZooKeeper  - Client environment:java.io.tmpdir=/tmp
11:34:54.172 [worker-akka.actor.default-dispatcher-6] INFO  o.a.z.ZooKeeper  - Client environment:java.compiler=<NA>
11:34:54.173 [worker-akka.actor.default-dispatcher-6] INFO  o.a.z.ZooKeeper  - Client environment:os.name=Linux
11:34:54.176 [worker-akka.actor.default-dispatcher-6] INFO  o.a.z.ZooKeeper  - Client environment:os.arch=amd64
11:34:54.176 [worker-akka.actor.default-dispatcher-6] INFO  o.a.z.ZooKeeper  - Client environment:os.version=4.15.0-1040-gcp
11:34:54.177 [worker-akka.actor.default-dispatcher-6] INFO  o.a.z.ZooKeeper  - Client environment:user.name=ubuntu
11:34:54.178 [worker-akka.actor.default-dispatcher-6] INFO  o.a.z.ZooKeeper  - Client environment:user.home=/home/ubuntu
11:34:54.178 [worker-akka.actor.default-dispatcher-6] INFO  o.a.z.ZooKeeper  - Client environment:user.dir=/home/ubuntu/flamestream
11:34:54.181 [worker-akka.actor.default-dispatcher-6] INFO  o.a.z.ZooKeeper  - Initiating client connection, connectString=flamestream-benchmarks-manager:12181 sessionTimeout=60000 watcher=org.apache.curator.ConnectionState@652f61e2
11:34:54.243 [worker-akka.actor.default-dispatcher-6-SendThread(flamestream-benchmarks-manager:12181)] INFO  o.a.z.ClientCnxn  - Opening socket connection to server flamestream-benchmarks-manager/10.0.0.21:12181. Will not attempt to authenticate using SASL (unknown error)
11:34:54.245 [worker-akka.actor.default-dispatcher-6] INFO  o.a.c.f.i.CuratorFrameworkImpl  - Default schema
11:34:54.255 [worker-akka.actor.default-dispatcher-6-SendThread(flamestream-benchmarks-manager:12181)] INFO  o.a.z.ClientCnxn  - Socket connection established to flamestream-benchmarks-manager/10.0.0.21:12181, initiating session
11:34:54.268 [worker-akka.actor.default-dispatcher-6-SendThread(flamestream-benchmarks-manager:12181)] INFO  o.a.z.ClientCnxn  - Session establishment complete on server flamestream-benchmarks-manager/10.0.0.21:12181, sessionid = 0x100002c53420003, negotiated timeout = 60000
11:34:54.279 [worker-akka.actor.default-dispatcher-6-EventThread] INFO  o.a.c.f.s.ConnectionStateManager  - State change: CONNECTED
11:34:54.282 [worker-akka.actor.default-dispatcher-9] INFO  a.a.RepointableActorRef akka://worker/user/watcher - Initializing rocksDB backend
2019-10-10T11:34:55.231+0000: 4.862: [Full GC (Metadata GC Threshold) 2019-10-10T11:34:55.231+0000: 4.862: [Tenured: 13625K->25911K(1024000K), 0.0950142 secs] 161115K->25911K(1484800K), [Metaspace: 33680K->33680K(1079296K)], 0.0951227 secs] [Times: user=0.09 sys=0.01, real=0.09 secs] 
11:34:55.420 [worker-akka.actor.default-dispatcher-6] INFO  a.a.LocalActorRef akka://worker/user/watcher/processing-watcher - Starting...
11:35:02.197 [Curator-PathChildrenCache-1] WARN  o.a.c.u.ZKPaths  - The version of ZooKeeper being used doesn't support Container nodes. CreateMode.PERSISTENT will be used instead.
11:35:02.342 [worker-akka.actor.default-dispatcher-6] INFO  a.a.LocalActorRef akka://worker/user/watcher/processing-watcher/$a - Starting...
11:35:02.377 [worker-akka.actor.default-dispatcher-10] INFO  a.a.LocalActorRef akka://worker/user/watcher/processing-watcher/$a - Stopped
11:35:04.025 [worker-akka.actor.default-dispatcher-10] INFO  a.a.LocalActorRef akka://worker/user/watcher/processing-watcher/graph/graph - Starting...
11:35:06.455 [worker-akka.actor.default-dispatcher-9] INFO  a.a.LocalActorRef akka://worker/user/watcher/processing-watcher/graph/graph - Finishing constructor
11:35:06.458 [worker-akka.actor.default-dispatcher-9] INFO  a.a.LocalActorRef akka://worker/user/watcher/processing-watcher/graph/negotiator - Starting...
11:35:06.461 [worker-akka.actor.default-dispatcher-10] INFO  a.a.LocalActorRef akka://worker/user/watcher/processing-watcher/graph/edge - Starting...
11:35:06.466 [worker-akka.actor.default-dispatcher-10] INFO  a.a.LocalActorRef akka://worker/user/watcher/processing-watcher/graph - Starting FlameNode with config 'ClusterConfig{paths={flamestream-benchmarks-worker-1=akka://worker@flamestream-benchmarks-worker-1:5412/user/watcher/processing-watcher/graph, flamestream-benchmarks-worker-0=akka://worker@flamestream-benchmarks-worker-0:5412/user/watcher/processing-watcher/graph, flamestream-benchmarks-worker-9=akka://worker@flamestream-benchmarks-worker-9:5412/user/watcher/processing-watcher/graph, flamestream-benchmarks-worker-8=akka://worker@flamestream-benchmarks-worker-8:5412/user/watcher/processing-watcher/graph, flamestream-benchmarks-worker-7=akka://worker@flamestream-benchmarks-worker-7:5412/user/watcher/processing-watcher/graph, flamestream-benchmarks-worker-6=akka://worker@flamestream-benchmarks-worker-6:5412/user/watcher/processing-watcher/graph, flamestream-benchmarks-worker-5=akka://worker@flamestream-benchmarks-worker-5:5412/user/watcher/processing-watcher/graph, flamestream-benchmarks-worker-4=akka://worker@flamestream-benchmarks-worker-4:5412/user/watcher/processing-watcher/graph, flamestream-benchmarks-worker-3=akka://worker@flamestream-benchmarks-worker-3:5412/user/watcher/processing-watcher/graph, flamestream-benchmarks-worker-2=akka://worker@flamestream-benchmarks-worker-2:5412/user/watcher/processing-watcher/graph, flamestream-benchmarks-worker-14=akka://worker@flamestream-benchmarks-worker-14:5412/user/watcher/processing-watcher/graph, flamestream-benchmarks-worker-13=akka://worker@flamestream-benchmarks-worker-13:5412/user/watcher/processing-watcher/graph, flamestream-benchmarks-worker-12=akka://worker@flamestream-benchmarks-worker-12:5412/user/watcher/processing-watcher/graph, flamestream-benchmarks-worker-11=akka://worker@flamestream-benchmarks-worker-11:5412/user/watcher/processing-watcher/graph, flamestream-benchmarks-worker-10=akka://worker@flamestream-benchmarks-worker-10:5412/user/watcher/processing-watcher/graph}}'
11:35:06.503 [worker-akka.actor.default-dispatcher-6] INFO  a.a.LocalActorRef akka://worker/user/watcher/processing-watcher/graph/negotiator - Requesting ticket for the frontClass FlameSocketGraphDeployerFront@flamestream-benchmarks-worker-4
11:35:06.535 [worker-akka.actor.default-dispatcher-13] INFO  a.a.LocalActorRef akka://worker/user/watcher/processing-watcher/graph/edge/FlameSocketGraphDeployerFront - Starting...
11:35:06.538 [worker-akka.actor.default-dispatcher-13] INFO  a.a.LocalActorRef akka://worker/user/watcher/processing-watcher/graph/graph - Received last commit 'LastCommit{globalTime=(0000000, min@min)}'
11:35:06.574 [worker-akka.actor.default-dispatcher-9] INFO  c.s.f.r.e.s.SocketRear  - FlameSocketGraphDeployerRear@flamestream-benchmarks-worker-4: connecting to flamestream-benchmarks-manager:5678
11:35:06.601 [worker-akka.actor.default-dispatcher-9] INFO  c.s.f.r.e.s.SocketRear  - FlameSocketGraphDeployerRear@flamestream-benchmarks-worker-4: connected to flamestream-benchmarks-manager:5678
11:35:06.603 [worker-akka.actor.default-dispatcher-10] INFO  a.a.LocalActorRef akka://worker/user/watcher/processing-watcher/graph/edge/FlameSocketGraphDeployerRear - Starting...
11:35:06.612 [worker-akka.actor.default-dispatcher-9] INFO  a.a.LocalActorRef akka://worker/user/watcher/processing-watcher/graph/negotiator - Ticket for the frontClass received: FrontTicket{allowedTimestamp=(0000000, FlameSocketGraphDeployerFront@flamestream-benchmarks-worker-4)}
11:35:06.613 [worker-akka.actor.default-dispatcher-9] INFO  c.s.f.r.e.s.SocketFront  - FlameSocketGraphDeployerFront@flamestream-benchmarks-worker-4: connecting to flamestream-benchmarks-manager:4567
11:35:06.974 [worker-akka.actor.default-dispatcher-9] INFO  a.a.LocalActorRef akka://worker/user/watcher/processing-watcher/graph/graph/$a - Starting...
11:35:06.978 [worker-akka.actor.default-dispatcher-9] INFO  a.a.LocalActorRef akka://worker/user/watcher/processing-watcher/graph/graph/$b - Starting...
11:35:06.981 [worker-akka.actor.default-dispatcher-9] INFO  a.a.LocalActorRef akka://worker/user/watcher/processing-watcher/graph/graph/$c - Starting...
11:35:06.983 [worker-akka.actor.default-dispatcher-9] INFO  a.a.LocalActorRef akka://worker/user/watcher/processing-watcher/graph/graph/$d - Starting...
11:35:06.986 [worker-akka.actor.default-dispatcher-9] INFO  a.a.LocalActorRef akka://worker/user/watcher/processing-watcher/graph/graph/$e - Starting...
11:35:06.988 [worker-akka.actor.default-dispatcher-9] INFO  a.a.LocalActorRef akka://worker/user/watcher/processing-watcher/graph/graph/$f - Starting...
11:35:06.990 [worker-akka.actor.default-dispatcher-9] INFO  a.a.LocalActorRef akka://worker/user/watcher/processing-watcher/graph/graph/$g - Starting...
11:35:06.994 [worker-akka.actor.default-dispatcher-9] INFO  a.a.LocalActorRef akka://worker/user/watcher/processing-watcher/graph/graph/$h - Starting...
11:35:07.005 [worker-akka.actor.default-dispatcher-9] INFO  a.a.LocalActorRef akka://worker/user/watcher/processing-watcher/graph/graph/$i - Starting...
11:35:07.031 [worker-akka.actor.default-dispatcher-9] INFO  a.a.LocalActorRef akka://worker/user/watcher/processing-watcher/graph/graph/$j - Starting...
11:35:07.035 [worker-akka.actor.default-dispatcher-9] INFO  a.a.LocalActorRef akka://worker/user/watcher/processing-watcher/graph/graph/$k - Starting...
11:35:07.038 [worker-akka.actor.default-dispatcher-9] INFO  a.a.LocalActorRef akka://worker/user/watcher/processing-watcher/graph/graph/$l - Starting...
11:35:07.042 [worker-akka.actor.default-dispatcher-9] INFO  a.a.LocalActorRef akka://worker/user/watcher/processing-watcher/graph/graph/$m - Starting...
11:35:07.044 [worker-akka.actor.default-dispatcher-9] INFO  a.a.LocalActorRef akka://worker/user/watcher/processing-watcher/graph/graph/$n - Starting...
11:35:07.054 [worker-akka.actor.default-dispatcher-9] INFO  a.a.LocalActorRef akka://worker/user/watcher/processing-watcher/graph/graph/$i - Attached rear to graph (-9223372036854775808, min@min)
11:35:07.054 [worker-akka.actor.default-dispatcher-9] INFO  a.a.LocalActorRef akka://worker/user/watcher/processing-watcher/graph/graph/$o - Starting...
11:35:07.054 [worker-akka.actor.default-dispatcher-9] INFO  a.a.LocalActorRef akka://worker/user/watcher/processing-watcher/graph/graph/$p - Starting...
11:35:07.054 [worker-akka.actor.default-dispatcher-9] INFO  a.a.LocalActorRef akka://worker/user/watcher/processing-watcher/graph/graph/$q - Starting...
11:35:07.055 [worker-akka.actor.default-dispatcher-9] INFO  a.a.LocalActorRef akka://worker/user/watcher/processing-watcher/graph/graph/$r - Starting...
11:35:07.063 [worker-akka.actor.default-dispatcher-10] INFO  a.a.LocalActorRef akka://worker/user/watcher/processing-watcher/graph/graph/$s - Starting...
11:35:07.063 [worker-akka.actor.default-dispatcher-10] INFO  a.a.LocalActorRef akka://worker/user/watcher/processing-watcher/graph/graph/$t - Starting...
11:35:07.063 [worker-akka.actor.default-dispatcher-10] INFO  a.a.LocalActorRef akka://worker/user/watcher/processing-watcher/graph/graph/$u - Starting...
11:35:07.063 [worker-akka.actor.default-dispatcher-10] INFO  a.a.LocalActorRef akka://worker/user/watcher/processing-watcher/graph/graph/$v - Starting...
11:35:07.063 [worker-akka.actor.default-dispatcher-10] INFO  a.a.LocalActorRef akka://worker/user/watcher/processing-watcher/graph/graph/$w - Starting...
11:35:07.063 [worker-akka.actor.default-dispatcher-10] INFO  a.a.LocalActorRef akka://worker/user/watcher/processing-watcher/graph/graph/$x - Starting...
11:35:07.064 [worker-akka.actor.default-dispatcher-10] INFO  a.a.LocalActorRef akka://worker/user/watcher/processing-watcher/graph/graph/$y - Starting...
11:35:07.064 [worker-akka.actor.default-dispatcher-10] INFO  a.a.LocalActorRef akka://worker/user/watcher/processing-watcher/graph/graph/$z - Starting...
11:35:07.064 [worker-akka.actor.default-dispatcher-10] INFO  a.a.LocalActorRef akka://worker/user/watcher/processing-watcher/graph/graph/$A - Starting...
11:35:07.064 [worker-akka.actor.default-dispatcher-10] INFO  a.a.LocalActorRef akka://worker/user/watcher/processing-watcher/graph/graph/$B - Starting...
11:35:07.064 [worker-akka.actor.default-dispatcher-13] INFO  a.a.LocalActorRef akka://worker/user/watcher/processing-watcher/graph/graph/$C - Starting...
11:35:07.064 [worker-akka.actor.default-dispatcher-13] INFO  a.a.LocalActorRef akka://worker/user/watcher/processing-watcher/graph/graph/$D - Starting...
11:35:07.064 [worker-akka.actor.default-dispatcher-13] INFO  a.a.LocalActorRef akka://worker/user/watcher/processing-watcher/graph/graph/$E - Starting...
11:35:07.064 [worker-akka.actor.default-dispatcher-13] INFO  a.a.LocalActorRef akka://worker/user/watcher/processing-watcher/graph/graph/$F - Starting...
11:35:07.064 [worker-akka.actor.default-dispatcher-13] INFO  a.a.LocalActorRef akka://worker/user/watcher/processing-watcher/graph/graph/$G - Starting...
11:35:07.065 [worker-akka.actor.default-dispatcher-6] INFO  a.a.LocalActorRef akka://worker/user/watcher/processing-watcher/graph/graph/$H - Starting...
11:35:07.065 [worker-akka.actor.default-dispatcher-6] INFO  a.a.LocalActorRef akka://worker/user/watcher/processing-watcher/graph/graph/$I - Starting...
11:35:07.065 [worker-akka.actor.default-dispatcher-6] INFO  a.a.LocalActorRef akka://worker/user/watcher/processing-watcher/graph/graph/$J - Starting...
11:35:07.065 [worker-akka.actor.default-dispatcher-6] INFO  a.a.LocalActorRef akka://worker/user/watcher/processing-watcher/graph/graph/$L - Starting...
11:35:07.065 [worker-akka.actor.default-dispatcher-6] INFO  a.a.LocalActorRef akka://worker/user/watcher/processing-watcher/graph/graph/$M - Starting...
11:35:07.065 [worker-akka.actor.default-dispatcher-10] INFO  a.a.LocalActorRef akka://worker/user/watcher/processing-watcher/graph/graph/$N - Starting...
11:35:07.065 [worker-akka.actor.default-dispatcher-10] INFO  a.a.LocalActorRef akka://worker/user/watcher/processing-watcher/graph/graph/$O - Starting...
11:35:07.066 [worker-akka.actor.default-dispatcher-10] INFO  a.a.LocalActorRef akka://worker/user/watcher/processing-watcher/graph/graph/$P - Starting...
11:35:07.066 [worker-akka.actor.default-dispatcher-10] INFO  a.a.LocalActorRef akka://worker/user/watcher/processing-watcher/graph/graph/$Q - Starting...
11:35:07.066 [worker-akka.actor.default-dispatcher-10] INFO  a.a.LocalActorRef akka://worker/user/watcher/processing-watcher/graph/graph/$R - Starting...
11:35:07.068 [worker-akka.actor.default-dispatcher-12] INFO  a.a.LocalActorRef akka://worker/user/watcher/processing-watcher/graph/graph/$S - Starting...
11:35:07.069 [worker-akka.actor.default-dispatcher-12] INFO  a.a.LocalActorRef akka://worker/user/watcher/processing-watcher/graph/graph/$T - Starting...
11:35:07.069 [worker-akka.actor.default-dispatcher-12] INFO  a.a.LocalActorRef akka://worker/user/watcher/processing-watcher/graph/graph/$U - Starting...
11:35:07.069 [worker-akka.actor.default-dispatcher-12] INFO  a.a.LocalActorRef akka://worker/user/watcher/processing-watcher/graph/graph/$V - Starting...
11:35:07.069 [worker-akka.actor.default-dispatcher-12] INFO  a.a.LocalActorRef akka://worker/user/watcher/processing-watcher/graph/graph/$W - Starting...
11:35:07.069 [worker-akka.actor.default-dispatcher-9] INFO  a.a.LocalActorRef akka://worker/user/watcher/processing-watcher/graph/graph/$X - Starting...
11:35:07.069 [worker-akka.actor.default-dispatcher-9] INFO  a.a.LocalActorRef akka://worker/user/watcher/processing-watcher/graph/graph/$Y - Starting...
11:35:07.069 [worker-akka.actor.default-dispatcher-9] INFO  a.a.LocalActorRef akka://worker/user/watcher/processing-watcher/graph/graph/$Z - Starting...
11:35:07.069 [worker-akka.actor.default-dispatcher-9] INFO  a.a.LocalActorRef akka://worker/user/watcher/processing-watcher/graph/graph/$0 - Starting...
11:35:07.070 [worker-akka.actor.default-dispatcher-9] INFO  a.a.LocalActorRef akka://worker/user/watcher/processing-watcher/graph/graph/$1 - Starting...
11:35:07.070 [worker-akka.actor.default-dispatcher-13] INFO  a.a.LocalActorRef akka://worker/user/watcher/processing-watcher/graph/graph/$2 - Starting...
11:35:07.070 [worker-akka.actor.default-dispatcher-13] INFO  a.a.LocalActorRef akka://worker/user/watcher/processing-watcher/graph/graph/$3 - Starting...
11:35:07.070 [worker-akka.actor.default-dispatcher-13] INFO  a.a.LocalActorRef akka://worker/user/watcher/processing-watcher/graph/graph/$4 - Starting...
11:35:07.070 [worker-akka.actor.default-dispatcher-13] INFO  a.a.LocalActorRef akka://worker/user/watcher/processing-watcher/graph/graph/$5 - Starting...
11:35:07.071 [worker-akka.actor.default-dispatcher-13] INFO  a.a.LocalActorRef akka://worker/user/watcher/processing-watcher/graph/graph/$6 - Starting...
11:35:07.071 [worker-akka.actor.default-dispatcher-15] INFO  a.a.LocalActorRef akka://worker/user/watcher/processing-watcher/graph/graph/$7 - Starting...
11:35:07.081 [worker-akka.actor.default-dispatcher-9] INFO  a.a.LocalActorRef akka://worker/user/watcher/processing-watcher/graph/graph/$8 - Starting...
11:35:07.082 [worker-akka.actor.default-dispatcher-9] INFO  a.a.LocalActorRef akka://worker/user/watcher/processing-watcher/graph/graph/$9 - Starting...
11:35:07.083 [worker-akka.actor.default-dispatcher-18] INFO  a.a.LocalActorRef akka://worker/user/watcher/processing-watcher/graph/graph/$K - Starting...
11:35:07.085 [worker-akka.actor.default-dispatcher-18] INFO  a.a.LocalActorRef akka://worker/user/watcher/processing-watcher/graph/graph/$~ - Starting...
11:35:07.086 [worker-akka.actor.default-dispatcher-18] INFO  a.a.LocalActorRef akka://worker/user/watcher/processing-watcher/graph/graph/$+ - Starting...
11:35:07.088 [worker-akka.actor.default-dispatcher-18] INFO  a.a.LocalActorRef akka://worker/user/watcher/processing-watcher/graph/graph/$bb - Starting...
11:35:07.090 [worker-akka.actor.default-dispatcher-18] INFO  a.a.LocalActorRef akka://worker/user/watcher/processing-watcher/graph/graph/$ab - Starting...
11:35:07.095 [worker-akka.actor.default-dispatcher-18] INFO  a.a.LocalActorRef akka://worker/user/watcher/processing-watcher/graph/graph/$cb - Starting...
11:35:07.098 [worker-akka.actor.default-dispatcher-20] INFO  a.a.LocalActorRef akka://worker/user/watcher/processing-watcher/graph/graph/$db - Starting...
11:35:07.098 [worker-akka.actor.default-dispatcher-20] INFO  a.a.LocalActorRef akka://worker/user/watcher/processing-watcher/graph/graph/$eb - Starting...
11:35:07.098 [worker-akka.actor.default-dispatcher-20] INFO  a.a.LocalActorRef akka://worker/user/watcher/processing-watcher/graph/graph/$fb - Starting...
11:35:07.098 [worker-akka.actor.default-dispatcher-20] INFO  a.a.LocalActorRef akka://worker/user/watcher/processing-watcher/graph/graph/$hb - Starting...
11:35:07.098 [worker-akka.actor.default-dispatcher-20] INFO  a.a.LocalActorRef akka://worker/user/watcher/processing-watcher/graph/graph/$gb - Starting...
11:35:07.099 [worker-akka.actor.default-dispatcher-20] INFO  a.a.LocalActorRef akka://worker/user/watcher/processing-watcher/graph/graph/$ib - Starting...
11:35:07.099 [worker-akka.actor.default-dispatcher-20] INFO  a.a.LocalActorRef akka://worker/user/watcher/processing-watcher/graph/graph/$jb - Starting...
11:35:07.099 [worker-akka.actor.default-dispatcher-20] INFO  a.a.LocalActorRef akka://worker/user/watcher/processing-watcher/graph/graph/$kb - Starting...
11:35:07.099 [worker-akka.actor.default-dispatcher-20] INFO  a.a.LocalActorRef akka://worker/user/watcher/processing-watcher/graph/graph/$lb - Starting...
11:35:07.099 [worker-akka.actor.default-dispatcher-20] INFO  a.a.LocalActorRef akka://worker/user/watcher/processing-watcher/graph/graph/$mb - Starting...
11:35:07.100 [worker-akka.actor.default-dispatcher-18] INFO  a.a.LocalActorRef akka://worker/user/watcher/processing-watcher/graph/graph/$ob - Starting...
11:35:07.102 [worker-akka.actor.default-dispatcher-18] INFO  a.a.LocalActorRef akka://worker/user/watcher/processing-watcher/graph/graph/$nb - Starting...
11:35:07.104 [worker-akka.actor.default-dispatcher-18] INFO  a.a.LocalActorRef akka://worker/user/watcher/processing-watcher/graph/graph/$pb - Starting...
11:35:07.107 [worker-akka.actor.default-dispatcher-18] INFO  a.a.LocalActorRef akka://worker/user/watcher/processing-watcher/graph/graph/$qb - Starting...
11:35:07.110 [worker-akka.actor.default-dispatcher-18] INFO  a.a.LocalActorRef akka://worker/user/watcher/processing-watcher/graph/graph/$rb - Starting...
11:35:07.112 [worker-akka.actor.default-dispatcher-18] INFO  a.a.LocalActorRef akka://worker/user/watcher/processing-watcher/graph/graph/$sb - Starting...
11:35:07.114 [worker-akka.actor.default-dispatcher-20] INFO  a.a.LocalActorRef akka://worker/user/watcher/processing-watcher/graph/graph/$tb - Starting...
11:35:07.114 [worker-akka.actor.default-dispatcher-20] INFO  a.a.LocalActorRef akka://worker/user/watcher/processing-watcher/graph/graph/$ub - Starting...
11:35:07.114 [worker-akka.actor.default-dispatcher-20] INFO  a.a.LocalActorRef akka://worker/user/watcher/processing-watcher/graph/graph/$vb - Starting...
11:35:07.114 [worker-akka.actor.default-dispatcher-20] INFO  a.a.LocalActorRef akka://worker/user/watcher/processing-watcher/graph/graph/$wb - Starting...
11:35:07.115 [worker-akka.actor.default-dispatcher-20] INFO  a.a.LocalActorRef akka://worker/user/watcher/processing-watcher/graph/graph/$xb - Starting...
11:35:07.115 [worker-akka.actor.default-dispatcher-20] INFO  a.a.LocalActorRef akka://worker/user/watcher/processing-watcher/graph/graph/$zb - Starting...
11:35:07.115 [worker-akka.actor.default-dispatcher-18] INFO  a.a.LocalActorRef akka://worker/user/watcher/processing-watcher/graph/graph/$yb - Starting...
11:35:07.116 [worker-akka.actor.default-dispatcher-18] INFO  a.a.LocalActorRef akka://worker/user/watcher/processing-watcher/graph/graph/$Bb - Starting...
11:35:07.117 [worker-akka.actor.default-dispatcher-18] INFO  a.a.LocalActorRef akka://worker/user/watcher/processing-watcher/graph/graph/$Ab - Starting...
11:35:07.119 [worker-akka.actor.default-dispatcher-18] INFO  a.a.LocalActorRef akka://worker/user/watcher/processing-watcher/graph/graph/$Cb - Starting...
11:35:07.122 [worker-akka.actor.default-dispatcher-18] INFO  a.a.LocalActorRef akka://worker/user/watcher/processing-watcher/graph/graph/$Db - Starting...
11:35:07.124 [worker-akka.actor.default-dispatcher-18] INFO  a.a.LocalActorRef akka://worker/user/watcher/processing-watcher/graph/graph/$Eb - Starting...
11:35:07.127 [worker-akka.actor.default-dispatcher-9] INFO  a.a.LocalActorRef akka://worker/user/watcher/processing-watcher/graph/graph/$Fb - Starting...
11:35:07.127 [worker-akka.actor.default-dispatcher-9] INFO  a.a.LocalActorRef akka://worker/user/watcher/processing-watcher/graph/graph/$Hb - Starting...
11:35:07.127 [worker-akka.actor.default-dispatcher-9] INFO  a.a.LocalActorRef akka://worker/user/watcher/processing-watcher/graph/graph/$Gb - Starting...
11:35:07.127 [worker-akka.actor.default-dispatcher-9] INFO  a.a.LocalActorRef akka://worker/user/watcher/processing-watcher/graph/graph/$Ib - Starting...
11:35:07.127 [worker-akka.actor.default-dispatcher-9] INFO  a.a.LocalActorRef akka://worker/user/watcher/processing-watcher/graph/graph/$Jb - Starting...
11:35:07.127 [worker-akka.actor.default-dispatcher-9] INFO  a.a.LocalActorRef akka://worker/user/watcher/processing-watcher/graph/graph/$Kb - Starting...
11:35:07.127 [worker-akka.actor.default-dispatcher-18] INFO  a.a.LocalActorRef akka://worker/user/watcher/processing-watcher/graph/graph/$Lb - Starting...
11:35:07.128 [worker-akka.actor.default-dispatcher-18] INFO  a.a.LocalActorRef akka://worker/user/watcher/processing-watcher/graph/graph/$Mb - Starting...
11:35:07.130 [worker-akka.actor.default-dispatcher-18] INFO  a.a.LocalActorRef akka://worker/user/watcher/processing-watcher/graph/graph/$Nb - Starting...
2019-10-10T11:35:22.619+0000: 32.251: [GC (Allocation Failure) 2019-10-10T11:35:22.619+0000: 32.251: [DefNew: 409600K->32441K(460800K), 0.0551219 secs] 435511K->58353K(1484800K), 0.0552199 secs] [Times: user=0.03 sys=0.02, real=0.05 secs] 
2019-10-10T11:35:34.919+0000: 44.550: [GC (Allocation Failure) 2019-10-10T11:35:34.919+0000: 44.550: [DefNew: 442041K->1116K(460800K), 0.0462273 secs] 467953K->56116K(1484800K), 0.0463336 secs] [Times: user=0.01 sys=0.03, real=0.04 secs] 
2019-10-10T11:35:43.494+0000: 53.126: [GC (Allocation Failure) 2019-10-10T11:35:43.495+0000: 53.126: [DefNew: 410716K->1324K(460800K), 0.0060100 secs] 465716K->56324K(1484800K), 0.0061165 secs] [Times: user=0.01 sys=0.00, real=0.01 secs] 
2019-10-10T11:35:50.066+0000: 59.697: [GC (Allocation Failure) 2019-10-10T11:35:50.066+0000: 59.697: [DefNew: 410924K->1358K(460800K), 0.0065467 secs] 465924K->56359K(1484800K), 0.0066537 secs] [Times: user=0.01 sys=0.00, real=0.01 secs] 
2019-10-10T11:35:59.567+0000: 69.199: [GC (Allocation Failure) 2019-10-10T11:35:59.567+0000: 69.199: [DefNew: 410958K->2006K(460800K), 0.0064502 secs] 465959K->57006K(1484800K), 0.0065543 secs] [Times: user=0.00 sys=0.00, real=0.00 secs] 
2019-10-10T11:36:09.021+0000: 78.652: [GC (Allocation Failure) 2019-10-10T11:36:09.021+0000: 78.652: [DefNew: 411606K->1856K(460800K), 0.0050379 secs] 466606K->56857K(1484800K), 0.0051352 secs] [Times: user=0.00 sys=0.00, real=0.00 secs] 
2019-10-10T11:36:16.803+0000: 86.435: [GC (Allocation Failure) 2019-10-10T11:36:16.803+0000: 86.435: [DefNew: 411456K->1763K(460800K), 0.0044421 secs] 466457K->56763K(1484800K), 0.0045470 secs] [Times: user=0.00 sys=0.00, real=0.01 secs] 
2019-10-10T11:36:23.958+0000: 93.589: [GC (Allocation Failure) 2019-10-10T11:36:23.958+0000: 93.589: [DefNew: 411363K->1763K(460800K), 0.0043734 secs] 466363K->56764K(1484800K), 0.0044671 secs] [Times: user=0.00 sys=0.00, real=0.00 secs] 
2019-10-10T11:36:31.245+0000: 100.877: [GC (Allocation Failure) 2019-10-10T11:36:31.245+0000: 100.877: [DefNew: 411363K->1821K(460800K), 0.0048119 secs] 466364K->56821K(1484800K), 0.0049051 secs] [Times: user=0.00 sys=0.00, real=0.01 secs] 
2019-10-10T11:36:38.448+0000: 108.079: [GC (Allocation Failure) 2019-10-10T11:36:38.448+0000: 108.079: [DefNew: 411421K->1769K(460800K), 0.0045733 secs] 466421K->56770K(1484800K), 0.0046728 secs] [Times: user=0.00 sys=0.00, real=0.00 secs] 
2019-10-10T11:36:45.570+0000: 115.201: [GC (Allocation Failure) 2019-10-10T11:36:45.570+0000: 115.201: [DefNew: 411369K->1766K(460800K), 0.0043395 secs] 466370K->56766K(1484800K), 0.0044361 secs] [Times: user=0.00 sys=0.00, real=0.00 secs] 
2019-10-10T11:36:52.721+0000: 122.353: [GC (Allocation Failure) 2019-10-10T11:36:52.721+0000: 122.353: [DefNew: 411366K->1801K(460800K), 0.0049887 secs] 466366K->56802K(1484800K), 0.0050938 secs] [Times: user=0.00 sys=0.00, real=0.00 secs] 
2019-10-10T11:37:00.555+0000: 130.186: [GC (Allocation Failure) 2019-10-10T11:37:00.555+0000: 130.186: [DefNew: 411401K->1882K(460800K), 0.0047369 secs] 466402K->56882K(1484800K), 0.0048818 secs] [Times: user=0.01 sys=0.00, real=0.00 secs] 
2019-10-10T11:37:07.811+0000: 137.442: [GC (Allocation Failure) 2019-10-10T11:37:07.811+0000: 137.442: [DefNew: 411482K->1950K(460800K), 0.0049213 secs] 466482K->56950K(1484800K), 0.0050243 secs] [Times: user=0.00 sys=0.00, real=0.01 secs] 
2019-10-10T11:37:15.033+0000: 144.665: [GC (Allocation Failure) 2019-10-10T11:37:15.033+0000: 144.665: [DefNew: 411550K->1903K(460800K), 0.0048105 secs] 466550K->56903K(1484800K), 0.0049018 secs] [Times: user=0.00 sys=0.00, real=0.01 secs] 
2019-10-10T11:37:22.849+0000: 152.480: [GC (Allocation Failure) 2019-10-10T11:37:22.849+0000: 152.480: [DefNew: 411503K->1916K(460800K), 0.0046529 secs] 466503K->56916K(1484800K), 0.0047560 secs] [Times: user=0.00 sys=0.00, real=0.00 secs] 
2019-10-10T11:37:30.105+0000: 159.737: [GC (Allocation Failure) 2019-10-10T11:37:30.105+0000: 159.737: [DefNew: 411516K->1609K(460800K), 0.0051245 secs] 466516K->56872K(1484800K), 0.0052387 secs] [Times: user=0.00 sys=0.00, real=0.01 secs] 
2019-10-10T11:37:37.377+0000: 167.008: [GC (Allocation Failure) 2019-10-10T11:37:37.377+0000: 167.008: [DefNew: 411209K->1455K(460800K), 0.0048399 secs] 466472K->56902K(1484800K), 0.0049358 secs] [Times: user=0.01 sys=0.00, real=0.00 secs] 
2019-10-10T11:37:45.238+0000: 174.869: [GC (Allocation Failure) 2019-10-10T11:37:45.238+0000: 174.869: [DefNew: 411055K->1282K(460800K), 0.0045536 secs] 466502K->56913K(1484800K), 0.0046577 secs] [Times: user=0.00 sys=0.00, real=0.00 secs] 
2019-10-10T11:37:52.572+0000: 182.204: [GC (Allocation Failure) 2019-10-10T11:37:52.572+0000: 182.204: [DefNew: 410882K->243K(460800K), 0.0045046 secs] 466513K->56871K(1484800K), 0.0046005 secs] [Times: user=0.00 sys=0.00, real=0.01 secs] 
2019-10-10T11:37:59.768+0000: 189.399: [GC (Allocation Failure) 2019-10-10T11:37:59.768+0000: 189.399: [DefNew: 409843K->303K(460800K), 0.0032036 secs] 466471K->56932K(1484800K), 0.0033060 secs] [Times: user=0.00 sys=0.00, real=0.00 secs] 
2019-10-10T11:38:07.161+0000: 196.793: [GC (Allocation Failure) 2019-10-10T11:38:07.161+0000: 196.793: [DefNew: 409903K->257K(460800K), 0.0028723 secs] 466532K->56886K(1484800K), 0.0029628 secs] [Times: user=0.00 sys=0.00, real=0.00 secs] 
2019-10-10T11:38:14.851+0000: 204.482: [GC (Allocation Failure) 2019-10-10T11:38:14.851+0000: 204.482: [DefNew: 409857K->258K(460800K), 0.0026985 secs] 466486K->56887K(1484800K), 0.0027989 secs] [Times: user=0.00 sys=0.00, real=0.00 secs] 
2019-10-10T11:38:22.237+0000: 211.868: [GC (Allocation Failure) 2019-10-10T11:38:22.237+0000: 211.868: [DefNew: 409858K->256K(460800K), 0.0028516 secs] 466487K->56886K(1484800K), 0.0029443 secs] [Times: user=0.00 sys=0.00, real=0.00 secs] 
2019-10-10T11:38:29.950+0000: 219.581: [GC (Allocation Failure) 2019-10-10T11:38:29.950+0000: 219.582: [DefNew: 409856K->258K(460800K), 0.0028951 secs] 466486K->56888K(1484800K), 0.0029868 secs] [Times: user=0.01 sys=0.00, real=0.00 secs] 
2019-10-10T11:38:37.242+0000: 226.874: [GC (Allocation Failure) 2019-10-10T11:38:37.242+0000: 226.874: [DefNew: 409858K->255K(460800K), 0.0028682 secs] 466488K->56887K(1484800K), 0.0029675 secs] [Times: user=0.00 sys=0.00, real=0.00 secs] 
2019-10-10T11:38:44.541+0000: 234.172: [GC (Allocation Failure) 2019-10-10T11:38:44.541+0000: 234.173: [DefNew: 409855K->259K(460800K), 0.0027966 secs] 466487K->56890K(1484800K), 0.0029011 secs] [Times: user=0.00 sys=0.00, real=0.00 secs] 
2019-10-10T11:38:51.887+0000: 241.518: [GC (Allocation Failure) 2019-10-10T11:38:51.887+0000: 241.518: [DefNew: 409859K->157K(460800K), 0.0029551 secs] 466490K->56888K(1484800K), 0.0030536 secs] [Times: user=0.00 sys=0.00, real=0.00 secs] 
2019-10-10T11:38:59.525+0000: 249.157: [GC (Allocation Failure) 2019-10-10T11:38:59.525+0000: 249.157: [DefNew: 409757K->245K(460800K), 0.0030406 secs] 466488K->56981K(1484800K), 0.0031223 secs] [Times: user=0.01 sys=0.00, real=0.01 secs] 
2019-10-10T11:39:06.838+0000: 256.469: [GC (Allocation Failure) 2019-10-10T11:39:06.838+0000: 256.469: [DefNew: 409845K->241K(460800K), 0.0028370 secs] 466581K->56976K(1484800K), 0.0029417 secs] [Times: user=0.00 sys=0.00, real=0.00 secs] 
2019-10-10T11:39:14.102+0000: 263.733: [GC (Allocation Failure) 2019-10-10T11:39:14.102+0000: 263.733: [DefNew: 409841K->218K(460800K), 0.0028667 secs] 466576K->56953K(1484800K), 0.0029550 secs] [Times: user=0.01 sys=0.00, real=0.00 secs] 
2019-10-10T11:39:21.833+0000: 271.465: [GC (Allocation Failure) 2019-10-10T11:39:21.833+0000: 271.465: [DefNew: 409818K->185K(460800K), 0.0030584 secs] 466553K->56921K(1484800K), 0.0031650 secs] [Times: user=0.00 sys=0.00, real=0.01 secs] 
2019-10-10T11:39:29.121+0000: 278.753: [GC (Allocation Failure) 2019-10-10T11:39:29.121+0000: 278.753: [DefNew: 409785K->185K(460800K), 0.0029176 secs] 466521K->56920K(1484800K), 0.0029984 secs] [Times: user=0.00 sys=0.00, real=0.00 secs] 
2019-10-10T11:39:36.389+0000: 286.021: [GC (Allocation Failure) 2019-10-10T11:39:36.390+0000: 286.021: [DefNew: 409785K->249K(460800K), 0.0029287 secs] 466520K->56984K(1484800K), 0.0030330 secs] [Times: user=0.00 sys=0.00, real=0.00 secs] 
2019-10-10T11:39:44.151+0000: 293.782: [GC (Allocation Failure) 2019-10-10T11:39:44.151+0000: 293.782: [DefNew: 409849K->185K(460800K), 0.0027459 secs] 466584K->56920K(1484800K), 0.0028434 secs] [Times: user=0.00 sys=0.00, real=0.00 secs] 
2019-10-10T11:39:51.416+0000: 301.048: [GC (Allocation Failure) 2019-10-10T11:39:51.416+0000: 301.048: [DefNew: 409785K->172K(460800K), 0.0029472 secs] 466520K->56921K(1484800K), 0.0030481 secs] [Times: user=0.00 sys=0.00, real=0.00 secs] 
2019-10-10T11:39:58.690+0000: 308.321: [GC (Allocation Failure) 2019-10-10T11:39:58.690+0000: 308.321: [DefNew: 409772K->247K(460800K), 0.0034687 secs] 466521K->56997K(1484800K), 0.0035844 secs] [Times: user=0.01 sys=0.00, real=0.00 secs] 
2019-10-10T11:40:05.969+0000: 315.601: [GC (Allocation Failure) 2019-10-10T11:40:05.969+0000: 315.601: [DefNew: 409847K->235K(460800K), 0.0029624 secs] 466597K->56985K(1484800K), 0.0030694 secs] [Times: user=0.00 sys=0.00, real=0.00 secs] 
2019-10-10T11:40:13.706+0000: 323.338: [GC (Allocation Failure) 2019-10-10T11:40:13.706+0000: 323.338: [DefNew: 409835K->236K(460800K), 0.0030673 secs] 466585K->56986K(1484800K), 0.0031634 secs] [Times: user=0.00 sys=0.00, real=0.01 secs] 
2019-10-10T11:40:21.063+0000: 330.694: [GC (Allocation Failure) 2019-10-10T11:40:21.063+0000: 330.694: [DefNew: 409836K->234K(460800K), 0.0027703 secs] 466586K->56984K(1484800K), 0.0028722 secs] [Times: user=0.00 sys=0.00, real=0.00 secs] 
2019-10-10T11:40:28.386+0000: 338.018: [GC (Allocation Failure) 2019-10-10T11:40:28.386+0000: 338.018: [DefNew: 409834K->235K(460800K), 0.0029560 secs] 466584K->56985K(1484800K), 0.0030711 secs] [Times: user=0.00 sys=0.00, real=0.01 secs] 
2019-10-10T11:40:36.121+0000: 345.752: [GC (Allocation Failure) 2019-10-10T11:40:36.121+0000: 345.752: [DefNew: 409835K->233K(460800K), 0.0029025 secs] 466585K->56985K(1484800K), 0.0030146 secs] [Times: user=0.00 sys=0.00, real=0.00 secs] 
2019-10-10T11:40:43.503+0000: 353.135: [GC (Allocation Failure) 2019-10-10T11:40:43.503+0000: 353.135: [DefNew: 409833K->236K(460800K), 0.0028618 secs] 466585K->56987K(1484800K), 0.0029597 secs] [Times: user=0.00 sys=0.00, real=0.00 secs] 
2019-10-10T11:40:50.757+0000: 360.389: [GC (Allocation Failure) 2019-10-10T11:40:50.758+0000: 360.389: [DefNew: 409836K->205K(460800K), 0.0030012 secs] 466587K->56988K(1484800K), 0.0030953 secs] [Times: user=0.00 sys=0.00, real=0.00 secs] 
2019-10-10T11:40:58.350+0000: 367.981: [GC (Allocation Failure) 2019-10-10T11:40:58.350+0000: 367.981: [DefNew: 409805K->262K(460800K), 0.0031949 secs] 466588K->57044K(1484800K), 0.0032916 secs] [Times: user=0.00 sys=0.00, real=0.00 secs] 
2019-10-10T11:41:05.659+0000: 375.291: [GC (Allocation Failure) 2019-10-10T11:41:05.659+0000: 375.291: [DefNew: 409862K->299K(460800K), 0.0029250 secs] 466644K->57081K(1484800K), 0.0030282 secs] [Times: user=0.00 sys=0.00, real=0.00 secs] 
2019-10-10T11:41:12.946+0000: 382.577: [GC (Allocation Failure) 2019-10-10T11:41:12.946+0000: 382.577: [DefNew: 409899K->268K(460800K), 0.0031103 secs] 466681K->57051K(1484800K), 0.0032043 secs] [Times: user=0.01 sys=0.00, real=0.01 secs] 
2019-10-10T11:41:20.735+0000: 390.367: [GC (Allocation Failure) 2019-10-10T11:41:20.735+0000: 390.367: [DefNew: 409868K->241K(460800K), 0.0030208 secs] 466651K->57025K(1484800K), 0.0031306 secs] [Times: user=0.00 sys=0.00, real=0.00 secs] 
2019-10-10T11:41:28.055+0000: 397.686: [GC (Allocation Failure) 2019-10-10T11:41:28.055+0000: 397.687: [DefNew: 409841K->241K(460800K), 0.0032762 secs] 466625K->57024K(1484800K), 0.0033938 secs] [Times: user=0.00 sys=0.00, real=0.00 secs] 
2019-10-10T11:41:35.343+0000: 404.974: [GC (Allocation Failure) 2019-10-10T11:41:35.343+0000: 404.975: [DefNew: 409841K->257K(460800K), 0.0031032 secs] 466624K->57041K(1484800K), 0.0031975 secs] [Times: user=0.01 sys=0.00, real=0.00 secs] 
2019-10-10T11:41:42.610+0000: 412.242: [GC (Allocation Failure) 2019-10-10T11:41:42.610+0000: 412.242: [DefNew: 409857K->240K(460800K), 0.0028684 secs] 466641K->57023K(1484800K), 0.0029491 secs] [Times: user=0.00 sys=0.00, real=0.00 secs] 
2019-10-10T11:41:50.348+0000: 419.979: [GC (Allocation Failure) 2019-10-10T11:41:50.348+0000: 419.979: [DefNew: 409840K->224K(460800K), 0.0031781 secs] 466623K->57039K(1484800K), 0.0032780 secs] [Times: user=0.01 sys=0.00, real=0.00 secs] 
2019-10-10T11:41:57.591+0000: 427.222: [GC (Allocation Failure) 2019-10-10T11:41:57.591+0000: 427.222: [DefNew: 409824K->200K(460800K), 0.0031667 secs] 466639K->57048K(1484800K), 0.0032716 secs] [Times: user=0.00 sys=0.00, real=0.00 secs] 
2019-10-10T11:42:04.810+0000: 434.442: [GC (Allocation Failure) 2019-10-10T11:42:04.810+0000: 434.442: [DefNew: 409800K->201K(460800K), 0.0029522 secs] 466648K->57049K(1484800K), 0.0030536 secs] [Times: user=0.00 sys=0.00, real=0.00 secs] 
2019-10-10T11:42:12.556+0000: 442.187: [GC (Allocation Failure) 2019-10-10T11:42:12.556+0000: 442.187: [DefNew: 409801K->200K(460800K), 0.0027852 secs] 466649K->57048K(1484800K), 0.0028972 secs] [Times: user=0.00 sys=0.00, real=0.00 secs] 
2019-10-10T11:42:19.856+0000: 449.488: [GC (Allocation Failure) 2019-10-10T11:42:19.856+0000: 449.488: [DefNew: 409800K->227K(460800K), 0.0028588 secs] 466648K->57075K(1484800K), 0.0029488 secs] [Times: user=0.00 sys=0.00, real=0.00 secs] 
2019-10-10T11:42:27.125+0000: 456.756: [GC (Allocation Failure) 2019-10-10T11:42:27.125+0000: 456.756: [DefNew: 409827K->206K(460800K), 0.0029167 secs] 466675K->57055K(1484800K), 0.0030162 secs] [Times: user=0.00 sys=0.00, real=0.01 secs] 
11:42:33.641 [worker-akka.actor.default-dispatcher-18] INFO  a.r.a.Association(akka://worker) akka.remote.artery.Association(akka://worker) - Stopping idle outbound stream [2] to [akka://worker@flamestream-benchmarks-worker-0:5412]
2019-10-10T11:42:34.994+0000: 464.625: [GC (Allocation Failure) 2019-10-10T11:42:34.994+0000: 464.625: [DefNew: 409806K->293K(460800K), 0.0032862 secs] 466655K->57143K(1484800K), 0.0033835 secs] [Times: user=0.00 sys=0.00, real=0.01 secs] 
2019-10-10T11:42:42.176+0000: 471.807: [GC (Allocation Failure) 2019-10-10T11:42:42.176+0000: 471.807: [DefNew: 409893K->260K(460800K), 0.0032114 secs] 466743K->57110K(1484800K), 0.0033225 secs] [Times: user=0.00 sys=0.00, real=0.00 secs] 
2019-10-10T11:42:49.490+0000: 479.122: [GC (Allocation Failure) 2019-10-10T11:42:49.490+0000: 479.122: [DefNew: 409860K->234K(460800K), 0.0032909 secs] 466710K->57120K(1484800K), 0.0033840 secs] [Times: user=0.00 sys=0.00, real=0.00 secs] 
2019-10-10T11:42:56.808+0000: 486.440: [GC (Allocation Failure) 2019-10-10T11:42:56.808+0000: 486.440: [DefNew: 409834K->238K(460800K), 0.0033767 secs] 466720K->57124K(1484800K), 0.0034772 secs] [Times: user=0.01 sys=0.00, real=0.00 secs] 
2019-10-10T11:43:04.491+0000: 494.123: [GC (Allocation Failure) 2019-10-10T11:43:04.491+0000: 494.123: [DefNew: 409838K->274K(460800K), 0.0034232 secs] 466724K->57160K(1484800K), 0.0035323 secs] [Times: user=0.00 sys=0.00, real=0.01 secs] 
2019-10-10T11:43:11.822+0000: 501.453: [GC (Allocation Failure) 2019-10-10T11:43:11.822+0000: 501.453: [DefNew: 409874K->237K(460800K), 0.0030415 secs] 466760K->57124K(1484800K), 0.0031469 secs] [Times: user=0.00 sys=0.00, real=0.00 secs] 
2019-10-10T11:43:19.039+0000: 508.670: [GC (Allocation Failure) 2019-10-10T11:43:19.039+0000: 508.670: [DefNew: 409837K->237K(460800K), 0.0030650 secs] 466724K->57123K(1484800K), 0.0031765 secs] [Times: user=0.00 sys=0.00, real=0.00 secs] 
2019-10-10T11:43:26.809+0000: 516.441: [GC (Allocation Failure) 2019-10-10T11:43:26.809+0000: 516.441: [DefNew: 409837K->238K(460800K), 0.0030624 secs] 466723K->57125K(1484800K), 0.0031515 secs] [Times: user=0.01 sys=0.00, real=0.00 secs] 
2019-10-10T11:43:34.126+0000: 523.758: [GC (Allocation Failure) 2019-10-10T11:43:34.126+0000: 523.758: [DefNew: 409838K->239K(460800K), 0.0032454 secs] 466725K->57125K(1484800K), 0.0033417 secs] [Times: user=0.00 sys=0.00, real=0.01 secs] 
2019-10-10T11:43:41.395+0000: 531.027: [GC (Allocation Failure) 2019-10-10T11:43:41.395+0000: 531.027: [DefNew: 409839K->237K(460800K), 0.0030455 secs] 466725K->57124K(1484800K), 0.0031585 secs] [Times: user=0.00 sys=0.00, real=0.00 secs] 
2019-10-10T11:43:49.078+0000: 538.710: [GC (Allocation Failure) 2019-10-10T11:43:49.078+0000: 538.710: [DefNew: 409837K->213K(460800K), 0.0032406 secs] 466724K->57124K(1484800K), 0.0033380 secs] [Times: user=0.01 sys=0.00, real=0.00 secs] 
2019-10-10T11:43:56.349+0000: 545.980: [GC (Allocation Failure) 2019-10-10T11:43:56.349+0000: 545.980: [DefNew: 409813K->223K(460800K), 0.0032344 secs] 466724K->57134K(1484800K), 0.0033250 secs] [Times: user=0.01 sys=0.00, real=0.00 secs] 
2019-10-10T11:44:03.622+0000: 553.253: [GC (Allocation Failure) 2019-10-10T11:44:03.622+0000: 553.254: [DefNew: 409823K->274K(460800K), 0.0031307 secs] 466734K->57186K(1484800K), 0.0032254 secs] [Times: user=0.00 sys=0.00, real=0.00 secs] 
2019-10-10T11:44:10.920+0000: 560.552: [GC (Allocation Failure) 2019-10-10T11:44:10.920+0000: 560.552: [DefNew: 409874K->296K(460800K), 0.0033440 secs] 466786K->57207K(1484800K), 0.0034333 secs] [Times: user=0.01 sys=0.00, real=0.00 secs] 
2019-10-10T11:44:18.680+0000: 568.311: [GC (Allocation Failure) 2019-10-10T11:44:18.680+0000: 568.311: [DefNew: 409896K->252K(460800K), 0.0030722 secs] 466807K->57164K(1484800K), 0.0031717 secs] [Times: user=0.00 sys=0.00, real=0.00 secs] 
2019-10-10T11:44:25.982+0000: 575.614: [GC (Allocation Failure) 2019-10-10T11:44:25.982+0000: 575.614: [DefNew: 409852K->212K(460800K), 0.0032691 secs] 466764K->57160K(1484800K), 0.0033664 secs] [Times: user=0.01 sys=0.00, real=0.00 secs] 
2019-10-10T11:44:33.247+0000: 582.879: [GC (Allocation Failure) 2019-10-10T11:44:33.247+0000: 582.879: [DefNew: 409812K->211K(460800K), 0.0033364 secs] 466760K->57181K(1484800K), 0.0034614 secs] [Times: user=0.00 sys=0.00, real=0.00 secs] 
2019-10-10T11:44:41.065+0000: 590.697: [GC (Allocation Failure) 2019-10-10T11:44:41.065+0000: 590.697: [DefNew: 409811K->166K(460800K), 0.0027188 secs] 466781K->57135K(1484800K), 0.0028112 secs] [Times: user=0.00 sys=0.00, real=0.01 secs] 
2019-10-10T11:44:48.333+0000: 597.965: [GC (Allocation Failure) 2019-10-10T11:44:48.333+0000: 597.965: [DefNew: 409766K->182K(460800K), 0.0029188 secs] 466735K->57168K(1484800K), 0.0030095 secs] [Times: user=0.00 sys=0.00, real=0.01 secs] 
2019-10-10T11:44:55.581+0000: 605.212: [GC (Allocation Failure) 2019-10-10T11:44:55.581+0000: 605.212: [DefNew: 409782K->224K(460800K), 0.0029011 secs] 466768K->57210K(1484800K), 0.0029997 secs] [Times: user=0.00 sys=0.00, real=0.00 secs] 
2019-10-10T11:45:02.872+0000: 612.503: [GC (Allocation Failure) 2019-10-10T11:45:02.872+0000: 612.503: [DefNew: 409824K->196K(460800K), 0.0028745 secs] 466810K->57182K(1484800K), 0.0029711 secs] [Times: user=0.00 sys=0.00, real=0.01 secs] 
2019-10-10T11:45:10.544+0000: 620.175: [GC (Allocation Failure) 2019-10-10T11:45:10.544+0000: 620.175: [DefNew: 409796K->158K(460800K), 0.0027051 secs] 466782K->57144K(1484800K), 0.0027932 secs] [Times: user=0.00 sys=0.00, real=0.00 secs] 
2019-10-10T11:45:17.881+0000: 627.513: [GC (Allocation Failure) 2019-10-10T11:45:17.881+0000: 627.513: [DefNew: 409758K->190K(460800K), 0.0029261 secs] 466744K->57177K(1484800K), 0.0030225 secs] [Times: user=0.01 sys=0.00, real=0.00 secs] 
2019-10-10T11:45:25.217+0000: 634.849: [GC (Allocation Failure) 2019-10-10T11:45:25.217+0000: 634.849: [DefNew: 409790K->159K(460800K), 0.0027134 secs] 466777K->57146K(1484800K), 0.0028070 secs] [Times: user=0.00 sys=0.00, real=0.00 secs] 
2019-10-10T11:45:32.966+0000: 642.598: [GC (Allocation Failure) 2019-10-10T11:45:32.966+0000: 642.598: [DefNew: 409759K->172K(460800K), 0.0028690 secs] 466746K->57159K(1484800K), 0.0029555 secs] [Times: user=0.00 sys=0.00, real=0.01 secs] 
2019-10-10T11:45:40.256+0000: 649.888: [GC (Allocation Failure) 2019-10-10T11:45:40.256+0000: 649.888: [DefNew: 409772K->185K(460800K), 0.0027917 secs] 466759K->57172K(1484800K), 0.0028907 secs] [Times: user=0.00 sys=0.00, real=0.00 secs] 
2019-10-10T11:45:47.542+0000: 657.173: [GC (Allocation Failure) 2019-10-10T11:45:47.542+0000: 657.173: [DefNew: 409785K->173K(460800K), 0.0029223 secs] 466772K->57170K(1484800K), 0.0030165 secs] [Times: user=0.00 sys=0.00, real=0.00 secs] 
2019-10-10T11:45:55.330+0000: 664.962: [GC (Allocation Failure) 2019-10-10T11:45:55.330+0000: 664.962: [DefNew: 409773K->213K(460800K), 0.0029388 secs] 466770K->57210K(1484800K), 0.0030313 secs] [Times: user=0.01 sys=0.00, real=0.00 secs] 
2019-10-10T11:46:02.591+0000: 672.223: [GC (Allocation Failure) 2019-10-10T11:46:02.591+0000: 672.223: [DefNew: 409813K->160K(460800K), 0.0029247 secs] 466810K->57157K(1484800K), 0.0030106 secs] [Times: user=0.00 sys=0.00, real=0.00 secs] 
2019-10-10T11:46:09.858+0000: 679.489: [GC (Allocation Failure) 2019-10-10T11:46:09.858+0000: 679.489: [DefNew: 409760K->203K(460800K), 0.0027244 secs] 466757K->57201K(1484800K), 0.0028401 secs] [Times: user=0.00 sys=0.00, real=0.00 secs] 
2019-10-10T11:46:17.669+0000: 687.301: [GC (Allocation Failure) 2019-10-10T11:46:17.670+0000: 687.301: [DefNew: 409803K->160K(460800K), 0.0026497 secs] 466801K->57157K(1484800K), 0.0027409 secs] [Times: user=0.00 sys=0.00, real=0.00 secs] 
2019-10-10T11:46:24.894+0000: 694.525: [GC (Allocation Failure) 2019-10-10T11:46:24.894+0000: 694.525: [DefNew: 409760K->160K(460800K), 0.0028108 secs] 466757K->57157K(1484800K), 0.0029182 secs] [Times: user=0.00 sys=0.00, real=0.01 secs] 
2019-10-10T11:46:32.249+0000: 701.880: [GC (Allocation Failure) 2019-10-10T11:46:32.249+0000: 701.881: [DefNew: 409760K->190K(460800K), 0.0027754 secs] 466757K->57187K(1484800K), 0.0028669 secs] [Times: user=0.01 sys=0.00, real=0.00 secs] 
2019-10-10T11:46:40.079+0000: 709.711: [GC (Allocation Failure) 2019-10-10T11:46:40.079+0000: 709.711: [DefNew: 409790K->160K(460800K), 0.0025892 secs] 466787K->57157K(1484800K), 0.0026794 secs] [Times: user=0.00 sys=0.00, real=0.00 secs] 
2019-10-10T11:46:47.486+0000: 717.117: [GC (Allocation Failure) 2019-10-10T11:46:47.486+0000: 717.118: [DefNew: 409760K->186K(460800K), 0.0029282 secs] 466757K->57194K(1484800K), 0.0030427 secs] [Times: user=0.00 sys=0.00, real=0.01 secs] 
2019-10-10T11:46:54.715+0000: 724.346: [GC (Allocation Failure) 2019-10-10T11:46:54.715+0000: 724.346: [DefNew: 409786K->159K(460800K), 0.0028730 secs] 466794K->57167K(1484800K), 0.0029676 secs] [Times: user=0.00 sys=0.00, real=0.00 secs] 
2019-10-10T11:47:02.324+0000: 731.955: [GC (Allocation Failure) 2019-10-10T11:47:02.324+0000: 731.955: [DefNew: 409759K->158K(460800K), 0.0028181 secs] 466767K->57167K(1484800K), 0.0029081 secs] [Times: user=0.00 sys=0.00, real=0.00 secs] 
2019-10-10T11:47:09.578+0000: 739.209: [GC (Allocation Failure) 2019-10-10T11:47:09.578+0000: 739.209: [DefNew: 409758K->159K(460800K), 0.0029244 secs] 466767K->57167K(1484800K), 0.0030148 secs] [Times: user=0.00 sys=0.00, real=0.00 secs] 
2019-10-10T11:47:16.875+0000: 746.507: [GC (Allocation Failure) 2019-10-10T11:47:16.876+0000: 746.507: [DefNew: 409759K->159K(460800K), 0.0027096 secs] 466767K->57167K(1484800K), 0.0028040 secs] [Times: user=0.00 sys=0.00, real=0.00 secs] 
2019-10-10T11:47:24.138+0000: 753.769: [GC (Allocation Failure) 2019-10-10T11:47:24.138+0000: 753.769: [DefNew: 409759K->168K(460800K), 0.0028298 secs] 466767K->57176K(1484800K), 0.0029298 secs] [Times: user=0.00 sys=0.00, real=0.00 secs] 
2019-10-10T11:47:31.970+0000: 761.601: [GC (Allocation Failure) 2019-10-10T11:47:31.970+0000: 761.601: [DefNew: 409768K->159K(460800K), 0.0029636 secs] 466776K->57167K(1484800K), 0.0030480 secs] [Times: user=0.00 sys=0.00, real=0.00 secs] 
2019-10-10T11:47:39.241+0000: 768.873: [GC (Allocation Failure) 2019-10-10T11:47:39.241+0000: 768.873: [DefNew: 409759K->234K(460800K), 0.0029974 secs] 466767K->57242K(1484800K), 0.0030951 secs] [Times: user=0.00 sys=0.00, real=0.00 secs] 
2019-10-10T11:47:46.560+0000: 776.192: [GC (Allocation Failure) 2019-10-10T11:47:46.560+0000: 776.192: [DefNew: 409834K->151K(460800K), 0.0029748 secs] 466842K->57171K(1484800K), 0.0030742 secs] [Times: user=0.00 sys=0.00, real=0.00 secs] 
2019-10-10T11:47:54.321+0000: 783.952: [GC (Allocation Failure) 2019-10-10T11:47:54.321+0000: 783.952: [DefNew: 409751K->200K(460800K), 0.0028813 secs] 466771K->57220K(1484800K), 0.0029683 secs] [Times: user=0.01 sys=0.00, real=0.00 secs] 
2019-10-10T11:48:01.544+0000: 791.175: [GC (Allocation Failure) 2019-10-10T11:48:01.544+0000: 791.175: [DefNew: 409800K->155K(460800K), 0.0028726 secs] 466820K->57175K(1484800K), 0.0029526 secs] [Times: user=0.01 sys=0.00, real=0.00 secs] 
2019-10-10T11:48:08.771+0000: 798.403: [GC (Allocation Failure) 2019-10-10T11:48:08.771+0000: 798.403: [DefNew: 409755K->154K(460800K), 0.0026424 secs] 466775K->57175K(1484800K), 0.0027334 secs] [Times: user=0.00 sys=0.00, real=0.00 secs] 
2019-10-10T11:48:16.592+0000: 806.223: [GC (Allocation Failure) 2019-10-10T11:48:16.592+0000: 806.223: [DefNew: 409754K->159K(460800K), 0.0027623 secs] 466775K->57179K(1484800K), 0.0028587 secs] [Times: user=0.00 sys=0.00, real=0.00 secs] 
2019-10-10T11:48:23.890+0000: 813.521: [GC (Allocation Failure) 2019-10-10T11:48:23.890+0000: 813.521: [DefNew: 409759K->154K(460800K), 0.0029585 secs] 466779K->57175K(1484800K), 0.0030720 secs] [Times: user=0.00 sys=0.00, real=0.00 secs] 
2019-10-10T11:48:31.101+0000: 820.733: [GC (Allocation Failure) 2019-10-10T11:48:31.101+0000: 820.733: [DefNew: 409754K->155K(460800K), 0.0028008 secs] 466775K->57175K(1484800K), 0.0028971 secs] [Times: user=0.00 sys=0.00, real=0.00 secs] 
2019-10-10T11:48:38.863+0000: 828.494: [GC (Allocation Failure) 2019-10-10T11:48:38.863+0000: 828.494: [DefNew: 409755K->155K(460800K), 0.0026188 secs] 466775K->57175K(1484800K), 0.0027137 secs] [Times: user=0.00 sys=0.00, real=0.00 secs] 
2019-10-10T11:48:46.214+0000: 835.846: [GC (Allocation Failure) 2019-10-10T11:48:46.215+0000: 835.846: [DefNew: 409755K->147K(460800K), 0.0031059 secs] 466775K->57176K(1484800K), 0.0032059 secs] [Times: user=0.00 sys=0.00, real=0.01 secs] 
2019-10-10T11:48:53.604+0000: 843.235: [GC (Allocation Failure) 2019-10-10T11:48:53.604+0000: 843.235: [DefNew: 409747K->254K(460800K), 0.0029634 secs] 466776K->57283K(1484800K), 0.0031316 secs] [Times: user=0.01 sys=0.00, real=0.01 secs] 
2019-10-10T11:49:00.753+0000: 850.384: [GC (Allocation Failure) 2019-10-10T11:49:00.753+0000: 850.384: [DefNew: 409854K->155K(460800K), 0.0028607 secs] 466883K->57184K(1484800K), 0.0029522 secs] [Times: user=0.00 sys=0.00, real=0.01 secs] 
2019-10-10T11:49:08.487+0000: 858.118: [GC (Allocation Failure) 2019-10-10T11:49:08.487+0000: 858.118: [DefNew: 409755K->155K(460800K), 0.0027743 secs] 466784K->57185K(1484800K), 0.0028719 secs] [Times: user=0.01 sys=0.00, real=0.00 secs] 
2019-10-10T11:49:15.756+0000: 865.388: [GC (Allocation Failure) 2019-10-10T11:49:15.757+0000: 865.388: [DefNew: 409755K->205K(460800K), 0.0028570 secs] 466785K->57235K(1484800K), 0.0029590 secs] [Times: user=0.00 sys=0.00, real=0.00 secs] 
2019-10-10T11:49:23.049+0000: 872.681: [GC (Allocation Failure) 2019-10-10T11:49:23.049+0000: 872.681: [DefNew: 409805K->157K(460800K), 0.0029474 secs] 466835K->57187K(1484800K), 0.0030531 secs] [Times: user=0.00 sys=0.00, real=0.00 secs] 
2019-10-10T11:49:30.765+0000: 880.396: [GC (Allocation Failure) 2019-10-10T11:49:30.765+0000: 880.396: [DefNew: 409757K->155K(460800K), 0.0028187 secs] 466787K->57185K(1484800K), 0.0029213 secs] [Times: user=0.01 sys=0.00, real=0.01 secs] 
2019-10-10T11:49:38.101+0000: 887.733: [GC (Allocation Failure) 2019-10-10T11:49:38.101+0000: 887.733: [DefNew: 409755K->214K(460800K), 0.0029207 secs] 466785K->57245K(1484800K), 0.0030187 secs] [Times: user=0.00 sys=0.00, real=0.00 secs] 
2019-10-10T11:49:45.388+0000: 895.020: [GC (Allocation Failure) 2019-10-10T11:49:45.388+0000: 895.020: [DefNew: 409814K->215K(460800K), 0.0029771 secs] 466845K->57251K(1484800K), 0.0030715 secs] [Times: user=0.00 sys=0.00, real=0.00 secs] 
2019-10-10T11:49:53.136+0000: 902.768: [GC (Allocation Failure) 2019-10-10T11:49:53.136+0000: 902.768: [DefNew: 409815K->149K(460800K), 0.0028680 secs] 466851K->57187K(1484800K), 0.0029740 secs] [Times: user=0.00 sys=0.00, real=0.00 secs] 
2019-10-10T11:50:00.401+0000: 910.033: [GC (Allocation Failure) 2019-10-10T11:50:00.401+0000: 910.033: [DefNew: 409749K->159K(460800K), 0.0027845 secs] 466787K->57196K(1484800K), 0.0028776 secs] [Times: user=0.00 sys=0.00, real=0.00 secs] 
2019-10-10T11:50:07.753+0000: 917.385: [GC (Allocation Failure) 2019-10-10T11:50:07.754+0000: 917.385: [DefNew: 409759K->160K(460800K), 0.0026807 secs] 466796K->57198K(1484800K), 0.0027694 secs] [Times: user=0.00 sys=0.00, real=0.01 secs] 
2019-10-10T11:50:15.115+0000: 924.746: [GC (Allocation Failure) 2019-10-10T11:50:15.115+0000: 924.746: [DefNew: 409760K->160K(460800K), 0.0024880 secs] 466798K->57197K(1484800K), 0.0025838 secs] [Times: user=0.00 sys=0.00, real=0.00 secs] 
2019-10-10T11:50:22.762+0000: 932.393: [GC (Allocation Failure) 2019-10-10T11:50:22.762+0000: 932.393: [DefNew: 409760K->161K(460800K), 0.0026823 secs] 466797K->57199K(1484800K), 0.0027916 secs] [Times: user=0.01 sys=0.00, real=0.00 secs] 
2019-10-10T11:50:30.067+0000: 939.698: [GC (Allocation Failure) 2019-10-10T11:50:30.067+0000: 939.698: [DefNew: 409761K->159K(460800K), 0.0027596 secs] 466799K->57197K(1484800K), 0.0028560 secs] [Times: user=0.00 sys=0.00, real=0.00 secs] 
2019-10-10T11:50:37.377+0000: 947.009: [GC (Allocation Failure) 2019-10-10T11:50:37.378+0000: 947.009: [DefNew: 409759K->160K(460800K), 0.0028451 secs] 466797K->57198K(1484800K), 0.0029261 secs] [Times: user=0.01 sys=0.00, real=0.00 secs] 
2019-10-10T11:50:45.177+0000: 954.809: [GC (Allocation Failure) 2019-10-10T11:50:45.177+0000: 954.809: [DefNew: 409760K->151K(460800K), 0.0029242 secs] 466798K->57196K(1484800K), 0.0030215 secs] [Times: user=0.00 sys=0.00, real=0.00 secs] 
2019-10-10T11:50:52.510+0000: 962.141: [GC (Allocation Failure) 2019-10-10T11:50:52.510+0000: 962.141: [DefNew: 409751K->151K(460800K), 0.0027051 secs] 466796K->57199K(1484800K), 0.0027988 secs] [Times: user=0.00 sys=0.00, real=0.00 secs] 
2019-10-10T11:50:59.790+0000: 969.421: [GC (Allocation Failure) 2019-10-10T11:50:59.790+0000: 969.421: [DefNew: 409751K->224K(460800K), 0.0031164 secs] 466799K->57271K(1484800K), 0.0032128 secs] [Times: user=0.01 sys=0.00, real=0.00 secs] 
2019-10-10T11:51:07.462+0000: 977.093: [GC (Allocation Failure) 2019-10-10T11:51:07.462+0000: 977.093: [DefNew: 409824K->159K(460800K), 0.0026923 secs] 466871K->57206K(1484800K), 0.0027826 secs] [Times: user=0.01 sys=0.00, real=0.00 secs] 
2019-10-10T11:51:14.747+0000: 984.378: [GC (Allocation Failure) 2019-10-10T11:51:14.747+0000: 984.378: [DefNew: 409759K->172K(460800K), 0.0026852 secs] 466806K->57220K(1484800K), 0.0028039 secs] [Times: user=0.00 sys=0.00, real=0.01 secs] 
2019-10-10T11:51:22.035+0000: 991.666: [GC (Allocation Failure) 2019-10-10T11:51:22.035+0000: 991.666: [DefNew: 409772K->158K(460800K), 0.0030216 secs] 466820K->57206K(1484800K), 0.0031206 secs] [Times: user=0.00 sys=0.00, real=0.00 secs] 
2019-10-10T11:51:29.804+0000: 999.435: [GC (Allocation Failure) 2019-10-10T11:51:29.804+0000: 999.435: [DefNew: 409758K->159K(460800K), 0.0026952 secs] 466806K->57207K(1484800K), 0.0027905 secs] [Times: user=0.00 sys=0.00, real=0.01 secs] 
2019-10-10T11:51:37.123+0000: 1006.754: [GC (Allocation Failure) 2019-10-10T11:51:37.123+0000: 1006.754: [DefNew: 409759K->208K(460800K), 0.0029081 secs] 466807K->57257K(1484800K), 0.0030533 secs] [Times: user=0.00 sys=0.00, real=0.00 secs] 
2019-10-10T11:51:44.363+0000: 1013.995: [GC (Allocation Failure) 2019-10-10T11:51:44.363+0000: 1013.995: [DefNew: 409808K->216K(460800K), 0.0028073 secs] 466857K->57265K(1484800K), 0.0028951 secs] [Times: user=0.00 sys=0.00, real=0.00 secs] 
11:51:50.323 [Client] INFO  c.s.f.r.e.s.SocketRear  - FlameSocketGraphDeployerRear@flamestream-benchmarks-worker-4: has been disconnected from Connection 6
11:51:50.330 [Client] INFO  c.s.f.r.e.s.SocketFront  - FlameSocketGraphDeployerFront@flamestream-benchmarks-worker-4 has been disconnected from Connection 6
11:51:53.837 [worker-akka.actor.default-dispatcher-9] INFO  a.a.LocalActorRef akka://worker/user/watcher/processing-watcher/graph/negotiator - Stopped
11:51:53.838 [worker-akka.actor.default-dispatcher-9] INFO  a.a.LocalActorRef akka://worker/user/watcher/processing-watcher/graph/edge/FlameSocketGraphDeployerFront - Stopped
11:51:53.838 [worker-akka.actor.default-dispatcher-9] INFO  a.a.LocalActorRef akka://worker/user/watcher/processing-watcher/graph/edge/FlameSocketGraphDeployerRear - Stopped
11:51:53.838 [worker-akka.actor.default-dispatcher-6] INFO  a.a.LocalActorRef akka://worker/user/watcher/processing-watcher/graph/edge - Stopped
11:51:53.840 [worker-akka.actor.default-dispatcher-19] INFO  a.a.LocalActorRef akka://worker/user/watcher/processing-watcher/graph/graph/$+ - Stopped
11:51:53.842 [worker-akka.actor.default-dispatcher-6] INFO  a.a.LocalActorRef akka://worker/user/watcher/processing-watcher/graph/graph/$0 - Stopped
11:51:53.842 [worker-akka.actor.default-dispatcher-6] INFO  a.a.LocalActorRef akka://worker/user/watcher/processing-watcher/graph/graph/$1 - Stopped
11:51:53.843 [worker-akka.actor.default-dispatcher-6] INFO  a.a.LocalActorRef akka://worker/user/watcher/processing-watcher/graph/graph/$2 - Stopped
11:51:53.843 [worker-akka.actor.default-dispatcher-6] INFO  a.a.LocalActorRef akka://worker/user/watcher/processing-watcher/graph/graph/$3 - Stopped
11:51:53.843 [worker-akka.actor.default-dispatcher-6] INFO  a.a.LocalActorRef akka://worker/user/watcher/processing-watcher/graph/graph/$4 - Stopped
11:51:53.844 [worker-akka.actor.default-dispatcher-6] INFO  a.a.LocalActorRef akka://worker/user/watcher/processing-watcher/graph/graph/$5 - Stopped
11:51:53.845 [worker-akka.actor.default-dispatcher-6] INFO  a.a.LocalActorRef akka://worker/user/watcher/processing-watcher/graph/graph/$6 - Stopped
11:51:53.846 [worker-akka.actor.default-dispatcher-6] INFO  a.a.LocalActorRef akka://worker/user/watcher/processing-watcher/graph/graph/$7 - Stopped
11:51:53.847 [worker-akka.actor.default-dispatcher-6] INFO  a.a.LocalActorRef akka://worker/user/watcher/processing-watcher/graph/graph/$8 - Stopped
11:51:53.848 [worker-akka.actor.default-dispatcher-6] INFO  a.a.LocalActorRef akka://worker/user/watcher/processing-watcher/graph/graph/$9 - Stopped
11:51:53.849 [worker-akka.actor.default-dispatcher-6] INFO  a.a.LocalActorRef akka://worker/user/watcher/processing-watcher/graph/graph/$A - Stopped
11:51:53.850 [worker-akka.actor.default-dispatcher-6] INFO  a.a.LocalActorRef akka://worker/user/watcher/processing-watcher/graph/graph/$Ab - Stopped
11:51:53.852 [worker-akka.actor.default-dispatcher-9] INFO  a.a.LocalActorRef akka://worker/user/watcher/processing-watcher/graph/graph/$B - Stopped
11:51:53.854 [worker-akka.actor.default-dispatcher-20] INFO  a.a.LocalActorRef akka://worker/user/watcher/processing-watcher/graph/graph/$Bb - Stopped
11:51:53.863 [worker-akka.actor.default-dispatcher-18] INFO  a.a.LocalActorRef akka://worker/user/watcher/processing-watcher/graph/graph/$C - Stopped
11:51:53.864 [worker-akka.actor.default-dispatcher-22] INFO  a.a.LocalActorRef akka://worker/user/watcher/processing-watcher/graph/graph/$Cb - Stopped
11:51:53.864 [worker-akka.actor.default-dispatcher-18] INFO  a.a.LocalActorRef akka://worker/user/watcher/processing-watcher/graph/graph/$D - Stopped
11:51:53.865 [worker-akka.actor.default-dispatcher-18] INFO  a.a.LocalActorRef akka://worker/user/watcher/processing-watcher/graph/graph/$Db - Stopped
11:51:53.865 [worker-akka.actor.default-dispatcher-18] INFO  a.a.LocalActorRef akka://worker/user/watcher/processing-watcher/graph/graph/$E - Stopped
11:51:53.866 [worker-akka.actor.default-dispatcher-18] INFO  a.a.LocalActorRef akka://worker/user/watcher/processing-watcher/graph/graph/$Eb - Stopped
11:51:53.867 [worker-akka.actor.default-dispatcher-21] INFO  a.a.LocalActorRef akka://worker/user/watcher/processing-watcher/graph/graph/$F - Stopped
11:51:53.868 [worker-akka.actor.default-dispatcher-21] INFO  a.a.LocalActorRef akka://worker/user/watcher/processing-watcher/graph/graph/$Fb - Stopped
11:51:53.868 [worker-akka.actor.default-dispatcher-21] INFO  a.a.LocalActorRef akka://worker/user/watcher/processing-watcher/graph/graph/$G - Stopped
11:51:53.869 [worker-akka.actor.default-dispatcher-21] INFO  a.a.LocalActorRef akka://worker/user/watcher/processing-watcher/graph/graph/$Gb - Stopped
11:51:53.869 [worker-akka.actor.default-dispatcher-21] INFO  a.a.LocalActorRef akka://worker/user/watcher/processing-watcher/graph/graph/$H - Stopped
11:51:53.870 [worker-akka.actor.default-dispatcher-21] INFO  a.a.LocalActorRef akka://worker/user/watcher/processing-watcher/graph/graph/$Hb - Stopped
11:51:53.870 [worker-akka.actor.default-dispatcher-21] INFO  a.a.LocalActorRef akka://worker/user/watcher/processing-watcher/graph/graph/$I - Stopped
11:51:53.871 [worker-akka.actor.default-dispatcher-21] INFO  a.a.LocalActorRef akka://worker/user/watcher/processing-watcher/graph/graph/$Ib - Stopped
11:51:53.872 [worker-akka.actor.default-dispatcher-21] INFO  a.a.LocalActorRef akka://worker/user/watcher/processing-watcher/graph/graph/$J - Stopped
11:51:53.873 [worker-akka.actor.default-dispatcher-21] INFO  a.a.LocalActorRef akka://worker/user/watcher/processing-watcher/graph/graph/$Jb - Stopped
11:51:53.874 [worker-akka.actor.default-dispatcher-21] INFO  a.a.LocalActorRef akka://worker/user/watcher/processing-watcher/graph/graph/$K - Stopped
11:51:53.875 [worker-akka.actor.default-dispatcher-21] INFO  a.a.LocalActorRef akka://worker/user/watcher/processing-watcher/graph/graph/$Kb - Stopped
11:51:53.876 [worker-akka.actor.default-dispatcher-21] INFO  a.a.LocalActorRef akka://worker/user/watcher/processing-watcher/graph/graph/$L - Stopped
11:51:53.876 [worker-akka.actor.default-dispatcher-21] INFO  a.a.LocalActorRef akka://worker/user/watcher/processing-watcher/graph/graph/$Lb - Stopped
11:51:53.878 [worker-akka.actor.default-dispatcher-21] INFO  a.a.LocalActorRef akka://worker/user/watcher/processing-watcher/graph/graph/$M - Stopped
11:51:53.879 [worker-akka.actor.default-dispatcher-21] INFO  a.a.LocalActorRef akka://worker/user/watcher/processing-watcher/graph/graph/$Mb - Stopped
11:51:53.880 [worker-akka.actor.default-dispatcher-21] INFO  a.a.LocalActorRef akka://worker/user/watcher/processing-watcher/graph/graph/$N - Stopped
11:51:53.881 [worker-akka.actor.default-dispatcher-21] INFO  a.a.LocalActorRef akka://worker/user/watcher/processing-watcher/graph/graph/$Nb - Stopped
11:51:53.882 [worker-akka.actor.default-dispatcher-21] INFO  a.a.LocalActorRef akka://worker/user/watcher/processing-watcher/graph/graph/$O - Stopped
11:51:53.882 [worker-akka.actor.default-dispatcher-21] INFO  a.a.LocalActorRef akka://worker/user/watcher/processing-watcher/graph/graph/$P - Stopped
11:51:53.884 [worker-akka.actor.default-dispatcher-21] INFO  a.a.LocalActorRef akka://worker/user/watcher/processing-watcher/graph/graph/$Q - Stopped
11:51:53.885 [worker-akka.actor.default-dispatcher-21] INFO  a.a.LocalActorRef akka://worker/user/watcher/processing-watcher/graph/graph/$R - Stopped
11:51:53.888 [worker-akka.actor.default-dispatcher-21] INFO  a.a.LocalActorRef akka://worker/user/watcher/processing-watcher/graph/graph/$S - Stopped
11:51:53.894 [worker-akka.actor.default-dispatcher-21] INFO  a.a.LocalActorRef akka://worker/user/watcher/processing-watcher/graph/graph/$T - Stopped
11:51:53.894 [worker-akka.actor.default-dispatcher-21] INFO  a.a.LocalActorRef akka://worker/user/watcher/processing-watcher/graph/graph/$U - Stopped
11:51:53.894 [worker-akka.actor.default-dispatcher-21] INFO  a.a.LocalActorRef akka://worker/user/watcher/processing-watcher/graph/graph/$V - Stopped
11:51:53.894 [worker-akka.actor.default-dispatcher-21] INFO  a.a.LocalActorRef akka://worker/user/watcher/processing-watcher/graph/graph/$W - Stopped
11:51:53.894 [worker-akka.actor.default-dispatcher-21] INFO  a.a.LocalActorRef akka://worker/user/watcher/processing-watcher/graph/graph/$X - Stopped
11:51:53.894 [worker-akka.actor.default-dispatcher-18] INFO  a.a.LocalActorRef akka://worker/user/watcher/processing-watcher/graph/graph/$Y - Stopped
11:51:53.894 [worker-akka.actor.default-dispatcher-18] INFO  a.a.LocalActorRef akka://worker/user/watcher/processing-watcher/graph/graph/$Z - Stopped
11:51:53.895 [worker-akka.actor.default-dispatcher-18] INFO  a.a.LocalActorRef akka://worker/user/watcher/processing-watcher/graph/graph/$a - Stopped
11:51:53.895 [worker-akka.actor.default-dispatcher-18] INFO  a.a.LocalActorRef akka://worker/user/watcher/processing-watcher/graph/graph/$ab - Stopped
11:51:53.895 [worker-akka.actor.default-dispatcher-18] INFO  a.a.LocalActorRef akka://worker/user/watcher/processing-watcher/graph/graph/$b - Stopped
11:51:53.895 [worker-akka.actor.default-dispatcher-18] INFO  a.a.LocalActorRef akka://worker/user/watcher/processing-watcher/graph/graph/$bb - Stopped
11:51:53.900 [worker-akka.actor.default-dispatcher-21] INFO  a.a.LocalActorRef akka://worker/user/watcher/processing-watcher/graph/graph/$c - Stopped
11:51:53.901 [worker-akka.actor.default-dispatcher-21] INFO  a.a.LocalActorRef akka://worker/user/watcher/processing-watcher/graph/graph/$cb - Stopped
11:51:53.902 [worker-akka.actor.default-dispatcher-21] INFO  a.a.LocalActorRef akka://worker/user/watcher/processing-watcher/graph/graph/$d - Stopped
11:51:53.903 [worker-akka.actor.default-dispatcher-21] INFO  a.a.LocalActorRef akka://worker/user/watcher/processing-watcher/graph/graph/$db - Stopped
11:51:53.904 [worker-akka.actor.default-dispatcher-21] INFO  a.a.LocalActorRef akka://worker/user/watcher/processing-watcher/graph/graph/$e - Stopped
11:51:53.905 [worker-akka.actor.default-dispatcher-21] INFO  a.a.LocalActorRef akka://worker/user/watcher/processing-watcher/graph/graph/$eb - Stopped
11:51:53.906 [worker-akka.actor.default-dispatcher-21] INFO  a.a.LocalActorRef akka://worker/user/watcher/processing-watcher/graph/graph/$f - Stopped
11:51:53.907 [worker-akka.actor.default-dispatcher-21] INFO  a.a.LocalActorRef akka://worker/user/watcher/processing-watcher/graph/graph/$fb - Stopped
11:51:53.907 [worker-akka.actor.default-dispatcher-21] INFO  a.a.LocalActorRef akka://worker/user/watcher/processing-watcher/graph/graph/$g - Stopped
11:51:53.908 [worker-akka.actor.default-dispatcher-21] INFO  a.a.LocalActorRef akka://worker/user/watcher/processing-watcher/graph/graph/$gb - Stopped
11:51:53.909 [worker-akka.actor.default-dispatcher-21] INFO  a.a.LocalActorRef akka://worker/user/watcher/processing-watcher/graph/graph/$h - Stopped
11:51:53.909 [worker-akka.actor.default-dispatcher-21] INFO  a.a.LocalActorRef akka://worker/user/watcher/processing-watcher/graph/graph/$hb - Stopped
11:51:53.911 [worker-akka.actor.default-dispatcher-21] INFO  a.a.LocalActorRef akka://worker/user/watcher/processing-watcher/graph/graph/$i - Stopped
11:51:53.911 [worker-akka.actor.default-dispatcher-21] INFO  a.a.LocalActorRef akka://worker/user/watcher/processing-watcher/graph/graph/$ib - Stopped
11:51:53.912 [worker-akka.actor.default-dispatcher-21] INFO  a.a.LocalActorRef akka://worker/user/watcher/processing-watcher/graph/graph/$j - Stopped
11:51:53.913 [worker-akka.actor.default-dispatcher-21] INFO  a.a.LocalActorRef akka://worker/user/watcher/processing-watcher/graph/graph/$jb - Stopped
11:51:53.913 [worker-akka.actor.default-dispatcher-21] INFO  a.a.LocalActorRef akka://worker/user/watcher/processing-watcher/graph/graph/$k - Stopped
11:51:53.914 [worker-akka.actor.default-dispatcher-21] INFO  a.a.LocalActorRef akka://worker/user/watcher/processing-watcher/graph/graph/$kb - Stopped
11:51:53.915 [worker-akka.actor.default-dispatcher-21] INFO  a.a.LocalActorRef akka://worker/user/watcher/processing-watcher/graph/graph/$l - Stopped
11:51:53.915 [worker-akka.actor.default-dispatcher-21] INFO  a.a.LocalActorRef akka://worker/user/watcher/processing-watcher/graph/graph/$lb - Stopped
11:51:53.916 [worker-akka.actor.default-dispatcher-21] INFO  a.a.LocalActorRef akka://worker/user/watcher/processing-watcher/graph/graph/$m - Stopped
11:51:53.917 [worker-akka.actor.default-dispatcher-21] INFO  a.a.LocalActorRef akka://worker/user/watcher/processing-watcher/graph/graph/$mb - Stopped
11:51:53.918 [worker-akka.actor.default-dispatcher-21] INFO  a.a.LocalActorRef akka://worker/user/watcher/processing-watcher/graph/graph/$n - Stopped
11:51:53.918 [worker-akka.actor.default-dispatcher-21] INFO  a.a.LocalActorRef akka://worker/user/watcher/processing-watcher/graph/graph/$nb - Stopped
11:51:53.918 [worker-akka.actor.default-dispatcher-21] INFO  a.a.LocalActorRef akka://worker/user/watcher/processing-watcher/graph/graph/$o - Stopped
11:51:53.919 [worker-akka.actor.default-dispatcher-21] INFO  a.a.LocalActorRef akka://worker/user/watcher/processing-watcher/graph/graph/$ob - Stopped
11:51:53.920 [worker-akka.actor.default-dispatcher-21] INFO  a.a.LocalActorRef akka://worker/user/watcher/processing-watcher/graph/graph/$p - Stopped
11:51:53.920 [worker-akka.actor.default-dispatcher-21] INFO  a.a.LocalActorRef akka://worker/user/watcher/processing-watcher/graph/graph/$pb - Stopped
11:51:53.921 [worker-akka.actor.default-dispatcher-21] INFO  a.a.LocalActorRef akka://worker/user/watcher/processing-watcher/graph/graph/$q - Stopped
11:51:53.922 [worker-akka.actor.default-dispatcher-21] INFO  a.a.LocalActorRef akka://worker/user/watcher/processing-watcher/graph/graph/$qb - Stopped
11:51:53.922 [worker-akka.actor.default-dispatcher-21] INFO  a.a.LocalActorRef akka://worker/user/watcher/processing-watcher/graph/graph/$r - Stopped
11:51:53.923 [worker-akka.actor.default-dispatcher-21] INFO  a.a.LocalActorRef akka://worker/user/watcher/processing-watcher/graph/graph/$rb - Stopped
11:51:53.924 [worker-akka.actor.default-dispatcher-21] INFO  a.a.LocalActorRef akka://worker/user/watcher/processing-watcher/graph/graph/$s - Stopped
11:51:53.925 [worker-akka.actor.default-dispatcher-21] INFO  a.a.LocalActorRef akka://worker/user/watcher/processing-watcher/graph/graph/$sb - Stopped
11:51:53.925 [worker-akka.actor.default-dispatcher-21] INFO  a.a.LocalActorRef akka://worker/user/watcher/processing-watcher/graph/graph/$t - Stopped
11:51:53.926 [worker-akka.actor.default-dispatcher-21] INFO  a.a.LocalActorRef akka://worker/user/watcher/processing-watcher/graph/graph/$tb - Stopped
11:51:53.926 [worker-akka.actor.default-dispatcher-21] INFO  a.a.LocalActorRef akka://worker/user/watcher/processing-watcher/graph/graph/$u - Stopped
11:51:53.927 [worker-akka.actor.default-dispatcher-21] INFO  a.a.LocalActorRef akka://worker/user/watcher/processing-watcher/graph/graph/$ub - Stopped
11:51:53.928 [worker-akka.actor.default-dispatcher-21] INFO  a.a.LocalActorRef akka://worker/user/watcher/processing-watcher/graph/graph/$v - Stopped
11:51:53.928 [worker-akka.actor.default-dispatcher-21] INFO  a.a.LocalActorRef akka://worker/user/watcher/processing-watcher/graph/graph/$vb - Stopped
11:51:53.929 [worker-akka.actor.default-dispatcher-21] INFO  a.a.LocalActorRef akka://worker/user/watcher/processing-watcher/graph/graph/$w - Stopped
11:51:53.930 [worker-akka.actor.default-dispatcher-21] INFO  a.a.LocalActorRef akka://worker/user/watcher/processing-watcher/graph/graph/$wb - Stopped
11:51:53.931 [worker-akka.actor.default-dispatcher-21] INFO  a.a.LocalActorRef akka://worker/user/watcher/processing-watcher/graph/graph/$x - Stopped
11:51:53.932 [worker-akka.actor.default-dispatcher-21] INFO  a.a.LocalActorRef akka://worker/user/watcher/processing-watcher/graph/graph/$xb - Stopped
11:51:53.932 [worker-akka.actor.default-dispatcher-21] INFO  a.a.LocalActorRef akka://worker/user/watcher/processing-watcher/graph/graph/$y - Stopped
11:51:53.933 [worker-akka.actor.default-dispatcher-21] INFO  a.a.LocalActorRef akka://worker/user/watcher/processing-watcher/graph/graph/$yb - Stopped
11:51:53.934 [worker-akka.actor.default-dispatcher-21] INFO  a.a.LocalActorRef akka://worker/user/watcher/processing-watcher/graph/graph/$z - Stopped
11:51:53.935 [worker-akka.actor.default-dispatcher-22] INFO  a.a.LocalActorRef akka://worker/user/watcher/processing-watcher/graph/graph/$zb - Stopped
11:51:53.936 [worker-akka.actor.default-dispatcher-21] INFO  a.a.LocalActorRef akka://worker/user/watcher/processing-watcher/graph/graph/$~ - Stopped
11:51:53.952 [worker-akka.actor.default-dispatcher-21] INFO  a.a.LocalActorRef akka://worker/user/watcher/processing-watcher/graph/graph - Stopped
11:51:53.960 [worker-akka.actor.default-dispatcher-21] INFO  a.a.LocalActorRef akka://worker/user/watcher/processing-watcher/graph - Stopped
11:51:53.962 [worker-akka.actor.default-dispatcher-20] INFO  a.a.LocalActorRef akka://worker/user/watcher/processing-watcher - Stopped
11:51:53.963 [Curator-Framework-0] INFO  o.a.c.f.i.CuratorFrameworkImpl  - backgroundOperationsLoop exiting
11:51:53.973 [Curator-PathChildrenCache-0] ERROR o.a.c.f.r.c.PathChildrenCache  - 
java.lang.IllegalStateException: instance must be started before calling this method
	at org.apache.curator.shaded.com.google.common.base.Preconditions.checkState(Preconditions.java:444)
	at org.apache.curator.framework.imps.CuratorFrameworkImpl.getChildren(CuratorFrameworkImpl.java:456)
	at org.apache.curator.framework.recipes.cache.PathChildrenCache.refresh(PathChildrenCache.java:521)
	at org.apache.curator.framework.recipes.cache.RefreshOperation.invoke(RefreshOperation.java:35)
	at org.apache.curator.framework.recipes.cache.PathChildrenCache$9.run(PathChildrenCache.java:786)
	at java.util.concurrent.Executors$RunnableAdapter.call(Executors.java:511)
	at java.util.concurrent.FutureTask.run(FutureTask.java:266)
	at java.util.concurrent.Executors$RunnableAdapter.call(Executors.java:511)
	at java.util.concurrent.FutureTask.run(FutureTask.java:266)
	at java.util.concurrent.ThreadPoolExecutor.runWorker(ThreadPoolExecutor.java:1149)
	at java.util.concurrent.ThreadPoolExecutor$Worker.run(ThreadPoolExecutor.java:624)
	at java.lang.Thread.run(Thread.java:748)
11:51:53.974 [worker-akka.actor.default-dispatcher-6-EventThread] INFO  o.a.z.ClientCnxn  - EventThread shut down for session: 0x100002c53420003
11:51:53.974 [worker-akka.actor.default-dispatcher-20] INFO  o.a.z.ZooKeeper  - Session: 0x100002c53420003 closed
11:51:53.975 [worker-akka.actor.default-dispatcher-21] INFO  a.a.RepointableActorRef akka://worker/user/watcher - Stopped
11:51:53.991 [worker-akka.actor.default-dispatcher-20] INFO  a.r.RemoteActorRefProvider$RemotingTerminator akka://worker@flamestream-benchmarks-worker-4:5412/system/remoting-terminator - Shutting down remote daemon.
11:51:53.992 [worker-akka.actor.default-dispatcher-20] INFO  a.r.RemoteActorRefProvider$RemotingTerminator akka://worker@flamestream-benchmarks-worker-4:5412/system/remoting-terminator - Remote daemon shut down; proceeding with flushing remote transports.
11:51:55.188 [worker-akka.actor.default-dispatcher-20] INFO  a.r.RemoteActorRefProvider$RemotingTerminator akka://worker@flamestream-benchmarks-worker-4:5412/system/remoting-terminator - Remoting shut down.
Heap
 def new generation   total 460800K, used 363549K [0x00000000a2400000, 0x00000000c1800000, 0x00000000c1800000)
  eden space 409600K,  88% used [0x00000000a2400000, 0x00000000b86d1528, 0x00000000bb400000)
  from space 51200K,   0% used [0x00000000bb400000, 0x00000000bb436008, 0x00000000be600000)
  to   space 51200K,   0% used [0x00000000be600000, 0x00000000be600000, 0x00000000c1800000)
 tenured generation   total 1024000K, used 57049K [0x00000000c1800000, 0x0000000100000000, 0x0000000100000000)
   the space 1024000K,   5% used [0x00000000c1800000, 0x00000000c4fb6600, 0x00000000c4fb6600, 0x0000000100000000)
 Metaspace       used 40709K, capacity 43504K, committed 43648K, reserved 1087488K
  class space    used 5343K, capacity 5663K, committed 5760K, reserved 1048576K
