15:22:13,992 |-INFO in ch.qos.logback.classic.LoggerContext[default] - Could NOT find resource [logback-test.xml]
15:22:13,992 |-INFO in ch.qos.logback.classic.LoggerContext[default] - Could NOT find resource [logback.groovy]
15:22:13,992 |-INFO in ch.qos.logback.classic.LoggerContext[default] - Found resource [logback.xml] at [jar:file:/home/nikitasokolov/flamestream/lib/flamestream-runtime-1.0-SNAPSHOT.jar!/logback.xml]
15:22:13,993 |-WARN in ch.qos.logback.classic.LoggerContext[default] - Resource [logback.xml] occurs multiple times on the classpath.
15:22:13,993 |-WARN in ch.qos.logback.classic.LoggerContext[default] - Resource [logback.xml] occurs at [jar:file:/home/nikitasokolov/flamestream/lib/flamestream-runtime-1.0-SNAPSHOT.jar!/logback.xml]
15:22:13,993 |-WARN in ch.qos.logback.classic.LoggerContext[default] - Resource [logback.xml] occurs at [jar:file:/home/nikitasokolov/flamestream/flamestream-runtime-1.0-SNAPSHOT.jar!/logback.xml]
15:22:14,009 |-INFO in ch.qos.logback.core.joran.spi.ConfigurationWatchList@6108b2d7 - URL [jar:file:/home/nikitasokolov/flamestream/lib/flamestream-runtime-1.0-SNAPSHOT.jar!/logback.xml] is not of type file
15:22:14,059 |-INFO in ch.qos.logback.classic.joran.action.ConfigurationAction - debug attribute not set
15:22:14,060 |-INFO in ch.qos.logback.core.joran.action.AppenderAction - About to instantiate appender of type [ch.qos.logback.core.ConsoleAppender]
15:22:14,068 |-INFO in ch.qos.logback.core.joran.action.AppenderAction - Naming appender as [STDOUT]
15:22:14,076 |-INFO in ch.qos.logback.core.joran.action.NestedComplexPropertyIA - Assuming default type [ch.qos.logback.classic.encoder.PatternLayoutEncoder] for [encoder] property
15:22:14,133 |-INFO in ch.qos.logback.core.joran.action.AppenderAction - About to instantiate appender of type [ch.qos.logback.core.rolling.RollingFileAppender]
15:22:14,139 |-INFO in ch.qos.logback.core.joran.action.AppenderAction - Naming appender as [FILE]
15:22:14,160 |-INFO in c.q.l.core.rolling.TimeBasedRollingPolicy@357863579 - No compression will be used
15:22:14,161 |-INFO in c.q.l.core.rolling.TimeBasedRollingPolicy@357863579 - Will use the pattern /tmp/application_%d{yyyy-MM-dd}.%i.log for the active file
15:22:14,164 |-INFO in ch.qos.logback.core.rolling.SizeAndTimeBasedFNATP@6bf256fa - The date pattern is 'yyyy-MM-dd' from file name pattern '/tmp/application_%d{yyyy-MM-dd}.%i.log'.
15:22:14,164 |-INFO in ch.qos.logback.core.rolling.SizeAndTimeBasedFNATP@6bf256fa - Roll-over at midnight.
15:22:14,168 |-INFO in ch.qos.logback.core.rolling.SizeAndTimeBasedFNATP@6bf256fa - Setting initial period to Sun Jun 09 15:21:25 MSK 2019
15:22:14,168 |-WARN in ch.qos.logback.core.rolling.SizeAndTimeBasedFNATP@6bf256fa - SizeAndTimeBasedFNATP is deprecated. Use SizeAndTimeBasedRollingPolicy instead
15:22:14,168 |-WARN in ch.qos.logback.core.rolling.SizeAndTimeBasedFNATP@6bf256fa - For more information see http://logback.qos.ch/manual/appenders.html#SizeAndTimeBasedRollingPolicy
15:22:14,172 |-INFO in ch.qos.logback.core.joran.action.NestedComplexPropertyIA - Assuming default type [ch.qos.logback.classic.encoder.PatternLayoutEncoder] for [encoder] property
15:22:14,175 |-INFO in ch.qos.logback.core.rolling.RollingFileAppender[FILE] - Active log file name: /tmp/application.log
15:22:14,175 |-INFO in ch.qos.logback.core.rolling.RollingFileAppender[FILE] - File property is set to [/tmp/application.log]
15:22:14,176 |-INFO in ch.qos.logback.classic.joran.action.RootLoggerAction - Setting level of ROOT logger to WARN
15:22:14,176 |-INFO in ch.qos.logback.core.joran.action.AppenderRefAction - Attaching appender named [STDOUT] to Logger[ROOT]
15:22:14,176 |-INFO in ch.qos.logback.core.joran.action.AppenderRefAction - Attaching appender named [FILE] to Logger[ROOT]
15:22:14,176 |-INFO in ch.qos.logback.classic.joran.action.ConfigurationAction - End of configuration.
15:22:14,177 |-INFO in ch.qos.logback.classic.joran.JoranConfigurator@6cd8737 - Registering current configuration as safe fallback point

2019-06-09T15:22:15.176+0300: 1.399: [GC (Metadata GC Threshold) [PSYoungGen: 110722K->15872K(149504K)] 110722K->15952K(491008K), 0.0184320 secs] [Times: user=0.05 sys=0.01, real=0.02 secs] 
2019-06-09T15:22:15.194+0300: 1.417: [Full GC (Metadata GC Threshold) [PSYoungGen: 15872K->0K(149504K)] [ParOldGen: 80K->15078K(341504K)] 15952K->15078K(491008K), [Metaspace: 20802K->20802K(1067008K)], 0.0283705 secs] [Times: user=0.17 sys=0.02, real=0.03 secs] 
15:22:23.004 [Curator-PathChildrenCache-1] WARN  o.a.c.u.ZKPaths  - The version of ZooKeeper being used doesn't support Container nodes. CreateMode.PERSISTENT will be used instead.
2019-06-09T15:22:24.141+0300: 10.364: [GC (Allocation Failure) [PSYoungGen: 128512K->15976K(149504K)] 143590K->50594K(491008K), 0.0296007 secs] [Times: user=0.26 sys=0.02, real=0.03 secs] 
2019-06-09T15:22:24.205+0300: 10.428: [GC (Metadata GC Threshold) [PSYoungGen: 23784K->5493K(149504K)] 58402K->40118K(491008K), 0.0051078 secs] [Times: user=0.05 sys=0.00, real=0.01 secs] 
2019-06-09T15:22:24.210+0300: 10.433: [Full GC (Metadata GC Threshold) [PSYoungGen: 5493K->0K(149504K)] [ParOldGen: 34625K->29264K(341504K)] 40118K->29264K(491008K), [Metaspace: 34561K->34561K(1079296K)], 0.0387187 secs] [Times: user=0.22 sys=0.01, real=0.03 secs] 
2019-06-09T15:22:27.151+0300: 13.374: [GC (Allocation Failure) [PSYoungGen: 128512K->352K(149504K)] 157776K->29624K(491008K), 0.0021389 secs] [Times: user=0.01 sys=0.00, real=0.00 secs] 
2019-06-09T15:22:30.560+0300: 16.783: [GC (Allocation Failure) [PSYoungGen: 128864K->480K(129024K)] 158136K->29760K(470528K), 0.0042209 secs] [Times: user=0.03 sys=0.00, real=0.00 secs] 
2019-06-09T15:22:34.008+0300: 20.231: [GC (Allocation Failure) [PSYoungGen: 128992K->480K(148992K)] 158272K->29760K(490496K), 0.0029563 secs] [Times: user=0.03 sys=0.00, real=0.01 secs] 
2019-06-09T15:22:37.422+0300: 23.645: [GC (Allocation Failure) [PSYoungGen: 127456K->384K(148480K)] 156736K->29672K(489984K), 0.0038510 secs] [Times: user=0.03 sys=0.00, real=0.00 secs] 
2019-06-09T15:22:40.861+0300: 27.084: [GC (Allocation Failure) [PSYoungGen: 127360K->448K(150528K)] 156648K->29880K(492032K), 0.0032263 secs] [Times: user=0.02 sys=0.00, real=0.00 secs] 
2019-06-09T15:22:44.360+0300: 30.583: [GC (Allocation Failure) [PSYoungGen: 130496K->416K(150016K)] 159928K->29952K(491520K), 0.0027601 secs] [Times: user=0.01 sys=0.00, real=0.00 secs] 
2019-06-09T15:22:47.908+0300: 34.131: [GC (Allocation Failure) [PSYoungGen: 130464K->256K(152064K)] 160000K->29800K(493568K), 0.0047893 secs] [Times: user=0.03 sys=0.00, real=0.01 secs] 
15:22:53.284 [Curator-PathChildrenCache-0] ERROR o.a.c.f.r.c.PathChildrenCache  - 
java.lang.IllegalStateException: instance must be started before calling this method
	at org.apache.curator.shaded.com.google.common.base.Preconditions.checkState(Preconditions.java:444)
	at org.apache.curator.framework.imps.CuratorFrameworkImpl.getChildren(CuratorFrameworkImpl.java:456)
	at org.apache.curator.framework.recipes.cache.PathChildrenCache.refresh(PathChildrenCache.java:521)
	at org.apache.curator.framework.recipes.cache.RefreshOperation.invoke(RefreshOperation.java:35)
	at org.apache.curator.framework.recipes.cache.PathChildrenCache$9.run(PathChildrenCache.java:786)
	at java.util.concurrent.Executors$RunnableAdapter.call(Executors.java:511)
	at java.util.concurrent.FutureTask.run(FutureTask.java:266)
	at java.util.concurrent.Executors$RunnableAdapter.call(Executors.java:511)
	at java.util.concurrent.FutureTask.run(FutureTask.java:266)
	at java.util.concurrent.ThreadPoolExecutor.runWorker(ThreadPoolExecutor.java:1149)
	at java.util.concurrent.ThreadPoolExecutor$Worker.run(ThreadPoolExecutor.java:624)
	at java.lang.Thread.run(Thread.java:748)
Heap
 PSYoungGen      total 152064K, used 21003K [0x00000000f5980000, 0x0000000100000000, 0x0000000100000000)
  eden space 133120K, 15% used [0x00000000f5980000,0x00000000f6dc2d18,0x00000000fdb80000)
  from space 18944K, 1% used [0x00000000fed80000,0x00000000fedc0000,0x0000000100000000)
  to   space 18432K, 0% used [0x00000000fdb80000,0x00000000fdb80000,0x00000000fed80000)
 ParOldGen       total 341504K, used 29544K [0x00000000e0c00000, 0x00000000f5980000, 0x00000000f5980000)
  object space 341504K, 8% used [0x00000000e0c00000,0x00000000e28da240,0x00000000f5980000)
 Metaspace       used 35643K, capacity 36542K, committed 36952K, reserved 1081344K
  class space    used 4937K, capacity 5129K, committed 5248K, reserved 1048576K
