04:53:55,299 |-INFO in ch.qos.logback.classic.LoggerContext[default] - Could NOT find resource [logback-test.xml]
04:53:55,299 |-INFO in ch.qos.logback.classic.LoggerContext[default] - Could NOT find resource [logback.groovy]
04:53:55,299 |-INFO in ch.qos.logback.classic.LoggerContext[default] - Found resource [logback.xml] at [jar:file:/home/nikitasokolov/flamestream/lib/flamestream-runtime-1.0-SNAPSHOT.jar!/logback.xml]
04:53:55,299 |-WARN in ch.qos.logback.classic.LoggerContext[default] - Resource [logback.xml] occurs multiple times on the classpath.
04:53:55,300 |-WARN in ch.qos.logback.classic.LoggerContext[default] - Resource [logback.xml] occurs at [jar:file:/home/nikitasokolov/flamestream/lib/flamestream-runtime-1.0-SNAPSHOT.jar!/logback.xml]
04:53:55,300 |-WARN in ch.qos.logback.classic.LoggerContext[default] - Resource [logback.xml] occurs at [jar:file:/home/nikitasokolov/flamestream/flamestream-runtime-1.0-SNAPSHOT.jar!/logback.xml]
04:53:55,316 |-INFO in ch.qos.logback.core.joran.spi.ConfigurationWatchList@6108b2d7 - URL [jar:file:/home/nikitasokolov/flamestream/lib/flamestream-runtime-1.0-SNAPSHOT.jar!/logback.xml] is not of type file
04:53:55,366 |-INFO in ch.qos.logback.classic.joran.action.ConfigurationAction - debug attribute not set
04:53:55,367 |-INFO in ch.qos.logback.core.joran.action.AppenderAction - About to instantiate appender of type [ch.qos.logback.core.ConsoleAppender]
04:53:55,378 |-INFO in ch.qos.logback.core.joran.action.AppenderAction - Naming appender as [STDOUT]
04:53:55,388 |-INFO in ch.qos.logback.core.joran.action.NestedComplexPropertyIA - Assuming default type [ch.qos.logback.classic.encoder.PatternLayoutEncoder] for [encoder] property
04:53:55,445 |-INFO in ch.qos.logback.core.joran.action.AppenderAction - About to instantiate appender of type [ch.qos.logback.core.rolling.RollingFileAppender]
04:53:55,452 |-INFO in ch.qos.logback.core.joran.action.AppenderAction - Naming appender as [FILE]
04:53:55,474 |-INFO in c.q.l.core.rolling.TimeBasedRollingPolicy@357863579 - No compression will be used
04:53:55,476 |-INFO in c.q.l.core.rolling.TimeBasedRollingPolicy@357863579 - Will use the pattern /tmp/application_%d{yyyy-MM-dd}.%i.log for the active file
04:53:55,479 |-INFO in ch.qos.logback.core.rolling.SizeAndTimeBasedFNATP@6bf256fa - The date pattern is 'yyyy-MM-dd' from file name pattern '/tmp/application_%d{yyyy-MM-dd}.%i.log'.
04:53:55,479 |-INFO in ch.qos.logback.core.rolling.SizeAndTimeBasedFNATP@6bf256fa - Roll-over at midnight.
04:53:55,483 |-INFO in ch.qos.logback.core.rolling.SizeAndTimeBasedFNATP@6bf256fa - Setting initial period to Sun Jun 09 04:53:14 MSK 2019
04:53:55,483 |-WARN in ch.qos.logback.core.rolling.SizeAndTimeBasedFNATP@6bf256fa - SizeAndTimeBasedFNATP is deprecated. Use SizeAndTimeBasedRollingPolicy instead
04:53:55,483 |-WARN in ch.qos.logback.core.rolling.SizeAndTimeBasedFNATP@6bf256fa - For more information see http://logback.qos.ch/manual/appenders.html#SizeAndTimeBasedRollingPolicy
04:53:55,487 |-INFO in ch.qos.logback.core.joran.action.NestedComplexPropertyIA - Assuming default type [ch.qos.logback.classic.encoder.PatternLayoutEncoder] for [encoder] property
04:53:55,489 |-INFO in ch.qos.logback.core.rolling.RollingFileAppender[FILE] - Active log file name: /tmp/application.log
04:53:55,489 |-INFO in ch.qos.logback.core.rolling.RollingFileAppender[FILE] - File property is set to [/tmp/application.log]
04:53:55,490 |-INFO in ch.qos.logback.classic.joran.action.RootLoggerAction - Setting level of ROOT logger to WARN
04:53:55,491 |-INFO in ch.qos.logback.core.joran.action.AppenderRefAction - Attaching appender named [STDOUT] to Logger[ROOT]
04:53:55,491 |-INFO in ch.qos.logback.core.joran.action.AppenderRefAction - Attaching appender named [FILE] to Logger[ROOT]
04:53:55,491 |-INFO in ch.qos.logback.classic.joran.action.ConfigurationAction - End of configuration.
04:53:55,492 |-INFO in ch.qos.logback.classic.joran.JoranConfigurator@6cd8737 - Registering current configuration as safe fallback point

2019-06-09T04:53:56.473+0300: 1.375: [GC (Metadata GC Threshold) [PSYoungGen: 110722K->15865K(149504K)] 110722K->15945K(491008K), 0.0240498 secs] [Times: user=0.14 sys=0.02, real=0.02 secs] 
2019-06-09T04:53:56.498+0300: 1.399: [Full GC (Metadata GC Threshold) [PSYoungGen: 15865K->0K(149504K)] [ParOldGen: 80K->15078K(341504K)] 15945K->15078K(491008K), [Metaspace: 20804K->20804K(1067008K)], 0.0276106 secs] [Times: user=0.13 sys=0.05, real=0.02 secs] 
04:54:03.631 [Curator-PathChildrenCache-1] WARN  o.a.c.u.ZKPaths  - The version of ZooKeeper being used doesn't support Container nodes. CreateMode.PERSISTENT will be used instead.
2019-06-09T04:54:04.537+0300: 9.438: [GC (Metadata GC Threshold) [PSYoungGen: 125941K->15993K(149504K)] 141020K->50610K(491008K), 0.0271279 secs] [Times: user=0.20 sys=0.02, real=0.03 secs] 
2019-06-09T04:54:04.565+0300: 9.466: [Full GC (Metadata GC Threshold) [PSYoungGen: 15993K->0K(149504K)] [ParOldGen: 34617K->39082K(341504K)] 50610K->39082K(491008K), [Metaspace: 34575K->34575K(1079296K)], 0.0358466 secs] [Times: user=0.21 sys=0.00, real=0.04 secs] 
2019-06-09T04:54:06.411+0300: 11.312: [GC (Allocation Failure) [PSYoungGen: 128512K->544K(149504K)] 167594K->39634K(491008K), 0.0022412 secs] [Times: user=0.01 sys=0.00, real=0.00 secs] 
2019-06-09T04:54:08.821+0300: 13.722: [GC (Allocation Failure) [PSYoungGen: 129056K->512K(149504K)] 168146K->39610K(491008K), 0.0768226 secs] [Times: user=0.01 sys=0.02, real=0.08 secs] 
2019-06-09T04:54:11.001+0300: 15.902: [GC (Allocation Failure) [PSYoungGen: 129024K->608K(129536K)] 168122K->39714K(471040K), 0.0034376 secs] [Times: user=0.00 sys=0.01, real=0.00 secs] 
2019-06-09T04:54:13.063+0300: 17.964: [GC (Allocation Failure) [PSYoungGen: 129120K->608K(150016K)] 168226K->39722K(491520K), 0.0027346 secs] [Times: user=0.01 sys=0.01, real=0.00 secs] 
2019-06-09T04:54:15.376+0300: 20.277: [GC (Allocation Failure) [PSYoungGen: 129120K->672K(148992K)] 168234K->39786K(490496K), 0.0029021 secs] [Times: user=0.01 sys=0.00, real=0.01 secs] 
2019-06-09T04:54:17.478+0300: 22.380: [GC (Allocation Failure) [PSYoungGen: 129184K->512K(151552K)] 168298K->39634K(493056K), 0.0037796 secs] [Times: user=0.01 sys=0.00, real=0.00 secs] 
2019-06-09T04:54:19.119+0300: 24.020: [GC (Allocation Failure) [PSYoungGen: 132096K->608K(150528K)] 171218K->39738K(492032K), 0.0054446 secs] [Times: user=0.03 sys=0.01, real=0.00 secs] 
2019-06-09T04:54:20.946+0300: 25.847: [GC (Allocation Failure) [PSYoungGen: 132192K->576K(153088K)] 171322K->39714K(494592K), 0.0041312 secs] [Times: user=0.02 sys=0.00, real=0.01 secs] 
2019-06-09T04:54:22.554+0300: 27.455: [GC (Allocation Failure) [PSYoungGen: 135744K->544K(152576K)] 174882K->39682K(494080K), 0.0056167 secs] [Times: user=0.03 sys=0.01, real=0.01 secs] 
2019-06-09T04:54:24.676+0300: 29.577: [GC (Allocation Failure) [PSYoungGen: 135712K->576K(154624K)] 174850K->39722K(496128K), 0.0029901 secs] [Times: user=0.02 sys=0.00, real=0.01 secs] 
2019-06-09T04:54:26.709+0300: 31.611: [GC (Allocation Failure) [PSYoungGen: 138816K->640K(154112K)] 177962K->39786K(495616K), 0.0027612 secs] [Times: user=0.01 sys=0.00, real=0.01 secs] 
2019-06-09T04:54:28.928+0300: 33.829: [GC (Allocation Failure) [PSYoungGen: 138880K->832K(156672K)] 178026K->39978K(498176K), 0.0030101 secs] [Times: user=0.01 sys=0.00, real=0.01 secs] 
2019-06-09T04:54:30.921+0300: 35.822: [GC (Allocation Failure) [PSYoungGen: 142656K->608K(155648K)] 181802K->39754K(497152K), 0.0031319 secs] [Times: user=0.02 sys=0.00, real=0.00 secs] 
2019-06-09T04:54:32.748+0300: 37.649: [GC (Allocation Failure) [PSYoungGen: 142432K->672K(158208K)] 181578K->39818K(499712K), 0.0028974 secs] [Times: user=0.02 sys=0.00, real=0.01 secs] 
2019-06-09T04:54:35.088+0300: 39.989: [GC (Allocation Failure) [PSYoungGen: 145568K->608K(157184K)] 184714K->39754K(498688K), 0.0028686 secs] [Times: user=0.01 sys=0.01, real=0.01 secs] 
04:54:43.777 [Curator-PathChildrenCache-0] ERROR o.a.c.f.r.c.PathChildrenCache  - 
java.lang.IllegalStateException: instance must be started before calling this method
	at org.apache.curator.shaded.com.google.common.base.Preconditions.checkState(Preconditions.java:444)
	at org.apache.curator.framework.imps.CuratorFrameworkImpl.getChildren(CuratorFrameworkImpl.java:456)
	at org.apache.curator.framework.recipes.cache.PathChildrenCache.refresh(PathChildrenCache.java:521)
	at org.apache.curator.framework.recipes.cache.RefreshOperation.invoke(RefreshOperation.java:35)
	at org.apache.curator.framework.recipes.cache.PathChildrenCache$9.run(PathChildrenCache.java:786)
	at java.util.concurrent.Executors$RunnableAdapter.call(Executors.java:511)
	at java.util.concurrent.FutureTask.run(FutureTask.java:266)
	at java.util.concurrent.Executors$RunnableAdapter.call(Executors.java:511)
	at java.util.concurrent.FutureTask.run(FutureTask.java:266)
	at java.util.concurrent.ThreadPoolExecutor.runWorker(ThreadPoolExecutor.java:1149)
	at java.util.concurrent.ThreadPoolExecutor$Worker.run(ThreadPoolExecutor.java:624)
	at java.lang.Thread.run(Thread.java:748)
Heap
 PSYoungGen      total 157184K, used 91014K [0x00000000f5980000, 0x0000000100000000, 0x0000000100000000)
  eden space 144896K, 62% used [0x00000000f5980000,0x00000000fb1c9a08,0x00000000fe700000)
  from space 12288K, 4% used [0x00000000fe700000,0x00000000fe798010,0x00000000ff300000)
  to   space 11776K, 0% used [0x00000000ff480000,0x00000000ff480000,0x0000000100000000)
 ParOldGen       total 341504K, used 39146K [0x00000000e0c00000, 0x00000000f5980000, 0x00000000f5980000)
  object space 341504K, 11% used [0x00000000e0c00000,0x00000000e323ab08,0x00000000f5980000)
 Metaspace       used 35800K, capacity 36622K, committed 36952K, reserved 1081344K
  class space    used 4937K, capacity 5129K, committed 5248K, reserved 1048576K
