17:27:15,228 |-INFO in ch.qos.logback.classic.LoggerContext[default] - Could NOT find resource [logback-test.xml]
17:27:15,229 |-INFO in ch.qos.logback.classic.LoggerContext[default] - Could NOT find resource [logback.groovy]
17:27:15,229 |-INFO in ch.qos.logback.classic.LoggerContext[default] - Found resource [logback.xml] at [jar:file:/root/flamestream/lib/flamestream-runtime-1.0-SNAPSHOT.jar!/logback.xml]
17:27:15,230 |-WARN in ch.qos.logback.classic.LoggerContext[default] - Resource [logback.xml] occurs multiple times on the classpath.
17:27:15,230 |-WARN in ch.qos.logback.classic.LoggerContext[default] - Resource [logback.xml] occurs at [jar:file:/root/flamestream/lib/flamestream-runtime-1.0-SNAPSHOT.jar!/logback.xml]
17:27:15,230 |-WARN in ch.qos.logback.classic.LoggerContext[default] - Resource [logback.xml] occurs at [jar:file:/root/flamestream/flamestream-runtime-1.0-SNAPSHOT.jar!/logback.xml]
17:27:15,249 |-INFO in ch.qos.logback.core.joran.spi.ConfigurationWatchList@3fb6a447 - URL [jar:file:/root/flamestream/lib/flamestream-runtime-1.0-SNAPSHOT.jar!/logback.xml] is not of type file
17:27:15,314 |-INFO in ch.qos.logback.classic.joran.action.ConfigurationAction - debug attribute not set
17:27:15,315 |-INFO in ch.qos.logback.core.joran.action.AppenderAction - About to instantiate appender of type [ch.qos.logback.core.ConsoleAppender]
17:27:15,330 |-INFO in ch.qos.logback.core.joran.action.AppenderAction - Naming appender as [STDOUT]
17:27:15,344 |-INFO in ch.qos.logback.core.joran.action.NestedComplexPropertyIA - Assuming default type [ch.qos.logback.classic.encoder.PatternLayoutEncoder] for [encoder] property
17:27:15,450 |-INFO in ch.qos.logback.core.joran.action.AppenderAction - About to instantiate appender of type [ch.qos.logback.core.rolling.RollingFileAppender]
17:27:15,462 |-INFO in ch.qos.logback.core.joran.action.AppenderAction - Naming appender as [FILE]
17:27:15,491 |-INFO in c.q.l.core.rolling.TimeBasedRollingPolicy@127618319 - No compression will be used
17:27:15,493 |-INFO in c.q.l.core.rolling.TimeBasedRollingPolicy@127618319 - Will use the pattern /tmp/application_%d{yyyy-MM-dd}.%i.log for the active file
17:27:15,495 |-INFO in ch.qos.logback.core.rolling.SizeAndTimeBasedFNATP@6b2fad11 - The date pattern is 'yyyy-MM-dd' from file name pattern '/tmp/application_%d{yyyy-MM-dd}.%i.log'.
17:27:15,495 |-INFO in ch.qos.logback.core.rolling.SizeAndTimeBasedFNATP@6b2fad11 - Roll-over at midnight.
17:27:15,501 |-INFO in ch.qos.logback.core.rolling.SizeAndTimeBasedFNATP@6b2fad11 - Setting initial period to Mon Jun 10 17:25:47 UTC 2019
17:27:15,501 |-WARN in ch.qos.logback.core.rolling.SizeAndTimeBasedFNATP@6b2fad11 - SizeAndTimeBasedFNATP is deprecated. Use SizeAndTimeBasedRollingPolicy instead
17:27:15,501 |-WARN in ch.qos.logback.core.rolling.SizeAndTimeBasedFNATP@6b2fad11 - For more information see http://logback.qos.ch/manual/appenders.html#SizeAndTimeBasedRollingPolicy
17:27:15,505 |-INFO in ch.qos.logback.core.joran.action.NestedComplexPropertyIA - Assuming default type [ch.qos.logback.classic.encoder.PatternLayoutEncoder] for [encoder] property
17:27:15,510 |-INFO in ch.qos.logback.core.rolling.RollingFileAppender[FILE] - Active log file name: /tmp/application.log
17:27:15,510 |-INFO in ch.qos.logback.core.rolling.RollingFileAppender[FILE] - File property is set to [/tmp/application.log]
17:27:15,511 |-INFO in ch.qos.logback.classic.joran.action.RootLoggerAction - Setting level of ROOT logger to WARN
17:27:15,511 |-INFO in ch.qos.logback.core.joran.action.AppenderRefAction - Attaching appender named [STDOUT] to Logger[ROOT]
17:27:15,512 |-INFO in ch.qos.logback.core.joran.action.AppenderRefAction - Attaching appender named [FILE] to Logger[ROOT]
17:27:15,512 |-INFO in ch.qos.logback.classic.joran.action.ConfigurationAction - End of configuration.
17:27:15,512 |-INFO in ch.qos.logback.classic.joran.JoranConfigurator@79698539 - Registering current configuration as safe fallback point

Ama winner
Ama winner
2019-06-10T17:27:16.809+0000: 1.765: [Full GC (Metadata GC Threshold) 2019-06-10T17:27:16.810+0000: 1.765: [Tenured: 0K->15145K(341376K), 0.0398327 secs] 114987K->15145K(494976K), [Metaspace: 20725K->20725K(1067008K)], 0.0399000 secs] [Times: user=0.04 sys=0.00, real=0.04 secs] 
17:27:32.304 [Curator-PathChildrenCache-1] WARN  o.a.c.u.ZKPaths  - The version of ZooKeeper being used doesn't support Container nodes. CreateMode.PERSISTENT will be used instead.
2019-06-10T17:27:34.679+0000: 19.634: [GC (Allocation Failure) 2019-06-10T17:27:34.679+0000: 19.634: [DefNew: 136576K->17023K(153600K), 0.0283172 secs] 151721K->52520K(494976K), 0.0283832 secs] [Times: user=0.03 sys=0.01, real=0.02 secs] 
2019-06-10T17:27:35.978+0000: 20.934: [Full GC (Metadata GC Threshold) 2019-06-10T17:27:35.979+0000: 20.934: [Tenured: 35496K->43916K(341376K), 0.0654300 secs] 83254K->43916K(494976K), [Metaspace: 34609K->34609K(1079296K)], 0.0655033 secs] [Times: user=0.06 sys=0.00, real=0.06 secs] 
2019-06-10T17:27:41.858+0000: 26.813: [GC (Allocation Failure) 2019-06-10T17:27:41.858+0000: 26.813: [DefNew: 136576K->65K(153600K), 0.0018745 secs] 180492K->43981K(494976K), 0.0019336 secs] [Times: user=0.00 sys=0.00, real=0.00 secs] 
2019-06-10T17:27:47.827+0000: 32.783: [GC (Allocation Failure) 2019-06-10T17:27:47.828+0000: 32.783: [DefNew: 136641K->68K(153600K), 0.0017858 secs] 180557K->43984K(494976K), 0.0028532 secs] [Times: user=0.01 sys=0.00, real=0.01 secs] 
2019-06-10T17:27:53.820+0000: 38.775: [GC (Allocation Failure) 2019-06-10T17:27:53.820+0000: 38.775: [DefNew: 136644K->67K(153600K), 0.0017262 secs] 180560K->43984K(494976K), 0.0017878 secs] [Times: user=0.01 sys=0.00, real=0.00 secs] 
2019-06-10T17:27:59.807+0000: 44.762: [GC (Allocation Failure) 2019-06-10T17:27:59.807+0000: 44.763: [DefNew: 136643K->68K(153600K), 0.0017457 secs] 180560K->43985K(494976K), 0.0018061 secs] [Times: user=0.00 sys=0.00, real=0.01 secs] 
2019-06-10T17:28:13.664+0000: 58.619: [GC (Allocation Failure) 2019-06-10T17:28:13.664+0000: 58.619: [DefNew: 136644K->397K(153600K), 0.0028218 secs] 180561K->44314K(494976K), 0.0028749 secs] [Times: user=0.00 sys=0.00, real=0.00 secs] 
17:28:13.714 [Curator-PathChildrenCache-0] ERROR o.a.c.f.r.c.PathChildrenCache  - 
java.lang.IllegalStateException: instance must be started before calling this method
	at org.apache.curator.shaded.com.google.common.base.Preconditions.checkState(Preconditions.java:444)
	at org.apache.curator.framework.imps.CuratorFrameworkImpl.getChildren(CuratorFrameworkImpl.java:456)
	at org.apache.curator.framework.recipes.cache.PathChildrenCache.refresh(PathChildrenCache.java:521)
	at org.apache.curator.framework.recipes.cache.RefreshOperation.invoke(RefreshOperation.java:35)
	at org.apache.curator.framework.recipes.cache.PathChildrenCache$9.run(PathChildrenCache.java:786)
	at java.util.concurrent.Executors$RunnableAdapter.call(Executors.java:511)
	at java.util.concurrent.FutureTask.run(FutureTask.java:266)
	at java.util.concurrent.Executors$RunnableAdapter.call(Executors.java:511)
	at java.util.concurrent.FutureTask.run(FutureTask.java:266)
	at java.util.concurrent.ThreadPoolExecutor.runWorker(ThreadPoolExecutor.java:1149)
	at java.util.concurrent.ThreadPoolExecutor$Worker.run(ThreadPoolExecutor.java:624)
	at java.lang.Thread.run(Thread.java:748)
Heap
 def new generation   total 153600K, used 20144K [0x00000000e0c00000, 0x00000000eb2a0000, 0x00000000eb2a0000)
  eden space 136576K,  14% used [0x00000000e0c00000, 0x00000000e1f48c40, 0x00000000e9160000)
  from space 17024K,   2% used [0x00000000e9160000, 0x00000000e91c36f0, 0x00000000ea200000)
  to   space 17024K,   0% used [0x00000000ea200000, 0x00000000ea200000, 0x00000000eb2a0000)
 tenured generation   total 341376K, used 43916K [0x00000000eb2a0000, 0x0000000100000000, 0x0000000100000000)
   the space 341376K,  12% used [0x00000000eb2a0000, 0x00000000edd83270, 0x00000000edd83400, 0x0000000100000000)
 Metaspace       used 35919K, capacity 36834K, committed 37120K, reserved 1081344K
  class space    used 4831K, capacity 5053K, committed 5120K, reserved 1048576K
