00:31:37,835 |-INFO in ch.qos.logback.classic.LoggerContext[default] - Could NOT find resource [logback-test.xml]
00:31:37,835 |-INFO in ch.qos.logback.classic.LoggerContext[default] - Could NOT find resource [logback.groovy]
00:31:37,835 |-INFO in ch.qos.logback.classic.LoggerContext[default] - Found resource [logback.xml] at [jar:file:/home/nikitasokolov/flamestream/lib/flamestream-runtime-1.0-SNAPSHOT.jar!/logback.xml]
00:31:37,836 |-WARN in ch.qos.logback.classic.LoggerContext[default] - Resource [logback.xml] occurs multiple times on the classpath.
00:31:37,836 |-WARN in ch.qos.logback.classic.LoggerContext[default] - Resource [logback.xml] occurs at [jar:file:/home/nikitasokolov/flamestream/lib/flamestream-runtime-1.0-SNAPSHOT.jar!/logback.xml]
00:31:37,836 |-WARN in ch.qos.logback.classic.LoggerContext[default] - Resource [logback.xml] occurs at [jar:file:/home/nikitasokolov/flamestream/flamestream-runtime-1.0-SNAPSHOT.jar!/logback.xml]
00:31:37,851 |-INFO in ch.qos.logback.core.joran.spi.ConfigurationWatchList@6108b2d7 - URL [jar:file:/home/nikitasokolov/flamestream/lib/flamestream-runtime-1.0-SNAPSHOT.jar!/logback.xml] is not of type file
00:31:37,903 |-INFO in ch.qos.logback.classic.joran.action.ConfigurationAction - debug attribute not set
00:31:37,904 |-INFO in ch.qos.logback.core.joran.action.AppenderAction - About to instantiate appender of type [ch.qos.logback.core.ConsoleAppender]
00:31:37,915 |-INFO in ch.qos.logback.core.joran.action.AppenderAction - Naming appender as [STDOUT]
00:31:37,925 |-INFO in ch.qos.logback.core.joran.action.NestedComplexPropertyIA - Assuming default type [ch.qos.logback.classic.encoder.PatternLayoutEncoder] for [encoder] property
00:31:37,984 |-INFO in ch.qos.logback.core.joran.action.AppenderAction - About to instantiate appender of type [ch.qos.logback.core.rolling.RollingFileAppender]
00:31:37,990 |-INFO in ch.qos.logback.core.joran.action.AppenderAction - Naming appender as [FILE]
00:31:38,013 |-INFO in c.q.l.core.rolling.TimeBasedRollingPolicy@357863579 - No compression will be used
00:31:38,014 |-INFO in c.q.l.core.rolling.TimeBasedRollingPolicy@357863579 - Will use the pattern /tmp/application_%d{yyyy-MM-dd}.%i.log for the active file
00:31:38,017 |-INFO in ch.qos.logback.core.rolling.SizeAndTimeBasedFNATP@6bf256fa - The date pattern is 'yyyy-MM-dd' from file name pattern '/tmp/application_%d{yyyy-MM-dd}.%i.log'.
00:31:38,017 |-INFO in ch.qos.logback.core.rolling.SizeAndTimeBasedFNATP@6bf256fa - Roll-over at midnight.
00:31:38,021 |-INFO in ch.qos.logback.core.rolling.SizeAndTimeBasedFNATP@6bf256fa - Setting initial period to Sun Jun 09 00:30:55 MSK 2019
00:31:38,021 |-WARN in ch.qos.logback.core.rolling.SizeAndTimeBasedFNATP@6bf256fa - SizeAndTimeBasedFNATP is deprecated. Use SizeAndTimeBasedRollingPolicy instead
00:31:38,021 |-WARN in ch.qos.logback.core.rolling.SizeAndTimeBasedFNATP@6bf256fa - For more information see http://logback.qos.ch/manual/appenders.html#SizeAndTimeBasedRollingPolicy
00:31:38,025 |-INFO in ch.qos.logback.core.joran.action.NestedComplexPropertyIA - Assuming default type [ch.qos.logback.classic.encoder.PatternLayoutEncoder] for [encoder] property
00:31:38,028 |-INFO in ch.qos.logback.core.rolling.RollingFileAppender[FILE] - Active log file name: /tmp/application.log
00:31:38,028 |-INFO in ch.qos.logback.core.rolling.RollingFileAppender[FILE] - File property is set to [/tmp/application.log]
00:31:38,029 |-INFO in ch.qos.logback.classic.joran.action.RootLoggerAction - Setting level of ROOT logger to WARN
00:31:38,029 |-INFO in ch.qos.logback.core.joran.action.AppenderRefAction - Attaching appender named [STDOUT] to Logger[ROOT]
00:31:38,029 |-INFO in ch.qos.logback.core.joran.action.AppenderRefAction - Attaching appender named [FILE] to Logger[ROOT]
00:31:38,029 |-INFO in ch.qos.logback.classic.joran.action.ConfigurationAction - End of configuration.
00:31:38,030 |-INFO in ch.qos.logback.classic.joran.JoranConfigurator@6cd8737 - Registering current configuration as safe fallback point

2019-06-09T00:31:39.021+0300: 1.387: [GC (Metadata GC Threshold) [PSYoungGen: 110722K->15905K(149504K)] 110722K->15985K(491008K), 0.0296794 secs] [Times: user=0.13 sys=0.03, real=0.03 secs] 
2019-06-09T00:31:39.051+0300: 1.417: [Full GC (Metadata GC Threshold) [PSYoungGen: 15905K->0K(149504K)] [ParOldGen: 80K->15086K(341504K)] 15985K->15086K(491008K), [Metaspace: 20802K->20802K(1067008K)], 0.0299314 secs] [Times: user=0.18 sys=0.01, real=0.03 secs] 
00:31:48.830 [Curator-PathChildrenCache-1] WARN  o.a.c.u.ZKPaths  - The version of ZooKeeper being used doesn't support Container nodes. CreateMode.PERSISTENT will be used instead.
2019-06-09T00:31:49.732+0300: 12.098: [GC (Metadata GC Threshold) [PSYoungGen: 127647K->15825K(149504K)] 142733K->50450K(491008K), 0.0345920 secs] [Times: user=0.27 sys=0.04, real=0.03 secs] 
2019-06-09T00:31:49.767+0300: 12.132: [Full GC (Metadata GC Threshold) [PSYoungGen: 15825K->0K(149504K)] [ParOldGen: 34625K->38997K(341504K)] 50450K->38997K(491008K), [Metaspace: 34563K->34563K(1079296K)], 0.0426122 secs] [Times: user=0.24 sys=0.03, real=0.04 secs] 
2019-06-09T00:31:51.601+0300: 13.967: [GC (Allocation Failure) [PSYoungGen: 128512K->768K(149504K)] 167509K->39773K(491008K), 0.0029640 secs] [Times: user=0.02 sys=0.00, real=0.00 secs] 
2019-06-09T00:31:53.103+0300: 15.468: [GC (Allocation Failure) [PSYoungGen: 129280K->736K(149504K)] 168285K->39749K(491008K), 0.0037769 secs] [Times: user=0.02 sys=0.00, real=0.00 secs] 
2019-06-09T00:31:54.588+0300: 16.953: [GC (Allocation Failure) [PSYoungGen: 129248K->768K(129536K)] 168261K->39781K(471040K), 0.0039435 secs] [Times: user=0.02 sys=0.00, real=0.01 secs] 
2019-06-09T00:31:55.824+0300: 18.190: [GC (Allocation Failure) [PSYoungGen: 129280K->704K(150016K)] 168293K->39717K(491520K), 0.0032734 secs] [Times: user=0.01 sys=0.00, real=0.00 secs] 
2019-06-09T00:31:56.871+0300: 19.237: [GC (Allocation Failure) [PSYoungGen: 129216K->928K(148992K)] 168229K->39949K(490496K), 0.0814525 secs] [Times: user=0.02 sys=0.00, real=0.08 secs] 
2019-06-09T00:31:58.018+0300: 20.384: [GC (Allocation Failure) [PSYoungGen: 129440K->896K(151552K)] 168461K->39917K(493056K), 0.0037001 secs] [Times: user=0.02 sys=0.01, real=0.00 secs] 
2019-06-09T00:31:59.020+0300: 21.386: [GC (Allocation Failure) [PSYoungGen: 132992K->864K(151040K)] 172013K->39885K(492544K), 0.0028255 secs] [Times: user=0.01 sys=0.00, real=0.00 secs] 
2019-06-09T00:32:00.057+0300: 22.423: [GC (Allocation Failure) [PSYoungGen: 132960K->704K(153088K)] 171981K->39733K(494592K), 0.0045816 secs] [Times: user=0.01 sys=0.02, real=0.01 secs] 
2019-06-09T00:32:00.882+0300: 23.248: [GC (Allocation Failure) [PSYoungGen: 135872K->896K(152576K)] 174901K->39925K(494080K), 0.0046003 secs] [Times: user=0.02 sys=0.01, real=0.00 secs] 
2019-06-09T00:32:02.064+0300: 24.429: [GC (Allocation Failure) [PSYoungGen: 136064K->800K(155136K)] 175093K->39829K(496640K), 0.0667955 secs] [Times: user=0.01 sys=0.00, real=0.07 secs] 
2019-06-09T00:32:03.287+0300: 25.652: [GC (Allocation Failure) [PSYoungGen: 139552K->864K(154112K)] 178581K->39901K(495616K), 0.0024217 secs] [Times: user=0.02 sys=0.00, real=0.00 secs] 
2019-06-09T00:32:04.320+0300: 26.685: [GC (Allocation Failure) [PSYoungGen: 139616K->768K(156672K)] 178653K->39805K(498176K), 0.0097319 secs] [Times: user=0.08 sys=0.01, real=0.01 secs] 
2019-06-09T00:32:05.415+0300: 27.780: [GC (Allocation Failure) [PSYoungGen: 142592K->768K(155648K)] 181629K->39805K(497152K), 0.0060251 secs] [Times: user=0.04 sys=0.00, real=0.01 secs] 
2019-06-09T00:32:06.848+0300: 29.214: [GC (Allocation Failure) [PSYoungGen: 142592K->800K(157696K)] 181629K->39837K(499200K), 0.0082419 secs] [Times: user=0.07 sys=0.00, real=0.01 secs] 
2019-06-09T00:32:08.277+0300: 30.642: [GC (Allocation Failure) [PSYoungGen: 145184K->768K(157184K)] 184221K->39805K(498688K), 0.0078627 secs] [Times: user=0.05 sys=0.00, real=0.01 secs] 
2019-06-09T00:32:10.066+0300: 32.431: [GC (Allocation Failure) [PSYoungGen: 145152K->384K(159232K)] 184189K->39749K(500736K), 0.0048984 secs] [Times: user=0.02 sys=0.01, real=0.01 secs] 
2019-06-09T00:32:12.573+0300: 34.939: [GC (Allocation Failure) [PSYoungGen: 147840K->576K(158720K)] 187205K->40085K(500224K), 0.0057722 secs] [Times: user=0.04 sys=0.01, real=0.01 secs] 
00:32:19.742 [Curator-PathChildrenCache-0] ERROR o.a.c.f.r.c.PathChildrenCache  - 
java.lang.IllegalStateException: instance must be started before calling this method
	at org.apache.curator.shaded.com.google.common.base.Preconditions.checkState(Preconditions.java:444)
	at org.apache.curator.framework.imps.CuratorFrameworkImpl.getChildren(CuratorFrameworkImpl.java:456)
	at org.apache.curator.framework.recipes.cache.PathChildrenCache.refresh(PathChildrenCache.java:521)
	at org.apache.curator.framework.recipes.cache.RefreshOperation.invoke(RefreshOperation.java:35)
	at org.apache.curator.framework.recipes.cache.PathChildrenCache$9.run(PathChildrenCache.java:786)
	at java.util.concurrent.Executors$RunnableAdapter.call(Executors.java:511)
	at java.util.concurrent.FutureTask.run(FutureTask.java:266)
	at java.util.concurrent.Executors$RunnableAdapter.call(Executors.java:511)
	at java.util.concurrent.FutureTask.run(FutureTask.java:266)
	at java.util.concurrent.ThreadPoolExecutor.runWorker(ThreadPoolExecutor.java:1149)
	at java.util.concurrent.ThreadPoolExecutor$Worker.run(ThreadPoolExecutor.java:624)
	at java.lang.Thread.run(Thread.java:748)
Heap
 PSYoungGen      total 158720K, used 74605K [0x00000000f5980000, 0x0000000100000000, 0x0000000100000000)
  eden space 147456K, 50% used [0x00000000f5980000,0x00000000fa1cb450,0x00000000fe980000)
  from space 11264K, 5% used [0x00000000fe980000,0x00000000fea10010,0x00000000ff480000)
  to   space 10752K, 0% used [0x00000000ff580000,0x00000000ff580000,0x0000000100000000)
 ParOldGen       total 341504K, used 39509K [0x00000000e0c00000, 0x00000000f5980000, 0x00000000f5980000)
  object space 341504K, 11% used [0x00000000e0c00000,0x00000000e32955d8,0x00000000f5980000)
 Metaspace       used 35770K, capacity 36622K, committed 36952K, reserved 1081344K
  class space    used 4935K, capacity 5129K, committed 5248K, reserved 1048576K
