18:55:28,940 |-INFO in ch.qos.logback.classic.LoggerContext[default] - Could NOT find resource [logback-test.xml]
18:55:28,940 |-INFO in ch.qos.logback.classic.LoggerContext[default] - Could NOT find resource [logback.groovy]
18:55:28,941 |-INFO in ch.qos.logback.classic.LoggerContext[default] - Found resource [logback.xml] at [jar:file:/root/flamestream/lib/flamestream-runtime-1.0-SNAPSHOT.jar!/logback.xml]
18:55:28,942 |-WARN in ch.qos.logback.classic.LoggerContext[default] - Resource [logback.xml] occurs multiple times on the classpath.
18:55:28,942 |-WARN in ch.qos.logback.classic.LoggerContext[default] - Resource [logback.xml] occurs at [jar:file:/root/flamestream/lib/flamestream-runtime-1.0-SNAPSHOT.jar!/logback.xml]
18:55:28,942 |-WARN in ch.qos.logback.classic.LoggerContext[default] - Resource [logback.xml] occurs at [jar:file:/root/flamestream/flamestream-runtime-1.0-SNAPSHOT.jar!/logback.xml]
18:55:28,961 |-INFO in ch.qos.logback.core.joran.spi.ConfigurationWatchList@3fb6a447 - URL [jar:file:/root/flamestream/lib/flamestream-runtime-1.0-SNAPSHOT.jar!/logback.xml] is not of type file
18:55:29,033 |-INFO in ch.qos.logback.classic.joran.action.ConfigurationAction - debug attribute not set
18:55:29,033 |-INFO in ch.qos.logback.core.joran.action.AppenderAction - About to instantiate appender of type [ch.qos.logback.core.ConsoleAppender]
18:55:29,047 |-INFO in ch.qos.logback.core.joran.action.AppenderAction - Naming appender as [STDOUT]
18:55:29,062 |-INFO in ch.qos.logback.core.joran.action.NestedComplexPropertyIA - Assuming default type [ch.qos.logback.classic.encoder.PatternLayoutEncoder] for [encoder] property
18:55:29,146 |-INFO in ch.qos.logback.core.joran.action.AppenderAction - About to instantiate appender of type [ch.qos.logback.core.rolling.RollingFileAppender]
18:55:29,154 |-INFO in ch.qos.logback.core.joran.action.AppenderAction - Naming appender as [FILE]
18:55:29,184 |-INFO in c.q.l.core.rolling.TimeBasedRollingPolicy@127618319 - No compression will be used
18:55:29,186 |-INFO in c.q.l.core.rolling.TimeBasedRollingPolicy@127618319 - Will use the pattern /tmp/application_%d{yyyy-MM-dd}.%i.log for the active file
18:55:29,189 |-INFO in ch.qos.logback.core.rolling.SizeAndTimeBasedFNATP@6b2fad11 - The date pattern is 'yyyy-MM-dd' from file name pattern '/tmp/application_%d{yyyy-MM-dd}.%i.log'.
18:55:29,189 |-INFO in ch.qos.logback.core.rolling.SizeAndTimeBasedFNATP@6b2fad11 - Roll-over at midnight.
18:55:29,194 |-INFO in ch.qos.logback.core.rolling.SizeAndTimeBasedFNATP@6b2fad11 - Setting initial period to Mon Jun 10 18:53:52 UTC 2019
18:55:29,194 |-WARN in ch.qos.logback.core.rolling.SizeAndTimeBasedFNATP@6b2fad11 - SizeAndTimeBasedFNATP is deprecated. Use SizeAndTimeBasedRollingPolicy instead
18:55:29,194 |-WARN in ch.qos.logback.core.rolling.SizeAndTimeBasedFNATP@6b2fad11 - For more information see http://logback.qos.ch/manual/appenders.html#SizeAndTimeBasedRollingPolicy
18:55:29,198 |-INFO in ch.qos.logback.core.joran.action.NestedComplexPropertyIA - Assuming default type [ch.qos.logback.classic.encoder.PatternLayoutEncoder] for [encoder] property
18:55:29,203 |-INFO in ch.qos.logback.core.rolling.RollingFileAppender[FILE] - Active log file name: /tmp/application.log
18:55:29,203 |-INFO in ch.qos.logback.core.rolling.RollingFileAppender[FILE] - File property is set to [/tmp/application.log]
18:55:29,203 |-INFO in ch.qos.logback.classic.joran.action.RootLoggerAction - Setting level of ROOT logger to WARN
18:55:29,204 |-INFO in ch.qos.logback.core.joran.action.AppenderRefAction - Attaching appender named [STDOUT] to Logger[ROOT]
18:55:29,205 |-INFO in ch.qos.logback.core.joran.action.AppenderRefAction - Attaching appender named [FILE] to Logger[ROOT]
18:55:29,206 |-INFO in ch.qos.logback.classic.joran.action.ConfigurationAction - End of configuration.
18:55:29,206 |-INFO in ch.qos.logback.classic.joran.JoranConfigurator@79698539 - Registering current configuration as safe fallback point

Ama winner
Ama winner
2019-06-10T18:55:30.438+0000: 1.682: [Full GC (Metadata GC Threshold) 2019-06-10T18:55:30.438+0000: 1.682: [Tenured: 0K->15256K(341376K), 0.0386847 secs] 117750K->15256K(494976K), [Metaspace: 20733K->20733K(1067008K)], 0.0387533 secs] [Times: user=0.03 sys=0.00, real=0.04 secs] 
18:55:51.359 [Curator-PathChildrenCache-1] WARN  o.a.c.u.ZKPaths  - The version of ZooKeeper being used doesn't support Container nodes. CreateMode.PERSISTENT will be used instead.
2019-06-10T18:55:53.788+0000: 25.032: [GC (Allocation Failure) 2019-06-10T18:55:53.788+0000: 25.032: [DefNew: 136576K->17024K(153600K), 0.0251157 secs] 151832K->52734K(494976K), 0.0251908 secs] [Times: user=0.01 sys=0.01, real=0.02 secs] 
2019-06-10T18:55:55.909+0000: 27.152: [Full GC (Metadata GC Threshold) 2019-06-10T18:55:55.909+0000: 27.152: [Tenured: 35710K->44117K(341376K), 0.0436604 secs] 105495K->44117K(494976K), [Metaspace: 34544K->34544K(1079296K)], 0.0437330 secs] [Times: user=0.04 sys=0.00, real=0.04 secs] 
2019-06-10T18:56:01.520+0000: 32.765: [GC (Allocation Failure) 2019-06-10T18:56:01.521+0000: 32.765: [DefNew: 136576K->63K(153600K), 0.0019847 secs] 180693K->44181K(494976K), 0.0031865 secs] [Times: user=0.01 sys=0.00, real=0.00 secs] 
2019-06-10T18:56:07.121+0000: 38.365: [GC (Allocation Failure) 2019-06-10T18:56:07.121+0000: 38.365: [DefNew: 136639K->95K(153600K), 0.0017614 secs] 180757K->44213K(494976K), 0.0018220 secs] [Times: user=0.00 sys=0.00, real=0.00 secs] 
2019-06-10T18:56:12.732+0000: 43.976: [GC (Allocation Failure) 2019-06-10T18:56:12.732+0000: 43.976: [DefNew: 136671K->128K(153600K), 0.0017831 secs] 180789K->44246K(494976K), 0.0018437 secs] [Times: user=0.00 sys=0.01, real=0.00 secs] 
2019-06-10T18:56:18.382+0000: 49.626: [GC (Allocation Failure) 2019-06-10T18:56:18.382+0000: 49.626: [DefNew: 136704K->128K(153600K), 0.0017569 secs] 180822K->44246K(494976K), 0.0018182 secs] [Times: user=0.00 sys=0.00, real=0.00 secs] 
2019-06-10T18:56:31.788+0000: 63.031: [GC (Allocation Failure) 2019-06-10T18:56:31.788+0000: 63.031: [DefNew: 136704K->464K(153600K), 0.0023225 secs] 180822K->44582K(494976K), 0.0023851 secs] [Times: user=0.00 sys=0.00, real=0.00 secs] 
18:56:33.093 [Curator-PathChildrenCache-0] ERROR o.a.c.f.r.c.PathChildrenCache  - 
java.lang.IllegalStateException: instance must be started before calling this method
	at org.apache.curator.shaded.com.google.common.base.Preconditions.checkState(Preconditions.java:444)
	at org.apache.curator.framework.imps.CuratorFrameworkImpl.getChildren(CuratorFrameworkImpl.java:456)
	at org.apache.curator.framework.recipes.cache.PathChildrenCache.refresh(PathChildrenCache.java:521)
	at org.apache.curator.framework.recipes.cache.RefreshOperation.invoke(RefreshOperation.java:35)
	at org.apache.curator.framework.recipes.cache.PathChildrenCache$9.run(PathChildrenCache.java:786)
	at java.util.concurrent.Executors$RunnableAdapter.call(Executors.java:511)
	at java.util.concurrent.FutureTask.run(FutureTask.java:266)
	at java.util.concurrent.Executors$RunnableAdapter.call(Executors.java:511)
	at java.util.concurrent.FutureTask.run(FutureTask.java:266)
	at java.util.concurrent.ThreadPoolExecutor.runWorker(ThreadPoolExecutor.java:1149)
	at java.util.concurrent.ThreadPoolExecutor$Worker.run(ThreadPoolExecutor.java:624)
	at java.lang.Thread.run(Thread.java:748)
Heap
 def new generation   total 153600K, used 18884K [0x00000000e0c00000, 0x00000000eb2a0000, 0x00000000eb2a0000)
  eden space 136576K,  13% used [0x00000000e0c00000, 0x00000000e1dfcda8, 0x00000000e9160000)
  from space 17024K,   2% used [0x00000000e9160000, 0x00000000e91d4390, 0x00000000ea200000)
  to   space 17024K,   0% used [0x00000000ea200000, 0x00000000ea200000, 0x00000000eb2a0000)
 tenured generation   total 341376K, used 44117K [0x00000000eb2a0000, 0x0000000100000000, 0x0000000100000000)
   the space 341376K,  12% used [0x00000000eb2a0000, 0x00000000eddb57c0, 0x00000000eddb5800, 0x0000000100000000)
 Metaspace       used 36003K, capacity 36864K, committed 37120K, reserved 1081344K
  class space    used 4859K, capacity 5074K, committed 5120K, reserved 1048576K
