19:44:58,721 |-INFO in ch.qos.logback.classic.LoggerContext[default] - Could NOT find resource [logback-test.xml]
19:44:58,722 |-INFO in ch.qos.logback.classic.LoggerContext[default] - Could NOT find resource [logback.groovy]
19:44:58,722 |-INFO in ch.qos.logback.classic.LoggerContext[default] - Found resource [logback.xml] at [jar:file:/root/flamestream/lib/flamestream-runtime-1.0-SNAPSHOT.jar!/logback.xml]
19:44:58,723 |-WARN in ch.qos.logback.classic.LoggerContext[default] - Resource [logback.xml] occurs multiple times on the classpath.
19:44:58,723 |-WARN in ch.qos.logback.classic.LoggerContext[default] - Resource [logback.xml] occurs at [jar:file:/root/flamestream/lib/flamestream-runtime-1.0-SNAPSHOT.jar!/logback.xml]
19:44:58,723 |-WARN in ch.qos.logback.classic.LoggerContext[default] - Resource [logback.xml] occurs at [jar:file:/root/flamestream/flamestream-runtime-1.0-SNAPSHOT.jar!/logback.xml]
19:44:58,742 |-INFO in ch.qos.logback.core.joran.spi.ConfigurationWatchList@3fb6a447 - URL [jar:file:/root/flamestream/lib/flamestream-runtime-1.0-SNAPSHOT.jar!/logback.xml] is not of type file
19:44:58,807 |-INFO in ch.qos.logback.classic.joran.action.ConfigurationAction - debug attribute not set
19:44:58,807 |-INFO in ch.qos.logback.core.joran.action.AppenderAction - About to instantiate appender of type [ch.qos.logback.core.ConsoleAppender]
19:44:58,824 |-INFO in ch.qos.logback.core.joran.action.AppenderAction - Naming appender as [STDOUT]
19:44:58,837 |-INFO in ch.qos.logback.core.joran.action.NestedComplexPropertyIA - Assuming default type [ch.qos.logback.classic.encoder.PatternLayoutEncoder] for [encoder] property
19:44:58,936 |-INFO in ch.qos.logback.core.joran.action.AppenderAction - About to instantiate appender of type [ch.qos.logback.core.rolling.RollingFileAppender]
19:44:58,947 |-INFO in ch.qos.logback.core.joran.action.AppenderAction - Naming appender as [FILE]
19:44:58,977 |-INFO in c.q.l.core.rolling.TimeBasedRollingPolicy@127618319 - No compression will be used
19:44:58,978 |-INFO in c.q.l.core.rolling.TimeBasedRollingPolicy@127618319 - Will use the pattern /tmp/application_%d{yyyy-MM-dd}.%i.log for the active file
19:44:58,981 |-INFO in ch.qos.logback.core.rolling.SizeAndTimeBasedFNATP@6b2fad11 - The date pattern is 'yyyy-MM-dd' from file name pattern '/tmp/application_%d{yyyy-MM-dd}.%i.log'.
19:44:58,981 |-INFO in ch.qos.logback.core.rolling.SizeAndTimeBasedFNATP@6b2fad11 - Roll-over at midnight.
19:44:58,986 |-INFO in ch.qos.logback.core.rolling.SizeAndTimeBasedFNATP@6b2fad11 - Setting initial period to Mon Jun 10 19:43:27 UTC 2019
19:44:58,986 |-WARN in ch.qos.logback.core.rolling.SizeAndTimeBasedFNATP@6b2fad11 - SizeAndTimeBasedFNATP is deprecated. Use SizeAndTimeBasedRollingPolicy instead
19:44:58,986 |-WARN in ch.qos.logback.core.rolling.SizeAndTimeBasedFNATP@6b2fad11 - For more information see http://logback.qos.ch/manual/appenders.html#SizeAndTimeBasedRollingPolicy
19:44:58,991 |-INFO in ch.qos.logback.core.joran.action.NestedComplexPropertyIA - Assuming default type [ch.qos.logback.classic.encoder.PatternLayoutEncoder] for [encoder] property
19:44:58,996 |-INFO in ch.qos.logback.core.rolling.RollingFileAppender[FILE] - Active log file name: /tmp/application.log
19:44:58,996 |-INFO in ch.qos.logback.core.rolling.RollingFileAppender[FILE] - File property is set to [/tmp/application.log]
19:44:58,997 |-INFO in ch.qos.logback.classic.joran.action.RootLoggerAction - Setting level of ROOT logger to WARN
19:44:58,999 |-INFO in ch.qos.logback.core.joran.action.AppenderRefAction - Attaching appender named [STDOUT] to Logger[ROOT]
19:44:59,001 |-INFO in ch.qos.logback.core.joran.action.AppenderRefAction - Attaching appender named [FILE] to Logger[ROOT]
19:44:59,001 |-INFO in ch.qos.logback.classic.joran.action.ConfigurationAction - End of configuration.
19:44:59,001 |-INFO in ch.qos.logback.classic.joran.JoranConfigurator@79698539 - Registering current configuration as safe fallback point

Ama winner
Ama winner
2019-06-10T19:45:00.323+0000: 1.787: [Full GC (Metadata GC Threshold) 2019-06-10T19:45:00.323+0000: 1.787: [Tenured: 0K->15159K(341376K), 0.0404015 secs] 112223K->15159K(494976K), [Metaspace: 20726K->20726K(1067008K)], 0.0404704 secs] [Times: user=0.04 sys=0.01, real=0.04 secs] 
19:45:23.364 [Curator-PathChildrenCache-2] WARN  o.a.c.u.ZKPaths  - The version of ZooKeeper being used doesn't support Container nodes. CreateMode.PERSISTENT will be used instead.
2019-06-10T19:45:25.276+0000: 26.739: [GC (Allocation Failure) 2019-06-10T19:45:25.276+0000: 26.739: [DefNew: 136576K->17023K(153600K), 0.0263942 secs] 151735K->51769K(494976K), 0.0264788 secs] [Times: user=0.02 sys=0.01, real=0.03 secs] 
2019-06-10T19:45:25.690+0000: 27.154: [Full GC (Metadata GC Threshold) 2019-06-10T19:45:25.690+0000: 27.154: [Tenured: 34745K->43576K(341376K), 0.0359511 secs] 68134K->43576K(494976K), [Metaspace: 34476K->34476K(1079296K)], 0.0360294 secs] [Times: user=0.04 sys=0.00, real=0.03 secs] 
2019-06-10T19:45:30.436+0000: 31.899: [GC (Allocation Failure) 2019-06-10T19:45:30.436+0000: 31.899: [DefNew: 136576K->230K(153600K), 0.0024324 secs] 180152K->43806K(494976K), 0.0024938 secs] [Times: user=0.00 sys=0.00, real=0.01 secs] 
2019-06-10T19:45:35.040+0000: 36.503: [GC (Allocation Failure) 2019-06-10T19:45:35.040+0000: 36.503: [DefNew: 136806K->226K(153600K), 0.0022727 secs] 180382K->43803K(494976K), 0.0023369 secs] [Times: user=0.00 sys=0.00, real=0.00 secs] 
2019-06-10T19:45:39.630+0000: 41.094: [GC (Allocation Failure) 2019-06-10T19:45:39.631+0000: 41.094: [DefNew: 136802K->263K(153600K), 0.0022551 secs] 180379K->43840K(494976K), 0.0023158 secs] [Times: user=0.00 sys=0.00, real=0.00 secs] 
2019-06-10T19:45:44.186+0000: 45.650: [GC (Allocation Failure) 2019-06-10T19:45:44.186+0000: 45.650: [DefNew: 136839K->258K(153600K), 0.0022532 secs] 180416K->43834K(494976K), 0.0023130 secs] [Times: user=0.00 sys=0.00, real=0.01 secs] 
2019-06-10T19:45:48.757+0000: 50.221: [GC (Allocation Failure) 2019-06-10T19:45:48.757+0000: 50.221: [DefNew: 136834K->256K(153600K), 0.0022136 secs] 180410K->43833K(494976K), 0.0022737 secs] [Times: user=0.00 sys=0.00, real=0.00 secs] 
2019-06-10T19:45:53.379+0000: 54.842: [GC (Allocation Failure) 2019-06-10T19:45:53.379+0000: 54.842: [DefNew: 136832K->265K(153600K), 0.0022980 secs] 180409K->43842K(494976K), 0.0023601 secs] [Times: user=0.01 sys=0.00, real=0.00 secs] 
2019-06-10T19:45:57.981+0000: 59.445: [GC (Allocation Failure) 2019-06-10T19:45:57.981+0000: 59.445: [DefNew: 136841K->267K(153600K), 0.0022546 secs] 180418K->43844K(494976K), 0.0023149 secs] [Times: user=0.00 sys=0.00, real=0.00 secs] 
2019-06-10T19:46:02.671+0000: 64.134: [GC (Allocation Failure) 2019-06-10T19:46:02.671+0000: 64.134: [DefNew: 136843K->627K(153600K), 0.0028556 secs] 180420K->44204K(494976K), 0.0029282 secs] [Times: user=0.00 sys=0.00, real=0.00 secs] 
2019-06-10T19:46:07.740+0000: 69.203: [GC (Allocation Failure) 2019-06-10T19:46:07.740+0000: 69.203: [DefNew: 137203K->371K(153600K), 0.0025721 secs] 180780K->43948K(494976K), 0.0026369 secs] [Times: user=0.00 sys=0.00, real=0.00 secs] 
19:46:19.643 [Curator-PathChildrenCache-0] ERROR o.a.c.f.r.c.PathChildrenCache  - 
java.lang.IllegalStateException: instance must be started before calling this method
	at org.apache.curator.shaded.com.google.common.base.Preconditions.checkState(Preconditions.java:444)
	at org.apache.curator.framework.imps.CuratorFrameworkImpl.getChildren(CuratorFrameworkImpl.java:456)
	at org.apache.curator.framework.recipes.cache.PathChildrenCache.refresh(PathChildrenCache.java:521)
	at org.apache.curator.framework.recipes.cache.RefreshOperation.invoke(RefreshOperation.java:35)
	at org.apache.curator.framework.recipes.cache.PathChildrenCache$9.run(PathChildrenCache.java:786)
	at java.util.concurrent.Executors$RunnableAdapter.call(Executors.java:511)
	at java.util.concurrent.FutureTask.run(FutureTask.java:266)
	at java.util.concurrent.Executors$RunnableAdapter.call(Executors.java:511)
	at java.util.concurrent.FutureTask.run(FutureTask.java:266)
	at java.util.concurrent.ThreadPoolExecutor.runWorker(ThreadPoolExecutor.java:1149)
	at java.util.concurrent.ThreadPoolExecutor$Worker.run(ThreadPoolExecutor.java:624)
	at java.lang.Thread.run(Thread.java:748)
Heap
 def new generation   total 153600K, used 114191K [0x00000000e0c00000, 0x00000000eb2a0000, 0x00000000eb2a0000)
  eden space 136576K,  83% used [0x00000000e0c00000, 0x00000000e7b27018, 0x00000000e9160000)
  from space 17024K,   2% used [0x00000000e9160000, 0x00000000e91bce78, 0x00000000ea200000)
  to   space 17024K,   0% used [0x00000000ea200000, 0x00000000ea200000, 0x00000000eb2a0000)
 tenured generation   total 341376K, used 43576K [0x00000000eb2a0000, 0x0000000100000000, 0x0000000100000000)
   the space 341376K,  12% used [0x00000000eb2a0000, 0x00000000edd2e2f0, 0x00000000edd2e400, 0x0000000100000000)
 Metaspace       used 36403K, capacity 37422K, committed 37720K, reserved 1081344K
  class space    used 4919K, capacity 5131K, committed 5208K, reserved 1048576K
