14:48:57,291 |-INFO in ch.qos.logback.classic.LoggerContext[default] - Could NOT find resource [logback-test.xml]
14:48:57,291 |-INFO in ch.qos.logback.classic.LoggerContext[default] - Could NOT find resource [logback.groovy]
14:48:57,292 |-INFO in ch.qos.logback.classic.LoggerContext[default] - Found resource [logback.xml] at [jar:file:/root/flamestream/lib/flamestream-runtime-1.0-SNAPSHOT.jar!/logback.xml]
14:48:57,292 |-WARN in ch.qos.logback.classic.LoggerContext[default] - Resource [logback.xml] occurs multiple times on the classpath.
14:48:57,293 |-WARN in ch.qos.logback.classic.LoggerContext[default] - Resource [logback.xml] occurs at [jar:file:/root/flamestream/lib/flamestream-runtime-1.0-SNAPSHOT.jar!/logback.xml]
14:48:57,293 |-WARN in ch.qos.logback.classic.LoggerContext[default] - Resource [logback.xml] occurs at [jar:file:/root/flamestream/flamestream-runtime-1.0-SNAPSHOT.jar!/logback.xml]
14:48:57,312 |-INFO in ch.qos.logback.core.joran.spi.ConfigurationWatchList@3fb6a447 - URL [jar:file:/root/flamestream/lib/flamestream-runtime-1.0-SNAPSHOT.jar!/logback.xml] is not of type file
14:48:57,380 |-INFO in ch.qos.logback.classic.joran.action.ConfigurationAction - debug attribute not set
14:48:57,380 |-INFO in ch.qos.logback.core.joran.action.AppenderAction - About to instantiate appender of type [ch.qos.logback.core.ConsoleAppender]
14:48:57,397 |-INFO in ch.qos.logback.core.joran.action.AppenderAction - Naming appender as [STDOUT]
14:48:57,415 |-INFO in ch.qos.logback.core.joran.action.NestedComplexPropertyIA - Assuming default type [ch.qos.logback.classic.encoder.PatternLayoutEncoder] for [encoder] property
14:48:57,502 |-INFO in ch.qos.logback.core.joran.action.AppenderAction - About to instantiate appender of type [ch.qos.logback.core.rolling.RollingFileAppender]
14:48:57,510 |-INFO in ch.qos.logback.core.joran.action.AppenderAction - Naming appender as [FILE]
14:48:57,542 |-INFO in c.q.l.core.rolling.TimeBasedRollingPolicy@127618319 - No compression will be used
14:48:57,543 |-INFO in c.q.l.core.rolling.TimeBasedRollingPolicy@127618319 - Will use the pattern /tmp/application_%d{yyyy-MM-dd}.%i.log for the active file
14:48:57,546 |-INFO in ch.qos.logback.core.rolling.SizeAndTimeBasedFNATP@6b2fad11 - The date pattern is 'yyyy-MM-dd' from file name pattern '/tmp/application_%d{yyyy-MM-dd}.%i.log'.
14:48:57,546 |-INFO in ch.qos.logback.core.rolling.SizeAndTimeBasedFNATP@6b2fad11 - Roll-over at midnight.
14:48:57,552 |-INFO in ch.qos.logback.core.rolling.SizeAndTimeBasedFNATP@6b2fad11 - Setting initial period to Mon Jun 10 14:47:41 UTC 2019
14:48:57,552 |-WARN in ch.qos.logback.core.rolling.SizeAndTimeBasedFNATP@6b2fad11 - SizeAndTimeBasedFNATP is deprecated. Use SizeAndTimeBasedRollingPolicy instead
14:48:57,552 |-WARN in ch.qos.logback.core.rolling.SizeAndTimeBasedFNATP@6b2fad11 - For more information see http://logback.qos.ch/manual/appenders.html#SizeAndTimeBasedRollingPolicy
14:48:57,557 |-INFO in ch.qos.logback.core.joran.action.NestedComplexPropertyIA - Assuming default type [ch.qos.logback.classic.encoder.PatternLayoutEncoder] for [encoder] property
14:48:57,561 |-INFO in ch.qos.logback.core.rolling.RollingFileAppender[FILE] - Active log file name: /tmp/application.log
14:48:57,561 |-INFO in ch.qos.logback.core.rolling.RollingFileAppender[FILE] - File property is set to [/tmp/application.log]
14:48:57,562 |-INFO in ch.qos.logback.classic.joran.action.RootLoggerAction - Setting level of ROOT logger to WARN
14:48:57,562 |-INFO in ch.qos.logback.core.joran.action.AppenderRefAction - Attaching appender named [STDOUT] to Logger[ROOT]
14:48:57,564 |-INFO in ch.qos.logback.core.joran.action.AppenderRefAction - Attaching appender named [FILE] to Logger[ROOT]
14:48:57,565 |-INFO in ch.qos.logback.classic.joran.action.ConfigurationAction - End of configuration.
14:48:57,565 |-INFO in ch.qos.logback.classic.joran.JoranConfigurator@79698539 - Registering current configuration as safe fallback point

Ama winner
Ama winner
2019-06-10T14:48:58.927+0000: 1.824: [Full GC (Metadata GC Threshold) 2019-06-10T14:48:58.927+0000: 1.824: [Tenured: 0K->15208K(341376K), 0.0416467 secs] 114923K->15208K(494976K), [Metaspace: 20738K->20738K(1067008K)], 0.0417186 secs] [Times: user=0.04 sys=0.00, real=0.04 secs] 
14:49:21.595 [Curator-PathChildrenCache-2] WARN  o.a.c.u.ZKPaths  - The version of ZooKeeper being used doesn't support Container nodes. CreateMode.PERSISTENT will be used instead.
2019-06-10T14:49:23.869+0000: 26.767: [GC (Allocation Failure) 2019-06-10T14:49:23.869+0000: 26.767: [DefNew: 117638K->17023K(153600K), 0.0187069 secs] 132846K->33444K(494976K), 0.0187722 secs] [Times: user=0.01 sys=0.01, real=0.02 secs] 
2019-06-10T14:49:24.553+0000: 27.451: [Full GC (Metadata GC Threshold) 2019-06-10T14:49:24.553+0000: 27.451: [Tenured: 16420K->45068K(341376K), 0.0806864 secs] 74052K->45068K(494976K), [Metaspace: 34575K->34575K(1079296K)], 0.0807728 secs] [Times: user=0.07 sys=0.00, real=0.09 secs] 
2019-06-10T14:49:28.714+0000: 31.611: [GC (Allocation Failure) 2019-06-10T14:49:28.714+0000: 31.611: [DefNew: 136576K->221K(153600K), 0.0023989 secs] 181644K->45289K(494976K), 0.0024865 secs] [Times: user=0.01 sys=0.00, real=0.00 secs] 
2019-06-10T14:49:32.769+0000: 35.667: [GC (Allocation Failure) 2019-06-10T14:49:32.769+0000: 35.667: [DefNew: 136797K->252K(153600K), 0.0021953 secs] 181865K->45320K(494976K), 0.0022608 secs] [Times: user=0.00 sys=0.01, real=0.00 secs] 
2019-06-10T14:49:36.662+0000: 39.560: [GC (Allocation Failure) 2019-06-10T14:49:36.662+0000: 39.560: [DefNew: 136828K->257K(153600K), 0.0020714 secs] 181896K->45326K(494976K), 0.0021325 secs] [Times: user=0.00 sys=0.00, real=0.00 secs] 
2019-06-10T14:49:40.623+0000: 43.521: [GC (Allocation Failure) 2019-06-10T14:49:40.623+0000: 43.521: [DefNew: 136833K->258K(153600K), 0.0021406 secs] 181902K->45326K(494976K), 0.0022016 secs] [Times: user=0.00 sys=0.00, real=0.01 secs] 
2019-06-10T14:49:44.427+0000: 47.325: [GC (Allocation Failure) 2019-06-10T14:49:44.427+0000: 47.325: [DefNew: 136834K->257K(153600K), 0.0021772 secs] 181902K->45325K(494976K), 0.0022368 secs] [Times: user=0.01 sys=0.00, real=0.00 secs] 
2019-06-10T14:49:48.250+0000: 51.147: [GC (Allocation Failure) 2019-06-10T14:49:48.250+0000: 51.147: [DefNew: 136833K->270K(153600K), 0.0021889 secs] 181901K->45338K(494976K), 0.0022505 secs] [Times: user=0.00 sys=0.00, real=0.00 secs] 
2019-06-10T14:49:51.999+0000: 54.896: [GC (Allocation Failure) 2019-06-10T14:49:51.999+0000: 54.896: [DefNew: 136846K->256K(153600K), 0.0021530 secs] 181914K->45324K(494976K), 0.0022152 secs] [Times: user=0.00 sys=0.00, real=0.00 secs] 
14:50:03.996 [Curator-PathChildrenCache-0] ERROR o.a.c.f.r.c.PathChildrenCache  - 
java.lang.IllegalStateException: instance must be started before calling this method
	at org.apache.curator.shaded.com.google.common.base.Preconditions.checkState(Preconditions.java:444)
	at org.apache.curator.framework.imps.CuratorFrameworkImpl.getChildren(CuratorFrameworkImpl.java:456)
	at org.apache.curator.framework.recipes.cache.PathChildrenCache.refresh(PathChildrenCache.java:521)
	at org.apache.curator.framework.recipes.cache.RefreshOperation.invoke(RefreshOperation.java:35)
	at org.apache.curator.framework.recipes.cache.PathChildrenCache$9.run(PathChildrenCache.java:786)
	at java.util.concurrent.Executors$RunnableAdapter.call(Executors.java:511)
	at java.util.concurrent.FutureTask.run(FutureTask.java:266)
	at java.util.concurrent.Executors$RunnableAdapter.call(Executors.java:511)
	at java.util.concurrent.FutureTask.run(FutureTask.java:266)
	at java.util.concurrent.ThreadPoolExecutor.runWorker(ThreadPoolExecutor.java:1149)
	at java.util.concurrent.ThreadPoolExecutor$Worker.run(ThreadPoolExecutor.java:624)
	at java.lang.Thread.run(Thread.java:748)
Heap
 def new generation   total 153600K, used 94608K [0x00000000e0c00000, 0x00000000eb2a0000, 0x00000000eb2a0000)
  eden space 136576K,  69% used [0x00000000e0c00000, 0x00000000e6824238, 0x00000000e9160000)
  from space 17024K,   1% used [0x00000000e9160000, 0x00000000e91a0008, 0x00000000ea200000)
  to   space 17024K,   0% used [0x00000000ea200000, 0x00000000ea200000, 0x00000000eb2a0000)
 tenured generation   total 341376K, used 45068K [0x00000000eb2a0000, 0x0000000100000000, 0x0000000100000000)
   the space 341376K,  13% used [0x00000000eb2a0000, 0x00000000edea30a0, 0x00000000edea3200, 0x0000000100000000)
 Metaspace       used 36407K, capacity 37378K, committed 37760K, reserved 1081344K
  class space    used 4900K, capacity 5123K, committed 5248K, reserved 1048576K
