15:15:37,043 |-INFO in ch.qos.logback.classic.LoggerContext[default] - Could NOT find resource [logback-test.xml]
15:15:37,043 |-INFO in ch.qos.logback.classic.LoggerContext[default] - Could NOT find resource [logback.groovy]
15:15:37,043 |-INFO in ch.qos.logback.classic.LoggerContext[default] - Found resource [logback.xml] at [jar:file:/root/flamestream/lib/flamestream-runtime-1.0-SNAPSHOT.jar!/logback.xml]
15:15:37,044 |-WARN in ch.qos.logback.classic.LoggerContext[default] - Resource [logback.xml] occurs multiple times on the classpath.
15:15:37,044 |-WARN in ch.qos.logback.classic.LoggerContext[default] - Resource [logback.xml] occurs at [jar:file:/root/flamestream/lib/flamestream-runtime-1.0-SNAPSHOT.jar!/logback.xml]
15:15:37,044 |-WARN in ch.qos.logback.classic.LoggerContext[default] - Resource [logback.xml] occurs at [jar:file:/root/flamestream/flamestream-runtime-1.0-SNAPSHOT.jar!/logback.xml]
15:15:37,064 |-INFO in ch.qos.logback.core.joran.spi.ConfigurationWatchList@3fb6a447 - URL [jar:file:/root/flamestream/lib/flamestream-runtime-1.0-SNAPSHOT.jar!/logback.xml] is not of type file
15:15:37,135 |-INFO in ch.qos.logback.classic.joran.action.ConfigurationAction - debug attribute not set
15:15:37,135 |-INFO in ch.qos.logback.core.joran.action.AppenderAction - About to instantiate appender of type [ch.qos.logback.core.ConsoleAppender]
15:15:37,154 |-INFO in ch.qos.logback.core.joran.action.AppenderAction - Naming appender as [STDOUT]
15:15:37,171 |-INFO in ch.qos.logback.core.joran.action.NestedComplexPropertyIA - Assuming default type [ch.qos.logback.classic.encoder.PatternLayoutEncoder] for [encoder] property
15:15:37,263 |-INFO in ch.qos.logback.core.joran.action.AppenderAction - About to instantiate appender of type [ch.qos.logback.core.rolling.RollingFileAppender]
15:15:37,269 |-INFO in ch.qos.logback.core.joran.action.AppenderAction - Naming appender as [FILE]
15:15:37,301 |-INFO in c.q.l.core.rolling.TimeBasedRollingPolicy@127618319 - No compression will be used
15:15:37,302 |-INFO in c.q.l.core.rolling.TimeBasedRollingPolicy@127618319 - Will use the pattern /tmp/application_%d{yyyy-MM-dd}.%i.log for the active file
15:15:37,305 |-INFO in ch.qos.logback.core.rolling.SizeAndTimeBasedFNATP@6b2fad11 - The date pattern is 'yyyy-MM-dd' from file name pattern '/tmp/application_%d{yyyy-MM-dd}.%i.log'.
15:15:37,305 |-INFO in ch.qos.logback.core.rolling.SizeAndTimeBasedFNATP@6b2fad11 - Roll-over at midnight.
15:15:37,311 |-INFO in ch.qos.logback.core.rolling.SizeAndTimeBasedFNATP@6b2fad11 - Setting initial period to Mon Jun 10 15:14:17 UTC 2019
15:15:37,311 |-WARN in ch.qos.logback.core.rolling.SizeAndTimeBasedFNATP@6b2fad11 - SizeAndTimeBasedFNATP is deprecated. Use SizeAndTimeBasedRollingPolicy instead
15:15:37,311 |-WARN in ch.qos.logback.core.rolling.SizeAndTimeBasedFNATP@6b2fad11 - For more information see http://logback.qos.ch/manual/appenders.html#SizeAndTimeBasedRollingPolicy
15:15:37,315 |-INFO in ch.qos.logback.core.joran.action.NestedComplexPropertyIA - Assuming default type [ch.qos.logback.classic.encoder.PatternLayoutEncoder] for [encoder] property
15:15:37,320 |-INFO in ch.qos.logback.core.rolling.RollingFileAppender[FILE] - Active log file name: /tmp/application.log
15:15:37,320 |-INFO in ch.qos.logback.core.rolling.RollingFileAppender[FILE] - File property is set to [/tmp/application.log]
15:15:37,321 |-INFO in ch.qos.logback.classic.joran.action.RootLoggerAction - Setting level of ROOT logger to WARN
15:15:37,321 |-INFO in ch.qos.logback.core.joran.action.AppenderRefAction - Attaching appender named [STDOUT] to Logger[ROOT]
15:15:37,323 |-INFO in ch.qos.logback.core.joran.action.AppenderRefAction - Attaching appender named [FILE] to Logger[ROOT]
15:15:37,323 |-INFO in ch.qos.logback.classic.joran.action.ConfigurationAction - End of configuration.
15:15:37,323 |-INFO in ch.qos.logback.classic.joran.JoranConfigurator@79698539 - Registering current configuration as safe fallback point

Ama winner
Ama winner
2019-06-10T15:15:38.950+0000: 2.098: [Full GC (Metadata GC Threshold) 2019-06-10T15:15:38.950+0000: 2.098: [Tenured: 0K->15241K(341376K), 0.0382586 secs] 117783K->15241K(494976K), [Metaspace: 20741K->20741K(1067008K)], 0.0383258 secs] [Times: user=0.04 sys=0.00, real=0.04 secs] 
15:15:51.415 [Curator-PathChildrenCache-1] WARN  o.a.c.u.ZKPaths  - The version of ZooKeeper being used doesn't support Container nodes. CreateMode.PERSISTENT will be used instead.
2019-06-10T15:15:53.813+0000: 16.961: [GC (Allocation Failure) 2019-06-10T15:15:53.813+0000: 16.961: [DefNew: 136576K->17023K(153600K), 0.0252248 secs] 151817K->52776K(494976K), 0.0252943 secs] [Times: user=0.02 sys=0.00, real=0.03 secs] 
2019-06-10T15:15:55.135+0000: 18.284: [Full GC (Metadata GC Threshold) 2019-06-10T15:15:55.135+0000: 18.284: [Tenured: 35752K->44462K(341376K), 0.0417765 secs] 82164K->44462K(494976K), [Metaspace: 34598K->34598K(1079296K)], 0.0418543 secs] [Times: user=0.05 sys=0.00, real=0.04 secs] 
2019-06-10T15:16:01.886+0000: 25.034: [GC (Allocation Failure) 2019-06-10T15:16:01.886+0000: 25.034: [DefNew: 136576K->98K(153600K), 0.0019280 secs] 181038K->44560K(494976K), 0.0020093 secs] [Times: user=0.00 sys=0.00, real=0.01 secs] 
2019-06-10T15:16:08.601+0000: 31.749: [GC (Allocation Failure) 2019-06-10T15:16:08.601+0000: 31.749: [DefNew: 136674K->133K(153600K), 0.0017453 secs] 181136K->44595K(494976K), 0.0018015 secs] [Times: user=0.00 sys=0.00, real=0.00 secs] 
2019-06-10T15:16:15.277+0000: 38.425: [GC (Allocation Failure) 2019-06-10T15:16:15.277+0000: 38.425: [DefNew: 136709K->162K(153600K), 0.0017620 secs] 181171K->44624K(494976K), 0.0018301 secs] [Times: user=0.00 sys=0.00, real=0.00 secs] 
2019-06-10T15:16:21.909+0000: 45.058: [GC (Allocation Failure) 2019-06-10T15:16:21.909+0000: 45.058: [DefNew: 136738K->199K(153600K), 0.0018220 secs] 181200K->44661K(494976K), 0.0018842 secs] [Times: user=0.00 sys=0.00, real=0.00 secs] 
2019-06-10T15:16:28.574+0000: 51.722: [GC (Allocation Failure) 2019-06-10T15:16:28.574+0000: 51.722: [DefNew: 136775K->194K(153600K), 0.0018070 secs] 181237K->44657K(494976K), 0.0018679 secs] [Times: user=0.00 sys=0.00, real=0.01 secs] 
15:16:39.644 [Curator-PathChildrenCache-0] ERROR o.a.c.f.r.c.PathChildrenCache  - 
java.lang.IllegalStateException: instance must be started before calling this method
	at org.apache.curator.shaded.com.google.common.base.Preconditions.checkState(Preconditions.java:444)
	at org.apache.curator.framework.imps.CuratorFrameworkImpl.getChildren(CuratorFrameworkImpl.java:456)
	at org.apache.curator.framework.recipes.cache.PathChildrenCache.refresh(PathChildrenCache.java:521)
	at org.apache.curator.framework.recipes.cache.RefreshOperation.invoke(RefreshOperation.java:35)
	at org.apache.curator.framework.recipes.cache.PathChildrenCache$9.run(PathChildrenCache.java:786)
	at java.util.concurrent.Executors$RunnableAdapter.call(Executors.java:511)
	at java.util.concurrent.FutureTask.run(FutureTask.java:266)
	at java.util.concurrent.Executors$RunnableAdapter.call(Executors.java:511)
	at java.util.concurrent.FutureTask.run(FutureTask.java:266)
	at java.util.concurrent.ThreadPoolExecutor.runWorker(ThreadPoolExecutor.java:1149)
	at java.util.concurrent.ThreadPoolExecutor$Worker.run(ThreadPoolExecutor.java:624)
	at java.lang.Thread.run(Thread.java:748)
Heap
 def new generation   total 153600K, used 99433K [0x00000000e0c00000, 0x00000000eb2a0000, 0x00000000eb2a0000)
  eden space 136576K,  72% used [0x00000000e0c00000, 0x00000000e6ce9a68, 0x00000000e9160000)
  from space 17024K,   1% used [0x00000000e9160000, 0x00000000e9190bd8, 0x00000000ea200000)
  to   space 17024K,   0% used [0x00000000ea200000, 0x00000000ea200000, 0x00000000eb2a0000)
 tenured generation   total 341376K, used 44462K [0x00000000eb2a0000, 0x0000000100000000, 0x0000000100000000)
   the space 341376K,  13% used [0x00000000eb2a0000, 0x00000000ede0b880, 0x00000000ede0ba00, 0x0000000100000000)
 Metaspace       used 36134K, capacity 37062K, committed 37376K, reserved 1081344K
  class space    used 4868K, capacity 5075K, committed 5120K, reserved 1048576K
