17:08:13,588 |-INFO in ch.qos.logback.classic.LoggerContext[default] - Could NOT find resource [logback-test.xml]
17:08:13,588 |-INFO in ch.qos.logback.classic.LoggerContext[default] - Could NOT find resource [logback.groovy]
17:08:13,589 |-INFO in ch.qos.logback.classic.LoggerContext[default] - Found resource [logback.xml] at [jar:file:/root/flamestream/lib/flamestream-runtime-1.0-SNAPSHOT.jar!/logback.xml]
17:08:13,589 |-WARN in ch.qos.logback.classic.LoggerContext[default] - Resource [logback.xml] occurs multiple times on the classpath.
17:08:13,590 |-WARN in ch.qos.logback.classic.LoggerContext[default] - Resource [logback.xml] occurs at [jar:file:/root/flamestream/lib/flamestream-runtime-1.0-SNAPSHOT.jar!/logback.xml]
17:08:13,590 |-WARN in ch.qos.logback.classic.LoggerContext[default] - Resource [logback.xml] occurs at [jar:file:/root/flamestream/flamestream-runtime-1.0-SNAPSHOT.jar!/logback.xml]
17:08:13,609 |-INFO in ch.qos.logback.core.joran.spi.ConfigurationWatchList@3fb6a447 - URL [jar:file:/root/flamestream/lib/flamestream-runtime-1.0-SNAPSHOT.jar!/logback.xml] is not of type file
17:08:13,673 |-INFO in ch.qos.logback.classic.joran.action.ConfigurationAction - debug attribute not set
17:08:13,674 |-INFO in ch.qos.logback.core.joran.action.AppenderAction - About to instantiate appender of type [ch.qos.logback.core.ConsoleAppender]
17:08:13,690 |-INFO in ch.qos.logback.core.joran.action.AppenderAction - Naming appender as [STDOUT]
17:08:13,709 |-INFO in ch.qos.logback.core.joran.action.NestedComplexPropertyIA - Assuming default type [ch.qos.logback.classic.encoder.PatternLayoutEncoder] for [encoder] property
17:08:13,790 |-INFO in ch.qos.logback.core.joran.action.AppenderAction - About to instantiate appender of type [ch.qos.logback.core.rolling.RollingFileAppender]
17:08:13,797 |-INFO in ch.qos.logback.core.joran.action.AppenderAction - Naming appender as [FILE]
17:08:13,826 |-INFO in c.q.l.core.rolling.TimeBasedRollingPolicy@127618319 - No compression will be used
17:08:13,828 |-INFO in c.q.l.core.rolling.TimeBasedRollingPolicy@127618319 - Will use the pattern /tmp/application_%d{yyyy-MM-dd}.%i.log for the active file
17:08:13,831 |-INFO in ch.qos.logback.core.rolling.SizeAndTimeBasedFNATP@6b2fad11 - The date pattern is 'yyyy-MM-dd' from file name pattern '/tmp/application_%d{yyyy-MM-dd}.%i.log'.
17:08:13,831 |-INFO in ch.qos.logback.core.rolling.SizeAndTimeBasedFNATP@6b2fad11 - Roll-over at midnight.
17:08:13,836 |-INFO in ch.qos.logback.core.rolling.SizeAndTimeBasedFNATP@6b2fad11 - Setting initial period to Mon Jun 10 17:06:54 UTC 2019
17:08:13,836 |-WARN in ch.qos.logback.core.rolling.SizeAndTimeBasedFNATP@6b2fad11 - SizeAndTimeBasedFNATP is deprecated. Use SizeAndTimeBasedRollingPolicy instead
17:08:13,836 |-WARN in ch.qos.logback.core.rolling.SizeAndTimeBasedFNATP@6b2fad11 - For more information see http://logback.qos.ch/manual/appenders.html#SizeAndTimeBasedRollingPolicy
17:08:13,840 |-INFO in ch.qos.logback.core.joran.action.NestedComplexPropertyIA - Assuming default type [ch.qos.logback.classic.encoder.PatternLayoutEncoder] for [encoder] property
17:08:13,844 |-INFO in ch.qos.logback.core.rolling.RollingFileAppender[FILE] - Active log file name: /tmp/application.log
17:08:13,844 |-INFO in ch.qos.logback.core.rolling.RollingFileAppender[FILE] - File property is set to [/tmp/application.log]
17:08:13,845 |-INFO in ch.qos.logback.classic.joran.action.RootLoggerAction - Setting level of ROOT logger to WARN
17:08:13,845 |-INFO in ch.qos.logback.core.joran.action.AppenderRefAction - Attaching appender named [STDOUT] to Logger[ROOT]
17:08:13,847 |-INFO in ch.qos.logback.core.joran.action.AppenderRefAction - Attaching appender named [FILE] to Logger[ROOT]
17:08:13,847 |-INFO in ch.qos.logback.classic.joran.action.ConfigurationAction - End of configuration.
17:08:13,848 |-INFO in ch.qos.logback.classic.joran.JoranConfigurator@79698539 - Registering current configuration as safe fallback point

Ama winner
Ama winner
2019-06-10T17:08:15.142+0000: 1.739: [Full GC (Metadata GC Threshold) 2019-06-10T17:08:15.142+0000: 1.739: [Tenured: 0K->15242K(341376K), 0.0402125 secs] 114923K->15242K(494976K), [Metaspace: 20737K->20737K(1067008K)], 0.0402765 secs] [Times: user=0.03 sys=0.01, real=0.04 secs] 
17:08:36.310 [Curator-PathChildrenCache-1] WARN  o.a.c.u.ZKPaths  - The version of ZooKeeper being used doesn't support Container nodes. CreateMode.PERSISTENT will be used instead.
2019-06-10T17:08:38.783+0000: 25.380: [GC (Allocation Failure) 2019-06-10T17:08:38.783+0000: 25.380: [DefNew: 136576K->17023K(153600K), 0.0259317 secs] 151818K->52713K(494976K), 0.0260012 secs] [Times: user=0.01 sys=0.01, real=0.03 secs] 
2019-06-10T17:08:40.233+0000: 26.830: [Full GC (Metadata GC Threshold) 2019-06-10T17:08:40.233+0000: 26.830: [Tenured: 35689K->44484K(341376K), 0.0404371 secs] 84639K->44484K(494976K), [Metaspace: 34580K->34580K(1079296K)], 0.0405105 secs] [Times: user=0.04 sys=0.00, real=0.04 secs] 
2019-06-10T17:08:46.651+0000: 33.248: [GC (Allocation Failure) 2019-06-10T17:08:46.652+0000: 33.248: [DefNew: 136576K->100K(153600K), 0.0019814 secs] 181060K->44584K(494976K), 0.0031695 secs] [Times: user=0.00 sys=0.00, real=0.00 secs] 
2019-06-10T17:08:53.074+0000: 39.670: [GC (Allocation Failure) 2019-06-10T17:08:53.074+0000: 39.670: [DefNew: 136676K->131K(153600K), 0.0019678 secs] 181160K->44616K(494976K), 0.0020286 secs] [Times: user=0.00 sys=0.00, real=0.01 secs] 
2019-06-10T17:08:59.528+0000: 46.124: [GC (Allocation Failure) 2019-06-10T17:08:59.528+0000: 46.124: [DefNew: 136707K->135K(153600K), 0.0017983 secs] 181192K->44620K(494976K), 0.0018593 secs] [Times: user=0.00 sys=0.00, real=0.00 secs] 
2019-06-10T17:09:06.093+0000: 52.689: [GC (Allocation Failure) 2019-06-10T17:09:06.093+0000: 52.689: [DefNew: 136711K->137K(153600K), 0.0018538 secs] 181196K->44622K(494976K), 0.0019336 secs] [Times: user=0.00 sys=0.00, real=0.01 secs] 
2019-06-10T17:09:12.581+0000: 59.177: [GC (Allocation Failure) 2019-06-10T17:09:12.581+0000: 59.177: [DefNew: 136713K->133K(153600K), 0.0018035 secs] 181198K->44618K(494976K), 0.0018629 secs] [Times: user=0.00 sys=0.00, real=0.00 secs] 
17:09:25.675 [Curator-PathChildrenCache-0] ERROR o.a.c.f.r.c.PathChildrenCache  - 
java.lang.IllegalStateException: instance must be started before calling this method
	at org.apache.curator.shaded.com.google.common.base.Preconditions.checkState(Preconditions.java:444)
	at org.apache.curator.framework.imps.CuratorFrameworkImpl.getChildren(CuratorFrameworkImpl.java:456)
	at org.apache.curator.framework.recipes.cache.PathChildrenCache.refresh(PathChildrenCache.java:521)
	at org.apache.curator.framework.recipes.cache.RefreshOperation.invoke(RefreshOperation.java:35)
	at org.apache.curator.framework.recipes.cache.PathChildrenCache$9.run(PathChildrenCache.java:786)
	at java.util.concurrent.Executors$RunnableAdapter.call(Executors.java:511)
	at java.util.concurrent.FutureTask.run(FutureTask.java:266)
	at java.util.concurrent.Executors$RunnableAdapter.call(Executors.java:511)
	at java.util.concurrent.FutureTask.run(FutureTask.java:266)
	at java.util.concurrent.ThreadPoolExecutor.runWorker(ThreadPoolExecutor.java:1149)
	at java.util.concurrent.ThreadPoolExecutor$Worker.run(ThreadPoolExecutor.java:624)
	at java.lang.Thread.run(Thread.java:748)
Heap
 def new generation   total 153600K, used 130946K [0x00000000e0c00000, 0x00000000eb2a0000, 0x00000000eb2a0000)
  eden space 136576K,  95% used [0x00000000e0c00000, 0x00000000e8bbf0b8, 0x00000000e9160000)
  from space 17024K,   0% used [0x00000000e9160000, 0x00000000e9181768, 0x00000000ea200000)
  to   space 17024K,   0% used [0x00000000ea200000, 0x00000000ea200000, 0x00000000eb2a0000)
 tenured generation   total 341376K, used 44484K [0x00000000eb2a0000, 0x0000000100000000, 0x0000000100000000)
   the space 341376K,  13% used [0x00000000eb2a0000, 0x00000000ede11308, 0x00000000ede11400, 0x0000000100000000)
 Metaspace       used 36222K, capacity 37126K, committed 37376K, reserved 1081344K
  class space    used 4871K, capacity 5075K, committed 5120K, reserved 1048576K
