19:42:20,741 |-INFO in ch.qos.logback.classic.LoggerContext[default] - Could NOT find resource [logback-test.xml]
19:42:20,741 |-INFO in ch.qos.logback.classic.LoggerContext[default] - Could NOT find resource [logback.groovy]
19:42:20,741 |-INFO in ch.qos.logback.classic.LoggerContext[default] - Found resource [logback.xml] at [jar:file:/root/flamestream/lib/flamestream-runtime-1.0-SNAPSHOT.jar!/logback.xml]
19:42:20,742 |-WARN in ch.qos.logback.classic.LoggerContext[default] - Resource [logback.xml] occurs multiple times on the classpath.
19:42:20,746 |-WARN in ch.qos.logback.classic.LoggerContext[default] - Resource [logback.xml] occurs at [jar:file:/root/flamestream/lib/flamestream-runtime-1.0-SNAPSHOT.jar!/logback.xml]
19:42:20,746 |-WARN in ch.qos.logback.classic.LoggerContext[default] - Resource [logback.xml] occurs at [jar:file:/root/flamestream/flamestream-runtime-1.0-SNAPSHOT.jar!/logback.xml]
19:42:20,765 |-INFO in ch.qos.logback.core.joran.spi.ConfigurationWatchList@3fb6a447 - URL [jar:file:/root/flamestream/lib/flamestream-runtime-1.0-SNAPSHOT.jar!/logback.xml] is not of type file
19:42:20,832 |-INFO in ch.qos.logback.classic.joran.action.ConfigurationAction - debug attribute not set
19:42:20,833 |-INFO in ch.qos.logback.core.joran.action.AppenderAction - About to instantiate appender of type [ch.qos.logback.core.ConsoleAppender]
19:42:20,849 |-INFO in ch.qos.logback.core.joran.action.AppenderAction - Naming appender as [STDOUT]
19:42:20,869 |-INFO in ch.qos.logback.core.joran.action.NestedComplexPropertyIA - Assuming default type [ch.qos.logback.classic.encoder.PatternLayoutEncoder] for [encoder] property
19:42:20,966 |-INFO in ch.qos.logback.core.joran.action.AppenderAction - About to instantiate appender of type [ch.qos.logback.core.rolling.RollingFileAppender]
19:42:20,974 |-INFO in ch.qos.logback.core.joran.action.AppenderAction - Naming appender as [FILE]
19:42:21,003 |-INFO in c.q.l.core.rolling.TimeBasedRollingPolicy@127618319 - No compression will be used
19:42:21,004 |-INFO in c.q.l.core.rolling.TimeBasedRollingPolicy@127618319 - Will use the pattern /tmp/application_%d{yyyy-MM-dd}.%i.log for the active file
19:42:21,007 |-INFO in ch.qos.logback.core.rolling.SizeAndTimeBasedFNATP@6b2fad11 - The date pattern is 'yyyy-MM-dd' from file name pattern '/tmp/application_%d{yyyy-MM-dd}.%i.log'.
19:42:21,007 |-INFO in ch.qos.logback.core.rolling.SizeAndTimeBasedFNATP@6b2fad11 - Roll-over at midnight.
19:42:21,012 |-INFO in ch.qos.logback.core.rolling.SizeAndTimeBasedFNATP@6b2fad11 - Setting initial period to Mon Jun 10 19:41:01 UTC 2019
19:42:21,012 |-WARN in ch.qos.logback.core.rolling.SizeAndTimeBasedFNATP@6b2fad11 - SizeAndTimeBasedFNATP is deprecated. Use SizeAndTimeBasedRollingPolicy instead
19:42:21,012 |-WARN in ch.qos.logback.core.rolling.SizeAndTimeBasedFNATP@6b2fad11 - For more information see http://logback.qos.ch/manual/appenders.html#SizeAndTimeBasedRollingPolicy
19:42:21,016 |-INFO in ch.qos.logback.core.joran.action.NestedComplexPropertyIA - Assuming default type [ch.qos.logback.classic.encoder.PatternLayoutEncoder] for [encoder] property
19:42:21,021 |-INFO in ch.qos.logback.core.rolling.RollingFileAppender[FILE] - Active log file name: /tmp/application.log
19:42:21,021 |-INFO in ch.qos.logback.core.rolling.RollingFileAppender[FILE] - File property is set to [/tmp/application.log]
19:42:21,022 |-INFO in ch.qos.logback.classic.joran.action.RootLoggerAction - Setting level of ROOT logger to WARN
19:42:21,022 |-INFO in ch.qos.logback.core.joran.action.AppenderRefAction - Attaching appender named [STDOUT] to Logger[ROOT]
19:42:21,024 |-INFO in ch.qos.logback.core.joran.action.AppenderRefAction - Attaching appender named [FILE] to Logger[ROOT]
19:42:21,024 |-INFO in ch.qos.logback.classic.joran.action.ConfigurationAction - End of configuration.
19:42:21,025 |-INFO in ch.qos.logback.classic.joran.JoranConfigurator@79698539 - Registering current configuration as safe fallback point

Ama winner
Ama winner
2019-06-10T19:42:22.322+0000: 1.761: [Full GC (Metadata GC Threshold) 2019-06-10T19:42:22.322+0000: 1.761: [Tenured: 0K->15241K(341376K), 0.0404667 secs] 114986K->15241K(494976K), [Metaspace: 20737K->20737K(1067008K)], 0.0405453 secs] [Times: user=0.04 sys=0.00, real=0.05 secs] 
19:42:35.322 [Curator-PathChildrenCache-1] WARN  o.a.c.u.ZKPaths  - The version of ZooKeeper being used doesn't support Container nodes. CreateMode.PERSISTENT will be used instead.
2019-06-10T19:42:37.410+0000: 16.849: [GC (Allocation Failure) 2019-06-10T19:42:37.410+0000: 16.849: [DefNew: 136576K->17024K(153600K), 0.0255131 secs] 151817K->52482K(494976K), 0.0255800 secs] [Times: user=0.00 sys=0.02, real=0.03 secs] 
2019-06-10T19:42:40.045+0000: 19.484: [Full GC (Metadata GC Threshold) 2019-06-10T19:42:40.045+0000: 19.484: [Tenured: 35458K->43957K(341376K), 0.0559914 secs] 99666K->43957K(494976K), [Metaspace: 34621K->34621K(1079296K)], 0.0560729 secs] [Times: user=0.06 sys=0.00, real=0.05 secs] 
2019-06-10T19:42:47.364+0000: 26.804: [GC (Allocation Failure) 2019-06-10T19:42:47.364+0000: 26.804: [DefNew: 136576K->124K(153600K), 0.0017968 secs] 180533K->44082K(494976K), 0.0018542 secs] [Times: user=0.00 sys=0.00, real=0.00 secs] 
2019-06-10T19:42:54.638+0000: 34.077: [GC (Allocation Failure) 2019-06-10T19:42:54.638+0000: 34.077: [DefNew: 136700K->123K(153600K), 0.0017321 secs] 180658K->44081K(494976K), 0.0017936 secs] [Times: user=0.00 sys=0.00, real=0.00 secs] 
2019-06-10T19:43:02.015+0000: 41.455: [GC (Allocation Failure) 2019-06-10T19:43:02.015+0000: 41.455: [DefNew: 136699K->159K(153600K), 0.0017495 secs] 180657K->44116K(494976K), 0.0018139 secs] [Times: user=0.00 sys=0.00, real=0.00 secs] 
2019-06-10T19:43:09.514+0000: 48.954: [GC (Allocation Failure) 2019-06-10T19:43:09.514+0000: 48.954: [DefNew: 136735K->157K(153600K), 0.0017594 secs] 180692K->44115K(494976K), 0.0018212 secs] [Times: user=0.01 sys=0.00, real=0.00 secs] 
2019-06-10T19:43:16.909+0000: 56.348: [GC (Allocation Failure) 2019-06-10T19:43:16.909+0000: 56.348: [DefNew: 136733K->158K(153600K), 0.0017969 secs] 180691K->44116K(494976K), 0.0018588 secs] [Times: user=0.00 sys=0.00, real=0.01 secs] 
19:43:27.986 [Curator-PathChildrenCache-0] ERROR o.a.c.f.r.c.PathChildrenCache  - 
java.lang.IllegalStateException: instance must be started before calling this method
	at org.apache.curator.shaded.com.google.common.base.Preconditions.checkState(Preconditions.java:444)
	at org.apache.curator.framework.imps.CuratorFrameworkImpl.getChildren(CuratorFrameworkImpl.java:456)
	at org.apache.curator.framework.recipes.cache.PathChildrenCache.refresh(PathChildrenCache.java:521)
	at org.apache.curator.framework.recipes.cache.RefreshOperation.invoke(RefreshOperation.java:35)
	at org.apache.curator.framework.recipes.cache.PathChildrenCache$9.run(PathChildrenCache.java:786)
	at java.util.concurrent.Executors$RunnableAdapter.call(Executors.java:511)
	at java.util.concurrent.FutureTask.run(FutureTask.java:266)
	at java.util.concurrent.Executors$RunnableAdapter.call(Executors.java:511)
	at java.util.concurrent.FutureTask.run(FutureTask.java:266)
	at java.util.concurrent.ThreadPoolExecutor.runWorker(ThreadPoolExecutor.java:1149)
	at java.util.concurrent.ThreadPoolExecutor$Worker.run(ThreadPoolExecutor.java:624)
	at java.lang.Thread.run(Thread.java:748)
Heap
 def new generation   total 153600K, used 72911K [0x00000000e0c00000, 0x00000000eb2a0000, 0x00000000eb2a0000)
  eden space 136576K,  53% used [0x00000000e0c00000, 0x00000000e530c348, 0x00000000e9160000)
  from space 17024K,   0% used [0x00000000e9160000, 0x00000000e9187be0, 0x00000000ea200000)
  to   space 17024K,   0% used [0x00000000ea200000, 0x00000000ea200000, 0x00000000eb2a0000)
 tenured generation   total 341376K, used 43957K [0x00000000eb2a0000, 0x0000000100000000, 0x0000000100000000)
   the space 341376K,  12% used [0x00000000eb2a0000, 0x00000000edd8d650, 0x00000000edd8d800, 0x0000000100000000)
 Metaspace       used 36089K, capacity 36986K, committed 37120K, reserved 1081344K
  class space    used 4869K, capacity 5073K, committed 5120K, reserved 1048576K
