09:53:09,059 |-INFO in ch.qos.logback.classic.LoggerContext[default] - Could NOT find resource [logback-test.xml]
09:53:09,059 |-INFO in ch.qos.logback.classic.LoggerContext[default] - Could NOT find resource [logback.groovy]
09:53:09,060 |-INFO in ch.qos.logback.classic.LoggerContext[default] - Found resource [logback.xml] at [jar:file:/home/nikitasokolov/flamestream/lib/flamestream-runtime-1.0-SNAPSHOT.jar!/logback.xml]
09:53:09,060 |-WARN in ch.qos.logback.classic.LoggerContext[default] - Resource [logback.xml] occurs multiple times on the classpath.
09:53:09,060 |-WARN in ch.qos.logback.classic.LoggerContext[default] - Resource [logback.xml] occurs at [jar:file:/home/nikitasokolov/flamestream/lib/flamestream-runtime-1.0-SNAPSHOT.jar!/logback.xml]
09:53:09,060 |-WARN in ch.qos.logback.classic.LoggerContext[default] - Resource [logback.xml] occurs at [jar:file:/home/nikitasokolov/flamestream/flamestream-runtime-1.0-SNAPSHOT.jar!/logback.xml]
09:53:09,076 |-INFO in ch.qos.logback.core.joran.spi.ConfigurationWatchList@6108b2d7 - URL [jar:file:/home/nikitasokolov/flamestream/lib/flamestream-runtime-1.0-SNAPSHOT.jar!/logback.xml] is not of type file
09:53:09,127 |-INFO in ch.qos.logback.classic.joran.action.ConfigurationAction - debug attribute not set
09:53:09,128 |-INFO in ch.qos.logback.core.joran.action.AppenderAction - About to instantiate appender of type [ch.qos.logback.core.ConsoleAppender]
09:53:09,136 |-INFO in ch.qos.logback.core.joran.action.AppenderAction - Naming appender as [STDOUT]
09:53:09,144 |-INFO in ch.qos.logback.core.joran.action.NestedComplexPropertyIA - Assuming default type [ch.qos.logback.classic.encoder.PatternLayoutEncoder] for [encoder] property
09:53:09,201 |-INFO in ch.qos.logback.core.joran.action.AppenderAction - About to instantiate appender of type [ch.qos.logback.core.rolling.RollingFileAppender]
09:53:09,206 |-INFO in ch.qos.logback.core.joran.action.AppenderAction - Naming appender as [FILE]
09:53:09,228 |-INFO in c.q.l.core.rolling.TimeBasedRollingPolicy@357863579 - No compression will be used
09:53:09,230 |-INFO in c.q.l.core.rolling.TimeBasedRollingPolicy@357863579 - Will use the pattern /tmp/application_%d{yyyy-MM-dd}.%i.log for the active file
09:53:09,233 |-INFO in ch.qos.logback.core.rolling.SizeAndTimeBasedFNATP@6bf256fa - The date pattern is 'yyyy-MM-dd' from file name pattern '/tmp/application_%d{yyyy-MM-dd}.%i.log'.
09:53:09,233 |-INFO in ch.qos.logback.core.rolling.SizeAndTimeBasedFNATP@6bf256fa - Roll-over at midnight.
09:53:09,237 |-INFO in ch.qos.logback.core.rolling.SizeAndTimeBasedFNATP@6bf256fa - Setting initial period to Sun Jun 09 09:52:24 MSK 2019
09:53:09,237 |-WARN in ch.qos.logback.core.rolling.SizeAndTimeBasedFNATP@6bf256fa - SizeAndTimeBasedFNATP is deprecated. Use SizeAndTimeBasedRollingPolicy instead
09:53:09,237 |-WARN in ch.qos.logback.core.rolling.SizeAndTimeBasedFNATP@6bf256fa - For more information see http://logback.qos.ch/manual/appenders.html#SizeAndTimeBasedRollingPolicy
09:53:09,241 |-INFO in ch.qos.logback.core.joran.action.NestedComplexPropertyIA - Assuming default type [ch.qos.logback.classic.encoder.PatternLayoutEncoder] for [encoder] property
09:53:09,244 |-INFO in ch.qos.logback.core.rolling.RollingFileAppender[FILE] - Active log file name: /tmp/application.log
09:53:09,244 |-INFO in ch.qos.logback.core.rolling.RollingFileAppender[FILE] - File property is set to [/tmp/application.log]
09:53:09,245 |-INFO in ch.qos.logback.classic.joran.action.RootLoggerAction - Setting level of ROOT logger to WARN
09:53:09,245 |-INFO in ch.qos.logback.core.joran.action.AppenderRefAction - Attaching appender named [STDOUT] to Logger[ROOT]
09:53:09,245 |-INFO in ch.qos.logback.core.joran.action.AppenderRefAction - Attaching appender named [FILE] to Logger[ROOT]
09:53:09,245 |-INFO in ch.qos.logback.classic.joran.action.ConfigurationAction - End of configuration.
09:53:09,246 |-INFO in ch.qos.logback.classic.joran.JoranConfigurator@6cd8737 - Registering current configuration as safe fallback point

2019-06-09T09:53:10.248+0300: 1.430: [GC (Metadata GC Threshold) [PSYoungGen: 110721K->15915K(149504K)] 110721K->15995K(491008K), 0.0282115 secs] [Times: user=0.08 sys=0.05, real=0.03 secs] 
2019-06-09T09:53:10.277+0300: 1.459: [Full GC (Metadata GC Threshold) [PSYoungGen: 15915K->0K(149504K)] [ParOldGen: 80K->15078K(341504K)] 15995K->15078K(491008K), [Metaspace: 20800K->20800K(1067008K)], 0.0312469 secs] [Times: user=0.20 sys=0.01, real=0.03 secs] 
09:53:21.742 [Curator-PathChildrenCache-1] WARN  o.a.c.u.ZKPaths  - The version of ZooKeeper being used doesn't support Container nodes. CreateMode.PERSISTENT will be used instead.
2019-06-09T09:53:23.242+0300: 14.424: [GC (Metadata GC Threshold) [PSYoungGen: 125761K->15842K(149504K)] 140840K->50459K(491008K), 0.0283249 secs] [Times: user=0.24 sys=0.02, real=0.03 secs] 
2019-06-09T09:53:23.270+0300: 14.452: [Full GC (Metadata GC Threshold) [PSYoungGen: 15842K->0K(149504K)] [ParOldGen: 34617K->38897K(341504K)] 50459K->38897K(491008K), [Metaspace: 34560K->34560K(1079296K)], 0.0471592 secs] [Times: user=0.19 sys=0.07, real=0.04 secs] 
2019-06-09T09:53:29.270+0300: 20.452: [GC (Allocation Failure) [PSYoungGen: 128512K->480K(149504K)] 167409K->39385K(491008K), 0.0076395 secs] [Times: user=0.06 sys=0.01, real=0.00 secs] 
2019-06-09T09:53:36.064+0300: 27.246: [GC (Allocation Failure) [PSYoungGen: 128992K->480K(149504K)] 167897K->39393K(491008K), 0.0049553 secs] [Times: user=0.03 sys=0.00, real=0.00 secs] 
2019-06-09T09:53:42.889+0300: 34.071: [GC (Allocation Failure) [PSYoungGen: 128992K->448K(129024K)] 167905K->39369K(470528K), 0.0051163 secs] [Times: user=0.03 sys=0.01, real=0.01 secs] 
2019-06-09T09:53:49.809+0300: 40.991: [GC (Allocation Failure) [PSYoungGen: 128960K->480K(150016K)] 167881K->39409K(491520K), 0.0027787 secs] [Times: user=0.00 sys=0.01, real=0.01 secs] 
2019-06-09T09:53:56.703+0300: 47.885: [GC (Allocation Failure) [PSYoungGen: 128992K->512K(148992K)] 167921K->39449K(490496K), 0.0022816 secs] [Times: user=0.02 sys=0.00, real=0.00 secs] 
2019-06-09T09:54:03.633+0300: 54.815: [GC (Allocation Failure) [PSYoungGen: 129024K->512K(151552K)] 167961K->39457K(493056K), 0.0098071 secs] [Times: user=0.10 sys=0.01, real=0.01 secs] 
2019-06-09T09:54:10.489+0300: 61.671: [GC (Allocation Failure) [PSYoungGen: 132608K->855K(151040K)] 171553K->39808K(492544K), 0.0031536 secs] [Times: user=0.02 sys=0.01, real=0.01 secs] 
2019-06-09T09:54:19.591+0300: 70.773: [GC (Allocation Failure) [PSYoungGen: 132951K->576K(153088K)] 171904K->39537K(494592K), 0.0036450 secs] [Times: user=0.02 sys=0.00, real=0.00 secs] 
2019-06-09T09:54:28.861+0300: 80.043: [GC (Allocation Failure) [PSYoungGen: 135744K->576K(152576K)] 174705K->39545K(494080K), 0.0034168 secs] [Times: user=0.02 sys=0.00, real=0.00 secs] 
2019-06-09T09:54:38.121+0300: 89.303: [GC (Allocation Failure) [PSYoungGen: 135744K->640K(155136K)] 174713K->39617K(496640K), 0.0028765 secs] [Times: user=0.01 sys=0.00, real=0.00 secs] 
09:54:51.729 [Curator-PathChildrenCache-0] ERROR o.a.c.f.r.c.PathChildrenCache  - 
java.lang.IllegalStateException: instance must be started before calling this method
	at org.apache.curator.shaded.com.google.common.base.Preconditions.checkState(Preconditions.java:444)
	at org.apache.curator.framework.imps.CuratorFrameworkImpl.getChildren(CuratorFrameworkImpl.java:456)
	at org.apache.curator.framework.recipes.cache.PathChildrenCache.refresh(PathChildrenCache.java:521)
	at org.apache.curator.framework.recipes.cache.RefreshOperation.invoke(RefreshOperation.java:35)
	at org.apache.curator.framework.recipes.cache.PathChildrenCache$9.run(PathChildrenCache.java:786)
	at java.util.concurrent.Executors$RunnableAdapter.call(Executors.java:511)
	at java.util.concurrent.FutureTask.run(FutureTask.java:266)
	at java.util.concurrent.Executors$RunnableAdapter.call(Executors.java:511)
	at java.util.concurrent.FutureTask.run(FutureTask.java:266)
	at java.util.concurrent.ThreadPoolExecutor.runWorker(ThreadPoolExecutor.java:1149)
	at java.util.concurrent.ThreadPoolExecutor$Worker.run(ThreadPoolExecutor.java:624)
	at java.lang.Thread.run(Thread.java:748)
Heap
 PSYoungGen      total 155136K, used 31811K [0x00000000f5980000, 0x0000000100000000, 0x0000000100000000)
  eden space 138752K, 22% used [0x00000000f5980000,0x00000000f77f0c18,0x00000000fe100000)
  from space 16384K, 3% used [0x00000000ff000000,0x00000000ff0a0040,0x0000000100000000)
  to   space 15360K, 0% used [0x00000000fe100000,0x00000000fe100000,0x00000000ff000000)
 ParOldGen       total 341504K, used 38977K [0x00000000e0c00000, 0x00000000f5980000, 0x00000000f5980000)
  object space 341504K, 11% used [0x00000000e0c00000,0x00000000e3210428,0x00000000f5980000)
 Metaspace       used 36120K, capacity 36958K, committed 37208K, reserved 1081344K
  class space    used 4979K, capacity 5161K, committed 5248K, reserved 1048576K
