18:21:24,012 |-INFO in ch.qos.logback.classic.LoggerContext[default] - Could NOT find resource [logback-test.xml]
18:21:24,012 |-INFO in ch.qos.logback.classic.LoggerContext[default] - Could NOT find resource [logback.groovy]
18:21:24,013 |-INFO in ch.qos.logback.classic.LoggerContext[default] - Found resource [logback.xml] at [jar:file:/root/flamestream/lib/flamestream-runtime-1.0-SNAPSHOT.jar!/logback.xml]
18:21:24,018 |-WARN in ch.qos.logback.classic.LoggerContext[default] - Resource [logback.xml] occurs multiple times on the classpath.
18:21:24,018 |-WARN in ch.qos.logback.classic.LoggerContext[default] - Resource [logback.xml] occurs at [jar:file:/root/flamestream/lib/flamestream-runtime-1.0-SNAPSHOT.jar!/logback.xml]
18:21:24,018 |-WARN in ch.qos.logback.classic.LoggerContext[default] - Resource [logback.xml] occurs at [jar:file:/root/flamestream/flamestream-runtime-1.0-SNAPSHOT.jar!/logback.xml]
18:21:24,037 |-INFO in ch.qos.logback.core.joran.spi.ConfigurationWatchList@3fb6a447 - URL [jar:file:/root/flamestream/lib/flamestream-runtime-1.0-SNAPSHOT.jar!/logback.xml] is not of type file
18:21:24,103 |-INFO in ch.qos.logback.classic.joran.action.ConfigurationAction - debug attribute not set
18:21:24,104 |-INFO in ch.qos.logback.core.joran.action.AppenderAction - About to instantiate appender of type [ch.qos.logback.core.ConsoleAppender]
18:21:24,120 |-INFO in ch.qos.logback.core.joran.action.AppenderAction - Naming appender as [STDOUT]
18:21:24,133 |-INFO in ch.qos.logback.core.joran.action.NestedComplexPropertyIA - Assuming default type [ch.qos.logback.classic.encoder.PatternLayoutEncoder] for [encoder] property
18:21:24,232 |-INFO in ch.qos.logback.core.joran.action.AppenderAction - About to instantiate appender of type [ch.qos.logback.core.rolling.RollingFileAppender]
18:21:24,243 |-INFO in ch.qos.logback.core.joran.action.AppenderAction - Naming appender as [FILE]
18:21:24,273 |-INFO in c.q.l.core.rolling.TimeBasedRollingPolicy@127618319 - No compression will be used
18:21:24,274 |-INFO in c.q.l.core.rolling.TimeBasedRollingPolicy@127618319 - Will use the pattern /tmp/application_%d{yyyy-MM-dd}.%i.log for the active file
18:21:24,277 |-INFO in ch.qos.logback.core.rolling.SizeAndTimeBasedFNATP@6b2fad11 - The date pattern is 'yyyy-MM-dd' from file name pattern '/tmp/application_%d{yyyy-MM-dd}.%i.log'.
18:21:24,277 |-INFO in ch.qos.logback.core.rolling.SizeAndTimeBasedFNATP@6b2fad11 - Roll-over at midnight.
18:21:24,285 |-INFO in ch.qos.logback.core.rolling.SizeAndTimeBasedFNATP@6b2fad11 - Setting initial period to Mon Jun 10 18:19:31 UTC 2019
18:21:24,285 |-WARN in ch.qos.logback.core.rolling.SizeAndTimeBasedFNATP@6b2fad11 - SizeAndTimeBasedFNATP is deprecated. Use SizeAndTimeBasedRollingPolicy instead
18:21:24,285 |-WARN in ch.qos.logback.core.rolling.SizeAndTimeBasedFNATP@6b2fad11 - For more information see http://logback.qos.ch/manual/appenders.html#SizeAndTimeBasedRollingPolicy
18:21:24,288 |-INFO in ch.qos.logback.core.joran.action.NestedComplexPropertyIA - Assuming default type [ch.qos.logback.classic.encoder.PatternLayoutEncoder] for [encoder] property
18:21:24,294 |-INFO in ch.qos.logback.core.rolling.RollingFileAppender[FILE] - Active log file name: /tmp/application.log
18:21:24,294 |-INFO in ch.qos.logback.core.rolling.RollingFileAppender[FILE] - File property is set to [/tmp/application.log]
18:21:24,294 |-INFO in ch.qos.logback.classic.joran.action.RootLoggerAction - Setting level of ROOT logger to WARN
18:21:24,295 |-INFO in ch.qos.logback.core.joran.action.AppenderRefAction - Attaching appender named [STDOUT] to Logger[ROOT]
18:21:24,297 |-INFO in ch.qos.logback.core.joran.action.AppenderRefAction - Attaching appender named [FILE] to Logger[ROOT]
18:21:24,297 |-INFO in ch.qos.logback.classic.joran.action.ConfigurationAction - End of configuration.
18:21:24,297 |-INFO in ch.qos.logback.classic.joran.JoranConfigurator@79698539 - Registering current configuration as safe fallback point

Ama winner
Ama winner
2019-06-10T18:21:25.560+0000: 1.727: [Full GC (Metadata GC Threshold) 2019-06-10T18:21:25.560+0000: 1.727: [Tenured: 0K->15175K(341376K), 0.0403094 secs] 114923K->15175K(494976K), [Metaspace: 20735K->20735K(1067008K)], 0.0403767 secs] [Times: user=0.04 sys=0.00, real=0.04 secs] 
18:21:41.922 [Curator-PathChildrenCache-2] WARN  o.a.c.u.ZKPaths  - The version of ZooKeeper being used doesn't support Container nodes. CreateMode.PERSISTENT will be used instead.
2019-06-10T18:21:44.494+0000: 20.660: [GC (Allocation Failure) 2019-06-10T18:21:44.494+0000: 20.660: [DefNew: 136576K->17024K(153600K), 0.0260723 secs] 151751K->52808K(494976K), 0.0261392 secs] [Times: user=0.01 sys=0.01, real=0.03 secs] 
2019-06-10T18:21:44.856+0000: 21.022: [Full GC (Metadata GC Threshold) 2019-06-10T18:21:44.856+0000: 21.022: [Tenured: 35784K->44180K(341376K), 0.0471556 secs] 69279K->44180K(494976K), [Metaspace: 34592K->34592K(1079296K)], 0.0472321 secs] [Times: user=0.04 sys=0.00, real=0.05 secs] 
2019-06-10T18:21:49.303+0000: 25.470: [GC (Allocation Failure) 2019-06-10T18:21:49.303+0000: 25.470: [DefNew: 136576K->175K(153600K), 0.0021297 secs] 180756K->44355K(494976K), 0.0021839 secs] [Times: user=0.00 sys=0.00, real=0.01 secs] 
2019-06-10T18:21:53.838+0000: 30.005: [GC (Allocation Failure) 2019-06-10T18:21:53.838+0000: 30.005: [DefNew: 136751K->190K(153600K), 0.0019240 secs] 180931K->44371K(494976K), 0.0019765 secs] [Times: user=0.00 sys=0.00, real=0.00 secs] 
2019-06-10T18:21:58.314+0000: 34.481: [GC (Allocation Failure) 2019-06-10T18:21:58.314+0000: 34.481: [DefNew: 136766K->182K(153600K), 0.0019886 secs] 180947K->44363K(494976K), 0.0020411 secs] [Times: user=0.01 sys=0.00, real=0.00 secs] 
2019-06-10T18:22:02.859+0000: 39.026: [GC (Allocation Failure) 2019-06-10T18:22:02.859+0000: 39.026: [DefNew: 136758K->186K(153600K), 0.0019836 secs] 180939K->44367K(494976K), 0.0020400 secs] [Times: user=0.00 sys=0.00, real=0.00 secs] 
2019-06-10T18:22:07.412+0000: 43.579: [GC (Allocation Failure) 2019-06-10T18:22:07.412+0000: 43.579: [DefNew: 136762K->184K(153600K), 0.0021009 secs] 180943K->44365K(494976K), 0.0021621 secs] [Times: user=0.00 sys=0.00, real=0.00 secs] 
2019-06-10T18:22:11.977+0000: 48.143: [GC (Allocation Failure) 2019-06-10T18:22:11.977+0000: 48.143: [DefNew: 136760K->189K(153600K), 0.0020809 secs] 180941K->44370K(494976K), 0.0021377 secs] [Times: user=0.00 sys=0.00, real=0.01 secs] 
2019-06-10T18:22:16.528+0000: 52.695: [GC (Allocation Failure) 2019-06-10T18:22:16.528+0000: 52.695: [DefNew: 136765K->186K(153600K), 0.0020413 secs] 180946K->44366K(494976K), 0.0020987 secs] [Times: user=0.00 sys=0.00, real=0.00 secs] 
2019-06-10T18:22:21.045+0000: 57.212: [GC (Allocation Failure) 2019-06-10T18:22:21.045+0000: 57.212: [DefNew: 136762K->184K(153600K), 0.0019759 secs] 180942K->44364K(494976K), 0.0020312 secs] [Times: user=0.01 sys=0.00, real=0.00 secs] 
2019-06-10T18:22:27.635+0000: 63.801: [GC (Allocation Failure) 2019-06-10T18:22:27.635+0000: 63.801: [DefNew: 136760K->527K(153600K), 0.0025112 secs] 180940K->44707K(494976K), 0.0025729 secs] [Times: user=0.00 sys=0.00, real=0.01 secs] 
18:22:41.949 [Curator-PathChildrenCache-0] ERROR o.a.c.f.r.c.PathChildrenCache  - 
java.lang.IllegalStateException: instance must be started before calling this method
	at org.apache.curator.shaded.com.google.common.base.Preconditions.checkState(Preconditions.java:444)
	at org.apache.curator.framework.imps.CuratorFrameworkImpl.getChildren(CuratorFrameworkImpl.java:456)
	at org.apache.curator.framework.recipes.cache.PathChildrenCache.refresh(PathChildrenCache.java:521)
	at org.apache.curator.framework.recipes.cache.RefreshOperation.invoke(RefreshOperation.java:35)
	at org.apache.curator.framework.recipes.cache.PathChildrenCache$9.run(PathChildrenCache.java:786)
	at java.util.concurrent.Executors$RunnableAdapter.call(Executors.java:511)
	at java.util.concurrent.FutureTask.run(FutureTask.java:266)
	at java.util.concurrent.Executors$RunnableAdapter.call(Executors.java:511)
	at java.util.concurrent.FutureTask.run(FutureTask.java:266)
	at java.util.concurrent.ThreadPoolExecutor.runWorker(ThreadPoolExecutor.java:1149)
	at java.util.concurrent.ThreadPoolExecutor$Worker.run(ThreadPoolExecutor.java:624)
	at java.lang.Thread.run(Thread.java:748)
Heap
 def new generation   total 153600K, used 64691K [0x00000000e0c00000, 0x00000000eb2a0000, 0x00000000eb2a0000)
  eden space 136576K,  46% used [0x00000000e0c00000, 0x00000000e4aa8ea0, 0x00000000e9160000)
  from space 17024K,   3% used [0x00000000e9160000, 0x00000000e91e3d68, 0x00000000ea200000)
  to   space 17024K,   0% used [0x00000000ea200000, 0x00000000ea200000, 0x00000000eb2a0000)
 tenured generation   total 341376K, used 44180K [0x00000000eb2a0000, 0x0000000100000000, 0x0000000100000000)
   the space 341376K,  12% used [0x00000000eb2a0000, 0x00000000eddc5290, 0x00000000eddc5400, 0x0000000100000000)
 Metaspace       used 36374K, capacity 37332K, committed 37504K, reserved 1081344K
  class space    used 4902K, capacity 5126K, committed 5248K, reserved 1048576K
