16:20:48,636 |-INFO in ch.qos.logback.classic.LoggerContext[default] - Could NOT find resource [logback-test.xml]
16:20:48,636 |-INFO in ch.qos.logback.classic.LoggerContext[default] - Could NOT find resource [logback.groovy]
16:20:48,636 |-INFO in ch.qos.logback.classic.LoggerContext[default] - Found resource [logback.xml] at [jar:file:/root/flamestream/lib/flamestream-runtime-1.0-SNAPSHOT.jar!/logback.xml]
16:20:48,637 |-WARN in ch.qos.logback.classic.LoggerContext[default] - Resource [logback.xml] occurs multiple times on the classpath.
16:20:48,637 |-WARN in ch.qos.logback.classic.LoggerContext[default] - Resource [logback.xml] occurs at [jar:file:/root/flamestream/lib/flamestream-runtime-1.0-SNAPSHOT.jar!/logback.xml]
16:20:48,637 |-WARN in ch.qos.logback.classic.LoggerContext[default] - Resource [logback.xml] occurs at [jar:file:/root/flamestream/flamestream-runtime-1.0-SNAPSHOT.jar!/logback.xml]
16:20:48,656 |-INFO in ch.qos.logback.core.joran.spi.ConfigurationWatchList@3fb6a447 - URL [jar:file:/root/flamestream/lib/flamestream-runtime-1.0-SNAPSHOT.jar!/logback.xml] is not of type file
16:20:48,728 |-INFO in ch.qos.logback.classic.joran.action.ConfigurationAction - debug attribute not set
16:20:48,728 |-INFO in ch.qos.logback.core.joran.action.AppenderAction - About to instantiate appender of type [ch.qos.logback.core.ConsoleAppender]
16:20:48,746 |-INFO in ch.qos.logback.core.joran.action.AppenderAction - Naming appender as [STDOUT]
16:20:48,759 |-INFO in ch.qos.logback.core.joran.action.NestedComplexPropertyIA - Assuming default type [ch.qos.logback.classic.encoder.PatternLayoutEncoder] for [encoder] property
16:20:48,848 |-INFO in ch.qos.logback.core.joran.action.AppenderAction - About to instantiate appender of type [ch.qos.logback.core.rolling.RollingFileAppender]
16:20:48,853 |-INFO in ch.qos.logback.core.joran.action.AppenderAction - Naming appender as [FILE]
16:20:48,883 |-INFO in c.q.l.core.rolling.TimeBasedRollingPolicy@127618319 - No compression will be used
16:20:48,885 |-INFO in c.q.l.core.rolling.TimeBasedRollingPolicy@127618319 - Will use the pattern /tmp/application_%d{yyyy-MM-dd}.%i.log for the active file
16:20:48,887 |-INFO in ch.qos.logback.core.rolling.SizeAndTimeBasedFNATP@6b2fad11 - The date pattern is 'yyyy-MM-dd' from file name pattern '/tmp/application_%d{yyyy-MM-dd}.%i.log'.
16:20:48,887 |-INFO in ch.qos.logback.core.rolling.SizeAndTimeBasedFNATP@6b2fad11 - Roll-over at midnight.
16:20:48,893 |-INFO in ch.qos.logback.core.rolling.SizeAndTimeBasedFNATP@6b2fad11 - Setting initial period to Mon Jun 10 16:19:23 UTC 2019
16:20:48,893 |-WARN in ch.qos.logback.core.rolling.SizeAndTimeBasedFNATP@6b2fad11 - SizeAndTimeBasedFNATP is deprecated. Use SizeAndTimeBasedRollingPolicy instead
16:20:48,893 |-WARN in ch.qos.logback.core.rolling.SizeAndTimeBasedFNATP@6b2fad11 - For more information see http://logback.qos.ch/manual/appenders.html#SizeAndTimeBasedRollingPolicy
16:20:48,896 |-INFO in ch.qos.logback.core.joran.action.NestedComplexPropertyIA - Assuming default type [ch.qos.logback.classic.encoder.PatternLayoutEncoder] for [encoder] property
16:20:48,901 |-INFO in ch.qos.logback.core.rolling.RollingFileAppender[FILE] - Active log file name: /tmp/application.log
16:20:48,901 |-INFO in ch.qos.logback.core.rolling.RollingFileAppender[FILE] - File property is set to [/tmp/application.log]
16:20:48,902 |-INFO in ch.qos.logback.classic.joran.action.RootLoggerAction - Setting level of ROOT logger to WARN
16:20:48,902 |-INFO in ch.qos.logback.core.joran.action.AppenderRefAction - Attaching appender named [STDOUT] to Logger[ROOT]
16:20:48,904 |-INFO in ch.qos.logback.core.joran.action.AppenderRefAction - Attaching appender named [FILE] to Logger[ROOT]
16:20:48,904 |-INFO in ch.qos.logback.classic.joran.action.ConfigurationAction - End of configuration.
16:20:48,904 |-INFO in ch.qos.logback.classic.joran.JoranConfigurator@79698539 - Registering current configuration as safe fallback point

Ama winner
Ama winner
2019-06-10T16:20:50.177+0000: 1.728: [Full GC (Metadata GC Threshold) 2019-06-10T16:20:50.177+0000: 1.729: [Tenured: 0K->15143K(341376K), 0.0380113 secs] 114987K->15143K(494976K), [Metaspace: 20733K->20733K(1067008K)], 0.0380781 secs] [Times: user=0.02 sys=0.00, real=0.04 secs] 
16:21:07.878 [Curator-PathChildrenCache-1] WARN  o.a.c.u.ZKPaths  - The version of ZooKeeper being used doesn't support Container nodes. CreateMode.PERSISTENT will be used instead.
2019-06-10T16:21:10.205+0000: 21.756: [GC (Allocation Failure) 2019-06-10T16:21:10.205+0000: 21.756: [DefNew: 136576K->17024K(153600K), 0.0262581 secs] 151719K->52482K(494976K), 0.0263308 secs] [Times: user=0.02 sys=0.02, real=0.03 secs] 
2019-06-10T16:21:12.512+0000: 24.063: [Full GC (Metadata GC Threshold) 2019-06-10T16:21:12.512+0000: 24.063: [Tenured: 35458K->43984K(341376K), 0.0418107 secs] 95938K->43984K(494976K), [Metaspace: 34591K->34591K(1079296K)], 0.0418914 secs] [Times: user=0.04 sys=0.00, real=0.05 secs] 
2019-06-10T16:21:19.432+0000: 30.983: [GC (Allocation Failure) 2019-06-10T16:21:19.432+0000: 30.983: [DefNew: 136576K->58K(153600K), 0.0018400 secs] 180560K->44043K(494976K), 0.0018975 secs] [Times: user=0.00 sys=0.00, real=0.01 secs] 
2019-06-10T16:21:26.410+0000: 37.961: [GC (Allocation Failure) 2019-06-10T16:21:26.410+0000: 37.961: [DefNew: 136634K->62K(153600K), 0.0017470 secs] 180619K->44046K(494976K), 0.0018085 secs] [Times: user=0.01 sys=0.00, real=0.00 secs] 
2019-06-10T16:21:33.461+0000: 45.013: [GC (Allocation Failure) 2019-06-10T16:21:33.462+0000: 45.013: [DefNew: 136638K->67K(153600K), 0.0017116 secs] 180622K->44051K(494976K), 0.0017764 secs] [Times: user=0.00 sys=0.00, real=0.00 secs] 
2019-06-10T16:21:40.528+0000: 52.079: [GC (Allocation Failure) 2019-06-10T16:21:40.528+0000: 52.079: [DefNew: 136643K->62K(153600K), 0.0016863 secs] 180627K->44046K(494976K), 0.0017563 secs] [Times: user=0.00 sys=0.00, real=0.00 secs] 
2019-06-10T16:21:50.340+0000: 61.891: [GC (Allocation Failure) 2019-06-10T16:21:50.340+0000: 61.891: [DefNew: 136638K->111K(153600K), 0.0019320 secs] 180622K->44095K(494976K), 0.0019885 secs] [Times: user=0.00 sys=0.00, real=0.00 secs] 
16:21:58.280 [Curator-PathChildrenCache-0] ERROR o.a.c.f.r.c.PathChildrenCache  - 
java.lang.IllegalStateException: instance must be started before calling this method
	at org.apache.curator.shaded.com.google.common.base.Preconditions.checkState(Preconditions.java:444)
	at org.apache.curator.framework.imps.CuratorFrameworkImpl.getChildren(CuratorFrameworkImpl.java:456)
	at org.apache.curator.framework.recipes.cache.PathChildrenCache.refresh(PathChildrenCache.java:521)
	at org.apache.curator.framework.recipes.cache.RefreshOperation.invoke(RefreshOperation.java:35)
	at org.apache.curator.framework.recipes.cache.PathChildrenCache$9.run(PathChildrenCache.java:786)
	at java.util.concurrent.Executors$RunnableAdapter.call(Executors.java:511)
	at java.util.concurrent.FutureTask.run(FutureTask.java:266)
	at java.util.concurrent.Executors$RunnableAdapter.call(Executors.java:511)
	at java.util.concurrent.FutureTask.run(FutureTask.java:266)
	at java.util.concurrent.ThreadPoolExecutor.runWorker(ThreadPoolExecutor.java:1149)
	at java.util.concurrent.ThreadPoolExecutor$Worker.run(ThreadPoolExecutor.java:624)
	at java.lang.Thread.run(Thread.java:748)
Heap
 def new generation   total 153600K, used 56523K [0x00000000e0c00000, 0x00000000eb2a0000, 0x00000000eb2a0000)
  eden space 136576K,  41% used [0x00000000e0c00000, 0x00000000e43171d0, 0x00000000e9160000)
  from space 17024K,   0% used [0x00000000e9160000, 0x00000000e917bdb8, 0x00000000ea200000)
  to   space 17024K,   0% used [0x00000000ea200000, 0x00000000ea200000, 0x00000000eb2a0000)
 tenured generation   total 341376K, used 43984K [0x00000000eb2a0000, 0x0000000100000000, 0x0000000100000000)
   the space 341376K,  12% used [0x00000000eb2a0000, 0x00000000edd94088, 0x00000000edd94200, 0x0000000100000000)
 Metaspace       used 36120K, capacity 37050K, committed 37376K, reserved 1081344K
  class space    used 4854K, capacity 5073K, committed 5120K, reserved 1048576K
