15:18:01,580 |-INFO in ch.qos.logback.classic.LoggerContext[default] - Could NOT find resource [logback-test.xml]
15:18:01,580 |-INFO in ch.qos.logback.classic.LoggerContext[default] - Could NOT find resource [logback.groovy]
15:18:01,580 |-INFO in ch.qos.logback.classic.LoggerContext[default] - Found resource [logback.xml] at [jar:file:/root/flamestream/lib/flamestream-runtime-1.0-SNAPSHOT.jar!/logback.xml]
15:18:01,586 |-WARN in ch.qos.logback.classic.LoggerContext[default] - Resource [logback.xml] occurs multiple times on the classpath.
15:18:01,586 |-WARN in ch.qos.logback.classic.LoggerContext[default] - Resource [logback.xml] occurs at [jar:file:/root/flamestream/lib/flamestream-runtime-1.0-SNAPSHOT.jar!/logback.xml]
15:18:01,586 |-WARN in ch.qos.logback.classic.LoggerContext[default] - Resource [logback.xml] occurs at [jar:file:/root/flamestream/flamestream-runtime-1.0-SNAPSHOT.jar!/logback.xml]
15:18:01,607 |-INFO in ch.qos.logback.core.joran.spi.ConfigurationWatchList@3fb6a447 - URL [jar:file:/root/flamestream/lib/flamestream-runtime-1.0-SNAPSHOT.jar!/logback.xml] is not of type file
15:18:01,681 |-INFO in ch.qos.logback.classic.joran.action.ConfigurationAction - debug attribute not set
15:18:01,681 |-INFO in ch.qos.logback.core.joran.action.AppenderAction - About to instantiate appender of type [ch.qos.logback.core.ConsoleAppender]
15:18:01,701 |-INFO in ch.qos.logback.core.joran.action.AppenderAction - Naming appender as [STDOUT]
15:18:01,718 |-INFO in ch.qos.logback.core.joran.action.NestedComplexPropertyIA - Assuming default type [ch.qos.logback.classic.encoder.PatternLayoutEncoder] for [encoder] property
15:18:01,807 |-INFO in ch.qos.logback.core.joran.action.AppenderAction - About to instantiate appender of type [ch.qos.logback.core.rolling.RollingFileAppender]
15:18:01,814 |-INFO in ch.qos.logback.core.joran.action.AppenderAction - Naming appender as [FILE]
15:18:01,846 |-INFO in c.q.l.core.rolling.TimeBasedRollingPolicy@127618319 - No compression will be used
15:18:01,847 |-INFO in c.q.l.core.rolling.TimeBasedRollingPolicy@127618319 - Will use the pattern /tmp/application_%d{yyyy-MM-dd}.%i.log for the active file
15:18:01,850 |-INFO in ch.qos.logback.core.rolling.SizeAndTimeBasedFNATP@6b2fad11 - The date pattern is 'yyyy-MM-dd' from file name pattern '/tmp/application_%d{yyyy-MM-dd}.%i.log'.
15:18:01,850 |-INFO in ch.qos.logback.core.rolling.SizeAndTimeBasedFNATP@6b2fad11 - Roll-over at midnight.
15:18:01,856 |-INFO in ch.qos.logback.core.rolling.SizeAndTimeBasedFNATP@6b2fad11 - Setting initial period to Mon Jun 10 15:16:39 UTC 2019
15:18:01,856 |-WARN in ch.qos.logback.core.rolling.SizeAndTimeBasedFNATP@6b2fad11 - SizeAndTimeBasedFNATP is deprecated. Use SizeAndTimeBasedRollingPolicy instead
15:18:01,856 |-WARN in ch.qos.logback.core.rolling.SizeAndTimeBasedFNATP@6b2fad11 - For more information see http://logback.qos.ch/manual/appenders.html#SizeAndTimeBasedRollingPolicy
15:18:01,860 |-INFO in ch.qos.logback.core.joran.action.NestedComplexPropertyIA - Assuming default type [ch.qos.logback.classic.encoder.PatternLayoutEncoder] for [encoder] property
15:18:01,866 |-INFO in ch.qos.logback.core.rolling.RollingFileAppender[FILE] - Active log file name: /tmp/application.log
15:18:01,866 |-INFO in ch.qos.logback.core.rolling.RollingFileAppender[FILE] - File property is set to [/tmp/application.log]
15:18:01,867 |-INFO in ch.qos.logback.classic.joran.action.RootLoggerAction - Setting level of ROOT logger to WARN
15:18:01,867 |-INFO in ch.qos.logback.core.joran.action.AppenderRefAction - Attaching appender named [STDOUT] to Logger[ROOT]
15:18:01,869 |-INFO in ch.qos.logback.core.joran.action.AppenderRefAction - Attaching appender named [FILE] to Logger[ROOT]
15:18:01,869 |-INFO in ch.qos.logback.classic.joran.action.ConfigurationAction - End of configuration.
15:18:01,869 |-INFO in ch.qos.logback.classic.joran.JoranConfigurator@79698539 - Registering current configuration as safe fallback point

Ama winner
Ama winner
2019-06-10T15:18:03.202+0000: 1.813: [Full GC (Metadata GC Threshold) 2019-06-10T15:18:03.202+0000: 1.813: [Tenured: 0K->15242K(341376K), 0.0414963 secs] 115001K->15242K(494976K), [Metaspace: 20733K->20733K(1067008K)], 0.0415659 secs] [Times: user=0.04 sys=0.00, real=0.04 secs] 
15:18:15.767 [Curator-PathChildrenCache-1] WARN  o.a.c.u.ZKPaths  - The version of ZooKeeper being used doesn't support Container nodes. CreateMode.PERSISTENT will be used instead.
2019-06-10T15:18:18.012+0000: 16.623: [GC (Allocation Failure) 2019-06-10T15:18:18.012+0000: 16.623: [DefNew: 136576K->17023K(153600K), 0.0253269 secs] 151818K->52866K(494976K), 0.0253954 secs] [Times: user=0.01 sys=0.01, real=0.03 secs] 
2019-06-10T15:18:20.199+0000: 18.810: [Full GC (Metadata GC Threshold) 2019-06-10T15:18:20.199+0000: 18.810: [Tenured: 35842K->44764K(341376K), 0.0448127 secs] 93555K->44764K(494976K), [Metaspace: 34557K->34557K(1079296K)], 0.0448895 secs] [Times: user=0.04 sys=0.01, real=0.04 secs] 
2019-06-10T15:18:27.544+0000: 26.155: [GC (Allocation Failure) 2019-06-10T15:18:27.544+0000: 26.155: [DefNew: 136576K->131K(153600K), 0.0018573 secs] 181340K->44896K(494976K), 0.0019260 secs] [Times: user=0.00 sys=0.00, real=0.01 secs] 
2019-06-10T15:18:34.908+0000: 33.518: [GC (Allocation Failure) 2019-06-10T15:18:34.908+0000: 33.518: [DefNew: 136707K->130K(153600K), 0.0017502 secs] 181472K->44895K(494976K), 0.0018062 secs] [Times: user=0.00 sys=0.00, real=0.00 secs] 
2019-06-10T15:18:42.295+0000: 40.905: [GC (Allocation Failure) 2019-06-10T15:18:42.295+0000: 40.905: [DefNew: 136706K->132K(153600K), 0.0017593 secs] 181471K->44897K(494976K), 0.0018191 secs] [Times: user=0.01 sys=0.00, real=0.01 secs] 
2019-06-10T15:18:49.748+0000: 48.358: [GC (Allocation Failure) 2019-06-10T15:18:49.748+0000: 48.358: [DefNew: 136708K->167K(153600K), 0.0018285 secs] 181473K->44932K(494976K), 0.0018968 secs] [Times: user=0.00 sys=0.00, real=0.00 secs] 
2019-06-10T15:18:57.192+0000: 55.803: [GC (Allocation Failure) 2019-06-10T15:18:57.192+0000: 55.803: [DefNew: 136743K->165K(153600K), 0.0017767 secs] 181508K->44930K(494976K), 0.0018380 secs] [Times: user=0.00 sys=0.00, real=0.00 secs] 
15:19:11.004 [Curator-PathChildrenCache-0] ERROR o.a.c.f.r.c.PathChildrenCache  - 
java.lang.IllegalStateException: instance must be started before calling this method
	at org.apache.curator.shaded.com.google.common.base.Preconditions.checkState(Preconditions.java:444)
	at org.apache.curator.framework.imps.CuratorFrameworkImpl.getChildren(CuratorFrameworkImpl.java:456)
	at org.apache.curator.framework.recipes.cache.PathChildrenCache.refresh(PathChildrenCache.java:521)
	at org.apache.curator.framework.recipes.cache.RefreshOperation.invoke(RefreshOperation.java:35)
	at org.apache.curator.framework.recipes.cache.PathChildrenCache$9.run(PathChildrenCache.java:786)
	at java.util.concurrent.Executors$RunnableAdapter.call(Executors.java:511)
	at java.util.concurrent.FutureTask.run(FutureTask.java:266)
	at java.util.concurrent.Executors$RunnableAdapter.call(Executors.java:511)
	at java.util.concurrent.FutureTask.run(FutureTask.java:266)
	at java.util.concurrent.ThreadPoolExecutor.runWorker(ThreadPoolExecutor.java:1149)
	at java.util.concurrent.ThreadPoolExecutor$Worker.run(ThreadPoolExecutor.java:624)
	at java.lang.Thread.run(Thread.java:748)
Heap
 def new generation   total 153600K, used 95818K [0x00000000e0c00000, 0x00000000eb2a0000, 0x00000000eb2a0000)
  eden space 136576K,  70% used [0x00000000e0c00000, 0x00000000e69692d8, 0x00000000e9160000)
  from space 17024K,   0% used [0x00000000e9160000, 0x00000000e91897f0, 0x00000000ea200000)
  to   space 17024K,   0% used [0x00000000ea200000, 0x00000000ea200000, 0x00000000eb2a0000)
 tenured generation   total 341376K, used 44764K [0x00000000eb2a0000, 0x0000000100000000, 0x0000000100000000)
   the space 341376K,  13% used [0x00000000eb2a0000, 0x00000000ede57398, 0x00000000ede57400, 0x0000000100000000)
 Metaspace       used 36175K, capacity 37116K, committed 37376K, reserved 1081344K
  class space    used 4860K, capacity 5084K, committed 5120K, reserved 1048576K
