13:30:57,623 |-INFO in ch.qos.logback.classic.LoggerContext[default] - Could NOT find resource [logback-test.xml]
13:30:57,623 |-INFO in ch.qos.logback.classic.LoggerContext[default] - Could NOT find resource [logback.groovy]
13:30:57,623 |-INFO in ch.qos.logback.classic.LoggerContext[default] - Found resource [logback.xml] at [jar:file:/root/flamestream/lib/flamestream-runtime-1.0-SNAPSHOT.jar!/logback.xml]
13:30:57,624 |-WARN in ch.qos.logback.classic.LoggerContext[default] - Resource [logback.xml] occurs multiple times on the classpath.
13:30:57,624 |-WARN in ch.qos.logback.classic.LoggerContext[default] - Resource [logback.xml] occurs at [jar:file:/root/flamestream/lib/flamestream-runtime-1.0-SNAPSHOT.jar!/logback.xml]
13:30:57,624 |-WARN in ch.qos.logback.classic.LoggerContext[default] - Resource [logback.xml] occurs at [jar:file:/root/flamestream/flamestream-runtime-1.0-SNAPSHOT.jar!/logback.xml]
13:30:57,644 |-INFO in ch.qos.logback.core.joran.spi.ConfigurationWatchList@3fb6a447 - URL [jar:file:/root/flamestream/lib/flamestream-runtime-1.0-SNAPSHOT.jar!/logback.xml] is not of type file
13:30:57,711 |-INFO in ch.qos.logback.classic.joran.action.ConfigurationAction - debug attribute not set
13:30:57,712 |-INFO in ch.qos.logback.core.joran.action.AppenderAction - About to instantiate appender of type [ch.qos.logback.core.ConsoleAppender]
13:30:57,727 |-INFO in ch.qos.logback.core.joran.action.AppenderAction - Naming appender as [STDOUT]
13:30:57,748 |-INFO in ch.qos.logback.core.joran.action.NestedComplexPropertyIA - Assuming default type [ch.qos.logback.classic.encoder.PatternLayoutEncoder] for [encoder] property
13:30:57,829 |-INFO in ch.qos.logback.core.joran.action.AppenderAction - About to instantiate appender of type [ch.qos.logback.core.rolling.RollingFileAppender]
13:30:57,835 |-INFO in ch.qos.logback.core.joran.action.AppenderAction - Naming appender as [FILE]
13:30:57,865 |-INFO in c.q.l.core.rolling.TimeBasedRollingPolicy@127618319 - No compression will be used
13:30:57,866 |-INFO in c.q.l.core.rolling.TimeBasedRollingPolicy@127618319 - Will use the pattern /tmp/application_%d{yyyy-MM-dd}.%i.log for the active file
13:30:57,869 |-INFO in ch.qos.logback.core.rolling.SizeAndTimeBasedFNATP@6b2fad11 - The date pattern is 'yyyy-MM-dd' from file name pattern '/tmp/application_%d{yyyy-MM-dd}.%i.log'.
13:30:57,869 |-INFO in ch.qos.logback.core.rolling.SizeAndTimeBasedFNATP@6b2fad11 - Roll-over at midnight.
13:30:57,874 |-INFO in ch.qos.logback.core.rolling.SizeAndTimeBasedFNATP@6b2fad11 - Setting initial period to Mon Jun 10 13:29:42 UTC 2019
13:30:57,874 |-WARN in ch.qos.logback.core.rolling.SizeAndTimeBasedFNATP@6b2fad11 - SizeAndTimeBasedFNATP is deprecated. Use SizeAndTimeBasedRollingPolicy instead
13:30:57,874 |-WARN in ch.qos.logback.core.rolling.SizeAndTimeBasedFNATP@6b2fad11 - For more information see http://logback.qos.ch/manual/appenders.html#SizeAndTimeBasedRollingPolicy
13:30:57,878 |-INFO in ch.qos.logback.core.joran.action.NestedComplexPropertyIA - Assuming default type [ch.qos.logback.classic.encoder.PatternLayoutEncoder] for [encoder] property
13:30:57,883 |-INFO in ch.qos.logback.core.rolling.RollingFileAppender[FILE] - Active log file name: /tmp/application.log
13:30:57,883 |-INFO in ch.qos.logback.core.rolling.RollingFileAppender[FILE] - File property is set to [/tmp/application.log]
13:30:57,884 |-INFO in ch.qos.logback.classic.joran.action.RootLoggerAction - Setting level of ROOT logger to WARN
13:30:57,884 |-INFO in ch.qos.logback.core.joran.action.AppenderRefAction - Attaching appender named [STDOUT] to Logger[ROOT]
13:30:57,886 |-INFO in ch.qos.logback.core.joran.action.AppenderRefAction - Attaching appender named [FILE] to Logger[ROOT]
13:30:57,886 |-INFO in ch.qos.logback.classic.joran.action.ConfigurationAction - End of configuration.
13:30:57,886 |-INFO in ch.qos.logback.classic.joran.JoranConfigurator@79698539 - Registering current configuration as safe fallback point

Ama winner
Ama winner
2019-06-10T13:30:59.179+0000: 1.742: [Full GC (Metadata GC Threshold) 2019-06-10T13:30:59.179+0000: 1.742: [Tenured: 0K->15208K(341376K), 0.0351877 secs] 114986K->15208K(494976K), [Metaspace: 20733K->20733K(1067008K)], 0.0352540 secs] [Times: user=0.04 sys=0.00, real=0.03 secs] 
13:31:12.523 [Curator-PathChildrenCache-2] WARN  o.a.c.u.ZKPaths  - The version of ZooKeeper being used doesn't support Container nodes. CreateMode.PERSISTENT will be used instead.
2019-06-10T13:31:14.998+0000: 17.560: [GC (Allocation Failure) 2019-06-10T13:31:14.998+0000: 17.560: [DefNew: 136576K->17024K(153600K), 0.0278391 secs] 151784K->52974K(494976K), 0.0279129 secs] [Times: user=0.02 sys=0.00, real=0.03 secs] 
2019-06-10T13:31:15.287+0000: 17.850: [Full GC (Metadata GC Threshold) 2019-06-10T13:31:15.288+0000: 17.850: [Tenured: 35950K->44814K(341376K), 0.0374804 secs] 68262K->44814K(494976K), [Metaspace: 34599K->34599K(1079296K)], 0.0375600 secs] [Times: user=0.03 sys=0.01, real=0.04 secs] 
2019-06-10T13:31:19.737+0000: 22.299: [GC (Allocation Failure) 2019-06-10T13:31:19.737+0000: 22.299: [DefNew: 136576K->261K(153600K), 0.0026199 secs] 181390K->45076K(494976K), 0.0026744 secs] [Times: user=0.00 sys=0.00, real=0.01 secs] 
2019-06-10T13:31:24.100+0000: 26.662: [GC (Allocation Failure) 2019-06-10T13:31:24.100+0000: 26.662: [DefNew: 136837K->269K(153600K), 0.0023225 secs] 181652K->45084K(494976K), 0.0023923 secs] [Times: user=0.01 sys=0.00, real=0.00 secs] 
2019-06-10T13:31:28.419+0000: 30.981: [GC (Allocation Failure) 2019-06-10T13:31:28.419+0000: 30.981: [DefNew: 136845K->274K(153600K), 0.0021968 secs] 181660K->45089K(494976K), 0.0022622 secs] [Times: user=0.00 sys=0.00, real=0.00 secs] 
2019-06-10T13:31:32.721+0000: 35.284: [GC (Allocation Failure) 2019-06-10T13:31:32.721+0000: 35.284: [DefNew: 136850K->271K(153600K), 0.0022754 secs] 181665K->45086K(494976K), 0.0023331 secs] [Times: user=0.00 sys=0.00, real=0.00 secs] 
2019-06-10T13:31:36.947+0000: 39.509: [GC (Allocation Failure) 2019-06-10T13:31:36.947+0000: 39.509: [DefNew: 136847K->270K(153600K), 0.0021717 secs] 181662K->45084K(494976K), 0.0022273 secs] [Times: user=0.01 sys=0.00, real=0.00 secs] 
2019-06-10T13:31:41.159+0000: 43.722: [GC (Allocation Failure) 2019-06-10T13:31:41.159+0000: 43.722: [DefNew: 136846K->271K(153600K), 0.0022906 secs] 181660K->45086K(494976K), 0.0023486 secs] [Times: user=0.00 sys=0.00, real=0.00 secs] 
2019-06-10T13:31:45.420+0000: 47.983: [GC (Allocation Failure) 2019-06-10T13:31:45.420+0000: 47.983: [DefNew: 136847K->272K(153600K), 0.0023472 secs] 181662K->45087K(494976K), 0.0024028 secs] [Times: user=0.00 sys=0.00, real=0.00 secs] 
13:31:53.225 [Curator-PathChildrenCache-0] ERROR o.a.c.f.r.c.PathChildrenCache  - 
java.lang.IllegalStateException: instance must be started before calling this method
	at org.apache.curator.shaded.com.google.common.base.Preconditions.checkState(Preconditions.java:444)
	at org.apache.curator.framework.imps.CuratorFrameworkImpl.getChildren(CuratorFrameworkImpl.java:456)
	at org.apache.curator.framework.recipes.cache.PathChildrenCache.refresh(PathChildrenCache.java:521)
	at org.apache.curator.framework.recipes.cache.RefreshOperation.invoke(RefreshOperation.java:35)
	at org.apache.curator.framework.recipes.cache.PathChildrenCache$9.run(PathChildrenCache.java:786)
	at java.util.concurrent.Executors$RunnableAdapter.call(Executors.java:511)
	at java.util.concurrent.FutureTask.run(FutureTask.java:266)
	at java.util.concurrent.Executors$RunnableAdapter.call(Executors.java:511)
	at java.util.concurrent.FutureTask.run(FutureTask.java:266)
	at java.util.concurrent.ThreadPoolExecutor.runWorker(ThreadPoolExecutor.java:1149)
	at java.util.concurrent.ThreadPoolExecutor$Worker.run(ThreadPoolExecutor.java:624)
	at java.lang.Thread.run(Thread.java:748)
Heap
 def new generation   total 153600K, used 123872K [0x00000000e0c00000, 0x00000000eb2a0000, 0x00000000eb2a0000)
  eden space 136576K,  90% used [0x00000000e0c00000, 0x00000000e84b40a8, 0x00000000e9160000)
  from space 17024K,   1% used [0x00000000e9160000, 0x00000000e91a4208, 0x00000000ea200000)
  to   space 17024K,   0% used [0x00000000ea200000, 0x00000000ea200000, 0x00000000eb2a0000)
 tenured generation   total 341376K, used 44814K [0x00000000eb2a0000, 0x0000000100000000, 0x0000000100000000)
   the space 341376K,  13% used [0x00000000eb2a0000, 0x00000000ede63b90, 0x00000000ede63c00, 0x0000000100000000)
 Metaspace       used 36205K, capacity 37204K, committed 37376K, reserved 1081344K
  class space    used 4859K, capacity 5062K, committed 5120K, reserved 1048576K
