16:00:45,360 |-INFO in ch.qos.logback.classic.LoggerContext[default] - Could NOT find resource [logback-test.xml]
16:00:45,360 |-INFO in ch.qos.logback.classic.LoggerContext[default] - Could NOT find resource [logback.groovy]
16:00:45,360 |-INFO in ch.qos.logback.classic.LoggerContext[default] - Found resource [logback.xml] at [jar:file:/home/nikitasokolov/flamestream/lib/flamestream-runtime-1.0-SNAPSHOT.jar!/logback.xml]
16:00:45,361 |-WARN in ch.qos.logback.classic.LoggerContext[default] - Resource [logback.xml] occurs multiple times on the classpath.
16:00:45,361 |-WARN in ch.qos.logback.classic.LoggerContext[default] - Resource [logback.xml] occurs at [jar:file:/home/nikitasokolov/flamestream/lib/flamestream-runtime-1.0-SNAPSHOT.jar!/logback.xml]
16:00:45,361 |-WARN in ch.qos.logback.classic.LoggerContext[default] - Resource [logback.xml] occurs at [jar:file:/home/nikitasokolov/flamestream/flamestream-runtime-1.0-SNAPSHOT.jar!/logback.xml]
16:00:45,377 |-INFO in ch.qos.logback.core.joran.spi.ConfigurationWatchList@6108b2d7 - URL [jar:file:/home/nikitasokolov/flamestream/lib/flamestream-runtime-1.0-SNAPSHOT.jar!/logback.xml] is not of type file
16:00:45,428 |-INFO in ch.qos.logback.classic.joran.action.ConfigurationAction - debug attribute not set
16:00:45,428 |-INFO in ch.qos.logback.core.joran.action.AppenderAction - About to instantiate appender of type [ch.qos.logback.core.ConsoleAppender]
16:00:45,436 |-INFO in ch.qos.logback.core.joran.action.AppenderAction - Naming appender as [STDOUT]
16:00:45,444 |-INFO in ch.qos.logback.core.joran.action.NestedComplexPropertyIA - Assuming default type [ch.qos.logback.classic.encoder.PatternLayoutEncoder] for [encoder] property
16:00:45,502 |-INFO in ch.qos.logback.core.joran.action.AppenderAction - About to instantiate appender of type [ch.qos.logback.core.rolling.RollingFileAppender]
16:00:45,508 |-INFO in ch.qos.logback.core.joran.action.AppenderAction - Naming appender as [FILE]
16:00:45,531 |-INFO in c.q.l.core.rolling.TimeBasedRollingPolicy@357863579 - No compression will be used
16:00:45,533 |-INFO in c.q.l.core.rolling.TimeBasedRollingPolicy@357863579 - Will use the pattern /tmp/application_%d{yyyy-MM-dd}.%i.log for the active file
16:00:45,536 |-INFO in ch.qos.logback.core.rolling.SizeAndTimeBasedFNATP@6bf256fa - The date pattern is 'yyyy-MM-dd' from file name pattern '/tmp/application_%d{yyyy-MM-dd}.%i.log'.
16:00:45,536 |-INFO in ch.qos.logback.core.rolling.SizeAndTimeBasedFNATP@6bf256fa - Roll-over at midnight.
16:00:45,540 |-INFO in ch.qos.logback.core.rolling.SizeAndTimeBasedFNATP@6bf256fa - Setting initial period to Sun Jun 09 16:00:02 MSK 2019
16:00:45,540 |-WARN in ch.qos.logback.core.rolling.SizeAndTimeBasedFNATP@6bf256fa - SizeAndTimeBasedFNATP is deprecated. Use SizeAndTimeBasedRollingPolicy instead
16:00:45,540 |-WARN in ch.qos.logback.core.rolling.SizeAndTimeBasedFNATP@6bf256fa - For more information see http://logback.qos.ch/manual/appenders.html#SizeAndTimeBasedRollingPolicy
16:00:45,544 |-INFO in ch.qos.logback.core.joran.action.NestedComplexPropertyIA - Assuming default type [ch.qos.logback.classic.encoder.PatternLayoutEncoder] for [encoder] property
16:00:45,547 |-INFO in ch.qos.logback.core.rolling.RollingFileAppender[FILE] - Active log file name: /tmp/application.log
16:00:45,547 |-INFO in ch.qos.logback.core.rolling.RollingFileAppender[FILE] - File property is set to [/tmp/application.log]
16:00:45,548 |-INFO in ch.qos.logback.classic.joran.action.RootLoggerAction - Setting level of ROOT logger to WARN
16:00:45,548 |-INFO in ch.qos.logback.core.joran.action.AppenderRefAction - Attaching appender named [STDOUT] to Logger[ROOT]
16:00:45,548 |-INFO in ch.qos.logback.core.joran.action.AppenderRefAction - Attaching appender named [FILE] to Logger[ROOT]
16:00:45,548 |-INFO in ch.qos.logback.classic.joran.action.ConfigurationAction - End of configuration.
16:00:45,549 |-INFO in ch.qos.logback.classic.joran.JoranConfigurator@6cd8737 - Registering current configuration as safe fallback point

2019-06-09T16:00:46.563+0300: 1.404: [GC (Metadata GC Threshold) [PSYoungGen: 108152K->15783K(149504K)] 108152K->15863K(491008K), 0.0208834 secs] [Times: user=0.09 sys=0.03, real=0.02 secs] 
2019-06-09T16:00:46.583+0300: 1.425: [Full GC (Metadata GC Threshold) [PSYoungGen: 15783K->0K(149504K)] [ParOldGen: 80K->15014K(341504K)] 15863K->15014K(491008K), [Metaspace: 20801K->20801K(1067008K)], 0.0281095 secs] [Times: user=0.17 sys=0.02, real=0.03 secs] 
16:00:57.299 [Curator-PathChildrenCache-1] WARN  o.a.c.u.ZKPaths  - The version of ZooKeeper being used doesn't support Container nodes. CreateMode.PERSISTENT will be used instead.
2019-06-09T16:00:58.323+0300: 13.164: [GC (Metadata GC Threshold) [PSYoungGen: 125934K->15744K(149504K)] 140949K->50297K(491008K), 0.0263080 secs] [Times: user=0.19 sys=0.03, real=0.03 secs] 
2019-06-09T16:00:58.350+0300: 13.191: [Full GC (Metadata GC Threshold) [PSYoungGen: 15744K->0K(149504K)] [ParOldGen: 34553K->38609K(341504K)] 50297K->38609K(491008K), [Metaspace: 34557K->34557K(1079296K)], 0.0520758 secs] [Times: user=0.39 sys=0.00, real=0.05 secs] 
2019-06-09T16:01:07.352+0300: 22.193: [GC (Allocation Failure) [PSYoungGen: 128512K->352K(149504K)] 167121K->38969K(491008K), 0.0033499 secs] [Times: user=0.02 sys=0.00, real=0.00 secs] 
2019-06-09T16:01:16.852+0300: 31.694: [GC (Allocation Failure) [PSYoungGen: 128864K->352K(149504K)] 167481K->38977K(491008K), 0.0082426 secs] [Times: user=0.08 sys=0.01, real=0.01 secs] 
2019-06-09T16:01:26.476+0300: 41.317: [GC (Allocation Failure) [PSYoungGen: 128864K->352K(129024K)] 167489K->38985K(470528K), 0.0030505 secs] [Times: user=0.02 sys=0.00, real=0.01 secs] 
2019-06-09T16:01:36.204+0300: 51.045: [GC (Allocation Failure) [PSYoungGen: 128864K->384K(150016K)] 167497K->39025K(491520K), 0.0051795 secs] [Times: user=0.04 sys=0.01, real=0.00 secs] 
2019-06-09T16:01:45.886+0300: 60.727: [GC (Allocation Failure) [PSYoungGen: 128896K->352K(148992K)] 167537K->38993K(490496K), 0.0027545 secs] [Times: user=0.01 sys=0.00, real=0.00 secs] 
2019-06-09T16:01:57.731+0300: 72.572: [GC (Allocation Failure) [PSYoungGen: 128864K->791K(152064K)] 167505K->39440K(493568K), 0.0118617 secs] [Times: user=0.11 sys=0.01, real=0.01 secs] 
16:02:10.287 [Curator-PathChildrenCache-0] ERROR o.a.c.f.r.c.PathChildrenCache  - 
java.lang.IllegalStateException: instance must be started before calling this method
	at org.apache.curator.shaded.com.google.common.base.Preconditions.checkState(Preconditions.java:444)
	at org.apache.curator.framework.imps.CuratorFrameworkImpl.getChildren(CuratorFrameworkImpl.java:456)
	at org.apache.curator.framework.recipes.cache.PathChildrenCache.refresh(PathChildrenCache.java:521)
	at org.apache.curator.framework.recipes.cache.RefreshOperation.invoke(RefreshOperation.java:35)
	at org.apache.curator.framework.recipes.cache.PathChildrenCache$9.run(PathChildrenCache.java:786)
	at java.util.concurrent.Executors$RunnableAdapter.call(Executors.java:511)
	at java.util.concurrent.FutureTask.run(FutureTask.java:266)
	at java.util.concurrent.Executors$RunnableAdapter.call(Executors.java:511)
	at java.util.concurrent.FutureTask.run(FutureTask.java:266)
	at java.util.concurrent.ThreadPoolExecutor.runWorker(ThreadPoolExecutor.java:1149)
	at java.util.concurrent.ThreadPoolExecutor$Worker.run(ThreadPoolExecutor.java:624)
	at java.lang.Thread.run(Thread.java:748)
Heap
 PSYoungGen      total 152064K, used 19909K [0x00000000f5980000, 0x0000000100000000, 0x0000000100000000)
  eden space 132608K, 14% used [0x00000000f5980000,0x00000000f6c2b9e0,0x00000000fdb00000)
  from space 19456K, 4% used [0x00000000fed00000,0x00000000fedc5cf0,0x0000000100000000)
  to   space 18432K, 0% used [0x00000000fdb00000,0x00000000fdb00000,0x00000000fed00000)
 ParOldGen       total 341504K, used 38649K [0x00000000e0c00000, 0x00000000f5980000, 0x00000000f5980000)
  object space 341504K, 11% used [0x00000000e0c00000,0x00000000e31be618,0x00000000f5980000)
 Metaspace       used 36060K, capacity 36894K, committed 37208K, reserved 1081344K
  class space    used 4977K, capacity 5161K, committed 5248K, reserved 1048576K
