15:13:16,925 |-INFO in ch.qos.logback.classic.LoggerContext[default] - Could NOT find resource [logback-test.xml]
15:13:16,925 |-INFO in ch.qos.logback.classic.LoggerContext[default] - Could NOT find resource [logback.groovy]
15:13:16,925 |-INFO in ch.qos.logback.classic.LoggerContext[default] - Found resource [logback.xml] at [jar:file:/root/flamestream/lib/flamestream-runtime-1.0-SNAPSHOT.jar!/logback.xml]
15:13:16,926 |-WARN in ch.qos.logback.classic.LoggerContext[default] - Resource [logback.xml] occurs multiple times on the classpath.
15:13:16,931 |-WARN in ch.qos.logback.classic.LoggerContext[default] - Resource [logback.xml] occurs at [jar:file:/root/flamestream/lib/flamestream-runtime-1.0-SNAPSHOT.jar!/logback.xml]
15:13:16,931 |-WARN in ch.qos.logback.classic.LoggerContext[default] - Resource [logback.xml] occurs at [jar:file:/root/flamestream/flamestream-runtime-1.0-SNAPSHOT.jar!/logback.xml]
15:13:16,950 |-INFO in ch.qos.logback.core.joran.spi.ConfigurationWatchList@3fb6a447 - URL [jar:file:/root/flamestream/lib/flamestream-runtime-1.0-SNAPSHOT.jar!/logback.xml] is not of type file
15:13:17,016 |-INFO in ch.qos.logback.classic.joran.action.ConfigurationAction - debug attribute not set
15:13:17,017 |-INFO in ch.qos.logback.core.joran.action.AppenderAction - About to instantiate appender of type [ch.qos.logback.core.ConsoleAppender]
15:13:17,033 |-INFO in ch.qos.logback.core.joran.action.AppenderAction - Naming appender as [STDOUT]
15:13:17,053 |-INFO in ch.qos.logback.core.joran.action.NestedComplexPropertyIA - Assuming default type [ch.qos.logback.classic.encoder.PatternLayoutEncoder] for [encoder] property
15:13:17,128 |-INFO in ch.qos.logback.core.joran.action.AppenderAction - About to instantiate appender of type [ch.qos.logback.core.rolling.RollingFileAppender]
15:13:17,139 |-INFO in ch.qos.logback.core.joran.action.AppenderAction - Naming appender as [FILE]
15:13:17,166 |-INFO in c.q.l.core.rolling.TimeBasedRollingPolicy@127618319 - No compression will be used
15:13:17,167 |-INFO in c.q.l.core.rolling.TimeBasedRollingPolicy@127618319 - Will use the pattern /tmp/application_%d{yyyy-MM-dd}.%i.log for the active file
15:13:17,170 |-INFO in ch.qos.logback.core.rolling.SizeAndTimeBasedFNATP@6b2fad11 - The date pattern is 'yyyy-MM-dd' from file name pattern '/tmp/application_%d{yyyy-MM-dd}.%i.log'.
15:13:17,170 |-INFO in ch.qos.logback.core.rolling.SizeAndTimeBasedFNATP@6b2fad11 - Roll-over at midnight.
15:13:17,175 |-INFO in ch.qos.logback.core.rolling.SizeAndTimeBasedFNATP@6b2fad11 - Setting initial period to Mon Jun 10 15:11:47 UTC 2019
15:13:17,175 |-WARN in ch.qos.logback.core.rolling.SizeAndTimeBasedFNATP@6b2fad11 - SizeAndTimeBasedFNATP is deprecated. Use SizeAndTimeBasedRollingPolicy instead
15:13:17,175 |-WARN in ch.qos.logback.core.rolling.SizeAndTimeBasedFNATP@6b2fad11 - For more information see http://logback.qos.ch/manual/appenders.html#SizeAndTimeBasedRollingPolicy
15:13:17,179 |-INFO in ch.qos.logback.core.joran.action.NestedComplexPropertyIA - Assuming default type [ch.qos.logback.classic.encoder.PatternLayoutEncoder] for [encoder] property
15:13:17,184 |-INFO in ch.qos.logback.core.rolling.RollingFileAppender[FILE] - Active log file name: /tmp/application.log
15:13:17,184 |-INFO in ch.qos.logback.core.rolling.RollingFileAppender[FILE] - File property is set to [/tmp/application.log]
15:13:17,185 |-INFO in ch.qos.logback.classic.joran.action.RootLoggerAction - Setting level of ROOT logger to WARN
15:13:17,185 |-INFO in ch.qos.logback.core.joran.action.AppenderRefAction - Attaching appender named [STDOUT] to Logger[ROOT]
15:13:17,187 |-INFO in ch.qos.logback.core.joran.action.AppenderRefAction - Attaching appender named [FILE] to Logger[ROOT]
15:13:17,187 |-INFO in ch.qos.logback.classic.joran.action.ConfigurationAction - End of configuration.
15:13:17,187 |-INFO in ch.qos.logback.classic.joran.JoranConfigurator@79698539 - Registering current configuration as safe fallback point

Ama winner
Ama winner
2019-06-10T15:13:18.732+0000: 1.986: [Full GC (Metadata GC Threshold) 2019-06-10T15:13:18.732+0000: 1.986: [Tenured: 0K->15241K(341376K), 0.0394778 secs] 120482K->15241K(494976K), [Metaspace: 20745K->20745K(1067008K)], 0.0395484 secs] [Times: user=0.04 sys=0.00, real=0.04 secs] 
15:13:35.370 [Curator-PathChildrenCache-1] WARN  o.a.c.u.ZKPaths  - The version of ZooKeeper being used doesn't support Container nodes. CreateMode.PERSISTENT will be used instead.
2019-06-10T15:13:37.566+0000: 20.820: [GC (Allocation Failure) 2019-06-10T15:13:37.566+0000: 20.820: [DefNew: 136576K->17024K(153600K), 0.0257657 secs] 151817K->52732K(494976K), 0.0258355 secs] [Times: user=0.02 sys=0.00, real=0.03 secs] 
2019-06-10T15:13:38.281+0000: 21.536: [Full GC (Metadata GC Threshold) 2019-06-10T15:13:38.281+0000: 21.536: [Tenured: 35708K->44273K(341376K), 0.0368992 secs] 70734K->44273K(494976K), [Metaspace: 34564K->34564K(1079296K)], 0.0369759 secs] [Times: user=0.04 sys=0.00, real=0.04 secs] 
2019-06-10T15:13:44.874+0000: 28.129: [GC (Allocation Failure) 2019-06-10T15:13:44.874+0000: 28.129: [DefNew: 136576K->170K(153600K), 0.0019512 secs] 180849K->44443K(494976K), 0.0020074 secs] [Times: user=0.00 sys=0.00, real=0.00 secs] 
2019-06-10T15:13:51.374+0000: 34.628: [GC (Allocation Failure) 2019-06-10T15:13:51.374+0000: 34.628: [DefNew: 136746K->168K(153600K), 0.0018592 secs] 181019K->44442K(494976K), 0.0019208 secs] [Times: user=0.01 sys=0.00, real=0.00 secs] 
2019-06-10T15:13:57.780+0000: 41.034: [GC (Allocation Failure) 2019-06-10T15:13:57.780+0000: 41.034: [DefNew: 136744K->240K(153600K), 0.0018790 secs] 181018K->44513K(494976K), 0.0019404 secs] [Times: user=0.00 sys=0.00, real=0.00 secs] 
2019-06-10T15:14:04.304+0000: 47.559: [GC (Allocation Failure) 2019-06-10T15:14:04.304+0000: 47.559: [DefNew: 136816K->233K(153600K), 0.0019512 secs] 181089K->44506K(494976K), 0.0020170 secs] [Times: user=0.00 sys=0.00, real=0.00 secs] 
2019-06-10T15:14:12.953+0000: 56.207: [GC (Allocation Failure) 2019-06-10T15:14:12.953+0000: 56.207: [DefNew: 136809K->233K(153600K), 0.0019390 secs] 181082K->44506K(494976K), 0.0019998 secs] [Times: user=0.00 sys=0.00, real=0.00 secs] 
15:14:17.207 [Curator-PathChildrenCache-0] ERROR o.a.c.f.r.c.PathChildrenCache  - 
java.lang.IllegalStateException: instance must be started before calling this method
	at org.apache.curator.shaded.com.google.common.base.Preconditions.checkState(Preconditions.java:444)
	at org.apache.curator.framework.imps.CuratorFrameworkImpl.getChildren(CuratorFrameworkImpl.java:456)
	at org.apache.curator.framework.recipes.cache.PathChildrenCache.refresh(PathChildrenCache.java:521)
	at org.apache.curator.framework.recipes.cache.RefreshOperation.invoke(RefreshOperation.java:35)
	at org.apache.curator.framework.recipes.cache.PathChildrenCache$9.run(PathChildrenCache.java:786)
	at java.util.concurrent.Executors$RunnableAdapter.call(Executors.java:511)
	at java.util.concurrent.FutureTask.run(FutureTask.java:266)
	at java.util.concurrent.Executors$RunnableAdapter.call(Executors.java:511)
	at java.util.concurrent.FutureTask.run(FutureTask.java:266)
	at java.util.concurrent.ThreadPoolExecutor.runWorker(ThreadPoolExecutor.java:1149)
	at java.util.concurrent.ThreadPoolExecutor$Worker.run(ThreadPoolExecutor.java:624)
	at java.lang.Thread.run(Thread.java:748)
Heap
 def new generation   total 153600K, used 36532K [0x00000000e0c00000, 0x00000000eb2a0000, 0x00000000eb2a0000)
  eden space 136576K,  26% used [0x00000000e0c00000, 0x00000000e2f72c58, 0x00000000e9160000)
  from space 17024K,   1% used [0x00000000e9160000, 0x00000000e919a6e8, 0x00000000ea200000)
  to   space 17024K,   0% used [0x00000000ea200000, 0x00000000ea200000, 0x00000000eb2a0000)
 tenured generation   total 341376K, used 44273K [0x00000000eb2a0000, 0x0000000100000000, 0x0000000100000000)
   the space 341376K,  12% used [0x00000000eb2a0000, 0x00000000edddc4f0, 0x00000000edddc600, 0x0000000100000000)
 Metaspace       used 35805K, capacity 36698K, committed 36864K, reserved 1081344K
  class space    used 4826K, capacity 5041K, committed 5120K, reserved 1048576K
