18:11:23,411 |-INFO in ch.qos.logback.classic.LoggerContext[default] - Could NOT find resource [logback-test.xml]
18:11:23,411 |-INFO in ch.qos.logback.classic.LoggerContext[default] - Could NOT find resource [logback.groovy]
18:11:23,411 |-INFO in ch.qos.logback.classic.LoggerContext[default] - Found resource [logback.xml] at [jar:file:/root/flamestream/lib/flamestream-runtime-1.0-SNAPSHOT.jar!/logback.xml]
18:11:23,412 |-WARN in ch.qos.logback.classic.LoggerContext[default] - Resource [logback.xml] occurs multiple times on the classpath.
18:11:23,412 |-WARN in ch.qos.logback.classic.LoggerContext[default] - Resource [logback.xml] occurs at [jar:file:/root/flamestream/lib/flamestream-runtime-1.0-SNAPSHOT.jar!/logback.xml]
18:11:23,412 |-WARN in ch.qos.logback.classic.LoggerContext[default] - Resource [logback.xml] occurs at [jar:file:/root/flamestream/flamestream-runtime-1.0-SNAPSHOT.jar!/logback.xml]
18:11:23,434 |-INFO in ch.qos.logback.core.joran.spi.ConfigurationWatchList@3fb6a447 - URL [jar:file:/root/flamestream/lib/flamestream-runtime-1.0-SNAPSHOT.jar!/logback.xml] is not of type file
18:11:23,503 |-INFO in ch.qos.logback.classic.joran.action.ConfigurationAction - debug attribute not set
18:11:23,504 |-INFO in ch.qos.logback.core.joran.action.AppenderAction - About to instantiate appender of type [ch.qos.logback.core.ConsoleAppender]
18:11:23,520 |-INFO in ch.qos.logback.core.joran.action.AppenderAction - Naming appender as [STDOUT]
18:11:23,538 |-INFO in ch.qos.logback.core.joran.action.NestedComplexPropertyIA - Assuming default type [ch.qos.logback.classic.encoder.PatternLayoutEncoder] for [encoder] property
18:11:23,627 |-INFO in ch.qos.logback.core.joran.action.AppenderAction - About to instantiate appender of type [ch.qos.logback.core.rolling.RollingFileAppender]
18:11:23,632 |-INFO in ch.qos.logback.core.joran.action.AppenderAction - Naming appender as [FILE]
18:11:23,662 |-INFO in c.q.l.core.rolling.TimeBasedRollingPolicy@127618319 - No compression will be used
18:11:23,663 |-INFO in c.q.l.core.rolling.TimeBasedRollingPolicy@127618319 - Will use the pattern /tmp/application_%d{yyyy-MM-dd}.%i.log for the active file
18:11:23,666 |-INFO in ch.qos.logback.core.rolling.SizeAndTimeBasedFNATP@6b2fad11 - The date pattern is 'yyyy-MM-dd' from file name pattern '/tmp/application_%d{yyyy-MM-dd}.%i.log'.
18:11:23,666 |-INFO in ch.qos.logback.core.rolling.SizeAndTimeBasedFNATP@6b2fad11 - Roll-over at midnight.
18:11:23,671 |-INFO in ch.qos.logback.core.rolling.SizeAndTimeBasedFNATP@6b2fad11 - Setting initial period to Mon Jun 10 18:09:54 UTC 2019
18:11:23,671 |-WARN in ch.qos.logback.core.rolling.SizeAndTimeBasedFNATP@6b2fad11 - SizeAndTimeBasedFNATP is deprecated. Use SizeAndTimeBasedRollingPolicy instead
18:11:23,671 |-WARN in ch.qos.logback.core.rolling.SizeAndTimeBasedFNATP@6b2fad11 - For more information see http://logback.qos.ch/manual/appenders.html#SizeAndTimeBasedRollingPolicy
18:11:23,675 |-INFO in ch.qos.logback.core.joran.action.NestedComplexPropertyIA - Assuming default type [ch.qos.logback.classic.encoder.PatternLayoutEncoder] for [encoder] property
18:11:23,680 |-INFO in ch.qos.logback.core.rolling.RollingFileAppender[FILE] - Active log file name: /tmp/application.log
18:11:23,680 |-INFO in ch.qos.logback.core.rolling.RollingFileAppender[FILE] - File property is set to [/tmp/application.log]
18:11:23,681 |-INFO in ch.qos.logback.classic.joran.action.RootLoggerAction - Setting level of ROOT logger to WARN
18:11:23,681 |-INFO in ch.qos.logback.core.joran.action.AppenderRefAction - Attaching appender named [STDOUT] to Logger[ROOT]
18:11:23,683 |-INFO in ch.qos.logback.core.joran.action.AppenderRefAction - Attaching appender named [FILE] to Logger[ROOT]
18:11:23,683 |-INFO in ch.qos.logback.classic.joran.action.ConfigurationAction - End of configuration.
18:11:23,684 |-INFO in ch.qos.logback.classic.joran.JoranConfigurator@79698539 - Registering current configuration as safe fallback point

Ama winner
Ama winner
2019-06-10T18:11:25.001+0000: 1.772: [Full GC (Metadata GC Threshold) 2019-06-10T18:11:25.001+0000: 1.772: [Tenured: 0K->15241K(341376K), 0.0358239 secs] 114986K->15241K(494976K), [Metaspace: 20730K->20730K(1067008K)], 0.0358872 secs] [Times: user=0.04 sys=0.00, real=0.04 secs] 
18:11:50.156 [Curator-PathChildrenCache-1] WARN  o.a.c.u.ZKPaths  - The version of ZooKeeper being used doesn't support Container nodes. CreateMode.PERSISTENT will be used instead.
2019-06-10T18:11:52.488+0000: 29.258: [GC (Allocation Failure) 2019-06-10T18:11:52.488+0000: 29.258: [DefNew: 136576K->17024K(153600K), 0.0260645 secs] 151817K->52677K(494976K), 0.0261322 secs] [Times: user=0.02 sys=0.01, real=0.03 secs] 
2019-06-10T18:11:53.329+0000: 30.099: [Full GC (Metadata GC Threshold) 2019-06-10T18:11:53.329+0000: 30.099: [Tenured: 35653K->44335K(341376K), 0.0477179 secs] 78313K->44335K(494976K), [Metaspace: 34622K->34622K(1079296K)], 0.0478163 secs] [Times: user=0.05 sys=0.01, real=0.05 secs] 
2019-06-10T18:11:58.295+0000: 35.065: [GC (Allocation Failure) 2019-06-10T18:11:58.295+0000: 35.065: [DefNew: 136576K->110K(153600K), 0.0019372 secs] 180911K->44446K(494976K), 0.0020006 secs] [Times: user=0.01 sys=0.00, real=0.01 secs] 
2019-06-10T18:12:03.361+0000: 40.131: [GC (Allocation Failure) 2019-06-10T18:12:03.361+0000: 40.131: [DefNew: 136686K->139K(153600K), 0.0018484 secs] 181022K->44475K(494976K), 0.0019081 secs] [Times: user=0.00 sys=0.00, real=0.00 secs] 
2019-06-10T18:12:08.463+0000: 45.233: [GC (Allocation Failure) 2019-06-10T18:12:08.463+0000: 45.233: [DefNew: 136715K->138K(153600K), 0.0018112 secs] 181051K->44474K(494976K), 0.0018702 secs] [Times: user=0.00 sys=0.00, real=0.00 secs] 
2019-06-10T18:12:13.541+0000: 50.311: [GC (Allocation Failure) 2019-06-10T18:12:13.541+0000: 50.311: [DefNew: 136714K->141K(153600K), 0.0018141 secs] 181050K->44477K(494976K), 0.0018747 secs] [Times: user=0.00 sys=0.00, real=0.00 secs] 
2019-06-10T18:12:25.007+0000: 61.778: [GC (Allocation Failure) 2019-06-10T18:12:25.007+0000: 61.778: [DefNew: 136717K->182K(153600K), 0.0020626 secs] 181053K->44517K(494976K), 0.0021242 secs] [Times: user=0.00 sys=0.00, real=0.01 secs] 
18:12:26.097 [Curator-PathChildrenCache-0] ERROR o.a.c.f.r.c.PathChildrenCache  - 
java.lang.IllegalStateException: instance must be started before calling this method
	at org.apache.curator.shaded.com.google.common.base.Preconditions.checkState(Preconditions.java:444)
	at org.apache.curator.framework.imps.CuratorFrameworkImpl.getChildren(CuratorFrameworkImpl.java:456)
	at org.apache.curator.framework.recipes.cache.PathChildrenCache.refresh(PathChildrenCache.java:521)
	at org.apache.curator.framework.recipes.cache.RefreshOperation.invoke(RefreshOperation.java:35)
	at org.apache.curator.framework.recipes.cache.PathChildrenCache$9.run(PathChildrenCache.java:786)
	at java.util.concurrent.Executors$RunnableAdapter.call(Executors.java:511)
	at java.util.concurrent.FutureTask.run(FutureTask.java:266)
	at java.util.concurrent.Executors$RunnableAdapter.call(Executors.java:511)
	at java.util.concurrent.FutureTask.run(FutureTask.java:266)
	at java.util.concurrent.ThreadPoolExecutor.runWorker(ThreadPoolExecutor.java:1149)
	at java.util.concurrent.ThreadPoolExecutor$Worker.run(ThreadPoolExecutor.java:624)
	at java.lang.Thread.run(Thread.java:748)
Heap
 def new generation   total 153600K, used 37232K [0x00000000e0c00000, 0x00000000eb2a0000, 0x00000000eb2a0000)
  eden space 136576K,  27% used [0x00000000e0c00000, 0x00000000e302eb48, 0x00000000e9160000)
  from space 17024K,   1% used [0x00000000e9160000, 0x00000000e918d810, 0x00000000ea200000)
  to   space 17024K,   0% used [0x00000000ea200000, 0x00000000ea200000, 0x00000000eb2a0000)
 tenured generation   total 341376K, used 44335K [0x00000000eb2a0000, 0x0000000100000000, 0x0000000100000000)
   the space 341376K,  12% used [0x00000000eb2a0000, 0x00000000eddebed0, 0x00000000eddec000, 0x0000000100000000)
 Metaspace       used 36351K, capacity 37230K, committed 37376K, reserved 1081344K
  class space    used 4892K, capacity 5093K, committed 5120K, reserved 1048576K
