07:45:17,107 |-INFO in ch.qos.logback.classic.LoggerContext[default] - Could NOT find resource [logback-test.xml]
07:45:17,107 |-INFO in ch.qos.logback.classic.LoggerContext[default] - Could NOT find resource [logback.groovy]
07:45:17,108 |-INFO in ch.qos.logback.classic.LoggerContext[default] - Found resource [logback.xml] at [jar:file:/home/nikitasokolov/flamestream/lib/flamestream-runtime-1.0-SNAPSHOT.jar!/logback.xml]
07:45:17,108 |-WARN in ch.qos.logback.classic.LoggerContext[default] - Resource [logback.xml] occurs multiple times on the classpath.
07:45:17,108 |-WARN in ch.qos.logback.classic.LoggerContext[default] - Resource [logback.xml] occurs at [jar:file:/home/nikitasokolov/flamestream/lib/flamestream-runtime-1.0-SNAPSHOT.jar!/logback.xml]
07:45:17,108 |-WARN in ch.qos.logback.classic.LoggerContext[default] - Resource [logback.xml] occurs at [jar:file:/home/nikitasokolov/flamestream/flamestream-runtime-1.0-SNAPSHOT.jar!/logback.xml]
07:45:17,125 |-INFO in ch.qos.logback.core.joran.spi.ConfigurationWatchList@6108b2d7 - URL [jar:file:/home/nikitasokolov/flamestream/lib/flamestream-runtime-1.0-SNAPSHOT.jar!/logback.xml] is not of type file
07:45:17,174 |-INFO in ch.qos.logback.classic.joran.action.ConfigurationAction - debug attribute not set
07:45:17,175 |-INFO in ch.qos.logback.core.joran.action.AppenderAction - About to instantiate appender of type [ch.qos.logback.core.ConsoleAppender]
07:45:17,183 |-INFO in ch.qos.logback.core.joran.action.AppenderAction - Naming appender as [STDOUT]
07:45:17,191 |-INFO in ch.qos.logback.core.joran.action.NestedComplexPropertyIA - Assuming default type [ch.qos.logback.classic.encoder.PatternLayoutEncoder] for [encoder] property
07:45:17,249 |-INFO in ch.qos.logback.core.joran.action.AppenderAction - About to instantiate appender of type [ch.qos.logback.core.rolling.RollingFileAppender]
07:45:17,254 |-INFO in ch.qos.logback.core.joran.action.AppenderAction - Naming appender as [FILE]
07:45:17,276 |-INFO in c.q.l.core.rolling.TimeBasedRollingPolicy@357863579 - No compression will be used
07:45:17,277 |-INFO in c.q.l.core.rolling.TimeBasedRollingPolicy@357863579 - Will use the pattern /tmp/application_%d{yyyy-MM-dd}.%i.log for the active file
07:45:17,280 |-INFO in ch.qos.logback.core.rolling.SizeAndTimeBasedFNATP@6bf256fa - The date pattern is 'yyyy-MM-dd' from file name pattern '/tmp/application_%d{yyyy-MM-dd}.%i.log'.
07:45:17,280 |-INFO in ch.qos.logback.core.rolling.SizeAndTimeBasedFNATP@6bf256fa - Roll-over at midnight.
07:45:17,284 |-INFO in ch.qos.logback.core.rolling.SizeAndTimeBasedFNATP@6bf256fa - Setting initial period to Sun Jun 09 07:44:30 MSK 2019
07:45:17,285 |-WARN in ch.qos.logback.core.rolling.SizeAndTimeBasedFNATP@6bf256fa - SizeAndTimeBasedFNATP is deprecated. Use SizeAndTimeBasedRollingPolicy instead
07:45:17,285 |-WARN in ch.qos.logback.core.rolling.SizeAndTimeBasedFNATP@6bf256fa - For more information see http://logback.qos.ch/manual/appenders.html#SizeAndTimeBasedRollingPolicy
07:45:17,289 |-INFO in ch.qos.logback.core.joran.action.NestedComplexPropertyIA - Assuming default type [ch.qos.logback.classic.encoder.PatternLayoutEncoder] for [encoder] property
07:45:17,292 |-INFO in ch.qos.logback.core.rolling.RollingFileAppender[FILE] - Active log file name: /tmp/application.log
07:45:17,292 |-INFO in ch.qos.logback.core.rolling.RollingFileAppender[FILE] - File property is set to [/tmp/application.log]
07:45:17,294 |-INFO in ch.qos.logback.classic.joran.action.RootLoggerAction - Setting level of ROOT logger to WARN
07:45:17,294 |-INFO in ch.qos.logback.core.joran.action.AppenderRefAction - Attaching appender named [STDOUT] to Logger[ROOT]
07:45:17,295 |-INFO in ch.qos.logback.core.joran.action.AppenderRefAction - Attaching appender named [FILE] to Logger[ROOT]
07:45:17,295 |-INFO in ch.qos.logback.classic.joran.action.ConfigurationAction - End of configuration.
07:45:17,296 |-INFO in ch.qos.logback.classic.joran.JoranConfigurator@6cd8737 - Registering current configuration as safe fallback point

2019-06-09T07:45:18.275+0300: 1.369: [GC (Metadata GC Threshold) [PSYoungGen: 110722K->15918K(149504K)] 110722K->15998K(491008K), 0.0262536 secs] [Times: user=0.09 sys=0.03, real=0.03 secs] 
2019-06-09T07:45:18.302+0300: 1.395: [Full GC (Metadata GC Threshold) [PSYoungGen: 15918K->0K(149504K)] [ParOldGen: 80K->15078K(341504K)] 15998K->15078K(491008K), [Metaspace: 20802K->20802K(1067008K)], 0.0259599 secs] [Times: user=0.17 sys=0.00, real=0.02 secs] 
07:45:30.389 [Curator-PathChildrenCache-1] WARN  o.a.c.u.ZKPaths  - The version of ZooKeeper being used doesn't support Container nodes. CreateMode.PERSISTENT will be used instead.
2019-06-09T07:45:31.795+0300: 14.888: [GC (Metadata GC Threshold) [PSYoungGen: 125851K->15921K(149504K)] 140930K->50539K(491008K), 0.0333465 secs] [Times: user=0.29 sys=0.02, real=0.03 secs] 
2019-06-09T07:45:31.828+0300: 14.922: [Full GC (Metadata GC Threshold) [PSYoungGen: 15921K->0K(149504K)] [ParOldGen: 34617K->38966K(341504K)] 50539K->38966K(491008K), [Metaspace: 34554K->34554K(1079296K)], 0.0418142 secs] [Times: user=0.26 sys=0.01, real=0.05 secs] 
2019-06-09T07:45:36.194+0300: 19.288: [GC (Allocation Failure) [PSYoungGen: 128512K->416K(149504K)] 167478K->39390K(491008K), 0.0094605 secs] [Times: user=0.09 sys=0.00, real=0.01 secs] 
2019-06-09T07:45:41.051+0300: 24.144: [GC (Allocation Failure) [PSYoungGen: 128928K->416K(149504K)] 167902K->39398K(491008K), 0.0031409 secs] [Times: user=0.02 sys=0.00, real=0.00 secs] 
2019-06-09T07:45:45.855+0300: 28.949: [GC (Allocation Failure) [PSYoungGen: 128928K->512K(129536K)] 167910K->39502K(471040K), 0.0053883 secs] [Times: user=0.03 sys=0.00, real=0.01 secs] 
2019-06-09T07:45:50.732+0300: 33.826: [GC (Allocation Failure) [PSYoungGen: 129024K->512K(150016K)] 168014K->39510K(491520K), 0.0031929 secs] [Times: user=0.02 sys=0.00, real=0.00 secs] 
2019-06-09T07:45:55.667+0300: 38.760: [GC (Allocation Failure) [PSYoungGen: 129024K->512K(148992K)] 168022K->39518K(490496K), 0.0045392 secs] [Times: user=0.03 sys=0.00, real=0.01 secs] 
2019-06-09T07:46:00.591+0300: 43.685: [GC (Allocation Failure) [PSYoungGen: 129024K->512K(151552K)] 168030K->39526K(493056K), 0.0036807 secs] [Times: user=0.02 sys=0.01, real=0.00 secs] 
2019-06-09T07:46:05.667+0300: 48.760: [GC (Allocation Failure) [PSYoungGen: 132096K->512K(150528K)] 171110K->39534K(492032K), 0.0045479 secs] [Times: user=0.03 sys=0.00, real=0.01 secs] 
2019-06-09T07:46:10.756+0300: 53.849: [GC (Allocation Failure) [PSYoungGen: 132096K->512K(153088K)] 171118K->39542K(494592K), 0.0222003 secs] [Times: user=0.02 sys=0.00, real=0.03 secs] 
2019-06-09T07:46:15.955+0300: 59.048: [GC (Allocation Failure) [PSYoungGen: 135680K->512K(152576K)] 174710K->39550K(494080K), 0.0787686 secs] [Times: user=0.01 sys=0.00, real=0.08 secs] 
2019-06-09T07:46:21.530+0300: 64.623: [GC (Allocation Failure) [PSYoungGen: 135680K->855K(155136K)] 174718K->39901K(496640K), 0.0037029 secs] [Times: user=0.01 sys=0.00, real=0.00 secs] 
2019-06-09T07:46:28.344+0300: 71.437: [GC (Allocation Failure) [PSYoungGen: 139607K->608K(154112K)] 178653K->39654K(495616K), 0.0037902 secs] [Times: user=0.02 sys=0.01, real=0.00 secs] 
2019-06-09T07:46:35.059+0300: 78.152: [GC (Allocation Failure) [PSYoungGen: 139360K->864K(156672K)] 178406K->39918K(498176K), 0.0030415 secs] [Times: user=0.01 sys=0.00, real=0.00 secs] 
07:46:48.464 [Curator-PathChildrenCache-0] ERROR o.a.c.f.r.c.PathChildrenCache  - 
java.lang.IllegalStateException: instance must be started before calling this method
	at org.apache.curator.shaded.com.google.common.base.Preconditions.checkState(Preconditions.java:444)
	at org.apache.curator.framework.imps.CuratorFrameworkImpl.getChildren(CuratorFrameworkImpl.java:456)
	at org.apache.curator.framework.recipes.cache.PathChildrenCache.refresh(PathChildrenCache.java:521)
	at org.apache.curator.framework.recipes.cache.RefreshOperation.invoke(RefreshOperation.java:35)
	at org.apache.curator.framework.recipes.cache.PathChildrenCache$9.run(PathChildrenCache.java:786)
	at java.util.concurrent.Executors$RunnableAdapter.call(Executors.java:511)
	at java.util.concurrent.FutureTask.run(FutureTask.java:266)
	at java.util.concurrent.Executors$RunnableAdapter.call(Executors.java:511)
	at java.util.concurrent.FutureTask.run(FutureTask.java:266)
	at java.util.concurrent.ThreadPoolExecutor.runWorker(ThreadPoolExecutor.java:1149)
	at java.util.concurrent.ThreadPoolExecutor$Worker.run(ThreadPoolExecutor.java:624)
	at java.lang.Thread.run(Thread.java:748)
Heap
 PSYoungGen      total 156672K, used 32637K [0x00000000f5980000, 0x0000000100000000, 0x0000000100000000)
  eden space 141824K, 22% used [0x00000000f5980000,0x00000000f7887600,0x00000000fe400000)
  from space 14848K, 5% used [0x00000000ff180000,0x00000000ff2580b0,0x0000000100000000)
  to   space 13824K, 0% used [0x00000000fe400000,0x00000000fe400000,0x00000000ff180000)
 ParOldGen       total 341504K, used 39054K [0x00000000e0c00000, 0x00000000f5980000, 0x00000000f5980000)
  object space 341504K, 11% used [0x00000000e0c00000,0x00000000e3223990,0x00000000f5980000)
 Metaspace       used 36206K, capacity 37022K, committed 37208K, reserved 1081344K
  class space    used 4978K, capacity 5161K, committed 5248K, reserved 1048576K
