01:33:17,193 |-INFO in ch.qos.logback.classic.LoggerContext[default] - Could NOT find resource [logback-test.xml]
01:33:17,193 |-INFO in ch.qos.logback.classic.LoggerContext[default] - Could NOT find resource [logback.groovy]
01:33:17,193 |-INFO in ch.qos.logback.classic.LoggerContext[default] - Found resource [logback.xml] at [jar:file:/home/nikitasokolov/flamestream/lib/flamestream-runtime-1.0-SNAPSHOT.jar!/logback.xml]
01:33:17,194 |-WARN in ch.qos.logback.classic.LoggerContext[default] - Resource [logback.xml] occurs multiple times on the classpath.
01:33:17,194 |-WARN in ch.qos.logback.classic.LoggerContext[default] - Resource [logback.xml] occurs at [jar:file:/home/nikitasokolov/flamestream/lib/flamestream-runtime-1.0-SNAPSHOT.jar!/logback.xml]
01:33:17,194 |-WARN in ch.qos.logback.classic.LoggerContext[default] - Resource [logback.xml] occurs at [jar:file:/home/nikitasokolov/flamestream/flamestream-runtime-1.0-SNAPSHOT.jar!/logback.xml]
01:33:17,210 |-INFO in ch.qos.logback.core.joran.spi.ConfigurationWatchList@2f7a2457 - URL [jar:file:/home/nikitasokolov/flamestream/lib/flamestream-runtime-1.0-SNAPSHOT.jar!/logback.xml] is not of type file
01:33:17,262 |-INFO in ch.qos.logback.classic.joran.action.ConfigurationAction - debug attribute not set
01:33:17,262 |-INFO in ch.qos.logback.core.joran.action.AppenderAction - About to instantiate appender of type [ch.qos.logback.core.ConsoleAppender]
01:33:17,270 |-INFO in ch.qos.logback.core.joran.action.AppenderAction - Naming appender as [STDOUT]
01:33:17,278 |-INFO in ch.qos.logback.core.joran.action.NestedComplexPropertyIA - Assuming default type [ch.qos.logback.classic.encoder.PatternLayoutEncoder] for [encoder] property
01:33:17,336 |-INFO in ch.qos.logback.core.joran.action.AppenderAction - About to instantiate appender of type [ch.qos.logback.core.rolling.RollingFileAppender]
01:33:17,342 |-INFO in ch.qos.logback.core.joran.action.AppenderAction - Naming appender as [FILE]
01:33:17,365 |-INFO in c.q.l.core.rolling.TimeBasedRollingPolicy@1449621165 - No compression will be used
01:33:17,366 |-INFO in c.q.l.core.rolling.TimeBasedRollingPolicy@1449621165 - Will use the pattern /tmp/application_%d{yyyy-MM-dd}.%i.log for the active file
01:33:17,369 |-INFO in ch.qos.logback.core.rolling.SizeAndTimeBasedFNATP@6108b2d7 - The date pattern is 'yyyy-MM-dd' from file name pattern '/tmp/application_%d{yyyy-MM-dd}.%i.log'.
01:33:17,369 |-INFO in ch.qos.logback.core.rolling.SizeAndTimeBasedFNATP@6108b2d7 - Roll-over at midnight.
01:33:17,373 |-INFO in ch.qos.logback.core.rolling.SizeAndTimeBasedFNATP@6108b2d7 - Setting initial period to Sat Jun 08 01:32:27 MSK 2019
01:33:17,373 |-WARN in ch.qos.logback.core.rolling.SizeAndTimeBasedFNATP@6108b2d7 - SizeAndTimeBasedFNATP is deprecated. Use SizeAndTimeBasedRollingPolicy instead
01:33:17,373 |-WARN in ch.qos.logback.core.rolling.SizeAndTimeBasedFNATP@6108b2d7 - For more information see http://logback.qos.ch/manual/appenders.html#SizeAndTimeBasedRollingPolicy
01:33:17,378 |-INFO in ch.qos.logback.core.joran.action.NestedComplexPropertyIA - Assuming default type [ch.qos.logback.classic.encoder.PatternLayoutEncoder] for [encoder] property
01:33:17,381 |-INFO in ch.qos.logback.core.rolling.RollingFileAppender[FILE] - Active log file name: /tmp/application.log
01:33:17,381 |-INFO in ch.qos.logback.core.rolling.RollingFileAppender[FILE] - File property is set to [/tmp/application.log]
01:33:17,382 |-INFO in ch.qos.logback.classic.joran.action.RootLoggerAction - Setting level of ROOT logger to WARN
01:33:17,382 |-INFO in ch.qos.logback.core.joran.action.AppenderRefAction - Attaching appender named [STDOUT] to Logger[ROOT]
01:33:17,383 |-INFO in ch.qos.logback.core.joran.action.AppenderRefAction - Attaching appender named [FILE] to Logger[ROOT]
01:33:17,383 |-INFO in ch.qos.logback.classic.joran.action.ConfigurationAction - End of configuration.
01:33:17,383 |-INFO in ch.qos.logback.classic.joran.JoranConfigurator@1554909b - Registering current configuration as safe fallback point

2019-06-08T01:33:18.397+0300: 1.418: [GC (Metadata GC Threshold) [PSYoungGen: 108082K->15869K(149504K)] 108082K->15949K(491008K), 0.0178091 secs] [Times: user=0.09 sys=0.00, real=0.02 secs] 
2019-06-08T01:33:18.415+0300: 1.436: [Full GC (Metadata GC Threshold) [PSYoungGen: 15869K->0K(149504K)] [ParOldGen: 80K->14984K(341504K)] 15949K->14984K(491008K), [Metaspace: 20805K->20805K(1067008K)], 0.0290020 secs] [Times: user=0.19 sys=0.01, real=0.03 secs] 
01:33:30.450 [Curator-PathChildrenCache-1] WARN  o.a.c.u.ZKPaths  - The version of ZooKeeper being used doesn't support Container nodes. CreateMode.PERSISTENT will be used instead.
2019-06-08T01:33:31.220+0300: 14.241: [GC (Metadata GC Threshold) [PSYoungGen: 125948K->15279K(149504K)] 140932K->49802K(491008K), 0.0350420 secs] [Times: user=0.24 sys=0.04, real=0.03 secs] 
2019-06-08T01:33:31.255+0300: 14.276: [Full GC (Metadata GC Threshold) [PSYoungGen: 15279K->0K(149504K)] [ParOldGen: 34523K->38278K(341504K)] 49802K->38278K(491008K), [Metaspace: 34550K->34550K(1079296K)], 0.0436004 secs] [Times: user=0.22 sys=0.01, real=0.05 secs] 
2019-06-08T01:33:35.426+0300: 18.447: [GC (Allocation Failure) [PSYoungGen: 128512K->416K(149504K)] 166790K->38702K(491008K), 0.0026928 secs] [Times: user=0.01 sys=0.00, real=0.00 secs] 
2019-06-08T01:33:40.591+0300: 23.612: [GC (Allocation Failure) [PSYoungGen: 128928K->512K(149504K)] 167214K->38806K(491008K), 0.0034538 secs] [Times: user=0.02 sys=0.00, real=0.00 secs] 
2019-06-08T01:33:45.895+0300: 28.916: [GC (Allocation Failure) [PSYoungGen: 129024K->512K(149504K)] 167318K->38814K(491008K), 0.0028744 secs] [Times: user=0.01 sys=0.01, real=0.01 secs] 
2019-06-08T01:33:50.777+0300: 33.798: [GC (Allocation Failure) [PSYoungGen: 129024K->576K(150016K)] 167326K->38886K(491520K), 0.0036317 secs] [Times: user=0.02 sys=0.00, real=0.01 secs] 
2019-06-08T01:33:56.182+0300: 39.203: [GC (Allocation Failure) [PSYoungGen: 129600K->640K(149504K)] 167910K->38950K(491008K), 0.0027176 secs] [Times: user=0.01 sys=0.00, real=0.00 secs] 
2019-06-08T01:34:01.473+0300: 44.494: [GC (Allocation Failure) [PSYoungGen: 129664K->544K(152064K)] 167974K->38862K(493568K), 0.0047097 secs] [Times: user=0.03 sys=0.00, real=0.01 secs] 
01:34:07.390 [Curator-PathChildrenCache-0] ERROR o.a.c.f.r.c.PathChildrenCache  - 
java.lang.IllegalStateException: instance must be started before calling this method
	at org.apache.curator.shaded.com.google.common.base.Preconditions.checkState(Preconditions.java:444)
	at org.apache.curator.framework.imps.CuratorFrameworkImpl.getChildren(CuratorFrameworkImpl.java:456)
	at org.apache.curator.framework.recipes.cache.PathChildrenCache.refresh(PathChildrenCache.java:521)
	at org.apache.curator.framework.recipes.cache.RefreshOperation.invoke(RefreshOperation.java:35)
	at org.apache.curator.framework.recipes.cache.PathChildrenCache$9.run(PathChildrenCache.java:786)
	at java.util.concurrent.Executors$RunnableAdapter.call(Executors.java:511)
	at java.util.concurrent.FutureTask.run(FutureTask.java:266)
	at java.util.concurrent.Executors$RunnableAdapter.call(Executors.java:511)
	at java.util.concurrent.FutureTask.run(FutureTask.java:266)
	at java.util.concurrent.ThreadPoolExecutor.runWorker(ThreadPoolExecutor.java:1149)
	at java.util.concurrent.ThreadPoolExecutor$Worker.run(ThreadPoolExecutor.java:624)
	at java.lang.Thread.run(Thread.java:748)
Heap
 PSYoungGen      total 152064K, used 33010K [0x00000000f5980000, 0x0000000100000000, 0x0000000100000000)
  eden space 132608K, 24% used [0x00000000f5980000,0x00000000f79347e0,0x00000000fdb00000)
  from space 19456K, 2% used [0x00000000fed00000,0x00000000fed88070,0x0000000100000000)
  to   space 18432K, 0% used [0x00000000fdb00000,0x00000000fdb00000,0x00000000fed00000)
 ParOldGen       total 341504K, used 38318K [0x00000000e0c00000, 0x00000000f5980000, 0x00000000f5980000)
  object space 341504K, 11% used [0x00000000e0c00000,0x00000000e316b968,0x00000000f5980000)
 Metaspace       used 35895K, capacity 36780K, committed 36952K, reserved 1081344K
  class space    used 4949K, capacity 5148K, committed 5248K, reserved 1048576K
