13:14:50,969 |-INFO in ch.qos.logback.classic.LoggerContext[default] - Could NOT find resource [logback-test.xml]
13:14:50,969 |-INFO in ch.qos.logback.classic.LoggerContext[default] - Could NOT find resource [logback.groovy]
13:14:50,969 |-INFO in ch.qos.logback.classic.LoggerContext[default] - Found resource [logback.xml] at [jar:file:/root/flamestream/lib/flamestream-runtime-1.0-SNAPSHOT.jar!/logback.xml]
13:14:50,970 |-WARN in ch.qos.logback.classic.LoggerContext[default] - Resource [logback.xml] occurs multiple times on the classpath.
13:14:50,970 |-WARN in ch.qos.logback.classic.LoggerContext[default] - Resource [logback.xml] occurs at [jar:file:/root/flamestream/lib/flamestream-runtime-1.0-SNAPSHOT.jar!/logback.xml]
13:14:50,970 |-WARN in ch.qos.logback.classic.LoggerContext[default] - Resource [logback.xml] occurs at [jar:file:/root/flamestream/flamestream-runtime-1.0-SNAPSHOT.jar!/logback.xml]
13:14:50,991 |-INFO in ch.qos.logback.core.joran.spi.ConfigurationWatchList@3fb6a447 - URL [jar:file:/root/flamestream/lib/flamestream-runtime-1.0-SNAPSHOT.jar!/logback.xml] is not of type file
13:14:51,058 |-INFO in ch.qos.logback.classic.joran.action.ConfigurationAction - debug attribute not set
13:14:51,058 |-INFO in ch.qos.logback.core.joran.action.AppenderAction - About to instantiate appender of type [ch.qos.logback.core.ConsoleAppender]
13:14:51,080 |-INFO in ch.qos.logback.core.joran.action.AppenderAction - Naming appender as [STDOUT]
13:14:51,095 |-INFO in ch.qos.logback.core.joran.action.NestedComplexPropertyIA - Assuming default type [ch.qos.logback.classic.encoder.PatternLayoutEncoder] for [encoder] property
13:14:51,171 |-INFO in ch.qos.logback.core.joran.action.AppenderAction - About to instantiate appender of type [ch.qos.logback.core.rolling.RollingFileAppender]
13:14:51,184 |-INFO in ch.qos.logback.core.joran.action.AppenderAction - Naming appender as [FILE]
13:14:51,212 |-INFO in c.q.l.core.rolling.TimeBasedRollingPolicy@127618319 - No compression will be used
13:14:51,213 |-INFO in c.q.l.core.rolling.TimeBasedRollingPolicy@127618319 - Will use the pattern /tmp/application_%d{yyyy-MM-dd}.%i.log for the active file
13:14:51,216 |-INFO in ch.qos.logback.core.rolling.SizeAndTimeBasedFNATP@6b2fad11 - The date pattern is 'yyyy-MM-dd' from file name pattern '/tmp/application_%d{yyyy-MM-dd}.%i.log'.
13:14:51,216 |-INFO in ch.qos.logback.core.rolling.SizeAndTimeBasedFNATP@6b2fad11 - Roll-over at midnight.
13:14:51,221 |-INFO in ch.qos.logback.core.rolling.SizeAndTimeBasedFNATP@6b2fad11 - Setting initial period to Mon Jun 10 13:13:31 UTC 2019
13:14:51,221 |-WARN in ch.qos.logback.core.rolling.SizeAndTimeBasedFNATP@6b2fad11 - SizeAndTimeBasedFNATP is deprecated. Use SizeAndTimeBasedRollingPolicy instead
13:14:51,221 |-WARN in ch.qos.logback.core.rolling.SizeAndTimeBasedFNATP@6b2fad11 - For more information see http://logback.qos.ch/manual/appenders.html#SizeAndTimeBasedRollingPolicy
13:14:51,226 |-INFO in ch.qos.logback.core.joran.action.NestedComplexPropertyIA - Assuming default type [ch.qos.logback.classic.encoder.PatternLayoutEncoder] for [encoder] property
13:14:51,230 |-INFO in ch.qos.logback.core.rolling.RollingFileAppender[FILE] - Active log file name: /tmp/application.log
13:14:51,230 |-INFO in ch.qos.logback.core.rolling.RollingFileAppender[FILE] - File property is set to [/tmp/application.log]
13:14:51,231 |-INFO in ch.qos.logback.classic.joran.action.RootLoggerAction - Setting level of ROOT logger to WARN
13:14:51,231 |-INFO in ch.qos.logback.core.joran.action.AppenderRefAction - Attaching appender named [STDOUT] to Logger[ROOT]
13:14:51,231 |-INFO in ch.qos.logback.core.joran.action.AppenderRefAction - Attaching appender named [FILE] to Logger[ROOT]
13:14:51,231 |-INFO in ch.qos.logback.classic.joran.action.ConfigurationAction - End of configuration.
13:14:51,232 |-INFO in ch.qos.logback.classic.joran.JoranConfigurator@79698539 - Registering current configuration as safe fallback point

Ama winner
Ama winner
2019-06-10T13:14:52.486+0000: 1.701: [Full GC (Metadata GC Threshold) 2019-06-10T13:14:52.486+0000: 1.701: [Tenured: 0K->15242K(341376K), 0.0395307 secs] 114923K->15242K(494976K), [Metaspace: 20734K->20734K(1067008K)], 0.0395955 secs] [Times: user=0.04 sys=0.01, real=0.04 secs] 
13:15:12.373 [Curator-PathChildrenCache-1] WARN  o.a.c.u.ZKPaths  - The version of ZooKeeper being used doesn't support Container nodes. CreateMode.PERSISTENT will be used instead.
2019-06-10T13:15:14.672+0000: 23.887: [GC (Allocation Failure) 2019-06-10T13:15:14.672+0000: 23.887: [DefNew: 136576K->17024K(153600K), 0.0270759 secs] 151818K->52604K(494976K), 0.0271565 secs] [Times: user=0.02 sys=0.02, real=0.03 secs] 
2019-06-10T13:15:18.179+0000: 27.395: [Full GC (Metadata GC Threshold) 2019-06-10T13:15:18.180+0000: 27.395: [Tenured: 35580K->44543K(341376K), 0.0459929 secs] 111500K->44543K(494976K), [Metaspace: 34589K->34589K(1079296K)], 0.0460681 secs] [Times: user=0.04 sys=0.01, real=0.05 secs] 
2019-06-10T13:15:26.881+0000: 36.097: [GC (Allocation Failure) 2019-06-10T13:15:26.881+0000: 36.097: [DefNew: 136576K->87K(153600K), 0.0018195 secs] 181119K->44630K(494976K), 0.0018791 secs] [Times: user=0.00 sys=0.00, real=0.00 secs] 
2019-06-10T13:15:35.498+0000: 44.713: [GC (Allocation Failure) 2019-06-10T13:15:35.498+0000: 44.713: [DefNew: 136663K->155K(153600K), 0.0018572 secs] 181206K->44698K(494976K), 0.0019183 secs] [Times: user=0.01 sys=0.00, real=0.00 secs] 
2019-06-10T13:15:44.219+0000: 53.434: [GC (Allocation Failure) 2019-06-10T13:15:44.219+0000: 53.435: [DefNew: 136731K->164K(153600K), 0.0018074 secs] 181274K->44707K(494976K), 0.0018686 secs] [Times: user=0.01 sys=0.00, real=0.00 secs] 
2019-06-10T13:15:53.030+0000: 62.246: [GC (Allocation Failure) 2019-06-10T13:15:53.030+0000: 62.246: [DefNew: 136740K->491K(153600K), 0.0023038 secs] 181283K->45035K(494976K), 0.0023573 secs] [Times: user=0.00 sys=0.00, real=0.00 secs] 
2019-06-10T13:16:03.557+0000: 72.772: [GC (Allocation Failure) 2019-06-10T13:16:03.557+0000: 72.772: [DefNew: 137067K->248K(153600K), 0.0021976 secs] 181611K->44791K(494976K), 0.0022651 secs] [Times: user=0.00 sys=0.00, real=0.00 secs] 
2019-06-10T13:16:21.386+0000: 90.602: [GC (Allocation Failure) 2019-06-10T13:16:21.386+0000: 90.602: [DefNew: 136824K->248K(153600K), 0.0021884 secs] 181367K->44792K(494976K), 0.0022512 secs] [Times: user=0.00 sys=0.00, real=0.00 secs] 
13:16:23.491 [Curator-PathChildrenCache-0] ERROR o.a.c.f.r.c.PathChildrenCache  - 
java.lang.IllegalStateException: instance must be started before calling this method
	at org.apache.curator.shaded.com.google.common.base.Preconditions.checkState(Preconditions.java:444)
	at org.apache.curator.framework.imps.CuratorFrameworkImpl.getChildren(CuratorFrameworkImpl.java:456)
	at org.apache.curator.framework.recipes.cache.PathChildrenCache.refresh(PathChildrenCache.java:521)
	at org.apache.curator.framework.recipes.cache.RefreshOperation.invoke(RefreshOperation.java:35)
	at org.apache.curator.framework.recipes.cache.PathChildrenCache$9.run(PathChildrenCache.java:786)
	at java.util.concurrent.Executors$RunnableAdapter.call(Executors.java:511)
	at java.util.concurrent.FutureTask.run(FutureTask.java:266)
	at java.util.concurrent.Executors$RunnableAdapter.call(Executors.java:511)
	at java.util.concurrent.FutureTask.run(FutureTask.java:266)
	at java.util.concurrent.ThreadPoolExecutor.runWorker(ThreadPoolExecutor.java:1149)
	at java.util.concurrent.ThreadPoolExecutor$Worker.run(ThreadPoolExecutor.java:624)
	at java.lang.Thread.run(Thread.java:748)
Heap
 def new generation   total 153600K, used 20777K [0x00000000e0c00000, 0x00000000eb2a0000, 0x00000000eb2a0000)
  eden space 136576K,  15% used [0x00000000e0c00000, 0x00000000e200c2c0, 0x00000000e9160000)
  from space 17024K,   1% used [0x00000000ea200000, 0x00000000ea23e270, 0x00000000eb2a0000)
  to   space 17024K,   0% used [0x00000000e9160000, 0x00000000e9160000, 0x00000000ea200000)
 tenured generation   total 341376K, used 44543K [0x00000000eb2a0000, 0x0000000100000000, 0x0000000100000000)
   the space 341376K,  13% used [0x00000000eb2a0000, 0x00000000ede1fe00, 0x00000000ede1fe00, 0x0000000100000000)
 Metaspace       used 36097K, capacity 36986K, committed 37120K, reserved 1081344K
  class space    used 4855K, capacity 5073K, committed 5120K, reserved 1048576K
