16:20:48,652 |-INFO in ch.qos.logback.classic.LoggerContext[default] - Could NOT find resource [logback-test.xml]
16:20:48,652 |-INFO in ch.qos.logback.classic.LoggerContext[default] - Could NOT find resource [logback.groovy]
16:20:48,653 |-INFO in ch.qos.logback.classic.LoggerContext[default] - Found resource [logback.xml] at [jar:file:/root/flamestream/lib/flamestream-runtime-1.0-SNAPSHOT.jar!/logback.xml]
16:20:48,654 |-WARN in ch.qos.logback.classic.LoggerContext[default] - Resource [logback.xml] occurs multiple times on the classpath.
16:20:48,654 |-WARN in ch.qos.logback.classic.LoggerContext[default] - Resource [logback.xml] occurs at [jar:file:/root/flamestream/lib/flamestream-runtime-1.0-SNAPSHOT.jar!/logback.xml]
16:20:48,654 |-WARN in ch.qos.logback.classic.LoggerContext[default] - Resource [logback.xml] occurs at [jar:file:/root/flamestream/flamestream-runtime-1.0-SNAPSHOT.jar!/logback.xml]
16:20:48,672 |-INFO in ch.qos.logback.core.joran.spi.ConfigurationWatchList@3fb6a447 - URL [jar:file:/root/flamestream/lib/flamestream-runtime-1.0-SNAPSHOT.jar!/logback.xml] is not of type file
16:20:48,737 |-INFO in ch.qos.logback.classic.joran.action.ConfigurationAction - debug attribute not set
16:20:48,738 |-INFO in ch.qos.logback.core.joran.action.AppenderAction - About to instantiate appender of type [ch.qos.logback.core.ConsoleAppender]
16:20:48,754 |-INFO in ch.qos.logback.core.joran.action.AppenderAction - Naming appender as [STDOUT]
16:20:48,774 |-INFO in ch.qos.logback.core.joran.action.NestedComplexPropertyIA - Assuming default type [ch.qos.logback.classic.encoder.PatternLayoutEncoder] for [encoder] property
16:20:48,869 |-INFO in ch.qos.logback.core.joran.action.AppenderAction - About to instantiate appender of type [ch.qos.logback.core.rolling.RollingFileAppender]
16:20:48,876 |-INFO in ch.qos.logback.core.joran.action.AppenderAction - Naming appender as [FILE]
16:20:48,905 |-INFO in c.q.l.core.rolling.TimeBasedRollingPolicy@127618319 - No compression will be used
16:20:48,906 |-INFO in c.q.l.core.rolling.TimeBasedRollingPolicy@127618319 - Will use the pattern /tmp/application_%d{yyyy-MM-dd}.%i.log for the active file
16:20:48,909 |-INFO in ch.qos.logback.core.rolling.SizeAndTimeBasedFNATP@6b2fad11 - The date pattern is 'yyyy-MM-dd' from file name pattern '/tmp/application_%d{yyyy-MM-dd}.%i.log'.
16:20:48,909 |-INFO in ch.qos.logback.core.rolling.SizeAndTimeBasedFNATP@6b2fad11 - Roll-over at midnight.
16:20:48,914 |-INFO in ch.qos.logback.core.rolling.SizeAndTimeBasedFNATP@6b2fad11 - Setting initial period to Mon Jun 10 16:19:23 UTC 2019
16:20:48,914 |-WARN in ch.qos.logback.core.rolling.SizeAndTimeBasedFNATP@6b2fad11 - SizeAndTimeBasedFNATP is deprecated. Use SizeAndTimeBasedRollingPolicy instead
16:20:48,914 |-WARN in ch.qos.logback.core.rolling.SizeAndTimeBasedFNATP@6b2fad11 - For more information see http://logback.qos.ch/manual/appenders.html#SizeAndTimeBasedRollingPolicy
16:20:48,918 |-INFO in ch.qos.logback.core.joran.action.NestedComplexPropertyIA - Assuming default type [ch.qos.logback.classic.encoder.PatternLayoutEncoder] for [encoder] property
16:20:48,923 |-INFO in ch.qos.logback.core.rolling.RollingFileAppender[FILE] - Active log file name: /tmp/application.log
16:20:48,923 |-INFO in ch.qos.logback.core.rolling.RollingFileAppender[FILE] - File property is set to [/tmp/application.log]
16:20:48,924 |-INFO in ch.qos.logback.classic.joran.action.RootLoggerAction - Setting level of ROOT logger to WARN
16:20:48,924 |-INFO in ch.qos.logback.core.joran.action.AppenderRefAction - Attaching appender named [STDOUT] to Logger[ROOT]
16:20:48,926 |-INFO in ch.qos.logback.core.joran.action.AppenderRefAction - Attaching appender named [FILE] to Logger[ROOT]
16:20:48,926 |-INFO in ch.qos.logback.classic.joran.action.ConfigurationAction - End of configuration.
16:20:48,927 |-INFO in ch.qos.logback.classic.joran.JoranConfigurator@79698539 - Registering current configuration as safe fallback point

Ama winner
Ama winner
2019-06-10T16:20:50.171+0000: 1.702: [Full GC (Metadata GC Threshold) 2019-06-10T16:20:50.171+0000: 1.702: [Tenured: 0K->15223K(341376K), 0.0385474 secs] 114923K->15223K(494976K), [Metaspace: 20725K->20725K(1067008K)], 0.0386164 secs] [Times: user=0.03 sys=0.01, real=0.04 secs] 
16:21:07.866 [Curator-PathChildrenCache-2] WARN  o.a.c.u.ZKPaths  - The version of ZooKeeper being used doesn't support Container nodes. CreateMode.PERSISTENT will be used instead.
2019-06-10T16:21:10.343+0000: 21.874: [GC (Allocation Failure) 2019-06-10T16:21:10.343+0000: 21.874: [DefNew: 121203K->17023K(153600K), 0.0206356 secs] 136426K->33391K(494976K), 0.0207027 secs] [Times: user=0.02 sys=0.00, real=0.02 secs] 
2019-06-10T16:21:10.662+0000: 22.193: [Full GC (Metadata GC Threshold) 2019-06-10T16:21:10.662+0000: 22.193: [Tenured: 16367K->44915K(341376K), 0.0459784 secs] 65813K->44915K(494976K), [Metaspace: 34524K->34524K(1079296K)], 0.0460666 secs] [Times: user=0.02 sys=0.02, real=0.04 secs] 
2019-06-10T16:21:15.015+0000: 26.546: [GC (Allocation Failure) 2019-06-10T16:21:15.015+0000: 26.546: [DefNew: 136576K->402K(153600K), 0.0027696 secs] 181491K->45318K(494976K), 0.0028482 secs] [Times: user=0.00 sys=0.00, real=0.00 secs] 
2019-06-10T16:21:19.327+0000: 30.858: [GC (Allocation Failure) 2019-06-10T16:21:19.327+0000: 30.858: [DefNew: 136978K->395K(153600K), 0.0023674 secs] 181894K->45310K(494976K), 0.0024257 secs] [Times: user=0.00 sys=0.00, real=0.00 secs] 
2019-06-10T16:21:23.610+0000: 35.141: [GC (Allocation Failure) 2019-06-10T16:21:23.610+0000: 35.141: [DefNew: 136971K->434K(153600K), 0.0023585 secs] 181886K->45350K(494976K), 0.0024222 secs] [Times: user=0.00 sys=0.00, real=0.01 secs] 
2019-06-10T16:21:27.924+0000: 39.455: [GC (Allocation Failure) 2019-06-10T16:21:27.924+0000: 39.455: [DefNew: 137010K->431K(153600K), 0.0023529 secs] 181926K->45347K(494976K), 0.0024145 secs] [Times: user=0.01 sys=0.00, real=0.00 secs] 
2019-06-10T16:21:32.209+0000: 43.740: [GC (Allocation Failure) 2019-06-10T16:21:32.209+0000: 43.740: [DefNew: 137007K->441K(153600K), 0.0024144 secs] 181923K->45357K(494976K), 0.0024764 secs] [Times: user=0.00 sys=0.00, real=0.01 secs] 
2019-06-10T16:21:36.526+0000: 48.057: [GC (Allocation Failure) 2019-06-10T16:21:36.526+0000: 48.057: [DefNew: 137017K->435K(153600K), 0.0024565 secs] 181933K->45351K(494976K), 0.0025203 secs] [Times: user=0.01 sys=0.00, real=0.00 secs] 
2019-06-10T16:21:40.845+0000: 52.376: [GC (Allocation Failure) 2019-06-10T16:21:40.845+0000: 52.376: [DefNew: 137011K->443K(153600K), 0.0024588 secs] 181927K->45358K(494976K), 0.0025193 secs] [Times: user=0.00 sys=0.00, real=0.00 secs] 
2019-06-10T16:21:45.137+0000: 56.668: [GC (Allocation Failure) 2019-06-10T16:21:45.137+0000: 56.668: [DefNew: 137019K->432K(153600K), 0.0024776 secs] 181934K->45347K(494976K), 0.0025406 secs] [Times: user=0.01 sys=0.00, real=0.01 secs] 
16:21:58.233 [Curator-PathChildrenCache-0] ERROR o.a.c.f.r.c.PathChildrenCache  - 
java.lang.IllegalStateException: instance must be started before calling this method
	at org.apache.curator.shaded.com.google.common.base.Preconditions.checkState(Preconditions.java:444)
	at org.apache.curator.framework.imps.CuratorFrameworkImpl.getChildren(CuratorFrameworkImpl.java:456)
	at org.apache.curator.framework.recipes.cache.PathChildrenCache.refresh(PathChildrenCache.java:521)
	at org.apache.curator.framework.recipes.cache.RefreshOperation.invoke(RefreshOperation.java:35)
	at org.apache.curator.framework.recipes.cache.PathChildrenCache$9.run(PathChildrenCache.java:786)
	at java.util.concurrent.Executors$RunnableAdapter.call(Executors.java:511)
	at java.util.concurrent.FutureTask.run(FutureTask.java:266)
	at java.util.concurrent.Executors$RunnableAdapter.call(Executors.java:511)
	at java.util.concurrent.FutureTask.run(FutureTask.java:266)
	at java.util.concurrent.ThreadPoolExecutor.runWorker(ThreadPoolExecutor.java:1149)
	at java.util.concurrent.ThreadPoolExecutor$Worker.run(ThreadPoolExecutor.java:624)
	at java.lang.Thread.run(Thread.java:748)
Heap
 def new generation   total 153600K, used 122237K [0x00000000e0c00000, 0x00000000eb2a0000, 0x00000000eb2a0000)
  eden space 136576K,  89% used [0x00000000e0c00000, 0x00000000e82f36d0, 0x00000000e9160000)
  from space 17024K,   2% used [0x00000000ea200000, 0x00000000ea26c008, 0x00000000eb2a0000)
  to   space 17024K,   0% used [0x00000000e9160000, 0x00000000e9160000, 0x00000000ea200000)
 tenured generation   total 341376K, used 44915K [0x00000000eb2a0000, 0x0000000100000000, 0x0000000100000000)
   the space 341376K,  13% used [0x00000000eb2a0000, 0x00000000ede7ce70, 0x00000000ede7d000, 0x0000000100000000)
 Metaspace       used 36439K, capacity 37384K, committed 37760K, reserved 1081344K
  class space    used 4904K, capacity 5124K, committed 5248K, reserved 1048576K
