17:56:33,970 |-INFO in ch.qos.logback.classic.LoggerContext[default] - Could NOT find resource [logback-test.xml]
17:56:33,970 |-INFO in ch.qos.logback.classic.LoggerContext[default] - Could NOT find resource [logback.groovy]
17:56:33,970 |-INFO in ch.qos.logback.classic.LoggerContext[default] - Found resource [logback.xml] at [jar:file:/home/nikitasokolov/flamestream/lib/flamestream-runtime-1.0-SNAPSHOT.jar!/logback.xml]
17:56:33,971 |-WARN in ch.qos.logback.classic.LoggerContext[default] - Resource [logback.xml] occurs multiple times on the classpath.
17:56:33,971 |-WARN in ch.qos.logback.classic.LoggerContext[default] - Resource [logback.xml] occurs at [jar:file:/home/nikitasokolov/flamestream/lib/flamestream-runtime-1.0-SNAPSHOT.jar!/logback.xml]
17:56:33,971 |-WARN in ch.qos.logback.classic.LoggerContext[default] - Resource [logback.xml] occurs at [jar:file:/home/nikitasokolov/flamestream/flamestream-runtime-1.0-SNAPSHOT.jar!/logback.xml]
17:56:33,987 |-INFO in ch.qos.logback.core.joran.spi.ConfigurationWatchList@6108b2d7 - URL [jar:file:/home/nikitasokolov/flamestream/lib/flamestream-runtime-1.0-SNAPSHOT.jar!/logback.xml] is not of type file
17:56:34,035 |-INFO in ch.qos.logback.classic.joran.action.ConfigurationAction - debug attribute not set
17:56:34,036 |-INFO in ch.qos.logback.core.joran.action.AppenderAction - About to instantiate appender of type [ch.qos.logback.core.ConsoleAppender]
17:56:34,044 |-INFO in ch.qos.logback.core.joran.action.AppenderAction - Naming appender as [STDOUT]
17:56:34,052 |-INFO in ch.qos.logback.core.joran.action.NestedComplexPropertyIA - Assuming default type [ch.qos.logback.classic.encoder.PatternLayoutEncoder] for [encoder] property
17:56:34,105 |-INFO in ch.qos.logback.core.joran.action.AppenderAction - About to instantiate appender of type [ch.qos.logback.core.rolling.RollingFileAppender]
17:56:34,110 |-INFO in ch.qos.logback.core.joran.action.AppenderAction - Naming appender as [FILE]
17:56:34,131 |-INFO in c.q.l.core.rolling.TimeBasedRollingPolicy@357863579 - No compression will be used
17:56:34,133 |-INFO in c.q.l.core.rolling.TimeBasedRollingPolicy@357863579 - Will use the pattern /tmp/application_%d{yyyy-MM-dd}.%i.log for the active file
17:56:34,135 |-INFO in ch.qos.logback.core.rolling.SizeAndTimeBasedFNATP@6bf256fa - The date pattern is 'yyyy-MM-dd' from file name pattern '/tmp/application_%d{yyyy-MM-dd}.%i.log'.
17:56:34,135 |-INFO in ch.qos.logback.core.rolling.SizeAndTimeBasedFNATP@6bf256fa - Roll-over at midnight.
17:56:34,139 |-INFO in ch.qos.logback.core.rolling.SizeAndTimeBasedFNATP@6bf256fa - Setting initial period to Sun Jun 09 17:55:48 MSK 2019
17:56:34,139 |-WARN in ch.qos.logback.core.rolling.SizeAndTimeBasedFNATP@6bf256fa - SizeAndTimeBasedFNATP is deprecated. Use SizeAndTimeBasedRollingPolicy instead
17:56:34,139 |-WARN in ch.qos.logback.core.rolling.SizeAndTimeBasedFNATP@6bf256fa - For more information see http://logback.qos.ch/manual/appenders.html#SizeAndTimeBasedRollingPolicy
17:56:34,143 |-INFO in ch.qos.logback.core.joran.action.NestedComplexPropertyIA - Assuming default type [ch.qos.logback.classic.encoder.PatternLayoutEncoder] for [encoder] property
17:56:34,146 |-INFO in ch.qos.logback.core.rolling.RollingFileAppender[FILE] - Active log file name: /tmp/application.log
17:56:34,146 |-INFO in ch.qos.logback.core.rolling.RollingFileAppender[FILE] - File property is set to [/tmp/application.log]
17:56:34,147 |-INFO in ch.qos.logback.classic.joran.action.RootLoggerAction - Setting level of ROOT logger to WARN
17:56:34,147 |-INFO in ch.qos.logback.core.joran.action.AppenderRefAction - Attaching appender named [STDOUT] to Logger[ROOT]
17:56:34,147 |-INFO in ch.qos.logback.core.joran.action.AppenderRefAction - Attaching appender named [FILE] to Logger[ROOT]
17:56:34,147 |-INFO in ch.qos.logback.classic.joran.action.ConfigurationAction - End of configuration.
17:56:34,148 |-INFO in ch.qos.logback.classic.joran.JoranConfigurator@6cd8737 - Registering current configuration as safe fallback point

2019-06-09T17:56:35.108+0300: 1.336: [GC (Metadata GC Threshold) [PSYoungGen: 110722K->15952K(149504K)] 110722K->16032K(491008K), 0.0216697 secs] [Times: user=0.09 sys=0.03, real=0.03 secs] 
2019-06-09T17:56:35.130+0300: 1.358: [Full GC (Metadata GC Threshold) [PSYoungGen: 15952K->0K(149504K)] [ParOldGen: 80K->15078K(341504K)] 16032K->15078K(491008K), [Metaspace: 20802K->20802K(1067008K)], 0.0292503 secs] [Times: user=0.20 sys=0.01, real=0.03 secs] 
17:56:43.440 [Curator-PathChildrenCache-1] WARN  o.a.c.u.ZKPaths  - The version of ZooKeeper being used doesn't support Container nodes. CreateMode.PERSISTENT will be used instead.
2019-06-09T17:56:44.498+0300: 10.726: [GC (Allocation Failure) [PSYoungGen: 128512K->20971K(149504K)] 143590K->49963K(491008K), 0.0222288 secs] [Times: user=0.20 sys=0.04, real=0.02 secs] 
2019-06-09T17:56:44.543+0300: 10.771: [GC (Metadata GC Threshold) [PSYoungGen: 27384K->20987K(149504K)] 56376K->50115K(491008K), 0.0124769 secs] [Times: user=0.15 sys=0.00, real=0.01 secs] 
2019-06-09T17:56:44.555+0300: 10.783: [Full GC (Metadata GC Threshold) [PSYoungGen: 20987K->0K(149504K)] [ParOldGen: 29127K->35268K(341504K)] 50115K->35268K(491008K), [Metaspace: 34568K->34568K(1079296K)], 0.0412236 secs] [Times: user=0.22 sys=0.02, real=0.04 secs] 
2019-06-09T17:56:46.395+0300: 12.623: [GC (Allocation Failure) [PSYoungGen: 128512K->448K(149504K)] 163780K->35724K(491008K), 0.0027820 secs] [Times: user=0.01 sys=0.00, real=0.00 secs] 
2019-06-09T17:56:48.306+0300: 14.534: [GC (Allocation Failure) [PSYoungGen: 128960K->416K(129024K)] 164236K->35700K(470528K), 0.0054859 secs] [Times: user=0.04 sys=0.01, real=0.01 secs] 
2019-06-09T17:56:49.729+0300: 15.957: [GC (Allocation Failure) [PSYoungGen: 128928K->576K(130048K)] 164212K->35860K(471552K), 0.0040715 secs] [Times: user=0.01 sys=0.01, real=0.01 secs] 
2019-06-09T17:56:50.907+0300: 17.135: [GC (Allocation Failure) [PSYoungGen: 89152K->576K(129024K)] 124436K->35868K(470528K), 0.0031146 secs] [Times: user=0.01 sys=0.00, real=0.01 secs] 
2019-06-09T17:56:52.218+0300: 18.446: [GC (Allocation Failure) [PSYoungGen: 89152K->512K(132608K)] 124444K->35972K(474112K), 0.0033895 secs] [Times: user=0.02 sys=0.00, real=0.00 secs] 
2019-06-09T17:56:53.526+0300: 19.754: [GC (Allocation Failure) [PSYoungGen: 93696K->352K(131072K)] 129156K->35908K(472576K), 0.0021891 secs] [Times: user=0.01 sys=0.00, real=0.00 secs] 
17:57:00.807 [Curator-PathChildrenCache-0] ERROR o.a.c.f.r.c.PathChildrenCache  - 
java.lang.IllegalStateException: instance must be started before calling this method
	at org.apache.curator.shaded.com.google.common.base.Preconditions.checkState(Preconditions.java:444)
	at org.apache.curator.framework.imps.CuratorFrameworkImpl.getChildren(CuratorFrameworkImpl.java:456)
	at org.apache.curator.framework.recipes.cache.PathChildrenCache.refresh(PathChildrenCache.java:521)
	at org.apache.curator.framework.recipes.cache.RefreshOperation.invoke(RefreshOperation.java:35)
	at org.apache.curator.framework.recipes.cache.PathChildrenCache$9.run(PathChildrenCache.java:786)
	at java.util.concurrent.Executors$RunnableAdapter.call(Executors.java:511)
	at java.util.concurrent.FutureTask.run(FutureTask.java:266)
	at java.util.concurrent.Executors$RunnableAdapter.call(Executors.java:511)
	at java.util.concurrent.FutureTask.run(FutureTask.java:266)
	at java.util.concurrent.ThreadPoolExecutor.runWorker(ThreadPoolExecutor.java:1149)
	at java.util.concurrent.ThreadPoolExecutor$Worker.run(ThreadPoolExecutor.java:624)
	at java.lang.Thread.run(Thread.java:748)
Heap
 PSYoungGen      total 131072K, used 21522K [0x00000000f5980000, 0x0000000100000000, 0x0000000100000000)
  eden space 93184K, 22% used [0x00000000f5980000,0x00000000f6e2cb98,0x00000000fb480000)
  from space 37888K, 0% used [0x00000000fb480000,0x00000000fb4d8030,0x00000000fd980000)
  to   space 36352K, 0% used [0x00000000fdc80000,0x00000000fdc80000,0x0000000100000000)
 ParOldGen       total 341504K, used 35556K [0x00000000e0c00000, 0x00000000f5980000, 0x00000000f5980000)
  object space 341504K, 10% used [0x00000000e0c00000,0x00000000e2eb9268,0x00000000f5980000)
 Metaspace       used 35581K, capacity 36486K, committed 36696K, reserved 1081344K
  class space    used 4934K, capacity 5129K, committed 5248K, reserved 1048576K
