12:59:27,409 |-INFO in ch.qos.logback.classic.LoggerContext[default] - Could NOT find resource [logback-test.xml]
12:59:27,410 |-INFO in ch.qos.logback.classic.LoggerContext[default] - Could NOT find resource [logback.groovy]
12:59:27,410 |-INFO in ch.qos.logback.classic.LoggerContext[default] - Found resource [logback.xml] at [jar:file:/root/flamestream/lib/flamestream-runtime-1.0-SNAPSHOT.jar!/logback.xml]
12:59:27,411 |-WARN in ch.qos.logback.classic.LoggerContext[default] - Resource [logback.xml] occurs multiple times on the classpath.
12:59:27,412 |-WARN in ch.qos.logback.classic.LoggerContext[default] - Resource [logback.xml] occurs at [jar:file:/root/flamestream/lib/flamestream-runtime-1.0-SNAPSHOT.jar!/logback.xml]
12:59:27,412 |-WARN in ch.qos.logback.classic.LoggerContext[default] - Resource [logback.xml] occurs at [jar:file:/root/flamestream/flamestream-runtime-1.0-SNAPSHOT.jar!/logback.xml]
12:59:27,431 |-INFO in ch.qos.logback.core.joran.spi.ConfigurationWatchList@3fb6a447 - URL [jar:file:/root/flamestream/lib/flamestream-runtime-1.0-SNAPSHOT.jar!/logback.xml] is not of type file
12:59:27,500 |-INFO in ch.qos.logback.classic.joran.action.ConfigurationAction - debug attribute not set
12:59:27,501 |-INFO in ch.qos.logback.core.joran.action.AppenderAction - About to instantiate appender of type [ch.qos.logback.core.ConsoleAppender]
12:59:27,523 |-INFO in ch.qos.logback.core.joran.action.AppenderAction - Naming appender as [STDOUT]
12:59:27,535 |-INFO in ch.qos.logback.core.joran.action.NestedComplexPropertyIA - Assuming default type [ch.qos.logback.classic.encoder.PatternLayoutEncoder] for [encoder] property
12:59:27,635 |-INFO in ch.qos.logback.core.joran.action.AppenderAction - About to instantiate appender of type [ch.qos.logback.core.rolling.RollingFileAppender]
12:59:27,640 |-INFO in ch.qos.logback.core.joran.action.AppenderAction - Naming appender as [FILE]
12:59:27,671 |-INFO in c.q.l.core.rolling.TimeBasedRollingPolicy@127618319 - No compression will be used
12:59:27,672 |-INFO in c.q.l.core.rolling.TimeBasedRollingPolicy@127618319 - Will use the pattern /tmp/application_%d{yyyy-MM-dd}.%i.log for the active file
12:59:27,675 |-INFO in ch.qos.logback.core.rolling.SizeAndTimeBasedFNATP@6b2fad11 - The date pattern is 'yyyy-MM-dd' from file name pattern '/tmp/application_%d{yyyy-MM-dd}.%i.log'.
12:59:27,675 |-INFO in ch.qos.logback.core.rolling.SizeAndTimeBasedFNATP@6b2fad11 - Roll-over at midnight.
12:59:27,680 |-INFO in ch.qos.logback.core.rolling.SizeAndTimeBasedFNATP@6b2fad11 - Setting initial period to Mon Jun 10 12:55:03 UTC 2019
12:59:27,680 |-WARN in ch.qos.logback.core.rolling.SizeAndTimeBasedFNATP@6b2fad11 - SizeAndTimeBasedFNATP is deprecated. Use SizeAndTimeBasedRollingPolicy instead
12:59:27,680 |-WARN in ch.qos.logback.core.rolling.SizeAndTimeBasedFNATP@6b2fad11 - For more information see http://logback.qos.ch/manual/appenders.html#SizeAndTimeBasedRollingPolicy
12:59:27,684 |-INFO in ch.qos.logback.core.joran.action.NestedComplexPropertyIA - Assuming default type [ch.qos.logback.classic.encoder.PatternLayoutEncoder] for [encoder] property
12:59:27,689 |-INFO in ch.qos.logback.core.rolling.RollingFileAppender[FILE] - Active log file name: /tmp/application.log
12:59:27,689 |-INFO in ch.qos.logback.core.rolling.RollingFileAppender[FILE] - File property is set to [/tmp/application.log]
12:59:27,690 |-INFO in ch.qos.logback.classic.joran.action.RootLoggerAction - Setting level of ROOT logger to WARN
12:59:27,690 |-INFO in ch.qos.logback.core.joran.action.AppenderRefAction - Attaching appender named [STDOUT] to Logger[ROOT]
12:59:27,692 |-INFO in ch.qos.logback.core.joran.action.AppenderRefAction - Attaching appender named [FILE] to Logger[ROOT]
12:59:27,692 |-INFO in ch.qos.logback.classic.joran.action.ConfigurationAction - End of configuration.
12:59:27,693 |-INFO in ch.qos.logback.classic.joran.JoranConfigurator@79698539 - Registering current configuration as safe fallback point

Ama winner
Ama winner
2019-06-10T12:59:29.375+0000: 2.154: [Full GC (Metadata GC Threshold) 2019-06-10T12:59:29.375+0000: 2.154: [Tenured: 0K->15176K(341376K), 0.0388346 secs] 120483K->15176K(494976K), [Metaspace: 20734K->20734K(1067008K)], 0.0389043 secs] [Times: user=0.03 sys=0.00, real=0.03 secs] 
12:59:46.681 [Curator-PathChildrenCache-1] WARN  o.a.c.u.ZKPaths  - The version of ZooKeeper being used doesn't support Container nodes. CreateMode.PERSISTENT will be used instead.
2019-06-10T12:59:49.431+0000: 22.210: [GC (Allocation Failure) 2019-06-10T12:59:49.431+0000: 22.210: [DefNew: 136576K->17023K(153600K), 0.0264295 secs] 151752K->52334K(494976K), 0.0264958 secs] [Times: user=0.02 sys=0.01, real=0.03 secs] 
2019-06-10T12:59:50.500+0000: 23.280: [Full GC (Metadata GC Threshold) 2019-06-10T12:59:50.500+0000: 23.280: [Tenured: 35310K->43944K(341376K), 0.0382027 secs] 77401K->43944K(494976K), [Metaspace: 34626K->34626K(1079296K)], 0.0382793 secs] [Times: user=0.03 sys=0.00, real=0.04 secs] 
2019-06-10T13:00:00.446+0000: 33.227: [GC (Allocation Failure) 2019-06-10T13:00:00.448+0000: 33.227: [DefNew: 136576K->71K(153600K), 0.0020227 secs] 180520K->44015K(494976K), 0.0034162 secs] [Times: user=0.00 sys=0.00, real=0.00 secs] 
2019-06-10T13:00:10.710+0000: 43.490: [GC (Allocation Failure) 2019-06-10T13:00:10.711+0000: 43.490: [DefNew: 136647K->69K(153600K), 0.0018573 secs] 180591K->44014K(494976K), 0.0019178 secs] [Times: user=0.00 sys=0.00, real=0.00 secs] 
2019-06-10T13:00:20.993+0000: 53.772: [GC (Allocation Failure) 2019-06-10T13:00:20.993+0000: 53.772: [DefNew: 136645K->75K(153600K), 0.0018879 secs] 180590K->44020K(494976K), 0.0019508 secs] [Times: user=0.00 sys=0.00, real=0.01 secs] 
2019-06-10T13:00:31.729+0000: 64.508: [GC (Allocation Failure) 2019-06-10T13:00:31.729+0000: 64.508: [DefNew: 136651K->411K(153600K), 0.0023497 secs] 180596K->44355K(494976K), 0.0024112 secs] [Times: user=0.00 sys=0.00, real=0.00 secs] 
2019-06-10T13:00:44.541+0000: 77.320: [GC (Allocation Failure) 2019-06-10T13:00:44.541+0000: 77.321: [DefNew: 136987K->164K(153600K), 0.0021498 secs] 180931K->44108K(494976K), 0.0022103 secs] [Times: user=0.00 sys=0.00, real=0.00 secs] 
2019-06-10T13:00:57.223+0000: 90.002: [GC (Allocation Failure) 2019-06-10T13:00:57.223+0000: 90.002: [DefNew: 136740K->163K(153600K), 0.0020350 secs] 180684K->44108K(494976K), 0.0020931 secs] [Times: user=0.00 sys=0.00, real=0.00 secs] 
2019-06-10T13:01:20.119+0000: 112.899: [GC (Allocation Failure) 2019-06-10T13:01:20.119+0000: 112.899: [DefNew: 136739K->189K(153600K), 0.0022542 secs] 180684K->44134K(494976K), 0.0023143 secs] [Times: user=0.00 sys=0.00, real=0.00 secs] 
13:01:20.192 [Curator-PathChildrenCache-0] ERROR o.a.c.f.r.c.PathChildrenCache  - 
java.lang.IllegalStateException: instance must be started before calling this method
	at org.apache.curator.shaded.com.google.common.base.Preconditions.checkState(Preconditions.java:444)
	at org.apache.curator.framework.imps.CuratorFrameworkImpl.getChildren(CuratorFrameworkImpl.java:456)
	at org.apache.curator.framework.recipes.cache.PathChildrenCache.refresh(PathChildrenCache.java:521)
	at org.apache.curator.framework.recipes.cache.RefreshOperation.invoke(RefreshOperation.java:35)
	at org.apache.curator.framework.recipes.cache.PathChildrenCache$9.run(PathChildrenCache.java:786)
	at java.util.concurrent.Executors$RunnableAdapter.call(Executors.java:511)
	at java.util.concurrent.FutureTask.run(FutureTask.java:266)
	at java.util.concurrent.Executors$RunnableAdapter.call(Executors.java:511)
	at java.util.concurrent.FutureTask.run(FutureTask.java:266)
	at java.util.concurrent.ThreadPoolExecutor.runWorker(ThreadPoolExecutor.java:1149)
	at java.util.concurrent.ThreadPoolExecutor$Worker.run(ThreadPoolExecutor.java:624)
	at java.lang.Thread.run(Thread.java:748)
Heap
 def new generation   total 153600K, used 14897K [0x00000000e0c00000, 0x00000000eb2a0000, 0x00000000eb2a0000)
  eden space 136576K,  10% used [0x00000000e0c00000, 0x00000000e1a5cd90, 0x00000000e9160000)
  from space 17024K,   1% used [0x00000000e9160000, 0x00000000e918f698, 0x00000000ea200000)
  to   space 17024K,   0% used [0x00000000ea200000, 0x00000000ea200000, 0x00000000eb2a0000)
 tenured generation   total 341376K, used 43944K [0x00000000eb2a0000, 0x0000000100000000, 0x0000000100000000)
   the space 341376K,  12% used [0x00000000eb2a0000, 0x00000000edd8a298, 0x00000000edd8a400, 0x0000000100000000)
 Metaspace       used 36158K, capacity 37066K, committed 37376K, reserved 1081344K
  class space    used 4868K, capacity 5075K, committed 5120K, reserved 1048576K
