15:19:00,616 |-INFO in ch.qos.logback.classic.LoggerContext[default] - Could NOT find resource [logback-test.xml]
15:19:00,616 |-INFO in ch.qos.logback.classic.LoggerContext[default] - Could NOT find resource [logback.groovy]
15:19:00,616 |-INFO in ch.qos.logback.classic.LoggerContext[default] - Found resource [logback.xml] at [jar:file:/home/nikitasokolov/flamestream/lib/flamestream-runtime-1.0-SNAPSHOT.jar!/logback.xml]
15:19:00,617 |-WARN in ch.qos.logback.classic.LoggerContext[default] - Resource [logback.xml] occurs multiple times on the classpath.
15:19:00,617 |-WARN in ch.qos.logback.classic.LoggerContext[default] - Resource [logback.xml] occurs at [jar:file:/home/nikitasokolov/flamestream/lib/flamestream-runtime-1.0-SNAPSHOT.jar!/logback.xml]
15:19:00,617 |-WARN in ch.qos.logback.classic.LoggerContext[default] - Resource [logback.xml] occurs at [jar:file:/home/nikitasokolov/flamestream/flamestream-runtime-1.0-SNAPSHOT.jar!/logback.xml]
15:19:00,633 |-INFO in ch.qos.logback.core.joran.spi.ConfigurationWatchList@6108b2d7 - URL [jar:file:/home/nikitasokolov/flamestream/lib/flamestream-runtime-1.0-SNAPSHOT.jar!/logback.xml] is not of type file
15:19:00,685 |-INFO in ch.qos.logback.classic.joran.action.ConfigurationAction - debug attribute not set
15:19:00,685 |-INFO in ch.qos.logback.core.joran.action.AppenderAction - About to instantiate appender of type [ch.qos.logback.core.ConsoleAppender]
15:19:00,694 |-INFO in ch.qos.logback.core.joran.action.AppenderAction - Naming appender as [STDOUT]
15:19:00,702 |-INFO in ch.qos.logback.core.joran.action.NestedComplexPropertyIA - Assuming default type [ch.qos.logback.classic.encoder.PatternLayoutEncoder] for [encoder] property
15:19:00,757 |-INFO in ch.qos.logback.core.joran.action.AppenderAction - About to instantiate appender of type [ch.qos.logback.core.rolling.RollingFileAppender]
15:19:00,762 |-INFO in ch.qos.logback.core.joran.action.AppenderAction - Naming appender as [FILE]
15:19:00,784 |-INFO in c.q.l.core.rolling.TimeBasedRollingPolicy@357863579 - No compression will be used
15:19:00,785 |-INFO in c.q.l.core.rolling.TimeBasedRollingPolicy@357863579 - Will use the pattern /tmp/application_%d{yyyy-MM-dd}.%i.log for the active file
15:19:00,788 |-INFO in ch.qos.logback.core.rolling.SizeAndTimeBasedFNATP@6bf256fa - The date pattern is 'yyyy-MM-dd' from file name pattern '/tmp/application_%d{yyyy-MM-dd}.%i.log'.
15:19:00,788 |-INFO in ch.qos.logback.core.rolling.SizeAndTimeBasedFNATP@6bf256fa - Roll-over at midnight.
15:19:00,791 |-INFO in ch.qos.logback.core.rolling.SizeAndTimeBasedFNATP@6bf256fa - Setting initial period to Sun Jun 09 15:18:13 MSK 2019
15:19:00,792 |-WARN in ch.qos.logback.core.rolling.SizeAndTimeBasedFNATP@6bf256fa - SizeAndTimeBasedFNATP is deprecated. Use SizeAndTimeBasedRollingPolicy instead
15:19:00,792 |-WARN in ch.qos.logback.core.rolling.SizeAndTimeBasedFNATP@6bf256fa - For more information see http://logback.qos.ch/manual/appenders.html#SizeAndTimeBasedRollingPolicy
15:19:00,796 |-INFO in ch.qos.logback.core.joran.action.NestedComplexPropertyIA - Assuming default type [ch.qos.logback.classic.encoder.PatternLayoutEncoder] for [encoder] property
15:19:00,798 |-INFO in ch.qos.logback.core.rolling.RollingFileAppender[FILE] - Active log file name: /tmp/application.log
15:19:00,798 |-INFO in ch.qos.logback.core.rolling.RollingFileAppender[FILE] - File property is set to [/tmp/application.log]
15:19:00,799 |-INFO in ch.qos.logback.classic.joran.action.RootLoggerAction - Setting level of ROOT logger to WARN
15:19:00,800 |-INFO in ch.qos.logback.core.joran.action.AppenderRefAction - Attaching appender named [STDOUT] to Logger[ROOT]
15:19:00,800 |-INFO in ch.qos.logback.core.joran.action.AppenderRefAction - Attaching appender named [FILE] to Logger[ROOT]
15:19:00,800 |-INFO in ch.qos.logback.classic.joran.action.ConfigurationAction - End of configuration.
15:19:00,801 |-INFO in ch.qos.logback.classic.joran.JoranConfigurator@6cd8737 - Registering current configuration as safe fallback point

2019-06-09T15:19:01.775+0300: 1.369: [GC (Metadata GC Threshold) [PSYoungGen: 108151K->15993K(149504K)] 108151K->16073K(491008K), 0.0197381 secs] [Times: user=0.08 sys=0.00, real=0.02 secs] 
2019-06-09T15:19:01.795+0300: 1.389: [Full GC (Metadata GC Threshold) [PSYoungGen: 15993K->0K(149504K)] [ParOldGen: 80K->15078K(341504K)] 16073K->15078K(491008K), [Metaspace: 20804K->20804K(1067008K)], 0.0270969 secs] [Times: user=0.17 sys=0.01, real=0.03 secs] 
15:19:12.951 [Curator-PathChildrenCache-1] WARN  o.a.c.u.ZKPaths  - The version of ZooKeeper being used doesn't support Container nodes. CreateMode.PERSISTENT will be used instead.
2019-06-09T15:19:14.056+0300: 13.651: [GC (Allocation Failure) [PSYoungGen: 128512K->20987K(149504K)] 143590K->49976K(491008K), 0.0255785 secs] [Times: user=0.29 sys=0.03, real=0.03 secs] 
2019-06-09T15:19:14.117+0300: 13.711: [GC (Metadata GC Threshold) [PSYoungGen: 26962K->20971K(149504K)] 55951K->50088K(491008K), 0.0111259 secs] [Times: user=0.13 sys=0.01, real=0.01 secs] 
2019-06-09T15:19:14.128+0300: 13.722: [Full GC (Metadata GC Threshold) [PSYoungGen: 20971K->0K(149504K)] [ParOldGen: 29116K->38981K(341504K)] 50088K->38981K(491008K), [Metaspace: 34565K->34565K(1079296K)], 0.0402063 secs] [Times: user=0.16 sys=0.01, real=0.04 secs] 
2019-06-09T15:19:17.481+0300: 17.076: [GC (Allocation Failure) [PSYoungGen: 128512K->352K(149504K)] 167493K->39341K(491008K), 0.0027421 secs] [Times: user=0.02 sys=0.01, real=0.00 secs] 
2019-06-09T15:19:21.428+0300: 21.023: [GC (Allocation Failure) [PSYoungGen: 128864K->448K(129024K)] 167853K->39445K(470528K), 0.0041823 secs] [Times: user=0.02 sys=0.00, real=0.01 secs] 
2019-06-09T15:19:25.424+0300: 25.019: [GC (Allocation Failure) [PSYoungGen: 128960K->384K(130048K)] 167957K->39381K(471552K), 0.0042568 secs] [Times: user=0.03 sys=0.01, real=0.00 secs] 
2019-06-09T15:19:28.167+0300: 27.762: [GC (Allocation Failure) [PSYoungGen: 88960K->288K(129024K)] 127957K->39293K(470528K), 0.0022601 secs] [Times: user=0.01 sys=0.00, real=0.01 secs] 
2019-06-09T15:19:30.936+0300: 30.530: [GC (Allocation Failure) [PSYoungGen: 88864K->352K(132608K)] 127869K->39485K(474112K), 0.0049837 secs] [Times: user=0.04 sys=0.00, real=0.01 secs] 
2019-06-09T15:19:33.840+0300: 33.434: [GC (Allocation Failure) [PSYoungGen: 93536K->160K(131072K)] 132669K->39349K(472576K), 0.0049530 secs] [Times: user=0.02 sys=0.00, real=0.00 secs] 
2019-06-09T15:19:36.748+0300: 36.342: [GC (Allocation Failure) [PSYoungGen: 93344K->384K(135680K)] 132533K->39645K(477184K), 0.0033331 secs] [Times: user=0.01 sys=0.00, real=0.01 secs] 
2019-06-09T15:19:39.867+0300: 39.462: [GC (Allocation Failure) [PSYoungGen: 99712K->320K(134144K)] 138973K->39637K(475648K), 0.0044697 secs] [Times: user=0.03 sys=0.00, real=0.01 secs] 
15:19:51.432 [Curator-PathChildrenCache-0] ERROR o.a.c.f.r.c.PathChildrenCache  - 
java.lang.IllegalStateException: instance must be started before calling this method
	at org.apache.curator.shaded.com.google.common.base.Preconditions.checkState(Preconditions.java:444)
	at org.apache.curator.framework.imps.CuratorFrameworkImpl.getChildren(CuratorFrameworkImpl.java:456)
	at org.apache.curator.framework.recipes.cache.PathChildrenCache.refresh(PathChildrenCache.java:521)
	at org.apache.curator.framework.recipes.cache.RefreshOperation.invoke(RefreshOperation.java:35)
	at org.apache.curator.framework.recipes.cache.PathChildrenCache$9.run(PathChildrenCache.java:786)
	at java.util.concurrent.Executors$RunnableAdapter.call(Executors.java:511)
	at java.util.concurrent.FutureTask.run(FutureTask.java:266)
	at java.util.concurrent.Executors$RunnableAdapter.call(Executors.java:511)
	at java.util.concurrent.FutureTask.run(FutureTask.java:266)
	at java.util.concurrent.ThreadPoolExecutor.runWorker(ThreadPoolExecutor.java:1149)
	at java.util.concurrent.ThreadPoolExecutor$Worker.run(ThreadPoolExecutor.java:624)
	at java.lang.Thread.run(Thread.java:748)
Heap
 PSYoungGen      total 134144K, used 75398K [0x00000000f5980000, 0x0000000100000000, 0x0000000100000000)
  eden space 99328K, 75% used [0x00000000f5980000,0x00000000fa2d18d8,0x00000000fba80000)
  from space 34816K, 0% used [0x00000000fba80000,0x00000000fbad0000,0x00000000fdc80000)
  to   space 33792K, 0% used [0x00000000fdf00000,0x00000000fdf00000,0x0000000100000000)
 ParOldGen       total 341504K, used 39317K [0x00000000e0c00000, 0x00000000f5980000, 0x00000000f5980000)
  object space 341504K, 11% used [0x00000000e0c00000,0x00000000e3265628,0x00000000f5980000)
 Metaspace       used 35656K, capacity 36542K, committed 36952K, reserved 1081344K
  class space    used 4934K, capacity 5129K, committed 5248K, reserved 1048576K
