19:00:38,510 |-INFO in ch.qos.logback.classic.LoggerContext[default] - Could NOT find resource [logback-test.xml]
19:00:38,510 |-INFO in ch.qos.logback.classic.LoggerContext[default] - Could NOT find resource [logback.groovy]
19:00:38,510 |-INFO in ch.qos.logback.classic.LoggerContext[default] - Found resource [logback.xml] at [jar:file:/root/flamestream/lib/flamestream-runtime-1.0-SNAPSHOT.jar!/logback.xml]
19:00:38,510 |-WARN in ch.qos.logback.classic.LoggerContext[default] - Resource [logback.xml] occurs multiple times on the classpath.
19:00:38,511 |-WARN in ch.qos.logback.classic.LoggerContext[default] - Resource [logback.xml] occurs at [jar:file:/root/flamestream/lib/flamestream-runtime-1.0-SNAPSHOT.jar!/logback.xml]
19:00:38,511 |-WARN in ch.qos.logback.classic.LoggerContext[default] - Resource [logback.xml] occurs at [jar:file:/root/flamestream/flamestream-runtime-1.0-SNAPSHOT.jar!/logback.xml]
19:00:38,535 |-INFO in ch.qos.logback.core.joran.spi.ConfigurationWatchList@3fb6a447 - URL [jar:file:/root/flamestream/lib/flamestream-runtime-1.0-SNAPSHOT.jar!/logback.xml] is not of type file
19:00:38,605 |-INFO in ch.qos.logback.classic.joran.action.ConfigurationAction - debug attribute not set
19:00:38,606 |-INFO in ch.qos.logback.core.joran.action.AppenderAction - About to instantiate appender of type [ch.qos.logback.core.ConsoleAppender]
19:00:38,619 |-INFO in ch.qos.logback.core.joran.action.AppenderAction - Naming appender as [STDOUT]
19:00:38,631 |-INFO in ch.qos.logback.core.joran.action.NestedComplexPropertyIA - Assuming default type [ch.qos.logback.classic.encoder.PatternLayoutEncoder] for [encoder] property
19:00:38,730 |-INFO in ch.qos.logback.core.joran.action.AppenderAction - About to instantiate appender of type [ch.qos.logback.core.rolling.RollingFileAppender]
19:00:38,743 |-INFO in ch.qos.logback.core.joran.action.AppenderAction - Naming appender as [FILE]
19:00:38,773 |-INFO in c.q.l.core.rolling.TimeBasedRollingPolicy@127618319 - No compression will be used
19:00:38,774 |-INFO in c.q.l.core.rolling.TimeBasedRollingPolicy@127618319 - Will use the pattern /tmp/application_%d{yyyy-MM-dd}.%i.log for the active file
19:00:38,777 |-INFO in ch.qos.logback.core.rolling.SizeAndTimeBasedFNATP@6b2fad11 - The date pattern is 'yyyy-MM-dd' from file name pattern '/tmp/application_%d{yyyy-MM-dd}.%i.log'.
19:00:38,777 |-INFO in ch.qos.logback.core.rolling.SizeAndTimeBasedFNATP@6b2fad11 - Roll-over at midnight.
19:00:38,782 |-INFO in ch.qos.logback.core.rolling.SizeAndTimeBasedFNATP@6b2fad11 - Setting initial period to Mon Jun 10 18:59:06 UTC 2019
19:00:38,782 |-WARN in ch.qos.logback.core.rolling.SizeAndTimeBasedFNATP@6b2fad11 - SizeAndTimeBasedFNATP is deprecated. Use SizeAndTimeBasedRollingPolicy instead
19:00:38,782 |-WARN in ch.qos.logback.core.rolling.SizeAndTimeBasedFNATP@6b2fad11 - For more information see http://logback.qos.ch/manual/appenders.html#SizeAndTimeBasedRollingPolicy
19:00:38,787 |-INFO in ch.qos.logback.core.joran.action.NestedComplexPropertyIA - Assuming default type [ch.qos.logback.classic.encoder.PatternLayoutEncoder] for [encoder] property
19:00:38,792 |-INFO in ch.qos.logback.core.rolling.RollingFileAppender[FILE] - Active log file name: /tmp/application.log
19:00:38,792 |-INFO in ch.qos.logback.core.rolling.RollingFileAppender[FILE] - File property is set to [/tmp/application.log]
19:00:38,793 |-INFO in ch.qos.logback.classic.joran.action.RootLoggerAction - Setting level of ROOT logger to WARN
19:00:38,793 |-INFO in ch.qos.logback.core.joran.action.AppenderRefAction - Attaching appender named [STDOUT] to Logger[ROOT]
19:00:38,795 |-INFO in ch.qos.logback.core.joran.action.AppenderRefAction - Attaching appender named [FILE] to Logger[ROOT]
19:00:38,795 |-INFO in ch.qos.logback.classic.joran.action.ConfigurationAction - End of configuration.
19:00:38,795 |-INFO in ch.qos.logback.classic.joran.JoranConfigurator@79698539 - Registering current configuration as safe fallback point

Ama winner
Ama winner
2019-06-10T19:00:40.436+0000: 2.111: [Full GC (Metadata GC Threshold) 2019-06-10T19:00:40.437+0000: 2.111: [Tenured: 0K->15145K(341376K), 0.0399457 secs] 117782K->15145K(494976K), [Metaspace: 20741K->20741K(1067008K)], 0.0400138 secs] [Times: user=0.04 sys=0.00, real=0.04 secs] 
19:00:57.429 [Curator-PathChildrenCache-1] WARN  o.a.c.u.ZKPaths  - The version of ZooKeeper being used doesn't support Container nodes. CreateMode.PERSISTENT will be used instead.
2019-06-10T19:00:59.998+0000: 21.673: [GC (Allocation Failure) 2019-06-10T19:00:59.998+0000: 21.673: [DefNew: 136576K->17023K(153600K), 0.0290230 secs] 151721K->52732K(494976K), 0.0290982 secs] [Times: user=0.01 sys=0.01, real=0.03 secs] 
2019-06-10T19:01:02.090+0000: 23.765: [Full GC (Metadata GC Threshold) 2019-06-10T19:01:02.090+0000: 23.765: [Tenured: 35708K->44444K(341376K), 0.0457982 secs] 97508K->44444K(494976K), [Metaspace: 34612K->34612K(1079296K)], 0.0458768 secs] [Times: user=0.04 sys=0.01, real=0.05 secs] 
2019-06-10T19:01:08.599+0000: 30.274: [GC (Allocation Failure) 2019-06-10T19:01:08.599+0000: 30.274: [DefNew: 136576K->65K(153600K), 0.0017619 secs] 181020K->44509K(494976K), 0.0018210 secs] [Times: user=0.00 sys=0.00, real=0.00 secs] 
2019-06-10T19:01:15.071+0000: 36.745: [GC (Allocation Failure) 2019-06-10T19:01:15.071+0000: 36.745: [DefNew: 136641K->71K(153600K), 0.0017008 secs] 181085K->44516K(494976K), 0.0017662 secs] [Times: user=0.00 sys=0.00, real=0.00 secs] 
2019-06-10T19:01:21.660+0000: 43.334: [GC (Allocation Failure) 2019-06-10T19:01:21.660+0000: 43.334: [DefNew: 136647K->78K(153600K), 0.0017542 secs] 181092K->44523K(494976K), 0.0018180 secs] [Times: user=0.00 sys=0.00, real=0.00 secs] 
2019-06-10T19:01:28.281+0000: 49.956: [GC (Allocation Failure) 2019-06-10T19:01:28.281+0000: 49.956: [DefNew: 136654K->71K(153600K), 0.0018089 secs] 181099K->44515K(494976K), 0.0018721 secs] [Times: user=0.01 sys=0.00, real=0.01 secs] 
2019-06-10T19:01:34.861+0000: 56.536: [GC (Allocation Failure) 2019-06-10T19:01:34.861+0000: 56.536: [DefNew: 136647K->69K(153600K), 0.0017069 secs] 181091K->44514K(494976K), 0.0017746 secs] [Times: user=0.00 sys=0.00, real=0.01 secs] 
19:01:43.576 [Curator-PathChildrenCache-0] ERROR o.a.c.f.r.c.PathChildrenCache  - 
java.lang.IllegalStateException: instance must be started before calling this method
	at org.apache.curator.shaded.com.google.common.base.Preconditions.checkState(Preconditions.java:444)
	at org.apache.curator.framework.imps.CuratorFrameworkImpl.getChildren(CuratorFrameworkImpl.java:456)
	at org.apache.curator.framework.recipes.cache.PathChildrenCache.refresh(PathChildrenCache.java:521)
	at org.apache.curator.framework.recipes.cache.RefreshOperation.invoke(RefreshOperation.java:35)
	at org.apache.curator.framework.recipes.cache.PathChildrenCache$9.run(PathChildrenCache.java:786)
	at java.util.concurrent.Executors$RunnableAdapter.call(Executors.java:511)
	at java.util.concurrent.FutureTask.run(FutureTask.java:266)
	at java.util.concurrent.Executors$RunnableAdapter.call(Executors.java:511)
	at java.util.concurrent.FutureTask.run(FutureTask.java:266)
	at java.util.concurrent.ThreadPoolExecutor.runWorker(ThreadPoolExecutor.java:1149)
	at java.util.concurrent.ThreadPoolExecutor$Worker.run(ThreadPoolExecutor.java:624)
	at java.lang.Thread.run(Thread.java:748)
Heap
 def new generation   total 153600K, used 87735K [0x00000000e0c00000, 0x00000000eb2a0000, 0x00000000eb2a0000)
  eden space 136576K,  64% used [0x00000000e0c00000, 0x00000000e619c510, 0x00000000e9160000)
  from space 17024K,   0% used [0x00000000e9160000, 0x00000000e91716f8, 0x00000000ea200000)
  to   space 17024K,   0% used [0x00000000ea200000, 0x00000000ea200000, 0x00000000eb2a0000)
 tenured generation   total 341376K, used 44444K [0x00000000eb2a0000, 0x0000000100000000, 0x0000000100000000)
   the space 341376K,  13% used [0x00000000eb2a0000, 0x00000000ede07268, 0x00000000ede07400, 0x0000000100000000)
 Metaspace       used 36117K, capacity 37062K, committed 37376K, reserved 1081344K
  class space    used 4868K, capacity 5075K, committed 5120K, reserved 1048576K
