15:47:08,563 |-INFO in ch.qos.logback.classic.LoggerContext[default] - Could NOT find resource [logback-test.xml]
15:47:08,563 |-INFO in ch.qos.logback.classic.LoggerContext[default] - Could NOT find resource [logback.groovy]
15:47:08,564 |-INFO in ch.qos.logback.classic.LoggerContext[default] - Found resource [logback.xml] at [jar:file:/home/nikitasokolov/flamestream/lib/flamestream-runtime-1.0-SNAPSHOT.jar!/logback.xml]
15:47:08,564 |-WARN in ch.qos.logback.classic.LoggerContext[default] - Resource [logback.xml] occurs multiple times on the classpath.
15:47:08,564 |-WARN in ch.qos.logback.classic.LoggerContext[default] - Resource [logback.xml] occurs at [jar:file:/home/nikitasokolov/flamestream/lib/flamestream-runtime-1.0-SNAPSHOT.jar!/logback.xml]
15:47:08,564 |-WARN in ch.qos.logback.classic.LoggerContext[default] - Resource [logback.xml] occurs at [jar:file:/home/nikitasokolov/flamestream/flamestream-runtime-1.0-SNAPSHOT.jar!/logback.xml]
15:47:08,581 |-INFO in ch.qos.logback.core.joran.spi.ConfigurationWatchList@6108b2d7 - URL [jar:file:/home/nikitasokolov/flamestream/lib/flamestream-runtime-1.0-SNAPSHOT.jar!/logback.xml] is not of type file
15:47:08,631 |-INFO in ch.qos.logback.classic.joran.action.ConfigurationAction - debug attribute not set
15:47:08,632 |-INFO in ch.qos.logback.core.joran.action.AppenderAction - About to instantiate appender of type [ch.qos.logback.core.ConsoleAppender]
15:47:08,643 |-INFO in ch.qos.logback.core.joran.action.AppenderAction - Naming appender as [STDOUT]
15:47:08,652 |-INFO in ch.qos.logback.core.joran.action.NestedComplexPropertyIA - Assuming default type [ch.qos.logback.classic.encoder.PatternLayoutEncoder] for [encoder] property
15:47:08,708 |-INFO in ch.qos.logback.core.joran.action.AppenderAction - About to instantiate appender of type [ch.qos.logback.core.rolling.RollingFileAppender]
15:47:08,713 |-INFO in ch.qos.logback.core.joran.action.AppenderAction - Naming appender as [FILE]
15:47:08,737 |-INFO in c.q.l.core.rolling.TimeBasedRollingPolicy@357863579 - No compression will be used
15:47:08,739 |-INFO in c.q.l.core.rolling.TimeBasedRollingPolicy@357863579 - Will use the pattern /tmp/application_%d{yyyy-MM-dd}.%i.log for the active file
15:47:08,742 |-INFO in ch.qos.logback.core.rolling.SizeAndTimeBasedFNATP@6bf256fa - The date pattern is 'yyyy-MM-dd' from file name pattern '/tmp/application_%d{yyyy-MM-dd}.%i.log'.
15:47:08,742 |-INFO in ch.qos.logback.core.rolling.SizeAndTimeBasedFNATP@6bf256fa - Roll-over at midnight.
15:47:08,746 |-INFO in ch.qos.logback.core.rolling.SizeAndTimeBasedFNATP@6bf256fa - Setting initial period to Sun Jun 09 15:46:16 MSK 2019
15:47:08,746 |-WARN in ch.qos.logback.core.rolling.SizeAndTimeBasedFNATP@6bf256fa - SizeAndTimeBasedFNATP is deprecated. Use SizeAndTimeBasedRollingPolicy instead
15:47:08,746 |-WARN in ch.qos.logback.core.rolling.SizeAndTimeBasedFNATP@6bf256fa - For more information see http://logback.qos.ch/manual/appenders.html#SizeAndTimeBasedRollingPolicy
15:47:08,750 |-INFO in ch.qos.logback.core.joran.action.NestedComplexPropertyIA - Assuming default type [ch.qos.logback.classic.encoder.PatternLayoutEncoder] for [encoder] property
15:47:08,753 |-INFO in ch.qos.logback.core.rolling.RollingFileAppender[FILE] - Active log file name: /tmp/application.log
15:47:08,753 |-INFO in ch.qos.logback.core.rolling.RollingFileAppender[FILE] - File property is set to [/tmp/application.log]
15:47:08,754 |-INFO in ch.qos.logback.classic.joran.action.RootLoggerAction - Setting level of ROOT logger to WARN
15:47:08,754 |-INFO in ch.qos.logback.core.joran.action.AppenderRefAction - Attaching appender named [STDOUT] to Logger[ROOT]
15:47:08,755 |-INFO in ch.qos.logback.core.joran.action.AppenderRefAction - Attaching appender named [FILE] to Logger[ROOT]
15:47:08,755 |-INFO in ch.qos.logback.classic.joran.action.ConfigurationAction - End of configuration.
15:47:08,755 |-INFO in ch.qos.logback.classic.joran.JoranConfigurator@6cd8737 - Registering current configuration as safe fallback point

2019-06-09T15:47:09.722+0300: 1.359: [GC (Metadata GC Threshold) [PSYoungGen: 108152K->15823K(149504K)] 108152K->15903K(491008K), 0.0212520 secs] [Times: user=0.11 sys=0.01, real=0.02 secs] 
2019-06-09T15:47:09.743+0300: 1.381: [Full GC (Metadata GC Threshold) [PSYoungGen: 15823K->0K(149504K)] [ParOldGen: 80K->14981K(341504K)] 15903K->14981K(491008K), [Metaspace: 20802K->20802K(1067008K)], 0.0258668 secs] [Times: user=0.15 sys=0.01, real=0.02 secs] 
15:47:17.352 [Curator-PathChildrenCache-1] WARN  o.a.c.u.ZKPaths  - The version of ZooKeeper being used doesn't support Container nodes. CreateMode.PERSISTENT will be used instead.
2019-06-09T15:47:18.405+0300: 10.042: [GC (Metadata GC Threshold) [PSYoungGen: 123962K->15790K(149504K)] 138943K->50311K(491008K), 0.0287378 secs] [Times: user=0.23 sys=0.02, real=0.03 secs] 
2019-06-09T15:47:18.434+0300: 10.071: [Full GC (Metadata GC Threshold) [PSYoungGen: 15790K->0K(149504K)] [ParOldGen: 34521K->38862K(341504K)] 50311K->38862K(491008K), [Metaspace: 34549K->34549K(1079296K)], 0.0354447 secs] [Times: user=0.19 sys=0.00, real=0.03 secs] 
2019-06-09T15:47:28.709+0300: 20.347: [GC (Allocation Failure) [PSYoungGen: 128512K->448K(149504K)] 167374K->39318K(491008K), 0.0054245 secs] [Times: user=0.04 sys=0.01, real=0.01 secs] 
2019-06-09T15:47:40.023+0300: 31.660: [GC (Allocation Failure) [PSYoungGen: 128960K->352K(149504K)] 167830K->39230K(491008K), 0.0036895 secs] [Times: user=0.02 sys=0.00, real=0.00 secs] 
2019-06-09T15:47:51.644+0300: 43.281: [GC (Allocation Failure) [PSYoungGen: 128864K->320K(129024K)] 167742K->39206K(470528K), 0.0051173 secs] [Times: user=0.03 sys=0.00, real=0.00 secs] 
2019-06-09T15:48:03.253+0300: 54.890: [GC (Allocation Failure) [PSYoungGen: 128832K->448K(150016K)] 167718K->39342K(491520K), 0.0101141 secs] [Times: user=0.08 sys=0.04, real=0.01 secs] 
2019-06-09T15:48:15.793+0300: 67.430: [GC (Allocation Failure) [PSYoungGen: 128960K->800K(148992K)] 167854K->39702K(490496K), 0.0035418 secs] [Times: user=0.01 sys=0.01, real=0.00 secs] 
2019-06-09T15:48:41.264+0300: 92.902: [GC (Allocation Failure) [PSYoungGen: 129312K->448K(151552K)] 168214K->39358K(493056K), 0.0032822 secs] [Times: user=0.02 sys=0.00, real=0.00 secs] 
15:48:41.305 [Curator-PathChildrenCache-0] ERROR o.a.c.f.r.c.PathChildrenCache  - 
java.lang.IllegalStateException: instance must be started before calling this method
	at org.apache.curator.shaded.com.google.common.base.Preconditions.checkState(Preconditions.java:444)
	at org.apache.curator.framework.imps.CuratorFrameworkImpl.getChildren(CuratorFrameworkImpl.java:456)
	at org.apache.curator.framework.recipes.cache.PathChildrenCache.refresh(PathChildrenCache.java:521)
	at org.apache.curator.framework.recipes.cache.RefreshOperation.invoke(RefreshOperation.java:35)
	at org.apache.curator.framework.recipes.cache.PathChildrenCache$9.run(PathChildrenCache.java:786)
	at java.util.concurrent.Executors$RunnableAdapter.call(Executors.java:511)
	at java.util.concurrent.FutureTask.run(FutureTask.java:266)
	at java.util.concurrent.Executors$RunnableAdapter.call(Executors.java:511)
	at java.util.concurrent.FutureTask.run(FutureTask.java:266)
	at java.util.concurrent.ThreadPoolExecutor.runWorker(ThreadPoolExecutor.java:1149)
	at java.util.concurrent.ThreadPoolExecutor$Worker.run(ThreadPoolExecutor.java:624)
	at java.lang.Thread.run(Thread.java:748)
Heap
 PSYoungGen      total 151552K, used 9940K [0x00000000f5980000, 0x0000000100000000, 0x0000000100000000)
  eden space 132096K, 7% used [0x00000000f5980000,0x00000000f62c52b8,0x00000000fda80000)
  from space 19456K, 2% used [0x00000000fed00000,0x00000000fed70040,0x0000000100000000)
  to   space 18944K, 0% used [0x00000000fda80000,0x00000000fda80000,0x00000000fed00000)
 ParOldGen       total 341504K, used 38910K [0x00000000e0c00000, 0x00000000f5980000, 0x00000000f5980000)
  object space 341504K, 11% used [0x00000000e0c00000,0x00000000e31ff8b8,0x00000000f5980000)
 Metaspace       used 36077K, capacity 36958K, committed 37208K, reserved 1081344K
  class space    used 4978K, capacity 5161K, committed 5248K, reserved 1048576K
