05:50:56,473 |-INFO in ch.qos.logback.classic.LoggerContext[default] - Could NOT find resource [logback-test.xml]
05:50:56,473 |-INFO in ch.qos.logback.classic.LoggerContext[default] - Could NOT find resource [logback.groovy]
05:50:56,474 |-INFO in ch.qos.logback.classic.LoggerContext[default] - Found resource [logback.xml] at [jar:file:/root/flamestream/lib/flamestream-runtime-1.0-SNAPSHOT.jar!/logback.xml]
05:50:56,474 |-WARN in ch.qos.logback.classic.LoggerContext[default] - Resource [logback.xml] occurs multiple times on the classpath.
05:50:56,474 |-WARN in ch.qos.logback.classic.LoggerContext[default] - Resource [logback.xml] occurs at [jar:file:/root/flamestream/lib/flamestream-runtime-1.0-SNAPSHOT.jar!/logback.xml]
05:50:56,474 |-WARN in ch.qos.logback.classic.LoggerContext[default] - Resource [logback.xml] occurs at [jar:file:/root/flamestream/flamestream-runtime-1.0-SNAPSHOT.jar!/logback.xml]
05:50:56,496 |-INFO in ch.qos.logback.core.joran.spi.ConfigurationWatchList@3fb6a447 - URL [jar:file:/root/flamestream/lib/flamestream-runtime-1.0-SNAPSHOT.jar!/logback.xml] is not of type file
05:50:56,565 |-INFO in ch.qos.logback.classic.joran.action.ConfigurationAction - debug attribute not set
05:50:56,566 |-INFO in ch.qos.logback.core.joran.action.AppenderAction - About to instantiate appender of type [ch.qos.logback.core.ConsoleAppender]
05:50:56,587 |-INFO in ch.qos.logback.core.joran.action.AppenderAction - Naming appender as [STDOUT]
05:50:56,604 |-INFO in ch.qos.logback.core.joran.action.NestedComplexPropertyIA - Assuming default type [ch.qos.logback.classic.encoder.PatternLayoutEncoder] for [encoder] property
05:50:56,685 |-INFO in ch.qos.logback.core.joran.action.AppenderAction - About to instantiate appender of type [ch.qos.logback.core.rolling.RollingFileAppender]
05:50:56,690 |-INFO in ch.qos.logback.core.joran.action.AppenderAction - Naming appender as [FILE]
05:50:56,719 |-INFO in c.q.l.core.rolling.TimeBasedRollingPolicy@127618319 - No compression will be used
05:50:56,720 |-INFO in c.q.l.core.rolling.TimeBasedRollingPolicy@127618319 - Will use the pattern /tmp/application_%d{yyyy-MM-dd}.%i.log for the active file
05:50:56,723 |-INFO in ch.qos.logback.core.rolling.SizeAndTimeBasedFNATP@6b2fad11 - The date pattern is 'yyyy-MM-dd' from file name pattern '/tmp/application_%d{yyyy-MM-dd}.%i.log'.
05:50:56,723 |-INFO in ch.qos.logback.core.rolling.SizeAndTimeBasedFNATP@6b2fad11 - Roll-over at midnight.
05:50:56,729 |-INFO in ch.qos.logback.core.rolling.SizeAndTimeBasedFNATP@6b2fad11 - Setting initial period to Tue Jun 11 05:49:32 UTC 2019
05:50:56,729 |-WARN in ch.qos.logback.core.rolling.SizeAndTimeBasedFNATP@6b2fad11 - SizeAndTimeBasedFNATP is deprecated. Use SizeAndTimeBasedRollingPolicy instead
05:50:56,729 |-WARN in ch.qos.logback.core.rolling.SizeAndTimeBasedFNATP@6b2fad11 - For more information see http://logback.qos.ch/manual/appenders.html#SizeAndTimeBasedRollingPolicy
05:50:56,733 |-INFO in ch.qos.logback.core.joran.action.NestedComplexPropertyIA - Assuming default type [ch.qos.logback.classic.encoder.PatternLayoutEncoder] for [encoder] property
05:50:56,738 |-INFO in ch.qos.logback.core.rolling.RollingFileAppender[FILE] - Active log file name: /tmp/application.log
05:50:56,738 |-INFO in ch.qos.logback.core.rolling.RollingFileAppender[FILE] - File property is set to [/tmp/application.log]
05:50:56,739 |-INFO in ch.qos.logback.classic.joran.action.RootLoggerAction - Setting level of ROOT logger to WARN
05:50:56,739 |-INFO in ch.qos.logback.core.joran.action.AppenderRefAction - Attaching appender named [STDOUT] to Logger[ROOT]
05:50:56,741 |-INFO in ch.qos.logback.core.joran.action.AppenderRefAction - Attaching appender named [FILE] to Logger[ROOT]
05:50:56,741 |-INFO in ch.qos.logback.classic.joran.action.ConfigurationAction - End of configuration.
05:50:56,741 |-INFO in ch.qos.logback.classic.joran.JoranConfigurator@79698539 - Registering current configuration as safe fallback point

Ama winner
Ama winner
2019-06-11T05:50:58.018+0000: 1.725: [Full GC (Metadata GC Threshold) 2019-06-11T05:50:58.018+0000: 1.725: [Tenured: 0K->15177K(341376K), 0.0401261 secs] 114987K->15177K(494976K), [Metaspace: 20728K->20728K(1067008K)], 0.0401939 secs] [Times: user=0.04 sys=0.00, real=0.04 secs] 
05:51:14.429 [Curator-PathChildrenCache-1] WARN  o.a.c.u.ZKPaths  - The version of ZooKeeper being used doesn't support Container nodes. CreateMode.PERSISTENT will be used instead.
2019-06-11T05:51:16.459+0000: 20.166: [GC (Allocation Failure) 2019-06-11T05:51:16.459+0000: 20.166: [DefNew: 136576K->17023K(153600K), 0.0251128 secs] 151753K->52114K(494976K), 0.0251809 secs] [Times: user=0.02 sys=0.01, real=0.02 secs] 
2019-06-11T05:51:23.035+0000: 26.741: [GC (Allocation Failure) 2019-06-11T05:51:23.035+0000: 26.741: [DefNew: 153599K->517K(153600K), 0.0100565 secs] 188690K->43485K(494976K), 0.0101221 secs] [Times: user=0.01 sys=0.00, real=0.00 secs] 
2019-06-11T05:51:24.435+0000: 28.142: [Full GC (Metadata GC Threshold) 2019-06-11T05:51:24.435+0000: 28.142: [Tenured: 42968K->43400K(341376K), 0.0361758 secs] 74998K->43400K(494976K), [Metaspace: 34602K->34602K(1079296K)], 0.0362476 secs] [Times: user=0.04 sys=0.00, real=0.03 secs] 
2019-06-11T05:51:30.864+0000: 34.570: [GC (Allocation Failure) 2019-06-11T05:51:30.864+0000: 34.570: [DefNew: 136576K->52K(153600K), 0.0016794 secs] 179976K->43452K(494976K), 0.0017421 secs] [Times: user=0.00 sys=0.00, real=0.00 secs] 
2019-06-11T05:51:37.367+0000: 41.074: [GC (Allocation Failure) 2019-06-11T05:51:37.367+0000: 41.074: [DefNew: 136628K->52K(153600K), 0.0016185 secs] 180028K->43453K(494976K), 0.0016839 secs] [Times: user=0.00 sys=0.00, real=0.00 secs] 
2019-06-11T05:51:43.888+0000: 47.595: [GC (Allocation Failure) 2019-06-11T05:51:43.889+0000: 47.595: [DefNew: 136628K->49K(153600K), 0.0016236 secs] 180029K->43449K(494976K), 0.0016960 secs] [Times: user=0.01 sys=0.00, real=0.00 secs] 
2019-06-11T05:51:50.426+0000: 54.133: [GC (Allocation Failure) 2019-06-11T05:51:50.426+0000: 54.133: [DefNew: 136625K->56K(153600K), 0.0016348 secs] 180025K->43456K(494976K), 0.0016955 secs] [Times: user=0.00 sys=0.00, real=0.01 secs] 
05:52:00.895 [Curator-PathChildrenCache-0] ERROR o.a.c.f.r.c.PathChildrenCache  - 
java.lang.IllegalStateException: instance must be started before calling this method
	at org.apache.curator.shaded.com.google.common.base.Preconditions.checkState(Preconditions.java:444)
	at org.apache.curator.framework.imps.CuratorFrameworkImpl.getChildren(CuratorFrameworkImpl.java:456)
	at org.apache.curator.framework.recipes.cache.PathChildrenCache.refresh(PathChildrenCache.java:521)
	at org.apache.curator.framework.recipes.cache.RefreshOperation.invoke(RefreshOperation.java:35)
	at org.apache.curator.framework.recipes.cache.PathChildrenCache$9.run(PathChildrenCache.java:786)
	at java.util.concurrent.Executors$RunnableAdapter.call(Executors.java:511)
	at java.util.concurrent.FutureTask.run(FutureTask.java:266)
	at java.util.concurrent.Executors$RunnableAdapter.call(Executors.java:511)
	at java.util.concurrent.FutureTask.run(FutureTask.java:266)
	at java.util.concurrent.ThreadPoolExecutor.runWorker(ThreadPoolExecutor.java:1149)
	at java.util.concurrent.ThreadPoolExecutor$Worker.run(ThreadPoolExecutor.java:624)
	at java.lang.Thread.run(Thread.java:748)
Heap
 def new generation   total 153600K, used 106792K [0x00000000e0c00000, 0x00000000eb2a0000, 0x00000000eb2a0000)
  eden space 136576K,  78% used [0x00000000e0c00000, 0x00000000e743c178, 0x00000000e9160000)
  from space 17024K,   0% used [0x00000000e9160000, 0x00000000e916e110, 0x00000000ea200000)
  to   space 17024K,   0% used [0x00000000ea200000, 0x00000000ea200000, 0x00000000eb2a0000)
 tenured generation   total 341376K, used 43400K [0x00000000eb2a0000, 0x0000000100000000, 0x0000000100000000)
   the space 341376K,  12% used [0x00000000eb2a0000, 0x00000000edd02108, 0x00000000edd02200, 0x0000000100000000)
 Metaspace       used 35966K, capacity 36864K, committed 37120K, reserved 1081344K
  class space    used 4854K, capacity 5074K, committed 5120K, reserved 1048576K
