15:58:12,668 |-INFO in ch.qos.logback.classic.LoggerContext[default] - Could NOT find resource [logback-test.xml]
15:58:12,668 |-INFO in ch.qos.logback.classic.LoggerContext[default] - Could NOT find resource [logback.groovy]
15:58:12,673 |-INFO in ch.qos.logback.classic.LoggerContext[default] - Found resource [logback.xml] at [jar:file:/root/flamestream/lib/flamestream-runtime-1.0-SNAPSHOT.jar!/logback.xml]
15:58:12,674 |-WARN in ch.qos.logback.classic.LoggerContext[default] - Resource [logback.xml] occurs multiple times on the classpath.
15:58:12,674 |-WARN in ch.qos.logback.classic.LoggerContext[default] - Resource [logback.xml] occurs at [jar:file:/root/flamestream/lib/flamestream-runtime-1.0-SNAPSHOT.jar!/logback.xml]
15:58:12,674 |-WARN in ch.qos.logback.classic.LoggerContext[default] - Resource [logback.xml] occurs at [jar:file:/root/flamestream/flamestream-runtime-1.0-SNAPSHOT.jar!/logback.xml]
15:58:12,693 |-INFO in ch.qos.logback.core.joran.spi.ConfigurationWatchList@3fb6a447 - URL [jar:file:/root/flamestream/lib/flamestream-runtime-1.0-SNAPSHOT.jar!/logback.xml] is not of type file
15:58:12,767 |-INFO in ch.qos.logback.classic.joran.action.ConfigurationAction - debug attribute not set
15:58:12,767 |-INFO in ch.qos.logback.core.joran.action.AppenderAction - About to instantiate appender of type [ch.qos.logback.core.ConsoleAppender]
15:58:12,783 |-INFO in ch.qos.logback.core.joran.action.AppenderAction - Naming appender as [STDOUT]
15:58:12,804 |-INFO in ch.qos.logback.core.joran.action.NestedComplexPropertyIA - Assuming default type [ch.qos.logback.classic.encoder.PatternLayoutEncoder] for [encoder] property
15:58:12,889 |-INFO in ch.qos.logback.core.joran.action.AppenderAction - About to instantiate appender of type [ch.qos.logback.core.rolling.RollingFileAppender]
15:58:12,894 |-INFO in ch.qos.logback.core.joran.action.AppenderAction - Naming appender as [FILE]
15:58:12,925 |-INFO in c.q.l.core.rolling.TimeBasedRollingPolicy@127618319 - No compression will be used
15:58:12,926 |-INFO in c.q.l.core.rolling.TimeBasedRollingPolicy@127618319 - Will use the pattern /tmp/application_%d{yyyy-MM-dd}.%i.log for the active file
15:58:12,929 |-INFO in ch.qos.logback.core.rolling.SizeAndTimeBasedFNATP@6b2fad11 - The date pattern is 'yyyy-MM-dd' from file name pattern '/tmp/application_%d{yyyy-MM-dd}.%i.log'.
15:58:12,929 |-INFO in ch.qos.logback.core.rolling.SizeAndTimeBasedFNATP@6b2fad11 - Roll-over at midnight.
15:58:12,935 |-INFO in ch.qos.logback.core.rolling.SizeAndTimeBasedFNATP@6b2fad11 - Setting initial period to Mon Jun 10 15:56:52 UTC 2019
15:58:12,935 |-WARN in ch.qos.logback.core.rolling.SizeAndTimeBasedFNATP@6b2fad11 - SizeAndTimeBasedFNATP is deprecated. Use SizeAndTimeBasedRollingPolicy instead
15:58:12,935 |-WARN in ch.qos.logback.core.rolling.SizeAndTimeBasedFNATP@6b2fad11 - For more information see http://logback.qos.ch/manual/appenders.html#SizeAndTimeBasedRollingPolicy
15:58:12,939 |-INFO in ch.qos.logback.core.joran.action.NestedComplexPropertyIA - Assuming default type [ch.qos.logback.classic.encoder.PatternLayoutEncoder] for [encoder] property
15:58:12,944 |-INFO in ch.qos.logback.core.rolling.RollingFileAppender[FILE] - Active log file name: /tmp/application.log
15:58:12,944 |-INFO in ch.qos.logback.core.rolling.RollingFileAppender[FILE] - File property is set to [/tmp/application.log]
15:58:12,944 |-INFO in ch.qos.logback.classic.joran.action.RootLoggerAction - Setting level of ROOT logger to WARN
15:58:12,945 |-INFO in ch.qos.logback.core.joran.action.AppenderRefAction - Attaching appender named [STDOUT] to Logger[ROOT]
15:58:12,947 |-INFO in ch.qos.logback.core.joran.action.AppenderRefAction - Attaching appender named [FILE] to Logger[ROOT]
15:58:12,947 |-INFO in ch.qos.logback.classic.joran.action.ConfigurationAction - End of configuration.
15:58:12,947 |-INFO in ch.qos.logback.classic.joran.JoranConfigurator@79698539 - Registering current configuration as safe fallback point

Ama winner
Ama winner
2019-06-10T15:58:14.268+0000: 1.785: [Full GC (Metadata GC Threshold) 2019-06-10T15:58:14.268+0000: 1.785: [Tenured: 0K->15177K(341376K), 0.0397675 secs] 114923K->15177K(494976K), [Metaspace: 20741K->20741K(1067008K)], 0.0398327 secs] [Times: user=0.04 sys=0.00, real=0.04 secs] 
15:58:31.261 [Curator-PathChildrenCache-2] WARN  o.a.c.u.ZKPaths  - The version of ZooKeeper being used doesn't support Container nodes. CreateMode.PERSISTENT will be used instead.
2019-06-10T15:58:33.642+0000: 21.158: [GC (Allocation Failure) 2019-06-10T15:58:33.642+0000: 21.158: [DefNew: 119703K->17023K(153600K), 0.0188483 secs] 134881K->32884K(494976K), 0.0189237 secs] [Times: user=0.02 sys=0.00, real=0.02 secs] 
2019-06-10T15:58:34.180+0000: 21.697: [Full GC (Metadata GC Threshold) 2019-06-10T15:58:34.180+0000: 21.697: [Tenured: 15860K->44116K(341376K), 0.0476491 secs] 67637K->44116K(494976K), [Metaspace: 34637K->34637K(1079296K)], 0.0477381 secs] [Times: user=0.04 sys=0.00, real=0.04 secs] 
2019-06-10T15:58:38.473+0000: 25.990: [GC (Allocation Failure) 2019-06-10T15:58:38.473+0000: 25.990: [DefNew: 136576K->277K(153600K), 0.0026596 secs] 180692K->44394K(494976K), 0.0027172 secs] [Times: user=0.00 sys=0.00, real=0.00 secs] 
2019-06-10T15:58:42.655+0000: 30.172: [GC (Allocation Failure) 2019-06-10T15:58:42.655+0000: 30.172: [DefNew: 136853K->275K(153600K), 0.0021800 secs] 180970K->44392K(494976K), 0.0022392 secs] [Times: user=0.00 sys=0.00, real=0.01 secs] 
2019-06-10T15:58:46.771+0000: 34.287: [GC (Allocation Failure) 2019-06-10T15:58:46.771+0000: 34.288: [DefNew: 136851K->283K(153600K), 0.0023246 secs] 180968K->44400K(494976K), 0.0023845 secs] [Times: user=0.01 sys=0.00, real=0.00 secs] 
2019-06-10T15:58:50.831+0000: 38.347: [GC (Allocation Failure) 2019-06-10T15:58:50.831+0000: 38.347: [DefNew: 136859K->277K(153600K), 0.0023210 secs] 180976K->44394K(494976K), 0.0023811 secs] [Times: user=0.00 sys=0.00, real=0.00 secs] 
2019-06-10T15:58:54.976+0000: 42.493: [GC (Allocation Failure) 2019-06-10T15:58:54.976+0000: 42.493: [DefNew: 136853K->286K(153600K), 0.0023298 secs] 180970K->44403K(494976K), 0.0023883 secs] [Times: user=0.00 sys=0.00, real=0.01 secs] 
2019-06-10T15:58:59.065+0000: 46.581: [GC (Allocation Failure) 2019-06-10T15:58:59.065+0000: 46.581: [DefNew: 136862K->278K(153600K), 0.0022997 secs] 180979K->44395K(494976K), 0.0023605 secs] [Times: user=0.00 sys=0.00, real=0.00 secs] 
2019-06-10T15:59:03.213+0000: 50.730: [GC (Allocation Failure) 2019-06-10T15:59:03.214+0000: 50.730: [DefNew: 136854K->283K(153600K), 0.0023035 secs] 180971K->44400K(494976K), 0.0023635 secs] [Times: user=0.00 sys=0.00, real=0.00 secs] 
2019-06-10T15:59:07.387+0000: 54.904: [GC (Allocation Failure) 2019-06-10T15:59:07.387+0000: 54.904: [DefNew: 136859K->280K(153600K), 0.0024594 secs] 180976K->44397K(494976K), 0.0025333 secs] [Times: user=0.00 sys=0.00, real=0.01 secs] 
2019-06-10T15:59:15.378+0000: 62.895: [GC (Allocation Failure) 2019-06-10T15:59:15.378+0000: 62.895: [DefNew: 136856K->596K(153600K), 0.0028813 secs] 180973K->44712K(494976K), 0.0029418 secs] [Times: user=0.01 sys=0.00, real=0.00 secs] 
15:59:16.936 [Curator-PathChildrenCache-0] ERROR o.a.c.f.r.c.PathChildrenCache  - 
java.lang.IllegalStateException: instance must be started before calling this method
	at org.apache.curator.shaded.com.google.common.base.Preconditions.checkState(Preconditions.java:444)
	at org.apache.curator.framework.imps.CuratorFrameworkImpl.getChildren(CuratorFrameworkImpl.java:456)
	at org.apache.curator.framework.recipes.cache.PathChildrenCache.refresh(PathChildrenCache.java:521)
	at org.apache.curator.framework.recipes.cache.RefreshOperation.invoke(RefreshOperation.java:35)
	at org.apache.curator.framework.recipes.cache.PathChildrenCache$9.run(PathChildrenCache.java:786)
	at java.util.concurrent.Executors$RunnableAdapter.call(Executors.java:511)
	at java.util.concurrent.FutureTask.run(FutureTask.java:266)
	at java.util.concurrent.Executors$RunnableAdapter.call(Executors.java:511)
	at java.util.concurrent.FutureTask.run(FutureTask.java:266)
	at java.util.concurrent.ThreadPoolExecutor.runWorker(ThreadPoolExecutor.java:1149)
	at java.util.concurrent.ThreadPoolExecutor$Worker.run(ThreadPoolExecutor.java:624)
	at java.lang.Thread.run(Thread.java:748)
Heap
 def new generation   total 153600K, used 30376K [0x00000000e0c00000, 0x00000000eb2a0000, 0x00000000eb2a0000)
  eden space 136576K,  21% used [0x00000000e0c00000, 0x00000000e2915378, 0x00000000e9160000)
  from space 17024K,   3% used [0x00000000e9160000, 0x00000000e91f5008, 0x00000000ea200000)
  to   space 17024K,   0% used [0x00000000ea200000, 0x00000000ea200000, 0x00000000eb2a0000)
 tenured generation   total 341376K, used 44116K [0x00000000eb2a0000, 0x0000000100000000, 0x0000000100000000)
   the space 341376K,  12% used [0x00000000eb2a0000, 0x00000000eddb5378, 0x00000000eddb5400, 0x0000000100000000)
 Metaspace       used 36485K, capacity 37486K, committed 37760K, reserved 1081344K
  class space    used 4917K, capacity 5131K, committed 5248K, reserved 1048576K
