08:34:02,913 |-INFO in ch.qos.logback.classic.LoggerContext[default] - Could NOT find resource [logback-test.xml]
08:34:02,913 |-INFO in ch.qos.logback.classic.LoggerContext[default] - Could NOT find resource [logback.groovy]
08:34:02,913 |-INFO in ch.qos.logback.classic.LoggerContext[default] - Found resource [logback.xml] at [jar:file:/root/flamestream/lib/flamestream-runtime-1.0-SNAPSHOT.jar!/logback.xml]
08:34:02,918 |-WARN in ch.qos.logback.classic.LoggerContext[default] - Resource [logback.xml] occurs multiple times on the classpath.
08:34:02,919 |-WARN in ch.qos.logback.classic.LoggerContext[default] - Resource [logback.xml] occurs at [jar:file:/root/flamestream/lib/flamestream-runtime-1.0-SNAPSHOT.jar!/logback.xml]
08:34:02,919 |-WARN in ch.qos.logback.classic.LoggerContext[default] - Resource [logback.xml] occurs at [jar:file:/root/flamestream/flamestream-runtime-1.0-SNAPSHOT.jar!/logback.xml]
08:34:02,937 |-INFO in ch.qos.logback.core.joran.spi.ConfigurationWatchList@3fb6a447 - URL [jar:file:/root/flamestream/lib/flamestream-runtime-1.0-SNAPSHOT.jar!/logback.xml] is not of type file
08:34:03,008 |-INFO in ch.qos.logback.classic.joran.action.ConfigurationAction - debug attribute not set
08:34:03,009 |-INFO in ch.qos.logback.core.joran.action.AppenderAction - About to instantiate appender of type [ch.qos.logback.core.ConsoleAppender]
08:34:03,027 |-INFO in ch.qos.logback.core.joran.action.AppenderAction - Naming appender as [STDOUT]
08:34:03,043 |-INFO in ch.qos.logback.core.joran.action.NestedComplexPropertyIA - Assuming default type [ch.qos.logback.classic.encoder.PatternLayoutEncoder] for [encoder] property
08:34:03,125 |-INFO in ch.qos.logback.core.joran.action.AppenderAction - About to instantiate appender of type [ch.qos.logback.core.rolling.RollingFileAppender]
08:34:03,134 |-INFO in ch.qos.logback.core.joran.action.AppenderAction - Naming appender as [FILE]
08:34:03,165 |-INFO in c.q.l.core.rolling.TimeBasedRollingPolicy@127618319 - No compression will be used
08:34:03,167 |-INFO in c.q.l.core.rolling.TimeBasedRollingPolicy@127618319 - Will use the pattern /tmp/application_%d{yyyy-MM-dd}.%i.log for the active file
08:34:03,169 |-INFO in ch.qos.logback.core.rolling.SizeAndTimeBasedFNATP@6b2fad11 - The date pattern is 'yyyy-MM-dd' from file name pattern '/tmp/application_%d{yyyy-MM-dd}.%i.log'.
08:34:03,169 |-INFO in ch.qos.logback.core.rolling.SizeAndTimeBasedFNATP@6b2fad11 - Roll-over at midnight.
08:34:03,175 |-INFO in ch.qos.logback.core.rolling.SizeAndTimeBasedFNATP@6b2fad11 - Setting initial period to Tue Jun 11 08:32:45 UTC 2019
08:34:03,175 |-WARN in ch.qos.logback.core.rolling.SizeAndTimeBasedFNATP@6b2fad11 - SizeAndTimeBasedFNATP is deprecated. Use SizeAndTimeBasedRollingPolicy instead
08:34:03,175 |-WARN in ch.qos.logback.core.rolling.SizeAndTimeBasedFNATP@6b2fad11 - For more information see http://logback.qos.ch/manual/appenders.html#SizeAndTimeBasedRollingPolicy
08:34:03,179 |-INFO in ch.qos.logback.core.joran.action.NestedComplexPropertyIA - Assuming default type [ch.qos.logback.classic.encoder.PatternLayoutEncoder] for [encoder] property
08:34:03,183 |-INFO in ch.qos.logback.core.rolling.RollingFileAppender[FILE] - Active log file name: /tmp/application.log
08:34:03,183 |-INFO in ch.qos.logback.core.rolling.RollingFileAppender[FILE] - File property is set to [/tmp/application.log]
08:34:03,184 |-INFO in ch.qos.logback.classic.joran.action.RootLoggerAction - Setting level of ROOT logger to WARN
08:34:03,184 |-INFO in ch.qos.logback.core.joran.action.AppenderRefAction - Attaching appender named [STDOUT] to Logger[ROOT]
08:34:03,186 |-INFO in ch.qos.logback.core.joran.action.AppenderRefAction - Attaching appender named [FILE] to Logger[ROOT]
08:34:03,186 |-INFO in ch.qos.logback.classic.joran.action.ConfigurationAction - End of configuration.
08:34:03,187 |-INFO in ch.qos.logback.classic.joran.JoranConfigurator@79698539 - Registering current configuration as safe fallback point

Ama winner
Ama winner
2019-06-11T08:34:04.447+0000: 1.715: [Full GC (Metadata GC Threshold) 2019-06-11T08:34:04.447+0000: 1.715: [Tenured: 0K->15144K(341376K), 0.0394813 secs] 114987K->15144K(494976K), [Metaspace: 20742K->20742K(1067008K)], 0.0395481 secs] [Times: user=0.04 sys=0.00, real=0.04 secs] 
08:34:16.561 [Curator-PathChildrenCache-2] WARN  o.a.c.u.ZKPaths  - The version of ZooKeeper being used doesn't support Container nodes. CreateMode.PERSISTENT will be used instead.
2019-06-11T08:34:19.925+0000: 17.194: [GC (Allocation Failure) 2019-06-11T08:34:19.925+0000: 17.194: [DefNew: 136576K->17023K(153600K), 0.0324038 secs] 151720K->51716K(494976K), 0.0324705 secs] [Times: user=0.02 sys=0.01, real=0.03 secs] 
2019-06-11T08:34:22.540+0000: 19.809: [Full GC (Metadata GC Threshold) 2019-06-11T08:34:22.540+0000: 19.809: [Tenured: 34692K->42418K(341376K), 0.0494042 secs] 147845K->42418K(494976K), [Metaspace: 34623K->34623K(1079296K)], 0.0494772 secs] [Times: user=0.05 sys=0.00, real=0.05 secs] 
2019-06-11T08:34:24.974+0000: 22.243: [GC (Allocation Failure) 2019-06-11T08:34:24.974+0000: 22.243: [DefNew: 136576K->972K(153600K), 0.0041210 secs] 178994K->43390K(494976K), 0.0041879 secs] [Times: user=0.01 sys=0.00, real=0.00 secs] 
2019-06-11T08:34:27.405+0000: 24.674: [GC (Allocation Failure) 2019-06-11T08:34:27.405+0000: 24.674: [DefNew: 137548K->308K(153600K), 0.0022451 secs] 179966K->42727K(494976K), 0.0023105 secs] [Times: user=0.00 sys=0.00, real=0.00 secs] 
2019-06-11T08:34:31.535+0000: 28.804: [GC (Allocation Failure) 2019-06-11T08:34:31.535+0000: 28.804: [DefNew: 136884K->471K(153600K), 0.0023864 secs] 179303K->42889K(494976K), 0.0024448 secs] [Times: user=0.00 sys=0.00, real=0.00 secs] 
2019-06-11T08:34:36.300+0000: 33.569: [GC (Allocation Failure) 2019-06-11T08:34:36.300+0000: 33.569: [DefNew: 137047K->481K(153600K), 0.0024103 secs] 179465K->42899K(494976K), 0.0024621 secs] [Times: user=0.00 sys=0.00, real=0.01 secs] 
2019-06-11T08:34:40.372+0000: 37.640: [GC (Allocation Failure) 2019-06-11T08:34:40.372+0000: 37.640: [DefNew: 137057K->476K(153600K), 0.0025343 secs] 179475K->42894K(494976K), 0.0026034 secs] [Times: user=0.00 sys=0.00, real=0.00 secs] 
2019-06-11T08:34:44.573+0000: 41.842: [GC (Allocation Failure) 2019-06-11T08:34:44.573+0000: 41.842: [DefNew: 137052K->530K(153600K), 0.0025763 secs] 179470K->42949K(494976K), 0.0026477 secs] [Times: user=0.00 sys=0.00, real=0.00 secs] 
2019-06-11T08:34:49.832+0000: 47.101: [GC (Allocation Failure) 2019-06-11T08:34:49.832+0000: 47.101: [DefNew: 137106K->602K(153600K), 0.0027323 secs] 179525K->43020K(494976K), 0.0027974 secs] [Times: user=0.00 sys=0.00, real=0.00 secs] 
2019-06-11T08:34:53.727+0000: 50.995: [GC (Allocation Failure) 2019-06-11T08:34:53.727+0000: 50.995: [DefNew: 137178K->759K(153600K), 0.0028353 secs] 179596K->43177K(494976K), 0.0028955 secs] [Times: user=0.01 sys=0.00, real=0.00 secs] 
2019-06-11T08:34:57.685+0000: 54.954: [GC (Allocation Failure) 2019-06-11T08:34:57.685+0000: 54.954: [DefNew: 137335K->713K(153600K), 0.0026149 secs] 179753K->43131K(494976K), 0.0026715 secs] [Times: user=0.01 sys=0.00, real=0.00 secs] 
2019-06-11T08:35:02.274+0000: 59.543: [GC (Allocation Failure) 2019-06-11T08:35:02.274+0000: 59.543: [DefNew: 137289K->838K(153600K), 0.0029726 secs] 179707K->43256K(494976K), 0.0030313 secs] [Times: user=0.00 sys=0.00, real=0.00 secs] 
2019-06-11T08:35:05.820+0000: 63.088: [GC (Allocation Failure) 2019-06-11T08:35:05.820+0000: 63.088: [DefNew: 137414K->1326K(153600K), 0.0048537 secs] 179832K->43744K(494976K), 0.0049147 secs] [Times: user=0.01 sys=0.00, real=0.01 secs] 
2019-06-11T08:35:10.580+0000: 67.848: [GC (Allocation Failure) 2019-06-11T08:35:10.580+0000: 67.848: [DefNew: 137902K->1180K(153600K), 0.0036238 secs] 180320K->43598K(494976K), 0.0037000 secs] [Times: user=0.01 sys=0.00, real=0.01 secs] 
2019-06-11T08:35:12.824+0000: 70.093: [GC (Allocation Failure) 2019-06-11T08:35:12.824+0000: 70.093: [DefNew: 137756K->1287K(153600K), 0.0036807 secs] 180174K->43705K(494976K), 0.0037453 secs] [Times: user=0.00 sys=0.00, real=0.00 secs] 
2019-06-11T08:35:18.086+0000: 75.355: [GC (Allocation Failure) 2019-06-11T08:35:18.086+0000: 75.355: [DefNew: 137863K->929K(153600K), 0.0030404 secs] 180281K->43347K(494976K), 0.0031001 secs] [Times: user=0.00 sys=0.00, real=0.00 secs] 
2019-06-11T08:35:21.880+0000: 79.148: [GC (Allocation Failure) 2019-06-11T08:35:21.880+0000: 79.148: [DefNew: 137505K->1124K(153600K), 0.0033386 secs] 179923K->43542K(494976K), 0.0033940 secs] [Times: user=0.00 sys=0.00, real=0.01 secs] 
2019-06-11T08:35:25.564+0000: 82.832: [GC (Allocation Failure) 2019-06-11T08:35:25.564+0000: 82.832: [DefNew: 137700K->1203K(153600K), 0.0036107 secs] 180118K->43768K(494976K), 0.0036680 secs] [Times: user=0.01 sys=0.00, real=0.00 secs] 
2019-06-11T08:35:29.972+0000: 87.240: [GC (Allocation Failure) 2019-06-11T08:35:29.972+0000: 87.240: [DefNew: 137779K->1102K(153600K), 0.0034944 secs] 180344K->43705K(494976K), 0.0035650 secs] [Times: user=0.00 sys=0.01, real=0.00 secs] 
2019-06-11T08:35:33.821+0000: 91.090: [GC (Allocation Failure) 2019-06-11T08:35:33.822+0000: 91.090: [DefNew: 137678K->936K(153600K), 0.0028462 secs] 180281K->43577K(494976K), 0.0029242 secs] [Times: user=0.01 sys=0.00, real=0.01 secs] 
2019-06-11T08:35:37.652+0000: 94.920: [GC (Allocation Failure) 2019-06-11T08:35:37.652+0000: 94.920: [DefNew: 137512K->1241K(153600K), 0.0031603 secs] 180153K->43920K(494976K), 0.0032094 secs] [Times: user=0.00 sys=0.00, real=0.00 secs] 
2019-06-11T08:35:41.919+0000: 99.188: [GC (Allocation Failure) 2019-06-11T08:35:41.919+0000: 99.188: [DefNew: 137817K->1084K(153600K), 0.0030354 secs] 180496K->43797K(494976K), 0.0030946 secs] [Times: user=0.00 sys=0.00, real=0.01 secs] 
2019-06-11T08:35:45.882+0000: 103.151: [GC (Allocation Failure) 2019-06-11T08:35:45.882+0000: 103.151: [DefNew: 137660K->1370K(153600K), 0.0032279 secs] 180373K->44129K(494976K), 0.0032866 secs] [Times: user=0.00 sys=0.00, real=0.00 secs] 
2019-06-11T08:35:50.399+0000: 107.668: [GC (Allocation Failure) 2019-06-11T08:35:50.399+0000: 107.668: [DefNew: 137946K->1153K(153600K), 0.0032974 secs] 180705K->43954K(494976K), 0.0033664 secs] [Times: user=0.00 sys=0.00, real=0.01 secs] 
2019-06-11T08:35:53.794+0000: 111.062: [GC (Allocation Failure) 2019-06-11T08:35:53.794+0000: 111.062: [DefNew: 137729K->1066K(153600K), 0.0030167 secs] 180530K->43907K(494976K), 0.0030907 secs] [Times: user=0.01 sys=0.00, real=0.00 secs] 
2019-06-11T08:35:58.518+0000: 115.787: [GC (Allocation Failure) 2019-06-11T08:35:58.519+0000: 115.787: [DefNew: 137642K->1157K(153600K), 0.0031951 secs] 180483K->44035K(494976K), 0.0032793 secs] [Times: user=0.00 sys=0.00, real=0.00 secs] 
2019-06-11T08:36:02.792+0000: 120.061: [GC (Allocation Failure) 2019-06-11T08:36:02.792+0000: 120.061: [DefNew: 137733K->1336K(153600K), 0.0034139 secs] 180611K->44252K(494976K), 0.0034771 secs] [Times: user=0.01 sys=0.00, real=0.00 secs] 
2019-06-11T08:36:06.944+0000: 124.212: [GC (Allocation Failure) 2019-06-11T08:36:06.944+0000: 124.212: [DefNew: 137912K->1088K(153600K), 0.0030865 secs] 180828K->44105K(494976K), 0.0031474 secs] [Times: user=0.00 sys=0.00, real=0.00 secs] 
2019-06-11T08:36:11.112+0000: 128.381: [GC (Allocation Failure) 2019-06-11T08:36:11.112+0000: 128.381: [DefNew: 137664K->1111K(153600K), 0.0030593 secs] 180681K->44171K(494976K), 0.0031190 secs] [Times: user=0.00 sys=0.00, real=0.00 secs] 
2019-06-11T08:36:15.515+0000: 132.784: [GC (Allocation Failure) 2019-06-11T08:36:15.515+0000: 132.784: [DefNew: 137687K->1031K(153600K), 0.0030405 secs] 180747K->44204K(494976K), 0.0030978 secs] [Times: user=0.00 sys=0.00, real=0.00 secs] 
2019-06-11T08:36:19.715+0000: 136.983: [GC (Allocation Failure) 2019-06-11T08:36:19.715+0000: 136.983: [DefNew: 137607K->1061K(153600K), 0.0027937 secs] 180780K->44303K(494976K), 0.0028543 secs] [Times: user=0.00 sys=0.00, real=0.00 secs] 
2019-06-11T08:36:24.265+0000: 141.534: [GC (Allocation Failure) 2019-06-11T08:36:24.265+0000: 141.534: [DefNew: 137637K->1062K(153600K), 0.0028647 secs] 180879K->44365K(494976K), 0.0029261 secs] [Times: user=0.00 sys=0.00, real=0.00 secs] 
2019-06-11T08:36:28.039+0000: 145.308: [GC (Allocation Failure) 2019-06-11T08:36:28.039+0000: 145.308: [DefNew: 137638K->1282K(153600K), 0.0029917 secs] 180941K->44644K(494976K), 0.0030824 secs] [Times: user=0.00 sys=0.00, real=0.01 secs] 
2019-06-11T08:36:32.443+0000: 149.712: [GC (Allocation Failure) 2019-06-11T08:36:32.443+0000: 149.712: [DefNew: 137858K->1033K(153600K), 0.0028521 secs] 181220K->44454K(494976K), 0.0029073 secs] [Times: user=0.00 sys=0.00, real=0.00 secs] 
2019-06-11T08:36:36.482+0000: 153.750: [GC (Allocation Failure) 2019-06-11T08:36:36.482+0000: 153.750: [DefNew: 137609K->1025K(153600K), 0.0029877 secs] 181030K->44498K(494976K), 0.0030463 secs] [Times: user=0.00 sys=0.00, real=0.01 secs] 
2019-06-11T08:43:08.795+0000: 546.063: [GC (Allocation Failure) 2019-06-11T08:43:08.795+0000: 546.063: [DefNew: 137601K->1238K(153600K), 0.0030677 secs] 181074K->44762K(494976K), 0.0031299 secs] [Times: user=0.01 sys=0.00, real=0.00 secs] 
09:34:26.519 [Curator-PathChildrenCache-0] ERROR o.a.c.f.r.c.PathChildrenCache  - 
java.lang.IllegalStateException: instance must be started before calling this method
	at org.apache.curator.shaded.com.google.common.base.Preconditions.checkState(Preconditions.java:444)
	at org.apache.curator.framework.imps.CuratorFrameworkImpl.getChildren(CuratorFrameworkImpl.java:456)
	at org.apache.curator.framework.recipes.cache.PathChildrenCache.refresh(PathChildrenCache.java:521)
	at org.apache.curator.framework.recipes.cache.RefreshOperation.invoke(RefreshOperation.java:35)
	at org.apache.curator.framework.recipes.cache.PathChildrenCache$9.run(PathChildrenCache.java:786)
	at java.util.concurrent.Executors$RunnableAdapter.call(Executors.java:511)
	at java.util.concurrent.FutureTask.run(FutureTask.java:266)
	at java.util.concurrent.Executors$RunnableAdapter.call(Executors.java:511)
	at java.util.concurrent.FutureTask.run(FutureTask.java:266)
	at java.util.concurrent.ThreadPoolExecutor.runWorker(ThreadPoolExecutor.java:1149)
	at java.util.concurrent.ThreadPoolExecutor$Worker.run(ThreadPoolExecutor.java:624)
	at java.lang.Thread.run(Thread.java:748)
2019-06-11T09:34:27.685+0000: 3624.954: [GC (Allocation Failure) 2019-06-11T09:34:27.685+0000: 3624.954: [DefNew: 137814K->2133K(153600K), 0.0048820 secs] 181338K->45776K(494976K), 0.0049295 secs] [Times: user=0.00 sys=0.00, real=0.01 secs] 
Heap
 def new generation   total 153600K, used 2970K [0x00000000e0c00000, 0x00000000eb2a0000, 0x00000000eb2a0000)
  eden space 136576K,   0% used [0x00000000e0c00000, 0x00000000e0cd11d0, 0x00000000e9160000)
  from space 17024K,  12% used [0x00000000e9160000, 0x00000000e93757d8, 0x00000000ea200000)
  to   space 17024K,   0% used [0x00000000ea200000, 0x00000000ea200000, 0x00000000eb2a0000)
 tenured generation   total 341376K, used 43642K [0x00000000eb2a0000, 0x0000000100000000, 0x0000000100000000)
   the space 341376K,  12% used [0x00000000eb2a0000, 0x00000000edd3ebd0, 0x00000000edd3ec00, 0x0000000100000000)
 Metaspace       used 36443K, capacity 37330K, committed 37632K, reserved 1081344K
  class space    used 4882K, capacity 5067K, committed 5120K, reserved 1048576K
