07:44:44,834 |-INFO in ch.qos.logback.classic.LoggerContext[default] - Could NOT find resource [logback-test.xml]
07:44:44,834 |-INFO in ch.qos.logback.classic.LoggerContext[default] - Could NOT find resource [logback.groovy]
07:44:44,834 |-INFO in ch.qos.logback.classic.LoggerContext[default] - Found resource [logback.xml] at [jar:file:/root/flamestream/lib/flamestream-runtime-1.0-SNAPSHOT.jar!/logback.xml]
07:44:44,835 |-WARN in ch.qos.logback.classic.LoggerContext[default] - Resource [logback.xml] occurs multiple times on the classpath.
07:44:44,835 |-WARN in ch.qos.logback.classic.LoggerContext[default] - Resource [logback.xml] occurs at [jar:file:/root/flamestream/lib/flamestream-runtime-1.0-SNAPSHOT.jar!/logback.xml]
07:44:44,835 |-WARN in ch.qos.logback.classic.LoggerContext[default] - Resource [logback.xml] occurs at [jar:file:/root/flamestream/flamestream-runtime-1.0-SNAPSHOT.jar!/logback.xml]
07:44:44,855 |-INFO in ch.qos.logback.core.joran.spi.ConfigurationWatchList@3fb6a447 - URL [jar:file:/root/flamestream/lib/flamestream-runtime-1.0-SNAPSHOT.jar!/logback.xml] is not of type file
07:44:44,928 |-INFO in ch.qos.logback.classic.joran.action.ConfigurationAction - debug attribute not set
07:44:44,928 |-INFO in ch.qos.logback.core.joran.action.AppenderAction - About to instantiate appender of type [ch.qos.logback.core.ConsoleAppender]
07:44:44,939 |-INFO in ch.qos.logback.core.joran.action.AppenderAction - Naming appender as [STDOUT]
07:44:44,958 |-INFO in ch.qos.logback.core.joran.action.NestedComplexPropertyIA - Assuming default type [ch.qos.logback.classic.encoder.PatternLayoutEncoder] for [encoder] property
07:44:45,047 |-INFO in ch.qos.logback.core.joran.action.AppenderAction - About to instantiate appender of type [ch.qos.logback.core.rolling.RollingFileAppender]
07:44:45,052 |-INFO in ch.qos.logback.core.joran.action.AppenderAction - Naming appender as [FILE]
07:44:45,083 |-INFO in c.q.l.core.rolling.TimeBasedRollingPolicy@127618319 - No compression will be used
07:44:45,085 |-INFO in c.q.l.core.rolling.TimeBasedRollingPolicy@127618319 - Will use the pattern /tmp/application_%d{yyyy-MM-dd}.%i.log for the active file
07:44:45,088 |-INFO in ch.qos.logback.core.rolling.SizeAndTimeBasedFNATP@6b2fad11 - The date pattern is 'yyyy-MM-dd' from file name pattern '/tmp/application_%d{yyyy-MM-dd}.%i.log'.
07:44:45,088 |-INFO in ch.qos.logback.core.rolling.SizeAndTimeBasedFNATP@6b2fad11 - Roll-over at midnight.
07:44:45,093 |-INFO in ch.qos.logback.core.rolling.SizeAndTimeBasedFNATP@6b2fad11 - Setting initial period to Tue Jun 11 07:43:23 UTC 2019
07:44:45,093 |-WARN in ch.qos.logback.core.rolling.SizeAndTimeBasedFNATP@6b2fad11 - SizeAndTimeBasedFNATP is deprecated. Use SizeAndTimeBasedRollingPolicy instead
07:44:45,093 |-WARN in ch.qos.logback.core.rolling.SizeAndTimeBasedFNATP@6b2fad11 - For more information see http://logback.qos.ch/manual/appenders.html#SizeAndTimeBasedRollingPolicy
07:44:45,098 |-INFO in ch.qos.logback.core.joran.action.NestedComplexPropertyIA - Assuming default type [ch.qos.logback.classic.encoder.PatternLayoutEncoder] for [encoder] property
07:44:45,102 |-INFO in ch.qos.logback.core.rolling.RollingFileAppender[FILE] - Active log file name: /tmp/application.log
07:44:45,102 |-INFO in ch.qos.logback.core.rolling.RollingFileAppender[FILE] - File property is set to [/tmp/application.log]
07:44:45,103 |-INFO in ch.qos.logback.classic.joran.action.RootLoggerAction - Setting level of ROOT logger to WARN
07:44:45,103 |-INFO in ch.qos.logback.core.joran.action.AppenderRefAction - Attaching appender named [STDOUT] to Logger[ROOT]
07:44:45,104 |-INFO in ch.qos.logback.core.joran.action.AppenderRefAction - Attaching appender named [FILE] to Logger[ROOT]
07:44:45,104 |-INFO in ch.qos.logback.classic.joran.action.ConfigurationAction - End of configuration.
07:44:45,104 |-INFO in ch.qos.logback.classic.joran.JoranConfigurator@79698539 - Registering current configuration as safe fallback point

Ama winner
Ama winner
2019-06-11T07:44:46.384+0000: 1.736: [Full GC (Metadata GC Threshold) 2019-06-11T07:44:46.384+0000: 1.736: [Tenured: 0K->15208K(341376K), 0.0405479 secs] 114987K->15208K(494976K), [Metaspace: 20729K->20729K(1067008K)], 0.0406197 secs] [Times: user=0.04 sys=0.00, real=0.04 secs] 
07:45:14.064 [Curator-PathChildrenCache-2] WARN  o.a.c.u.ZKPaths  - The version of ZooKeeper being used doesn't support Container nodes. CreateMode.PERSISTENT will be used instead.
2019-06-11T07:45:16.426+0000: 31.778: [GC (Allocation Failure) 2019-06-11T07:45:16.426+0000: 31.778: [DefNew: 136576K->17024K(153600K), 0.0257011 secs] 151784K->52553K(494976K), 0.0257684 secs] [Times: user=0.02 sys=0.01, real=0.03 secs] 
2019-06-11T07:45:21.748+0000: 37.100: [Full GC (Metadata GC Threshold) 2019-06-11T07:45:21.748+0000: 37.100: [Tenured: 35529K->43916K(341376K), 0.0571337 secs] 157729K->43916K(494976K), [Metaspace: 34615K->34615K(1079296K)], 0.0572128 secs] [Times: user=0.06 sys=0.00, real=0.06 secs] 
2019-06-11T07:45:28.813+0000: 44.165: [GC (Allocation Failure) 2019-06-11T07:45:28.813+0000: 44.165: [DefNew: 136576K->52K(153600K), 0.0016632 secs] 180492K->43969K(494976K), 0.0017243 secs] [Times: user=0.00 sys=0.00, real=0.00 secs] 
2019-06-11T07:45:35.992+0000: 51.344: [GC (Allocation Failure) 2019-06-11T07:45:35.992+0000: 51.344: [DefNew: 136628K->52K(153600K), 0.0017117 secs] 180545K->43969K(494976K), 0.0017817 secs] [Times: user=0.00 sys=0.00, real=0.00 secs] 
2019-06-11T07:45:43.196+0000: 58.548: [GC (Allocation Failure) 2019-06-11T07:45:43.196+0000: 58.548: [DefNew: 136628K->51K(153600K), 0.0015527 secs] 180545K->43967K(494976K), 0.0016134 secs] [Times: user=0.01 sys=0.00, real=0.00 secs] 
2019-06-11T07:45:50.681+0000: 66.033: [GC (Allocation Failure) 2019-06-11T07:45:50.681+0000: 66.033: [DefNew: 136627K->367K(153600K), 0.0021374 secs] 180543K->44284K(494976K), 0.0022042 secs] [Times: user=0.00 sys=0.00, real=0.00 secs] 
2019-06-11T07:46:06.190+0000: 81.542: [GC (Allocation Failure) 2019-06-11T07:46:06.190+0000: 81.542: [DefNew: 136943K->124K(153600K), 0.0019742 secs] 180860K->44041K(494976K), 0.0020399 secs] [Times: user=0.00 sys=0.00, real=0.01 secs] 
07:46:09.198 [Curator-PathChildrenCache-0] ERROR o.a.c.f.r.c.PathChildrenCache  - 
java.lang.IllegalStateException: instance must be started before calling this method
	at org.apache.curator.shaded.com.google.common.base.Preconditions.checkState(Preconditions.java:444)
	at org.apache.curator.framework.imps.CuratorFrameworkImpl.getChildren(CuratorFrameworkImpl.java:456)
	at org.apache.curator.framework.recipes.cache.PathChildrenCache.refresh(PathChildrenCache.java:521)
	at org.apache.curator.framework.recipes.cache.RefreshOperation.invoke(RefreshOperation.java:35)
	at org.apache.curator.framework.recipes.cache.PathChildrenCache$9.run(PathChildrenCache.java:786)
	at java.util.concurrent.Executors$RunnableAdapter.call(Executors.java:511)
	at java.util.concurrent.FutureTask.run(FutureTask.java:266)
	at java.util.concurrent.Executors$RunnableAdapter.call(Executors.java:511)
	at java.util.concurrent.FutureTask.run(FutureTask.java:266)
	at java.util.concurrent.ThreadPoolExecutor.runWorker(ThreadPoolExecutor.java:1149)
	at java.util.concurrent.ThreadPoolExecutor$Worker.run(ThreadPoolExecutor.java:624)
	at java.lang.Thread.run(Thread.java:748)
Heap
 def new generation   total 153600K, used 37011K [0x00000000e0c00000, 0x00000000eb2a0000, 0x00000000eb2a0000)
  eden space 136576K,  27% used [0x00000000e0c00000, 0x00000000e3005cd0, 0x00000000e9160000)
  from space 17024K,   0% used [0x00000000e9160000, 0x00000000e917f240, 0x00000000ea200000)
  to   space 17024K,   0% used [0x00000000ea200000, 0x00000000ea200000, 0x00000000eb2a0000)
 tenured generation   total 341376K, used 43916K [0x00000000eb2a0000, 0x0000000100000000, 0x0000000100000000)
   the space 341376K,  12% used [0x00000000eb2a0000, 0x00000000edd83328, 0x00000000edd83400, 0x0000000100000000)
 Metaspace       used 36140K, capacity 37062K, committed 37376K, reserved 1081344K
  class space    used 4869K, capacity 5075K, committed 5120K, reserved 1048576K
