09:37:45,664 |-INFO in ch.qos.logback.classic.LoggerContext[default] - Could NOT find resource [logback-test.xml]
09:37:45,664 |-INFO in ch.qos.logback.classic.LoggerContext[default] - Could NOT find resource [logback.groovy]
09:37:45,664 |-INFO in ch.qos.logback.classic.LoggerContext[default] - Found resource [logback.xml] at [jar:file:/root/flamestream/lib/flamestream-runtime-1.0-SNAPSHOT.jar!/logback.xml]
09:37:45,665 |-WARN in ch.qos.logback.classic.LoggerContext[default] - Resource [logback.xml] occurs multiple times on the classpath.
09:37:45,665 |-WARN in ch.qos.logback.classic.LoggerContext[default] - Resource [logback.xml] occurs at [jar:file:/root/flamestream/lib/flamestream-runtime-1.0-SNAPSHOT.jar!/logback.xml]
09:37:45,665 |-WARN in ch.qos.logback.classic.LoggerContext[default] - Resource [logback.xml] occurs at [jar:file:/root/flamestream/flamestream-runtime-1.0-SNAPSHOT.jar!/logback.xml]
09:37:45,685 |-INFO in ch.qos.logback.core.joran.spi.ConfigurationWatchList@3fb6a447 - URL [jar:file:/root/flamestream/lib/flamestream-runtime-1.0-SNAPSHOT.jar!/logback.xml] is not of type file
09:37:45,757 |-INFO in ch.qos.logback.classic.joran.action.ConfigurationAction - debug attribute not set
09:37:45,758 |-INFO in ch.qos.logback.core.joran.action.AppenderAction - About to instantiate appender of type [ch.qos.logback.core.ConsoleAppender]
09:37:45,776 |-INFO in ch.qos.logback.core.joran.action.AppenderAction - Naming appender as [STDOUT]
09:37:45,794 |-INFO in ch.qos.logback.core.joran.action.NestedComplexPropertyIA - Assuming default type [ch.qos.logback.classic.encoder.PatternLayoutEncoder] for [encoder] property
09:37:45,878 |-INFO in ch.qos.logback.core.joran.action.AppenderAction - About to instantiate appender of type [ch.qos.logback.core.rolling.RollingFileAppender]
09:37:45,883 |-INFO in ch.qos.logback.core.joran.action.AppenderAction - Naming appender as [FILE]
09:37:45,915 |-INFO in c.q.l.core.rolling.TimeBasedRollingPolicy@127618319 - No compression will be used
09:37:45,916 |-INFO in c.q.l.core.rolling.TimeBasedRollingPolicy@127618319 - Will use the pattern /tmp/application_%d{yyyy-MM-dd}.%i.log for the active file
09:37:45,919 |-INFO in ch.qos.logback.core.rolling.SizeAndTimeBasedFNATP@6b2fad11 - The date pattern is 'yyyy-MM-dd' from file name pattern '/tmp/application_%d{yyyy-MM-dd}.%i.log'.
09:37:45,919 |-INFO in ch.qos.logback.core.rolling.SizeAndTimeBasedFNATP@6b2fad11 - Roll-over at midnight.
09:37:45,925 |-INFO in ch.qos.logback.core.rolling.SizeAndTimeBasedFNATP@6b2fad11 - Setting initial period to Tue Jun 11 09:36:31 UTC 2019
09:37:45,925 |-WARN in ch.qos.logback.core.rolling.SizeAndTimeBasedFNATP@6b2fad11 - SizeAndTimeBasedFNATP is deprecated. Use SizeAndTimeBasedRollingPolicy instead
09:37:45,925 |-WARN in ch.qos.logback.core.rolling.SizeAndTimeBasedFNATP@6b2fad11 - For more information see http://logback.qos.ch/manual/appenders.html#SizeAndTimeBasedRollingPolicy
09:37:45,929 |-INFO in ch.qos.logback.core.joran.action.NestedComplexPropertyIA - Assuming default type [ch.qos.logback.classic.encoder.PatternLayoutEncoder] for [encoder] property
09:37:45,934 |-INFO in ch.qos.logback.core.rolling.RollingFileAppender[FILE] - Active log file name: /tmp/application.log
09:37:45,934 |-INFO in ch.qos.logback.core.rolling.RollingFileAppender[FILE] - File property is set to [/tmp/application.log]
09:37:45,935 |-INFO in ch.qos.logback.classic.joran.action.RootLoggerAction - Setting level of ROOT logger to WARN
09:37:45,935 |-INFO in ch.qos.logback.core.joran.action.AppenderRefAction - Attaching appender named [STDOUT] to Logger[ROOT]
09:37:45,937 |-INFO in ch.qos.logback.core.joran.action.AppenderRefAction - Attaching appender named [FILE] to Logger[ROOT]
09:37:45,937 |-INFO in ch.qos.logback.classic.joran.action.ConfigurationAction - End of configuration.
09:37:45,937 |-INFO in ch.qos.logback.classic.joran.JoranConfigurator@79698539 - Registering current configuration as safe fallback point

Ama winner
Ama winner
2019-06-11T09:37:47.242+0000: 1.766: [Full GC (Metadata GC Threshold) 2019-06-11T09:37:47.242+0000: 1.766: [Tenured: 0K->15191K(341376K), 0.0394637 secs] 114988K->15191K(494976K), [Metaspace: 20731K->20731K(1067008K)], 0.0395305 secs] [Times: user=0.04 sys=0.00, real=0.04 secs] 
09:38:09.054 [Curator-PathChildrenCache-2] WARN  o.a.c.u.ZKPaths  - The version of ZooKeeper being used doesn't support Container nodes. CreateMode.PERSISTENT will be used instead.
2019-06-11T09:38:12.596+0000: 27.120: [GC (Allocation Failure) 2019-06-11T09:38:12.596+0000: 27.120: [DefNew: 136576K->17023K(153600K), 0.0274567 secs] 151767K->51773K(494976K), 0.0275294 secs] [Times: user=0.02 sys=0.01, real=0.02 secs] 
2019-06-11T09:38:15.426+0000: 29.950: [Full GC (Metadata GC Threshold) 2019-06-11T09:38:15.426+0000: 29.950: [Tenured: 34749K->42608K(341376K), 0.0524816 secs] 158205K->42608K(494976K), [Metaspace: 34524K->34524K(1079296K)], 0.0525551 secs] [Times: user=0.05 sys=0.01, real=0.06 secs] 
2019-06-11T09:38:18.358+0000: 32.884: [GC (Allocation Failure) 2019-06-11T09:38:18.360+0000: 32.885: [DefNew: 136576K->2089K(153600K), 0.0113982 secs] 179184K->44697K(494976K), 0.0133377 secs] [Times: user=0.01 sys=0.00, real=0.01 secs] 
2019-06-11T09:38:21.120+0000: 35.644: [GC (Allocation Failure) 2019-06-11T09:38:21.120+0000: 35.644: [DefNew: 138665K->437K(153600K), 0.0025357 secs] 181273K->43045K(494976K), 0.0025958 secs] [Times: user=0.00 sys=0.00, real=0.00 secs] 
2019-06-11T09:38:25.600+0000: 40.124: [GC (Allocation Failure) 2019-06-11T09:38:25.600+0000: 40.124: [DefNew: 137013K->522K(153600K), 0.0026215 secs] 179621K->43131K(494976K), 0.0026783 secs] [Times: user=0.00 sys=0.00, real=0.00 secs] 
2019-06-11T09:38:30.408+0000: 44.932: [GC (Allocation Failure) 2019-06-11T09:38:30.408+0000: 44.932: [DefNew: 137098K->646K(153600K), 0.0029270 secs] 179707K->43254K(494976K), 0.0029853 secs] [Times: user=0.00 sys=0.00, real=0.00 secs] 
2019-06-11T09:38:35.085+0000: 49.609: [GC (Allocation Failure) 2019-06-11T09:38:35.085+0000: 49.609: [DefNew: 137222K->700K(153600K), 0.0028377 secs] 179830K->43308K(494976K), 0.0028967 secs] [Times: user=0.01 sys=0.00, real=0.01 secs] 
2019-06-11T09:38:39.173+0000: 53.697: [GC (Allocation Failure) 2019-06-11T09:38:39.173+0000: 53.697: [DefNew: 137276K->625K(153600K), 0.0027775 secs] 179884K->43234K(494976K), 0.0028477 secs] [Times: user=0.00 sys=0.00, real=0.01 secs] 
2019-06-11T09:38:43.105+0000: 57.629: [GC (Allocation Failure) 2019-06-11T09:38:43.105+0000: 57.629: [DefNew: 137201K->659K(153600K), 0.0027039 secs] 179810K->43268K(494976K), 0.0027635 secs] [Times: user=0.01 sys=0.00, real=0.01 secs] 
2019-06-11T09:38:45.964+0000: 60.488: [GC (Allocation Failure) 2019-06-11T09:38:45.964+0000: 60.488: [DefNew: 137235K->970K(153600K), 0.0032692 secs] 179844K->43578K(494976K), 0.0033464 secs] [Times: user=0.00 sys=0.00, real=0.01 secs] 
2019-06-11T09:38:50.455+0000: 64.979: [GC (Allocation Failure) 2019-06-11T09:38:50.455+0000: 64.979: [DefNew: 137546K->1166K(153600K), 0.0033368 secs] 180154K->43774K(494976K), 0.0033999 secs] [Times: user=0.00 sys=0.00, real=0.00 secs] 
2019-06-11T09:38:54.589+0000: 69.113: [GC (Allocation Failure) 2019-06-11T09:38:54.589+0000: 69.113: [DefNew: 137742K->854K(153600K), 0.0032886 secs] 180350K->43463K(494976K), 0.0033647 secs] [Times: user=0.01 sys=0.00, real=0.00 secs] 
2019-06-11T09:38:58.395+0000: 72.919: [GC (Allocation Failure) 2019-06-11T09:38:58.395+0000: 72.919: [DefNew: 137430K->1035K(153600K), 0.0034124 secs] 180039K->43644K(494976K), 0.0034838 secs] [Times: user=0.00 sys=0.00, real=0.01 secs] 
2019-06-11T09:39:01.984+0000: 76.509: [GC (Allocation Failure) 2019-06-11T09:39:01.984+0000: 76.509: [DefNew: 137611K->1130K(153600K), 0.0039348 secs] 180220K->43738K(494976K), 0.0040019 secs] [Times: user=0.00 sys=0.00, real=0.01 secs] 
2019-06-11T09:39:05.610+0000: 80.134: [GC (Allocation Failure) 2019-06-11T09:39:05.610+0000: 80.134: [DefNew: 137706K->1024K(153600K), 0.0032941 secs] 180314K->43633K(494976K), 0.0033645 secs] [Times: user=0.00 sys=0.00, real=0.00 secs] 
2019-06-11T09:39:09.298+0000: 83.822: [GC (Allocation Failure) 2019-06-11T09:39:09.298+0000: 83.822: [DefNew: 137600K->1050K(153600K), 0.0034195 secs] 180209K->43659K(494976K), 0.0034808 secs] [Times: user=0.00 sys=0.00, real=0.00 secs] 
2019-06-11T09:39:13.040+0000: 87.564: [GC (Allocation Failure) 2019-06-11T09:39:13.040+0000: 87.564: [DefNew: 137626K->1328K(153600K), 0.0036874 secs] 180235K->43936K(494976K), 0.0037444 secs] [Times: user=0.00 sys=0.00, real=0.00 secs] 
2019-06-11T09:39:16.743+0000: 91.268: [GC (Allocation Failure) 2019-06-11T09:39:16.744+0000: 91.268: [DefNew: 137904K->1034K(153600K), 0.0035522 secs] 180512K->43836K(494976K), 0.0036128 secs] [Times: user=0.00 sys=0.00, real=0.01 secs] 
2019-06-11T09:39:19.354+0000: 93.878: [GC (Allocation Failure) 2019-06-11T09:39:19.354+0000: 93.878: [DefNew: 137610K->1014K(153600K), 0.0034240 secs] 180412K->43904K(494976K), 0.0034864 secs] [Times: user=0.00 sys=0.00, real=0.01 secs] 
2019-06-11T09:39:23.820+0000: 98.344: [GC (Allocation Failure) 2019-06-11T09:39:23.820+0000: 98.344: [DefNew: 137590K->831K(153600K), 0.0030041 secs] 180480K->43751K(494976K), 0.0030662 secs] [Times: user=0.00 sys=0.00, real=0.00 secs] 
2019-06-11T09:39:27.928+0000: 102.452: [GC (Allocation Failure) 2019-06-11T09:39:27.928+0000: 102.452: [DefNew: 137407K->829K(153600K), 0.0030513 secs] 180327K->43778K(494976K), 0.0031115 secs] [Times: user=0.01 sys=0.00, real=0.00 secs] 
2019-06-11T09:39:30.830+0000: 105.354: [GC (Allocation Failure) 2019-06-11T09:39:30.830+0000: 105.355: [DefNew: 137405K->822K(153600K), 0.0030279 secs] 180354K->43803K(494976K), 0.0030878 secs] [Times: user=0.01 sys=0.00, real=0.00 secs] 
2019-06-11T09:39:34.316+0000: 108.841: [GC (Allocation Failure) 2019-06-11T09:39:34.316+0000: 108.841: [DefNew: 137398K->713K(153600K), 0.0027721 secs] 180379K->43729K(494976K), 0.0028426 secs] [Times: user=0.00 sys=0.00, real=0.00 secs] 
2019-06-11T09:39:38.940+0000: 113.464: [GC (Allocation Failure) 2019-06-11T09:39:38.940+0000: 113.464: [DefNew: 137289K->705K(153600K), 0.0027217 secs] 180305K->43756K(494976K), 0.0027925 secs] [Times: user=0.00 sys=0.00, real=0.00 secs] 
2019-06-11T09:39:42.640+0000: 117.164: [GC (Allocation Failure) 2019-06-11T09:39:42.640+0000: 117.164: [DefNew: 137281K->698K(153600K), 0.0028263 secs] 180332K->43774K(494976K), 0.0028889 secs] [Times: user=0.00 sys=0.01, real=0.00 secs] 
2019-06-11T09:39:46.717+0000: 121.241: [GC (Allocation Failure) 2019-06-11T09:39:46.717+0000: 121.241: [DefNew: 137274K->1001K(153600K), 0.0030091 secs] 180350K->44171K(494976K), 0.0030695 secs] [Times: user=0.00 sys=0.00, real=0.00 secs] 
2019-06-11T09:39:49.900+0000: 124.424: [GC (Allocation Failure) 2019-06-11T09:39:49.900+0000: 124.424: [DefNew: 137577K->672K(153600K), 0.0027603 secs] 180747K->43917K(494976K), 0.0028289 secs] [Times: user=0.01 sys=0.00, real=0.00 secs] 
2019-06-11T09:39:55.158+0000: 129.682: [GC (Allocation Failure) 2019-06-11T09:39:55.158+0000: 129.682: [DefNew: 137248K->561K(153600K), 0.0026251 secs] 180493K->43901K(494976K), 0.0026854 secs] [Times: user=0.00 sys=0.00, real=0.00 secs] 
2019-06-11T09:39:58.683+0000: 133.207: [GC (Allocation Failure) 2019-06-11T09:39:58.683+0000: 133.207: [DefNew: 137137K->545K(153600K), 0.0025251 secs] 180477K->43926K(494976K), 0.0025958 secs] [Times: user=0.00 sys=0.00, real=0.00 secs] 
2019-06-11T09:40:02.300+0000: 136.824: [GC (Allocation Failure) 2019-06-11T09:40:02.300+0000: 136.824: [DefNew: 137121K->592K(153600K), 0.0025849 secs] 180502K->44006K(494976K), 0.0026448 secs] [Times: user=0.00 sys=0.00, real=0.00 secs] 
2019-06-11T09:40:05.822+0000: 140.346: [GC (Allocation Failure) 2019-06-11T09:40:05.822+0000: 140.346: [DefNew: 137168K->529K(153600K), 0.0024805 secs] 180582K->43970K(494976K), 0.0025409 secs] [Times: user=0.00 sys=0.00, real=0.00 secs] 
2019-06-11T09:40:09.620+0000: 144.144: [GC (Allocation Failure) 2019-06-11T09:40:09.620+0000: 144.144: [DefNew: 137105K->605K(153600K), 0.0027014 secs] 180546K->44069K(494976K), 0.0027613 secs] [Times: user=0.00 sys=0.00, real=0.00 secs] 
2019-06-11T09:40:14.698+0000: 149.222: [GC (Allocation Failure) 2019-06-11T09:40:14.698+0000: 149.222: [DefNew: 137181K->536K(153600K), 0.0025932 secs] 180645K->44023K(494976K), 0.0026759 secs] [Times: user=0.00 sys=0.00, real=0.00 secs] 
2019-06-11T09:40:18.898+0000: 153.422: [GC (Allocation Failure) 2019-06-11T09:40:18.898+0000: 153.422: [DefNew: 137112K->527K(153600K), 0.0025992 secs] 180599K->44040K(494976K), 0.0026542 secs] [Times: user=0.00 sys=0.00, real=0.00 secs] 
2019-06-11T09:40:22.810+0000: 157.334: [GC (Allocation Failure) 2019-06-11T09:40:22.810+0000: 157.334: [DefNew: 137103K->555K(153600K), 0.0025267 secs] 180616K->44090K(494976K), 0.0025856 secs] [Times: user=0.00 sys=0.00, real=0.00 secs] 
2019-06-11T09:40:26.142+0000: 160.666: [GC (Allocation Failure) 2019-06-11T09:40:26.142+0000: 160.666: [DefNew: 137131K->528K(153600K), 0.0025571 secs] 180666K->44087K(494976K), 0.0026307 secs] [Times: user=0.00 sys=0.00, real=0.00 secs] 
2019-06-11T09:40:31.598+0000: 166.122: [GC (Allocation Failure) 2019-06-11T09:40:31.598+0000: 166.122: [DefNew: 137104K->682K(153600K), 0.0027858 secs] 180663K->44266K(494976K), 0.0028447 secs] [Times: user=0.00 sys=0.00, real=0.00 secs] 
2019-06-11T09:40:35.503+0000: 170.027: [GC (Allocation Failure) 2019-06-11T09:40:35.503+0000: 170.027: [DefNew: 137258K->563K(153600K), 0.0025908 secs] 180842K->44163K(494976K), 0.0026523 secs] [Times: user=0.00 sys=0.00, real=0.00 secs] 
2019-06-11T09:40:39.904+0000: 174.428: [GC (Allocation Failure) 2019-06-11T09:40:39.904+0000: 174.428: [DefNew: 137139K->526K(153600K), 0.0025266 secs] 180739K->44156K(494976K), 0.0025858 secs] [Times: user=0.00 sys=0.00, real=0.00 secs] 
2019-06-11T09:40:43.296+0000: 177.820: [GC (Allocation Failure) 2019-06-11T09:40:43.296+0000: 177.820: [DefNew: 137102K->593K(153600K), 0.0025475 secs] 180732K->44242K(494976K), 0.0026069 secs] [Times: user=0.01 sys=0.00, real=0.00 secs] 
2019-06-11T09:40:46.924+0000: 181.448: [GC (Allocation Failure) 2019-06-11T09:40:46.924+0000: 181.448: [DefNew: 137169K->526K(153600K), 0.0025124 secs] 180818K->44199K(494976K), 0.0025716 secs] [Times: user=0.00 sys=0.00, real=0.00 secs] 
2019-06-11T09:40:51.235+0000: 185.760: [GC (Allocation Failure) 2019-06-11T09:40:51.236+0000: 185.760: [DefNew: 137102K->533K(153600K), 0.0025768 secs] 180775K->44239K(494976K), 0.0026413 secs] [Times: user=0.01 sys=0.00, real=0.00 secs] 
2019-06-11T09:40:56.709+0000: 191.233: [GC (Allocation Failure) 2019-06-11T09:40:56.709+0000: 191.233: [DefNew: 137109K->531K(153600K), 0.0025356 secs] 180815K->44263K(494976K), 0.0025966 secs] [Times: user=0.00 sys=0.00, real=0.00 secs] 
2019-06-11T09:41:01.015+0000: 195.539: [GC (Allocation Failure) 2019-06-11T09:41:01.015+0000: 195.539: [DefNew: 137107K->533K(153600K), 0.0025646 secs] 180839K->44289K(494976K), 0.0026243 secs] [Times: user=0.00 sys=0.00, real=0.00 secs] 
2019-06-11T09:41:03.848+0000: 198.372: [GC (Allocation Failure) 2019-06-11T09:41:03.848+0000: 198.372: [DefNew: 137109K->539K(153600K), 0.0025059 secs] 180865K->44323K(494976K), 0.0025691 secs] [Times: user=0.01 sys=0.00, real=0.00 secs] 
2019-06-11T09:41:07.776+0000: 202.300: [GC (Allocation Failure) 2019-06-11T09:41:07.776+0000: 202.300: [DefNew: 137115K->528K(153600K), 0.0025356 secs] 180899K->44330K(494976K), 0.0025964 secs] [Times: user=0.00 sys=0.00, real=0.00 secs] 
2019-06-11T09:41:11.916+0000: 206.441: [GC (Allocation Failure) 2019-06-11T09:41:11.917+0000: 206.441: [DefNew: 137104K->523K(153600K), 0.0024441 secs] 180906K->44349K(494976K), 0.0025080 secs] [Times: user=0.00 sys=0.00, real=0.00 secs] 
2019-06-11T09:41:17.814+0000: 212.338: [GC (Allocation Failure) 2019-06-11T09:41:17.814+0000: 212.338: [DefNew: 137099K->569K(153600K), 0.0026667 secs] 180925K->44424K(494976K), 0.0027283 secs] [Times: user=0.00 sys=0.00, real=0.01 secs] 
2019-06-11T09:41:22.494+0000: 217.018: [GC (Allocation Failure) 2019-06-11T09:41:22.494+0000: 217.018: [DefNew: 137145K->522K(153600K), 0.0025066 secs] 181000K->44391K(494976K), 0.0025613 secs] [Times: user=0.00 sys=0.00, real=0.01 secs] 
2019-06-11T09:41:26.507+0000: 221.031: [GC (Allocation Failure) 2019-06-11T09:41:26.507+0000: 221.031: [DefNew: 137098K->529K(153600K), 0.0024322 secs] 180967K->44428K(494976K), 0.0024991 secs] [Times: user=0.01 sys=0.00, real=0.01 secs] 
2019-06-11T09:41:30.564+0000: 225.088: [GC (Allocation Failure) 2019-06-11T09:41:30.564+0000: 225.088: [DefNew: 137105K->785K(153600K), 0.0026858 secs] 181004K->44703K(494976K), 0.0027448 secs] [Times: user=0.00 sys=0.00, real=0.00 secs] 
2019-06-11T09:41:33.917+0000: 228.442: [GC (Allocation Failure) 2019-06-11T09:41:33.917+0000: 228.442: [DefNew: 137361K->505K(153600K), 0.0025436 secs] 181279K->44447K(494976K), 0.0025990 secs] [Times: user=0.00 sys=0.00, real=0.00 secs] 
2019-06-11T09:41:38.453+0000: 232.977: [GC (Allocation Failure) 2019-06-11T09:41:38.453+0000: 232.977: [DefNew: 137081K->514K(153600K), 0.0024567 secs] 181023K->44474K(494976K), 0.0025146 secs] [Times: user=0.00 sys=0.00, real=0.01 secs] 
2019-06-11T09:41:43.297+0000: 237.821: [GC (Allocation Failure) 2019-06-11T09:41:43.297+0000: 237.821: [DefNew: 137090K->505K(153600K), 0.0025142 secs] 181050K->44489K(494976K), 0.0025738 secs] [Times: user=0.00 sys=0.00, real=0.00 secs] 
2019-06-11T09:41:47.559+0000: 242.083: [GC (Allocation Failure) 2019-06-11T09:41:47.559+0000: 242.083: [DefNew: 137081K->580K(153600K), 0.0026463 secs] 181065K->44582K(494976K), 0.0027091 secs] [Times: user=0.00 sys=0.01, real=0.00 secs] 
2019-06-11T09:41:52.510+0000: 247.034: [GC (Allocation Failure) 2019-06-11T09:41:52.510+0000: 247.034: [DefNew: 137156K->560K(153600K), 0.0027060 secs] 181158K->44587K(494976K), 0.0027888 secs] [Times: user=0.00 sys=0.00, real=0.00 secs] 
2019-06-11T09:41:56.928+0000: 251.453: [GC (Allocation Failure) 2019-06-11T09:41:56.928+0000: 251.453: [DefNew: 137136K->540K(153600K), 0.0026927 secs] 181163K->44590K(494976K), 0.0027530 secs] [Times: user=0.00 sys=0.00, real=0.00 secs] 
2019-06-11T09:42:00.672+0000: 255.196: [GC (Allocation Failure) 2019-06-11T09:42:00.672+0000: 255.196: [DefNew: 137116K->516K(153600K), 0.0025680 secs] 181166K->44591K(494976K), 0.0026267 secs] [Times: user=0.00 sys=0.00, real=0.01 secs] 
2019-06-11T09:42:05.219+0000: 259.743: [GC (Allocation Failure) 2019-06-11T09:42:05.219+0000: 259.743: [DefNew: 137092K->642K(153600K), 0.0025782 secs] 181167K->44745K(494976K), 0.0026379 secs] [Times: user=0.00 sys=0.00, real=0.00 secs] 
2019-06-11T09:42:09.272+0000: 263.796: [GC (Allocation Failure) 2019-06-11T09:42:09.272+0000: 263.796: [DefNew: 137218K->510K(153600K), 0.0024521 secs] 181321K->44631K(494976K), 0.0025124 secs] [Times: user=0.00 sys=0.00, real=0.00 secs] 
2019-06-11T09:42:13.123+0000: 267.647: [GC (Allocation Failure) 2019-06-11T09:42:13.123+0000: 267.647: [DefNew: 137086K->507K(153600K), 0.0024796 secs] 181207K->44653K(494976K), 0.0025514 secs] [Times: user=0.00 sys=0.00, real=0.00 secs] 
2019-06-11T09:42:18.660+0000: 273.184: [GC (Allocation Failure) 2019-06-11T09:42:18.660+0000: 273.184: [DefNew: 137083K->699K(153600K), 0.0026112 secs] 181229K->44864K(494976K), 0.0026924 secs] [Times: user=0.00 sys=0.00, real=0.00 secs] 
2019-06-11T09:42:23.348+0000: 277.873: [GC (Allocation Failure) 2019-06-11T09:42:23.348+0000: 277.873: [DefNew: 137275K->473K(153600K), 0.0025414 secs] 181440K->44665K(494976K), 0.0026117 secs] [Times: user=0.01 sys=0.00, real=0.00 secs] 
2019-06-11T09:42:27.626+0000: 282.150: [GC (Allocation Failure) 2019-06-11T09:42:27.626+0000: 282.150: [DefNew: 137049K->453K(153600K), 0.0022288 secs] 181241K->44658K(494976K), 0.0022933 secs] [Times: user=0.00 sys=0.00, real=0.01 secs] 
09:42:37.630 [Curator-PathChildrenCache-0] ERROR o.a.c.f.r.c.PathChildrenCache  - 
java.lang.IllegalStateException: instance must be started before calling this method
	at org.apache.curator.shaded.com.google.common.base.Preconditions.checkState(Preconditions.java:444)
	at org.apache.curator.framework.imps.CuratorFrameworkImpl.getChildren(CuratorFrameworkImpl.java:456)
	at org.apache.curator.framework.recipes.cache.PathChildrenCache.refresh(PathChildrenCache.java:521)
	at org.apache.curator.framework.recipes.cache.RefreshOperation.invoke(RefreshOperation.java:35)
	at org.apache.curator.framework.recipes.cache.PathChildrenCache$9.run(PathChildrenCache.java:786)
	at java.util.concurrent.Executors$RunnableAdapter.call(Executors.java:511)
	at java.util.concurrent.FutureTask.run(FutureTask.java:266)
	at java.util.concurrent.Executors$RunnableAdapter.call(Executors.java:511)
	at java.util.concurrent.FutureTask.run(FutureTask.java:266)
	at java.util.concurrent.ThreadPoolExecutor.runWorker(ThreadPoolExecutor.java:1149)
	at java.util.concurrent.ThreadPoolExecutor$Worker.run(ThreadPoolExecutor.java:624)
	at java.lang.Thread.run(Thread.java:748)
Heap
 def new generation   total 153600K, used 30122K [0x00000000e0c00000, 0x00000000eb2a0000, 0x00000000eb2a0000)
  eden space 136576K,  21% used [0x00000000e0c00000, 0x00000000e28f9318, 0x00000000e9160000)
  from space 17024K,   2% used [0x00000000ea200000, 0x00000000ea2715b8, 0x00000000eb2a0000)
  to   space 17024K,   0% used [0x00000000e9160000, 0x00000000e9160000, 0x00000000ea200000)
 tenured generation   total 341376K, used 44205K [0x00000000eb2a0000, 0x0000000100000000, 0x0000000100000000)
   the space 341376K,  12% used [0x00000000eb2a0000, 0x00000000eddcb438, 0x00000000eddcb600, 0x0000000100000000)
 Metaspace       used 36149K, capacity 37006K, committed 37120K, reserved 1081344K
  class space    used 4860K, capacity 5067K, committed 5120K, reserved 1048576K
