19:00:36,650 |-INFO in ch.qos.logback.classic.LoggerContext[default] - Could NOT find resource [logback-test.xml]
19:00:36,650 |-INFO in ch.qos.logback.classic.LoggerContext[default] - Could NOT find resource [logback.groovy]
19:00:36,650 |-INFO in ch.qos.logback.classic.LoggerContext[default] - Found resource [logback.xml] at [jar:file:/root/flamestream/lib/flamestream-runtime-1.0-SNAPSHOT.jar!/logback.xml]
19:00:36,651 |-WARN in ch.qos.logback.classic.LoggerContext[default] - Resource [logback.xml] occurs multiple times on the classpath.
19:00:36,653 |-WARN in ch.qos.logback.classic.LoggerContext[default] - Resource [logback.xml] occurs at [jar:file:/root/flamestream/lib/flamestream-runtime-1.0-SNAPSHOT.jar!/logback.xml]
19:00:36,653 |-WARN in ch.qos.logback.classic.LoggerContext[default] - Resource [logback.xml] occurs at [jar:file:/root/flamestream/flamestream-runtime-1.0-SNAPSHOT.jar!/logback.xml]
19:00:36,673 |-INFO in ch.qos.logback.core.joran.spi.ConfigurationWatchList@3fb6a447 - URL [jar:file:/root/flamestream/lib/flamestream-runtime-1.0-SNAPSHOT.jar!/logback.xml] is not of type file
19:00:36,743 |-INFO in ch.qos.logback.classic.joran.action.ConfigurationAction - debug attribute not set
19:00:36,743 |-INFO in ch.qos.logback.core.joran.action.AppenderAction - About to instantiate appender of type [ch.qos.logback.core.ConsoleAppender]
19:00:36,764 |-INFO in ch.qos.logback.core.joran.action.AppenderAction - Naming appender as [STDOUT]
19:00:36,780 |-INFO in ch.qos.logback.core.joran.action.NestedComplexPropertyIA - Assuming default type [ch.qos.logback.classic.encoder.PatternLayoutEncoder] for [encoder] property
19:00:36,861 |-INFO in ch.qos.logback.core.joran.action.AppenderAction - About to instantiate appender of type [ch.qos.logback.core.rolling.RollingFileAppender]
19:00:36,866 |-INFO in ch.qos.logback.core.joran.action.AppenderAction - Naming appender as [FILE]
19:00:36,897 |-INFO in c.q.l.core.rolling.TimeBasedRollingPolicy@127618319 - No compression will be used
19:00:36,898 |-INFO in c.q.l.core.rolling.TimeBasedRollingPolicy@127618319 - Will use the pattern /tmp/application_%d{yyyy-MM-dd}.%i.log for the active file
19:00:36,901 |-INFO in ch.qos.logback.core.rolling.SizeAndTimeBasedFNATP@6b2fad11 - The date pattern is 'yyyy-MM-dd' from file name pattern '/tmp/application_%d{yyyy-MM-dd}.%i.log'.
19:00:36,901 |-INFO in ch.qos.logback.core.rolling.SizeAndTimeBasedFNATP@6b2fad11 - Roll-over at midnight.
19:00:36,906 |-INFO in ch.qos.logback.core.rolling.SizeAndTimeBasedFNATP@6b2fad11 - Setting initial period to Mon Jun 10 18:59:05 UTC 2019
19:00:36,906 |-WARN in ch.qos.logback.core.rolling.SizeAndTimeBasedFNATP@6b2fad11 - SizeAndTimeBasedFNATP is deprecated. Use SizeAndTimeBasedRollingPolicy instead
19:00:36,906 |-WARN in ch.qos.logback.core.rolling.SizeAndTimeBasedFNATP@6b2fad11 - For more information see http://logback.qos.ch/manual/appenders.html#SizeAndTimeBasedRollingPolicy
19:00:36,910 |-INFO in ch.qos.logback.core.joran.action.NestedComplexPropertyIA - Assuming default type [ch.qos.logback.classic.encoder.PatternLayoutEncoder] for [encoder] property
19:00:36,915 |-INFO in ch.qos.logback.core.rolling.RollingFileAppender[FILE] - Active log file name: /tmp/application.log
19:00:36,915 |-INFO in ch.qos.logback.core.rolling.RollingFileAppender[FILE] - File property is set to [/tmp/application.log]
19:00:36,916 |-INFO in ch.qos.logback.classic.joran.action.RootLoggerAction - Setting level of ROOT logger to WARN
19:00:36,916 |-INFO in ch.qos.logback.core.joran.action.AppenderRefAction - Attaching appender named [STDOUT] to Logger[ROOT]
19:00:36,918 |-INFO in ch.qos.logback.core.joran.action.AppenderRefAction - Attaching appender named [FILE] to Logger[ROOT]
19:00:36,918 |-INFO in ch.qos.logback.classic.joran.action.ConfigurationAction - End of configuration.
19:00:36,918 |-INFO in ch.qos.logback.classic.joran.JoranConfigurator@79698539 - Registering current configuration as safe fallback point

Ama winner
Ama winner
2019-06-10T19:00:38.194+0000: 1.725: [Full GC (Metadata GC Threshold) 2019-06-10T19:00:38.194+0000: 1.725: [Tenured: 0K->15210K(341376K), 0.0387044 secs] 114923K->15210K(494976K), [Metaspace: 20735K->20735K(1067008K)], 0.0387723 secs] [Times: user=0.03 sys=0.00, real=0.04 secs] 
19:00:57.424 [Curator-PathChildrenCache-1] WARN  o.a.c.u.ZKPaths  - The version of ZooKeeper being used doesn't support Container nodes. CreateMode.PERSISTENT will be used instead.
2019-06-10T19:01:00.146+0000: 23.677: [GC (Allocation Failure) 2019-06-10T19:01:00.146+0000: 23.677: [DefNew: 136576K->17023K(153600K), 0.0269674 secs] 151786K->52650K(494976K), 0.0270519 secs] [Times: user=0.02 sys=0.01, real=0.03 secs] 
2019-06-10T19:01:00.778+0000: 24.309: [Full GC (Metadata GC Threshold) 2019-06-10T19:01:00.778+0000: 24.309: [Tenured: 35626K->44048K(341376K), 0.0389613 secs] 73868K->44048K(494976K), [Metaspace: 34548K->34548K(1079296K)], 0.0390534 secs] [Times: user=0.04 sys=0.00, real=0.04 secs] 
2019-06-10T19:01:07.405+0000: 30.936: [GC (Allocation Failure) 2019-06-10T19:01:07.405+0000: 30.936: [DefNew: 136576K->70K(153600K), 0.0018445 secs] 180624K->44119K(494976K), 0.0019039 secs] [Times: user=0.00 sys=0.00, real=0.01 secs] 
2019-06-10T19:01:13.920+0000: 37.451: [GC (Allocation Failure) 2019-06-10T19:01:13.920+0000: 37.451: [DefNew: 136646K->73K(153600K), 0.0017653 secs] 180695K->44122K(494976K), 0.0018292 secs] [Times: user=0.01 sys=0.00, real=0.00 secs] 
2019-06-10T19:01:20.400+0000: 43.931: [GC (Allocation Failure) 2019-06-10T19:01:20.400+0000: 43.931: [DefNew: 136649K->70K(153600K), 0.0017628 secs] 180698K->44119K(494976K), 0.0018246 secs] [Times: user=0.00 sys=0.00, real=0.00 secs] 
2019-06-10T19:01:27.031+0000: 50.562: [GC (Allocation Failure) 2019-06-10T19:01:27.031+0000: 50.562: [DefNew: 136646K->73K(153600K), 0.0017902 secs] 180695K->44121K(494976K), 0.0018505 secs] [Times: user=0.00 sys=0.00, real=0.00 secs] 
2019-06-10T19:01:33.640+0000: 57.171: [GC (Allocation Failure) 2019-06-10T19:01:33.640+0000: 57.171: [DefNew: 136649K->78K(153600K), 0.0018414 secs] 180697K->44126K(494976K), 0.0019074 secs] [Times: user=0.00 sys=0.00, real=0.00 secs] 
19:01:43.238 [Curator-PathChildrenCache-0] ERROR o.a.c.f.r.c.PathChildrenCache  - 
java.lang.IllegalStateException: instance must be started before calling this method
	at org.apache.curator.shaded.com.google.common.base.Preconditions.checkState(Preconditions.java:444)
	at org.apache.curator.framework.imps.CuratorFrameworkImpl.getChildren(CuratorFrameworkImpl.java:456)
	at org.apache.curator.framework.recipes.cache.PathChildrenCache.refresh(PathChildrenCache.java:521)
	at org.apache.curator.framework.recipes.cache.RefreshOperation.invoke(RefreshOperation.java:35)
	at org.apache.curator.framework.recipes.cache.PathChildrenCache$9.run(PathChildrenCache.java:786)
	at java.util.concurrent.Executors$RunnableAdapter.call(Executors.java:511)
	at java.util.concurrent.FutureTask.run(FutureTask.java:266)
	at java.util.concurrent.Executors$RunnableAdapter.call(Executors.java:511)
	at java.util.concurrent.FutureTask.run(FutureTask.java:266)
	at java.util.concurrent.ThreadPoolExecutor.runWorker(ThreadPoolExecutor.java:1149)
	at java.util.concurrent.ThreadPoolExecutor$Worker.run(ThreadPoolExecutor.java:624)
	at java.lang.Thread.run(Thread.java:748)
Heap
 def new generation   total 153600K, used 115696K [0x00000000e0c00000, 0x00000000eb2a0000, 0x00000000eb2a0000)
  eden space 136576K,  84% used [0x00000000e0c00000, 0x00000000e7ce8b80, 0x00000000e9160000)
  from space 17024K,   0% used [0x00000000e9160000, 0x00000000e9173820, 0x00000000ea200000)
  to   space 17024K,   0% used [0x00000000ea200000, 0x00000000ea200000, 0x00000000eb2a0000)
 tenured generation   total 341376K, used 44048K [0x00000000eb2a0000, 0x0000000100000000, 0x0000000100000000)
   the space 341376K,  12% used [0x00000000eb2a0000, 0x00000000edda4300, 0x00000000edda4400, 0x0000000100000000)
 Metaspace       used 36242K, capacity 37198K, committed 37376K, reserved 1081344K
  class space    used 4876K, capacity 5087K, committed 5120K, reserved 1048576K
