08:10:20,756 |-INFO in ch.qos.logback.classic.LoggerContext[default] - Could NOT find resource [logback-test.xml]
08:10:20,761 |-INFO in ch.qos.logback.classic.LoggerContext[default] - Could NOT find resource [logback.groovy]
08:10:20,762 |-INFO in ch.qos.logback.classic.LoggerContext[default] - Found resource [logback.xml] at [jar:file:/root/flamestream/lib/flamestream-runtime-1.0-SNAPSHOT.jar!/logback.xml]
08:10:20,762 |-WARN in ch.qos.logback.classic.LoggerContext[default] - Resource [logback.xml] occurs multiple times on the classpath.
08:10:20,763 |-WARN in ch.qos.logback.classic.LoggerContext[default] - Resource [logback.xml] occurs at [jar:file:/root/flamestream/lib/flamestream-runtime-1.0-SNAPSHOT.jar!/logback.xml]
08:10:20,763 |-WARN in ch.qos.logback.classic.LoggerContext[default] - Resource [logback.xml] occurs at [jar:file:/root/flamestream/flamestream-runtime-1.0-SNAPSHOT.jar!/logback.xml]
08:10:20,782 |-INFO in ch.qos.logback.core.joran.spi.ConfigurationWatchList@3fb6a447 - URL [jar:file:/root/flamestream/lib/flamestream-runtime-1.0-SNAPSHOT.jar!/logback.xml] is not of type file
08:10:20,859 |-INFO in ch.qos.logback.classic.joran.action.ConfigurationAction - debug attribute not set
08:10:20,860 |-INFO in ch.qos.logback.core.joran.action.AppenderAction - About to instantiate appender of type [ch.qos.logback.core.ConsoleAppender]
08:10:20,876 |-INFO in ch.qos.logback.core.joran.action.AppenderAction - Naming appender as [STDOUT]
08:10:20,895 |-INFO in ch.qos.logback.core.joran.action.NestedComplexPropertyIA - Assuming default type [ch.qos.logback.classic.encoder.PatternLayoutEncoder] for [encoder] property
08:10:20,972 |-INFO in ch.qos.logback.core.joran.action.AppenderAction - About to instantiate appender of type [ch.qos.logback.core.rolling.RollingFileAppender]
08:10:20,978 |-INFO in ch.qos.logback.core.joran.action.AppenderAction - Naming appender as [FILE]
08:10:21,011 |-INFO in c.q.l.core.rolling.TimeBasedRollingPolicy@127618319 - No compression will be used
08:10:21,012 |-INFO in c.q.l.core.rolling.TimeBasedRollingPolicy@127618319 - Will use the pattern /tmp/application_%d{yyyy-MM-dd}.%i.log for the active file
08:10:21,016 |-INFO in ch.qos.logback.core.rolling.SizeAndTimeBasedFNATP@6b2fad11 - The date pattern is 'yyyy-MM-dd' from file name pattern '/tmp/application_%d{yyyy-MM-dd}.%i.log'.
08:10:21,016 |-INFO in ch.qos.logback.core.rolling.SizeAndTimeBasedFNATP@6b2fad11 - Roll-over at midnight.
08:10:21,021 |-INFO in ch.qos.logback.core.rolling.SizeAndTimeBasedFNATP@6b2fad11 - Setting initial period to Tue Jun 11 08:08:59 UTC 2019
08:10:21,021 |-WARN in ch.qos.logback.core.rolling.SizeAndTimeBasedFNATP@6b2fad11 - SizeAndTimeBasedFNATP is deprecated. Use SizeAndTimeBasedRollingPolicy instead
08:10:21,021 |-WARN in ch.qos.logback.core.rolling.SizeAndTimeBasedFNATP@6b2fad11 - For more information see http://logback.qos.ch/manual/appenders.html#SizeAndTimeBasedRollingPolicy
08:10:21,025 |-INFO in ch.qos.logback.core.joran.action.NestedComplexPropertyIA - Assuming default type [ch.qos.logback.classic.encoder.PatternLayoutEncoder] for [encoder] property
08:10:21,030 |-INFO in ch.qos.logback.core.rolling.RollingFileAppender[FILE] - Active log file name: /tmp/application.log
08:10:21,030 |-INFO in ch.qos.logback.core.rolling.RollingFileAppender[FILE] - File property is set to [/tmp/application.log]
08:10:21,031 |-INFO in ch.qos.logback.classic.joran.action.RootLoggerAction - Setting level of ROOT logger to WARN
08:10:21,031 |-INFO in ch.qos.logback.core.joran.action.AppenderRefAction - Attaching appender named [STDOUT] to Logger[ROOT]
08:10:21,033 |-INFO in ch.qos.logback.core.joran.action.AppenderRefAction - Attaching appender named [FILE] to Logger[ROOT]
08:10:21,033 |-INFO in ch.qos.logback.classic.joran.action.ConfigurationAction - End of configuration.
08:10:21,034 |-INFO in ch.qos.logback.classic.joran.JoranConfigurator@79698539 - Registering current configuration as safe fallback point

Ama winner
Ama winner
2019-06-11T08:10:22.380+0000: 1.811: [Full GC (Metadata GC Threshold) 2019-06-11T08:10:22.380+0000: 1.811: [Tenured: 0K->15176K(341376K), 0.0395264 secs] 117751K->15176K(494976K), [Metaspace: 20734K->20734K(1067008K)], 0.0395936 secs] [Times: user=0.04 sys=0.00, real=0.04 secs] 
08:10:44.891 [Curator-PathChildrenCache-2] WARN  o.a.c.u.ZKPaths  - The version of ZooKeeper being used doesn't support Container nodes. CreateMode.PERSISTENT will be used instead.
2019-06-11T08:10:47.021+0000: 26.452: [GC (Allocation Failure) 2019-06-11T08:10:47.021+0000: 26.452: [DefNew: 136576K->17024K(153600K), 0.0266708 secs] 151752K->52704K(494976K), 0.0267353 secs] [Times: user=0.01 sys=0.02, real=0.02 secs] 
2019-06-11T08:10:47.503+0000: 26.934: [Full GC (Metadata GC Threshold) 2019-06-11T08:10:47.503+0000: 26.934: [Tenured: 35680K->44221K(341376K), 0.0373721 secs] 68857K->44221K(494976K), [Metaspace: 34472K->34472K(1079296K)], 0.0374434 secs] [Times: user=0.04 sys=0.01, real=0.04 secs] 
2019-06-11T08:10:49.067+0000: 28.498: [GC (Allocation Failure) 2019-06-11T08:10:49.067+0000: 28.498: [DefNew: 136576K->1208K(153600K), 0.0043184 secs] 180797K->45429K(494976K), 0.0043780 secs] [Times: user=0.00 sys=0.00, real=0.01 secs] 
2019-06-11T08:10:49.844+0000: 29.275: [GC (Allocation Failure) 2019-06-11T08:10:49.844+0000: 29.275: [DefNew: 137784K->658K(153600K), 0.0027343 secs] 182005K->44879K(494976K), 0.0027939 secs] [Times: user=0.00 sys=0.00, real=0.00 secs] 
2019-06-11T08:10:50.560+0000: 29.991: [GC (Allocation Failure) 2019-06-11T08:10:50.560+0000: 29.991: [DefNew: 137234K->829K(153600K), 0.0029509 secs] 181455K->45050K(494976K), 0.0030162 secs] [Times: user=0.01 sys=0.00, real=0.00 secs] 
2019-06-11T08:10:51.259+0000: 30.690: [GC (Allocation Failure) 2019-06-11T08:10:51.259+0000: 30.690: [DefNew: 137405K->658K(153600K), 0.0062042 secs] 181626K->44879K(494976K), 0.0062643 secs] [Times: user=0.01 sys=0.00, real=0.00 secs] 
2019-06-11T08:10:52.559+0000: 31.990: [GC (Allocation Failure) 2019-06-11T08:10:52.559+0000: 31.990: [DefNew: 137234K->289K(153600K), 0.0020569 secs] 181455K->44510K(494976K), 0.0021145 secs] [Times: user=0.00 sys=0.00, real=0.00 secs] 
08:11:01.724 [Curator-PathChildrenCache-0] ERROR o.a.c.f.r.c.PathChildrenCache  - 
java.lang.IllegalStateException: instance must be started before calling this method
	at org.apache.curator.shaded.com.google.common.base.Preconditions.checkState(Preconditions.java:444)
	at org.apache.curator.framework.imps.CuratorFrameworkImpl.getChildren(CuratorFrameworkImpl.java:456)
	at org.apache.curator.framework.recipes.cache.PathChildrenCache.refresh(PathChildrenCache.java:521)
	at org.apache.curator.framework.recipes.cache.RefreshOperation.invoke(RefreshOperation.java:35)
	at org.apache.curator.framework.recipes.cache.PathChildrenCache$9.run(PathChildrenCache.java:786)
	at java.util.concurrent.Executors$RunnableAdapter.call(Executors.java:511)
	at java.util.concurrent.FutureTask.run(FutureTask.java:266)
	at java.util.concurrent.Executors$RunnableAdapter.call(Executors.java:511)
	at java.util.concurrent.FutureTask.run(FutureTask.java:266)
	at java.util.concurrent.ThreadPoolExecutor.runWorker(ThreadPoolExecutor.java:1149)
	at java.util.concurrent.ThreadPoolExecutor$Worker.run(ThreadPoolExecutor.java:624)
	at java.lang.Thread.run(Thread.java:748)
Heap
 def new generation   total 153600K, used 67268K [0x00000000e0c00000, 0x00000000eb2a0000, 0x00000000eb2a0000)
  eden space 136576K,  49% used [0x00000000e0c00000, 0x00000000e4d68a60, 0x00000000e9160000)
  from space 17024K,   1% used [0x00000000e9160000, 0x00000000e91a8668, 0x00000000ea200000)
  to   space 17024K,   0% used [0x00000000ea200000, 0x00000000ea200000, 0x00000000eb2a0000)
 tenured generation   total 341376K, used 44221K [0x00000000eb2a0000, 0x0000000100000000, 0x0000000100000000)
   the space 341376K,  12% used [0x00000000eb2a0000, 0x00000000eddcf510, 0x00000000eddcf600, 0x0000000100000000)
 Metaspace       used 35944K, capacity 36904K, committed 37120K, reserved 1081344K
  class space    used 4872K, capacity 5066K, committed 5120K, reserved 1048576K
