22:42:43,229 |-INFO in ch.qos.logback.classic.LoggerContext[default] - Could NOT find resource [logback-test.xml]
22:42:43,229 |-INFO in ch.qos.logback.classic.LoggerContext[default] - Could NOT find resource [logback.groovy]
22:42:43,230 |-INFO in ch.qos.logback.classic.LoggerContext[default] - Found resource [logback.xml] at [jar:file:/home/nikitasokolov/flamestream/lib/flamestream-runtime-1.0-SNAPSHOT.jar!/logback.xml]
22:42:43,230 |-WARN in ch.qos.logback.classic.LoggerContext[default] - Resource [logback.xml] occurs multiple times on the classpath.
22:42:43,230 |-WARN in ch.qos.logback.classic.LoggerContext[default] - Resource [logback.xml] occurs at [jar:file:/home/nikitasokolov/flamestream/lib/flamestream-runtime-1.0-SNAPSHOT.jar!/logback.xml]
22:42:43,230 |-WARN in ch.qos.logback.classic.LoggerContext[default] - Resource [logback.xml] occurs at [jar:file:/home/nikitasokolov/flamestream/flamestream-runtime-1.0-SNAPSHOT.jar!/logback.xml]
22:42:43,246 |-INFO in ch.qos.logback.core.joran.spi.ConfigurationWatchList@6bf256fa - URL [jar:file:/home/nikitasokolov/flamestream/lib/flamestream-runtime-1.0-SNAPSHOT.jar!/logback.xml] is not of type file
22:42:43,298 |-INFO in ch.qos.logback.classic.joran.action.ConfigurationAction - debug attribute not set
22:42:43,298 |-INFO in ch.qos.logback.core.joran.action.AppenderAction - About to instantiate appender of type [ch.qos.logback.core.ConsoleAppender]
22:42:43,306 |-INFO in ch.qos.logback.core.joran.action.AppenderAction - Naming appender as [STDOUT]
22:42:43,314 |-INFO in ch.qos.logback.core.joran.action.NestedComplexPropertyIA - Assuming default type [ch.qos.logback.classic.encoder.PatternLayoutEncoder] for [encoder] property
22:42:43,373 |-INFO in ch.qos.logback.core.joran.action.AppenderAction - About to instantiate appender of type [ch.qos.logback.core.rolling.RollingFileAppender]
22:42:43,377 |-INFO in ch.qos.logback.core.joran.action.AppenderAction - Naming appender as [FILE]
22:42:43,400 |-INFO in c.q.l.core.rolling.TimeBasedRollingPolicy@114132791 - No compression will be used
22:42:43,401 |-INFO in c.q.l.core.rolling.TimeBasedRollingPolicy@114132791 - Will use the pattern /tmp/application_%d{yyyy-MM-dd}.%i.log for the active file
22:42:43,404 |-INFO in ch.qos.logback.core.rolling.SizeAndTimeBasedFNATP@22f71333 - The date pattern is 'yyyy-MM-dd' from file name pattern '/tmp/application_%d{yyyy-MM-dd}.%i.log'.
22:42:43,404 |-INFO in ch.qos.logback.core.rolling.SizeAndTimeBasedFNATP@22f71333 - Roll-over at midnight.
22:42:43,408 |-INFO in ch.qos.logback.core.rolling.SizeAndTimeBasedFNATP@22f71333 - Setting initial period to Tue May 28 22:41:38 MSK 2019
22:42:43,408 |-WARN in ch.qos.logback.core.rolling.SizeAndTimeBasedFNATP@22f71333 - SizeAndTimeBasedFNATP is deprecated. Use SizeAndTimeBasedRollingPolicy instead
22:42:43,408 |-WARN in ch.qos.logback.core.rolling.SizeAndTimeBasedFNATP@22f71333 - For more information see http://logback.qos.ch/manual/appenders.html#SizeAndTimeBasedRollingPolicy
22:42:43,413 |-INFO in ch.qos.logback.core.joran.action.NestedComplexPropertyIA - Assuming default type [ch.qos.logback.classic.encoder.PatternLayoutEncoder] for [encoder] property
22:42:43,415 |-INFO in ch.qos.logback.core.rolling.RollingFileAppender[FILE] - Active log file name: /tmp/application.log
22:42:43,415 |-INFO in ch.qos.logback.core.rolling.RollingFileAppender[FILE] - File property is set to [/tmp/application.log]
22:42:43,416 |-INFO in ch.qos.logback.classic.joran.action.RootLoggerAction - Setting level of ROOT logger to WARN
22:42:43,416 |-INFO in ch.qos.logback.core.joran.action.AppenderRefAction - Attaching appender named [STDOUT] to Logger[ROOT]
22:42:43,417 |-INFO in ch.qos.logback.core.joran.action.AppenderRefAction - Attaching appender named [FILE] to Logger[ROOT]
22:42:43,417 |-INFO in ch.qos.logback.classic.joran.action.ConfigurationAction - End of configuration.
22:42:43,417 |-INFO in ch.qos.logback.classic.joran.JoranConfigurator@13969fbe - Registering current configuration as safe fallback point

Ama winner
Ama winner
2019-05-28T22:42:44.411+0300: 1.375: [GC (Metadata GC Threshold) [PSYoungGen: 95242K->15785K(149504K)] 95242K->15865K(491008K), 0.0193481 secs] [Times: user=0.10 sys=0.02, real=0.01 secs] 
2019-05-28T22:42:44.431+0300: 1.394: [Full GC (Metadata GC Threshold) [PSYoungGen: 15785K->0K(149504K)] [ParOldGen: 80K->14989K(341504K)] 15865K->14989K(491008K), [Metaspace: 20803K->20803K(1067008K)], 0.0250247 secs] [Times: user=0.13 sys=0.02, real=0.03 secs] 
22:42:52.908 [Curator-PathChildrenCache-1] WARN  o.a.c.u.ZKPaths  - The version of ZooKeeper being used doesn't support Container nodes. CreateMode.PERSISTENT will be used instead.
2019-05-28T22:42:53.464+0300: 10.428: [GC (Allocation Failure) [PSYoungGen: 128512K->17158K(149504K)] 143501K->51687K(491008K), 0.0267054 secs] [Times: user=0.23 sys=0.01, real=0.03 secs] 
2019-05-28T22:42:53.776+0300: 10.740: [GC (Metadata GC Threshold) [PSYoungGen: 38594K->6946K(149504K)] 73123K->41483K(491008K), 0.0043877 secs] [Times: user=0.03 sys=0.00, real=0.01 secs] 
2019-05-28T22:42:53.781+0300: 10.744: [Full GC (Metadata GC Threshold) [PSYoungGen: 6946K->0K(149504K)] [ParOldGen: 34537K->30473K(341504K)] 41483K->30473K(491008K), [Metaspace: 34447K->34447K(1079296K)], 0.0355125 secs] [Times: user=0.21 sys=0.01, real=0.03 secs] 
2019-05-28T22:42:54.940+0300: 11.903: [GC (Allocation Failure) [PSYoungGen: 128512K->896K(149504K)] 158985K->31370K(491008K), 0.0035570 secs] [Times: user=0.01 sys=0.01, real=0.00 secs] 
2019-05-28T22:42:56.079+0300: 13.042: [GC (Allocation Failure) [PSYoungGen: 129408K->832K(129536K)] 159882K->31314K(471040K), 0.0027717 secs] [Times: user=0.01 sys=0.00, real=0.01 secs] 
2019-05-28T22:42:57.262+0300: 14.225: [GC (Allocation Failure) [PSYoungGen: 129344K->1088K(147968K)] 159826K->31578K(489472K), 0.0031613 secs] [Times: user=0.01 sys=0.00, real=0.00 secs] 
2019-05-28T22:42:58.512+0300: 15.476: [GC (Allocation Failure) [PSYoungGen: 126016K->1120K(147456K)] 156506K->31618K(488960K), 0.0019720 secs] [Times: user=0.01 sys=0.00, real=0.00 secs] 
2019-05-28T22:42:59.689+0300: 16.653: [GC (Allocation Failure) [PSYoungGen: 126048K->1152K(149504K)] 156546K->31658K(491008K), 0.0030346 secs] [Times: user=0.01 sys=0.00, real=0.01 secs] 
2019-05-28T22:43:00.989+0300: 17.953: [GC (Allocation Failure) [PSYoungGen: 129152K->1184K(148992K)] 159658K->31690K(490496K), 0.0036594 secs] [Times: user=0.02 sys=0.01, real=0.01 secs] 
2019-05-28T22:43:02.233+0300: 19.197: [GC (Allocation Failure) [PSYoungGen: 129184K->1312K(151040K)] 159690K->31818K(492544K), 0.0024781 secs] [Times: user=0.01 sys=0.00, real=0.00 secs] 
2019-05-28T22:43:03.538+0300: 20.502: [GC (Allocation Failure) [PSYoungGen: 132384K->1376K(150528K)] 162890K->31890K(492032K), 0.0585002 secs] [Times: user=0.02 sys=0.00, real=0.06 secs] 
2019-05-28T22:43:04.709+0300: 21.672: [GC (Allocation Failure) [PSYoungGen: 132448K->1984K(153088K)] 162962K->32506K(494592K), 0.0032316 secs] [Times: user=0.01 sys=0.00, real=0.01 secs] 
2019-05-28T22:43:06.010+0300: 22.973: [GC (Allocation Failure) [PSYoungGen: 136640K->1952K(152064K)] 167162K->32474K(493568K), 0.0032373 secs] [Times: user=0.02 sys=0.00, real=0.01 secs] 
2019-05-28T22:43:07.280+0300: 24.243: [GC (Allocation Failure) [PSYoungGen: 136608K->1920K(154624K)] 167130K->32450K(496128K), 0.0026296 secs] [Times: user=0.02 sys=0.00, real=0.00 secs] 
2019-05-28T22:43:08.562+0300: 25.525: [GC (Allocation Failure) [PSYoungGen: 140160K->1984K(154112K)] 170690K->32522K(495616K), 0.0893416 secs] [Times: user=0.02 sys=0.00, real=0.08 secs] 
2019-05-28T22:43:10.095+0300: 27.059: [GC (Allocation Failure) [PSYoungGen: 140224K->2144K(156672K)] 170762K->32690K(498176K), 0.0026631 secs] [Times: user=0.01 sys=0.00, real=0.00 secs] 
2019-05-28T22:43:11.635+0300: 28.598: [GC (Allocation Failure) [PSYoungGen: 143968K->2080K(155648K)] 174514K->32634K(497152K), 0.0031031 secs] [Times: user=0.02 sys=0.00, real=0.00 secs] 
2019-05-28T22:43:13.017+0300: 29.981: [GC (Allocation Failure) [PSYoungGen: 143904K->2080K(158208K)] 174458K->32642K(499712K), 0.0029200 secs] [Times: user=0.02 sys=0.00, real=0.01 secs] 
2019-05-28T22:43:14.416+0300: 31.379: [GC (Allocation Failure) [PSYoungGen: 146976K->1696K(157184K)] 177538K->32734K(498688K), 0.0027981 secs] [Times: user=0.01 sys=0.01, real=0.00 secs] 
22:43:19.908 [Curator-PathChildrenCache-0] ERROR o.a.c.f.r.c.PathChildrenCache  - 
java.lang.IllegalStateException: instance must be started before calling this method
	at org.apache.curator.shaded.com.google.common.base.Preconditions.checkState(Preconditions.java:444)
	at org.apache.curator.framework.imps.CuratorFrameworkImpl.getChildren(CuratorFrameworkImpl.java:456)
	at org.apache.curator.framework.recipes.cache.PathChildrenCache.refresh(PathChildrenCache.java:521)
	at org.apache.curator.framework.recipes.cache.RefreshOperation.invoke(RefreshOperation.java:35)
	at org.apache.curator.framework.recipes.cache.PathChildrenCache$9.run(PathChildrenCache.java:786)
	at java.util.concurrent.Executors$RunnableAdapter.call(Executors.java:511)
	at java.util.concurrent.FutureTask.run(FutureTask.java:266)
	at java.util.concurrent.Executors$RunnableAdapter.call(Executors.java:511)
	at java.util.concurrent.FutureTask.run(FutureTask.java:266)
	at java.util.concurrent.ThreadPoolExecutor.runWorker(ThreadPoolExecutor.java:1149)
	at java.util.concurrent.ThreadPoolExecutor$Worker.run(ThreadPoolExecutor.java:624)
	at java.lang.Thread.run(Thread.java:748)
2019-05-28T22:43:20.971+0300: 37.934: [GC (Allocation Failure) [PSYoungGen: 146592K->2362K(159232K)] 177630K->33505K(500736K), 0.0032207 secs] [Times: user=0.01 sys=0.01, real=0.01 secs] 
Heap
 PSYoungGen      total 159232K, used 3659K [0x00000000f5980000, 0x0000000100000000, 0x0000000100000000)
  eden space 147456K, 0% used [0x00000000f5980000,0x00000000f5ac4198,0x00000000fe980000)
  from space 11776K, 20% used [0x00000000ff480000,0x00000000ff6ceb68,0x0000000100000000)
  to   space 11264K, 0% used [0x00000000fe980000,0x00000000fe980000,0x00000000ff480000)
 ParOldGen       total 341504K, used 31142K [0x00000000e0c00000, 0x00000000f5980000, 0x00000000f5980000)
  object space 341504K, 9% used [0x00000000e0c00000,0x00000000e2a698e0,0x00000000f5980000)
 Metaspace       used 35882K, capacity 36788K, committed 36952K, reserved 1081344K
  class space    used 4933K, capacity 5146K, committed 5248K, reserved 1048576K
