13:20:44,660 |-INFO in ch.qos.logback.classic.LoggerContext[default] - Could NOT find resource [logback-test.xml]
13:20:44,660 |-INFO in ch.qos.logback.classic.LoggerContext[default] - Could NOT find resource [logback.groovy]
13:20:44,660 |-INFO in ch.qos.logback.classic.LoggerContext[default] - Found resource [logback.xml] at [jar:file:/root/flamestream/lib/flamestream-runtime-1.0-SNAPSHOT.jar!/logback.xml]
13:20:44,661 |-WARN in ch.qos.logback.classic.LoggerContext[default] - Resource [logback.xml] occurs multiple times on the classpath.
13:20:44,661 |-WARN in ch.qos.logback.classic.LoggerContext[default] - Resource [logback.xml] occurs at [jar:file:/root/flamestream/lib/flamestream-runtime-1.0-SNAPSHOT.jar!/logback.xml]
13:20:44,661 |-WARN in ch.qos.logback.classic.LoggerContext[default] - Resource [logback.xml] occurs at [jar:file:/root/flamestream/flamestream-runtime-1.0-SNAPSHOT.jar!/logback.xml]
13:20:44,682 |-INFO in ch.qos.logback.core.joran.spi.ConfigurationWatchList@3fb6a447 - URL [jar:file:/root/flamestream/lib/flamestream-runtime-1.0-SNAPSHOT.jar!/logback.xml] is not of type file
13:20:44,748 |-INFO in ch.qos.logback.classic.joran.action.ConfigurationAction - debug attribute not set
13:20:44,749 |-INFO in ch.qos.logback.core.joran.action.AppenderAction - About to instantiate appender of type [ch.qos.logback.core.ConsoleAppender]
13:20:44,766 |-INFO in ch.qos.logback.core.joran.action.AppenderAction - Naming appender as [STDOUT]
13:20:44,785 |-INFO in ch.qos.logback.core.joran.action.NestedComplexPropertyIA - Assuming default type [ch.qos.logback.classic.encoder.PatternLayoutEncoder] for [encoder] property
13:20:44,888 |-INFO in ch.qos.logback.core.joran.action.AppenderAction - About to instantiate appender of type [ch.qos.logback.core.rolling.RollingFileAppender]
13:20:44,892 |-INFO in ch.qos.logback.core.joran.action.AppenderAction - Naming appender as [FILE]
13:20:44,930 |-INFO in c.q.l.core.rolling.TimeBasedRollingPolicy@127618319 - No compression will be used
13:20:44,931 |-INFO in c.q.l.core.rolling.TimeBasedRollingPolicy@127618319 - Will use the pattern /tmp/application_%d{yyyy-MM-dd}.%i.log for the active file
13:20:44,934 |-INFO in ch.qos.logback.core.rolling.SizeAndTimeBasedFNATP@6b2fad11 - The date pattern is 'yyyy-MM-dd' from file name pattern '/tmp/application_%d{yyyy-MM-dd}.%i.log'.
13:20:44,934 |-INFO in ch.qos.logback.core.rolling.SizeAndTimeBasedFNATP@6b2fad11 - Roll-over at midnight.
13:20:44,939 |-INFO in ch.qos.logback.core.rolling.SizeAndTimeBasedFNATP@6b2fad11 - Setting initial period to Mon Jun 10 13:19:16 UTC 2019
13:20:44,939 |-WARN in ch.qos.logback.core.rolling.SizeAndTimeBasedFNATP@6b2fad11 - SizeAndTimeBasedFNATP is deprecated. Use SizeAndTimeBasedRollingPolicy instead
13:20:44,939 |-WARN in ch.qos.logback.core.rolling.SizeAndTimeBasedFNATP@6b2fad11 - For more information see http://logback.qos.ch/manual/appenders.html#SizeAndTimeBasedRollingPolicy
13:20:44,943 |-INFO in ch.qos.logback.core.joran.action.NestedComplexPropertyIA - Assuming default type [ch.qos.logback.classic.encoder.PatternLayoutEncoder] for [encoder] property
13:20:44,948 |-INFO in ch.qos.logback.core.rolling.RollingFileAppender[FILE] - Active log file name: /tmp/application.log
13:20:44,948 |-INFO in ch.qos.logback.core.rolling.RollingFileAppender[FILE] - File property is set to [/tmp/application.log]
13:20:44,949 |-INFO in ch.qos.logback.classic.joran.action.RootLoggerAction - Setting level of ROOT logger to WARN
13:20:44,949 |-INFO in ch.qos.logback.core.joran.action.AppenderRefAction - Attaching appender named [STDOUT] to Logger[ROOT]
13:20:44,951 |-INFO in ch.qos.logback.core.joran.action.AppenderRefAction - Attaching appender named [FILE] to Logger[ROOT]
13:20:44,951 |-INFO in ch.qos.logback.classic.joran.action.ConfigurationAction - End of configuration.
13:20:44,952 |-INFO in ch.qos.logback.classic.joran.JoranConfigurator@79698539 - Registering current configuration as safe fallback point

Ama winner
Ama winner
2019-06-10T13:20:46.183+0000: 1.703: [Full GC (Metadata GC Threshold) 2019-06-10T13:20:46.183+0000: 1.703: [Tenured: 0K->15175K(341376K), 0.0358114 secs] 114987K->15175K(494976K), [Metaspace: 20731K->20731K(1067008K)], 0.0358782 secs] [Times: user=0.03 sys=0.01, real=0.03 secs] 
13:21:02.700 [Curator-PathChildrenCache-1] WARN  o.a.c.u.ZKPaths  - The version of ZooKeeper being used doesn't support Container nodes. CreateMode.PERSISTENT will be used instead.
2019-06-10T13:21:04.973+0000: 20.493: [GC (Allocation Failure) 2019-06-10T13:21:04.973+0000: 20.493: [DefNew: 136576K->17024K(153600K), 0.0267164 secs] 151751K->52643K(494976K), 0.0267929 secs] [Times: user=0.02 sys=0.01, real=0.02 secs] 
2019-06-10T13:21:06.672+0000: 22.191: [Full GC (Metadata GC Threshold) 2019-06-10T13:21:06.672+0000: 22.191: [Tenured: 35619K->44208K(341376K), 0.0378806 secs] 78497K->44208K(494976K), [Metaspace: 34591K->34591K(1079296K)], 0.0379614 secs] [Times: user=0.03 sys=0.01, real=0.03 secs] 
2019-06-10T13:21:14.739+0000: 30.259: [GC (Allocation Failure) 2019-06-10T13:21:14.740+0000: 30.259: [DefNew: 136576K->68K(153600K), 0.0018860 secs] 180784K->44276K(494976K), 0.0019453 secs] [Times: user=0.00 sys=0.00, real=0.00 secs] 
2019-06-10T13:21:22.750+0000: 38.269: [GC (Allocation Failure) 2019-06-10T13:21:22.750+0000: 38.269: [DefNew: 136644K->67K(153600K), 0.0017273 secs] 180852K->44276K(494976K), 0.0017874 secs] [Times: user=0.00 sys=0.00, real=0.00 secs] 
2019-06-10T13:21:30.887+0000: 46.406: [GC (Allocation Failure) 2019-06-10T13:21:30.887+0000: 46.406: [DefNew: 136643K->69K(153600K), 0.0018006 secs] 180852K->44277K(494976K), 0.0018616 secs] [Times: user=0.00 sys=0.00, real=0.00 secs] 
2019-06-10T13:21:39.068+0000: 54.587: [GC (Allocation Failure) 2019-06-10T13:21:39.068+0000: 54.587: [DefNew: 136645K->69K(153600K), 0.0017569 secs] 180853K->44278K(494976K), 0.0018176 secs] [Times: user=0.00 sys=0.00, real=0.00 secs] 
2019-06-10T13:21:47.400+0000: 62.919: [GC (Allocation Failure) 2019-06-10T13:21:47.400+0000: 62.919: [DefNew: 136645K->406K(153600K), 0.0022873 secs] 180854K->44615K(494976K), 0.0023469 secs] [Times: user=0.00 sys=0.00, real=0.01 secs] 
2019-06-10T13:22:04.566+0000: 80.085: [GC (Allocation Failure) 2019-06-10T13:22:04.566+0000: 80.085: [DefNew: 136982K->529K(153600K), 0.0032225 secs] 181191K->44737K(494976K), 0.0032799 secs] [Times: user=0.00 sys=0.00, real=0.00 secs] 
13:22:04.611 [Curator-PathChildrenCache-0] ERROR o.a.c.f.r.c.PathChildrenCache  - 
java.lang.IllegalStateException: instance must be started before calling this method
	at org.apache.curator.shaded.com.google.common.base.Preconditions.checkState(Preconditions.java:444)
	at org.apache.curator.framework.imps.CuratorFrameworkImpl.getChildren(CuratorFrameworkImpl.java:456)
	at org.apache.curator.framework.recipes.cache.PathChildrenCache.refresh(PathChildrenCache.java:521)
	at org.apache.curator.framework.recipes.cache.RefreshOperation.invoke(RefreshOperation.java:35)
	at org.apache.curator.framework.recipes.cache.PathChildrenCache$9.run(PathChildrenCache.java:786)
	at java.util.concurrent.Executors$RunnableAdapter.call(Executors.java:511)
	at java.util.concurrent.FutureTask.run(FutureTask.java:266)
	at java.util.concurrent.Executors$RunnableAdapter.call(Executors.java:511)
	at java.util.concurrent.FutureTask.run(FutureTask.java:266)
	at java.util.concurrent.ThreadPoolExecutor.runWorker(ThreadPoolExecutor.java:1149)
	at java.util.concurrent.ThreadPoolExecutor$Worker.run(ThreadPoolExecutor.java:624)
	at java.lang.Thread.run(Thread.java:748)
Heap
 def new generation   total 153600K, used 10523K [0x00000000e0c00000, 0x00000000eb2a0000, 0x00000000eb2a0000)
  eden space 136576K,   7% used [0x00000000e0c00000, 0x00000000e15c2900, 0x00000000e9160000)
  from space 17024K,   3% used [0x00000000ea200000, 0x00000000ea284578, 0x00000000eb2a0000)
  to   space 17024K,   0% used [0x00000000e9160000, 0x00000000e9160000, 0x00000000ea200000)
 tenured generation   total 341376K, used 44208K [0x00000000eb2a0000, 0x0000000100000000, 0x0000000100000000)
   the space 341376K,  12% used [0x00000000eb2a0000, 0x00000000eddcc240, 0x00000000eddcc400, 0x0000000100000000)
 Metaspace       used 36178K, capacity 37056K, committed 37376K, reserved 1081344K
  class space    used 4873K, capacity 5084K, committed 5120K, reserved 1048576K
