19:05:56,616 |-INFO in ch.qos.logback.classic.LoggerContext[default] - Could NOT find resource [logback-test.xml]
19:05:56,616 |-INFO in ch.qos.logback.classic.LoggerContext[default] - Could NOT find resource [logback.groovy]
19:05:56,616 |-INFO in ch.qos.logback.classic.LoggerContext[default] - Found resource [logback.xml] at [jar:file:/root/flamestream/lib/flamestream-runtime-1.0-SNAPSHOT.jar!/logback.xml]
19:05:56,617 |-WARN in ch.qos.logback.classic.LoggerContext[default] - Resource [logback.xml] occurs multiple times on the classpath.
19:05:56,617 |-WARN in ch.qos.logback.classic.LoggerContext[default] - Resource [logback.xml] occurs at [jar:file:/root/flamestream/lib/flamestream-runtime-1.0-SNAPSHOT.jar!/logback.xml]
19:05:56,617 |-WARN in ch.qos.logback.classic.LoggerContext[default] - Resource [logback.xml] occurs at [jar:file:/root/flamestream/flamestream-runtime-1.0-SNAPSHOT.jar!/logback.xml]
19:05:56,637 |-INFO in ch.qos.logback.core.joran.spi.ConfigurationWatchList@3fb6a447 - URL [jar:file:/root/flamestream/lib/flamestream-runtime-1.0-SNAPSHOT.jar!/logback.xml] is not of type file
19:05:56,704 |-INFO in ch.qos.logback.classic.joran.action.ConfigurationAction - debug attribute not set
19:05:56,704 |-INFO in ch.qos.logback.core.joran.action.AppenderAction - About to instantiate appender of type [ch.qos.logback.core.ConsoleAppender]
19:05:56,719 |-INFO in ch.qos.logback.core.joran.action.AppenderAction - Naming appender as [STDOUT]
19:05:56,736 |-INFO in ch.qos.logback.core.joran.action.NestedComplexPropertyIA - Assuming default type [ch.qos.logback.classic.encoder.PatternLayoutEncoder] for [encoder] property
19:05:56,825 |-INFO in ch.qos.logback.core.joran.action.AppenderAction - About to instantiate appender of type [ch.qos.logback.core.rolling.RollingFileAppender]
19:05:56,836 |-INFO in ch.qos.logback.core.joran.action.AppenderAction - Naming appender as [FILE]
19:05:56,863 |-INFO in c.q.l.core.rolling.TimeBasedRollingPolicy@127618319 - No compression will be used
19:05:56,864 |-INFO in c.q.l.core.rolling.TimeBasedRollingPolicy@127618319 - Will use the pattern /tmp/application_%d{yyyy-MM-dd}.%i.log for the active file
19:05:56,867 |-INFO in ch.qos.logback.core.rolling.SizeAndTimeBasedFNATP@6b2fad11 - The date pattern is 'yyyy-MM-dd' from file name pattern '/tmp/application_%d{yyyy-MM-dd}.%i.log'.
19:05:56,867 |-INFO in ch.qos.logback.core.rolling.SizeAndTimeBasedFNATP@6b2fad11 - Roll-over at midnight.
19:05:56,872 |-INFO in ch.qos.logback.core.rolling.SizeAndTimeBasedFNATP@6b2fad11 - Setting initial period to Mon Jun 10 19:04:25 UTC 2019
19:05:56,872 |-WARN in ch.qos.logback.core.rolling.SizeAndTimeBasedFNATP@6b2fad11 - SizeAndTimeBasedFNATP is deprecated. Use SizeAndTimeBasedRollingPolicy instead
19:05:56,872 |-WARN in ch.qos.logback.core.rolling.SizeAndTimeBasedFNATP@6b2fad11 - For more information see http://logback.qos.ch/manual/appenders.html#SizeAndTimeBasedRollingPolicy
19:05:56,876 |-INFO in ch.qos.logback.core.joran.action.NestedComplexPropertyIA - Assuming default type [ch.qos.logback.classic.encoder.PatternLayoutEncoder] for [encoder] property
19:05:56,881 |-INFO in ch.qos.logback.core.rolling.RollingFileAppender[FILE] - Active log file name: /tmp/application.log
19:05:56,881 |-INFO in ch.qos.logback.core.rolling.RollingFileAppender[FILE] - File property is set to [/tmp/application.log]
19:05:56,882 |-INFO in ch.qos.logback.classic.joran.action.RootLoggerAction - Setting level of ROOT logger to WARN
19:05:56,882 |-INFO in ch.qos.logback.core.joran.action.AppenderRefAction - Attaching appender named [STDOUT] to Logger[ROOT]
19:05:56,883 |-INFO in ch.qos.logback.core.joran.action.AppenderRefAction - Attaching appender named [FILE] to Logger[ROOT]
19:05:56,883 |-INFO in ch.qos.logback.classic.joran.action.ConfigurationAction - End of configuration.
19:05:56,883 |-INFO in ch.qos.logback.classic.joran.JoranConfigurator@79698539 - Registering current configuration as safe fallback point

Ama winner
Ama winner
2019-06-10T19:05:58.238+0000: 1.813: [Full GC (Metadata GC Threshold) 2019-06-10T19:05:58.238+0000: 1.813: [Tenured: 0K->15240K(341376K), 0.0404950 secs] 114923K->15240K(494976K), [Metaspace: 20731K->20731K(1067008K)], 0.0405629 secs] [Times: user=0.04 sys=0.00, real=0.04 secs] 
19:06:19.579 [Curator-PathChildrenCache-1] WARN  o.a.c.u.ZKPaths  - The version of ZooKeeper being used doesn't support Container nodes. CreateMode.PERSISTENT will be used instead.
2019-06-10T19:06:21.892+0000: 25.467: [GC (Allocation Failure) 2019-06-10T19:06:21.892+0000: 25.467: [DefNew: 136576K->17023K(153600K), 0.0264415 secs] 151816K->52847K(494976K), 0.0265227 secs] [Times: user=0.02 sys=0.01, real=0.03 secs] 
2019-06-10T19:06:23.672+0000: 27.247: [Full GC (Metadata GC Threshold) 2019-06-10T19:06:23.672+0000: 27.247: [Tenured: 35823K->44545K(341376K), 0.0409523 secs] 87295K->44545K(494976K), [Metaspace: 34591K->34591K(1079296K)], 0.0410255 secs] [Times: user=0.04 sys=0.00, real=0.04 secs] 
2019-06-10T19:06:31.241+0000: 34.817: [GC (Allocation Failure) 2019-06-10T19:06:31.241+0000: 34.817: [DefNew: 136576K->135K(153600K), 0.0019532 secs] 181121K->44681K(494976K), 0.0020132 secs] [Times: user=0.00 sys=0.00, real=0.00 secs] 
2019-06-10T19:06:38.988+0000: 42.563: [GC (Allocation Failure) 2019-06-10T19:06:38.988+0000: 42.563: [DefNew: 136711K->135K(153600K), 0.0019249 secs] 181257K->44681K(494976K), 0.0019954 secs] [Times: user=0.00 sys=0.00, real=0.00 secs] 
2019-06-10T19:06:46.781+0000: 50.356: [GC (Allocation Failure) 2019-06-10T19:06:46.781+0000: 50.356: [DefNew: 136711K->137K(153600K), 0.0019109 secs] 181257K->44683K(494976K), 0.0019704 secs] [Times: user=0.00 sys=0.00, real=0.00 secs] 
2019-06-10T19:06:54.541+0000: 58.116: [GC (Allocation Failure) 2019-06-10T19:06:54.541+0000: 58.116: [DefNew: 136713K->140K(153600K), 0.0018890 secs] 181259K->44686K(494976K), 0.0019494 secs] [Times: user=0.00 sys=0.00, real=0.00 secs] 
2019-06-10T19:07:02.693+0000: 66.268: [GC (Allocation Failure) 2019-06-10T19:07:02.693+0000: 66.268: [DefNew: 136716K->474K(153600K), 0.0024727 secs] 181262K->45020K(494976K), 0.0025358 secs] [Times: user=0.01 sys=0.00, real=0.00 secs] 
19:07:20.716 [Curator-PathChildrenCache-0] ERROR o.a.c.f.r.c.PathChildrenCache  - 
java.lang.IllegalStateException: instance must be started before calling this method
	at org.apache.curator.shaded.com.google.common.base.Preconditions.checkState(Preconditions.java:444)
	at org.apache.curator.framework.imps.CuratorFrameworkImpl.getChildren(CuratorFrameworkImpl.java:456)
	at org.apache.curator.framework.recipes.cache.PathChildrenCache.refresh(PathChildrenCache.java:521)
	at org.apache.curator.framework.recipes.cache.RefreshOperation.invoke(RefreshOperation.java:35)
	at org.apache.curator.framework.recipes.cache.PathChildrenCache$9.run(PathChildrenCache.java:786)
	at java.util.concurrent.Executors$RunnableAdapter.call(Executors.java:511)
	at java.util.concurrent.FutureTask.run(FutureTask.java:266)
	at java.util.concurrent.Executors$RunnableAdapter.call(Executors.java:511)
	at java.util.concurrent.FutureTask.run(FutureTask.java:266)
	at java.util.concurrent.ThreadPoolExecutor.runWorker(ThreadPoolExecutor.java:1149)
	at java.util.concurrent.ThreadPoolExecutor$Worker.run(ThreadPoolExecutor.java:624)
	at java.lang.Thread.run(Thread.java:748)
Heap
 def new generation   total 153600K, used 131766K [0x00000000e0c00000, 0x00000000eb2a0000, 0x00000000eb2a0000)
  eden space 136576K,  96% used [0x00000000e0c00000, 0x00000000e8c37050, 0x00000000e9160000)
  from space 17024K,   2% used [0x00000000e9160000, 0x00000000e91d6a90, 0x00000000ea200000)
  to   space 17024K,   0% used [0x00000000ea200000, 0x00000000ea200000, 0x00000000eb2a0000)
 tenured generation   total 341376K, used 44545K [0x00000000eb2a0000, 0x0000000100000000, 0x0000000100000000)
   the space 341376K,  13% used [0x00000000eb2a0000, 0x00000000ede207e8, 0x00000000ede20800, 0x0000000100000000)
 Metaspace       used 36283K, capacity 37138K, committed 37376K, reserved 1081344K
  class space    used 4873K, capacity 5077K, committed 5120K, reserved 1048576K
