15:15:36,980 |-INFO in ch.qos.logback.classic.LoggerContext[default] - Could NOT find resource [logback-test.xml]
15:15:36,981 |-INFO in ch.qos.logback.classic.LoggerContext[default] - Could NOT find resource [logback.groovy]
15:15:36,981 |-INFO in ch.qos.logback.classic.LoggerContext[default] - Found resource [logback.xml] at [jar:file:/root/flamestream/lib/flamestream-runtime-1.0-SNAPSHOT.jar!/logback.xml]
15:15:36,982 |-WARN in ch.qos.logback.classic.LoggerContext[default] - Resource [logback.xml] occurs multiple times on the classpath.
15:15:36,982 |-WARN in ch.qos.logback.classic.LoggerContext[default] - Resource [logback.xml] occurs at [jar:file:/root/flamestream/lib/flamestream-runtime-1.0-SNAPSHOT.jar!/logback.xml]
15:15:36,982 |-WARN in ch.qos.logback.classic.LoggerContext[default] - Resource [logback.xml] occurs at [jar:file:/root/flamestream/flamestream-runtime-1.0-SNAPSHOT.jar!/logback.xml]
15:15:37,003 |-INFO in ch.qos.logback.core.joran.spi.ConfigurationWatchList@3fb6a447 - URL [jar:file:/root/flamestream/lib/flamestream-runtime-1.0-SNAPSHOT.jar!/logback.xml] is not of type file
15:15:37,073 |-INFO in ch.qos.logback.classic.joran.action.ConfigurationAction - debug attribute not set
15:15:37,073 |-INFO in ch.qos.logback.core.joran.action.AppenderAction - About to instantiate appender of type [ch.qos.logback.core.ConsoleAppender]
15:15:37,091 |-INFO in ch.qos.logback.core.joran.action.AppenderAction - Naming appender as [STDOUT]
15:15:37,113 |-INFO in ch.qos.logback.core.joran.action.NestedComplexPropertyIA - Assuming default type [ch.qos.logback.classic.encoder.PatternLayoutEncoder] for [encoder] property
15:15:37,194 |-INFO in ch.qos.logback.core.joran.action.AppenderAction - About to instantiate appender of type [ch.qos.logback.core.rolling.RollingFileAppender]
15:15:37,200 |-INFO in ch.qos.logback.core.joran.action.AppenderAction - Naming appender as [FILE]
15:15:37,230 |-INFO in c.q.l.core.rolling.TimeBasedRollingPolicy@127618319 - No compression will be used
15:15:37,232 |-INFO in c.q.l.core.rolling.TimeBasedRollingPolicy@127618319 - Will use the pattern /tmp/application_%d{yyyy-MM-dd}.%i.log for the active file
15:15:37,235 |-INFO in ch.qos.logback.core.rolling.SizeAndTimeBasedFNATP@6b2fad11 - The date pattern is 'yyyy-MM-dd' from file name pattern '/tmp/application_%d{yyyy-MM-dd}.%i.log'.
15:15:37,235 |-INFO in ch.qos.logback.core.rolling.SizeAndTimeBasedFNATP@6b2fad11 - Roll-over at midnight.
15:15:37,240 |-INFO in ch.qos.logback.core.rolling.SizeAndTimeBasedFNATP@6b2fad11 - Setting initial period to Mon Jun 10 15:14:17 UTC 2019
15:15:37,240 |-WARN in ch.qos.logback.core.rolling.SizeAndTimeBasedFNATP@6b2fad11 - SizeAndTimeBasedFNATP is deprecated. Use SizeAndTimeBasedRollingPolicy instead
15:15:37,240 |-WARN in ch.qos.logback.core.rolling.SizeAndTimeBasedFNATP@6b2fad11 - For more information see http://logback.qos.ch/manual/appenders.html#SizeAndTimeBasedRollingPolicy
15:15:37,244 |-INFO in ch.qos.logback.core.joran.action.NestedComplexPropertyIA - Assuming default type [ch.qos.logback.classic.encoder.PatternLayoutEncoder] for [encoder] property
15:15:37,249 |-INFO in ch.qos.logback.core.rolling.RollingFileAppender[FILE] - Active log file name: /tmp/application.log
15:15:37,249 |-INFO in ch.qos.logback.core.rolling.RollingFileAppender[FILE] - File property is set to [/tmp/application.log]
15:15:37,250 |-INFO in ch.qos.logback.classic.joran.action.RootLoggerAction - Setting level of ROOT logger to WARN
15:15:37,250 |-INFO in ch.qos.logback.core.joran.action.AppenderRefAction - Attaching appender named [STDOUT] to Logger[ROOT]
15:15:37,252 |-INFO in ch.qos.logback.core.joran.action.AppenderRefAction - Attaching appender named [FILE] to Logger[ROOT]
15:15:37,252 |-INFO in ch.qos.logback.classic.joran.action.ConfigurationAction - End of configuration.
15:15:37,253 |-INFO in ch.qos.logback.classic.joran.JoranConfigurator@79698539 - Registering current configuration as safe fallback point

Ama winner
Ama winner
2019-06-10T15:15:38.552+0000: 1.759: [Full GC (Metadata GC Threshold) 2019-06-10T15:15:38.552+0000: 1.759: [Tenured: 0K->15137K(341376K), 0.0382370 secs] 114987K->15137K(494976K), [Metaspace: 20725K->20725K(1067008K)], 0.0383037 secs] [Times: user=0.04 sys=0.00, real=0.03 secs] 
15:15:51.421 [Curator-PathChildrenCache-1] WARN  o.a.c.u.ZKPaths  - The version of ZooKeeper being used doesn't support Container nodes. CreateMode.PERSISTENT will be used instead.
2019-06-10T15:15:53.728+0000: 16.935: [GC (Allocation Failure) 2019-06-10T15:15:53.728+0000: 16.935: [DefNew: 136576K->17024K(153600K), 0.0250828 secs] 151713K->52314K(494976K), 0.0251532 secs] [Times: user=0.01 sys=0.01, real=0.03 secs] 
2019-06-10T15:15:55.926+0000: 19.133: [Full GC (Metadata GC Threshold) 2019-06-10T15:15:55.926+0000: 19.133: [Tenured: 35290K->43863K(341376K), 0.0586929 secs] 96698K->43863K(494976K), [Metaspace: 34513K->34513K(1079296K)], 0.0587683 secs] [Times: user=0.06 sys=0.00, real=0.06 secs] 
2019-06-10T15:16:02.692+0000: 25.899: [GC (Allocation Failure) 2019-06-10T15:16:02.692+0000: 25.899: [DefNew: 136576K->71K(153600K), 0.0018111 secs] 180439K->43935K(494976K), 0.0018716 secs] [Times: user=0.00 sys=0.00, real=0.00 secs] 
2019-06-10T15:16:09.391+0000: 32.599: [GC (Allocation Failure) 2019-06-10T15:16:09.392+0000: 32.599: [DefNew: 136647K->69K(153600K), 0.0016818 secs] 180511K->43932K(494976K), 0.0029083 secs] [Times: user=0.00 sys=0.00, real=0.01 secs] 
2019-06-10T15:16:15.952+0000: 39.159: [GC (Allocation Failure) 2019-06-10T15:16:15.952+0000: 39.159: [DefNew: 136645K->66K(153600K), 0.0017029 secs] 180508K->43929K(494976K), 0.0017648 secs] [Times: user=0.00 sys=0.00, real=0.00 secs] 
2019-06-10T15:16:22.572+0000: 45.780: [GC (Allocation Failure) 2019-06-10T15:16:22.572+0000: 45.780: [DefNew: 136642K->68K(153600K), 0.0016735 secs] 180505K->43931K(494976K), 0.0017326 secs] [Times: user=0.00 sys=0.00, real=0.00 secs] 
2019-06-10T15:16:29.181+0000: 52.388: [GC (Allocation Failure) 2019-06-10T15:16:29.181+0000: 52.388: [DefNew: 136644K->67K(153600K), 0.0017488 secs] 180507K->43930K(494976K), 0.0018161 secs] [Times: user=0.00 sys=0.00, real=0.01 secs] 
15:16:39.605 [Curator-PathChildrenCache-0] ERROR o.a.c.f.r.c.PathChildrenCache  - 
java.lang.IllegalStateException: instance must be started before calling this method
	at org.apache.curator.shaded.com.google.common.base.Preconditions.checkState(Preconditions.java:444)
	at org.apache.curator.framework.imps.CuratorFrameworkImpl.getChildren(CuratorFrameworkImpl.java:456)
	at org.apache.curator.framework.recipes.cache.PathChildrenCache.refresh(PathChildrenCache.java:521)
	at org.apache.curator.framework.recipes.cache.RefreshOperation.invoke(RefreshOperation.java:35)
	at org.apache.curator.framework.recipes.cache.PathChildrenCache$9.run(PathChildrenCache.java:786)
	at java.util.concurrent.Executors$RunnableAdapter.call(Executors.java:511)
	at java.util.concurrent.FutureTask.run(FutureTask.java:266)
	at java.util.concurrent.Executors$RunnableAdapter.call(Executors.java:511)
	at java.util.concurrent.FutureTask.run(FutureTask.java:266)
	at java.util.concurrent.ThreadPoolExecutor.runWorker(ThreadPoolExecutor.java:1149)
	at java.util.concurrent.ThreadPoolExecutor$Worker.run(ThreadPoolExecutor.java:624)
	at java.lang.Thread.run(Thread.java:748)
Heap
 def new generation   total 153600K, used 88885K [0x00000000e0c00000, 0x00000000eb2a0000, 0x00000000eb2a0000)
  eden space 136576K,  65% used [0x00000000e0c00000, 0x00000000e62bc998, 0x00000000e9160000)
  from space 17024K,   0% used [0x00000000e9160000, 0x00000000e9170d30, 0x00000000ea200000)
  to   space 17024K,   0% used [0x00000000ea200000, 0x00000000ea200000, 0x00000000eb2a0000)
 tenured generation   total 341376K, used 43863K [0x00000000eb2a0000, 0x0000000100000000, 0x0000000100000000)
   the space 341376K,  12% used [0x00000000eb2a0000, 0x00000000edd75d40, 0x00000000edd75e00, 0x0000000100000000)
 Metaspace       used 36081K, capacity 36992K, committed 37120K, reserved 1081344K
  class space    used 4855K, capacity 5074K, committed 5120K, reserved 1048576K
