16:20:50,287 |-INFO in ch.qos.logback.classic.LoggerContext[default] - Could NOT find resource [logback-test.xml]
16:20:50,287 |-INFO in ch.qos.logback.classic.LoggerContext[default] - Could NOT find resource [logback.groovy]
16:20:50,287 |-INFO in ch.qos.logback.classic.LoggerContext[default] - Found resource [logback.xml] at [jar:file:/root/flamestream/lib/flamestream-runtime-1.0-SNAPSHOT.jar!/logback.xml]
16:20:50,290 |-WARN in ch.qos.logback.classic.LoggerContext[default] - Resource [logback.xml] occurs multiple times on the classpath.
16:20:50,291 |-WARN in ch.qos.logback.classic.LoggerContext[default] - Resource [logback.xml] occurs at [jar:file:/root/flamestream/lib/flamestream-runtime-1.0-SNAPSHOT.jar!/logback.xml]
16:20:50,291 |-WARN in ch.qos.logback.classic.LoggerContext[default] - Resource [logback.xml] occurs at [jar:file:/root/flamestream/flamestream-runtime-1.0-SNAPSHOT.jar!/logback.xml]
16:20:50,311 |-INFO in ch.qos.logback.core.joran.spi.ConfigurationWatchList@3fb6a447 - URL [jar:file:/root/flamestream/lib/flamestream-runtime-1.0-SNAPSHOT.jar!/logback.xml] is not of type file
16:20:50,378 |-INFO in ch.qos.logback.classic.joran.action.ConfigurationAction - debug attribute not set
16:20:50,379 |-INFO in ch.qos.logback.core.joran.action.AppenderAction - About to instantiate appender of type [ch.qos.logback.core.ConsoleAppender]
16:20:50,395 |-INFO in ch.qos.logback.core.joran.action.AppenderAction - Naming appender as [STDOUT]
16:20:50,413 |-INFO in ch.qos.logback.core.joran.action.NestedComplexPropertyIA - Assuming default type [ch.qos.logback.classic.encoder.PatternLayoutEncoder] for [encoder] property
16:20:50,503 |-INFO in ch.qos.logback.core.joran.action.AppenderAction - About to instantiate appender of type [ch.qos.logback.core.rolling.RollingFileAppender]
16:20:50,508 |-INFO in ch.qos.logback.core.joran.action.AppenderAction - Naming appender as [FILE]
16:20:50,538 |-INFO in c.q.l.core.rolling.TimeBasedRollingPolicy@127618319 - No compression will be used
16:20:50,539 |-INFO in c.q.l.core.rolling.TimeBasedRollingPolicy@127618319 - Will use the pattern /tmp/application_%d{yyyy-MM-dd}.%i.log for the active file
16:20:50,542 |-INFO in ch.qos.logback.core.rolling.SizeAndTimeBasedFNATP@6b2fad11 - The date pattern is 'yyyy-MM-dd' from file name pattern '/tmp/application_%d{yyyy-MM-dd}.%i.log'.
16:20:50,542 |-INFO in ch.qos.logback.core.rolling.SizeAndTimeBasedFNATP@6b2fad11 - Roll-over at midnight.
16:20:50,547 |-INFO in ch.qos.logback.core.rolling.SizeAndTimeBasedFNATP@6b2fad11 - Setting initial period to Mon Jun 10 16:19:28 UTC 2019
16:20:50,548 |-WARN in ch.qos.logback.core.rolling.SizeAndTimeBasedFNATP@6b2fad11 - SizeAndTimeBasedFNATP is deprecated. Use SizeAndTimeBasedRollingPolicy instead
16:20:50,548 |-WARN in ch.qos.logback.core.rolling.SizeAndTimeBasedFNATP@6b2fad11 - For more information see http://logback.qos.ch/manual/appenders.html#SizeAndTimeBasedRollingPolicy
16:20:50,551 |-INFO in ch.qos.logback.core.joran.action.NestedComplexPropertyIA - Assuming default type [ch.qos.logback.classic.encoder.PatternLayoutEncoder] for [encoder] property
16:20:50,556 |-INFO in ch.qos.logback.core.rolling.RollingFileAppender[FILE] - Active log file name: /tmp/application.log
16:20:50,556 |-INFO in ch.qos.logback.core.rolling.RollingFileAppender[FILE] - File property is set to [/tmp/application.log]
16:20:50,557 |-INFO in ch.qos.logback.classic.joran.action.RootLoggerAction - Setting level of ROOT logger to WARN
16:20:50,557 |-INFO in ch.qos.logback.core.joran.action.AppenderRefAction - Attaching appender named [STDOUT] to Logger[ROOT]
16:20:50,559 |-INFO in ch.qos.logback.core.joran.action.AppenderRefAction - Attaching appender named [FILE] to Logger[ROOT]
16:20:50,559 |-INFO in ch.qos.logback.classic.joran.action.ConfigurationAction - End of configuration.
16:20:50,560 |-INFO in ch.qos.logback.classic.joran.JoranConfigurator@79698539 - Registering current configuration as safe fallback point

Ama winner
Ama winner
2019-06-10T16:20:51.867+0000: 1.764: [Full GC (Metadata GC Threshold) 2019-06-10T16:20:51.867+0000: 1.764: [Tenured: 0K->15177K(341376K), 0.0394654 secs] 117686K->15177K(494976K), [Metaspace: 20729K->20729K(1067008K)], 0.0395324 secs] [Times: user=0.04 sys=0.01, real=0.04 secs] 
16:21:07.916 [Curator-PathChildrenCache-1] WARN  o.a.c.u.ZKPaths  - The version of ZooKeeper being used doesn't support Container nodes. CreateMode.PERSISTENT will be used instead.
2019-06-10T16:21:10.148+0000: 20.045: [GC (Allocation Failure) 2019-06-10T16:21:10.148+0000: 20.045: [DefNew: 136576K->17024K(153600K), 0.0267968 secs] 151753K->52654K(494976K), 0.0268661 secs] [Times: user=0.02 sys=0.00, real=0.02 secs] 
2019-06-10T16:21:12.195+0000: 22.092: [Full GC (Metadata GC Threshold) 2019-06-10T16:21:12.195+0000: 22.092: [Tenured: 35630K->44263K(341376K), 0.0484416 secs] 92059K->44263K(494976K), [Metaspace: 34581K->34581K(1079296K)], 0.0485279 secs] [Times: user=0.04 sys=0.01, real=0.05 secs] 
2019-06-10T16:21:18.993+0000: 28.890: [GC (Allocation Failure) 2019-06-10T16:21:18.993+0000: 28.890: [DefNew: 136576K->66K(153600K), 0.0018334 secs] 180839K->44329K(494976K), 0.0018925 secs] [Times: user=0.01 sys=0.00, real=0.00 secs] 
2019-06-10T16:21:25.860+0000: 35.757: [GC (Allocation Failure) 2019-06-10T16:21:25.860+0000: 35.757: [DefNew: 136642K->65K(153600K), 0.0017016 secs] 180905K->44329K(494976K), 0.0017733 secs] [Times: user=0.00 sys=0.00, real=0.00 secs] 
2019-06-10T16:21:32.763+0000: 42.660: [GC (Allocation Failure) 2019-06-10T16:21:32.763+0000: 42.660: [DefNew: 136641K->67K(153600K), 0.0017645 secs] 180905K->44330K(494976K), 0.0018231 secs] [Times: user=0.00 sys=0.00, real=0.00 secs] 
2019-06-10T16:21:39.747+0000: 49.643: [GC (Allocation Failure) 2019-06-10T16:21:39.747+0000: 49.643: [DefNew: 136643K->66K(153600K), 0.0018417 secs] 180906K->44329K(494976K), 0.0019158 secs] [Times: user=0.00 sys=0.00, real=0.01 secs] 
2019-06-10T16:21:46.734+0000: 56.631: [GC (Allocation Failure) 2019-06-10T16:21:46.734+0000: 56.631: [DefNew: 136642K->66K(153600K), 0.0017795 secs] 180905K->44329K(494976K), 0.0018412 secs] [Times: user=0.00 sys=0.00, real=0.01 secs] 
16:21:58.938 [Curator-PathChildrenCache-0] ERROR o.a.c.f.r.c.PathChildrenCache  - 
java.lang.IllegalStateException: instance must be started before calling this method
	at org.apache.curator.shaded.com.google.common.base.Preconditions.checkState(Preconditions.java:444)
	at org.apache.curator.framework.imps.CuratorFrameworkImpl.getChildren(CuratorFrameworkImpl.java:456)
	at org.apache.curator.framework.recipes.cache.PathChildrenCache.refresh(PathChildrenCache.java:521)
	at org.apache.curator.framework.recipes.cache.RefreshOperation.invoke(RefreshOperation.java:35)
	at org.apache.curator.framework.recipes.cache.PathChildrenCache$9.run(PathChildrenCache.java:786)
	at java.util.concurrent.Executors$RunnableAdapter.call(Executors.java:511)
	at java.util.concurrent.FutureTask.run(FutureTask.java:266)
	at java.util.concurrent.Executors$RunnableAdapter.call(Executors.java:511)
	at java.util.concurrent.FutureTask.run(FutureTask.java:266)
	at java.util.concurrent.ThreadPoolExecutor.runWorker(ThreadPoolExecutor.java:1149)
	at java.util.concurrent.ThreadPoolExecutor$Worker.run(ThreadPoolExecutor.java:624)
	at java.lang.Thread.run(Thread.java:748)
Heap
 def new generation   total 153600K, used 65269K [0x00000000e0c00000, 0x00000000eb2a0000, 0x00000000eb2a0000)
  eden space 136576K,  47% used [0x00000000e0c00000, 0x00000000e4bacbe0, 0x00000000e9160000)
  from space 17024K,   0% used [0x00000000e9160000, 0x00000000e9170888, 0x00000000ea200000)
  to   space 17024K,   0% used [0x00000000ea200000, 0x00000000ea200000, 0x00000000eb2a0000)
 tenured generation   total 341376K, used 44263K [0x00000000eb2a0000, 0x0000000100000000, 0x0000000100000000)
   the space 341376K,  12% used [0x00000000eb2a0000, 0x00000000eddd9d48, 0x00000000eddd9e00, 0x0000000100000000)
 Metaspace       used 36013K, capacity 36922K, committed 37120K, reserved 1081344K
  class space    used 4859K, capacity 5073K, committed 5120K, reserved 1048576K
