17:03:11,764 |-INFO in ch.qos.logback.classic.LoggerContext[default] - Could NOT find resource [logback-test.xml]
17:03:11,764 |-INFO in ch.qos.logback.classic.LoggerContext[default] - Could NOT find resource [logback.groovy]
17:03:11,764 |-INFO in ch.qos.logback.classic.LoggerContext[default] - Found resource [logback.xml] at [jar:file:/root/flamestream/lib/flamestream-runtime-1.0-SNAPSHOT.jar!/logback.xml]
17:03:11,764 |-WARN in ch.qos.logback.classic.LoggerContext[default] - Resource [logback.xml] occurs multiple times on the classpath.
17:03:11,764 |-WARN in ch.qos.logback.classic.LoggerContext[default] - Resource [logback.xml] occurs at [jar:file:/root/flamestream/lib/flamestream-runtime-1.0-SNAPSHOT.jar!/logback.xml]
17:03:11,764 |-WARN in ch.qos.logback.classic.LoggerContext[default] - Resource [logback.xml] occurs at [jar:file:/root/flamestream/flamestream-runtime-1.0-SNAPSHOT.jar!/logback.xml]
17:03:11,786 |-INFO in ch.qos.logback.core.joran.spi.ConfigurationWatchList@3fb6a447 - URL [jar:file:/root/flamestream/lib/flamestream-runtime-1.0-SNAPSHOT.jar!/logback.xml] is not of type file
17:03:11,858 |-INFO in ch.qos.logback.classic.joran.action.ConfigurationAction - debug attribute not set
17:03:11,858 |-INFO in ch.qos.logback.core.joran.action.AppenderAction - About to instantiate appender of type [ch.qos.logback.core.ConsoleAppender]
17:03:11,878 |-INFO in ch.qos.logback.core.joran.action.AppenderAction - Naming appender as [STDOUT]
17:03:11,891 |-INFO in ch.qos.logback.core.joran.action.NestedComplexPropertyIA - Assuming default type [ch.qos.logback.classic.encoder.PatternLayoutEncoder] for [encoder] property
17:03:11,972 |-INFO in ch.qos.logback.core.joran.action.AppenderAction - About to instantiate appender of type [ch.qos.logback.core.rolling.RollingFileAppender]
17:03:11,981 |-INFO in ch.qos.logback.core.joran.action.AppenderAction - Naming appender as [FILE]
17:03:12,011 |-INFO in c.q.l.core.rolling.TimeBasedRollingPolicy@127618319 - No compression will be used
17:03:12,013 |-INFO in c.q.l.core.rolling.TimeBasedRollingPolicy@127618319 - Will use the pattern /tmp/application_%d{yyyy-MM-dd}.%i.log for the active file
17:03:12,016 |-INFO in ch.qos.logback.core.rolling.SizeAndTimeBasedFNATP@6b2fad11 - The date pattern is 'yyyy-MM-dd' from file name pattern '/tmp/application_%d{yyyy-MM-dd}.%i.log'.
17:03:12,016 |-INFO in ch.qos.logback.core.rolling.SizeAndTimeBasedFNATP@6b2fad11 - Roll-over at midnight.
17:03:12,021 |-INFO in ch.qos.logback.core.rolling.SizeAndTimeBasedFNATP@6b2fad11 - Setting initial period to Mon Jun 10 17:01:38 UTC 2019
17:03:12,021 |-WARN in ch.qos.logback.core.rolling.SizeAndTimeBasedFNATP@6b2fad11 - SizeAndTimeBasedFNATP is deprecated. Use SizeAndTimeBasedRollingPolicy instead
17:03:12,021 |-WARN in ch.qos.logback.core.rolling.SizeAndTimeBasedFNATP@6b2fad11 - For more information see http://logback.qos.ch/manual/appenders.html#SizeAndTimeBasedRollingPolicy
17:03:12,025 |-INFO in ch.qos.logback.core.joran.action.NestedComplexPropertyIA - Assuming default type [ch.qos.logback.classic.encoder.PatternLayoutEncoder] for [encoder] property
17:03:12,030 |-INFO in ch.qos.logback.core.rolling.RollingFileAppender[FILE] - Active log file name: /tmp/application.log
17:03:12,030 |-INFO in ch.qos.logback.core.rolling.RollingFileAppender[FILE] - File property is set to [/tmp/application.log]
17:03:12,031 |-INFO in ch.qos.logback.classic.joran.action.RootLoggerAction - Setting level of ROOT logger to WARN
17:03:12,031 |-INFO in ch.qos.logback.core.joran.action.AppenderRefAction - Attaching appender named [STDOUT] to Logger[ROOT]
17:03:12,033 |-INFO in ch.qos.logback.core.joran.action.AppenderRefAction - Attaching appender named [FILE] to Logger[ROOT]
17:03:12,033 |-INFO in ch.qos.logback.classic.joran.action.ConfigurationAction - End of configuration.
17:03:12,033 |-INFO in ch.qos.logback.classic.joran.JoranConfigurator@79698539 - Registering current configuration as safe fallback point

Ama winner
Ama winner
2019-06-10T17:03:13.316+0000: 1.736: [Full GC (Metadata GC Threshold) 2019-06-10T17:03:13.316+0000: 1.736: [Tenured: 0K->15240K(341376K), 0.0357987 secs] 114923K->15240K(494976K), [Metaspace: 20735K->20735K(1067008K)], 0.0358643 secs] [Times: user=0.03 sys=0.00, real=0.04 secs] 
17:03:35.673 [Curator-PathChildrenCache-1] WARN  o.a.c.u.ZKPaths  - The version of ZooKeeper being used doesn't support Container nodes. CreateMode.PERSISTENT will be used instead.
2019-06-10T17:03:37.830+0000: 26.250: [GC (Allocation Failure) 2019-06-10T17:03:37.830+0000: 26.250: [DefNew: 136576K->17024K(153600K), 0.0286415 secs] 151816K->52777K(494976K), 0.0287237 secs] [Times: user=0.01 sys=0.02, real=0.03 secs] 
2019-06-10T17:03:39.274+0000: 27.695: [Full GC (Metadata GC Threshold) 2019-06-10T17:03:39.274+0000: 27.695: [Tenured: 35753K->44542K(341376K), 0.0426463 secs] 84999K->44542K(494976K), [Metaspace: 34584K->34584K(1079296K)], 0.0427193 secs] [Times: user=0.04 sys=0.01, real=0.05 secs] 
2019-06-10T17:03:45.055+0000: 33.476: [GC (Allocation Failure) 2019-06-10T17:03:45.055+0000: 33.476: [DefNew: 136576K->124K(153600K), 0.0019833 secs] 181118K->44666K(494976K), 0.0020717 secs] [Times: user=0.01 sys=0.00, real=0.01 secs] 
2019-06-10T17:03:50.858+0000: 39.278: [GC (Allocation Failure) 2019-06-10T17:03:50.858+0000: 39.278: [DefNew: 136700K->125K(153600K), 0.0019142 secs] 181242K->44667K(494976K), 0.0019694 secs] [Times: user=0.00 sys=0.00, real=0.00 secs] 
2019-06-10T17:03:56.643+0000: 45.064: [GC (Allocation Failure) 2019-06-10T17:03:56.643+0000: 45.064: [DefNew: 136701K->128K(153600K), 0.0018955 secs] 181243K->44671K(494976K), 0.0019516 secs] [Times: user=0.00 sys=0.00, real=0.01 secs] 
2019-06-10T17:04:02.485+0000: 50.905: [GC (Allocation Failure) 2019-06-10T17:04:02.485+0000: 50.905: [DefNew: 136704K->125K(153600K), 0.0019298 secs] 181247K->44668K(494976K), 0.0019871 secs] [Times: user=0.00 sys=0.00, real=0.01 secs] 
2019-06-10T17:04:13.521+0000: 61.942: [GC (Allocation Failure) 2019-06-10T17:04:13.521+0000: 61.942: [DefNew: 136701K->398K(153600K), 0.0022936 secs] 181244K->44940K(494976K), 0.0023664 secs] [Times: user=0.00 sys=0.00, real=0.00 secs] 
17:04:18.015 [Curator-PathChildrenCache-0] ERROR o.a.c.f.r.c.PathChildrenCache  - 
java.lang.IllegalStateException: instance must be started before calling this method
	at org.apache.curator.shaded.com.google.common.base.Preconditions.checkState(Preconditions.java:444)
	at org.apache.curator.framework.imps.CuratorFrameworkImpl.getChildren(CuratorFrameworkImpl.java:456)
	at org.apache.curator.framework.recipes.cache.PathChildrenCache.refresh(PathChildrenCache.java:521)
	at org.apache.curator.framework.recipes.cache.RefreshOperation.invoke(RefreshOperation.java:35)
	at org.apache.curator.framework.recipes.cache.PathChildrenCache$9.run(PathChildrenCache.java:786)
	at java.util.concurrent.Executors$RunnableAdapter.call(Executors.java:511)
	at java.util.concurrent.FutureTask.run(FutureTask.java:266)
	at java.util.concurrent.Executors$RunnableAdapter.call(Executors.java:511)
	at java.util.concurrent.FutureTask.run(FutureTask.java:266)
	at java.util.concurrent.ThreadPoolExecutor.runWorker(ThreadPoolExecutor.java:1149)
	at java.util.concurrent.ThreadPoolExecutor$Worker.run(ThreadPoolExecutor.java:624)
	at java.lang.Thread.run(Thread.java:748)
Heap
 def new generation   total 153600K, used 40013K [0x00000000e0c00000, 0x00000000eb2a0000, 0x00000000eb2a0000)
  eden space 136576K,  29% used [0x00000000e0c00000, 0x00000000e32afdd8, 0x00000000e9160000)
  from space 17024K,   2% used [0x00000000e9160000, 0x00000000e91c3898, 0x00000000ea200000)
  to   space 17024K,   0% used [0x00000000ea200000, 0x00000000ea200000, 0x00000000eb2a0000)
 tenured generation   total 341376K, used 44542K [0x00000000eb2a0000, 0x0000000100000000, 0x0000000100000000)
   the space 341376K,  13% used [0x00000000eb2a0000, 0x00000000ede1fa60, 0x00000000ede1fc00, 0x0000000100000000)
 Metaspace       used 36295K, capacity 37202K, committed 37376K, reserved 1081344K
  class space    used 4870K, capacity 5077K, committed 5120K, reserved 1048576K
