11:00:53,126 |-INFO in ch.qos.logback.classic.LoggerContext[default] - Could NOT find resource [logback-test.xml]
11:00:53,126 |-INFO in ch.qos.logback.classic.LoggerContext[default] - Could NOT find resource [logback.groovy]
11:00:53,126 |-INFO in ch.qos.logback.classic.LoggerContext[default] - Found resource [logback.xml] at [jar:file:/home/nikitasokolov/flamestream/lib/flamestream-runtime-1.0-SNAPSHOT.jar!/logback.xml]
11:00:53,127 |-WARN in ch.qos.logback.classic.LoggerContext[default] - Resource [logback.xml] occurs multiple times on the classpath.
11:00:53,127 |-WARN in ch.qos.logback.classic.LoggerContext[default] - Resource [logback.xml] occurs at [jar:file:/home/nikitasokolov/flamestream/lib/flamestream-runtime-1.0-SNAPSHOT.jar!/logback.xml]
11:00:53,127 |-WARN in ch.qos.logback.classic.LoggerContext[default] - Resource [logback.xml] occurs at [jar:file:/home/nikitasokolov/flamestream/flamestream-runtime-1.0-SNAPSHOT.jar!/logback.xml]
11:00:53,143 |-INFO in ch.qos.logback.core.joran.spi.ConfigurationWatchList@6108b2d7 - URL [jar:file:/home/nikitasokolov/flamestream/lib/flamestream-runtime-1.0-SNAPSHOT.jar!/logback.xml] is not of type file
11:00:53,193 |-INFO in ch.qos.logback.classic.joran.action.ConfigurationAction - debug attribute not set
11:00:53,194 |-INFO in ch.qos.logback.core.joran.action.AppenderAction - About to instantiate appender of type [ch.qos.logback.core.ConsoleAppender]
11:00:53,202 |-INFO in ch.qos.logback.core.joran.action.AppenderAction - Naming appender as [STDOUT]
11:00:53,210 |-INFO in ch.qos.logback.core.joran.action.NestedComplexPropertyIA - Assuming default type [ch.qos.logback.classic.encoder.PatternLayoutEncoder] for [encoder] property
11:00:53,267 |-INFO in ch.qos.logback.core.joran.action.AppenderAction - About to instantiate appender of type [ch.qos.logback.core.rolling.RollingFileAppender]
11:00:53,272 |-INFO in ch.qos.logback.core.joran.action.AppenderAction - Naming appender as [FILE]
11:00:53,293 |-INFO in c.q.l.core.rolling.TimeBasedRollingPolicy@357863579 - No compression will be used
11:00:53,294 |-INFO in c.q.l.core.rolling.TimeBasedRollingPolicy@357863579 - Will use the pattern /tmp/application_%d{yyyy-MM-dd}.%i.log for the active file
11:00:53,297 |-INFO in ch.qos.logback.core.rolling.SizeAndTimeBasedFNATP@6bf256fa - The date pattern is 'yyyy-MM-dd' from file name pattern '/tmp/application_%d{yyyy-MM-dd}.%i.log'.
11:00:53,297 |-INFO in ch.qos.logback.core.rolling.SizeAndTimeBasedFNATP@6bf256fa - Roll-over at midnight.
11:00:53,301 |-INFO in ch.qos.logback.core.rolling.SizeAndTimeBasedFNATP@6bf256fa - Setting initial period to Sun Jun 09 11:00:08 MSK 2019
11:00:53,301 |-WARN in ch.qos.logback.core.rolling.SizeAndTimeBasedFNATP@6bf256fa - SizeAndTimeBasedFNATP is deprecated. Use SizeAndTimeBasedRollingPolicy instead
11:00:53,301 |-WARN in ch.qos.logback.core.rolling.SizeAndTimeBasedFNATP@6bf256fa - For more information see http://logback.qos.ch/manual/appenders.html#SizeAndTimeBasedRollingPolicy
11:00:53,306 |-INFO in ch.qos.logback.core.joran.action.NestedComplexPropertyIA - Assuming default type [ch.qos.logback.classic.encoder.PatternLayoutEncoder] for [encoder] property
11:00:53,308 |-INFO in ch.qos.logback.core.rolling.RollingFileAppender[FILE] - Active log file name: /tmp/application.log
11:00:53,308 |-INFO in ch.qos.logback.core.rolling.RollingFileAppender[FILE] - File property is set to [/tmp/application.log]
11:00:53,310 |-INFO in ch.qos.logback.classic.joran.action.RootLoggerAction - Setting level of ROOT logger to WARN
11:00:53,310 |-INFO in ch.qos.logback.core.joran.action.AppenderRefAction - Attaching appender named [STDOUT] to Logger[ROOT]
11:00:53,310 |-INFO in ch.qos.logback.core.joran.action.AppenderRefAction - Attaching appender named [FILE] to Logger[ROOT]
11:00:53,310 |-INFO in ch.qos.logback.classic.joran.action.ConfigurationAction - End of configuration.
11:00:53,311 |-INFO in ch.qos.logback.classic.joran.JoranConfigurator@6cd8737 - Registering current configuration as safe fallback point

2019-06-09T11:00:54.285+0300: 1.367: [GC (Metadata GC Threshold) [PSYoungGen: 108151K->15902K(149504K)] 108151K->15982K(491008K), 0.0217127 secs] [Times: user=0.10 sys=0.02, real=0.02 secs] 
2019-06-09T11:00:54.306+0300: 1.389: [Full GC (Metadata GC Threshold) [PSYoungGen: 15902K->0K(149504K)] [ParOldGen: 80K->15077K(341504K)] 15982K->15077K(491008K), [Metaspace: 20800K->20800K(1067008K)], 0.0272200 secs] [Times: user=0.19 sys=0.01, real=0.03 secs] 
11:01:01.782 [Curator-PathChildrenCache-1] WARN  o.a.c.u.ZKPaths  - The version of ZooKeeper being used doesn't support Container nodes. CreateMode.PERSISTENT will be used instead.
2019-06-09T11:01:02.682+0300: 9.765: [GC (Metadata GC Threshold) [PSYoungGen: 122780K->15936K(149504K)] 137858K->50553K(491008K), 0.0295307 secs] [Times: user=0.23 sys=0.02, real=0.03 secs] 
2019-06-09T11:01:02.712+0300: 9.794: [Full GC (Metadata GC Threshold) [PSYoungGen: 15936K->0K(149504K)] [ParOldGen: 34617K->38890K(341504K)] 50553K->38890K(491008K), [Metaspace: 34557K->34557K(1079296K)], 0.0456056 secs] [Times: user=0.29 sys=0.02, real=0.04 secs] 
2019-06-09T11:01:09.316+0300: 16.399: [GC (Allocation Failure) [PSYoungGen: 128512K->480K(149504K)] 167402K->39378K(491008K), 0.0051739 secs] [Times: user=0.05 sys=0.00, real=0.01 secs] 
2019-06-09T11:01:16.827+0300: 23.910: [GC (Allocation Failure) [PSYoungGen: 128992K->512K(149504K)] 167890K->39418K(491008K), 0.0045760 secs] [Times: user=0.03 sys=0.00, real=0.01 secs] 
2019-06-09T11:01:24.364+0300: 31.446: [GC (Allocation Failure) [PSYoungGen: 129024K->480K(129024K)] 167930K->39394K(470528K), 0.0026179 secs] [Times: user=0.02 sys=0.00, real=0.00 secs] 
2019-06-09T11:01:31.954+0300: 39.037: [GC (Allocation Failure) [PSYoungGen: 128992K->448K(150016K)] 167906K->39370K(491520K), 0.0127683 secs] [Times: user=0.12 sys=0.01, real=0.01 secs] 
2019-06-09T11:01:39.616+0300: 46.699: [GC (Allocation Failure) [PSYoungGen: 128960K->576K(148992K)] 167882K->39498K(490496K), 0.0050539 secs] [Times: user=0.03 sys=0.00, real=0.01 secs] 
2019-06-09T11:01:47.251+0300: 54.334: [GC (Allocation Failure) [PSYoungGen: 129088K->512K(151552K)] 168010K->39434K(493056K), 0.0025886 secs] [Times: user=0.01 sys=0.00, real=0.00 secs] 
2019-06-09T11:01:55.028+0300: 62.111: [GC (Allocation Failure) [PSYoungGen: 132096K->855K(150528K)] 171018K->39785K(492032K), 0.0041559 secs] [Times: user=0.02 sys=0.00, real=0.01 secs] 
2019-06-09T11:02:04.882+0300: 71.965: [GC (Allocation Failure) [PSYoungGen: 132439K->544K(153088K)] 171369K->39474K(494592K), 0.0035467 secs] [Times: user=0.01 sys=0.01, real=0.00 secs] 
2019-06-09T11:02:15.182+0300: 82.264: [GC (Allocation Failure) [PSYoungGen: 135712K->448K(152576K)] 174642K->39386K(494080K), 0.0023938 secs] [Times: user=0.01 sys=0.00, real=0.00 secs] 
11:02:30.915 [Curator-PathChildrenCache-0] ERROR o.a.c.f.r.c.PathChildrenCache  - 
java.lang.IllegalStateException: instance must be started before calling this method
	at org.apache.curator.shaded.com.google.common.base.Preconditions.checkState(Preconditions.java:444)
	at org.apache.curator.framework.imps.CuratorFrameworkImpl.getChildren(CuratorFrameworkImpl.java:456)
	at org.apache.curator.framework.recipes.cache.PathChildrenCache.refresh(PathChildrenCache.java:521)
	at org.apache.curator.framework.recipes.cache.RefreshOperation.invoke(RefreshOperation.java:35)
	at org.apache.curator.framework.recipes.cache.PathChildrenCache$9.run(PathChildrenCache.java:786)
	at java.util.concurrent.Executors$RunnableAdapter.call(Executors.java:511)
	at java.util.concurrent.FutureTask.run(FutureTask.java:266)
	at java.util.concurrent.Executors$RunnableAdapter.call(Executors.java:511)
	at java.util.concurrent.FutureTask.run(FutureTask.java:266)
	at java.util.concurrent.ThreadPoolExecutor.runWorker(ThreadPoolExecutor.java:1149)
	at java.util.concurrent.ThreadPoolExecutor$Worker.run(ThreadPoolExecutor.java:624)
	at java.lang.Thread.run(Thread.java:748)
Heap
 PSYoungGen      total 152576K, used 61761K [0x00000000f5980000, 0x0000000100000000, 0x0000000100000000)
  eden space 135168K, 45% used [0x00000000f5980000,0x00000000f9560748,0x00000000fdd80000)
  from space 17408K, 2% used [0x00000000fdd80000,0x00000000fddf0050,0x00000000fee80000)
  to   space 16384K, 0% used [0x00000000ff000000,0x00000000ff000000,0x0000000100000000)
 ParOldGen       total 341504K, used 38938K [0x00000000e0c00000, 0x00000000f5980000, 0x00000000f5980000)
  object space 341504K, 11% used [0x00000000e0c00000,0x00000000e3206858,0x00000000f5980000)
 Metaspace       used 36158K, capacity 37022K, committed 37208K, reserved 1081344K
  class space    used 4978K, capacity 5161K, committed 5248K, reserved 1048576K
