01:12:33,310 |-INFO in ch.qos.logback.classic.LoggerContext[default] - Could NOT find resource [logback-test.xml]
01:12:33,311 |-INFO in ch.qos.logback.classic.LoggerContext[default] - Could NOT find resource [logback.groovy]
01:12:33,311 |-INFO in ch.qos.logback.classic.LoggerContext[default] - Found resource [logback.xml] at [jar:file:/home/nikitasokolov/flamestream/lib/flamestream-runtime-1.0-SNAPSHOT.jar!/logback.xml]
01:12:33,311 |-WARN in ch.qos.logback.classic.LoggerContext[default] - Resource [logback.xml] occurs multiple times on the classpath.
01:12:33,312 |-WARN in ch.qos.logback.classic.LoggerContext[default] - Resource [logback.xml] occurs at [jar:file:/home/nikitasokolov/flamestream/lib/flamestream-runtime-1.0-SNAPSHOT.jar!/logback.xml]
01:12:33,312 |-WARN in ch.qos.logback.classic.LoggerContext[default] - Resource [logback.xml] occurs at [jar:file:/home/nikitasokolov/flamestream/flamestream-runtime-1.0-SNAPSHOT.jar!/logback.xml]
01:12:33,327 |-INFO in ch.qos.logback.core.joran.spi.ConfigurationWatchList@2f7a2457 - URL [jar:file:/home/nikitasokolov/flamestream/lib/flamestream-runtime-1.0-SNAPSHOT.jar!/logback.xml] is not of type file
01:12:33,377 |-INFO in ch.qos.logback.classic.joran.action.ConfigurationAction - debug attribute not set
01:12:33,378 |-INFO in ch.qos.logback.core.joran.action.AppenderAction - About to instantiate appender of type [ch.qos.logback.core.ConsoleAppender]
01:12:33,385 |-INFO in ch.qos.logback.core.joran.action.AppenderAction - Naming appender as [STDOUT]
01:12:33,394 |-INFO in ch.qos.logback.core.joran.action.NestedComplexPropertyIA - Assuming default type [ch.qos.logback.classic.encoder.PatternLayoutEncoder] for [encoder] property
01:12:33,449 |-INFO in ch.qos.logback.core.joran.action.AppenderAction - About to instantiate appender of type [ch.qos.logback.core.rolling.RollingFileAppender]
01:12:33,454 |-INFO in ch.qos.logback.core.joran.action.AppenderAction - Naming appender as [FILE]
01:12:33,476 |-INFO in c.q.l.core.rolling.TimeBasedRollingPolicy@1449621165 - No compression will be used
01:12:33,477 |-INFO in c.q.l.core.rolling.TimeBasedRollingPolicy@1449621165 - Will use the pattern /tmp/application_%d{yyyy-MM-dd}.%i.log for the active file
01:12:33,480 |-INFO in ch.qos.logback.core.rolling.SizeAndTimeBasedFNATP@6108b2d7 - The date pattern is 'yyyy-MM-dd' from file name pattern '/tmp/application_%d{yyyy-MM-dd}.%i.log'.
01:12:33,480 |-INFO in ch.qos.logback.core.rolling.SizeAndTimeBasedFNATP@6108b2d7 - Roll-over at midnight.
01:12:33,484 |-INFO in ch.qos.logback.core.rolling.SizeAndTimeBasedFNATP@6108b2d7 - Setting initial period to Sat Jun 08 01:11:52 MSK 2019
01:12:33,484 |-WARN in ch.qos.logback.core.rolling.SizeAndTimeBasedFNATP@6108b2d7 - SizeAndTimeBasedFNATP is deprecated. Use SizeAndTimeBasedRollingPolicy instead
01:12:33,484 |-WARN in ch.qos.logback.core.rolling.SizeAndTimeBasedFNATP@6108b2d7 - For more information see http://logback.qos.ch/manual/appenders.html#SizeAndTimeBasedRollingPolicy
01:12:33,489 |-INFO in ch.qos.logback.core.joran.action.NestedComplexPropertyIA - Assuming default type [ch.qos.logback.classic.encoder.PatternLayoutEncoder] for [encoder] property
01:12:33,491 |-INFO in ch.qos.logback.core.rolling.RollingFileAppender[FILE] - Active log file name: /tmp/application.log
01:12:33,491 |-INFO in ch.qos.logback.core.rolling.RollingFileAppender[FILE] - File property is set to [/tmp/application.log]
01:12:33,492 |-INFO in ch.qos.logback.classic.joran.action.RootLoggerAction - Setting level of ROOT logger to WARN
01:12:33,492 |-INFO in ch.qos.logback.core.joran.action.AppenderRefAction - Attaching appender named [STDOUT] to Logger[ROOT]
01:12:33,493 |-INFO in ch.qos.logback.core.joran.action.AppenderRefAction - Attaching appender named [FILE] to Logger[ROOT]
01:12:33,493 |-INFO in ch.qos.logback.classic.joran.action.ConfigurationAction - End of configuration.
01:12:33,493 |-INFO in ch.qos.logback.classic.joran.JoranConfigurator@1554909b - Registering current configuration as safe fallback point

2019-06-08T01:12:34.525+0300: 1.416: [GC (Metadata GC Threshold) [PSYoungGen: 110652K->15896K(149504K)] 110652K->15976K(491008K), 0.0215091 secs] [Times: user=0.09 sys=0.02, real=0.02 secs] 
2019-06-08T01:12:34.547+0300: 1.437: [Full GC (Metadata GC Threshold) [PSYoungGen: 15896K->0K(149504K)] [ParOldGen: 80K->15081K(341504K)] 15976K->15081K(491008K), [Metaspace: 20805K->20805K(1067008K)], 0.0282774 secs] [Times: user=0.17 sys=0.01, real=0.03 secs] 
01:12:45.686 [Curator-PathChildrenCache-2] WARN  o.a.c.u.ZKPaths  - The version of ZooKeeper being used doesn't support Container nodes. CreateMode.PERSISTENT will be used instead.
2019-06-08T01:12:46.515+0300: 13.405: [GC (Metadata GC Threshold) [PSYoungGen: 127103K->20987K(149504K)] 142184K->49816K(491008K), 0.0254691 secs] [Times: user=0.28 sys=0.02, real=0.03 secs] 
2019-06-08T01:12:46.540+0300: 13.431: [Full GC (Metadata GC Threshold) [PSYoungGen: 20987K->0K(149504K)] [ParOldGen: 28829K->38771K(341504K)] 49816K->38771K(491008K), [Metaspace: 34552K->34552K(1079296K)], 0.0328931 secs] [Times: user=0.15 sys=0.02, real=0.03 secs] 
2019-06-08T01:12:47.884+0300: 14.774: [GC (Allocation Failure) [PSYoungGen: 128512K->672K(149504K)] 167283K->39451K(491008K), 0.0027861 secs] [Times: user=0.02 sys=0.00, real=0.00 secs] 
2019-06-08T01:12:48.871+0300: 15.762: [GC (Allocation Failure) [PSYoungGen: 129184K->768K(149504K)] 167963K->39555K(491008K), 0.0029689 secs] [Times: user=0.02 sys=0.00, real=0.00 secs] 
2019-06-08T01:12:49.671+0300: 16.562: [GC (Allocation Failure) [PSYoungGen: 129280K->736K(129536K)] 168067K->39531K(471040K), 0.0025756 secs] [Times: user=0.01 sys=0.00, real=0.00 secs] 
2019-06-08T01:12:50.751+0300: 17.642: [GC (Allocation Failure) [PSYoungGen: 129248K->768K(133120K)] 168043K->39571K(474624K), 0.0025805 secs] [Times: user=0.02 sys=0.00, real=0.00 secs] 
2019-06-08T01:12:51.569+0300: 18.459: [GC (Allocation Failure) [PSYoungGen: 94464K->896K(131072K)] 133267K->39707K(472576K), 0.0029960 secs] [Times: user=0.01 sys=0.00, real=0.01 secs] 
2019-06-08T01:12:52.055+0300: 18.946: [GC (Allocation Failure) [PSYoungGen: 94592K->992K(137216K)] 133403K->39811K(478720K), 0.0020015 secs] [Times: user=0.02 sys=0.00, real=0.00 secs] 
2019-06-08T01:12:52.838+0300: 19.728: [GC (Allocation Failure) [PSYoungGen: 102880K->992K(135168K)] 141699K->39819K(476672K), 0.0023785 secs] [Times: user=0.01 sys=0.00, real=0.01 secs] 
2019-06-08T01:12:53.578+0300: 20.468: [GC (Allocation Failure) [PSYoungGen: 102880K->832K(140288K)] 141707K->39659K(481792K), 0.0031432 secs] [Times: user=0.02 sys=0.00, real=0.00 secs] 
2019-06-08T01:12:54.646+0300: 21.537: [GC (Allocation Failure) [PSYoungGen: 109376K->864K(138752K)] 148203K->39691K(480256K), 0.0026877 secs] [Times: user=0.01 sys=0.00, real=0.00 secs] 
2019-06-08T01:12:55.943+0300: 22.833: [GC (Allocation Failure) [PSYoungGen: 109408K->768K(143360K)] 148235K->39603K(484864K), 0.0026240 secs] [Times: user=0.02 sys=0.00, real=0.00 secs] 
01:13:01.662 [Curator-PathChildrenCache-0] ERROR o.a.c.f.r.c.PathChildrenCache  - 
java.lang.IllegalStateException: instance must be started before calling this method
	at org.apache.curator.shaded.com.google.common.base.Preconditions.checkState(Preconditions.java:444)
	at org.apache.curator.framework.imps.CuratorFrameworkImpl.getChildren(CuratorFrameworkImpl.java:456)
	at org.apache.curator.framework.recipes.cache.PathChildrenCache.refresh(PathChildrenCache.java:521)
	at org.apache.curator.framework.recipes.cache.RefreshOperation.invoke(RefreshOperation.java:35)
	at org.apache.curator.framework.recipes.cache.PathChildrenCache$9.run(PathChildrenCache.java:786)
	at java.util.concurrent.Executors$RunnableAdapter.call(Executors.java:511)
	at java.util.concurrent.FutureTask.run(FutureTask.java:266)
	at java.util.concurrent.Executors$RunnableAdapter.call(Executors.java:511)
	at java.util.concurrent.FutureTask.run(FutureTask.java:266)
	at java.util.concurrent.ThreadPoolExecutor.runWorker(ThreadPoolExecutor.java:1149)
	at java.util.concurrent.ThreadPoolExecutor$Worker.run(ThreadPoolExecutor.java:624)
	at java.lang.Thread.run(Thread.java:748)
Heap
 PSYoungGen      total 143360K, used 52554K [0x00000000f5980000, 0x0000000100000000, 0x0000000100000000)
  eden space 114688K, 45% used [0x00000000f5980000,0x00000000f8c129a8,0x00000000fc980000)
  from space 28672K, 2% used [0x00000000fe400000,0x00000000fe4c0050,0x0000000100000000)
  to   space 27136K, 0% used [0x00000000fc980000,0x00000000fc980000,0x00000000fe400000)
 ParOldGen       total 341504K, used 38835K [0x00000000e0c00000, 0x00000000f5980000, 0x00000000f5980000)
  object space 341504K, 11% used [0x00000000e0c00000,0x00000000e31ecd50,0x00000000f5980000)
 Metaspace       used 35802K, capacity 36656K, committed 36952K, reserved 1081344K
  class space    used 4945K, capacity 5136K, committed 5248K, reserved 1048576K
