15:36:54,807 |-INFO in ch.qos.logback.classic.LoggerContext[default] - Could NOT find resource [logback-test.xml]
15:36:54,807 |-INFO in ch.qos.logback.classic.LoggerContext[default] - Could NOT find resource [logback.groovy]
15:36:54,808 |-INFO in ch.qos.logback.classic.LoggerContext[default] - Found resource [logback.xml] at [jar:file:/root/flamestream/lib/flamestream-runtime-1.0-SNAPSHOT.jar!/logback.xml]
15:36:54,809 |-WARN in ch.qos.logback.classic.LoggerContext[default] - Resource [logback.xml] occurs multiple times on the classpath.
15:36:54,809 |-WARN in ch.qos.logback.classic.LoggerContext[default] - Resource [logback.xml] occurs at [jar:file:/root/flamestream/lib/flamestream-runtime-1.0-SNAPSHOT.jar!/logback.xml]
15:36:54,809 |-WARN in ch.qos.logback.classic.LoggerContext[default] - Resource [logback.xml] occurs at [jar:file:/root/flamestream/flamestream-runtime-1.0-SNAPSHOT.jar!/logback.xml]
15:36:54,827 |-INFO in ch.qos.logback.core.joran.spi.ConfigurationWatchList@3fb6a447 - URL [jar:file:/root/flamestream/lib/flamestream-runtime-1.0-SNAPSHOT.jar!/logback.xml] is not of type file
15:36:54,900 |-INFO in ch.qos.logback.classic.joran.action.ConfigurationAction - debug attribute not set
15:36:54,900 |-INFO in ch.qos.logback.core.joran.action.AppenderAction - About to instantiate appender of type [ch.qos.logback.core.ConsoleAppender]
15:36:54,917 |-INFO in ch.qos.logback.core.joran.action.AppenderAction - Naming appender as [STDOUT]
15:36:54,931 |-INFO in ch.qos.logback.core.joran.action.NestedComplexPropertyIA - Assuming default type [ch.qos.logback.classic.encoder.PatternLayoutEncoder] for [encoder] property
15:36:55,018 |-INFO in ch.qos.logback.core.joran.action.AppenderAction - About to instantiate appender of type [ch.qos.logback.core.rolling.RollingFileAppender]
15:36:55,022 |-INFO in ch.qos.logback.core.joran.action.AppenderAction - Naming appender as [FILE]
15:36:55,054 |-INFO in c.q.l.core.rolling.TimeBasedRollingPolicy@127618319 - No compression will be used
15:36:55,055 |-INFO in c.q.l.core.rolling.TimeBasedRollingPolicy@127618319 - Will use the pattern /tmp/application_%d{yyyy-MM-dd}.%i.log for the active file
15:36:55,058 |-INFO in ch.qos.logback.core.rolling.SizeAndTimeBasedFNATP@6b2fad11 - The date pattern is 'yyyy-MM-dd' from file name pattern '/tmp/application_%d{yyyy-MM-dd}.%i.log'.
15:36:55,058 |-INFO in ch.qos.logback.core.rolling.SizeAndTimeBasedFNATP@6b2fad11 - Roll-over at midnight.
15:36:55,063 |-INFO in ch.qos.logback.core.rolling.SizeAndTimeBasedFNATP@6b2fad11 - Setting initial period to Mon Jun 10 15:35:35 UTC 2019
15:36:55,063 |-WARN in ch.qos.logback.core.rolling.SizeAndTimeBasedFNATP@6b2fad11 - SizeAndTimeBasedFNATP is deprecated. Use SizeAndTimeBasedRollingPolicy instead
15:36:55,063 |-WARN in ch.qos.logback.core.rolling.SizeAndTimeBasedFNATP@6b2fad11 - For more information see http://logback.qos.ch/manual/appenders.html#SizeAndTimeBasedRollingPolicy
15:36:55,067 |-INFO in ch.qos.logback.core.joran.action.NestedComplexPropertyIA - Assuming default type [ch.qos.logback.classic.encoder.PatternLayoutEncoder] for [encoder] property
15:36:55,072 |-INFO in ch.qos.logback.core.rolling.RollingFileAppender[FILE] - Active log file name: /tmp/application.log
15:36:55,072 |-INFO in ch.qos.logback.core.rolling.RollingFileAppender[FILE] - File property is set to [/tmp/application.log]
15:36:55,073 |-INFO in ch.qos.logback.classic.joran.action.RootLoggerAction - Setting level of ROOT logger to WARN
15:36:55,073 |-INFO in ch.qos.logback.core.joran.action.AppenderRefAction - Attaching appender named [STDOUT] to Logger[ROOT]
15:36:55,075 |-INFO in ch.qos.logback.core.joran.action.AppenderRefAction - Attaching appender named [FILE] to Logger[ROOT]
15:36:55,075 |-INFO in ch.qos.logback.classic.joran.action.ConfigurationAction - End of configuration.
15:36:55,075 |-INFO in ch.qos.logback.classic.joran.JoranConfigurator@79698539 - Registering current configuration as safe fallback point

Ama winner
Ama winner
2019-06-10T15:36:56.379+0000: 1.758: [Full GC (Metadata GC Threshold) 2019-06-10T15:36:56.379+0000: 1.758: [Tenured: 0K->15208K(341376K), 0.0394717 secs] 114924K->15208K(494976K), [Metaspace: 20737K->20737K(1067008K)], 0.0395366 secs] [Times: user=0.04 sys=0.00, real=0.04 secs] 
15:37:08.653 [Curator-PathChildrenCache-1] WARN  o.a.c.u.ZKPaths  - The version of ZooKeeper being used doesn't support Container nodes. CreateMode.PERSISTENT will be used instead.
2019-06-10T15:37:11.052+0000: 16.431: [GC (Allocation Failure) 2019-06-10T15:37:11.053+0000: 16.431: [DefNew: 136576K->17023K(153600K), 0.0288158 secs] 151784K->52828K(494976K), 0.0288892 secs] [Times: user=0.02 sys=0.01, real=0.03 secs] 
2019-06-10T15:37:12.642+0000: 18.021: [Full GC (Metadata GC Threshold) 2019-06-10T15:37:12.642+0000: 18.021: [Tenured: 35804K->44679K(341376K), 0.0401724 secs] 85515K->44679K(494976K), [Metaspace: 34574K->34574K(1079296K)], 0.0402511 secs] [Times: user=0.03 sys=0.00, real=0.04 secs] 
2019-06-10T15:37:19.499+0000: 24.878: [GC (Allocation Failure) 2019-06-10T15:37:19.499+0000: 24.878: [DefNew: 136576K->98K(153600K), 0.0019267 secs] 181255K->44777K(494976K), 0.0020006 secs] [Times: user=0.00 sys=0.00, real=0.00 secs] 
2019-06-10T15:37:26.396+0000: 31.775: [GC (Allocation Failure) 2019-06-10T15:37:26.396+0000: 31.775: [DefNew: 136674K->133K(153600K), 0.0017569 secs] 181353K->44812K(494976K), 0.0018255 secs] [Times: user=0.01 sys=0.00, real=0.00 secs] 
2019-06-10T15:37:33.365+0000: 38.744: [GC (Allocation Failure) 2019-06-10T15:37:33.366+0000: 38.744: [DefNew: 136709K->173K(153600K), 0.0017869 secs] 181388K->44852K(494976K), 0.0018600 secs] [Times: user=0.00 sys=0.00, real=0.00 secs] 
2019-06-10T15:37:40.257+0000: 45.636: [GC (Allocation Failure) 2019-06-10T15:37:40.257+0000: 45.636: [DefNew: 136749K->172K(153600K), 0.0018325 secs] 181428K->44851K(494976K), 0.0018908 secs] [Times: user=0.00 sys=0.00, real=0.00 secs] 
2019-06-10T15:37:47.287+0000: 52.665: [GC (Allocation Failure) 2019-06-10T15:37:47.287+0000: 52.665: [DefNew: 136748K->170K(153600K), 0.0018372 secs] 181427K->44849K(494976K), 0.0018981 secs] [Times: user=0.00 sys=0.00, real=0.00 secs] 
15:37:56.973 [Curator-PathChildrenCache-0] ERROR o.a.c.f.r.c.PathChildrenCache  - 
java.lang.IllegalStateException: instance must be started before calling this method
	at org.apache.curator.shaded.com.google.common.base.Preconditions.checkState(Preconditions.java:444)
	at org.apache.curator.framework.imps.CuratorFrameworkImpl.getChildren(CuratorFrameworkImpl.java:456)
	at org.apache.curator.framework.recipes.cache.PathChildrenCache.refresh(PathChildrenCache.java:521)
	at org.apache.curator.framework.recipes.cache.RefreshOperation.invoke(RefreshOperation.java:35)
	at org.apache.curator.framework.recipes.cache.PathChildrenCache$9.run(PathChildrenCache.java:786)
	at java.util.concurrent.Executors$RunnableAdapter.call(Executors.java:511)
	at java.util.concurrent.FutureTask.run(FutureTask.java:266)
	at java.util.concurrent.Executors$RunnableAdapter.call(Executors.java:511)
	at java.util.concurrent.FutureTask.run(FutureTask.java:266)
	at java.util.concurrent.ThreadPoolExecutor.runWorker(ThreadPoolExecutor.java:1149)
	at java.util.concurrent.ThreadPoolExecutor$Worker.run(ThreadPoolExecutor.java:624)
	at java.lang.Thread.run(Thread.java:748)
Heap
 def new generation   total 153600K, used 78522K [0x00000000e0c00000, 0x00000000eb2a0000, 0x00000000eb2a0000)
  eden space 136576K,  57% used [0x00000000e0c00000, 0x00000000e5883fb0, 0x00000000e9160000)
  from space 17024K,   0% used [0x00000000e9160000, 0x00000000e918a8a0, 0x00000000ea200000)
  to   space 17024K,   0% used [0x00000000ea200000, 0x00000000ea200000, 0x00000000eb2a0000)
 tenured generation   total 341376K, used 44679K [0x00000000eb2a0000, 0x0000000100000000, 0x0000000100000000)
   the space 341376K,  13% used [0x00000000eb2a0000, 0x00000000ede41c70, 0x00000000ede41e00, 0x0000000100000000)
 Metaspace       used 36156K, capacity 37056K, committed 37376K, reserved 1081344K
  class space    used 4859K, capacity 5074K, committed 5120K, reserved 1048576K
