19:56:40,443 |-INFO in ch.qos.logback.classic.LoggerContext[default] - Could NOT find resource [logback-test.xml]
19:56:40,443 |-INFO in ch.qos.logback.classic.LoggerContext[default] - Could NOT find resource [logback.groovy]
19:56:40,443 |-INFO in ch.qos.logback.classic.LoggerContext[default] - Found resource [logback.xml] at [jar:file:/root/flamestream/lib/flamestream-runtime-1.0-SNAPSHOT.jar!/logback.xml]
19:56:40,444 |-WARN in ch.qos.logback.classic.LoggerContext[default] - Resource [logback.xml] occurs multiple times on the classpath.
19:56:40,444 |-WARN in ch.qos.logback.classic.LoggerContext[default] - Resource [logback.xml] occurs at [jar:file:/root/flamestream/lib/flamestream-runtime-1.0-SNAPSHOT.jar!/logback.xml]
19:56:40,444 |-WARN in ch.qos.logback.classic.LoggerContext[default] - Resource [logback.xml] occurs at [jar:file:/root/flamestream/flamestream-runtime-1.0-SNAPSHOT.jar!/logback.xml]
19:56:40,469 |-INFO in ch.qos.logback.core.joran.spi.ConfigurationWatchList@3fb6a447 - URL [jar:file:/root/flamestream/lib/flamestream-runtime-1.0-SNAPSHOT.jar!/logback.xml] is not of type file
19:56:40,542 |-INFO in ch.qos.logback.classic.joran.action.ConfigurationAction - debug attribute not set
19:56:40,543 |-INFO in ch.qos.logback.core.joran.action.AppenderAction - About to instantiate appender of type [ch.qos.logback.core.ConsoleAppender]
19:56:40,565 |-INFO in ch.qos.logback.core.joran.action.AppenderAction - Naming appender as [STDOUT]
19:56:40,583 |-INFO in ch.qos.logback.core.joran.action.NestedComplexPropertyIA - Assuming default type [ch.qos.logback.classic.encoder.PatternLayoutEncoder] for [encoder] property
19:56:40,669 |-INFO in ch.qos.logback.core.joran.action.AppenderAction - About to instantiate appender of type [ch.qos.logback.core.rolling.RollingFileAppender]
19:56:40,674 |-INFO in ch.qos.logback.core.joran.action.AppenderAction - Naming appender as [FILE]
19:56:40,705 |-INFO in c.q.l.core.rolling.TimeBasedRollingPolicy@127618319 - No compression will be used
19:56:40,706 |-INFO in c.q.l.core.rolling.TimeBasedRollingPolicy@127618319 - Will use the pattern /tmp/application_%d{yyyy-MM-dd}.%i.log for the active file
19:56:40,709 |-INFO in ch.qos.logback.core.rolling.SizeAndTimeBasedFNATP@6b2fad11 - The date pattern is 'yyyy-MM-dd' from file name pattern '/tmp/application_%d{yyyy-MM-dd}.%i.log'.
19:56:40,709 |-INFO in ch.qos.logback.core.rolling.SizeAndTimeBasedFNATP@6b2fad11 - Roll-over at midnight.
19:56:40,715 |-INFO in ch.qos.logback.core.rolling.SizeAndTimeBasedFNATP@6b2fad11 - Setting initial period to Mon Jun 10 19:55:14 UTC 2019
19:56:40,715 |-WARN in ch.qos.logback.core.rolling.SizeAndTimeBasedFNATP@6b2fad11 - SizeAndTimeBasedFNATP is deprecated. Use SizeAndTimeBasedRollingPolicy instead
19:56:40,715 |-WARN in ch.qos.logback.core.rolling.SizeAndTimeBasedFNATP@6b2fad11 - For more information see http://logback.qos.ch/manual/appenders.html#SizeAndTimeBasedRollingPolicy
19:56:40,719 |-INFO in ch.qos.logback.core.joran.action.NestedComplexPropertyIA - Assuming default type [ch.qos.logback.classic.encoder.PatternLayoutEncoder] for [encoder] property
19:56:40,724 |-INFO in ch.qos.logback.core.rolling.RollingFileAppender[FILE] - Active log file name: /tmp/application.log
19:56:40,724 |-INFO in ch.qos.logback.core.rolling.RollingFileAppender[FILE] - File property is set to [/tmp/application.log]
19:56:40,725 |-INFO in ch.qos.logback.classic.joran.action.RootLoggerAction - Setting level of ROOT logger to WARN
19:56:40,725 |-INFO in ch.qos.logback.core.joran.action.AppenderRefAction - Attaching appender named [STDOUT] to Logger[ROOT]
19:56:40,727 |-INFO in ch.qos.logback.core.joran.action.AppenderRefAction - Attaching appender named [FILE] to Logger[ROOT]
19:56:40,727 |-INFO in ch.qos.logback.classic.joran.action.ConfigurationAction - End of configuration.
19:56:40,727 |-INFO in ch.qos.logback.classic.joran.JoranConfigurator@79698539 - Registering current configuration as safe fallback point

Ama winner
Ama winner
2019-06-10T19:56:42.005+0000: 1.748: [Full GC (Metadata GC Threshold) 2019-06-10T19:56:42.005+0000: 1.748: [Tenured: 0K->15144K(341376K), 0.0345954 secs] 114923K->15144K(494976K), [Metaspace: 20735K->20735K(1067008K)], 0.0346612 secs] [Times: user=0.03 sys=0.00, real=0.03 secs] 
19:56:54.807 [Curator-PathChildrenCache-1] WARN  o.a.c.u.ZKPaths  - The version of ZooKeeper being used doesn't support Container nodes. CreateMode.PERSISTENT will be used instead.
2019-06-10T19:56:57.149+0000: 16.892: [GC (Allocation Failure) 2019-06-10T19:56:57.150+0000: 16.892: [DefNew: 136576K->17023K(153600K), 0.0267779 secs] 151720K->52676K(494976K), 0.0268490 secs] [Times: user=0.02 sys=0.00, real=0.03 secs] 
2019-06-10T19:57:00.621+0000: 20.364: [Full GC (Metadata GC Threshold) 2019-06-10T19:57:00.621+0000: 20.364: [Tenured: 35652K->44224K(341376K), 0.0458885 secs] 109069K->44224K(494976K), [Metaspace: 34594K->34594K(1079296K)], 0.0459812 secs] [Times: user=0.04 sys=0.00, real=0.05 secs] 
2019-06-10T19:57:09.624+0000: 29.367: [GC (Allocation Failure) 2019-06-10T19:57:09.624+0000: 29.367: [DefNew: 136576K->58K(153600K), 0.0017789 secs] 180800K->44282K(494976K), 0.0018404 secs] [Times: user=0.00 sys=0.00, real=0.01 secs] 
2019-06-10T19:57:18.719+0000: 38.462: [GC (Allocation Failure) 2019-06-10T19:57:18.719+0000: 38.462: [DefNew: 136634K->55K(153600K), 0.0017366 secs] 180858K->44279K(494976K), 0.0017981 secs] [Times: user=0.00 sys=0.00, real=0.00 secs] 
2019-06-10T19:57:27.939+0000: 47.681: [GC (Allocation Failure) 2019-06-10T19:57:27.939+0000: 47.681: [DefNew: 136631K->55K(153600K), 0.0017221 secs] 180855K->44279K(494976K), 0.0017942 secs] [Times: user=0.00 sys=0.00, real=0.00 secs] 
2019-06-10T19:57:37.180+0000: 56.923: [GC (Allocation Failure) 2019-06-10T19:57:37.180+0000: 56.923: [DefNew: 136631K->236K(153600K), 0.0019819 secs] 180855K->44460K(494976K), 0.0020433 secs] [Times: user=0.00 sys=0.00, real=0.00 secs] 
2019-06-10T19:57:47.435+0000: 67.178: [GC (Allocation Failure) 2019-06-10T19:57:47.435+0000: 67.178: [DefNew: 136812K->255K(153600K), 0.0019709 secs] 181036K->44479K(494976K), 0.0020343 secs] [Times: user=0.01 sys=0.00, real=0.01 secs] 
2019-06-10T19:57:58.820+0000: 78.563: [GC (Allocation Failure) 2019-06-10T19:57:58.821+0000: 78.563: [DefNew: 136831K->136K(153600K), 0.0019409 secs] 181055K->44360K(494976K), 0.0020232 secs] [Times: user=0.00 sys=0.00, real=0.00 secs] 
19:58:12.249 [Curator-PathChildrenCache-0] ERROR o.a.c.f.r.c.PathChildrenCache  - 
java.lang.IllegalStateException: instance must be started before calling this method
	at org.apache.curator.shaded.com.google.common.base.Preconditions.checkState(Preconditions.java:444)
	at org.apache.curator.framework.imps.CuratorFrameworkImpl.getChildren(CuratorFrameworkImpl.java:456)
	at org.apache.curator.framework.recipes.cache.PathChildrenCache.refresh(PathChildrenCache.java:521)
	at org.apache.curator.framework.recipes.cache.RefreshOperation.invoke(RefreshOperation.java:35)
	at org.apache.curator.framework.recipes.cache.PathChildrenCache$9.run(PathChildrenCache.java:786)
	at java.util.concurrent.Executors$RunnableAdapter.call(Executors.java:511)
	at java.util.concurrent.FutureTask.run(FutureTask.java:266)
	at java.util.concurrent.Executors$RunnableAdapter.call(Executors.java:511)
	at java.util.concurrent.FutureTask.run(FutureTask.java:266)
	at java.util.concurrent.ThreadPoolExecutor.runWorker(ThreadPoolExecutor.java:1149)
	at java.util.concurrent.ThreadPoolExecutor$Worker.run(ThreadPoolExecutor.java:624)
	at java.lang.Thread.run(Thread.java:748)
Heap
 def new generation   total 153600K, used 58097K [0x00000000e0c00000, 0x00000000eb2a0000, 0x00000000eb2a0000)
  eden space 136576K,  42% used [0x00000000e0c00000, 0x00000000e449a1c0, 0x00000000e9160000)
  from space 17024K,   0% used [0x00000000ea200000, 0x00000000ea222398, 0x00000000eb2a0000)
  to   space 17024K,   0% used [0x00000000e9160000, 0x00000000e9160000, 0x00000000ea200000)
 tenured generation   total 341376K, used 44224K [0x00000000eb2a0000, 0x0000000100000000, 0x0000000100000000)
   the space 341376K,  12% used [0x00000000eb2a0000, 0x00000000eddd0050, 0x00000000eddd0200, 0x0000000100000000)
 Metaspace       used 36115K, capacity 36992K, committed 37120K, reserved 1081344K
  class space    used 4867K, capacity 5074K, committed 5120K, reserved 1048576K
