19:08:57,224 |-INFO in ch.qos.logback.classic.LoggerContext[default] - Could NOT find resource [logback-test.xml]
19:08:57,224 |-INFO in ch.qos.logback.classic.LoggerContext[default] - Could NOT find resource [logback.groovy]
19:08:57,224 |-INFO in ch.qos.logback.classic.LoggerContext[default] - Found resource [logback.xml] at [jar:file:/root/flamestream/lib/flamestream-runtime-1.0-SNAPSHOT.jar!/logback.xml]
19:08:57,225 |-WARN in ch.qos.logback.classic.LoggerContext[default] - Resource [logback.xml] occurs multiple times on the classpath.
19:08:57,225 |-WARN in ch.qos.logback.classic.LoggerContext[default] - Resource [logback.xml] occurs at [jar:file:/root/flamestream/lib/flamestream-runtime-1.0-SNAPSHOT.jar!/logback.xml]
19:08:57,225 |-WARN in ch.qos.logback.classic.LoggerContext[default] - Resource [logback.xml] occurs at [jar:file:/root/flamestream/flamestream-runtime-1.0-SNAPSHOT.jar!/logback.xml]
19:08:57,246 |-INFO in ch.qos.logback.core.joran.spi.ConfigurationWatchList@3fb6a447 - URL [jar:file:/root/flamestream/lib/flamestream-runtime-1.0-SNAPSHOT.jar!/logback.xml] is not of type file
19:08:57,313 |-INFO in ch.qos.logback.classic.joran.action.ConfigurationAction - debug attribute not set
19:08:57,314 |-INFO in ch.qos.logback.core.joran.action.AppenderAction - About to instantiate appender of type [ch.qos.logback.core.ConsoleAppender]
19:08:57,329 |-INFO in ch.qos.logback.core.joran.action.AppenderAction - Naming appender as [STDOUT]
19:08:57,348 |-INFO in ch.qos.logback.core.joran.action.NestedComplexPropertyIA - Assuming default type [ch.qos.logback.classic.encoder.PatternLayoutEncoder] for [encoder] property
19:08:57,439 |-INFO in ch.qos.logback.core.joran.action.AppenderAction - About to instantiate appender of type [ch.qos.logback.core.rolling.RollingFileAppender]
19:08:57,444 |-INFO in ch.qos.logback.core.joran.action.AppenderAction - Naming appender as [FILE]
19:08:57,474 |-INFO in c.q.l.core.rolling.TimeBasedRollingPolicy@127618319 - No compression will be used
19:08:57,475 |-INFO in c.q.l.core.rolling.TimeBasedRollingPolicy@127618319 - Will use the pattern /tmp/application_%d{yyyy-MM-dd}.%i.log for the active file
19:08:57,478 |-INFO in ch.qos.logback.core.rolling.SizeAndTimeBasedFNATP@6b2fad11 - The date pattern is 'yyyy-MM-dd' from file name pattern '/tmp/application_%d{yyyy-MM-dd}.%i.log'.
19:08:57,478 |-INFO in ch.qos.logback.core.rolling.SizeAndTimeBasedFNATP@6b2fad11 - Roll-over at midnight.
19:08:57,483 |-INFO in ch.qos.logback.core.rolling.SizeAndTimeBasedFNATP@6b2fad11 - Setting initial period to Mon Jun 10 19:07:21 UTC 2019
19:08:57,483 |-WARN in ch.qos.logback.core.rolling.SizeAndTimeBasedFNATP@6b2fad11 - SizeAndTimeBasedFNATP is deprecated. Use SizeAndTimeBasedRollingPolicy instead
19:08:57,483 |-WARN in ch.qos.logback.core.rolling.SizeAndTimeBasedFNATP@6b2fad11 - For more information see http://logback.qos.ch/manual/appenders.html#SizeAndTimeBasedRollingPolicy
19:08:57,487 |-INFO in ch.qos.logback.core.joran.action.NestedComplexPropertyIA - Assuming default type [ch.qos.logback.classic.encoder.PatternLayoutEncoder] for [encoder] property
19:08:57,492 |-INFO in ch.qos.logback.core.rolling.RollingFileAppender[FILE] - Active log file name: /tmp/application.log
19:08:57,492 |-INFO in ch.qos.logback.core.rolling.RollingFileAppender[FILE] - File property is set to [/tmp/application.log]
19:08:57,493 |-INFO in ch.qos.logback.classic.joran.action.RootLoggerAction - Setting level of ROOT logger to WARN
19:08:57,493 |-INFO in ch.qos.logback.core.joran.action.AppenderRefAction - Attaching appender named [STDOUT] to Logger[ROOT]
19:08:57,495 |-INFO in ch.qos.logback.core.joran.action.AppenderRefAction - Attaching appender named [FILE] to Logger[ROOT]
19:08:57,495 |-INFO in ch.qos.logback.classic.joran.action.ConfigurationAction - End of configuration.
19:08:57,496 |-INFO in ch.qos.logback.classic.joran.JoranConfigurator@79698539 - Registering current configuration as safe fallback point

Ama winner
Ama winner
2019-06-10T19:08:58.783+0000: 1.746: [Full GC (Metadata GC Threshold) 2019-06-10T19:08:58.783+0000: 1.746: [Tenured: 0K->15177K(341376K), 0.0409920 secs] 114987K->15177K(494976K), [Metaspace: 20737K->20737K(1067008K)], 0.0410614 secs] [Times: user=0.03 sys=0.00, real=0.04 secs] 
19:09:19.572 [Curator-PathChildrenCache-1] WARN  o.a.c.u.ZKPaths  - The version of ZooKeeper being used doesn't support Container nodes. CreateMode.PERSISTENT will be used instead.
2019-06-10T19:09:22.027+0000: 24.991: [GC (Allocation Failure) 2019-06-10T19:09:22.027+0000: 24.991: [DefNew: 136576K->17024K(153600K), 0.0296540 secs] 151753K->52574K(494976K), 0.0297389 secs] [Times: user=0.02 sys=0.02, real=0.03 secs] 
2019-06-10T19:09:24.206+0000: 27.170: [Full GC (Metadata GC Threshold) 2019-06-10T19:09:24.207+0000: 27.170: [Tenured: 35550K->43916K(341376K), 0.0444923 secs] 95249K->43916K(494976K), [Metaspace: 34601K->34601K(1079296K)], 0.0445725 secs] [Times: user=0.04 sys=0.00, real=0.05 secs] 
2019-06-10T19:09:32.114+0000: 35.077: [GC (Allocation Failure) 2019-06-10T19:09:32.114+0000: 35.077: [DefNew: 136576K->59K(153600K), 0.0018213 secs] 180492K->43976K(494976K), 0.0018795 secs] [Times: user=0.00 sys=0.00, real=0.00 secs] 
2019-06-10T19:09:40.110+0000: 43.073: [GC (Allocation Failure) 2019-06-10T19:09:40.110+0000: 43.073: [DefNew: 136635K->64K(153600K), 0.0016945 secs] 180552K->43981K(494976K), 0.0017544 secs] [Times: user=0.01 sys=0.00, real=0.01 secs] 
2019-06-10T19:09:48.220+0000: 51.183: [GC (Allocation Failure) 2019-06-10T19:09:48.220+0000: 51.183: [DefNew: 136640K->64K(153600K), 0.0017276 secs] 180557K->43981K(494976K), 0.0017950 secs] [Times: user=0.00 sys=0.00, real=0.00 secs] 
2019-06-10T19:09:56.332+0000: 59.295: [GC (Allocation Failure) 2019-06-10T19:09:56.332+0000: 59.295: [DefNew: 136640K->64K(153600K), 0.0017979 secs] 180557K->43981K(494976K), 0.0018615 secs] [Times: user=0.00 sys=0.00, real=0.00 secs] 
2019-06-10T19:10:05.343+0000: 68.307: [GC (Allocation Failure) 2019-06-10T19:10:05.343+0000: 68.307: [DefNew: 136640K->394K(153600K), 0.0022266 secs] 180557K->44310K(494976K), 0.0022893 secs] [Times: user=0.00 sys=0.00, real=0.00 secs] 
19:10:24.683 [Curator-PathChildrenCache-0] ERROR o.a.c.f.r.c.PathChildrenCache  - 
java.lang.IllegalStateException: instance must be started before calling this method
	at org.apache.curator.shaded.com.google.common.base.Preconditions.checkState(Preconditions.java:444)
	at org.apache.curator.framework.imps.CuratorFrameworkImpl.getChildren(CuratorFrameworkImpl.java:456)
	at org.apache.curator.framework.recipes.cache.PathChildrenCache.refresh(PathChildrenCache.java:521)
	at org.apache.curator.framework.recipes.cache.RefreshOperation.invoke(RefreshOperation.java:35)
	at org.apache.curator.framework.recipes.cache.PathChildrenCache$9.run(PathChildrenCache.java:786)
	at java.util.concurrent.Executors$RunnableAdapter.call(Executors.java:511)
	at java.util.concurrent.FutureTask.run(FutureTask.java:266)
	at java.util.concurrent.Executors$RunnableAdapter.call(Executors.java:511)
	at java.util.concurrent.FutureTask.run(FutureTask.java:266)
	at java.util.concurrent.ThreadPoolExecutor.runWorker(ThreadPoolExecutor.java:1149)
	at java.util.concurrent.ThreadPoolExecutor$Worker.run(ThreadPoolExecutor.java:624)
	at java.lang.Thread.run(Thread.java:748)
2019-06-10T19:10:25.225+0000: 88.188: [GC (Allocation Failure) 2019-06-10T19:10:25.225+0000: 88.188: [DefNew: 136970K->852K(153600K), 0.0030998 secs] 180886K->44769K(494976K), 0.0031641 secs] [Times: user=0.00 sys=0.00, real=0.00 secs] 
Heap
 def new generation   total 153600K, used 11395K [0x00000000e0c00000, 0x00000000eb2a0000, 0x00000000eb2a0000)
  eden space 136576K,   7% used [0x00000000e0c00000, 0x00000000e164bb28, 0x00000000e9160000)
  from space 17024K,   5% used [0x00000000ea200000, 0x00000000ea2d50e0, 0x00000000eb2a0000)
  to   space 17024K,   0% used [0x00000000e9160000, 0x00000000e9160000, 0x00000000ea200000)
 tenured generation   total 341376K, used 43916K [0x00000000eb2a0000, 0x0000000100000000, 0x0000000100000000)
   the space 341376K,  12% used [0x00000000eb2a0000, 0x00000000edd833a0, 0x00000000edd83400, 0x0000000100000000)
 Metaspace       used 36172K, capacity 37062K, committed 37376K, reserved 1081344K
  class space    used 4872K, capacity 5075K, committed 5120K, reserved 1048576K
