16:38:55,587 |-INFO in ch.qos.logback.classic.LoggerContext[default] - Could NOT find resource [logback-test.xml]
16:38:55,588 |-INFO in ch.qos.logback.classic.LoggerContext[default] - Could NOT find resource [logback.groovy]
16:38:55,588 |-INFO in ch.qos.logback.classic.LoggerContext[default] - Found resource [logback.xml] at [jar:file:/root/flamestream/lib/flamestream-runtime-1.0-SNAPSHOT.jar!/logback.xml]
16:38:55,588 |-WARN in ch.qos.logback.classic.LoggerContext[default] - Resource [logback.xml] occurs multiple times on the classpath.
16:38:55,588 |-WARN in ch.qos.logback.classic.LoggerContext[default] - Resource [logback.xml] occurs at [jar:file:/root/flamestream/lib/flamestream-runtime-1.0-SNAPSHOT.jar!/logback.xml]
16:38:55,588 |-WARN in ch.qos.logback.classic.LoggerContext[default] - Resource [logback.xml] occurs at [jar:file:/root/flamestream/flamestream-runtime-1.0-SNAPSHOT.jar!/logback.xml]
16:38:55,612 |-INFO in ch.qos.logback.core.joran.spi.ConfigurationWatchList@3fb6a447 - URL [jar:file:/root/flamestream/lib/flamestream-runtime-1.0-SNAPSHOT.jar!/logback.xml] is not of type file
16:38:55,688 |-INFO in ch.qos.logback.classic.joran.action.ConfigurationAction - debug attribute not set
16:38:55,688 |-INFO in ch.qos.logback.core.joran.action.AppenderAction - About to instantiate appender of type [ch.qos.logback.core.ConsoleAppender]
16:38:55,704 |-INFO in ch.qos.logback.core.joran.action.AppenderAction - Naming appender as [STDOUT]
16:38:55,724 |-INFO in ch.qos.logback.core.joran.action.NestedComplexPropertyIA - Assuming default type [ch.qos.logback.classic.encoder.PatternLayoutEncoder] for [encoder] property
16:38:55,805 |-INFO in ch.qos.logback.core.joran.action.AppenderAction - About to instantiate appender of type [ch.qos.logback.core.rolling.RollingFileAppender]
16:38:55,810 |-INFO in ch.qos.logback.core.joran.action.AppenderAction - Naming appender as [FILE]
16:38:55,841 |-INFO in c.q.l.core.rolling.TimeBasedRollingPolicy@127618319 - No compression will be used
16:38:55,843 |-INFO in c.q.l.core.rolling.TimeBasedRollingPolicy@127618319 - Will use the pattern /tmp/application_%d{yyyy-MM-dd}.%i.log for the active file
16:38:55,846 |-INFO in ch.qos.logback.core.rolling.SizeAndTimeBasedFNATP@6b2fad11 - The date pattern is 'yyyy-MM-dd' from file name pattern '/tmp/application_%d{yyyy-MM-dd}.%i.log'.
16:38:55,846 |-INFO in ch.qos.logback.core.rolling.SizeAndTimeBasedFNATP@6b2fad11 - Roll-over at midnight.
16:38:55,851 |-INFO in ch.qos.logback.core.rolling.SizeAndTimeBasedFNATP@6b2fad11 - Setting initial period to Mon Jun 10 16:37:20 UTC 2019
16:38:55,851 |-WARN in ch.qos.logback.core.rolling.SizeAndTimeBasedFNATP@6b2fad11 - SizeAndTimeBasedFNATP is deprecated. Use SizeAndTimeBasedRollingPolicy instead
16:38:55,851 |-WARN in ch.qos.logback.core.rolling.SizeAndTimeBasedFNATP@6b2fad11 - For more information see http://logback.qos.ch/manual/appenders.html#SizeAndTimeBasedRollingPolicy
16:38:55,855 |-INFO in ch.qos.logback.core.joran.action.NestedComplexPropertyIA - Assuming default type [ch.qos.logback.classic.encoder.PatternLayoutEncoder] for [encoder] property
16:38:55,860 |-INFO in ch.qos.logback.core.rolling.RollingFileAppender[FILE] - Active log file name: /tmp/application.log
16:38:55,860 |-INFO in ch.qos.logback.core.rolling.RollingFileAppender[FILE] - File property is set to [/tmp/application.log]
16:38:55,861 |-INFO in ch.qos.logback.classic.joran.action.RootLoggerAction - Setting level of ROOT logger to WARN
16:38:55,861 |-INFO in ch.qos.logback.core.joran.action.AppenderRefAction - Attaching appender named [STDOUT] to Logger[ROOT]
16:38:55,863 |-INFO in ch.qos.logback.core.joran.action.AppenderRefAction - Attaching appender named [FILE] to Logger[ROOT]
16:38:55,863 |-INFO in ch.qos.logback.classic.joran.action.ConfigurationAction - End of configuration.
16:38:55,864 |-INFO in ch.qos.logback.classic.joran.JoranConfigurator@79698539 - Registering current configuration as safe fallback point

Ama winner
Ama winner
2019-06-10T16:38:57.191+0000: 1.789: [Full GC (Metadata GC Threshold) 2019-06-10T16:38:57.191+0000: 1.789: [Tenured: 0K->15241K(341376K), 0.0362096 secs] 117750K->15241K(494976K), [Metaspace: 20729K->20729K(1067008K)], 0.0362776 secs] [Times: user=0.03 sys=0.01, real=0.04 secs] 
16:39:18.598 [Curator-PathChildrenCache-2] WARN  o.a.c.u.ZKPaths  - The version of ZooKeeper being used doesn't support Container nodes. CreateMode.PERSISTENT will be used instead.
2019-06-10T16:39:21.029+0000: 25.628: [GC (Allocation Failure) 2019-06-10T16:39:21.029+0000: 25.628: [DefNew: 136576K->17023K(153600K), 0.0265426 secs] 151817K->52812K(494976K), 0.0266108 secs] [Times: user=0.02 sys=0.01, real=0.02 secs] 
2019-06-10T16:39:21.395+0000: 25.993: [Full GC (Metadata GC Threshold) 2019-06-10T16:39:21.395+0000: 25.993: [Tenured: 35788K->44320K(341376K), 0.0430490 secs] 71113K->44320K(494976K), [Metaspace: 34590K->34590K(1079296K)], 0.0431239 secs] [Times: user=0.04 sys=0.00, real=0.05 secs] 
2019-06-10T16:39:25.311+0000: 29.910: [GC (Allocation Failure) 2019-06-10T16:39:25.311+0000: 29.910: [DefNew: 136576K->296K(153600K), 0.0023129 secs] 180896K->44616K(494976K), 0.0023697 secs] [Times: user=0.00 sys=0.00, real=0.00 secs] 
2019-06-10T16:39:28.952+0000: 33.550: [GC (Allocation Failure) 2019-06-10T16:39:28.952+0000: 33.550: [DefNew: 136872K->300K(153600K), 0.0022161 secs] 181192K->44620K(494976K), 0.0022726 secs] [Times: user=0.01 sys=0.00, real=0.00 secs] 
2019-06-10T16:39:32.624+0000: 37.222: [GC (Allocation Failure) 2019-06-10T16:39:32.624+0000: 37.222: [DefNew: 136876K->332K(153600K), 0.0021959 secs] 181196K->44652K(494976K), 0.0022553 secs] [Times: user=0.00 sys=0.00, real=0.01 secs] 
2019-06-10T16:39:36.269+0000: 40.867: [GC (Allocation Failure) 2019-06-10T16:39:36.269+0000: 40.867: [DefNew: 136908K->371K(153600K), 0.0022319 secs] 181228K->44692K(494976K), 0.0022856 secs] [Times: user=0.00 sys=0.00, real=0.00 secs] 
2019-06-10T16:39:39.884+0000: 44.483: [GC (Allocation Failure) 2019-06-10T16:39:39.884+0000: 44.483: [DefNew: 136947K->376K(153600K), 0.0021602 secs] 181268K->44697K(494976K), 0.0022143 secs] [Times: user=0.00 sys=0.00, real=0.01 secs] 
2019-06-10T16:39:43.450+0000: 48.049: [GC (Allocation Failure) 2019-06-10T16:39:43.450+0000: 48.049: [DefNew: 136952K->372K(153600K), 0.0021695 secs] 181273K->44693K(494976K), 0.0022237 secs] [Times: user=0.00 sys=0.00, real=0.00 secs] 
2019-06-10T16:39:47.042+0000: 51.641: [GC (Allocation Failure) 2019-06-10T16:39:47.042+0000: 51.641: [DefNew: 136948K->384K(153600K), 0.0022118 secs] 181269K->44704K(494976K), 0.0022759 secs] [Times: user=0.00 sys=0.00, real=0.00 secs] 
2019-06-10T16:39:56.695+0000: 61.293: [GC (Allocation Failure) 2019-06-10T16:39:56.695+0000: 61.293: [DefNew: 136960K->356K(153600K), 0.0021811 secs] 181280K->44676K(494976K), 0.0022424 secs] [Times: user=0.00 sys=0.00, real=0.00 secs] 
16:39:59.446 [Curator-PathChildrenCache-0] ERROR o.a.c.f.r.c.PathChildrenCache  - 
java.lang.IllegalStateException: instance must be started before calling this method
	at org.apache.curator.shaded.com.google.common.base.Preconditions.checkState(Preconditions.java:444)
	at org.apache.curator.framework.imps.CuratorFrameworkImpl.getChildren(CuratorFrameworkImpl.java:456)
	at org.apache.curator.framework.recipes.cache.PathChildrenCache.refresh(PathChildrenCache.java:521)
	at org.apache.curator.framework.recipes.cache.RefreshOperation.invoke(RefreshOperation.java:35)
	at org.apache.curator.framework.recipes.cache.PathChildrenCache$9.run(PathChildrenCache.java:786)
	at java.util.concurrent.Executors$RunnableAdapter.call(Executors.java:511)
	at java.util.concurrent.FutureTask.run(FutureTask.java:266)
	at java.util.concurrent.Executors$RunnableAdapter.call(Executors.java:511)
	at java.util.concurrent.FutureTask.run(FutureTask.java:266)
	at java.util.concurrent.ThreadPoolExecutor.runWorker(ThreadPoolExecutor.java:1149)
	at java.util.concurrent.ThreadPoolExecutor$Worker.run(ThreadPoolExecutor.java:624)
	at java.lang.Thread.run(Thread.java:748)
Heap
 def new generation   total 153600K, used 44870K [0x00000000e0c00000, 0x00000000eb2a0000, 0x00000000eb2a0000)
  eden space 136576K,  32% used [0x00000000e0c00000, 0x00000000e3778a08, 0x00000000e9160000)
  from space 17024K,   2% used [0x00000000ea200000, 0x00000000ea259110, 0x00000000eb2a0000)
  to   space 17024K,   0% used [0x00000000e9160000, 0x00000000e9160000, 0x00000000ea200000)
 tenured generation   total 341376K, used 44320K [0x00000000eb2a0000, 0x0000000100000000, 0x0000000100000000)
   the space 341376K,  12% used [0x00000000eb2a0000, 0x00000000edde8208, 0x00000000edde8400, 0x0000000100000000)
 Metaspace       used 36530K, capacity 37524K, committed 37760K, reserved 1081344K
  class space    used 4900K, capacity 5126K, committed 5248K, reserved 1048576K
