19:18:12,830 |-INFO in ch.qos.logback.classic.LoggerContext[default] - Could NOT find resource [logback-test.xml]
19:18:12,830 |-INFO in ch.qos.logback.classic.LoggerContext[default] - Could NOT find resource [logback.groovy]
19:18:12,830 |-INFO in ch.qos.logback.classic.LoggerContext[default] - Found resource [logback.xml] at [jar:file:/root/flamestream/lib/flamestream-runtime-1.0-SNAPSHOT.jar!/logback.xml]
19:18:12,835 |-WARN in ch.qos.logback.classic.LoggerContext[default] - Resource [logback.xml] occurs multiple times on the classpath.
19:18:12,835 |-WARN in ch.qos.logback.classic.LoggerContext[default] - Resource [logback.xml] occurs at [jar:file:/root/flamestream/lib/flamestream-runtime-1.0-SNAPSHOT.jar!/logback.xml]
19:18:12,835 |-WARN in ch.qos.logback.classic.LoggerContext[default] - Resource [logback.xml] occurs at [jar:file:/root/flamestream/flamestream-runtime-1.0-SNAPSHOT.jar!/logback.xml]
19:18:12,855 |-INFO in ch.qos.logback.core.joran.spi.ConfigurationWatchList@3fb6a447 - URL [jar:file:/root/flamestream/lib/flamestream-runtime-1.0-SNAPSHOT.jar!/logback.xml] is not of type file
19:18:12,921 |-INFO in ch.qos.logback.classic.joran.action.ConfigurationAction - debug attribute not set
19:18:12,922 |-INFO in ch.qos.logback.core.joran.action.AppenderAction - About to instantiate appender of type [ch.qos.logback.core.ConsoleAppender]
19:18:12,938 |-INFO in ch.qos.logback.core.joran.action.AppenderAction - Naming appender as [STDOUT]
19:18:12,956 |-INFO in ch.qos.logback.core.joran.action.NestedComplexPropertyIA - Assuming default type [ch.qos.logback.classic.encoder.PatternLayoutEncoder] for [encoder] property
19:18:13,030 |-INFO in ch.qos.logback.core.joran.action.AppenderAction - About to instantiate appender of type [ch.qos.logback.core.rolling.RollingFileAppender]
19:18:13,043 |-INFO in ch.qos.logback.core.joran.action.AppenderAction - Naming appender as [FILE]
19:18:13,071 |-INFO in c.q.l.core.rolling.TimeBasedRollingPolicy@127618319 - No compression will be used
19:18:13,072 |-INFO in c.q.l.core.rolling.TimeBasedRollingPolicy@127618319 - Will use the pattern /tmp/application_%d{yyyy-MM-dd}.%i.log for the active file
19:18:13,075 |-INFO in ch.qos.logback.core.rolling.SizeAndTimeBasedFNATP@6b2fad11 - The date pattern is 'yyyy-MM-dd' from file name pattern '/tmp/application_%d{yyyy-MM-dd}.%i.log'.
19:18:13,075 |-INFO in ch.qos.logback.core.rolling.SizeAndTimeBasedFNATP@6b2fad11 - Roll-over at midnight.
19:18:13,080 |-INFO in ch.qos.logback.core.rolling.SizeAndTimeBasedFNATP@6b2fad11 - Setting initial period to Mon Jun 10 19:16:39 UTC 2019
19:18:13,080 |-WARN in ch.qos.logback.core.rolling.SizeAndTimeBasedFNATP@6b2fad11 - SizeAndTimeBasedFNATP is deprecated. Use SizeAndTimeBasedRollingPolicy instead
19:18:13,080 |-WARN in ch.qos.logback.core.rolling.SizeAndTimeBasedFNATP@6b2fad11 - For more information see http://logback.qos.ch/manual/appenders.html#SizeAndTimeBasedRollingPolicy
19:18:13,085 |-INFO in ch.qos.logback.core.joran.action.NestedComplexPropertyIA - Assuming default type [ch.qos.logback.classic.encoder.PatternLayoutEncoder] for [encoder] property
19:18:13,089 |-INFO in ch.qos.logback.core.rolling.RollingFileAppender[FILE] - Active log file name: /tmp/application.log
19:18:13,089 |-INFO in ch.qos.logback.core.rolling.RollingFileAppender[FILE] - File property is set to [/tmp/application.log]
19:18:13,090 |-INFO in ch.qos.logback.classic.joran.action.RootLoggerAction - Setting level of ROOT logger to WARN
19:18:13,090 |-INFO in ch.qos.logback.core.joran.action.AppenderRefAction - Attaching appender named [STDOUT] to Logger[ROOT]
19:18:13,090 |-INFO in ch.qos.logback.core.joran.action.AppenderRefAction - Attaching appender named [FILE] to Logger[ROOT]
19:18:13,090 |-INFO in ch.qos.logback.classic.joran.action.ConfigurationAction - End of configuration.
19:18:13,091 |-INFO in ch.qos.logback.classic.joran.JoranConfigurator@79698539 - Registering current configuration as safe fallback point

Ama winner
Ama winner
2019-06-10T19:18:14.376+0000: 1.727: [Full GC (Metadata GC Threshold) 2019-06-10T19:18:14.376+0000: 1.727: [Tenured: 0K->15176K(341376K), 0.0385121 secs] 114923K->15176K(494976K), [Metaspace: 20737K->20737K(1067008K)], 0.0385912 secs] [Times: user=0.03 sys=0.00, real=0.04 secs] 
19:18:37.042 [Curator-PathChildrenCache-2] WARN  o.a.c.u.ZKPaths  - The version of ZooKeeper being used doesn't support Container nodes. CreateMode.PERSISTENT will be used instead.
2019-06-10T19:18:39.114+0000: 26.464: [GC (Allocation Failure) 2019-06-10T19:18:39.114+0000: 26.464: [DefNew: 136576K->17023K(153600K), 0.0256597 secs] 151752K->52823K(494976K), 0.0257293 secs] [Times: user=0.02 sys=0.01, real=0.03 secs] 
2019-06-10T19:18:39.713+0000: 27.064: [Full GC (Metadata GC Threshold) 2019-06-10T19:18:39.714+0000: 27.064: [Tenured: 35799K->44368K(341376K), 0.0355060 secs] 72161K->44368K(494976K), [Metaspace: 34628K->34628K(1079296K)], 0.0355800 secs] [Times: user=0.03 sys=0.01, real=0.04 secs] 
2019-06-10T19:18:45.559+0000: 32.910: [GC (Allocation Failure) 2019-06-10T19:18:45.560+0000: 32.910: [DefNew: 136576K->173K(153600K), 0.0021411 secs] 180944K->44542K(494976K), 0.0034733 secs] [Times: user=0.00 sys=0.00, real=0.00 secs] 
2019-06-10T19:18:51.427+0000: 38.777: [GC (Allocation Failure) 2019-06-10T19:18:51.427+0000: 38.777: [DefNew: 136749K->174K(153600K), 0.0019670 secs] 181118K->44542K(494976K), 0.0020282 secs] [Times: user=0.00 sys=0.00, real=0.01 secs] 
2019-06-10T19:18:57.291+0000: 44.642: [GC (Allocation Failure) 2019-06-10T19:18:57.291+0000: 44.642: [DefNew: 136750K->166K(153600K), 0.0019181 secs] 181118K->44535K(494976K), 0.0019955 secs] [Times: user=0.00 sys=0.00, real=0.00 secs] 
2019-06-10T19:19:03.214+0000: 50.564: [GC (Allocation Failure) 2019-06-10T19:19:03.214+0000: 50.564: [DefNew: 136742K->168K(153600K), 0.0019989 secs] 181111K->44537K(494976K), 0.0020593 secs] [Times: user=0.00 sys=0.00, real=0.01 secs] 
2019-06-10T19:19:09.205+0000: 56.556: [GC (Allocation Failure) 2019-06-10T19:19:09.205+0000: 56.556: [DefNew: 136744K->170K(153600K), 0.0020114 secs] 181113K->44538K(494976K), 0.0020712 secs] [Times: user=0.00 sys=0.00, real=0.01 secs] 
2019-06-10T19:19:15.111+0000: 62.462: [GC (Allocation Failure) 2019-06-10T19:19:15.111+0000: 62.462: [DefNew: 136746K->491K(153600K), 0.0025105 secs] 181114K->44859K(494976K), 0.0025725 secs] [Times: user=0.01 sys=0.00, real=0.00 secs] 
2019-06-10T19:19:21.812+0000: 69.163: [GC (Allocation Failure) 2019-06-10T19:19:21.812+0000: 69.163: [DefNew: 137067K->292K(153600K), 0.0024415 secs] 181435K->44660K(494976K), 0.0025102 secs] [Times: user=0.00 sys=0.00, real=0.01 secs] 
2019-06-10T19:19:28.418+0000: 75.768: [GC (Allocation Failure) 2019-06-10T19:19:28.418+0000: 75.768: [DefNew: 136868K->287K(153600K), 0.0023858 secs] 181236K->44655K(494976K), 0.0024469 secs] [Times: user=0.00 sys=0.00, real=0.00 secs] 
2019-06-10T19:19:34.973+0000: 82.324: [GC (Allocation Failure) 2019-06-10T19:19:34.973+0000: 82.324: [DefNew: 136863K->288K(153600K), 0.0023434 secs] 181231K->44657K(494976K), 0.0024042 secs] [Times: user=0.00 sys=0.00, real=0.01 secs] 
2019-06-10T19:19:50.189+0000: 97.540: [GC (Allocation Failure) 2019-06-10T19:19:50.189+0000: 97.540: [DefNew: 136864K->324K(153600K), 0.0025848 secs] 181233K->44693K(494976K), 0.0026334 secs] [Times: user=0.00 sys=0.00, real=0.00 secs] 
19:19:50.225 [Curator-PathChildrenCache-0] ERROR o.a.c.f.r.c.PathChildrenCache  - 
java.lang.IllegalStateException: instance must be started before calling this method
	at org.apache.curator.shaded.com.google.common.base.Preconditions.checkState(Preconditions.java:444)
	at org.apache.curator.framework.imps.CuratorFrameworkImpl.getChildren(CuratorFrameworkImpl.java:456)
	at org.apache.curator.framework.recipes.cache.PathChildrenCache.refresh(PathChildrenCache.java:521)
	at org.apache.curator.framework.recipes.cache.RefreshOperation.invoke(RefreshOperation.java:35)
	at org.apache.curator.framework.recipes.cache.PathChildrenCache$9.run(PathChildrenCache.java:786)
	at java.util.concurrent.Executors$RunnableAdapter.call(Executors.java:511)
	at java.util.concurrent.FutureTask.run(FutureTask.java:266)
	at java.util.concurrent.Executors$RunnableAdapter.call(Executors.java:511)
	at java.util.concurrent.FutureTask.run(FutureTask.java:266)
	at java.util.concurrent.ThreadPoolExecutor.runWorker(ThreadPoolExecutor.java:1149)
	at java.util.concurrent.ThreadPoolExecutor$Worker.run(ThreadPoolExecutor.java:624)
	at java.lang.Thread.run(Thread.java:748)
Heap
 def new generation   total 153600K, used 23527K [0x00000000e0c00000, 0x00000000eb2a0000, 0x00000000eb2a0000)
  eden space 136576K,  16% used [0x00000000e0c00000, 0x00000000e22a8b68, 0x00000000e9160000)
  from space 17024K,   1% used [0x00000000ea200000, 0x00000000ea2513a8, 0x00000000eb2a0000)
  to   space 17024K,   0% used [0x00000000e9160000, 0x00000000e9160000, 0x00000000ea200000)
 tenured generation   total 341376K, used 44368K [0x00000000eb2a0000, 0x0000000100000000, 0x0000000100000000)
   the space 341376K,  12% used [0x00000000eb2a0000, 0x00000000eddf4230, 0x00000000eddf4400, 0x0000000100000000)
 Metaspace       used 36425K, capacity 37384K, committed 37760K, reserved 1081344K
  class space    used 4904K, capacity 5124K, committed 5248K, reserved 1048576K
