18:16:10,950 |-INFO in ch.qos.logback.classic.LoggerContext[default] - Could NOT find resource [logback-test.xml]
18:16:10,950 |-INFO in ch.qos.logback.classic.LoggerContext[default] - Could NOT find resource [logback.groovy]
18:16:10,950 |-INFO in ch.qos.logback.classic.LoggerContext[default] - Found resource [logback.xml] at [jar:file:/root/flamestream/lib/flamestream-runtime-1.0-SNAPSHOT.jar!/logback.xml]
18:16:10,953 |-WARN in ch.qos.logback.classic.LoggerContext[default] - Resource [logback.xml] occurs multiple times on the classpath.
18:16:10,953 |-WARN in ch.qos.logback.classic.LoggerContext[default] - Resource [logback.xml] occurs at [jar:file:/root/flamestream/lib/flamestream-runtime-1.0-SNAPSHOT.jar!/logback.xml]
18:16:10,953 |-WARN in ch.qos.logback.classic.LoggerContext[default] - Resource [logback.xml] occurs at [jar:file:/root/flamestream/flamestream-runtime-1.0-SNAPSHOT.jar!/logback.xml]
18:16:10,973 |-INFO in ch.qos.logback.core.joran.spi.ConfigurationWatchList@3fb6a447 - URL [jar:file:/root/flamestream/lib/flamestream-runtime-1.0-SNAPSHOT.jar!/logback.xml] is not of type file
18:16:11,042 |-INFO in ch.qos.logback.classic.joran.action.ConfigurationAction - debug attribute not set
18:16:11,043 |-INFO in ch.qos.logback.core.joran.action.AppenderAction - About to instantiate appender of type [ch.qos.logback.core.ConsoleAppender]
18:16:11,061 |-INFO in ch.qos.logback.core.joran.action.AppenderAction - Naming appender as [STDOUT]
18:16:11,079 |-INFO in ch.qos.logback.core.joran.action.NestedComplexPropertyIA - Assuming default type [ch.qos.logback.classic.encoder.PatternLayoutEncoder] for [encoder] property
18:16:11,164 |-INFO in ch.qos.logback.core.joran.action.AppenderAction - About to instantiate appender of type [ch.qos.logback.core.rolling.RollingFileAppender]
18:16:11,169 |-INFO in ch.qos.logback.core.joran.action.AppenderAction - Naming appender as [FILE]
18:16:11,200 |-INFO in c.q.l.core.rolling.TimeBasedRollingPolicy@127618319 - No compression will be used
18:16:11,202 |-INFO in c.q.l.core.rolling.TimeBasedRollingPolicy@127618319 - Will use the pattern /tmp/application_%d{yyyy-MM-dd}.%i.log for the active file
18:16:11,204 |-INFO in ch.qos.logback.core.rolling.SizeAndTimeBasedFNATP@6b2fad11 - The date pattern is 'yyyy-MM-dd' from file name pattern '/tmp/application_%d{yyyy-MM-dd}.%i.log'.
18:16:11,204 |-INFO in ch.qos.logback.core.rolling.SizeAndTimeBasedFNATP@6b2fad11 - Roll-over at midnight.
18:16:11,210 |-INFO in ch.qos.logback.core.rolling.SizeAndTimeBasedFNATP@6b2fad11 - Setting initial period to Mon Jun 10 18:14:50 UTC 2019
18:16:11,210 |-WARN in ch.qos.logback.core.rolling.SizeAndTimeBasedFNATP@6b2fad11 - SizeAndTimeBasedFNATP is deprecated. Use SizeAndTimeBasedRollingPolicy instead
18:16:11,210 |-WARN in ch.qos.logback.core.rolling.SizeAndTimeBasedFNATP@6b2fad11 - For more information see http://logback.qos.ch/manual/appenders.html#SizeAndTimeBasedRollingPolicy
18:16:11,213 |-INFO in ch.qos.logback.core.joran.action.NestedComplexPropertyIA - Assuming default type [ch.qos.logback.classic.encoder.PatternLayoutEncoder] for [encoder] property
18:16:11,218 |-INFO in ch.qos.logback.core.rolling.RollingFileAppender[FILE] - Active log file name: /tmp/application.log
18:16:11,218 |-INFO in ch.qos.logback.core.rolling.RollingFileAppender[FILE] - File property is set to [/tmp/application.log]
18:16:11,219 |-INFO in ch.qos.logback.classic.joran.action.RootLoggerAction - Setting level of ROOT logger to WARN
18:16:11,219 |-INFO in ch.qos.logback.core.joran.action.AppenderRefAction - Attaching appender named [STDOUT] to Logger[ROOT]
18:16:11,221 |-INFO in ch.qos.logback.core.joran.action.AppenderRefAction - Attaching appender named [FILE] to Logger[ROOT]
18:16:11,221 |-INFO in ch.qos.logback.classic.joran.action.ConfigurationAction - End of configuration.
18:16:11,222 |-INFO in ch.qos.logback.classic.joran.JoranConfigurator@79698539 - Registering current configuration as safe fallback point

Ama winner
Ama winner
2019-06-10T18:16:12.527+0000: 1.758: [Full GC (Metadata GC Threshold) 2019-06-10T18:16:12.527+0000: 1.758: [Tenured: 0K->15241K(341376K), 0.0405340 secs] 114988K->15241K(494976K), [Metaspace: 20739K->20739K(1067008K)], 0.0406028 secs] [Times: user=0.04 sys=0.00, real=0.04 secs] 
18:16:28.622 [Curator-PathChildrenCache-1] WARN  o.a.c.u.ZKPaths  - The version of ZooKeeper being used doesn't support Container nodes. CreateMode.PERSISTENT will be used instead.
2019-06-10T18:16:30.573+0000: 19.805: [GC (Allocation Failure) 2019-06-10T18:16:30.574+0000: 19.805: [DefNew: 117080K->16659K(153600K), 0.0203611 secs] 132321K->31900K(494976K), 0.0204292 secs] [Times: user=0.02 sys=0.00, real=0.02 secs] 
2019-06-10T18:16:32.702+0000: 21.933: [Full GC (Metadata GC Threshold) 2019-06-10T18:16:32.702+0000: 21.933: [Tenured: 15241K->43424K(341376K), 0.0518037 secs] 93926K->43424K(494976K), [Metaspace: 34585K->34585K(1079296K)], 0.0518967 secs] [Times: user=0.04 sys=0.01, real=0.06 secs] 
2019-06-10T18:16:39.002+0000: 28.233: [GC (Allocation Failure) 2019-06-10T18:16:39.002+0000: 28.233: [DefNew: 136576K->100K(153600K), 0.0018935 secs] 180000K->43525K(494976K), 0.0019522 secs] [Times: user=0.00 sys=0.00, real=0.01 secs] 
2019-06-10T18:16:45.350+0000: 34.581: [GC (Allocation Failure) 2019-06-10T18:16:45.350+0000: 34.581: [DefNew: 136676K->94K(153600K), 0.0016994 secs] 180101K->43519K(494976K), 0.0017602 secs] [Times: user=0.00 sys=0.00, real=0.01 secs] 
2019-06-10T18:16:51.564+0000: 40.795: [GC (Allocation Failure) 2019-06-10T18:16:51.564+0000: 40.795: [DefNew: 136670K->162K(153600K), 0.0017422 secs] 180095K->43587K(494976K), 0.0018015 secs] [Times: user=0.01 sys=0.00, real=0.00 secs] 
2019-06-10T18:16:57.929+0000: 47.160: [GC (Allocation Failure) 2019-06-10T18:16:57.929+0000: 47.160: [DefNew: 136738K->163K(153600K), 0.0018608 secs] 180163K->43588K(494976K), 0.0019317 secs] [Times: user=0.00 sys=0.00, real=0.01 secs] 
2019-06-10T18:17:07.570+0000: 56.801: [GC (Allocation Failure) 2019-06-10T18:17:07.570+0000: 56.801: [DefNew: 136739K->161K(153600K), 0.0018949 secs] 180164K->43586K(494976K), 0.0019552 secs] [Times: user=0.00 sys=0.00, real=0.01 secs] 
18:17:14.726 [Curator-PathChildrenCache-0] ERROR o.a.c.f.r.c.PathChildrenCache  - 
java.lang.IllegalStateException: instance must be started before calling this method
	at org.apache.curator.shaded.com.google.common.base.Preconditions.checkState(Preconditions.java:444)
	at org.apache.curator.framework.imps.CuratorFrameworkImpl.getChildren(CuratorFrameworkImpl.java:456)
	at org.apache.curator.framework.recipes.cache.PathChildrenCache.refresh(PathChildrenCache.java:521)
	at org.apache.curator.framework.recipes.cache.RefreshOperation.invoke(RefreshOperation.java:35)
	at org.apache.curator.framework.recipes.cache.PathChildrenCache$9.run(PathChildrenCache.java:786)
	at java.util.concurrent.Executors$RunnableAdapter.call(Executors.java:511)
	at java.util.concurrent.FutureTask.run(FutureTask.java:266)
	at java.util.concurrent.Executors$RunnableAdapter.call(Executors.java:511)
	at java.util.concurrent.FutureTask.run(FutureTask.java:266)
	at java.util.concurrent.ThreadPoolExecutor.runWorker(ThreadPoolExecutor.java:1149)
	at java.util.concurrent.ThreadPoolExecutor$Worker.run(ThreadPoolExecutor.java:624)
	at java.lang.Thread.run(Thread.java:748)
Heap
 def new generation   total 153600K, used 43507K [0x00000000e0c00000, 0x00000000eb2a0000, 0x00000000eb2a0000)
  eden space 136576K,  31% used [0x00000000e0c00000, 0x00000000e3654938, 0x00000000e9160000)
  from space 17024K,   0% used [0x00000000e9160000, 0x00000000e9188608, 0x00000000ea200000)
  to   space 17024K,   0% used [0x00000000ea200000, 0x00000000ea200000, 0x00000000eb2a0000)
 tenured generation   total 341376K, used 43424K [0x00000000eb2a0000, 0x0000000100000000, 0x0000000100000000)
   the space 341376K,  12% used [0x00000000eb2a0000, 0x00000000edd08330, 0x00000000edd08400, 0x0000000100000000)
 Metaspace       used 36173K, capacity 37050K, committed 37376K, reserved 1081344K
  class space    used 4877K, capacity 5073K, committed 5120K, reserved 1048576K
