19:42:20,280 |-INFO in ch.qos.logback.classic.LoggerContext[default] - Could NOT find resource [logback-test.xml]
19:42:20,280 |-INFO in ch.qos.logback.classic.LoggerContext[default] - Could NOT find resource [logback.groovy]
19:42:20,281 |-INFO in ch.qos.logback.classic.LoggerContext[default] - Found resource [logback.xml] at [jar:file:/root/flamestream/lib/flamestream-runtime-1.0-SNAPSHOT.jar!/logback.xml]
19:42:20,281 |-WARN in ch.qos.logback.classic.LoggerContext[default] - Resource [logback.xml] occurs multiple times on the classpath.
19:42:20,281 |-WARN in ch.qos.logback.classic.LoggerContext[default] - Resource [logback.xml] occurs at [jar:file:/root/flamestream/lib/flamestream-runtime-1.0-SNAPSHOT.jar!/logback.xml]
19:42:20,281 |-WARN in ch.qos.logback.classic.LoggerContext[default] - Resource [logback.xml] occurs at [jar:file:/root/flamestream/flamestream-runtime-1.0-SNAPSHOT.jar!/logback.xml]
19:42:20,302 |-INFO in ch.qos.logback.core.joran.spi.ConfigurationWatchList@3fb6a447 - URL [jar:file:/root/flamestream/lib/flamestream-runtime-1.0-SNAPSHOT.jar!/logback.xml] is not of type file
19:42:20,366 |-INFO in ch.qos.logback.classic.joran.action.ConfigurationAction - debug attribute not set
19:42:20,367 |-INFO in ch.qos.logback.core.joran.action.AppenderAction - About to instantiate appender of type [ch.qos.logback.core.ConsoleAppender]
19:42:20,382 |-INFO in ch.qos.logback.core.joran.action.AppenderAction - Naming appender as [STDOUT]
19:42:20,399 |-INFO in ch.qos.logback.core.joran.action.NestedComplexPropertyIA - Assuming default type [ch.qos.logback.classic.encoder.PatternLayoutEncoder] for [encoder] property
19:42:20,499 |-INFO in ch.qos.logback.core.joran.action.AppenderAction - About to instantiate appender of type [ch.qos.logback.core.rolling.RollingFileAppender]
19:42:20,505 |-INFO in ch.qos.logback.core.joran.action.AppenderAction - Naming appender as [FILE]
19:42:20,542 |-INFO in c.q.l.core.rolling.TimeBasedRollingPolicy@127618319 - No compression will be used
19:42:20,543 |-INFO in c.q.l.core.rolling.TimeBasedRollingPolicy@127618319 - Will use the pattern /tmp/application_%d{yyyy-MM-dd}.%i.log for the active file
19:42:20,546 |-INFO in ch.qos.logback.core.rolling.SizeAndTimeBasedFNATP@6b2fad11 - The date pattern is 'yyyy-MM-dd' from file name pattern '/tmp/application_%d{yyyy-MM-dd}.%i.log'.
19:42:20,546 |-INFO in ch.qos.logback.core.rolling.SizeAndTimeBasedFNATP@6b2fad11 - Roll-over at midnight.
19:42:20,551 |-INFO in ch.qos.logback.core.rolling.SizeAndTimeBasedFNATP@6b2fad11 - Setting initial period to Mon Jun 10 19:41:01 UTC 2019
19:42:20,551 |-WARN in ch.qos.logback.core.rolling.SizeAndTimeBasedFNATP@6b2fad11 - SizeAndTimeBasedFNATP is deprecated. Use SizeAndTimeBasedRollingPolicy instead
19:42:20,551 |-WARN in ch.qos.logback.core.rolling.SizeAndTimeBasedFNATP@6b2fad11 - For more information see http://logback.qos.ch/manual/appenders.html#SizeAndTimeBasedRollingPolicy
19:42:20,555 |-INFO in ch.qos.logback.core.joran.action.NestedComplexPropertyIA - Assuming default type [ch.qos.logback.classic.encoder.PatternLayoutEncoder] for [encoder] property
19:42:20,560 |-INFO in ch.qos.logback.core.rolling.RollingFileAppender[FILE] - Active log file name: /tmp/application.log
19:42:20,560 |-INFO in ch.qos.logback.core.rolling.RollingFileAppender[FILE] - File property is set to [/tmp/application.log]
19:42:20,561 |-INFO in ch.qos.logback.classic.joran.action.RootLoggerAction - Setting level of ROOT logger to WARN
19:42:20,561 |-INFO in ch.qos.logback.core.joran.action.AppenderRefAction - Attaching appender named [STDOUT] to Logger[ROOT]
19:42:20,563 |-INFO in ch.qos.logback.core.joran.action.AppenderRefAction - Attaching appender named [FILE] to Logger[ROOT]
19:42:20,563 |-INFO in ch.qos.logback.classic.joran.action.ConfigurationAction - End of configuration.
19:42:20,564 |-INFO in ch.qos.logback.classic.joran.JoranConfigurator@79698539 - Registering current configuration as safe fallback point

Ama winner
Ama winner
2019-06-10T19:42:21.825+0000: 1.728: [Full GC (Metadata GC Threshold) 2019-06-10T19:42:21.825+0000: 1.728: [Tenured: 0K->15143K(341376K), 0.0388819 secs] 114987K->15143K(494976K), [Metaspace: 20734K->20734K(1067008K)], 0.0389459 secs] [Times: user=0.04 sys=0.00, real=0.04 secs] 
19:42:35.288 [Curator-PathChildrenCache-1] WARN  o.a.c.u.ZKPaths  - The version of ZooKeeper being used doesn't support Container nodes. CreateMode.PERSISTENT will be used instead.
2019-06-10T19:42:37.610+0000: 17.512: [GC (Allocation Failure) 2019-06-10T19:42:37.610+0000: 17.512: [DefNew: 136576K->17023K(153600K), 0.0259337 secs] 151719K->52874K(494976K), 0.0260137 secs] [Times: user=0.02 sys=0.01, real=0.03 secs] 
2019-06-10T19:42:45.032+0000: 24.934: [GC (Allocation Failure) 2019-06-10T19:42:45.032+0000: 24.934: [DefNew: 153599K->273K(153600K), 0.0097647 secs] 189450K->44680K(494976K), 0.0098317 secs] [Times: user=0.01 sys=0.01, real=0.01 secs] 
2019-06-10T19:42:45.216+0000: 25.119: [Full GC (Metadata GC Threshold) 2019-06-10T19:42:45.216+0000: 25.119: [Tenured: 44407K->44665K(341376K), 0.0341678 secs] 51507K->44665K(494976K), [Metaspace: 34609K->34609K(1079296K)], 0.0342496 secs] [Times: user=0.03 sys=0.01, real=0.03 secs] 
2019-06-10T19:42:52.543+0000: 32.445: [GC (Allocation Failure) 2019-06-10T19:42:52.543+0000: 32.445: [DefNew: 136576K->57K(153600K), 0.0016979 secs] 181241K->44722K(494976K), 0.0017579 secs] [Times: user=0.00 sys=0.00, real=0.00 secs] 
2019-06-10T19:42:59.980+0000: 39.882: [GC (Allocation Failure) 2019-06-10T19:42:59.980+0000: 39.882: [DefNew: 136633K->52K(153600K), 0.0016338 secs] 181298K->44717K(494976K), 0.0017217 secs] [Times: user=0.00 sys=0.00, real=0.00 secs] 
2019-06-10T19:43:07.520+0000: 47.422: [GC (Allocation Failure) 2019-06-10T19:43:07.520+0000: 47.422: [DefNew: 136628K->50K(153600K), 0.0016817 secs] 181293K->44715K(494976K), 0.0017544 secs] [Times: user=0.00 sys=0.00, real=0.00 secs] 
2019-06-10T19:43:15.055+0000: 54.957: [GC (Allocation Failure) 2019-06-10T19:43:15.055+0000: 54.957: [DefNew: 136626K->52K(153600K), 0.0017222 secs] 181291K->44717K(494976K), 0.0017829 secs] [Times: user=0.00 sys=0.00, real=0.01 secs] 
19:43:28.026 [Curator-PathChildrenCache-0] ERROR o.a.c.f.r.c.PathChildrenCache  - 
java.lang.IllegalStateException: instance must be started before calling this method
	at org.apache.curator.shaded.com.google.common.base.Preconditions.checkState(Preconditions.java:444)
	at org.apache.curator.framework.imps.CuratorFrameworkImpl.getChildren(CuratorFrameworkImpl.java:456)
	at org.apache.curator.framework.recipes.cache.PathChildrenCache.refresh(PathChildrenCache.java:521)
	at org.apache.curator.framework.recipes.cache.RefreshOperation.invoke(RefreshOperation.java:35)
	at org.apache.curator.framework.recipes.cache.PathChildrenCache$9.run(PathChildrenCache.java:786)
	at java.util.concurrent.Executors$RunnableAdapter.call(Executors.java:511)
	at java.util.concurrent.FutureTask.run(FutureTask.java:266)
	at java.util.concurrent.Executors$RunnableAdapter.call(Executors.java:511)
	at java.util.concurrent.FutureTask.run(FutureTask.java:266)
	at java.util.concurrent.ThreadPoolExecutor.runWorker(ThreadPoolExecutor.java:1149)
	at java.util.concurrent.ThreadPoolExecutor$Worker.run(ThreadPoolExecutor.java:624)
	at java.lang.Thread.run(Thread.java:748)
Heap
 def new generation   total 153600K, used 104492K [0x00000000e0c00000, 0x00000000eb2a0000, 0x00000000eb2a0000)
  eden space 136576K,  76% used [0x00000000e0c00000, 0x00000000e71fe200, 0x00000000e9160000)
  from space 17024K,   0% used [0x00000000e9160000, 0x00000000e916d158, 0x00000000ea200000)
  to   space 17024K,   0% used [0x00000000ea200000, 0x00000000ea200000, 0x00000000eb2a0000)
 tenured generation   total 341376K, used 44665K [0x00000000eb2a0000, 0x0000000100000000, 0x0000000100000000)
   the space 341376K,  13% used [0x00000000eb2a0000, 0x00000000ede3e620, 0x00000000ede3e800, 0x0000000100000000)
 Metaspace       used 35938K, capacity 36826K, committed 37120K, reserved 1081344K
  class space    used 4846K, capacity 5041K, committed 5120K, reserved 1048576K
