12:27:22,835 |-INFO in ch.qos.logback.classic.LoggerContext[default] - Could NOT find resource [logback-test.xml]
12:27:22,835 |-INFO in ch.qos.logback.classic.LoggerContext[default] - Could NOT find resource [logback.groovy]
12:27:22,835 |-INFO in ch.qos.logback.classic.LoggerContext[default] - Found resource [logback.xml] at [jar:file:/home/ubuntu/flamestream/lib/flamestream-runtime-1.0-SNAPSHOT.jar!/logback.xml]
12:27:22,836 |-WARN in ch.qos.logback.classic.LoggerContext[default] - Resource [logback.xml] occurs multiple times on the classpath.
12:27:22,840 |-WARN in ch.qos.logback.classic.LoggerContext[default] - Resource [logback.xml] occurs at [jar:file:/home/ubuntu/flamestream/flamestream-runtime-1.0-SNAPSHOT.jar!/logback.xml]
12:27:22,840 |-WARN in ch.qos.logback.classic.LoggerContext[default] - Resource [logback.xml] occurs at [jar:file:/home/ubuntu/flamestream/lib/flamestream-runtime-1.0-SNAPSHOT.jar!/logback.xml]
12:27:22,857 |-INFO in ch.qos.logback.core.joran.spi.ConfigurationWatchList@4678c730 - URL [jar:file:/home/ubuntu/flamestream/lib/flamestream-runtime-1.0-SNAPSHOT.jar!/logback.xml] is not of type file
12:27:22,923 |-INFO in ch.qos.logback.classic.joran.action.ConfigurationAction - debug attribute not set
12:27:22,924 |-INFO in ch.qos.logback.core.joran.action.AppenderAction - About to instantiate appender of type [ch.qos.logback.core.ConsoleAppender]
12:27:22,945 |-INFO in ch.qos.logback.core.joran.action.AppenderAction - Naming appender as [STDOUT]
12:27:22,959 |-INFO in ch.qos.logback.core.joran.action.NestedComplexPropertyIA - Assuming default type [ch.qos.logback.classic.encoder.PatternLayoutEncoder] for [encoder] property
12:27:23,057 |-INFO in ch.qos.logback.core.joran.action.AppenderAction - About to instantiate appender of type [ch.qos.logback.core.rolling.RollingFileAppender]
12:27:23,068 |-INFO in ch.qos.logback.core.joran.action.AppenderAction - Naming appender as [FILE]
12:27:23,107 |-INFO in c.q.l.core.rolling.TimeBasedRollingPolicy@1734853116 - No compression will be used
12:27:23,110 |-INFO in c.q.l.core.rolling.TimeBasedRollingPolicy@1734853116 - Will use the pattern /tmp/application_%d{yyyy-MM-dd}.%i.log for the active file
12:27:23,115 |-INFO in ch.qos.logback.core.rolling.SizeAndTimeBasedFNATP@29ee9faa - The date pattern is 'yyyy-MM-dd' from file name pattern '/tmp/application_%d{yyyy-MM-dd}.%i.log'.
12:27:23,115 |-INFO in ch.qos.logback.core.rolling.SizeAndTimeBasedFNATP@29ee9faa - Roll-over at midnight.
12:27:23,122 |-INFO in ch.qos.logback.core.rolling.SizeAndTimeBasedFNATP@29ee9faa - Setting initial period to Thu Oct 10 12:26:54 UTC 2019
12:27:23,122 |-WARN in ch.qos.logback.core.rolling.SizeAndTimeBasedFNATP@29ee9faa - SizeAndTimeBasedFNATP is deprecated. Use SizeAndTimeBasedRollingPolicy instead
12:27:23,122 |-WARN in ch.qos.logback.core.rolling.SizeAndTimeBasedFNATP@29ee9faa - For more information see http://logback.qos.ch/manual/appenders.html#SizeAndTimeBasedRollingPolicy
12:27:23,128 |-INFO in ch.qos.logback.core.joran.action.NestedComplexPropertyIA - Assuming default type [ch.qos.logback.classic.encoder.PatternLayoutEncoder] for [encoder] property
12:27:23,137 |-INFO in ch.qos.logback.core.rolling.RollingFileAppender[FILE] - Active log file name: /tmp/application.log
12:27:23,137 |-INFO in ch.qos.logback.core.rolling.RollingFileAppender[FILE] - File property is set to [/tmp/application.log]
12:27:23,139 |-INFO in ch.qos.logback.classic.joran.action.RootLoggerAction - Setting level of ROOT logger to INFO
12:27:23,139 |-INFO in ch.qos.logback.core.joran.action.AppenderRefAction - Attaching appender named [STDOUT] to Logger[ROOT]
12:27:23,139 |-INFO in ch.qos.logback.core.joran.action.AppenderRefAction - Attaching appender named [FILE] to Logger[ROOT]
12:27:23,139 |-INFO in ch.qos.logback.classic.joran.action.ConfigurationAction - End of configuration.
12:27:23,140 |-INFO in ch.qos.logback.classic.joran.JoranConfigurator@c038203 - Registering current configuration as safe fallback point

12:27:23.148 [main] INFO  c.s.f.r.WorkerApplication  - Starting worker with workerConfig 'WorkerConfig{id='flamestream-benchmarks-worker-5', localAddress=flamestream-benchmarks-worker-5/10.0.0.4:5412, zkString='flamestream-benchmarks-manager:12181', snapshotPath='/home/ubuntu/flamestream/data', guarantees=AT_MOST_ONCE}'
12:27:24.634 [worker-akka.actor.default-dispatcher-6] INFO  a.e.s.Slf4jLogger  - Slf4jLogger started
2019-10-10T12:27:24.792+0000: 2.316: [Full GC (Metadata GC Threshold) 2019-10-10T12:27:24.792+0000: 2.316: [Tenured: 0K->13624K(1024000K), 0.0522741 secs] 139464K->13624K(1484800K), [Metaspace: 20222K->20222K(1067008K)], 0.0523763 secs] [Times: user=0.04 sys=0.01, real=0.05 secs] 
12:27:24.951 [worker-akka.actor.default-dispatcher-6] WARN  a.r.RemoteActorRefProvider akka.remote.RemoteActorRefProvider - Using the 'remote' ActorRefProvider directly, which is a low-level layer. For most use cases, the 'cluster' abstraction on top of remoting is more suitable instead.
12:27:24.964 [worker-akka.actor.default-dispatcher-6] WARN  a.r.RemoteActorRefProvider akka.remote.RemoteActorRefProvider - Akka Cluster not in use - Using Akka Cluster is recommended if you need remote watch and deploy.
12:27:25.087 [worker-akka.actor.default-dispatcher-6] INFO  a.r.a.a.ArteryAeronUdpTransport(akka://worker) akka.remote.artery.aeron.ArteryAeronUdpTransport(akka://worker) - Started embedded media driver in directory [/dev/shm/aeron-flamestream-benchmarks-worker-5]
12:27:25.121 [worker-akka.actor.default-dispatcher-6] WARN  a.r.a.a.ArteryAeronUdpTransport(akka://worker) akka.remote.artery.aeron.ArteryAeronUdpTransport(akka://worker) - Aeron CnC version mismatch: compiled version = 15, file version = 16
12:27:25.428 [worker-akka.actor.default-dispatcher-6] INFO  a.r.a.a.ArteryAeronUdpTransport(akka://worker) akka.remote.artery.aeron.ArteryAeronUdpTransport(akka://worker) - Remoting started with transport [Artery aeron-udp]; listening on address [akka://worker@flamestream-benchmarks-worker-5:5412] and bound to [akka://worker@0.0.0.0:5412] with UID [508567141056831333]
12:27:26.125 [worker-akka.actor.default-dispatcher-6] WARN  a.s.Serialization(akka://worker) akka.serialization.Serialization(akka://worker) - Using serializer [com.romix.akka.serialization.kryo.KryoSerializer] for message [akka.actor.ActorSelectionMessage]. Note that this serializer is not implemented by Akka. It's not recommended to replace serializers for messages provided by Akka.
12:27:26.126 [worker-akka.actor.default-dispatcher-6] WARN  a.s.Serialization(akka://worker) akka.serialization.Serialization(akka://worker) - Using serializer [com.romix.akka.serialization.kryo.KryoSerializer] for message [akka.actor.ActorIdentity]. Note that this serializer is not implemented by Akka. It's not recommended to replace serializers for messages provided by Akka.
12:27:26.192 [worker-akka.actor.default-dispatcher-9] INFO  a.a.RepointableActorRef akka://worker/user/watcher - Starting...
12:27:26.326 [worker-akka.actor.default-dispatcher-6] INFO  o.a.c.u.Compatibility  - Running in ZooKeeper 3.4.x compatibility mode
12:27:26.395 [worker-akka.actor.default-dispatcher-6] INFO  o.a.c.f.i.CuratorFrameworkImpl  - Starting
12:27:26.431 [worker-akka.actor.default-dispatcher-6] INFO  o.a.z.ZooKeeper  - Client environment:zookeeper.version=3.4.14-4c25d480e66aadd371de8bd2fd8da255ac140bcf, built on 03/06/2019 16:18 GMT
12:27:26.432 [worker-akka.actor.default-dispatcher-6] INFO  o.a.z.ZooKeeper  - Client environment:host.name=flamestream-benchmarks-worker-5
12:27:26.433 [worker-akka.actor.default-dispatcher-6] INFO  o.a.z.ZooKeeper  - Client environment:java.version=1.8.0_222
12:27:26.434 [worker-akka.actor.default-dispatcher-6] INFO  o.a.z.ZooKeeper  - Client environment:java.vendor=Private Build
12:27:26.436 [worker-akka.actor.default-dispatcher-6] INFO  o.a.z.ZooKeeper  - Client environment:java.home=/usr/lib/jvm/java-8-openjdk-amd64/jre
12:27:26.439 [worker-akka.actor.default-dispatcher-6] INFO  o.a.z.ZooKeeper  - Client environment:java.class.path=lib/curator-framework-4.0.1.jar:lib/commons-csv-1.4.jar:lib/aeron-client-1.21.2.jar:lib/scala-library-2.12.9.jar:lib/asm-5.0.4.jar:lib/agrona-1.0.1.jar:lib/curator-recipes-4.0.1.jar:lib/akka-testkit_2.12-2.6.0-M6.jar:lib/flamestream-runtime-1.0-SNAPSHOT.jar:lib/slf4j-simple-2.0.0-alpha1.jar:lib/jsr305-3.0.2.jar:lib/trove4j-3.0.3.jar:lib/flamestream-core-1.0-SNAPSHOT.jar:lib/commons-io-2.4.jar:lib/minlog-1.3.0.jar:lib/kryonet-2.21.jar:lib/commons-1.4.9.jar:lib/jline-0.9.94.jar:lib/akka-remote_2.12-2.6.0-M6.jar:lib/leveldbjni-all-1.8.jar:lib/lz4-1.3.0.jar:lib/slf4j-api-1.7.24.jar:lib/scala-parser-combinators_2.12-1.1.2.jar:lib/flamestream-core-1.0-SNAPSHOT-tests.jar:lib/logback-core-1.2.3.jar:lib/netty-3.10.6.Final.jar:lib/protobuf-java-3.9.0.jar:lib/minlog-1.2.jar:lib/leveldb-api-0.7.jar:lib/jool-0.9.12.jar:lib/commons-cli-1.4.jar:lib/jblas-1.2.4.jar:lib/reflectasm-1.11.3.jar:lib/reflectasm-1.07-shaded.jar:lib/audience-annotations-0.5.0.jar:lib/jackson-annotations-2.9.6.jar:lib/commons-lang-2.6.jar:lib/ssl-config-core_2.12-0.3.8.jar:lib/annotations-13.0.jar:lib/logback-classic-1.2.3.jar:lib/guava-21.0.jar:lib/reactive-streams-1.0.2.jar:lib/spotbugs-annotations-3.1.9.jar:lib/leveldb-0.7.jar:lib/commons-pool2-2.4.2.jar:lib/rocksdbjni-5.5.1.jar:lib/jackson-core-2.9.9.jar:lib/jackson-databind-2.9.9.2.jar:lib/akka-protobuf-v3_2.12-2.6.0-M6.jar:lib/jackson-annotations-2.9.0.jar:lib/flamestream-examples-1.0-SNAPSHOT.jar:lib/objenesis-2.1.jar:lib/akka-kryo-serialization_2.12-0.5.2.jar:lib/scala-java8-compat_2.12-0.8.0.jar:lib/zookeeper-3.4.14.jar:lib/akka-slf4j_2.12-2.6.0-M6.jar:lib/kryo-4.0.0.jar:lib/akka-stream_2.12-2.6.0-M6.jar:lib/aeron-driver-1.21.2.jar:lib/config-1.3.1.jar:lib/annotations-12.0.jar:lib/jedis-2.9.0.jar:lib/jcommander-1.48.jar:lib/testng-6.10.jar:lib/akka-actor_2.12-2.6.0-M6.jar:lib/curator-client-4.0.1.jar:flamestream-runtime-1.0-SNAPSHOT.jar
12:27:26.440 [worker-akka.actor.default-dispatcher-6] INFO  o.a.z.ZooKeeper  - Client environment:java.library.path=/usr/java/packages/lib/amd64:/usr/lib/x86_64-linux-gnu/jni:/lib/x86_64-linux-gnu:/usr/lib/x86_64-linux-gnu:/usr/lib/jni:/lib:/usr/lib
12:27:26.441 [worker-akka.actor.default-dispatcher-6] INFO  o.a.z.ZooKeeper  - Client environment:java.io.tmpdir=/tmp
12:27:26.442 [worker-akka.actor.default-dispatcher-6] INFO  o.a.z.ZooKeeper  - Client environment:java.compiler=<NA>
12:27:26.442 [worker-akka.actor.default-dispatcher-6] INFO  o.a.z.ZooKeeper  - Client environment:os.name=Linux
12:27:26.442 [worker-akka.actor.default-dispatcher-6] INFO  o.a.z.ZooKeeper  - Client environment:os.arch=amd64
12:27:26.442 [worker-akka.actor.default-dispatcher-6] INFO  o.a.z.ZooKeeper  - Client environment:os.version=4.15.0-1040-gcp
12:27:26.443 [worker-akka.actor.default-dispatcher-6] INFO  o.a.z.ZooKeeper  - Client environment:user.name=ubuntu
12:27:26.444 [worker-akka.actor.default-dispatcher-6] INFO  o.a.z.ZooKeeper  - Client environment:user.home=/home/ubuntu
12:27:26.444 [worker-akka.actor.default-dispatcher-6] INFO  o.a.z.ZooKeeper  - Client environment:user.dir=/home/ubuntu/flamestream
12:27:26.448 [worker-akka.actor.default-dispatcher-6] INFO  o.a.z.ZooKeeper  - Initiating client connection, connectString=flamestream-benchmarks-manager:12181 sessionTimeout=60000 watcher=org.apache.curator.ConnectionState@652f61e2
12:27:26.512 [worker-akka.actor.default-dispatcher-6-SendThread(flamestream-benchmarks-manager:12181)] INFO  o.a.z.ClientCnxn  - Opening socket connection to server flamestream-benchmarks-manager/10.0.0.21:12181. Will not attempt to authenticate using SASL (unknown error)
12:27:26.515 [worker-akka.actor.default-dispatcher-6] INFO  o.a.c.f.i.CuratorFrameworkImpl  - Default schema
12:27:26.522 [worker-akka.actor.default-dispatcher-6-SendThread(flamestream-benchmarks-manager:12181)] INFO  o.a.z.ClientCnxn  - Socket connection established to flamestream-benchmarks-manager/10.0.0.21:12181, initiating session
12:27:26.538 [worker-akka.actor.default-dispatcher-6-SendThread(flamestream-benchmarks-manager:12181)] INFO  o.a.z.ClientCnxn  - Session establishment complete on server flamestream-benchmarks-manager/10.0.0.21:12181, sessionid = 0x100005c675e0008, negotiated timeout = 60000
12:27:26.551 [worker-akka.actor.default-dispatcher-6-EventThread] INFO  o.a.c.f.s.ConnectionStateManager  - State change: CONNECTED
12:27:26.555 [worker-akka.actor.default-dispatcher-9] INFO  a.a.RepointableActorRef akka://worker/user/watcher - Initializing rocksDB backend
2019-10-10T12:27:27.684+0000: 5.208: [Full GC (Metadata GC Threshold) 2019-10-10T12:27:27.684+0000: 5.208: [Tenured: 13624K->25920K(1024000K), 0.0954474 secs] 161115K->25920K(1484800K), [Metaspace: 33670K->33670K(1079296K)], 0.0955455 secs] [Times: user=0.09 sys=0.00, real=0.10 secs] 
12:27:27.894 [worker-akka.actor.default-dispatcher-6] INFO  a.a.LocalActorRef akka://worker/user/watcher/processing-watcher - Starting...
12:27:33.948 [Curator-PathChildrenCache-2] WARN  o.a.c.u.ZKPaths  - The version of ZooKeeper being used doesn't support Container nodes. CreateMode.PERSISTENT will be used instead.
12:27:34.088 [worker-akka.actor.default-dispatcher-6] INFO  a.a.LocalActorRef akka://worker/user/watcher/processing-watcher/$a - Starting...
12:27:34.126 [worker-akka.actor.default-dispatcher-10] INFO  a.a.LocalActorRef akka://worker/user/watcher/processing-watcher/$a - Stopped
12:27:35.769 [worker-akka.actor.default-dispatcher-10] INFO  a.a.LocalActorRef akka://worker/user/watcher/processing-watcher/graph/graph - Starting...
12:27:39.194 [worker-akka.actor.default-dispatcher-10] INFO  a.a.LocalActorRef akka://worker/user/watcher/processing-watcher/graph/graph - Finishing constructor
12:27:39.197 [worker-akka.actor.default-dispatcher-10] INFO  a.a.LocalActorRef akka://worker/user/watcher/processing-watcher/graph/negotiator - Starting...
12:27:39.200 [worker-akka.actor.default-dispatcher-9] INFO  a.a.LocalActorRef akka://worker/user/watcher/processing-watcher/graph/edge - Starting...
12:27:39.206 [worker-akka.actor.default-dispatcher-10] INFO  a.a.LocalActorRef akka://worker/user/watcher/processing-watcher/graph - Starting FlameNode with config 'ClusterConfig{paths={flamestream-benchmarks-worker-1=akka://worker@flamestream-benchmarks-worker-1:5412/user/watcher/processing-watcher/graph, flamestream-benchmarks-worker-0=akka://worker@flamestream-benchmarks-worker-0:5412/user/watcher/processing-watcher/graph, flamestream-benchmarks-worker-9=akka://worker@flamestream-benchmarks-worker-9:5412/user/watcher/processing-watcher/graph, flamestream-benchmarks-worker-8=akka://worker@flamestream-benchmarks-worker-8:5412/user/watcher/processing-watcher/graph, flamestream-benchmarks-worker-7=akka://worker@flamestream-benchmarks-worker-7:5412/user/watcher/processing-watcher/graph, flamestream-benchmarks-worker-6=akka://worker@flamestream-benchmarks-worker-6:5412/user/watcher/processing-watcher/graph, flamestream-benchmarks-worker-5=akka://worker@flamestream-benchmarks-worker-5:5412/user/watcher/processing-watcher/graph, flamestream-benchmarks-worker-4=akka://worker@flamestream-benchmarks-worker-4:5412/user/watcher/processing-watcher/graph, flamestream-benchmarks-worker-3=akka://worker@flamestream-benchmarks-worker-3:5412/user/watcher/processing-watcher/graph, flamestream-benchmarks-worker-2=akka://worker@flamestream-benchmarks-worker-2:5412/user/watcher/processing-watcher/graph, flamestream-benchmarks-worker-14=akka://worker@flamestream-benchmarks-worker-14:5412/user/watcher/processing-watcher/graph, flamestream-benchmarks-worker-13=akka://worker@flamestream-benchmarks-worker-13:5412/user/watcher/processing-watcher/graph, flamestream-benchmarks-worker-12=akka://worker@flamestream-benchmarks-worker-12:5412/user/watcher/processing-watcher/graph, flamestream-benchmarks-worker-11=akka://worker@flamestream-benchmarks-worker-11:5412/user/watcher/processing-watcher/graph, flamestream-benchmarks-worker-10=akka://worker@flamestream-benchmarks-worker-10:5412/user/watcher/processing-watcher/graph}}'
12:27:39.221 [worker-akka.actor.default-dispatcher-9] INFO  a.a.LocalActorRef akka://worker/user/watcher/processing-watcher/graph/negotiator - Requesting ticket for the frontClass FlameSocketGraphDeployerFront@flamestream-benchmarks-worker-5
12:27:39.275 [worker-akka.actor.default-dispatcher-10] INFO  a.a.LocalActorRef akka://worker/user/watcher/processing-watcher/graph/graph - Received last commit 'LastCommit{globalTime=(0000000, min@min)}'
12:27:39.318 [worker-akka.actor.default-dispatcher-12] INFO  c.s.f.r.e.s.SocketRear  - FlameSocketGraphDeployerRear@flamestream-benchmarks-worker-5: connecting to flamestream-benchmarks-manager:5678
12:27:39.333 [worker-akka.actor.default-dispatcher-10] INFO  a.a.LocalActorRef akka://worker/user/watcher/processing-watcher/graph/edge/FlameSocketGraphDeployerFront - Starting...
12:27:39.346 [worker-akka.actor.default-dispatcher-12] INFO  c.s.f.r.e.s.SocketRear  - FlameSocketGraphDeployerRear@flamestream-benchmarks-worker-5: connected to flamestream-benchmarks-manager:5678
12:27:39.347 [worker-akka.actor.default-dispatcher-12] INFO  a.a.LocalActorRef akka://worker/user/watcher/processing-watcher/graph/negotiator - Ticket for the frontClass received: FrontTicket{allowedTimestamp=(0000000, FlameSocketGraphDeployerFront@flamestream-benchmarks-worker-5)}
12:27:39.347 [worker-akka.actor.default-dispatcher-12] INFO  a.a.LocalActorRef akka://worker/user/watcher/processing-watcher/graph/edge/FlameSocketGraphDeployerRear - Starting...
12:27:39.349 [worker-akka.actor.default-dispatcher-6] INFO  c.s.f.r.e.s.SocketFront  - FlameSocketGraphDeployerFront@flamestream-benchmarks-worker-5: connecting to flamestream-benchmarks-manager:4567
12:27:39.561 [worker-akka.actor.default-dispatcher-6] INFO  a.a.LocalActorRef akka://worker/user/watcher/processing-watcher/graph/graph/$a - Starting...
12:27:39.565 [worker-akka.actor.default-dispatcher-6] INFO  a.a.LocalActorRef akka://worker/user/watcher/processing-watcher/graph/graph/$b - Starting...
12:27:39.571 [worker-akka.actor.default-dispatcher-6] INFO  a.a.LocalActorRef akka://worker/user/watcher/processing-watcher/graph/graph/$c - Starting...
12:27:39.573 [worker-akka.actor.default-dispatcher-6] INFO  a.a.LocalActorRef akka://worker/user/watcher/processing-watcher/graph/graph/$d - Starting...
12:27:39.576 [worker-akka.actor.default-dispatcher-6] INFO  a.a.LocalActorRef akka://worker/user/watcher/processing-watcher/graph/graph/$e - Starting...
12:27:39.579 [worker-akka.actor.default-dispatcher-6] INFO  a.a.LocalActorRef akka://worker/user/watcher/processing-watcher/graph/graph/$f - Starting...
12:27:39.581 [worker-akka.actor.default-dispatcher-6] INFO  a.a.LocalActorRef akka://worker/user/watcher/processing-watcher/graph/graph/$g - Starting...
12:27:39.584 [worker-akka.actor.default-dispatcher-6] INFO  a.a.LocalActorRef akka://worker/user/watcher/processing-watcher/graph/graph/$h - Starting...
12:27:39.587 [worker-akka.actor.default-dispatcher-6] INFO  a.a.LocalActorRef akka://worker/user/watcher/processing-watcher/graph/graph/$i - Starting...
12:27:39.589 [worker-akka.actor.default-dispatcher-6] INFO  a.a.LocalActorRef akka://worker/user/watcher/processing-watcher/graph/graph/$j - Starting...
12:27:39.592 [worker-akka.actor.default-dispatcher-6] INFO  a.a.LocalActorRef akka://worker/user/watcher/processing-watcher/graph/graph/$k - Starting...
12:27:39.595 [worker-akka.actor.default-dispatcher-6] INFO  a.a.LocalActorRef akka://worker/user/watcher/processing-watcher/graph/graph/$l - Starting...
12:27:39.598 [worker-akka.actor.default-dispatcher-6] INFO  a.a.LocalActorRef akka://worker/user/watcher/processing-watcher/graph/graph/$m - Starting...
12:27:39.604 [worker-akka.actor.default-dispatcher-6] INFO  a.a.LocalActorRef akka://worker/user/watcher/processing-watcher/graph/graph/$n - Starting...
12:27:39.606 [worker-akka.actor.default-dispatcher-6] INFO  a.a.LocalActorRef akka://worker/user/watcher/processing-watcher/graph/graph/$o - Starting...
12:27:39.612 [worker-akka.actor.default-dispatcher-6] INFO  a.a.LocalActorRef akka://worker/user/watcher/processing-watcher/graph/graph/$p - Starting...
12:27:39.615 [worker-akka.actor.default-dispatcher-6] INFO  a.a.LocalActorRef akka://worker/user/watcher/processing-watcher/graph/graph/$q - Starting...
12:27:39.618 [worker-akka.actor.default-dispatcher-6] INFO  a.a.LocalActorRef akka://worker/user/watcher/processing-watcher/graph/graph/$r - Starting...
12:27:39.620 [worker-akka.actor.default-dispatcher-6] INFO  a.a.LocalActorRef akka://worker/user/watcher/processing-watcher/graph/graph/$s - Starting...
12:27:39.622 [worker-akka.actor.default-dispatcher-6] INFO  a.a.LocalActorRef akka://worker/user/watcher/processing-watcher/graph/graph/$t - Starting...
12:27:39.625 [worker-akka.actor.default-dispatcher-6] INFO  a.a.LocalActorRef akka://worker/user/watcher/processing-watcher/graph/graph/$u - Starting...
12:27:39.627 [worker-akka.actor.default-dispatcher-6] INFO  a.a.LocalActorRef akka://worker/user/watcher/processing-watcher/graph/graph/$v - Starting...
12:27:39.638 [worker-akka.actor.default-dispatcher-6] INFO  a.a.LocalActorRef akka://worker/user/watcher/processing-watcher/graph/graph/$w - Starting...
12:27:39.662 [worker-akka.actor.default-dispatcher-6] INFO  a.a.LocalActorRef akka://worker/user/watcher/processing-watcher/graph/graph/$x - Starting...
12:27:39.667 [worker-akka.actor.default-dispatcher-6] INFO  a.a.LocalActorRef akka://worker/user/watcher/processing-watcher/graph/graph/$y - Starting...
12:27:39.670 [worker-akka.actor.default-dispatcher-6] INFO  a.a.LocalActorRef akka://worker/user/watcher/processing-watcher/graph/graph/$z - Starting...
12:27:39.674 [worker-akka.actor.default-dispatcher-6] INFO  a.a.LocalActorRef akka://worker/user/watcher/processing-watcher/graph/graph/$A - Starting...
12:27:39.676 [worker-akka.actor.default-dispatcher-12] INFO  a.a.LocalActorRef akka://worker/user/watcher/processing-watcher/graph/graph/$B - Starting...
12:27:39.683 [worker-akka.actor.default-dispatcher-12] INFO  a.a.LocalActorRef akka://worker/user/watcher/processing-watcher/graph/graph/$C - Starting...
12:27:39.686 [worker-akka.actor.default-dispatcher-12] INFO  a.a.LocalActorRef akka://worker/user/watcher/processing-watcher/graph/graph/$D - Starting...
12:27:39.688 [worker-akka.actor.default-dispatcher-12] INFO  a.a.LocalActorRef akka://worker/user/watcher/processing-watcher/graph/graph/$w - Attached rear to graph (-9223372036854775808, min@min)
12:27:39.688 [worker-akka.actor.default-dispatcher-12] INFO  a.a.LocalActorRef akka://worker/user/watcher/processing-watcher/graph/graph/$F - Starting...
12:27:39.688 [worker-akka.actor.default-dispatcher-12] INFO  a.a.LocalActorRef akka://worker/user/watcher/processing-watcher/graph/graph/$G - Starting...
12:27:39.689 [worker-akka.actor.default-dispatcher-12] INFO  a.a.LocalActorRef akka://worker/user/watcher/processing-watcher/graph/graph/$H - Starting...
12:27:39.689 [worker-akka.actor.default-dispatcher-12] INFO  a.a.LocalActorRef akka://worker/user/watcher/processing-watcher/graph/graph/$E - Starting...
2019-10-10T12:27:52.424+0000: 29.947: [GC (Allocation Failure) 2019-10-10T12:27:52.424+0000: 29.947: [DefNew: 409600K->30560K(460800K), 0.0460894 secs] 435520K->56480K(1484800K), 0.0461976 secs] [Times: user=0.01 sys=0.03, real=0.05 secs] 
2019-10-10T12:27:59.904+0000: 37.428: [GC (Allocation Failure) 2019-10-10T12:27:59.904+0000: 37.428: [DefNew: 440160K->74K(460800K), 0.0313930 secs] 466080K->54065K(1484800K), 0.0314993 secs] [Times: user=0.02 sys=0.02, real=0.03 secs] 
2019-10-10T12:28:05.422+0000: 42.947: [GC (Allocation Failure) 2019-10-10T12:28:05.424+0000: 42.947: [DefNew: 409674K->100K(460800K), 0.0030506 secs] 463665K->54091K(1484800K), 0.0045348 secs] [Times: user=0.00 sys=0.01, real=0.00 secs] 
2019-10-10T12:28:10.302+0000: 47.826: [GC (Allocation Failure) 2019-10-10T12:28:10.302+0000: 47.826: [DefNew: 409700K->51K(460800K), 0.0026827 secs] 463691K->54042K(1484800K), 0.0027694 secs] [Times: user=0.00 sys=0.00, real=0.00 secs] 
2019-10-10T12:28:15.085+0000: 52.609: [GC (Allocation Failure) 2019-10-10T12:28:15.085+0000: 52.609: [DefNew: 409651K->109K(460800K), 0.0028152 secs] 463642K->54099K(1484800K), 0.0029075 secs] [Times: user=0.00 sys=0.00, real=0.01 secs] 
2019-10-10T12:28:19.767+0000: 57.290: [GC (Allocation Failure) 2019-10-10T12:28:19.767+0000: 57.291: [DefNew: 409709K->66K(460800K), 0.0027447 secs] 463699K->54057K(1484800K), 0.0028489 secs] [Times: user=0.00 sys=0.00, real=0.01 secs] 
2019-10-10T12:28:25.320+0000: 62.844: [GC (Allocation Failure) 2019-10-10T12:28:25.320+0000: 62.844: [DefNew: 409666K->366K(460800K), 0.0076208 secs] 463657K->54357K(1484800K), 0.0077292 secs] [Times: user=0.00 sys=0.00, real=0.01 secs] 
2019-10-10T12:28:32.391+0000: 69.914: [GC (Allocation Failure) 2019-10-10T12:28:32.391+0000: 69.914: [DefNew: 409966K->404K(460800K), 0.0041793 secs] 463957K->54395K(1484800K), 0.0043288 secs] [Times: user=0.01 sys=0.00, real=0.00 secs] 
2019-10-10T12:28:37.938+0000: 75.461: [GC (Allocation Failure) 2019-10-10T12:28:37.938+0000: 75.461: [DefNew: 410004K->341K(460800K), 0.0035175 secs] 463995K->54332K(1484800K), 0.0036116 secs] [Times: user=0.01 sys=0.00, real=0.01 secs] 
2019-10-10T12:28:43.723+0000: 81.246: [GC (Allocation Failure) 2019-10-10T12:28:43.723+0000: 81.246: [DefNew: 409941K->290K(460800K), 0.0034065 secs] 463932K->54280K(1484800K), 0.0035529 secs] [Times: user=0.01 sys=0.00, real=0.00 secs] 
2019-10-10T12:28:49.670+0000: 87.193: [GC (Allocation Failure) 2019-10-10T12:28:49.670+0000: 87.193: [DefNew: 409890K->504K(460800K), 0.0039597 secs] 463880K->54495K(1484800K), 0.0040900 secs] [Times: user=0.01 sys=0.00, real=0.00 secs] 
2019-10-10T12:28:55.247+0000: 92.772: [GC (Allocation Failure) 2019-10-10T12:28:55.248+0000: 92.772: [DefNew: 410104K->293K(460800K), 0.0036690 secs] 464095K->54284K(1484800K), 0.0052880 secs] [Times: user=0.01 sys=0.00, real=0.01 secs] 
2019-10-10T12:29:01.689+0000: 99.212: [GC (Allocation Failure) 2019-10-10T12:29:01.689+0000: 99.212: [DefNew: 409893K->415K(460800K), 0.0036213 secs] 463884K->54406K(1484800K), 0.0037120 secs] [Times: user=0.01 sys=0.00, real=0.00 secs] 
2019-10-10T12:29:07.296+0000: 104.819: [GC (Allocation Failure) 2019-10-10T12:29:07.296+0000: 104.819: [DefNew: 410015K->271K(460800K), 0.0034250 secs] 464006K->54261K(1484800K), 0.0035269 secs] [Times: user=0.00 sys=0.00, real=0.00 secs] 
2019-10-10T12:29:12.814+0000: 110.337: [GC (Allocation Failure) 2019-10-10T12:29:12.814+0000: 110.337: [DefNew: 409871K->276K(460800K), 0.0033756 secs] 463861K->54266K(1484800K), 0.0034843 secs] [Times: user=0.00 sys=0.00, real=0.00 secs] 
2019-10-10T12:29:18.269+0000: 115.792: [GC (Allocation Failure) 2019-10-10T12:29:18.269+0000: 115.792: [DefNew: 409876K->286K(460800K), 0.0035651 secs] 463866K->54277K(1484800K), 0.0036501 secs] [Times: user=0.00 sys=0.00, real=0.00 secs] 
2019-10-10T12:29:23.790+0000: 121.313: [GC (Allocation Failure) 2019-10-10T12:29:23.790+0000: 121.313: [DefNew: 409886K->333K(460800K), 0.0035228 secs] 463877K->54330K(1484800K), 0.0036266 secs] [Times: user=0.00 sys=0.00, real=0.00 secs] 
2019-10-10T12:29:30.500+0000: 128.023: [GC (Allocation Failure) 2019-10-10T12:29:30.500+0000: 128.023: [DefNew: 409933K->556K(460800K), 0.0044144 secs] 463930K->54556K(1484800K), 0.0045234 secs] [Times: user=0.00 sys=0.00, real=0.00 secs] 
2019-10-10T12:29:36.526+0000: 134.049: [GC (Allocation Failure) 2019-10-10T12:29:36.526+0000: 134.049: [DefNew: 410156K->427K(460800K), 0.0034884 secs] 464156K->54428K(1484800K), 0.0035991 secs] [Times: user=0.00 sys=0.00, real=0.01 secs] 
2019-10-10T12:29:41.842+0000: 139.367: [GC (Allocation Failure) 2019-10-10T12:29:41.844+0000: 139.367: [DefNew: 410027K->350K(460800K), 0.0036180 secs] 464028K->54363K(1484800K), 0.0054079 secs] [Times: user=0.01 sys=0.00, real=0.00 secs] 
2019-10-10T12:29:47.208+0000: 144.733: [GC (Allocation Failure) 2019-10-10T12:29:47.210+0000: 144.733: [DefNew: 409950K->423K(460800K), 0.0039249 secs] 463963K->54437K(1484800K), 0.0054471 secs] [Times: user=0.00 sys=0.00, real=0.00 secs] 
2019-10-10T12:29:52.999+0000: 150.523: [GC (Allocation Failure) 2019-10-10T12:29:52.999+0000: 150.523: [DefNew: 410023K->293K(460800K), 0.0037946 secs] 464037K->54402K(1484800K), 0.0038875 secs] [Times: user=0.00 sys=0.00, real=0.01 secs] 
2019-10-10T12:29:58.556+0000: 156.081: [GC (Allocation Failure) 2019-10-10T12:29:58.558+0000: 156.081: [DefNew: 409893K->185K(460800K), 0.0035486 secs] 464002K->54351K(1484800K), 0.0050000 secs] [Times: user=0.00 sys=0.00, real=0.01 secs] 
2019-10-10T12:30:04.209+0000: 161.733: [GC (Allocation Failure) 2019-10-10T12:30:04.209+0000: 161.733: [DefNew: 409785K->338K(460800K), 0.0037122 secs] 463951K->54504K(1484800K), 0.0038236 secs] [Times: user=0.01 sys=0.00, real=0.00 secs] 
2019-10-10T12:30:09.756+0000: 167.279: [GC (Allocation Failure) 2019-10-10T12:30:09.756+0000: 167.279: [DefNew: 409938K->195K(460800K), 0.0029037 secs] 464104K->54362K(1484800K), 0.0029942 secs] [Times: user=0.00 sys=0.00, real=0.00 secs] 
2019-10-10T12:30:15.249+0000: 172.774: [GC (Allocation Failure) 2019-10-10T12:30:15.251+0000: 172.774: [DefNew: 409795K->215K(460800K), 0.0033465 secs] 463962K->54392K(1484800K), 0.0046254 secs] [Times: user=0.01 sys=0.00, real=0.00 secs] 
2019-10-10T12:30:20.890+0000: 178.413: [GC (Allocation Failure) 2019-10-10T12:30:20.890+0000: 178.413: [DefNew: 409815K->175K(460800K), 0.0029208 secs] 463992K->54353K(1484800K), 0.0030021 secs] [Times: user=0.00 sys=0.00, real=0.00 secs] 
2019-10-10T12:30:26.664+0000: 184.188: [GC (Allocation Failure) 2019-10-10T12:30:26.664+0000: 184.188: [DefNew: 409775K->230K(460800K), 0.0031354 secs] 463953K->54409K(1484800K), 0.0032304 secs] [Times: user=0.01 sys=0.00, real=0.00 secs] 
2019-10-10T12:30:32.108+0000: 189.633: [GC (Allocation Failure) 2019-10-10T12:30:32.109+0000: 189.633: [DefNew: 409830K->224K(460800K), 0.0031452 secs] 464009K->54403K(1484800K), 0.0049713 secs] [Times: user=0.00 sys=0.00, real=0.01 secs] 
2019-10-10T12:30:37.533+0000: 195.058: [GC (Allocation Failure) 2019-10-10T12:30:37.535+0000: 195.058: [DefNew: 409824K->380K(460800K), 0.0036721 secs] 464003K->54564K(1484800K), 0.0050500 secs] [Times: user=0.00 sys=0.00, real=0.00 secs] 
2019-10-10T12:30:43.167+0000: 200.691: [GC (Allocation Failure) 2019-10-10T12:30:43.168+0000: 200.691: [DefNew: 409980K->355K(460800K), 0.0033659 secs] 464164K->54539K(1484800K), 0.0048414 secs] [Times: user=0.00 sys=0.00, real=0.01 secs] 
2019-10-10T12:30:48.665+0000: 206.188: [GC (Allocation Failure) 2019-10-10T12:30:48.665+0000: 206.188: [DefNew: 409955K->220K(460800K), 0.0028547 secs] 464139K->54404K(1484800K), 0.0029520 secs] [Times: user=0.00 sys=0.00, real=0.01 secs] 
2019-10-10T12:30:54.238+0000: 211.763: [GC (Allocation Failure) 2019-10-10T12:30:54.239+0000: 211.763: [DefNew: 409820K->137K(460800K), 0.0033427 secs] 464004K->54403K(1484800K), 0.0047248 secs] [Times: user=0.01 sys=0.00, real=0.01 secs] 
2019-10-10T12:30:59.610+0000: 217.134: [GC (Allocation Failure) 2019-10-10T12:30:59.610+0000: 217.134: [DefNew: 409737K->134K(460800K), 0.0029261 secs] 464003K->54403K(1484800K), 0.0030516 secs] [Times: user=0.00 sys=0.00, real=0.00 secs] 
2019-10-10T12:31:05.082+0000: 222.607: [GC (Allocation Failure) 2019-10-10T12:31:05.083+0000: 222.607: [DefNew: 409734K->135K(460800K), 0.0030312 secs] 464003K->54404K(1484800K), 0.0046505 secs] [Times: user=0.00 sys=0.00, real=0.00 secs] 
2019-10-10T12:31:10.786+0000: 228.309: [GC (Allocation Failure) 2019-10-10T12:31:10.786+0000: 228.310: [DefNew: 409735K->145K(460800K), 0.0028518 secs] 464004K->54414K(1484800K), 0.0029452 secs] [Times: user=0.00 sys=0.00, real=0.01 secs] 
2019-10-10T12:31:16.493+0000: 234.018: [GC (Allocation Failure) 2019-10-10T12:31:16.494+0000: 234.018: [DefNew: 409745K->295K(460800K), 0.0033943 secs] 464014K->54564K(1484800K), 0.0048994 secs] [Times: user=0.01 sys=0.00, real=0.00 secs] 
2019-10-10T12:31:22.240+0000: 239.764: [GC (Allocation Failure) 2019-10-10T12:31:22.241+0000: 239.764: [DefNew: 409895K->135K(460800K), 0.0029310 secs] 464164K->54404K(1484800K), 0.0030215 secs] [Times: user=0.00 sys=0.00, real=0.00 secs] 
2019-10-10T12:31:27.925+0000: 245.448: [GC (Allocation Failure) 2019-10-10T12:31:27.925+0000: 245.448: [DefNew: 409735K->351K(460800K), 0.0035144 secs] 464004K->54620K(1484800K), 0.0036117 secs] [Times: user=0.00 sys=0.00, real=0.01 secs] 
2019-10-10T12:31:33.196+0000: 250.721: [GC (Allocation Failure) 2019-10-10T12:31:33.197+0000: 250.721: [DefNew: 409951K->167K(460800K), 0.0030743 secs] 464220K->54436K(1484800K), 0.0045419 secs] [Times: user=0.00 sys=0.00, real=0.01 secs] 
2019-10-10T12:31:38.783+0000: 256.307: [GC (Allocation Failure) 2019-10-10T12:31:38.783+0000: 256.307: [DefNew: 409767K->168K(460800K), 0.0028456 secs] 464036K->54437K(1484800K), 0.0029586 secs] [Times: user=0.00 sys=0.00, real=0.00 secs] 
2019-10-10T12:31:44.281+0000: 261.806: [GC (Allocation Failure) 2019-10-10T12:31:44.283+0000: 261.806: [DefNew: 409768K->278K(460800K), 0.0033179 secs] 464037K->54547K(1484800K), 0.0050183 secs] [Times: user=0.00 sys=0.00, real=0.00 secs] 
2019-10-10T12:31:49.782+0000: 267.305: [GC (Allocation Failure) 2019-10-10T12:31:49.782+0000: 267.305: [DefNew: 409878K->117K(460800K), 0.0028300 secs] 464147K->54436K(1484800K), 0.0029255 secs] [Times: user=0.00 sys=0.00, real=0.00 secs] 
2019-10-10T12:31:55.469+0000: 272.994: [GC (Allocation Failure) 2019-10-10T12:31:55.470+0000: 272.994: [DefNew: 409717K->368K(460800K), 0.0038471 secs] 464036K->54688K(1484800K), 0.0053841 secs] [Times: user=0.01 sys=0.00, real=0.00 secs] 
2019-10-10T12:32:00.716+0000: 278.241: [GC (Allocation Failure) 2019-10-10T12:32:00.718+0000: 278.241: [DefNew: 409968K->184K(460800K), 0.0031225 secs] 464288K->54504K(1484800K), 0.0043955 secs] [Times: user=0.01 sys=0.00, real=0.01 secs] 
2019-10-10T12:32:06.146+0000: 283.670: [GC (Allocation Failure) 2019-10-10T12:32:06.147+0000: 283.670: [DefNew: 409784K->191K(460800K), 0.0030951 secs] 464104K->54511K(1484800K), 0.0043822 secs] [Times: user=0.00 sys=0.00, real=0.01 secs] 
2019-10-10T12:32:11.553+0000: 289.077: [GC (Allocation Failure) 2019-10-10T12:32:11.554+0000: 289.077: [DefNew: 409791K->136K(460800K), 0.0031576 secs] 464111K->54456K(1484800K), 0.0047473 secs] [Times: user=0.00 sys=0.00, real=0.00 secs] 
2019-10-10T12:32:16.906+0000: 294.431: [GC (Allocation Failure) 2019-10-10T12:32:16.907+0000: 294.431: [DefNew: 409736K->181K(460800K), 0.0033193 secs] 464056K->54501K(1484800K), 0.0049167 secs] [Times: user=0.00 sys=0.00, real=0.01 secs] 
2019-10-10T12:32:23.170+0000: 300.694: [GC (Allocation Failure) 2019-10-10T12:32:23.170+0000: 300.694: [DefNew: 409781K->120K(460800K), 0.0030896 secs] 464101K->54441K(1484800K), 0.0031847 secs] [Times: user=0.00 sys=0.00, real=0.00 secs] 
2019-10-10T12:32:28.571+0000: 306.095: [GC (Allocation Failure) 2019-10-10T12:32:28.572+0000: 306.096: [DefNew: 409720K->222K(460800K), 0.0033634 secs] 464041K->54543K(1484800K), 0.0048573 secs] [Times: user=0.00 sys=0.00, real=0.00 secs] 
2019-10-10T12:32:33.880+0000: 311.405: [GC (Allocation Failure) 2019-10-10T12:32:33.881+0000: 311.405: [DefNew: 409822K->141K(460800K), 0.0030052 secs] 464143K->54461K(1484800K), 0.0045882 secs] [Times: user=0.01 sys=0.00, real=0.00 secs] 
2019-10-10T12:32:39.305+0000: 316.830: [GC (Allocation Failure) 2019-10-10T12:32:39.307+0000: 316.830: [DefNew: 409741K->149K(460800K), 0.0034724 secs] 464061K->54469K(1484800K), 0.0050026 secs] [Times: user=0.00 sys=0.00, real=0.01 secs] 
2019-10-10T12:32:44.553+0000: 322.076: [GC (Allocation Failure) 2019-10-10T12:32:44.553+0000: 322.076: [DefNew: 409749K->142K(460800K), 0.0030277 secs] 464069K->54463K(1484800K), 0.0031226 secs] [Times: user=0.00 sys=0.00, real=0.00 secs] 
2019-10-10T12:32:50.021+0000: 327.546: [GC (Allocation Failure) 2019-10-10T12:32:50.023+0000: 327.546: [DefNew: 409742K->299K(460800K), 0.0038111 secs] 464063K->54651K(1484800K), 0.0051248 secs] [Times: user=0.00 sys=0.00, real=0.00 secs] 
2019-10-10T12:32:55.284+0000: 332.809: [GC (Allocation Failure) 2019-10-10T12:32:55.285+0000: 332.809: [DefNew: 409899K->106K(460800K), 0.0030833 secs] 464251K->54458K(1484800K), 0.0044391 secs] [Times: user=0.00 sys=0.00, real=0.01 secs] 
2019-10-10T12:33:01.236+0000: 338.759: [GC (Allocation Failure) 2019-10-10T12:33:01.236+0000: 338.759: [DefNew: 409706K->110K(460800K), 0.0027824 secs] 464058K->54462K(1484800K), 0.0028787 secs] [Times: user=0.01 sys=0.00, real=0.00 secs] 
2019-10-10T12:33:06.643+0000: 344.167: [GC (Allocation Failure) 2019-10-10T12:33:06.643+0000: 344.167: [DefNew: 409710K->107K(460800K), 0.0029476 secs] 464062K->54459K(1484800K), 0.0030545 secs] [Times: user=0.00 sys=0.00, real=0.00 secs] 
2019-10-10T12:33:12.144+0000: 349.669: [GC (Allocation Failure) 2019-10-10T12:33:12.145+0000: 349.669: [DefNew: 409707K->280K(460800K), 0.0033686 secs] 464059K->54632K(1484800K), 0.0049817 secs] [Times: user=0.00 sys=0.00, real=0.01 secs] 
2019-10-10T12:33:17.510+0000: 355.035: [GC (Allocation Failure) 2019-10-10T12:33:17.512+0000: 355.035: [DefNew: 409880K->154K(460800K), 0.0030688 secs] 464232K->54506K(1484800K), 0.0046782 secs] [Times: user=0.01 sys=0.00, real=0.00 secs] 
2019-10-10T12:33:22.948+0000: 360.473: [GC (Allocation Failure) 2019-10-10T12:33:22.950+0000: 360.473: [DefNew: 409754K->108K(460800K), 0.0029794 secs] 464106K->54460K(1484800K), 0.0042620 secs] [Times: user=0.00 sys=0.00, real=0.00 secs] 
2019-10-10T12:33:28.830+0000: 366.353: [GC (Allocation Failure) 2019-10-10T12:33:28.830+0000: 366.353: [DefNew: 409708K->142K(460800K), 0.0030599 secs] 464060K->54494K(1484800K), 0.0031558 secs] [Times: user=0.01 sys=0.00, real=0.00 secs] 
2019-10-10T12:33:34.287+0000: 371.812: [GC (Allocation Failure) 2019-10-10T12:33:34.288+0000: 371.812: [DefNew: 409742K->304K(460800K), 0.0035771 secs] 464094K->54656K(1484800K), 0.0049425 secs] [Times: user=0.00 sys=0.00, real=0.01 secs] 
2019-10-10T12:33:39.617+0000: 377.140: [GC (Allocation Failure) 2019-10-10T12:33:39.617+0000: 377.140: [DefNew: 409904K->168K(460800K), 0.0029869 secs] 464256K->54520K(1484800K), 0.0030862 secs] [Times: user=0.00 sys=0.00, real=0.01 secs] 
2019-10-10T12:33:45.117+0000: 382.640: [GC (Allocation Failure) 2019-10-10T12:33:45.117+0000: 382.640: [DefNew: 409768K->128K(460800K), 0.0029297 secs] 464120K->54487K(1484800K), 0.0030763 secs] [Times: user=0.00 sys=0.00, real=0.01 secs] 
2019-10-10T12:33:50.482+0000: 388.007: [GC (Allocation Failure) 2019-10-10T12:33:50.483+0000: 388.007: [DefNew: 409728K->92K(460800K), 0.0031834 secs] 464087K->54467K(1484800K), 0.0046361 secs] [Times: user=0.00 sys=0.00, real=0.00 secs] 
2019-10-10T12:33:55.926+0000: 393.449: [GC (Allocation Failure) 2019-10-10T12:33:55.926+0000: 393.449: [DefNew: 409692K->228K(460800K), 0.0030770 secs] 464067K->54602K(1484800K), 0.0032102 secs] [Times: user=0.01 sys=0.00, real=0.01 secs] 
2019-10-10T12:34:01.280+0000: 398.805: [GC (Allocation Failure) 2019-10-10T12:34:01.282+0000: 398.805: [DefNew: 409828K->91K(460800K), 0.0029779 secs] 464202K->54466K(1484800K), 0.0042449 secs] [Times: user=0.00 sys=0.00, real=0.00 secs] 
2019-10-10T12:34:06.783+0000: 404.307: [GC (Allocation Failure) 2019-10-10T12:34:06.783+0000: 404.307: [DefNew: 409691K->161K(460800K), 0.0032482 secs] 464066K->54536K(1484800K), 0.0033339 secs] [Times: user=0.01 sys=0.00, real=0.00 secs] 
2019-10-10T12:34:11.974+0000: 409.498: [GC (Allocation Failure) 2019-10-10T12:34:11.975+0000: 409.499: [DefNew: 409761K->102K(460800K), 0.0030665 secs] 464136K->54476K(1484800K), 0.0047081 secs] [Times: user=0.00 sys=0.00, real=0.00 secs] 
2019-10-10T12:34:17.466+0000: 414.989: [GC (Allocation Failure) 2019-10-10T12:34:17.466+0000: 414.989: [DefNew: 409702K->91K(460800K), 0.0029909 secs] 464076K->54465K(1484800K), 0.0030816 secs] [Times: user=0.01 sys=0.00, real=0.01 secs] 
2019-10-10T12:34:22.608+0000: 420.132: [GC (Allocation Failure) 2019-10-10T12:34:22.608+0000: 420.132: [DefNew: 409691K->99K(460800K), 0.0029003 secs] 464065K->54474K(1484800K), 0.0029974 secs] [Times: user=0.00 sys=0.00, real=0.00 secs] 
2019-10-10T12:34:28.065+0000: 425.590: [GC (Allocation Failure) 2019-10-10T12:34:28.066+0000: 425.590: [DefNew: 409699K->119K(460800K), 0.0030558 secs] 464074K->54494K(1484800K), 0.0045015 secs] [Times: user=0.00 sys=0.00, real=0.01 secs] 
2019-10-10T12:34:33.650+0000: 431.173: [GC (Allocation Failure) 2019-10-10T12:34:33.650+0000: 431.173: [DefNew: 409719K->331K(460800K), 0.0032734 secs] 464094K->54707K(1484800K), 0.0034004 secs] [Times: user=0.01 sys=0.00, real=0.00 secs] 
2019-10-10T12:34:39.241+0000: 436.766: [GC (Allocation Failure) 2019-10-10T12:34:39.243+0000: 436.766: [DefNew: 409931K->100K(460800K), 0.0030829 secs] 464307K->54475K(1484800K), 0.0046520 secs] [Times: user=0.00 sys=0.00, real=0.00 secs] 
2019-10-10T12:34:44.679+0000: 442.202: [GC (Allocation Failure) 2019-10-10T12:34:44.679+0000: 442.202: [DefNew: 409700K->224K(460800K), 0.0032251 secs] 464075K->54600K(1484800K), 0.0033368 secs] [Times: user=0.00 sys=0.00, real=0.01 secs] 
2019-10-10T12:34:50.083+0000: 447.607: [GC (Allocation Failure) 2019-10-10T12:34:50.083+0000: 447.607: [DefNew: 409824K->286K(460800K), 0.0037087 secs] 464200K->54668K(1484800K), 0.0039694 secs] [Times: user=0.00 sys=0.00, real=0.00 secs] 
2019-10-10T12:34:55.464+0000: 452.989: [GC (Allocation Failure) 2019-10-10T12:34:55.466+0000: 452.989: [DefNew: 409886K->95K(460800K), 0.0031257 secs] 464268K->54477K(1484800K), 0.0051363 secs] [Times: user=0.00 sys=0.00, real=0.01 secs] 
2019-10-10T12:35:00.814+0000: 458.337: [GC (Allocation Failure) 2019-10-10T12:35:00.814+0000: 458.337: [DefNew: 409695K->180K(460800K), 0.0032308 secs] 464077K->54562K(1484800K), 0.0033383 secs] [Times: user=0.01 sys=0.00, real=0.00 secs] 
12:35:05.415 [worker-akka.actor.default-dispatcher-10] INFO  a.r.a.Association(akka://worker) akka.remote.artery.Association(akka://worker) - Stopping idle outbound stream [2] to [akka://worker@flamestream-benchmarks-worker-0:5412]
2019-10-10T12:35:06.893+0000: 464.418: [GC (Allocation Failure) 2019-10-10T12:35:06.895+0000: 464.418: [DefNew: 409780K->279K(460800K), 0.0037975 secs] 464162K->54661K(1484800K), 0.0055865 secs] [Times: user=0.00 sys=0.00, real=0.00 secs] 
2019-10-10T12:35:12.729+0000: 470.254: [GC (Allocation Failure) 2019-10-10T12:35:12.731+0000: 470.254: [DefNew: 409879K->188K(460800K), 0.0034406 secs] 464261K->54570K(1484800K), 0.0054161 secs] [Times: user=0.01 sys=0.00, real=0.00 secs] 
2019-10-10T12:35:18.132+0000: 475.657: [GC (Allocation Failure) 2019-10-10T12:35:18.133+0000: 475.657: [DefNew: 409788K->258K(460800K), 0.0035215 secs] 464170K->54640K(1484800K), 0.0050245 secs] [Times: user=0.01 sys=0.00, real=0.00 secs] 
2019-10-10T12:35:23.664+0000: 481.189: [GC (Allocation Failure) 2019-10-10T12:35:23.665+0000: 481.189: [DefNew: 409858K->234K(460800K), 0.0033196 secs] 464240K->54616K(1484800K), 0.0046586 secs] [Times: user=0.01 sys=0.00, real=0.01 secs] 
2019-10-10T12:35:29.188+0000: 486.713: [GC (Allocation Failure) 2019-10-10T12:35:29.190+0000: 486.713: [DefNew: 409834K->189K(460800K), 0.0035184 secs] 464216K->54572K(1484800K), 0.0049654 secs] [Times: user=0.00 sys=0.00, real=0.00 secs] 
2019-10-10T12:35:34.508+0000: 492.033: [GC (Allocation Failure) 2019-10-10T12:35:34.509+0000: 492.033: [DefNew: 409789K->336K(460800K), 0.0037109 secs] 464172K->54719K(1484800K), 0.0051156 secs] [Times: user=0.01 sys=0.00, real=0.00 secs] 
2019-10-10T12:35:39.797+0000: 497.322: [GC (Allocation Failure) 2019-10-10T12:35:39.798+0000: 497.322: [DefNew: 409936K->255K(460800K), 0.0034603 secs] 464319K->54638K(1484800K), 0.0050781 secs] [Times: user=0.00 sys=0.00, real=0.01 secs] 
2019-10-10T12:35:45.330+0000: 502.854: [GC (Allocation Failure) 2019-10-10T12:35:45.331+0000: 502.855: [DefNew: 409855K->206K(460800K), 0.0035620 secs] 464238K->54588K(1484800K), 0.0049319 secs] [Times: user=0.01 sys=0.00, real=0.00 secs] 
2019-10-10T12:35:51.027+0000: 508.551: [GC (Allocation Failure) 2019-10-10T12:35:51.027+0000: 508.551: [DefNew: 409806K->201K(460800K), 0.0032259 secs] 464188K->54593K(1484800K), 0.0033156 secs] [Times: user=0.00 sys=0.00, real=0.01 secs] 
2019-10-10T12:35:56.519+0000: 514.043: [GC (Allocation Failure) 2019-10-10T12:35:56.520+0000: 514.043: [DefNew: 409801K->178K(460800K), 0.0030324 secs] 464193K->54571K(1484800K), 0.0045336 secs] [Times: user=0.01 sys=0.00, real=0.01 secs] 
2019-10-10T12:36:02.106+0000: 519.631: [GC (Allocation Failure) 2019-10-10T12:36:02.107+0000: 519.631: [DefNew: 409778K->179K(460800K), 0.0031986 secs] 464171K->54572K(1484800K), 0.0047302 secs] [Times: user=0.00 sys=0.00, real=0.01 secs] 
2019-10-10T12:36:07.534+0000: 525.058: [GC (Allocation Failure) 2019-10-10T12:36:07.534+0000: 525.058: [DefNew: 409779K->252K(460800K), 0.0031778 secs] 464172K->54645K(1484800K), 0.0032712 secs] [Times: user=0.00 sys=0.00, real=0.00 secs] 
2019-10-10T12:36:12.838+0000: 530.363: [GC (Allocation Failure) 2019-10-10T12:36:12.839+0000: 530.363: [DefNew: 409852K->179K(460800K), 0.0033577 secs] 464245K->54572K(1484800K), 0.0048395 secs] [Times: user=0.00 sys=0.00, real=0.01 secs] 
2019-10-10T12:36:18.119+0000: 535.642: [GC (Allocation Failure) 2019-10-10T12:36:18.119+0000: 535.642: [DefNew: 409779K->405K(460800K), 0.0035454 secs] 464172K->54798K(1484800K), 0.0036302 secs] [Times: user=0.00 sys=0.00, real=0.01 secs] 
2019-10-10T12:36:23.464+0000: 540.989: [GC (Allocation Failure) 2019-10-10T12:36:23.465+0000: 540.989: [DefNew: 410005K->180K(460800K), 0.0034114 secs] 464398K->54574K(1484800K), 0.0051190 secs] [Times: user=0.01 sys=0.00, real=0.01 secs] 
2019-10-10T12:36:28.880+0000: 546.403: [GC (Allocation Failure) 2019-10-10T12:36:28.880+0000: 546.403: [DefNew: 409780K->271K(460800K), 0.0038191 secs] 464174K->54733K(1484800K), 0.0039120 secs] [Times: user=0.00 sys=0.00, real=0.00 secs] 
2019-10-10T12:36:34.494+0000: 552.019: [GC (Allocation Failure) 2019-10-10T12:36:34.495+0000: 552.019: [DefNew: 409871K->129K(460800K), 0.0033464 secs] 464333K->54612K(1484800K), 0.0049579 secs] [Times: user=0.00 sys=0.00, real=0.00 secs] 
2019-10-10T12:36:39.793+0000: 557.316: [GC (Allocation Failure) 2019-10-10T12:36:39.793+0000: 557.316: [DefNew: 409729K->120K(460800K), 0.0027892 secs] 464212K->54603K(1484800K), 0.0028856 secs] [Times: user=0.00 sys=0.00, real=0.00 secs] 
2019-10-10T12:36:45.146+0000: 562.671: [GC (Allocation Failure) 2019-10-10T12:36:45.147+0000: 562.671: [DefNew: 409720K->94K(460800K), 0.0033683 secs] 464203K->54577K(1484800K), 0.0050474 secs] [Times: user=0.01 sys=0.00, real=0.01 secs] 
2019-10-10T12:36:50.638+0000: 568.161: [GC (Allocation Failure) 2019-10-10T12:36:50.638+0000: 568.161: [DefNew: 409694K->182K(460800K), 0.0030215 secs] 464177K->54671K(1484800K), 0.0031047 secs] [Times: user=0.00 sys=0.00, real=0.01 secs] 
2019-10-10T12:36:56.105+0000: 573.630: [GC (Allocation Failure) 2019-10-10T12:36:56.107+0000: 573.630: [DefNew: 409782K->88K(460800K), 0.0029454 secs] 464271K->54577K(1484800K), 0.0047817 secs] [Times: user=0.00 sys=0.00, real=0.01 secs] 
2019-10-10T12:37:01.400+0000: 578.925: [GC (Allocation Failure) 2019-10-10T12:37:01.402+0000: 578.925: [DefNew: 409688K->89K(460800K), 0.0029773 secs] 464177K->54578K(1484800K), 0.0043953 secs] [Times: user=0.00 sys=0.00, real=0.00 secs] 
2019-10-10T12:37:06.602+0000: 584.127: [GC (Allocation Failure) 2019-10-10T12:37:06.603+0000: 584.127: [DefNew: 409689K->210K(460800K), 0.0033488 secs] 464178K->54699K(1484800K), 0.0049808 secs] [Times: user=0.01 sys=0.00, real=0.00 secs] 
2019-10-10T12:37:11.851+0000: 589.376: [GC (Allocation Failure) 2019-10-10T12:37:11.853+0000: 589.376: [DefNew: 409810K->93K(460800K), 0.0030728 secs] 464299K->54582K(1484800K), 0.0045242 secs] [Times: user=0.01 sys=0.00, real=0.00 secs] 
2019-10-10T12:37:17.083+0000: 594.608: [GC (Allocation Failure) 2019-10-10T12:37:17.084+0000: 594.608: [DefNew: 409693K->131K(460800K), 0.0049213 secs] 464182K->54620K(1484800K), 0.0062834 secs] [Times: user=0.00 sys=0.00, real=0.01 secs] 
2019-10-10T12:37:22.421+0000: 599.946: [GC (Allocation Failure) 2019-10-10T12:37:22.422+0000: 599.946: [DefNew: 409731K->93K(460800K), 0.0030713 secs] 464220K->54581K(1484800K), 0.0044075 secs] [Times: user=0.00 sys=0.00, real=0.00 secs] 
2019-10-10T12:37:28.070+0000: 605.593: [GC (Allocation Failure) 2019-10-10T12:37:28.070+0000: 605.593: [DefNew: 409693K->113K(460800K), 0.0032627 secs] 464181K->54601K(1484800K), 0.0033526 secs] [Times: user=0.00 sys=0.00, real=0.00 secs] 
2019-10-10T12:37:33.376+0000: 610.901: [GC (Allocation Failure) 2019-10-10T12:37:33.378+0000: 610.901: [DefNew: 409713K->274K(460800K), 0.0036565 secs] 464201K->54763K(1484800K), 0.0051896 secs] [Times: user=0.00 sys=0.00, real=0.01 secs] 
2019-10-10T12:37:38.806+0000: 616.329: [GC (Allocation Failure) 2019-10-10T12:37:38.806+0000: 616.329: [DefNew: 409874K->166K(460800K), 0.0029396 secs] 464363K->54654K(1484800K), 0.0030414 secs] [Times: user=0.00 sys=0.00, real=0.01 secs] 
2019-10-10T12:37:44.181+0000: 621.706: [GC (Allocation Failure) 2019-10-10T12:37:44.182+0000: 621.706: [DefNew: 409766K->113K(460800K), 0.0033102 secs] 464254K->54602K(1484800K), 0.0049441 secs] [Times: user=0.00 sys=0.00, real=0.00 secs] 
2019-10-10T12:37:49.657+0000: 627.183: [GC (Allocation Failure) 2019-10-10T12:37:49.659+0000: 627.183: [DefNew: 409713K->458K(460800K), 0.0040007 secs] 464202K->54952K(1484800K), 0.0058322 secs] [Times: user=0.00 sys=0.00, real=0.01 secs] 
2019-10-10T12:37:54.984+0000: 632.508: [GC (Allocation Failure) 2019-10-10T12:37:54.985+0000: 632.508: [DefNew: 410058K->113K(460800K), 0.0028307 secs] 464552K->54607K(1484800K), 0.0029136 secs] [Times: user=0.00 sys=0.00, real=0.00 secs] 
2019-10-10T12:38:00.431+0000: 637.955: [GC (Allocation Failure) 2019-10-10T12:38:00.432+0000: 637.955: [DefNew: 409713K->142K(460800K), 0.0033279 secs] 464207K->54636K(1484800K), 0.0044432 secs] [Times: user=0.00 sys=0.00, real=0.00 secs] 
2019-10-10T12:38:05.651+0000: 643.175: [GC (Allocation Failure) 2019-10-10T12:38:05.651+0000: 643.175: [DefNew: 409742K->258K(460800K), 0.0034780 secs] 464236K->54753K(1484800K), 0.0035816 secs] [Times: user=0.00 sys=0.01, real=0.00 secs] 
2019-10-10T12:38:10.934+0000: 648.459: [GC (Allocation Failure) 2019-10-10T12:38:10.936+0000: 648.459: [DefNew: 409858K->119K(460800K), 0.0030109 secs] 464353K->54613K(1484800K), 0.0045147 secs] [Times: user=0.00 sys=0.01, real=0.00 secs] 
2019-10-10T12:38:16.315+0000: 653.840: [GC (Allocation Failure) 2019-10-10T12:38:16.317+0000: 653.840: [DefNew: 409719K->305K(460800K), 0.0037803 secs] 464213K->54799K(1484800K), 0.0056231 secs] [Times: user=0.01 sys=0.00, real=0.01 secs] 
2019-10-10T12:38:21.629+0000: 659.152: [GC (Allocation Failure) 2019-10-10T12:38:21.629+0000: 659.152: [DefNew: 409905K->106K(460800K), 0.0030150 secs] 464399K->54600K(1484800K), 0.0031168 secs] [Times: user=0.00 sys=0.00, real=0.00 secs] 
2019-10-10T12:38:27.176+0000: 664.701: [GC (Allocation Failure) 2019-10-10T12:38:27.178+0000: 664.701: [DefNew: 409706K->139K(460800K), 0.0031724 secs] 464200K->54633K(1484800K), 0.0045854 secs] [Times: user=0.01 sys=0.00, real=0.01 secs] 
2019-10-10T12:38:32.683+0000: 670.207: [GC (Allocation Failure) 2019-10-10T12:38:32.684+0000: 670.207: [DefNew: 409739K->142K(460800K), 0.0032099 secs] 464233K->54636K(1484800K), 0.0045762 secs] [Times: user=0.00 sys=0.00, real=0.00 secs] 
2019-10-10T12:38:38.116+0000: 675.641: [GC (Allocation Failure) 2019-10-10T12:38:38.118+0000: 675.641: [DefNew: 409742K->118K(460800K), 0.0032433 secs] 464236K->54612K(1484800K), 0.0047134 secs] [Times: user=0.01 sys=0.00, real=0.01 secs] 
2019-10-10T12:38:43.427+0000: 680.951: [GC (Allocation Failure) 2019-10-10T12:38:43.428+0000: 680.951: [DefNew: 409718K->206K(460800K), 0.0034361 secs] 464212K->54700K(1484800K), 0.0046964 secs] [Times: user=0.00 sys=0.00, real=0.01 secs] 
2019-10-10T12:38:48.845+0000: 686.368: [GC (Allocation Failure) 2019-10-10T12:38:48.845+0000: 686.368: [DefNew: 409806K->174K(460800K), 0.0030823 secs] 464300K->54691K(1484800K), 0.0031886 secs] [Times: user=0.00 sys=0.00, real=0.01 secs] 
2019-10-10T12:38:54.329+0000: 691.853: [GC (Allocation Failure) 2019-10-10T12:38:54.330+0000: 691.853: [DefNew: 409774K->98K(460800K), 0.0029626 secs] 464291K->54615K(1484800K), 0.0040224 secs] [Times: user=0.01 sys=0.00, real=0.00 secs] 
2019-10-10T12:38:59.690+0000: 697.213: [GC (Allocation Failure) 2019-10-10T12:38:59.690+0000: 697.213: [DefNew: 409698K->116K(460800K), 0.0029617 secs] 464215K->54633K(1484800K), 0.0030749 secs] [Times: user=0.00 sys=0.00, real=0.00 secs] 
2019-10-10T12:39:05.074+0000: 702.599: [GC (Allocation Failure) 2019-10-10T12:39:05.075+0000: 702.599: [DefNew: 409716K->96K(460800K), 0.0030007 secs] 464233K->54613K(1484800K), 0.0042162 secs] [Times: user=0.00 sys=0.00, real=0.00 secs] 
2019-10-10T12:39:10.421+0000: 707.945: [GC (Allocation Failure) 2019-10-10T12:39:10.422+0000: 707.945: [DefNew: 409696K->158K(460800K), 0.0032874 secs] 464213K->54676K(1484800K), 0.0046306 secs] [Times: user=0.01 sys=0.00, real=0.00 secs] 
2019-10-10T12:39:15.760+0000: 713.284: [GC (Allocation Failure) 2019-10-10T12:39:15.760+0000: 713.284: [DefNew: 409758K->94K(460800K), 0.0028481 secs] 464276K->54611K(1484800K), 0.0029363 secs] [Times: user=0.00 sys=0.00, real=0.00 secs] 
2019-10-10T12:39:21.090+0000: 718.615: [GC (Allocation Failure) 2019-10-10T12:39:21.092+0000: 718.615: [DefNew: 409694K->173K(460800K), 0.0032931 secs] 464211K->54690K(1484800K), 0.0047169 secs] [Times: user=0.01 sys=0.00, real=0.00 secs] 
2019-10-10T12:39:26.505+0000: 724.030: [GC (Allocation Failure) 2019-10-10T12:39:26.506+0000: 724.030: [DefNew: 409773K->112K(460800K), 0.0030690 secs] 464290K->54629K(1484800K), 0.0045882 secs] [Times: user=0.01 sys=0.00, real=0.01 secs] 
2019-10-10T12:39:31.935+0000: 729.459: [GC (Allocation Failure) 2019-10-10T12:39:31.935+0000: 729.459: [DefNew: 409712K->134K(460800K), 0.0028839 secs] 464229K->54651K(1484800K), 0.0029801 secs] [Times: user=0.00 sys=0.00, real=0.00 secs] 
2019-10-10T12:39:37.231+0000: 734.756: [GC (Allocation Failure) 2019-10-10T12:39:37.233+0000: 734.756: [DefNew: 409734K->142K(460800K), 0.0030588 secs] 464251K->54659K(1484800K), 0.0046741 secs] [Times: user=0.00 sys=0.00, real=0.00 secs] 
2019-10-10T12:39:42.503+0000: 740.028: [GC (Allocation Failure) 2019-10-10T12:39:42.505+0000: 740.028: [DefNew: 409742K->114K(460800K), 0.0031911 secs] 464259K->54631K(1484800K), 0.0046618 secs] [Times: user=0.00 sys=0.00, real=0.01 secs] 
2019-10-10T12:39:47.910+0000: 745.434: [GC (Allocation Failure) 2019-10-10T12:39:47.910+0000: 745.434: [DefNew: 409714K->106K(460800K), 0.0031913 secs] 464231K->54630K(1484800K), 0.0032868 secs] [Times: user=0.01 sys=0.00, real=0.00 secs] 
2019-10-10T12:39:53.239+0000: 750.762: [GC (Allocation Failure) 2019-10-10T12:39:53.239+0000: 750.762: [DefNew: 409706K->111K(460800K), 0.0030124 secs] 464230K->54639K(1484800K), 0.0031088 secs] [Times: user=0.00 sys=0.00, real=0.01 secs] 
2019-10-10T12:39:58.549+0000: 756.074: [GC (Allocation Failure) 2019-10-10T12:39:58.550+0000: 756.074: [DefNew: 409711K->175K(460800K), 0.0032754 secs] 464239K->54703K(1484800K), 0.0045650 secs] [Times: user=0.00 sys=0.00, real=0.00 secs] 
2019-10-10T12:40:03.914+0000: 761.438: [GC (Allocation Failure) 2019-10-10T12:40:03.914+0000: 761.438: [DefNew: 409775K->221K(460800K), 0.0032749 secs] 464303K->54749K(1484800K), 0.0033733 secs] [Times: user=0.01 sys=0.00, real=0.00 secs] 
2019-10-10T12:40:09.311+0000: 766.836: [GC (Allocation Failure) 2019-10-10T12:40:09.312+0000: 766.836: [DefNew: 409821K->104K(460800K), 0.0031831 secs] 464349K->54632K(1484800K), 0.0046128 secs] [Times: user=0.00 sys=0.00, real=0.00 secs] 
2019-10-10T12:40:14.674+0000: 772.198: [GC (Allocation Failure) 2019-10-10T12:40:14.674+0000: 772.198: [DefNew: 409704K->104K(460800K), 0.0028243 secs] 464232K->54632K(1484800K), 0.0029221 secs] [Times: user=0.00 sys=0.00, real=0.00 secs] 
2019-10-10T12:40:20.027+0000: 777.552: [GC (Allocation Failure) 2019-10-10T12:40:20.029+0000: 777.552: [DefNew: 409704K->103K(460800K), 0.0031925 secs] 464232K->54631K(1484800K), 0.0047095 secs] [Times: user=0.00 sys=0.00, real=0.01 secs] 
2019-10-10T12:40:25.451+0000: 782.975: [GC (Allocation Failure) 2019-10-10T12:40:25.451+0000: 782.975: [DefNew: 409703K->103K(460800K), 0.0029346 secs] 464231K->54631K(1484800K), 0.0030438 secs] [Times: user=0.01 sys=0.00, real=0.00 secs] 
2019-10-10T12:40:30.954+0000: 788.477: [GC (Allocation Failure) 2019-10-10T12:40:30.954+0000: 788.477: [DefNew: 409703K->117K(460800K), 0.0030533 secs] 464231K->54645K(1484800K), 0.0031568 secs] [Times: user=0.00 sys=0.00, real=0.00 secs] 
2019-10-10T12:40:36.330+0000: 793.855: [GC (Allocation Failure) 2019-10-10T12:40:36.332+0000: 793.855: [DefNew: 409717K->267K(460800K), 0.0033609 secs] 464245K->54795K(1484800K), 0.0048864 secs] [Times: user=0.00 sys=0.00, real=0.00 secs] 
2019-10-10T12:40:41.577+0000: 799.101: [GC (Allocation Failure) 2019-10-10T12:40:41.578+0000: 799.102: [DefNew: 409867K->132K(460800K), 0.0028881 secs] 464395K->54660K(1484800K), 0.0044261 secs] [Times: user=0.01 sys=0.00, real=0.01 secs] 
2019-10-10T12:40:47.031+0000: 804.556: [GC (Allocation Failure) 2019-10-10T12:40:47.033+0000: 804.556: [DefNew: 409732K->169K(460800K), 0.0032931 secs] 464260K->54715K(1484800K), 0.0046828 secs] [Times: user=0.01 sys=0.00, real=0.00 secs] 
2019-10-10T12:40:52.245+0000: 809.770: [GC (Allocation Failure) 2019-10-10T12:40:52.246+0000: 809.770: [DefNew: 409769K->98K(460800K), 0.0029544 secs] 464315K->54645K(1484800K), 0.0043729 secs] [Times: user=0.01 sys=0.00, real=0.01 secs] 
2019-10-10T12:40:57.544+0000: 815.067: [GC (Allocation Failure) 2019-10-10T12:40:57.544+0000: 815.067: [DefNew: 409698K->98K(460800K), 0.0027310 secs] 464245K->54644K(1484800K), 0.0028252 secs] [Times: user=0.00 sys=0.00, real=0.00 secs] 
2019-10-10T12:41:02.826+0000: 820.351: [GC (Allocation Failure) 2019-10-10T12:41:02.828+0000: 820.351: [DefNew: 409698K->98K(460800K), 0.0029763 secs] 464244K->54645K(1484800K), 0.0043622 secs] [Times: user=0.00 sys=0.00, real=0.01 secs] 
2019-10-10T12:41:08.055+0000: 825.580: [GC (Allocation Failure) 2019-10-10T12:41:08.056+0000: 825.580: [DefNew: 409698K->99K(460800K), 0.0030733 secs] 464245K->54645K(1484800K), 0.0045311 secs] [Times: user=0.00 sys=0.00, real=0.00 secs] 
2019-10-10T12:41:13.324+0000: 830.849: [GC (Allocation Failure) 2019-10-10T12:41:13.326+0000: 830.849: [DefNew: 409699K->282K(460800K), 0.0036646 secs] 464245K->54829K(1484800K), 0.0051850 secs] [Times: user=0.01 sys=0.00, real=0.01 secs] 
2019-10-10T12:41:18.563+0000: 836.087: [GC (Allocation Failure) 2019-10-10T12:41:18.564+0000: 836.088: [DefNew: 409882K->116K(460800K), 0.0029804 secs] 464429K->54662K(1484800K), 0.0043766 secs] [Times: user=0.00 sys=0.00, real=0.00 secs] 
2019-10-10T12:41:23.966+0000: 841.490: [GC (Allocation Failure) 2019-10-10T12:41:23.967+0000: 841.490: [DefNew: 409716K->124K(460800K), 0.0031779 secs] 464262K->54671K(1484800K), 0.0046727 secs] [Times: user=0.01 sys=0.00, real=0.01 secs] 
2019-10-10T12:41:29.496+0000: 847.021: [GC (Allocation Failure) 2019-10-10T12:41:29.497+0000: 847.021: [DefNew: 409724K->334K(460800K), 0.0036633 secs] 464271K->54881K(1484800K), 0.0049497 secs] [Times: user=0.01 sys=0.00, real=0.01 secs] 
2019-10-10T12:41:34.805+0000: 852.328: [GC (Allocation Failure) 2019-10-10T12:41:34.805+0000: 852.328: [DefNew: 409934K->118K(460800K), 0.0028411 secs] 464481K->54665K(1484800K), 0.0029391 secs] [Times: user=0.00 sys=0.00, real=0.01 secs] 
2019-10-10T12:41:40.086+0000: 857.611: [GC (Allocation Failure) 2019-10-10T12:41:40.087+0000: 857.611: [DefNew: 409718K->426K(460800K), 0.0038170 secs] 464265K->54973K(1484800K), 0.0053091 secs] [Times: user=0.00 sys=0.00, real=0.01 secs] 
2019-10-10T12:41:45.652+0000: 863.177: [GC (Allocation Failure) 2019-10-10T12:41:45.653+0000: 863.177: [DefNew: 410026K->100K(460800K), 0.0030418 secs] 464573K->54648K(1484800K), 0.0046292 secs] [Times: user=0.00 sys=0.00, real=0.00 secs] 
2019-10-10T12:41:50.946+0000: 868.471: [GC (Allocation Failure) 2019-10-10T12:41:50.948+0000: 868.471: [DefNew: 409700K->202K(460800K), 0.0036915 secs] 464248K->54762K(1484800K), 0.0052112 secs] [Times: user=0.00 sys=0.00, real=0.01 secs] 
2019-10-10T12:41:56.339+0000: 873.862: [GC (Allocation Failure) 2019-10-10T12:41:56.339+0000: 873.862: [DefNew: 409802K->219K(460800K), 0.0030456 secs] 464362K->54778K(1484800K), 0.0031236 secs] [Times: user=0.00 sys=0.00, real=0.01 secs] 
2019-10-10T12:42:01.907+0000: 879.430: [GC (Allocation Failure) 2019-10-10T12:42:01.907+0000: 879.430: [DefNew: 409819K->93K(460800K), 0.0027161 secs] 464378K->54653K(1484800K), 0.0028126 secs] [Times: user=0.00 sys=0.00, real=0.01 secs] 
2019-10-10T12:42:07.321+0000: 884.845: [GC (Allocation Failure) 2019-10-10T12:42:07.322+0000: 884.846: [DefNew: 409693K->216K(460800K), 0.0032880 secs] 464253K->54775K(1484800K), 0.0047124 secs] [Times: user=0.01 sys=0.00, real=0.00 secs] 
2019-10-10T12:42:12.698+0000: 890.221: [GC (Allocation Failure) 2019-10-10T12:42:12.698+0000: 890.221: [DefNew: 409816K->212K(460800K), 0.0031491 secs] 464375K->54772K(1484800K), 0.0032470 secs] [Times: user=0.00 sys=0.00, real=0.01 secs] 
2019-10-10T12:42:18.018+0000: 895.541: [GC (Allocation Failure) 2019-10-10T12:42:18.018+0000: 895.541: [DefNew: 409812K->206K(460800K), 0.0032712 secs] 464372K->54766K(1484800K), 0.0033783 secs] [Times: user=0.00 sys=0.00, real=0.01 secs] 
2019-10-10T12:42:23.423+0000: 900.948: [GC (Allocation Failure) 2019-10-10T12:42:23.425+0000: 900.948: [DefNew: 409806K->171K(460800K), 0.0031735 secs] 464366K->54731K(1484800K), 0.0045657 secs] [Times: user=0.00 sys=0.01, real=0.01 secs] 
2019-10-10T12:42:28.825+0000: 906.349: [GC (Allocation Failure) 2019-10-10T12:42:28.825+0000: 906.349: [DefNew: 409771K->107K(460800K), 0.0028776 secs] 464331K->54667K(1484800K), 0.0029692 secs] [Times: user=0.00 sys=0.00, real=0.01 secs] 
2019-10-10T12:42:33.997+0000: 911.522: [GC (Allocation Failure) 2019-10-10T12:42:33.999+0000: 911.522: [DefNew: 409707K->108K(460800K), 0.0032473 secs] 464267K->54668K(1484800K), 0.0045140 secs] [Times: user=0.00 sys=0.00, real=0.01 secs] 
2019-10-10T12:42:39.328+0000: 916.853: [GC (Allocation Failure) 2019-10-10T12:42:39.329+0000: 916.853: [DefNew: 409708K->112K(460800K), 0.0028774 secs] 464268K->54672K(1484800K), 0.0043059 secs] [Times: user=0.00 sys=0.00, real=0.00 secs] 
2019-10-10T12:42:44.685+0000: 922.209: [GC (Allocation Failure) 2019-10-10T12:42:44.686+0000: 922.209: [DefNew: 409712K->176K(460800K), 0.0031399 secs] 464272K->54735K(1484800K), 0.0032303 secs] [Times: user=0.00 sys=0.00, real=0.01 secs] 
2019-10-10T12:42:49.881+0000: 927.405: [GC (Allocation Failure) 2019-10-10T12:42:49.882+0000: 927.405: [DefNew: 409776K->109K(460800K), 0.0031015 secs] 464335K->54675K(1484800K), 0.0041075 secs] [Times: user=0.01 sys=0.00, real=0.00 secs] 
2019-10-10T12:42:55.326+0000: 932.851: [GC (Allocation Failure) 2019-10-10T12:42:55.328+0000: 932.852: [DefNew: 409709K->126K(460800K), 0.0033080 secs] 464275K->54691K(1484800K), 0.0056807 secs] [Times: user=0.00 sys=0.00, real=0.01 secs] 
2019-10-10T12:43:00.695+0000: 938.220: [GC (Allocation Failure) 2019-10-10T12:43:00.696+0000: 938.220: [DefNew: 409726K->103K(460800K), 0.0029842 secs] 464291K->54669K(1484800K), 0.0042861 secs] [Times: user=0.01 sys=0.00, real=0.00 secs] 
2019-10-10T12:43:06.171+0000: 943.696: [GC (Allocation Failure) 2019-10-10T12:43:06.172+0000: 943.696: [DefNew: 409703K->157K(460800K), 0.0030786 secs] 464269K->54722K(1484800K), 0.0043980 secs] [Times: user=0.00 sys=0.00, real=0.00 secs] 
2019-10-10T12:43:11.556+0000: 949.081: [GC (Allocation Failure) 2019-10-10T12:43:11.558+0000: 949.081: [DefNew: 409757K->149K(460800K), 0.0029487 secs] 464322K->54715K(1484800K), 0.0043512 secs] [Times: user=0.00 sys=0.00, real=0.01 secs] 
2019-10-10T12:43:16.839+0000: 954.363: [GC (Allocation Failure) 2019-10-10T12:43:16.840+0000: 954.363: [DefNew: 409749K->167K(460800K), 0.0030977 secs] 464315K->54732K(1484800K), 0.0045496 secs] [Times: user=0.01 sys=0.00, real=0.01 secs] 
2019-10-10T12:43:22.215+0000: 959.738: [GC (Allocation Failure) 2019-10-10T12:43:22.215+0000: 959.738: [DefNew: 409767K->124K(460800K), 0.0028667 secs] 464332K->54689K(1484800K), 0.0029578 secs] [Times: user=0.01 sys=0.00, real=0.00 secs] 
2019-10-10T12:43:27.907+0000: 965.431: [GC (Allocation Failure) 2019-10-10T12:43:27.908+0000: 965.431: [DefNew: 409724K->111K(460800K), 0.0027724 secs] 464289K->54676K(1484800K), 0.0028628 secs] [Times: user=0.00 sys=0.00, real=0.01 secs] 
2019-10-10T12:43:33.238+0000: 970.763: [GC (Allocation Failure) 2019-10-10T12:43:33.240+0000: 970.763: [DefNew: 409711K->125K(460800K), 0.0028991 secs] 464276K->54690K(1484800K), 0.0043417 secs] [Times: user=0.00 sys=0.00, real=0.01 secs] 
2019-10-10T12:43:38.483+0000: 976.008: [GC (Allocation Failure) 2019-10-10T12:43:38.485+0000: 976.008: [DefNew: 409725K->343K(460800K), 0.0035910 secs] 464290K->54908K(1484800K), 0.0049998 secs] [Times: user=0.00 sys=0.00, real=0.01 secs] 
2019-10-10T12:43:43.694+0000: 981.218: [GC (Allocation Failure) 2019-10-10T12:43:43.695+0000: 981.219: [DefNew: 409943K->181K(460800K), 0.0034809 secs] 464508K->54746K(1484800K), 0.0050929 secs] [Times: user=0.01 sys=0.00, real=0.00 secs] 
2019-10-10T12:43:49.111+0000: 986.634: [GC (Allocation Failure) 2019-10-10T12:43:49.111+0000: 986.634: [DefNew: 409781K->97K(460800K), 0.0028759 secs] 464346K->54681K(1484800K), 0.0029612 secs] [Times: user=0.01 sys=0.00, real=0.00 secs] 
2019-10-10T12:43:54.499+0000: 992.024: [GC (Allocation Failure) 2019-10-10T12:43:54.501+0000: 992.024: [DefNew: 409697K->104K(460800K), 0.0031477 secs] 464281K->54688K(1484800K), 0.0046653 secs] [Times: user=0.00 sys=0.00, real=0.01 secs] 
2019-10-10T12:43:59.837+0000: 997.361: [GC (Allocation Failure) 2019-10-10T12:43:59.837+0000: 997.361: [DefNew: 409704K->248K(460800K), 0.0032261 secs] 464288K->54832K(1484800K), 0.0033067 secs] [Times: user=0.00 sys=0.00, real=0.01 secs] 
2019-10-10T12:44:05.266+0000: 1002.791: [GC (Allocation Failure) 2019-10-10T12:44:05.267+0000: 1002.791: [DefNew: 409848K->268K(460800K), 0.0035642 secs] 464432K->54852K(1484800K), 0.0054024 secs] [Times: user=0.00 sys=0.00, real=0.01 secs] 
2019-10-10T12:44:10.711+0000: 1008.235: [GC (Allocation Failure) 2019-10-10T12:44:10.711+0000: 1008.235: [DefNew: 409868K->190K(460800K), 0.0031387 secs] 464452K->54774K(1484800K), 0.0032410 secs] [Times: user=0.00 sys=0.00, real=0.00 secs] 
2019-10-10T12:44:16.096+0000: 1013.621: [GC (Allocation Failure) 2019-10-10T12:44:16.097+0000: 1013.621: [DefNew: 409790K->177K(460800K), 0.0029955 secs] 464374K->54761K(1484800K), 0.0045804 secs] [Times: user=0.00 sys=0.00, real=0.01 secs] 
2019-10-10T12:44:21.628+0000: 1019.151: [GC (Allocation Failure) 2019-10-10T12:44:21.628+0000: 1019.151: [DefNew: 409777K->153K(460800K), 0.0028787 secs] 464361K->54738K(1484800K), 0.0029868 secs] [Times: user=0.00 sys=0.00, real=0.00 secs] 
12:44:21.760 [Client] INFO  c.s.f.r.e.s.SocketRear  - FlameSocketGraphDeployerRear@flamestream-benchmarks-worker-5: has been disconnected from Connection 10
12:44:21.770 [Client] INFO  c.s.f.r.e.s.SocketFront  - FlameSocketGraphDeployerFront@flamestream-benchmarks-worker-5 has been disconnected from Connection 10
12:44:21.778 [worker-akka.actor.default-dispatcher-6] WARN  c.s.f.r.e.s.SocketRear  - FlameSocketGraphDeployerRear@flamestream-benchmarks-worker-5: writing to closed log
12:44:21.778 [worker-akka.actor.default-dispatcher-6] WARN  c.s.f.r.e.s.SocketRear  - FlameSocketGraphDeployerRear@flamestream-benchmarks-worker-5: writing to closed log
12:44:21.794 [worker-akka.actor.default-dispatcher-6] WARN  c.s.f.r.e.s.SocketRear  - FlameSocketGraphDeployerRear@flamestream-benchmarks-worker-5: writing to closed log
12:44:21.796 [worker-akka.actor.default-dispatcher-6] WARN  c.s.f.r.e.s.SocketRear  - FlameSocketGraphDeployerRear@flamestream-benchmarks-worker-5: writing to closed log
12:44:21.846 [worker-akka.actor.default-dispatcher-6] WARN  c.s.f.r.e.s.SocketRear  - FlameSocketGraphDeployerRear@flamestream-benchmarks-worker-5: writing to closed log
12:44:21.898 [worker-akka.actor.default-dispatcher-6] WARN  c.s.f.r.e.s.SocketRear  - FlameSocketGraphDeployerRear@flamestream-benchmarks-worker-5: writing to closed log
12:44:21.924 [worker-akka.actor.default-dispatcher-6] WARN  c.s.f.r.e.s.SocketRear  - FlameSocketGraphDeployerRear@flamestream-benchmarks-worker-5: writing to closed log
12:44:21.999 [worker-akka.actor.default-dispatcher-6] WARN  c.s.f.r.e.s.SocketRear  - FlameSocketGraphDeployerRear@flamestream-benchmarks-worker-5: writing to closed log
12:44:22.010 [worker-akka.actor.default-dispatcher-6] WARN  c.s.f.r.e.s.SocketRear  - FlameSocketGraphDeployerRear@flamestream-benchmarks-worker-5: writing to closed log
12:44:22.012 [worker-akka.actor.default-dispatcher-6] WARN  c.s.f.r.e.s.SocketRear  - FlameSocketGraphDeployerRear@flamestream-benchmarks-worker-5: writing to closed log
12:44:22.060 [worker-akka.actor.default-dispatcher-6] WARN  c.s.f.r.e.s.SocketRear  - FlameSocketGraphDeployerRear@flamestream-benchmarks-worker-5: writing to closed log
12:44:22.061 [worker-akka.actor.default-dispatcher-6] WARN  c.s.f.r.e.s.SocketRear  - FlameSocketGraphDeployerRear@flamestream-benchmarks-worker-5: writing to closed log
12:44:22.061 [worker-akka.actor.default-dispatcher-6] WARN  c.s.f.r.e.s.SocketRear  - FlameSocketGraphDeployerRear@flamestream-benchmarks-worker-5: writing to closed log
12:44:22.081 [worker-akka.actor.default-dispatcher-6] WARN  c.s.f.r.e.s.SocketRear  - FlameSocketGraphDeployerRear@flamestream-benchmarks-worker-5: writing to closed log
12:44:22.141 [worker-akka.actor.default-dispatcher-6] WARN  c.s.f.r.e.s.SocketRear  - FlameSocketGraphDeployerRear@flamestream-benchmarks-worker-5: writing to closed log
12:44:22.141 [worker-akka.actor.default-dispatcher-6] WARN  c.s.f.r.e.s.SocketRear  - FlameSocketGraphDeployerRear@flamestream-benchmarks-worker-5: writing to closed log
12:44:22.142 [worker-akka.actor.default-dispatcher-6] WARN  c.s.f.r.e.s.SocketRear  - FlameSocketGraphDeployerRear@flamestream-benchmarks-worker-5: writing to closed log
12:44:22.142 [worker-akka.actor.default-dispatcher-6] WARN  c.s.f.r.e.s.SocketRear  - FlameSocketGraphDeployerRear@flamestream-benchmarks-worker-5: writing to closed log
12:44:22.142 [worker-akka.actor.default-dispatcher-6] WARN  c.s.f.r.e.s.SocketRear  - FlameSocketGraphDeployerRear@flamestream-benchmarks-worker-5: writing to closed log
12:44:22.217 [worker-akka.actor.default-dispatcher-6] WARN  c.s.f.r.e.s.SocketRear  - FlameSocketGraphDeployerRear@flamestream-benchmarks-worker-5: writing to closed log
12:44:22.218 [worker-akka.actor.default-dispatcher-6] WARN  c.s.f.r.e.s.SocketRear  - FlameSocketGraphDeployerRear@flamestream-benchmarks-worker-5: writing to closed log
12:44:22.218 [worker-akka.actor.default-dispatcher-6] WARN  c.s.f.r.e.s.SocketRear  - FlameSocketGraphDeployerRear@flamestream-benchmarks-worker-5: writing to closed log
12:44:22.218 [worker-akka.actor.default-dispatcher-6] WARN  c.s.f.r.e.s.SocketRear  - FlameSocketGraphDeployerRear@flamestream-benchmarks-worker-5: writing to closed log
12:44:22.278 [worker-akka.actor.default-dispatcher-6] WARN  c.s.f.r.e.s.SocketRear  - FlameSocketGraphDeployerRear@flamestream-benchmarks-worker-5: writing to closed log
12:44:22.280 [worker-akka.actor.default-dispatcher-6] WARN  c.s.f.r.e.s.SocketRear  - FlameSocketGraphDeployerRear@flamestream-benchmarks-worker-5: writing to closed log
12:44:22.393 [worker-akka.actor.default-dispatcher-6] WARN  c.s.f.r.e.s.SocketRear  - FlameSocketGraphDeployerRear@flamestream-benchmarks-worker-5: writing to closed log
12:44:22.395 [worker-akka.actor.default-dispatcher-6] WARN  c.s.f.r.e.s.SocketRear  - FlameSocketGraphDeployerRear@flamestream-benchmarks-worker-5: writing to closed log
12:44:22.397 [worker-akka.actor.default-dispatcher-6] WARN  c.s.f.r.e.s.SocketRear  - FlameSocketGraphDeployerRear@flamestream-benchmarks-worker-5: writing to closed log
12:44:22.397 [worker-akka.actor.default-dispatcher-6] WARN  c.s.f.r.e.s.SocketRear  - FlameSocketGraphDeployerRear@flamestream-benchmarks-worker-5: writing to closed log
12:44:22.397 [worker-akka.actor.default-dispatcher-6] WARN  c.s.f.r.e.s.SocketRear  - FlameSocketGraphDeployerRear@flamestream-benchmarks-worker-5: writing to closed log
12:44:22.506 [worker-akka.actor.default-dispatcher-6] WARN  c.s.f.r.e.s.SocketRear  - FlameSocketGraphDeployerRear@flamestream-benchmarks-worker-5: writing to closed log
12:44:22.508 [worker-akka.actor.default-dispatcher-6] WARN  c.s.f.r.e.s.SocketRear  - FlameSocketGraphDeployerRear@flamestream-benchmarks-worker-5: writing to closed log
12:44:22.540 [worker-akka.actor.default-dispatcher-6] WARN  c.s.f.r.e.s.SocketRear  - FlameSocketGraphDeployerRear@flamestream-benchmarks-worker-5: writing to closed log
12:44:22.542 [worker-akka.actor.default-dispatcher-6] WARN  c.s.f.r.e.s.SocketRear  - FlameSocketGraphDeployerRear@flamestream-benchmarks-worker-5: writing to closed log
12:44:22.543 [worker-akka.actor.default-dispatcher-6] WARN  c.s.f.r.e.s.SocketRear  - FlameSocketGraphDeployerRear@flamestream-benchmarks-worker-5: writing to closed log
12:44:22.544 [worker-akka.actor.default-dispatcher-6] WARN  c.s.f.r.e.s.SocketRear  - FlameSocketGraphDeployerRear@flamestream-benchmarks-worker-5: writing to closed log
12:44:22.544 [worker-akka.actor.default-dispatcher-6] WARN  c.s.f.r.e.s.SocketRear  - FlameSocketGraphDeployerRear@flamestream-benchmarks-worker-5: writing to closed log
12:44:22.544 [worker-akka.actor.default-dispatcher-6] WARN  c.s.f.r.e.s.SocketRear  - FlameSocketGraphDeployerRear@flamestream-benchmarks-worker-5: writing to closed log
12:44:22.545 [worker-akka.actor.default-dispatcher-6] WARN  c.s.f.r.e.s.SocketRear  - FlameSocketGraphDeployerRear@flamestream-benchmarks-worker-5: writing to closed log
12:44:22.567 [worker-akka.actor.default-dispatcher-6] WARN  c.s.f.r.e.s.SocketRear  - FlameSocketGraphDeployerRear@flamestream-benchmarks-worker-5: writing to closed log
12:44:22.596 [worker-akka.actor.default-dispatcher-6] WARN  c.s.f.r.e.s.SocketRear  - FlameSocketGraphDeployerRear@flamestream-benchmarks-worker-5: writing to closed log
12:44:22.625 [worker-akka.actor.default-dispatcher-6] WARN  c.s.f.r.e.s.SocketRear  - FlameSocketGraphDeployerRear@flamestream-benchmarks-worker-5: writing to closed log
12:44:22.626 [worker-akka.actor.default-dispatcher-6] WARN  c.s.f.r.e.s.SocketRear  - FlameSocketGraphDeployerRear@flamestream-benchmarks-worker-5: writing to closed log
12:44:22.652 [worker-akka.actor.default-dispatcher-6] WARN  c.s.f.r.e.s.SocketRear  - FlameSocketGraphDeployerRear@flamestream-benchmarks-worker-5: writing to closed log
12:44:22.679 [worker-akka.actor.default-dispatcher-6] WARN  c.s.f.r.e.s.SocketRear  - FlameSocketGraphDeployerRear@flamestream-benchmarks-worker-5: writing to closed log
12:44:22.681 [worker-akka.actor.default-dispatcher-6] WARN  c.s.f.r.e.s.SocketRear  - FlameSocketGraphDeployerRear@flamestream-benchmarks-worker-5: writing to closed log
12:44:22.681 [worker-akka.actor.default-dispatcher-6] WARN  c.s.f.r.e.s.SocketRear  - FlameSocketGraphDeployerRear@flamestream-benchmarks-worker-5: writing to closed log
12:44:22.681 [worker-akka.actor.default-dispatcher-6] WARN  c.s.f.r.e.s.SocketRear  - FlameSocketGraphDeployerRear@flamestream-benchmarks-worker-5: writing to closed log
12:44:22.711 [worker-akka.actor.default-dispatcher-6] WARN  c.s.f.r.e.s.SocketRear  - FlameSocketGraphDeployerRear@flamestream-benchmarks-worker-5: writing to closed log
12:44:22.712 [worker-akka.actor.default-dispatcher-6] WARN  c.s.f.r.e.s.SocketRear  - FlameSocketGraphDeployerRear@flamestream-benchmarks-worker-5: writing to closed log
12:44:22.713 [worker-akka.actor.default-dispatcher-6] WARN  c.s.f.r.e.s.SocketRear  - FlameSocketGraphDeployerRear@flamestream-benchmarks-worker-5: writing to closed log
12:44:22.756 [worker-akka.actor.default-dispatcher-6] WARN  c.s.f.r.e.s.SocketRear  - FlameSocketGraphDeployerRear@flamestream-benchmarks-worker-5: writing to closed log
12:44:22.757 [worker-akka.actor.default-dispatcher-6] WARN  c.s.f.r.e.s.SocketRear  - FlameSocketGraphDeployerRear@flamestream-benchmarks-worker-5: writing to closed log
12:44:22.772 [worker-akka.actor.default-dispatcher-6] WARN  c.s.f.r.e.s.SocketRear  - FlameSocketGraphDeployerRear@flamestream-benchmarks-worker-5: writing to closed log
12:44:22.775 [worker-akka.actor.default-dispatcher-6] WARN  c.s.f.r.e.s.SocketRear  - FlameSocketGraphDeployerRear@flamestream-benchmarks-worker-5: writing to closed log
12:44:22.775 [worker-akka.actor.default-dispatcher-6] WARN  c.s.f.r.e.s.SocketRear  - FlameSocketGraphDeployerRear@flamestream-benchmarks-worker-5: writing to closed log
12:44:22.792 [worker-akka.actor.default-dispatcher-6] WARN  c.s.f.r.e.s.SocketRear  - FlameSocketGraphDeployerRear@flamestream-benchmarks-worker-5: writing to closed log
12:44:22.794 [worker-akka.actor.default-dispatcher-6] WARN  c.s.f.r.e.s.SocketRear  - FlameSocketGraphDeployerRear@flamestream-benchmarks-worker-5: writing to closed log
12:44:22.795 [worker-akka.actor.default-dispatcher-6] WARN  c.s.f.r.e.s.SocketRear  - FlameSocketGraphDeployerRear@flamestream-benchmarks-worker-5: writing to closed log
12:44:22.795 [worker-akka.actor.default-dispatcher-6] WARN  c.s.f.r.e.s.SocketRear  - FlameSocketGraphDeployerRear@flamestream-benchmarks-worker-5: writing to closed log
12:44:22.795 [worker-akka.actor.default-dispatcher-6] WARN  c.s.f.r.e.s.SocketRear  - FlameSocketGraphDeployerRear@flamestream-benchmarks-worker-5: writing to closed log
12:44:22.795 [worker-akka.actor.default-dispatcher-6] WARN  c.s.f.r.e.s.SocketRear  - FlameSocketGraphDeployerRear@flamestream-benchmarks-worker-5: writing to closed log
12:44:22.795 [worker-akka.actor.default-dispatcher-6] WARN  c.s.f.r.e.s.SocketRear  - FlameSocketGraphDeployerRear@flamestream-benchmarks-worker-5: writing to closed log
12:44:22.795 [worker-akka.actor.default-dispatcher-6] WARN  c.s.f.r.e.s.SocketRear  - FlameSocketGraphDeployerRear@flamestream-benchmarks-worker-5: writing to closed log
12:44:22.808 [worker-akka.actor.default-dispatcher-6] WARN  c.s.f.r.e.s.SocketRear  - FlameSocketGraphDeployerRear@flamestream-benchmarks-worker-5: writing to closed log
12:44:22.808 [worker-akka.actor.default-dispatcher-6] WARN  c.s.f.r.e.s.SocketRear  - FlameSocketGraphDeployerRear@flamestream-benchmarks-worker-5: writing to closed log
12:44:22.809 [worker-akka.actor.default-dispatcher-6] WARN  c.s.f.r.e.s.SocketRear  - FlameSocketGraphDeployerRear@flamestream-benchmarks-worker-5: writing to closed log
12:44:22.809 [worker-akka.actor.default-dispatcher-6] WARN  c.s.f.r.e.s.SocketRear  - FlameSocketGraphDeployerRear@flamestream-benchmarks-worker-5: writing to closed log
12:44:22.809 [worker-akka.actor.default-dispatcher-6] WARN  c.s.f.r.e.s.SocketRear  - FlameSocketGraphDeployerRear@flamestream-benchmarks-worker-5: writing to closed log
12:44:22.848 [worker-akka.actor.default-dispatcher-6] WARN  c.s.f.r.e.s.SocketRear  - FlameSocketGraphDeployerRear@flamestream-benchmarks-worker-5: writing to closed log
12:44:22.849 [worker-akka.actor.default-dispatcher-6] WARN  c.s.f.r.e.s.SocketRear  - FlameSocketGraphDeployerRear@flamestream-benchmarks-worker-5: writing to closed log
12:44:22.857 [worker-akka.actor.default-dispatcher-6] WARN  c.s.f.r.e.s.SocketRear  - FlameSocketGraphDeployerRear@flamestream-benchmarks-worker-5: writing to closed log
12:44:22.858 [worker-akka.actor.default-dispatcher-6] WARN  c.s.f.r.e.s.SocketRear  - FlameSocketGraphDeployerRear@flamestream-benchmarks-worker-5: writing to closed log
12:44:22.858 [worker-akka.actor.default-dispatcher-6] WARN  c.s.f.r.e.s.SocketRear  - FlameSocketGraphDeployerRear@flamestream-benchmarks-worker-5: writing to closed log
12:44:22.858 [worker-akka.actor.default-dispatcher-6] WARN  c.s.f.r.e.s.SocketRear  - FlameSocketGraphDeployerRear@flamestream-benchmarks-worker-5: writing to closed log
12:44:22.863 [worker-akka.actor.default-dispatcher-6] WARN  c.s.f.r.e.s.SocketRear  - FlameSocketGraphDeployerRear@flamestream-benchmarks-worker-5: writing to closed log
12:44:22.863 [worker-akka.actor.default-dispatcher-6] WARN  c.s.f.r.e.s.SocketRear  - FlameSocketGraphDeployerRear@flamestream-benchmarks-worker-5: writing to closed log
12:44:22.863 [worker-akka.actor.default-dispatcher-6] WARN  c.s.f.r.e.s.SocketRear  - FlameSocketGraphDeployerRear@flamestream-benchmarks-worker-5: writing to closed log
12:44:22.868 [worker-akka.actor.default-dispatcher-6] WARN  c.s.f.r.e.s.SocketRear  - FlameSocketGraphDeployerRear@flamestream-benchmarks-worker-5: writing to closed log
12:44:22.869 [worker-akka.actor.default-dispatcher-6] WARN  c.s.f.r.e.s.SocketRear  - FlameSocketGraphDeployerRear@flamestream-benchmarks-worker-5: writing to closed log
12:44:22.882 [worker-akka.actor.default-dispatcher-6] WARN  c.s.f.r.e.s.SocketRear  - FlameSocketGraphDeployerRear@flamestream-benchmarks-worker-5: writing to closed log
12:44:22.883 [worker-akka.actor.default-dispatcher-6] WARN  c.s.f.r.e.s.SocketRear  - FlameSocketGraphDeployerRear@flamestream-benchmarks-worker-5: writing to closed log
12:44:22.884 [worker-akka.actor.default-dispatcher-6] WARN  c.s.f.r.e.s.SocketRear  - FlameSocketGraphDeployerRear@flamestream-benchmarks-worker-5: writing to closed log
12:44:22.885 [worker-akka.actor.default-dispatcher-6] WARN  c.s.f.r.e.s.SocketRear  - FlameSocketGraphDeployerRear@flamestream-benchmarks-worker-5: writing to closed log
12:44:22.885 [worker-akka.actor.default-dispatcher-6] WARN  c.s.f.r.e.s.SocketRear  - FlameSocketGraphDeployerRear@flamestream-benchmarks-worker-5: writing to closed log
12:44:22.890 [worker-akka.actor.default-dispatcher-6] WARN  c.s.f.r.e.s.SocketRear  - FlameSocketGraphDeployerRear@flamestream-benchmarks-worker-5: writing to closed log
12:44:22.891 [worker-akka.actor.default-dispatcher-6] WARN  c.s.f.r.e.s.SocketRear  - FlameSocketGraphDeployerRear@flamestream-benchmarks-worker-5: writing to closed log
12:44:22.891 [worker-akka.actor.default-dispatcher-6] WARN  c.s.f.r.e.s.SocketRear  - FlameSocketGraphDeployerRear@flamestream-benchmarks-worker-5: writing to closed log
12:44:22.899 [worker-akka.actor.default-dispatcher-6] WARN  c.s.f.r.e.s.SocketRear  - FlameSocketGraphDeployerRear@flamestream-benchmarks-worker-5: writing to closed log
12:44:22.899 [worker-akka.actor.default-dispatcher-6] WARN  c.s.f.r.e.s.SocketRear  - FlameSocketGraphDeployerRear@flamestream-benchmarks-worker-5: writing to closed log
12:44:22.908 [worker-akka.actor.default-dispatcher-6] WARN  c.s.f.r.e.s.SocketRear  - FlameSocketGraphDeployerRear@flamestream-benchmarks-worker-5: writing to closed log
12:44:22.909 [worker-akka.actor.default-dispatcher-6] WARN  c.s.f.r.e.s.SocketRear  - FlameSocketGraphDeployerRear@flamestream-benchmarks-worker-5: writing to closed log
12:44:22.910 [worker-akka.actor.default-dispatcher-6] WARN  c.s.f.r.e.s.SocketRear  - FlameSocketGraphDeployerRear@flamestream-benchmarks-worker-5: writing to closed log
12:44:22.910 [worker-akka.actor.default-dispatcher-6] WARN  c.s.f.r.e.s.SocketRear  - FlameSocketGraphDeployerRear@flamestream-benchmarks-worker-5: writing to closed log
12:44:22.910 [worker-akka.actor.default-dispatcher-6] WARN  c.s.f.r.e.s.SocketRear  - FlameSocketGraphDeployerRear@flamestream-benchmarks-worker-5: writing to closed log
12:44:22.913 [worker-akka.actor.default-dispatcher-6] WARN  c.s.f.r.e.s.SocketRear  - FlameSocketGraphDeployerRear@flamestream-benchmarks-worker-5: writing to closed log
12:44:22.913 [worker-akka.actor.default-dispatcher-6] WARN  c.s.f.r.e.s.SocketRear  - FlameSocketGraphDeployerRear@flamestream-benchmarks-worker-5: writing to closed log
12:44:26.155 [worker-akka.actor.default-dispatcher-6] INFO  a.r.a.Association(akka://worker) akka.remote.artery.Association(akka://worker) - Association to [akka://worker@flamestream-benchmarks-worker-1:5412] having UID [2164622050406865559] has been stopped. All messages to this UID will be delivered to dead letters. Reason: ActorSystem terminated
12:44:26.229 [worker-akka.actor.default-dispatcher-6] INFO  a.a.LocalActorRef akka://worker/user/watcher/processing-watcher/graph/edge/FlameSocketGraphDeployerFront - Stopped
12:44:26.236 [worker-akka.actor.default-dispatcher-6] INFO  a.a.LocalActorRef akka://worker/user/watcher/processing-watcher/graph/negotiator - Stopped
12:44:26.236 [worker-akka.actor.default-dispatcher-6] INFO  a.a.LocalActorRef akka://worker/user/watcher/processing-watcher/graph/graph/$A - Stopped
12:44:26.236 [worker-akka.actor.default-dispatcher-6] INFO  a.a.LocalActorRef akka://worker/user/watcher/processing-watcher/graph/graph/$B - Stopped
12:44:26.236 [worker-akka.actor.default-dispatcher-6] INFO  a.a.LocalActorRef akka://worker/user/watcher/processing-watcher/graph/graph/$C - Stopped
12:44:26.236 [worker-akka.actor.default-dispatcher-6] INFO  a.a.LocalActorRef akka://worker/user/watcher/processing-watcher/graph/graph/$D - Stopped
12:44:26.237 [worker-akka.actor.default-dispatcher-15] INFO  a.a.LocalActorRef akka://worker/user/watcher/processing-watcher/graph/graph/$E - Stopped
12:44:26.237 [worker-akka.actor.default-dispatcher-15] INFO  a.a.LocalActorRef akka://worker/user/watcher/processing-watcher/graph/graph/$F - Stopped
12:44:26.237 [worker-akka.actor.default-dispatcher-15] INFO  a.a.LocalActorRef akka://worker/user/watcher/processing-watcher/graph/graph/$G - Stopped
12:44:26.237 [worker-akka.actor.default-dispatcher-15] INFO  a.a.LocalActorRef akka://worker/user/watcher/processing-watcher/graph/graph/$H - Stopped
12:44:26.237 [worker-akka.actor.default-dispatcher-15] INFO  a.a.LocalActorRef akka://worker/user/watcher/processing-watcher/graph/graph/$a - Stopped
12:44:26.241 [worker-akka.actor.default-dispatcher-16] INFO  a.a.LocalActorRef akka://worker/user/watcher/processing-watcher/graph/graph/$b - Stopped
12:44:26.241 [worker-akka.actor.default-dispatcher-16] INFO  a.a.LocalActorRef akka://worker/user/watcher/processing-watcher/graph/graph/$c - Stopped
12:44:26.241 [worker-akka.actor.default-dispatcher-16] INFO  a.a.LocalActorRef akka://worker/user/watcher/processing-watcher/graph/graph/$d - Stopped
12:44:26.241 [worker-akka.actor.default-dispatcher-16] INFO  a.a.LocalActorRef akka://worker/user/watcher/processing-watcher/graph/graph/$e - Stopped
12:44:26.242 [worker-akka.actor.default-dispatcher-16] INFO  a.r.a.Association(akka://worker) akka.remote.artery.Association(akka://worker) - Association to [akka://worker@flamestream-benchmarks-worker-2:5412] having UID [-4547469165035349574] has been stopped. All messages to this UID will be delivered to dead letters. Reason: ActorSystem terminated
12:44:26.246 [worker-akka.actor.default-dispatcher-12] INFO  a.a.LocalActorRef akka://worker/user/watcher/processing-watcher/graph/graph/$f - Stopped
12:44:26.246 [worker-akka.actor.default-dispatcher-12] INFO  a.a.LocalActorRef akka://worker/user/watcher/processing-watcher/graph/graph/$g - Stopped
12:44:26.246 [worker-akka.actor.default-dispatcher-12] INFO  a.a.LocalActorRef akka://worker/user/watcher/processing-watcher/graph/graph/$h - Stopped
12:44:26.246 [worker-akka.actor.default-dispatcher-12] INFO  a.a.LocalActorRef akka://worker/user/watcher/processing-watcher/graph/graph/$i - Stopped
12:44:26.247 [worker-akka.actor.default-dispatcher-12] INFO  a.a.LocalActorRef akka://worker/user/watcher/processing-watcher/graph/graph/$j - Stopped
12:44:26.251 [worker-akka.actor.default-dispatcher-12] INFO  a.a.LocalActorRef akka://worker/user/watcher/processing-watcher/graph/graph/$k - Stopped
12:44:26.252 [worker-akka.actor.default-dispatcher-12] INFO  a.a.LocalActorRef akka://worker/user/watcher/processing-watcher/graph/graph/$l - Stopped
12:44:26.252 [worker-akka.actor.default-dispatcher-12] INFO  a.a.LocalActorRef akka://worker/user/watcher/processing-watcher/graph/graph/$m - Stopped
12:44:26.252 [worker-akka.actor.default-dispatcher-12] INFO  a.a.LocalActorRef akka://worker/user/watcher/processing-watcher/graph/graph/$n - Stopped
12:44:26.252 [worker-akka.actor.default-dispatcher-12] INFO  a.a.LocalActorRef akka://worker/user/watcher/processing-watcher/graph/graph/$o - Stopped
12:44:26.252 [worker-akka.actor.default-dispatcher-18] INFO  a.a.LocalActorRef akka://worker/user/watcher/processing-watcher/graph/graph/$p - Stopped
12:44:26.252 [worker-akka.actor.default-dispatcher-18] INFO  a.a.LocalActorRef akka://worker/user/watcher/processing-watcher/graph/graph/$q - Stopped
12:44:26.252 [worker-akka.actor.default-dispatcher-18] INFO  a.a.LocalActorRef akka://worker/user/watcher/processing-watcher/graph/graph/$r - Stopped
12:44:26.252 [worker-akka.actor.default-dispatcher-18] INFO  a.a.LocalActorRef akka://worker/user/watcher/processing-watcher/graph/graph/$s - Stopped
12:44:26.252 [worker-akka.actor.default-dispatcher-18] INFO  a.a.LocalActorRef akka://worker/user/watcher/processing-watcher/graph/graph/$t - Stopped
12:44:26.257 [worker-akka.actor.default-dispatcher-12] INFO  a.a.LocalActorRef akka://worker/user/watcher/processing-watcher/graph/graph/$u - Stopped
12:44:26.257 [worker-akka.actor.default-dispatcher-12] INFO  a.a.LocalActorRef akka://worker/user/watcher/processing-watcher/graph/graph/$v - Stopped
12:44:26.257 [worker-akka.actor.default-dispatcher-12] INFO  a.a.LocalActorRef akka://worker/user/watcher/processing-watcher/graph/graph/$w - Stopped
12:44:26.257 [worker-akka.actor.default-dispatcher-12] INFO  a.a.LocalActorRef akka://worker/user/watcher/processing-watcher/graph/graph/$x - Stopped
12:44:26.257 [worker-akka.actor.default-dispatcher-12] INFO  a.a.LocalActorRef akka://worker/user/watcher/processing-watcher/graph/graph/$y - Stopped
12:44:26.257 [worker-akka.actor.default-dispatcher-19] INFO  a.a.LocalActorRef akka://worker/user/watcher/processing-watcher/graph/graph/$z - Stopped
12:44:26.261 [worker-akka.actor.default-dispatcher-12] INFO  a.a.LocalActorRef akka://worker/user/watcher/processing-watcher/graph/graph - Stopped
12:44:26.270 [worker-akka.actor.default-dispatcher-10] INFO  a.a.LocalActorRef akka://worker/user/watcher/processing-watcher/graph/edge/FlameSocketGraphDeployerRear - Stopped
12:44:26.270 [worker-akka.actor.default-dispatcher-9] INFO  a.a.LocalActorRef akka://worker/user/watcher/processing-watcher/graph/edge - Stopped
12:44:26.284 [worker-akka.actor.default-dispatcher-17] INFO  a.a.LocalActorRef akka://worker/user/watcher/processing-watcher/graph - Stopped
12:44:26.296 [worker-akka.actor.default-dispatcher-18] INFO  a.a.LocalActorRef akka://worker/user/watcher/processing-watcher - Stopped
12:44:26.297 [Curator-Framework-0] INFO  o.a.c.f.i.CuratorFrameworkImpl  - backgroundOperationsLoop exiting
12:44:26.310 [worker-akka.actor.default-dispatcher-15] INFO  o.a.z.ZooKeeper  - Session: 0x100005c675e0008 closed
12:44:26.311 [worker-akka.actor.default-dispatcher-6-EventThread] INFO  o.a.z.ClientCnxn  - EventThread shut down for session: 0x100005c675e0008
12:44:26.312 [worker-akka.actor.default-dispatcher-27] INFO  a.a.RepointableActorRef akka://worker/user/watcher - Stopped
12:44:26.317 [Curator-PathChildrenCache-0] ERROR o.a.c.f.r.c.PathChildrenCache  - 
java.lang.IllegalStateException: instance must be started before calling this method
	at org.apache.curator.shaded.com.google.common.base.Preconditions.checkState(Preconditions.java:444)
	at org.apache.curator.framework.imps.CuratorFrameworkImpl.getChildren(CuratorFrameworkImpl.java:456)
	at org.apache.curator.framework.recipes.cache.PathChildrenCache.refresh(PathChildrenCache.java:521)
	at org.apache.curator.framework.recipes.cache.RefreshOperation.invoke(RefreshOperation.java:35)
	at org.apache.curator.framework.recipes.cache.PathChildrenCache$9.run(PathChildrenCache.java:786)
	at java.util.concurrent.Executors$RunnableAdapter.call(Executors.java:511)
	at java.util.concurrent.FutureTask.run(FutureTask.java:266)
	at java.util.concurrent.Executors$RunnableAdapter.call(Executors.java:511)
	at java.util.concurrent.FutureTask.run(FutureTask.java:266)
	at java.util.concurrent.ThreadPoolExecutor.runWorker(ThreadPoolExecutor.java:1149)
	at java.util.concurrent.ThreadPoolExecutor$Worker.run(ThreadPoolExecutor.java:624)
	at java.lang.Thread.run(Thread.java:748)
12:44:26.322 [worker-akka.actor.default-dispatcher-15] INFO  a.r.RemoteActorRefProvider$RemotingTerminator akka://worker@flamestream-benchmarks-worker-5:5412/system/remoting-terminator - Shutting down remote daemon.
12:44:26.324 [worker-akka.actor.default-dispatcher-15] INFO  a.r.RemoteActorRefProvider$RemotingTerminator akka://worker@flamestream-benchmarks-worker-5:5412/system/remoting-terminator - Remote daemon shut down; proceeding with flushing remote transports.
12:44:27.552 [worker-akka.actor.default-dispatcher-15] INFO  a.r.RemoteActorRefProvider$RemotingTerminator akka://worker@flamestream-benchmarks-worker-5:5412/system/remoting-terminator - Remoting shut down.
Heap
 def new generation   total 460800K, used 113785K [0x00000000a2400000, 0x00000000c1800000, 0x00000000c1800000)
  eden space 409600K,  27% used [0x00000000a2400000, 0x00000000a92f7d38, 0x00000000bb400000)
  from space 51200K,   0% used [0x00000000bb400000, 0x00000000bb4267e0, 0x00000000be600000)
  to   space 51200K,   0% used [0x00000000be600000, 0x00000000be600000, 0x00000000c1800000)
 tenured generation   total 1024000K, used 54584K [0x00000000c1800000, 0x0000000100000000, 0x0000000100000000)
   the space 1024000K,   5% used [0x00000000c1800000, 0x00000000c4d4e068, 0x00000000c4d4e200, 0x0000000100000000)
 Metaspace       used 40695K, capacity 43484K, committed 43648K, reserved 1087488K
  class space    used 5336K, capacity 5661K, committed 5760K, reserved 1048576K
