07:58:01,557 |-INFO in ch.qos.logback.classic.LoggerContext[default] - Could NOT find resource [logback-test.xml]
07:58:01,557 |-INFO in ch.qos.logback.classic.LoggerContext[default] - Could NOT find resource [logback.groovy]
07:58:01,558 |-INFO in ch.qos.logback.classic.LoggerContext[default] - Found resource [logback.xml] at [jar:file:/root/flamestream/lib/flamestream-runtime-1.0-SNAPSHOT.jar!/logback.xml]
07:58:01,559 |-WARN in ch.qos.logback.classic.LoggerContext[default] - Resource [logback.xml] occurs multiple times on the classpath.
07:58:01,559 |-WARN in ch.qos.logback.classic.LoggerContext[default] - Resource [logback.xml] occurs at [jar:file:/root/flamestream/lib/flamestream-runtime-1.0-SNAPSHOT.jar!/logback.xml]
07:58:01,559 |-WARN in ch.qos.logback.classic.LoggerContext[default] - Resource [logback.xml] occurs at [jar:file:/root/flamestream/flamestream-runtime-1.0-SNAPSHOT.jar!/logback.xml]
07:58:01,579 |-INFO in ch.qos.logback.core.joran.spi.ConfigurationWatchList@3fb6a447 - URL [jar:file:/root/flamestream/lib/flamestream-runtime-1.0-SNAPSHOT.jar!/logback.xml] is not of type file
07:58:01,653 |-INFO in ch.qos.logback.classic.joran.action.ConfigurationAction - debug attribute not set
07:58:01,654 |-INFO in ch.qos.logback.core.joran.action.AppenderAction - About to instantiate appender of type [ch.qos.logback.core.ConsoleAppender]
07:58:01,670 |-INFO in ch.qos.logback.core.joran.action.AppenderAction - Naming appender as [STDOUT]
07:58:01,688 |-INFO in ch.qos.logback.core.joran.action.NestedComplexPropertyIA - Assuming default type [ch.qos.logback.classic.encoder.PatternLayoutEncoder] for [encoder] property
07:58:01,778 |-INFO in ch.qos.logback.core.joran.action.AppenderAction - About to instantiate appender of type [ch.qos.logback.core.rolling.RollingFileAppender]
07:58:01,783 |-INFO in ch.qos.logback.core.joran.action.AppenderAction - Naming appender as [FILE]
07:58:01,818 |-INFO in c.q.l.core.rolling.TimeBasedRollingPolicy@127618319 - No compression will be used
07:58:01,819 |-INFO in c.q.l.core.rolling.TimeBasedRollingPolicy@127618319 - Will use the pattern /tmp/application_%d{yyyy-MM-dd}.%i.log for the active file
07:58:01,822 |-INFO in ch.qos.logback.core.rolling.SizeAndTimeBasedFNATP@6b2fad11 - The date pattern is 'yyyy-MM-dd' from file name pattern '/tmp/application_%d{yyyy-MM-dd}.%i.log'.
07:58:01,822 |-INFO in ch.qos.logback.core.rolling.SizeAndTimeBasedFNATP@6b2fad11 - Roll-over at midnight.
07:58:01,827 |-INFO in ch.qos.logback.core.rolling.SizeAndTimeBasedFNATP@6b2fad11 - Setting initial period to Tue Jun 11 07:56:47 UTC 2019
07:58:01,827 |-WARN in ch.qos.logback.core.rolling.SizeAndTimeBasedFNATP@6b2fad11 - SizeAndTimeBasedFNATP is deprecated. Use SizeAndTimeBasedRollingPolicy instead
07:58:01,827 |-WARN in ch.qos.logback.core.rolling.SizeAndTimeBasedFNATP@6b2fad11 - For more information see http://logback.qos.ch/manual/appenders.html#SizeAndTimeBasedRollingPolicy
07:58:01,831 |-INFO in ch.qos.logback.core.joran.action.NestedComplexPropertyIA - Assuming default type [ch.qos.logback.classic.encoder.PatternLayoutEncoder] for [encoder] property
07:58:01,836 |-INFO in ch.qos.logback.core.rolling.RollingFileAppender[FILE] - Active log file name: /tmp/application.log
07:58:01,836 |-INFO in ch.qos.logback.core.rolling.RollingFileAppender[FILE] - File property is set to [/tmp/application.log]
07:58:01,837 |-INFO in ch.qos.logback.classic.joran.action.RootLoggerAction - Setting level of ROOT logger to WARN
07:58:01,837 |-INFO in ch.qos.logback.core.joran.action.AppenderRefAction - Attaching appender named [STDOUT] to Logger[ROOT]
07:58:01,839 |-INFO in ch.qos.logback.core.joran.action.AppenderRefAction - Attaching appender named [FILE] to Logger[ROOT]
07:58:01,839 |-INFO in ch.qos.logback.classic.joran.action.ConfigurationAction - End of configuration.
07:58:01,840 |-INFO in ch.qos.logback.classic.joran.JoranConfigurator@79698539 - Registering current configuration as safe fallback point

Ama winner
Ama winner
2019-06-11T07:58:03.159+0000: 1.787: [Full GC (Metadata GC Threshold) 2019-06-11T07:58:03.159+0000: 1.787: [Tenured: 0K->15239K(341376K), 0.0396958 secs] 114987K->15239K(494976K), [Metaspace: 20736K->20736K(1067008K)], 0.0397702 secs] [Times: user=0.04 sys=0.00, real=0.04 secs] 
07:58:20.385 [Curator-PathChildrenCache-1] WARN  o.a.c.u.ZKPaths  - The version of ZooKeeper being used doesn't support Container nodes. CreateMode.PERSISTENT will be used instead.
2019-06-11T07:58:22.793+0000: 21.421: [GC (Allocation Failure) 2019-06-11T07:58:22.793+0000: 21.421: [DefNew: 136576K->17024K(153600K), 0.0307091 secs] 151815K->52723K(494976K), 0.0307759 secs] [Times: user=0.01 sys=0.02, real=0.03 secs] 
2019-06-11T07:58:24.974+0000: 23.602: [Full GC (Metadata GC Threshold) 2019-06-11T07:58:24.974+0000: 23.602: [Tenured: 35699K->44056K(341376K), 0.0501538 secs] 116907K->44056K(494976K), [Metaspace: 34606K->34606K(1079296K)], 0.0502316 secs] [Times: user=0.04 sys=0.00, real=0.05 secs] 
2019-06-11T07:58:29.631+0000: 28.258: [GC (Allocation Failure) 2019-06-11T07:58:29.631+0000: 28.259: [DefNew: 136576K->59K(153600K), 0.0016874 secs] 180632K->44115K(494976K), 0.0017567 secs] [Times: user=0.00 sys=0.00, real=0.00 secs] 
2019-06-11T07:58:34.323+0000: 32.952: [GC (Allocation Failure) 2019-06-11T07:58:34.324+0000: 32.952: [DefNew: 136635K->95K(153600K), 0.0016324 secs] 180691K->44152K(494976K), 0.0028889 secs] [Times: user=0.01 sys=0.00, real=0.00 secs] 
2019-06-11T07:58:38.992+0000: 37.620: [GC (Allocation Failure) 2019-06-11T07:58:38.992+0000: 37.620: [DefNew: 136671K->133K(153600K), 0.0016792 secs] 180728K->44190K(494976K), 0.0017434 secs] [Times: user=0.00 sys=0.00, real=0.00 secs] 
2019-06-11T07:58:43.702+0000: 42.330: [GC (Allocation Failure) 2019-06-11T07:58:43.702+0000: 42.330: [DefNew: 136709K->166K(153600K), 0.0017838 secs] 180766K->44222K(494976K), 0.0018584 secs] [Times: user=0.00 sys=0.00, real=0.00 secs] 
2019-06-11T07:58:54.916+0000: 53.543: [GC (Allocation Failure) 2019-06-11T07:58:54.916+0000: 53.543: [DefNew: 136742K->160K(153600K), 0.0017244 secs] 180798K->44216K(494976K), 0.0017854 secs] [Times: user=0.00 sys=0.00, real=0.00 secs] 
07:58:57.999 [Curator-PathChildrenCache-0] ERROR o.a.c.f.r.c.PathChildrenCache  - 
java.lang.IllegalStateException: instance must be started before calling this method
	at org.apache.curator.shaded.com.google.common.base.Preconditions.checkState(Preconditions.java:444)
	at org.apache.curator.framework.imps.CuratorFrameworkImpl.getChildren(CuratorFrameworkImpl.java:456)
	at org.apache.curator.framework.recipes.cache.PathChildrenCache.refresh(PathChildrenCache.java:521)
	at org.apache.curator.framework.recipes.cache.RefreshOperation.invoke(RefreshOperation.java:35)
	at org.apache.curator.framework.recipes.cache.PathChildrenCache$9.run(PathChildrenCache.java:786)
	at java.util.concurrent.Executors$RunnableAdapter.call(Executors.java:511)
	at java.util.concurrent.FutureTask.run(FutureTask.java:266)
	at java.util.concurrent.Executors$RunnableAdapter.call(Executors.java:511)
	at java.util.concurrent.FutureTask.run(FutureTask.java:266)
	at java.util.concurrent.ThreadPoolExecutor.runWorker(ThreadPoolExecutor.java:1149)
	at java.util.concurrent.ThreadPoolExecutor$Worker.run(ThreadPoolExecutor.java:624)
	at java.lang.Thread.run(Thread.java:748)
Heap
 def new generation   total 153600K, used 31506K [0x00000000e0c00000, 0x00000000eb2a0000, 0x00000000eb2a0000)
  eden space 136576K,  22% used [0x00000000e0c00000, 0x00000000e2a9c760, 0x00000000e9160000)
  from space 17024K,   0% used [0x00000000e9160000, 0x00000000e91880c8, 0x00000000ea200000)
  to   space 17024K,   0% used [0x00000000ea200000, 0x00000000ea200000, 0x00000000eb2a0000)
 tenured generation   total 341376K, used 44056K [0x00000000eb2a0000, 0x0000000100000000, 0x0000000100000000)
   the space 341376K,  12% used [0x00000000eb2a0000, 0x00000000edda6180, 0x00000000edda6200, 0x0000000100000000)
 Metaspace       used 35755K, capacity 36654K, committed 36864K, reserved 1081344K
  class space    used 4830K, capacity 5055K, committed 5120K, reserved 1048576K
