17:54:12,322 |-INFO in ch.qos.logback.classic.LoggerContext[default] - Could NOT find resource [logback-test.xml]
17:54:12,322 |-INFO in ch.qos.logback.classic.LoggerContext[default] - Could NOT find resource [logback.groovy]
17:54:12,322 |-INFO in ch.qos.logback.classic.LoggerContext[default] - Found resource [logback.xml] at [jar:file:/root/flamestream/lib/flamestream-runtime-1.0-SNAPSHOT.jar!/logback.xml]
17:54:12,323 |-WARN in ch.qos.logback.classic.LoggerContext[default] - Resource [logback.xml] occurs multiple times on the classpath.
17:54:12,323 |-WARN in ch.qos.logback.classic.LoggerContext[default] - Resource [logback.xml] occurs at [jar:file:/root/flamestream/lib/flamestream-runtime-1.0-SNAPSHOT.jar!/logback.xml]
17:54:12,323 |-WARN in ch.qos.logback.classic.LoggerContext[default] - Resource [logback.xml] occurs at [jar:file:/root/flamestream/flamestream-runtime-1.0-SNAPSHOT.jar!/logback.xml]
17:54:12,341 |-INFO in ch.qos.logback.core.joran.spi.ConfigurationWatchList@3fb6a447 - URL [jar:file:/root/flamestream/lib/flamestream-runtime-1.0-SNAPSHOT.jar!/logback.xml] is not of type file
17:54:12,413 |-INFO in ch.qos.logback.classic.joran.action.ConfigurationAction - debug attribute not set
17:54:12,414 |-INFO in ch.qos.logback.core.joran.action.AppenderAction - About to instantiate appender of type [ch.qos.logback.core.ConsoleAppender]
17:54:12,432 |-INFO in ch.qos.logback.core.joran.action.AppenderAction - Naming appender as [STDOUT]
17:54:12,446 |-INFO in ch.qos.logback.core.joran.action.NestedComplexPropertyIA - Assuming default type [ch.qos.logback.classic.encoder.PatternLayoutEncoder] for [encoder] property
17:54:12,536 |-INFO in ch.qos.logback.core.joran.action.AppenderAction - About to instantiate appender of type [ch.qos.logback.core.rolling.RollingFileAppender]
17:54:12,541 |-INFO in ch.qos.logback.core.joran.action.AppenderAction - Naming appender as [FILE]
17:54:12,572 |-INFO in c.q.l.core.rolling.TimeBasedRollingPolicy@127618319 - No compression will be used
17:54:12,574 |-INFO in c.q.l.core.rolling.TimeBasedRollingPolicy@127618319 - Will use the pattern /tmp/application_%d{yyyy-MM-dd}.%i.log for the active file
17:54:12,577 |-INFO in ch.qos.logback.core.rolling.SizeAndTimeBasedFNATP@6b2fad11 - The date pattern is 'yyyy-MM-dd' from file name pattern '/tmp/application_%d{yyyy-MM-dd}.%i.log'.
17:54:12,577 |-INFO in ch.qos.logback.core.rolling.SizeAndTimeBasedFNATP@6b2fad11 - Roll-over at midnight.
17:54:12,582 |-INFO in ch.qos.logback.core.rolling.SizeAndTimeBasedFNATP@6b2fad11 - Setting initial period to Mon Jun 10 17:52:54 UTC 2019
17:54:12,582 |-WARN in ch.qos.logback.core.rolling.SizeAndTimeBasedFNATP@6b2fad11 - SizeAndTimeBasedFNATP is deprecated. Use SizeAndTimeBasedRollingPolicy instead
17:54:12,582 |-WARN in ch.qos.logback.core.rolling.SizeAndTimeBasedFNATP@6b2fad11 - For more information see http://logback.qos.ch/manual/appenders.html#SizeAndTimeBasedRollingPolicy
17:54:12,586 |-INFO in ch.qos.logback.core.joran.action.NestedComplexPropertyIA - Assuming default type [ch.qos.logback.classic.encoder.PatternLayoutEncoder] for [encoder] property
17:54:12,591 |-INFO in ch.qos.logback.core.rolling.RollingFileAppender[FILE] - Active log file name: /tmp/application.log
17:54:12,591 |-INFO in ch.qos.logback.core.rolling.RollingFileAppender[FILE] - File property is set to [/tmp/application.log]
17:54:12,592 |-INFO in ch.qos.logback.classic.joran.action.RootLoggerAction - Setting level of ROOT logger to WARN
17:54:12,592 |-INFO in ch.qos.logback.core.joran.action.AppenderRefAction - Attaching appender named [STDOUT] to Logger[ROOT]
17:54:12,594 |-INFO in ch.qos.logback.core.joran.action.AppenderRefAction - Attaching appender named [FILE] to Logger[ROOT]
17:54:12,594 |-INFO in ch.qos.logback.classic.joran.action.ConfigurationAction - End of configuration.
17:54:12,594 |-INFO in ch.qos.logback.classic.joran.JoranConfigurator@79698539 - Registering current configuration as safe fallback point

Ama winner
Ama winner
2019-06-10T17:54:13.890+0000: 1.756: [Full GC (Metadata GC Threshold) 2019-06-10T17:54:13.890+0000: 1.756: [Tenured: 0K->15209K(341376K), 0.0411542 secs] 114988K->15209K(494976K), [Metaspace: 20740K->20740K(1067008K)], 0.0412257 secs] [Times: user=0.04 sys=0.00, real=0.05 secs] 
17:54:31.707 [Curator-PathChildrenCache-1] WARN  o.a.c.u.ZKPaths  - The version of ZooKeeper being used doesn't support Container nodes. CreateMode.PERSISTENT will be used instead.
2019-06-10T17:54:34.026+0000: 21.892: [GC (Allocation Failure) 2019-06-10T17:54:34.026+0000: 21.892: [DefNew: 136576K->17023K(153600K), 0.0260693 secs] 151785K->52460K(494976K), 0.0261533 secs] [Times: user=0.02 sys=0.00, real=0.03 secs] 
2019-06-10T17:54:40.613+0000: 28.479: [GC (Allocation Failure) 2019-06-10T17:54:40.613+0000: 28.479: [DefNew: 153599K->344K(153600K), 0.0100622 secs] 189036K->43859K(494976K), 0.0101258 secs] [Times: user=0.01 sys=0.00, real=0.01 secs] 
2019-06-10T17:54:45.589+0000: 33.456: [Full GC (Metadata GC Threshold) 2019-06-10T17:54:45.590+0000: 33.456: [Tenured: 43515K->43840K(341376K), 0.0529112 secs] 147469K->43840K(494976K), [Metaspace: 34624K->34624K(1079296K)], 0.0545193 secs] [Times: user=0.05 sys=0.00, real=0.06 secs] 
2019-06-10T17:54:52.281+0000: 40.147: [GC (Allocation Failure) 2019-06-10T17:54:52.281+0000: 40.147: [DefNew: 136576K->51K(153600K), 0.0017069 secs] 180416K->43892K(494976K), 0.0017811 secs] [Times: user=0.00 sys=0.00, real=0.00 secs] 
2019-06-10T17:54:58.917+0000: 46.782: [GC (Allocation Failure) 2019-06-10T17:54:58.917+0000: 46.782: [DefNew: 136627K->53K(153600K), 0.0016080 secs] 180468K->43893K(494976K), 0.0016702 secs] [Times: user=0.00 sys=0.00, real=0.00 secs] 
2019-06-10T17:55:05.572+0000: 53.437: [GC (Allocation Failure) 2019-06-10T17:55:05.572+0000: 53.437: [DefNew: 136629K->52K(153600K), 0.0015055 secs] 180469K->43893K(494976K), 0.0015729 secs] [Times: user=0.00 sys=0.00, real=0.00 secs] 
2019-06-10T17:55:16.685+0000: 64.550: [GC (Allocation Failure) 2019-06-10T17:55:16.685+0000: 64.551: [DefNew: 136628K->402K(153600K), 0.0023263 secs] 180469K->44242K(494976K), 0.0023896 secs] [Times: user=0.00 sys=0.00, real=0.00 secs] 
17:55:16.794 [Curator-PathChildrenCache-0] ERROR o.a.c.f.r.c.PathChildrenCache  - 
java.lang.IllegalStateException: instance must be started before calling this method
	at org.apache.curator.shaded.com.google.common.base.Preconditions.checkState(Preconditions.java:444)
	at org.apache.curator.framework.imps.CuratorFrameworkImpl.getChildren(CuratorFrameworkImpl.java:456)
	at org.apache.curator.framework.recipes.cache.PathChildrenCache.refresh(PathChildrenCache.java:521)
	at org.apache.curator.framework.recipes.cache.RefreshOperation.invoke(RefreshOperation.java:35)
	at org.apache.curator.framework.recipes.cache.PathChildrenCache$9.run(PathChildrenCache.java:786)
	at java.util.concurrent.Executors$RunnableAdapter.call(Executors.java:511)
	at java.util.concurrent.FutureTask.run(FutureTask.java:266)
	at java.util.concurrent.Executors$RunnableAdapter.call(Executors.java:511)
	at java.util.concurrent.FutureTask.run(FutureTask.java:266)
	at java.util.concurrent.ThreadPoolExecutor.runWorker(ThreadPoolExecutor.java:1149)
	at java.util.concurrent.ThreadPoolExecutor$Worker.run(ThreadPoolExecutor.java:624)
	at java.lang.Thread.run(Thread.java:748)
Heap
 def new generation   total 153600K, used 29463K [0x00000000e0c00000, 0x00000000eb2a0000, 0x00000000eb2a0000)
  eden space 136576K,  21% used [0x00000000e0c00000, 0x00000000e28616a0, 0x00000000e9160000)
  from space 17024K,   2% used [0x00000000e9160000, 0x00000000e91c4860, 0x00000000ea200000)
  to   space 17024K,   0% used [0x00000000ea200000, 0x00000000ea200000, 0x00000000eb2a0000)
 tenured generation   total 341376K, used 43840K [0x00000000eb2a0000, 0x0000000100000000, 0x0000000100000000)
   the space 341376K,  12% used [0x00000000eb2a0000, 0x00000000edd70288, 0x00000000edd70400, 0x0000000100000000)
 Metaspace       used 36105K, capacity 36992K, committed 37120K, reserved 1081344K
  class space    used 4857K, capacity 5074K, committed 5120K, reserved 1048576K
