23:37:27,963 |-INFO in ch.qos.logback.classic.LoggerContext[default] - Could NOT find resource [logback-test.xml]
23:37:27,963 |-INFO in ch.qos.logback.classic.LoggerContext[default] - Could NOT find resource [logback.groovy]
23:37:27,963 |-INFO in ch.qos.logback.classic.LoggerContext[default] - Found resource [logback.xml] at [jar:file:/home/nikitasokolov/flamestream/lib/flamestream-runtime-1.0-SNAPSHOT.jar!/logback.xml]
23:37:27,964 |-WARN in ch.qos.logback.classic.LoggerContext[default] - Resource [logback.xml] occurs multiple times on the classpath.
23:37:27,964 |-WARN in ch.qos.logback.classic.LoggerContext[default] - Resource [logback.xml] occurs at [jar:file:/home/nikitasokolov/flamestream/lib/flamestream-runtime-1.0-SNAPSHOT.jar!/logback.xml]
23:37:27,964 |-WARN in ch.qos.logback.classic.LoggerContext[default] - Resource [logback.xml] occurs at [jar:file:/home/nikitasokolov/flamestream/flamestream-runtime-1.0-SNAPSHOT.jar!/logback.xml]
23:37:27,979 |-INFO in ch.qos.logback.core.joran.spi.ConfigurationWatchList@6108b2d7 - URL [jar:file:/home/nikitasokolov/flamestream/lib/flamestream-runtime-1.0-SNAPSHOT.jar!/logback.xml] is not of type file
23:37:28,029 |-INFO in ch.qos.logback.classic.joran.action.ConfigurationAction - debug attribute not set
23:37:28,029 |-INFO in ch.qos.logback.core.joran.action.AppenderAction - About to instantiate appender of type [ch.qos.logback.core.ConsoleAppender]
23:37:28,037 |-INFO in ch.qos.logback.core.joran.action.AppenderAction - Naming appender as [STDOUT]
23:37:28,045 |-INFO in ch.qos.logback.core.joran.action.NestedComplexPropertyIA - Assuming default type [ch.qos.logback.classic.encoder.PatternLayoutEncoder] for [encoder] property
23:37:28,097 |-INFO in ch.qos.logback.core.joran.action.AppenderAction - About to instantiate appender of type [ch.qos.logback.core.rolling.RollingFileAppender]
23:37:28,103 |-INFO in ch.qos.logback.core.joran.action.AppenderAction - Naming appender as [FILE]
23:37:28,125 |-INFO in c.q.l.core.rolling.TimeBasedRollingPolicy@357863579 - No compression will be used
23:37:28,127 |-INFO in c.q.l.core.rolling.TimeBasedRollingPolicy@357863579 - Will use the pattern /tmp/application_%d{yyyy-MM-dd}.%i.log for the active file
23:37:28,131 |-INFO in ch.qos.logback.core.rolling.SizeAndTimeBasedFNATP@6bf256fa - The date pattern is 'yyyy-MM-dd' from file name pattern '/tmp/application_%d{yyyy-MM-dd}.%i.log'.
23:37:28,131 |-INFO in ch.qos.logback.core.rolling.SizeAndTimeBasedFNATP@6bf256fa - Roll-over at midnight.
23:37:28,135 |-INFO in ch.qos.logback.core.rolling.SizeAndTimeBasedFNATP@6bf256fa - Setting initial period to Sat Jun 08 23:36:47 MSK 2019
23:37:28,135 |-WARN in ch.qos.logback.core.rolling.SizeAndTimeBasedFNATP@6bf256fa - SizeAndTimeBasedFNATP is deprecated. Use SizeAndTimeBasedRollingPolicy instead
23:37:28,135 |-WARN in ch.qos.logback.core.rolling.SizeAndTimeBasedFNATP@6bf256fa - For more information see http://logback.qos.ch/manual/appenders.html#SizeAndTimeBasedRollingPolicy
23:37:28,139 |-INFO in ch.qos.logback.core.joran.action.NestedComplexPropertyIA - Assuming default type [ch.qos.logback.classic.encoder.PatternLayoutEncoder] for [encoder] property
23:37:28,141 |-INFO in ch.qos.logback.core.rolling.RollingFileAppender[FILE] - Active log file name: /tmp/application.log
23:37:28,141 |-INFO in ch.qos.logback.core.rolling.RollingFileAppender[FILE] - File property is set to [/tmp/application.log]
23:37:28,142 |-INFO in ch.qos.logback.classic.joran.action.RootLoggerAction - Setting level of ROOT logger to WARN
23:37:28,142 |-INFO in ch.qos.logback.core.joran.action.AppenderRefAction - Attaching appender named [STDOUT] to Logger[ROOT]
23:37:28,143 |-INFO in ch.qos.logback.core.joran.action.AppenderRefAction - Attaching appender named [FILE] to Logger[ROOT]
23:37:28,143 |-INFO in ch.qos.logback.classic.joran.action.ConfigurationAction - End of configuration.
23:37:28,144 |-INFO in ch.qos.logback.classic.joran.JoranConfigurator@6cd8737 - Registering current configuration as safe fallback point

2019-06-08T23:37:29.127+0300: 1.365: [GC (Metadata GC Threshold) [PSYoungGen: 108152K->15847K(149504K)] 108152K->15927K(491008K), 0.0204304 secs] [Times: user=0.07 sys=0.04, real=0.02 secs] 
2019-06-08T23:37:29.147+0300: 1.385: [Full GC (Metadata GC Threshold) [PSYoungGen: 15847K->0K(149504K)] [ParOldGen: 80K->15078K(341504K)] 15927K->15078K(491008K), [Metaspace: 20800K->20800K(1067008K)], 0.0263034 secs] [Times: user=0.17 sys=0.01, real=0.03 secs] 
23:37:44.253 [Curator-PathChildrenCache-1] WARN  o.a.c.u.ZKPaths  - The version of ZooKeeper being used doesn't support Container nodes. CreateMode.PERSISTENT will be used instead.
2019-06-08T23:37:45.253+0300: 17.492: [GC (Metadata GC Threshold) [PSYoungGen: 128512K->15928K(149504K)] 143590K->50545K(491008K), 0.0266942 secs] [Times: user=0.22 sys=0.02, real=0.03 secs] 
2019-06-08T23:37:45.280+0300: 17.518: [Full GC (Metadata GC Threshold) [PSYoungGen: 15928K->0K(149504K)] [ParOldGen: 34617K->38886K(341504K)] 50545K->38886K(491008K), [Metaspace: 34571K->34571K(1079296K)], 0.0456614 secs] [Times: user=0.31 sys=0.01, real=0.04 secs] 
2019-06-08T23:37:48.742+0300: 20.980: [GC (Allocation Failure) [PSYoungGen: 128512K->480K(149504K)] 167398K->39374K(491008K), 0.0048495 secs] [Times: user=0.02 sys=0.00, real=0.00 secs] 
2019-06-08T23:37:52.594+0300: 24.832: [GC (Allocation Failure) [PSYoungGen: 128992K->480K(149504K)] 167886K->39382K(491008K), 0.0045039 secs] [Times: user=0.03 sys=0.01, real=0.01 secs] 
2019-06-08T23:37:56.461+0300: 28.700: [GC (Allocation Failure) [PSYoungGen: 128992K->416K(129024K)] 167894K->39326K(470528K), 0.0038415 secs] [Times: user=0.02 sys=0.00, real=0.00 secs] 
2019-06-08T23:38:00.359+0300: 32.597: [GC (Allocation Failure) [PSYoungGen: 128928K->320K(150016K)] 167838K->39238K(491520K), 0.0026106 secs] [Times: user=0.02 sys=0.00, real=0.00 secs] 
2019-06-08T23:38:04.202+0300: 36.440: [GC (Allocation Failure) [PSYoungGen: 128832K->512K(148992K)] 167750K->39430K(490496K), 0.0042760 secs] [Times: user=0.02 sys=0.01, real=0.00 secs] 
2019-06-08T23:38:08.089+0300: 40.327: [GC (Allocation Failure) [PSYoungGen: 129024K->544K(151552K)] 167942K->39462K(493056K), 0.0037360 secs] [Times: user=0.01 sys=0.00, real=0.01 secs] 
2019-06-08T23:38:12.112+0300: 44.350: [GC (Allocation Failure) [PSYoungGen: 132128K->512K(150528K)] 171046K->39430K(492032K), 0.0029358 secs] [Times: user=0.01 sys=0.01, real=0.00 secs] 
2019-06-08T23:38:16.161+0300: 48.399: [GC (Allocation Failure) [PSYoungGen: 132096K->480K(153088K)] 171014K->39398K(494592K), 0.0052839 secs] [Times: user=0.03 sys=0.00, real=0.00 secs] 
2019-06-08T23:38:20.310+0300: 52.549: [GC (Allocation Failure) [PSYoungGen: 135648K->512K(152576K)] 174566K->39430K(494080K), 0.0029099 secs] [Times: user=0.01 sys=0.01, real=0.00 secs] 
2019-06-08T23:38:24.461+0300: 56.699: [GC (Allocation Failure) [PSYoungGen: 135680K->384K(154624K)] 174598K->39310K(496128K), 0.0034083 secs] [Times: user=0.01 sys=0.01, real=0.00 secs] 
2019-06-08T23:38:28.699+0300: 60.938: [GC (Allocation Failure) [PSYoungGen: 138624K->512K(154112K)] 177550K->39439K(495616K), 0.0036433 secs] [Times: user=0.03 sys=0.00, real=0.00 secs] 
2019-06-08T23:38:33.748+0300: 65.987: [GC (Allocation Failure) [PSYoungGen: 138752K->1047K(156672K)] 177679K->39982K(498176K), 0.0037898 secs] [Times: user=0.01 sys=0.00, real=0.01 secs] 
2019-06-08T23:38:39.219+0300: 71.457: [GC (Allocation Failure) [PSYoungGen: 142871K->800K(155648K)] 181806K->39735K(497152K), 0.0036786 secs] [Times: user=0.01 sys=0.00, real=0.00 secs] 
2019-06-08T23:38:44.655+0300: 76.893: [GC (Allocation Failure) [PSYoungGen: 142624K->832K(158208K)] 181559K->39767K(499712K), 0.0032101 secs] [Times: user=0.01 sys=0.00, real=0.01 secs] 
2019-06-08T23:38:50.224+0300: 82.463: [GC (Allocation Failure) [PSYoungGen: 145728K->832K(157184K)] 184663K->39775K(498688K), 0.0686497 secs] [Times: user=0.02 sys=0.00, real=0.07 secs] 
2019-06-08T23:38:55.786+0300: 88.024: [GC (Allocation Failure) [PSYoungGen: 145728K->608K(159744K)] 184671K->39767K(501248K), 0.0026707 secs] [Times: user=0.01 sys=0.00, real=0.00 secs] 
23:39:05.383 [Curator-PathChildrenCache-0] ERROR o.a.c.f.r.c.PathChildrenCache  - 
java.lang.IllegalStateException: instance must be started before calling this method
	at org.apache.curator.shaded.com.google.common.base.Preconditions.checkState(Preconditions.java:444)
	at org.apache.curator.framework.imps.CuratorFrameworkImpl.getChildren(CuratorFrameworkImpl.java:456)
	at org.apache.curator.framework.recipes.cache.PathChildrenCache.refresh(PathChildrenCache.java:521)
	at org.apache.curator.framework.recipes.cache.RefreshOperation.invoke(RefreshOperation.java:35)
	at org.apache.curator.framework.recipes.cache.PathChildrenCache$9.run(PathChildrenCache.java:786)
	at java.util.concurrent.Executors$RunnableAdapter.call(Executors.java:511)
	at java.util.concurrent.FutureTask.run(FutureTask.java:266)
	at java.util.concurrent.Executors$RunnableAdapter.call(Executors.java:511)
	at java.util.concurrent.FutureTask.run(FutureTask.java:266)
	at java.util.concurrent.ThreadPoolExecutor.runWorker(ThreadPoolExecutor.java:1149)
	at java.util.concurrent.ThreadPoolExecutor$Worker.run(ThreadPoolExecutor.java:624)
	at java.lang.Thread.run(Thread.java:748)
Heap
 PSYoungGen      total 159744K, used 57686K [0x00000000f5980000, 0x0000000100000000, 0x0000000100000000)
  eden space 147968K, 38% used [0x00000000f5980000,0x00000000f913da28,0x00000000fea00000)
  from space 11776K, 5% used [0x00000000ff480000,0x00000000ff518090,0x0000000100000000)
  to   space 10752K, 0% used [0x00000000fea00000,0x00000000fea00000,0x00000000ff480000)
 ParOldGen       total 341504K, used 39158K [0x00000000e0c00000, 0x00000000f5980000, 0x00000000f5980000)
  object space 341504K, 11% used [0x00000000e0c00000,0x00000000e323dbe8,0x00000000f5980000)
 Metaspace       used 36195K, capacity 37030K, committed 37208K, reserved 1081344K
  class space    used 4978K, capacity 5161K, committed 5248K, reserved 1048576K
