15:53:26,012 |-INFO in ch.qos.logback.classic.LoggerContext[default] - Could NOT find resource [logback-test.xml]
15:53:26,012 |-INFO in ch.qos.logback.classic.LoggerContext[default] - Could NOT find resource [logback.groovy]
15:53:26,012 |-INFO in ch.qos.logback.classic.LoggerContext[default] - Found resource [logback.xml] at [jar:file:/root/flamestream/lib/flamestream-runtime-1.0-SNAPSHOT.jar!/logback.xml]
15:53:26,014 |-WARN in ch.qos.logback.classic.LoggerContext[default] - Resource [logback.xml] occurs multiple times on the classpath.
15:53:26,015 |-WARN in ch.qos.logback.classic.LoggerContext[default] - Resource [logback.xml] occurs at [jar:file:/root/flamestream/lib/flamestream-runtime-1.0-SNAPSHOT.jar!/logback.xml]
15:53:26,015 |-WARN in ch.qos.logback.classic.LoggerContext[default] - Resource [logback.xml] occurs at [jar:file:/root/flamestream/flamestream-runtime-1.0-SNAPSHOT.jar!/logback.xml]
15:53:26,035 |-INFO in ch.qos.logback.core.joran.spi.ConfigurationWatchList@3fb6a447 - URL [jar:file:/root/flamestream/lib/flamestream-runtime-1.0-SNAPSHOT.jar!/logback.xml] is not of type file
15:53:26,103 |-INFO in ch.qos.logback.classic.joran.action.ConfigurationAction - debug attribute not set
15:53:26,104 |-INFO in ch.qos.logback.core.joran.action.AppenderAction - About to instantiate appender of type [ch.qos.logback.core.ConsoleAppender]
15:53:26,120 |-INFO in ch.qos.logback.core.joran.action.AppenderAction - Naming appender as [STDOUT]
15:53:26,132 |-INFO in ch.qos.logback.core.joran.action.NestedComplexPropertyIA - Assuming default type [ch.qos.logback.classic.encoder.PatternLayoutEncoder] for [encoder] property
15:53:26,229 |-INFO in ch.qos.logback.core.joran.action.AppenderAction - About to instantiate appender of type [ch.qos.logback.core.rolling.RollingFileAppender]
15:53:26,234 |-INFO in ch.qos.logback.core.joran.action.AppenderAction - Naming appender as [FILE]
15:53:26,273 |-INFO in c.q.l.core.rolling.TimeBasedRollingPolicy@127618319 - No compression will be used
15:53:26,274 |-INFO in c.q.l.core.rolling.TimeBasedRollingPolicy@127618319 - Will use the pattern /tmp/application_%d{yyyy-MM-dd}.%i.log for the active file
15:53:26,277 |-INFO in ch.qos.logback.core.rolling.SizeAndTimeBasedFNATP@6b2fad11 - The date pattern is 'yyyy-MM-dd' from file name pattern '/tmp/application_%d{yyyy-MM-dd}.%i.log'.
15:53:26,277 |-INFO in ch.qos.logback.core.rolling.SizeAndTimeBasedFNATP@6b2fad11 - Roll-over at midnight.
15:53:26,283 |-INFO in ch.qos.logback.core.rolling.SizeAndTimeBasedFNATP@6b2fad11 - Setting initial period to Mon Jun 10 15:52:16 UTC 2019
15:53:26,283 |-WARN in ch.qos.logback.core.rolling.SizeAndTimeBasedFNATP@6b2fad11 - SizeAndTimeBasedFNATP is deprecated. Use SizeAndTimeBasedRollingPolicy instead
15:53:26,283 |-WARN in ch.qos.logback.core.rolling.SizeAndTimeBasedFNATP@6b2fad11 - For more information see http://logback.qos.ch/manual/appenders.html#SizeAndTimeBasedRollingPolicy
15:53:26,287 |-INFO in ch.qos.logback.core.joran.action.NestedComplexPropertyIA - Assuming default type [ch.qos.logback.classic.encoder.PatternLayoutEncoder] for [encoder] property
15:53:26,292 |-INFO in ch.qos.logback.core.rolling.RollingFileAppender[FILE] - Active log file name: /tmp/application.log
15:53:26,292 |-INFO in ch.qos.logback.core.rolling.RollingFileAppender[FILE] - File property is set to [/tmp/application.log]
15:53:26,293 |-INFO in ch.qos.logback.classic.joran.action.RootLoggerAction - Setting level of ROOT logger to WARN
15:53:26,293 |-INFO in ch.qos.logback.core.joran.action.AppenderRefAction - Attaching appender named [STDOUT] to Logger[ROOT]
15:53:26,295 |-INFO in ch.qos.logback.core.joran.action.AppenderRefAction - Attaching appender named [FILE] to Logger[ROOT]
15:53:26,295 |-INFO in ch.qos.logback.classic.joran.action.ConfigurationAction - End of configuration.
15:53:26,295 |-INFO in ch.qos.logback.classic.joran.JoranConfigurator@79698539 - Registering current configuration as safe fallback point

Ama winner
Ama winner
2019-06-10T15:53:27.617+0000: 1.790: [Full GC (Metadata GC Threshold) 2019-06-10T15:53:27.618+0000: 1.790: [Tenured: 0K->15232K(341376K), 0.0393651 secs] 114987K->15232K(494976K), [Metaspace: 20726K->20726K(1067008K)], 0.0406628 secs] [Times: user=0.03 sys=0.01, real=0.04 secs] 
15:53:47.877 [Curator-PathChildrenCache-2] WARN  o.a.c.u.ZKPaths  - The version of ZooKeeper being used doesn't support Container nodes. CreateMode.PERSISTENT will be used instead.
2019-06-10T15:53:50.122+0000: 24.294: [GC (Allocation Failure) 2019-06-10T15:53:50.122+0000: 24.294: [DefNew: 136576K->17023K(153600K), 0.0341454 secs] 151808K->53026K(494976K), 0.0342154 secs] [Times: user=0.03 sys=0.01, real=0.03 secs] 
2019-06-10T15:53:50.426+0000: 24.598: [Full GC (Metadata GC Threshold) 2019-06-10T15:53:50.426+0000: 24.598: [Tenured: 36002K->44756K(341376K), 0.0390976 secs] 71503K->44756K(494976K), [Metaspace: 34522K->34522K(1079296K)], 0.0391788 secs] [Times: user=0.03 sys=0.01, real=0.04 secs] 
2019-06-10T15:53:54.539+0000: 28.711: [GC (Allocation Failure) 2019-06-10T15:53:54.539+0000: 28.711: [DefNew: 136576K->241K(153600K), 0.0024832 secs] 181332K->44998K(494976K), 0.0025461 secs] [Times: user=0.00 sys=0.00, real=0.00 secs] 
2019-06-10T15:53:58.256+0000: 32.428: [GC (Allocation Failure) 2019-06-10T15:53:58.256+0000: 32.428: [DefNew: 136817K->273K(153600K), 0.0022698 secs] 181574K->45030K(494976K), 0.0023303 secs] [Times: user=0.00 sys=0.00, real=0.01 secs] 
2019-06-10T15:54:01.976+0000: 36.148: [GC (Allocation Failure) 2019-06-10T15:54:01.976+0000: 36.148: [DefNew: 136849K->308K(153600K), 0.0023771 secs] 181606K->45065K(494976K), 0.0024376 secs] [Times: user=0.00 sys=0.00, real=0.01 secs] 
2019-06-10T15:54:05.698+0000: 39.870: [GC (Allocation Failure) 2019-06-10T15:54:05.699+0000: 39.871: [DefNew: 136884K->309K(153600K), 0.0023519 secs] 181641K->45066K(494976K), 0.0024106 secs] [Times: user=0.00 sys=0.00, real=0.00 secs] 
2019-06-10T15:54:09.358+0000: 43.530: [GC (Allocation Failure) 2019-06-10T15:54:09.358+0000: 43.530: [DefNew: 136885K->315K(153600K), 0.0024323 secs] 181642K->45072K(494976K), 0.0025014 secs] [Times: user=0.01 sys=0.00, real=0.00 secs] 
2019-06-10T15:54:12.986+0000: 47.158: [GC (Allocation Failure) 2019-06-10T15:54:12.986+0000: 47.158: [DefNew: 136891K->312K(153600K), 0.0023323 secs] 181648K->45069K(494976K), 0.0023936 secs] [Times: user=0.00 sys=0.00, real=0.01 secs] 
2019-06-10T15:54:16.633+0000: 50.805: [GC (Allocation Failure) 2019-06-10T15:54:16.633+0000: 50.805: [DefNew: 136888K->311K(153600K), 0.0023112 secs] 181645K->45067K(494976K), 0.0023726 secs] [Times: user=0.00 sys=0.00, real=0.00 secs] 
15:54:24.366 [Curator-PathChildrenCache-0] ERROR o.a.c.f.r.c.PathChildrenCache  - 
java.lang.IllegalStateException: instance must be started before calling this method
	at org.apache.curator.shaded.com.google.common.base.Preconditions.checkState(Preconditions.java:444)
	at org.apache.curator.framework.imps.CuratorFrameworkImpl.getChildren(CuratorFrameworkImpl.java:456)
	at org.apache.curator.framework.recipes.cache.PathChildrenCache.refresh(PathChildrenCache.java:521)
	at org.apache.curator.framework.recipes.cache.RefreshOperation.invoke(RefreshOperation.java:35)
	at org.apache.curator.framework.recipes.cache.PathChildrenCache$9.run(PathChildrenCache.java:786)
	at java.util.concurrent.Executors$RunnableAdapter.call(Executors.java:511)
	at java.util.concurrent.FutureTask.run(FutureTask.java:266)
	at java.util.concurrent.Executors$RunnableAdapter.call(Executors.java:511)
	at java.util.concurrent.FutureTask.run(FutureTask.java:266)
	at java.util.concurrent.ThreadPoolExecutor.runWorker(ThreadPoolExecutor.java:1149)
	at java.util.concurrent.ThreadPoolExecutor$Worker.run(ThreadPoolExecutor.java:624)
	at java.lang.Thread.run(Thread.java:748)
Heap
 def new generation   total 153600K, used 129871K [0x00000000e0c00000, 0x00000000eb2a0000, 0x00000000eb2a0000)
  eden space 136576K,  94% used [0x00000000e0c00000, 0x00000000e8a85fd0, 0x00000000e9160000)
  from space 17024K,   1% used [0x00000000e9160000, 0x00000000e91adc60, 0x00000000ea200000)
  to   space 17024K,   0% used [0x00000000ea200000, 0x00000000ea200000, 0x00000000eb2a0000)
 tenured generation   total 341376K, used 44756K [0x00000000eb2a0000, 0x0000000100000000, 0x0000000100000000)
   the space 341376K,  13% used [0x00000000eb2a0000, 0x00000000ede55390, 0x00000000ede55400, 0x0000000100000000)
 Metaspace       used 36088K, capacity 37102K, committed 37376K, reserved 1081344K
  class space    used 4874K, capacity 5067K, committed 5120K, reserved 1048576K
