17:49:38,825 |-INFO in ch.qos.logback.classic.LoggerContext[default] - Could NOT find resource [logback-test.xml]
17:49:38,826 |-INFO in ch.qos.logback.classic.LoggerContext[default] - Could NOT find resource [logback.groovy]
17:49:38,826 |-INFO in ch.qos.logback.classic.LoggerContext[default] - Found resource [logback.xml] at [jar:file:/home/nikitasokolov/flamestream/lib/flamestream-runtime-1.0-SNAPSHOT.jar!/logback.xml]
17:49:38,826 |-WARN in ch.qos.logback.classic.LoggerContext[default] - Resource [logback.xml] occurs multiple times on the classpath.
17:49:38,827 |-WARN in ch.qos.logback.classic.LoggerContext[default] - Resource [logback.xml] occurs at [jar:file:/home/nikitasokolov/flamestream/lib/flamestream-runtime-1.0-SNAPSHOT.jar!/logback.xml]
17:49:38,827 |-WARN in ch.qos.logback.classic.LoggerContext[default] - Resource [logback.xml] occurs at [jar:file:/home/nikitasokolov/flamestream/flamestream-runtime-1.0-SNAPSHOT.jar!/logback.xml]
17:49:38,842 |-INFO in ch.qos.logback.core.joran.spi.ConfigurationWatchList@6bf256fa - URL [jar:file:/home/nikitasokolov/flamestream/lib/flamestream-runtime-1.0-SNAPSHOT.jar!/logback.xml] is not of type file
17:49:38,893 |-INFO in ch.qos.logback.classic.joran.action.ConfigurationAction - debug attribute not set
17:49:38,893 |-INFO in ch.qos.logback.core.joran.action.AppenderAction - About to instantiate appender of type [ch.qos.logback.core.ConsoleAppender]
17:49:38,900 |-INFO in ch.qos.logback.core.joran.action.AppenderAction - Naming appender as [STDOUT]
17:49:38,907 |-INFO in ch.qos.logback.core.joran.action.NestedComplexPropertyIA - Assuming default type [ch.qos.logback.classic.encoder.PatternLayoutEncoder] for [encoder] property
17:49:38,962 |-INFO in ch.qos.logback.core.joran.action.AppenderAction - About to instantiate appender of type [ch.qos.logback.core.rolling.RollingFileAppender]
17:49:38,967 |-INFO in ch.qos.logback.core.joran.action.AppenderAction - Naming appender as [FILE]
17:49:38,989 |-INFO in c.q.l.core.rolling.TimeBasedRollingPolicy@114132791 - No compression will be used
17:49:38,990 |-INFO in c.q.l.core.rolling.TimeBasedRollingPolicy@114132791 - Will use the pattern /tmp/application_%d{yyyy-MM-dd}.%i.log for the active file
17:49:38,993 |-INFO in ch.qos.logback.core.rolling.SizeAndTimeBasedFNATP@22f71333 - The date pattern is 'yyyy-MM-dd' from file name pattern '/tmp/application_%d{yyyy-MM-dd}.%i.log'.
17:49:38,993 |-INFO in ch.qos.logback.core.rolling.SizeAndTimeBasedFNATP@22f71333 - Roll-over at midnight.
17:49:38,997 |-INFO in ch.qos.logback.core.rolling.SizeAndTimeBasedFNATP@22f71333 - Setting initial period to Wed May 29 17:48:43 MSK 2019
17:49:38,998 |-WARN in ch.qos.logback.core.rolling.SizeAndTimeBasedFNATP@22f71333 - SizeAndTimeBasedFNATP is deprecated. Use SizeAndTimeBasedRollingPolicy instead
17:49:38,998 |-WARN in ch.qos.logback.core.rolling.SizeAndTimeBasedFNATP@22f71333 - For more information see http://logback.qos.ch/manual/appenders.html#SizeAndTimeBasedRollingPolicy
17:49:39,002 |-INFO in ch.qos.logback.core.joran.action.NestedComplexPropertyIA - Assuming default type [ch.qos.logback.classic.encoder.PatternLayoutEncoder] for [encoder] property
17:49:39,004 |-INFO in ch.qos.logback.core.rolling.RollingFileAppender[FILE] - Active log file name: /tmp/application.log
17:49:39,004 |-INFO in ch.qos.logback.core.rolling.RollingFileAppender[FILE] - File property is set to [/tmp/application.log]
17:49:39,005 |-INFO in ch.qos.logback.classic.joran.action.RootLoggerAction - Setting level of ROOT logger to WARN
17:49:39,005 |-INFO in ch.qos.logback.core.joran.action.AppenderRefAction - Attaching appender named [STDOUT] to Logger[ROOT]
17:49:39,005 |-INFO in ch.qos.logback.core.joran.action.AppenderRefAction - Attaching appender named [FILE] to Logger[ROOT]
17:49:39,005 |-INFO in ch.qos.logback.classic.joran.action.ConfigurationAction - End of configuration.
17:49:39,006 |-INFO in ch.qos.logback.classic.joran.JoranConfigurator@13969fbe - Registering current configuration as safe fallback point

Ama winner
Ama winner
2019-05-29T17:49:40.007+0300: 1.371: [GC (Metadata GC Threshold) [PSYoungGen: 95242K->15931K(149504K)] 95242K->16011K(491008K), 0.0266281 secs] [Times: user=0.10 sys=0.05, real=0.03 secs] 
2019-05-29T17:49:40.033+0300: 1.398: [Full GC (Metadata GC Threshold) [PSYoungGen: 15931K->0K(149504K)] [ParOldGen: 80K->15087K(341504K)] 16011K->15087K(491008K), [Metaspace: 20800K->20800K(1067008K)], 0.0269817 secs] [Times: user=0.16 sys=0.02, real=0.03 secs] 
17:49:49.492 [Curator-PathChildrenCache-1] WARN  o.a.c.u.ZKPaths  - The version of ZooKeeper being used doesn't support Container nodes. CreateMode.PERSISTENT will be used instead.
2019-05-29T17:49:50.859+0300: 12.223: [GC (Metadata GC Threshold) [PSYoungGen: 125580K->15766K(149504K)] 140667K->50392K(491008K), 0.0272251 secs] [Times: user=0.24 sys=0.02, real=0.03 secs] 
2019-05-29T17:49:50.886+0300: 12.250: [Full GC (Metadata GC Threshold) [PSYoungGen: 15766K->0K(149504K)] [ParOldGen: 34626K->38902K(341504K)] 50392K->38902K(491008K), [Metaspace: 34538K->34538K(1079296K)], 0.0331342 secs] [Times: user=0.16 sys=0.00, real=0.04 secs] 
2019-05-29T17:50:09.787+0300: 31.151: [GC (Allocation Failure) [PSYoungGen: 128512K->576K(149504K)] 167414K->39486K(491008K), 0.0056752 secs] [Times: user=0.04 sys=0.00, real=0.01 secs] 
2019-05-29T17:50:31.286+0300: 52.651: [GC (Allocation Failure) [PSYoungGen: 129088K->864K(149504K)] 167998K->39782K(491008K), 0.0044261 secs] [Times: user=0.02 sys=0.00, real=0.00 secs] 
2019-05-29T17:50:56.814+0300: 78.178: [GC (Allocation Failure) [PSYoungGen: 129376K->1280K(149504K)] 168294K->40206K(491008K), 0.0045660 secs] [Times: user=0.02 sys=0.01, real=0.00 secs] 
2019-05-29T17:51:25.003+0300: 106.367: [GC (Allocation Failure) [PSYoungGen: 129792K->992K(150016K)] 168718K->39926K(491520K), 0.0030685 secs] [Times: user=0.01 sys=0.02, real=0.00 secs] 
2019-05-29T17:51:51.262+0300: 132.626: [GC (Allocation Failure) [PSYoungGen: 130016K->1088K(149504K)] 168950K->40030K(491008K), 0.0025829 secs] [Times: user=0.00 sys=0.00, real=0.00 secs] 
2019-05-29T17:52:18.887+0300: 160.251: [GC (Allocation Failure) [PSYoungGen: 130112K->1152K(152064K)] 169054K->40102K(493568K), 0.0037287 secs] [Times: user=0.01 sys=0.02, real=0.00 secs] 
2019-05-29T17:52:51.532+0300: 192.896: [GC (Allocation Failure) [PSYoungGen: 133760K->1248K(151040K)] 172710K->40206K(492544K), 0.0086085 secs] [Times: user=0.07 sys=0.02, real=0.01 secs] 
17:53:24.779 [Curator-PathChildrenCache-0] ERROR o.a.c.f.r.c.PathChildrenCache  - 
java.lang.IllegalStateException: instance must be started before calling this method
	at org.apache.curator.shaded.com.google.common.base.Preconditions.checkState(Preconditions.java:444)
	at org.apache.curator.framework.imps.CuratorFrameworkImpl.getChildren(CuratorFrameworkImpl.java:456)
	at org.apache.curator.framework.recipes.cache.PathChildrenCache.refresh(PathChildrenCache.java:521)
	at org.apache.curator.framework.recipes.cache.RefreshOperation.invoke(RefreshOperation.java:35)
	at org.apache.curator.framework.recipes.cache.PathChildrenCache$9.run(PathChildrenCache.java:786)
	at java.util.concurrent.Executors$RunnableAdapter.call(Executors.java:511)
	at java.util.concurrent.FutureTask.run(FutureTask.java:266)
	at java.util.concurrent.Executors$RunnableAdapter.call(Executors.java:511)
	at java.util.concurrent.FutureTask.run(FutureTask.java:266)
	at java.util.concurrent.ThreadPoolExecutor.runWorker(ThreadPoolExecutor.java:1149)
	at java.util.concurrent.ThreadPoolExecutor$Worker.run(ThreadPoolExecutor.java:624)
	at java.lang.Thread.run(Thread.java:748)
2019-05-29T17:53:25.868+0300: 227.233: [GC (Allocation Failure) [PSYoungGen: 133856K->1937K(153600K)] 172814K->40903K(495104K), 0.0041112 secs] [Times: user=0.01 sys=0.01, real=0.01 secs] 
Heap
 PSYoungGen      total 153600K, used 5279K [0x00000000f5980000, 0x0000000100000000, 0x0000000100000000)
  eden space 135680K, 2% used [0x00000000f5980000,0x00000000f5cc3628,0x00000000fde00000)
  from space 17920K, 10% used [0x00000000fee80000,0x00000000ff064658,0x0000000100000000)
  to   space 16896K, 0% used [0x00000000fde00000,0x00000000fde00000,0x00000000fee80000)
 ParOldGen       total 341504K, used 38966K [0x00000000e0c00000, 0x00000000f5980000, 0x00000000f5980000)
  object space 341504K, 11% used [0x00000000e0c00000,0x00000000e320d938,0x00000000f5980000)
 Metaspace       used 36332K, capacity 37154K, committed 37464K, reserved 1081344K
  class space    used 4967K, capacity 5161K, committed 5248K, reserved 1048576K
