05:19:53,223 |-INFO in ch.qos.logback.classic.LoggerContext[default] - Could NOT find resource [logback-test.xml]
05:19:53,223 |-INFO in ch.qos.logback.classic.LoggerContext[default] - Could NOT find resource [logback.groovy]
05:19:53,223 |-INFO in ch.qos.logback.classic.LoggerContext[default] - Found resource [logback.xml] at [jar:file:/root/flamestream/lib/flamestream-runtime-1.0-SNAPSHOT.jar!/logback.xml]
05:19:53,224 |-WARN in ch.qos.logback.classic.LoggerContext[default] - Resource [logback.xml] occurs multiple times on the classpath.
05:19:53,224 |-WARN in ch.qos.logback.classic.LoggerContext[default] - Resource [logback.xml] occurs at [jar:file:/root/flamestream/lib/flamestream-runtime-1.0-SNAPSHOT.jar!/logback.xml]
05:19:53,224 |-WARN in ch.qos.logback.classic.LoggerContext[default] - Resource [logback.xml] occurs at [jar:file:/root/flamestream/flamestream-runtime-1.0-SNAPSHOT.jar!/logback.xml]
05:19:53,244 |-INFO in ch.qos.logback.core.joran.spi.ConfigurationWatchList@3fb6a447 - URL [jar:file:/root/flamestream/lib/flamestream-runtime-1.0-SNAPSHOT.jar!/logback.xml] is not of type file
05:19:53,317 |-INFO in ch.qos.logback.classic.joran.action.ConfigurationAction - debug attribute not set
05:19:53,317 |-INFO in ch.qos.logback.core.joran.action.AppenderAction - About to instantiate appender of type [ch.qos.logback.core.ConsoleAppender]
05:19:53,332 |-INFO in ch.qos.logback.core.joran.action.AppenderAction - Naming appender as [STDOUT]
05:19:53,350 |-INFO in ch.qos.logback.core.joran.action.NestedComplexPropertyIA - Assuming default type [ch.qos.logback.classic.encoder.PatternLayoutEncoder] for [encoder] property
05:19:53,432 |-INFO in ch.qos.logback.core.joran.action.AppenderAction - About to instantiate appender of type [ch.qos.logback.core.rolling.RollingFileAppender]
05:19:53,441 |-INFO in ch.qos.logback.core.joran.action.AppenderAction - Naming appender as [FILE]
05:19:53,473 |-INFO in c.q.l.core.rolling.TimeBasedRollingPolicy@127618319 - No compression will be used
05:19:53,474 |-INFO in c.q.l.core.rolling.TimeBasedRollingPolicy@127618319 - Will use the pattern /tmp/application_%d{yyyy-MM-dd}.%i.log for the active file
05:19:53,477 |-INFO in ch.qos.logback.core.rolling.SizeAndTimeBasedFNATP@6b2fad11 - The date pattern is 'yyyy-MM-dd' from file name pattern '/tmp/application_%d{yyyy-MM-dd}.%i.log'.
05:19:53,477 |-INFO in ch.qos.logback.core.rolling.SizeAndTimeBasedFNATP@6b2fad11 - Roll-over at midnight.
05:19:53,482 |-INFO in ch.qos.logback.core.rolling.SizeAndTimeBasedFNATP@6b2fad11 - Setting initial period to Tue Jun 11 05:18:32 UTC 2019
05:19:53,482 |-WARN in ch.qos.logback.core.rolling.SizeAndTimeBasedFNATP@6b2fad11 - SizeAndTimeBasedFNATP is deprecated. Use SizeAndTimeBasedRollingPolicy instead
05:19:53,482 |-WARN in ch.qos.logback.core.rolling.SizeAndTimeBasedFNATP@6b2fad11 - For more information see http://logback.qos.ch/manual/appenders.html#SizeAndTimeBasedRollingPolicy
05:19:53,486 |-INFO in ch.qos.logback.core.joran.action.NestedComplexPropertyIA - Assuming default type [ch.qos.logback.classic.encoder.PatternLayoutEncoder] for [encoder] property
05:19:53,491 |-INFO in ch.qos.logback.core.rolling.RollingFileAppender[FILE] - Active log file name: /tmp/application.log
05:19:53,491 |-INFO in ch.qos.logback.core.rolling.RollingFileAppender[FILE] - File property is set to [/tmp/application.log]
05:19:53,492 |-INFO in ch.qos.logback.classic.joran.action.RootLoggerAction - Setting level of ROOT logger to WARN
05:19:53,492 |-INFO in ch.qos.logback.core.joran.action.AppenderRefAction - Attaching appender named [STDOUT] to Logger[ROOT]
05:19:53,494 |-INFO in ch.qos.logback.core.joran.action.AppenderRefAction - Attaching appender named [FILE] to Logger[ROOT]
05:19:53,494 |-INFO in ch.qos.logback.classic.joran.action.ConfigurationAction - End of configuration.
05:19:53,494 |-INFO in ch.qos.logback.classic.joran.JoranConfigurator@79698539 - Registering current configuration as safe fallback point

Ama winner
Ama winner
2019-06-11T05:19:54.788+0000: 1.752: [Full GC (Metadata GC Threshold) 2019-06-11T05:19:54.788+0000: 1.752: [Tenured: 0K->15208K(341376K), 0.0401244 secs] 114923K->15208K(494976K), [Metaspace: 20739K->20739K(1067008K)], 0.0401913 secs] [Times: user=0.03 sys=0.01, real=0.04 secs] 
05:20:14.955 [Curator-PathChildrenCache-1] WARN  o.a.c.u.ZKPaths  - The version of ZooKeeper being used doesn't support Container nodes. CreateMode.PERSISTENT will be used instead.
2019-06-11T05:20:17.253+0000: 24.218: [GC (Allocation Failure) 2019-06-11T05:20:17.253+0000: 24.218: [DefNew: 136576K->17024K(153600K), 0.0255939 secs] 151784K->52645K(494976K), 0.0256655 secs] [Times: user=0.02 sys=0.01, real=0.03 secs] 
2019-06-11T05:20:18.103+0000: 25.067: [Full GC (Metadata GC Threshold) 2019-06-11T05:20:18.103+0000: 25.067: [Tenured: 35621K->44085K(341376K), 0.0476063 secs] 78603K->44085K(494976K), [Metaspace: 34594K->34594K(1079296K)], 0.0476795 secs] [Times: user=0.05 sys=0.00, real=0.05 secs] 
2019-06-11T05:20:22.315+0000: 29.279: [GC (Allocation Failure) 2019-06-11T05:20:22.315+0000: 29.279: [DefNew: 136576K->99K(153600K), 0.0018455 secs] 180661K->44185K(494976K), 0.0019020 secs] [Times: user=0.00 sys=0.00, real=0.01 secs] 
2019-06-11T05:20:26.525+0000: 33.489: [GC (Allocation Failure) 2019-06-11T05:20:26.525+0000: 33.489: [DefNew: 136675K->111K(153600K), 0.0017807 secs] 180761K->44197K(494976K), 0.0018454 secs] [Times: user=0.00 sys=0.00, real=0.00 secs] 
2019-06-11T05:20:30.723+0000: 37.687: [GC (Allocation Failure) 2019-06-11T05:20:30.723+0000: 37.687: [DefNew: 136687K->110K(153600K), 0.0017979 secs] 180773K->44195K(494976K), 0.0018581 secs] [Times: user=0.00 sys=0.00, real=0.00 secs] 
2019-06-11T05:20:34.832+0000: 41.796: [GC (Allocation Failure) 2019-06-11T05:20:34.832+0000: 41.796: [DefNew: 136686K->110K(153600K), 0.0018249 secs] 180771K->44196K(494976K), 0.0018963 secs] [Times: user=0.01 sys=0.00, real=0.00 secs] 
2019-06-11T05:20:44.012+0000: 50.976: [GC (Allocation Failure) 2019-06-11T05:20:44.012+0000: 50.976: [DefNew: 136686K->513K(153600K), 0.0038625 secs] 180772K->44599K(494976K), 0.0039237 secs] [Times: user=0.00 sys=0.00, real=0.00 secs] 
05:20:44.035 [Curator-PathChildrenCache-0] ERROR o.a.c.f.r.c.PathChildrenCache  - 
java.lang.IllegalStateException: instance must be started before calling this method
	at org.apache.curator.shaded.com.google.common.base.Preconditions.checkState(Preconditions.java:444)
	at org.apache.curator.framework.imps.CuratorFrameworkImpl.getChildren(CuratorFrameworkImpl.java:456)
	at org.apache.curator.framework.recipes.cache.PathChildrenCache.refresh(PathChildrenCache.java:521)
	at org.apache.curator.framework.recipes.cache.RefreshOperation.invoke(RefreshOperation.java:35)
	at org.apache.curator.framework.recipes.cache.PathChildrenCache$9.run(PathChildrenCache.java:786)
	at java.util.concurrent.Executors$RunnableAdapter.call(Executors.java:511)
	at java.util.concurrent.FutureTask.run(FutureTask.java:266)
	at java.util.concurrent.Executors$RunnableAdapter.call(Executors.java:511)
	at java.util.concurrent.FutureTask.run(FutureTask.java:266)
	at java.util.concurrent.ThreadPoolExecutor.runWorker(ThreadPoolExecutor.java:1149)
	at java.util.concurrent.ThreadPoolExecutor$Worker.run(ThreadPoolExecutor.java:624)
	at java.lang.Thread.run(Thread.java:748)
Heap
 def new generation   total 153600K, used 17009K [0x00000000e0c00000, 0x00000000eb2a0000, 0x00000000eb2a0000)
  eden space 136576K,  12% used [0x00000000e0c00000, 0x00000000e1c1be10, 0x00000000e9160000)
  from space 17024K,   3% used [0x00000000e9160000, 0x00000000e91e05f0, 0x00000000ea200000)
  to   space 17024K,   0% used [0x00000000ea200000, 0x00000000ea200000, 0x00000000eb2a0000)
 tenured generation   total 341376K, used 44085K [0x00000000eb2a0000, 0x0000000100000000, 0x0000000100000000)
   the space 341376K,  12% used [0x00000000eb2a0000, 0x00000000eddad660, 0x00000000eddad800, 0x0000000100000000)
 Metaspace       used 35825K, capacity 36748K, committed 36864K, reserved 1081344K
  class space    used 4839K, capacity 5050K, committed 5120K, reserved 1048576K
