07:32:49,340 |-INFO in ch.qos.logback.classic.LoggerContext[default] - Could NOT find resource [logback-test.xml]
07:32:49,340 |-INFO in ch.qos.logback.classic.LoggerContext[default] - Could NOT find resource [logback.groovy]
07:32:49,340 |-INFO in ch.qos.logback.classic.LoggerContext[default] - Found resource [logback.xml] at [jar:file:/root/flamestream/lib/flamestream-runtime-1.0-SNAPSHOT.jar!/logback.xml]
07:32:49,341 |-WARN in ch.qos.logback.classic.LoggerContext[default] - Resource [logback.xml] occurs multiple times on the classpath.
07:32:49,342 |-WARN in ch.qos.logback.classic.LoggerContext[default] - Resource [logback.xml] occurs at [jar:file:/root/flamestream/lib/flamestream-runtime-1.0-SNAPSHOT.jar!/logback.xml]
07:32:49,342 |-WARN in ch.qos.logback.classic.LoggerContext[default] - Resource [logback.xml] occurs at [jar:file:/root/flamestream/flamestream-runtime-1.0-SNAPSHOT.jar!/logback.xml]
07:32:49,361 |-INFO in ch.qos.logback.core.joran.spi.ConfigurationWatchList@3fb6a447 - URL [jar:file:/root/flamestream/lib/flamestream-runtime-1.0-SNAPSHOT.jar!/logback.xml] is not of type file
07:32:49,427 |-INFO in ch.qos.logback.classic.joran.action.ConfigurationAction - debug attribute not set
07:32:49,427 |-INFO in ch.qos.logback.core.joran.action.AppenderAction - About to instantiate appender of type [ch.qos.logback.core.ConsoleAppender]
07:32:49,443 |-INFO in ch.qos.logback.core.joran.action.AppenderAction - Naming appender as [STDOUT]
07:32:49,461 |-INFO in ch.qos.logback.core.joran.action.NestedComplexPropertyIA - Assuming default type [ch.qos.logback.classic.encoder.PatternLayoutEncoder] for [encoder] property
07:32:49,545 |-INFO in ch.qos.logback.core.joran.action.AppenderAction - About to instantiate appender of type [ch.qos.logback.core.rolling.RollingFileAppender]
07:32:49,550 |-INFO in ch.qos.logback.core.joran.action.AppenderAction - Naming appender as [FILE]
07:32:49,580 |-INFO in c.q.l.core.rolling.TimeBasedRollingPolicy@127618319 - No compression will be used
07:32:49,581 |-INFO in c.q.l.core.rolling.TimeBasedRollingPolicy@127618319 - Will use the pattern /tmp/application_%d{yyyy-MM-dd}.%i.log for the active file
07:32:49,584 |-INFO in ch.qos.logback.core.rolling.SizeAndTimeBasedFNATP@6b2fad11 - The date pattern is 'yyyy-MM-dd' from file name pattern '/tmp/application_%d{yyyy-MM-dd}.%i.log'.
07:32:49,584 |-INFO in ch.qos.logback.core.rolling.SizeAndTimeBasedFNATP@6b2fad11 - Roll-over at midnight.
07:32:49,589 |-INFO in ch.qos.logback.core.rolling.SizeAndTimeBasedFNATP@6b2fad11 - Setting initial period to Tue Jun 11 07:31:23 UTC 2019
07:32:49,589 |-WARN in ch.qos.logback.core.rolling.SizeAndTimeBasedFNATP@6b2fad11 - SizeAndTimeBasedFNATP is deprecated. Use SizeAndTimeBasedRollingPolicy instead
07:32:49,589 |-WARN in ch.qos.logback.core.rolling.SizeAndTimeBasedFNATP@6b2fad11 - For more information see http://logback.qos.ch/manual/appenders.html#SizeAndTimeBasedRollingPolicy
07:32:49,593 |-INFO in ch.qos.logback.core.joran.action.NestedComplexPropertyIA - Assuming default type [ch.qos.logback.classic.encoder.PatternLayoutEncoder] for [encoder] property
07:32:49,598 |-INFO in ch.qos.logback.core.rolling.RollingFileAppender[FILE] - Active log file name: /tmp/application.log
07:32:49,598 |-INFO in ch.qos.logback.core.rolling.RollingFileAppender[FILE] - File property is set to [/tmp/application.log]
07:32:49,599 |-INFO in ch.qos.logback.classic.joran.action.RootLoggerAction - Setting level of ROOT logger to WARN
07:32:49,599 |-INFO in ch.qos.logback.core.joran.action.AppenderRefAction - Attaching appender named [STDOUT] to Logger[ROOT]
07:32:49,601 |-INFO in ch.qos.logback.core.joran.action.AppenderRefAction - Attaching appender named [FILE] to Logger[ROOT]
07:32:49,601 |-INFO in ch.qos.logback.classic.joran.action.ConfigurationAction - End of configuration.
07:32:49,601 |-INFO in ch.qos.logback.classic.joran.JoranConfigurator@79698539 - Registering current configuration as safe fallback point

Ama winner
Ama winner
2019-06-11T07:32:50.907+0000: 1.753: [Full GC (Metadata GC Threshold) 2019-06-11T07:32:50.907+0000: 1.753: [Tenured: 0K->15145K(341376K), 0.0406069 secs] 114987K->15145K(494976K), [Metaspace: 20735K->20735K(1067008K)], 0.0407072 secs] [Times: user=0.04 sys=0.00, real=0.04 secs] 
07:33:12.104 [Curator-PathChildrenCache-1] WARN  o.a.c.u.ZKPaths  - The version of ZooKeeper being used doesn't support Container nodes. CreateMode.PERSISTENT will be used instead.
2019-06-11T07:33:14.342+0000: 25.187: [GC (Allocation Failure) 2019-06-11T07:33:14.342+0000: 25.187: [DefNew: 136575K->17023K(153600K), 0.0337841 secs] 151721K->52442K(494976K), 0.0338669 secs] [Times: user=0.03 sys=0.00, real=0.03 secs] 
2019-06-11T07:33:15.214+0000: 26.059: [Full GC (Metadata GC Threshold) 2019-06-11T07:33:15.214+0000: 26.059: [Tenured: 35418K->43805K(341376K), 0.0448189 secs] 76467K->43805K(494976K), [Metaspace: 34548K->34548K(1079296K)], 0.0448930 secs] [Times: user=0.04 sys=0.00, real=0.05 secs] 
2019-06-11T07:33:19.548+0000: 30.394: [GC (Allocation Failure) 2019-06-11T07:33:19.548+0000: 30.394: [DefNew: 136576K->66K(153600K), 0.0017772 secs] 180381K->43871K(494976K), 0.0018347 secs] [Times: user=0.00 sys=0.00, real=0.00 secs] 
2019-06-11T07:33:23.847+0000: 34.692: [GC (Allocation Failure) 2019-06-11T07:33:23.847+0000: 34.692: [DefNew: 136642K->73K(153600K), 0.0016406 secs] 180447K->43879K(494976K), 0.0016999 secs] [Times: user=0.00 sys=0.00, real=0.00 secs] 
2019-06-11T07:33:28.120+0000: 38.966: [GC (Allocation Failure) 2019-06-11T07:33:28.120+0000: 38.966: [DefNew: 136649K->73K(153600K), 0.0016827 secs] 180455K->43878K(494976K), 0.0017413 secs] [Times: user=0.01 sys=0.00, real=0.00 secs] 
2019-06-11T07:33:32.488+0000: 43.334: [GC (Allocation Failure) 2019-06-11T07:33:32.488+0000: 43.334: [DefNew: 136649K->74K(153600K), 0.0016975 secs] 180454K->43880K(494976K), 0.0017567 secs] [Times: user=0.00 sys=0.00, real=0.00 secs] 
07:33:44.006 [Curator-PathChildrenCache-0] ERROR o.a.c.f.r.c.PathChildrenCache  - 
java.lang.IllegalStateException: instance must be started before calling this method
	at org.apache.curator.shaded.com.google.common.base.Preconditions.checkState(Preconditions.java:444)
	at org.apache.curator.framework.imps.CuratorFrameworkImpl.getChildren(CuratorFrameworkImpl.java:456)
	at org.apache.curator.framework.recipes.cache.PathChildrenCache.refresh(PathChildrenCache.java:521)
	at org.apache.curator.framework.recipes.cache.RefreshOperation.invoke(RefreshOperation.java:35)
	at org.apache.curator.framework.recipes.cache.PathChildrenCache$9.run(PathChildrenCache.java:786)
	at java.util.concurrent.Executors$RunnableAdapter.call(Executors.java:511)
	at java.util.concurrent.FutureTask.run(FutureTask.java:266)
	at java.util.concurrent.Executors$RunnableAdapter.call(Executors.java:511)
	at java.util.concurrent.FutureTask.run(FutureTask.java:266)
	at java.util.concurrent.ThreadPoolExecutor.runWorker(ThreadPoolExecutor.java:1149)
	at java.util.concurrent.ThreadPoolExecutor$Worker.run(ThreadPoolExecutor.java:624)
	at java.lang.Thread.run(Thread.java:748)
2019-06-11T07:33:45.246+0000: 56.092: [GC (Allocation Failure) 2019-06-11T07:33:45.246+0000: 56.092: [DefNew: 136650K->1131K(153600K), 0.0034922 secs] 180456K->44937K(494976K), 0.0035429 secs] [Times: user=0.01 sys=0.00, real=0.00 secs] 
Heap
 def new generation   total 153600K, used 1859K [0x00000000e0c00000, 0x00000000eb2a0000, 0x00000000eb2a0000)
  eden space 136576K,   0% used [0x00000000e0c00000, 0x00000000e0cb60c0, 0x00000000e9160000)
  from space 17024K,   6% used [0x00000000e9160000, 0x00000000e927ad38, 0x00000000ea200000)
  to   space 17024K,   0% used [0x00000000ea200000, 0x00000000ea200000, 0x00000000eb2a0000)
 tenured generation   total 341376K, used 43805K [0x00000000eb2a0000, 0x0000000100000000, 0x0000000100000000)
   the space 341376K,  12% used [0x00000000eb2a0000, 0x00000000edd67780, 0x00000000edd67800, 0x0000000100000000)
 Metaspace       used 35763K, capacity 36706K, committed 36864K, reserved 1081344K
  class space    used 4831K, capacity 5053K, committed 5120K, reserved 1048576K
