16:23:14,738 |-INFO in ch.qos.logback.classic.LoggerContext[default] - Could NOT find resource [logback-test.xml]
16:23:14,738 |-INFO in ch.qos.logback.classic.LoggerContext[default] - Could NOT find resource [logback.groovy]
16:23:14,739 |-INFO in ch.qos.logback.classic.LoggerContext[default] - Found resource [logback.xml] at [jar:file:/root/flamestream/lib/flamestream-runtime-1.0-SNAPSHOT.jar!/logback.xml]
16:23:14,739 |-WARN in ch.qos.logback.classic.LoggerContext[default] - Resource [logback.xml] occurs multiple times on the classpath.
16:23:14,740 |-WARN in ch.qos.logback.classic.LoggerContext[default] - Resource [logback.xml] occurs at [jar:file:/root/flamestream/lib/flamestream-runtime-1.0-SNAPSHOT.jar!/logback.xml]
16:23:14,740 |-WARN in ch.qos.logback.classic.LoggerContext[default] - Resource [logback.xml] occurs at [jar:file:/root/flamestream/flamestream-runtime-1.0-SNAPSHOT.jar!/logback.xml]
16:23:14,758 |-INFO in ch.qos.logback.core.joran.spi.ConfigurationWatchList@3fb6a447 - URL [jar:file:/root/flamestream/lib/flamestream-runtime-1.0-SNAPSHOT.jar!/logback.xml] is not of type file
16:23:14,826 |-INFO in ch.qos.logback.classic.joran.action.ConfigurationAction - debug attribute not set
16:23:14,826 |-INFO in ch.qos.logback.core.joran.action.AppenderAction - About to instantiate appender of type [ch.qos.logback.core.ConsoleAppender]
16:23:14,843 |-INFO in ch.qos.logback.core.joran.action.AppenderAction - Naming appender as [STDOUT]
16:23:14,861 |-INFO in ch.qos.logback.core.joran.action.NestedComplexPropertyIA - Assuming default type [ch.qos.logback.classic.encoder.PatternLayoutEncoder] for [encoder] property
16:23:14,944 |-INFO in ch.qos.logback.core.joran.action.AppenderAction - About to instantiate appender of type [ch.qos.logback.core.rolling.RollingFileAppender]
16:23:14,949 |-INFO in ch.qos.logback.core.joran.action.AppenderAction - Naming appender as [FILE]
16:23:14,980 |-INFO in c.q.l.core.rolling.TimeBasedRollingPolicy@127618319 - No compression will be used
16:23:14,981 |-INFO in c.q.l.core.rolling.TimeBasedRollingPolicy@127618319 - Will use the pattern /tmp/application_%d{yyyy-MM-dd}.%i.log for the active file
16:23:14,984 |-INFO in ch.qos.logback.core.rolling.SizeAndTimeBasedFNATP@6b2fad11 - The date pattern is 'yyyy-MM-dd' from file name pattern '/tmp/application_%d{yyyy-MM-dd}.%i.log'.
16:23:14,984 |-INFO in ch.qos.logback.core.rolling.SizeAndTimeBasedFNATP@6b2fad11 - Roll-over at midnight.
16:23:14,989 |-INFO in ch.qos.logback.core.rolling.SizeAndTimeBasedFNATP@6b2fad11 - Setting initial period to Mon Jun 10 16:21:58 UTC 2019
16:23:14,989 |-WARN in ch.qos.logback.core.rolling.SizeAndTimeBasedFNATP@6b2fad11 - SizeAndTimeBasedFNATP is deprecated. Use SizeAndTimeBasedRollingPolicy instead
16:23:14,989 |-WARN in ch.qos.logback.core.rolling.SizeAndTimeBasedFNATP@6b2fad11 - For more information see http://logback.qos.ch/manual/appenders.html#SizeAndTimeBasedRollingPolicy
16:23:14,993 |-INFO in ch.qos.logback.core.joran.action.NestedComplexPropertyIA - Assuming default type [ch.qos.logback.classic.encoder.PatternLayoutEncoder] for [encoder] property
16:23:14,998 |-INFO in ch.qos.logback.core.rolling.RollingFileAppender[FILE] - Active log file name: /tmp/application.log
16:23:14,998 |-INFO in ch.qos.logback.core.rolling.RollingFileAppender[FILE] - File property is set to [/tmp/application.log]
16:23:14,999 |-INFO in ch.qos.logback.classic.joran.action.RootLoggerAction - Setting level of ROOT logger to WARN
16:23:14,999 |-INFO in ch.qos.logback.core.joran.action.AppenderRefAction - Attaching appender named [STDOUT] to Logger[ROOT]
16:23:15,001 |-INFO in ch.qos.logback.core.joran.action.AppenderRefAction - Attaching appender named [FILE] to Logger[ROOT]
16:23:15,001 |-INFO in ch.qos.logback.classic.joran.action.ConfigurationAction - End of configuration.
16:23:15,001 |-INFO in ch.qos.logback.classic.joran.JoranConfigurator@79698539 - Registering current configuration as safe fallback point

Ama winner
Ama winner
2019-06-10T16:23:16.305+0000: 1.755: [Full GC (Metadata GC Threshold) 2019-06-10T16:23:16.305+0000: 1.755: [Tenured: 0K->15209K(341376K), 0.0392823 secs] 114923K->15209K(494976K), [Metaspace: 20735K->20735K(1067008K)], 0.0393483 secs] [Times: user=0.04 sys=0.00, real=0.04 secs] 
16:23:32.128 [Curator-PathChildrenCache-1] WARN  o.a.c.u.ZKPaths  - The version of ZooKeeper being used doesn't support Container nodes. CreateMode.PERSISTENT will be used instead.
2019-06-10T16:23:34.606+0000: 20.056: [GC (Allocation Failure) 2019-06-10T16:23:34.606+0000: 20.056: [DefNew: 136576K->17024K(153600K), 0.0282385 secs] 151785K->52676K(494976K), 0.0283180 secs] [Times: user=0.02 sys=0.00, real=0.03 secs] 
2019-06-10T16:23:37.958+0000: 23.408: [Full GC (Metadata GC Threshold) 2019-06-10T16:23:37.958+0000: 23.408: [Tenured: 35652K->44214K(341376K), 0.0557046 secs] 117963K->44214K(494976K), [Metaspace: 34592K->34592K(1079296K)], 0.0557789 secs] [Times: user=0.06 sys=0.00, real=0.05 secs] 
2019-06-10T16:23:45.491+0000: 30.941: [GC (Allocation Failure) 2019-06-10T16:23:45.491+0000: 30.941: [DefNew: 136576K->54K(153600K), 0.0018177 secs] 180790K->44269K(494976K), 0.0018761 secs] [Times: user=0.00 sys=0.00, real=0.00 secs] 
2019-06-10T16:23:52.965+0000: 38.415: [GC (Allocation Failure) 2019-06-10T16:23:52.965+0000: 38.415: [DefNew: 136630K->52K(153600K), 0.0016513 secs] 180845K->44267K(494976K), 0.0017133 secs] [Times: user=0.00 sys=0.00, real=0.00 secs] 
2019-06-10T16:24:00.471+0000: 45.921: [GC (Allocation Failure) 2019-06-10T16:24:00.471+0000: 45.921: [DefNew: 136628K->58K(153600K), 0.0017695 secs] 180843K->44273K(494976K), 0.0018292 secs] [Times: user=0.00 sys=0.00, real=0.00 secs] 
2019-06-10T16:24:08.074+0000: 53.524: [GC (Allocation Failure) 2019-06-10T16:24:08.074+0000: 53.524: [DefNew: 136634K->55K(153600K), 0.0017252 secs] 180849K->44270K(494976K), 0.0017847 secs] [Times: user=0.00 sys=0.00, real=0.00 secs] 
2019-06-10T16:24:16.479+0000: 61.929: [GC (Allocation Failure) 2019-06-10T16:24:16.479+0000: 61.929: [DefNew: 136631K->303K(153600K), 0.0022119 secs] 180846K->44518K(494976K), 0.0022675 secs] [Times: user=0.00 sys=0.00, real=0.00 secs] 
16:24:26.350 [Curator-PathChildrenCache-0] ERROR o.a.c.f.r.c.PathChildrenCache  - 
java.lang.IllegalStateException: instance must be started before calling this method
	at org.apache.curator.shaded.com.google.common.base.Preconditions.checkState(Preconditions.java:444)
	at org.apache.curator.framework.imps.CuratorFrameworkImpl.getChildren(CuratorFrameworkImpl.java:456)
	at org.apache.curator.framework.recipes.cache.PathChildrenCache.refresh(PathChildrenCache.java:521)
	at org.apache.curator.framework.recipes.cache.RefreshOperation.invoke(RefreshOperation.java:35)
	at org.apache.curator.framework.recipes.cache.PathChildrenCache$9.run(PathChildrenCache.java:786)
	at java.util.concurrent.Executors$RunnableAdapter.call(Executors.java:511)
	at java.util.concurrent.FutureTask.run(FutureTask.java:266)
	at java.util.concurrent.Executors$RunnableAdapter.call(Executors.java:511)
	at java.util.concurrent.FutureTask.run(FutureTask.java:266)
	at java.util.concurrent.ThreadPoolExecutor.runWorker(ThreadPoolExecutor.java:1149)
	at java.util.concurrent.ThreadPoolExecutor$Worker.run(ThreadPoolExecutor.java:624)
	at java.lang.Thread.run(Thread.java:748)
Heap
 def new generation   total 153600K, used 49043K [0x00000000e0c00000, 0x00000000eb2a0000, 0x00000000eb2a0000)
  eden space 136576K,  35% used [0x00000000e0c00000, 0x00000000e3b98c98, 0x00000000e9160000)
  from space 17024K,   1% used [0x00000000e9160000, 0x00000000e91abff8, 0x00000000ea200000)
  to   space 17024K,   0% used [0x00000000ea200000, 0x00000000ea200000, 0x00000000eb2a0000)
 tenured generation   total 341376K, used 44214K [0x00000000eb2a0000, 0x0000000100000000, 0x0000000100000000)
   the space 341376K,  12% used [0x00000000eb2a0000, 0x00000000eddcdb48, 0x00000000eddcdc00, 0x0000000100000000)
 Metaspace       used 36014K, capacity 36922K, committed 37120K, reserved 1081344K
  class space    used 4857K, capacity 5073K, committed 5120K, reserved 1048576K
