17:32:22,838 |-INFO in ch.qos.logback.classic.LoggerContext[default] - Could NOT find resource [logback-test.xml]
17:32:22,838 |-INFO in ch.qos.logback.classic.LoggerContext[default] - Could NOT find resource [logback.groovy]
17:32:22,838 |-INFO in ch.qos.logback.classic.LoggerContext[default] - Found resource [logback.xml] at [jar:file:/root/flamestream/lib/flamestream-runtime-1.0-SNAPSHOT.jar!/logback.xml]
17:32:22,843 |-WARN in ch.qos.logback.classic.LoggerContext[default] - Resource [logback.xml] occurs multiple times on the classpath.
17:32:22,843 |-WARN in ch.qos.logback.classic.LoggerContext[default] - Resource [logback.xml] occurs at [jar:file:/root/flamestream/lib/flamestream-runtime-1.0-SNAPSHOT.jar!/logback.xml]
17:32:22,843 |-WARN in ch.qos.logback.classic.LoggerContext[default] - Resource [logback.xml] occurs at [jar:file:/root/flamestream/flamestream-runtime-1.0-SNAPSHOT.jar!/logback.xml]
17:32:22,862 |-INFO in ch.qos.logback.core.joran.spi.ConfigurationWatchList@3fb6a447 - URL [jar:file:/root/flamestream/lib/flamestream-runtime-1.0-SNAPSHOT.jar!/logback.xml] is not of type file
17:32:22,933 |-INFO in ch.qos.logback.classic.joran.action.ConfigurationAction - debug attribute not set
17:32:22,933 |-INFO in ch.qos.logback.core.joran.action.AppenderAction - About to instantiate appender of type [ch.qos.logback.core.ConsoleAppender]
17:32:22,949 |-INFO in ch.qos.logback.core.joran.action.AppenderAction - Naming appender as [STDOUT]
17:32:22,969 |-INFO in ch.qos.logback.core.joran.action.NestedComplexPropertyIA - Assuming default type [ch.qos.logback.classic.encoder.PatternLayoutEncoder] for [encoder] property
17:32:23,046 |-INFO in ch.qos.logback.core.joran.action.AppenderAction - About to instantiate appender of type [ch.qos.logback.core.rolling.RollingFileAppender]
17:32:23,051 |-INFO in ch.qos.logback.core.joran.action.AppenderAction - Naming appender as [FILE]
17:32:23,082 |-INFO in c.q.l.core.rolling.TimeBasedRollingPolicy@127618319 - No compression will be used
17:32:23,083 |-INFO in c.q.l.core.rolling.TimeBasedRollingPolicy@127618319 - Will use the pattern /tmp/application_%d{yyyy-MM-dd}.%i.log for the active file
17:32:23,086 |-INFO in ch.qos.logback.core.rolling.SizeAndTimeBasedFNATP@6b2fad11 - The date pattern is 'yyyy-MM-dd' from file name pattern '/tmp/application_%d{yyyy-MM-dd}.%i.log'.
17:32:23,086 |-INFO in ch.qos.logback.core.rolling.SizeAndTimeBasedFNATP@6b2fad11 - Roll-over at midnight.
17:32:23,092 |-INFO in ch.qos.logback.core.rolling.SizeAndTimeBasedFNATP@6b2fad11 - Setting initial period to Mon Jun 10 17:30:49 UTC 2019
17:32:23,092 |-WARN in ch.qos.logback.core.rolling.SizeAndTimeBasedFNATP@6b2fad11 - SizeAndTimeBasedFNATP is deprecated. Use SizeAndTimeBasedRollingPolicy instead
17:32:23,092 |-WARN in ch.qos.logback.core.rolling.SizeAndTimeBasedFNATP@6b2fad11 - For more information see http://logback.qos.ch/manual/appenders.html#SizeAndTimeBasedRollingPolicy
17:32:23,095 |-INFO in ch.qos.logback.core.joran.action.NestedComplexPropertyIA - Assuming default type [ch.qos.logback.classic.encoder.PatternLayoutEncoder] for [encoder] property
17:32:23,100 |-INFO in ch.qos.logback.core.rolling.RollingFileAppender[FILE] - Active log file name: /tmp/application.log
17:32:23,100 |-INFO in ch.qos.logback.core.rolling.RollingFileAppender[FILE] - File property is set to [/tmp/application.log]
17:32:23,101 |-INFO in ch.qos.logback.classic.joran.action.RootLoggerAction - Setting level of ROOT logger to WARN
17:32:23,101 |-INFO in ch.qos.logback.core.joran.action.AppenderRefAction - Attaching appender named [STDOUT] to Logger[ROOT]
17:32:23,103 |-INFO in ch.qos.logback.core.joran.action.AppenderRefAction - Attaching appender named [FILE] to Logger[ROOT]
17:32:23,103 |-INFO in ch.qos.logback.classic.joran.action.ConfigurationAction - End of configuration.
17:32:23,104 |-INFO in ch.qos.logback.classic.joran.JoranConfigurator@79698539 - Registering current configuration as safe fallback point

Ama winner
Ama winner
2019-06-10T17:32:24.464+0000: 1.805: [Full GC (Metadata GC Threshold) 2019-06-10T17:32:24.464+0000: 1.805: [Tenured: 0K->15176K(341376K), 0.0394108 secs] 114924K->15176K(494976K), [Metaspace: 20725K->20725K(1067008K)], 0.0394803 secs] [Times: user=0.04 sys=0.00, real=0.04 secs] 
17:32:47.725 [Curator-PathChildrenCache-2] WARN  o.a.c.u.ZKPaths  - The version of ZooKeeper being used doesn't support Container nodes. CreateMode.PERSISTENT will be used instead.
2019-06-10T17:32:50.008+0000: 27.349: [GC (Allocation Failure) 2019-06-10T17:32:50.008+0000: 27.349: [DefNew: 136576K->17024K(153600K), 0.0303517 secs] 151752K->52601K(494976K), 0.0304302 secs] [Times: user=0.02 sys=0.01, real=0.03 secs] 
2019-06-10T17:32:50.556+0000: 27.897: [Full GC (Metadata GC Threshold) 2019-06-10T17:32:50.556+0000: 27.898: [Tenured: 35577K->43974K(341376K), 0.0361588 secs] 69375K->43974K(494976K), [Metaspace: 34600K->34600K(1079296K)], 0.0362365 secs] [Times: user=0.03 sys=0.00, real=0.04 secs] 
2019-06-10T17:32:54.808+0000: 32.149: [GC (Allocation Failure) 2019-06-10T17:32:54.808+0000: 32.149: [DefNew: 136576K->173K(153600K), 0.0020800 secs] 180550K->44148K(494976K), 0.0021358 secs] [Times: user=0.00 sys=0.00, real=0.00 secs] 
2019-06-10T17:32:58.961+0000: 36.303: [GC (Allocation Failure) 2019-06-10T17:32:58.961+0000: 36.303: [DefNew: 136749K->182K(153600K), 0.0018551 secs] 180724K->44156K(494976K), 0.0019164 secs] [Times: user=0.00 sys=0.00, real=0.00 secs] 
2019-06-10T17:33:03.154+0000: 40.495: [GC (Allocation Failure) 2019-06-10T17:33:03.154+0000: 40.495: [DefNew: 136758K->177K(153600K), 0.0018831 secs] 180732K->44151K(494976K), 0.0019470 secs] [Times: user=0.00 sys=0.00, real=0.00 secs] 
2019-06-10T17:33:07.362+0000: 44.703: [GC (Allocation Failure) 2019-06-10T17:33:07.362+0000: 44.703: [DefNew: 136753K->175K(153600K), 0.0018940 secs] 180727K->44149K(494976K), 0.0019636 secs] [Times: user=0.00 sys=0.00, real=0.00 secs] 
2019-06-10T17:33:11.521+0000: 48.862: [GC (Allocation Failure) 2019-06-10T17:33:11.521+0000: 48.862: [DefNew: 136751K->179K(153600K), 0.0019576 secs] 180725K->44154K(494976K), 0.0020193 secs] [Times: user=0.00 sys=0.01, real=0.00 secs] 
2019-06-10T17:33:15.687+0000: 53.028: [GC (Allocation Failure) 2019-06-10T17:33:15.687+0000: 53.028: [DefNew: 136755K->176K(153600K), 0.0019355 secs] 180730K->44151K(494976K), 0.0019966 secs] [Times: user=0.00 sys=0.00, real=0.00 secs] 
2019-06-10T17:33:19.910+0000: 57.252: [GC (Allocation Failure) 2019-06-10T17:33:19.910+0000: 57.252: [DefNew: 136752K->177K(153600K), 0.0019463 secs] 180727K->44152K(494976K), 0.0020067 secs] [Times: user=0.00 sys=0.00, real=0.01 secs] 
2019-06-10T17:33:24.047+0000: 61.388: [GC (Allocation Failure) 2019-06-10T17:33:24.047+0000: 61.388: [DefNew: 136753K->175K(153600K), 0.0018937 secs] 180728K->44150K(494976K), 0.0019554 secs] [Times: user=0.00 sys=0.00, real=0.00 secs] 
2019-06-10T17:33:40.775+0000: 78.116: [GC (Allocation Failure) 2019-06-10T17:33:40.775+0000: 78.116: [DefNew: 136751K->862K(153600K), 0.0063671 secs] 180726K->44837K(494976K), 0.0064288 secs] [Times: user=0.00 sys=0.00, real=0.01 secs] 
17:33:40.788 [Curator-PathChildrenCache-0] ERROR o.a.c.f.r.c.PathChildrenCache  - 
java.lang.IllegalStateException: instance must be started before calling this method
	at org.apache.curator.shaded.com.google.common.base.Preconditions.checkState(Preconditions.java:444)
	at org.apache.curator.framework.imps.CuratorFrameworkImpl.getChildren(CuratorFrameworkImpl.java:456)
	at org.apache.curator.framework.recipes.cache.PathChildrenCache.refresh(PathChildrenCache.java:521)
	at org.apache.curator.framework.recipes.cache.RefreshOperation.invoke(RefreshOperation.java:35)
	at org.apache.curator.framework.recipes.cache.PathChildrenCache$9.run(PathChildrenCache.java:786)
	at java.util.concurrent.Executors$RunnableAdapter.call(Executors.java:511)
	at java.util.concurrent.FutureTask.run(FutureTask.java:266)
	at java.util.concurrent.Executors$RunnableAdapter.call(Executors.java:511)
	at java.util.concurrent.FutureTask.run(FutureTask.java:266)
	at java.util.concurrent.ThreadPoolExecutor.runWorker(ThreadPoolExecutor.java:1149)
	at java.util.concurrent.ThreadPoolExecutor$Worker.run(ThreadPoolExecutor.java:624)
	at java.lang.Thread.run(Thread.java:748)
Heap
 def new generation   total 153600K, used 18290K [0x00000000e0c00000, 0x00000000eb2a0000, 0x00000000eb2a0000)
  eden space 136576K,  12% used [0x00000000e0c00000, 0x00000000e1d050b0, 0x00000000e9160000)
  from space 17024K,   5% used [0x00000000e9160000, 0x00000000e9237b20, 0x00000000ea200000)
  to   space 17024K,   0% used [0x00000000ea200000, 0x00000000ea200000, 0x00000000eb2a0000)
 tenured generation   total 341376K, used 43974K [0x00000000eb2a0000, 0x0000000100000000, 0x0000000100000000)
   the space 341376K,  12% used [0x00000000eb2a0000, 0x00000000edd919f8, 0x00000000edd91a00, 0x0000000100000000)
 Metaspace       used 36297K, capacity 37256K, committed 37504K, reserved 1081344K
  class space    used 4900K, capacity 5124K, committed 5248K, reserved 1048576K
