16:38:57,630 |-INFO in ch.qos.logback.classic.LoggerContext[default] - Could NOT find resource [logback-test.xml]
16:38:57,630 |-INFO in ch.qos.logback.classic.LoggerContext[default] - Could NOT find resource [logback.groovy]
16:38:57,631 |-INFO in ch.qos.logback.classic.LoggerContext[default] - Found resource [logback.xml] at [jar:file:/root/flamestream/lib/flamestream-runtime-1.0-SNAPSHOT.jar!/logback.xml]
16:38:57,631 |-WARN in ch.qos.logback.classic.LoggerContext[default] - Resource [logback.xml] occurs multiple times on the classpath.
16:38:57,632 |-WARN in ch.qos.logback.classic.LoggerContext[default] - Resource [logback.xml] occurs at [jar:file:/root/flamestream/lib/flamestream-runtime-1.0-SNAPSHOT.jar!/logback.xml]
16:38:57,632 |-WARN in ch.qos.logback.classic.LoggerContext[default] - Resource [logback.xml] occurs at [jar:file:/root/flamestream/flamestream-runtime-1.0-SNAPSHOT.jar!/logback.xml]
16:38:57,651 |-INFO in ch.qos.logback.core.joran.spi.ConfigurationWatchList@3fb6a447 - URL [jar:file:/root/flamestream/lib/flamestream-runtime-1.0-SNAPSHOT.jar!/logback.xml] is not of type file
16:38:57,718 |-INFO in ch.qos.logback.classic.joran.action.ConfigurationAction - debug attribute not set
16:38:57,719 |-INFO in ch.qos.logback.core.joran.action.AppenderAction - About to instantiate appender of type [ch.qos.logback.core.ConsoleAppender]
16:38:57,733 |-INFO in ch.qos.logback.core.joran.action.AppenderAction - Naming appender as [STDOUT]
16:38:57,743 |-INFO in ch.qos.logback.core.joran.action.NestedComplexPropertyIA - Assuming default type [ch.qos.logback.classic.encoder.PatternLayoutEncoder] for [encoder] property
16:38:57,848 |-INFO in ch.qos.logback.core.joran.action.AppenderAction - About to instantiate appender of type [ch.qos.logback.core.rolling.RollingFileAppender]
16:38:57,857 |-INFO in ch.qos.logback.core.joran.action.AppenderAction - Naming appender as [FILE]
16:38:57,888 |-INFO in c.q.l.core.rolling.TimeBasedRollingPolicy@127618319 - No compression will be used
16:38:57,889 |-INFO in c.q.l.core.rolling.TimeBasedRollingPolicy@127618319 - Will use the pattern /tmp/application_%d{yyyy-MM-dd}.%i.log for the active file
16:38:57,892 |-INFO in ch.qos.logback.core.rolling.SizeAndTimeBasedFNATP@6b2fad11 - The date pattern is 'yyyy-MM-dd' from file name pattern '/tmp/application_%d{yyyy-MM-dd}.%i.log'.
16:38:57,892 |-INFO in ch.qos.logback.core.rolling.SizeAndTimeBasedFNATP@6b2fad11 - Roll-over at midnight.
16:38:57,897 |-INFO in ch.qos.logback.core.rolling.SizeAndTimeBasedFNATP@6b2fad11 - Setting initial period to Mon Jun 10 16:37:21 UTC 2019
16:38:57,897 |-WARN in ch.qos.logback.core.rolling.SizeAndTimeBasedFNATP@6b2fad11 - SizeAndTimeBasedFNATP is deprecated. Use SizeAndTimeBasedRollingPolicy instead
16:38:57,897 |-WARN in ch.qos.logback.core.rolling.SizeAndTimeBasedFNATP@6b2fad11 - For more information see http://logback.qos.ch/manual/appenders.html#SizeAndTimeBasedRollingPolicy
16:38:57,901 |-INFO in ch.qos.logback.core.joran.action.NestedComplexPropertyIA - Assuming default type [ch.qos.logback.classic.encoder.PatternLayoutEncoder] for [encoder] property
16:38:57,906 |-INFO in ch.qos.logback.core.rolling.RollingFileAppender[FILE] - Active log file name: /tmp/application.log
16:38:57,906 |-INFO in ch.qos.logback.core.rolling.RollingFileAppender[FILE] - File property is set to [/tmp/application.log]
16:38:57,907 |-INFO in ch.qos.logback.classic.joran.action.RootLoggerAction - Setting level of ROOT logger to WARN
16:38:57,907 |-INFO in ch.qos.logback.core.joran.action.AppenderRefAction - Attaching appender named [STDOUT] to Logger[ROOT]
16:38:57,909 |-INFO in ch.qos.logback.core.joran.action.AppenderRefAction - Attaching appender named [FILE] to Logger[ROOT]
16:38:57,909 |-INFO in ch.qos.logback.classic.joran.action.ConfigurationAction - End of configuration.
16:38:57,909 |-INFO in ch.qos.logback.classic.joran.JoranConfigurator@79698539 - Registering current configuration as safe fallback point

Ama winner
Ama winner
2019-06-10T16:38:59.219+0000: 1.778: [Full GC (Metadata GC Threshold) 2019-06-10T16:38:59.219+0000: 1.778: [Tenured: 0K->15143K(341376K), 0.0392705 secs] 114987K->15143K(494976K), [Metaspace: 20730K->20730K(1067008K)], 0.0393783 secs] [Times: user=0.03 sys=0.01, real=0.04 secs] 
16:39:18.674 [Curator-PathChildrenCache-1] WARN  o.a.c.u.ZKPaths  - The version of ZooKeeper being used doesn't support Container nodes. CreateMode.PERSISTENT will be used instead.
2019-06-10T16:39:20.653+0000: 23.212: [GC (Allocation Failure) 2019-06-10T16:39:20.653+0000: 23.212: [DefNew: 117133K->16636K(153600K), 0.0176852 secs] 132277K->31780K(494976K), 0.0177612 secs] [Times: user=0.02 sys=0.01, real=0.02 secs] 
2019-06-10T16:39:22.271+0000: 24.831: [Full GC (Metadata GC Threshold) 2019-06-10T16:39:22.271+0000: 24.831: [Tenured: 15143K->43487K(341376K), 0.0479991 secs] 82968K->43487K(494976K), [Metaspace: 34577K->34577K(1079296K)], 0.0480773 secs] [Times: user=0.03 sys=0.02, real=0.05 secs] 
2019-06-10T16:39:28.119+0000: 30.678: [GC (Allocation Failure) 2019-06-10T16:39:28.119+0000: 30.678: [DefNew: 136576K->73K(153600K), 0.0018736 secs] 180063K->43560K(494976K), 0.0019308 secs] [Times: user=0.00 sys=0.00, real=0.00 secs] 
2019-06-10T16:39:33.955+0000: 36.514: [GC (Allocation Failure) 2019-06-10T16:39:33.955+0000: 36.514: [DefNew: 136649K->75K(153600K), 0.0017610 secs] 180136K->43562K(494976K), 0.0018366 secs] [Times: user=0.00 sys=0.00, real=0.01 secs] 
2019-06-10T16:39:39.843+0000: 42.402: [GC (Allocation Failure) 2019-06-10T16:39:39.843+0000: 42.402: [DefNew: 136651K->73K(153600K), 0.0017745 secs] 180138K->43560K(494976K), 0.0018328 secs] [Times: user=0.00 sys=0.00, real=0.00 secs] 
2019-06-10T16:39:45.710+0000: 48.269: [GC (Allocation Failure) 2019-06-10T16:39:45.710+0000: 48.269: [DefNew: 136649K->77K(153600K), 0.0018769 secs] 180136K->43564K(494976K), 0.0019395 secs] [Times: user=0.00 sys=0.00, real=0.00 secs] 
2019-06-10T16:39:58.063+0000: 60.622: [GC (Allocation Failure) 2019-06-10T16:39:58.063+0000: 60.622: [DefNew: 136653K->234K(153600K), 0.0021137 secs] 180140K->43722K(494976K), 0.0021816 secs] [Times: user=0.00 sys=0.00, real=0.00 secs] 
16:40:00.394 [Curator-PathChildrenCache-0] ERROR o.a.c.f.r.c.PathChildrenCache  - 
java.lang.IllegalStateException: instance must be started before calling this method
	at org.apache.curator.shaded.com.google.common.base.Preconditions.checkState(Preconditions.java:444)
	at org.apache.curator.framework.imps.CuratorFrameworkImpl.getChildren(CuratorFrameworkImpl.java:456)
	at org.apache.curator.framework.recipes.cache.PathChildrenCache.refresh(PathChildrenCache.java:521)
	at org.apache.curator.framework.recipes.cache.RefreshOperation.invoke(RefreshOperation.java:35)
	at org.apache.curator.framework.recipes.cache.PathChildrenCache$9.run(PathChildrenCache.java:786)
	at java.util.concurrent.Executors$RunnableAdapter.call(Executors.java:511)
	at java.util.concurrent.FutureTask.run(FutureTask.java:266)
	at java.util.concurrent.Executors$RunnableAdapter.call(Executors.java:511)
	at java.util.concurrent.FutureTask.run(FutureTask.java:266)
	at java.util.concurrent.ThreadPoolExecutor.runWorker(ThreadPoolExecutor.java:1149)
	at java.util.concurrent.ThreadPoolExecutor$Worker.run(ThreadPoolExecutor.java:624)
	at java.lang.Thread.run(Thread.java:748)
Heap
 def new generation   total 153600K, used 23799K [0x00000000e0c00000, 0x00000000eb2a0000, 0x00000000eb2a0000)
  eden space 136576K,  17% used [0x00000000e0c00000, 0x00000000e23032c8, 0x00000000e9160000)
  from space 17024K,   1% used [0x00000000e9160000, 0x00000000e919abe8, 0x00000000ea200000)
  to   space 17024K,   0% used [0x00000000ea200000, 0x00000000ea200000, 0x00000000eb2a0000)
 tenured generation   total 341376K, used 43487K [0x00000000eb2a0000, 0x0000000100000000, 0x0000000100000000)
   the space 341376K,  12% used [0x00000000eb2a0000, 0x00000000edd17ca0, 0x00000000edd17e00, 0x0000000100000000)
 Metaspace       used 36104K, capacity 36992K, committed 37120K, reserved 1081344K
  class space    used 4874K, capacity 5074K, committed 5120K, reserved 1048576K
