18:58:00,411 |-INFO in ch.qos.logback.classic.LoggerContext[default] - Could NOT find resource [logback-test.xml]
18:58:00,411 |-INFO in ch.qos.logback.classic.LoggerContext[default] - Could NOT find resource [logback.groovy]
18:58:00,412 |-INFO in ch.qos.logback.classic.LoggerContext[default] - Found resource [logback.xml] at [jar:file:/root/flamestream/lib/flamestream-runtime-1.0-SNAPSHOT.jar!/logback.xml]
18:58:00,412 |-WARN in ch.qos.logback.classic.LoggerContext[default] - Resource [logback.xml] occurs multiple times on the classpath.
18:58:00,413 |-WARN in ch.qos.logback.classic.LoggerContext[default] - Resource [logback.xml] occurs at [jar:file:/root/flamestream/lib/flamestream-runtime-1.0-SNAPSHOT.jar!/logback.xml]
18:58:00,413 |-WARN in ch.qos.logback.classic.LoggerContext[default] - Resource [logback.xml] occurs at [jar:file:/root/flamestream/flamestream-runtime-1.0-SNAPSHOT.jar!/logback.xml]
18:58:00,433 |-INFO in ch.qos.logback.core.joran.spi.ConfigurationWatchList@3fb6a447 - URL [jar:file:/root/flamestream/lib/flamestream-runtime-1.0-SNAPSHOT.jar!/logback.xml] is not of type file
18:58:00,505 |-INFO in ch.qos.logback.classic.joran.action.ConfigurationAction - debug attribute not set
18:58:00,505 |-INFO in ch.qos.logback.core.joran.action.AppenderAction - About to instantiate appender of type [ch.qos.logback.core.ConsoleAppender]
18:58:00,525 |-INFO in ch.qos.logback.core.joran.action.AppenderAction - Naming appender as [STDOUT]
18:58:00,543 |-INFO in ch.qos.logback.core.joran.action.NestedComplexPropertyIA - Assuming default type [ch.qos.logback.classic.encoder.PatternLayoutEncoder] for [encoder] property
18:58:00,627 |-INFO in ch.qos.logback.core.joran.action.AppenderAction - About to instantiate appender of type [ch.qos.logback.core.rolling.RollingFileAppender]
18:58:00,632 |-INFO in ch.qos.logback.core.joran.action.AppenderAction - Naming appender as [FILE]
18:58:00,664 |-INFO in c.q.l.core.rolling.TimeBasedRollingPolicy@127618319 - No compression will be used
18:58:00,665 |-INFO in c.q.l.core.rolling.TimeBasedRollingPolicy@127618319 - Will use the pattern /tmp/application_%d{yyyy-MM-dd}.%i.log for the active file
18:58:00,668 |-INFO in ch.qos.logback.core.rolling.SizeAndTimeBasedFNATP@6b2fad11 - The date pattern is 'yyyy-MM-dd' from file name pattern '/tmp/application_%d{yyyy-MM-dd}.%i.log'.
18:58:00,668 |-INFO in ch.qos.logback.core.rolling.SizeAndTimeBasedFNATP@6b2fad11 - Roll-over at midnight.
18:58:00,673 |-INFO in ch.qos.logback.core.rolling.SizeAndTimeBasedFNATP@6b2fad11 - Setting initial period to Mon Jun 10 18:56:32 UTC 2019
18:58:00,673 |-WARN in ch.qos.logback.core.rolling.SizeAndTimeBasedFNATP@6b2fad11 - SizeAndTimeBasedFNATP is deprecated. Use SizeAndTimeBasedRollingPolicy instead
18:58:00,673 |-WARN in ch.qos.logback.core.rolling.SizeAndTimeBasedFNATP@6b2fad11 - For more information see http://logback.qos.ch/manual/appenders.html#SizeAndTimeBasedRollingPolicy
18:58:00,677 |-INFO in ch.qos.logback.core.joran.action.NestedComplexPropertyIA - Assuming default type [ch.qos.logback.classic.encoder.PatternLayoutEncoder] for [encoder] property
18:58:00,682 |-INFO in ch.qos.logback.core.rolling.RollingFileAppender[FILE] - Active log file name: /tmp/application.log
18:58:00,682 |-INFO in ch.qos.logback.core.rolling.RollingFileAppender[FILE] - File property is set to [/tmp/application.log]
18:58:00,683 |-INFO in ch.qos.logback.classic.joran.action.RootLoggerAction - Setting level of ROOT logger to WARN
18:58:00,683 |-INFO in ch.qos.logback.core.joran.action.AppenderRefAction - Attaching appender named [STDOUT] to Logger[ROOT]
18:58:00,685 |-INFO in ch.qos.logback.core.joran.action.AppenderRefAction - Attaching appender named [FILE] to Logger[ROOT]
18:58:00,685 |-INFO in ch.qos.logback.classic.joran.action.ConfigurationAction - End of configuration.
18:58:00,686 |-INFO in ch.qos.logback.classic.joran.JoranConfigurator@79698539 - Registering current configuration as safe fallback point

Ama winner
Ama winner
2019-06-10T18:58:02.015+0000: 1.790: [Full GC (Metadata GC Threshold) 2019-06-10T18:58:02.015+0000: 1.790: [Tenured: 0K->15208K(341376K), 0.0416129 secs] 114988K->15208K(494976K), [Metaspace: 20737K->20737K(1067008K)], 0.0416812 secs] [Times: user=0.04 sys=0.01, real=0.05 secs] 
18:58:24.670 [Curator-PathChildrenCache-1] WARN  o.a.c.u.ZKPaths  - The version of ZooKeeper being used doesn't support Container nodes. CreateMode.PERSISTENT will be used instead.
2019-06-10T18:58:27.004+0000: 26.779: [GC (Allocation Failure) 2019-06-10T18:58:27.004+0000: 26.779: [DefNew: 136576K->17024K(153600K), 0.0264684 secs] 151784K->52771K(494976K), 0.0265500 secs] [Times: user=0.01 sys=0.02, real=0.03 secs] 
2019-06-10T18:58:27.955+0000: 27.730: [Full GC (Metadata GC Threshold) 2019-06-10T18:58:27.955+0000: 27.730: [Tenured: 35747K->44385K(341376K), 0.0398696 secs] 82281K->44385K(494976K), [Metaspace: 34562K->34562K(1079296K)], 0.0399434 secs] [Times: user=0.04 sys=0.00, real=0.04 secs] 
2019-06-10T18:58:33.747+0000: 33.523: [GC (Allocation Failure) 2019-06-10T18:58:33.748+0000: 33.523: [DefNew: 136576K->70K(153600K), 0.0019174 secs] 180961K->44456K(494976K), 0.0030059 secs] [Times: user=0.00 sys=0.00, real=0.01 secs] 
2019-06-10T18:58:39.619+0000: 39.394: [GC (Allocation Failure) 2019-06-10T18:58:39.619+0000: 39.394: [DefNew: 136646K->73K(153600K), 0.0018221 secs] 181032K->44459K(494976K), 0.0018842 secs] [Times: user=0.01 sys=0.00, real=0.00 secs] 
2019-06-10T18:58:45.485+0000: 45.260: [GC (Allocation Failure) 2019-06-10T18:58:45.485+0000: 45.260: [DefNew: 136649K->72K(153600K), 0.0017350 secs] 181035K->44457K(494976K), 0.0018047 secs] [Times: user=0.00 sys=0.01, real=0.00 secs] 
2019-06-10T18:58:51.406+0000: 51.181: [GC (Allocation Failure) 2019-06-10T18:58:51.406+0000: 51.181: [DefNew: 136648K->72K(153600K), 0.0017503 secs] 181033K->44458K(494976K), 0.0018084 secs] [Times: user=0.00 sys=0.00, real=0.00 secs] 
2019-06-10T18:58:57.363+0000: 57.138: [GC (Allocation Failure) 2019-06-10T18:58:57.363+0000: 57.138: [DefNew: 136648K->72K(153600K), 0.0019194 secs] 181034K->44458K(494976K), 0.0019789 secs] [Times: user=0.00 sys=0.00, real=0.00 secs] 
18:59:05.655 [Curator-PathChildrenCache-0] ERROR o.a.c.f.r.c.PathChildrenCache  - 
java.lang.IllegalStateException: instance must be started before calling this method
	at org.apache.curator.shaded.com.google.common.base.Preconditions.checkState(Preconditions.java:444)
	at org.apache.curator.framework.imps.CuratorFrameworkImpl.getChildren(CuratorFrameworkImpl.java:456)
	at org.apache.curator.framework.recipes.cache.PathChildrenCache.refresh(PathChildrenCache.java:521)
	at org.apache.curator.framework.recipes.cache.RefreshOperation.invoke(RefreshOperation.java:35)
	at org.apache.curator.framework.recipes.cache.PathChildrenCache$9.run(PathChildrenCache.java:786)
	at java.util.concurrent.Executors$RunnableAdapter.call(Executors.java:511)
	at java.util.concurrent.FutureTask.run(FutureTask.java:266)
	at java.util.concurrent.Executors$RunnableAdapter.call(Executors.java:511)
	at java.util.concurrent.FutureTask.run(FutureTask.java:266)
	at java.util.concurrent.ThreadPoolExecutor.runWorker(ThreadPoolExecutor.java:1149)
	at java.util.concurrent.ThreadPoolExecutor$Worker.run(ThreadPoolExecutor.java:624)
	at java.lang.Thread.run(Thread.java:748)
Heap
 def new generation   total 153600K, used 104525K [0x00000000e0c00000, 0x00000000eb2a0000, 0x00000000eb2a0000)
  eden space 136576K,  76% used [0x00000000e0c00000, 0x00000000e7201340, 0x00000000e9160000)
  from space 17024K,   0% used [0x00000000e9160000, 0x00000000e91723d8, 0x00000000ea200000)
  to   space 17024K,   0% used [0x00000000ea200000, 0x00000000ea200000, 0x00000000eb2a0000)
 tenured generation   total 341376K, used 44385K [0x00000000eb2a0000, 0x0000000100000000, 0x0000000100000000)
   the space 341376K,  13% used [0x00000000eb2a0000, 0x00000000eddf86d8, 0x00000000eddf8800, 0x0000000100000000)
 Metaspace       used 36100K, capacity 37036K, committed 37120K, reserved 1081344K
  class space    used 4882K, capacity 5082K, committed 5120K, reserved 1048576K
