17:56:38,895 |-INFO in ch.qos.logback.classic.LoggerContext[default] - Could NOT find resource [logback-test.xml]
17:56:38,895 |-INFO in ch.qos.logback.classic.LoggerContext[default] - Could NOT find resource [logback.groovy]
17:56:38,895 |-INFO in ch.qos.logback.classic.LoggerContext[default] - Found resource [logback.xml] at [jar:file:/root/flamestream/lib/flamestream-runtime-1.0-SNAPSHOT.jar!/logback.xml]
17:56:38,896 |-WARN in ch.qos.logback.classic.LoggerContext[default] - Resource [logback.xml] occurs multiple times on the classpath.
17:56:38,896 |-WARN in ch.qos.logback.classic.LoggerContext[default] - Resource [logback.xml] occurs at [jar:file:/root/flamestream/lib/flamestream-runtime-1.0-SNAPSHOT.jar!/logback.xml]
17:56:38,896 |-WARN in ch.qos.logback.classic.LoggerContext[default] - Resource [logback.xml] occurs at [jar:file:/root/flamestream/flamestream-runtime-1.0-SNAPSHOT.jar!/logback.xml]
17:56:38,916 |-INFO in ch.qos.logback.core.joran.spi.ConfigurationWatchList@3fb6a447 - URL [jar:file:/root/flamestream/lib/flamestream-runtime-1.0-SNAPSHOT.jar!/logback.xml] is not of type file
17:56:38,986 |-INFO in ch.qos.logback.classic.joran.action.ConfigurationAction - debug attribute not set
17:56:38,987 |-INFO in ch.qos.logback.core.joran.action.AppenderAction - About to instantiate appender of type [ch.qos.logback.core.ConsoleAppender]
17:56:39,006 |-INFO in ch.qos.logback.core.joran.action.AppenderAction - Naming appender as [STDOUT]
17:56:39,025 |-INFO in ch.qos.logback.core.joran.action.NestedComplexPropertyIA - Assuming default type [ch.qos.logback.classic.encoder.PatternLayoutEncoder] for [encoder] property
17:56:39,113 |-INFO in ch.qos.logback.core.joran.action.AppenderAction - About to instantiate appender of type [ch.qos.logback.core.rolling.RollingFileAppender]
17:56:39,118 |-INFO in ch.qos.logback.core.joran.action.AppenderAction - Naming appender as [FILE]
17:56:39,155 |-INFO in c.q.l.core.rolling.TimeBasedRollingPolicy@127618319 - No compression will be used
17:56:39,157 |-INFO in c.q.l.core.rolling.TimeBasedRollingPolicy@127618319 - Will use the pattern /tmp/application_%d{yyyy-MM-dd}.%i.log for the active file
17:56:39,160 |-INFO in ch.qos.logback.core.rolling.SizeAndTimeBasedFNATP@6b2fad11 - The date pattern is 'yyyy-MM-dd' from file name pattern '/tmp/application_%d{yyyy-MM-dd}.%i.log'.
17:56:39,160 |-INFO in ch.qos.logback.core.rolling.SizeAndTimeBasedFNATP@6b2fad11 - Roll-over at midnight.
17:56:39,165 |-INFO in ch.qos.logback.core.rolling.SizeAndTimeBasedFNATP@6b2fad11 - Setting initial period to Mon Jun 10 17:55:17 UTC 2019
17:56:39,165 |-WARN in ch.qos.logback.core.rolling.SizeAndTimeBasedFNATP@6b2fad11 - SizeAndTimeBasedFNATP is deprecated. Use SizeAndTimeBasedRollingPolicy instead
17:56:39,165 |-WARN in ch.qos.logback.core.rolling.SizeAndTimeBasedFNATP@6b2fad11 - For more information see http://logback.qos.ch/manual/appenders.html#SizeAndTimeBasedRollingPolicy
17:56:39,169 |-INFO in ch.qos.logback.core.joran.action.NestedComplexPropertyIA - Assuming default type [ch.qos.logback.classic.encoder.PatternLayoutEncoder] for [encoder] property
17:56:39,174 |-INFO in ch.qos.logback.core.rolling.RollingFileAppender[FILE] - Active log file name: /tmp/application.log
17:56:39,174 |-INFO in ch.qos.logback.core.rolling.RollingFileAppender[FILE] - File property is set to [/tmp/application.log]
17:56:39,175 |-INFO in ch.qos.logback.classic.joran.action.RootLoggerAction - Setting level of ROOT logger to WARN
17:56:39,175 |-INFO in ch.qos.logback.core.joran.action.AppenderRefAction - Attaching appender named [STDOUT] to Logger[ROOT]
17:56:39,177 |-INFO in ch.qos.logback.core.joran.action.AppenderRefAction - Attaching appender named [FILE] to Logger[ROOT]
17:56:39,177 |-INFO in ch.qos.logback.classic.joran.action.ConfigurationAction - End of configuration.
17:56:39,178 |-INFO in ch.qos.logback.classic.joran.JoranConfigurator@79698539 - Registering current configuration as safe fallback point

Ama winner
Ama winner
2019-06-10T17:56:40.801+0000: 2.099: [Full GC (Metadata GC Threshold) 2019-06-10T17:56:40.801+0000: 2.099: [Tenured: 0K->15144K(341376K), 0.0396944 secs] 117719K->15144K(494976K), [Metaspace: 20742K->20742K(1067008K)], 0.0397635 secs] [Times: user=0.03 sys=0.01, real=0.04 secs] 
17:56:57.179 [Curator-PathChildrenCache-1] WARN  o.a.c.u.ZKPaths  - The version of ZooKeeper being used doesn't support Container nodes. CreateMode.PERSISTENT will be used instead.
2019-06-10T17:56:59.321+0000: 20.619: [GC (Allocation Failure) 2019-06-10T17:56:59.321+0000: 20.619: [DefNew: 136576K->17023K(153600K), 0.0279600 secs] 151720K->52646K(494976K), 0.0280422 secs] [Times: user=0.01 sys=0.01, real=0.03 secs] 
2019-06-10T17:57:01.634+0000: 22.932: [Full GC (Metadata GC Threshold) 2019-06-10T17:57:01.635+0000: 22.932: [Tenured: 35622K->44204K(341376K), 0.0443759 secs] 94280K->44204K(494976K), [Metaspace: 34592K->34592K(1079296K)], 0.0444535 secs] [Times: user=0.04 sys=0.01, real=0.05 secs] 
2019-06-10T17:57:08.778+0000: 30.075: [GC (Allocation Failure) 2019-06-10T17:57:08.778+0000: 30.075: [DefNew: 136576K->70K(153600K), 0.0018504 secs] 180780K->44275K(494976K), 0.0019120 secs] [Times: user=0.00 sys=0.00, real=0.00 secs] 
2019-06-10T17:57:15.993+0000: 37.291: [GC (Allocation Failure) 2019-06-10T17:57:15.993+0000: 37.291: [DefNew: 136646K->63K(153600K), 0.0017039 secs] 180851K->44268K(494976K), 0.0017987 secs] [Times: user=0.00 sys=0.00, real=0.00 secs] 
2019-06-10T17:57:23.236+0000: 44.533: [GC (Allocation Failure) 2019-06-10T17:57:23.236+0000: 44.533: [DefNew: 136639K->62K(153600K), 0.0017160 secs] 180844K->44266K(494976K), 0.0017762 secs] [Times: user=0.00 sys=0.00, real=0.01 secs] 
2019-06-10T17:57:30.503+0000: 51.801: [GC (Allocation Failure) 2019-06-10T17:57:30.503+0000: 51.801: [DefNew: 136638K->61K(153600K), 0.0016706 secs] 180842K->44266K(494976K), 0.0017416 secs] [Times: user=0.00 sys=0.00, real=0.00 secs] 
2019-06-10T17:57:37.821+0000: 59.119: [GC (Allocation Failure) 2019-06-10T17:57:37.821+0000: 59.119: [DefNew: 136637K->230K(153600K), 0.0019787 secs] 180842K->44434K(494976K), 0.0020481 secs] [Times: user=0.00 sys=0.00, real=0.00 secs] 
17:57:54.045 [Curator-PathChildrenCache-0] ERROR o.a.c.f.r.c.PathChildrenCache  - 
java.lang.IllegalStateException: instance must be started before calling this method
	at org.apache.curator.shaded.com.google.common.base.Preconditions.checkState(Preconditions.java:444)
	at org.apache.curator.framework.imps.CuratorFrameworkImpl.getChildren(CuratorFrameworkImpl.java:456)
	at org.apache.curator.framework.recipes.cache.PathChildrenCache.refresh(PathChildrenCache.java:521)
	at org.apache.curator.framework.recipes.cache.RefreshOperation.invoke(RefreshOperation.java:35)
	at org.apache.curator.framework.recipes.cache.PathChildrenCache$9.run(PathChildrenCache.java:786)
	at java.util.concurrent.Executors$RunnableAdapter.call(Executors.java:511)
	at java.util.concurrent.FutureTask.run(FutureTask.java:266)
	at java.util.concurrent.Executors$RunnableAdapter.call(Executors.java:511)
	at java.util.concurrent.FutureTask.run(FutureTask.java:266)
	at java.util.concurrent.ThreadPoolExecutor.runWorker(ThreadPoolExecutor.java:1149)
	at java.util.concurrent.ThreadPoolExecutor$Worker.run(ThreadPoolExecutor.java:624)
	at java.lang.Thread.run(Thread.java:748)
Heap
 def new generation   total 153600K, used 99082K [0x00000000e0c00000, 0x00000000eb2a0000, 0x00000000eb2a0000)
  eden space 136576K,  72% used [0x00000000e0c00000, 0x00000000e6c88f28, 0x00000000e9160000)
  from space 17024K,   1% used [0x00000000e9160000, 0x00000000e91998f0, 0x00000000ea200000)
  to   space 17024K,   0% used [0x00000000ea200000, 0x00000000ea200000, 0x00000000eb2a0000)
 tenured generation   total 341376K, used 44204K [0x00000000eb2a0000, 0x0000000100000000, 0x0000000100000000)
   the space 341376K,  12% used [0x00000000eb2a0000, 0x00000000eddcb2d8, 0x00000000eddcb400, 0x0000000100000000)
 Metaspace       used 36061K, capacity 36992K, committed 37120K, reserved 1081344K
  class space    used 4875K, capacity 5074K, committed 5120K, reserved 1048576K
