05:26:26,846 |-INFO in ch.qos.logback.classic.LoggerContext[default] - Could NOT find resource [logback-test.xml]
05:26:26,846 |-INFO in ch.qos.logback.classic.LoggerContext[default] - Could NOT find resource [logback.groovy]
05:26:26,847 |-INFO in ch.qos.logback.classic.LoggerContext[default] - Found resource [logback.xml] at [jar:file:/root/flamestream/lib/flamestream-runtime-1.0-SNAPSHOT.jar!/logback.xml]
05:26:26,847 |-WARN in ch.qos.logback.classic.LoggerContext[default] - Resource [logback.xml] occurs multiple times on the classpath.
05:26:26,847 |-WARN in ch.qos.logback.classic.LoggerContext[default] - Resource [logback.xml] occurs at [jar:file:/root/flamestream/lib/flamestream-runtime-1.0-SNAPSHOT.jar!/logback.xml]
05:26:26,847 |-WARN in ch.qos.logback.classic.LoggerContext[default] - Resource [logback.xml] occurs at [jar:file:/root/flamestream/flamestream-runtime-1.0-SNAPSHOT.jar!/logback.xml]
05:26:26,871 |-INFO in ch.qos.logback.core.joran.spi.ConfigurationWatchList@3fb6a447 - URL [jar:file:/root/flamestream/lib/flamestream-runtime-1.0-SNAPSHOT.jar!/logback.xml] is not of type file
05:26:26,944 |-INFO in ch.qos.logback.classic.joran.action.ConfigurationAction - debug attribute not set
05:26:26,945 |-INFO in ch.qos.logback.core.joran.action.AppenderAction - About to instantiate appender of type [ch.qos.logback.core.ConsoleAppender]
05:26:26,963 |-INFO in ch.qos.logback.core.joran.action.AppenderAction - Naming appender as [STDOUT]
05:26:26,981 |-INFO in ch.qos.logback.core.joran.action.NestedComplexPropertyIA - Assuming default type [ch.qos.logback.classic.encoder.PatternLayoutEncoder] for [encoder] property
05:26:27,059 |-INFO in ch.qos.logback.core.joran.action.AppenderAction - About to instantiate appender of type [ch.qos.logback.core.rolling.RollingFileAppender]
05:26:27,068 |-INFO in ch.qos.logback.core.joran.action.AppenderAction - Naming appender as [FILE]
05:26:27,099 |-INFO in c.q.l.core.rolling.TimeBasedRollingPolicy@127618319 - No compression will be used
05:26:27,100 |-INFO in c.q.l.core.rolling.TimeBasedRollingPolicy@127618319 - Will use the pattern /tmp/application_%d{yyyy-MM-dd}.%i.log for the active file
05:26:27,103 |-INFO in ch.qos.logback.core.rolling.SizeAndTimeBasedFNATP@6b2fad11 - The date pattern is 'yyyy-MM-dd' from file name pattern '/tmp/application_%d{yyyy-MM-dd}.%i.log'.
05:26:27,103 |-INFO in ch.qos.logback.core.rolling.SizeAndTimeBasedFNATP@6b2fad11 - Roll-over at midnight.
05:26:27,109 |-INFO in ch.qos.logback.core.rolling.SizeAndTimeBasedFNATP@6b2fad11 - Setting initial period to Tue Jun 11 05:25:11 UTC 2019
05:26:27,109 |-WARN in ch.qos.logback.core.rolling.SizeAndTimeBasedFNATP@6b2fad11 - SizeAndTimeBasedFNATP is deprecated. Use SizeAndTimeBasedRollingPolicy instead
05:26:27,109 |-WARN in ch.qos.logback.core.rolling.SizeAndTimeBasedFNATP@6b2fad11 - For more information see http://logback.qos.ch/manual/appenders.html#SizeAndTimeBasedRollingPolicy
05:26:27,113 |-INFO in ch.qos.logback.core.joran.action.NestedComplexPropertyIA - Assuming default type [ch.qos.logback.classic.encoder.PatternLayoutEncoder] for [encoder] property
05:26:27,118 |-INFO in ch.qos.logback.core.rolling.RollingFileAppender[FILE] - Active log file name: /tmp/application.log
05:26:27,118 |-INFO in ch.qos.logback.core.rolling.RollingFileAppender[FILE] - File property is set to [/tmp/application.log]
05:26:27,118 |-INFO in ch.qos.logback.classic.joran.action.RootLoggerAction - Setting level of ROOT logger to WARN
05:26:27,118 |-INFO in ch.qos.logback.core.joran.action.AppenderRefAction - Attaching appender named [STDOUT] to Logger[ROOT]
05:26:27,120 |-INFO in ch.qos.logback.core.joran.action.AppenderRefAction - Attaching appender named [FILE] to Logger[ROOT]
05:26:27,120 |-INFO in ch.qos.logback.classic.joran.action.ConfigurationAction - End of configuration.
05:26:27,121 |-INFO in ch.qos.logback.classic.joran.JoranConfigurator@79698539 - Registering current configuration as safe fallback point

Ama winner
Ama winner
2019-06-11T05:26:28.439+0000: 1.776: [Full GC (Metadata GC Threshold) 2019-06-11T05:26:28.439+0000: 1.776: [Tenured: 0K->15176K(341376K), 0.0363575 secs] 114923K->15176K(494976K), [Metaspace: 20732K->20732K(1067008K)], 0.0364249 secs] [Times: user=0.03 sys=0.01, real=0.03 secs] 
05:26:40.433 [Curator-PathChildrenCache-1] WARN  o.a.c.u.ZKPaths  - The version of ZooKeeper being used doesn't support Container nodes. CreateMode.PERSISTENT will be used instead.
2019-06-11T05:26:42.784+0000: 16.121: [GC (Allocation Failure) 2019-06-11T05:26:42.784+0000: 16.121: [DefNew: 136576K->17023K(153600K), 0.0252625 secs] 151752K->52434K(494976K), 0.0253282 secs] [Times: user=0.02 sys=0.01, real=0.03 secs] 
2019-06-11T05:26:49.193+0000: 22.530: [GC (Allocation Failure) 2019-06-11T05:26:49.193+0000: 22.530: [DefNew: 153599K->196K(153600K), 0.0098915 secs] 189010K->43647K(494976K), 0.0099502 secs] [Times: user=0.01 sys=0.00, real=0.01 secs] 
2019-06-11T05:26:51.616+0000: 24.953: [Full GC (Metadata GC Threshold) 2019-06-11T05:26:51.616+0000: 24.953: [Tenured: 43450K->43636K(341376K), 0.0424166 secs] 99158K->43636K(494976K), [Metaspace: 34652K->34652K(1079296K)], 0.0424989 secs] [Times: user=0.03 sys=0.01, real=0.04 secs] 
2019-06-11T05:26:57.860+0000: 31.197: [GC (Allocation Failure) 2019-06-11T05:26:57.860+0000: 31.197: [DefNew: 136576K->53K(153600K), 0.0016337 secs] 180212K->43690K(494976K), 0.0016908 secs] [Times: user=0.00 sys=0.00, real=0.00 secs] 
2019-06-11T05:27:04.117+0000: 37.454: [GC (Allocation Failure) 2019-06-11T05:27:04.117+0000: 37.454: [DefNew: 136629K->54K(153600K), 0.0017449 secs] 180266K->43691K(494976K), 0.0018216 secs] [Times: user=0.00 sys=0.00, real=0.00 secs] 
2019-06-11T05:27:10.394+0000: 43.731: [GC (Allocation Failure) 2019-06-11T05:27:10.394+0000: 43.731: [DefNew: 136630K->50K(153600K), 0.0016619 secs] 180267K->43687K(494976K), 0.0017226 secs] [Times: user=0.00 sys=0.00, real=0.01 secs] 
2019-06-11T05:27:21.365+0000: 54.702: [GC (Allocation Failure) 2019-06-11T05:27:21.365+0000: 54.702: [DefNew: 136626K->51K(153600K), 0.0015808 secs] 180263K->43688K(494976K), 0.0016513 secs] [Times: user=0.01 sys=0.00, real=0.00 secs] 
05:27:26.524 [Curator-PathChildrenCache-0] ERROR o.a.c.f.r.c.PathChildrenCache  - 
java.lang.IllegalStateException: instance must be started before calling this method
	at org.apache.curator.shaded.com.google.common.base.Preconditions.checkState(Preconditions.java:444)
	at org.apache.curator.framework.imps.CuratorFrameworkImpl.getChildren(CuratorFrameworkImpl.java:456)
	at org.apache.curator.framework.recipes.cache.PathChildrenCache.refresh(PathChildrenCache.java:521)
	at org.apache.curator.framework.recipes.cache.RefreshOperation.invoke(RefreshOperation.java:35)
	at org.apache.curator.framework.recipes.cache.PathChildrenCache$9.run(PathChildrenCache.java:786)
	at java.util.concurrent.Executors$RunnableAdapter.call(Executors.java:511)
	at java.util.concurrent.FutureTask.run(FutureTask.java:266)
	at java.util.concurrent.Executors$RunnableAdapter.call(Executors.java:511)
	at java.util.concurrent.FutureTask.run(FutureTask.java:266)
	at java.util.concurrent.ThreadPoolExecutor.runWorker(ThreadPoolExecutor.java:1149)
	at java.util.concurrent.ThreadPoolExecutor$Worker.run(ThreadPoolExecutor.java:624)
	at java.lang.Thread.run(Thread.java:748)
Heap
 def new generation   total 153600K, used 42327K [0x00000000e0c00000, 0x00000000eb2a0000, 0x00000000eb2a0000)
  eden space 136576K,  30% used [0x00000000e0c00000, 0x00000000e3548f38, 0x00000000e9160000)
  from space 17024K,   0% used [0x00000000e9160000, 0x00000000e916cf20, 0x00000000ea200000)
  to   space 17024K,   0% used [0x00000000ea200000, 0x00000000ea200000, 0x00000000eb2a0000)
 tenured generation   total 341376K, used 43636K [0x00000000eb2a0000, 0x0000000100000000, 0x0000000100000000)
   the space 341376K,  12% used [0x00000000eb2a0000, 0x00000000edd3d3f8, 0x00000000edd3d400, 0x0000000100000000)
 Metaspace       used 35770K, capacity 36704K, committed 36864K, reserved 1081344K
  class space    used 4828K, capacity 5042K, committed 5120K, reserved 1048576K
