07:44:47,579 |-INFO in ch.qos.logback.classic.LoggerContext[default] - Could NOT find resource [logback-test.xml]
07:44:47,579 |-INFO in ch.qos.logback.classic.LoggerContext[default] - Could NOT find resource [logback.groovy]
07:44:47,580 |-INFO in ch.qos.logback.classic.LoggerContext[default] - Found resource [logback.xml] at [jar:file:/root/flamestream/lib/flamestream-runtime-1.0-SNAPSHOT.jar!/logback.xml]
07:44:47,581 |-WARN in ch.qos.logback.classic.LoggerContext[default] - Resource [logback.xml] occurs multiple times on the classpath.
07:44:47,581 |-WARN in ch.qos.logback.classic.LoggerContext[default] - Resource [logback.xml] occurs at [jar:file:/root/flamestream/lib/flamestream-runtime-1.0-SNAPSHOT.jar!/logback.xml]
07:44:47,581 |-WARN in ch.qos.logback.classic.LoggerContext[default] - Resource [logback.xml] occurs at [jar:file:/root/flamestream/flamestream-runtime-1.0-SNAPSHOT.jar!/logback.xml]
07:44:47,600 |-INFO in ch.qos.logback.core.joran.spi.ConfigurationWatchList@3fb6a447 - URL [jar:file:/root/flamestream/lib/flamestream-runtime-1.0-SNAPSHOT.jar!/logback.xml] is not of type file
07:44:47,672 |-INFO in ch.qos.logback.classic.joran.action.ConfigurationAction - debug attribute not set
07:44:47,673 |-INFO in ch.qos.logback.core.joran.action.AppenderAction - About to instantiate appender of type [ch.qos.logback.core.ConsoleAppender]
07:44:47,687 |-INFO in ch.qos.logback.core.joran.action.AppenderAction - Naming appender as [STDOUT]
07:44:47,707 |-INFO in ch.qos.logback.core.joran.action.NestedComplexPropertyIA - Assuming default type [ch.qos.logback.classic.encoder.PatternLayoutEncoder] for [encoder] property
07:44:47,787 |-INFO in ch.qos.logback.core.joran.action.AppenderAction - About to instantiate appender of type [ch.qos.logback.core.rolling.RollingFileAppender]
07:44:47,793 |-INFO in ch.qos.logback.core.joran.action.AppenderAction - Naming appender as [FILE]
07:44:47,824 |-INFO in c.q.l.core.rolling.TimeBasedRollingPolicy@127618319 - No compression will be used
07:44:47,825 |-INFO in c.q.l.core.rolling.TimeBasedRollingPolicy@127618319 - Will use the pattern /tmp/application_%d{yyyy-MM-dd}.%i.log for the active file
07:44:47,828 |-INFO in ch.qos.logback.core.rolling.SizeAndTimeBasedFNATP@6b2fad11 - The date pattern is 'yyyy-MM-dd' from file name pattern '/tmp/application_%d{yyyy-MM-dd}.%i.log'.
07:44:47,828 |-INFO in ch.qos.logback.core.rolling.SizeAndTimeBasedFNATP@6b2fad11 - Roll-over at midnight.
07:44:47,833 |-INFO in ch.qos.logback.core.rolling.SizeAndTimeBasedFNATP@6b2fad11 - Setting initial period to Tue Jun 11 07:43:24 UTC 2019
07:44:47,833 |-WARN in ch.qos.logback.core.rolling.SizeAndTimeBasedFNATP@6b2fad11 - SizeAndTimeBasedFNATP is deprecated. Use SizeAndTimeBasedRollingPolicy instead
07:44:47,833 |-WARN in ch.qos.logback.core.rolling.SizeAndTimeBasedFNATP@6b2fad11 - For more information see http://logback.qos.ch/manual/appenders.html#SizeAndTimeBasedRollingPolicy
07:44:47,837 |-INFO in ch.qos.logback.core.joran.action.NestedComplexPropertyIA - Assuming default type [ch.qos.logback.classic.encoder.PatternLayoutEncoder] for [encoder] property
07:44:47,842 |-INFO in ch.qos.logback.core.rolling.RollingFileAppender[FILE] - Active log file name: /tmp/application.log
07:44:47,842 |-INFO in ch.qos.logback.core.rolling.RollingFileAppender[FILE] - File property is set to [/tmp/application.log]
07:44:47,843 |-INFO in ch.qos.logback.classic.joran.action.RootLoggerAction - Setting level of ROOT logger to WARN
07:44:47,843 |-INFO in ch.qos.logback.core.joran.action.AppenderRefAction - Attaching appender named [STDOUT] to Logger[ROOT]
07:44:47,845 |-INFO in ch.qos.logback.core.joran.action.AppenderRefAction - Attaching appender named [FILE] to Logger[ROOT]
07:44:47,845 |-INFO in ch.qos.logback.classic.joran.action.ConfigurationAction - End of configuration.
07:44:47,846 |-INFO in ch.qos.logback.classic.joran.JoranConfigurator@79698539 - Registering current configuration as safe fallback point

Ama winner
Ama winner
2019-06-11T07:44:49.178+0000: 1.790: [Full GC (Metadata GC Threshold) 2019-06-11T07:44:49.178+0000: 1.790: [Tenured: 0K->15144K(341376K), 0.0406261 secs] 114923K->15144K(494976K), [Metaspace: 20739K->20739K(1067008K)], 0.0406933 secs] [Times: user=0.03 sys=0.01, real=0.04 secs] 
07:45:14.015 [Curator-PathChildrenCache-2] WARN  o.a.c.u.ZKPaths  - The version of ZooKeeper being used doesn't support Container nodes. CreateMode.PERSISTENT will be used instead.
2019-06-11T07:45:16.421+0000: 29.033: [GC (Allocation Failure) 2019-06-11T07:45:16.421+0000: 29.033: [DefNew: 136576K->17023K(153600K), 0.0295620 secs] 151720K->52598K(494976K), 0.0296425 secs] [Times: user=0.01 sys=0.01, real=0.03 secs] 
2019-06-11T07:45:23.190+0000: 35.801: [GC (Allocation Failure) 2019-06-11T07:45:23.190+0000: 35.801: [DefNew: 153599K->252K(153600K), 0.0094571 secs] 189174K->44049K(494976K), 0.0095301 secs] [Times: user=0.01 sys=0.00, real=0.01 secs] 
2019-06-11T07:45:27.877+0000: 40.489: [Full GC (Metadata GC Threshold) 2019-06-11T07:45:27.877+0000: 40.489: [Tenured: 43796K->44030K(341376K), 0.0495682 secs] 136354K->44030K(494976K), [Metaspace: 34647K->34647K(1079296K)], 0.0496662 secs] [Times: user=0.03 sys=0.01, real=0.04 secs] 
2019-06-11T07:45:34.972+0000: 47.583: [GC (Allocation Failure) 2019-06-11T07:45:34.972+0000: 47.583: [DefNew: 136576K->51K(153600K), 0.0016691 secs] 180606K->44081K(494976K), 0.0017291 secs] [Times: user=0.01 sys=0.00, real=0.00 secs] 
2019-06-11T07:45:42.066+0000: 54.678: [GC (Allocation Failure) 2019-06-11T07:45:42.066+0000: 54.678: [DefNew: 136627K->51K(153600K), 0.0015736 secs] 180657K->44082K(494976K), 0.0016319 secs] [Times: user=0.00 sys=0.00, real=0.00 secs] 
2019-06-11T07:45:49.319+0000: 61.931: [GC (Allocation Failure) 2019-06-11T07:45:49.319+0000: 61.931: [DefNew: 136627K->227K(153600K), 0.0018594 secs] 180658K->44258K(494976K), 0.0019275 secs] [Times: user=0.00 sys=0.00, real=0.00 secs] 
2019-06-11T07:45:57.631+0000: 70.243: [GC (Allocation Failure) 2019-06-11T07:45:57.631+0000: 70.243: [DefNew: 136803K->234K(153600K), 0.0019307 secs] 180834K->44264K(494976K), 0.0019942 secs] [Times: user=0.00 sys=0.00, real=0.00 secs] 
07:46:09.877 [Curator-PathChildrenCache-0] ERROR o.a.c.f.r.c.PathChildrenCache  - 
java.lang.IllegalStateException: instance must be started before calling this method
	at org.apache.curator.shaded.com.google.common.base.Preconditions.checkState(Preconditions.java:444)
	at org.apache.curator.framework.imps.CuratorFrameworkImpl.getChildren(CuratorFrameworkImpl.java:456)
	at org.apache.curator.framework.recipes.cache.PathChildrenCache.refresh(PathChildrenCache.java:521)
	at org.apache.curator.framework.recipes.cache.RefreshOperation.invoke(RefreshOperation.java:35)
	at org.apache.curator.framework.recipes.cache.PathChildrenCache$9.run(PathChildrenCache.java:786)
	at java.util.concurrent.Executors$RunnableAdapter.call(Executors.java:511)
	at java.util.concurrent.FutureTask.run(FutureTask.java:266)
	at java.util.concurrent.Executors$RunnableAdapter.call(Executors.java:511)
	at java.util.concurrent.FutureTask.run(FutureTask.java:266)
	at java.util.concurrent.ThreadPoolExecutor.runWorker(ThreadPoolExecutor.java:1149)
	at java.util.concurrent.ThreadPoolExecutor$Worker.run(ThreadPoolExecutor.java:624)
	at java.lang.Thread.run(Thread.java:748)
Heap
 def new generation   total 153600K, used 52611K [0x00000000e0c00000, 0x00000000eb2a0000, 0x00000000eb2a0000)
  eden space 136576K,  38% used [0x00000000e0c00000, 0x00000000e3f266d0, 0x00000000e9160000)
  from space 17024K,   1% used [0x00000000e9160000, 0x00000000e919a880, 0x00000000ea200000)
  to   space 17024K,   0% used [0x00000000ea200000, 0x00000000ea200000, 0x00000000eb2a0000)
 tenured generation   total 341376K, used 44030K [0x00000000eb2a0000, 0x0000000100000000, 0x0000000100000000)
   the space 341376K,  12% used [0x00000000eb2a0000, 0x00000000edd9fab0, 0x00000000edd9fc00, 0x0000000100000000)
 Metaspace       used 35982K, capacity 36864K, committed 37120K, reserved 1081344K
  class space    used 4869K, capacity 5074K, committed 5120K, reserved 1048576K
