19:37:37,486 |-INFO in ch.qos.logback.classic.LoggerContext[default] - Could NOT find resource [logback-test.xml]
19:37:37,486 |-INFO in ch.qos.logback.classic.LoggerContext[default] - Could NOT find resource [logback.groovy]
19:37:37,486 |-INFO in ch.qos.logback.classic.LoggerContext[default] - Found resource [logback.xml] at [jar:file:/root/flamestream/lib/flamestream-runtime-1.0-SNAPSHOT.jar!/logback.xml]
19:37:37,487 |-WARN in ch.qos.logback.classic.LoggerContext[default] - Resource [logback.xml] occurs multiple times on the classpath.
19:37:37,487 |-WARN in ch.qos.logback.classic.LoggerContext[default] - Resource [logback.xml] occurs at [jar:file:/root/flamestream/lib/flamestream-runtime-1.0-SNAPSHOT.jar!/logback.xml]
19:37:37,487 |-WARN in ch.qos.logback.classic.LoggerContext[default] - Resource [logback.xml] occurs at [jar:file:/root/flamestream/flamestream-runtime-1.0-SNAPSHOT.jar!/logback.xml]
19:37:37,508 |-INFO in ch.qos.logback.core.joran.spi.ConfigurationWatchList@3fb6a447 - URL [jar:file:/root/flamestream/lib/flamestream-runtime-1.0-SNAPSHOT.jar!/logback.xml] is not of type file
19:37:37,577 |-INFO in ch.qos.logback.classic.joran.action.ConfigurationAction - debug attribute not set
19:37:37,577 |-INFO in ch.qos.logback.core.joran.action.AppenderAction - About to instantiate appender of type [ch.qos.logback.core.ConsoleAppender]
19:37:37,593 |-INFO in ch.qos.logback.core.joran.action.AppenderAction - Naming appender as [STDOUT]
19:37:37,606 |-INFO in ch.qos.logback.core.joran.action.NestedComplexPropertyIA - Assuming default type [ch.qos.logback.classic.encoder.PatternLayoutEncoder] for [encoder] property
19:37:37,710 |-INFO in ch.qos.logback.core.joran.action.AppenderAction - About to instantiate appender of type [ch.qos.logback.core.rolling.RollingFileAppender]
19:37:37,715 |-INFO in ch.qos.logback.core.joran.action.AppenderAction - Naming appender as [FILE]
19:37:37,751 |-INFO in c.q.l.core.rolling.TimeBasedRollingPolicy@127618319 - No compression will be used
19:37:37,752 |-INFO in c.q.l.core.rolling.TimeBasedRollingPolicy@127618319 - Will use the pattern /tmp/application_%d{yyyy-MM-dd}.%i.log for the active file
19:37:37,755 |-INFO in ch.qos.logback.core.rolling.SizeAndTimeBasedFNATP@6b2fad11 - The date pattern is 'yyyy-MM-dd' from file name pattern '/tmp/application_%d{yyyy-MM-dd}.%i.log'.
19:37:37,755 |-INFO in ch.qos.logback.core.rolling.SizeAndTimeBasedFNATP@6b2fad11 - Roll-over at midnight.
19:37:37,761 |-INFO in ch.qos.logback.core.rolling.SizeAndTimeBasedFNATP@6b2fad11 - Setting initial period to Mon Jun 10 19:35:59 UTC 2019
19:37:37,761 |-WARN in ch.qos.logback.core.rolling.SizeAndTimeBasedFNATP@6b2fad11 - SizeAndTimeBasedFNATP is deprecated. Use SizeAndTimeBasedRollingPolicy instead
19:37:37,761 |-WARN in ch.qos.logback.core.rolling.SizeAndTimeBasedFNATP@6b2fad11 - For more information see http://logback.qos.ch/manual/appenders.html#SizeAndTimeBasedRollingPolicy
19:37:37,764 |-INFO in ch.qos.logback.core.joran.action.NestedComplexPropertyIA - Assuming default type [ch.qos.logback.classic.encoder.PatternLayoutEncoder] for [encoder] property
19:37:37,770 |-INFO in ch.qos.logback.core.rolling.RollingFileAppender[FILE] - Active log file name: /tmp/application.log
19:37:37,770 |-INFO in ch.qos.logback.core.rolling.RollingFileAppender[FILE] - File property is set to [/tmp/application.log]
19:37:37,771 |-INFO in ch.qos.logback.classic.joran.action.RootLoggerAction - Setting level of ROOT logger to WARN
19:37:37,771 |-INFO in ch.qos.logback.core.joran.action.AppenderRefAction - Attaching appender named [STDOUT] to Logger[ROOT]
19:37:37,773 |-INFO in ch.qos.logback.core.joran.action.AppenderRefAction - Attaching appender named [FILE] to Logger[ROOT]
19:37:37,773 |-INFO in ch.qos.logback.classic.joran.action.ConfigurationAction - End of configuration.
19:37:37,774 |-INFO in ch.qos.logback.classic.joran.JoranConfigurator@79698539 - Registering current configuration as safe fallback point

Ama winner
Ama winner
2019-06-10T19:37:39.084+0000: 1.786: [Full GC (Metadata GC Threshold) 2019-06-10T19:37:39.084+0000: 1.786: [Tenured: 0K->15241K(341376K), 0.0388627 secs] 117750K->15241K(494976K), [Metaspace: 20736K->20736K(1067008K)], 0.0389293 secs] [Times: user=0.04 sys=0.01, real=0.04 secs] 
19:37:56.428 [Curator-PathChildrenCache-2] WARN  o.a.c.u.ZKPaths  - The version of ZooKeeper being used doesn't support Container nodes. CreateMode.PERSISTENT will be used instead.
2019-06-10T19:37:58.531+0000: 21.232: [GC (Allocation Failure) 2019-06-10T19:37:58.531+0000: 21.233: [DefNew: 136576K->17023K(153600K), 0.0276598 secs] 151817K->52571K(494976K), 0.0277341 secs] [Times: user=0.02 sys=0.00, real=0.02 secs] 
2019-06-10T19:38:00.859+0000: 23.560: [Full GC (Metadata GC Threshold) 2019-06-10T19:38:00.859+0000: 23.560: [Tenured: 35547K->43996K(341376K), 0.0473537 secs] 100176K->43996K(494976K), [Metaspace: 34585K->34585K(1079296K)], 0.0474515 secs] [Times: user=0.04 sys=0.00, real=0.05 secs] 
2019-06-10T19:38:07.091+0000: 29.792: [GC (Allocation Failure) 2019-06-10T19:38:07.091+0000: 29.792: [DefNew: 136576K->98K(153600K), 0.0018595 secs] 180572K->44094K(494976K), 0.0019194 secs] [Times: user=0.01 sys=0.00, real=0.00 secs] 
2019-06-10T19:38:13.214+0000: 35.915: [GC (Allocation Failure) 2019-06-10T19:38:13.214+0000: 35.915: [DefNew: 136674K->131K(153600K), 0.0017268 secs] 180670K->44128K(494976K), 0.0017874 secs] [Times: user=0.00 sys=0.00, real=0.00 secs] 
2019-06-10T19:38:19.448+0000: 42.150: [GC (Allocation Failure) 2019-06-10T19:38:19.448+0000: 42.150: [DefNew: 136707K->125K(153600K), 0.0017201 secs] 180704K->44122K(494976K), 0.0017812 secs] [Times: user=0.00 sys=0.00, real=0.00 secs] 
2019-06-10T19:38:25.707+0000: 48.408: [GC (Allocation Failure) 2019-06-10T19:38:25.707+0000: 48.408: [DefNew: 136701K->127K(153600K), 0.0017473 secs] 180698K->44124K(494976K), 0.0018171 secs] [Times: user=0.00 sys=0.00, real=0.00 secs] 
2019-06-10T19:38:34.996+0000: 57.698: [GC (Allocation Failure) 2019-06-10T19:38:34.996+0000: 57.698: [DefNew: 136703K->127K(153600K), 0.0017379 secs] 180700K->44124K(494976K), 0.0018073 secs] [Times: user=0.00 sys=0.00, real=0.00 secs] 
19:38:39.503 [Curator-PathChildrenCache-0] ERROR o.a.c.f.r.c.PathChildrenCache  - 
java.lang.IllegalStateException: instance must be started before calling this method
	at org.apache.curator.shaded.com.google.common.base.Preconditions.checkState(Preconditions.java:444)
	at org.apache.curator.framework.imps.CuratorFrameworkImpl.getChildren(CuratorFrameworkImpl.java:456)
	at org.apache.curator.framework.recipes.cache.PathChildrenCache.refresh(PathChildrenCache.java:521)
	at org.apache.curator.framework.recipes.cache.RefreshOperation.invoke(RefreshOperation.java:35)
	at org.apache.curator.framework.recipes.cache.PathChildrenCache$9.run(PathChildrenCache.java:786)
	at java.util.concurrent.Executors$RunnableAdapter.call(Executors.java:511)
	at java.util.concurrent.FutureTask.run(FutureTask.java:266)
	at java.util.concurrent.Executors$RunnableAdapter.call(Executors.java:511)
	at java.util.concurrent.FutureTask.run(FutureTask.java:266)
	at java.util.concurrent.ThreadPoolExecutor.runWorker(ThreadPoolExecutor.java:1149)
	at java.util.concurrent.ThreadPoolExecutor$Worker.run(ThreadPoolExecutor.java:624)
	at java.lang.Thread.run(Thread.java:748)
Heap
 def new generation   total 153600K, used 40104K [0x00000000e0c00000, 0x00000000eb2a0000, 0x00000000eb2a0000)
  eden space 136576K,  29% used [0x00000000e0c00000, 0x00000000e330a3d0, 0x00000000e9160000)
  from space 17024K,   0% used [0x00000000e9160000, 0x00000000e917fd10, 0x00000000ea200000)
  to   space 17024K,   0% used [0x00000000ea200000, 0x00000000ea200000, 0x00000000eb2a0000)
 tenured generation   total 341376K, used 43996K [0x00000000eb2a0000, 0x0000000100000000, 0x0000000100000000)
   the space 341376K,  12% used [0x00000000eb2a0000, 0x00000000edd973b8, 0x00000000edd97400, 0x0000000100000000)
 Metaspace       used 36012K, capacity 36928K, committed 37120K, reserved 1081344K
  class space    used 4868K, capacity 5074K, committed 5120K, reserved 1048576K
