08:16:23,440 |-INFO in ch.qos.logback.classic.LoggerContext[default] - Could NOT find resource [logback-test.xml]
08:16:23,440 |-INFO in ch.qos.logback.classic.LoggerContext[default] - Could NOT find resource [logback.groovy]
08:16:23,440 |-INFO in ch.qos.logback.classic.LoggerContext[default] - Found resource [logback.xml] at [jar:file:/home/nikitasokolov/flamestream/lib/flamestream-runtime-1.0-SNAPSHOT.jar!/logback.xml]
08:16:23,441 |-WARN in ch.qos.logback.classic.LoggerContext[default] - Resource [logback.xml] occurs multiple times on the classpath.
08:16:23,441 |-WARN in ch.qos.logback.classic.LoggerContext[default] - Resource [logback.xml] occurs at [jar:file:/home/nikitasokolov/flamestream/lib/flamestream-runtime-1.0-SNAPSHOT.jar!/logback.xml]
08:16:23,441 |-WARN in ch.qos.logback.classic.LoggerContext[default] - Resource [logback.xml] occurs at [jar:file:/home/nikitasokolov/flamestream/flamestream-runtime-1.0-SNAPSHOT.jar!/logback.xml]
08:16:23,456 |-INFO in ch.qos.logback.core.joran.spi.ConfigurationWatchList@6108b2d7 - URL [jar:file:/home/nikitasokolov/flamestream/lib/flamestream-runtime-1.0-SNAPSHOT.jar!/logback.xml] is not of type file
08:16:23,505 |-INFO in ch.qos.logback.classic.joran.action.ConfigurationAction - debug attribute not set
08:16:23,506 |-INFO in ch.qos.logback.core.joran.action.AppenderAction - About to instantiate appender of type [ch.qos.logback.core.ConsoleAppender]
08:16:23,514 |-INFO in ch.qos.logback.core.joran.action.AppenderAction - Naming appender as [STDOUT]
08:16:23,523 |-INFO in ch.qos.logback.core.joran.action.NestedComplexPropertyIA - Assuming default type [ch.qos.logback.classic.encoder.PatternLayoutEncoder] for [encoder] property
08:16:23,578 |-INFO in ch.qos.logback.core.joran.action.AppenderAction - About to instantiate appender of type [ch.qos.logback.core.rolling.RollingFileAppender]
08:16:23,584 |-INFO in ch.qos.logback.core.joran.action.AppenderAction - Naming appender as [FILE]
08:16:23,609 |-INFO in c.q.l.core.rolling.TimeBasedRollingPolicy@357863579 - No compression will be used
08:16:23,611 |-INFO in c.q.l.core.rolling.TimeBasedRollingPolicy@357863579 - Will use the pattern /tmp/application_%d{yyyy-MM-dd}.%i.log for the active file
08:16:23,615 |-INFO in ch.qos.logback.core.rolling.SizeAndTimeBasedFNATP@6bf256fa - The date pattern is 'yyyy-MM-dd' from file name pattern '/tmp/application_%d{yyyy-MM-dd}.%i.log'.
08:16:23,615 |-INFO in ch.qos.logback.core.rolling.SizeAndTimeBasedFNATP@6bf256fa - Roll-over at midnight.
08:16:23,619 |-INFO in ch.qos.logback.core.rolling.SizeAndTimeBasedFNATP@6bf256fa - Setting initial period to Sun Jun 09 08:15:37 MSK 2019
08:16:23,619 |-WARN in ch.qos.logback.core.rolling.SizeAndTimeBasedFNATP@6bf256fa - SizeAndTimeBasedFNATP is deprecated. Use SizeAndTimeBasedRollingPolicy instead
08:16:23,619 |-WARN in ch.qos.logback.core.rolling.SizeAndTimeBasedFNATP@6bf256fa - For more information see http://logback.qos.ch/manual/appenders.html#SizeAndTimeBasedRollingPolicy
08:16:23,624 |-INFO in ch.qos.logback.core.joran.action.NestedComplexPropertyIA - Assuming default type [ch.qos.logback.classic.encoder.PatternLayoutEncoder] for [encoder] property
08:16:23,626 |-INFO in ch.qos.logback.core.rolling.RollingFileAppender[FILE] - Active log file name: /tmp/application.log
08:16:23,627 |-INFO in ch.qos.logback.core.rolling.RollingFileAppender[FILE] - File property is set to [/tmp/application.log]
08:16:23,628 |-INFO in ch.qos.logback.classic.joran.action.RootLoggerAction - Setting level of ROOT logger to WARN
08:16:23,628 |-INFO in ch.qos.logback.core.joran.action.AppenderRefAction - Attaching appender named [STDOUT] to Logger[ROOT]
08:16:23,628 |-INFO in ch.qos.logback.core.joran.action.AppenderRefAction - Attaching appender named [FILE] to Logger[ROOT]
08:16:23,628 |-INFO in ch.qos.logback.classic.joran.action.ConfigurationAction - End of configuration.
08:16:23,629 |-INFO in ch.qos.logback.classic.joran.JoranConfigurator@6cd8737 - Registering current configuration as safe fallback point

2019-06-09T08:16:24.603+0300: 1.366: [GC (Metadata GC Threshold) [PSYoungGen: 108152K->15804K(149504K)] 108152K->15884K(491008K), 0.0206878 secs] [Times: user=0.09 sys=0.02, real=0.02 secs] 
2019-06-09T08:16:24.623+0300: 1.387: [Full GC (Metadata GC Threshold) [PSYoungGen: 15804K->0K(149504K)] [ParOldGen: 80K->14982K(341504K)] 15884K->14982K(491008K), [Metaspace: 20802K->20802K(1067008K)], 0.0299383 secs] [Times: user=0.19 sys=0.02, real=0.03 secs] 
08:16:39.432 [Curator-PathChildrenCache-1] WARN  o.a.c.u.ZKPaths  - The version of ZooKeeper being used doesn't support Container nodes. CreateMode.PERSISTENT will be used instead.
2019-06-09T08:16:40.349+0300: 17.112: [GC (Metadata GC Threshold) [PSYoungGen: 125263K->15672K(149504K)] 140245K->50193K(491008K), 0.0255406 secs] [Times: user=0.17 sys=0.03, real=0.03 secs] 
2019-06-09T08:16:40.375+0300: 17.138: [Full GC (Metadata GC Threshold) [PSYoungGen: 15672K->0K(149504K)] [ParOldGen: 34521K->38547K(341504K)] 50193K->38547K(491008K), [Metaspace: 34554K->34554K(1079296K)], 0.0515137 secs] [Times: user=0.37 sys=0.02, real=0.05 secs] 
2019-06-09T08:16:42.301+0300: 19.064: [GC (Allocation Failure) [PSYoungGen: 128512K->512K(149504K)] 167059K->39059K(491008K), 0.0036137 secs] [Times: user=0.02 sys=0.00, real=0.00 secs] 
2019-06-09T08:16:44.828+0300: 21.591: [GC (Allocation Failure) [PSYoungGen: 129024K->480K(149504K)] 167571K->39035K(491008K), 0.0711736 secs] [Times: user=0.02 sys=0.01, real=0.08 secs] 
2019-06-09T08:16:47.208+0300: 23.971: [GC (Allocation Failure) [PSYoungGen: 128992K->608K(149504K)] 167547K->39171K(491008K), 0.0058796 secs] [Times: user=0.02 sys=0.02, real=0.01 secs] 
2019-06-09T08:16:49.675+0300: 26.438: [GC (Allocation Failure) [PSYoungGen: 129120K->512K(150016K)] 167683K->39075K(491520K), 0.0030983 secs] [Times: user=0.02 sys=0.00, real=0.01 secs] 
2019-06-09T08:16:52.188+0300: 28.952: [GC (Allocation Failure) [PSYoungGen: 129536K->512K(149504K)] 168099K->39075K(491008K), 0.0044810 secs] [Times: user=0.04 sys=0.00, real=0.01 secs] 
2019-06-09T08:16:54.663+0300: 31.426: [GC (Allocation Failure) [PSYoungGen: 129536K->480K(151552K)] 168099K->39043K(493056K), 0.0027580 secs] [Times: user=0.01 sys=0.00, real=0.00 secs] 
2019-06-09T08:16:57.233+0300: 34.052: [GC (Allocation Failure) [PSYoungGen: 132576K->512K(151040K)] 171139K->39083K(492544K), 0.0583148 secs] [Times: user=0.02 sys=0.00, real=0.06 secs] 
2019-06-09T08:16:59.802+0300: 36.565: [GC (Allocation Failure) [PSYoungGen: 132608K->832K(153600K)] 171179K->39411K(495104K), 0.0032873 secs] [Times: user=0.02 sys=0.00, real=0.00 secs] 
2019-06-09T08:17:02.429+0300: 39.192: [GC (Allocation Failure) [PSYoungGen: 136512K->832K(152576K)] 175091K->39419K(494080K), 0.0049593 secs] [Times: user=0.02 sys=0.02, real=0.01 secs] 
2019-06-09T08:17:05.080+0300: 41.843: [GC (Allocation Failure) [PSYoungGen: 136512K->864K(155136K)] 175099K->39451K(496640K), 0.0036464 secs] [Times: user=0.02 sys=0.00, real=0.00 secs] 
2019-06-09T08:17:07.791+0300: 44.554: [GC (Allocation Failure) [PSYoungGen: 139616K->864K(154112K)] 178203K->39451K(495616K), 0.0033237 secs] [Times: user=0.02 sys=0.01, real=0.00 secs] 
2019-06-09T08:17:10.505+0300: 47.268: [GC (Allocation Failure) [PSYoungGen: 139616K->896K(156672K)] 178203K->39483K(498176K), 0.0026304 secs] [Times: user=0.01 sys=0.00, real=0.00 secs] 
08:17:17.628 [Curator-PathChildrenCache-0] ERROR o.a.c.f.r.c.PathChildrenCache  - 
java.lang.IllegalStateException: instance must be started before calling this method
	at org.apache.curator.shaded.com.google.common.base.Preconditions.checkState(Preconditions.java:444)
	at org.apache.curator.framework.imps.CuratorFrameworkImpl.getChildren(CuratorFrameworkImpl.java:456)
	at org.apache.curator.framework.recipes.cache.PathChildrenCache.refresh(PathChildrenCache.java:521)
	at org.apache.curator.framework.recipes.cache.RefreshOperation.invoke(RefreshOperation.java:35)
	at org.apache.curator.framework.recipes.cache.PathChildrenCache$9.run(PathChildrenCache.java:786)
	at java.util.concurrent.Executors$RunnableAdapter.call(Executors.java:511)
	at java.util.concurrent.FutureTask.run(FutureTask.java:266)
	at java.util.concurrent.Executors$RunnableAdapter.call(Executors.java:511)
	at java.util.concurrent.FutureTask.run(FutureTask.java:266)
	at java.util.concurrent.ThreadPoolExecutor.runWorker(ThreadPoolExecutor.java:1149)
	at java.util.concurrent.ThreadPoolExecutor$Worker.run(ThreadPoolExecutor.java:624)
	at java.lang.Thread.run(Thread.java:748)
Heap
 PSYoungGen      total 156672K, used 111782K [0x00000000f5980000, 0x0000000100000000, 0x0000000100000000)
  eden space 142336K, 77% used [0x00000000f5980000,0x00000000fc5c9800,0x00000000fe480000)
  from space 14336K, 6% used [0x00000000ff200000,0x00000000ff2e00a0,0x0000000100000000)
  to   space 13824K, 0% used [0x00000000fe480000,0x00000000fe480000,0x00000000ff200000)
 ParOldGen       total 341504K, used 38587K [0x00000000e0c00000, 0x00000000f5980000, 0x00000000f5980000)
  object space 341504K, 11% used [0x00000000e0c00000,0x00000000e31aee48,0x00000000f5980000)
 Metaspace       used 35740K, capacity 36606K, committed 36952K, reserved 1081344K
  class space    used 4937K, capacity 5129K, committed 5248K, reserved 1048576K
