15:22:27,649 |-INFO in ch.qos.logback.classic.LoggerContext[default] - Could NOT find resource [logback-test.xml]
15:22:27,654 |-INFO in ch.qos.logback.classic.LoggerContext[default] - Could NOT find resource [logback.groovy]
15:22:27,654 |-INFO in ch.qos.logback.classic.LoggerContext[default] - Found resource [logback.xml] at [jar:file:/root/flamestream/lib/flamestream-runtime-1.0-SNAPSHOT.jar!/logback.xml]
15:22:27,655 |-WARN in ch.qos.logback.classic.LoggerContext[default] - Resource [logback.xml] occurs multiple times on the classpath.
15:22:27,655 |-WARN in ch.qos.logback.classic.LoggerContext[default] - Resource [logback.xml] occurs at [jar:file:/root/flamestream/lib/flamestream-runtime-1.0-SNAPSHOT.jar!/logback.xml]
15:22:27,655 |-WARN in ch.qos.logback.classic.LoggerContext[default] - Resource [logback.xml] occurs at [jar:file:/root/flamestream/flamestream-runtime-1.0-SNAPSHOT.jar!/logback.xml]
15:22:27,674 |-INFO in ch.qos.logback.core.joran.spi.ConfigurationWatchList@3fb6a447 - URL [jar:file:/root/flamestream/lib/flamestream-runtime-1.0-SNAPSHOT.jar!/logback.xml] is not of type file
15:22:27,740 |-INFO in ch.qos.logback.classic.joran.action.ConfigurationAction - debug attribute not set
15:22:27,740 |-INFO in ch.qos.logback.core.joran.action.AppenderAction - About to instantiate appender of type [ch.qos.logback.core.ConsoleAppender]
15:22:27,756 |-INFO in ch.qos.logback.core.joran.action.AppenderAction - Naming appender as [STDOUT]
15:22:27,776 |-INFO in ch.qos.logback.core.joran.action.NestedComplexPropertyIA - Assuming default type [ch.qos.logback.classic.encoder.PatternLayoutEncoder] for [encoder] property
15:22:27,860 |-INFO in ch.qos.logback.core.joran.action.AppenderAction - About to instantiate appender of type [ch.qos.logback.core.rolling.RollingFileAppender]
15:22:27,869 |-INFO in ch.qos.logback.core.joran.action.AppenderAction - Naming appender as [FILE]
15:22:27,899 |-INFO in c.q.l.core.rolling.TimeBasedRollingPolicy@127618319 - No compression will be used
15:22:27,901 |-INFO in c.q.l.core.rolling.TimeBasedRollingPolicy@127618319 - Will use the pattern /tmp/application_%d{yyyy-MM-dd}.%i.log for the active file
15:22:27,904 |-INFO in ch.qos.logback.core.rolling.SizeAndTimeBasedFNATP@6b2fad11 - The date pattern is 'yyyy-MM-dd' from file name pattern '/tmp/application_%d{yyyy-MM-dd}.%i.log'.
15:22:27,904 |-INFO in ch.qos.logback.core.rolling.SizeAndTimeBasedFNATP@6b2fad11 - Roll-over at midnight.
15:22:27,909 |-INFO in ch.qos.logback.core.rolling.SizeAndTimeBasedFNATP@6b2fad11 - Setting initial period to Mon Jun 10 15:21:09 UTC 2019
15:22:27,909 |-WARN in ch.qos.logback.core.rolling.SizeAndTimeBasedFNATP@6b2fad11 - SizeAndTimeBasedFNATP is deprecated. Use SizeAndTimeBasedRollingPolicy instead
15:22:27,909 |-WARN in ch.qos.logback.core.rolling.SizeAndTimeBasedFNATP@6b2fad11 - For more information see http://logback.qos.ch/manual/appenders.html#SizeAndTimeBasedRollingPolicy
15:22:27,913 |-INFO in ch.qos.logback.core.joran.action.NestedComplexPropertyIA - Assuming default type [ch.qos.logback.classic.encoder.PatternLayoutEncoder] for [encoder] property
15:22:27,918 |-INFO in ch.qos.logback.core.rolling.RollingFileAppender[FILE] - Active log file name: /tmp/application.log
15:22:27,918 |-INFO in ch.qos.logback.core.rolling.RollingFileAppender[FILE] - File property is set to [/tmp/application.log]
15:22:27,919 |-INFO in ch.qos.logback.classic.joran.action.RootLoggerAction - Setting level of ROOT logger to WARN
15:22:27,919 |-INFO in ch.qos.logback.core.joran.action.AppenderRefAction - Attaching appender named [STDOUT] to Logger[ROOT]
15:22:27,921 |-INFO in ch.qos.logback.core.joran.action.AppenderRefAction - Attaching appender named [FILE] to Logger[ROOT]
15:22:27,921 |-INFO in ch.qos.logback.classic.joran.action.ConfigurationAction - End of configuration.
15:22:27,922 |-INFO in ch.qos.logback.classic.joran.JoranConfigurator@79698539 - Registering current configuration as safe fallback point

Ama winner
Ama winner
2019-06-10T15:22:29.196+0000: 1.728: [Full GC (Metadata GC Threshold) 2019-06-10T15:22:29.196+0000: 1.728: [Tenured: 0K->15145K(341376K), 0.0393342 secs] 114986K->15145K(494976K), [Metaspace: 20731K->20731K(1067008K)], 0.0394043 secs] [Times: user=0.03 sys=0.01, real=0.04 secs] 
15:22:42.639 [Curator-PathChildrenCache-2] WARN  o.a.c.u.ZKPaths  - The version of ZooKeeper being used doesn't support Container nodes. CreateMode.PERSISTENT will be used instead.
2019-06-10T15:22:44.686+0000: 17.217: [GC (Allocation Failure) 2019-06-10T15:22:44.686+0000: 17.217: [DefNew: 136576K->17024K(153600K), 0.0285256 secs] 151721K->52854K(494976K), 0.0286092 secs] [Times: user=0.02 sys=0.00, real=0.03 secs] 
2019-06-10T15:22:45.251+0000: 17.783: [Full GC (Metadata GC Threshold) 2019-06-10T15:22:45.251+0000: 17.783: [Tenured: 35830K->44674K(341376K), 0.0401657 secs] 74126K->44674K(494976K), [Metaspace: 34609K->34609K(1079296K)], 0.0402504 secs] [Times: user=0.04 sys=0.00, real=0.04 secs] 
2019-06-10T15:22:47.479+0000: 20.011: [GC (Allocation Failure) 2019-06-10T15:22:47.479+0000: 20.011: [DefNew: 136576K->212K(153600K), 0.0022237 secs] 181250K->44887K(494976K), 0.0022906 secs] [Times: user=0.00 sys=0.00, real=0.00 secs] 
2019-06-10T15:22:49.084+0000: 21.616: [GC (Allocation Failure) 2019-06-10T15:22:49.084+0000: 21.616: [DefNew: 136788K->222K(153600K), 0.0019607 secs] 181463K->44897K(494976K), 0.0020205 secs] [Times: user=0.00 sys=0.00, real=0.01 secs] 
2019-06-10T15:22:50.610+0000: 23.142: [GC (Allocation Failure) 2019-06-10T15:22:50.610+0000: 23.142: [DefNew: 136798K->206K(153600K), 0.0019285 secs] 181473K->44881K(494976K), 0.0019940 secs] [Times: user=0.00 sys=0.00, real=0.00 secs] 
2019-06-10T15:22:52.208+0000: 24.740: [GC (Allocation Failure) 2019-06-10T15:22:52.208+0000: 24.740: [DefNew: 136782K->213K(153600K), 0.0019764 secs] 181457K->44888K(494976K), 0.0020695 secs] [Times: user=0.00 sys=0.00, real=0.00 secs] 
2019-06-10T15:22:58.533+0000: 31.065: [GC (Allocation Failure) 2019-06-10T15:22:58.533+0000: 31.065: [DefNew: 136789K->215K(153600K), 0.0020940 secs] 181464K->44889K(494976K), 0.0021519 secs] [Times: user=0.00 sys=0.00, real=0.01 secs] 
15:23:03.967 [Curator-PathChildrenCache-0] ERROR o.a.c.f.r.c.PathChildrenCache  - 
java.lang.IllegalStateException: instance must be started before calling this method
	at org.apache.curator.shaded.com.google.common.base.Preconditions.checkState(Preconditions.java:444)
	at org.apache.curator.framework.imps.CuratorFrameworkImpl.getChildren(CuratorFrameworkImpl.java:456)
	at org.apache.curator.framework.recipes.cache.PathChildrenCache.refresh(PathChildrenCache.java:521)
	at org.apache.curator.framework.recipes.cache.RefreshOperation.invoke(RefreshOperation.java:35)
	at org.apache.curator.framework.recipes.cache.PathChildrenCache$9.run(PathChildrenCache.java:786)
	at java.util.concurrent.Executors$RunnableAdapter.call(Executors.java:511)
	at java.util.concurrent.FutureTask.run(FutureTask.java:266)
	at java.util.concurrent.Executors$RunnableAdapter.call(Executors.java:511)
	at java.util.concurrent.FutureTask.run(FutureTask.java:266)
	at java.util.concurrent.ThreadPoolExecutor.runWorker(ThreadPoolExecutor.java:1149)
	at java.util.concurrent.ThreadPoolExecutor$Worker.run(ThreadPoolExecutor.java:624)
	at java.lang.Thread.run(Thread.java:748)
Heap
 def new generation   total 153600K, used 52798K [0x00000000e0c00000, 0x00000000eb2a0000, 0x00000000eb2a0000)
  eden space 136576K,  38% used [0x00000000e0c00000, 0x00000000e3f59e80, 0x00000000e9160000)
  from space 17024K,   1% used [0x00000000e9160000, 0x00000000e9195c20, 0x00000000ea200000)
  to   space 17024K,   0% used [0x00000000ea200000, 0x00000000ea200000, 0x00000000eb2a0000)
 tenured generation   total 341376K, used 44674K [0x00000000eb2a0000, 0x0000000100000000, 0x0000000100000000)
   the space 341376K,  13% used [0x00000000eb2a0000, 0x00000000ede40a98, 0x00000000ede40c00, 0x0000000100000000)
 Metaspace       used 35830K, capacity 36738K, committed 36864K, reserved 1081344K
  class space    used 4859K, capacity 5059K, committed 5120K, reserved 1048576K
