15:10:49,757 |-INFO in ch.qos.logback.classic.LoggerContext[default] - Could NOT find resource [logback-test.xml]
15:10:49,757 |-INFO in ch.qos.logback.classic.LoggerContext[default] - Could NOT find resource [logback.groovy]
15:10:49,757 |-INFO in ch.qos.logback.classic.LoggerContext[default] - Found resource [logback.xml] at [jar:file:/root/flamestream/lib/flamestream-runtime-1.0-SNAPSHOT.jar!/logback.xml]
15:10:49,758 |-WARN in ch.qos.logback.classic.LoggerContext[default] - Resource [logback.xml] occurs multiple times on the classpath.
15:10:49,758 |-WARN in ch.qos.logback.classic.LoggerContext[default] - Resource [logback.xml] occurs at [jar:file:/root/flamestream/lib/flamestream-runtime-1.0-SNAPSHOT.jar!/logback.xml]
15:10:49,758 |-WARN in ch.qos.logback.classic.LoggerContext[default] - Resource [logback.xml] occurs at [jar:file:/root/flamestream/flamestream-runtime-1.0-SNAPSHOT.jar!/logback.xml]
15:10:49,779 |-INFO in ch.qos.logback.core.joran.spi.ConfigurationWatchList@3fb6a447 - URL [jar:file:/root/flamestream/lib/flamestream-runtime-1.0-SNAPSHOT.jar!/logback.xml] is not of type file
15:10:49,856 |-INFO in ch.qos.logback.classic.joran.action.ConfigurationAction - debug attribute not set
15:10:49,856 |-INFO in ch.qos.logback.core.joran.action.AppenderAction - About to instantiate appender of type [ch.qos.logback.core.ConsoleAppender]
15:10:49,868 |-INFO in ch.qos.logback.core.joran.action.AppenderAction - Naming appender as [STDOUT]
15:10:49,888 |-INFO in ch.qos.logback.core.joran.action.NestedComplexPropertyIA - Assuming default type [ch.qos.logback.classic.encoder.PatternLayoutEncoder] for [encoder] property
15:10:49,973 |-INFO in ch.qos.logback.core.joran.action.AppenderAction - About to instantiate appender of type [ch.qos.logback.core.rolling.RollingFileAppender]
15:10:49,978 |-INFO in ch.qos.logback.core.joran.action.AppenderAction - Naming appender as [FILE]
15:10:50,011 |-INFO in c.q.l.core.rolling.TimeBasedRollingPolicy@127618319 - No compression will be used
15:10:50,012 |-INFO in c.q.l.core.rolling.TimeBasedRollingPolicy@127618319 - Will use the pattern /tmp/application_%d{yyyy-MM-dd}.%i.log for the active file
15:10:50,015 |-INFO in ch.qos.logback.core.rolling.SizeAndTimeBasedFNATP@6b2fad11 - The date pattern is 'yyyy-MM-dd' from file name pattern '/tmp/application_%d{yyyy-MM-dd}.%i.log'.
15:10:50,015 |-INFO in ch.qos.logback.core.rolling.SizeAndTimeBasedFNATP@6b2fad11 - Roll-over at midnight.
15:10:50,020 |-INFO in ch.qos.logback.core.rolling.SizeAndTimeBasedFNATP@6b2fad11 - Setting initial period to Mon Jun 10 15:09:32 UTC 2019
15:10:50,020 |-WARN in ch.qos.logback.core.rolling.SizeAndTimeBasedFNATP@6b2fad11 - SizeAndTimeBasedFNATP is deprecated. Use SizeAndTimeBasedRollingPolicy instead
15:10:50,020 |-WARN in ch.qos.logback.core.rolling.SizeAndTimeBasedFNATP@6b2fad11 - For more information see http://logback.qos.ch/manual/appenders.html#SizeAndTimeBasedRollingPolicy
15:10:50,024 |-INFO in ch.qos.logback.core.joran.action.NestedComplexPropertyIA - Assuming default type [ch.qos.logback.classic.encoder.PatternLayoutEncoder] for [encoder] property
15:10:50,030 |-INFO in ch.qos.logback.core.rolling.RollingFileAppender[FILE] - Active log file name: /tmp/application.log
15:10:50,030 |-INFO in ch.qos.logback.core.rolling.RollingFileAppender[FILE] - File property is set to [/tmp/application.log]
15:10:50,030 |-INFO in ch.qos.logback.classic.joran.action.RootLoggerAction - Setting level of ROOT logger to WARN
15:10:50,031 |-INFO in ch.qos.logback.core.joran.action.AppenderRefAction - Attaching appender named [STDOUT] to Logger[ROOT]
15:10:50,032 |-INFO in ch.qos.logback.core.joran.action.AppenderRefAction - Attaching appender named [FILE] to Logger[ROOT]
15:10:50,033 |-INFO in ch.qos.logback.classic.joran.action.ConfigurationAction - End of configuration.
15:10:50,033 |-INFO in ch.qos.logback.classic.joran.JoranConfigurator@79698539 - Registering current configuration as safe fallback point

Ama winner
Ama winner
2019-06-10T15:10:51.365+0000: 1.796: [Full GC (Metadata GC Threshold) 2019-06-10T15:10:51.365+0000: 1.796: [Tenured: 0K->15207K(341376K), 0.0413493 secs] 114986K->15207K(494976K), [Metaspace: 20733K->20733K(1067008K)], 0.0414153 secs] [Times: user=0.05 sys=0.00, real=0.05 secs] 
15:11:09.020 [Curator-PathChildrenCache-1] WARN  o.a.c.u.ZKPaths  - The version of ZooKeeper being used doesn't support Container nodes. CreateMode.PERSISTENT will be used instead.
2019-06-10T15:11:11.592+0000: 22.024: [GC (Allocation Failure) 2019-06-10T15:11:11.592+0000: 22.024: [DefNew: 136576K->17024K(153600K), 0.0269625 secs] 151783K->52609K(494976K), 0.0270285 secs] [Times: user=0.02 sys=0.00, real=0.03 secs] 
2019-06-10T15:11:12.280+0000: 22.712: [Full GC (Metadata GC Threshold) 2019-06-10T15:11:12.280+0000: 22.712: [Tenured: 35585K->44219K(341376K), 0.0376986 secs] 75408K->44219K(494976K), [Metaspace: 34549K->34549K(1079296K)], 0.0377733 secs] [Times: user=0.04 sys=0.00, real=0.04 secs] 
2019-06-10T15:11:18.395+0000: 28.826: [GC (Allocation Failure) 2019-06-10T15:11:18.395+0000: 28.826: [DefNew: 136576K->86K(153600K), 0.0018187 secs] 180795K->44305K(494976K), 0.0018755 secs] [Times: user=0.00 sys=0.00, real=0.00 secs] 
2019-06-10T15:11:24.457+0000: 34.888: [GC (Allocation Failure) 2019-06-10T15:11:24.457+0000: 34.888: [DefNew: 136662K->89K(153600K), 0.0017806 secs] 180881K->44308K(494976K), 0.0018435 secs] [Times: user=0.00 sys=0.00, real=0.00 secs] 
2019-06-10T15:11:30.513+0000: 40.944: [GC (Allocation Failure) 2019-06-10T15:11:30.513+0000: 40.944: [DefNew: 136665K->91K(153600K), 0.0018349 secs] 180884K->44310K(494976K), 0.0018931 secs] [Times: user=0.00 sys=0.00, real=0.01 secs] 
2019-06-10T15:11:36.561+0000: 46.993: [GC (Allocation Failure) 2019-06-10T15:11:36.561+0000: 46.993: [DefNew: 136667K->89K(153600K), 0.0017612 secs] 180886K->44308K(494976K), 0.0018201 secs] [Times: user=0.01 sys=0.00, real=0.00 secs] 
15:11:47.391 [Curator-PathChildrenCache-0] ERROR o.a.c.f.r.c.PathChildrenCache  - 
java.lang.IllegalStateException: instance must be started before calling this method
	at org.apache.curator.shaded.com.google.common.base.Preconditions.checkState(Preconditions.java:444)
	at org.apache.curator.framework.imps.CuratorFrameworkImpl.getChildren(CuratorFrameworkImpl.java:456)
	at org.apache.curator.framework.recipes.cache.PathChildrenCache.refresh(PathChildrenCache.java:521)
	at org.apache.curator.framework.recipes.cache.RefreshOperation.invoke(RefreshOperation.java:35)
	at org.apache.curator.framework.recipes.cache.PathChildrenCache$9.run(PathChildrenCache.java:786)
	at java.util.concurrent.Executors$RunnableAdapter.call(Executors.java:511)
	at java.util.concurrent.FutureTask.run(FutureTask.java:266)
	at java.util.concurrent.Executors$RunnableAdapter.call(Executors.java:511)
	at java.util.concurrent.FutureTask.run(FutureTask.java:266)
	at java.util.concurrent.ThreadPoolExecutor.runWorker(ThreadPoolExecutor.java:1149)
	at java.util.concurrent.ThreadPoolExecutor$Worker.run(ThreadPoolExecutor.java:624)
	at java.lang.Thread.run(Thread.java:748)
2019-06-10T15:11:47.618+0000: 58.050: [GC (Allocation Failure) 2019-06-10T15:11:47.618+0000: 58.050: [DefNew: 136665K->928K(153600K), 0.0031682 secs] 180884K->45147K(494976K), 0.0032271 secs] [Times: user=0.00 sys=0.00, real=0.00 secs] 
Heap
 def new generation   total 153600K, used 12378K [0x00000000e0c00000, 0x00000000eb2a0000, 0x00000000eb2a0000)
  eden space 136576K,   8% used [0x00000000e0c00000, 0x00000000e172e6a0, 0x00000000e9160000)
  from space 17024K,   5% used [0x00000000e9160000, 0x00000000e92481e0, 0x00000000ea200000)
  to   space 17024K,   0% used [0x00000000ea200000, 0x00000000ea200000, 0x00000000eb2a0000)
 tenured generation   total 341376K, used 44219K [0x00000000eb2a0000, 0x0000000100000000, 0x0000000100000000)
   the space 341376K,  12% used [0x00000000eb2a0000, 0x00000000eddceca0, 0x00000000eddcee00, 0x0000000100000000)
 Metaspace       used 35898K, capacity 36796K, committed 37120K, reserved 1081344K
  class space    used 4818K, capacity 5020K, committed 5120K, reserved 1048576K
