13:00:30,883 |-INFO in ch.qos.logback.classic.LoggerContext[default] - Could NOT find resource [logback-test.xml]
13:00:30,883 |-INFO in ch.qos.logback.classic.LoggerContext[default] - Could NOT find resource [logback.groovy]
13:00:30,883 |-INFO in ch.qos.logback.classic.LoggerContext[default] - Found resource [logback.xml] at [jar:file:/home/nikitasokolov/flamestream/lib/flamestream-runtime-1.0-SNAPSHOT.jar!/logback.xml]
13:00:30,884 |-WARN in ch.qos.logback.classic.LoggerContext[default] - Resource [logback.xml] occurs multiple times on the classpath.
13:00:30,884 |-WARN in ch.qos.logback.classic.LoggerContext[default] - Resource [logback.xml] occurs at [jar:file:/home/nikitasokolov/flamestream/lib/flamestream-runtime-1.0-SNAPSHOT.jar!/logback.xml]
13:00:30,884 |-WARN in ch.qos.logback.classic.LoggerContext[default] - Resource [logback.xml] occurs at [jar:file:/home/nikitasokolov/flamestream/flamestream-runtime-1.0-SNAPSHOT.jar!/logback.xml]
13:00:30,899 |-INFO in ch.qos.logback.core.joran.spi.ConfigurationWatchList@6108b2d7 - URL [jar:file:/home/nikitasokolov/flamestream/lib/flamestream-runtime-1.0-SNAPSHOT.jar!/logback.xml] is not of type file
13:00:30,949 |-INFO in ch.qos.logback.classic.joran.action.ConfigurationAction - debug attribute not set
13:00:30,950 |-INFO in ch.qos.logback.core.joran.action.AppenderAction - About to instantiate appender of type [ch.qos.logback.core.ConsoleAppender]
13:00:30,960 |-INFO in ch.qos.logback.core.joran.action.AppenderAction - Naming appender as [STDOUT]
13:00:30,971 |-INFO in ch.qos.logback.core.joran.action.NestedComplexPropertyIA - Assuming default type [ch.qos.logback.classic.encoder.PatternLayoutEncoder] for [encoder] property
13:00:31,025 |-INFO in ch.qos.logback.core.joran.action.AppenderAction - About to instantiate appender of type [ch.qos.logback.core.rolling.RollingFileAppender]
13:00:31,030 |-INFO in ch.qos.logback.core.joran.action.AppenderAction - Naming appender as [FILE]
13:00:31,052 |-INFO in c.q.l.core.rolling.TimeBasedRollingPolicy@357863579 - No compression will be used
13:00:31,054 |-INFO in c.q.l.core.rolling.TimeBasedRollingPolicy@357863579 - Will use the pattern /tmp/application_%d{yyyy-MM-dd}.%i.log for the active file
13:00:31,057 |-INFO in ch.qos.logback.core.rolling.SizeAndTimeBasedFNATP@6bf256fa - The date pattern is 'yyyy-MM-dd' from file name pattern '/tmp/application_%d{yyyy-MM-dd}.%i.log'.
13:00:31,057 |-INFO in ch.qos.logback.core.rolling.SizeAndTimeBasedFNATP@6bf256fa - Roll-over at midnight.
13:00:31,061 |-INFO in ch.qos.logback.core.rolling.SizeAndTimeBasedFNATP@6bf256fa - Setting initial period to Sun Jun 09 12:59:48 MSK 2019
13:00:31,061 |-WARN in ch.qos.logback.core.rolling.SizeAndTimeBasedFNATP@6bf256fa - SizeAndTimeBasedFNATP is deprecated. Use SizeAndTimeBasedRollingPolicy instead
13:00:31,061 |-WARN in ch.qos.logback.core.rolling.SizeAndTimeBasedFNATP@6bf256fa - For more information see http://logback.qos.ch/manual/appenders.html#SizeAndTimeBasedRollingPolicy
13:00:31,065 |-INFO in ch.qos.logback.core.joran.action.NestedComplexPropertyIA - Assuming default type [ch.qos.logback.classic.encoder.PatternLayoutEncoder] for [encoder] property
13:00:31,068 |-INFO in ch.qos.logback.core.rolling.RollingFileAppender[FILE] - Active log file name: /tmp/application.log
13:00:31,068 |-INFO in ch.qos.logback.core.rolling.RollingFileAppender[FILE] - File property is set to [/tmp/application.log]
13:00:31,069 |-INFO in ch.qos.logback.classic.joran.action.RootLoggerAction - Setting level of ROOT logger to WARN
13:00:31,069 |-INFO in ch.qos.logback.core.joran.action.AppenderRefAction - Attaching appender named [STDOUT] to Logger[ROOT]
13:00:31,069 |-INFO in ch.qos.logback.core.joran.action.AppenderRefAction - Attaching appender named [FILE] to Logger[ROOT]
13:00:31,069 |-INFO in ch.qos.logback.classic.joran.action.ConfigurationAction - End of configuration.
13:00:31,070 |-INFO in ch.qos.logback.classic.joran.JoranConfigurator@6cd8737 - Registering current configuration as safe fallback point

2019-06-09T13:00:32.038+0300: 1.368: [GC (Metadata GC Threshold) [PSYoungGen: 110722K->15953K(149504K)] 110722K->16033K(491008K), 0.0279250 secs] [Times: user=0.09 sys=0.02, real=0.02 secs] 
2019-06-09T13:00:32.066+0300: 1.396: [Full GC (Metadata GC Threshold) [PSYoungGen: 15953K->0K(149504K)] [ParOldGen: 80K->15078K(341504K)] 16033K->15078K(491008K), [Metaspace: 20802K->20802K(1067008K)], 0.0292693 secs] [Times: user=0.18 sys=0.00, real=0.03 secs] 
13:00:44.419 [Curator-PathChildrenCache-1] WARN  o.a.c.u.ZKPaths  - The version of ZooKeeper being used doesn't support Container nodes. CreateMode.PERSISTENT will be used instead.
2019-06-09T13:00:45.422+0300: 14.752: [GC (Metadata GC Threshold) [PSYoungGen: 127036K->16003K(149504K)] 142114K->50621K(491008K), 0.0312811 secs] [Times: user=0.29 sys=0.01, real=0.03 secs] 
2019-06-09T13:00:45.453+0300: 14.783: [Full GC (Metadata GC Threshold) [PSYoungGen: 16003K->0K(149504K)] [ParOldGen: 34617K->38921K(341504K)] 50621K->38921K(491008K), [Metaspace: 34556K->34556K(1079296K)], 0.0451683 secs] [Times: user=0.28 sys=0.03, real=0.05 secs] 
2019-06-09T13:00:47.686+0300: 17.016: [GC (Allocation Failure) [PSYoungGen: 128512K->288K(149504K)] 167433K->39209K(491008K), 0.0044234 secs] [Times: user=0.02 sys=0.00, real=0.01 secs] 
2019-06-09T13:00:50.337+0300: 19.667: [GC (Allocation Failure) [PSYoungGen: 128800K->384K(149504K)] 167721K->39313K(491008K), 0.0030968 secs] [Times: user=0.01 sys=0.01, real=0.01 secs] 
2019-06-09T13:00:53.058+0300: 22.388: [GC (Allocation Failure) [PSYoungGen: 128896K->480K(129024K)] 167825K->39409K(470528K), 0.0049192 secs] [Times: user=0.03 sys=0.00, real=0.00 secs] 
2019-06-09T13:00:55.767+0300: 25.097: [GC (Allocation Failure) [PSYoungGen: 128992K->288K(149504K)] 167921K->39217K(491008K), 0.0031384 secs] [Times: user=0.01 sys=0.00, real=0.01 secs] 
2019-06-09T13:00:58.475+0300: 27.805: [GC (Allocation Failure) [PSYoungGen: 128288K->512K(148992K)] 167217K->39449K(490496K), 0.0025509 secs] [Times: user=0.01 sys=0.01, real=0.01 secs] 
2019-06-09T13:01:01.169+0300: 30.499: [GC (Allocation Failure) [PSYoungGen: 128512K->416K(151552K)] 167449K->39361K(493056K), 0.0055870 secs] [Times: user=0.03 sys=0.01, real=0.01 secs] 
2019-06-09T13:01:03.966+0300: 33.296: [GC (Allocation Failure) [PSYoungGen: 132000K->480K(150528K)] 170945K->39425K(492032K), 0.0027787 secs] [Times: user=0.01 sys=0.00, real=0.00 secs] 
2019-06-09T13:01:06.729+0300: 36.059: [GC (Allocation Failure) [PSYoungGen: 132064K->384K(153088K)] 171009K->39337K(494592K), 0.0027934 secs] [Times: user=0.01 sys=0.00, real=0.01 secs] 
13:01:18.204 [Curator-PathChildrenCache-0] ERROR o.a.c.f.r.c.PathChildrenCache  - 
java.lang.IllegalStateException: instance must be started before calling this method
	at org.apache.curator.shaded.com.google.common.base.Preconditions.checkState(Preconditions.java:444)
	at org.apache.curator.framework.imps.CuratorFrameworkImpl.getChildren(CuratorFrameworkImpl.java:456)
	at org.apache.curator.framework.recipes.cache.PathChildrenCache.refresh(PathChildrenCache.java:521)
	at org.apache.curator.framework.recipes.cache.RefreshOperation.invoke(RefreshOperation.java:35)
	at org.apache.curator.framework.recipes.cache.PathChildrenCache$9.run(PathChildrenCache.java:786)
	at java.util.concurrent.Executors$RunnableAdapter.call(Executors.java:511)
	at java.util.concurrent.FutureTask.run(FutureTask.java:266)
	at java.util.concurrent.Executors$RunnableAdapter.call(Executors.java:511)
	at java.util.concurrent.FutureTask.run(FutureTask.java:266)
	at java.util.concurrent.ThreadPoolExecutor.runWorker(ThreadPoolExecutor.java:1149)
	at java.util.concurrent.ThreadPoolExecutor$Worker.run(ThreadPoolExecutor.java:624)
	at java.lang.Thread.run(Thread.java:748)
2019-06-09T13:01:18.206+0300: 47.536: [GC (Allocation Failure) [PSYoungGen: 135552K->849K(152576K)] 174505K->39810K(494080K), 0.0029097 secs] [Times: user=0.01 sys=0.01, real=0.00 secs] 
Heap
 PSYoungGen      total 152576K, used 7407K [0x00000000f5980000, 0x0000000100000000, 0x0000000100000000)
  eden space 135168K, 4% used [0x00000000f5980000,0x00000000f5fe7860,0x00000000fdd80000)
  from space 17408K, 4% used [0x00000000fdd80000,0x00000000fde54480,0x00000000fee80000)
  to   space 16384K, 0% used [0x00000000ff000000,0x00000000ff000000,0x0000000100000000)
 ParOldGen       total 341504K, used 38961K [0x00000000e0c00000, 0x00000000f5980000, 0x00000000f5980000)
  object space 341504K, 11% used [0x00000000e0c00000,0x00000000e320c5a0,0x00000000f5980000)
 Metaspace       used 35680K, capacity 36542K, committed 36952K, reserved 1081344K
  class space    used 4936K, capacity 5129K, committed 5248K, reserved 1048576K
