01:23:42,371 |-INFO in ch.qos.logback.classic.LoggerContext[default] - Could NOT find resource [logback-test.xml]
01:23:42,372 |-INFO in ch.qos.logback.classic.LoggerContext[default] - Could NOT find resource [logback.groovy]
01:23:42,372 |-INFO in ch.qos.logback.classic.LoggerContext[default] - Found resource [logback.xml] at [jar:file:/home/nikitasokolov/flamestream/lib/flamestream-runtime-1.0-SNAPSHOT.jar!/logback.xml]
01:23:42,372 |-WARN in ch.qos.logback.classic.LoggerContext[default] - Resource [logback.xml] occurs multiple times on the classpath.
01:23:42,373 |-WARN in ch.qos.logback.classic.LoggerContext[default] - Resource [logback.xml] occurs at [jar:file:/home/nikitasokolov/flamestream/lib/flamestream-runtime-1.0-SNAPSHOT.jar!/logback.xml]
01:23:42,373 |-WARN in ch.qos.logback.classic.LoggerContext[default] - Resource [logback.xml] occurs at [jar:file:/home/nikitasokolov/flamestream/flamestream-runtime-1.0-SNAPSHOT.jar!/logback.xml]
01:23:42,389 |-INFO in ch.qos.logback.core.joran.spi.ConfigurationWatchList@6108b2d7 - URL [jar:file:/home/nikitasokolov/flamestream/lib/flamestream-runtime-1.0-SNAPSHOT.jar!/logback.xml] is not of type file
01:23:42,441 |-INFO in ch.qos.logback.classic.joran.action.ConfigurationAction - debug attribute not set
01:23:42,442 |-INFO in ch.qos.logback.core.joran.action.AppenderAction - About to instantiate appender of type [ch.qos.logback.core.ConsoleAppender]
01:23:42,453 |-INFO in ch.qos.logback.core.joran.action.AppenderAction - Naming appender as [STDOUT]
01:23:42,461 |-INFO in ch.qos.logback.core.joran.action.NestedComplexPropertyIA - Assuming default type [ch.qos.logback.classic.encoder.PatternLayoutEncoder] for [encoder] property
01:23:42,519 |-INFO in ch.qos.logback.core.joran.action.AppenderAction - About to instantiate appender of type [ch.qos.logback.core.rolling.RollingFileAppender]
01:23:42,524 |-INFO in ch.qos.logback.core.joran.action.AppenderAction - Naming appender as [FILE]
01:23:42,546 |-INFO in c.q.l.core.rolling.TimeBasedRollingPolicy@357863579 - No compression will be used
01:23:42,547 |-INFO in c.q.l.core.rolling.TimeBasedRollingPolicy@357863579 - Will use the pattern /tmp/application_%d{yyyy-MM-dd}.%i.log for the active file
01:23:42,550 |-INFO in ch.qos.logback.core.rolling.SizeAndTimeBasedFNATP@6bf256fa - The date pattern is 'yyyy-MM-dd' from file name pattern '/tmp/application_%d{yyyy-MM-dd}.%i.log'.
01:23:42,550 |-INFO in ch.qos.logback.core.rolling.SizeAndTimeBasedFNATP@6bf256fa - Roll-over at midnight.
01:23:42,555 |-INFO in ch.qos.logback.core.rolling.SizeAndTimeBasedFNATP@6bf256fa - Setting initial period to Sun Jun 09 01:22:58 MSK 2019
01:23:42,555 |-WARN in ch.qos.logback.core.rolling.SizeAndTimeBasedFNATP@6bf256fa - SizeAndTimeBasedFNATP is deprecated. Use SizeAndTimeBasedRollingPolicy instead
01:23:42,555 |-WARN in ch.qos.logback.core.rolling.SizeAndTimeBasedFNATP@6bf256fa - For more information see http://logback.qos.ch/manual/appenders.html#SizeAndTimeBasedRollingPolicy
01:23:42,559 |-INFO in ch.qos.logback.core.joran.action.NestedComplexPropertyIA - Assuming default type [ch.qos.logback.classic.encoder.PatternLayoutEncoder] for [encoder] property
01:23:42,562 |-INFO in ch.qos.logback.core.rolling.RollingFileAppender[FILE] - Active log file name: /tmp/application.log
01:23:42,562 |-INFO in ch.qos.logback.core.rolling.RollingFileAppender[FILE] - File property is set to [/tmp/application.log]
01:23:42,563 |-INFO in ch.qos.logback.classic.joran.action.RootLoggerAction - Setting level of ROOT logger to WARN
01:23:42,563 |-INFO in ch.qos.logback.core.joran.action.AppenderRefAction - Attaching appender named [STDOUT] to Logger[ROOT]
01:23:42,563 |-INFO in ch.qos.logback.core.joran.action.AppenderRefAction - Attaching appender named [FILE] to Logger[ROOT]
01:23:42,563 |-INFO in ch.qos.logback.classic.joran.action.ConfigurationAction - End of configuration.
01:23:42,564 |-INFO in ch.qos.logback.classic.joran.JoranConfigurator@6cd8737 - Registering current configuration as safe fallback point

2019-06-09T01:23:43.576+0300: 1.399: [GC (Metadata GC Threshold) [PSYoungGen: 110722K->16017K(149504K)] 110722K->16097K(491008K), 0.0203975 secs] [Times: user=0.06 sys=0.05, real=0.02 secs] 
2019-06-09T01:23:43.596+0300: 1.419: [Full GC (Metadata GC Threshold) [PSYoungGen: 16017K->0K(149504K)] [ParOldGen: 80K->15128K(341504K)] 16097K->15128K(491008K), [Metaspace: 20804K->20804K(1067008K)], 0.0297615 secs] [Times: user=0.20 sys=0.01, real=0.03 secs] 
01:23:51.796 [Curator-PathChildrenCache-1] WARN  o.a.c.u.ZKPaths  - The version of ZooKeeper being used doesn't support Container nodes. CreateMode.PERSISTENT will be used instead.
2019-06-09T01:23:52.779+0300: 10.602: [GC (Metadata GC Threshold) [PSYoungGen: 127666K->15873K(149504K)] 142795K->50541K(491008K), 0.0262984 secs] [Times: user=0.20 sys=0.02, real=0.02 secs] 
2019-06-09T01:23:52.805+0300: 10.628: [Full GC (Metadata GC Threshold) [PSYoungGen: 15873K->0K(149504K)] [ParOldGen: 34667K->38914K(341504K)] 50541K->38914K(491008K), [Metaspace: 34568K->34568K(1079296K)], 0.0495140 secs] [Times: user=0.32 sys=0.03, real=0.05 secs] 
2019-06-09T01:23:55.192+0300: 13.015: [GC (Allocation Failure) [PSYoungGen: 128512K->704K(149504K)] 167426K->39626K(491008K), 0.0036754 secs] [Times: user=0.02 sys=0.00, real=0.00 secs] 
2019-06-09T01:23:57.970+0300: 15.793: [GC (Allocation Failure) [PSYoungGen: 129216K->640K(149504K)] 168138K->39570K(491008K), 0.0028854 secs] [Times: user=0.01 sys=0.00, real=0.00 secs] 
2019-06-09T01:24:00.128+0300: 17.951: [GC (Allocation Failure) [PSYoungGen: 129152K->672K(129536K)] 168082K->39610K(471040K), 0.0044563 secs] [Times: user=0.04 sys=0.01, real=0.01 secs] 
2019-06-09T01:24:02.857+0300: 20.681: [GC (Allocation Failure) [PSYoungGen: 129184K->704K(150016K)] 168122K->39650K(491520K), 0.0052061 secs] [Times: user=0.04 sys=0.01, real=0.01 secs] 
2019-06-09T01:24:05.541+0300: 23.364: [GC (Allocation Failure) [PSYoungGen: 129216K->736K(148992K)] 168162K->39690K(490496K), 0.0043963 secs] [Times: user=0.01 sys=0.01, real=0.00 secs] 
2019-06-09T01:24:07.702+0300: 25.525: [GC (Allocation Failure) [PSYoungGen: 129248K->768K(151552K)] 168202K->39730K(493056K), 0.0030528 secs] [Times: user=0.02 sys=0.00, real=0.00 secs] 
2019-06-09T01:24:10.029+0300: 27.853: [GC (Allocation Failure) [PSYoungGen: 132352K->800K(150528K)] 171314K->39770K(492032K), 0.0024473 secs] [Times: user=0.01 sys=0.01, real=0.01 secs] 
2019-06-09T01:24:12.141+0300: 29.964: [GC (Allocation Failure) [PSYoungGen: 132384K->768K(153088K)] 171354K->39746K(494592K), 0.0040822 secs] [Times: user=0.02 sys=0.00, real=0.00 secs] 
2019-06-09T01:24:14.561+0300: 32.384: [GC (Allocation Failure) [PSYoungGen: 135936K->768K(152576K)] 174914K->39746K(494080K), 0.0037006 secs] [Times: user=0.02 sys=0.00, real=0.00 secs] 
2019-06-09T01:24:16.887+0300: 34.710: [GC (Allocation Failure) [PSYoungGen: 135936K->800K(154624K)] 174914K->39786K(496128K), 0.0029000 secs] [Times: user=0.01 sys=0.00, real=0.01 secs] 
2019-06-09T01:24:18.925+0300: 36.748: [GC (Allocation Failure) [PSYoungGen: 139040K->896K(154112K)] 178026K->39882K(495616K), 0.0026175 secs] [Times: user=0.01 sys=0.01, real=0.00 secs] 
2019-06-09T01:24:20.981+0300: 38.804: [GC (Allocation Failure) [PSYoungGen: 139136K->736K(156672K)] 178122K->39722K(498176K), 0.0032739 secs] [Times: user=0.02 sys=0.01, real=0.00 secs] 
2019-06-09T01:24:23.554+0300: 41.377: [GC (Allocation Failure) [PSYoungGen: 142560K->928K(155648K)] 181546K->39922K(497152K), 0.0024955 secs] [Times: user=0.01 sys=0.00, real=0.00 secs] 
2019-06-09T01:24:25.793+0300: 43.616: [GC (Allocation Failure) [PSYoungGen: 142752K->832K(157696K)] 181746K->39826K(499200K), 0.0030595 secs] [Times: user=0.02 sys=0.00, real=0.00 secs] 
2019-06-09T01:24:27.984+0300: 45.808: [GC (Allocation Failure) [PSYoungGen: 145216K->736K(157184K)] 184210K->39730K(498688K), 0.0032869 secs] [Times: user=0.01 sys=0.00, real=0.00 secs] 
2019-06-09T01:24:30.544+0300: 48.367: [GC (Allocation Failure) [PSYoungGen: 145120K->512K(159232K)] 184114K->39826K(500736K), 0.0038297 secs] [Times: user=0.02 sys=0.00, real=0.00 secs] 
01:24:41.057 [Curator-PathChildrenCache-0] ERROR o.a.c.f.r.c.PathChildrenCache  - 
java.lang.IllegalStateException: instance must be started before calling this method
	at org.apache.curator.shaded.com.google.common.base.Preconditions.checkState(Preconditions.java:444)
	at org.apache.curator.framework.imps.CuratorFrameworkImpl.getChildren(CuratorFrameworkImpl.java:456)
	at org.apache.curator.framework.recipes.cache.PathChildrenCache.refresh(PathChildrenCache.java:521)
	at org.apache.curator.framework.recipes.cache.RefreshOperation.invoke(RefreshOperation.java:35)
	at org.apache.curator.framework.recipes.cache.PathChildrenCache$9.run(PathChildrenCache.java:786)
	at java.util.concurrent.Executors$RunnableAdapter.call(Executors.java:511)
	at java.util.concurrent.FutureTask.run(FutureTask.java:266)
	at java.util.concurrent.Executors$RunnableAdapter.call(Executors.java:511)
	at java.util.concurrent.FutureTask.run(FutureTask.java:266)
	at java.util.concurrent.ThreadPoolExecutor.runWorker(ThreadPoolExecutor.java:1149)
	at java.util.concurrent.ThreadPoolExecutor$Worker.run(ThreadPoolExecutor.java:624)
	at java.lang.Thread.run(Thread.java:748)
Heap
 PSYoungGen      total 159232K, used 88372K [0x00000000f5980000, 0x0000000100000000, 0x0000000100000000)
  eden space 147456K, 59% used [0x00000000f5980000,0x00000000faf4d0a8,0x00000000fe980000)
  from space 11776K, 4% used [0x00000000ff480000,0x00000000ff500070,0x0000000100000000)
  to   space 11264K, 0% used [0x00000000fe980000,0x00000000fe980000,0x00000000ff480000)
 ParOldGen       total 341504K, used 39314K [0x00000000e0c00000, 0x00000000f5980000, 0x00000000f5980000)
  object space 341504K, 11% used [0x00000000e0c00000,0x00000000e32649a0,0x00000000f5980000)
 Metaspace       used 35813K, capacity 36682K, committed 36952K, reserved 1081344K
  class space    used 4936K, capacity 5129K, committed 5248K, reserved 1048576K
