17:29:39,565 |-INFO in ch.qos.logback.classic.LoggerContext[default] - Could NOT find resource [logback-test.xml]
17:29:39,565 |-INFO in ch.qos.logback.classic.LoggerContext[default] - Could NOT find resource [logback.groovy]
17:29:39,566 |-INFO in ch.qos.logback.classic.LoggerContext[default] - Found resource [logback.xml] at [jar:file:/root/flamestream/lib/flamestream-runtime-1.0-SNAPSHOT.jar!/logback.xml]
17:29:39,566 |-WARN in ch.qos.logback.classic.LoggerContext[default] - Resource [logback.xml] occurs multiple times on the classpath.
17:29:39,566 |-WARN in ch.qos.logback.classic.LoggerContext[default] - Resource [logback.xml] occurs at [jar:file:/root/flamestream/lib/flamestream-runtime-1.0-SNAPSHOT.jar!/logback.xml]
17:29:39,566 |-WARN in ch.qos.logback.classic.LoggerContext[default] - Resource [logback.xml] occurs at [jar:file:/root/flamestream/flamestream-runtime-1.0-SNAPSHOT.jar!/logback.xml]
17:29:39,586 |-INFO in ch.qos.logback.core.joran.spi.ConfigurationWatchList@3fb6a447 - URL [jar:file:/root/flamestream/lib/flamestream-runtime-1.0-SNAPSHOT.jar!/logback.xml] is not of type file
17:29:39,655 |-INFO in ch.qos.logback.classic.joran.action.ConfigurationAction - debug attribute not set
17:29:39,656 |-INFO in ch.qos.logback.core.joran.action.AppenderAction - About to instantiate appender of type [ch.qos.logback.core.ConsoleAppender]
17:29:39,670 |-INFO in ch.qos.logback.core.joran.action.AppenderAction - Naming appender as [STDOUT]
17:29:39,688 |-INFO in ch.qos.logback.core.joran.action.NestedComplexPropertyIA - Assuming default type [ch.qos.logback.classic.encoder.PatternLayoutEncoder] for [encoder] property
17:29:39,770 |-INFO in ch.qos.logback.core.joran.action.AppenderAction - About to instantiate appender of type [ch.qos.logback.core.rolling.RollingFileAppender]
17:29:39,775 |-INFO in ch.qos.logback.core.joran.action.AppenderAction - Naming appender as [FILE]
17:29:39,805 |-INFO in c.q.l.core.rolling.TimeBasedRollingPolicy@127618319 - No compression will be used
17:29:39,807 |-INFO in c.q.l.core.rolling.TimeBasedRollingPolicy@127618319 - Will use the pattern /tmp/application_%d{yyyy-MM-dd}.%i.log for the active file
17:29:39,809 |-INFO in ch.qos.logback.core.rolling.SizeAndTimeBasedFNATP@6b2fad11 - The date pattern is 'yyyy-MM-dd' from file name pattern '/tmp/application_%d{yyyy-MM-dd}.%i.log'.
17:29:39,810 |-INFO in ch.qos.logback.core.rolling.SizeAndTimeBasedFNATP@6b2fad11 - Roll-over at midnight.
17:29:39,815 |-INFO in ch.qos.logback.core.rolling.SizeAndTimeBasedFNATP@6b2fad11 - Setting initial period to Mon Jun 10 17:28:13 UTC 2019
17:29:39,815 |-WARN in ch.qos.logback.core.rolling.SizeAndTimeBasedFNATP@6b2fad11 - SizeAndTimeBasedFNATP is deprecated. Use SizeAndTimeBasedRollingPolicy instead
17:29:39,815 |-WARN in ch.qos.logback.core.rolling.SizeAndTimeBasedFNATP@6b2fad11 - For more information see http://logback.qos.ch/manual/appenders.html#SizeAndTimeBasedRollingPolicy
17:29:39,819 |-INFO in ch.qos.logback.core.joran.action.NestedComplexPropertyIA - Assuming default type [ch.qos.logback.classic.encoder.PatternLayoutEncoder] for [encoder] property
17:29:39,824 |-INFO in ch.qos.logback.core.rolling.RollingFileAppender[FILE] - Active log file name: /tmp/application.log
17:29:39,824 |-INFO in ch.qos.logback.core.rolling.RollingFileAppender[FILE] - File property is set to [/tmp/application.log]
17:29:39,824 |-INFO in ch.qos.logback.classic.joran.action.RootLoggerAction - Setting level of ROOT logger to WARN
17:29:39,824 |-INFO in ch.qos.logback.core.joran.action.AppenderRefAction - Attaching appender named [STDOUT] to Logger[ROOT]
17:29:39,826 |-INFO in ch.qos.logback.core.joran.action.AppenderRefAction - Attaching appender named [FILE] to Logger[ROOT]
17:29:39,826 |-INFO in ch.qos.logback.classic.joran.action.ConfigurationAction - End of configuration.
17:29:39,827 |-INFO in ch.qos.logback.classic.joran.JoranConfigurator@79698539 - Registering current configuration as safe fallback point

Ama winner
Ama winner
2019-06-10T17:29:41.125+0000: 1.743: [Full GC (Metadata GC Threshold) 2019-06-10T17:29:41.125+0000: 1.743: [Tenured: 0K->15177K(341376K), 0.0385646 secs] 114986K->15177K(494976K), [Metaspace: 20741K->20741K(1067008K)], 0.0386409 secs] [Times: user=0.03 sys=0.00, real=0.04 secs] 
17:30:05.331 [Curator-PathChildrenCache-1] WARN  o.a.c.u.ZKPaths  - The version of ZooKeeper being used doesn't support Container nodes. CreateMode.PERSISTENT will be used instead.
2019-06-10T17:30:07.252+0000: 27.869: [GC (Allocation Failure) 2019-06-10T17:30:07.252+0000: 27.869: [DefNew: 117600K->17024K(153600K), 0.0275255 secs] 132778K->32741K(494976K), 0.0275889 secs] [Times: user=0.03 sys=0.00, real=0.03 secs] 
2019-06-10T17:30:09.165+0000: 29.783: [Full GC (Metadata GC Threshold) 2019-06-10T17:30:09.166+0000: 29.783: [Tenured: 15717K->43882K(341376K), 0.0516949 secs] 92279K->43882K(494976K), [Metaspace: 34593K->34593K(1079296K)], 0.0517743 secs] [Times: user=0.05 sys=0.01, real=0.06 secs] 
2019-06-10T17:30:15.431+0000: 36.048: [GC (Allocation Failure) 2019-06-10T17:30:15.431+0000: 36.048: [DefNew: 136576K->68K(153600K), 0.0018317 secs] 180458K->43951K(494976K), 0.0018950 secs] [Times: user=0.01 sys=0.00, real=0.00 secs] 
2019-06-10T17:30:21.666+0000: 42.283: [GC (Allocation Failure) 2019-06-10T17:30:21.666+0000: 42.283: [DefNew: 136644K->72K(153600K), 0.0017025 secs] 180527K->43955K(494976K), 0.0017641 secs] [Times: user=0.00 sys=0.00, real=0.01 secs] 
2019-06-10T17:30:27.891+0000: 48.509: [GC (Allocation Failure) 2019-06-10T17:30:27.891+0000: 48.509: [DefNew: 136648K->74K(153600K), 0.0017807 secs] 180531K->43956K(494976K), 0.0018526 secs] [Times: user=0.00 sys=0.00, real=0.00 secs] 
2019-06-10T17:30:34.180+0000: 54.798: [GC (Allocation Failure) 2019-06-10T17:30:34.180+0000: 54.798: [DefNew: 136650K->70K(153600K), 0.0017601 secs] 180532K->43953K(494976K), 0.0018371 secs] [Times: user=0.00 sys=0.00, real=0.00 secs] 
2019-06-10T17:30:41.284+0000: 61.902: [GC (Allocation Failure) 2019-06-10T17:30:41.284+0000: 61.902: [DefNew: 136646K->217K(153600K), 0.0020572 secs] 180529K->44100K(494976K), 0.0021155 secs] [Times: user=0.00 sys=0.00, real=0.00 secs] 
17:30:49.513 [Curator-PathChildrenCache-0] ERROR o.a.c.f.r.c.PathChildrenCache  - 
java.lang.IllegalStateException: instance must be started before calling this method
	at org.apache.curator.shaded.com.google.common.base.Preconditions.checkState(Preconditions.java:444)
	at org.apache.curator.framework.imps.CuratorFrameworkImpl.getChildren(CuratorFrameworkImpl.java:456)
	at org.apache.curator.framework.recipes.cache.PathChildrenCache.refresh(PathChildrenCache.java:521)
	at org.apache.curator.framework.recipes.cache.RefreshOperation.invoke(RefreshOperation.java:35)
	at org.apache.curator.framework.recipes.cache.PathChildrenCache$9.run(PathChildrenCache.java:786)
	at java.util.concurrent.Executors$RunnableAdapter.call(Executors.java:511)
	at java.util.concurrent.FutureTask.run(FutureTask.java:266)
	at java.util.concurrent.Executors$RunnableAdapter.call(Executors.java:511)
	at java.util.concurrent.FutureTask.run(FutureTask.java:266)
	at java.util.concurrent.ThreadPoolExecutor.runWorker(ThreadPoolExecutor.java:1149)
	at java.util.concurrent.ThreadPoolExecutor$Worker.run(ThreadPoolExecutor.java:624)
	at java.lang.Thread.run(Thread.java:748)
Heap
 def new generation   total 153600K, used 51751K [0x00000000e0c00000, 0x00000000eb2a0000, 0x00000000eb2a0000)
  eden space 136576K,  37% used [0x00000000e0c00000, 0x00000000e3e537e8, 0x00000000e9160000)
  from space 17024K,   1% used [0x00000000e9160000, 0x00000000e9196730, 0x00000000ea200000)
  to   space 17024K,   0% used [0x00000000ea200000, 0x00000000ea200000, 0x00000000eb2a0000)
 tenured generation   total 341376K, used 43882K [0x00000000eb2a0000, 0x0000000100000000, 0x0000000100000000)
   the space 341376K,  12% used [0x00000000eb2a0000, 0x00000000edd7ab48, 0x00000000edd7ac00, 0x0000000100000000)
 Metaspace       used 36153K, capacity 37062K, committed 37376K, reserved 1081344K
  class space    used 4871K, capacity 5075K, committed 5120K, reserved 1048576K
