19:56:40,581 |-INFO in ch.qos.logback.classic.LoggerContext[default] - Could NOT find resource [logback-test.xml]
19:56:40,581 |-INFO in ch.qos.logback.classic.LoggerContext[default] - Could NOT find resource [logback.groovy]
19:56:40,581 |-INFO in ch.qos.logback.classic.LoggerContext[default] - Found resource [logback.xml] at [jar:file:/root/flamestream/lib/flamestream-runtime-1.0-SNAPSHOT.jar!/logback.xml]
19:56:40,582 |-WARN in ch.qos.logback.classic.LoggerContext[default] - Resource [logback.xml] occurs multiple times on the classpath.
19:56:40,582 |-WARN in ch.qos.logback.classic.LoggerContext[default] - Resource [logback.xml] occurs at [jar:file:/root/flamestream/lib/flamestream-runtime-1.0-SNAPSHOT.jar!/logback.xml]
19:56:40,582 |-WARN in ch.qos.logback.classic.LoggerContext[default] - Resource [logback.xml] occurs at [jar:file:/root/flamestream/flamestream-runtime-1.0-SNAPSHOT.jar!/logback.xml]
19:56:40,603 |-INFO in ch.qos.logback.core.joran.spi.ConfigurationWatchList@3fb6a447 - URL [jar:file:/root/flamestream/lib/flamestream-runtime-1.0-SNAPSHOT.jar!/logback.xml] is not of type file
19:56:40,675 |-INFO in ch.qos.logback.classic.joran.action.ConfigurationAction - debug attribute not set
19:56:40,676 |-INFO in ch.qos.logback.core.joran.action.AppenderAction - About to instantiate appender of type [ch.qos.logback.core.ConsoleAppender]
19:56:40,687 |-INFO in ch.qos.logback.core.joran.action.AppenderAction - Naming appender as [STDOUT]
19:56:40,704 |-INFO in ch.qos.logback.core.joran.action.NestedComplexPropertyIA - Assuming default type [ch.qos.logback.classic.encoder.PatternLayoutEncoder] for [encoder] property
19:56:40,793 |-INFO in ch.qos.logback.core.joran.action.AppenderAction - About to instantiate appender of type [ch.qos.logback.core.rolling.RollingFileAppender]
19:56:40,797 |-INFO in ch.qos.logback.core.joran.action.AppenderAction - Naming appender as [FILE]
19:56:40,834 |-INFO in c.q.l.core.rolling.TimeBasedRollingPolicy@127618319 - No compression will be used
19:56:40,835 |-INFO in c.q.l.core.rolling.TimeBasedRollingPolicy@127618319 - Will use the pattern /tmp/application_%d{yyyy-MM-dd}.%i.log for the active file
19:56:40,838 |-INFO in ch.qos.logback.core.rolling.SizeAndTimeBasedFNATP@6b2fad11 - The date pattern is 'yyyy-MM-dd' from file name pattern '/tmp/application_%d{yyyy-MM-dd}.%i.log'.
19:56:40,838 |-INFO in ch.qos.logback.core.rolling.SizeAndTimeBasedFNATP@6b2fad11 - Roll-over at midnight.
19:56:40,843 |-INFO in ch.qos.logback.core.rolling.SizeAndTimeBasedFNATP@6b2fad11 - Setting initial period to Mon Jun 10 19:55:14 UTC 2019
19:56:40,843 |-WARN in ch.qos.logback.core.rolling.SizeAndTimeBasedFNATP@6b2fad11 - SizeAndTimeBasedFNATP is deprecated. Use SizeAndTimeBasedRollingPolicy instead
19:56:40,843 |-WARN in ch.qos.logback.core.rolling.SizeAndTimeBasedFNATP@6b2fad11 - For more information see http://logback.qos.ch/manual/appenders.html#SizeAndTimeBasedRollingPolicy
19:56:40,847 |-INFO in ch.qos.logback.core.joran.action.NestedComplexPropertyIA - Assuming default type [ch.qos.logback.classic.encoder.PatternLayoutEncoder] for [encoder] property
19:56:40,852 |-INFO in ch.qos.logback.core.rolling.RollingFileAppender[FILE] - Active log file name: /tmp/application.log
19:56:40,852 |-INFO in ch.qos.logback.core.rolling.RollingFileAppender[FILE] - File property is set to [/tmp/application.log]
19:56:40,853 |-INFO in ch.qos.logback.classic.joran.action.RootLoggerAction - Setting level of ROOT logger to WARN
19:56:40,853 |-INFO in ch.qos.logback.core.joran.action.AppenderRefAction - Attaching appender named [STDOUT] to Logger[ROOT]
19:56:40,853 |-INFO in ch.qos.logback.core.joran.action.AppenderRefAction - Attaching appender named [FILE] to Logger[ROOT]
19:56:40,853 |-INFO in ch.qos.logback.classic.joran.action.ConfigurationAction - End of configuration.
19:56:40,854 |-INFO in ch.qos.logback.classic.joran.JoranConfigurator@79698539 - Registering current configuration as safe fallback point

Ama winner
Ama winner
2019-06-10T19:56:42.449+0000: 2.049: [Full GC (Metadata GC Threshold) 2019-06-10T19:56:42.449+0000: 2.049: [Tenured: 0K->15241K(341376K), 0.0351971 secs] 117718K->15241K(494976K), [Metaspace: 20740K->20740K(1067008K)], 0.0352641 secs] [Times: user=0.02 sys=0.01, real=0.04 secs] 
19:56:54.819 [Curator-PathChildrenCache-1] WARN  o.a.c.u.ZKPaths  - The version of ZooKeeper being used doesn't support Container nodes. CreateMode.PERSISTENT will be used instead.
2019-06-10T19:56:57.424+0000: 17.023: [GC (Allocation Failure) 2019-06-10T19:56:57.424+0000: 17.023: [DefNew: 136576K->17023K(153600K), 0.0260337 secs] 151817K->52603K(494976K), 0.0261092 secs] [Times: user=0.02 sys=0.01, real=0.02 secs] 
2019-06-10T19:57:06.211+0000: 25.810: [GC (Allocation Failure) 2019-06-10T19:57:06.211+0000: 25.810: [DefNew: 153599K->243K(153600K), 0.0099525 secs] 189179K->43964K(494976K), 0.0100168 secs] [Times: user=0.01 sys=0.00, real=0.00 secs] 
2019-06-10T19:57:06.597+0000: 26.196: [Full GC (Metadata GC Threshold) 2019-06-10T19:57:06.597+0000: 26.196: [Tenured: 43720K->43951K(341376K), 0.0333625 secs] 52903K->43951K(494976K), [Metaspace: 34644K->34644K(1079296K)], 0.0334336 secs] [Times: user=0.04 sys=0.00, real=0.03 secs] 
2019-06-10T19:57:15.400+0000: 35.000: [GC (Allocation Failure) 2019-06-10T19:57:15.401+0000: 35.000: [DefNew: 136576K->83K(153600K), 0.0017474 secs] 180527K->44035K(494976K), 0.0018064 secs] [Times: user=0.00 sys=0.00, real=0.00 secs] 
2019-06-10T19:57:24.311+0000: 43.910: [GC (Allocation Failure) 2019-06-10T19:57:24.311+0000: 43.910: [DefNew: 136659K->144K(153600K), 0.0016829 secs] 180611K->44096K(494976K), 0.0017443 secs] [Times: user=0.00 sys=0.00, real=0.00 secs] 
2019-06-10T19:57:33.288+0000: 52.887: [GC (Allocation Failure) 2019-06-10T19:57:33.288+0000: 52.887: [DefNew: 136720K->149K(153600K), 0.0017359 secs] 180672K->44101K(494976K), 0.0017956 secs] [Times: user=0.01 sys=0.00, real=0.00 secs] 
2019-06-10T19:57:42.611+0000: 62.210: [GC (Allocation Failure) 2019-06-10T19:57:42.611+0000: 62.210: [DefNew: 136725K->332K(153600K), 0.0020498 secs] 180677K->44284K(494976K), 0.0021128 secs] [Times: user=0.00 sys=0.00, real=0.00 secs] 
2019-06-10T19:57:53.052+0000: 72.651: [GC (Allocation Failure) 2019-06-10T19:57:53.052+0000: 72.651: [DefNew: 136908K->349K(153600K), 0.0021056 secs] 180860K->44301K(494976K), 0.0021670 secs] [Times: user=0.00 sys=0.00, real=0.00 secs] 
19:58:12.594 [Curator-PathChildrenCache-0] ERROR o.a.c.f.r.c.PathChildrenCache  - 
java.lang.IllegalStateException: instance must be started before calling this method
	at org.apache.curator.shaded.com.google.common.base.Preconditions.checkState(Preconditions.java:444)
	at org.apache.curator.framework.imps.CuratorFrameworkImpl.getChildren(CuratorFrameworkImpl.java:456)
	at org.apache.curator.framework.recipes.cache.PathChildrenCache.refresh(PathChildrenCache.java:521)
	at org.apache.curator.framework.recipes.cache.RefreshOperation.invoke(RefreshOperation.java:35)
	at org.apache.curator.framework.recipes.cache.PathChildrenCache$9.run(PathChildrenCache.java:786)
	at java.util.concurrent.Executors$RunnableAdapter.call(Executors.java:511)
	at java.util.concurrent.FutureTask.run(FutureTask.java:266)
	at java.util.concurrent.Executors$RunnableAdapter.call(Executors.java:511)
	at java.util.concurrent.FutureTask.run(FutureTask.java:266)
	at java.util.concurrent.ThreadPoolExecutor.runWorker(ThreadPoolExecutor.java:1149)
	at java.util.concurrent.ThreadPoolExecutor$Worker.run(ThreadPoolExecutor.java:624)
	at java.lang.Thread.run(Thread.java:748)
Heap
 def new generation   total 153600K, used 124458K [0x00000000e0c00000, 0x00000000eb2a0000, 0x00000000eb2a0000)
  eden space 136576K,  90% used [0x00000000e0c00000, 0x00000000e8533208, 0x00000000e9160000)
  from space 17024K,   2% used [0x00000000ea200000, 0x00000000ea257718, 0x00000000eb2a0000)
  to   space 17024K,   0% used [0x00000000e9160000, 0x00000000e9160000, 0x00000000ea200000)
 tenured generation   total 341376K, used 43951K [0x00000000eb2a0000, 0x0000000100000000, 0x0000000100000000)
   the space 341376K,  12% used [0x00000000eb2a0000, 0x00000000edd8bfa8, 0x00000000edd8c000, 0x0000000100000000)
 Metaspace       used 36036K, capacity 36934K, committed 37120K, reserved 1081344K
  class space    used 4869K, capacity 5075K, committed 5120K, reserved 1048576K
