17:51:53,608 |-INFO in ch.qos.logback.classic.LoggerContext[default] - Could NOT find resource [logback-test.xml]
17:51:53,608 |-INFO in ch.qos.logback.classic.LoggerContext[default] - Could NOT find resource [logback.groovy]
17:51:53,608 |-INFO in ch.qos.logback.classic.LoggerContext[default] - Found resource [logback.xml] at [jar:file:/root/flamestream/lib/flamestream-runtime-1.0-SNAPSHOT.jar!/logback.xml]
17:51:53,608 |-WARN in ch.qos.logback.classic.LoggerContext[default] - Resource [logback.xml] occurs multiple times on the classpath.
17:51:53,613 |-WARN in ch.qos.logback.classic.LoggerContext[default] - Resource [logback.xml] occurs at [jar:file:/root/flamestream/lib/flamestream-runtime-1.0-SNAPSHOT.jar!/logback.xml]
17:51:53,613 |-WARN in ch.qos.logback.classic.LoggerContext[default] - Resource [logback.xml] occurs at [jar:file:/root/flamestream/flamestream-runtime-1.0-SNAPSHOT.jar!/logback.xml]
17:51:53,634 |-INFO in ch.qos.logback.core.joran.spi.ConfigurationWatchList@3fb6a447 - URL [jar:file:/root/flamestream/lib/flamestream-runtime-1.0-SNAPSHOT.jar!/logback.xml] is not of type file
17:51:53,709 |-INFO in ch.qos.logback.classic.joran.action.ConfigurationAction - debug attribute not set
17:51:53,709 |-INFO in ch.qos.logback.core.joran.action.AppenderAction - About to instantiate appender of type [ch.qos.logback.core.ConsoleAppender]
17:51:53,724 |-INFO in ch.qos.logback.core.joran.action.AppenderAction - Naming appender as [STDOUT]
17:51:53,743 |-INFO in ch.qos.logback.core.joran.action.NestedComplexPropertyIA - Assuming default type [ch.qos.logback.classic.encoder.PatternLayoutEncoder] for [encoder] property
17:51:53,837 |-INFO in ch.qos.logback.core.joran.action.AppenderAction - About to instantiate appender of type [ch.qos.logback.core.rolling.RollingFileAppender]
17:51:53,842 |-INFO in ch.qos.logback.core.joran.action.AppenderAction - Naming appender as [FILE]
17:51:53,873 |-INFO in c.q.l.core.rolling.TimeBasedRollingPolicy@127618319 - No compression will be used
17:51:53,874 |-INFO in c.q.l.core.rolling.TimeBasedRollingPolicy@127618319 - Will use the pattern /tmp/application_%d{yyyy-MM-dd}.%i.log for the active file
17:51:53,877 |-INFO in ch.qos.logback.core.rolling.SizeAndTimeBasedFNATP@6b2fad11 - The date pattern is 'yyyy-MM-dd' from file name pattern '/tmp/application_%d{yyyy-MM-dd}.%i.log'.
17:51:53,877 |-INFO in ch.qos.logback.core.rolling.SizeAndTimeBasedFNATP@6b2fad11 - Roll-over at midnight.
17:51:53,882 |-INFO in ch.qos.logback.core.rolling.SizeAndTimeBasedFNATP@6b2fad11 - Setting initial period to Mon Jun 10 17:50:43 UTC 2019
17:51:53,882 |-WARN in ch.qos.logback.core.rolling.SizeAndTimeBasedFNATP@6b2fad11 - SizeAndTimeBasedFNATP is deprecated. Use SizeAndTimeBasedRollingPolicy instead
17:51:53,882 |-WARN in ch.qos.logback.core.rolling.SizeAndTimeBasedFNATP@6b2fad11 - For more information see http://logback.qos.ch/manual/appenders.html#SizeAndTimeBasedRollingPolicy
17:51:53,886 |-INFO in ch.qos.logback.core.joran.action.NestedComplexPropertyIA - Assuming default type [ch.qos.logback.classic.encoder.PatternLayoutEncoder] for [encoder] property
17:51:53,891 |-INFO in ch.qos.logback.core.rolling.RollingFileAppender[FILE] - Active log file name: /tmp/application.log
17:51:53,891 |-INFO in ch.qos.logback.core.rolling.RollingFileAppender[FILE] - File property is set to [/tmp/application.log]
17:51:53,892 |-INFO in ch.qos.logback.classic.joran.action.RootLoggerAction - Setting level of ROOT logger to WARN
17:51:53,892 |-INFO in ch.qos.logback.core.joran.action.AppenderRefAction - Attaching appender named [STDOUT] to Logger[ROOT]
17:51:53,894 |-INFO in ch.qos.logback.core.joran.action.AppenderRefAction - Attaching appender named [FILE] to Logger[ROOT]
17:51:53,894 |-INFO in ch.qos.logback.classic.joran.action.ConfigurationAction - End of configuration.
17:51:53,894 |-INFO in ch.qos.logback.classic.joran.JoranConfigurator@79698539 - Registering current configuration as safe fallback point

Ama winner
Ama winner
2019-06-10T17:51:55.496+0000: 2.072: [Full GC (Metadata GC Threshold) 2019-06-10T17:51:55.496+0000: 2.072: [Tenured: 0K->15143K(341376K), 0.0395550 secs] 117719K->15143K(494976K), [Metaspace: 20730K->20730K(1067008K)], 0.0396236 secs] [Times: user=0.03 sys=0.01, real=0.04 secs] 
17:52:13.862 [Curator-PathChildrenCache-1] WARN  o.a.c.u.ZKPaths  - The version of ZooKeeper being used doesn't support Container nodes. CreateMode.PERSISTENT will be used instead.
2019-06-10T17:52:16.285+0000: 22.861: [GC (Allocation Failure) 2019-06-10T17:52:16.285+0000: 22.861: [DefNew: 136576K->17024K(153600K), 0.0304477 secs] 151719K->52598K(494976K), 0.0305168 secs] [Times: user=0.03 sys=0.00, real=0.03 secs] 
2019-06-10T17:52:17.341+0000: 23.917: [Full GC (Metadata GC Threshold) 2019-06-10T17:52:17.341+0000: 23.917: [Tenured: 35574K->44093K(341376K), 0.0499235 secs] 78858K->44093K(494976K), [Metaspace: 34605K->34605K(1079296K)], 0.0500027 secs] [Times: user=0.04 sys=0.00, real=0.05 secs] 
2019-06-10T17:52:23.316+0000: 29.892: [GC (Allocation Failure) 2019-06-10T17:52:23.316+0000: 29.892: [DefNew: 136576K->73K(153600K), 0.0019549 secs] 180669K->44167K(494976K), 0.0020630 secs] [Times: user=0.00 sys=0.00, real=0.01 secs] 
2019-06-10T17:52:29.231+0000: 35.807: [GC (Allocation Failure) 2019-06-10T17:52:29.231+0000: 35.807: [DefNew: 136649K->79K(153600K), 0.0017708 secs] 180743K->44173K(494976K), 0.0018347 secs] [Times: user=0.00 sys=0.00, real=0.00 secs] 
2019-06-10T17:52:35.213+0000: 41.790: [GC (Allocation Failure) 2019-06-10T17:52:35.214+0000: 41.790: [DefNew: 136655K->79K(153600K), 0.0017956 secs] 180749K->44172K(494976K), 0.0018620 secs] [Times: user=0.01 sys=0.00, real=0.00 secs] 
2019-06-10T17:52:41.246+0000: 47.822: [GC (Allocation Failure) 2019-06-10T17:52:41.246+0000: 47.822: [DefNew: 136655K->78K(153600K), 0.0018192 secs] 180748K->44171K(494976K), 0.0018771 secs] [Times: user=0.00 sys=0.00, real=0.00 secs] 
2019-06-10T17:52:47.217+0000: 53.794: [GC (Allocation Failure) 2019-06-10T17:52:47.217+0000: 53.794: [DefNew: 136654K->80K(153600K), 0.0018403 secs] 180747K->44174K(494976K), 0.0019016 secs] [Times: user=0.01 sys=0.00, real=0.00 secs] 
17:52:54.643 [Curator-PathChildrenCache-0] ERROR o.a.c.f.r.c.PathChildrenCache  - 
java.lang.IllegalStateException: instance must be started before calling this method
	at org.apache.curator.shaded.com.google.common.base.Preconditions.checkState(Preconditions.java:444)
	at org.apache.curator.framework.imps.CuratorFrameworkImpl.getChildren(CuratorFrameworkImpl.java:456)
	at org.apache.curator.framework.recipes.cache.PathChildrenCache.refresh(PathChildrenCache.java:521)
	at org.apache.curator.framework.recipes.cache.RefreshOperation.invoke(RefreshOperation.java:35)
	at org.apache.curator.framework.recipes.cache.PathChildrenCache$9.run(PathChildrenCache.java:786)
	at java.util.concurrent.Executors$RunnableAdapter.call(Executors.java:511)
	at java.util.concurrent.FutureTask.run(FutureTask.java:266)
	at java.util.concurrent.Executors$RunnableAdapter.call(Executors.java:511)
	at java.util.concurrent.FutureTask.run(FutureTask.java:266)
	at java.util.concurrent.ThreadPoolExecutor.runWorker(ThreadPoolExecutor.java:1149)
	at java.util.concurrent.ThreadPoolExecutor$Worker.run(ThreadPoolExecutor.java:624)
	at java.lang.Thread.run(Thread.java:748)
Heap
 def new generation   total 153600K, used 90545K [0x00000000e0c00000, 0x00000000eb2a0000, 0x00000000eb2a0000)
  eden space 136576K,  66% used [0x00000000e0c00000, 0x00000000e64581c0, 0x00000000e9160000)
  from space 17024K,   0% used [0x00000000e9160000, 0x00000000e9174288, 0x00000000ea200000)
  to   space 17024K,   0% used [0x00000000ea200000, 0x00000000ea200000, 0x00000000eb2a0000)
 tenured generation   total 341376K, used 44093K [0x00000000eb2a0000, 0x0000000100000000, 0x0000000100000000)
   the space 341376K,  12% used [0x00000000eb2a0000, 0x00000000eddaf768, 0x00000000eddaf800, 0x0000000100000000)
 Metaspace       used 35874K, capacity 36748K, committed 36864K, reserved 1081344K
  class space    used 4841K, capacity 5050K, committed 5120K, reserved 1048576K
