09:37:45,547 |-INFO in ch.qos.logback.classic.LoggerContext[default] - Could NOT find resource [logback-test.xml]
09:37:45,547 |-INFO in ch.qos.logback.classic.LoggerContext[default] - Could NOT find resource [logback.groovy]
09:37:45,548 |-INFO in ch.qos.logback.classic.LoggerContext[default] - Found resource [logback.xml] at [jar:file:/root/flamestream/lib/flamestream-runtime-1.0-SNAPSHOT.jar!/logback.xml]
09:37:45,549 |-WARN in ch.qos.logback.classic.LoggerContext[default] - Resource [logback.xml] occurs multiple times on the classpath.
09:37:45,549 |-WARN in ch.qos.logback.classic.LoggerContext[default] - Resource [logback.xml] occurs at [jar:file:/root/flamestream/lib/flamestream-runtime-1.0-SNAPSHOT.jar!/logback.xml]
09:37:45,549 |-WARN in ch.qos.logback.classic.LoggerContext[default] - Resource [logback.xml] occurs at [jar:file:/root/flamestream/flamestream-runtime-1.0-SNAPSHOT.jar!/logback.xml]
09:37:45,569 |-INFO in ch.qos.logback.core.joran.spi.ConfigurationWatchList@3fb6a447 - URL [jar:file:/root/flamestream/lib/flamestream-runtime-1.0-SNAPSHOT.jar!/logback.xml] is not of type file
09:37:45,635 |-INFO in ch.qos.logback.classic.joran.action.ConfigurationAction - debug attribute not set
09:37:45,636 |-INFO in ch.qos.logback.core.joran.action.AppenderAction - About to instantiate appender of type [ch.qos.logback.core.ConsoleAppender]
09:37:45,652 |-INFO in ch.qos.logback.core.joran.action.AppenderAction - Naming appender as [STDOUT]
09:37:45,670 |-INFO in ch.qos.logback.core.joran.action.NestedComplexPropertyIA - Assuming default type [ch.qos.logback.classic.encoder.PatternLayoutEncoder] for [encoder] property
09:37:45,760 |-INFO in ch.qos.logback.core.joran.action.AppenderAction - About to instantiate appender of type [ch.qos.logback.core.rolling.RollingFileAppender]
09:37:45,765 |-INFO in ch.qos.logback.core.joran.action.AppenderAction - Naming appender as [FILE]
09:37:45,796 |-INFO in c.q.l.core.rolling.TimeBasedRollingPolicy@127618319 - No compression will be used
09:37:45,797 |-INFO in c.q.l.core.rolling.TimeBasedRollingPolicy@127618319 - Will use the pattern /tmp/application_%d{yyyy-MM-dd}.%i.log for the active file
09:37:45,800 |-INFO in ch.qos.logback.core.rolling.SizeAndTimeBasedFNATP@6b2fad11 - The date pattern is 'yyyy-MM-dd' from file name pattern '/tmp/application_%d{yyyy-MM-dd}.%i.log'.
09:37:45,800 |-INFO in ch.qos.logback.core.rolling.SizeAndTimeBasedFNATP@6b2fad11 - Roll-over at midnight.
09:37:45,805 |-INFO in ch.qos.logback.core.rolling.SizeAndTimeBasedFNATP@6b2fad11 - Setting initial period to Tue Jun 11 09:36:31 UTC 2019
09:37:45,805 |-WARN in ch.qos.logback.core.rolling.SizeAndTimeBasedFNATP@6b2fad11 - SizeAndTimeBasedFNATP is deprecated. Use SizeAndTimeBasedRollingPolicy instead
09:37:45,805 |-WARN in ch.qos.logback.core.rolling.SizeAndTimeBasedFNATP@6b2fad11 - For more information see http://logback.qos.ch/manual/appenders.html#SizeAndTimeBasedRollingPolicy
09:37:45,810 |-INFO in ch.qos.logback.core.joran.action.NestedComplexPropertyIA - Assuming default type [ch.qos.logback.classic.encoder.PatternLayoutEncoder] for [encoder] property
09:37:45,814 |-INFO in ch.qos.logback.core.rolling.RollingFileAppender[FILE] - Active log file name: /tmp/application.log
09:37:45,814 |-INFO in ch.qos.logback.core.rolling.RollingFileAppender[FILE] - File property is set to [/tmp/application.log]
09:37:45,815 |-INFO in ch.qos.logback.classic.joran.action.RootLoggerAction - Setting level of ROOT logger to WARN
09:37:45,815 |-INFO in ch.qos.logback.core.joran.action.AppenderRefAction - Attaching appender named [STDOUT] to Logger[ROOT]
09:37:45,817 |-INFO in ch.qos.logback.core.joran.action.AppenderRefAction - Attaching appender named [FILE] to Logger[ROOT]
09:37:45,817 |-INFO in ch.qos.logback.classic.joran.action.ConfigurationAction - End of configuration.
09:37:45,818 |-INFO in ch.qos.logback.classic.joran.JoranConfigurator@79698539 - Registering current configuration as safe fallback point

Ama winner
Ama winner
2019-06-11T09:37:47.452+0000: 2.094: [Full GC (Metadata GC Threshold) 2019-06-11T09:37:47.452+0000: 2.094: [Tenured: 0K->15176K(341376K), 0.0401579 secs] 114954K->15176K(494976K), [Metaspace: 20734K->20734K(1067008K)], 0.0402244 secs] [Times: user=0.03 sys=0.00, real=0.04 secs] 
09:38:09.051 [Curator-PathChildrenCache-2] WARN  o.a.c.u.ZKPaths  - The version of ZooKeeper being used doesn't support Container nodes. CreateMode.PERSISTENT will be used instead.
2019-06-11T09:38:12.172+0000: 26.814: [GC (Allocation Failure) 2019-06-11T09:38:12.172+0000: 26.814: [DefNew: 136576K->17023K(153600K), 0.0329100 secs] 151752K->52155K(494976K), 0.0329962 secs] [Times: user=0.02 sys=0.01, real=0.03 secs] 
2019-06-11T09:38:13.242+0000: 27.884: [Full GC (Metadata GC Threshold) 2019-06-11T09:38:13.242+0000: 27.884: [Tenured: 35131K->43053K(341376K), 0.0382456 secs] 82706K->43053K(494976K), [Metaspace: 34611K->34611K(1079296K)], 0.0383170 secs] [Times: user=0.03 sys=0.01, real=0.04 secs] 
2019-06-11T09:38:16.494+0000: 31.136: [GC (Allocation Failure) 2019-06-11T09:38:16.494+0000: 31.136: [DefNew: 136576K->670K(153600K), 0.0036066 secs] 179629K->43724K(494976K), 0.0036658 secs] [Times: user=0.00 sys=0.00, real=0.01 secs] 
2019-06-11T09:38:18.835+0000: 33.478: [GC (Allocation Failure) 2019-06-11T09:38:18.836+0000: 33.478: [DefNew: 137246K->774K(153600K), 0.0037612 secs] 180300K->43828K(494976K), 0.0050267 secs] [Times: user=0.00 sys=0.00, real=0.01 secs] 
2019-06-11T09:38:21.300+0000: 35.942: [GC (Allocation Failure) 2019-06-11T09:38:21.300+0000: 35.942: [DefNew: 137350K->728K(153600K), 0.0028573 secs] 180404K->43781K(494976K), 0.0029189 secs] [Times: user=0.01 sys=0.00, real=0.00 secs] 
2019-06-11T09:38:25.792+0000: 40.434: [GC (Allocation Failure) 2019-06-11T09:38:25.792+0000: 40.434: [DefNew: 137304K->1096K(153600K), 0.0033666 secs] 180357K->44150K(494976K), 0.0034255 secs] [Times: user=0.00 sys=0.00, real=0.00 secs] 
2019-06-11T09:38:30.355+0000: 44.997: [GC (Allocation Failure) 2019-06-11T09:38:30.355+0000: 44.997: [DefNew: 137672K->1096K(153600K), 0.0034234 secs] 180726K->44150K(494976K), 0.0034840 secs] [Times: user=0.00 sys=0.00, real=0.01 secs] 
2019-06-11T09:38:34.776+0000: 49.418: [GC (Allocation Failure) 2019-06-11T09:38:34.776+0000: 49.418: [DefNew: 137672K->861K(153600K), 0.0028425 secs] 180726K->43915K(494976K), 0.0029051 secs] [Times: user=0.01 sys=0.00, real=0.01 secs] 
2019-06-11T09:38:39.042+0000: 53.683: [GC (Allocation Failure) 2019-06-11T09:38:39.042+0000: 53.683: [DefNew: 137437K->995K(153600K), 0.0030697 secs] 180491K->44048K(494976K), 0.0031277 secs] [Times: user=0.00 sys=0.00, real=0.00 secs] 
2019-06-11T09:38:43.059+0000: 57.701: [GC (Allocation Failure) 2019-06-11T09:38:43.059+0000: 57.701: [DefNew: 137571K->1193K(153600K), 0.0036025 secs] 180624K->44246K(494976K), 0.0036599 secs] [Times: user=0.01 sys=0.00, real=0.00 secs] 
2019-06-11T09:38:45.950+0000: 60.592: [GC (Allocation Failure) 2019-06-11T09:38:45.950+0000: 60.592: [DefNew: 137769K->1124K(153600K), 0.0031683 secs] 180822K->44177K(494976K), 0.0032351 secs] [Times: user=0.01 sys=0.00, real=0.00 secs] 
2019-06-11T09:38:50.398+0000: 65.039: [GC (Allocation Failure) 2019-06-11T09:38:50.398+0000: 65.039: [DefNew: 137700K->1474K(153600K), 0.0037935 secs] 180753K->44527K(494976K), 0.0038565 secs] [Times: user=0.01 sys=0.00, real=0.00 secs] 
2019-06-11T09:38:54.238+0000: 68.880: [GC (Allocation Failure) 2019-06-11T09:38:54.238+0000: 68.880: [DefNew: 138050K->1181K(153600K), 0.0033126 secs] 181103K->44235K(494976K), 0.0033758 secs] [Times: user=0.01 sys=0.00, real=0.00 secs] 
2019-06-11T09:38:58.037+0000: 72.679: [GC (Allocation Failure) 2019-06-11T09:38:58.037+0000: 72.679: [DefNew: 137757K->1213K(153600K), 0.0033975 secs] 180811K->44267K(494976K), 0.0034577 secs] [Times: user=0.00 sys=0.00, real=0.00 secs] 
2019-06-11T09:39:01.547+0000: 76.189: [GC (Allocation Failure) 2019-06-11T09:39:01.547+0000: 76.189: [DefNew: 137789K->1251K(153600K), 0.0034676 secs] 180843K->44305K(494976K), 0.0035337 secs] [Times: user=0.01 sys=0.00, real=0.01 secs] 
2019-06-11T09:39:05.523+0000: 80.165: [GC (Allocation Failure) 2019-06-11T09:39:05.523+0000: 80.165: [DefNew: 137827K->1283K(153600K), 0.0034009 secs] 180881K->44337K(494976K), 0.0034606 secs] [Times: user=0.00 sys=0.00, real=0.00 secs] 
2019-06-11T09:39:09.197+0000: 83.838: [GC (Allocation Failure) 2019-06-11T09:39:09.197+0000: 83.838: [DefNew: 137859K->1460K(153600K), 0.0036992 secs] 180913K->44513K(494976K), 0.0037585 secs] [Times: user=0.00 sys=0.00, real=0.00 secs] 
2019-06-11T09:39:13.038+0000: 87.680: [GC (Allocation Failure) 2019-06-11T09:39:13.038+0000: 87.680: [DefNew: 138036K->1263K(153600K), 0.0039314 secs] 181089K->44602K(494976K), 0.0039881 secs] [Times: user=0.00 sys=0.00, real=0.00 secs] 
2019-06-11T09:39:16.755+0000: 91.397: [GC (Allocation Failure) 2019-06-11T09:39:16.755+0000: 91.397: [DefNew: 137839K->923K(153600K), 0.0036516 secs] 181178K->44510K(494976K), 0.0037053 secs] [Times: user=0.01 sys=0.00, real=0.01 secs] 
2019-06-11T09:39:19.383+0000: 94.025: [GC (Allocation Failure) 2019-06-11T09:39:19.383+0000: 94.025: [DefNew: 137499K->1136K(153600K), 0.0034939 secs] 181086K->44788K(494976K), 0.0035519 secs] [Times: user=0.00 sys=0.00, real=0.00 secs] 
2019-06-11T09:39:23.898+0000: 98.540: [GC (Allocation Failure) 2019-06-11T09:39:23.898+0000: 98.540: [DefNew: 137712K->736K(153600K), 0.0029131 secs] 181364K->44452K(494976K), 0.0029839 secs] [Times: user=0.00 sys=0.00, real=0.00 secs] 
2019-06-11T09:39:27.927+0000: 102.569: [GC (Allocation Failure) 2019-06-11T09:39:27.927+0000: 102.569: [DefNew: 137312K->730K(153600K), 0.0029544 secs] 181028K->44479K(494976K), 0.0030140 secs] [Times: user=0.00 sys=0.00, real=0.01 secs] 
2019-06-11T09:39:30.994+0000: 105.636: [GC (Allocation Failure) 2019-06-11T09:39:30.994+0000: 105.636: [DefNew: 137306K->734K(153600K), 0.0029901 secs] 181055K->44513K(494976K), 0.0030650 secs] [Times: user=0.01 sys=0.00, real=0.01 secs] 
2019-06-11T09:39:35.691+0000: 110.332: [GC (Allocation Failure) 2019-06-11T09:39:35.691+0000: 110.332: [DefNew: 137310K->665K(153600K), 0.0030286 secs] 181089K->44544K(494976K), 0.0031054 secs] [Times: user=0.00 sys=0.00, real=0.00 secs] 
2019-06-11T09:39:39.969+0000: 114.611: [GC (Allocation Failure) 2019-06-11T09:39:39.969+0000: 114.611: [DefNew: 137241K->919K(153600K), 0.0030791 secs] 181120K->44825K(494976K), 0.0031522 secs] [Times: user=0.00 sys=0.00, real=0.00 secs] 
2019-06-11T09:39:43.993+0000: 118.634: [GC (Allocation Failure) 2019-06-11T09:39:43.993+0000: 118.635: [DefNew: 137495K->769K(153600K), 0.0029407 secs] 181401K->44704K(494976K), 0.0030379 secs] [Times: user=0.00 sys=0.00, real=0.00 secs] 
2019-06-11T09:39:47.541+0000: 122.183: [GC (Allocation Failure) 2019-06-11T09:39:47.541+0000: 122.183: [DefNew: 137345K->1077K(153600K), 0.0034137 secs] 181280K->45100K(494976K), 0.0034666 secs] [Times: user=0.01 sys=0.00, real=0.00 secs] 
2019-06-11T09:39:51.511+0000: 126.153: [GC (Allocation Failure) 2019-06-11T09:39:51.511+0000: 126.153: [DefNew: 137653K->566K(153600K), 0.0029062 secs] 181676K->44663K(494976K), 0.0029653 secs] [Times: user=0.00 sys=0.00, real=0.00 secs] 
2019-06-11T09:39:56.169+0000: 130.811: [GC (Allocation Failure) 2019-06-11T09:39:56.169+0000: 130.811: [DefNew: 137142K->593K(153600K), 0.0026108 secs] 181239K->44722K(494976K), 0.0026724 secs] [Times: user=0.00 sys=0.00, real=0.00 secs] 
2019-06-11T09:39:59.424+0000: 134.066: [GC (Allocation Failure) 2019-06-11T09:39:59.424+0000: 134.066: [DefNew: 137169K->793K(153600K), 0.0030856 secs] 181298K->44959K(494976K), 0.0031458 secs] [Times: user=0.01 sys=0.00, real=0.00 secs] 
2019-06-11T09:40:03.116+0000: 137.758: [GC (Allocation Failure) 2019-06-11T09:40:03.116+0000: 137.758: [DefNew: 137369K->603K(153600K), 0.0029004 secs] 181535K->44802K(494976K), 0.0029637 secs] [Times: user=0.00 sys=0.00, real=0.01 secs] 
2019-06-11T09:40:06.746+0000: 141.388: [GC (Allocation Failure) 2019-06-11T09:40:06.746+0000: 141.388: [DefNew: 137179K->536K(153600K), 0.0027308 secs] 181378K->44763K(494976K), 0.0027920 secs] [Times: user=0.01 sys=0.00, real=0.01 secs] 
2019-06-11T09:40:10.916+0000: 145.558: [GC (Allocation Failure) 2019-06-11T09:40:10.916+0000: 145.558: [DefNew: 137112K->535K(153600K), 0.0026543 secs] 181339K->44782K(494976K), 0.0027280 secs] [Times: user=0.00 sys=0.00, real=0.01 secs] 
2019-06-11T09:40:15.045+0000: 149.687: [GC (Allocation Failure) 2019-06-11T09:40:15.045+0000: 149.687: [DefNew: 137111K->675K(153600K), 0.0028709 secs] 181358K->44946K(494976K), 0.0029296 secs] [Times: user=0.00 sys=0.00, real=0.00 secs] 
2019-06-11T09:40:19.234+0000: 153.876: [GC (Allocation Failure) 2019-06-11T09:40:19.234+0000: 153.876: [DefNew: 137251K->1302K(153600K), 0.0034901 secs] 181522K->45597K(494976K), 0.0035591 secs] [Times: user=0.01 sys=0.00, real=0.01 secs] 
2019-06-11T09:40:23.640+0000: 158.282: [GC (Allocation Failure) 2019-06-11T09:40:23.640+0000: 158.282: [DefNew: 137878K->532K(153600K), 0.0025903 secs] 182173K->44849K(494976K), 0.0026488 secs] [Times: user=0.00 sys=0.00, real=0.00 secs] 
2019-06-11T09:40:27.381+0000: 162.023: [GC (Allocation Failure) 2019-06-11T09:40:27.381+0000: 162.023: [DefNew: 137108K->535K(153600K), 0.0025675 secs] 181425K->44873K(494976K), 0.0026306 secs] [Times: user=0.00 sys=0.01, real=0.00 secs] 
2019-06-11T09:40:32.365+0000: 167.007: [GC (Allocation Failure) 2019-06-11T09:40:32.365+0000: 167.007: [DefNew: 137111K->670K(153600K), 0.0026621 secs] 181449K->45035K(494976K), 0.0027312 secs] [Times: user=0.01 sys=0.00, real=0.00 secs] 
2019-06-11T09:40:36.647+0000: 171.289: [GC (Allocation Failure) 2019-06-11T09:40:36.647+0000: 171.289: [DefNew: 137246K->536K(153600K), 0.0026754 secs] 181611K->44922K(494976K), 0.0027398 secs] [Times: user=0.00 sys=0.00, real=0.01 secs] 
2019-06-11T09:40:40.409+0000: 175.051: [GC (Allocation Failure) 2019-06-11T09:40:40.409+0000: 175.051: [DefNew: 137112K->548K(153600K), 0.0025814 secs] 181498K->44958K(494976K), 0.0026409 secs] [Times: user=0.01 sys=0.00, real=0.00 secs] 
2019-06-11T09:40:43.924+0000: 178.565: [GC (Allocation Failure) 2019-06-11T09:40:43.924+0000: 178.565: [DefNew: 137124K->525K(153600K), 0.0030357 secs] 181534K->44966K(494976K), 0.0030968 secs] [Times: user=0.01 sys=0.00, real=0.00 secs] 
2019-06-11T09:40:47.596+0000: 182.237: [GC (Allocation Failure) 2019-06-11T09:40:47.596+0000: 182.238: [DefNew: 137101K->676K(153600K), 0.0027582 secs] 181542K->45136K(494976K), 0.0028153 secs] [Times: user=0.00 sys=0.00, real=0.01 secs] 
2019-06-11T09:40:52.503+0000: 187.145: [GC (Allocation Failure) 2019-06-11T09:40:52.503+0000: 187.145: [DefNew: 137252K->544K(153600K), 0.0026857 secs] 181712K->45032K(494976K), 0.0027454 secs] [Times: user=0.00 sys=0.00, real=0.00 secs] 
2019-06-11T09:40:57.611+0000: 192.254: [GC (Allocation Failure) 2019-06-11T09:40:57.612+0000: 192.254: [DefNew: 137120K->525K(153600K), 0.0026431 secs] 181608K->45050K(494976K), 0.0033820 secs] [Times: user=0.01 sys=0.00, real=0.00 secs] 
2019-06-11T09:41:01.673+0000: 196.315: [GC (Allocation Failure) 2019-06-11T09:41:01.673+0000: 196.315: [DefNew: 137101K->522K(153600K), 0.0028121 secs] 181626K->45074K(494976K), 0.0028892 secs] [Times: user=0.00 sys=0.00, real=0.00 secs] 
2019-06-11T09:41:04.752+0000: 199.394: [GC (Allocation Failure) 2019-06-11T09:41:04.752+0000: 199.394: [DefNew: 137098K->547K(153600K), 0.0027058 secs] 181650K->45119K(494976K), 0.0027664 secs] [Times: user=0.00 sys=0.00, real=0.00 secs] 
2019-06-11T09:41:08.682+0000: 203.324: [GC (Allocation Failure) 2019-06-11T09:41:08.682+0000: 203.324: [DefNew: 137123K->525K(153600K), 0.0025687 secs] 181695K->45120K(494976K), 0.0026459 secs] [Times: user=0.00 sys=0.00, real=0.00 secs] 
2019-06-11T09:41:13.121+0000: 207.763: [GC (Allocation Failure) 2019-06-11T09:41:13.121+0000: 207.763: [DefNew: 137101K->701K(153600K), 0.0028916 secs] 181696K->45315K(494976K), 0.0029527 secs] [Times: user=0.01 sys=0.00, real=0.00 secs] 
2019-06-11T09:41:18.733+0000: 213.375: [GC (Allocation Failure) 2019-06-11T09:41:18.733+0000: 213.375: [DefNew: 137277K->527K(153600K), 0.0025691 secs] 181891K->45163K(494976K), 0.0026231 secs] [Times: user=0.00 sys=0.00, real=0.00 secs] 
2019-06-11T09:41:23.593+0000: 218.235: [GC (Allocation Failure) 2019-06-11T09:41:23.593+0000: 218.235: [DefNew: 137103K->737K(153600K), 0.0028848 secs] 181739K->45401K(494976K), 0.0029415 secs] [Times: user=0.01 sys=0.00, real=0.00 secs] 
2019-06-11T09:41:27.879+0000: 222.521: [GC (Allocation Failure) 2019-06-11T09:41:27.879+0000: 222.521: [DefNew: 137313K->686K(153600K), 0.0028451 secs] 181977K->45365K(494976K), 0.0029065 secs] [Times: user=0.01 sys=0.00, real=0.00 secs] 
2019-06-11T09:41:31.035+0000: 225.676: [GC (Allocation Failure) 2019-06-11T09:41:31.035+0000: 225.677: [DefNew: 137262K->692K(153600K), 0.0028417 secs] 181941K->45395K(494976K), 0.0029064 secs] [Times: user=0.00 sys=0.00, real=0.01 secs] 
2019-06-11T09:41:35.106+0000: 229.748: [GC (Allocation Failure) 2019-06-11T09:41:35.106+0000: 229.748: [DefNew: 137268K->914K(153600K), 0.0030381 secs] 181971K->45638K(494976K), 0.0031006 secs] [Times: user=0.00 sys=0.00, real=0.01 secs] 
2019-06-11T09:41:40.225+0000: 234.866: [GC (Allocation Failure) 2019-06-11T09:41:40.225+0000: 234.866: [DefNew: 137490K->606K(153600K), 0.0026299 secs] 182214K->45357K(494976K), 0.0026880 secs] [Times: user=0.00 sys=0.00, real=0.00 secs] 
2019-06-11T09:41:44.480+0000: 239.122: [GC (Allocation Failure) 2019-06-11T09:41:44.480+0000: 239.122: [DefNew: 137182K->521K(153600K), 0.0026456 secs] 181933K->45288K(494976K), 0.0027027 secs] [Times: user=0.00 sys=0.00, real=0.00 secs] 
2019-06-11T09:41:48.343+0000: 242.985: [GC (Allocation Failure) 2019-06-11T09:41:48.343+0000: 242.985: [DefNew: 137097K->522K(153600K), 0.0026920 secs] 181864K->45314K(494976K), 0.0027704 secs] [Times: user=0.00 sys=0.00, real=0.00 secs] 
2019-06-11T09:41:53.196+0000: 247.838: [GC (Allocation Failure) 2019-06-11T09:41:53.197+0000: 247.838: [DefNew: 137098K->1922K(153600K), 0.0043774 secs] 181890K->46739K(494976K), 0.0044408 secs] [Times: user=0.01 sys=0.00, real=0.01 secs] 
2019-06-11T09:41:58.012+0000: 252.655: [GC (Allocation Failure) 2019-06-11T09:41:58.013+0000: 252.655: [DefNew: 138498K->535K(153600K), 0.0027126 secs] 183315K->45380K(494976K), 0.0034678 secs] [Times: user=0.00 sys=0.00, real=0.00 secs] 
2019-06-11T09:42:01.690+0000: 256.332: [GC (Allocation Failure) 2019-06-11T09:42:01.690+0000: 256.332: [DefNew: 137111K->654K(153600K), 0.0029987 secs] 181956K->45519K(494976K), 0.0030754 secs] [Times: user=0.00 sys=0.00, real=0.00 secs] 
2019-06-11T09:42:05.616+0000: 260.258: [GC (Allocation Failure) 2019-06-11T09:42:05.616+0000: 260.258: [DefNew: 137230K->516K(153600K), 0.0026756 secs] 182095K->45405K(494976K), 0.0027606 secs] [Times: user=0.00 sys=0.00, real=0.01 secs] 
2019-06-11T09:42:10.962+0000: 265.604: [GC (Allocation Failure) 2019-06-11T09:42:10.962+0000: 265.604: [DefNew: 137092K->508K(153600K), 0.0025996 secs] 181981K->45423K(494976K), 0.0026604 secs] [Times: user=0.00 sys=0.00, real=0.00 secs] 
2019-06-11T09:42:14.255+0000: 268.897: [GC (Allocation Failure) 2019-06-11T09:42:14.255+0000: 268.897: [DefNew: 137084K->530K(153600K), 0.0025979 secs] 181999K->45464K(494976K), 0.0026620 secs] [Times: user=0.00 sys=0.00, real=0.01 secs] 
2019-06-11T09:42:20.031+0000: 274.672: [GC (Allocation Failure) 2019-06-11T09:42:20.031+0000: 274.672: [DefNew: 137106K->500K(153600K), 0.0025883 secs] 182040K->45458K(494976K), 0.0026429 secs] [Times: user=0.01 sys=0.00, real=0.00 secs] 
2019-06-11T09:42:24.271+0000: 278.912: [GC (Allocation Failure) 2019-06-11T09:42:24.271+0000: 278.913: [DefNew: 137076K->702K(153600K), 0.0027329 secs] 182034K->45679K(494976K), 0.0027950 secs] [Times: user=0.00 sys=0.00, real=0.00 secs] 
09:42:37.485 [Curator-PathChildrenCache-0] ERROR o.a.c.f.r.c.PathChildrenCache  - 
java.lang.IllegalStateException: instance must be started before calling this method
	at org.apache.curator.shaded.com.google.common.base.Preconditions.checkState(Preconditions.java:444)
	at org.apache.curator.framework.imps.CuratorFrameworkImpl.getChildren(CuratorFrameworkImpl.java:456)
	at org.apache.curator.framework.recipes.cache.PathChildrenCache.refresh(PathChildrenCache.java:521)
	at org.apache.curator.framework.recipes.cache.RefreshOperation.invoke(RefreshOperation.java:35)
	at org.apache.curator.framework.recipes.cache.PathChildrenCache$9.run(PathChildrenCache.java:786)
	at java.util.concurrent.Executors$RunnableAdapter.call(Executors.java:511)
	at java.util.concurrent.FutureTask.run(FutureTask.java:266)
	at java.util.concurrent.Executors$RunnableAdapter.call(Executors.java:511)
	at java.util.concurrent.FutureTask.run(FutureTask.java:266)
	at java.util.concurrent.ThreadPoolExecutor.runWorker(ThreadPoolExecutor.java:1149)
	at java.util.concurrent.ThreadPoolExecutor$Worker.run(ThreadPoolExecutor.java:624)
	at java.lang.Thread.run(Thread.java:748)
Heap
 def new generation   total 153600K, used 133543K [0x00000000e0c00000, 0x00000000eb2a0000, 0x00000000eb2a0000)
  eden space 136576K,  97% used [0x00000000e0c00000, 0x00000000e8dba3f0, 0x00000000e9160000)
  from space 17024K,   4% used [0x00000000ea200000, 0x00000000ea2afbb0, 0x00000000eb2a0000)
  to   space 17024K,   0% used [0x00000000e9160000, 0x00000000e9160000, 0x00000000ea200000)
 tenured generation   total 341376K, used 44976K [0x00000000eb2a0000, 0x0000000100000000, 0x0000000100000000)
   the space 341376K,  13% used [0x00000000eb2a0000, 0x00000000ede8c1c0, 0x00000000ede8c200, 0x0000000100000000)
 Metaspace       used 36313K, capacity 37234K, committed 37376K, reserved 1081344K
  class space    used 4873K, capacity 5083K, committed 5120K, reserved 1048576K
