16:46:33,134 |-INFO in ch.qos.logback.classic.LoggerContext[default] - Could NOT find resource [logback-test.xml]
16:46:33,134 |-INFO in ch.qos.logback.classic.LoggerContext[default] - Could NOT find resource [logback.groovy]
16:46:33,135 |-INFO in ch.qos.logback.classic.LoggerContext[default] - Found resource [logback.xml] at [jar:file:/root/flamestream/lib/flamestream-runtime-1.0-SNAPSHOT.jar!/logback.xml]
16:46:33,135 |-WARN in ch.qos.logback.classic.LoggerContext[default] - Resource [logback.xml] occurs multiple times on the classpath.
16:46:33,136 |-WARN in ch.qos.logback.classic.LoggerContext[default] - Resource [logback.xml] occurs at [jar:file:/root/flamestream/lib/flamestream-runtime-1.0-SNAPSHOT.jar!/logback.xml]
16:46:33,136 |-WARN in ch.qos.logback.classic.LoggerContext[default] - Resource [logback.xml] occurs at [jar:file:/root/flamestream/flamestream-runtime-1.0-SNAPSHOT.jar!/logback.xml]
16:46:33,155 |-INFO in ch.qos.logback.core.joran.spi.ConfigurationWatchList@3fb6a447 - URL [jar:file:/root/flamestream/lib/flamestream-runtime-1.0-SNAPSHOT.jar!/logback.xml] is not of type file
16:46:33,220 |-INFO in ch.qos.logback.classic.joran.action.ConfigurationAction - debug attribute not set
16:46:33,221 |-INFO in ch.qos.logback.core.joran.action.AppenderAction - About to instantiate appender of type [ch.qos.logback.core.ConsoleAppender]
16:46:33,237 |-INFO in ch.qos.logback.core.joran.action.AppenderAction - Naming appender as [STDOUT]
16:46:33,255 |-INFO in ch.qos.logback.core.joran.action.NestedComplexPropertyIA - Assuming default type [ch.qos.logback.classic.encoder.PatternLayoutEncoder] for [encoder] property
16:46:33,338 |-INFO in ch.qos.logback.core.joran.action.AppenderAction - About to instantiate appender of type [ch.qos.logback.core.rolling.RollingFileAppender]
16:46:33,347 |-INFO in ch.qos.logback.core.joran.action.AppenderAction - Naming appender as [FILE]
16:46:33,376 |-INFO in c.q.l.core.rolling.TimeBasedRollingPolicy@127618319 - No compression will be used
16:46:33,378 |-INFO in c.q.l.core.rolling.TimeBasedRollingPolicy@127618319 - Will use the pattern /tmp/application_%d{yyyy-MM-dd}.%i.log for the active file
16:46:33,381 |-INFO in ch.qos.logback.core.rolling.SizeAndTimeBasedFNATP@6b2fad11 - The date pattern is 'yyyy-MM-dd' from file name pattern '/tmp/application_%d{yyyy-MM-dd}.%i.log'.
16:46:33,381 |-INFO in ch.qos.logback.core.rolling.SizeAndTimeBasedFNATP@6b2fad11 - Roll-over at midnight.
16:46:33,386 |-INFO in ch.qos.logback.core.rolling.SizeAndTimeBasedFNATP@6b2fad11 - Setting initial period to Mon Jun 10 16:45:00 UTC 2019
16:46:33,386 |-WARN in ch.qos.logback.core.rolling.SizeAndTimeBasedFNATP@6b2fad11 - SizeAndTimeBasedFNATP is deprecated. Use SizeAndTimeBasedRollingPolicy instead
16:46:33,386 |-WARN in ch.qos.logback.core.rolling.SizeAndTimeBasedFNATP@6b2fad11 - For more information see http://logback.qos.ch/manual/appenders.html#SizeAndTimeBasedRollingPolicy
16:46:33,391 |-INFO in ch.qos.logback.core.joran.action.NestedComplexPropertyIA - Assuming default type [ch.qos.logback.classic.encoder.PatternLayoutEncoder] for [encoder] property
16:46:33,396 |-INFO in ch.qos.logback.core.rolling.RollingFileAppender[FILE] - Active log file name: /tmp/application.log
16:46:33,396 |-INFO in ch.qos.logback.core.rolling.RollingFileAppender[FILE] - File property is set to [/tmp/application.log]
16:46:33,397 |-INFO in ch.qos.logback.classic.joran.action.RootLoggerAction - Setting level of ROOT logger to WARN
16:46:33,397 |-INFO in ch.qos.logback.core.joran.action.AppenderRefAction - Attaching appender named [STDOUT] to Logger[ROOT]
16:46:33,399 |-INFO in ch.qos.logback.core.joran.action.AppenderRefAction - Attaching appender named [FILE] to Logger[ROOT]
16:46:33,399 |-INFO in ch.qos.logback.classic.joran.action.ConfigurationAction - End of configuration.
16:46:33,399 |-INFO in ch.qos.logback.classic.joran.JoranConfigurator@79698539 - Registering current configuration as safe fallback point

Ama winner
Ama winner
2019-06-10T16:46:34.700+0000: 1.755: [Full GC (Metadata GC Threshold) 2019-06-10T16:46:34.700+0000: 1.755: [Tenured: 0K->15208K(341376K), 0.0401067 secs] 114986K->15208K(494976K), [Metaspace: 20729K->20729K(1067008K)], 0.0401770 secs] [Times: user=0.02 sys=0.01, real=0.04 secs] 
16:46:55.875 [Curator-PathChildrenCache-1] WARN  o.a.c.u.ZKPaths  - The version of ZooKeeper being used doesn't support Container nodes. CreateMode.PERSISTENT will be used instead.
2019-06-10T16:46:58.059+0000: 25.114: [GC (Allocation Failure) 2019-06-10T16:46:58.059+0000: 25.115: [DefNew: 136576K->17023K(153600K), 0.0353781 secs] 151784K->52868K(494976K), 0.0354569 secs] [Times: user=0.03 sys=0.01, real=0.04 secs] 
2019-06-10T16:46:59.572+0000: 26.627: [Full GC (Metadata GC Threshold) 2019-06-10T16:46:59.572+0000: 26.627: [Tenured: 35844K->44678K(341376K), 0.0432337 secs] 82315K->44678K(494976K), [Metaspace: 34582K->34582K(1079296K)], 0.0433146 secs] [Times: user=0.04 sys=0.00, real=0.04 secs] 
2019-06-10T16:47:06.976+0000: 34.032: [GC (Allocation Failure) 2019-06-10T16:47:06.976+0000: 34.032: [DefNew: 136576K->72K(153600K), 0.0019598 secs] 181254K->44751K(494976K), 0.0020272 secs] [Times: user=0.00 sys=0.00, real=0.00 secs] 
2019-06-10T16:47:14.347+0000: 41.402: [GC (Allocation Failure) 2019-06-10T16:47:14.347+0000: 41.402: [DefNew: 136648K->138K(153600K), 0.0018074 secs] 181327K->44817K(494976K), 0.0018711 secs] [Times: user=0.00 sys=0.00, real=0.00 secs] 
2019-06-10T16:47:21.632+0000: 48.687: [GC (Allocation Failure) 2019-06-10T16:47:21.632+0000: 48.687: [DefNew: 136714K->169K(153600K), 0.0018047 secs] 181393K->44848K(494976K), 0.0018700 secs] [Times: user=0.00 sys=0.00, real=0.00 secs] 
2019-06-10T16:47:28.947+0000: 56.002: [GC (Allocation Failure) 2019-06-10T16:47:28.947+0000: 56.002: [DefNew: 136745K->170K(153600K), 0.0017458 secs] 181424K->44849K(494976K), 0.0018308 secs] [Times: user=0.00 sys=0.00, real=0.00 secs] 
2019-06-10T16:47:36.559+0000: 63.615: [GC (Allocation Failure) 2019-06-10T16:47:36.559+0000: 63.615: [DefNew: 136746K->519K(153600K), 0.0023466 secs] 181425K->45198K(494976K), 0.0024013 secs] [Times: user=0.01 sys=0.00, real=0.00 secs] 
16:47:55.552 [Curator-PathChildrenCache-0] ERROR o.a.c.f.r.c.PathChildrenCache  - 
java.lang.IllegalStateException: instance must be started before calling this method
	at org.apache.curator.shaded.com.google.common.base.Preconditions.checkState(Preconditions.java:444)
	at org.apache.curator.framework.imps.CuratorFrameworkImpl.getChildren(CuratorFrameworkImpl.java:456)
	at org.apache.curator.framework.recipes.cache.PathChildrenCache.refresh(PathChildrenCache.java:521)
	at org.apache.curator.framework.recipes.cache.RefreshOperation.invoke(RefreshOperation.java:35)
	at org.apache.curator.framework.recipes.cache.PathChildrenCache$9.run(PathChildrenCache.java:786)
	at java.util.concurrent.Executors$RunnableAdapter.call(Executors.java:511)
	at java.util.concurrent.FutureTask.run(FutureTask.java:266)
	at java.util.concurrent.Executors$RunnableAdapter.call(Executors.java:511)
	at java.util.concurrent.FutureTask.run(FutureTask.java:266)
	at java.util.concurrent.ThreadPoolExecutor.runWorker(ThreadPoolExecutor.java:1149)
	at java.util.concurrent.ThreadPoolExecutor$Worker.run(ThreadPoolExecutor.java:624)
	at java.lang.Thread.run(Thread.java:748)
Heap
 def new generation   total 153600K, used 102717K [0x00000000e0c00000, 0x00000000eb2a0000, 0x00000000eb2a0000)
  eden space 136576K,  74% used [0x00000000e0c00000, 0x00000000e6fcd9e0, 0x00000000e9160000)
  from space 17024K,   3% used [0x00000000e9160000, 0x00000000e91e1de0, 0x00000000ea200000)
  to   space 17024K,   0% used [0x00000000ea200000, 0x00000000ea200000, 0x00000000eb2a0000)
 tenured generation   total 341376K, used 44678K [0x00000000eb2a0000, 0x0000000100000000, 0x0000000100000000)
   the space 341376K,  13% used [0x00000000eb2a0000, 0x00000000ede41b68, 0x00000000ede41c00, 0x0000000100000000)
 Metaspace       used 36093K, capacity 36986K, committed 37120K, reserved 1081344K
  class space    used 4871K, capacity 5073K, committed 5120K, reserved 1048576K
