17:27:13,570 |-INFO in ch.qos.logback.classic.LoggerContext[default] - Could NOT find resource [logback-test.xml]
17:27:13,570 |-INFO in ch.qos.logback.classic.LoggerContext[default] - Could NOT find resource [logback.groovy]
17:27:13,570 |-INFO in ch.qos.logback.classic.LoggerContext[default] - Found resource [logback.xml] at [jar:file:/root/flamestream/lib/flamestream-runtime-1.0-SNAPSHOT.jar!/logback.xml]
17:27:13,571 |-WARN in ch.qos.logback.classic.LoggerContext[default] - Resource [logback.xml] occurs multiple times on the classpath.
17:27:13,571 |-WARN in ch.qos.logback.classic.LoggerContext[default] - Resource [logback.xml] occurs at [jar:file:/root/flamestream/lib/flamestream-runtime-1.0-SNAPSHOT.jar!/logback.xml]
17:27:13,571 |-WARN in ch.qos.logback.classic.LoggerContext[default] - Resource [logback.xml] occurs at [jar:file:/root/flamestream/flamestream-runtime-1.0-SNAPSHOT.jar!/logback.xml]
17:27:13,590 |-INFO in ch.qos.logback.core.joran.spi.ConfigurationWatchList@3fb6a447 - URL [jar:file:/root/flamestream/lib/flamestream-runtime-1.0-SNAPSHOT.jar!/logback.xml] is not of type file
17:27:13,656 |-INFO in ch.qos.logback.classic.joran.action.ConfigurationAction - debug attribute not set
17:27:13,656 |-INFO in ch.qos.logback.core.joran.action.AppenderAction - About to instantiate appender of type [ch.qos.logback.core.ConsoleAppender]
17:27:13,672 |-INFO in ch.qos.logback.core.joran.action.AppenderAction - Naming appender as [STDOUT]
17:27:13,692 |-INFO in ch.qos.logback.core.joran.action.NestedComplexPropertyIA - Assuming default type [ch.qos.logback.classic.encoder.PatternLayoutEncoder] for [encoder] property
17:27:13,792 |-INFO in ch.qos.logback.core.joran.action.AppenderAction - About to instantiate appender of type [ch.qos.logback.core.rolling.RollingFileAppender]
17:27:13,800 |-INFO in ch.qos.logback.core.joran.action.AppenderAction - Naming appender as [FILE]
17:27:13,828 |-INFO in c.q.l.core.rolling.TimeBasedRollingPolicy@127618319 - No compression will be used
17:27:13,829 |-INFO in c.q.l.core.rolling.TimeBasedRollingPolicy@127618319 - Will use the pattern /tmp/application_%d{yyyy-MM-dd}.%i.log for the active file
17:27:13,832 |-INFO in ch.qos.logback.core.rolling.SizeAndTimeBasedFNATP@6b2fad11 - The date pattern is 'yyyy-MM-dd' from file name pattern '/tmp/application_%d{yyyy-MM-dd}.%i.log'.
17:27:13,832 |-INFO in ch.qos.logback.core.rolling.SizeAndTimeBasedFNATP@6b2fad11 - Roll-over at midnight.
17:27:13,838 |-INFO in ch.qos.logback.core.rolling.SizeAndTimeBasedFNATP@6b2fad11 - Setting initial period to Mon Jun 10 17:25:42 UTC 2019
17:27:13,838 |-WARN in ch.qos.logback.core.rolling.SizeAndTimeBasedFNATP@6b2fad11 - SizeAndTimeBasedFNATP is deprecated. Use SizeAndTimeBasedRollingPolicy instead
17:27:13,838 |-WARN in ch.qos.logback.core.rolling.SizeAndTimeBasedFNATP@6b2fad11 - For more information see http://logback.qos.ch/manual/appenders.html#SizeAndTimeBasedRollingPolicy
17:27:13,842 |-INFO in ch.qos.logback.core.joran.action.NestedComplexPropertyIA - Assuming default type [ch.qos.logback.classic.encoder.PatternLayoutEncoder] for [encoder] property
17:27:13,847 |-INFO in ch.qos.logback.core.rolling.RollingFileAppender[FILE] - Active log file name: /tmp/application.log
17:27:13,847 |-INFO in ch.qos.logback.core.rolling.RollingFileAppender[FILE] - File property is set to [/tmp/application.log]
17:27:13,847 |-INFO in ch.qos.logback.classic.joran.action.RootLoggerAction - Setting level of ROOT logger to WARN
17:27:13,848 |-INFO in ch.qos.logback.core.joran.action.AppenderRefAction - Attaching appender named [STDOUT] to Logger[ROOT]
17:27:13,848 |-INFO in ch.qos.logback.core.joran.action.AppenderRefAction - Attaching appender named [FILE] to Logger[ROOT]
17:27:13,848 |-INFO in ch.qos.logback.classic.joran.action.ConfigurationAction - End of configuration.
17:27:13,848 |-INFO in ch.qos.logback.classic.joran.JoranConfigurator@79698539 - Registering current configuration as safe fallback point

Ama winner
Ama winner
2019-06-10T17:27:15.105+0000: 1.719: [Full GC (Metadata GC Threshold) 2019-06-10T17:27:15.105+0000: 1.719: [Tenured: 0K->15176K(341376K), 0.0390198 secs] 114923K->15176K(494976K), [Metaspace: 20739K->20739K(1067008K)], 0.0390961 secs] [Times: user=0.04 sys=0.00, real=0.04 secs] 
17:27:32.290 [Curator-PathChildrenCache-1] WARN  o.a.c.u.ZKPaths  - The version of ZooKeeper being used doesn't support Container nodes. CreateMode.PERSISTENT will be used instead.
2019-06-10T17:27:34.612+0000: 21.226: [GC (Allocation Failure) 2019-06-10T17:27:34.612+0000: 21.226: [DefNew: 136576K->17023K(153600K), 0.0335794 secs] 151752K->52490K(494976K), 0.0336513 secs] [Times: user=0.02 sys=0.02, real=0.04 secs] 
2019-06-10T17:27:35.761+0000: 22.375: [Full GC (Metadata GC Threshold) 2019-06-10T17:27:35.761+0000: 22.375: [Tenured: 35466K->43823K(341376K), 0.0392581 secs] 78819K->43823K(494976K), [Metaspace: 34578K->34578K(1079296K)], 0.0393323 secs] [Times: user=0.04 sys=0.01, real=0.04 secs] 
2019-06-10T17:27:41.647+0000: 28.262: [GC (Allocation Failure) 2019-06-10T17:27:41.647+0000: 28.262: [DefNew: 136576K->72K(153600K), 0.0017710 secs] 180399K->43896K(494976K), 0.0018517 secs] [Times: user=0.00 sys=0.00, real=0.00 secs] 
2019-06-10T17:27:47.400+0000: 34.014: [GC (Allocation Failure) 2019-06-10T17:27:47.400+0000: 34.014: [DefNew: 136648K->76K(153600K), 0.0017931 secs] 180472K->43900K(494976K), 0.0018571 secs] [Times: user=0.00 sys=0.00, real=0.00 secs] 
2019-06-10T17:27:53.239+0000: 39.854: [GC (Allocation Failure) 2019-06-10T17:27:53.239+0000: 39.854: [DefNew: 136652K->74K(153600K), 0.0017879 secs] 180476K->43898K(494976K), 0.0018483 secs] [Times: user=0.01 sys=0.00, real=0.00 secs] 
2019-06-10T17:27:59.066+0000: 45.681: [GC (Allocation Failure) 2019-06-10T17:27:59.066+0000: 45.681: [DefNew: 136650K->73K(153600K), 0.0018004 secs] 180474K->43897K(494976K), 0.0018600 secs] [Times: user=0.01 sys=0.00, real=0.00 secs] 
2019-06-10T17:28:11.278+0000: 57.893: [GC (Allocation Failure) 2019-06-10T17:28:11.278+0000: 57.893: [DefNew: 136649K->73K(153600K), 0.0018037 secs] 180473K->43897K(494976K), 0.0018746 secs] [Times: user=0.01 sys=0.00, real=0.00 secs] 
17:28:13.032 [Curator-PathChildrenCache-0] ERROR o.a.c.f.r.c.PathChildrenCache  - 
java.lang.IllegalStateException: instance must be started before calling this method
	at org.apache.curator.shaded.com.google.common.base.Preconditions.checkState(Preconditions.java:444)
	at org.apache.curator.framework.imps.CuratorFrameworkImpl.getChildren(CuratorFrameworkImpl.java:456)
	at org.apache.curator.framework.recipes.cache.PathChildrenCache.refresh(PathChildrenCache.java:521)
	at org.apache.curator.framework.recipes.cache.RefreshOperation.invoke(RefreshOperation.java:35)
	at org.apache.curator.framework.recipes.cache.PathChildrenCache$9.run(PathChildrenCache.java:786)
	at java.util.concurrent.Executors$RunnableAdapter.call(Executors.java:511)
	at java.util.concurrent.FutureTask.run(FutureTask.java:266)
	at java.util.concurrent.Executors$RunnableAdapter.call(Executors.java:511)
	at java.util.concurrent.FutureTask.run(FutureTask.java:266)
	at java.util.concurrent.ThreadPoolExecutor.runWorker(ThreadPoolExecutor.java:1149)
	at java.util.concurrent.ThreadPoolExecutor$Worker.run(ThreadPoolExecutor.java:624)
	at java.lang.Thread.run(Thread.java:748)
Heap
 def new generation   total 153600K, used 31669K [0x00000000e0c00000, 0x00000000eb2a0000, 0x00000000eb2a0000)
  eden space 136576K,  23% used [0x00000000e0c00000, 0x00000000e2adb080, 0x00000000e9160000)
  from space 17024K,   0% used [0x00000000e9160000, 0x00000000e9172620, 0x00000000ea200000)
  to   space 17024K,   0% used [0x00000000ea200000, 0x00000000ea200000, 0x00000000eb2a0000)
 tenured generation   total 341376K, used 43823K [0x00000000eb2a0000, 0x0000000100000000, 0x0000000100000000)
   the space 341376K,  12% used [0x00000000eb2a0000, 0x00000000edd6beb8, 0x00000000edd6c000, 0x0000000100000000)
 Metaspace       used 35776K, capacity 36640K, committed 36864K, reserved 1081344K
  class space    used 4827K, capacity 5042K, committed 5120K, reserved 1048576K
