08:29:44,018 |-INFO in ch.qos.logback.classic.LoggerContext[default] - Could NOT find resource [logback-test.xml]
08:29:44,018 |-INFO in ch.qos.logback.classic.LoggerContext[default] - Could NOT find resource [logback.groovy]
08:29:44,019 |-INFO in ch.qos.logback.classic.LoggerContext[default] - Found resource [logback.xml] at [jar:file:/root/flamestream/lib/flamestream-runtime-1.0-SNAPSHOT.jar!/logback.xml]
08:29:44,019 |-WARN in ch.qos.logback.classic.LoggerContext[default] - Resource [logback.xml] occurs multiple times on the classpath.
08:29:44,020 |-WARN in ch.qos.logback.classic.LoggerContext[default] - Resource [logback.xml] occurs at [jar:file:/root/flamestream/lib/flamestream-runtime-1.0-SNAPSHOT.jar!/logback.xml]
08:29:44,020 |-WARN in ch.qos.logback.classic.LoggerContext[default] - Resource [logback.xml] occurs at [jar:file:/root/flamestream/flamestream-runtime-1.0-SNAPSHOT.jar!/logback.xml]
08:29:44,039 |-INFO in ch.qos.logback.core.joran.spi.ConfigurationWatchList@3fb6a447 - URL [jar:file:/root/flamestream/lib/flamestream-runtime-1.0-SNAPSHOT.jar!/logback.xml] is not of type file
08:29:44,108 |-INFO in ch.qos.logback.classic.joran.action.ConfigurationAction - debug attribute not set
08:29:44,108 |-INFO in ch.qos.logback.core.joran.action.AppenderAction - About to instantiate appender of type [ch.qos.logback.core.ConsoleAppender]
08:29:44,125 |-INFO in ch.qos.logback.core.joran.action.AppenderAction - Naming appender as [STDOUT]
08:29:44,143 |-INFO in ch.qos.logback.core.joran.action.NestedComplexPropertyIA - Assuming default type [ch.qos.logback.classic.encoder.PatternLayoutEncoder] for [encoder] property
08:29:44,228 |-INFO in ch.qos.logback.core.joran.action.AppenderAction - About to instantiate appender of type [ch.qos.logback.core.rolling.RollingFileAppender]
08:29:44,234 |-INFO in ch.qos.logback.core.joran.action.AppenderAction - Naming appender as [FILE]
08:29:44,264 |-INFO in c.q.l.core.rolling.TimeBasedRollingPolicy@127618319 - No compression will be used
08:29:44,265 |-INFO in c.q.l.core.rolling.TimeBasedRollingPolicy@127618319 - Will use the pattern /tmp/application_%d{yyyy-MM-dd}.%i.log for the active file
08:29:44,268 |-INFO in ch.qos.logback.core.rolling.SizeAndTimeBasedFNATP@6b2fad11 - The date pattern is 'yyyy-MM-dd' from file name pattern '/tmp/application_%d{yyyy-MM-dd}.%i.log'.
08:29:44,268 |-INFO in ch.qos.logback.core.rolling.SizeAndTimeBasedFNATP@6b2fad11 - Roll-over at midnight.
08:29:44,273 |-INFO in ch.qos.logback.core.rolling.SizeAndTimeBasedFNATP@6b2fad11 - Setting initial period to Tue Jun 11 08:28:18 UTC 2019
08:29:44,273 |-WARN in ch.qos.logback.core.rolling.SizeAndTimeBasedFNATP@6b2fad11 - SizeAndTimeBasedFNATP is deprecated. Use SizeAndTimeBasedRollingPolicy instead
08:29:44,273 |-WARN in ch.qos.logback.core.rolling.SizeAndTimeBasedFNATP@6b2fad11 - For more information see http://logback.qos.ch/manual/appenders.html#SizeAndTimeBasedRollingPolicy
08:29:44,277 |-INFO in ch.qos.logback.core.joran.action.NestedComplexPropertyIA - Assuming default type [ch.qos.logback.classic.encoder.PatternLayoutEncoder] for [encoder] property
08:29:44,282 |-INFO in ch.qos.logback.core.rolling.RollingFileAppender[FILE] - Active log file name: /tmp/application.log
08:29:44,282 |-INFO in ch.qos.logback.core.rolling.RollingFileAppender[FILE] - File property is set to [/tmp/application.log]
08:29:44,282 |-INFO in ch.qos.logback.classic.joran.action.RootLoggerAction - Setting level of ROOT logger to WARN
08:29:44,282 |-INFO in ch.qos.logback.core.joran.action.AppenderRefAction - Attaching appender named [STDOUT] to Logger[ROOT]
08:29:44,284 |-INFO in ch.qos.logback.core.joran.action.AppenderRefAction - Attaching appender named [FILE] to Logger[ROOT]
08:29:44,284 |-INFO in ch.qos.logback.classic.joran.action.ConfigurationAction - End of configuration.
08:29:44,285 |-INFO in ch.qos.logback.classic.joran.JoranConfigurator@79698539 - Registering current configuration as safe fallback point

Ama winner
Ama winner
2019-06-11T08:29:45.649+0000: 1.816: [Full GC (Metadata GC Threshold) 2019-06-11T08:29:45.649+0000: 1.817: [Tenured: 0K->15256K(341376K), 0.0384319 secs] 114923K->15256K(494976K), [Metaspace: 20731K->20731K(1067008K)], 0.0385014 secs] [Times: user=0.03 sys=0.01, real=0.04 secs] 
08:30:02.239 [Curator-PathChildrenCache-1] WARN  o.a.c.u.ZKPaths  - The version of ZooKeeper being used doesn't support Container nodes. CreateMode.PERSISTENT will be used instead.
2019-06-11T08:30:04.472+0000: 20.640: [GC (Allocation Failure) 2019-06-11T08:30:04.472+0000: 20.640: [DefNew: 118495K->17023K(153600K), 0.0224488 secs] 133752K->33067K(494976K), 0.0225195 secs] [Times: user=0.02 sys=0.01, real=0.02 secs] 
2019-06-11T08:30:06.836+0000: 23.004: [Full GC (Metadata GC Threshold) 2019-06-11T08:30:06.836+0000: 23.004: [Tenured: 16043K->44191K(341376K), 0.0549863 secs] 101011K->44191K(494976K), [Metaspace: 34538K->34538K(1079296K)], 0.0550676 secs] [Times: user=0.05 sys=0.01, real=0.06 secs] 
2019-06-11T08:30:13.988+0000: 30.155: [GC (Allocation Failure) 2019-06-11T08:30:13.988+0000: 30.155: [DefNew: 136576K->60K(153600K), 0.0017151 secs] 180767K->44252K(494976K), 0.0017737 secs] [Times: user=0.00 sys=0.00, real=0.00 secs] 
2019-06-11T08:30:21.223+0000: 37.390: [GC (Allocation Failure) 2019-06-11T08:30:21.223+0000: 37.390: [DefNew: 136636K->96K(153600K), 0.0016258 secs] 180828K->44288K(494976K), 0.0016956 secs] [Times: user=0.00 sys=0.00, real=0.00 secs] 
2019-06-11T08:30:28.516+0000: 44.684: [GC (Allocation Failure) 2019-06-11T08:30:28.516+0000: 44.684: [DefNew: 136672K->91K(153600K), 0.0017562 secs] 180864K->44283K(494976K), 0.0018166 secs] [Times: user=0.01 sys=0.00, real=0.00 secs] 
2019-06-11T08:30:35.834+0000: 52.001: [GC (Allocation Failure) 2019-06-11T08:30:35.834+0000: 52.001: [DefNew: 136667K->95K(153600K), 0.0017742 secs] 180859K->44287K(494976K), 0.0018363 secs] [Times: user=0.00 sys=0.00, real=0.00 secs] 
2019-06-11T08:30:43.179+0000: 59.347: [GC (Allocation Failure) 2019-06-11T08:30:43.179+0000: 59.347: [DefNew: 136671K->89K(153600K), 0.0018042 secs] 180863K->44281K(494976K), 0.0018676 secs] [Times: user=0.00 sys=0.00, real=0.00 secs] 
08:30:51.931 [Curator-PathChildrenCache-0] ERROR o.a.c.f.r.c.PathChildrenCache  - 
java.lang.IllegalStateException: instance must be started before calling this method
	at org.apache.curator.shaded.com.google.common.base.Preconditions.checkState(Preconditions.java:444)
	at org.apache.curator.framework.imps.CuratorFrameworkImpl.getChildren(CuratorFrameworkImpl.java:456)
	at org.apache.curator.framework.recipes.cache.PathChildrenCache.refresh(PathChildrenCache.java:521)
	at org.apache.curator.framework.recipes.cache.RefreshOperation.invoke(RefreshOperation.java:35)
	at org.apache.curator.framework.recipes.cache.PathChildrenCache$9.run(PathChildrenCache.java:786)
	at java.util.concurrent.Executors$RunnableAdapter.call(Executors.java:511)
	at java.util.concurrent.FutureTask.run(FutureTask.java:266)
	at java.util.concurrent.Executors$RunnableAdapter.call(Executors.java:511)
	at java.util.concurrent.FutureTask.run(FutureTask.java:266)
	at java.util.concurrent.ThreadPoolExecutor.runWorker(ThreadPoolExecutor.java:1149)
	at java.util.concurrent.ThreadPoolExecutor$Worker.run(ThreadPoolExecutor.java:624)
	at java.lang.Thread.run(Thread.java:748)
Heap
 def new generation   total 153600K, used 76090K [0x00000000e0c00000, 0x00000000eb2a0000, 0x00000000eb2a0000)
  eden space 136576K,  55% used [0x00000000e0c00000, 0x00000000e5638140, 0x00000000e9160000)
  from space 17024K,   0% used [0x00000000e9160000, 0x00000000e91767a8, 0x00000000ea200000)
  to   space 17024K,   0% used [0x00000000ea200000, 0x00000000ea200000, 0x00000000eb2a0000)
 tenured generation   total 341376K, used 44191K [0x00000000eb2a0000, 0x0000000100000000, 0x0000000100000000)
   the space 341376K,  12% used [0x00000000eb2a0000, 0x00000000eddc7f38, 0x00000000eddc8000, 0x0000000100000000)
 Metaspace       used 36017K, capacity 36924K, committed 37120K, reserved 1081344K
  class space    used 4877K, capacity 5084K, committed 5120K, reserved 1048576K
