19:50:45,806 |-INFO in ch.qos.logback.classic.LoggerContext[default] - Could NOT find resource [logback-test.xml]
19:50:45,806 |-INFO in ch.qos.logback.classic.LoggerContext[default] - Could NOT find resource [logback.groovy]
19:50:45,806 |-INFO in ch.qos.logback.classic.LoggerContext[default] - Found resource [logback.xml] at [jar:file:/root/flamestream/lib/flamestream-runtime-1.0-SNAPSHOT.jar!/logback.xml]
19:50:45,807 |-WARN in ch.qos.logback.classic.LoggerContext[default] - Resource [logback.xml] occurs multiple times on the classpath.
19:50:45,809 |-WARN in ch.qos.logback.classic.LoggerContext[default] - Resource [logback.xml] occurs at [jar:file:/root/flamestream/lib/flamestream-runtime-1.0-SNAPSHOT.jar!/logback.xml]
19:50:45,809 |-WARN in ch.qos.logback.classic.LoggerContext[default] - Resource [logback.xml] occurs at [jar:file:/root/flamestream/flamestream-runtime-1.0-SNAPSHOT.jar!/logback.xml]
19:50:45,829 |-INFO in ch.qos.logback.core.joran.spi.ConfigurationWatchList@3fb6a447 - URL [jar:file:/root/flamestream/lib/flamestream-runtime-1.0-SNAPSHOT.jar!/logback.xml] is not of type file
19:50:45,893 |-INFO in ch.qos.logback.classic.joran.action.ConfigurationAction - debug attribute not set
19:50:45,894 |-INFO in ch.qos.logback.core.joran.action.AppenderAction - About to instantiate appender of type [ch.qos.logback.core.ConsoleAppender]
19:50:45,909 |-INFO in ch.qos.logback.core.joran.action.AppenderAction - Naming appender as [STDOUT]
19:50:45,929 |-INFO in ch.qos.logback.core.joran.action.NestedComplexPropertyIA - Assuming default type [ch.qos.logback.classic.encoder.PatternLayoutEncoder] for [encoder] property
19:50:46,012 |-INFO in ch.qos.logback.core.joran.action.AppenderAction - About to instantiate appender of type [ch.qos.logback.core.rolling.RollingFileAppender]
19:50:46,017 |-INFO in ch.qos.logback.core.joran.action.AppenderAction - Naming appender as [FILE]
19:50:46,047 |-INFO in c.q.l.core.rolling.TimeBasedRollingPolicy@127618319 - No compression will be used
19:50:46,048 |-INFO in c.q.l.core.rolling.TimeBasedRollingPolicy@127618319 - Will use the pattern /tmp/application_%d{yyyy-MM-dd}.%i.log for the active file
19:50:46,051 |-INFO in ch.qos.logback.core.rolling.SizeAndTimeBasedFNATP@6b2fad11 - The date pattern is 'yyyy-MM-dd' from file name pattern '/tmp/application_%d{yyyy-MM-dd}.%i.log'.
19:50:46,051 |-INFO in ch.qos.logback.core.rolling.SizeAndTimeBasedFNATP@6b2fad11 - Roll-over at midnight.
19:50:46,056 |-INFO in ch.qos.logback.core.rolling.SizeAndTimeBasedFNATP@6b2fad11 - Setting initial period to Mon Jun 10 19:49:19 UTC 2019
19:50:46,056 |-WARN in ch.qos.logback.core.rolling.SizeAndTimeBasedFNATP@6b2fad11 - SizeAndTimeBasedFNATP is deprecated. Use SizeAndTimeBasedRollingPolicy instead
19:50:46,056 |-WARN in ch.qos.logback.core.rolling.SizeAndTimeBasedFNATP@6b2fad11 - For more information see http://logback.qos.ch/manual/appenders.html#SizeAndTimeBasedRollingPolicy
19:50:46,060 |-INFO in ch.qos.logback.core.joran.action.NestedComplexPropertyIA - Assuming default type [ch.qos.logback.classic.encoder.PatternLayoutEncoder] for [encoder] property
19:50:46,065 |-INFO in ch.qos.logback.core.rolling.RollingFileAppender[FILE] - Active log file name: /tmp/application.log
19:50:46,065 |-INFO in ch.qos.logback.core.rolling.RollingFileAppender[FILE] - File property is set to [/tmp/application.log]
19:50:46,066 |-INFO in ch.qos.logback.classic.joran.action.RootLoggerAction - Setting level of ROOT logger to WARN
19:50:46,066 |-INFO in ch.qos.logback.core.joran.action.AppenderRefAction - Attaching appender named [STDOUT] to Logger[ROOT]
19:50:46,067 |-INFO in ch.qos.logback.core.joran.action.AppenderRefAction - Attaching appender named [FILE] to Logger[ROOT]
19:50:46,067 |-INFO in ch.qos.logback.classic.joran.action.ConfigurationAction - End of configuration.
19:50:46,067 |-INFO in ch.qos.logback.classic.joran.JoranConfigurator@79698539 - Registering current configuration as safe fallback point

Ama winner
Ama winner
2019-06-10T19:50:47.338+0000: 1.711: [Full GC (Metadata GC Threshold) 2019-06-10T19:50:47.338+0000: 1.711: [Tenured: 0K->15144K(341376K), 0.0416470 secs] 114923K->15144K(494976K), [Metaspace: 20735K->20735K(1067008K)], 0.0417167 secs] [Times: user=0.04 sys=0.00, real=0.05 secs] 
19:51:09.879 [Curator-PathChildrenCache-1] WARN  o.a.c.u.ZKPaths  - The version of ZooKeeper being used doesn't support Container nodes. CreateMode.PERSISTENT will be used instead.
2019-06-10T19:51:11.987+0000: 26.360: [GC (Allocation Failure) 2019-06-10T19:51:11.987+0000: 26.360: [DefNew: 136576K->17023K(153600K), 0.0267920 secs] 151720K->52648K(494976K), 0.0268744 secs] [Times: user=0.02 sys=0.01, real=0.03 secs] 
2019-06-10T19:51:15.496+0000: 29.869: [Full GC (Metadata GC Threshold) 2019-06-10T19:51:15.496+0000: 29.869: [Tenured: 35624K->44272K(341376K), 0.0482910 secs] 112756K->44272K(494976K), [Metaspace: 34590K->34590K(1079296K)], 0.0483724 secs] [Times: user=0.05 sys=0.00, real=0.05 secs] 
2019-06-10T19:51:23.771+0000: 38.144: [GC (Allocation Failure) 2019-06-10T19:51:23.771+0000: 38.144: [DefNew: 136576K->56K(153600K), 0.0017461 secs] 180848K->44329K(494976K), 0.0018092 secs] [Times: user=0.00 sys=0.00, real=0.00 secs] 
2019-06-10T19:51:31.903+0000: 46.276: [GC (Allocation Failure) 2019-06-10T19:51:31.903+0000: 46.276: [DefNew: 136632K->58K(153600K), 0.0016351 secs] 180905K->44330K(494976K), 0.0017074 secs] [Times: user=0.00 sys=0.00, real=0.00 secs] 
2019-06-10T19:51:40.215+0000: 54.588: [GC (Allocation Failure) 2019-06-10T19:51:40.215+0000: 54.588: [DefNew: 136634K->57K(153600K), 0.0016098 secs] 180906K->44329K(494976K), 0.0016696 secs] [Times: user=0.00 sys=0.00, real=0.00 secs] 
2019-06-10T19:51:48.478+0000: 62.851: [GC (Allocation Failure) 2019-06-10T19:51:48.478+0000: 62.851: [DefNew: 136633K->353K(153600K), 0.0021174 secs] 180905K->44626K(494976K), 0.0021716 secs] [Times: user=0.00 sys=0.00, real=0.01 secs] 
2019-06-10T19:51:58.090+0000: 72.463: [GC (Allocation Failure) 2019-06-10T19:51:58.090+0000: 72.463: [DefNew: 136929K->130K(153600K), 0.0019577 secs] 181202K->44403K(494976K), 0.0020210 secs] [Times: user=0.01 sys=0.00, real=0.01 secs] 
2019-06-10T19:52:17.937+0000: 92.310: [GC (Allocation Failure) 2019-06-10T19:52:17.937+0000: 92.310: [DefNew: 136706K->132K(153600K), 0.0020227 secs] 180979K->44405K(494976K), 0.0020913 secs] [Times: user=0.00 sys=0.00, real=0.01 secs] 
19:52:19.184 [Curator-PathChildrenCache-0] ERROR o.a.c.f.r.c.PathChildrenCache  - 
java.lang.IllegalStateException: instance must be started before calling this method
	at org.apache.curator.shaded.com.google.common.base.Preconditions.checkState(Preconditions.java:444)
	at org.apache.curator.framework.imps.CuratorFrameworkImpl.getChildren(CuratorFrameworkImpl.java:456)
	at org.apache.curator.framework.recipes.cache.PathChildrenCache.refresh(PathChildrenCache.java:521)
	at org.apache.curator.framework.recipes.cache.RefreshOperation.invoke(RefreshOperation.java:35)
	at org.apache.curator.framework.recipes.cache.PathChildrenCache$9.run(PathChildrenCache.java:786)
	at java.util.concurrent.Executors$RunnableAdapter.call(Executors.java:511)
	at java.util.concurrent.FutureTask.run(FutureTask.java:266)
	at java.util.concurrent.Executors$RunnableAdapter.call(Executors.java:511)
	at java.util.concurrent.FutureTask.run(FutureTask.java:266)
	at java.util.concurrent.ThreadPoolExecutor.runWorker(ThreadPoolExecutor.java:1149)
	at java.util.concurrent.ThreadPoolExecutor$Worker.run(ThreadPoolExecutor.java:624)
	at java.lang.Thread.run(Thread.java:748)
Heap
 def new generation   total 153600K, used 27077K [0x00000000e0c00000, 0x00000000eb2a0000, 0x00000000eb2a0000)
  eden space 136576K,  19% used [0x00000000e0c00000, 0x00000000e2650450, 0x00000000e9160000)
  from space 17024K,   0% used [0x00000000ea200000, 0x00000000ea2212e0, 0x00000000eb2a0000)
  to   space 17024K,   0% used [0x00000000e9160000, 0x00000000e9160000, 0x00000000ea200000)
 tenured generation   total 341376K, used 44272K [0x00000000eb2a0000, 0x0000000100000000, 0x0000000100000000)
   the space 341376K,  12% used [0x00000000eb2a0000, 0x00000000edddc2c0, 0x00000000edddc400, 0x0000000100000000)
 Metaspace       used 36123K, capacity 36998K, committed 37120K, reserved 1081344K
  class space    used 4868K, capacity 5075K, committed 5120K, reserved 1048576K
