01:13:16,551 |-INFO in ch.qos.logback.classic.LoggerContext[default] - Could NOT find resource [logback-test.xml]
01:13:16,551 |-INFO in ch.qos.logback.classic.LoggerContext[default] - Could NOT find resource [logback.groovy]
01:13:16,551 |-INFO in ch.qos.logback.classic.LoggerContext[default] - Found resource [logback.xml] at [jar:file:/home/nikitasokolov/flamestream/lib/flamestream-runtime-1.0-SNAPSHOT.jar!/logback.xml]
01:13:16,552 |-WARN in ch.qos.logback.classic.LoggerContext[default] - Resource [logback.xml] occurs multiple times on the classpath.
01:13:16,552 |-WARN in ch.qos.logback.classic.LoggerContext[default] - Resource [logback.xml] occurs at [jar:file:/home/nikitasokolov/flamestream/lib/flamestream-runtime-1.0-SNAPSHOT.jar!/logback.xml]
01:13:16,552 |-WARN in ch.qos.logback.classic.LoggerContext[default] - Resource [logback.xml] occurs at [jar:file:/home/nikitasokolov/flamestream/flamestream-runtime-1.0-SNAPSHOT.jar!/logback.xml]
01:13:16,568 |-INFO in ch.qos.logback.core.joran.spi.ConfigurationWatchList@6108b2d7 - URL [jar:file:/home/nikitasokolov/flamestream/lib/flamestream-runtime-1.0-SNAPSHOT.jar!/logback.xml] is not of type file
01:13:16,620 |-INFO in ch.qos.logback.classic.joran.action.ConfigurationAction - debug attribute not set
01:13:16,621 |-INFO in ch.qos.logback.core.joran.action.AppenderAction - About to instantiate appender of type [ch.qos.logback.core.ConsoleAppender]
01:13:16,632 |-INFO in ch.qos.logback.core.joran.action.AppenderAction - Naming appender as [STDOUT]
01:13:16,642 |-INFO in ch.qos.logback.core.joran.action.NestedComplexPropertyIA - Assuming default type [ch.qos.logback.classic.encoder.PatternLayoutEncoder] for [encoder] property
01:13:16,701 |-INFO in ch.qos.logback.core.joran.action.AppenderAction - About to instantiate appender of type [ch.qos.logback.core.rolling.RollingFileAppender]
01:13:16,707 |-INFO in ch.qos.logback.core.joran.action.AppenderAction - Naming appender as [FILE]
01:13:16,729 |-INFO in c.q.l.core.rolling.TimeBasedRollingPolicy@357863579 - No compression will be used
01:13:16,730 |-INFO in c.q.l.core.rolling.TimeBasedRollingPolicy@357863579 - Will use the pattern /tmp/application_%d{yyyy-MM-dd}.%i.log for the active file
01:13:16,733 |-INFO in ch.qos.logback.core.rolling.SizeAndTimeBasedFNATP@6bf256fa - The date pattern is 'yyyy-MM-dd' from file name pattern '/tmp/application_%d{yyyy-MM-dd}.%i.log'.
01:13:16,733 |-INFO in ch.qos.logback.core.rolling.SizeAndTimeBasedFNATP@6bf256fa - Roll-over at midnight.
01:13:16,737 |-INFO in ch.qos.logback.core.rolling.SizeAndTimeBasedFNATP@6bf256fa - Setting initial period to Sun Jun 09 01:12:30 MSK 2019
01:13:16,737 |-WARN in ch.qos.logback.core.rolling.SizeAndTimeBasedFNATP@6bf256fa - SizeAndTimeBasedFNATP is deprecated. Use SizeAndTimeBasedRollingPolicy instead
01:13:16,737 |-WARN in ch.qos.logback.core.rolling.SizeAndTimeBasedFNATP@6bf256fa - For more information see http://logback.qos.ch/manual/appenders.html#SizeAndTimeBasedRollingPolicy
01:13:16,741 |-INFO in ch.qos.logback.core.joran.action.NestedComplexPropertyIA - Assuming default type [ch.qos.logback.classic.encoder.PatternLayoutEncoder] for [encoder] property
01:13:16,745 |-INFO in ch.qos.logback.core.rolling.RollingFileAppender[FILE] - Active log file name: /tmp/application.log
01:13:16,745 |-INFO in ch.qos.logback.core.rolling.RollingFileAppender[FILE] - File property is set to [/tmp/application.log]
01:13:16,746 |-INFO in ch.qos.logback.classic.joran.action.RootLoggerAction - Setting level of ROOT logger to WARN
01:13:16,746 |-INFO in ch.qos.logback.core.joran.action.AppenderRefAction - Attaching appender named [STDOUT] to Logger[ROOT]
01:13:16,747 |-INFO in ch.qos.logback.core.joran.action.AppenderRefAction - Attaching appender named [FILE] to Logger[ROOT]
01:13:16,747 |-INFO in ch.qos.logback.classic.joran.action.ConfigurationAction - End of configuration.
01:13:16,748 |-INFO in ch.qos.logback.classic.joran.JoranConfigurator@6cd8737 - Registering current configuration as safe fallback point

2019-06-09T01:13:17.738+0300: 1.388: [GC (Metadata GC Threshold) [PSYoungGen: 110722K->15913K(149504K)] 110722K->15993K(491008K), 0.0209591 secs] [Times: user=0.05 sys=0.03, real=0.02 secs] 
2019-06-09T01:13:17.759+0300: 1.409: [Full GC (Metadata GC Threshold) [PSYoungGen: 15913K->0K(149504K)] [ParOldGen: 80K->15077K(341504K)] 15993K->15077K(491008K), [Metaspace: 20802K->20802K(1067008K)], 0.0258742 secs] [Times: user=0.17 sys=0.02, real=0.02 secs] 
01:13:26.242 [Curator-PathChildrenCache-2] WARN  o.a.c.u.ZKPaths  - The version of ZooKeeper being used doesn't support Container nodes. CreateMode.PERSISTENT will be used instead.
2019-06-09T01:13:27.280+0300: 10.930: [GC (Metadata GC Threshold) [PSYoungGen: 126590K->16825K(149504K)] 141668K->51443K(491008K), 0.0335750 secs] [Times: user=0.26 sys=0.03, real=0.03 secs] 
2019-06-09T01:13:27.314+0300: 10.964: [Full GC (Metadata GC Threshold) [PSYoungGen: 16825K->0K(149504K)] [ParOldGen: 34617K->40001K(341504K)] 51443K->40001K(491008K), [Metaspace: 34481K->34479K(1079296K)], 0.0347741 secs] [Times: user=0.20 sys=0.02, real=0.03 secs] 
2019-06-09T01:13:29.383+0300: 13.033: [GC (Allocation Failure) [PSYoungGen: 128512K->608K(149504K)] 168513K->40617K(491008K), 0.0039702 secs] [Times: user=0.02 sys=0.00, real=0.00 secs] 
2019-06-09T01:13:32.131+0300: 15.781: [GC (Allocation Failure) [PSYoungGen: 129120K->544K(149504K)] 169129K->40561K(491008K), 0.0029654 secs] [Times: user=0.02 sys=0.01, real=0.00 secs] 
2019-06-09T01:13:34.901+0300: 18.551: [GC (Allocation Failure) [PSYoungGen: 129056K->544K(129536K)] 169073K->40569K(471040K), 0.0047583 secs] [Times: user=0.03 sys=0.01, real=0.00 secs] 
2019-06-09T01:13:37.677+0300: 21.327: [GC (Allocation Failure) [PSYoungGen: 129056K->544K(148992K)] 169081K->40569K(490496K), 0.0830131 secs] [Times: user=0.01 sys=0.00, real=0.09 secs] 
2019-06-09T01:13:40.375+0300: 24.026: [GC (Allocation Failure) [PSYoungGen: 127008K->608K(147968K)] 167033K->40641K(489472K), 0.0049365 secs] [Times: user=0.04 sys=0.00, real=0.01 secs] 
2019-06-09T01:13:43.130+0300: 26.780: [GC (Allocation Failure) [PSYoungGen: 127072K->576K(151040K)] 167105K->40617K(492544K), 0.0033238 secs] [Times: user=0.02 sys=0.01, real=0.00 secs] 
2019-06-09T01:13:45.970+0300: 29.620: [GC (Allocation Failure) [PSYoungGen: 131136K->544K(150016K)] 171177K->40585K(491520K), 0.0049599 secs] [Times: user=0.03 sys=0.00, real=0.00 secs] 
2019-06-09T01:13:48.868+0300: 32.518: [GC (Allocation Failure) [PSYoungGen: 131104K->576K(152576K)] 171145K->40617K(494080K), 0.0036390 secs] [Times: user=0.02 sys=0.00, real=0.01 secs] 
2019-06-09T01:13:51.724+0300: 35.374: [GC (Allocation Failure) [PSYoungGen: 134208K->480K(151552K)] 174249K->40521K(493056K), 0.0032892 secs] [Times: user=0.01 sys=0.00, real=0.00 secs] 
2019-06-09T01:13:54.643+0300: 38.293: [GC (Allocation Failure) [PSYoungGen: 134112K->576K(154112K)] 174153K->40617K(495616K), 0.0034516 secs] [Times: user=0.01 sys=0.01, real=0.00 secs] 
2019-06-09T01:13:57.627+0300: 41.278: [GC (Allocation Failure) [PSYoungGen: 137792K->576K(153600K)] 177833K->40617K(495104K), 0.0041816 secs] [Times: user=0.03 sys=0.00, real=0.01 secs] 
2019-06-09T01:14:00.625+0300: 44.275: [GC (Allocation Failure) [PSYoungGen: 137792K->512K(156160K)] 177833K->40553K(497664K), 0.0040559 secs] [Times: user=0.01 sys=0.00, real=0.00 secs] 
2019-06-09T01:14:03.680+0300: 47.331: [GC (Allocation Failure) [PSYoungGen: 141312K->512K(155136K)] 181353K->40553K(496640K), 0.0039479 secs] [Times: user=0.02 sys=0.00, real=0.00 secs] 
2019-06-09T01:14:06.752+0300: 50.402: [GC (Allocation Failure) [PSYoungGen: 141312K->640K(157696K)] 181353K->40681K(499200K), 0.0033100 secs] [Times: user=0.01 sys=0.00, real=0.00 secs] 
2019-06-09T01:14:09.888+0300: 53.538: [GC (Allocation Failure) [PSYoungGen: 144512K->576K(156672K)] 184553K->40625K(498176K), 0.0032027 secs] [Times: user=0.01 sys=0.01, real=0.01 secs] 
2019-06-09T01:14:13.015+0300: 56.665: [GC (Allocation Failure) [PSYoungGen: 144448K->352K(158720K)] 184497K->40737K(500224K), 0.0026441 secs] [Times: user=0.01 sys=0.00, real=0.00 secs] 
01:14:20.440 [Curator-PathChildrenCache-0] ERROR o.a.c.f.r.c.PathChildrenCache  - 
java.lang.IllegalStateException: instance must be started before calling this method
	at org.apache.curator.shaded.com.google.common.base.Preconditions.checkState(Preconditions.java:444)
	at org.apache.curator.framework.imps.CuratorFrameworkImpl.getChildren(CuratorFrameworkImpl.java:456)
	at org.apache.curator.framework.recipes.cache.PathChildrenCache.refresh(PathChildrenCache.java:521)
	at org.apache.curator.framework.recipes.cache.RefreshOperation.invoke(RefreshOperation.java:35)
	at org.apache.curator.framework.recipes.cache.PathChildrenCache$9.run(PathChildrenCache.java:786)
	at java.util.concurrent.Executors$RunnableAdapter.call(Executors.java:511)
	at java.util.concurrent.FutureTask.run(FutureTask.java:266)
	at java.util.concurrent.Executors$RunnableAdapter.call(Executors.java:511)
	at java.util.concurrent.FutureTask.run(FutureTask.java:266)
	at java.util.concurrent.ThreadPoolExecutor.runWorker(ThreadPoolExecutor.java:1149)
	at java.util.concurrent.ThreadPoolExecutor$Worker.run(ThreadPoolExecutor.java:624)
	at java.lang.Thread.run(Thread.java:748)
Heap
 PSYoungGen      total 158720K, used 119419K [0x00000000f5980000, 0x0000000100000000, 0x0000000100000000)
  eden space 146432K, 81% used [0x00000000f5980000,0x00000000fcdc6f90,0x00000000fe880000)
  from space 12288K, 2% used [0x00000000ff400000,0x00000000ff458010,0x0000000100000000)
  to   space 11776K, 0% used [0x00000000fe880000,0x00000000fe880000,0x00000000ff400000)
 ParOldGen       total 341504K, used 40385K [0x00000000e0c00000, 0x00000000f5980000, 0x00000000f5980000)
  object space 341504K, 11% used [0x00000000e0c00000,0x00000000e3370418,0x00000000f5980000)
 Metaspace       used 36320K, capacity 37338K, committed 37464K, reserved 1081344K
  class space    used 5017K, capacity 5219K, committed 5248K, reserved 1048576K
