19:40:00,653 |-INFO in ch.qos.logback.classic.LoggerContext[default] - Could NOT find resource [logback-test.xml]
19:40:00,653 |-INFO in ch.qos.logback.classic.LoggerContext[default] - Could NOT find resource [logback.groovy]
19:40:00,653 |-INFO in ch.qos.logback.classic.LoggerContext[default] - Found resource [logback.xml] at [jar:file:/root/flamestream/lib/flamestream-runtime-1.0-SNAPSHOT.jar!/logback.xml]
19:40:00,654 |-WARN in ch.qos.logback.classic.LoggerContext[default] - Resource [logback.xml] occurs multiple times on the classpath.
19:40:00,654 |-WARN in ch.qos.logback.classic.LoggerContext[default] - Resource [logback.xml] occurs at [jar:file:/root/flamestream/lib/flamestream-runtime-1.0-SNAPSHOT.jar!/logback.xml]
19:40:00,654 |-WARN in ch.qos.logback.classic.LoggerContext[default] - Resource [logback.xml] occurs at [jar:file:/root/flamestream/flamestream-runtime-1.0-SNAPSHOT.jar!/logback.xml]
19:40:00,674 |-INFO in ch.qos.logback.core.joran.spi.ConfigurationWatchList@3fb6a447 - URL [jar:file:/root/flamestream/lib/flamestream-runtime-1.0-SNAPSHOT.jar!/logback.xml] is not of type file
19:40:00,748 |-INFO in ch.qos.logback.classic.joran.action.ConfigurationAction - debug attribute not set
19:40:00,748 |-INFO in ch.qos.logback.core.joran.action.AppenderAction - About to instantiate appender of type [ch.qos.logback.core.ConsoleAppender]
19:40:00,764 |-INFO in ch.qos.logback.core.joran.action.AppenderAction - Naming appender as [STDOUT]
19:40:00,784 |-INFO in ch.qos.logback.core.joran.action.NestedComplexPropertyIA - Assuming default type [ch.qos.logback.classic.encoder.PatternLayoutEncoder] for [encoder] property
19:40:00,860 |-INFO in ch.qos.logback.core.joran.action.AppenderAction - About to instantiate appender of type [ch.qos.logback.core.rolling.RollingFileAppender]
19:40:00,869 |-INFO in ch.qos.logback.core.joran.action.AppenderAction - Naming appender as [FILE]
19:40:00,901 |-INFO in c.q.l.core.rolling.TimeBasedRollingPolicy@127618319 - No compression will be used
19:40:00,903 |-INFO in c.q.l.core.rolling.TimeBasedRollingPolicy@127618319 - Will use the pattern /tmp/application_%d{yyyy-MM-dd}.%i.log for the active file
19:40:00,906 |-INFO in ch.qos.logback.core.rolling.SizeAndTimeBasedFNATP@6b2fad11 - The date pattern is 'yyyy-MM-dd' from file name pattern '/tmp/application_%d{yyyy-MM-dd}.%i.log'.
19:40:00,906 |-INFO in ch.qos.logback.core.rolling.SizeAndTimeBasedFNATP@6b2fad11 - Roll-over at midnight.
19:40:00,911 |-INFO in ch.qos.logback.core.rolling.SizeAndTimeBasedFNATP@6b2fad11 - Setting initial period to Mon Jun 10 19:38:38 UTC 2019
19:40:00,911 |-WARN in ch.qos.logback.core.rolling.SizeAndTimeBasedFNATP@6b2fad11 - SizeAndTimeBasedFNATP is deprecated. Use SizeAndTimeBasedRollingPolicy instead
19:40:00,911 |-WARN in ch.qos.logback.core.rolling.SizeAndTimeBasedFNATP@6b2fad11 - For more information see http://logback.qos.ch/manual/appenders.html#SizeAndTimeBasedRollingPolicy
19:40:00,915 |-INFO in ch.qos.logback.core.joran.action.NestedComplexPropertyIA - Assuming default type [ch.qos.logback.classic.encoder.PatternLayoutEncoder] for [encoder] property
19:40:00,920 |-INFO in ch.qos.logback.core.rolling.RollingFileAppender[FILE] - Active log file name: /tmp/application.log
19:40:00,920 |-INFO in ch.qos.logback.core.rolling.RollingFileAppender[FILE] - File property is set to [/tmp/application.log]
19:40:00,921 |-INFO in ch.qos.logback.classic.joran.action.RootLoggerAction - Setting level of ROOT logger to WARN
19:40:00,921 |-INFO in ch.qos.logback.core.joran.action.AppenderRefAction - Attaching appender named [STDOUT] to Logger[ROOT]
19:40:00,923 |-INFO in ch.qos.logback.core.joran.action.AppenderRefAction - Attaching appender named [FILE] to Logger[ROOT]
19:40:00,923 |-INFO in ch.qos.logback.classic.joran.action.ConfigurationAction - End of configuration.
19:40:00,923 |-INFO in ch.qos.logback.classic.joran.JoranConfigurator@79698539 - Registering current configuration as safe fallback point

Ama winner
Ama winner
2019-06-10T19:40:02.280+0000: 1.819: [Full GC (Metadata GC Threshold) 2019-06-10T19:40:02.280+0000: 1.819: [Tenured: 0K->15176K(341376K), 0.0428155 secs] 114989K->15176K(494976K), [Metaspace: 20738K->20738K(1067008K)], 0.0428872 secs] [Times: user=0.04 sys=0.00, real=0.04 secs] 
19:40:15.818 [Curator-PathChildrenCache-1] WARN  o.a.c.u.ZKPaths  - The version of ZooKeeper being used doesn't support Container nodes. CreateMode.PERSISTENT will be used instead.
2019-06-10T19:40:18.175+0000: 17.713: [GC (Allocation Failure) 2019-06-10T19:40:18.175+0000: 17.713: [DefNew: 136576K->17024K(153600K), 0.0291117 secs] 151752K->52589K(494976K), 0.0291782 secs] [Times: user=0.01 sys=0.01, real=0.03 secs] 
2019-06-10T19:40:21.144+0000: 20.682: [Full GC (Metadata GC Threshold) 2019-06-10T19:40:21.144+0000: 20.682: [Tenured: 35565K->44033K(341376K), 0.0487968 secs] 110978K->44033K(494976K), [Metaspace: 34612K->34612K(1079296K)], 0.0488665 secs] [Times: user=0.04 sys=0.01, real=0.05 secs] 
2019-06-10T19:40:27.716+0000: 27.254: [GC (Allocation Failure) 2019-06-10T19:40:27.716+0000: 27.254: [DefNew: 136576K->83K(153600K), 0.0019264 secs] 180609K->44116K(494976K), 0.0019826 secs] [Times: user=0.01 sys=0.00, real=0.01 secs] 
2019-06-10T19:40:34.344+0000: 33.883: [GC (Allocation Failure) 2019-06-10T19:40:34.344+0000: 33.883: [DefNew: 136659K->73K(153600K), 0.0017834 secs] 180692K->44106K(494976K), 0.0018388 secs] [Times: user=0.00 sys=0.00, real=0.01 secs] 
2019-06-10T19:40:41.067+0000: 40.606: [GC (Allocation Failure) 2019-06-10T19:40:41.067+0000: 40.606: [DefNew: 136649K->76K(153600K), 0.0018423 secs] 180682K->44109K(494976K), 0.0019000 secs] [Times: user=0.01 sys=0.00, real=0.00 secs] 
2019-06-10T19:40:47.823+0000: 47.361: [GC (Allocation Failure) 2019-06-10T19:40:47.823+0000: 47.362: [DefNew: 136652K->76K(153600K), 0.0018762 secs] 180685K->44109K(494976K), 0.0019387 secs] [Times: user=0.00 sys=0.00, real=0.00 secs] 
2019-06-10T19:40:54.600+0000: 54.139: [GC (Allocation Failure) 2019-06-10T19:40:54.600+0000: 54.139: [DefNew: 136652K->75K(153600K), 0.0018017 secs] 180685K->44108K(494976K), 0.0018654 secs] [Times: user=0.01 sys=0.00, real=0.00 secs] 
19:41:00.727 [Curator-PathChildrenCache-0] ERROR o.a.c.f.r.c.PathChildrenCache  - 
java.lang.IllegalStateException: instance must be started before calling this method
	at org.apache.curator.shaded.com.google.common.base.Preconditions.checkState(Preconditions.java:444)
	at org.apache.curator.framework.imps.CuratorFrameworkImpl.getChildren(CuratorFrameworkImpl.java:456)
	at org.apache.curator.framework.recipes.cache.PathChildrenCache.refresh(PathChildrenCache.java:521)
	at org.apache.curator.framework.recipes.cache.RefreshOperation.invoke(RefreshOperation.java:35)
	at org.apache.curator.framework.recipes.cache.PathChildrenCache$9.run(PathChildrenCache.java:786)
	at java.util.concurrent.Executors$RunnableAdapter.call(Executors.java:511)
	at java.util.concurrent.FutureTask.run(FutureTask.java:266)
	at java.util.concurrent.Executors$RunnableAdapter.call(Executors.java:511)
	at java.util.concurrent.FutureTask.run(FutureTask.java:266)
	at java.util.concurrent.ThreadPoolExecutor.runWorker(ThreadPoolExecutor.java:1149)
	at java.util.concurrent.ThreadPoolExecutor$Worker.run(ThreadPoolExecutor.java:624)
	at java.lang.Thread.run(Thread.java:748)
Heap
 def new generation   total 153600K, used 62174K [0x00000000e0c00000, 0x00000000eb2a0000, 0x00000000eb2a0000)
  eden space 136576K,  45% used [0x00000000e0c00000, 0x00000000e48a4f70, 0x00000000e9160000)
  from space 17024K,   0% used [0x00000000e9160000, 0x00000000e9172c40, 0x00000000ea200000)
  to   space 17024K,   0% used [0x00000000ea200000, 0x00000000ea200000, 0x00000000eb2a0000)
 tenured generation   total 341376K, used 44033K [0x00000000eb2a0000, 0x0000000100000000, 0x0000000100000000)
   the space 341376K,  12% used [0x00000000eb2a0000, 0x00000000edda0468, 0x00000000edda0600, 0x0000000100000000)
 Metaspace       used 35938K, capacity 36850K, committed 37120K, reserved 1081344K
  class space    used 4827K, capacity 5045K, committed 5120K, reserved 1048576K
