23:18:39,492 |-INFO in ch.qos.logback.classic.LoggerContext[default] - Could NOT find resource [logback-test.xml]
23:18:39,492 |-INFO in ch.qos.logback.classic.LoggerContext[default] - Could NOT find resource [logback.groovy]
23:18:39,493 |-INFO in ch.qos.logback.classic.LoggerContext[default] - Found resource [logback.xml] at [jar:file:/home/nikitasokolov/flamestream/lib/flamestream-runtime-1.0-SNAPSHOT.jar!/logback.xml]
23:18:39,493 |-WARN in ch.qos.logback.classic.LoggerContext[default] - Resource [logback.xml] occurs multiple times on the classpath.
23:18:39,493 |-WARN in ch.qos.logback.classic.LoggerContext[default] - Resource [logback.xml] occurs at [jar:file:/home/nikitasokolov/flamestream/lib/flamestream-runtime-1.0-SNAPSHOT.jar!/logback.xml]
23:18:39,493 |-WARN in ch.qos.logback.classic.LoggerContext[default] - Resource [logback.xml] occurs at [jar:file:/home/nikitasokolov/flamestream/flamestream-runtime-1.0-SNAPSHOT.jar!/logback.xml]
23:18:39,510 |-INFO in ch.qos.logback.core.joran.spi.ConfigurationWatchList@6bf256fa - URL [jar:file:/home/nikitasokolov/flamestream/lib/flamestream-runtime-1.0-SNAPSHOT.jar!/logback.xml] is not of type file
23:18:39,563 |-INFO in ch.qos.logback.classic.joran.action.ConfigurationAction - debug attribute not set
23:18:39,564 |-INFO in ch.qos.logback.core.joran.action.AppenderAction - About to instantiate appender of type [ch.qos.logback.core.ConsoleAppender]
23:18:39,572 |-INFO in ch.qos.logback.core.joran.action.AppenderAction - Naming appender as [STDOUT]
23:18:39,579 |-INFO in ch.qos.logback.core.joran.action.NestedComplexPropertyIA - Assuming default type [ch.qos.logback.classic.encoder.PatternLayoutEncoder] for [encoder] property
23:18:39,643 |-INFO in ch.qos.logback.core.joran.action.AppenderAction - About to instantiate appender of type [ch.qos.logback.core.rolling.RollingFileAppender]
23:18:39,649 |-INFO in ch.qos.logback.core.joran.action.AppenderAction - Naming appender as [FILE]
23:18:39,672 |-INFO in c.q.l.core.rolling.TimeBasedRollingPolicy@114132791 - No compression will be used
23:18:39,674 |-INFO in c.q.l.core.rolling.TimeBasedRollingPolicy@114132791 - Will use the pattern /tmp/application_%d{yyyy-MM-dd}.%i.log for the active file
23:18:39,677 |-INFO in ch.qos.logback.core.rolling.SizeAndTimeBasedFNATP@22f71333 - The date pattern is 'yyyy-MM-dd' from file name pattern '/tmp/application_%d{yyyy-MM-dd}.%i.log'.
23:18:39,677 |-INFO in ch.qos.logback.core.rolling.SizeAndTimeBasedFNATP@22f71333 - Roll-over at midnight.
23:18:39,681 |-INFO in ch.qos.logback.core.rolling.SizeAndTimeBasedFNATP@22f71333 - Setting initial period to Thu Jun 06 22:00:24 MSK 2019
23:18:39,681 |-WARN in ch.qos.logback.core.rolling.SizeAndTimeBasedFNATP@22f71333 - SizeAndTimeBasedFNATP is deprecated. Use SizeAndTimeBasedRollingPolicy instead
23:18:39,681 |-WARN in ch.qos.logback.core.rolling.SizeAndTimeBasedFNATP@22f71333 - For more information see http://logback.qos.ch/manual/appenders.html#SizeAndTimeBasedRollingPolicy
23:18:39,685 |-INFO in ch.qos.logback.core.joran.action.NestedComplexPropertyIA - Assuming default type [ch.qos.logback.classic.encoder.PatternLayoutEncoder] for [encoder] property
23:18:39,687 |-INFO in ch.qos.logback.core.rolling.RollingFileAppender[FILE] - Active log file name: /tmp/application.log
23:18:39,687 |-INFO in ch.qos.logback.core.rolling.RollingFileAppender[FILE] - File property is set to [/tmp/application.log]
23:18:39,688 |-ERROR in ch.qos.logback.core.rolling.RollingFileAppender[FILE] - openFile(/tmp/application.log,true) call failed. java.io.FileNotFoundException: /tmp/application.log (Permission denied)
	at java.io.FileNotFoundException: /tmp/application.log (Permission denied)
	at 	at java.io.FileOutputStream.open0(Native Method)
	at 	at java.io.FileOutputStream.open(FileOutputStream.java:270)
	at 	at java.io.FileOutputStream.<init>(FileOutputStream.java:213)
	at 	at ch.qos.logback.core.recovery.ResilientFileOutputStream.<init>(ResilientFileOutputStream.java:26)
	at 	at ch.qos.logback.core.FileAppender.openFile(FileAppender.java:204)
	at 	at ch.qos.logback.core.FileAppender.start(FileAppender.java:127)
	at 	at ch.qos.logback.core.rolling.RollingFileAppender.start(RollingFileAppender.java:100)
	at 	at ch.qos.logback.core.joran.action.AppenderAction.end(AppenderAction.java:90)
	at 	at ch.qos.logback.core.joran.spi.Interpreter.callEndAction(Interpreter.java:309)
	at 	at ch.qos.logback.core.joran.spi.Interpreter.endElement(Interpreter.java:193)
	at 	at ch.qos.logback.core.joran.spi.Interpreter.endElement(Interpreter.java:179)
	at 	at ch.qos.logback.core.joran.spi.EventPlayer.play(EventPlayer.java:62)
	at 	at ch.qos.logback.core.joran.GenericConfigurator.doConfigure(GenericConfigurator.java:165)
	at 	at ch.qos.logback.core.joran.GenericConfigurator.doConfigure(GenericConfigurator.java:152)
	at 	at ch.qos.logback.core.joran.GenericConfigurator.doConfigure(GenericConfigurator.java:110)
	at 	at ch.qos.logback.core.joran.GenericConfigurator.doConfigure(GenericConfigurator.java:53)
	at 	at ch.qos.logback.classic.util.ContextInitializer.configureByResource(ContextInitializer.java:75)
	at 	at ch.qos.logback.classic.util.ContextInitializer.autoConfig(ContextInitializer.java:150)
	at 	at org.slf4j.impl.StaticLoggerBinder.init(StaticLoggerBinder.java:84)
	at 	at org.slf4j.impl.StaticLoggerBinder.<clinit>(StaticLoggerBinder.java:55)
	at 	at org.slf4j.LoggerFactory.bind(LoggerFactory.java:150)
	at 	at org.slf4j.LoggerFactory.performInitialization(LoggerFactory.java:124)
	at 	at org.slf4j.LoggerFactory.getILoggerFactory(LoggerFactory.java:412)
	at 	at org.slf4j.LoggerFactory.getLogger(LoggerFactory.java:357)
	at 	at org.slf4j.LoggerFactory.getLogger(LoggerFactory.java:383)
	at 	at com.spbsu.flamestream.runtime.WorkerApplication.<init>(WorkerApplication.java:26)
	at 	at com.spbsu.flamestream.runtime.WorkerApplication.main(WorkerApplication.java:68)
23:18:39,689 |-INFO in ch.qos.logback.classic.joran.action.RootLoggerAction - Setting level of ROOT logger to WARN
23:18:39,689 |-INFO in ch.qos.logback.core.joran.action.AppenderRefAction - Attaching appender named [STDOUT] to Logger[ROOT]
23:18:39,689 |-INFO in ch.qos.logback.core.joran.action.AppenderRefAction - Attaching appender named [FILE] to Logger[ROOT]
23:18:39,689 |-INFO in ch.qos.logback.classic.joran.action.ConfigurationAction - End of configuration.
23:18:39,690 |-INFO in ch.qos.logback.classic.joran.JoranConfigurator@3498ed - Registering current configuration as safe fallback point

2019-06-08T23:18:40.706+0300: 1.423: [GC (Metadata GC Threshold) [PSYoungGen: 97917K->15864K(149504K)] 97917K->15944K(491008K), 0.0196965 secs] [Times: user=0.12 sys=0.02, real=0.02 secs] 
2019-06-08T23:18:40.725+0300: 1.443: [Full GC (Metadata GC Threshold) [PSYoungGen: 15864K->0K(149504K)] [ParOldGen: 80K->15081K(341504K)] 15944K->15081K(491008K), [Metaspace: 20805K->20805K(1067008K)], 0.0250027 secs] [Times: user=0.15 sys=0.01, real=0.02 secs] 
23:18:53.503 [Curator-PathChildrenCache-1] WARN  o.a.c.u.ZKPaths  - The version of ZooKeeper being used doesn't support Container nodes. CreateMode.PERSISTENT will be used instead.
2019-06-08T23:18:54.814+0300: 15.531: [GC (Allocation Failure) [PSYoungGen: 128512K->15872K(149504K)] 143593K->50492K(491008K), 0.0271074 secs] [Times: user=0.21 sys=0.02, real=0.03 secs] 
2019-06-08T23:18:54.870+0300: 15.587: [GC (Metadata GC Threshold) [PSYoungGen: 25455K->5489K(149504K)] 60075K->40117K(491008K), 0.0034830 secs] [Times: user=0.03 sys=0.01, real=0.00 secs] 
2019-06-08T23:18:54.873+0300: 15.591: [Full GC (Metadata GC Threshold) [PSYoungGen: 5489K->0K(149504K)] [ParOldGen: 34628K->29356K(341504K)] 40117K->29356K(491008K), [Metaspace: 34548K->34548K(1079296K)], 0.0328226 secs] [Times: user=0.17 sys=0.01, real=0.04 secs] 
2019-06-08T23:18:56.903+0300: 17.621: [GC (Allocation Failure) [PSYoungGen: 128512K->640K(149504K)] 157868K->30004K(491008K), 0.0023853 secs] [Times: user=0.01 sys=0.00, real=0.00 secs] 
2019-06-08T23:18:58.637+0300: 19.456: [GC (Allocation Failure) [PSYoungGen: 129152K->640K(129536K)] 158516K->30012K(471040K), 0.1059350 secs] [Times: user=0.02 sys=0.00, real=0.11 secs] 
2019-06-08T23:18:59.958+0300: 20.676: [GC (Allocation Failure) [PSYoungGen: 129152K->736K(149504K)] 158524K->30116K(491008K), 0.0034046 secs] [Times: user=0.02 sys=0.00, real=0.01 secs] 
2019-06-08T23:19:01.429+0300: 22.147: [GC (Allocation Failure) [PSYoungGen: 128736K->800K(148992K)] 158116K->30188K(490496K), 0.0028333 secs] [Times: user=0.00 sys=0.01, real=0.00 secs] 
2019-06-08T23:19:02.692+0300: 23.409: [GC (Allocation Failure) [PSYoungGen: 128800K->608K(150528K)] 158188K->30332K(492032K), 0.0095835 secs] [Times: user=0.09 sys=0.00, real=0.01 secs] 
2019-06-08T23:19:03.935+0300: 24.653: [GC (Allocation Failure) [PSYoungGen: 130656K->544K(150016K)] 160380K->30476K(491520K), 0.0700223 secs] [Times: user=0.01 sys=0.00, real=0.07 secs] 
2019-06-08T23:19:05.759+0300: 26.476: [GC (Allocation Failure) [PSYoungGen: 130592K->544K(152064K)] 160524K->30556K(493568K), 0.0028198 secs] [Times: user=0.01 sys=0.00, real=0.00 secs] 
2019-06-08T23:19:07.294+0300: 28.011: [GC (Allocation Failure) [PSYoungGen: 133664K->608K(151552K)] 163676K->30620K(493056K), 0.0038924 secs] [Times: user=0.02 sys=0.00, real=0.01 secs] 
2019-06-08T23:19:08.022+0300: 28.740: [GC (Allocation Failure) [PSYoungGen: 133728K->480K(153600K)] 163740K->30500K(495104K), 0.0025408 secs] [Times: user=0.01 sys=0.00, real=0.00 secs] 
2019-06-08T23:19:09.042+0300: 29.760: [GC (Allocation Failure) [PSYoungGen: 136672K->608K(153088K)] 166692K->30628K(494592K), 0.0742001 secs] [Times: user=0.01 sys=0.01, real=0.07 secs] 
2019-06-08T23:19:10.231+0300: 30.949: [GC (Allocation Failure) [PSYoungGen: 136800K->480K(155136K)] 166820K->30500K(496640K), 0.0037953 secs] [Times: user=0.03 sys=0.01, real=0.01 secs] 
2019-06-08T23:19:11.588+0300: 32.306: [GC (Allocation Failure) [PSYoungGen: 139744K->640K(154624K)] 169764K->30660K(496128K), 0.0024790 secs] [Times: user=0.01 sys=0.00, real=0.00 secs] 
2019-06-08T23:19:12.677+0300: 33.394: [GC (Allocation Failure) [PSYoungGen: 139904K->608K(156672K)] 169924K->30628K(498176K), 0.0030814 secs] [Times: user=0.01 sys=0.00, real=0.00 secs] 
2019-06-08T23:19:14.585+0300: 35.303: [GC (Allocation Failure) [PSYoungGen: 142944K->576K(156160K)] 172964K->30604K(497664K), 0.0863887 secs] [Times: user=0.01 sys=0.00, real=0.08 secs] 
2019-06-08T23:19:16.011+0300: 36.728: [GC (Allocation Failure) [PSYoungGen: 142912K->640K(158208K)] 172940K->30676K(499712K), 0.0037830 secs] [Times: user=0.02 sys=0.00, real=0.01 secs] 
2019-06-08T23:19:17.543+0300: 38.261: [GC (Allocation Failure) [PSYoungGen: 146048K->576K(157696K)] 176084K->30612K(499200K), 0.0027543 secs] [Times: user=0.01 sys=0.00, real=0.00 secs] 
2019-06-08T23:19:18.928+0300: 39.646: [GC (Allocation Failure) [PSYoungGen: 145984K->576K(159744K)] 176020K->30612K(501248K), 0.0023028 secs] [Times: user=0.01 sys=0.01, real=0.00 secs] 
2019-06-08T23:19:21.015+0300: 41.732: [GC (Allocation Failure) [PSYoungGen: 149056K->544K(159232K)] 179092K->30580K(500736K), 0.0018960 secs] [Times: user=0.01 sys=0.01, real=0.00 secs] 
23:19:31.459 [Curator-PathChildrenCache-0] ERROR o.a.c.f.r.c.PathChildrenCache  - 
java.lang.IllegalStateException: instance must be started before calling this method
	at org.apache.curator.shaded.com.google.common.base.Preconditions.checkState(Preconditions.java:444)
	at org.apache.curator.framework.imps.CuratorFrameworkImpl.getChildren(CuratorFrameworkImpl.java:456)
	at org.apache.curator.framework.recipes.cache.PathChildrenCache.refresh(PathChildrenCache.java:521)
	at org.apache.curator.framework.recipes.cache.RefreshOperation.invoke(RefreshOperation.java:35)
	at org.apache.curator.framework.recipes.cache.PathChildrenCache$9.run(PathChildrenCache.java:786)
	at java.util.concurrent.Executors$RunnableAdapter.call(Executors.java:511)
	at java.util.concurrent.FutureTask.run(FutureTask.java:266)
	at java.util.concurrent.Executors$RunnableAdapter.call(Executors.java:511)
	at java.util.concurrent.FutureTask.run(FutureTask.java:266)
	at java.util.concurrent.ThreadPoolExecutor.runWorker(ThreadPoolExecutor.java:1149)
	at java.util.concurrent.ThreadPoolExecutor$Worker.run(ThreadPoolExecutor.java:624)
	at java.lang.Thread.run(Thread.java:748)
23:19:31.556 [worker-akka.actor.default-dispatcher-10] ERROR c.s.f.r.WorkerApplication  - Something went wrong during trace flush
java.nio.file.AccessDeniedException: /tmp/trace.csv
	at sun.nio.fs.UnixException.translateToIOException(UnixException.java:84)
	at sun.nio.fs.UnixException.rethrowAsIOException(UnixException.java:102)
	at sun.nio.fs.UnixException.rethrowAsIOException(UnixException.java:107)
	at sun.nio.fs.UnixFileSystemProvider.newByteChannel(UnixFileSystemProvider.java:214)
	at java.nio.file.spi.FileSystemProvider.newOutputStream(FileSystemProvider.java:434)
	at java.nio.file.Files.newOutputStream(Files.java:216)
	at java.nio.file.Files.newBufferedWriter(Files.java:2860)
	at java.nio.file.Files.newBufferedWriter(Files.java:2896)
	at com.spbsu.flamestream.runtime.utils.tracing.Tracing.flush(Tracing.java:35)
	at com.spbsu.flamestream.runtime.WorkerApplication.lambda$run$0(WorkerApplication.java:109)
	at akka.actor.ActorSystemImpl$TerminationCallbacks$$anonfun$addRec$1$1.applyOrElse(ActorSystem.scala:1036)
	at akka.actor.ActorSystemImpl$TerminationCallbacks$$anonfun$addRec$1$1.applyOrElse(ActorSystem.scala:1036)
	at scala.concurrent.Future$$anonfun$andThen$1.apply(Future.scala:436)
	at scala.concurrent.Future$$anonfun$andThen$1.apply(Future.scala:435)
	at scala.concurrent.impl.CallbackRunnable.run(Promise.scala:36)
	at akka.dispatch.BatchingExecutor$AbstractBatch.processBatch(BatchingExecutor.scala:55)
	at akka.dispatch.BatchingExecutor$BlockableBatch$$anonfun$run$1.apply$mcV$sp(BatchingExecutor.scala:91)
	at akka.dispatch.BatchingExecutor$BlockableBatch$$anonfun$run$1.apply(BatchingExecutor.scala:91)
	at akka.dispatch.BatchingExecutor$BlockableBatch$$anonfun$run$1.apply(BatchingExecutor.scala:91)
	at scala.concurrent.BlockContext$.withBlockContext(BlockContext.scala:72)
	at akka.dispatch.BatchingExecutor$BlockableBatch.run(BatchingExecutor.scala:90)
	at akka.dispatch.TaskInvocation.run(AbstractDispatcher.scala:40)
	at akka.dispatch.ForkJoinExecutorConfigurator$AkkaForkJoinTask.exec(ForkJoinExecutorConfigurator.scala:44)
	at akka.dispatch.forkjoin.ForkJoinTask.doExec(ForkJoinTask.java:260)
	at akka.dispatch.forkjoin.ForkJoinPool$WorkQueue.runTask(ForkJoinPool.java:1339)
	at akka.dispatch.forkjoin.ForkJoinPool.runWorker(ForkJoinPool.java:1979)
	at akka.dispatch.forkjoin.ForkJoinWorkerThread.run(ForkJoinWorkerThread.java:107)
Heap
 PSYoungGen      total 159232K, used 84148K [0x00000000f5980000, 0x0000000100000000, 0x0000000100000000)
  eden space 148480K, 56% used [0x00000000f5980000,0x00000000fab24fb0,0x00000000fea80000)
  from space 10752K, 5% used [0x00000000fea80000,0x00000000feb08060,0x00000000ff500000)
  to   space 10240K, 0% used [0x00000000ff600000,0x00000000ff600000,0x0000000100000000)
 ParOldGen       total 341504K, used 30036K [0x00000000e0c00000, 0x00000000f5980000, 0x00000000f5980000)
  object space 341504K, 8% used [0x00000000e0c00000,0x00000000e2955138,0x00000000f5980000)
 Metaspace       used 35931K, capacity 36768K, committed 36952K, reserved 1081344K
  class space    used 4948K, capacity 5130K, committed 5248K, reserved 1048576K
