17:24:44,884 |-INFO in ch.qos.logback.classic.LoggerContext[default] - Could NOT find resource [logback-test.xml]
17:24:44,884 |-INFO in ch.qos.logback.classic.LoggerContext[default] - Could NOT find resource [logback.groovy]
17:24:44,884 |-INFO in ch.qos.logback.classic.LoggerContext[default] - Found resource [logback.xml] at [jar:file:/root/flamestream/lib/flamestream-runtime-1.0-SNAPSHOT.jar!/logback.xml]
17:24:44,885 |-WARN in ch.qos.logback.classic.LoggerContext[default] - Resource [logback.xml] occurs multiple times on the classpath.
17:24:44,885 |-WARN in ch.qos.logback.classic.LoggerContext[default] - Resource [logback.xml] occurs at [jar:file:/root/flamestream/lib/flamestream-runtime-1.0-SNAPSHOT.jar!/logback.xml]
17:24:44,885 |-WARN in ch.qos.logback.classic.LoggerContext[default] - Resource [logback.xml] occurs at [jar:file:/root/flamestream/flamestream-runtime-1.0-SNAPSHOT.jar!/logback.xml]
17:24:44,904 |-INFO in ch.qos.logback.core.joran.spi.ConfigurationWatchList@3fb6a447 - URL [jar:file:/root/flamestream/lib/flamestream-runtime-1.0-SNAPSHOT.jar!/logback.xml] is not of type file
17:24:44,974 |-INFO in ch.qos.logback.classic.joran.action.ConfigurationAction - debug attribute not set
17:24:44,974 |-INFO in ch.qos.logback.core.joran.action.AppenderAction - About to instantiate appender of type [ch.qos.logback.core.ConsoleAppender]
17:24:44,990 |-INFO in ch.qos.logback.core.joran.action.AppenderAction - Naming appender as [STDOUT]
17:24:45,009 |-INFO in ch.qos.logback.core.joran.action.NestedComplexPropertyIA - Assuming default type [ch.qos.logback.classic.encoder.PatternLayoutEncoder] for [encoder] property
17:24:45,092 |-INFO in ch.qos.logback.core.joran.action.AppenderAction - About to instantiate appender of type [ch.qos.logback.core.rolling.RollingFileAppender]
17:24:45,097 |-INFO in ch.qos.logback.core.joran.action.AppenderAction - Naming appender as [FILE]
17:24:45,127 |-INFO in c.q.l.core.rolling.TimeBasedRollingPolicy@127618319 - No compression will be used
17:24:45,128 |-INFO in c.q.l.core.rolling.TimeBasedRollingPolicy@127618319 - Will use the pattern /tmp/application_%d{yyyy-MM-dd}.%i.log for the active file
17:24:45,131 |-INFO in ch.qos.logback.core.rolling.SizeAndTimeBasedFNATP@6b2fad11 - The date pattern is 'yyyy-MM-dd' from file name pattern '/tmp/application_%d{yyyy-MM-dd}.%i.log'.
17:24:45,131 |-INFO in ch.qos.logback.core.rolling.SizeAndTimeBasedFNATP@6b2fad11 - Roll-over at midnight.
17:24:45,137 |-INFO in ch.qos.logback.core.rolling.SizeAndTimeBasedFNATP@6b2fad11 - Setting initial period to Mon Jun 10 17:23:14 UTC 2019
17:24:45,137 |-WARN in ch.qos.logback.core.rolling.SizeAndTimeBasedFNATP@6b2fad11 - SizeAndTimeBasedFNATP is deprecated. Use SizeAndTimeBasedRollingPolicy instead
17:24:45,137 |-WARN in ch.qos.logback.core.rolling.SizeAndTimeBasedFNATP@6b2fad11 - For more information see http://logback.qos.ch/manual/appenders.html#SizeAndTimeBasedRollingPolicy
17:24:45,141 |-INFO in ch.qos.logback.core.joran.action.NestedComplexPropertyIA - Assuming default type [ch.qos.logback.classic.encoder.PatternLayoutEncoder] for [encoder] property
17:24:45,146 |-INFO in ch.qos.logback.core.rolling.RollingFileAppender[FILE] - Active log file name: /tmp/application.log
17:24:45,146 |-INFO in ch.qos.logback.core.rolling.RollingFileAppender[FILE] - File property is set to [/tmp/application.log]
17:24:45,147 |-INFO in ch.qos.logback.classic.joran.action.RootLoggerAction - Setting level of ROOT logger to WARN
17:24:45,147 |-INFO in ch.qos.logback.core.joran.action.AppenderRefAction - Attaching appender named [STDOUT] to Logger[ROOT]
17:24:45,149 |-INFO in ch.qos.logback.core.joran.action.AppenderRefAction - Attaching appender named [FILE] to Logger[ROOT]
17:24:45,149 |-INFO in ch.qos.logback.classic.joran.action.ConfigurationAction - End of configuration.
17:24:45,149 |-INFO in ch.qos.logback.classic.joran.JoranConfigurator@79698539 - Registering current configuration as safe fallback point

Ama winner
Ama winner
2019-06-10T17:24:46.767+0000: 2.069: [Full GC (Metadata GC Threshold) 2019-06-10T17:24:46.767+0000: 2.069: [Tenured: 0K->15145K(341376K), 0.0388732 secs] 117782K->15145K(494976K), [Metaspace: 20738K->20738K(1067008K)], 0.0389399 secs] [Times: user=0.03 sys=0.01, real=0.04 secs] 
17:25:08.561 [Curator-PathChildrenCache-1] WARN  o.a.c.u.ZKPaths  - The version of ZooKeeper being used doesn't support Container nodes. CreateMode.PERSISTENT will be used instead.
2019-06-10T17:25:11.172+0000: 26.474: [GC (Allocation Failure) 2019-06-10T17:25:11.172+0000: 26.474: [DefNew: 136576K->17023K(153600K), 0.0268891 secs] 151721K->52764K(494976K), 0.0269734 secs] [Times: user=0.02 sys=0.00, real=0.02 secs] 
2019-06-10T17:25:12.451+0000: 27.753: [Full GC (Metadata GC Threshold) 2019-06-10T17:25:12.451+0000: 27.753: [Tenured: 35740K->44430K(341376K), 0.0431679 secs] 87818K->44430K(494976K), [Metaspace: 34608K->34608K(1079296K)], 0.0432501 secs] [Times: user=0.03 sys=0.01, real=0.04 secs] 
2019-06-10T17:25:17.691+0000: 32.994: [GC (Allocation Failure) 2019-06-10T17:25:17.692+0000: 32.994: [DefNew: 136576K->72K(153600K), 0.0018239 secs] 181006K->44502K(494976K), 0.0030512 secs] [Times: user=0.00 sys=0.00, real=0.01 secs] 
2019-06-10T17:25:22.798+0000: 38.100: [GC (Allocation Failure) 2019-06-10T17:25:22.798+0000: 38.100: [DefNew: 136648K->70K(153600K), 0.0017631 secs] 181078K->44500K(494976K), 0.0018263 secs] [Times: user=0.00 sys=0.00, real=0.01 secs] 
2019-06-10T17:25:27.789+0000: 43.091: [GC (Allocation Failure) 2019-06-10T17:25:27.789+0000: 43.091: [DefNew: 136646K->81K(153600K), 0.0017524 secs] 181076K->44512K(494976K), 0.0018140 secs] [Times: user=0.00 sys=0.00, real=0.01 secs] 
2019-06-10T17:25:32.790+0000: 48.092: [GC (Allocation Failure) 2019-06-10T17:25:32.790+0000: 48.092: [DefNew: 136657K->73K(153600K), 0.0017443 secs] 181088K->44503K(494976K), 0.0018048 secs] [Times: user=0.00 sys=0.00, real=0.01 secs] 
17:25:42.242 [Curator-PathChildrenCache-0] ERROR o.a.c.f.r.c.PathChildrenCache  - 
java.lang.IllegalStateException: instance must be started before calling this method
	at org.apache.curator.shaded.com.google.common.base.Preconditions.checkState(Preconditions.java:444)
	at org.apache.curator.framework.imps.CuratorFrameworkImpl.getChildren(CuratorFrameworkImpl.java:456)
	at org.apache.curator.framework.recipes.cache.PathChildrenCache.refresh(PathChildrenCache.java:521)
	at org.apache.curator.framework.recipes.cache.RefreshOperation.invoke(RefreshOperation.java:35)
	at org.apache.curator.framework.recipes.cache.PathChildrenCache$9.run(PathChildrenCache.java:786)
	at java.util.concurrent.Executors$RunnableAdapter.call(Executors.java:511)
	at java.util.concurrent.FutureTask.run(FutureTask.java:266)
	at java.util.concurrent.Executors$RunnableAdapter.call(Executors.java:511)
	at java.util.concurrent.FutureTask.run(FutureTask.java:266)
	at java.util.concurrent.ThreadPoolExecutor.runWorker(ThreadPoolExecutor.java:1149)
	at java.util.concurrent.ThreadPoolExecutor$Worker.run(ThreadPoolExecutor.java:624)
	at java.lang.Thread.run(Thread.java:748)
2019-06-10T17:25:42.826+0000: 58.128: [GC (Allocation Failure) 2019-06-10T17:25:42.826+0000: 58.128: [DefNew: 136649K->652K(153600K), 0.0029179 secs] 181079K->45083K(494976K), 0.0029806 secs] [Times: user=0.00 sys=0.00, real=0.00 secs] 
Heap
 def new generation   total 153600K, used 13758K [0x00000000e0c00000, 0x00000000eb2a0000, 0x00000000eb2a0000)
  eden space 136576K,   9% used [0x00000000e0c00000, 0x00000000e18cc858, 0x00000000e9160000)
  from space 17024K,   3% used [0x00000000e9160000, 0x00000000e9203378, 0x00000000ea200000)
  to   space 17024K,   0% used [0x00000000ea200000, 0x00000000ea200000, 0x00000000eb2a0000)
 tenured generation   total 341376K, used 44430K [0x00000000eb2a0000, 0x0000000100000000, 0x0000000100000000)
   the space 341376K,  13% used [0x00000000eb2a0000, 0x00000000ede038d8, 0x00000000ede03a00, 0x0000000100000000)
 Metaspace       used 35859K, capacity 36774K, committed 37120K, reserved 1081344K
  class space    used 4828K, capacity 5043K, committed 5120K, reserved 1048576K
