15:15:35,268 |-INFO in ch.qos.logback.classic.LoggerContext[default] - Could NOT find resource [logback-test.xml]
15:15:35,269 |-INFO in ch.qos.logback.classic.LoggerContext[default] - Could NOT find resource [logback.groovy]
15:15:35,269 |-INFO in ch.qos.logback.classic.LoggerContext[default] - Found resource [logback.xml] at [jar:file:/root/flamestream/lib/flamestream-runtime-1.0-SNAPSHOT.jar!/logback.xml]
15:15:35,269 |-WARN in ch.qos.logback.classic.LoggerContext[default] - Resource [logback.xml] occurs multiple times on the classpath.
15:15:35,274 |-WARN in ch.qos.logback.classic.LoggerContext[default] - Resource [logback.xml] occurs at [jar:file:/root/flamestream/lib/flamestream-runtime-1.0-SNAPSHOT.jar!/logback.xml]
15:15:35,274 |-WARN in ch.qos.logback.classic.LoggerContext[default] - Resource [logback.xml] occurs at [jar:file:/root/flamestream/flamestream-runtime-1.0-SNAPSHOT.jar!/logback.xml]
15:15:35,292 |-INFO in ch.qos.logback.core.joran.spi.ConfigurationWatchList@3fb6a447 - URL [jar:file:/root/flamestream/lib/flamestream-runtime-1.0-SNAPSHOT.jar!/logback.xml] is not of type file
15:15:35,363 |-INFO in ch.qos.logback.classic.joran.action.ConfigurationAction - debug attribute not set
15:15:35,364 |-INFO in ch.qos.logback.core.joran.action.AppenderAction - About to instantiate appender of type [ch.qos.logback.core.ConsoleAppender]
15:15:35,380 |-INFO in ch.qos.logback.core.joran.action.AppenderAction - Naming appender as [STDOUT]
15:15:35,400 |-INFO in ch.qos.logback.core.joran.action.NestedComplexPropertyIA - Assuming default type [ch.qos.logback.classic.encoder.PatternLayoutEncoder] for [encoder] property
15:15:35,478 |-INFO in ch.qos.logback.core.joran.action.AppenderAction - About to instantiate appender of type [ch.qos.logback.core.rolling.RollingFileAppender]
15:15:35,483 |-INFO in ch.qos.logback.core.joran.action.AppenderAction - Naming appender as [FILE]
15:15:35,515 |-INFO in c.q.l.core.rolling.TimeBasedRollingPolicy@127618319 - No compression will be used
15:15:35,516 |-INFO in c.q.l.core.rolling.TimeBasedRollingPolicy@127618319 - Will use the pattern /tmp/application_%d{yyyy-MM-dd}.%i.log for the active file
15:15:35,519 |-INFO in ch.qos.logback.core.rolling.SizeAndTimeBasedFNATP@6b2fad11 - The date pattern is 'yyyy-MM-dd' from file name pattern '/tmp/application_%d{yyyy-MM-dd}.%i.log'.
15:15:35,519 |-INFO in ch.qos.logback.core.rolling.SizeAndTimeBasedFNATP@6b2fad11 - Roll-over at midnight.
15:15:35,524 |-INFO in ch.qos.logback.core.rolling.SizeAndTimeBasedFNATP@6b2fad11 - Setting initial period to Mon Jun 10 15:14:16 UTC 2019
15:15:35,524 |-WARN in ch.qos.logback.core.rolling.SizeAndTimeBasedFNATP@6b2fad11 - SizeAndTimeBasedFNATP is deprecated. Use SizeAndTimeBasedRollingPolicy instead
15:15:35,524 |-WARN in ch.qos.logback.core.rolling.SizeAndTimeBasedFNATP@6b2fad11 - For more information see http://logback.qos.ch/manual/appenders.html#SizeAndTimeBasedRollingPolicy
15:15:35,528 |-INFO in ch.qos.logback.core.joran.action.NestedComplexPropertyIA - Assuming default type [ch.qos.logback.classic.encoder.PatternLayoutEncoder] for [encoder] property
15:15:35,533 |-INFO in ch.qos.logback.core.rolling.RollingFileAppender[FILE] - Active log file name: /tmp/application.log
15:15:35,533 |-INFO in ch.qos.logback.core.rolling.RollingFileAppender[FILE] - File property is set to [/tmp/application.log]
15:15:35,534 |-INFO in ch.qos.logback.classic.joran.action.RootLoggerAction - Setting level of ROOT logger to WARN
15:15:35,534 |-INFO in ch.qos.logback.core.joran.action.AppenderRefAction - Attaching appender named [STDOUT] to Logger[ROOT]
15:15:35,536 |-INFO in ch.qos.logback.core.joran.action.AppenderRefAction - Attaching appender named [FILE] to Logger[ROOT]
15:15:35,536 |-INFO in ch.qos.logback.classic.joran.action.ConfigurationAction - End of configuration.
15:15:35,536 |-INFO in ch.qos.logback.classic.joran.JoranConfigurator@79698539 - Registering current configuration as safe fallback point

Ama winner
Ama winner
2019-06-10T15:15:36.886+0000: 1.798: [Full GC (Metadata GC Threshold) 2019-06-10T15:15:36.886+0000: 1.798: [Tenured: 0K->15209K(341376K), 0.0398213 secs] 114923K->15209K(494976K), [Metaspace: 20737K->20737K(1067008K)], 0.0398892 secs] [Times: user=0.04 sys=0.00, real=0.04 secs] 
15:15:51.427 [Curator-PathChildrenCache-1] WARN  o.a.c.u.ZKPaths  - The version of ZooKeeper being used doesn't support Container nodes. CreateMode.PERSISTENT will be used instead.
2019-06-10T15:15:53.451+0000: 18.363: [GC (Allocation Failure) 2019-06-10T15:15:53.451+0000: 18.363: [DefNew: 136576K->17023K(153600K), 0.0257756 secs] 151785K->52723K(494976K), 0.0258494 secs] [Times: user=0.02 sys=0.01, real=0.03 secs] 
2019-06-10T15:15:57.004+0000: 21.916: [Full GC (Metadata GC Threshold) 2019-06-10T15:15:57.004+0000: 21.916: [Tenured: 35699K->44600K(341376K), 0.0507744 secs] 117169K->44600K(494976K), [Metaspace: 34596K->34596K(1079296K)], 0.0508673 secs] [Times: user=0.04 sys=0.01, real=0.06 secs] 
2019-06-10T15:16:03.884+0000: 28.796: [GC (Allocation Failure) 2019-06-10T15:16:03.884+0000: 28.796: [DefNew: 136576K->58K(153600K), 0.0017616 secs] 181176K->44659K(494976K), 0.0018318 secs] [Times: user=0.01 sys=0.00, real=0.01 secs] 
2019-06-10T15:16:10.623+0000: 35.535: [GC (Allocation Failure) 2019-06-10T15:16:10.623+0000: 35.535: [DefNew: 136634K->67K(153600K), 0.0017005 secs] 181235K->44667K(494976K), 0.0017650 secs] [Times: user=0.00 sys=0.00, real=0.00 secs] 
2019-06-10T15:16:17.379+0000: 42.291: [GC (Allocation Failure) 2019-06-10T15:16:17.379+0000: 42.291: [DefNew: 136643K->62K(153600K), 0.0016568 secs] 181243K->44662K(494976K), 0.0017254 secs] [Times: user=0.00 sys=0.00, real=0.00 secs] 
2019-06-10T15:16:24.151+0000: 49.063: [GC (Allocation Failure) 2019-06-10T15:16:24.151+0000: 49.063: [DefNew: 136638K->62K(153600K), 0.0016430 secs] 181238K->44662K(494976K), 0.0017035 secs] [Times: user=0.01 sys=0.00, real=0.00 secs] 
2019-06-10T15:16:32.252+0000: 57.164: [GC (Allocation Failure) 2019-06-10T15:16:32.252+0000: 57.164: [DefNew: 136638K->61K(153600K), 0.0017501 secs] 181238K->44661K(494976K), 0.0018215 secs] [Times: user=0.00 sys=0.00, real=0.01 secs] 
15:16:39.119 [Curator-PathChildrenCache-0] ERROR o.a.c.f.r.c.PathChildrenCache  - 
java.lang.IllegalStateException: instance must be started before calling this method
	at org.apache.curator.shaded.com.google.common.base.Preconditions.checkState(Preconditions.java:444)
	at org.apache.curator.framework.imps.CuratorFrameworkImpl.getChildren(CuratorFrameworkImpl.java:456)
	at org.apache.curator.framework.recipes.cache.PathChildrenCache.refresh(PathChildrenCache.java:521)
	at org.apache.curator.framework.recipes.cache.RefreshOperation.invoke(RefreshOperation.java:35)
	at org.apache.curator.framework.recipes.cache.PathChildrenCache$9.run(PathChildrenCache.java:786)
	at java.util.concurrent.Executors$RunnableAdapter.call(Executors.java:511)
	at java.util.concurrent.FutureTask.run(FutureTask.java:266)
	at java.util.concurrent.Executors$RunnableAdapter.call(Executors.java:511)
	at java.util.concurrent.FutureTask.run(FutureTask.java:266)
	at java.util.concurrent.ThreadPoolExecutor.runWorker(ThreadPoolExecutor.java:1149)
	at java.util.concurrent.ThreadPoolExecutor$Worker.run(ThreadPoolExecutor.java:624)
	at java.lang.Thread.run(Thread.java:748)
Heap
 def new generation   total 153600K, used 55635K [0x00000000e0c00000, 0x00000000eb2a0000, 0x00000000eb2a0000)
  eden space 136576K,  40% used [0x00000000e0c00000, 0x00000000e42457f0, 0x00000000e9160000)
  from space 17024K,   0% used [0x00000000e9160000, 0x00000000e916f638, 0x00000000ea200000)
  to   space 17024K,   0% used [0x00000000ea200000, 0x00000000ea200000, 0x00000000eb2a0000)
 tenured generation   total 341376K, used 44600K [0x00000000eb2a0000, 0x0000000100000000, 0x0000000100000000)
   the space 341376K,  13% used [0x00000000eb2a0000, 0x00000000ede2e108, 0x00000000ede2e200, 0x0000000100000000)
 Metaspace       used 36044K, capacity 36986K, committed 37120K, reserved 1081344K
  class space    used 4856K, capacity 5073K, committed 5120K, reserved 1048576K
