08:28:34,991 |-INFO in ch.qos.logback.classic.LoggerContext[default] - Could NOT find resource [logback-test.xml]
08:28:34,991 |-INFO in ch.qos.logback.classic.LoggerContext[default] - Could NOT find resource [logback.groovy]
08:28:34,991 |-INFO in ch.qos.logback.classic.LoggerContext[default] - Found resource [logback.xml] at [jar:file:/home/nikitasokolov/flamestream/lib/flamestream-runtime-1.0-SNAPSHOT.jar!/logback.xml]
08:28:34,992 |-WARN in ch.qos.logback.classic.LoggerContext[default] - Resource [logback.xml] occurs multiple times on the classpath.
08:28:34,992 |-WARN in ch.qos.logback.classic.LoggerContext[default] - Resource [logback.xml] occurs at [jar:file:/home/nikitasokolov/flamestream/lib/flamestream-runtime-1.0-SNAPSHOT.jar!/logback.xml]
08:28:34,992 |-WARN in ch.qos.logback.classic.LoggerContext[default] - Resource [logback.xml] occurs at [jar:file:/home/nikitasokolov/flamestream/flamestream-runtime-1.0-SNAPSHOT.jar!/logback.xml]
08:28:35,009 |-INFO in ch.qos.logback.core.joran.spi.ConfigurationWatchList@6108b2d7 - URL [jar:file:/home/nikitasokolov/flamestream/lib/flamestream-runtime-1.0-SNAPSHOT.jar!/logback.xml] is not of type file
08:28:35,061 |-INFO in ch.qos.logback.classic.joran.action.ConfigurationAction - debug attribute not set
08:28:35,062 |-INFO in ch.qos.logback.core.joran.action.AppenderAction - About to instantiate appender of type [ch.qos.logback.core.ConsoleAppender]
08:28:35,073 |-INFO in ch.qos.logback.core.joran.action.AppenderAction - Naming appender as [STDOUT]
08:28:35,082 |-INFO in ch.qos.logback.core.joran.action.NestedComplexPropertyIA - Assuming default type [ch.qos.logback.classic.encoder.PatternLayoutEncoder] for [encoder] property
08:28:35,137 |-INFO in ch.qos.logback.core.joran.action.AppenderAction - About to instantiate appender of type [ch.qos.logback.core.rolling.RollingFileAppender]
08:28:35,142 |-INFO in ch.qos.logback.core.joran.action.AppenderAction - Naming appender as [FILE]
08:28:35,164 |-INFO in c.q.l.core.rolling.TimeBasedRollingPolicy@357863579 - No compression will be used
08:28:35,165 |-INFO in c.q.l.core.rolling.TimeBasedRollingPolicy@357863579 - Will use the pattern /tmp/application_%d{yyyy-MM-dd}.%i.log for the active file
08:28:35,168 |-INFO in ch.qos.logback.core.rolling.SizeAndTimeBasedFNATP@6bf256fa - The date pattern is 'yyyy-MM-dd' from file name pattern '/tmp/application_%d{yyyy-MM-dd}.%i.log'.
08:28:35,168 |-INFO in ch.qos.logback.core.rolling.SizeAndTimeBasedFNATP@6bf256fa - Roll-over at midnight.
08:28:35,173 |-INFO in ch.qos.logback.core.rolling.SizeAndTimeBasedFNATP@6bf256fa - Setting initial period to Sun Jun 09 08:27:51 MSK 2019
08:28:35,173 |-WARN in ch.qos.logback.core.rolling.SizeAndTimeBasedFNATP@6bf256fa - SizeAndTimeBasedFNATP is deprecated. Use SizeAndTimeBasedRollingPolicy instead
08:28:35,173 |-WARN in ch.qos.logback.core.rolling.SizeAndTimeBasedFNATP@6bf256fa - For more information see http://logback.qos.ch/manual/appenders.html#SizeAndTimeBasedRollingPolicy
08:28:35,177 |-INFO in ch.qos.logback.core.joran.action.NestedComplexPropertyIA - Assuming default type [ch.qos.logback.classic.encoder.PatternLayoutEncoder] for [encoder] property
08:28:35,180 |-INFO in ch.qos.logback.core.rolling.RollingFileAppender[FILE] - Active log file name: /tmp/application.log
08:28:35,180 |-INFO in ch.qos.logback.core.rolling.RollingFileAppender[FILE] - File property is set to [/tmp/application.log]
08:28:35,181 |-INFO in ch.qos.logback.classic.joran.action.RootLoggerAction - Setting level of ROOT logger to WARN
08:28:35,182 |-INFO in ch.qos.logback.core.joran.action.AppenderRefAction - Attaching appender named [STDOUT] to Logger[ROOT]
08:28:35,182 |-INFO in ch.qos.logback.core.joran.action.AppenderRefAction - Attaching appender named [FILE] to Logger[ROOT]
08:28:35,182 |-INFO in ch.qos.logback.classic.joran.action.ConfigurationAction - End of configuration.
08:28:35,183 |-INFO in ch.qos.logback.classic.joran.JoranConfigurator@6cd8737 - Registering current configuration as safe fallback point

2019-06-09T08:28:36.178+0300: 1.383: [GC (Metadata GC Threshold) [PSYoungGen: 108151K->15788K(149504K)] 108151K->15868K(491008K), 0.0178972 secs] [Times: user=0.04 sys=0.02, real=0.01 secs] 
2019-06-09T08:28:36.196+0300: 1.401: [Full GC (Metadata GC Threshold) [PSYoungGen: 15788K->0K(149504K)] [ParOldGen: 80K->14981K(341504K)] 15868K->14981K(491008K), [Metaspace: 20800K->20800K(1067008K)], 0.0396530 secs] [Times: user=0.25 sys=0.01, real=0.04 secs] 
08:28:47.557 [Curator-PathChildrenCache-1] WARN  o.a.c.u.ZKPaths  - The version of ZooKeeper being used doesn't support Container nodes. CreateMode.PERSISTENT will be used instead.
2019-06-09T08:28:48.517+0300: 13.722: [GC (Metadata GC Threshold) [PSYoungGen: 125168K->15742K(149504K)] 140150K->50264K(491008K), 0.0261297 secs] [Times: user=0.20 sys=0.02, real=0.03 secs] 
2019-06-09T08:28:48.543+0300: 13.748: [Full GC (Metadata GC Threshold) [PSYoungGen: 15742K->0K(149504K)] [ParOldGen: 34521K->38846K(341504K)] 50264K->38846K(491008K), [Metaspace: 34558K->34558K(1079296K)], 0.0423340 secs] [Times: user=0.17 sys=0.02, real=0.04 secs] 
2019-06-09T08:28:50.750+0300: 15.955: [GC (Allocation Failure) [PSYoungGen: 128512K->448K(149504K)] 167358K->39302K(491008K), 0.0031623 secs] [Times: user=0.02 sys=0.00, real=0.00 secs] 
2019-06-09T08:28:52.695+0300: 17.900: [GC (Allocation Failure) [PSYoungGen: 128960K->576K(149504K)] 167814K->39438K(491008K), 0.0042113 secs] [Times: user=0.03 sys=0.00, real=0.01 secs] 
2019-06-09T08:28:54.596+0300: 19.801: [GC (Allocation Failure) [PSYoungGen: 129088K->608K(149504K)] 167950K->39470K(491008K), 0.0034507 secs] [Times: user=0.02 sys=0.01, real=0.01 secs] 
2019-06-09T08:28:55.765+0300: 20.970: [GC (Allocation Failure) [PSYoungGen: 129120K->576K(150016K)] 167982K->39446K(491520K), 0.0885241 secs] [Times: user=0.01 sys=0.00, real=0.09 secs] 
2019-06-09T08:28:57.601+0300: 22.806: [GC (Allocation Failure) [PSYoungGen: 129600K->608K(149504K)] 168470K->39486K(491008K), 0.0026992 secs] [Times: user=0.01 sys=0.00, real=0.00 secs] 
2019-06-09T08:28:59.275+0300: 24.480: [GC (Allocation Failure) [PSYoungGen: 129632K->608K(152064K)] 168510K->39486K(493568K), 0.0034112 secs] [Times: user=0.01 sys=0.00, real=0.01 secs] 
2019-06-09T08:29:00.789+0300: 25.995: [GC (Allocation Failure) [PSYoungGen: 133216K->800K(151040K)] 172094K->39686K(492544K), 0.0813997 secs] [Times: user=0.02 sys=0.00, real=0.09 secs] 
2019-06-09T08:29:02.420+0300: 27.625: [GC (Allocation Failure) [PSYoungGen: 133408K->864K(153600K)] 172294K->39758K(495104K), 0.0032438 secs] [Times: user=0.01 sys=0.00, real=0.00 secs] 
2019-06-09T08:29:04.128+0300: 29.333: [GC (Allocation Failure) [PSYoungGen: 136544K->1056K(152576K)] 175438K->39950K(494080K), 0.0043390 secs] [Times: user=0.02 sys=0.00, real=0.01 secs] 
2019-06-09T08:29:05.417+0300: 30.622: [GC (Allocation Failure) [PSYoungGen: 136736K->800K(155136K)] 175630K->39702K(496640K), 0.0027465 secs] [Times: user=0.01 sys=0.00, real=0.01 secs] 
2019-06-09T08:29:06.889+0300: 32.095: [GC (Allocation Failure) [PSYoungGen: 139552K->736K(154112K)] 178454K->39638K(495616K), 0.0029902 secs] [Times: user=0.01 sys=0.01, real=0.01 secs] 
2019-06-09T08:29:08.966+0300: 34.171: [GC (Allocation Failure) [PSYoungGen: 139488K->672K(156672K)] 178390K->39582K(498176K), 0.0036204 secs] [Times: user=0.02 sys=0.00, real=0.00 secs] 
08:29:17.145 [Curator-PathChildrenCache-0] ERROR o.a.c.f.r.c.PathChildrenCache  - 
java.lang.IllegalStateException: instance must be started before calling this method
	at org.apache.curator.shaded.com.google.common.base.Preconditions.checkState(Preconditions.java:444)
	at org.apache.curator.framework.imps.CuratorFrameworkImpl.getChildren(CuratorFrameworkImpl.java:456)
	at org.apache.curator.framework.recipes.cache.PathChildrenCache.refresh(PathChildrenCache.java:521)
	at org.apache.curator.framework.recipes.cache.RefreshOperation.invoke(RefreshOperation.java:35)
	at org.apache.curator.framework.recipes.cache.PathChildrenCache$9.run(PathChildrenCache.java:786)
	at java.util.concurrent.Executors$RunnableAdapter.call(Executors.java:511)
	at java.util.concurrent.FutureTask.run(FutureTask.java:266)
	at java.util.concurrent.Executors$RunnableAdapter.call(Executors.java:511)
	at java.util.concurrent.FutureTask.run(FutureTask.java:266)
	at java.util.concurrent.ThreadPoolExecutor.runWorker(ThreadPoolExecutor.java:1149)
	at java.util.concurrent.ThreadPoolExecutor$Worker.run(ThreadPoolExecutor.java:624)
	at java.lang.Thread.run(Thread.java:748)
Heap
 PSYoungGen      total 156672K, used 106058K [0x00000000f5980000, 0x0000000100000000, 0x0000000100000000)
  eden space 142336K, 74% used [0x00000000f5980000,0x00000000fc06a880,0x00000000fe480000)
  from space 14336K, 4% used [0x00000000ff200000,0x00000000ff2a8040,0x0000000100000000)
  to   space 13824K, 0% used [0x00000000fe480000,0x00000000fe480000,0x00000000ff200000)
 ParOldGen       total 341504K, used 38910K [0x00000000e0c00000, 0x00000000f5980000, 0x00000000f5980000)
  object space 341504K, 11% used [0x00000000e0c00000,0x00000000e31ff998,0x00000000f5980000)
 Metaspace       used 35744K, capacity 36614K, committed 36952K, reserved 1081344K
  class space    used 4936K, capacity 5129K, committed 5248K, reserved 1048576K
