18:09:17,780 |-INFO in ch.qos.logback.classic.LoggerContext[default] - Could NOT find resource [logback-test.xml]
18:09:17,780 |-INFO in ch.qos.logback.classic.LoggerContext[default] - Could NOT find resource [logback.groovy]
18:09:17,781 |-INFO in ch.qos.logback.classic.LoggerContext[default] - Found resource [logback.xml] at [jar:file:/root/flamestream/lib/flamestream-runtime-1.0-SNAPSHOT.jar!/logback.xml]
18:09:17,782 |-WARN in ch.qos.logback.classic.LoggerContext[default] - Resource [logback.xml] occurs multiple times on the classpath.
18:09:17,782 |-WARN in ch.qos.logback.classic.LoggerContext[default] - Resource [logback.xml] occurs at [jar:file:/root/flamestream/lib/flamestream-runtime-1.0-SNAPSHOT.jar!/logback.xml]
18:09:17,782 |-WARN in ch.qos.logback.classic.LoggerContext[default] - Resource [logback.xml] occurs at [jar:file:/root/flamestream/flamestream-runtime-1.0-SNAPSHOT.jar!/logback.xml]
18:09:17,801 |-INFO in ch.qos.logback.core.joran.spi.ConfigurationWatchList@3fb6a447 - URL [jar:file:/root/flamestream/lib/flamestream-runtime-1.0-SNAPSHOT.jar!/logback.xml] is not of type file
18:09:17,872 |-INFO in ch.qos.logback.classic.joran.action.ConfigurationAction - debug attribute not set
18:09:17,872 |-INFO in ch.qos.logback.core.joran.action.AppenderAction - About to instantiate appender of type [ch.qos.logback.core.ConsoleAppender]
18:09:17,890 |-INFO in ch.qos.logback.core.joran.action.AppenderAction - Naming appender as [STDOUT]
18:09:17,903 |-INFO in ch.qos.logback.core.joran.action.NestedComplexPropertyIA - Assuming default type [ch.qos.logback.classic.encoder.PatternLayoutEncoder] for [encoder] property
18:09:17,985 |-INFO in ch.qos.logback.core.joran.action.AppenderAction - About to instantiate appender of type [ch.qos.logback.core.rolling.RollingFileAppender]
18:09:17,993 |-INFO in ch.qos.logback.core.joran.action.AppenderAction - Naming appender as [FILE]
18:09:18,026 |-INFO in c.q.l.core.rolling.TimeBasedRollingPolicy@127618319 - No compression will be used
18:09:18,027 |-INFO in c.q.l.core.rolling.TimeBasedRollingPolicy@127618319 - Will use the pattern /tmp/application_%d{yyyy-MM-dd}.%i.log for the active file
18:09:18,030 |-INFO in ch.qos.logback.core.rolling.SizeAndTimeBasedFNATP@6b2fad11 - The date pattern is 'yyyy-MM-dd' from file name pattern '/tmp/application_%d{yyyy-MM-dd}.%i.log'.
18:09:18,030 |-INFO in ch.qos.logback.core.rolling.SizeAndTimeBasedFNATP@6b2fad11 - Roll-over at midnight.
18:09:18,036 |-INFO in ch.qos.logback.core.rolling.SizeAndTimeBasedFNATP@6b2fad11 - Setting initial period to Tue Jun 11 18:08:08 UTC 2019
18:09:18,036 |-WARN in ch.qos.logback.core.rolling.SizeAndTimeBasedFNATP@6b2fad11 - SizeAndTimeBasedFNATP is deprecated. Use SizeAndTimeBasedRollingPolicy instead
18:09:18,036 |-WARN in ch.qos.logback.core.rolling.SizeAndTimeBasedFNATP@6b2fad11 - For more information see http://logback.qos.ch/manual/appenders.html#SizeAndTimeBasedRollingPolicy
18:09:18,040 |-INFO in ch.qos.logback.core.joran.action.NestedComplexPropertyIA - Assuming default type [ch.qos.logback.classic.encoder.PatternLayoutEncoder] for [encoder] property
18:09:18,044 |-INFO in ch.qos.logback.core.rolling.RollingFileAppender[FILE] - Active log file name: /tmp/application.log
18:09:18,044 |-INFO in ch.qos.logback.core.rolling.RollingFileAppender[FILE] - File property is set to [/tmp/application.log]
18:09:18,045 |-INFO in ch.qos.logback.classic.joran.action.RootLoggerAction - Setting level of ROOT logger to WARN
18:09:18,046 |-INFO in ch.qos.logback.core.joran.action.AppenderRefAction - Attaching appender named [STDOUT] to Logger[ROOT]
18:09:18,047 |-INFO in ch.qos.logback.core.joran.action.AppenderRefAction - Attaching appender named [FILE] to Logger[ROOT]
18:09:18,048 |-INFO in ch.qos.logback.classic.joran.action.ConfigurationAction - End of configuration.
18:09:18,048 |-INFO in ch.qos.logback.classic.joran.JoranConfigurator@79698539 - Registering current configuration as safe fallback point

Ama winner
Ama winner
2019-06-11T18:09:19.435+0000: 1.840: [Full GC (Metadata GC Threshold) 2019-06-11T18:09:19.435+0000: 1.840: [Tenured: 0K->15143K(341376K), 0.0689275 secs] 114923K->15143K(494976K), [Metaspace: 20733K->20733K(1067008K)], 0.0689970 secs] [Times: user=0.04 sys=0.00, real=0.06 secs] 
18:09:30.910 [Curator-PathChildrenCache-2] WARN  o.a.c.u.ZKPaths  - The version of ZooKeeper being used doesn't support Container nodes. CreateMode.PERSISTENT will be used instead.
2019-06-11T18:09:32.606+0000: 15.011: [Full GC (Metadata GC Threshold) 2019-06-11T18:09:32.606+0000: 15.011: [Tenured: 15143K->49846K(341376K), 0.0603606 secs] 146049K->49846K(494976K), [Metaspace: 34445K->34445K(1079296K)], 0.0604367 secs] [Times: user=0.04 sys=0.01, real=0.06 secs] 
2019-06-11T18:09:35.783+0000: 18.188: [GC (Allocation Failure) 2019-06-11T18:09:35.783+0000: 18.188: [DefNew: 136576K->216K(153600K), 0.0045477 secs] 186422K->50063K(494976K), 0.0046065 secs] [Times: user=0.00 sys=0.01, real=0.01 secs] 
2019-06-11T18:09:38.067+0000: 20.472: [GC (Allocation Failure) 2019-06-11T18:09:38.067+0000: 20.472: [DefNew: 136792K->229K(153600K), 0.0018811 secs] 186639K->50076K(494976K), 0.0019510 secs] [Times: user=0.00 sys=0.00, real=0.00 secs] 
2019-06-11T18:09:40.865+0000: 23.270: [GC (Allocation Failure) 2019-06-11T18:09:40.865+0000: 23.270: [DefNew: 136805K->302K(153600K), 0.0019776 secs] 186652K->50149K(494976K), 0.0020350 secs] [Times: user=0.01 sys=0.00, real=0.01 secs] 
2019-06-11T18:09:43.368+0000: 25.773: [GC (Allocation Failure) 2019-06-11T18:09:43.368+0000: 25.773: [DefNew: 136878K->179K(153600K), 0.0017808 secs] 186725K->50026K(494976K), 0.0018387 secs] [Times: user=0.00 sys=0.00, real=0.00 secs] 
2019-06-11T18:09:46.252+0000: 28.657: [GC (Allocation Failure) 2019-06-11T18:09:46.252+0000: 28.657: [DefNew: 136755K->173K(153600K), 0.0018230 secs] 186602K->50020K(494976K), 0.0018802 secs] [Times: user=0.00 sys=0.00, real=0.01 secs] 
2019-06-11T18:09:49.131+0000: 31.536: [GC (Allocation Failure) 2019-06-11T18:09:49.131+0000: 31.536: [DefNew: 136749K->206K(153600K), 0.0017924 secs] 186596K->50053K(494976K), 0.0018542 secs] [Times: user=0.00 sys=0.00, real=0.00 secs] 
2019-06-11T18:09:52.083+0000: 34.488: [GC (Allocation Failure) 2019-06-11T18:09:52.083+0000: 34.488: [DefNew: 136782K->207K(153600K), 0.0017930 secs] 186629K->50054K(494976K), 0.0018539 secs] [Times: user=0.00 sys=0.00, real=0.00 secs] 
2019-06-11T18:09:55.051+0000: 37.456: [GC (Allocation Failure) 2019-06-11T18:09:55.051+0000: 37.456: [DefNew: 136783K->210K(153600K), 0.0017766 secs] 186630K->50057K(494976K), 0.0018366 secs] [Times: user=0.00 sys=0.00, real=0.00 secs] 
2019-06-11T18:09:58.023+0000: 40.428: [GC (Allocation Failure) 2019-06-11T18:09:58.023+0000: 40.428: [DefNew: 136786K->207K(153600K), 0.0018538 secs] 186633K->50054K(494976K), 0.0019421 secs] [Times: user=0.00 sys=0.00, real=0.00 secs] 
2019-06-11T18:10:01.003+0000: 43.408: [GC (Allocation Failure) 2019-06-11T18:10:01.003+0000: 43.408: [DefNew: 136783K->214K(153600K), 0.0017964 secs] 186630K->50060K(494976K), 0.0018531 secs] [Times: user=0.01 sys=0.00, real=0.00 secs] 
2019-06-11T18:10:03.958+0000: 46.363: [GC (Allocation Failure) 2019-06-11T18:10:03.958+0000: 46.363: [DefNew: 136790K->211K(153600K), 0.0018582 secs] 186636K->50058K(494976K), 0.0019285 secs] [Times: user=0.00 sys=0.00, real=0.00 secs] 
2019-06-11T18:10:06.916+0000: 49.321: [GC (Allocation Failure) 2019-06-11T18:10:06.916+0000: 49.321: [DefNew: 136787K->211K(153600K), 0.0018363 secs] 186634K->50058K(494976K), 0.0019002 secs] [Times: user=0.00 sys=0.00, real=0.00 secs] 
2019-06-11T18:10:09.882+0000: 52.287: [GC (Allocation Failure) 2019-06-11T18:10:09.883+0000: 52.287: [DefNew: 136787K->215K(153600K), 0.0017125 secs] 186634K->50062K(494976K), 0.0017698 secs] [Times: user=0.00 sys=0.00, real=0.00 secs] 
2019-06-11T18:10:12.858+0000: 55.263: [GC (Allocation Failure) 2019-06-11T18:10:12.858+0000: 55.263: [DefNew: 136791K->209K(153600K), 0.0017941 secs] 186638K->50056K(494976K), 0.0018540 secs] [Times: user=0.00 sys=0.00, real=0.00 secs] 
2019-06-11T18:10:15.834+0000: 58.239: [GC (Allocation Failure) 2019-06-11T18:10:15.834+0000: 58.239: [DefNew: 136785K->210K(153600K), 0.0017911 secs] 186632K->50057K(494976K), 0.0018510 secs] [Times: user=0.00 sys=0.00, real=0.00 secs] 
2019-06-11T18:10:18.922+0000: 61.327: [GC (Allocation Failure) 2019-06-11T18:10:18.922+0000: 61.327: [DefNew: 136786K->115K(153600K), 0.0017576 secs] 186633K->50063K(494976K), 0.0018101 secs] [Times: user=0.01 sys=0.00, real=0.00 secs] 
2019-06-11T18:10:22.346+0000: 64.751: [GC (Allocation Failure) 2019-06-11T18:10:22.346+0000: 64.751: [DefNew: 136691K->383K(153600K), 0.0019556 secs] 186639K->50370K(494976K), 0.0020147 secs] [Times: user=0.00 sys=0.00, real=0.00 secs] 
2019-06-11T18:10:26.148+0000: 68.553: [GC (Allocation Failure) 2019-06-11T18:10:26.148+0000: 68.553: [DefNew: 136959K->143K(153600K), 0.0017474 secs] 186946K->50134K(494976K), 0.0018087 secs] [Times: user=0.00 sys=0.00, real=0.00 secs] 
2019-06-11T18:10:29.949+0000: 72.354: [GC (Allocation Failure) 2019-06-11T18:10:29.949+0000: 72.354: [DefNew: 136719K->134K(153600K), 0.0017145 secs] 186710K->50125K(494976K), 0.0017740 secs] [Times: user=0.00 sys=0.00, real=0.00 secs] 
2019-06-11T18:10:33.731+0000: 76.136: [GC (Allocation Failure) 2019-06-11T18:10:33.731+0000: 76.136: [DefNew: 136710K->131K(153600K), 0.0016771 secs] 186701K->50122K(494976K), 0.0017377 secs] [Times: user=0.00 sys=0.00, real=0.00 secs] 
2019-06-11T18:10:37.522+0000: 79.927: [GC (Allocation Failure) 2019-06-11T18:10:37.522+0000: 79.927: [DefNew: 136707K->101K(153600K), 0.0017553 secs] 186698K->50125K(494976K), 0.0018142 secs] [Times: user=0.00 sys=0.00, real=0.00 secs] 
2019-06-11T18:10:41.294+0000: 83.699: [GC (Allocation Failure) 2019-06-11T18:10:41.294+0000: 83.699: [DefNew: 136677K->101K(153600K), 0.0017432 secs] 186701K->50126K(494976K), 0.0018049 secs] [Times: user=0.00 sys=0.00, real=0.00 secs] 
2019-06-11T18:10:45.066+0000: 87.471: [GC (Allocation Failure) 2019-06-11T18:10:45.066+0000: 87.471: [DefNew: 136677K->98K(153600K), 0.0017219 secs] 186702K->50123K(494976K), 0.0017814 secs] [Times: user=0.00 sys=0.00, real=0.00 secs] 
2019-06-11T18:10:48.865+0000: 91.270: [GC (Allocation Failure) 2019-06-11T18:10:48.865+0000: 91.270: [DefNew: 136674K->101K(153600K), 0.0017485 secs] 186699K->50126K(494976K), 0.0018029 secs] [Times: user=0.00 sys=0.00, real=0.01 secs] 
2019-06-11T18:10:52.667+0000: 95.072: [GC (Allocation Failure) 2019-06-11T18:10:52.667+0000: 95.072: [DefNew: 136677K->99K(153600K), 0.0017189 secs] 186702K->50125K(494976K), 0.0017826 secs] [Times: user=0.00 sys=0.00, real=0.00 secs] 
18:11:01.130 [Curator-PathChildrenCache-0] ERROR o.a.c.f.r.c.PathChildrenCache  - 
java.lang.IllegalStateException: instance must be started before calling this method
	at org.apache.curator.shaded.com.google.common.base.Preconditions.checkState(Preconditions.java:444)
	at org.apache.curator.framework.imps.CuratorFrameworkImpl.getChildren(CuratorFrameworkImpl.java:456)
	at org.apache.curator.framework.recipes.cache.PathChildrenCache.refresh(PathChildrenCache.java:521)
	at org.apache.curator.framework.recipes.cache.RefreshOperation.invoke(RefreshOperation.java:35)
	at org.apache.curator.framework.recipes.cache.PathChildrenCache$9.run(PathChildrenCache.java:786)
	at java.util.concurrent.Executors$RunnableAdapter.call(Executors.java:511)
	at java.util.concurrent.FutureTask.run(FutureTask.java:266)
	at java.util.concurrent.Executors$RunnableAdapter.call(Executors.java:511)
	at java.util.concurrent.FutureTask.run(FutureTask.java:266)
	at java.util.concurrent.ThreadPoolExecutor.runWorker(ThreadPoolExecutor.java:1149)
	at java.util.concurrent.ThreadPoolExecutor$Worker.run(ThreadPoolExecutor.java:624)
	at java.lang.Thread.run(Thread.java:748)
Heap
 def new generation   total 153600K, used 54325K [0x00000000e0c00000, 0x00000000eb2a0000, 0x00000000eb2a0000)
  eden space 136576K,  39% used [0x00000000e0c00000, 0x00000000e40f46e8, 0x00000000e9160000)
  from space 17024K,   0% used [0x00000000ea200000, 0x00000000ea218dd8, 0x00000000eb2a0000)
  to   space 17024K,   0% used [0x00000000e9160000, 0x00000000e9160000, 0x00000000ea200000)
 tenured generation   total 341376K, used 50026K [0x00000000eb2a0000, 0x0000000100000000, 0x0000000100000000)
   the space 341376K,  14% used [0x00000000eb2a0000, 0x00000000ee37a808, 0x00000000ee37aa00, 0x0000000100000000)
 Metaspace       used 35985K, capacity 36974K, committed 37248K, reserved 1081344K
  class space    used 4903K, capacity 5121K, committed 5248K, reserved 1048576K
