16:00:41,286 |-INFO in ch.qos.logback.classic.LoggerContext[default] - Could NOT find resource [logback-test.xml]
16:00:41,286 |-INFO in ch.qos.logback.classic.LoggerContext[default] - Could NOT find resource [logback.groovy]
16:00:41,287 |-INFO in ch.qos.logback.classic.LoggerContext[default] - Found resource [logback.xml] at [jar:file:/root/flamestream/lib/flamestream-runtime-1.0-SNAPSHOT.jar!/logback.xml]
16:00:41,287 |-WARN in ch.qos.logback.classic.LoggerContext[default] - Resource [logback.xml] occurs multiple times on the classpath.
16:00:41,288 |-WARN in ch.qos.logback.classic.LoggerContext[default] - Resource [logback.xml] occurs at [jar:file:/root/flamestream/lib/flamestream-runtime-1.0-SNAPSHOT.jar!/logback.xml]
16:00:41,288 |-WARN in ch.qos.logback.classic.LoggerContext[default] - Resource [logback.xml] occurs at [jar:file:/root/flamestream/flamestream-runtime-1.0-SNAPSHOT.jar!/logback.xml]
16:00:41,308 |-INFO in ch.qos.logback.core.joran.spi.ConfigurationWatchList@3fb6a447 - URL [jar:file:/root/flamestream/lib/flamestream-runtime-1.0-SNAPSHOT.jar!/logback.xml] is not of type file
16:00:41,379 |-INFO in ch.qos.logback.classic.joran.action.ConfigurationAction - debug attribute not set
16:00:41,380 |-INFO in ch.qos.logback.core.joran.action.AppenderAction - About to instantiate appender of type [ch.qos.logback.core.ConsoleAppender]
16:00:41,394 |-INFO in ch.qos.logback.core.joran.action.AppenderAction - Naming appender as [STDOUT]
16:00:41,414 |-INFO in ch.qos.logback.core.joran.action.NestedComplexPropertyIA - Assuming default type [ch.qos.logback.classic.encoder.PatternLayoutEncoder] for [encoder] property
16:00:41,494 |-INFO in ch.qos.logback.core.joran.action.AppenderAction - About to instantiate appender of type [ch.qos.logback.core.rolling.RollingFileAppender]
16:00:41,502 |-INFO in ch.qos.logback.core.joran.action.AppenderAction - Naming appender as [FILE]
16:00:41,532 |-INFO in c.q.l.core.rolling.TimeBasedRollingPolicy@127618319 - No compression will be used
16:00:41,534 |-INFO in c.q.l.core.rolling.TimeBasedRollingPolicy@127618319 - Will use the pattern /tmp/application_%d{yyyy-MM-dd}.%i.log for the active file
16:00:41,536 |-INFO in ch.qos.logback.core.rolling.SizeAndTimeBasedFNATP@6b2fad11 - The date pattern is 'yyyy-MM-dd' from file name pattern '/tmp/application_%d{yyyy-MM-dd}.%i.log'.
16:00:41,536 |-INFO in ch.qos.logback.core.rolling.SizeAndTimeBasedFNATP@6b2fad11 - Roll-over at midnight.
16:00:41,542 |-INFO in ch.qos.logback.core.rolling.SizeAndTimeBasedFNATP@6b2fad11 - Setting initial period to Mon Jun 10 15:59:17 UTC 2019
16:00:41,542 |-WARN in ch.qos.logback.core.rolling.SizeAndTimeBasedFNATP@6b2fad11 - SizeAndTimeBasedFNATP is deprecated. Use SizeAndTimeBasedRollingPolicy instead
16:00:41,542 |-WARN in ch.qos.logback.core.rolling.SizeAndTimeBasedFNATP@6b2fad11 - For more information see http://logback.qos.ch/manual/appenders.html#SizeAndTimeBasedRollingPolicy
16:00:41,545 |-INFO in ch.qos.logback.core.joran.action.NestedComplexPropertyIA - Assuming default type [ch.qos.logback.classic.encoder.PatternLayoutEncoder] for [encoder] property
16:00:41,550 |-INFO in ch.qos.logback.core.rolling.RollingFileAppender[FILE] - Active log file name: /tmp/application.log
16:00:41,550 |-INFO in ch.qos.logback.core.rolling.RollingFileAppender[FILE] - File property is set to [/tmp/application.log]
16:00:41,551 |-INFO in ch.qos.logback.classic.joran.action.RootLoggerAction - Setting level of ROOT logger to WARN
16:00:41,551 |-INFO in ch.qos.logback.core.joran.action.AppenderRefAction - Attaching appender named [STDOUT] to Logger[ROOT]
16:00:41,553 |-INFO in ch.qos.logback.core.joran.action.AppenderRefAction - Attaching appender named [FILE] to Logger[ROOT]
16:00:41,553 |-INFO in ch.qos.logback.classic.joran.action.ConfigurationAction - End of configuration.
16:00:41,554 |-INFO in ch.qos.logback.classic.joran.JoranConfigurator@79698539 - Registering current configuration as safe fallback point

Ama winner
Ama winner
2019-06-10T16:00:42.849+0000: 1.745: [Full GC (Metadata GC Threshold) 2019-06-10T16:00:42.849+0000: 1.745: [Tenured: 0K->15208K(341376K), 0.0405183 secs] 114923K->15208K(494976K), [Metaspace: 20729K->20729K(1067008K)], 0.0405862 secs] [Times: user=0.04 sys=0.00, real=0.04 secs] 
16:01:02.804 [Curator-PathChildrenCache-1] WARN  o.a.c.u.ZKPaths  - The version of ZooKeeper being used doesn't support Container nodes. CreateMode.PERSISTENT will be used instead.
2019-06-10T16:01:05.048+0000: 23.944: [GC (Allocation Failure) 2019-06-10T16:01:05.048+0000: 23.944: [DefNew: 136576K->17024K(153600K), 0.0261647 secs] 151784K->52716K(494976K), 0.0262357 secs] [Times: user=0.02 sys=0.00, real=0.03 secs] 
2019-06-10T16:01:07.478+0000: 26.374: [Full GC (Metadata GC Threshold) 2019-06-10T16:01:07.478+0000: 26.374: [Tenured: 35692K->44339K(341376K), 0.0439639 secs] 96852K->44339K(494976K), [Metaspace: 34600K->34600K(1079296K)], 0.0440512 secs] [Times: user=0.04 sys=0.00, real=0.05 secs] 
2019-06-10T16:01:14.672+0000: 33.568: [GC (Allocation Failure) 2019-06-10T16:01:14.672+0000: 33.568: [DefNew: 136576K->64K(153600K), 0.0018532 secs] 180915K->44404K(494976K), 0.0019905 secs] [Times: user=0.00 sys=0.00, real=0.00 secs] 
2019-06-10T16:01:21.748+0000: 40.644: [GC (Allocation Failure) 2019-06-10T16:01:21.748+0000: 40.644: [DefNew: 136640K->129K(153600K), 0.0017464 secs] 180980K->44469K(494976K), 0.0018083 secs] [Times: user=0.00 sys=0.00, real=0.00 secs] 
2019-06-10T16:01:28.905+0000: 47.801: [GC (Allocation Failure) 2019-06-10T16:01:28.905+0000: 47.801: [DefNew: 136705K->163K(153600K), 0.0018287 secs] 181045K->44502K(494976K), 0.0018963 secs] [Times: user=0.00 sys=0.00, real=0.00 secs] 
2019-06-10T16:01:36.103+0000: 54.999: [GC (Allocation Failure) 2019-06-10T16:01:36.103+0000: 54.999: [DefNew: 136739K->162K(153600K), 0.0017423 secs] 181078K->44502K(494976K), 0.0017997 secs] [Times: user=0.00 sys=0.01, real=0.00 secs] 
2019-06-10T16:01:43.225+0000: 62.121: [GC (Allocation Failure) 2019-06-10T16:01:43.225+0000: 62.121: [DefNew: 136738K->453K(153600K), 0.0021308 secs] 181078K->44792K(494976K), 0.0022001 secs] [Times: user=0.00 sys=0.00, real=0.00 secs] 
16:02:03.728 [Curator-PathChildrenCache-0] ERROR o.a.c.f.r.c.PathChildrenCache  - 
java.lang.IllegalStateException: instance must be started before calling this method
	at org.apache.curator.shaded.com.google.common.base.Preconditions.checkState(Preconditions.java:444)
	at org.apache.curator.framework.imps.CuratorFrameworkImpl.getChildren(CuratorFrameworkImpl.java:456)
	at org.apache.curator.framework.recipes.cache.PathChildrenCache.refresh(PathChildrenCache.java:521)
	at org.apache.curator.framework.recipes.cache.RefreshOperation.invoke(RefreshOperation.java:35)
	at org.apache.curator.framework.recipes.cache.PathChildrenCache$9.run(PathChildrenCache.java:786)
	at java.util.concurrent.Executors$RunnableAdapter.call(Executors.java:511)
	at java.util.concurrent.FutureTask.run(FutureTask.java:266)
	at java.util.concurrent.Executors$RunnableAdapter.call(Executors.java:511)
	at java.util.concurrent.FutureTask.run(FutureTask.java:266)
	at java.util.concurrent.ThreadPoolExecutor.runWorker(ThreadPoolExecutor.java:1149)
	at java.util.concurrent.ThreadPoolExecutor$Worker.run(ThreadPoolExecutor.java:624)
	at java.lang.Thread.run(Thread.java:748)
Heap
 def new generation   total 153600K, used 130653K [0x00000000e0c00000, 0x00000000eb2a0000, 0x00000000eb2a0000)
  eden space 136576K,  95% used [0x00000000e0c00000, 0x00000000e8b26160, 0x00000000e9160000)
  from space 17024K,   2% used [0x00000000e9160000, 0x00000000e91d1488, 0x00000000ea200000)
  to   space 17024K,   0% used [0x00000000ea200000, 0x00000000ea200000, 0x00000000eb2a0000)
 tenured generation   total 341376K, used 44339K [0x00000000eb2a0000, 0x0000000100000000, 0x0000000100000000)
   the space 341376K,  12% used [0x00000000eb2a0000, 0x00000000eddecd30, 0x00000000eddece00, 0x0000000100000000)
 Metaspace       used 36176K, capacity 37056K, committed 37376K, reserved 1081344K
  class space    used 4860K, capacity 5074K, committed 5120K, reserved 1048576K
