14:58:39,492 |-INFO in ch.qos.logback.classic.LoggerContext[default] - Could NOT find resource [logback-test.xml]
14:58:39,492 |-INFO in ch.qos.logback.classic.LoggerContext[default] - Could NOT find resource [logback.groovy]
14:58:39,493 |-INFO in ch.qos.logback.classic.LoggerContext[default] - Found resource [logback.xml] at [jar:file:/root/flamestream/lib/flamestream-runtime-1.0-SNAPSHOT.jar!/logback.xml]
14:58:39,494 |-WARN in ch.qos.logback.classic.LoggerContext[default] - Resource [logback.xml] occurs multiple times on the classpath.
14:58:39,494 |-WARN in ch.qos.logback.classic.LoggerContext[default] - Resource [logback.xml] occurs at [jar:file:/root/flamestream/lib/flamestream-runtime-1.0-SNAPSHOT.jar!/logback.xml]
14:58:39,494 |-WARN in ch.qos.logback.classic.LoggerContext[default] - Resource [logback.xml] occurs at [jar:file:/root/flamestream/flamestream-runtime-1.0-SNAPSHOT.jar!/logback.xml]
14:58:39,514 |-INFO in ch.qos.logback.core.joran.spi.ConfigurationWatchList@3fb6a447 - URL [jar:file:/root/flamestream/lib/flamestream-runtime-1.0-SNAPSHOT.jar!/logback.xml] is not of type file
14:58:39,579 |-INFO in ch.qos.logback.classic.joran.action.ConfigurationAction - debug attribute not set
14:58:39,580 |-INFO in ch.qos.logback.core.joran.action.AppenderAction - About to instantiate appender of type [ch.qos.logback.core.ConsoleAppender]
14:58:39,596 |-INFO in ch.qos.logback.core.joran.action.AppenderAction - Naming appender as [STDOUT]
14:58:39,614 |-INFO in ch.qos.logback.core.joran.action.NestedComplexPropertyIA - Assuming default type [ch.qos.logback.classic.encoder.PatternLayoutEncoder] for [encoder] property
14:58:39,703 |-INFO in ch.qos.logback.core.joran.action.AppenderAction - About to instantiate appender of type [ch.qos.logback.core.rolling.RollingFileAppender]
14:58:39,709 |-INFO in ch.qos.logback.core.joran.action.AppenderAction - Naming appender as [FILE]
14:58:39,739 |-INFO in c.q.l.core.rolling.TimeBasedRollingPolicy@127618319 - No compression will be used
14:58:39,740 |-INFO in c.q.l.core.rolling.TimeBasedRollingPolicy@127618319 - Will use the pattern /tmp/application_%d{yyyy-MM-dd}.%i.log for the active file
14:58:39,743 |-INFO in ch.qos.logback.core.rolling.SizeAndTimeBasedFNATP@6b2fad11 - The date pattern is 'yyyy-MM-dd' from file name pattern '/tmp/application_%d{yyyy-MM-dd}.%i.log'.
14:58:39,743 |-INFO in ch.qos.logback.core.rolling.SizeAndTimeBasedFNATP@6b2fad11 - Roll-over at midnight.
14:58:39,748 |-INFO in ch.qos.logback.core.rolling.SizeAndTimeBasedFNATP@6b2fad11 - Setting initial period to Mon Jun 10 14:57:20 UTC 2019
14:58:39,748 |-WARN in ch.qos.logback.core.rolling.SizeAndTimeBasedFNATP@6b2fad11 - SizeAndTimeBasedFNATP is deprecated. Use SizeAndTimeBasedRollingPolicy instead
14:58:39,748 |-WARN in ch.qos.logback.core.rolling.SizeAndTimeBasedFNATP@6b2fad11 - For more information see http://logback.qos.ch/manual/appenders.html#SizeAndTimeBasedRollingPolicy
14:58:39,752 |-INFO in ch.qos.logback.core.joran.action.NestedComplexPropertyIA - Assuming default type [ch.qos.logback.classic.encoder.PatternLayoutEncoder] for [encoder] property
14:58:39,757 |-INFO in ch.qos.logback.core.rolling.RollingFileAppender[FILE] - Active log file name: /tmp/application.log
14:58:39,757 |-INFO in ch.qos.logback.core.rolling.RollingFileAppender[FILE] - File property is set to [/tmp/application.log]
14:58:39,758 |-INFO in ch.qos.logback.classic.joran.action.RootLoggerAction - Setting level of ROOT logger to WARN
14:58:39,758 |-INFO in ch.qos.logback.core.joran.action.AppenderRefAction - Attaching appender named [STDOUT] to Logger[ROOT]
14:58:39,760 |-INFO in ch.qos.logback.core.joran.action.AppenderRefAction - Attaching appender named [FILE] to Logger[ROOT]
14:58:39,760 |-INFO in ch.qos.logback.classic.joran.action.ConfigurationAction - End of configuration.
14:58:39,761 |-INFO in ch.qos.logback.classic.joran.JoranConfigurator@79698539 - Registering current configuration as safe fallback point

Ama winner
Ama winner
2019-06-10T14:58:41.087+0000: 1.780: [Full GC (Metadata GC Threshold) 2019-06-10T14:58:41.087+0000: 1.780: [Tenured: 0K->15209K(341376K), 0.0409305 secs] 114923K->15209K(494976K), [Metaspace: 20740K->20740K(1067008K)], 0.0409970 secs] [Times: user=0.04 sys=0.00, real=0.04 secs] 
14:58:59.371 [Curator-PathChildrenCache-2] WARN  o.a.c.u.ZKPaths  - The version of ZooKeeper being used doesn't support Container nodes. CreateMode.PERSISTENT will be used instead.
2019-06-10T14:59:01.647+0000: 22.339: [GC (Allocation Failure) 2019-06-10T14:59:01.647+0000: 22.339: [DefNew: 136576K->17023K(153600K), 0.0284809 secs] 151785K->53161K(494976K), 0.0285538 secs] [Times: user=0.02 sys=0.01, real=0.02 secs] 
2019-06-10T14:59:02.288+0000: 22.981: [Full GC (Metadata GC Threshold) 2019-06-10T14:59:02.288+0000: 22.981: [Tenured: 36137K->45016K(341376K), 0.0420209 secs] 75236K->45016K(494976K), [Metaspace: 34573K->34573K(1079296K)], 0.0420950 secs] [Times: user=0.04 sys=0.00, real=0.04 secs] 
2019-06-10T14:59:03.771+0000: 24.464: [GC (Allocation Failure) 2019-06-10T14:59:03.771+0000: 24.464: [DefNew: 136576K->1102K(153600K), 0.0066504 secs] 181592K->46119K(494976K), 0.0067128 secs] [Times: user=0.01 sys=0.00, real=0.01 secs] 
2019-06-10T14:59:04.757+0000: 25.450: [GC (Allocation Failure) 2019-06-10T14:59:04.757+0000: 25.450: [DefNew: 137678K->1748K(153600K), 0.0047072 secs] 182695K->46765K(494976K), 0.0047696 secs] [Times: user=0.00 sys=0.00, real=0.00 secs] 
2019-06-10T14:59:05.687+0000: 26.379: [GC (Allocation Failure) 2019-06-10T14:59:05.687+0000: 26.379: [DefNew: 138324K->557K(153600K), 0.0026414 secs] 183341K->45574K(494976K), 0.0027087 secs] [Times: user=0.00 sys=0.00, real=0.00 secs] 
2019-06-10T14:59:07.122+0000: 27.815: [GC (Allocation Failure) 2019-06-10T14:59:07.122+0000: 27.815: [DefNew: 137133K->275K(153600K), 0.0020762 secs] 182150K->45291K(494976K), 0.0021347 secs] [Times: user=0.00 sys=0.00, real=0.00 secs] 
2019-06-10T14:59:17.818+0000: 38.510: [GC (Allocation Failure) 2019-06-10T14:59:17.818+0000: 38.510: [DefNew: 136851K->607K(153600K), 0.0044888 secs] 181867K->45624K(494976K), 0.0045508 secs] [Times: user=0.00 sys=0.00, real=0.00 secs] 
14:59:17.849 [Curator-PathChildrenCache-0] ERROR o.a.c.f.r.c.PathChildrenCache  - 
java.lang.IllegalStateException: instance must be started before calling this method
	at org.apache.curator.shaded.com.google.common.base.Preconditions.checkState(Preconditions.java:444)
	at org.apache.curator.framework.imps.CuratorFrameworkImpl.getChildren(CuratorFrameworkImpl.java:456)
	at org.apache.curator.framework.recipes.cache.PathChildrenCache.refresh(PathChildrenCache.java:521)
	at org.apache.curator.framework.recipes.cache.RefreshOperation.invoke(RefreshOperation.java:35)
	at org.apache.curator.framework.recipes.cache.PathChildrenCache$9.run(PathChildrenCache.java:786)
	at java.util.concurrent.Executors$RunnableAdapter.call(Executors.java:511)
	at java.util.concurrent.FutureTask.run(FutureTask.java:266)
	at java.util.concurrent.Executors$RunnableAdapter.call(Executors.java:511)
	at java.util.concurrent.FutureTask.run(FutureTask.java:266)
	at java.util.concurrent.ThreadPoolExecutor.runWorker(ThreadPoolExecutor.java:1149)
	at java.util.concurrent.ThreadPoolExecutor$Worker.run(ThreadPoolExecutor.java:624)
	at java.lang.Thread.run(Thread.java:748)
Heap
 def new generation   total 153600K, used 22124K [0x00000000e0c00000, 0x00000000eb2a0000, 0x00000000eb2a0000)
  eden space 136576K,  15% used [0x00000000e0c00000, 0x00000000e2103398, 0x00000000e9160000)
  from space 17024K,   3% used [0x00000000e9160000, 0x00000000e91f7d18, 0x00000000ea200000)
  to   space 17024K,   0% used [0x00000000ea200000, 0x00000000ea200000, 0x00000000eb2a0000)
 tenured generation   total 341376K, used 45016K [0x00000000eb2a0000, 0x0000000100000000, 0x0000000100000000)
   the space 341376K,  13% used [0x00000000eb2a0000, 0x00000000ede96380, 0x00000000ede96400, 0x0000000100000000)
 Metaspace       used 36042K, capacity 37004K, committed 37120K, reserved 1081344K
  class space    used 4860K, capacity 5062K, committed 5120K, reserved 1048576K
