15:08:58,287 |-INFO in ch.qos.logback.classic.LoggerContext[default] - Could NOT find resource [logback-test.xml]
15:08:58,287 |-INFO in ch.qos.logback.classic.LoggerContext[default] - Could NOT find resource [logback.groovy]
15:08:58,287 |-INFO in ch.qos.logback.classic.LoggerContext[default] - Found resource [logback.xml] at [jar:file:/home/nikitasokolov/flamestream/lib/flamestream-runtime-1.0-SNAPSHOT.jar!/logback.xml]
15:08:58,288 |-WARN in ch.qos.logback.classic.LoggerContext[default] - Resource [logback.xml] occurs multiple times on the classpath.
15:08:58,288 |-WARN in ch.qos.logback.classic.LoggerContext[default] - Resource [logback.xml] occurs at [jar:file:/home/nikitasokolov/flamestream/lib/flamestream-runtime-1.0-SNAPSHOT.jar!/logback.xml]
15:08:58,288 |-WARN in ch.qos.logback.classic.LoggerContext[default] - Resource [logback.xml] occurs at [jar:file:/home/nikitasokolov/flamestream/flamestream-runtime-1.0-SNAPSHOT.jar!/logback.xml]
15:08:58,305 |-INFO in ch.qos.logback.core.joran.spi.ConfigurationWatchList@6108b2d7 - URL [jar:file:/home/nikitasokolov/flamestream/lib/flamestream-runtime-1.0-SNAPSHOT.jar!/logback.xml] is not of type file
15:08:58,360 |-INFO in ch.qos.logback.classic.joran.action.ConfigurationAction - debug attribute not set
15:08:58,361 |-INFO in ch.qos.logback.core.joran.action.AppenderAction - About to instantiate appender of type [ch.qos.logback.core.ConsoleAppender]
15:08:58,372 |-INFO in ch.qos.logback.core.joran.action.AppenderAction - Naming appender as [STDOUT]
15:08:58,381 |-INFO in ch.qos.logback.core.joran.action.NestedComplexPropertyIA - Assuming default type [ch.qos.logback.classic.encoder.PatternLayoutEncoder] for [encoder] property
15:08:58,437 |-INFO in ch.qos.logback.core.joran.action.AppenderAction - About to instantiate appender of type [ch.qos.logback.core.rolling.RollingFileAppender]
15:08:58,442 |-INFO in ch.qos.logback.core.joran.action.AppenderAction - Naming appender as [FILE]
15:08:58,464 |-INFO in c.q.l.core.rolling.TimeBasedRollingPolicy@357863579 - No compression will be used
15:08:58,465 |-INFO in c.q.l.core.rolling.TimeBasedRollingPolicy@357863579 - Will use the pattern /tmp/application_%d{yyyy-MM-dd}.%i.log for the active file
15:08:58,468 |-INFO in ch.qos.logback.core.rolling.SizeAndTimeBasedFNATP@6bf256fa - The date pattern is 'yyyy-MM-dd' from file name pattern '/tmp/application_%d{yyyy-MM-dd}.%i.log'.
15:08:58,468 |-INFO in ch.qos.logback.core.rolling.SizeAndTimeBasedFNATP@6bf256fa - Roll-over at midnight.
15:08:58,472 |-INFO in ch.qos.logback.core.rolling.SizeAndTimeBasedFNATP@6bf256fa - Setting initial period to Sun Jun 09 15:08:11 MSK 2019
15:08:58,472 |-WARN in ch.qos.logback.core.rolling.SizeAndTimeBasedFNATP@6bf256fa - SizeAndTimeBasedFNATP is deprecated. Use SizeAndTimeBasedRollingPolicy instead
15:08:58,472 |-WARN in ch.qos.logback.core.rolling.SizeAndTimeBasedFNATP@6bf256fa - For more information see http://logback.qos.ch/manual/appenders.html#SizeAndTimeBasedRollingPolicy
15:08:58,476 |-INFO in ch.qos.logback.core.joran.action.NestedComplexPropertyIA - Assuming default type [ch.qos.logback.classic.encoder.PatternLayoutEncoder] for [encoder] property
15:08:58,478 |-INFO in ch.qos.logback.core.rolling.RollingFileAppender[FILE] - Active log file name: /tmp/application.log
15:08:58,478 |-INFO in ch.qos.logback.core.rolling.RollingFileAppender[FILE] - File property is set to [/tmp/application.log]
15:08:58,479 |-INFO in ch.qos.logback.classic.joran.action.RootLoggerAction - Setting level of ROOT logger to WARN
15:08:58,480 |-INFO in ch.qos.logback.core.joran.action.AppenderRefAction - Attaching appender named [STDOUT] to Logger[ROOT]
15:08:58,480 |-INFO in ch.qos.logback.core.joran.action.AppenderRefAction - Attaching appender named [FILE] to Logger[ROOT]
15:08:58,480 |-INFO in ch.qos.logback.classic.joran.action.ConfigurationAction - End of configuration.
15:08:58,481 |-INFO in ch.qos.logback.classic.joran.JoranConfigurator@6cd8737 - Registering current configuration as safe fallback point

2019-06-09T15:08:59.478+0300: 1.397: [GC (Metadata GC Threshold) [PSYoungGen: 108152K->15833K(149504K)] 108152K->15913K(491008K), 0.0206813 secs] [Times: user=0.08 sys=0.02, real=0.02 secs] 
2019-06-09T15:08:59.499+0300: 1.418: [Full GC (Metadata GC Threshold) [PSYoungGen: 15833K->0K(149504K)] [ParOldGen: 80K->15078K(341504K)] 15913K->15078K(491008K), [Metaspace: 20802K->20802K(1067008K)], 0.0254539 secs] [Times: user=0.16 sys=0.01, real=0.02 secs] 
15:09:11.815 [Curator-PathChildrenCache-1] WARN  o.a.c.u.ZKPaths  - The version of ZooKeeper being used doesn't support Container nodes. CreateMode.PERSISTENT will be used instead.
2019-06-09T15:09:12.885+0300: 14.804: [GC (Metadata GC Threshold) [PSYoungGen: 124100K->15623K(149504K)] 139179K->50240K(491008K), 0.0335033 secs] [Times: user=0.30 sys=0.00, real=0.04 secs] 
2019-06-09T15:09:12.918+0300: 14.837: [Full GC (Metadata GC Threshold) [PSYoungGen: 15623K->0K(149504K)] [ParOldGen: 34617K->38924K(341504K)] 50240K->38924K(491008K), [Metaspace: 34509K->34509K(1079296K)], 0.0349987 secs] [Times: user=0.20 sys=0.00, real=0.03 secs] 
2019-06-09T15:09:17.733+0300: 19.651: [GC (Allocation Failure) [PSYoungGen: 128512K->480K(149504K)] 167436K->39412K(491008K), 0.0034180 secs] [Times: user=0.01 sys=0.00, real=0.00 secs] 
2019-06-09T15:09:23.341+0300: 25.259: [GC (Allocation Failure) [PSYoungGen: 128992K->448K(149504K)] 167924K->39388K(491008K), 0.0030397 secs] [Times: user=0.02 sys=0.00, real=0.00 secs] 
2019-06-09T15:09:29.002+0300: 30.978: [GC (Allocation Failure) [PSYoungGen: 128960K->480K(129024K)] 167900K->39428K(470528K), 0.0624611 secs] [Times: user=0.03 sys=0.00, real=0.06 secs] 
2019-06-09T15:09:34.584+0300: 36.503: [GC (Allocation Failure) [PSYoungGen: 128992K->448K(150016K)] 167940K->39404K(491520K), 0.0029814 secs] [Times: user=0.02 sys=0.00, real=0.00 secs] 
2019-06-09T15:09:40.309+0300: 42.227: [GC (Allocation Failure) [PSYoungGen: 128960K->672K(148992K)] 167916K->39628K(490496K), 0.0049678 secs] [Times: user=0.01 sys=0.02, real=0.01 secs] 
2019-06-09T15:09:46.017+0300: 47.935: [GC (Allocation Failure) [PSYoungGen: 129184K->672K(152064K)] 168140K->39637K(493568K), 0.0639837 secs] [Times: user=0.01 sys=0.00, real=0.07 secs] 
2019-06-09T15:09:51.878+0300: 53.797: [GC (Allocation Failure) [PSYoungGen: 133280K->608K(151040K)] 172245K->39581K(492544K), 0.0031834 secs] [Times: user=0.02 sys=0.00, real=0.00 secs] 
15:09:58.978 [Curator-PathChildrenCache-0] ERROR o.a.c.f.r.c.PathChildrenCache  - 
java.lang.IllegalStateException: instance must be started before calling this method
	at org.apache.curator.shaded.com.google.common.base.Preconditions.checkState(Preconditions.java:444)
	at org.apache.curator.framework.imps.CuratorFrameworkImpl.getChildren(CuratorFrameworkImpl.java:456)
	at org.apache.curator.framework.recipes.cache.PathChildrenCache.refresh(PathChildrenCache.java:521)
	at org.apache.curator.framework.recipes.cache.RefreshOperation.invoke(RefreshOperation.java:35)
	at org.apache.curator.framework.recipes.cache.PathChildrenCache$9.run(PathChildrenCache.java:786)
	at java.util.concurrent.Executors$RunnableAdapter.call(Executors.java:511)
	at java.util.concurrent.FutureTask.run(FutureTask.java:266)
	at java.util.concurrent.Executors$RunnableAdapter.call(Executors.java:511)
	at java.util.concurrent.FutureTask.run(FutureTask.java:266)
	at java.util.concurrent.ThreadPoolExecutor.runWorker(ThreadPoolExecutor.java:1149)
	at java.util.concurrent.ThreadPoolExecutor$Worker.run(ThreadPoolExecutor.java:624)
	at java.lang.Thread.run(Thread.java:748)
Heap
 PSYoungGen      total 151040K, used 37824K [0x00000000f5980000, 0x0000000100000000, 0x0000000100000000)
  eden space 132608K, 28% used [0x00000000f5980000,0x00000000f7dd80d0,0x00000000fdb00000)
  from space 18432K, 3% used [0x00000000fdb00000,0x00000000fdb98070,0x00000000fed00000)
  to   space 17920K, 0% used [0x00000000fee80000,0x00000000fee80000,0x0000000100000000)
 ParOldGen       total 341504K, used 38972K [0x00000000e0c00000, 0x00000000f5980000, 0x00000000f5980000)
  object space 341504K, 11% used [0x00000000e0c00000,0x00000000e320f390,0x00000000f5980000)
 Metaspace       used 35797K, capacity 36660K, committed 36952K, reserved 1081344K
  class space    used 4951K, capacity 5138K, committed 5248K, reserved 1048576K
