15:18:01,857 |-INFO in ch.qos.logback.classic.LoggerContext[default] - Could NOT find resource [logback-test.xml]
15:18:01,857 |-INFO in ch.qos.logback.classic.LoggerContext[default] - Could NOT find resource [logback.groovy]
15:18:01,857 |-INFO in ch.qos.logback.classic.LoggerContext[default] - Found resource [logback.xml] at [jar:file:/root/flamestream/lib/flamestream-runtime-1.0-SNAPSHOT.jar!/logback.xml]
15:18:01,858 |-WARN in ch.qos.logback.classic.LoggerContext[default] - Resource [logback.xml] occurs multiple times on the classpath.
15:18:01,858 |-WARN in ch.qos.logback.classic.LoggerContext[default] - Resource [logback.xml] occurs at [jar:file:/root/flamestream/lib/flamestream-runtime-1.0-SNAPSHOT.jar!/logback.xml]
15:18:01,858 |-WARN in ch.qos.logback.classic.LoggerContext[default] - Resource [logback.xml] occurs at [jar:file:/root/flamestream/flamestream-runtime-1.0-SNAPSHOT.jar!/logback.xml]
15:18:01,883 |-INFO in ch.qos.logback.core.joran.spi.ConfigurationWatchList@3fb6a447 - URL [jar:file:/root/flamestream/lib/flamestream-runtime-1.0-SNAPSHOT.jar!/logback.xml] is not of type file
15:18:01,953 |-INFO in ch.qos.logback.classic.joran.action.ConfigurationAction - debug attribute not set
15:18:01,954 |-INFO in ch.qos.logback.core.joran.action.AppenderAction - About to instantiate appender of type [ch.qos.logback.core.ConsoleAppender]
15:18:01,970 |-INFO in ch.qos.logback.core.joran.action.AppenderAction - Naming appender as [STDOUT]
15:18:01,988 |-INFO in ch.qos.logback.core.joran.action.NestedComplexPropertyIA - Assuming default type [ch.qos.logback.classic.encoder.PatternLayoutEncoder] for [encoder] property
15:18:02,076 |-INFO in ch.qos.logback.core.joran.action.AppenderAction - About to instantiate appender of type [ch.qos.logback.core.rolling.RollingFileAppender]
15:18:02,081 |-INFO in ch.qos.logback.core.joran.action.AppenderAction - Naming appender as [FILE]
15:18:02,112 |-INFO in c.q.l.core.rolling.TimeBasedRollingPolicy@127618319 - No compression will be used
15:18:02,113 |-INFO in c.q.l.core.rolling.TimeBasedRollingPolicy@127618319 - Will use the pattern /tmp/application_%d{yyyy-MM-dd}.%i.log for the active file
15:18:02,116 |-INFO in ch.qos.logback.core.rolling.SizeAndTimeBasedFNATP@6b2fad11 - The date pattern is 'yyyy-MM-dd' from file name pattern '/tmp/application_%d{yyyy-MM-dd}.%i.log'.
15:18:02,116 |-INFO in ch.qos.logback.core.rolling.SizeAndTimeBasedFNATP@6b2fad11 - Roll-over at midnight.
15:18:02,121 |-INFO in ch.qos.logback.core.rolling.SizeAndTimeBasedFNATP@6b2fad11 - Setting initial period to Mon Jun 10 15:16:39 UTC 2019
15:18:02,121 |-WARN in ch.qos.logback.core.rolling.SizeAndTimeBasedFNATP@6b2fad11 - SizeAndTimeBasedFNATP is deprecated. Use SizeAndTimeBasedRollingPolicy instead
15:18:02,121 |-WARN in ch.qos.logback.core.rolling.SizeAndTimeBasedFNATP@6b2fad11 - For more information see http://logback.qos.ch/manual/appenders.html#SizeAndTimeBasedRollingPolicy
15:18:02,125 |-INFO in ch.qos.logback.core.joran.action.NestedComplexPropertyIA - Assuming default type [ch.qos.logback.classic.encoder.PatternLayoutEncoder] for [encoder] property
15:18:02,130 |-INFO in ch.qos.logback.core.rolling.RollingFileAppender[FILE] - Active log file name: /tmp/application.log
15:18:02,130 |-INFO in ch.qos.logback.core.rolling.RollingFileAppender[FILE] - File property is set to [/tmp/application.log]
15:18:02,131 |-INFO in ch.qos.logback.classic.joran.action.RootLoggerAction - Setting level of ROOT logger to WARN
15:18:02,131 |-INFO in ch.qos.logback.core.joran.action.AppenderRefAction - Attaching appender named [STDOUT] to Logger[ROOT]
15:18:02,133 |-INFO in ch.qos.logback.core.joran.action.AppenderRefAction - Attaching appender named [FILE] to Logger[ROOT]
15:18:02,133 |-INFO in ch.qos.logback.classic.joran.action.ConfigurationAction - End of configuration.
15:18:02,133 |-INFO in ch.qos.logback.classic.joran.JoranConfigurator@79698539 - Registering current configuration as safe fallback point

Ama winner
Ama winner
2019-06-10T15:18:03.438+0000: 1.766: [Full GC (Metadata GC Threshold) 2019-06-10T15:18:03.438+0000: 1.766: [Tenured: 0K->15207K(341376K), 0.0355936 secs] 114923K->15207K(494976K), [Metaspace: 20731K->20731K(1067008K)], 0.0356770 secs] [Times: user=0.03 sys=0.00, real=0.03 secs] 
15:18:15.772 [Curator-PathChildrenCache-1] WARN  o.a.c.u.ZKPaths  - The version of ZooKeeper being used doesn't support Container nodes. CreateMode.PERSISTENT will be used instead.
2019-06-10T15:18:17.815+0000: 16.143: [GC (Allocation Failure) 2019-06-10T15:18:17.815+0000: 16.143: [DefNew: 136576K->17023K(153600K), 0.0249251 secs] 151783K->52525K(494976K), 0.0249916 secs] [Times: user=0.02 sys=0.01, real=0.02 secs] 
2019-06-10T15:18:19.383+0000: 17.710: [Full GC (Metadata GC Threshold) 2019-06-10T15:18:19.383+0000: 17.710: [Tenured: 35501K->44239K(341376K), 0.0378915 secs] 82411K->44239K(494976K), [Metaspace: 34578K->34578K(1079296K)], 0.0379619 secs] [Times: user=0.03 sys=0.01, real=0.04 secs] 
2019-06-10T15:18:26.354+0000: 24.681: [GC (Allocation Failure) 2019-06-10T15:18:26.354+0000: 24.681: [DefNew: 136576K->108K(153600K), 0.0019275 secs] 180815K->44347K(494976K), 0.0019857 secs] [Times: user=0.00 sys=0.00, real=0.01 secs] 
2019-06-10T15:18:33.347+0000: 31.675: [GC (Allocation Failure) 2019-06-10T15:18:33.347+0000: 31.675: [DefNew: 136684K->104K(153600K), 0.0017587 secs] 180923K->44344K(494976K), 0.0018145 secs] [Times: user=0.00 sys=0.00, real=0.00 secs] 
2019-06-10T15:18:40.333+0000: 38.660: [GC (Allocation Failure) 2019-06-10T15:18:40.333+0000: 38.661: [DefNew: 136680K->139K(153600K), 0.0018692 secs] 180920K->44378K(494976K), 0.0019393 secs] [Times: user=0.00 sys=0.00, real=0.01 secs] 
2019-06-10T15:18:47.361+0000: 45.689: [GC (Allocation Failure) 2019-06-10T15:18:47.362+0000: 45.689: [DefNew: 136715K->174K(153600K), 0.0018854 secs] 180954K->44414K(494976K), 0.0019704 secs] [Times: user=0.01 sys=0.00, real=0.00 secs] 
2019-06-10T15:18:54.380+0000: 52.707: [GC (Allocation Failure) 2019-06-10T15:18:54.380+0000: 52.707: [DefNew: 136750K->169K(153600K), 0.0018554 secs] 180990K->44409K(494976K), 0.0019114 secs] [Times: user=0.01 sys=0.00, real=0.00 secs] 
2019-06-10T15:19:11.126+0000: 69.454: [GC (Allocation Failure) 2019-06-10T15:19:11.126+0000: 69.454: [DefNew: 136745K->538K(153600K), 0.0026761 secs] 180985K->44778K(494976K), 0.0027302 secs] [Times: user=0.01 sys=0.00, real=0.01 secs] 
15:19:11.213 [Curator-PathChildrenCache-0] ERROR o.a.c.f.r.c.PathChildrenCache  - 
java.lang.IllegalStateException: instance must be started before calling this method
	at org.apache.curator.shaded.com.google.common.base.Preconditions.checkState(Preconditions.java:444)
	at org.apache.curator.framework.imps.CuratorFrameworkImpl.getChildren(CuratorFrameworkImpl.java:456)
	at org.apache.curator.framework.recipes.cache.PathChildrenCache.refresh(PathChildrenCache.java:521)
	at org.apache.curator.framework.recipes.cache.RefreshOperation.invoke(RefreshOperation.java:35)
	at org.apache.curator.framework.recipes.cache.PathChildrenCache$9.run(PathChildrenCache.java:786)
	at java.util.concurrent.Executors$RunnableAdapter.call(Executors.java:511)
	at java.util.concurrent.FutureTask.run(FutureTask.java:266)
	at java.util.concurrent.Executors$RunnableAdapter.call(Executors.java:511)
	at java.util.concurrent.FutureTask.run(FutureTask.java:266)
	at java.util.concurrent.ThreadPoolExecutor.runWorker(ThreadPoolExecutor.java:1149)
	at java.util.concurrent.ThreadPoolExecutor$Worker.run(ThreadPoolExecutor.java:624)
	at java.lang.Thread.run(Thread.java:748)
Heap
 def new generation   total 153600K, used 17374K [0x00000000e0c00000, 0x00000000eb2a0000, 0x00000000eb2a0000)
  eden space 136576K,  12% used [0x00000000e0c00000, 0x00000000e1c70f98, 0x00000000e9160000)
  from space 17024K,   3% used [0x00000000ea200000, 0x00000000ea286ad0, 0x00000000eb2a0000)
  to   space 17024K,   0% used [0x00000000e9160000, 0x00000000e9160000, 0x00000000ea200000)
 tenured generation   total 341376K, used 44239K [0x00000000eb2a0000, 0x0000000100000000, 0x0000000100000000)
   the space 341376K,  12% used [0x00000000eb2a0000, 0x00000000eddd3de0, 0x00000000eddd3e00, 0x0000000100000000)
 Metaspace       used 36204K, capacity 37062K, committed 37376K, reserved 1081344K
  class space    used 4870K, capacity 5075K, committed 5120K, reserved 1048576K
