11:34:51,766 |-INFO in ch.qos.logback.classic.LoggerContext[default] - Could NOT find resource [logback-test.xml]
11:34:51,767 |-INFO in ch.qos.logback.classic.LoggerContext[default] - Could NOT find resource [logback.groovy]
11:34:51,767 |-INFO in ch.qos.logback.classic.LoggerContext[default] - Found resource [logback.xml] at [jar:file:/home/ubuntu/flamestream/lib/flamestream-runtime-1.0-SNAPSHOT.jar!/logback.xml]
11:34:51,768 |-WARN in ch.qos.logback.classic.LoggerContext[default] - Resource [logback.xml] occurs multiple times on the classpath.
11:34:51,768 |-WARN in ch.qos.logback.classic.LoggerContext[default] - Resource [logback.xml] occurs at [jar:file:/home/ubuntu/flamestream/flamestream-runtime-1.0-SNAPSHOT.jar!/logback.xml]
11:34:51,768 |-WARN in ch.qos.logback.classic.LoggerContext[default] - Resource [logback.xml] occurs at [jar:file:/home/ubuntu/flamestream/lib/flamestream-runtime-1.0-SNAPSHOT.jar!/logback.xml]
11:34:51,786 |-INFO in ch.qos.logback.core.joran.spi.ConfigurationWatchList@4678c730 - URL [jar:file:/home/ubuntu/flamestream/lib/flamestream-runtime-1.0-SNAPSHOT.jar!/logback.xml] is not of type file
11:34:51,856 |-INFO in ch.qos.logback.classic.joran.action.ConfigurationAction - debug attribute not set
11:34:51,857 |-INFO in ch.qos.logback.core.joran.action.AppenderAction - About to instantiate appender of type [ch.qos.logback.core.ConsoleAppender]
11:34:51,878 |-INFO in ch.qos.logback.core.joran.action.AppenderAction - Naming appender as [STDOUT]
11:34:51,900 |-INFO in ch.qos.logback.core.joran.action.NestedComplexPropertyIA - Assuming default type [ch.qos.logback.classic.encoder.PatternLayoutEncoder] for [encoder] property
11:34:52,003 |-INFO in ch.qos.logback.core.joran.action.AppenderAction - About to instantiate appender of type [ch.qos.logback.core.rolling.RollingFileAppender]
11:34:52,013 |-INFO in ch.qos.logback.core.joran.action.AppenderAction - Naming appender as [FILE]
11:34:52,056 |-INFO in c.q.l.core.rolling.TimeBasedRollingPolicy@1734853116 - No compression will be used
11:34:52,057 |-INFO in c.q.l.core.rolling.TimeBasedRollingPolicy@1734853116 - Will use the pattern /tmp/application_%d{yyyy-MM-dd}.%i.log for the active file
11:34:52,066 |-INFO in ch.qos.logback.core.rolling.SizeAndTimeBasedFNATP@29ee9faa - The date pattern is 'yyyy-MM-dd' from file name pattern '/tmp/application_%d{yyyy-MM-dd}.%i.log'.
11:34:52,066 |-INFO in ch.qos.logback.core.rolling.SizeAndTimeBasedFNATP@29ee9faa - Roll-over at midnight.
11:34:52,073 |-INFO in ch.qos.logback.core.rolling.SizeAndTimeBasedFNATP@29ee9faa - Setting initial period to Thu Oct 10 11:34:26 UTC 2019
11:34:52,073 |-WARN in ch.qos.logback.core.rolling.SizeAndTimeBasedFNATP@29ee9faa - SizeAndTimeBasedFNATP is deprecated. Use SizeAndTimeBasedRollingPolicy instead
11:34:52,073 |-WARN in ch.qos.logback.core.rolling.SizeAndTimeBasedFNATP@29ee9faa - For more information see http://logback.qos.ch/manual/appenders.html#SizeAndTimeBasedRollingPolicy
11:34:52,080 |-INFO in ch.qos.logback.core.joran.action.NestedComplexPropertyIA - Assuming default type [ch.qos.logback.classic.encoder.PatternLayoutEncoder] for [encoder] property
11:34:52,088 |-INFO in ch.qos.logback.core.rolling.RollingFileAppender[FILE] - Active log file name: /tmp/application.log
11:34:52,088 |-INFO in ch.qos.logback.core.rolling.RollingFileAppender[FILE] - File property is set to [/tmp/application.log]
11:34:52,090 |-INFO in ch.qos.logback.classic.joran.action.RootLoggerAction - Setting level of ROOT logger to INFO
11:34:52,090 |-INFO in ch.qos.logback.core.joran.action.AppenderRefAction - Attaching appender named [STDOUT] to Logger[ROOT]
11:34:52,090 |-INFO in ch.qos.logback.core.joran.action.AppenderRefAction - Attaching appender named [FILE] to Logger[ROOT]
11:34:52,090 |-INFO in ch.qos.logback.classic.joran.action.ConfigurationAction - End of configuration.
11:34:52,091 |-INFO in ch.qos.logback.classic.joran.JoranConfigurator@c038203 - Registering current configuration as safe fallback point

11:34:52.100 [main] INFO  c.s.f.r.WorkerApplication  - Starting worker with workerConfig 'WorkerConfig{id='flamestream-benchmarks-worker-6', localAddress=flamestream-benchmarks-worker-6/10.0.0.9:5412, zkString='flamestream-benchmarks-manager:12181', snapshotPath='/home/ubuntu/flamestream/data', guarantees=AT_MOST_ONCE}'
11:34:53.534 [worker-akka.actor.default-dispatcher-6] INFO  a.e.s.Slf4jLogger  - Slf4jLogger started
2019-10-10T11:34:53.695+0000: 2.310: [Full GC (Metadata GC Threshold) 2019-10-10T11:34:53.695+0000: 2.310: [Tenured: 0K->13625K(1024000K), 0.0503888 secs] 139464K->13625K(1484800K), [Metaspace: 20219K->20219K(1067008K)], 0.0504781 secs] [Times: user=0.05 sys=0.00, real=0.05 secs] 
11:34:53.847 [worker-akka.actor.default-dispatcher-6] WARN  a.r.RemoteActorRefProvider akka.remote.RemoteActorRefProvider - Using the 'remote' ActorRefProvider directly, which is a low-level layer. For most use cases, the 'cluster' abstraction on top of remoting is more suitable instead.
11:34:53.852 [worker-akka.actor.default-dispatcher-6] WARN  a.r.RemoteActorRefProvider akka.remote.RemoteActorRefProvider - Akka Cluster not in use - Using Akka Cluster is recommended if you need remote watch and deploy.
11:34:53.968 [worker-akka.actor.default-dispatcher-6] INFO  a.r.a.a.ArteryAeronUdpTransport(akka://worker) akka.remote.artery.aeron.ArteryAeronUdpTransport(akka://worker) - Started embedded media driver in directory [/dev/shm/aeron-flamestream-benchmarks-worker-6]
11:34:54.014 [worker-akka.actor.default-dispatcher-6] WARN  a.r.a.a.ArteryAeronUdpTransport(akka://worker) akka.remote.artery.aeron.ArteryAeronUdpTransport(akka://worker) - Aeron CnC version mismatch: compiled version = 15, file version = 16
11:34:54.287 [worker-akka.actor.default-dispatcher-6] INFO  a.r.a.a.ArteryAeronUdpTransport(akka://worker) akka.remote.artery.aeron.ArteryAeronUdpTransport(akka://worker) - Remoting started with transport [Artery aeron-udp]; listening on address [akka://worker@flamestream-benchmarks-worker-6:5412] and bound to [akka://worker@0.0.0.0:5412] with UID [4037409460353836698]
11:34:54.880 [worker-akka.actor.default-dispatcher-6] WARN  a.s.Serialization(akka://worker) akka.serialization.Serialization(akka://worker) - Using serializer [com.romix.akka.serialization.kryo.KryoSerializer] for message [akka.actor.ActorSelectionMessage]. Note that this serializer is not implemented by Akka. It's not recommended to replace serializers for messages provided by Akka.
11:34:54.881 [worker-akka.actor.default-dispatcher-6] WARN  a.s.Serialization(akka://worker) akka.serialization.Serialization(akka://worker) - Using serializer [com.romix.akka.serialization.kryo.KryoSerializer] for message [akka.actor.ActorIdentity]. Note that this serializer is not implemented by Akka. It's not recommended to replace serializers for messages provided by Akka.
11:34:54.932 [worker-akka.actor.default-dispatcher-9] INFO  a.a.RepointableActorRef akka://worker/user/watcher - Starting...
11:34:55.069 [worker-akka.actor.default-dispatcher-6] INFO  o.a.c.u.Compatibility  - Running in ZooKeeper 3.4.x compatibility mode
11:34:55.128 [worker-akka.actor.default-dispatcher-6] INFO  o.a.c.f.i.CuratorFrameworkImpl  - Starting
11:34:55.152 [worker-akka.actor.default-dispatcher-6] INFO  o.a.z.ZooKeeper  - Client environment:zookeeper.version=3.4.14-4c25d480e66aadd371de8bd2fd8da255ac140bcf, built on 03/06/2019 16:18 GMT
11:34:55.153 [worker-akka.actor.default-dispatcher-6] INFO  o.a.z.ZooKeeper  - Client environment:host.name=flamestream-benchmarks-worker-6
11:34:55.154 [worker-akka.actor.default-dispatcher-6] INFO  o.a.z.ZooKeeper  - Client environment:java.version=1.8.0_222
11:34:55.154 [worker-akka.actor.default-dispatcher-6] INFO  o.a.z.ZooKeeper  - Client environment:java.vendor=Private Build
11:34:55.156 [worker-akka.actor.default-dispatcher-6] INFO  o.a.z.ZooKeeper  - Client environment:java.home=/usr/lib/jvm/java-8-openjdk-amd64/jre
11:34:55.158 [worker-akka.actor.default-dispatcher-6] INFO  o.a.z.ZooKeeper  - Client environment:java.class.path=lib/curator-framework-4.0.1.jar:lib/commons-csv-1.4.jar:lib/aeron-client-1.21.2.jar:lib/scala-library-2.12.9.jar:lib/asm-5.0.4.jar:lib/agrona-1.0.1.jar:lib/curator-recipes-4.0.1.jar:lib/akka-testkit_2.12-2.6.0-M6.jar:lib/flamestream-runtime-1.0-SNAPSHOT.jar:lib/slf4j-simple-2.0.0-alpha1.jar:lib/jsr305-3.0.2.jar:lib/trove4j-3.0.3.jar:lib/flamestream-core-1.0-SNAPSHOT.jar:lib/commons-io-2.4.jar:lib/minlog-1.3.0.jar:lib/kryonet-2.21.jar:lib/commons-1.4.9.jar:lib/jline-0.9.94.jar:lib/akka-remote_2.12-2.6.0-M6.jar:lib/leveldbjni-all-1.8.jar:lib/lz4-1.3.0.jar:lib/slf4j-api-1.7.24.jar:lib/scala-parser-combinators_2.12-1.1.2.jar:lib/flamestream-core-1.0-SNAPSHOT-tests.jar:lib/logback-core-1.2.3.jar:lib/netty-3.10.6.Final.jar:lib/protobuf-java-3.9.0.jar:lib/minlog-1.2.jar:lib/leveldb-api-0.7.jar:lib/jool-0.9.12.jar:lib/commons-cli-1.4.jar:lib/jblas-1.2.4.jar:lib/reflectasm-1.11.3.jar:lib/reflectasm-1.07-shaded.jar:lib/audience-annotations-0.5.0.jar:lib/jackson-annotations-2.9.6.jar:lib/commons-lang-2.6.jar:lib/ssl-config-core_2.12-0.3.8.jar:lib/annotations-13.0.jar:lib/logback-classic-1.2.3.jar:lib/guava-21.0.jar:lib/reactive-streams-1.0.2.jar:lib/spotbugs-annotations-3.1.9.jar:lib/leveldb-0.7.jar:lib/commons-pool2-2.4.2.jar:lib/rocksdbjni-5.5.1.jar:lib/jackson-core-2.9.9.jar:lib/jackson-databind-2.9.9.2.jar:lib/akka-protobuf-v3_2.12-2.6.0-M6.jar:lib/jackson-annotations-2.9.0.jar:lib/flamestream-examples-1.0-SNAPSHOT.jar:lib/objenesis-2.1.jar:lib/akka-kryo-serialization_2.12-0.5.2.jar:lib/scala-java8-compat_2.12-0.8.0.jar:lib/zookeeper-3.4.14.jar:lib/akka-slf4j_2.12-2.6.0-M6.jar:lib/kryo-4.0.0.jar:lib/akka-stream_2.12-2.6.0-M6.jar:lib/aeron-driver-1.21.2.jar:lib/config-1.3.1.jar:lib/annotations-12.0.jar:lib/jedis-2.9.0.jar:lib/jcommander-1.48.jar:lib/testng-6.10.jar:lib/akka-actor_2.12-2.6.0-M6.jar:lib/curator-client-4.0.1.jar:flamestream-runtime-1.0-SNAPSHOT.jar
11:34:55.161 [worker-akka.actor.default-dispatcher-6] INFO  o.a.z.ZooKeeper  - Client environment:java.library.path=/usr/java/packages/lib/amd64:/usr/lib/x86_64-linux-gnu/jni:/lib/x86_64-linux-gnu:/usr/lib/x86_64-linux-gnu:/usr/lib/jni:/lib:/usr/lib
11:34:55.161 [worker-akka.actor.default-dispatcher-6] INFO  o.a.z.ZooKeeper  - Client environment:java.io.tmpdir=/tmp
11:34:55.161 [worker-akka.actor.default-dispatcher-6] INFO  o.a.z.ZooKeeper  - Client environment:java.compiler=<NA>
11:34:55.162 [worker-akka.actor.default-dispatcher-6] INFO  o.a.z.ZooKeeper  - Client environment:os.name=Linux
11:34:55.163 [worker-akka.actor.default-dispatcher-6] INFO  o.a.z.ZooKeeper  - Client environment:os.arch=amd64
11:34:55.163 [worker-akka.actor.default-dispatcher-6] INFO  o.a.z.ZooKeeper  - Client environment:os.version=4.15.0-1040-gcp
11:34:55.163 [worker-akka.actor.default-dispatcher-6] INFO  o.a.z.ZooKeeper  - Client environment:user.name=ubuntu
11:34:55.163 [worker-akka.actor.default-dispatcher-6] INFO  o.a.z.ZooKeeper  - Client environment:user.home=/home/ubuntu
11:34:55.164 [worker-akka.actor.default-dispatcher-6] INFO  o.a.z.ZooKeeper  - Client environment:user.dir=/home/ubuntu/flamestream
11:34:55.168 [worker-akka.actor.default-dispatcher-6] INFO  o.a.z.ZooKeeper  - Initiating client connection, connectString=flamestream-benchmarks-manager:12181 sessionTimeout=60000 watcher=org.apache.curator.ConnectionState@652f61e2
11:34:55.222 [worker-akka.actor.default-dispatcher-6-SendThread(flamestream-benchmarks-manager:12181)] INFO  o.a.z.ClientCnxn  - Opening socket connection to server flamestream-benchmarks-manager/10.0.0.21:12181. Will not attempt to authenticate using SASL (unknown error)
11:34:55.225 [worker-akka.actor.default-dispatcher-6] INFO  o.a.c.f.i.CuratorFrameworkImpl  - Default schema
11:34:55.231 [worker-akka.actor.default-dispatcher-6-SendThread(flamestream-benchmarks-manager:12181)] INFO  o.a.z.ClientCnxn  - Socket connection established to flamestream-benchmarks-manager/10.0.0.21:12181, initiating session
11:34:55.244 [worker-akka.actor.default-dispatcher-6-SendThread(flamestream-benchmarks-manager:12181)] INFO  o.a.z.ClientCnxn  - Session establishment complete on server flamestream-benchmarks-manager/10.0.0.21:12181, sessionid = 0x100002c53420007, negotiated timeout = 60000
11:34:55.255 [worker-akka.actor.default-dispatcher-6-EventThread] INFO  o.a.c.f.s.ConnectionStateManager  - State change: CONNECTED
11:34:55.261 [worker-akka.actor.default-dispatcher-9] INFO  a.a.RepointableActorRef akka://worker/user/watcher - Initializing rocksDB backend
2019-10-10T11:34:56.280+0000: 4.896: [Full GC (Metadata GC Threshold) 2019-10-10T11:34:56.280+0000: 4.896: [Tenured: 13625K->25918K(1024000K), 0.1498425 secs] 161115K->25918K(1484800K), [Metaspace: 33682K->33682K(1079296K)], 0.1499476 secs] [Times: user=0.13 sys=0.01, real=0.15 secs] 
11:34:56.524 [worker-akka.actor.default-dispatcher-6] INFO  a.a.LocalActorRef akka://worker/user/watcher/processing-watcher - Starting...
11:35:02.193 [Curator-PathChildrenCache-1] WARN  o.a.c.u.ZKPaths  - The version of ZooKeeper being used doesn't support Container nodes. CreateMode.PERSISTENT will be used instead.
11:35:02.329 [worker-akka.actor.default-dispatcher-10] INFO  a.a.LocalActorRef akka://worker/user/watcher/processing-watcher/$a - Starting...
11:35:02.375 [worker-akka.actor.default-dispatcher-10] INFO  a.a.LocalActorRef akka://worker/user/watcher/processing-watcher/$a - Stopped
11:35:04.041 [worker-akka.actor.default-dispatcher-10] INFO  a.a.LocalActorRef akka://worker/user/watcher/processing-watcher/graph/graph - Starting...
11:35:06.535 [worker-akka.actor.default-dispatcher-9] INFO  a.a.LocalActorRef akka://worker/user/watcher/processing-watcher/graph/graph - Finishing constructor
11:35:06.537 [worker-akka.actor.default-dispatcher-9] INFO  a.a.LocalActorRef akka://worker/user/watcher/processing-watcher/graph/negotiator - Starting...
11:35:06.542 [worker-akka.actor.default-dispatcher-10] INFO  a.a.LocalActorRef akka://worker/user/watcher/processing-watcher/graph/edge - Starting...
11:35:06.546 [worker-akka.actor.default-dispatcher-9] INFO  a.a.LocalActorRef akka://worker/user/watcher/processing-watcher/graph - Starting FlameNode with config 'ClusterConfig{paths={flamestream-benchmarks-worker-1=akka://worker@flamestream-benchmarks-worker-1:5412/user/watcher/processing-watcher/graph, flamestream-benchmarks-worker-0=akka://worker@flamestream-benchmarks-worker-0:5412/user/watcher/processing-watcher/graph, flamestream-benchmarks-worker-9=akka://worker@flamestream-benchmarks-worker-9:5412/user/watcher/processing-watcher/graph, flamestream-benchmarks-worker-8=akka://worker@flamestream-benchmarks-worker-8:5412/user/watcher/processing-watcher/graph, flamestream-benchmarks-worker-7=akka://worker@flamestream-benchmarks-worker-7:5412/user/watcher/processing-watcher/graph, flamestream-benchmarks-worker-6=akka://worker@flamestream-benchmarks-worker-6:5412/user/watcher/processing-watcher/graph, flamestream-benchmarks-worker-5=akka://worker@flamestream-benchmarks-worker-5:5412/user/watcher/processing-watcher/graph, flamestream-benchmarks-worker-4=akka://worker@flamestream-benchmarks-worker-4:5412/user/watcher/processing-watcher/graph, flamestream-benchmarks-worker-3=akka://worker@flamestream-benchmarks-worker-3:5412/user/watcher/processing-watcher/graph, flamestream-benchmarks-worker-2=akka://worker@flamestream-benchmarks-worker-2:5412/user/watcher/processing-watcher/graph, flamestream-benchmarks-worker-14=akka://worker@flamestream-benchmarks-worker-14:5412/user/watcher/processing-watcher/graph, flamestream-benchmarks-worker-13=akka://worker@flamestream-benchmarks-worker-13:5412/user/watcher/processing-watcher/graph, flamestream-benchmarks-worker-12=akka://worker@flamestream-benchmarks-worker-12:5412/user/watcher/processing-watcher/graph, flamestream-benchmarks-worker-11=akka://worker@flamestream-benchmarks-worker-11:5412/user/watcher/processing-watcher/graph, flamestream-benchmarks-worker-10=akka://worker@flamestream-benchmarks-worker-10:5412/user/watcher/processing-watcher/graph}}'
11:35:06.570 [worker-akka.actor.default-dispatcher-9] INFO  a.a.LocalActorRef akka://worker/user/watcher/processing-watcher/graph/negotiator - Requesting ticket for the frontClass FlameSocketGraphDeployerFront@flamestream-benchmarks-worker-6
11:35:06.598 [worker-akka.actor.default-dispatcher-13] INFO  a.a.LocalActorRef akka://worker/user/watcher/processing-watcher/graph/graph - Received last commit 'LastCommit{globalTime=(0000000, min@min)}'
11:35:06.630 [worker-akka.actor.default-dispatcher-10] INFO  c.s.f.r.e.s.SocketRear  - FlameSocketGraphDeployerRear@flamestream-benchmarks-worker-6: connecting to flamestream-benchmarks-manager:5678
11:35:06.633 [worker-akka.actor.default-dispatcher-13] INFO  a.a.LocalActorRef akka://worker/user/watcher/processing-watcher/graph/edge/FlameSocketGraphDeployerFront - Starting...
11:35:06.650 [worker-akka.actor.default-dispatcher-10] INFO  c.s.f.r.e.s.SocketRear  - FlameSocketGraphDeployerRear@flamestream-benchmarks-worker-6: connected to flamestream-benchmarks-manager:5678
11:35:06.651 [worker-akka.actor.default-dispatcher-10] INFO  a.a.LocalActorRef akka://worker/user/watcher/processing-watcher/graph/edge/FlameSocketGraphDeployerRear - Starting...
11:35:06.663 [worker-akka.actor.default-dispatcher-6] INFO  a.a.LocalActorRef akka://worker/user/watcher/processing-watcher/graph/negotiator - Ticket for the frontClass received: FrontTicket{allowedTimestamp=(0000000, FlameSocketGraphDeployerFront@flamestream-benchmarks-worker-6)}
11:35:06.664 [worker-akka.actor.default-dispatcher-6] INFO  c.s.f.r.e.s.SocketFront  - FlameSocketGraphDeployerFront@flamestream-benchmarks-worker-6: connecting to flamestream-benchmarks-manager:4567
11:35:06.978 [worker-akka.actor.default-dispatcher-6] INFO  a.a.LocalActorRef akka://worker/user/watcher/processing-watcher/graph/graph/$a - Starting...
11:35:06.979 [worker-akka.actor.default-dispatcher-6] INFO  a.a.LocalActorRef akka://worker/user/watcher/processing-watcher/graph/graph/$b - Starting...
11:35:06.981 [worker-akka.actor.default-dispatcher-6] INFO  a.a.LocalActorRef akka://worker/user/watcher/processing-watcher/graph/graph/$c - Starting...
11:35:06.982 [worker-akka.actor.default-dispatcher-6] INFO  a.a.LocalActorRef akka://worker/user/watcher/processing-watcher/graph/graph/$d - Starting...
11:35:06.983 [worker-akka.actor.default-dispatcher-6] INFO  a.a.LocalActorRef akka://worker/user/watcher/processing-watcher/graph/graph/$e - Starting...
11:35:06.984 [worker-akka.actor.default-dispatcher-6] INFO  a.a.LocalActorRef akka://worker/user/watcher/processing-watcher/graph/graph/$f - Starting...
11:35:06.985 [worker-akka.actor.default-dispatcher-6] INFO  a.a.LocalActorRef akka://worker/user/watcher/processing-watcher/graph/graph/$g - Starting...
11:35:06.988 [worker-akka.actor.default-dispatcher-6] INFO  a.a.LocalActorRef akka://worker/user/watcher/processing-watcher/graph/graph/$h - Starting...
11:35:06.989 [worker-akka.actor.default-dispatcher-6] INFO  a.a.LocalActorRef akka://worker/user/watcher/processing-watcher/graph/graph/$i - Starting...
11:35:06.990 [worker-akka.actor.default-dispatcher-6] INFO  a.a.LocalActorRef akka://worker/user/watcher/processing-watcher/graph/graph/$j - Starting...
11:35:06.991 [worker-akka.actor.default-dispatcher-6] INFO  a.a.LocalActorRef akka://worker/user/watcher/processing-watcher/graph/graph/$k - Starting...
11:35:06.993 [worker-akka.actor.default-dispatcher-6] INFO  a.a.LocalActorRef akka://worker/user/watcher/processing-watcher/graph/graph/$l - Starting...
11:35:06.999 [worker-akka.actor.default-dispatcher-6] INFO  a.a.LocalActorRef akka://worker/user/watcher/processing-watcher/graph/graph/$m - Starting...
11:35:07.001 [worker-akka.actor.default-dispatcher-6] INFO  a.a.LocalActorRef akka://worker/user/watcher/processing-watcher/graph/graph/$n - Starting...
11:35:07.002 [worker-akka.actor.default-dispatcher-6] INFO  a.a.LocalActorRef akka://worker/user/watcher/processing-watcher/graph/graph/$o - Starting...
11:35:07.006 [worker-akka.actor.default-dispatcher-6] INFO  a.a.LocalActorRef akka://worker/user/watcher/processing-watcher/graph/graph/$p - Starting...
11:35:07.008 [worker-akka.actor.default-dispatcher-6] INFO  a.a.LocalActorRef akka://worker/user/watcher/processing-watcher/graph/graph/$q - Starting...
11:35:07.010 [worker-akka.actor.default-dispatcher-6] INFO  a.a.LocalActorRef akka://worker/user/watcher/processing-watcher/graph/graph/$r - Starting...
11:35:07.012 [worker-akka.actor.default-dispatcher-6] INFO  a.a.LocalActorRef akka://worker/user/watcher/processing-watcher/graph/graph/$s - Starting...
11:35:07.013 [worker-akka.actor.default-dispatcher-6] INFO  a.a.LocalActorRef akka://worker/user/watcher/processing-watcher/graph/graph/$t - Starting...
11:35:07.014 [worker-akka.actor.default-dispatcher-6] INFO  a.a.LocalActorRef akka://worker/user/watcher/processing-watcher/graph/graph/$u - Starting...
11:35:07.016 [worker-akka.actor.default-dispatcher-6] INFO  a.a.LocalActorRef akka://worker/user/watcher/processing-watcher/graph/graph/$v - Starting...
11:35:07.020 [worker-akka.actor.default-dispatcher-6] INFO  a.a.LocalActorRef akka://worker/user/watcher/processing-watcher/graph/graph/$w - Starting...
11:35:07.021 [worker-akka.actor.default-dispatcher-6] INFO  a.a.LocalActorRef akka://worker/user/watcher/processing-watcher/graph/graph/$x - Starting...
11:35:07.022 [worker-akka.actor.default-dispatcher-6] INFO  a.a.LocalActorRef akka://worker/user/watcher/processing-watcher/graph/graph/$y - Starting...
11:35:07.024 [worker-akka.actor.default-dispatcher-6] INFO  a.a.LocalActorRef akka://worker/user/watcher/processing-watcher/graph/graph/$z - Starting...
11:35:07.025 [worker-akka.actor.default-dispatcher-6] INFO  a.a.LocalActorRef akka://worker/user/watcher/processing-watcher/graph/graph/$A - Starting...
11:35:07.026 [worker-akka.actor.default-dispatcher-6] INFO  a.a.LocalActorRef akka://worker/user/watcher/processing-watcher/graph/graph/$B - Starting...
11:35:07.027 [worker-akka.actor.default-dispatcher-6] INFO  a.a.LocalActorRef akka://worker/user/watcher/processing-watcher/graph/graph/$C - Starting...
11:35:07.028 [worker-akka.actor.default-dispatcher-6] INFO  a.a.LocalActorRef akka://worker/user/watcher/processing-watcher/graph/graph/$D - Starting...
11:35:07.029 [worker-akka.actor.default-dispatcher-6] INFO  a.a.LocalActorRef akka://worker/user/watcher/processing-watcher/graph/graph/$E - Starting...
11:35:07.030 [worker-akka.actor.default-dispatcher-6] INFO  a.a.LocalActorRef akka://worker/user/watcher/processing-watcher/graph/graph/$F - Starting...
11:35:07.031 [worker-akka.actor.default-dispatcher-6] INFO  a.a.LocalActorRef akka://worker/user/watcher/processing-watcher/graph/graph/$G - Starting...
11:35:07.032 [worker-akka.actor.default-dispatcher-6] INFO  a.a.LocalActorRef akka://worker/user/watcher/processing-watcher/graph/graph/$H - Starting...
11:35:07.040 [worker-akka.actor.default-dispatcher-6] INFO  a.a.LocalActorRef akka://worker/user/watcher/processing-watcher/graph/graph/$I - Starting...
11:35:07.062 [worker-akka.actor.default-dispatcher-6] INFO  a.a.LocalActorRef akka://worker/user/watcher/processing-watcher/graph/graph/$J - Starting...
11:35:07.062 [worker-akka.actor.default-dispatcher-6] INFO  a.a.LocalActorRef akka://worker/user/watcher/processing-watcher/graph/graph/$K - Starting...
11:35:07.063 [worker-akka.actor.default-dispatcher-6] INFO  a.a.LocalActorRef akka://worker/user/watcher/processing-watcher/graph/graph/$L - Starting...
11:35:07.065 [worker-akka.actor.default-dispatcher-6] INFO  a.a.LocalActorRef akka://worker/user/watcher/processing-watcher/graph/graph/$M - Starting...
11:35:07.066 [worker-akka.actor.default-dispatcher-6] INFO  a.a.LocalActorRef akka://worker/user/watcher/processing-watcher/graph/graph/$N - Starting...
11:35:07.072 [worker-akka.actor.default-dispatcher-6] INFO  a.a.LocalActorRef akka://worker/user/watcher/processing-watcher/graph/graph/$I - Attached rear to graph (-9223372036854775808, min@min)
11:35:07.073 [worker-akka.actor.default-dispatcher-6] INFO  a.a.LocalActorRef akka://worker/user/watcher/processing-watcher/graph/graph/$O - Starting...
11:35:07.075 [worker-akka.actor.default-dispatcher-6] INFO  a.a.LocalActorRef akka://worker/user/watcher/processing-watcher/graph/graph/$Q - Starting...
11:35:07.076 [worker-akka.actor.default-dispatcher-6] INFO  a.a.LocalActorRef akka://worker/user/watcher/processing-watcher/graph/graph/$P - Starting...
11:35:07.077 [worker-akka.actor.default-dispatcher-6] INFO  a.a.LocalActorRef akka://worker/user/watcher/processing-watcher/graph/graph/$R - Starting...
11:35:07.079 [worker-akka.actor.default-dispatcher-6] INFO  a.a.LocalActorRef akka://worker/user/watcher/processing-watcher/graph/graph/$S - Starting...
11:35:07.080 [worker-akka.actor.default-dispatcher-6] INFO  a.a.LocalActorRef akka://worker/user/watcher/processing-watcher/graph/graph/$T - Starting...
11:35:07.082 [worker-akka.actor.default-dispatcher-6] INFO  a.a.LocalActorRef akka://worker/user/watcher/processing-watcher/graph/graph/$U - Starting...
11:35:07.082 [worker-akka.actor.default-dispatcher-6] INFO  a.a.LocalActorRef akka://worker/user/watcher/processing-watcher/graph/graph/$V - Starting...
11:35:07.083 [worker-akka.actor.default-dispatcher-10] INFO  a.a.LocalActorRef akka://worker/user/watcher/processing-watcher/graph/graph/$W - Starting...
11:35:07.084 [worker-akka.actor.default-dispatcher-10] INFO  a.a.LocalActorRef akka://worker/user/watcher/processing-watcher/graph/graph/$Y - Starting...
11:35:07.084 [worker-akka.actor.default-dispatcher-10] INFO  a.a.LocalActorRef akka://worker/user/watcher/processing-watcher/graph/graph/$Z - Starting...
11:35:07.084 [worker-akka.actor.default-dispatcher-10] INFO  a.a.LocalActorRef akka://worker/user/watcher/processing-watcher/graph/graph/$0 - Starting...
11:35:07.084 [worker-akka.actor.default-dispatcher-6] INFO  a.a.LocalActorRef akka://worker/user/watcher/processing-watcher/graph/graph/$X - Starting...
11:35:07.085 [worker-akka.actor.default-dispatcher-6] INFO  a.a.LocalActorRef akka://worker/user/watcher/processing-watcher/graph/graph/$2 - Starting...
11:35:07.085 [worker-akka.actor.default-dispatcher-6] INFO  a.a.LocalActorRef akka://worker/user/watcher/processing-watcher/graph/graph/$1 - Starting...
11:35:07.086 [worker-akka.actor.default-dispatcher-6] INFO  a.a.LocalActorRef akka://worker/user/watcher/processing-watcher/graph/graph/$3 - Starting...
11:35:07.088 [worker-akka.actor.default-dispatcher-6] INFO  a.a.LocalActorRef akka://worker/user/watcher/processing-watcher/graph/graph/$4 - Starting...
11:35:07.089 [worker-akka.actor.default-dispatcher-6] INFO  a.a.LocalActorRef akka://worker/user/watcher/processing-watcher/graph/graph/$5 - Starting...
11:35:07.089 [worker-akka.actor.default-dispatcher-10] INFO  a.a.LocalActorRef akka://worker/user/watcher/processing-watcher/graph/graph/$6 - Starting...
11:35:07.090 [worker-akka.actor.default-dispatcher-10] INFO  a.a.LocalActorRef akka://worker/user/watcher/processing-watcher/graph/graph/$7 - Starting...
11:35:07.090 [worker-akka.actor.default-dispatcher-10] INFO  a.a.LocalActorRef akka://worker/user/watcher/processing-watcher/graph/graph/$8 - Starting...
11:35:07.090 [worker-akka.actor.default-dispatcher-10] INFO  a.a.LocalActorRef akka://worker/user/watcher/processing-watcher/graph/graph/$+ - Starting...
11:35:07.091 [worker-akka.actor.default-dispatcher-6] INFO  a.a.LocalActorRef akka://worker/user/watcher/processing-watcher/graph/graph/$9 - Starting...
11:35:07.092 [worker-akka.actor.default-dispatcher-6] INFO  a.a.LocalActorRef akka://worker/user/watcher/processing-watcher/graph/graph/$~ - Starting...
11:35:07.093 [worker-akka.actor.default-dispatcher-6] INFO  a.a.LocalActorRef akka://worker/user/watcher/processing-watcher/graph/graph/$ab - Starting...
11:35:07.094 [worker-akka.actor.default-dispatcher-6] INFO  a.a.LocalActorRef akka://worker/user/watcher/processing-watcher/graph/graph/$bb - Starting...
11:35:07.095 [worker-akka.actor.default-dispatcher-6] INFO  a.a.LocalActorRef akka://worker/user/watcher/processing-watcher/graph/graph/$db - Starting...
11:35:07.096 [worker-akka.actor.default-dispatcher-6] INFO  a.a.LocalActorRef akka://worker/user/watcher/processing-watcher/graph/graph/$cb - Starting...
11:35:07.096 [worker-akka.actor.default-dispatcher-6] INFO  a.a.LocalActorRef akka://worker/user/watcher/processing-watcher/graph/graph/$eb - Starting...
11:35:07.098 [worker-akka.actor.default-dispatcher-10] INFO  a.a.LocalActorRef akka://worker/user/watcher/processing-watcher/graph/graph/$fb - Starting...
11:35:07.098 [worker-akka.actor.default-dispatcher-10] INFO  a.a.LocalActorRef akka://worker/user/watcher/processing-watcher/graph/graph/$gb - Starting...
11:35:07.098 [worker-akka.actor.default-dispatcher-10] INFO  a.a.LocalActorRef akka://worker/user/watcher/processing-watcher/graph/graph/$hb - Starting...
11:35:07.098 [worker-akka.actor.default-dispatcher-10] INFO  a.a.LocalActorRef akka://worker/user/watcher/processing-watcher/graph/graph/$ib - Starting...
11:35:07.098 [worker-akka.actor.default-dispatcher-10] INFO  a.a.LocalActorRef akka://worker/user/watcher/processing-watcher/graph/graph/$jb - Starting...
11:35:07.099 [worker-akka.actor.default-dispatcher-6] INFO  a.a.LocalActorRef akka://worker/user/watcher/processing-watcher/graph/graph/$lb - Starting...
11:35:07.099 [worker-akka.actor.default-dispatcher-6] INFO  a.a.LocalActorRef akka://worker/user/watcher/processing-watcher/graph/graph/$kb - Starting...
11:35:07.100 [worker-akka.actor.default-dispatcher-6] INFO  a.a.LocalActorRef akka://worker/user/watcher/processing-watcher/graph/graph/$mb - Starting...
11:35:07.102 [worker-akka.actor.default-dispatcher-6] INFO  a.a.LocalActorRef akka://worker/user/watcher/processing-watcher/graph/graph/$nb - Starting...
11:35:07.103 [worker-akka.actor.default-dispatcher-6] INFO  a.a.LocalActorRef akka://worker/user/watcher/processing-watcher/graph/graph/$ob - Starting...
11:35:07.104 [worker-akka.actor.default-dispatcher-6] INFO  a.a.LocalActorRef akka://worker/user/watcher/processing-watcher/graph/graph/$pb - Starting...
11:35:07.105 [worker-akka.actor.default-dispatcher-10] INFO  a.a.LocalActorRef akka://worker/user/watcher/processing-watcher/graph/graph/$qb - Starting...
11:35:07.106 [worker-akka.actor.default-dispatcher-10] INFO  a.a.LocalActorRef akka://worker/user/watcher/processing-watcher/graph/graph/$rb - Starting...
11:35:07.106 [worker-akka.actor.default-dispatcher-10] INFO  a.a.LocalActorRef akka://worker/user/watcher/processing-watcher/graph/graph/$tb - Starting...
11:35:07.106 [worker-akka.actor.default-dispatcher-10] INFO  a.a.LocalActorRef akka://worker/user/watcher/processing-watcher/graph/graph/$sb - Starting...
11:35:07.106 [worker-akka.actor.default-dispatcher-10] INFO  a.a.LocalActorRef akka://worker/user/watcher/processing-watcher/graph/graph/$ub - Starting...
11:35:07.106 [worker-akka.actor.default-dispatcher-10] INFO  a.a.LocalActorRef akka://worker/user/watcher/processing-watcher/graph/graph/$vb - Starting...
11:35:07.106 [worker-akka.actor.default-dispatcher-10] INFO  a.a.LocalActorRef akka://worker/user/watcher/processing-watcher/graph/graph/$xb - Starting...
11:35:07.106 [worker-akka.actor.default-dispatcher-6] INFO  a.a.LocalActorRef akka://worker/user/watcher/processing-watcher/graph/graph/$wb - Starting...
11:35:07.108 [worker-akka.actor.default-dispatcher-6] INFO  a.a.LocalActorRef akka://worker/user/watcher/processing-watcher/graph/graph/$zb - Starting...
11:35:07.108 [worker-akka.actor.default-dispatcher-6] INFO  a.a.LocalActorRef akka://worker/user/watcher/processing-watcher/graph/graph/$yb - Starting...
11:35:07.109 [worker-akka.actor.default-dispatcher-6] INFO  a.a.LocalActorRef akka://worker/user/watcher/processing-watcher/graph/graph/$Ab - Starting...
11:35:07.110 [worker-akka.actor.default-dispatcher-6] INFO  a.a.LocalActorRef akka://worker/user/watcher/processing-watcher/graph/graph/$Bb - Starting...
11:35:07.111 [worker-akka.actor.default-dispatcher-6] INFO  a.a.LocalActorRef akka://worker/user/watcher/processing-watcher/graph/graph/$Cb - Starting...
11:35:07.112 [worker-akka.actor.default-dispatcher-6] INFO  a.a.LocalActorRef akka://worker/user/watcher/processing-watcher/graph/graph/$Db - Starting...
11:35:07.113 [worker-akka.actor.default-dispatcher-6] INFO  a.a.LocalActorRef akka://worker/user/watcher/processing-watcher/graph/graph/$Eb - Starting...
11:35:07.115 [worker-akka.actor.default-dispatcher-6] INFO  a.a.LocalActorRef akka://worker/user/watcher/processing-watcher/graph/graph/$Fb - Starting...
11:35:07.116 [worker-akka.actor.default-dispatcher-13] INFO  a.a.LocalActorRef akka://worker/user/watcher/processing-watcher/graph/graph/$Gb - Starting...
11:35:07.116 [worker-akka.actor.default-dispatcher-13] INFO  a.a.LocalActorRef akka://worker/user/watcher/processing-watcher/graph/graph/$Ib - Starting...
11:35:07.117 [worker-akka.actor.default-dispatcher-13] INFO  a.a.LocalActorRef akka://worker/user/watcher/processing-watcher/graph/graph/$Jb - Starting...
11:35:07.117 [worker-akka.actor.default-dispatcher-13] INFO  a.a.LocalActorRef akka://worker/user/watcher/processing-watcher/graph/graph/$Hb - Starting...
11:35:07.117 [worker-akka.actor.default-dispatcher-13] INFO  a.a.LocalActorRef akka://worker/user/watcher/processing-watcher/graph/graph/$Lb - Starting...
11:35:07.117 [worker-akka.actor.default-dispatcher-6] INFO  a.a.LocalActorRef akka://worker/user/watcher/processing-watcher/graph/graph/$Kb - Starting...
11:35:07.117 [worker-akka.actor.default-dispatcher-13] INFO  a.a.LocalActorRef akka://worker/user/watcher/processing-watcher/graph/graph/$Mb - Starting...
11:35:07.118 [worker-akka.actor.default-dispatcher-13] INFO  a.a.LocalActorRef akka://worker/user/watcher/processing-watcher/graph/graph/$Nb - Starting...
2019-10-10T11:35:22.650+0000: 31.266: [GC (Allocation Failure) 2019-10-10T11:35:22.650+0000: 31.266: [DefNew: 409600K->32186K(460800K), 0.0483652 secs] 435518K->58104K(1484800K), 0.0484679 secs] [Times: user=0.04 sys=0.01, real=0.05 secs] 
2019-10-10T11:35:34.707+0000: 43.323: [GC (Allocation Failure) 2019-10-10T11:35:34.707+0000: 43.323: [DefNew: 441786K->1205K(460800K), 0.0385820 secs] 467704K->55924K(1484800K), 0.0386868 secs] [Times: user=0.01 sys=0.02, real=0.04 secs] 
2019-10-10T11:35:43.474+0000: 52.090: [GC (Allocation Failure) 2019-10-10T11:35:43.474+0000: 52.090: [DefNew: 410805K->1588K(460800K), 0.0058136 secs] 465524K->56307K(1484800K), 0.0059060 secs] [Times: user=0.01 sys=0.00, real=0.01 secs] 
2019-10-10T11:35:50.045+0000: 58.661: [GC (Allocation Failure) 2019-10-10T11:35:50.045+0000: 58.661: [DefNew: 411188K->1422K(460800K), 0.0053573 secs] 465907K->56141K(1484800K), 0.0054588 secs] [Times: user=0.00 sys=0.00, real=0.01 secs] 
2019-10-10T11:35:59.493+0000: 68.109: [GC (Allocation Failure) 2019-10-10T11:35:59.493+0000: 68.109: [DefNew: 411022K->2120K(460800K), 0.0080561 secs] 465741K->56839K(1484800K), 0.0081576 secs] [Times: user=0.01 sys=0.00, real=0.01 secs] 
2019-10-10T11:36:08.938+0000: 77.554: [GC (Allocation Failure) 2019-10-10T11:36:08.938+0000: 77.554: [DefNew: 411720K->1733K(460800K), 0.0044454 secs] 466439K->56453K(1484800K), 0.0045405 secs] [Times: user=0.00 sys=0.00, real=0.00 secs] 
2019-10-10T11:36:16.750+0000: 85.366: [GC (Allocation Failure) 2019-10-10T11:36:16.750+0000: 85.366: [DefNew: 411333K->1735K(460800K), 0.0044602 secs] 466053K->56455K(1484800K), 0.0045549 secs] [Times: user=0.00 sys=0.01, real=0.00 secs] 
2019-10-10T11:36:23.886+0000: 92.502: [GC (Allocation Failure) 2019-10-10T11:36:23.886+0000: 92.502: [DefNew: 411335K->1738K(460800K), 0.0042231 secs] 466055K->56457K(1484800K), 0.0043174 secs] [Times: user=0.01 sys=0.00, real=0.00 secs] 
2019-10-10T11:36:31.177+0000: 99.793: [GC (Allocation Failure) 2019-10-10T11:36:31.177+0000: 99.793: [DefNew: 411338K->1808K(460800K), 0.0044366 secs] 466057K->56528K(1484800K), 0.0045312 secs] [Times: user=0.01 sys=0.00, real=0.01 secs] 
2019-10-10T11:36:38.386+0000: 107.002: [GC (Allocation Failure) 2019-10-10T11:36:38.386+0000: 107.002: [DefNew: 411408K->1751K(460800K), 0.0045606 secs] 466128K->56470K(1484800K), 0.0046604 secs] [Times: user=0.00 sys=0.00, real=0.00 secs] 
2019-10-10T11:36:45.631+0000: 114.247: [GC (Allocation Failure) 2019-10-10T11:36:45.632+0000: 114.247: [DefNew: 411351K->1735K(460800K), 0.0043319 secs] 466070K->56454K(1484800K), 0.0044227 secs] [Times: user=0.01 sys=0.00, real=0.00 secs] 
2019-10-10T11:36:53.274+0000: 121.889: [GC (Allocation Failure) 2019-10-10T11:36:53.274+0000: 121.889: [DefNew: 411335K->1744K(460800K), 0.0043764 secs] 466054K->56464K(1484800K), 0.0044689 secs] [Times: user=0.01 sys=0.00, real=0.01 secs] 
2019-10-10T11:37:00.798+0000: 129.413: [GC (Allocation Failure) 2019-10-10T11:37:00.798+0000: 129.414: [DefNew: 411344K->1829K(460800K), 0.0047088 secs] 466064K->56549K(1484800K), 0.0048318 secs] [Times: user=0.00 sys=0.00, real=0.00 secs] 
2019-10-10T11:37:07.982+0000: 136.598: [GC (Allocation Failure) 2019-10-10T11:37:07.982+0000: 136.598: [DefNew: 411429K->1868K(460800K), 0.0049332 secs] 466149K->56587K(1484800K), 0.0050190 secs] [Times: user=0.00 sys=0.00, real=0.01 secs] 
2019-10-10T11:37:15.708+0000: 144.324: [GC (Allocation Failure) 2019-10-10T11:37:15.708+0000: 144.324: [DefNew: 411468K->1827K(460800K), 0.0043709 secs] 466187K->56546K(1484800K), 0.0044605 secs] [Times: user=0.00 sys=0.00, real=0.00 secs] 
2019-10-10T11:37:23.097+0000: 151.712: [GC (Allocation Failure) 2019-10-10T11:37:23.097+0000: 151.712: [DefNew: 411427K->1822K(460800K), 0.0047442 secs] 466146K->56542K(1484800K), 0.0048336 secs] [Times: user=0.00 sys=0.00, real=0.01 secs] 
2019-10-10T11:37:30.375+0000: 158.991: [GC (Allocation Failure) 2019-10-10T11:37:30.375+0000: 158.991: [DefNew: 411422K->1626K(460800K), 0.0049113 secs] 466142K->56643K(1484800K), 0.0050280 secs] [Times: user=0.01 sys=0.00, real=0.01 secs] 
2019-10-10T11:37:38.079+0000: 166.695: [GC (Allocation Failure) 2019-10-10T11:37:38.079+0000: 166.695: [DefNew: 411226K->1359K(460800K), 0.0055255 secs] 466243K->56542K(1484800K), 0.0056182 secs] [Times: user=0.00 sys=0.00, real=0.00 secs] 
2019-10-10T11:37:45.533+0000: 174.149: [GC (Allocation Failure) 2019-10-10T11:37:45.533+0000: 174.149: [DefNew: 410959K->1201K(460800K), 0.0042604 secs] 466142K->56541K(1484800K), 0.0043567 secs] [Times: user=0.00 sys=0.00, real=0.00 secs] 
2019-10-10T11:37:52.860+0000: 181.476: [GC (Allocation Failure) 2019-10-10T11:37:52.860+0000: 181.476: [DefNew: 410801K->249K(460800K), 0.0045492 secs] 466141K->56565K(1484800K), 0.0046413 secs] [Times: user=0.00 sys=0.00, real=0.00 secs] 
2019-10-10T11:37:59.986+0000: 188.602: [GC (Allocation Failure) 2019-10-10T11:37:59.986+0000: 188.602: [DefNew: 409849K->313K(460800K), 0.0031586 secs] 466165K->56630K(1484800K), 0.0033039 secs] [Times: user=0.00 sys=0.01, real=0.00 secs] 
2019-10-10T11:38:07.739+0000: 196.354: [GC (Allocation Failure) 2019-10-10T11:38:07.739+0000: 196.354: [DefNew: 409913K->281K(460800K), 0.0027350 secs] 466230K->56599K(1484800K), 0.0028324 secs] [Times: user=0.01 sys=0.00, real=0.00 secs] 
2019-10-10T11:38:15.067+0000: 203.683: [GC (Allocation Failure) 2019-10-10T11:38:15.067+0000: 203.683: [DefNew: 409881K->345K(460800K), 0.0028341 secs] 466199K->56664K(1484800K), 0.0029182 secs] [Times: user=0.00 sys=0.00, real=0.00 secs] 
2019-10-10T11:38:22.454+0000: 211.070: [GC (Allocation Failure) 2019-10-10T11:38:22.454+0000: 211.070: [DefNew: 409945K->268K(460800K), 0.0027933 secs] 466264K->56587K(1484800K), 0.0028792 secs] [Times: user=0.01 sys=0.00, real=0.00 secs] 
2019-10-10T11:38:30.178+0000: 218.793: [GC (Allocation Failure) 2019-10-10T11:38:30.178+0000: 218.793: [DefNew: 409868K->270K(460800K), 0.0027831 secs] 466187K->56589K(1484800K), 0.0028746 secs] [Times: user=0.00 sys=0.00, real=0.00 secs] 
2019-10-10T11:38:37.474+0000: 226.090: [GC (Allocation Failure) 2019-10-10T11:38:37.474+0000: 226.090: [DefNew: 409870K->270K(460800K), 0.0027756 secs] 466189K->56589K(1484800K), 0.0028782 secs] [Times: user=0.01 sys=0.00, real=0.00 secs] 
2019-10-10T11:38:44.847+0000: 233.463: [GC (Allocation Failure) 2019-10-10T11:38:44.847+0000: 233.463: [DefNew: 409870K->261K(460800K), 0.0029180 secs] 466189K->56588K(1484800K), 0.0030102 secs] [Times: user=0.00 sys=0.00, real=0.00 secs] 
2019-10-10T11:38:52.504+0000: 241.119: [GC (Allocation Failure) 2019-10-10T11:38:52.504+0000: 241.119: [DefNew: 409861K->208K(460800K), 0.0030643 secs] 466188K->56613K(1484800K), 0.0031542 secs] [Times: user=0.00 sys=0.00, real=0.01 secs] 
2019-10-10T11:38:59.771+0000: 248.386: [GC (Allocation Failure) 2019-10-10T11:38:59.771+0000: 248.386: [DefNew: 409808K->221K(460800K), 0.0029224 secs] 466213K->56626K(1484800K), 0.0030214 secs] [Times: user=0.00 sys=0.00, real=0.00 secs] 
2019-10-10T11:39:07.017+0000: 255.633: [GC (Allocation Failure) 2019-10-10T11:39:07.017+0000: 255.633: [DefNew: 409821K->202K(460800K), 0.0025939 secs] 466226K->56607K(1484800K), 0.0027199 secs] [Times: user=0.00 sys=0.00, real=0.01 secs] 
2019-10-10T11:39:14.729+0000: 263.345: [GC (Allocation Failure) 2019-10-10T11:39:14.729+0000: 263.345: [DefNew: 409802K->235K(460800K), 0.0028302 secs] 466207K->56640K(1484800K), 0.0029206 secs] [Times: user=0.00 sys=0.01, real=0.00 secs] 
2019-10-10T11:39:22.021+0000: 270.636: [GC (Allocation Failure) 2019-10-10T11:39:22.021+0000: 270.636: [DefNew: 409835K->203K(460800K), 0.0029450 secs] 466240K->56609K(1484800K), 0.0030370 secs] [Times: user=0.00 sys=0.00, real=0.00 secs] 
2019-10-10T11:39:29.283+0000: 277.899: [GC (Allocation Failure) 2019-10-10T11:39:29.283+0000: 277.899: [DefNew: 409803K->204K(460800K), 0.0027477 secs] 466209K->56609K(1484800K), 0.0028375 secs] [Times: user=0.01 sys=0.00, real=0.01 secs] 
2019-10-10T11:39:36.556+0000: 285.172: [GC (Allocation Failure) 2019-10-10T11:39:36.556+0000: 285.172: [DefNew: 409804K->208K(460800K), 0.0028216 secs] 466209K->56613K(1484800K), 0.0029050 secs] [Times: user=0.00 sys=0.00, real=0.01 secs] 
2019-10-10T11:39:44.405+0000: 293.021: [GC (Allocation Failure) 2019-10-10T11:39:44.405+0000: 293.021: [DefNew: 409808K->203K(460800K), 0.0027136 secs] 466213K->56609K(1484800K), 0.0028089 secs] [Times: user=0.00 sys=0.00, real=0.01 secs] 
2019-10-10T11:39:51.649+0000: 300.265: [GC (Allocation Failure) 2019-10-10T11:39:51.649+0000: 300.265: [DefNew: 409803K->161K(460800K), 0.0027661 secs] 466209K->56610K(1484800K), 0.0028401 secs] [Times: user=0.01 sys=0.00, real=0.00 secs] 
2019-10-10T11:39:58.880+0000: 307.496: [GC (Allocation Failure) 2019-10-10T11:39:58.880+0000: 307.496: [DefNew: 409761K->178K(460800K), 0.0030414 secs] 466210K->56627K(1484800K), 0.0031416 secs] [Times: user=0.00 sys=0.00, real=0.00 secs] 
2019-10-10T11:40:06.603+0000: 315.219: [GC (Allocation Failure) 2019-10-10T11:40:06.603+0000: 315.219: [DefNew: 409778K->211K(460800K), 0.0027002 secs] 466227K->56661K(1484800K), 0.0027760 secs] [Times: user=0.00 sys=0.00, real=0.01 secs] 
2019-10-10T11:40:13.886+0000: 322.502: [GC (Allocation Failure) 2019-10-10T11:40:13.886+0000: 322.502: [DefNew: 409811K->210K(460800K), 0.0028453 secs] 466261K->56660K(1484800K), 0.0029375 secs] [Times: user=0.00 sys=0.00, real=0.00 secs] 
2019-10-10T11:40:21.232+0000: 329.847: [GC (Allocation Failure) 2019-10-10T11:40:21.232+0000: 329.847: [DefNew: 409810K->208K(460800K), 0.0028147 secs] 466260K->56658K(1484800K), 0.0029026 secs] [Times: user=0.00 sys=0.00, real=0.00 secs] 
2019-10-10T11:40:29.011+0000: 337.627: [GC (Allocation Failure) 2019-10-10T11:40:29.011+0000: 337.627: [DefNew: 409808K->249K(460800K), 0.0027911 secs] 466258K->56699K(1484800K), 0.0028755 secs] [Times: user=0.00 sys=0.00, real=0.00 secs] 
2019-10-10T11:40:36.319+0000: 344.934: [GC (Allocation Failure) 2019-10-10T11:40:36.319+0000: 344.934: [DefNew: 409849K->210K(460800K), 0.0027362 secs] 466299K->56660K(1484800K), 0.0028209 secs] [Times: user=0.00 sys=0.00, real=0.00 secs] 
2019-10-10T11:40:43.682+0000: 352.298: [GC (Allocation Failure) 2019-10-10T11:40:43.682+0000: 352.298: [DefNew: 409810K->217K(460800K), 0.0028144 secs] 466260K->56669K(1484800K), 0.0029019 secs] [Times: user=0.00 sys=0.00, real=0.00 secs] 
2019-10-10T11:40:51.317+0000: 359.933: [GC (Allocation Failure) 2019-10-10T11:40:51.318+0000: 359.933: [DefNew: 409817K->190K(460800K), 0.0026384 secs] 466269K->56661K(1484800K), 0.0027573 secs] [Times: user=0.00 sys=0.01, real=0.01 secs] 
2019-10-10T11:40:58.542+0000: 367.158: [GC (Allocation Failure) 2019-10-10T11:40:58.542+0000: 367.158: [DefNew: 409790K->207K(460800K), 0.0028453 secs] 466261K->56679K(1484800K), 0.0029140 secs] [Times: user=0.01 sys=0.00, real=0.00 secs] 
2019-10-10T11:41:05.827+0000: 374.442: [GC (Allocation Failure) 2019-10-10T11:41:05.827+0000: 374.442: [DefNew: 409807K->236K(460800K), 0.0027725 secs] 466279K->56708K(1484800K), 0.0028637 secs] [Times: user=0.01 sys=0.00, real=0.00 secs] 
2019-10-10T11:41:13.106+0000: 381.721: [GC (Allocation Failure) 2019-10-10T11:41:13.106+0000: 381.722: [DefNew: 409836K->278K(460800K), 0.0029576 secs] 466308K->56750K(1484800K), 0.0030400 secs] [Times: user=0.00 sys=0.00, real=0.00 secs] 
2019-10-10T11:41:20.939+0000: 389.555: [GC (Allocation Failure) 2019-10-10T11:41:20.939+0000: 389.555: [DefNew: 409878K->208K(460800K), 0.0028722 secs] 466350K->56680K(1484800K), 0.0029693 secs] [Times: user=0.00 sys=0.00, real=0.00 secs] 
2019-10-10T11:41:28.259+0000: 396.874: [GC (Allocation Failure) 2019-10-10T11:41:28.259+0000: 396.874: [DefNew: 409808K->205K(460800K), 0.0027257 secs] 466280K->56677K(1484800K), 0.0028090 secs] [Times: user=0.00 sys=0.00, real=0.00 secs] 
2019-10-10T11:41:35.525+0000: 404.141: [GC (Allocation Failure) 2019-10-10T11:41:35.525+0000: 404.141: [DefNew: 409805K->255K(460800K), 0.0029420 secs] 466277K->56727K(1484800K), 0.0030314 secs] [Times: user=0.01 sys=0.00, real=0.01 secs] 
2019-10-10T11:41:43.264+0000: 411.879: [GC (Allocation Failure) 2019-10-10T11:41:43.264+0000: 411.879: [DefNew: 409855K->221K(460800K), 0.0029389 secs] 466327K->56694K(1484800K), 0.0030390 secs] [Times: user=0.00 sys=0.00, real=0.01 secs] 
2019-10-10T11:41:50.577+0000: 419.192: [GC (Allocation Failure) 2019-10-10T11:41:50.577+0000: 419.192: [DefNew: 409821K->187K(460800K), 0.0027713 secs] 466294K->56676K(1484800K), 0.0028586 secs] [Times: user=0.00 sys=0.00, real=0.01 secs] 
2019-10-10T11:41:57.817+0000: 426.433: [GC (Allocation Failure) 2019-10-10T11:41:57.818+0000: 426.433: [DefNew: 409787K->167K(460800K), 0.0030176 secs] 466276K->56689K(1484800K), 0.0031619 secs] [Times: user=0.00 sys=0.00, real=0.01 secs] 
2019-10-10T11:42:04.944+0000: 433.559: [GC (Allocation Failure) 2019-10-10T11:42:04.944+0000: 433.559: [DefNew: 409767K->169K(460800K), 0.0027549 secs] 466289K->56692K(1484800K), 0.0028516 secs] [Times: user=0.00 sys=0.00, real=0.01 secs] 
2019-10-10T11:42:12.644+0000: 441.260: [GC (Allocation Failure) 2019-10-10T11:42:12.644+0000: 441.260: [DefNew: 409769K->181K(460800K), 0.0027391 secs] 466292K->56704K(1484800K), 0.0028331 secs] [Times: user=0.01 sys=0.00, real=0.01 secs] 
2019-10-10T11:42:19.901+0000: 448.517: [GC (Allocation Failure) 2019-10-10T11:42:19.902+0000: 448.517: [DefNew: 409781K->204K(460800K), 0.0027009 secs] 466304K->56726K(1484800K), 0.0028421 secs] [Times: user=0.00 sys=0.00, real=0.00 secs] 
2019-10-10T11:42:27.159+0000: 455.775: [GC (Allocation Failure) 2019-10-10T11:42:27.159+0000: 455.775: [DefNew: 409804K->254K(460800K), 0.0027360 secs] 466326K->56777K(1484800K), 0.0028217 secs] [Times: user=0.00 sys=0.00, real=0.00 secs] 
11:42:33.606 [worker-akka.actor.default-dispatcher-6] INFO  a.r.a.Association(akka://worker) akka.remote.artery.Association(akka://worker) - Stopping idle outbound stream [2] to [akka://worker@flamestream-benchmarks-worker-0:5412]
2019-10-10T11:42:34.896+0000: 463.511: [GC (Allocation Failure) 2019-10-10T11:42:34.896+0000: 463.512: [DefNew: 409854K->304K(460800K), 0.0030703 secs] 466377K->56828K(1484800K), 0.0031792 secs] [Times: user=0.00 sys=0.00, real=0.01 secs] 
2019-10-10T11:42:42.127+0000: 470.743: [GC (Allocation Failure) 2019-10-10T11:42:42.127+0000: 470.743: [DefNew: 409904K->276K(460800K), 0.0030179 secs] 466428K->56800K(1484800K), 0.0031085 secs] [Times: user=0.00 sys=0.00, real=0.00 secs] 
2019-10-10T11:42:49.382+0000: 477.998: [GC (Allocation Failure) 2019-10-10T11:42:49.382+0000: 477.998: [DefNew: 409876K->210K(460800K), 0.0028814 secs] 466400K->56748K(1484800K), 0.0029688 secs] [Times: user=0.00 sys=0.00, real=0.00 secs] 
2019-10-10T11:42:56.681+0000: 485.297: [GC (Allocation Failure) 2019-10-10T11:42:56.681+0000: 485.297: [DefNew: 409810K->270K(460800K), 0.0031397 secs] 466348K->56809K(1484800K), 0.0032319 secs] [Times: user=0.00 sys=0.00, real=0.00 secs] 
2019-10-10T11:43:04.366+0000: 492.981: [GC (Allocation Failure) 2019-10-10T11:43:04.366+0000: 492.982: [DefNew: 409870K->272K(460800K), 0.0029411 secs] 466409K->56811K(1484800K), 0.0030310 secs] [Times: user=0.01 sys=0.00, real=0.00 secs] 
2019-10-10T11:43:11.689+0000: 500.305: [GC (Allocation Failure) 2019-10-10T11:43:11.689+0000: 500.305: [DefNew: 409872K->293K(460800K), 0.0031519 secs] 466411K->56832K(1484800K), 0.0032407 secs] [Times: user=0.00 sys=0.00, real=0.00 secs] 
2019-10-10T11:43:18.919+0000: 507.535: [GC (Allocation Failure) 2019-10-10T11:43:18.919+0000: 507.535: [DefNew: 409893K->271K(460800K), 0.0029127 secs] 466432K->56810K(1484800K), 0.0029960 secs] [Times: user=0.01 sys=0.00, real=0.00 secs] 
2019-10-10T11:43:26.209+0000: 514.825: [GC (Allocation Failure) 2019-10-10T11:43:26.209+0000: 514.825: [DefNew: 409871K->302K(460800K), 0.0030086 secs] 466410K->56841K(1484800K), 0.0031276 secs] [Times: user=0.00 sys=0.00, real=0.00 secs] 
2019-10-10T11:43:33.940+0000: 522.556: [GC (Allocation Failure) 2019-10-10T11:43:33.940+0000: 522.556: [DefNew: 409902K->279K(460800K), 0.0029364 secs] 466441K->56819K(1484800K), 0.0030272 secs] [Times: user=0.01 sys=0.00, real=0.00 secs] 
2019-10-10T11:43:41.224+0000: 529.840: [GC (Allocation Failure) 2019-10-10T11:43:41.225+0000: 529.840: [DefNew: 409879K->314K(460800K), 0.0030407 secs] 466419K->56853K(1484800K), 0.0031287 secs] [Times: user=0.00 sys=0.00, real=0.01 secs] 
2019-10-10T11:43:48.473+0000: 537.089: [GC (Allocation Failure) 2019-10-10T11:43:48.473+0000: 537.089: [DefNew: 409914K->259K(460800K), 0.0030442 secs] 466453K->56811K(1484800K), 0.0031375 secs] [Times: user=0.00 sys=0.00, real=0.00 secs] 
2019-10-10T11:43:56.194+0000: 544.809: [GC (Allocation Failure) 2019-10-10T11:43:56.194+0000: 544.810: [DefNew: 409859K->284K(460800K), 0.0031327 secs] 466411K->56837K(1484800K), 0.0032149 secs] [Times: user=0.00 sys=0.00, real=0.00 secs] 
2019-10-10T11:44:03.469+0000: 552.085: [GC (Allocation Failure) 2019-10-10T11:44:03.469+0000: 552.085: [DefNew: 409884K->342K(460800K), 0.0031227 secs] 466437K->56895K(1484800K), 0.0032018 secs] [Times: user=0.00 sys=0.00, real=0.00 secs] 
2019-10-10T11:44:10.774+0000: 559.389: [GC (Allocation Failure) 2019-10-10T11:44:10.774+0000: 559.389: [DefNew: 409942K->287K(460800K), 0.0028287 secs] 466495K->56840K(1484800K), 0.0029225 secs] [Times: user=0.00 sys=0.00, real=0.00 secs] 
2019-10-10T11:44:18.502+0000: 567.117: [GC (Allocation Failure) 2019-10-10T11:44:18.502+0000: 567.117: [DefNew: 409887K->298K(460800K), 0.0030420 secs] 466440K->56852K(1484800K), 0.0031332 secs] [Times: user=0.00 sys=0.00, real=0.00 secs] 
2019-10-10T11:44:25.824+0000: 574.439: [GC (Allocation Failure) 2019-10-10T11:44:25.824+0000: 574.439: [DefNew: 409898K->250K(460800K), 0.0030736 secs] 466452K->56840K(1484800K), 0.0031748 secs] [Times: user=0.00 sys=0.00, real=0.01 secs] 
2019-10-10T11:44:33.113+0000: 581.729: [GC (Allocation Failure) 2019-10-10T11:44:33.113+0000: 581.729: [DefNew: 409850K->262K(460800K), 0.0032809 secs] 466440K->56873K(1484800K), 0.0033572 secs] [Times: user=0.00 sys=0.00, real=0.00 secs] 
2019-10-10T11:44:40.432+0000: 589.048: [GC (Allocation Failure) 2019-10-10T11:44:40.432+0000: 589.048: [DefNew: 409862K->231K(460800K), 0.0026909 secs] 466473K->56842K(1484800K), 0.0027773 secs] [Times: user=0.00 sys=0.00, real=0.00 secs] 
2019-10-10T11:44:48.148+0000: 596.764: [GC (Allocation Failure) 2019-10-10T11:44:48.149+0000: 596.764: [DefNew: 409831K->167K(460800K), 0.0028170 secs] 466442K->56840K(1484800K), 0.0029222 secs] [Times: user=0.00 sys=0.00, real=0.00 secs] 
2019-10-10T11:44:55.475+0000: 604.090: [GC (Allocation Failure) 2019-10-10T11:44:55.475+0000: 604.090: [DefNew: 409767K->215K(460800K), 0.0029941 secs] 466440K->56888K(1484800K), 0.0030948 secs] [Times: user=0.00 sys=0.00, real=0.01 secs] 
2019-10-10T11:45:02.775+0000: 611.390: [GC (Allocation Failure) 2019-10-10T11:45:02.775+0000: 611.390: [DefNew: 409815K->190K(460800K), 0.0027291 secs] 466488K->56863K(1484800K), 0.0028128 secs] [Times: user=0.00 sys=0.00, real=0.01 secs] 
2019-10-10T11:45:10.467+0000: 619.083: [GC (Allocation Failure) 2019-10-10T11:45:10.467+0000: 619.083: [DefNew: 409790K->192K(460800K), 0.0027136 secs] 466463K->56866K(1484800K), 0.0027872 secs] [Times: user=0.00 sys=0.00, real=0.00 secs] 
2019-10-10T11:45:17.841+0000: 626.456: [GC (Allocation Failure) 2019-10-10T11:45:17.841+0000: 626.456: [DefNew: 409792K->195K(460800K), 0.0027976 secs] 466466K->56869K(1484800K), 0.0028844 secs] [Times: user=0.00 sys=0.00, real=0.00 secs] 
2019-10-10T11:45:25.135+0000: 633.751: [GC (Allocation Failure) 2019-10-10T11:45:25.135+0000: 633.751: [DefNew: 409795K->194K(460800K), 0.0026516 secs] 466469K->56868K(1484800K), 0.0027446 secs] [Times: user=0.00 sys=0.00, real=0.01 secs] 
2019-10-10T11:45:32.935+0000: 641.551: [GC (Allocation Failure) 2019-10-10T11:45:32.935+0000: 641.551: [DefNew: 409794K->196K(460800K), 0.0028511 secs] 466468K->56870K(1484800K), 0.0029461 secs] [Times: user=0.00 sys=0.00, real=0.01 secs] 
2019-10-10T11:45:40.241+0000: 648.856: [GC (Allocation Failure) 2019-10-10T11:45:40.241+0000: 648.856: [DefNew: 409796K->195K(460800K), 0.0028184 secs] 466470K->56869K(1484800K), 0.0029343 secs] [Times: user=0.01 sys=0.00, real=0.00 secs] 
2019-10-10T11:45:47.520+0000: 656.136: [GC (Allocation Failure) 2019-10-10T11:45:47.520+0000: 656.136: [DefNew: 409795K->188K(460800K), 0.0028097 secs] 466469K->56887K(1484800K), 0.0029309 secs] [Times: user=0.01 sys=0.00, real=0.00 secs] 
2019-10-10T11:45:55.271+0000: 663.887: [GC (Allocation Failure) 2019-10-10T11:45:55.271+0000: 663.887: [DefNew: 409788K->174K(460800K), 0.0028349 secs] 466487K->56877K(1484800K), 0.0029425 secs] [Times: user=0.00 sys=0.00, real=0.00 secs] 
2019-10-10T11:46:02.561+0000: 671.177: [GC (Allocation Failure) 2019-10-10T11:46:02.561+0000: 671.177: [DefNew: 409774K->180K(460800K), 0.0030205 secs] 466477K->56883K(1484800K), 0.0031512 secs] [Times: user=0.00 sys=0.01, real=0.00 secs] 
2019-10-10T11:46:09.797+0000: 678.413: [GC (Allocation Failure) 2019-10-10T11:46:09.797+0000: 678.413: [DefNew: 409780K->193K(460800K), 0.0030350 secs] 466483K->56896K(1484800K), 0.0031131 secs] [Times: user=0.00 sys=0.01, real=0.01 secs] 
2019-10-10T11:46:17.598+0000: 686.214: [GC (Allocation Failure) 2019-10-10T11:46:17.598+0000: 686.214: [DefNew: 409793K->203K(460800K), 0.0028860 secs] 466496K->56906K(1484800K), 0.0030006 secs] [Times: user=0.00 sys=0.01, real=0.00 secs] 
2019-10-10T11:46:24.866+0000: 693.481: [GC (Allocation Failure) 2019-10-10T11:46:24.866+0000: 693.481: [DefNew: 409803K->178K(460800K), 0.0026579 secs] 466506K->56881K(1484800K), 0.0027636 secs] [Times: user=0.01 sys=0.00, real=0.00 secs] 
2019-10-10T11:46:32.200+0000: 700.816: [GC (Allocation Failure) 2019-10-10T11:46:32.200+0000: 700.816: [DefNew: 409778K->199K(460800K), 0.0027631 secs] 466481K->56902K(1484800K), 0.0028528 secs] [Times: user=0.00 sys=0.00, real=0.00 secs] 
2019-10-10T11:46:40.066+0000: 708.682: [GC (Allocation Failure) 2019-10-10T11:46:40.066+0000: 708.682: [DefNew: 409799K->183K(460800K), 0.0026460 secs] 466502K->56886K(1484800K), 0.0027320 secs] [Times: user=0.00 sys=0.00, real=0.00 secs] 
2019-10-10T11:46:47.474+0000: 716.089: [GC (Allocation Failure) 2019-10-10T11:46:47.474+0000: 716.089: [DefNew: 409783K->168K(460800K), 0.0026908 secs] 466486K->56893K(1484800K), 0.0027841 secs] [Times: user=0.00 sys=0.00, real=0.00 secs] 
2019-10-10T11:46:54.704+0000: 723.320: [GC (Allocation Failure) 2019-10-10T11:46:54.704+0000: 723.320: [DefNew: 409768K->169K(460800K), 0.0027698 secs] 466493K->56895K(1484800K), 0.0028620 secs] [Times: user=0.00 sys=0.00, real=0.01 secs] 
2019-10-10T11:47:01.872+0000: 730.487: [GC (Allocation Failure) 2019-10-10T11:47:01.872+0000: 730.488: [DefNew: 409769K->187K(460800K), 0.0027952 secs] 466495K->56913K(1484800K), 0.0028770 secs] [Times: user=0.01 sys=0.00, real=0.00 secs] 
2019-10-10T11:47:09.569+0000: 738.185: [GC (Allocation Failure) 2019-10-10T11:47:09.569+0000: 738.185: [DefNew: 409787K->218K(460800K), 0.0026360 secs] 466513K->56949K(1484800K), 0.0027130 secs] [Times: user=0.01 sys=0.00, real=0.00 secs] 
2019-10-10T11:47:16.849+0000: 745.464: [GC (Allocation Failure) 2019-10-10T11:47:16.849+0000: 745.464: [DefNew: 409818K->179K(460800K), 0.0025592 secs] 466549K->56910K(1484800K), 0.0026577 secs] [Times: user=0.01 sys=0.00, real=0.00 secs] 
2019-10-10T11:47:24.108+0000: 752.723: [GC (Allocation Failure) 2019-10-10T11:47:24.108+0000: 752.723: [DefNew: 409779K->213K(460800K), 0.0027649 secs] 466510K->56944K(1484800K), 0.0028612 secs] [Times: user=0.01 sys=0.00, real=0.00 secs] 
2019-10-10T11:47:31.956+0000: 760.572: [GC (Allocation Failure) 2019-10-10T11:47:31.956+0000: 760.572: [DefNew: 409813K->166K(460800K), 0.0025230 secs] 466544K->56896K(1484800K), 0.0026172 secs] [Times: user=0.00 sys=0.00, real=0.01 secs] 
2019-10-10T11:47:39.223+0000: 767.838: [GC (Allocation Failure) 2019-10-10T11:47:39.223+0000: 767.838: [DefNew: 409766K->239K(460800K), 0.0031833 secs] 466496K->56970K(1484800K), 0.0032855 secs] [Times: user=0.00 sys=0.00, real=0.01 secs] 
2019-10-10T11:47:46.534+0000: 775.150: [GC (Allocation Failure) 2019-10-10T11:47:46.534+0000: 775.150: [DefNew: 409839K->172K(460800K), 0.0026946 secs] 466570K->56911K(1484800K), 0.0027756 secs] [Times: user=0.00 sys=0.00, real=0.00 secs] 
2019-10-10T11:47:54.310+0000: 782.925: [GC (Allocation Failure) 2019-10-10T11:47:54.310+0000: 782.926: [DefNew: 409772K->180K(460800K), 0.0028689 secs] 466511K->56923K(1484800K), 0.0029619 secs] [Times: user=0.00 sys=0.00, real=0.00 secs] 
2019-10-10T11:48:01.478+0000: 790.093: [GC (Allocation Failure) 2019-10-10T11:48:01.478+0000: 790.093: [DefNew: 409780K->187K(460800K), 0.0026012 secs] 466523K->56930K(1484800K), 0.0026937 secs] [Times: user=0.00 sys=0.00, real=0.00 secs] 
2019-10-10T11:48:08.746+0000: 797.362: [GC (Allocation Failure) 2019-10-10T11:48:08.746+0000: 797.362: [DefNew: 409787K->223K(460800K), 0.0027229 secs] 466530K->56966K(1484800K), 0.0028168 secs] [Times: user=0.00 sys=0.00, real=0.00 secs] 
2019-10-10T11:48:16.574+0000: 805.189: [GC (Allocation Failure) 2019-10-10T11:48:16.574+0000: 805.189: [DefNew: 409823K->175K(460800K), 0.0025904 secs] 466566K->56918K(1484800K), 0.0026750 secs] [Times: user=0.00 sys=0.00, real=0.00 secs] 
2019-10-10T11:48:23.895+0000: 812.510: [GC (Allocation Failure) 2019-10-10T11:48:23.895+0000: 812.510: [DefNew: 409775K->220K(460800K), 0.0026074 secs] 466518K->56962K(1484800K), 0.0026959 secs] [Times: user=0.00 sys=0.00, real=0.00 secs] 
2019-10-10T11:48:31.112+0000: 819.728: [GC (Allocation Failure) 2019-10-10T11:48:31.112+0000: 819.728: [DefNew: 409820K->186K(460800K), 0.0025769 secs] 466562K->56929K(1484800K), 0.0026525 secs] [Times: user=0.00 sys=0.00, real=0.00 secs] 
2019-10-10T11:48:38.848+0000: 827.464: [GC (Allocation Failure) 2019-10-10T11:48:38.848+0000: 827.464: [DefNew: 409786K->164K(460800K), 0.0025712 secs] 466529K->56906K(1484800K), 0.0026586 secs] [Times: user=0.00 sys=0.00, real=0.00 secs] 
2019-10-10T11:48:46.173+0000: 834.789: [GC (Allocation Failure) 2019-10-10T11:48:46.173+0000: 834.789: [DefNew: 409764K->148K(460800K), 0.0027265 secs] 466506K->56906K(1484800K), 0.0028153 secs] [Times: user=0.00 sys=0.00, real=0.00 secs] 
2019-10-10T11:48:53.585+0000: 842.201: [GC (Allocation Failure) 2019-10-10T11:48:53.585+0000: 842.201: [DefNew: 409748K->155K(460800K), 0.0025456 secs] 466506K->56913K(1484800K), 0.0026271 secs] [Times: user=0.01 sys=0.00, real=0.01 secs] 
2019-10-10T11:49:00.720+0000: 849.336: [GC (Allocation Failure) 2019-10-10T11:49:00.720+0000: 849.336: [DefNew: 409755K->171K(460800K), 0.0027957 secs] 466513K->56929K(1484800K), 0.0028685 secs] [Times: user=0.00 sys=0.00, real=0.00 secs] 
2019-10-10T11:49:08.434+0000: 857.050: [GC (Allocation Failure) 2019-10-10T11:49:08.434+0000: 857.050: [DefNew: 409771K->156K(460800K), 0.0026540 secs] 466529K->56914K(1484800K), 0.0027713 secs] [Times: user=0.00 sys=0.00, real=0.00 secs] 
2019-10-10T11:49:15.714+0000: 864.329: [GC (Allocation Failure) 2019-10-10T11:49:15.714+0000: 864.329: [DefNew: 409756K->156K(460800K), 0.0025722 secs] 466514K->56915K(1484800K), 0.0026497 secs] [Times: user=0.00 sys=0.00, real=0.00 secs] 
2019-10-10T11:49:23.023+0000: 871.638: [GC (Allocation Failure) 2019-10-10T11:49:23.023+0000: 871.638: [DefNew: 409756K->156K(460800K), 0.0026538 secs] 466515K->56915K(1484800K), 0.0027391 secs] [Times: user=0.00 sys=0.00, real=0.00 secs] 
2019-10-10T11:49:30.751+0000: 879.367: [GC (Allocation Failure) 2019-10-10T11:49:30.751+0000: 879.367: [DefNew: 409756K->179K(460800K), 0.0026752 secs] 466515K->56937K(1484800K), 0.0027832 secs] [Times: user=0.01 sys=0.00, real=0.00 secs] 
2019-10-10T11:49:38.101+0000: 886.717: [GC (Allocation Failure) 2019-10-10T11:49:38.101+0000: 886.717: [DefNew: 409779K->155K(460800K), 0.0026995 secs] 466537K->56914K(1484800K), 0.0027849 secs] [Times: user=0.00 sys=0.00, real=0.00 secs] 
2019-10-10T11:49:45.369+0000: 893.985: [GC (Allocation Failure) 2019-10-10T11:49:45.369+0000: 893.985: [DefNew: 409755K->184K(460800K), 0.0028290 secs] 466514K->56943K(1484800K), 0.0029519 secs] [Times: user=0.00 sys=0.00, real=0.00 secs] 
2019-10-10T11:49:53.118+0000: 901.734: [GC (Allocation Failure) 2019-10-10T11:49:53.118+0000: 901.734: [DefNew: 409784K->146K(460800K), 0.0027044 secs] 466543K->56914K(1484800K), 0.0027928 secs] [Times: user=0.01 sys=0.00, real=0.00 secs] 
2019-10-10T11:50:00.370+0000: 908.986: [GC (Allocation Failure) 2019-10-10T11:50:00.370+0000: 908.986: [DefNew: 409746K->246K(460800K), 0.0029754 secs] 466514K->57014K(1484800K), 0.0031059 secs] [Times: user=0.01 sys=0.00, real=0.00 secs] 
2019-10-10T11:50:07.628+0000: 916.243: [GC (Allocation Failure) 2019-10-10T11:50:07.628+0000: 916.243: [DefNew: 409846K->154K(460800K), 0.0026114 secs] 466614K->56923K(1484800K), 0.0027256 secs] [Times: user=0.00 sys=0.00, real=0.00 secs] 
2019-10-10T11:50:14.866+0000: 923.482: [GC (Allocation Failure) 2019-10-10T11:50:14.866+0000: 923.482: [DefNew: 409754K->191K(460800K), 0.0026173 secs] 466523K->56959K(1484800K), 0.0026990 secs] [Times: user=0.00 sys=0.00, real=0.00 secs] 
2019-10-10T11:50:22.610+0000: 931.226: [GC (Allocation Failure) 2019-10-10T11:50:22.610+0000: 931.226: [DefNew: 409791K->155K(460800K), 0.0025025 secs] 466559K->56924K(1484800K), 0.0025880 secs] [Times: user=0.00 sys=0.00, real=0.00 secs] 
2019-10-10T11:50:29.904+0000: 938.519: [GC (Allocation Failure) 2019-10-10T11:50:29.904+0000: 938.520: [DefNew: 409755K->154K(460800K), 0.0026326 secs] 466524K->56922K(1484800K), 0.0027147 secs] [Times: user=0.00 sys=0.00, real=0.01 secs] 
2019-10-10T11:50:37.123+0000: 945.739: [GC (Allocation Failure) 2019-10-10T11:50:37.123+0000: 945.739: [DefNew: 409754K->156K(460800K), 0.0027479 secs] 466522K->56924K(1484800K), 0.0028427 secs] [Times: user=0.00 sys=0.00, real=0.01 secs] 
2019-10-10T11:50:44.958+0000: 953.573: [GC (Allocation Failure) 2019-10-10T11:50:44.958+0000: 953.573: [DefNew: 409756K->154K(460800K), 0.0026700 secs] 466524K->56923K(1484800K), 0.0027642 secs] [Times: user=0.00 sys=0.00, real=0.00 secs] 
2019-10-10T11:50:52.296+0000: 960.912: [GC (Allocation Failure) 2019-10-10T11:50:52.296+0000: 960.912: [DefNew: 409754K->146K(460800K), 0.0026804 secs] 466523K->56923K(1484800K), 0.0027698 secs] [Times: user=0.00 sys=0.00, real=0.01 secs] 
2019-10-10T11:50:59.618+0000: 968.234: [GC (Allocation Failure) 2019-10-10T11:50:59.618+0000: 968.234: [DefNew: 409746K->155K(460800K), 0.0026638 secs] 466523K->56932K(1484800K), 0.0027413 secs] [Times: user=0.00 sys=0.00, real=0.00 secs] 
2019-10-10T11:51:07.097+0000: 975.713: [GC (Allocation Failure) 2019-10-10T11:51:07.097+0000: 975.713: [DefNew: 409755K->156K(460800K), 0.0025594 secs] 466532K->56933K(1484800K), 0.0026585 secs] [Times: user=0.00 sys=0.00, real=0.01 secs] 
2019-10-10T11:51:14.593+0000: 983.209: [GC (Allocation Failure) 2019-10-10T11:51:14.593+0000: 983.209: [DefNew: 409756K->157K(460800K), 0.0027086 secs] 466533K->56934K(1484800K), 0.0028089 secs] [Times: user=0.00 sys=0.00, real=0.00 secs] 
2019-10-10T11:51:21.881+0000: 990.497: [GC (Allocation Failure) 2019-10-10T11:51:21.881+0000: 990.497: [DefNew: 409757K->158K(460800K), 0.0027171 secs] 466534K->56935K(1484800K), 0.0028027 secs] [Times: user=0.00 sys=0.00, real=0.00 secs] 
2019-10-10T11:51:29.202+0000: 997.818: [GC (Allocation Failure) 2019-10-10T11:51:29.202+0000: 997.818: [DefNew: 409758K->155K(460800K), 0.0026160 secs] 466535K->56932K(1484800K), 0.0026921 secs] [Times: user=0.01 sys=0.00, real=0.00 secs] 
2019-10-10T11:51:36.956+0000: 1005.572: [GC (Allocation Failure) 2019-10-10T11:51:36.956+0000: 1005.572: [DefNew: 409755K->157K(460800K), 0.0028086 secs] 466532K->56934K(1484800K), 0.0029196 secs] [Times: user=0.01 sys=0.00, real=0.01 secs] 
2019-10-10T11:51:44.241+0000: 1012.857: [GC (Allocation Failure) 2019-10-10T11:51:44.241+0000: 1012.857: [DefNew: 409757K->163K(460800K), 0.0027846 secs] 466534K->56940K(1484800K), 0.0028861 secs] [Times: user=0.00 sys=0.00, real=0.00 secs] 
11:51:50.322 [Client] INFO  c.s.f.r.e.s.SocketRear  - FlameSocketGraphDeployerRear@flamestream-benchmarks-worker-6: has been disconnected from Connection 8
11:51:50.330 [Client] INFO  c.s.f.r.e.s.SocketFront  - FlameSocketGraphDeployerFront@flamestream-benchmarks-worker-6 has been disconnected from Connection 9
11:51:54.736 [worker-akka.actor.default-dispatcher-10] INFO  a.r.a.Association(akka://worker) akka.remote.artery.Association(akka://worker) - Association to [akka://worker@flamestream-benchmarks-worker-1:5412] having UID [-1841295077369734911] has been stopped. All messages to this UID will be delivered to dead letters. Reason: ActorSystem terminated
11:51:54.923 [worker-akka.actor.default-dispatcher-10] INFO  a.r.a.Association(akka://worker) akka.remote.artery.Association(akka://worker) - Association to [akka://worker@flamestream-benchmarks-worker-2:5412] having UID [6444600634398261218] has been stopped. All messages to this UID will be delivered to dead letters. Reason: ActorSystem terminated
11:51:54.929 [worker-akka.actor.default-dispatcher-9] INFO  a.a.LocalActorRef akka://worker/user/watcher/processing-watcher/graph/edge/FlameSocketGraphDeployerRear - Stopped
11:51:54.932 [worker-akka.actor.default-dispatcher-9] INFO  a.a.LocalActorRef akka://worker/user/watcher/processing-watcher/graph/negotiator - Stopped
11:51:54.949 [worker-akka.actor.default-dispatcher-6] INFO  a.a.LocalActorRef akka://worker/user/watcher/processing-watcher/graph/edge/FlameSocketGraphDeployerFront - Stopped
11:51:54.950 [worker-akka.actor.default-dispatcher-17] INFO  a.a.LocalActorRef akka://worker/user/watcher/processing-watcher/graph/graph/$+ - Stopped
11:51:54.953 [worker-akka.actor.default-dispatcher-13] INFO  a.a.LocalActorRef akka://worker/user/watcher/processing-watcher/graph/graph/$0 - Stopped
11:51:54.954 [worker-akka.actor.default-dispatcher-13] INFO  a.a.LocalActorRef akka://worker/user/watcher/processing-watcher/graph/edge - Stopped
11:51:54.955 [worker-akka.actor.default-dispatcher-17] INFO  a.a.LocalActorRef akka://worker/user/watcher/processing-watcher/graph/graph/$1 - Stopped
11:51:54.955 [worker-akka.actor.default-dispatcher-17] INFO  a.a.LocalActorRef akka://worker/user/watcher/processing-watcher/graph/graph/$2 - Stopped
11:51:54.955 [worker-akka.actor.default-dispatcher-17] INFO  a.a.LocalActorRef akka://worker/user/watcher/processing-watcher/graph/graph/$3 - Stopped
11:51:54.957 [worker-akka.actor.default-dispatcher-19] INFO  a.a.LocalActorRef akka://worker/user/watcher/processing-watcher/graph/graph/$4 - Stopped
11:51:54.958 [worker-akka.actor.default-dispatcher-19] INFO  a.a.LocalActorRef akka://worker/user/watcher/processing-watcher/graph/graph/$5 - Stopped
11:51:54.960 [worker-akka.actor.default-dispatcher-19] INFO  a.a.LocalActorRef akka://worker/user/watcher/processing-watcher/graph/graph/$6 - Stopped
11:51:54.961 [worker-akka.actor.default-dispatcher-19] INFO  a.a.LocalActorRef akka://worker/user/watcher/processing-watcher/graph/graph/$7 - Stopped
11:51:54.962 [worker-akka.actor.default-dispatcher-19] INFO  a.a.LocalActorRef akka://worker/user/watcher/processing-watcher/graph/graph/$8 - Stopped
11:51:54.964 [worker-akka.actor.default-dispatcher-18] INFO  a.a.LocalActorRef akka://worker/user/watcher/processing-watcher/graph/graph/$9 - Stopped
11:51:54.964 [worker-akka.actor.default-dispatcher-18] INFO  a.a.LocalActorRef akka://worker/user/watcher/processing-watcher/graph/graph/$A - Stopped
11:51:54.964 [worker-akka.actor.default-dispatcher-18] INFO  a.a.LocalActorRef akka://worker/user/watcher/processing-watcher/graph/graph/$Ab - Stopped
11:51:54.964 [worker-akka.actor.default-dispatcher-19] INFO  a.a.LocalActorRef akka://worker/user/watcher/processing-watcher/graph/graph/$B - Stopped
11:51:54.965 [worker-akka.actor.default-dispatcher-19] INFO  a.a.LocalActorRef akka://worker/user/watcher/processing-watcher/graph/graph/$Bb - Stopped
11:51:54.966 [worker-akka.actor.default-dispatcher-19] INFO  a.a.LocalActorRef akka://worker/user/watcher/processing-watcher/graph/graph/$C - Stopped
11:51:54.967 [worker-akka.actor.default-dispatcher-19] INFO  a.a.LocalActorRef akka://worker/user/watcher/processing-watcher/graph/graph/$Cb - Stopped
11:51:54.967 [worker-akka.actor.default-dispatcher-19] INFO  a.a.LocalActorRef akka://worker/user/watcher/processing-watcher/graph/graph/$D - Stopped
11:51:54.968 [worker-akka.actor.default-dispatcher-19] INFO  a.a.LocalActorRef akka://worker/user/watcher/processing-watcher/graph/graph/$Db - Stopped
11:51:54.969 [worker-akka.actor.default-dispatcher-19] INFO  a.a.LocalActorRef akka://worker/user/watcher/processing-watcher/graph/graph/$E - Stopped
11:51:54.970 [worker-akka.actor.default-dispatcher-19] INFO  a.a.LocalActorRef akka://worker/user/watcher/processing-watcher/graph/graph/$Eb - Stopped
11:51:54.971 [worker-akka.actor.default-dispatcher-19] INFO  a.a.LocalActorRef akka://worker/user/watcher/processing-watcher/graph/graph/$F - Stopped
11:51:54.972 [worker-akka.actor.default-dispatcher-19] INFO  a.a.LocalActorRef akka://worker/user/watcher/processing-watcher/graph/graph/$Fb - Stopped
11:51:54.972 [worker-akka.actor.default-dispatcher-19] INFO  a.a.LocalActorRef akka://worker/user/watcher/processing-watcher/graph/graph/$G - Stopped
11:51:54.973 [worker-akka.actor.default-dispatcher-19] INFO  a.a.LocalActorRef akka://worker/user/watcher/processing-watcher/graph/graph/$Gb - Stopped
11:51:54.974 [worker-akka.actor.default-dispatcher-19] INFO  a.a.LocalActorRef akka://worker/user/watcher/processing-watcher/graph/graph/$H - Stopped
11:51:54.975 [worker-akka.actor.default-dispatcher-19] INFO  a.a.LocalActorRef akka://worker/user/watcher/processing-watcher/graph/graph/$Hb - Stopped
11:51:54.976 [worker-akka.actor.default-dispatcher-19] INFO  a.a.LocalActorRef akka://worker/user/watcher/processing-watcher/graph/graph/$I - Stopped
11:51:54.977 [worker-akka.actor.default-dispatcher-19] INFO  a.a.LocalActorRef akka://worker/user/watcher/processing-watcher/graph/graph/$Ib - Stopped
11:51:54.978 [worker-akka.actor.default-dispatcher-18] INFO  a.a.LocalActorRef akka://worker/user/watcher/processing-watcher/graph/graph/$J - Stopped
11:51:54.979 [worker-akka.actor.default-dispatcher-18] INFO  a.a.LocalActorRef akka://worker/user/watcher/processing-watcher/graph/graph/$Jb - Stopped
11:51:54.979 [worker-akka.actor.default-dispatcher-18] INFO  a.a.LocalActorRef akka://worker/user/watcher/processing-watcher/graph/graph/$K - Stopped
11:51:54.979 [worker-akka.actor.default-dispatcher-18] INFO  a.a.LocalActorRef akka://worker/user/watcher/processing-watcher/graph/graph/$Kb - Stopped
11:51:54.980 [worker-akka.actor.default-dispatcher-19] INFO  a.a.LocalActorRef akka://worker/user/watcher/processing-watcher/graph/graph/$L - Stopped
11:51:54.981 [worker-akka.actor.default-dispatcher-19] INFO  a.a.LocalActorRef akka://worker/user/watcher/processing-watcher/graph/graph/$Lb - Stopped
11:51:54.982 [worker-akka.actor.default-dispatcher-19] INFO  a.a.LocalActorRef akka://worker/user/watcher/processing-watcher/graph/graph/$M - Stopped
11:51:54.982 [worker-akka.actor.default-dispatcher-19] INFO  a.a.LocalActorRef akka://worker/user/watcher/processing-watcher/graph/graph/$Mb - Stopped
11:51:54.983 [worker-akka.actor.default-dispatcher-19] INFO  a.a.LocalActorRef akka://worker/user/watcher/processing-watcher/graph/graph/$N - Stopped
11:51:54.984 [worker-akka.actor.default-dispatcher-19] INFO  a.a.LocalActorRef akka://worker/user/watcher/processing-watcher/graph/graph/$Nb - Stopped
11:51:54.985 [worker-akka.actor.default-dispatcher-19] INFO  a.a.LocalActorRef akka://worker/user/watcher/processing-watcher/graph/graph/$O - Stopped
11:51:54.986 [worker-akka.actor.default-dispatcher-19] INFO  a.a.LocalActorRef akka://worker/user/watcher/processing-watcher/graph/graph/$P - Stopped
11:51:54.987 [worker-akka.actor.default-dispatcher-19] INFO  a.a.LocalActorRef akka://worker/user/watcher/processing-watcher/graph/graph/$Q - Stopped
11:51:54.987 [worker-akka.actor.default-dispatcher-19] INFO  a.a.LocalActorRef akka://worker/user/watcher/processing-watcher/graph/graph/$R - Stopped
11:51:54.988 [worker-akka.actor.default-dispatcher-19] INFO  a.a.LocalActorRef akka://worker/user/watcher/processing-watcher/graph/graph/$S - Stopped
11:51:54.989 [worker-akka.actor.default-dispatcher-19] INFO  a.a.LocalActorRef akka://worker/user/watcher/processing-watcher/graph/graph/$T - Stopped
11:51:54.990 [worker-akka.actor.default-dispatcher-19] INFO  a.a.LocalActorRef akka://worker/user/watcher/processing-watcher/graph/graph/$U - Stopped
11:51:54.990 [worker-akka.actor.default-dispatcher-19] INFO  a.a.LocalActorRef akka://worker/user/watcher/processing-watcher/graph/graph/$V - Stopped
11:51:54.991 [worker-akka.actor.default-dispatcher-19] INFO  a.a.LocalActorRef akka://worker/user/watcher/processing-watcher/graph/graph/$W - Stopped
11:51:54.992 [worker-akka.actor.default-dispatcher-19] INFO  a.a.LocalActorRef akka://worker/user/watcher/processing-watcher/graph/graph/$X - Stopped
11:51:54.993 [worker-akka.actor.default-dispatcher-19] INFO  a.a.LocalActorRef akka://worker/user/watcher/processing-watcher/graph/graph/$Y - Stopped
11:51:54.993 [worker-akka.actor.default-dispatcher-19] INFO  a.a.LocalActorRef akka://worker/user/watcher/processing-watcher/graph/graph/$Z - Stopped
11:51:54.994 [worker-akka.actor.default-dispatcher-19] INFO  a.a.LocalActorRef akka://worker/user/watcher/processing-watcher/graph/graph/$a - Stopped
11:51:54.995 [worker-akka.actor.default-dispatcher-19] INFO  a.a.LocalActorRef akka://worker/user/watcher/processing-watcher/graph/graph/$ab - Stopped
11:51:54.995 [worker-akka.actor.default-dispatcher-19] INFO  a.a.LocalActorRef akka://worker/user/watcher/processing-watcher/graph/graph/$b - Stopped
11:51:54.996 [worker-akka.actor.default-dispatcher-19] INFO  a.a.LocalActorRef akka://worker/user/watcher/processing-watcher/graph/graph/$bb - Stopped
11:51:54.997 [worker-akka.actor.default-dispatcher-19] INFO  a.a.LocalActorRef akka://worker/user/watcher/processing-watcher/graph/graph/$c - Stopped
11:51:54.997 [worker-akka.actor.default-dispatcher-19] INFO  a.a.LocalActorRef akka://worker/user/watcher/processing-watcher/graph/graph/$cb - Stopped
11:51:54.998 [worker-akka.actor.default-dispatcher-19] INFO  a.a.LocalActorRef akka://worker/user/watcher/processing-watcher/graph/graph/$d - Stopped
11:51:54.999 [worker-akka.actor.default-dispatcher-19] INFO  a.a.LocalActorRef akka://worker/user/watcher/processing-watcher/graph/graph/$db - Stopped
11:51:55.000 [worker-akka.actor.default-dispatcher-19] INFO  a.a.LocalActorRef akka://worker/user/watcher/processing-watcher/graph/graph/$e - Stopped
11:51:55.001 [worker-akka.actor.default-dispatcher-19] INFO  a.a.LocalActorRef akka://worker/user/watcher/processing-watcher/graph/graph/$eb - Stopped
11:51:55.002 [worker-akka.actor.default-dispatcher-19] INFO  a.a.LocalActorRef akka://worker/user/watcher/processing-watcher/graph/graph/$f - Stopped
11:51:55.002 [worker-akka.actor.default-dispatcher-19] INFO  a.a.LocalActorRef akka://worker/user/watcher/processing-watcher/graph/graph/$fb - Stopped
11:51:55.003 [worker-akka.actor.default-dispatcher-19] INFO  a.a.LocalActorRef akka://worker/user/watcher/processing-watcher/graph/graph/$g - Stopped
11:51:55.004 [worker-akka.actor.default-dispatcher-19] INFO  a.a.LocalActorRef akka://worker/user/watcher/processing-watcher/graph/graph/$gb - Stopped
11:51:55.005 [worker-akka.actor.default-dispatcher-19] INFO  a.a.LocalActorRef akka://worker/user/watcher/processing-watcher/graph/graph/$h - Stopped
11:51:55.006 [worker-akka.actor.default-dispatcher-19] INFO  a.a.LocalActorRef akka://worker/user/watcher/processing-watcher/graph/graph/$hb - Stopped
11:51:55.006 [worker-akka.actor.default-dispatcher-19] INFO  a.a.LocalActorRef akka://worker/user/watcher/processing-watcher/graph/graph/$i - Stopped
11:51:55.007 [worker-akka.actor.default-dispatcher-19] INFO  a.a.LocalActorRef akka://worker/user/watcher/processing-watcher/graph/graph/$ib - Stopped
11:51:55.007 [worker-akka.actor.default-dispatcher-18] INFO  a.a.LocalActorRef akka://worker/user/watcher/processing-watcher/graph/graph/$j - Stopped
11:51:55.008 [worker-akka.actor.default-dispatcher-19] INFO  a.a.LocalActorRef akka://worker/user/watcher/processing-watcher/graph/graph/$jb - Stopped
11:51:55.009 [worker-akka.actor.default-dispatcher-19] INFO  a.a.LocalActorRef akka://worker/user/watcher/processing-watcher/graph/graph/$k - Stopped
11:51:55.010 [worker-akka.actor.default-dispatcher-19] INFO  a.a.LocalActorRef akka://worker/user/watcher/processing-watcher/graph/graph/$kb - Stopped
11:51:55.011 [worker-akka.actor.default-dispatcher-19] INFO  a.a.LocalActorRef akka://worker/user/watcher/processing-watcher/graph/graph/$l - Stopped
11:51:55.012 [worker-akka.actor.default-dispatcher-19] INFO  a.a.LocalActorRef akka://worker/user/watcher/processing-watcher/graph/graph/$lb - Stopped
11:51:55.013 [worker-akka.actor.default-dispatcher-18] INFO  a.a.LocalActorRef akka://worker/user/watcher/processing-watcher/graph/graph/$m - Stopped
11:51:55.013 [worker-akka.actor.default-dispatcher-18] INFO  a.a.LocalActorRef akka://worker/user/watcher/processing-watcher/graph/graph/$mb - Stopped
11:51:55.013 [worker-akka.actor.default-dispatcher-18] INFO  a.a.LocalActorRef akka://worker/user/watcher/processing-watcher/graph/graph/$n - Stopped
11:51:55.014 [worker-akka.actor.default-dispatcher-19] INFO  a.a.LocalActorRef akka://worker/user/watcher/processing-watcher/graph/graph/$nb - Stopped
11:51:55.014 [worker-akka.actor.default-dispatcher-19] INFO  a.a.LocalActorRef akka://worker/user/watcher/processing-watcher/graph/graph/$o - Stopped
11:51:55.015 [worker-akka.actor.default-dispatcher-19] INFO  a.a.LocalActorRef akka://worker/user/watcher/processing-watcher/graph/graph/$ob - Stopped
11:51:55.015 [worker-akka.actor.default-dispatcher-19] INFO  a.a.LocalActorRef akka://worker/user/watcher/processing-watcher/graph/graph/$p - Stopped
11:51:55.017 [worker-akka.actor.default-dispatcher-19] INFO  a.a.LocalActorRef akka://worker/user/watcher/processing-watcher/graph/graph/$pb - Stopped
11:51:55.017 [worker-akka.actor.default-dispatcher-19] INFO  a.a.LocalActorRef akka://worker/user/watcher/processing-watcher/graph/graph/$q - Stopped
11:51:55.017 [worker-akka.actor.default-dispatcher-19] INFO  a.a.LocalActorRef akka://worker/user/watcher/processing-watcher/graph/graph/$qb - Stopped
11:51:55.018 [worker-akka.actor.default-dispatcher-19] INFO  a.a.LocalActorRef akka://worker/user/watcher/processing-watcher/graph/graph/$r - Stopped
11:51:55.018 [worker-akka.actor.default-dispatcher-19] INFO  a.a.LocalActorRef akka://worker/user/watcher/processing-watcher/graph/graph/$rb - Stopped
11:51:55.019 [worker-akka.actor.default-dispatcher-19] INFO  a.a.LocalActorRef akka://worker/user/watcher/processing-watcher/graph/graph/$s - Stopped
11:51:55.020 [worker-akka.actor.default-dispatcher-19] INFO  a.a.LocalActorRef akka://worker/user/watcher/processing-watcher/graph/graph/$sb - Stopped
11:51:55.020 [worker-akka.actor.default-dispatcher-19] INFO  a.a.LocalActorRef akka://worker/user/watcher/processing-watcher/graph/graph/$t - Stopped
11:51:55.022 [worker-akka.actor.default-dispatcher-19] INFO  a.a.LocalActorRef akka://worker/user/watcher/processing-watcher/graph/graph/$tb - Stopped
11:51:55.022 [worker-akka.actor.default-dispatcher-19] INFO  a.a.LocalActorRef akka://worker/user/watcher/processing-watcher/graph/graph/$u - Stopped
11:51:55.023 [worker-akka.actor.default-dispatcher-19] INFO  a.a.LocalActorRef akka://worker/user/watcher/processing-watcher/graph/graph/$ub - Stopped
11:51:55.024 [worker-akka.actor.default-dispatcher-19] INFO  a.a.LocalActorRef akka://worker/user/watcher/processing-watcher/graph/graph/$v - Stopped
11:51:55.024 [worker-akka.actor.default-dispatcher-19] INFO  a.a.LocalActorRef akka://worker/user/watcher/processing-watcher/graph/graph/$vb - Stopped
11:51:55.025 [worker-akka.actor.default-dispatcher-19] INFO  a.a.LocalActorRef akka://worker/user/watcher/processing-watcher/graph/graph/$w - Stopped
11:51:55.026 [worker-akka.actor.default-dispatcher-19] INFO  a.a.LocalActorRef akka://worker/user/watcher/processing-watcher/graph/graph/$wb - Stopped
11:51:55.026 [worker-akka.actor.default-dispatcher-19] INFO  a.a.LocalActorRef akka://worker/user/watcher/processing-watcher/graph/graph/$x - Stopped
11:51:55.027 [worker-akka.actor.default-dispatcher-19] INFO  a.a.LocalActorRef akka://worker/user/watcher/processing-watcher/graph/graph/$xb - Stopped
11:51:55.028 [worker-akka.actor.default-dispatcher-19] INFO  a.a.LocalActorRef akka://worker/user/watcher/processing-watcher/graph/graph/$y - Stopped
11:51:55.028 [worker-akka.actor.default-dispatcher-19] INFO  a.a.LocalActorRef akka://worker/user/watcher/processing-watcher/graph/graph/$yb - Stopped
11:51:55.029 [worker-akka.actor.default-dispatcher-19] INFO  a.a.LocalActorRef akka://worker/user/watcher/processing-watcher/graph/graph/$z - Stopped
11:51:55.030 [worker-akka.actor.default-dispatcher-19] INFO  a.a.LocalActorRef akka://worker/user/watcher/processing-watcher/graph/graph/$zb - Stopped
11:51:55.030 [worker-akka.actor.default-dispatcher-19] INFO  a.a.LocalActorRef akka://worker/user/watcher/processing-watcher/graph/graph/$~ - Stopped
11:51:55.044 [worker-akka.actor.default-dispatcher-19] INFO  a.a.LocalActorRef akka://worker/user/watcher/processing-watcher/graph/graph - Stopped
11:51:55.051 [worker-akka.actor.default-dispatcher-19] INFO  a.a.LocalActorRef akka://worker/user/watcher/processing-watcher/graph - Stopped
11:51:55.053 [worker-akka.actor.default-dispatcher-13] INFO  a.a.LocalActorRef akka://worker/user/watcher/processing-watcher - Stopped
11:51:55.054 [Curator-Framework-0] INFO  o.a.c.f.i.CuratorFrameworkImpl  - backgroundOperationsLoop exiting
11:51:55.055 [worker-akka.actor.default-dispatcher-17] INFO  a.r.a.Association(akka://worker) akka.remote.artery.Association(akka://worker) - Association to [akka://worker@flamestream-benchmarks-worker-4:5412] having UID [8035050663617044396] has been stopped. All messages to this UID will be delivered to dead letters. Reason: ActorSystem terminated
11:51:55.070 [worker-akka.actor.default-dispatcher-13] INFO  o.a.z.ZooKeeper  - Session: 0x100002c53420007 closed
11:51:55.071 [worker-akka.actor.default-dispatcher-13] INFO  a.a.RepointableActorRef akka://worker/user/watcher - Stopped
11:51:55.073 [worker-akka.actor.default-dispatcher-6-EventThread] INFO  o.a.z.ClientCnxn  - EventThread shut down for session: 0x100002c53420007
11:51:55.077 [Curator-PathChildrenCache-0] ERROR o.a.c.f.r.c.PathChildrenCache  - 
java.lang.IllegalStateException: instance must be started before calling this method
	at org.apache.curator.shaded.com.google.common.base.Preconditions.checkState(Preconditions.java:444)
	at org.apache.curator.framework.imps.CuratorFrameworkImpl.getChildren(CuratorFrameworkImpl.java:456)
	at org.apache.curator.framework.recipes.cache.PathChildrenCache.refresh(PathChildrenCache.java:521)
	at org.apache.curator.framework.recipes.cache.RefreshOperation.invoke(RefreshOperation.java:35)
	at org.apache.curator.framework.recipes.cache.PathChildrenCache$9.run(PathChildrenCache.java:786)
	at java.util.concurrent.Executors$RunnableAdapter.call(Executors.java:511)
	at java.util.concurrent.FutureTask.run(FutureTask.java:266)
	at java.util.concurrent.Executors$RunnableAdapter.call(Executors.java:511)
	at java.util.concurrent.FutureTask.run(FutureTask.java:266)
	at java.util.concurrent.ThreadPoolExecutor.runWorker(ThreadPoolExecutor.java:1149)
	at java.util.concurrent.ThreadPoolExecutor$Worker.run(ThreadPoolExecutor.java:624)
	at java.lang.Thread.run(Thread.java:748)
11:51:55.086 [worker-akka.actor.default-dispatcher-19] INFO  a.r.RemoteActorRefProvider$RemotingTerminator akka://worker@flamestream-benchmarks-worker-6:5412/system/remoting-terminator - Shutting down remote daemon.
11:51:55.086 [worker-akka.actor.default-dispatcher-19] INFO  a.r.RemoteActorRefProvider$RemotingTerminator akka://worker@flamestream-benchmarks-worker-6:5412/system/remoting-terminator - Remote daemon shut down; proceeding with flushing remote transports.
11:51:56.271 [worker-akka.actor.default-dispatcher-19] INFO  a.r.RemoteActorRefProvider$RemotingTerminator akka://worker@flamestream-benchmarks-worker-6:5412/system/remoting-terminator - Remoting shut down.
Heap
 def new generation   total 460800K, used 378033K [0x00000000a2400000, 0x00000000c1800000, 0x00000000c1800000)
  eden space 409600K,  92% used [0x00000000a2400000, 0x00000000b95037a0, 0x00000000bb400000)
  from space 51200K,   0% used [0x00000000bb400000, 0x00000000bb428f00, 0x00000000be600000)
  to   space 51200K,   0% used [0x00000000be600000, 0x00000000be600000, 0x00000000c1800000)
 tenured generation   total 1024000K, used 56776K [0x00000000c1800000, 0x0000000100000000, 0x0000000100000000)
   the space 1024000K,   5% used [0x00000000c1800000, 0x00000000c4f723e8, 0x00000000c4f72400, 0x0000000100000000)
 Metaspace       used 40815K, capacity 43608K, committed 43904K, reserved 1087488K
  class space    used 5346K, capacity 5672K, committed 5760K, reserved 1048576K
