15:58:14,363 |-INFO in ch.qos.logback.classic.LoggerContext[default] - Could NOT find resource [logback-test.xml]
15:58:14,363 |-INFO in ch.qos.logback.classic.LoggerContext[default] - Could NOT find resource [logback.groovy]
15:58:14,364 |-INFO in ch.qos.logback.classic.LoggerContext[default] - Found resource [logback.xml] at [jar:file:/root/flamestream/lib/flamestream-runtime-1.0-SNAPSHOT.jar!/logback.xml]
15:58:14,365 |-WARN in ch.qos.logback.classic.LoggerContext[default] - Resource [logback.xml] occurs multiple times on the classpath.
15:58:14,365 |-WARN in ch.qos.logback.classic.LoggerContext[default] - Resource [logback.xml] occurs at [jar:file:/root/flamestream/lib/flamestream-runtime-1.0-SNAPSHOT.jar!/logback.xml]
15:58:14,365 |-WARN in ch.qos.logback.classic.LoggerContext[default] - Resource [logback.xml] occurs at [jar:file:/root/flamestream/flamestream-runtime-1.0-SNAPSHOT.jar!/logback.xml]
15:58:14,386 |-INFO in ch.qos.logback.core.joran.spi.ConfigurationWatchList@3fb6a447 - URL [jar:file:/root/flamestream/lib/flamestream-runtime-1.0-SNAPSHOT.jar!/logback.xml] is not of type file
15:58:14,455 |-INFO in ch.qos.logback.classic.joran.action.ConfigurationAction - debug attribute not set
15:58:14,455 |-INFO in ch.qos.logback.core.joran.action.AppenderAction - About to instantiate appender of type [ch.qos.logback.core.ConsoleAppender]
15:58:14,476 |-INFO in ch.qos.logback.core.joran.action.AppenderAction - Naming appender as [STDOUT]
15:58:14,493 |-INFO in ch.qos.logback.core.joran.action.NestedComplexPropertyIA - Assuming default type [ch.qos.logback.classic.encoder.PatternLayoutEncoder] for [encoder] property
15:58:14,573 |-INFO in ch.qos.logback.core.joran.action.AppenderAction - About to instantiate appender of type [ch.qos.logback.core.rolling.RollingFileAppender]
15:58:14,578 |-INFO in ch.qos.logback.core.joran.action.AppenderAction - Naming appender as [FILE]
15:58:14,610 |-INFO in c.q.l.core.rolling.TimeBasedRollingPolicy@127618319 - No compression will be used
15:58:14,611 |-INFO in c.q.l.core.rolling.TimeBasedRollingPolicy@127618319 - Will use the pattern /tmp/application_%d{yyyy-MM-dd}.%i.log for the active file
15:58:14,614 |-INFO in ch.qos.logback.core.rolling.SizeAndTimeBasedFNATP@6b2fad11 - The date pattern is 'yyyy-MM-dd' from file name pattern '/tmp/application_%d{yyyy-MM-dd}.%i.log'.
15:58:14,614 |-INFO in ch.qos.logback.core.rolling.SizeAndTimeBasedFNATP@6b2fad11 - Roll-over at midnight.
15:58:14,619 |-INFO in ch.qos.logback.core.rolling.SizeAndTimeBasedFNATP@6b2fad11 - Setting initial period to Mon Jun 10 15:56:52 UTC 2019
15:58:14,619 |-WARN in ch.qos.logback.core.rolling.SizeAndTimeBasedFNATP@6b2fad11 - SizeAndTimeBasedFNATP is deprecated. Use SizeAndTimeBasedRollingPolicy instead
15:58:14,619 |-WARN in ch.qos.logback.core.rolling.SizeAndTimeBasedFNATP@6b2fad11 - For more information see http://logback.qos.ch/manual/appenders.html#SizeAndTimeBasedRollingPolicy
15:58:14,623 |-INFO in ch.qos.logback.core.joran.action.NestedComplexPropertyIA - Assuming default type [ch.qos.logback.classic.encoder.PatternLayoutEncoder] for [encoder] property
15:58:14,628 |-INFO in ch.qos.logback.core.rolling.RollingFileAppender[FILE] - Active log file name: /tmp/application.log
15:58:14,629 |-INFO in ch.qos.logback.core.rolling.RollingFileAppender[FILE] - File property is set to [/tmp/application.log]
15:58:14,629 |-INFO in ch.qos.logback.classic.joran.action.RootLoggerAction - Setting level of ROOT logger to WARN
15:58:14,629 |-INFO in ch.qos.logback.core.joran.action.AppenderRefAction - Attaching appender named [STDOUT] to Logger[ROOT]
15:58:14,631 |-INFO in ch.qos.logback.core.joran.action.AppenderRefAction - Attaching appender named [FILE] to Logger[ROOT]
15:58:14,631 |-INFO in ch.qos.logback.classic.joran.action.ConfigurationAction - End of configuration.
15:58:14,632 |-INFO in ch.qos.logback.classic.joran.JoranConfigurator@79698539 - Registering current configuration as safe fallback point

Ama winner
Ama winner
2019-06-10T15:58:15.937+0000: 1.761: [Full GC (Metadata GC Threshold) 2019-06-10T15:58:15.937+0000: 1.761: [Tenured: 0K->15177K(341376K), 0.0418752 secs] 112195K->15177K(494976K), [Metaspace: 20732K->20732K(1067008K)], 0.0419455 secs] [Times: user=0.04 sys=0.00, real=0.04 secs] 
15:58:31.179 [Curator-PathChildrenCache-1] WARN  o.a.c.u.ZKPaths  - The version of ZooKeeper being used doesn't support Container nodes. CreateMode.PERSISTENT will be used instead.
2019-06-10T15:58:33.215+0000: 19.038: [GC (Allocation Failure) 2019-06-10T15:58:33.215+0000: 19.038: [DefNew: 117633K->17023K(153600K), 0.0198156 secs] 132811K->32776K(494976K), 0.0198842 secs] [Times: user=0.01 sys=0.02, real=0.02 secs] 
2019-06-10T15:58:34.797+0000: 20.621: [Full GC (Metadata GC Threshold) 2019-06-10T15:58:34.797+0000: 20.621: [Tenured: 15752K->44038K(341376K), 0.0476814 secs] 83927K->44038K(494976K), [Metaspace: 34574K->34574K(1079296K)], 0.0477570 secs] [Times: user=0.04 sys=0.01, real=0.05 secs] 
2019-06-10T15:58:41.488+0000: 27.311: [GC (Allocation Failure) 2019-06-10T15:58:41.488+0000: 27.311: [DefNew: 136576K->71K(153600K), 0.0019464 secs] 180614K->44109K(494976K), 0.0020059 secs] [Times: user=0.00 sys=0.00, real=0.00 secs] 
2019-06-10T15:58:47.900+0000: 33.724: [GC (Allocation Failure) 2019-06-10T15:58:47.900+0000: 33.724: [DefNew: 136647K->72K(153600K), 0.0017813 secs] 180685K->44110K(494976K), 0.0018441 secs] [Times: user=0.00 sys=0.00, real=0.00 secs] 
2019-06-10T15:58:54.474+0000: 40.297: [GC (Allocation Failure) 2019-06-10T15:58:54.474+0000: 40.297: [DefNew: 136648K->72K(153600K), 0.0018644 secs] 180686K->44110K(494976K), 0.0019364 secs] [Times: user=0.00 sys=0.00, real=0.00 secs] 
2019-06-10T15:59:01.080+0000: 46.904: [GC (Allocation Failure) 2019-06-10T15:59:01.080+0000: 46.904: [DefNew: 136648K->70K(153600K), 0.0017813 secs] 180686K->44108K(494976K), 0.0018434 secs] [Times: user=0.00 sys=0.00, real=0.00 secs] 
2019-06-10T15:59:07.690+0000: 53.513: [GC (Allocation Failure) 2019-06-10T15:59:07.690+0000: 53.513: [DefNew: 136646K->72K(153600K), 0.0018379 secs] 180684K->44110K(494976K), 0.0018999 secs] [Times: user=0.01 sys=0.00, real=0.01 secs] 
15:59:17.454 [Curator-PathChildrenCache-0] ERROR o.a.c.f.r.c.PathChildrenCache  - 
java.lang.IllegalStateException: instance must be started before calling this method
	at org.apache.curator.shaded.com.google.common.base.Preconditions.checkState(Preconditions.java:444)
	at org.apache.curator.framework.imps.CuratorFrameworkImpl.getChildren(CuratorFrameworkImpl.java:456)
	at org.apache.curator.framework.recipes.cache.PathChildrenCache.refresh(PathChildrenCache.java:521)
	at org.apache.curator.framework.recipes.cache.RefreshOperation.invoke(RefreshOperation.java:35)
	at org.apache.curator.framework.recipes.cache.PathChildrenCache$9.run(PathChildrenCache.java:786)
	at java.util.concurrent.Executors$RunnableAdapter.call(Executors.java:511)
	at java.util.concurrent.FutureTask.run(FutureTask.java:266)
	at java.util.concurrent.Executors$RunnableAdapter.call(Executors.java:511)
	at java.util.concurrent.FutureTask.run(FutureTask.java:266)
	at java.util.concurrent.ThreadPoolExecutor.runWorker(ThreadPoolExecutor.java:1149)
	at java.util.concurrent.ThreadPoolExecutor$Worker.run(ThreadPoolExecutor.java:624)
	at java.lang.Thread.run(Thread.java:748)
Heap
 def new generation   total 153600K, used 111117K [0x00000000e0c00000, 0x00000000eb2a0000, 0x00000000eb2a0000)
  eden space 136576K,  81% used [0x00000000e0c00000, 0x00000000e7871288, 0x00000000e9160000)
  from space 17024K,   0% used [0x00000000e9160000, 0x00000000e91722c0, 0x00000000ea200000)
  to   space 17024K,   0% used [0x00000000ea200000, 0x00000000ea200000, 0x00000000eb2a0000)
 tenured generation   total 341376K, used 44038K [0x00000000eb2a0000, 0x0000000100000000, 0x0000000100000000)
   the space 341376K,  12% used [0x00000000eb2a0000, 0x00000000edda1878, 0x00000000edda1a00, 0x0000000100000000)
 Metaspace       used 36181K, capacity 37062K, committed 37376K, reserved 1081344K
  class space    used 4870K, capacity 5075K, committed 5120K, reserved 1048576K
