09:44:18,419 |-INFO in ch.qos.logback.classic.LoggerContext[default] - Could NOT find resource [logback-test.xml]
09:44:18,419 |-INFO in ch.qos.logback.classic.LoggerContext[default] - Could NOT find resource [logback.groovy]
09:44:18,419 |-INFO in ch.qos.logback.classic.LoggerContext[default] - Found resource [logback.xml] at [jar:file:/home/nikitasokolov/flamestream/lib/flamestream-runtime-1.0-SNAPSHOT.jar!/logback.xml]
09:44:18,420 |-WARN in ch.qos.logback.classic.LoggerContext[default] - Resource [logback.xml] occurs multiple times on the classpath.
09:44:18,420 |-WARN in ch.qos.logback.classic.LoggerContext[default] - Resource [logback.xml] occurs at [jar:file:/home/nikitasokolov/flamestream/lib/flamestream-runtime-1.0-SNAPSHOT.jar!/logback.xml]
09:44:18,420 |-WARN in ch.qos.logback.classic.LoggerContext[default] - Resource [logback.xml] occurs at [jar:file:/home/nikitasokolov/flamestream/flamestream-runtime-1.0-SNAPSHOT.jar!/logback.xml]
09:44:18,435 |-INFO in ch.qos.logback.core.joran.spi.ConfigurationWatchList@6108b2d7 - URL [jar:file:/home/nikitasokolov/flamestream/lib/flamestream-runtime-1.0-SNAPSHOT.jar!/logback.xml] is not of type file
09:44:18,488 |-INFO in ch.qos.logback.classic.joran.action.ConfigurationAction - debug attribute not set
09:44:18,489 |-INFO in ch.qos.logback.core.joran.action.AppenderAction - About to instantiate appender of type [ch.qos.logback.core.ConsoleAppender]
09:44:18,497 |-INFO in ch.qos.logback.core.joran.action.AppenderAction - Naming appender as [STDOUT]
09:44:18,506 |-INFO in ch.qos.logback.core.joran.action.NestedComplexPropertyIA - Assuming default type [ch.qos.logback.classic.encoder.PatternLayoutEncoder] for [encoder] property
09:44:18,565 |-INFO in ch.qos.logback.core.joran.action.AppenderAction - About to instantiate appender of type [ch.qos.logback.core.rolling.RollingFileAppender]
09:44:18,570 |-INFO in ch.qos.logback.core.joran.action.AppenderAction - Naming appender as [FILE]
09:44:18,592 |-INFO in c.q.l.core.rolling.TimeBasedRollingPolicy@357863579 - No compression will be used
09:44:18,594 |-INFO in c.q.l.core.rolling.TimeBasedRollingPolicy@357863579 - Will use the pattern /tmp/application_%d{yyyy-MM-dd}.%i.log for the active file
09:44:18,597 |-INFO in ch.qos.logback.core.rolling.SizeAndTimeBasedFNATP@6bf256fa - The date pattern is 'yyyy-MM-dd' from file name pattern '/tmp/application_%d{yyyy-MM-dd}.%i.log'.
09:44:18,597 |-INFO in ch.qos.logback.core.rolling.SizeAndTimeBasedFNATP@6bf256fa - Roll-over at midnight.
09:44:18,602 |-INFO in ch.qos.logback.core.rolling.SizeAndTimeBasedFNATP@6bf256fa - Setting initial period to Sun Jun 09 09:43:29 MSK 2019
09:44:18,602 |-WARN in ch.qos.logback.core.rolling.SizeAndTimeBasedFNATP@6bf256fa - SizeAndTimeBasedFNATP is deprecated. Use SizeAndTimeBasedRollingPolicy instead
09:44:18,602 |-WARN in ch.qos.logback.core.rolling.SizeAndTimeBasedFNATP@6bf256fa - For more information see http://logback.qos.ch/manual/appenders.html#SizeAndTimeBasedRollingPolicy
09:44:18,607 |-INFO in ch.qos.logback.core.joran.action.NestedComplexPropertyIA - Assuming default type [ch.qos.logback.classic.encoder.PatternLayoutEncoder] for [encoder] property
09:44:18,610 |-INFO in ch.qos.logback.core.rolling.RollingFileAppender[FILE] - Active log file name: /tmp/application.log
09:44:18,610 |-INFO in ch.qos.logback.core.rolling.RollingFileAppender[FILE] - File property is set to [/tmp/application.log]
09:44:18,611 |-INFO in ch.qos.logback.classic.joran.action.RootLoggerAction - Setting level of ROOT logger to WARN
09:44:18,612 |-INFO in ch.qos.logback.core.joran.action.AppenderRefAction - Attaching appender named [STDOUT] to Logger[ROOT]
09:44:18,612 |-INFO in ch.qos.logback.core.joran.action.AppenderRefAction - Attaching appender named [FILE] to Logger[ROOT]
09:44:18,612 |-INFO in ch.qos.logback.classic.joran.action.ConfigurationAction - End of configuration.
09:44:18,613 |-INFO in ch.qos.logback.classic.joran.JoranConfigurator@6cd8737 - Registering current configuration as safe fallback point

2019-06-09T09:44:19.589+0300: 1.367: [GC (Metadata GC Threshold) [PSYoungGen: 110722K->16040K(149504K)] 110722K->16120K(491008K), 0.0243406 secs] [Times: user=0.10 sys=0.03, real=0.03 secs] 
2019-06-09T09:44:19.613+0300: 1.391: [Full GC (Metadata GC Threshold) [PSYoungGen: 16040K->0K(149504K)] [ParOldGen: 80K->15078K(341504K)] 16120K->15078K(491008K), [Metaspace: 20806K->20806K(1067008K)], 0.0238903 secs] [Times: user=0.14 sys=0.02, real=0.02 secs] 
09:44:27.957 [Curator-PathChildrenCache-1] WARN  o.a.c.u.ZKPaths  - The version of ZooKeeper being used doesn't support Container nodes. CreateMode.PERSISTENT will be used instead.
2019-06-09T09:44:28.811+0300: 10.589: [GC (Metadata GC Threshold) [PSYoungGen: 125884K->15877K(149504K)] 140963K->50495K(491008K), 0.0323124 secs] [Times: user=0.28 sys=0.02, real=0.03 secs] 
2019-06-09T09:44:28.843+0300: 10.621: [Full GC (Metadata GC Threshold) [PSYoungGen: 15877K->0K(149504K)] [ParOldGen: 34617K->39048K(341504K)] 50495K->39048K(491008K), [Metaspace: 34580K->34580K(1079296K)], 0.0355498 secs] [Times: user=0.18 sys=0.02, real=0.04 secs] 
2019-06-09T09:44:30.836+0300: 12.614: [GC (Allocation Failure) [PSYoungGen: 128512K->608K(149504K)] 167560K->39664K(491008K), 0.0041015 secs] [Times: user=0.02 sys=0.00, real=0.01 secs] 
2019-06-09T09:44:32.415+0300: 14.194: [GC (Allocation Failure) [PSYoungGen: 129120K->576K(149504K)] 168176K->39640K(491008K), 0.0025426 secs] [Times: user=0.01 sys=0.00, real=0.01 secs] 
2019-06-09T09:44:33.381+0300: 15.160: [GC (Allocation Failure) [PSYoungGen: 129088K->704K(129536K)] 168152K->39776K(471040K), 0.0028386 secs] [Times: user=0.02 sys=0.00, real=0.00 secs] 
2019-06-09T09:44:34.744+0300: 16.522: [GC (Allocation Failure) [PSYoungGen: 129216K->736K(150016K)] 168288K->39816K(491520K), 0.0043129 secs] [Times: user=0.03 sys=0.00, real=0.00 secs] 
2019-06-09T09:44:36.219+0300: 17.997: [GC (Allocation Failure) [PSYoungGen: 129248K->992K(148992K)] 168328K->40080K(490496K), 0.0030674 secs] [Times: user=0.01 sys=0.00, real=0.00 secs] 
2019-06-09T09:44:37.109+0300: 18.887: [GC (Allocation Failure) [PSYoungGen: 129504K->736K(151552K)] 168592K->39832K(493056K), 0.0030935 secs] [Times: user=0.02 sys=0.00, real=0.01 secs] 
2019-06-09T09:44:38.289+0300: 20.067: [GC (Allocation Failure) [PSYoungGen: 132832K->736K(151040K)] 171928K->39832K(492544K), 0.0024524 secs] [Times: user=0.01 sys=0.00, real=0.01 secs] 
2019-06-09T09:44:39.845+0300: 21.623: [GC (Allocation Failure) [PSYoungGen: 132832K->640K(153088K)] 171928K->39736K(494592K), 0.0025749 secs] [Times: user=0.01 sys=0.00, real=0.00 secs] 
2019-06-09T09:44:41.166+0300: 22.944: [GC (Allocation Failure) [PSYoungGen: 135808K->608K(152576K)] 174904K->39704K(494080K), 0.0024638 secs] [Times: user=0.01 sys=0.00, real=0.00 secs] 
2019-06-09T09:44:42.328+0300: 24.106: [GC (Allocation Failure) [PSYoungGen: 135776K->704K(154624K)] 174872K->39808K(496128K), 0.0036554 secs] [Times: user=0.02 sys=0.00, real=0.01 secs] 
2019-06-09T09:44:43.820+0300: 25.598: [GC (Allocation Failure) [PSYoungGen: 138944K->608K(154112K)] 178048K->39712K(495616K), 0.0765411 secs] [Times: user=0.03 sys=0.01, real=0.07 secs] 
09:44:51.335 [Curator-PathChildrenCache-0] ERROR o.a.c.f.r.c.PathChildrenCache  - 
java.lang.IllegalStateException: instance must be started before calling this method
	at org.apache.curator.shaded.com.google.common.base.Preconditions.checkState(Preconditions.java:444)
	at org.apache.curator.framework.imps.CuratorFrameworkImpl.getChildren(CuratorFrameworkImpl.java:456)
	at org.apache.curator.framework.recipes.cache.PathChildrenCache.refresh(PathChildrenCache.java:521)
	at org.apache.curator.framework.recipes.cache.RefreshOperation.invoke(RefreshOperation.java:35)
	at org.apache.curator.framework.recipes.cache.PathChildrenCache$9.run(PathChildrenCache.java:786)
	at java.util.concurrent.Executors$RunnableAdapter.call(Executors.java:511)
	at java.util.concurrent.FutureTask.run(FutureTask.java:266)
	at java.util.concurrent.Executors$RunnableAdapter.call(Executors.java:511)
	at java.util.concurrent.FutureTask.run(FutureTask.java:266)
	at java.util.concurrent.ThreadPoolExecutor.runWorker(ThreadPoolExecutor.java:1149)
	at java.util.concurrent.ThreadPoolExecutor$Worker.run(ThreadPoolExecutor.java:624)
	at java.lang.Thread.run(Thread.java:748)
Heap
 PSYoungGen      total 154112K, used 111424K [0x00000000f5980000, 0x0000000100000000, 0x0000000100000000)
  eden space 138240K, 80% used [0x00000000f5980000,0x00000000fc5b8388,0x00000000fe080000)
  from space 15872K, 3% used [0x00000000fe080000,0x00000000fe118010,0x00000000ff000000)
  to   space 14848K, 0% used [0x00000000ff180000,0x00000000ff180000,0x0000000100000000)
 ParOldGen       total 341504K, used 39104K [0x00000000e0c00000, 0x00000000f5980000, 0x00000000f5980000)
  object space 341504K, 11% used [0x00000000e0c00000,0x00000000e3230060,0x00000000f5980000)
 Metaspace       used 35768K, capacity 36668K, committed 36992K, reserved 1081344K
  class space    used 4938K, capacity 5138K, committed 5248K, reserved 1048576K
