18:16:11,051 |-INFO in ch.qos.logback.classic.LoggerContext[default] - Could NOT find resource [logback-test.xml]
18:16:11,051 |-INFO in ch.qos.logback.classic.LoggerContext[default] - Could NOT find resource [logback.groovy]
18:16:11,051 |-INFO in ch.qos.logback.classic.LoggerContext[default] - Found resource [logback.xml] at [jar:file:/root/flamestream/lib/flamestream-runtime-1.0-SNAPSHOT.jar!/logback.xml]
18:16:11,052 |-WARN in ch.qos.logback.classic.LoggerContext[default] - Resource [logback.xml] occurs multiple times on the classpath.
18:16:11,052 |-WARN in ch.qos.logback.classic.LoggerContext[default] - Resource [logback.xml] occurs at [jar:file:/root/flamestream/lib/flamestream-runtime-1.0-SNAPSHOT.jar!/logback.xml]
18:16:11,052 |-WARN in ch.qos.logback.classic.LoggerContext[default] - Resource [logback.xml] occurs at [jar:file:/root/flamestream/flamestream-runtime-1.0-SNAPSHOT.jar!/logback.xml]
18:16:11,072 |-INFO in ch.qos.logback.core.joran.spi.ConfigurationWatchList@3fb6a447 - URL [jar:file:/root/flamestream/lib/flamestream-runtime-1.0-SNAPSHOT.jar!/logback.xml] is not of type file
18:16:11,143 |-INFO in ch.qos.logback.classic.joran.action.ConfigurationAction - debug attribute not set
18:16:11,148 |-INFO in ch.qos.logback.core.joran.action.AppenderAction - About to instantiate appender of type [ch.qos.logback.core.ConsoleAppender]
18:16:11,159 |-INFO in ch.qos.logback.core.joran.action.AppenderAction - Naming appender as [STDOUT]
18:16:11,179 |-INFO in ch.qos.logback.core.joran.action.NestedComplexPropertyIA - Assuming default type [ch.qos.logback.classic.encoder.PatternLayoutEncoder] for [encoder] property
18:16:11,259 |-INFO in ch.qos.logback.core.joran.action.AppenderAction - About to instantiate appender of type [ch.qos.logback.core.rolling.RollingFileAppender]
18:16:11,264 |-INFO in ch.qos.logback.core.joran.action.AppenderAction - Naming appender as [FILE]
18:16:11,296 |-INFO in c.q.l.core.rolling.TimeBasedRollingPolicy@127618319 - No compression will be used
18:16:11,297 |-INFO in c.q.l.core.rolling.TimeBasedRollingPolicy@127618319 - Will use the pattern /tmp/application_%d{yyyy-MM-dd}.%i.log for the active file
18:16:11,300 |-INFO in ch.qos.logback.core.rolling.SizeAndTimeBasedFNATP@6b2fad11 - The date pattern is 'yyyy-MM-dd' from file name pattern '/tmp/application_%d{yyyy-MM-dd}.%i.log'.
18:16:11,300 |-INFO in ch.qos.logback.core.rolling.SizeAndTimeBasedFNATP@6b2fad11 - Roll-over at midnight.
18:16:11,305 |-INFO in ch.qos.logback.core.rolling.SizeAndTimeBasedFNATP@6b2fad11 - Setting initial period to Mon Jun 10 18:14:49 UTC 2019
18:16:11,305 |-WARN in ch.qos.logback.core.rolling.SizeAndTimeBasedFNATP@6b2fad11 - SizeAndTimeBasedFNATP is deprecated. Use SizeAndTimeBasedRollingPolicy instead
18:16:11,305 |-WARN in ch.qos.logback.core.rolling.SizeAndTimeBasedFNATP@6b2fad11 - For more information see http://logback.qos.ch/manual/appenders.html#SizeAndTimeBasedRollingPolicy
18:16:11,309 |-INFO in ch.qos.logback.core.joran.action.NestedComplexPropertyIA - Assuming default type [ch.qos.logback.classic.encoder.PatternLayoutEncoder] for [encoder] property
18:16:11,314 |-INFO in ch.qos.logback.core.rolling.RollingFileAppender[FILE] - Active log file name: /tmp/application.log
18:16:11,314 |-INFO in ch.qos.logback.core.rolling.RollingFileAppender[FILE] - File property is set to [/tmp/application.log]
18:16:11,315 |-INFO in ch.qos.logback.classic.joran.action.RootLoggerAction - Setting level of ROOT logger to WARN
18:16:11,315 |-INFO in ch.qos.logback.core.joran.action.AppenderRefAction - Attaching appender named [STDOUT] to Logger[ROOT]
18:16:11,317 |-INFO in ch.qos.logback.core.joran.action.AppenderRefAction - Attaching appender named [FILE] to Logger[ROOT]
18:16:11,317 |-INFO in ch.qos.logback.classic.joran.action.ConfigurationAction - End of configuration.
18:16:11,317 |-INFO in ch.qos.logback.classic.joran.JoranConfigurator@79698539 - Registering current configuration as safe fallback point

Ama winner
Ama winner
2019-06-10T18:16:12.631+0000: 1.766: [Full GC (Metadata GC Threshold) 2019-06-10T18:16:12.631+0000: 1.766: [Tenured: 0K->15144K(341376K), 0.0400419 secs] 114924K->15144K(494976K), [Metaspace: 20742K->20742K(1067008K)], 0.0401096 secs] [Times: user=0.03 sys=0.01, real=0.04 secs] 
18:16:28.627 [Curator-PathChildrenCache-1] WARN  o.a.c.u.ZKPaths  - The version of ZooKeeper being used doesn't support Container nodes. CreateMode.PERSISTENT will be used instead.
2019-06-10T18:16:31.014+0000: 20.149: [GC (Allocation Failure) 2019-06-10T18:16:31.014+0000: 20.149: [DefNew: 136576K->17023K(153600K), 0.0263631 secs] 151720K->52580K(494976K), 0.0264307 secs] [Times: user=0.01 sys=0.01, real=0.03 secs] 
2019-06-10T18:16:33.271+0000: 22.406: [Full GC (Metadata GC Threshold) 2019-06-10T18:16:33.271+0000: 22.406: [Tenured: 35556K->44257K(341376K), 0.0506995 secs] 104219K->44257K(494976K), [Metaspace: 34590K->34590K(1079296K)], 0.0507724 secs] [Times: user=0.05 sys=0.01, real=0.05 secs] 
2019-06-10T18:16:39.531+0000: 28.666: [GC (Allocation Failure) 2019-06-10T18:16:39.531+0000: 28.666: [DefNew: 136576K->61K(153600K), 0.0017703 secs] 180833K->44318K(494976K), 0.0018441 secs] [Times: user=0.00 sys=0.00, real=0.00 secs] 
2019-06-10T18:16:45.846+0000: 34.982: [GC (Allocation Failure) 2019-06-10T18:16:45.846+0000: 34.982: [DefNew: 136637K->61K(153600K), 0.0017035 secs] 180894K->44318K(494976K), 0.0017646 secs] [Times: user=0.00 sys=0.00, real=0.01 secs] 
2019-06-10T18:16:52.201+0000: 41.336: [GC (Allocation Failure) 2019-06-10T18:16:52.201+0000: 41.336: [DefNew: 136637K->61K(153600K), 0.0017335 secs] 180894K->44319K(494976K), 0.0017939 secs] [Times: user=0.00 sys=0.00, real=0.00 secs] 
2019-06-10T18:16:58.565+0000: 47.701: [GC (Allocation Failure) 2019-06-10T18:16:58.565+0000: 47.701: [DefNew: 136637K->65K(153600K), 0.0017861 secs] 180895K->44323K(494976K), 0.0018451 secs] [Times: user=0.00 sys=0.00, real=0.00 secs] 
2019-06-10T18:17:10.413+0000: 59.548: [GC (Allocation Failure) 2019-06-10T18:17:10.413+0000: 59.548: [DefNew: 136641K->98K(153600K), 0.0018523 secs] 180899K->44356K(494976K), 0.0019178 secs] [Times: user=0.01 sys=0.00, real=0.00 secs] 
18:17:15.127 [Curator-PathChildrenCache-0] ERROR o.a.c.f.r.c.PathChildrenCache  - 
java.lang.IllegalStateException: instance must be started before calling this method
	at org.apache.curator.shaded.com.google.common.base.Preconditions.checkState(Preconditions.java:444)
	at org.apache.curator.framework.imps.CuratorFrameworkImpl.getChildren(CuratorFrameworkImpl.java:456)
	at org.apache.curator.framework.recipes.cache.PathChildrenCache.refresh(PathChildrenCache.java:521)
	at org.apache.curator.framework.recipes.cache.RefreshOperation.invoke(RefreshOperation.java:35)
	at org.apache.curator.framework.recipes.cache.PathChildrenCache$9.run(PathChildrenCache.java:786)
	at java.util.concurrent.Executors$RunnableAdapter.call(Executors.java:511)
	at java.util.concurrent.FutureTask.run(FutureTask.java:266)
	at java.util.concurrent.Executors$RunnableAdapter.call(Executors.java:511)
	at java.util.concurrent.FutureTask.run(FutureTask.java:266)
	at java.util.concurrent.ThreadPoolExecutor.runWorker(ThreadPoolExecutor.java:1149)
	at java.util.concurrent.ThreadPoolExecutor$Worker.run(ThreadPoolExecutor.java:624)
	at java.lang.Thread.run(Thread.java:748)
Heap
 def new generation   total 153600K, used 27542K [0x00000000e0c00000, 0x00000000eb2a0000, 0x00000000eb2a0000)
  eden space 136576K,  20% used [0x00000000e0c00000, 0x00000000e26cceb0, 0x00000000e9160000)
  from space 17024K,   0% used [0x00000000e9160000, 0x00000000e9178b80, 0x00000000ea200000)
  to   space 17024K,   0% used [0x00000000ea200000, 0x00000000ea200000, 0x00000000eb2a0000)
 tenured generation   total 341376K, used 44257K [0x00000000eb2a0000, 0x0000000100000000, 0x0000000100000000)
   the space 341376K,  12% used [0x00000000eb2a0000, 0x00000000eddd8690, 0x00000000eddd8800, 0x0000000100000000)
 Metaspace       used 36063K, capacity 36992K, committed 37120K, reserved 1081344K
  class space    used 4878K, capacity 5074K, committed 5120K, reserved 1048576K
