11:02:33,302 |-INFO in ch.qos.logback.classic.LoggerContext[default] - Could NOT find resource [logback-test.xml]
11:02:33,302 |-INFO in ch.qos.logback.classic.LoggerContext[default] - Could NOT find resource [logback.groovy]
11:02:33,302 |-INFO in ch.qos.logback.classic.LoggerContext[default] - Found resource [logback.xml] at [jar:file:/home/ubuntu/flamestream/lib/flamestream-runtime-1.0-SNAPSHOT.jar!/logback.xml]
11:02:33,303 |-WARN in ch.qos.logback.classic.LoggerContext[default] - Resource [logback.xml] occurs multiple times on the classpath.
11:02:33,303 |-WARN in ch.qos.logback.classic.LoggerContext[default] - Resource [logback.xml] occurs at [jar:file:/home/ubuntu/flamestream/flamestream-runtime-1.0-SNAPSHOT.jar!/logback.xml]
11:02:33,303 |-WARN in ch.qos.logback.classic.LoggerContext[default] - Resource [logback.xml] occurs at [jar:file:/home/ubuntu/flamestream/lib/flamestream-runtime-1.0-SNAPSHOT.jar!/logback.xml]
11:02:33,320 |-INFO in ch.qos.logback.core.joran.spi.ConfigurationWatchList@4678c730 - URL [jar:file:/home/ubuntu/flamestream/lib/flamestream-runtime-1.0-SNAPSHOT.jar!/logback.xml] is not of type file
11:02:33,381 |-INFO in ch.qos.logback.classic.joran.action.ConfigurationAction - debug attribute not set
11:02:33,381 |-INFO in ch.qos.logback.core.joran.action.AppenderAction - About to instantiate appender of type [ch.qos.logback.core.ConsoleAppender]
11:02:33,393 |-INFO in ch.qos.logback.core.joran.action.AppenderAction - Naming appender as [STDOUT]
11:02:33,405 |-INFO in ch.qos.logback.core.joran.action.NestedComplexPropertyIA - Assuming default type [ch.qos.logback.classic.encoder.PatternLayoutEncoder] for [encoder] property
11:02:33,479 |-INFO in ch.qos.logback.core.joran.action.AppenderAction - About to instantiate appender of type [ch.qos.logback.core.rolling.RollingFileAppender]
11:02:33,487 |-INFO in ch.qos.logback.core.joran.action.AppenderAction - Naming appender as [FILE]
11:02:33,516 |-INFO in c.q.l.core.rolling.TimeBasedRollingPolicy@1734853116 - No compression will be used
11:02:33,521 |-INFO in c.q.l.core.rolling.TimeBasedRollingPolicy@1734853116 - Will use the pattern /tmp/application_%d{yyyy-MM-dd}.%i.log for the active file
11:02:33,523 |-INFO in ch.qos.logback.core.rolling.SizeAndTimeBasedFNATP@29ee9faa - The date pattern is 'yyyy-MM-dd' from file name pattern '/tmp/application_%d{yyyy-MM-dd}.%i.log'.
11:02:33,523 |-INFO in ch.qos.logback.core.rolling.SizeAndTimeBasedFNATP@29ee9faa - Roll-over at midnight.
11:02:33,529 |-INFO in ch.qos.logback.core.rolling.SizeAndTimeBasedFNATP@29ee9faa - Setting initial period to Sat Oct 05 10:56:39 UTC 2019
11:02:33,529 |-WARN in ch.qos.logback.core.rolling.SizeAndTimeBasedFNATP@29ee9faa - SizeAndTimeBasedFNATP is deprecated. Use SizeAndTimeBasedRollingPolicy instead
11:02:33,529 |-WARN in ch.qos.logback.core.rolling.SizeAndTimeBasedFNATP@29ee9faa - For more information see http://logback.qos.ch/manual/appenders.html#SizeAndTimeBasedRollingPolicy
11:02:33,533 |-INFO in ch.qos.logback.core.joran.action.NestedComplexPropertyIA - Assuming default type [ch.qos.logback.classic.encoder.PatternLayoutEncoder] for [encoder] property
11:02:33,539 |-INFO in ch.qos.logback.core.rolling.RollingFileAppender[FILE] - Active log file name: /tmp/application.log
11:02:33,539 |-INFO in ch.qos.logback.core.rolling.RollingFileAppender[FILE] - File property is set to [/tmp/application.log]
11:02:33,540 |-INFO in ch.qos.logback.classic.joran.action.RootLoggerAction - Setting level of ROOT logger to INFO
11:02:33,540 |-INFO in ch.qos.logback.core.joran.action.AppenderRefAction - Attaching appender named [STDOUT] to Logger[ROOT]
11:02:33,541 |-INFO in ch.qos.logback.core.joran.action.AppenderRefAction - Attaching appender named [FILE] to Logger[ROOT]
11:02:33,541 |-INFO in ch.qos.logback.classic.joran.action.ConfigurationAction - End of configuration.
11:02:33,541 |-INFO in ch.qos.logback.classic.joran.JoranConfigurator@c038203 - Registering current configuration as safe fallback point

11:02:33.547 [main] INFO  c.s.f.r.WorkerApplication  - Starting worker with workerConfig 'WorkerConfig{id='flamestream-benchmarks-worker-1', localAddress=flamestream-benchmarks-worker-1/10.0.0.222:5412, zkString='flamestream-benchmarks-manager:12181', snapshotPath='/home/ubuntu/flamestream/data', guarantees=AT_MOST_ONCE}'
11:02:34.703 [worker-akka.actor.default-dispatcher-6] INFO  a.e.s.Slf4jLogger  - Slf4jLogger started
2019-10-05T11:02:34.839+0000: 1.828: [Full GC (Metadata GC Threshold) 2019-10-05T11:02:34.839+0000: 1.829: [Tenured: 0K->13624K(1024000K), 0.0424096 secs] 139464K->13624K(1484800K), [Metaspace: 20219K->20219K(1067008K)], 0.0424801 secs] [Times: user=0.03 sys=0.00, real=0.05 secs] 
11:02:34.972 [worker-akka.actor.default-dispatcher-6] WARN  a.r.RemoteActorRefProvider akka.remote.RemoteActorRefProvider - Using the 'remote' ActorRefProvider directly, which is a low-level layer. For most use cases, the 'cluster' abstraction on top of remoting is more suitable instead.
11:02:34.976 [worker-akka.actor.default-dispatcher-6] WARN  a.r.RemoteActorRefProvider akka.remote.RemoteActorRefProvider - Akka Cluster not in use - Using Akka Cluster is recommended if you need remote watch and deploy.
11:02:35.080 [worker-akka.actor.default-dispatcher-6] INFO  a.r.a.a.ArteryAeronUdpTransport(akka://worker) akka.remote.artery.aeron.ArteryAeronUdpTransport(akka://worker) - Started embedded media driver in directory [/dev/shm/aeron-flamestream-benchmarks-worker-1]
11:02:35.103 [worker-akka.actor.default-dispatcher-6] WARN  a.r.a.a.ArteryAeronUdpTransport(akka://worker) akka.remote.artery.aeron.ArteryAeronUdpTransport(akka://worker) - Aeron CnC version mismatch: compiled version = 15, file version = 16
11:02:35.316 [worker-akka.actor.default-dispatcher-6] INFO  a.r.a.a.ArteryAeronUdpTransport(akka://worker) akka.remote.artery.aeron.ArteryAeronUdpTransport(akka://worker) - Remoting started with transport [Artery aeron-udp]; listening on address [akka://worker@flamestream-benchmarks-worker-1:5412] and bound to [akka://worker@0.0.0.0:5412] with UID [-7185473161327607121]
11:02:35.805 [worker-akka.actor.default-dispatcher-6] WARN  a.s.Serialization(akka://worker) akka.serialization.Serialization(akka://worker) - Using serializer [com.romix.akka.serialization.kryo.KryoSerializer] for message [akka.actor.ActorSelectionMessage]. Note that this serializer is not implemented by Akka. It's not recommended to replace serializers for messages provided by Akka.
11:02:35.805 [worker-akka.actor.default-dispatcher-6] WARN  a.s.Serialization(akka://worker) akka.serialization.Serialization(akka://worker) - Using serializer [com.romix.akka.serialization.kryo.KryoSerializer] for message [akka.actor.ActorIdentity]. Note that this serializer is not implemented by Akka. It's not recommended to replace serializers for messages provided by Akka.
11:02:35.830 [worker-akka.actor.default-dispatcher-9] INFO  a.a.RepointableActorRef akka://worker/user/watcher - Starting...
11:02:35.956 [worker-akka.actor.default-dispatcher-6] INFO  o.a.c.u.Compatibility  - Running in ZooKeeper 3.4.x compatibility mode
11:02:36.008 [worker-akka.actor.default-dispatcher-6] INFO  o.a.c.f.i.CuratorFrameworkImpl  - Starting
11:02:36.027 [worker-akka.actor.default-dispatcher-6] INFO  o.a.z.ZooKeeper  - Client environment:zookeeper.version=3.4.14-4c25d480e66aadd371de8bd2fd8da255ac140bcf, built on 03/06/2019 16:18 GMT
11:02:36.028 [worker-akka.actor.default-dispatcher-6] INFO  o.a.z.ZooKeeper  - Client environment:host.name=flamestream-benchmarks-worker-1
11:02:36.028 [worker-akka.actor.default-dispatcher-6] INFO  o.a.z.ZooKeeper  - Client environment:java.version=1.8.0_222
11:02:36.028 [worker-akka.actor.default-dispatcher-6] INFO  o.a.z.ZooKeeper  - Client environment:java.vendor=Private Build
11:02:36.030 [worker-akka.actor.default-dispatcher-6] INFO  o.a.z.ZooKeeper  - Client environment:java.home=/usr/lib/jvm/java-8-openjdk-amd64/jre
11:02:36.031 [worker-akka.actor.default-dispatcher-6] INFO  o.a.z.ZooKeeper  - Client environment:java.class.path=lib/curator-framework-4.0.1.jar:lib/commons-csv-1.4.jar:lib/aeron-client-1.21.2.jar:lib/scala-library-2.12.9.jar:lib/asm-5.0.4.jar:lib/agrona-1.0.1.jar:lib/curator-recipes-4.0.1.jar:lib/akka-testkit_2.12-2.6.0-M6.jar:lib/flamestream-runtime-1.0-SNAPSHOT.jar:lib/slf4j-simple-2.0.0-alpha1.jar:lib/jsr305-3.0.2.jar:lib/trove4j-3.0.3.jar:lib/flamestream-core-1.0-SNAPSHOT.jar:lib/commons-io-2.4.jar:lib/minlog-1.3.0.jar:lib/kryonet-2.21.jar:lib/commons-1.4.9.jar:lib/jline-0.9.94.jar:lib/akka-remote_2.12-2.6.0-M6.jar:lib/leveldbjni-all-1.8.jar:lib/lz4-1.3.0.jar:lib/slf4j-api-1.7.24.jar:lib/scala-parser-combinators_2.12-1.1.2.jar:lib/flamestream-core-1.0-SNAPSHOT-tests.jar:lib/logback-core-1.2.3.jar:lib/netty-3.10.6.Final.jar:lib/protobuf-java-3.9.0.jar:lib/minlog-1.2.jar:lib/leveldb-api-0.7.jar:lib/jool-0.9.12.jar:lib/commons-cli-1.4.jar:lib/jblas-1.2.4.jar:lib/reflectasm-1.11.3.jar:lib/reflectasm-1.07-shaded.jar:lib/audience-annotations-0.5.0.jar:lib/jackson-annotations-2.9.6.jar:lib/commons-lang-2.6.jar:lib/ssl-config-core_2.12-0.3.8.jar:lib/annotations-13.0.jar:lib/logback-classic-1.2.3.jar:lib/guava-21.0.jar:lib/reactive-streams-1.0.2.jar:lib/spotbugs-annotations-3.1.9.jar:lib/leveldb-0.7.jar:lib/commons-pool2-2.4.2.jar:lib/rocksdbjni-5.5.1.jar:lib/jackson-core-2.9.9.jar:lib/jackson-databind-2.9.9.2.jar:lib/akka-protobuf-v3_2.12-2.6.0-M6.jar:lib/jackson-annotations-2.9.0.jar:lib/flamestream-examples-1.0-SNAPSHOT.jar:lib/objenesis-2.1.jar:lib/akka-kryo-serialization_2.12-0.5.2.jar:lib/scala-java8-compat_2.12-0.8.0.jar:lib/zookeeper-3.4.14.jar:lib/akka-slf4j_2.12-2.6.0-M6.jar:lib/kryo-4.0.0.jar:lib/akka-stream_2.12-2.6.0-M6.jar:lib/aeron-driver-1.21.2.jar:lib/config-1.3.1.jar:lib/annotations-12.0.jar:lib/jedis-2.9.0.jar:lib/jcommander-1.48.jar:lib/testng-6.10.jar:lib/akka-actor_2.12-2.6.0-M6.jar:lib/curator-client-4.0.1.jar:flamestream-runtime-1.0-SNAPSHOT.jar
11:02:36.032 [worker-akka.actor.default-dispatcher-6] INFO  o.a.z.ZooKeeper  - Client environment:java.library.path=/usr/java/packages/lib/amd64:/usr/lib/x86_64-linux-gnu/jni:/lib/x86_64-linux-gnu:/usr/lib/x86_64-linux-gnu:/usr/lib/jni:/lib:/usr/lib
11:02:36.032 [worker-akka.actor.default-dispatcher-6] INFO  o.a.z.ZooKeeper  - Client environment:java.io.tmpdir=/tmp
11:02:36.032 [worker-akka.actor.default-dispatcher-6] INFO  o.a.z.ZooKeeper  - Client environment:java.compiler=<NA>
11:02:36.033 [worker-akka.actor.default-dispatcher-6] INFO  o.a.z.ZooKeeper  - Client environment:os.name=Linux
11:02:36.034 [worker-akka.actor.default-dispatcher-6] INFO  o.a.z.ZooKeeper  - Client environment:os.arch=amd64
11:02:36.035 [worker-akka.actor.default-dispatcher-6] INFO  o.a.z.ZooKeeper  - Client environment:os.version=4.15.0-1040-gcp
11:02:36.036 [worker-akka.actor.default-dispatcher-6] INFO  o.a.z.ZooKeeper  - Client environment:user.name=ubuntu
11:02:36.037 [worker-akka.actor.default-dispatcher-6] INFO  o.a.z.ZooKeeper  - Client environment:user.home=/home/ubuntu
11:02:36.038 [worker-akka.actor.default-dispatcher-6] INFO  o.a.z.ZooKeeper  - Client environment:user.dir=/home/ubuntu/flamestream
11:02:36.040 [worker-akka.actor.default-dispatcher-6] INFO  o.a.z.ZooKeeper  - Initiating client connection, connectString=flamestream-benchmarks-manager:12181 sessionTimeout=60000 watcher=org.apache.curator.ConnectionState@54a3cc76
11:02:36.082 [worker-akka.actor.default-dispatcher-6-SendThread(flamestream-benchmarks-manager:12181)] INFO  o.a.z.ClientCnxn  - Opening socket connection to server flamestream-benchmarks-manager/10.0.0.2:12181. Will not attempt to authenticate using SASL (unknown error)
11:02:36.083 [worker-akka.actor.default-dispatcher-6] INFO  o.a.c.f.i.CuratorFrameworkImpl  - Default schema
11:02:36.089 [worker-akka.actor.default-dispatcher-6-SendThread(flamestream-benchmarks-manager:12181)] INFO  o.a.z.ClientCnxn  - Socket connection established to flamestream-benchmarks-manager/10.0.0.2:12181, initiating session
11:02:36.120 [worker-akka.actor.default-dispatcher-6-SendThread(flamestream-benchmarks-manager:12181)] INFO  o.a.z.ClientCnxn  - Session establishment complete on server flamestream-benchmarks-manager/10.0.0.2:12181, sessionid = 0x1000032366f0000, negotiated timeout = 60000
11:02:36.127 [worker-akka.actor.default-dispatcher-6-EventThread] INFO  o.a.c.f.s.ConnectionStateManager  - State change: CONNECTED
11:02:36.130 [worker-akka.actor.default-dispatcher-9] INFO  a.a.RepointableActorRef akka://worker/user/watcher - Initializing rocksDB backend
11:02:36.575 [Curator-PathChildrenCache-0] WARN  o.a.c.u.ZKPaths  - The version of ZooKeeper being used doesn't support Container nodes. CreateMode.PERSISTENT will be used instead.
2019-10-05T11:02:36.696+0000: 3.685: [Full GC (Metadata GC Threshold) 2019-10-05T11:02:36.696+0000: 3.685: [Tenured: 13624K->25928K(1024000K), 0.0549304 secs] 161147K->25928K(1484800K), [Metaspace: 33698K->33698K(1079296K)], 0.0550105 secs] [Times: user=0.04 sys=0.01, real=0.05 secs] 
11:02:36.819 [worker-akka.actor.default-dispatcher-6] INFO  a.a.LocalActorRef akka://worker/user/watcher/processing-watcher - Starting...
11:02:36.842 [worker-akka.actor.default-dispatcher-9] INFO  a.a.LocalActorRef akka://worker/user/watcher/acker - Starting...
11:03:14.696 [worker-akka.actor.default-dispatcher-11] INFO  a.a.LocalActorRef akka://worker/user/watcher/processing-watcher/$a - Starting...
11:03:14.709 [worker-akka.actor.default-dispatcher-6] INFO  a.a.LocalActorRef akka://worker/user/watcher/processing-watcher/$a - Stopped
11:03:20.858 [worker-akka.actor.default-dispatcher-6] INFO  a.a.LocalActorRef akka://worker/user/watcher/processing-watcher/$d/$a - Starting...
11:03:20.864 [worker-akka.actor.default-dispatcher-11] INFO  a.a.LocalActorRef akka://worker/user/watcher/processing-watcher/$d - Starting...
11:03:25.785 [worker-akka.actor.default-dispatcher-12] INFO  a.a.LocalActorRef akka://worker/user/watcher/processing-watcher/graph/graph - Starting...
11:03:29.740 [worker-akka.actor.default-dispatcher-11] INFO  a.a.LocalActorRef akka://worker/user/watcher/processing-watcher/graph/graph - Finishing constructor
11:03:29.754 [worker-akka.actor.default-dispatcher-15] INFO  a.a.LocalActorRef akka://worker/user/watcher/processing-watcher/graph/edge - Starting...
11:03:29.758 [worker-akka.actor.default-dispatcher-15] INFO  a.a.LocalActorRef akka://worker/user/watcher/processing-watcher/graph - Starting FlameNode with config 'ClusterConfig{paths={flamestream-benchmarks-worker-85=akka://worker@flamestream-benchmarks-worker-85:5412/user/watcher/processing-watcher/graph, flamestream-benchmarks-worker-84=akka://worker@flamestream-benchmarks-worker-84:5412/user/watcher/processing-watcher/graph, flamestream-benchmarks-worker-83=akka://worker@flamestream-benchmarks-worker-83:5412/user/watcher/processing-watcher/graph, flamestream-benchmarks-worker-82=akka://worker@flamestream-benchmarks-worker-82:5412/user/watcher/processing-watcher/graph, flamestream-benchmarks-worker-81=akka://worker@flamestream-benchmarks-worker-81:5412/user/watcher/processing-watcher/graph, flamestream-benchmarks-worker-80=akka://worker@flamestream-benchmarks-worker-80:5412/user/watcher/processing-watcher/graph, flamestream-benchmarks-worker-1=akka://worker@flamestream-benchmarks-worker-1:5412/user/watcher/processing-watcher/graph, flamestream-benchmarks-worker-0=akka://worker@flamestream-benchmarks-worker-0:5412/user/watcher/processing-watcher/graph, flamestream-benchmarks-worker-89=akka://worker@flamestream-benchmarks-worker-89:5412/user/watcher/processing-watcher/graph, flamestream-benchmarks-worker-88=akka://worker@flamestream-benchmarks-worker-88:5412/user/watcher/processing-watcher/graph, flamestream-benchmarks-worker-87=akka://worker@flamestream-benchmarks-worker-87:5412/user/watcher/processing-watcher/graph, flamestream-benchmarks-worker-86=akka://worker@flamestream-benchmarks-worker-86:5412/user/watcher/processing-watcher/graph, flamestream-benchmarks-worker-96=akka://worker@flamestream-benchmarks-worker-96:5412/user/watcher/processing-watcher/graph, flamestream-benchmarks-worker-95=akka://worker@flamestream-benchmarks-worker-95:5412/user/watcher/processing-watcher/graph, flamestream-benchmarks-worker-94=akka://worker@flamestream-benchmarks-worker-94:5412/user/watcher/processing-watcher/graph, flamestream-benchmarks-worker-93=akka://worker@flamestream-benchmarks-worker-93:5412/user/watcher/processing-watcher/graph, flamestream-benchmarks-worker-92=akka://worker@flamestream-benchmarks-worker-92:5412/user/watcher/processing-watcher/graph, flamestream-benchmarks-worker-91=akka://worker@flamestream-benchmarks-worker-91:5412/user/watcher/processing-watcher/graph, flamestream-benchmarks-worker-90=akka://worker@flamestream-benchmarks-worker-90:5412/user/watcher/processing-watcher/graph, flamestream-benchmarks-worker-9=akka://worker@flamestream-benchmarks-worker-9:5412/user/watcher/processing-watcher/graph, flamestream-benchmarks-worker-8=akka://worker@flamestream-benchmarks-worker-8:5412/user/watcher/processing-watcher/graph, flamestream-benchmarks-worker-7=akka://worker@flamestream-benchmarks-worker-7:5412/user/watcher/processing-watcher/graph, flamestream-benchmarks-worker-6=akka://worker@flamestream-benchmarks-worker-6:5412/user/watcher/processing-watcher/graph, flamestream-benchmarks-worker-5=akka://worker@flamestream-benchmarks-worker-5:5412/user/watcher/processing-watcher/graph, flamestream-benchmarks-worker-19=akka://worker@flamestream-benchmarks-worker-19:5412/user/watcher/processing-watcher/graph, flamestream-benchmarks-worker-4=akka://worker@flamestream-benchmarks-worker-4:5412/user/watcher/processing-watcher/graph, flamestream-benchmarks-worker-18=akka://worker@flamestream-benchmarks-worker-18:5412/user/watcher/processing-watcher/graph, flamestream-benchmarks-worker-3=akka://worker@flamestream-benchmarks-worker-3:5412/user/watcher/processing-watcher/graph, flamestream-benchmarks-worker-17=akka://worker@flamestream-benchmarks-worker-17:5412/user/watcher/processing-watcher/graph, flamestream-benchmarks-worker-2=akka://worker@flamestream-benchmarks-worker-2:5412/user/watcher/processing-watcher/graph, flamestream-benchmarks-worker-16=akka://worker@flamestream-benchmarks-worker-16:5412/user/watcher/processing-watcher/graph, flamestream-benchmarks-worker-15=akka://worker@flamestream-benchmarks-worker-15:5412/user/watcher/processing-watcher/graph, flamestream-benchmarks-worker-14=akka://worker@flamestream-benchmarks-worker-14:5412/user/watcher/processing-watcher/graph, flamestream-benchmarks-worker-13=akka://worker@flamestream-benchmarks-worker-13:5412/user/watcher/processing-watcher/graph, flamestream-benchmarks-worker-12=akka://worker@flamestream-benchmarks-worker-12:5412/user/watcher/processing-watcher/graph, flamestream-benchmarks-worker-99=akka://worker@flamestream-benchmarks-worker-99:5412/user/watcher/processing-watcher/graph, flamestream-benchmarks-worker-11=akka://worker@flamestream-benchmarks-worker-11:5412/user/watcher/processing-watcher/graph, flamestream-benchmarks-worker-98=akka://worker@flamestream-benchmarks-worker-98:5412/user/watcher/processing-watcher/graph, flamestream-benchmarks-worker-10=akka://worker@flamestream-benchmarks-worker-10:5412/user/watcher/processing-watcher/graph, flamestream-benchmarks-worker-97=akka://worker@flamestream-benchmarks-worker-97:5412/user/watcher/processing-watcher/graph, flamestream-benchmarks-worker-63=akka://worker@flamestream-benchmarks-worker-63:5412/user/watcher/processing-watcher/graph, flamestream-benchmarks-worker-62=akka://worker@flamestream-benchmarks-worker-62:5412/user/watcher/processing-watcher/graph, flamestream-benchmarks-worker-61=akka://worker@flamestream-benchmarks-worker-61:5412/user/watcher/processing-watcher/graph, flamestream-benchmarks-worker-60=akka://worker@flamestream-benchmarks-worker-60:5412/user/watcher/processing-watcher/graph, flamestream-benchmarks-worker-69=akka://worker@flamestream-benchmarks-worker-69:5412/user/watcher/processing-watcher/graph, flamestream-benchmarks-worker-68=akka://worker@flamestream-benchmarks-worker-68:5412/user/watcher/processing-watcher/graph, flamestream-benchmarks-worker-67=akka://worker@flamestream-benchmarks-worker-67:5412/user/watcher/processing-watcher/graph, flamestream-benchmarks-worker-66=akka://worker@flamestream-benchmarks-worker-66:5412/user/watcher/processing-watcher/graph, flamestream-benchmarks-worker-65=akka://worker@flamestream-benchmarks-worker-65:5412/user/watcher/processing-watcher/graph, flamestream-benchmarks-worker-64=akka://worker@flamestream-benchmarks-worker-64:5412/user/watcher/processing-watcher/graph, flamestream-benchmarks-worker-74=akka://worker@flamestream-benchmarks-worker-74:5412/user/watcher/processing-watcher/graph, flamestream-benchmarks-worker-73=akka://worker@flamestream-benchmarks-worker-73:5412/user/watcher/processing-watcher/graph, flamestream-benchmarks-worker-72=akka://worker@flamestream-benchmarks-worker-72:5412/user/watcher/processing-watcher/graph, flamestream-benchmarks-worker-71=akka://worker@flamestream-benchmarks-worker-71:5412/user/watcher/processing-watcher/graph, flamestream-benchmarks-worker-70=akka://worker@flamestream-benchmarks-worker-70:5412/user/watcher/processing-watcher/graph, flamestream-benchmarks-worker-79=akka://worker@flamestream-benchmarks-worker-79:5412/user/watcher/processing-watcher/graph, flamestream-benchmarks-worker-78=akka://worker@flamestream-benchmarks-worker-78:5412/user/watcher/processing-watcher/graph, flamestream-benchmarks-worker-77=akka://worker@flamestream-benchmarks-worker-77:5412/user/watcher/processing-watcher/graph, flamestream-benchmarks-worker-76=akka://worker@flamestream-benchmarks-worker-76:5412/user/watcher/processing-watcher/graph, flamestream-benchmarks-worker-75=akka://worker@flamestream-benchmarks-worker-75:5412/user/watcher/processing-watcher/graph, flamestream-benchmarks-worker-41=akka://worker@flamestream-benchmarks-worker-41:5412/user/watcher/processing-watcher/graph, flamestream-benchmarks-worker-40=akka://worker@flamestream-benchmarks-worker-40:5412/user/watcher/processing-watcher/graph, flamestream-benchmarks-worker-49=akka://worker@flamestream-benchmarks-worker-49:5412/user/watcher/processing-watcher/graph, flamestream-benchmarks-worker-48=akka://worker@flamestream-benchmarks-worker-48:5412/user/watcher/processing-watcher/graph, flamestream-benchmarks-worker-47=akka://worker@flamestream-benchmarks-worker-47:5412/user/watcher/processing-watcher/graph, flamestream-benchmarks-worker-46=akka://worker@flamestream-benchmarks-worker-46:5412/user/watcher/processing-watcher/graph, flamestream-benchmarks-worker-45=akka://worker@flamestream-benchmarks-worker-45:5412/user/watcher/processing-watcher/graph, flamestream-benchmarks-worker-44=akka://worker@flamestream-benchmarks-worker-44:5412/user/watcher/processing-watcher/graph, flamestream-benchmarks-worker-43=akka://worker@flamestream-benchmarks-worker-43:5412/user/watcher/processing-watcher/graph, flamestream-benchmarks-worker-42=akka://worker@flamestream-benchmarks-worker-42:5412/user/watcher/processing-watcher/graph, flamestream-benchmarks-worker-52=akka://worker@flamestream-benchmarks-worker-52:5412/user/watcher/processing-watcher/graph, flamestream-benchmarks-worker-51=akka://worker@flamestream-benchmarks-worker-51:5412/user/watcher/processing-watcher/graph, flamestream-benchmarks-worker-50=akka://worker@flamestream-benchmarks-worker-50:5412/user/watcher/processing-watcher/graph, flamestream-benchmarks-worker-59=akka://worker@flamestream-benchmarks-worker-59:5412/user/watcher/processing-watcher/graph, flamestream-benchmarks-worker-58=akka://worker@flamestream-benchmarks-worker-58:5412/user/watcher/processing-watcher/graph, flamestream-benchmarks-worker-57=akka://worker@flamestream-benchmarks-worker-57:5412/user/watcher/processing-watcher/graph, flamestream-benchmarks-worker-56=akka://worker@flamestream-benchmarks-worker-56:5412/user/watcher/processing-watcher/graph, flamestream-benchmarks-worker-55=akka://worker@flamestream-benchmarks-worker-55:5412/user/watcher/processing-watcher/graph, flamestream-benchmarks-worker-54=akka://worker@flamestream-benchmarks-worker-54:5412/user/watcher/processing-watcher/graph, flamestream-benchmarks-worker-53=akka://worker@flamestream-benchmarks-worker-53:5412/user/watcher/processing-watcher/graph, flamestream-benchmarks-worker-29=akka://worker@flamestream-benchmarks-worker-29:5412/user/watcher/processing-watcher/graph, flamestream-benchmarks-worker-28=akka://worker@flamestream-benchmarks-worker-28:5412/user/watcher/processing-watcher/graph, flamestream-benchmarks-worker-27=akka://worker@flamestream-benchmarks-worker-27:5412/user/watcher/processing-watcher/graph, flamestream-benchmarks-worker-26=akka://worker@flamestream-benchmarks-worker-26:5412/user/watcher/processing-watcher/graph, flamestream-benchmarks-worker-25=akka://worker@flamestream-benchmarks-worker-25:5412/user/watcher/processing-watcher/graph, flamestream-benchmarks-worker-24=akka://worker@flamestream-benchmarks-worker-24:5412/user/watcher/processing-watcher/graph, flamestream-benchmarks-worker-23=akka://worker@flamestream-benchmarks-worker-23:5412/user/watcher/processing-watcher/graph, flamestream-benchmarks-worker-22=akka://worker@flamestream-benchmarks-worker-22:5412/user/watcher/processing-watcher/graph, flamestream-benchmarks-worker-21=akka://worker@flamestream-benchmarks-worker-21:5412/user/watcher/processing-watcher/graph, flamestream-benchmarks-worker-20=akka://worker@flamestream-benchmarks-worker-20:5412/user/watcher/processing-watcher/graph, flamestream-benchmarks-worker-30=akka://worker@flamestream-benchmarks-worker-30:5412/user/watcher/processing-watcher/graph, flamestream-benchmarks-worker-39=akka://worker@flamestream-benchmarks-worker-39:5412/user/watcher/processing-watcher/graph, flamestream-benchmarks-worker-38=akka://worker@flamestream-benchmarks-worker-38:5412/user/watcher/processing-watcher/graph, flamestream-benchmarks-worker-37=akka://worker@flamestream-benchmarks-worker-37:5412/user/watcher/processing-watcher/graph, flamestream-benchmarks-worker-36=akka://worker@flamestream-benchmarks-worker-36:5412/user/watcher/processing-watcher/graph, flamestream-benchmarks-worker-35=akka://worker@flamestream-benchmarks-worker-35:5412/user/watcher/processing-watcher/graph, flamestream-benchmarks-worker-34=akka://worker@flamestream-benchmarks-worker-34:5412/user/watcher/processing-watcher/graph, flamestream-benchmarks-worker-33=akka://worker@flamestream-benchmarks-worker-33:5412/user/watcher/processing-watcher/graph, flamestream-benchmarks-worker-32=akka://worker@flamestream-benchmarks-worker-32:5412/user/watcher/processing-watcher/graph, flamestream-benchmarks-worker-31=akka://worker@flamestream-benchmarks-worker-31:5412/user/watcher/processing-watcher/graph}}'
11:03:29.768 [worker-akka.actor.default-dispatcher-12] INFO  a.a.LocalActorRef akka://worker/user/watcher/processing-watcher/graph/negotiator - Starting...
11:03:29.776 [worker-akka.actor.default-dispatcher-11] INFO  a.a.LocalActorRef akka://worker/user/watcher/processing-watcher/graph/negotiator - Requesting ticket for the frontClass FlameSocketGraphDeployerFront@flamestream-benchmarks-worker-1
11:03:29.849 [worker-akka.actor.default-dispatcher-12] INFO  c.s.f.r.e.s.SocketRear  - FlameSocketGraphDeployerRear@flamestream-benchmarks-worker-1: connecting to flamestream-benchmarks-manager:5678
11:03:29.866 [worker-akka.actor.default-dispatcher-17] INFO  a.a.LocalActorRef akka://worker/user/watcher/processing-watcher/graph/edge/FlameSocketGraphDeployerFront - Starting...
11:03:29.872 [worker-akka.actor.default-dispatcher-12] INFO  c.s.f.r.e.s.SocketRear  - FlameSocketGraphDeployerRear@flamestream-benchmarks-worker-1: connected to flamestream-benchmarks-manager:5678
11:03:29.873 [worker-akka.actor.default-dispatcher-12] INFO  a.a.LocalActorRef akka://worker/user/watcher/processing-watcher/graph/edge/FlameSocketGraphDeployerRear - Starting...
11:03:30.080 [worker-akka.actor.default-dispatcher-18] INFO  a.a.LocalActorRef akka://worker/user/watcher/processing-watcher/graph/graph - Received last commit 'LastCommit{globalTime=(0000000, min@min)}'
11:03:30.250 [worker-akka.actor.default-dispatcher-18] INFO  a.a.LocalActorRef akka://worker/user/watcher/processing-watcher/graph/graph/$a - Starting...
11:03:30.252 [worker-akka.actor.default-dispatcher-18] INFO  a.a.LocalActorRef akka://worker/user/watcher/processing-watcher/graph/graph/$b - Starting...
11:03:30.253 [worker-akka.actor.default-dispatcher-18] INFO  a.a.LocalActorRef akka://worker/user/watcher/processing-watcher/graph/graph/$c - Starting...
11:03:30.256 [worker-akka.actor.default-dispatcher-18] INFO  a.a.LocalActorRef akka://worker/user/watcher/processing-watcher/graph/graph/$d - Starting...
11:03:30.264 [worker-akka.actor.default-dispatcher-18] INFO  a.a.LocalActorRef akka://worker/user/watcher/processing-watcher/graph/graph/$e - Starting...
11:03:30.265 [worker-akka.actor.default-dispatcher-18] INFO  a.a.LocalActorRef akka://worker/user/watcher/processing-watcher/graph/graph/$f - Starting...
11:03:30.266 [worker-akka.actor.default-dispatcher-18] INFO  a.a.LocalActorRef akka://worker/user/watcher/processing-watcher/graph/graph/$g - Starting...
11:03:30.267 [worker-akka.actor.default-dispatcher-18] INFO  a.a.LocalActorRef akka://worker/user/watcher/processing-watcher/graph/graph/$h - Starting...
11:03:30.269 [worker-akka.actor.default-dispatcher-18] INFO  a.a.LocalActorRef akka://worker/user/watcher/processing-watcher/graph/graph/$i - Starting...
11:03:30.275 [worker-akka.actor.default-dispatcher-18] INFO  a.a.LocalActorRef akka://worker/user/watcher/processing-watcher/graph/graph/$j - Starting...
11:03:30.277 [worker-akka.actor.default-dispatcher-18] INFO  a.a.LocalActorRef akka://worker/user/watcher/processing-watcher/graph/graph/$k - Starting...
11:03:30.279 [worker-akka.actor.default-dispatcher-18] INFO  a.a.LocalActorRef akka://worker/user/watcher/processing-watcher/graph/graph/$l - Starting...
11:03:30.281 [worker-akka.actor.default-dispatcher-18] INFO  a.a.LocalActorRef akka://worker/user/watcher/processing-watcher/graph/graph/$m - Starting...
11:03:30.283 [worker-akka.actor.default-dispatcher-18] INFO  a.a.LocalActorRef akka://worker/user/watcher/processing-watcher/graph/graph/$n - Starting...
11:03:30.283 [worker-akka.actor.default-dispatcher-18] INFO  a.a.LocalActorRef akka://worker/user/watcher/processing-watcher/graph/graph/$o - Starting...
11:03:30.288 [worker-akka.actor.default-dispatcher-18] INFO  a.a.LocalActorRef akka://worker/user/watcher/processing-watcher/graph/graph/$p - Starting...
11:03:30.290 [worker-akka.actor.default-dispatcher-18] INFO  a.a.LocalActorRef akka://worker/user/watcher/processing-watcher/graph/graph/$q - Starting...
11:03:30.290 [worker-akka.actor.default-dispatcher-18] INFO  a.a.LocalActorRef akka://worker/user/watcher/processing-watcher/graph/graph/$r - Starting...
11:03:30.291 [worker-akka.actor.default-dispatcher-18] INFO  a.a.LocalActorRef akka://worker/user/watcher/processing-watcher/graph/graph/$s - Starting...
11:03:30.291 [worker-akka.actor.default-dispatcher-18] INFO  a.a.LocalActorRef akka://worker/user/watcher/processing-watcher/graph/graph/$t - Starting...
11:03:30.294 [worker-akka.actor.default-dispatcher-18] INFO  a.a.LocalActorRef akka://worker/user/watcher/processing-watcher/graph/graph/$u - Starting...
11:03:30.295 [worker-akka.actor.default-dispatcher-18] INFO  a.a.LocalActorRef akka://worker/user/watcher/processing-watcher/graph/graph/$v - Starting...
11:03:30.296 [worker-akka.actor.default-dispatcher-18] INFO  a.a.LocalActorRef akka://worker/user/watcher/processing-watcher/graph/graph/$w - Starting...
11:03:30.297 [worker-akka.actor.default-dispatcher-18] INFO  a.a.LocalActorRef akka://worker/user/watcher/processing-watcher/graph/graph/$x - Starting...
11:03:30.298 [worker-akka.actor.default-dispatcher-12] INFO  a.a.LocalActorRef akka://worker/user/watcher/processing-watcher/graph/graph/$y - Starting...
11:03:30.302 [worker-akka.actor.default-dispatcher-18] INFO  a.a.LocalActorRef akka://worker/user/watcher/processing-watcher/graph/graph/$z - Starting...
11:03:30.302 [worker-akka.actor.default-dispatcher-18] INFO  a.a.LocalActorRef akka://worker/user/watcher/processing-watcher/graph/graph/$A - Starting...
11:03:30.303 [worker-akka.actor.default-dispatcher-18] INFO  a.a.LocalActorRef akka://worker/user/watcher/processing-watcher/graph/graph/$B - Starting...
11:03:30.303 [worker-akka.actor.default-dispatcher-18] INFO  a.a.LocalActorRef akka://worker/user/watcher/processing-watcher/graph/graph/$C - Starting...
11:03:30.304 [worker-akka.actor.default-dispatcher-18] INFO  a.a.LocalActorRef akka://worker/user/watcher/processing-watcher/graph/graph/$D - Starting...
11:03:30.312 [worker-akka.actor.default-dispatcher-18] INFO  a.a.LocalActorRef akka://worker/user/watcher/processing-watcher/graph/graph/$E - Starting...
11:03:30.313 [worker-akka.actor.default-dispatcher-18] INFO  a.a.LocalActorRef akka://worker/user/watcher/processing-watcher/graph/graph/$F - Starting...
11:03:30.318 [worker-akka.actor.default-dispatcher-18] INFO  a.a.LocalActorRef akka://worker/user/watcher/processing-watcher/graph/negotiator - Ticket for the frontClass received: FrontTicket{allowedTimestamp=(0000000, FlameSocketGraphDeployerFront@flamestream-benchmarks-worker-1)}
11:03:30.318 [worker-akka.actor.default-dispatcher-18] INFO  a.a.LocalActorRef akka://worker/user/watcher/processing-watcher/graph/graph/$G - Starting...
11:03:30.318 [worker-akka.actor.default-dispatcher-18] INFO  a.a.LocalActorRef akka://worker/user/watcher/processing-watcher/graph/graph/$H - Starting...
11:03:30.318 [worker-akka.actor.default-dispatcher-18] INFO  a.a.LocalActorRef akka://worker/user/watcher/processing-watcher/graph/graph/$I - Starting...
11:03:30.318 [worker-akka.actor.default-dispatcher-18] INFO  a.a.LocalActorRef akka://worker/user/watcher/processing-watcher/graph/graph/$J - Starting...
11:03:30.318 [worker-akka.actor.default-dispatcher-18] INFO  a.a.LocalActorRef akka://worker/user/watcher/processing-watcher/graph/graph/$K - Starting...
11:03:30.320 [worker-akka.actor.default-dispatcher-12] INFO  c.s.f.r.e.s.SocketFront  - FlameSocketGraphDeployerFront@flamestream-benchmarks-worker-1: connecting to flamestream-benchmarks-manager:4567
11:03:30.321 [worker-akka.actor.default-dispatcher-18] INFO  a.a.LocalActorRef akka://worker/user/watcher/processing-watcher/graph/graph/$L - Starting...
11:03:30.323 [worker-akka.actor.default-dispatcher-18] INFO  a.a.LocalActorRef akka://worker/user/watcher/processing-watcher/graph/graph/$M - Starting...
11:03:30.323 [worker-akka.actor.default-dispatcher-9] INFO  a.a.LocalActorRef akka://worker/user/watcher/processing-watcher/graph/graph/$N - Starting...
11:03:30.326 [worker-akka.actor.default-dispatcher-18] INFO  a.a.LocalActorRef akka://worker/user/watcher/processing-watcher/graph/graph/$O - Starting...
11:03:30.327 [worker-akka.actor.default-dispatcher-18] INFO  a.a.LocalActorRef akka://worker/user/watcher/processing-watcher/graph/graph/$P - Starting...
11:03:30.328 [worker-akka.actor.default-dispatcher-18] INFO  a.a.LocalActorRef akka://worker/user/watcher/processing-watcher/graph/graph/$Q - Starting...
11:03:30.340 [worker-akka.actor.default-dispatcher-18] INFO  a.a.LocalActorRef akka://worker/user/watcher/processing-watcher/graph/graph/$R - Starting...
11:03:30.340 [worker-akka.actor.default-dispatcher-18] INFO  a.a.LocalActorRef akka://worker/user/watcher/processing-watcher/graph/graph/$S - Starting...
11:03:30.340 [worker-akka.actor.default-dispatcher-18] INFO  a.a.LocalActorRef akka://worker/user/watcher/processing-watcher/graph/graph/$T - Starting...
11:03:30.340 [worker-akka.actor.default-dispatcher-18] INFO  a.a.LocalActorRef akka://worker/user/watcher/processing-watcher/graph/graph/$U - Starting...
11:03:30.340 [worker-akka.actor.default-dispatcher-18] INFO  a.a.LocalActorRef akka://worker/user/watcher/processing-watcher/graph/graph/$V - Starting...
11:03:30.340 [worker-akka.actor.default-dispatcher-18] INFO  a.a.LocalActorRef akka://worker/user/watcher/processing-watcher/graph/graph/$W - Starting...
11:03:30.340 [worker-akka.actor.default-dispatcher-18] INFO  a.a.LocalActorRef akka://worker/user/watcher/processing-watcher/graph/graph/$X - Starting...
11:03:30.340 [worker-akka.actor.default-dispatcher-18] INFO  a.a.LocalActorRef akka://worker/user/watcher/processing-watcher/graph/graph/$Y - Starting...
11:03:30.344 [worker-akka.actor.default-dispatcher-17] INFO  a.a.LocalActorRef akka://worker/user/watcher/processing-watcher/graph/graph/$Z - Starting...
11:03:30.345 [worker-akka.actor.default-dispatcher-17] INFO  a.a.LocalActorRef akka://worker/user/watcher/processing-watcher/graph/graph/$0 - Starting...
11:03:30.346 [worker-akka.actor.default-dispatcher-17] INFO  a.a.LocalActorRef akka://worker/user/watcher/processing-watcher/graph/graph/$1 - Starting...
11:03:30.348 [worker-akka.actor.default-dispatcher-17] INFO  a.a.LocalActorRef akka://worker/user/watcher/processing-watcher/graph/graph/$2 - Starting...
11:03:30.348 [worker-akka.actor.default-dispatcher-17] INFO  a.a.LocalActorRef akka://worker/user/watcher/processing-watcher/graph/graph/$3 - Starting...
11:03:30.349 [worker-akka.actor.default-dispatcher-17] INFO  a.a.LocalActorRef akka://worker/user/watcher/processing-watcher/graph/graph/$4 - Starting...
11:03:30.349 [worker-akka.actor.default-dispatcher-17] INFO  a.a.LocalActorRef akka://worker/user/watcher/processing-watcher/graph/graph/$5 - Starting...
11:03:30.350 [worker-akka.actor.default-dispatcher-17] INFO  a.a.LocalActorRef akka://worker/user/watcher/processing-watcher/graph/graph/$6 - Starting...
11:03:30.351 [worker-akka.actor.default-dispatcher-17] INFO  a.a.LocalActorRef akka://worker/user/watcher/processing-watcher/graph/graph/$7 - Starting...
11:03:30.353 [worker-akka.actor.default-dispatcher-17] INFO  a.a.LocalActorRef akka://worker/user/watcher/processing-watcher/graph/graph/$8 - Starting...
11:03:30.354 [worker-akka.actor.default-dispatcher-17] INFO  a.a.LocalActorRef akka://worker/user/watcher/processing-watcher/graph/graph/$9 - Starting...
11:03:30.355 [worker-akka.actor.default-dispatcher-17] INFO  a.a.LocalActorRef akka://worker/user/watcher/processing-watcher/graph/graph/$+ - Starting...
11:03:30.356 [worker-akka.actor.default-dispatcher-17] INFO  a.a.LocalActorRef akka://worker/user/watcher/processing-watcher/graph/graph/$~ - Starting...
11:03:30.358 [worker-akka.actor.default-dispatcher-17] INFO  a.a.LocalActorRef akka://worker/user/watcher/processing-watcher/graph/graph/$ab - Starting...
11:03:30.359 [worker-akka.actor.default-dispatcher-17] INFO  a.a.LocalActorRef akka://worker/user/watcher/processing-watcher/graph/graph/$bb - Starting...
11:03:30.360 [worker-akka.actor.default-dispatcher-17] INFO  a.a.LocalActorRef akka://worker/user/watcher/processing-watcher/graph/graph/$cb - Starting...
11:03:30.360 [worker-akka.actor.default-dispatcher-18] INFO  a.a.LocalActorRef akka://worker/user/watcher/processing-watcher/graph/graph/$db - Starting...
11:03:30.362 [worker-akka.actor.default-dispatcher-17] INFO  a.a.LocalActorRef akka://worker/user/watcher/processing-watcher/graph/graph/$eb - Starting...
11:03:30.364 [worker-akka.actor.default-dispatcher-17] INFO  a.a.LocalActorRef akka://worker/user/watcher/processing-watcher/graph/graph/$fb - Starting...
11:03:30.365 [worker-akka.actor.default-dispatcher-17] INFO  a.a.LocalActorRef akka://worker/user/watcher/processing-watcher/graph/graph/$gb - Starting...
11:03:30.366 [worker-akka.actor.default-dispatcher-17] INFO  a.a.LocalActorRef akka://worker/user/watcher/processing-watcher/graph/graph/$hb - Starting...
11:03:30.367 [worker-akka.actor.default-dispatcher-17] INFO  a.a.LocalActorRef akka://worker/user/watcher/processing-watcher/graph/graph/$ib - Starting...
11:03:30.371 [worker-akka.actor.default-dispatcher-17] INFO  a.a.LocalActorRef akka://worker/user/watcher/processing-watcher/graph/graph/$jb - Starting...
11:03:30.371 [worker-akka.actor.default-dispatcher-17] INFO  a.a.LocalActorRef akka://worker/user/watcher/processing-watcher/graph/graph/$kb - Starting...
11:03:30.373 [worker-akka.actor.default-dispatcher-17] INFO  a.a.LocalActorRef akka://worker/user/watcher/processing-watcher/graph/graph/$lb - Starting...
11:03:30.383 [worker-akka.actor.default-dispatcher-17] INFO  a.a.LocalActorRef akka://worker/user/watcher/processing-watcher/graph/graph/$mb - Starting...
11:03:30.396 [worker-akka.actor.default-dispatcher-17] INFO  a.a.LocalActorRef akka://worker/user/watcher/processing-watcher/graph/graph/$nb - Starting...
11:03:30.397 [worker-akka.actor.default-dispatcher-17] INFO  a.a.LocalActorRef akka://worker/user/watcher/processing-watcher/graph/graph/$ob - Starting...
11:03:30.397 [worker-akka.actor.default-dispatcher-17] INFO  a.a.LocalActorRef akka://worker/user/watcher/processing-watcher/graph/graph/$pb - Starting...
11:03:30.397 [worker-akka.actor.default-dispatcher-17] INFO  a.a.LocalActorRef akka://worker/user/watcher/processing-watcher/graph/graph/$qb - Starting...
11:03:30.398 [worker-akka.actor.default-dispatcher-17] INFO  a.a.LocalActorRef akka://worker/user/watcher/processing-watcher/graph/graph/$rb - Starting...
11:03:30.424 [worker-akka.actor.default-dispatcher-17] INFO  a.a.LocalActorRef akka://worker/user/watcher/processing-watcher/graph/graph/$sb - Starting...
11:03:30.424 [worker-akka.actor.default-dispatcher-17] INFO  a.a.LocalActorRef akka://worker/user/watcher/processing-watcher/graph/graph/$tb - Starting...
11:03:30.424 [worker-akka.actor.default-dispatcher-17] INFO  a.a.LocalActorRef akka://worker/user/watcher/processing-watcher/graph/graph/$ub - Starting...
11:03:30.424 [worker-akka.actor.default-dispatcher-17] INFO  a.a.LocalActorRef akka://worker/user/watcher/processing-watcher/graph/graph/$vb - Starting...
11:03:30.425 [worker-akka.actor.default-dispatcher-17] INFO  a.a.LocalActorRef akka://worker/user/watcher/processing-watcher/graph/graph/$wb - Starting...
11:03:30.425 [worker-akka.actor.default-dispatcher-17] INFO  a.a.LocalActorRef akka://worker/user/watcher/processing-watcher/graph/graph/$xb - Starting...
11:03:30.425 [worker-akka.actor.default-dispatcher-17] INFO  a.a.LocalActorRef akka://worker/user/watcher/processing-watcher/graph/graph/$yb - Starting...
11:03:30.425 [worker-akka.actor.default-dispatcher-17] INFO  a.a.LocalActorRef akka://worker/user/watcher/processing-watcher/graph/graph/$zb - Starting...
11:03:30.425 [worker-akka.actor.default-dispatcher-17] INFO  a.a.LocalActorRef akka://worker/user/watcher/processing-watcher/graph/graph/$Ab - Starting...
11:03:30.425 [worker-akka.actor.default-dispatcher-17] INFO  a.a.LocalActorRef akka://worker/user/watcher/processing-watcher/graph/graph/$Bb - Starting...
11:03:30.425 [worker-akka.actor.default-dispatcher-17] INFO  a.a.LocalActorRef akka://worker/user/watcher/processing-watcher/graph/graph/$Cb - Starting...
11:03:30.425 [worker-akka.actor.default-dispatcher-17] INFO  a.a.LocalActorRef akka://worker/user/watcher/processing-watcher/graph/graph/$Db - Starting...
11:03:30.425 [worker-akka.actor.default-dispatcher-17] INFO  a.a.LocalActorRef akka://worker/user/watcher/processing-watcher/graph/graph/$Eb - Starting...
11:03:30.425 [worker-akka.actor.default-dispatcher-17] INFO  a.a.LocalActorRef akka://worker/user/watcher/processing-watcher/graph/graph/$Fb - Starting...
11:03:30.425 [worker-akka.actor.default-dispatcher-17] INFO  a.a.LocalActorRef akka://worker/user/watcher/processing-watcher/graph/graph/$Gb - Starting...
11:03:30.425 [worker-akka.actor.default-dispatcher-6] INFO  a.a.LocalActorRef akka://worker/user/watcher/processing-watcher/graph/graph/$Hb - Starting...
11:03:30.425 [worker-akka.actor.default-dispatcher-6] INFO  a.a.LocalActorRef akka://worker/user/watcher/processing-watcher/graph/graph/$Ib - Starting...
11:03:30.425 [worker-akka.actor.default-dispatcher-6] INFO  a.a.LocalActorRef akka://worker/user/watcher/processing-watcher/graph/graph/$Jb - Starting...
11:03:30.425 [worker-akka.actor.default-dispatcher-6] INFO  a.a.LocalActorRef akka://worker/user/watcher/processing-watcher/graph/graph/$Kb - Starting...
11:03:30.428 [worker-akka.actor.default-dispatcher-18] INFO  a.a.LocalActorRef akka://worker/user/watcher/processing-watcher/graph/graph/$mb - Attached rear to graph (-9223372036854775808, min@min)
11:03:30.429 [worker-akka.actor.default-dispatcher-17] INFO  a.a.LocalActorRef akka://worker/user/watcher/processing-watcher/graph/graph/$Mb - Starting...
11:03:30.429 [worker-akka.actor.default-dispatcher-17] INFO  a.a.LocalActorRef akka://worker/user/watcher/processing-watcher/graph/graph/$Nb - Starting...
11:03:30.437 [worker-akka.actor.default-dispatcher-12] INFO  a.a.LocalActorRef akka://worker/user/watcher/processing-watcher/graph/graph/$Lb - Starting...
11:03:30.441 [worker-akka.actor.default-dispatcher-12] INFO  a.a.LocalActorRef akka://worker/user/watcher/acker - Unregistering front FlameSocketGraphDeployerFront@flamestream-benchmarks-worker-0
11:03:30.442 [Client] INFO  c.s.f.r.e.s.SocketFront  - FlameSocketGraphDeployerFront@flamestream-benchmarks-worker-1 has been disconnected from Connection 1
11:03:30.489 [worker-akka.actor.default-dispatcher-17] INFO  a.a.LocalActorRef akka://worker/user/watcher/acker - Unregistering front FlameSocketGraphDeployerFront@flamestream-benchmarks-worker-1
11:03:30.608 [worker-akka.actor.default-dispatcher-12] INFO  a.a.LocalActorRef akka://worker/user/watcher/acker - Unregistering front FlameSocketGraphDeployerFront@flamestream-benchmarks-worker-2
2019-10-05T11:04:16.761+0000: 103.751: [GC (Allocation Failure) 2019-10-05T11:04:16.761+0000: 103.751: [DefNew: 409600K->44945K(460800K), 0.0824313 secs] 435528K->90404K(1484800K), 0.0825360 secs] [Times: user=0.05 sys=0.03, real=0.08 secs] 
2019-10-05T11:04:19.493+0000: 106.482: [GC (Allocation Failure) 2019-10-05T11:04:19.493+0000: 106.482: [DefNew: 454545K->93K(460800K), 0.0516130 secs] 500004K->87655K(1484800K), 0.0516979 secs] [Times: user=0.01 sys=0.03, real=0.05 secs] 
2019-10-05T11:04:22.097+0000: 109.086: [GC (Allocation Failure) 2019-10-05T11:04:22.097+0000: 109.087: [DefNew: 409693K->116K(460800K), 0.0035021 secs] 497255K->87679K(1484800K), 0.0035931 secs] [Times: user=0.00 sys=0.00, real=0.01 secs] 
2019-10-05T11:04:24.833+0000: 111.823: [GC (Allocation Failure) 2019-10-05T11:04:24.833+0000: 111.823: [DefNew: 409716K->121K(460800K), 0.0035222 secs] 497279K->87683K(1484800K), 0.0036045 secs] [Times: user=0.00 sys=0.00, real=0.00 secs] 
2019-10-05T11:04:28.063+0000: 115.054: [GC (Allocation Failure) 2019-10-05T11:04:28.064+0000: 115.054: [DefNew: 409721K->142K(460800K), 0.0037768 secs] 497283K->87705K(1484800K), 0.0048460 secs] [Times: user=0.00 sys=0.00, real=0.00 secs] 
2019-10-05T11:04:31.163+0000: 118.153: [GC (Allocation Failure) 2019-10-05T11:04:31.164+0000: 118.153: [DefNew: 409742K->126K(460800K), 0.0035686 secs] 497305K->87689K(1484800K), 0.0036495 secs] [Times: user=0.00 sys=0.00, real=0.00 secs] 
2019-10-05T11:04:34.225+0000: 121.215: [GC (Allocation Failure) 2019-10-05T11:04:34.225+0000: 121.215: [DefNew: 409726K->124K(460800K), 0.0033462 secs] 497289K->87687K(1484800K), 0.0034294 secs] [Times: user=0.00 sys=0.00, real=0.00 secs] 
2019-10-05T11:04:37.328+0000: 124.318: [GC (Allocation Failure) 2019-10-05T11:04:37.328+0000: 124.318: [DefNew: 409724K->387K(460800K), 0.0043573 secs] 497287K->87950K(1484800K), 0.0044305 secs] [Times: user=0.00 sys=0.00, real=0.01 secs] 
2019-10-05T11:04:40.541+0000: 127.531: [GC (Allocation Failure) 2019-10-05T11:04:40.542+0000: 127.531: [DefNew: 409987K->421K(460800K), 0.0039885 secs] 497550K->87983K(1484800K), 0.0041107 secs] [Times: user=0.00 sys=0.00, real=0.00 secs] 
2019-10-05T11:04:43.725+0000: 130.714: [GC (Allocation Failure) 2019-10-05T11:04:43.725+0000: 130.714: [DefNew: 410021K->491K(460800K), 0.0042026 secs] 497583K->88053K(1484800K), 0.0042804 secs] [Times: user=0.01 sys=0.00, real=0.00 secs] 
2019-10-05T11:04:47.087+0000: 134.077: [GC (Allocation Failure) 2019-10-05T11:04:47.087+0000: 134.077: [DefNew: 410091K->546K(460800K), 0.0039873 secs] 497653K->88109K(1484800K), 0.0040710 secs] [Times: user=0.01 sys=0.00, real=0.00 secs] 
2019-10-05T11:04:50.577+0000: 137.567: [GC (Allocation Failure) 2019-10-05T11:04:50.577+0000: 137.567: [DefNew: 410146K->596K(460800K), 0.0040077 secs] 497709K->88159K(1484800K), 0.0040835 secs] [Times: user=0.00 sys=0.00, real=0.01 secs] 
2019-10-05T11:04:53.796+0000: 140.786: [GC (Allocation Failure) 2019-10-05T11:04:53.796+0000: 140.786: [DefNew: 410196K->634K(460800K), 0.0040100 secs] 497759K->88197K(1484800K), 0.0040954 secs] [Times: user=0.00 sys=0.00, real=0.01 secs] 
2019-10-05T11:04:56.953+0000: 143.943: [GC (Allocation Failure) 2019-10-05T11:04:56.953+0000: 143.943: [DefNew: 410234K->692K(460800K), 0.0044405 secs] 497797K->88255K(1484800K), 0.0045261 secs] [Times: user=0.00 sys=0.00, real=0.00 secs] 
2019-10-05T11:05:00.227+0000: 147.217: [GC (Allocation Failure) 2019-10-05T11:05:00.227+0000: 147.217: [DefNew: 410292K->742K(460800K), 0.0042081 secs] 497855K->88304K(1484800K), 0.0042903 secs] [Times: user=0.01 sys=0.00, real=0.00 secs] 
2019-10-05T11:05:03.356+0000: 150.345: [GC (Allocation Failure) 2019-10-05T11:05:03.356+0000: 150.345: [DefNew: 410342K->758K(460800K), 0.0045069 secs] 497904K->88321K(1484800K), 0.0045928 secs] [Times: user=0.00 sys=0.00, real=0.01 secs] 
2019-10-05T11:05:06.410+0000: 153.401: [GC (Allocation Failure) 2019-10-05T11:05:06.411+0000: 153.401: [DefNew: 410358K->753K(460800K), 0.0042323 secs] 497921K->88321K(1484800K), 0.0056522 secs] [Times: user=0.01 sys=0.00, real=0.01 secs] 
2019-10-05T11:05:09.464+0000: 156.453: [GC (Allocation Failure) 2019-10-05T11:05:09.464+0000: 156.453: [DefNew: 410353K->749K(460800K), 0.0043968 secs] 497921K->88321K(1484800K), 0.0044801 secs] [Times: user=0.01 sys=0.00, real=0.00 secs] 
2019-10-05T11:05:12.496+0000: 159.486: [GC (Allocation Failure) 2019-10-05T11:05:12.496+0000: 159.486: [DefNew: 410349K->741K(460800K), 0.0039812 secs] 497921K->88321K(1484800K), 0.0040474 secs] [Times: user=0.00 sys=0.00, real=0.01 secs] 
2019-10-05T11:05:15.511+0000: 162.500: [GC (Allocation Failure) 2019-10-05T11:05:15.511+0000: 162.500: [DefNew: 410341K->761K(460800K), 0.0042338 secs] 497921K->88343K(1484800K), 0.0043096 secs] [Times: user=0.01 sys=0.00, real=0.01 secs] 
2019-10-05T11:05:18.519+0000: 165.508: [GC (Allocation Failure) 2019-10-05T11:05:18.519+0000: 165.508: [DefNew: 410361K->726K(460800K), 0.0039949 secs] 497943K->88310K(1484800K), 0.0040815 secs] [Times: user=0.00 sys=0.00, real=0.01 secs] 
2019-10-05T11:05:21.559+0000: 168.549: [GC (Allocation Failure) 2019-10-05T11:05:21.559+0000: 168.549: [DefNew: 410326K->769K(460800K), 0.0042367 secs] 497910K->88353K(1484800K), 0.0043496 secs] [Times: user=0.00 sys=0.00, real=0.01 secs] 
2019-10-05T11:05:24.611+0000: 171.601: [GC (Allocation Failure) 2019-10-05T11:05:24.611+0000: 171.601: [DefNew: 410369K->515K(460800K), 0.0042444 secs] 497953K->88321K(1484800K), 0.0043276 secs] [Times: user=0.01 sys=0.00, real=0.01 secs] 
2019-10-05T11:05:27.620+0000: 174.610: [GC (Allocation Failure) 2019-10-05T11:05:27.620+0000: 174.610: [DefNew: 410115K->446K(460800K), 0.0040077 secs] 497921K->88321K(1484800K), 0.0040884 secs] [Times: user=0.01 sys=0.00, real=0.00 secs] 
2019-10-05T11:05:30.687+0000: 177.676: [GC (Allocation Failure) 2019-10-05T11:05:30.687+0000: 177.676: [DefNew: 410046K->406K(460800K), 0.0037905 secs] 497921K->88337K(1484800K), 0.0038785 secs] [Times: user=0.00 sys=0.00, real=0.00 secs] 
2019-10-05T11:05:33.718+0000: 180.707: [GC (Allocation Failure) 2019-10-05T11:05:33.718+0000: 180.707: [DefNew: 410006K->307K(460800K), 0.0037697 secs] 497937K->88311K(1484800K), 0.0038565 secs] [Times: user=0.00 sys=0.00, real=0.01 secs] 
2019-10-05T11:05:36.778+0000: 183.767: [GC (Allocation Failure) 2019-10-05T11:05:36.778+0000: 183.767: [DefNew: 409907K->475K(460800K), 0.0040099 secs] 497911K->88528K(1484800K), 0.0041046 secs] [Times: user=0.00 sys=0.00, real=0.01 secs] 
2019-10-05T11:05:40.075+0000: 187.064: [GC (Allocation Failure) 2019-10-05T11:05:40.075+0000: 187.064: [DefNew: 410075K->491K(460800K), 0.0040225 secs] 498128K->88579K(1484800K), 0.0041051 secs] [Times: user=0.01 sys=0.00, real=0.00 secs] 
2019-10-05T11:05:43.265+0000: 190.255: [GC (Allocation Failure) 2019-10-05T11:05:43.265+0000: 190.255: [DefNew: 410091K->462K(460800K), 0.0040769 secs] 498179K->88611K(1484800K), 0.0041720 secs] [Times: user=0.01 sys=0.00, real=0.00 secs] 
2019-10-05T11:05:46.435+0000: 193.425: [GC (Allocation Failure) 2019-10-05T11:05:46.436+0000: 193.425: [DefNew: 410062K->501K(460800K), 0.0041410 secs] 498211K->88699K(1484800K), 0.0042452 secs] [Times: user=0.01 sys=0.00, real=0.00 secs] 
2019-10-05T11:05:49.651+0000: 196.640: [GC (Allocation Failure) 2019-10-05T11:05:49.651+0000: 196.640: [DefNew: 410101K->527K(460800K), 0.0039786 secs] 498299K->88743K(1484800K), 0.0040567 secs] [Times: user=0.01 sys=0.00, real=0.01 secs] 
2019-10-05T11:05:52.934+0000: 199.923: [GC (Allocation Failure) 2019-10-05T11:05:52.934+0000: 199.923: [DefNew: 410127K->561K(460800K), 0.0040365 secs] 498343K->88776K(1484800K), 0.0041428 secs] [Times: user=0.00 sys=0.00, real=0.00 secs] 
2019-10-05T11:05:56.033+0000: 203.022: [GC (Allocation Failure) 2019-10-05T11:05:56.033+0000: 203.022: [DefNew: 410161K->614K(460800K), 0.0039063 secs] 498376K->88829K(1484800K), 0.0039836 secs] [Times: user=0.00 sys=0.00, real=0.00 secs] 
2019-10-05T11:05:59.172+0000: 206.161: [GC (Allocation Failure) 2019-10-05T11:05:59.172+0000: 206.161: [DefNew: 410214K->659K(460800K), 0.0039668 secs] 498429K->88874K(1484800K), 0.0040451 secs] [Times: user=0.00 sys=0.00, real=0.00 secs] 
2019-10-05T11:06:02.265+0000: 209.254: [GC (Allocation Failure) 2019-10-05T11:06:02.265+0000: 209.254: [DefNew: 410259K->702K(460800K), 0.0041465 secs] 498474K->88917K(1484800K), 0.0042350 secs] [Times: user=0.01 sys=0.00, real=0.00 secs] 
2019-10-05T11:06:05.293+0000: 212.282: [GC (Allocation Failure) 2019-10-05T11:06:05.293+0000: 212.283: [DefNew: 410302K->702K(460800K), 0.0040714 secs] 498517K->88917K(1484800K), 0.0041494 secs] [Times: user=0.00 sys=0.00, real=0.00 secs] 
2019-10-05T11:06:08.313+0000: 215.302: [GC (Allocation Failure) 2019-10-05T11:06:08.313+0000: 215.302: [DefNew: 410302K->702K(460800K), 0.0038532 secs] 498517K->88917K(1484800K), 0.0039290 secs] [Times: user=0.00 sys=0.00, real=0.00 secs] 
2019-10-05T11:06:11.335+0000: 218.324: [GC (Allocation Failure) 2019-10-05T11:06:11.335+0000: 218.324: [DefNew: 410302K->690K(460800K), 0.0040196 secs] 498517K->88906K(1484800K), 0.0040995 secs] [Times: user=0.01 sys=0.00, real=0.00 secs] 
2019-10-05T11:06:14.495+0000: 221.485: [GC (Allocation Failure) 2019-10-05T11:06:14.495+0000: 221.485: [DefNew: 410290K->702K(460800K), 0.0040270 secs] 498506K->88917K(1484800K), 0.0040884 secs] [Times: user=0.00 sys=0.00, real=0.00 secs] 
2019-10-05T11:06:17.592+0000: 224.581: [GC (Allocation Failure) 2019-10-05T11:06:17.592+0000: 224.581: [DefNew: 410302K->702K(460800K), 0.0040087 secs] 498517K->88917K(1484800K), 0.0040852 secs] [Times: user=0.01 sys=0.00, real=0.01 secs] 
2019-10-05T11:06:20.708+0000: 227.697: [GC (Allocation Failure) 2019-10-05T11:06:20.708+0000: 227.697: [DefNew: 410302K->702K(460800K), 0.0041463 secs] 498517K->88918K(1484800K), 0.0042232 secs] [Times: user=0.01 sys=0.00, real=0.01 secs] 
2019-10-05T11:06:23.785+0000: 230.774: [GC (Allocation Failure) 2019-10-05T11:06:23.785+0000: 230.774: [DefNew: 410302K->500K(460800K), 0.0042979 secs] 498518K->88922K(1484800K), 0.0043838 secs] [Times: user=0.00 sys=0.00, real=0.00 secs] 
2019-10-05T11:06:26.831+0000: 233.820: [GC (Allocation Failure) 2019-10-05T11:06:26.831+0000: 233.820: [DefNew: 410100K->442K(460800K), 0.0038995 secs] 498522K->88918K(1484800K), 0.0039772 secs] [Times: user=0.01 sys=0.00, real=0.01 secs] 
2019-10-05T11:06:29.876+0000: 236.865: [GC (Allocation Failure) 2019-10-05T11:06:29.876+0000: 236.865: [DefNew: 410042K->401K(460800K), 0.0036955 secs] 498518K->88918K(1484800K), 0.0037901 secs] [Times: user=0.01 sys=0.00, real=0.00 secs] 
2019-10-05T11:06:32.914+0000: 239.904: [GC (Allocation Failure) 2019-10-05T11:06:32.914+0000: 239.904: [DefNew: 410001K->327K(460800K), 0.0037504 secs] 498518K->88918K(1484800K), 0.0038308 secs] [Times: user=0.01 sys=0.00, real=0.00 secs] 
2019-10-05T11:06:35.965+0000: 242.955: [GC (Allocation Failure) 2019-10-05T11:06:35.966+0000: 242.955: [DefNew: 409927K->472K(460800K), 0.0041135 secs] 498518K->89107K(1484800K), 0.0041895 secs] [Times: user=0.01 sys=0.00, real=0.00 secs] 
2019-10-05T11:06:39.112+0000: 246.102: [GC (Allocation Failure) 2019-10-05T11:06:39.112+0000: 246.102: [DefNew: 410072K->460K(460800K), 0.0039652 secs] 498707K->89130K(1484800K), 0.0040386 secs] [Times: user=0.00 sys=0.00, real=0.00 secs] 
2019-10-05T11:06:42.227+0000: 249.217: [GC (Allocation Failure) 2019-10-05T11:06:42.227+0000: 249.217: [DefNew: 410060K->446K(460800K), 0.0039168 secs] 498730K->89176K(1484800K), 0.0039963 secs] [Times: user=0.00 sys=0.00, real=0.00 secs] 
2019-10-05T11:06:45.376+0000: 252.366: [GC (Allocation Failure) 2019-10-05T11:06:45.376+0000: 252.366: [DefNew: 410046K->448K(460800K), 0.0038915 secs] 498776K->89215K(1484800K), 0.0039825 secs] [Times: user=0.01 sys=0.00, real=0.01 secs] 
2019-10-05T11:06:48.483+0000: 255.473: [GC (Allocation Failure) 2019-10-05T11:06:48.483+0000: 255.473: [DefNew: 410048K->454K(460800K), 0.0041621 secs] 498815K->89265K(1484800K), 0.0042294 secs] [Times: user=0.00 sys=0.00, real=0.00 secs] 
2019-10-05T11:06:51.608+0000: 258.597: [GC (Allocation Failure) 2019-10-05T11:06:51.608+0000: 258.597: [DefNew: 410054K->479K(460800K), 0.0038448 secs] 498865K->89290K(1484800K), 0.0039208 secs] [Times: user=0.01 sys=0.00, real=0.00 secs] 
2019-10-05T11:06:54.745+0000: 261.735: [GC (Allocation Failure) 2019-10-05T11:06:54.745+0000: 261.735: [DefNew: 410079K->519K(460800K), 0.0040763 secs] 498890K->89331K(1484800K), 0.0041536 secs] [Times: user=0.01 sys=0.00, real=0.00 secs] 
2019-10-05T11:06:57.824+0000: 264.813: [GC (Allocation Failure) 2019-10-05T11:06:57.824+0000: 264.813: [DefNew: 410119K->538K(460800K), 0.0037611 secs] 498931K->89349K(1484800K), 0.0038362 secs] [Times: user=0.00 sys=0.00, real=0.00 secs] 
2019-10-05T11:07:00.930+0000: 267.920: [GC (Allocation Failure) 2019-10-05T11:07:00.930+0000: 267.920: [DefNew: 410138K->588K(460800K), 0.0039496 secs] 498949K->89399K(1484800K), 0.0040268 secs] [Times: user=0.01 sys=0.00, real=0.01 secs] 
2019-10-05T11:07:03.963+0000: 270.953: [GC (Allocation Failure) 2019-10-05T11:07:03.963+0000: 270.953: [DefNew: 410188K->589K(460800K), 0.0039701 secs] 498999K->89400K(1484800K), 0.0040492 secs] [Times: user=0.01 sys=0.00, real=0.00 secs] 
2019-10-05T11:07:07.006+0000: 273.995: [GC (Allocation Failure) 2019-10-05T11:07:07.006+0000: 273.995: [DefNew: 410189K->605K(460800K), 0.0040269 secs] 499000K->89416K(1484800K), 0.0041157 secs] [Times: user=0.00 sys=0.00, real=0.00 secs] 
2019-10-05T11:07:10.052+0000: 277.042: [GC (Allocation Failure) 2019-10-05T11:07:10.052+0000: 277.042: [DefNew: 410205K->589K(460800K), 0.0038647 secs] 499016K->89400K(1484800K), 0.0039508 secs] [Times: user=0.01 sys=0.00, real=0.00 secs] 
2019-10-05T11:07:13.062+0000: 280.051: [GC (Allocation Failure) 2019-10-05T11:07:13.062+0000: 280.051: [DefNew: 410189K->588K(460800K), 0.0040053 secs] 499000K->89399K(1484800K), 0.0040810 secs] [Times: user=0.00 sys=0.00, real=0.00 secs] 
2019-10-05T11:07:16.106+0000: 283.096: [GC (Allocation Failure) 2019-10-05T11:07:16.107+0000: 283.096: [DefNew: 410188K->608K(460800K), 0.0039665 secs] 498999K->89419K(1484800K), 0.0046611 secs] [Times: user=0.01 sys=0.00, real=0.00 secs] 
2019-10-05T11:07:19.146+0000: 286.135: [GC (Allocation Failure) 2019-10-05T11:07:19.146+0000: 286.135: [DefNew: 410208K->588K(460800K), 0.0039351 secs] 499019K->89399K(1484800K), 0.0040172 secs] [Times: user=0.01 sys=0.00, real=0.00 secs] 
2019-10-05T11:07:22.199+0000: 289.189: [GC (Allocation Failure) 2019-10-05T11:07:22.199+0000: 289.189: [DefNew: 410188K->399K(460800K), 0.0041139 secs] 498999K->89399K(1484800K), 0.0042001 secs] [Times: user=0.00 sys=0.01, real=0.01 secs] 
2019-10-05T11:07:25.260+0000: 292.249: [GC (Allocation Failure) 2019-10-05T11:07:25.260+0000: 292.249: [DefNew: 409999K->376K(460800K), 0.0037798 secs] 498999K->89400K(1484800K), 0.0038882 secs] [Times: user=0.00 sys=0.01, real=0.01 secs] 
2019-10-05T11:07:28.310+0000: 295.300: [GC (Allocation Failure) 2019-10-05T11:07:28.311+0000: 295.300: [DefNew: 409976K->330K(460800K), 0.0037991 secs] 499000K->89399K(1484800K), 0.0038789 secs] [Times: user=0.00 sys=0.00, real=0.01 secs] 
2019-10-05T11:07:31.367+0000: 298.357: [GC (Allocation Failure) 2019-10-05T11:07:31.367+0000: 298.357: [DefNew: 409930K->297K(460800K), 0.0038634 secs] 498999K->89406K(1484800K), 0.0039424 secs] [Times: user=0.01 sys=0.00, real=0.00 secs] 
2019-10-05T11:07:34.505+0000: 301.495: [GC (Allocation Failure) 2019-10-05T11:07:34.505+0000: 301.495: [DefNew: 409897K->246K(460800K), 0.0036609 secs] 499006K->89389K(1484800K), 0.0037459 secs] [Times: user=0.00 sys=0.00, real=0.00 secs] 
2019-10-05T11:07:38.029+0000: 305.018: [GC (Allocation Failure) 2019-10-05T11:07:38.029+0000: 305.019: [DefNew: 409846K->419K(460800K), 0.0041286 secs] 498989K->89593K(1484800K), 0.0042100 secs] [Times: user=0.01 sys=0.00, real=0.01 secs] 
2019-10-05T11:07:41.607+0000: 308.596: [GC (Allocation Failure) 2019-10-05T11:07:41.607+0000: 308.596: [DefNew: 410019K->416K(460800K), 0.0039877 secs] 499193K->89641K(1484800K), 0.0040800 secs] [Times: user=0.01 sys=0.00, real=0.00 secs] 
2019-10-05T11:07:45.201+0000: 312.191: [GC (Allocation Failure) 2019-10-05T11:07:45.201+0000: 312.191: [DefNew: 410016K->443K(460800K), 0.0039924 secs] 499241K->89698K(1484800K), 0.0040870 secs] [Times: user=0.00 sys=0.00, real=0.00 secs] 
2019-10-05T11:07:48.751+0000: 315.740: [GC (Allocation Failure) 2019-10-05T11:07:48.751+0000: 315.740: [DefNew: 410043K->443K(460800K), 0.0039941 secs] 499298K->89736K(1484800K), 0.0040742 secs] [Times: user=0.01 sys=0.00, real=0.01 secs] 
2019-10-05T11:07:52.303+0000: 319.292: [GC (Allocation Failure) 2019-10-05T11:07:52.303+0000: 319.292: [DefNew: 410043K->478K(460800K), 0.0038246 secs] 499336K->89771K(1484800K), 0.0038955 secs] [Times: user=0.01 sys=0.00, real=0.00 secs] 
2019-10-05T11:07:55.898+0000: 322.888: [GC (Allocation Failure) 2019-10-05T11:07:55.898+0000: 322.888: [DefNew: 410078K->521K(460800K), 0.0038336 secs] 499371K->89814K(1484800K), 0.0039191 secs] [Times: user=0.01 sys=0.00, real=0.01 secs] 
2019-10-05T11:07:59.484+0000: 326.473: [GC (Allocation Failure) 2019-10-05T11:07:59.484+0000: 326.473: [DefNew: 410121K->572K(460800K), 0.0040100 secs] 499414K->89865K(1484800K), 0.0041000 secs] [Times: user=0.01 sys=0.00, real=0.00 secs] 
2019-10-05T11:08:02.987+0000: 329.977: [GC (Allocation Failure) 2019-10-05T11:08:02.987+0000: 329.977: [DefNew: 410172K->585K(460800K), 0.0038910 secs] 499465K->89878K(1484800K), 0.0039686 secs] [Times: user=0.00 sys=0.00, real=0.00 secs] 
2019-10-05T11:08:06.503+0000: 333.492: [GC (Allocation Failure) 2019-10-05T11:08:06.503+0000: 333.492: [DefNew: 410185K->605K(460800K), 0.0038777 secs] 499478K->89898K(1484800K), 0.0039578 secs] [Times: user=0.01 sys=0.00, real=0.00 secs] 
2019-10-05T11:08:10.010+0000: 336.999: [GC (Allocation Failure) 2019-10-05T11:08:10.010+0000: 336.999: [DefNew: 410205K->578K(460800K), 0.0038525 secs] 499498K->89872K(1484800K), 0.0039348 secs] [Times: user=0.00 sys=0.00, real=0.01 secs] 
2019-10-05T11:08:13.477+0000: 340.467: [GC (Allocation Failure) 2019-10-05T11:08:13.477+0000: 340.467: [DefNew: 410178K->578K(460800K), 0.0039445 secs] 499472K->89871K(1484800K), 0.0040162 secs] [Times: user=0.01 sys=0.00, real=0.01 secs] 
2019-10-05T11:08:16.943+0000: 343.932: [GC (Allocation Failure) 2019-10-05T11:08:16.943+0000: 343.932: [DefNew: 410178K->578K(460800K), 0.0040008 secs] 499471K->89871K(1484800K), 0.0040737 secs] [Times: user=0.00 sys=0.00, real=0.00 secs] 
2019-10-05T11:08:20.429+0000: 347.419: [GC (Allocation Failure) 2019-10-05T11:08:20.430+0000: 347.419: [DefNew: 410178K->597K(460800K), 0.0040302 secs] 499471K->89890K(1484800K), 0.0051104 secs] [Times: user=0.01 sys=0.00, real=0.01 secs] 
2019-10-05T11:08:23.913+0000: 350.902: [GC (Allocation Failure) 2019-10-05T11:08:23.913+0000: 350.902: [DefNew: 410197K->580K(460800K), 0.0038064 secs] 499490K->89874K(1484800K), 0.0039138 secs] [Times: user=0.01 sys=0.00, real=0.00 secs] 
2019-10-05T11:08:27.388+0000: 354.378: [GC (Allocation Failure) 2019-10-05T11:08:27.388+0000: 354.378: [DefNew: 410180K->582K(460800K), 0.0038546 secs] 499474K->89875K(1484800K), 0.0039518 secs] [Times: user=0.01 sys=0.00, real=0.01 secs] 
2019-10-05T11:08:30.845+0000: 357.835: [GC (Allocation Failure) 2019-10-05T11:08:30.845+0000: 357.835: [DefNew: 410182K->392K(460800K), 0.0039293 secs] 499475K->89873K(1484800K), 0.0040038 secs] [Times: user=0.01 sys=0.00, real=0.00 secs] 
2019-10-05T11:08:34.323+0000: 361.312: [GC (Allocation Failure) 2019-10-05T11:08:34.323+0000: 361.312: [DefNew: 409992K->327K(460800K), 0.0039058 secs] 499473K->89873K(1484800K), 0.0039865 secs] [Times: user=0.00 sys=0.00, real=0.00 secs] 
2019-10-05T11:08:37.857+0000: 364.846: [GC (Allocation Failure) 2019-10-05T11:08:37.857+0000: 364.846: [DefNew: 409927K->366K(460800K), 0.0040105 secs] 499473K->89956K(1484800K), 0.0040935 secs] [Times: user=0.00 sys=0.00, real=0.01 secs] 
2019-10-05T11:08:41.457+0000: 368.447: [GC (Allocation Failure) 2019-10-05T11:08:41.457+0000: 368.447: [DefNew: 409966K->326K(460800K), 0.0037451 secs] 499556K->89956K(1484800K), 0.0038260 secs] [Times: user=0.00 sys=0.00, real=0.01 secs] 
2019-10-05T11:08:45.060+0000: 372.049: [GC (Allocation Failure) 2019-10-05T11:08:45.060+0000: 372.049: [DefNew: 409926K->327K(460800K), 0.0038002 secs] 499556K->89994K(1484800K), 0.0038841 secs] [Times: user=0.00 sys=0.00, real=0.01 secs] 
2019-10-05T11:08:48.656+0000: 375.645: [GC (Allocation Failure) 2019-10-05T11:08:48.656+0000: 375.645: [DefNew: 409927K->265K(460800K), 0.0036002 secs] 499594K->89985K(1484800K), 0.0036821 secs] [Times: user=0.01 sys=0.00, real=0.00 secs] 
2019-10-05T11:08:52.264+0000: 379.254: [GC (Allocation Failure) 2019-10-05T11:08:52.264+0000: 379.254: [DefNew: 409865K->262K(460800K), 0.0037948 secs] 499585K->90021K(1484800K), 0.0038849 secs] [Times: user=0.01 sys=0.00, real=0.00 secs] 
2019-10-05T11:08:55.850+0000: 382.840: [GC (Allocation Failure) 2019-10-05T11:08:55.850+0000: 382.840: [DefNew: 409862K->293K(460800K), 0.0037986 secs] 499621K->90058K(1484800K), 0.0038758 secs] [Times: user=0.00 sys=0.00, real=0.01 secs] 
2019-10-05T11:08:59.433+0000: 386.423: [GC (Allocation Failure) 2019-10-05T11:08:59.433+0000: 386.423: [DefNew: 409893K->303K(460800K), 0.0036865 secs] 499658K->90069K(1484800K), 0.0037644 secs] [Times: user=0.00 sys=0.00, real=0.00 secs] 
2019-10-05T11:09:02.937+0000: 389.926: [GC (Allocation Failure) 2019-10-05T11:09:02.937+0000: 389.926: [DefNew: 409903K->317K(460800K), 0.0036918 secs] 499669K->90083K(1484800K), 0.0037614 secs] [Times: user=0.01 sys=0.00, real=0.01 secs] 
2019-10-05T11:09:06.428+0000: 393.417: [GC (Allocation Failure) 2019-10-05T11:09:06.428+0000: 393.417: [DefNew: 409917K->309K(460800K), 0.0036398 secs] 499683K->90074K(1484800K), 0.0037109 secs] [Times: user=0.00 sys=0.00, real=0.00 secs] 
2019-10-05T11:09:09.923+0000: 396.912: [GC (Allocation Failure) 2019-10-05T11:09:09.923+0000: 396.912: [DefNew: 409909K->308K(460800K), 0.0036271 secs] 499674K->90074K(1484800K), 0.0037024 secs] [Times: user=0.00 sys=0.00, real=0.00 secs] 
2019-10-05T11:09:13.422+0000: 400.411: [GC (Allocation Failure) 2019-10-05T11:09:13.422+0000: 400.411: [DefNew: 409908K->306K(460800K), 0.0036560 secs] 499674K->90074K(1484800K), 0.0037314 secs] [Times: user=0.01 sys=0.00, real=0.00 secs] 
2019-10-05T11:09:16.915+0000: 403.904: [GC (Allocation Failure) 2019-10-05T11:09:16.915+0000: 403.904: [DefNew: 409906K->306K(460800K), 0.0037652 secs] 499674K->90074K(1484800K), 0.0038459 secs] [Times: user=0.00 sys=0.00, real=0.00 secs] 
2019-10-05T11:09:20.400+0000: 407.389: [GC (Allocation Failure) 2019-10-05T11:09:20.400+0000: 407.389: [DefNew: 409906K->306K(460800K), 0.0034757 secs] 499674K->90074K(1484800K), 0.0035457 secs] [Times: user=0.00 sys=0.00, real=0.00 secs] 
2019-10-05T11:09:23.895+0000: 410.885: [GC (Allocation Failure) 2019-10-05T11:09:23.895+0000: 410.885: [DefNew: 409906K->322K(460800K), 0.0036659 secs] 499674K->90090K(1484800K), 0.0037389 secs] [Times: user=0.00 sys=0.00, real=0.00 secs] 
2019-10-05T11:09:27.378+0000: 414.367: [GC (Allocation Failure) 2019-10-05T11:09:27.378+0000: 414.367: [DefNew: 409922K->306K(460800K), 0.0035502 secs] 499690K->90074K(1484800K), 0.0036251 secs] [Times: user=0.00 sys=0.00, real=0.01 secs] 
2019-10-05T11:09:30.855+0000: 417.844: [GC (Allocation Failure) 2019-10-05T11:09:30.855+0000: 417.844: [DefNew: 409906K->249K(460800K), 0.0039003 secs] 499674K->90074K(1484800K), 0.0039800 secs] [Times: user=0.00 sys=0.00, real=0.00 secs] 
2019-10-05T11:09:34.351+0000: 421.340: [GC (Allocation Failure) 2019-10-05T11:09:34.351+0000: 421.340: [DefNew: 409849K->232K(460800K), 0.0035468 secs] 499674K->90082K(1484800K), 0.0036225 secs] [Times: user=0.00 sys=0.00, real=0.01 secs] 
2019-10-05T11:09:37.847+0000: 424.836: [GC (Allocation Failure) 2019-10-05T11:09:37.847+0000: 424.836: [DefNew: 409832K->280K(460800K), 0.0038427 secs] 499682K->90158K(1484800K), 0.0039363 secs] [Times: user=0.00 sys=0.00, real=0.00 secs] 
2019-10-05T11:09:41.424+0000: 428.414: [GC (Allocation Failure) 2019-10-05T11:09:41.424+0000: 428.414: [DefNew: 409880K->265K(460800K), 0.0038123 secs] 499758K->90156K(1484800K), 0.0038924 secs] [Times: user=0.00 sys=0.01, real=0.00 secs] 
2019-10-05T11:09:44.997+0000: 431.987: [GC (Allocation Failure) 2019-10-05T11:09:44.997+0000: 431.987: [DefNew: 409865K->261K(460800K), 0.0036876 secs] 499756K->90172K(1484800K), 0.0037634 secs] [Times: user=0.00 sys=0.00, real=0.01 secs] 
2019-10-05T11:09:48.608+0000: 435.597: [GC (Allocation Failure) 2019-10-05T11:09:48.608+0000: 435.597: [DefNew: 409861K->242K(460800K), 0.0038265 secs] 499772K->90183K(1484800K), 0.0038925 secs] [Times: user=0.00 sys=0.00, real=0.00 secs] 
2019-10-05T11:09:52.223+0000: 439.212: [GC (Allocation Failure) 2019-10-05T11:09:52.223+0000: 439.212: [DefNew: 409842K->255K(460800K), 0.0036422 secs] 499783K->90216K(1484800K), 0.0037252 secs] [Times: user=0.00 sys=0.00, real=0.00 secs] 
2019-10-05T11:09:55.813+0000: 442.802: [GC (Allocation Failure) 2019-10-05T11:09:55.813+0000: 442.802: [DefNew: 409855K->266K(460800K), 0.0035759 secs] 499816K->90234K(1484800K), 0.0036535 secs] [Times: user=0.00 sys=0.00, real=0.00 secs] 
2019-10-05T11:09:59.391+0000: 446.381: [GC (Allocation Failure) 2019-10-05T11:09:59.391+0000: 446.381: [DefNew: 409866K->288K(460800K), 0.0036751 secs] 499834K->90256K(1484800K), 0.0037504 secs] [Times: user=0.01 sys=0.00, real=0.01 secs] 
2019-10-05T11:10:02.890+0000: 449.879: [GC (Allocation Failure) 2019-10-05T11:10:02.890+0000: 449.879: [DefNew: 409888K->295K(460800K), 0.0037063 secs] 499856K->90263K(1484800K), 0.0038031 secs] [Times: user=0.00 sys=0.00, real=0.01 secs] 
2019-10-05T11:10:06.378+0000: 453.367: [GC (Allocation Failure) 2019-10-05T11:10:06.378+0000: 453.367: [DefNew: 409895K->295K(460800K), 0.0036891 secs] 499863K->90263K(1484800K), 0.0037640 secs] [Times: user=0.01 sys=0.00, real=0.01 secs] 
2019-10-05T11:10:09.880+0000: 456.869: [GC (Allocation Failure) 2019-10-05T11:10:09.880+0000: 456.869: [DefNew: 409895K->296K(460800K), 0.0036343 secs] 499863K->90264K(1484800K), 0.0037226 secs] [Times: user=0.00 sys=0.00, real=0.01 secs] 
2019-10-05T11:10:13.391+0000: 460.381: [GC (Allocation Failure) 2019-10-05T11:10:13.391+0000: 460.381: [DefNew: 409896K->302K(460800K), 0.0039485 secs] 499864K->90270K(1484800K), 0.0040288 secs] [Times: user=0.00 sys=0.00, real=0.01 secs] 
2019-10-05T11:10:16.850+0000: 463.839: [GC (Allocation Failure) 2019-10-05T11:10:16.850+0000: 463.839: [DefNew: 409902K->321K(460800K), 0.0037089 secs] 499870K->90289K(1484800K), 0.0037990 secs] [Times: user=0.01 sys=0.00, real=0.01 secs] 
2019-10-05T11:10:20.314+0000: 467.303: [GC (Allocation Failure) 2019-10-05T11:10:20.314+0000: 467.303: [DefNew: 409921K->295K(460800K), 0.0037592 secs] 499889K->90263K(1484800K), 0.0038334 secs] [Times: user=0.00 sys=0.00, real=0.00 secs] 
2019-10-05T11:10:23.789+0000: 470.778: [GC (Allocation Failure) 2019-10-05T11:10:23.789+0000: 470.778: [DefNew: 409895K->295K(460800K), 0.0037669 secs] 499863K->90263K(1484800K), 0.0038698 secs] [Times: user=0.01 sys=0.00, real=0.01 secs] 
2019-10-05T11:10:27.263+0000: 474.252: [GC (Allocation Failure) 2019-10-05T11:10:27.263+0000: 474.252: [DefNew: 409895K->295K(460800K), 0.0036289 secs] 499863K->90263K(1484800K), 0.0037118 secs] [Times: user=0.01 sys=0.00, real=0.00 secs] 
2019-10-05T11:10:30.742+0000: 477.731: [GC (Allocation Failure) 2019-10-05T11:10:30.742+0000: 477.731: [DefNew: 409895K->244K(460800K), 0.0037032 secs] 499863K->90263K(1484800K), 0.0037883 secs] [Times: user=0.01 sys=0.00, real=0.00 secs] 
2019-10-05T11:10:34.217+0000: 481.206: [GC (Allocation Failure) 2019-10-05T11:10:34.217+0000: 481.206: [DefNew: 409844K->221K(460800K), 0.0035401 secs] 499863K->90263K(1484800K), 0.0036192 secs] [Times: user=0.00 sys=0.00, real=0.01 secs] 
2019-10-05T11:10:37.737+0000: 484.726: [GC (Allocation Failure) 2019-10-05T11:10:37.737+0000: 484.726: [DefNew: 409821K->239K(460800K), 0.0036404 secs] 499863K->90305K(1484800K), 0.0037374 secs] [Times: user=0.01 sys=0.00, real=0.01 secs] 
2019-10-05T11:10:41.299+0000: 488.288: [GC (Allocation Failure) 2019-10-05T11:10:41.299+0000: 488.289: [DefNew: 409839K->258K(460800K), 0.0036349 secs] 499905K->90337K(1484800K), 0.0037115 secs] [Times: user=0.00 sys=0.00, real=0.01 secs] 
2019-10-05T11:10:44.893+0000: 491.882: [GC (Allocation Failure) 2019-10-05T11:10:44.893+0000: 491.882: [DefNew: 409858K->246K(460800K), 0.0037193 secs] 499937K->90359K(1484800K), 0.0037936 secs] [Times: user=0.00 sys=0.00, real=0.00 secs] 
2019-10-05T11:10:48.445+0000: 495.434: [GC (Allocation Failure) 2019-10-05T11:10:48.445+0000: 495.434: [DefNew: 409846K->290K(460800K), 0.0038732 secs] 499959K->90417K(1484800K), 0.0039543 secs] [Times: user=0.00 sys=0.00, real=0.00 secs] 
2019-10-05T11:10:52.191+0000: 499.181: [GC (Allocation Failure) 2019-10-05T11:10:52.191+0000: 499.181: [DefNew: 409890K->302K(460800K), 0.0039572 secs] 500017K->90452K(1484800K), 0.0040414 secs] [Times: user=0.00 sys=0.00, real=0.01 secs] 
2019-10-05T11:10:55.730+0000: 502.719: [GC (Allocation Failure) 2019-10-05T11:10:55.730+0000: 502.719: [DefNew: 409902K->341K(460800K), 0.0040748 secs] 500052K->90498K(1484800K), 0.0041677 secs] [Times: user=0.01 sys=0.00, real=0.01 secs] 
2019-10-05T11:10:59.334+0000: 506.324: [GC (Allocation Failure) 2019-10-05T11:10:59.334+0000: 506.324: [DefNew: 409941K->363K(460800K), 0.0039196 secs] 500098K->90520K(1484800K), 0.0040079 secs] [Times: user=0.01 sys=0.00, real=0.00 secs] 
2019-10-05T11:11:02.804+0000: 509.794: [GC (Allocation Failure) 2019-10-05T11:11:02.804+0000: 509.794: [DefNew: 409963K->370K(460800K), 0.0039031 secs] 500120K->90527K(1484800K), 0.0039762 secs] [Times: user=0.00 sys=0.00, real=0.00 secs] 
2019-10-05T11:11:06.264+0000: 513.254: [GC (Allocation Failure) 2019-10-05T11:11:06.264+0000: 513.254: [DefNew: 409970K->371K(460800K), 0.0039706 secs] 500127K->90528K(1484800K), 0.0040590 secs] [Times: user=0.01 sys=0.00, real=0.00 secs] 
2019-10-05T11:11:09.734+0000: 516.724: [GC (Allocation Failure) 2019-10-05T11:11:09.734+0000: 516.724: [DefNew: 409971K->370K(460800K), 0.0039343 secs] 500128K->90527K(1484800K), 0.0040195 secs] [Times: user=0.00 sys=0.00, real=0.00 secs] 
2019-10-05T11:11:13.207+0000: 520.197: [GC (Allocation Failure) 2019-10-05T11:11:13.207+0000: 520.197: [DefNew: 409970K->370K(460800K), 0.0038112 secs] 500127K->90527K(1484800K), 0.0038929 secs] [Times: user=0.00 sys=0.00, real=0.00 secs] 
2019-10-05T11:11:16.668+0000: 523.657: [GC (Allocation Failure) 2019-10-05T11:11:16.668+0000: 523.657: [DefNew: 409970K->371K(460800K), 0.0037895 secs] 500127K->90528K(1484800K), 0.0038715 secs] [Times: user=0.00 sys=0.01, real=0.01 secs] 
2019-10-05T11:11:20.154+0000: 527.143: [GC (Allocation Failure) 2019-10-05T11:11:20.154+0000: 527.143: [DefNew: 409971K->371K(460800K), 0.0040548 secs] 500128K->90528K(1484800K), 0.0041367 secs] [Times: user=0.00 sys=0.00, real=0.00 secs] 
2019-10-05T11:11:23.618+0000: 530.608: [GC (Allocation Failure) 2019-10-05T11:11:23.618+0000: 530.608: [DefNew: 409971K->370K(460800K), 0.0037884 secs] 500128K->90527K(1484800K), 0.0038726 secs] [Times: user=0.00 sys=0.00, real=0.01 secs] 
2019-10-05T11:11:27.093+0000: 534.082: [GC (Allocation Failure) 2019-10-05T11:11:27.093+0000: 534.082: [DefNew: 409970K->370K(460800K), 0.0038522 secs] 500127K->90527K(1484800K), 0.0039419 secs] [Times: user=0.01 sys=0.00, real=0.00 secs] 
2019-10-05T11:11:30.572+0000: 537.561: [GC (Allocation Failure) 2019-10-05T11:11:30.572+0000: 537.561: [DefNew: 409970K->319K(460800K), 0.0042237 secs] 500127K->90528K(1484800K), 0.0043480 secs] [Times: user=0.00 sys=0.00, real=0.01 secs] 
2019-10-05T11:11:34.058+0000: 541.048: [GC (Allocation Failure) 2019-10-05T11:11:34.059+0000: 541.048: [DefNew: 409919K->296K(460800K), 0.0037709 secs] 500128K->90527K(1484800K), 0.0038525 secs] [Times: user=0.01 sys=0.00, real=0.01 secs] 
2019-10-05T11:11:37.587+0000: 544.576: [GC (Allocation Failure) 2019-10-05T11:11:37.587+0000: 544.577: [DefNew: 409896K->297K(460800K), 0.0039895 secs] 500127K->90562K(1484800K), 0.0040780 secs] [Times: user=0.01 sys=0.00, real=0.00 secs] 
2019-10-05T11:11:41.175+0000: 548.165: [GC (Allocation Failure) 2019-10-05T11:11:41.176+0000: 548.165: [DefNew: 409897K->269K(460800K), 0.0039595 secs] 500162K->90578K(1484800K), 0.0040489 secs] [Times: user=0.00 sys=0.00, real=0.00 secs] 
2019-10-05T11:11:44.819+0000: 551.808: [GC (Allocation Failure) 2019-10-05T11:11:44.819+0000: 551.808: [DefNew: 409869K->246K(460800K), 0.0039861 secs] 500178K->90600K(1484800K), 0.0040741 secs] [Times: user=0.00 sys=0.01, real=0.01 secs] 
2019-10-05T11:11:48.381+0000: 555.371: [GC (Allocation Failure) 2019-10-05T11:11:48.381+0000: 555.371: [DefNew: 409846K->223K(460800K), 0.0039822 secs] 500200K->90615K(1484800K), 0.0040566 secs] [Times: user=0.01 sys=0.00, real=0.00 secs] 
2019-10-05T11:11:52.058+0000: 559.048: [GC (Allocation Failure) 2019-10-05T11:11:52.058+0000: 559.048: [DefNew: 409823K->232K(460800K), 0.0037536 secs] 500215K->90647K(1484800K), 0.0038218 secs] [Times: user=0.00 sys=0.00, real=0.01 secs] 
2019-10-05T11:11:55.627+0000: 562.616: [GC (Allocation Failure) 2019-10-05T11:11:55.627+0000: 562.616: [DefNew: 409832K->240K(460800K), 0.0035835 secs] 500247K->90661K(1484800K), 0.0036884 secs] [Times: user=0.00 sys=0.00, real=0.00 secs] 
2019-10-05T11:11:59.224+0000: 566.213: [GC (Allocation Failure) 2019-10-05T11:11:59.224+0000: 566.213: [DefNew: 409840K->261K(460800K), 0.0036368 secs] 500261K->90682K(1484800K), 0.0037105 secs] [Times: user=0.01 sys=0.00, real=0.00 secs] 
2019-10-05T11:12:02.741+0000: 569.731: [GC (Allocation Failure) 2019-10-05T11:12:02.741+0000: 569.731: [DefNew: 409861K->270K(460800K), 0.0036047 secs] 500282K->90691K(1484800K), 0.0036884 secs] [Times: user=0.01 sys=0.00, real=0.00 secs] 
2019-10-05T11:12:06.212+0000: 573.201: [GC (Allocation Failure) 2019-10-05T11:12:06.212+0000: 573.202: [DefNew: 409870K->271K(460800K), 0.0036343 secs] 500291K->90693K(1484800K), 0.0037120 secs] [Times: user=0.01 sys=0.00, real=0.00 secs] 
2019-10-05T11:12:09.714+0000: 576.704: [GC (Allocation Failure) 2019-10-05T11:12:09.714+0000: 576.704: [DefNew: 409871K->270K(460800K), 0.0037056 secs] 500293K->90692K(1484800K), 0.0037880 secs] [Times: user=0.01 sys=0.00, real=0.00 secs] 
2019-10-05T11:12:13.204+0000: 580.193: [GC (Allocation Failure) 2019-10-05T11:12:13.204+0000: 580.193: [DefNew: 409870K->271K(460800K), 0.0035986 secs] 500292K->90692K(1484800K), 0.0036715 secs] [Times: user=0.00 sys=0.00, real=0.00 secs] 
2019-10-05T11:12:16.702+0000: 583.691: [GC (Allocation Failure) 2019-10-05T11:12:16.702+0000: 583.691: [DefNew: 409871K->294K(460800K), 0.0037219 secs] 500292K->90715K(1484800K), 0.0037930 secs] [Times: user=0.01 sys=0.00, real=0.00 secs] 
2019-10-05T11:12:20.198+0000: 587.188: [GC (Allocation Failure) 2019-10-05T11:12:20.198+0000: 587.188: [DefNew: 409894K->277K(460800K), 0.0037616 secs] 500315K->90699K(1484800K), 0.0038370 secs] [Times: user=0.01 sys=0.00, real=0.01 secs] 
2019-10-05T11:12:23.699+0000: 590.689: [GC (Allocation Failure) 2019-10-05T11:12:23.699+0000: 590.689: [DefNew: 409877K->289K(460800K), 0.0036967 secs] 500299K->90710K(1484800K), 0.0037824 secs] [Times: user=0.00 sys=0.00, real=0.01 secs] 
2019-10-05T11:12:27.203+0000: 594.192: [GC (Allocation Failure) 2019-10-05T11:12:27.203+0000: 594.192: [DefNew: 409889K->285K(460800K), 0.0037560 secs] 500310K->90707K(1484800K), 0.0038310 secs] [Times: user=0.00 sys=0.00, real=0.00 secs] 
2019-10-05T11:12:30.706+0000: 597.696: [GC (Allocation Failure) 2019-10-05T11:12:30.706+0000: 597.696: [DefNew: 409885K->256K(460800K), 0.0038717 secs] 500307K->90712K(1484800K), 0.0039660 secs] [Times: user=0.00 sys=0.00, real=0.00 secs] 
2019-10-05T11:12:34.210+0000: 601.199: [GC (Allocation Failure) 2019-10-05T11:12:34.210+0000: 601.199: [DefNew: 409856K->221K(460800K), 0.0037147 secs] 500312K->90694K(1484800K), 0.0037979 secs] [Times: user=0.01 sys=0.00, real=0.01 secs] 
2019-10-05T11:12:37.748+0000: 604.738: [GC (Allocation Failure) 2019-10-05T11:12:37.749+0000: 604.738: [DefNew: 409821K->239K(460800K), 0.0036868 secs] 500294K->90732K(1484800K), 0.0037675 secs] [Times: user=0.00 sys=0.00, real=0.01 secs] 
2019-10-05T11:12:41.306+0000: 608.296: [GC (Allocation Failure) 2019-10-05T11:12:41.306+0000: 608.296: [DefNew: 409839K->238K(460800K), 0.0038874 secs] 500332K->90746K(1484800K), 0.0039696 secs] [Times: user=0.00 sys=0.00, real=0.00 secs] 
2019-10-05T11:12:44.924+0000: 611.913: [GC (Allocation Failure) 2019-10-05T11:12:44.924+0000: 611.913: [DefNew: 409838K->234K(460800K), 0.0037376 secs] 500346K->90770K(1484800K), 0.0038106 secs] [Times: user=0.01 sys=0.00, real=0.00 secs] 
2019-10-05T11:12:48.499+0000: 615.489: [GC (Allocation Failure) 2019-10-05T11:12:48.499+0000: 615.489: [DefNew: 409834K->232K(460800K), 0.0037314 secs] 500370K->90787K(1484800K), 0.0037964 secs] [Times: user=0.00 sys=0.00, real=0.01 secs] 
2019-10-05T11:12:52.145+0000: 619.134: [GC (Allocation Failure) 2019-10-05T11:12:52.145+0000: 619.134: [DefNew: 409832K->232K(460800K), 0.0039436 secs] 500387K->90808K(1484800K), 0.0040421 secs] [Times: user=0.00 sys=0.00, real=0.00 secs] 
2019-10-05T11:12:55.705+0000: 622.694: [GC (Allocation Failure) 2019-10-05T11:12:55.705+0000: 622.694: [DefNew: 409832K->238K(460800K), 0.0036739 secs] 500408K->90824K(1484800K), 0.0037561 secs] [Times: user=0.00 sys=0.00, real=0.00 secs] 
2019-10-05T11:12:59.310+0000: 626.300: [GC (Allocation Failure) 2019-10-05T11:12:59.310+0000: 626.300: [DefNew: 409838K->271K(460800K), 0.0036700 secs] 500424K->90857K(1484800K), 0.0037624 secs] [Times: user=0.00 sys=0.00, real=0.01 secs] 
2019-10-05T11:13:02.753+0000: 629.742: [GC (Allocation Failure) 2019-10-05T11:13:02.753+0000: 629.742: [DefNew: 409871K->284K(460800K), 0.0038082 secs] 500457K->90870K(1484800K), 0.0038882 secs] [Times: user=0.01 sys=0.00, real=0.00 secs] 
2019-10-05T11:13:06.210+0000: 633.199: [GC (Allocation Failure) 2019-10-05T11:13:06.210+0000: 633.199: [DefNew: 409884K->264K(460800K), 0.0037741 secs] 500470K->90850K(1484800K), 0.0038484 secs] [Times: user=0.00 sys=0.00, real=0.01 secs] 
2019-10-05T11:13:09.687+0000: 636.676: [GC (Allocation Failure) 2019-10-05T11:13:09.687+0000: 636.676: [DefNew: 409864K->263K(460800K), 0.0036508 secs] 500450K->90849K(1484800K), 0.0037179 secs] [Times: user=0.00 sys=0.00, real=0.00 secs] 
2019-10-05T11:13:13.182+0000: 640.171: [GC (Allocation Failure) 2019-10-05T11:13:13.182+0000: 640.171: [DefNew: 409863K->299K(460800K), 0.0039936 secs] 500449K->90885K(1484800K), 0.0040722 secs] [Times: user=0.00 sys=0.00, real=0.00 secs] 
2019-10-05T11:13:16.652+0000: 643.641: [GC (Allocation Failure) 2019-10-05T11:13:16.652+0000: 643.641: [DefNew: 409899K->263K(460800K), 0.0035428 secs] 500485K->90849K(1484800K), 0.0036179 secs] [Times: user=0.00 sys=0.00, real=0.01 secs] 
2019-10-05T11:13:20.131+0000: 647.120: [GC (Allocation Failure) 2019-10-05T11:13:20.131+0000: 647.120: [DefNew: 409863K->265K(460800K), 0.0035741 secs] 500449K->90851K(1484800K), 0.0036404 secs] [Times: user=0.00 sys=0.00, real=0.01 secs] 
2019-10-05T11:13:23.621+0000: 650.610: [GC (Allocation Failure) 2019-10-05T11:13:23.621+0000: 650.610: [DefNew: 409865K->265K(460800K), 0.0036222 secs] 500451K->90851K(1484800K), 0.0037091 secs] [Times: user=0.01 sys=0.00, real=0.00 secs] 
2019-10-05T11:13:27.112+0000: 654.102: [GC (Allocation Failure) 2019-10-05T11:13:27.112+0000: 654.102: [DefNew: 409865K->287K(460800K), 0.0036852 secs] 500451K->90872K(1484800K), 0.0037714 secs] [Times: user=0.01 sys=0.00, real=0.00 secs] 
2019-10-05T11:13:30.590+0000: 657.580: [GC (Allocation Failure) 2019-10-05T11:13:30.591+0000: 657.580: [DefNew: 409887K->225K(460800K), 0.0036755 secs] 500472K->90851K(1484800K), 0.0037655 secs] [Times: user=0.01 sys=0.00, real=0.01 secs] 
2019-10-05T11:13:34.070+0000: 661.060: [GC (Allocation Failure) 2019-10-05T11:13:34.070+0000: 661.060: [DefNew: 409825K->211K(460800K), 0.0036689 secs] 500451K->90851K(1484800K), 0.0037554 secs] [Times: user=0.00 sys=0.00, real=0.01 secs] 
2019-10-05T11:13:37.572+0000: 664.562: [GC (Allocation Failure) 2019-10-05T11:13:37.572+0000: 664.562: [DefNew: 409811K->234K(460800K), 0.0036772 secs] 500451K->90890K(1484800K), 0.0037512 secs] [Times: user=0.00 sys=0.00, real=0.00 secs] 
2019-10-05T11:13:41.154+0000: 668.143: [GC (Allocation Failure) 2019-10-05T11:13:41.154+0000: 668.143: [DefNew: 409834K->232K(460800K), 0.0038015 secs] 500490K->90905K(1484800K), 0.0038883 secs] [Times: user=0.00 sys=0.00, real=0.00 secs] 
2019-10-05T11:13:44.746+0000: 671.736: [GC (Allocation Failure) 2019-10-05T11:13:44.746+0000: 671.736: [DefNew: 409832K->230K(460800K), 0.0037610 secs] 500505K->90933K(1484800K), 0.0038358 secs] [Times: user=0.00 sys=0.00, real=0.00 secs] 
2019-10-05T11:13:48.310+0000: 675.300: [GC (Allocation Failure) 2019-10-05T11:13:48.310+0000: 675.300: [DefNew: 409830K->235K(460800K), 0.0036565 secs] 500533K->90952K(1484800K), 0.0037271 secs] [Times: user=0.00 sys=0.00, real=0.01 secs] 
2019-10-05T11:13:51.910+0000: 678.899: [GC (Allocation Failure) 2019-10-05T11:13:51.910+0000: 678.900: [DefNew: 409835K->245K(460800K), 0.0036636 secs] 500552K->90975K(1484800K), 0.0037399 secs] [Times: user=0.01 sys=0.00, real=0.01 secs] 
2019-10-05T11:13:55.533+0000: 682.522: [GC (Allocation Failure) 2019-10-05T11:13:55.533+0000: 682.522: [DefNew: 409845K->229K(460800K), 0.0035206 secs] 500575K->90971K(1484800K), 0.0035947 secs] [Times: user=0.01 sys=0.00, real=0.00 secs] 
2019-10-05T11:13:59.101+0000: 686.090: [GC (Allocation Failure) 2019-10-05T11:13:59.101+0000: 686.090: [DefNew: 409829K->267K(460800K), 0.0037445 secs] 500571K->91010K(1484800K), 0.0038383 secs] [Times: user=0.00 sys=0.00, real=0.00 secs] 
2019-10-05T11:14:02.641+0000: 689.630: [GC (Allocation Failure) 2019-10-05T11:14:02.641+0000: 689.630: [DefNew: 409867K->276K(460800K), 0.0037073 secs] 500610K->91019K(1484800K), 0.0037912 secs] [Times: user=0.00 sys=0.00, real=0.00 secs] 
2019-10-05T11:14:06.126+0000: 693.115: [GC (Allocation Failure) 2019-10-05T11:14:06.126+0000: 693.115: [DefNew: 409876K->275K(460800K), 0.0035596 secs] 500619K->91018K(1484800K), 0.0036422 secs] [Times: user=0.01 sys=0.00, real=0.00 secs] 
2019-10-05T11:14:09.624+0000: 696.614: [GC (Allocation Failure) 2019-10-05T11:14:09.624+0000: 696.614: [DefNew: 409875K->276K(460800K), 0.0037831 secs] 500618K->91019K(1484800K), 0.0038785 secs] [Times: user=0.00 sys=0.01, real=0.00 secs] 
2019-10-05T11:14:13.110+0000: 700.099: [GC (Allocation Failure) 2019-10-05T11:14:13.110+0000: 700.099: [DefNew: 409876K->273K(460800K), 0.0036385 secs] 500619K->91018K(1484800K), 0.0037235 secs] [Times: user=0.01 sys=0.00, real=0.01 secs] 
2019-10-05T11:14:16.595+0000: 703.584: [GC (Allocation Failure) 2019-10-05T11:14:16.595+0000: 703.584: [DefNew: 409873K->300K(460800K), 0.0036457 secs] 500618K->91045K(1484800K), 0.0037279 secs] [Times: user=0.00 sys=0.00, real=0.00 secs] 
2019-10-05T11:14:20.091+0000: 707.081: [GC (Allocation Failure) 2019-10-05T11:14:20.091+0000: 707.081: [DefNew: 409900K->273K(460800K), 0.0036332 secs] 500645K->91018K(1484800K), 0.0037002 secs] [Times: user=0.01 sys=0.00, real=0.01 secs] 
2019-10-05T11:14:23.581+0000: 710.570: [GC (Allocation Failure) 2019-10-05T11:14:23.581+0000: 710.570: [DefNew: 409873K->287K(460800K), 0.0035842 secs] 500618K->91032K(1484800K), 0.0036649 secs] [Times: user=0.00 sys=0.00, real=0.00 secs] 
2019-10-05T11:14:27.083+0000: 714.073: [GC (Allocation Failure) 2019-10-05T11:14:27.083+0000: 714.073: [DefNew: 409887K->273K(460800K), 0.0036146 secs] 500632K->91018K(1484800K), 0.0036889 secs] [Times: user=0.00 sys=0.00, real=0.00 secs] 
2019-10-05T11:14:30.570+0000: 717.559: [GC (Allocation Failure) 2019-10-05T11:14:30.570+0000: 717.559: [DefNew: 409873K->234K(460800K), 0.0036427 secs] 500618K->91018K(1484800K), 0.0037230 secs] [Times: user=0.00 sys=0.00, real=0.01 secs] 
2019-10-05T11:14:34.043+0000: 721.033: [GC (Allocation Failure) 2019-10-05T11:14:34.043+0000: 721.033: [DefNew: 409834K->219K(460800K), 0.0037499 secs] 500618K->91018K(1484800K), 0.0038278 secs] [Times: user=0.00 sys=0.00, real=0.00 secs] 
2019-10-05T11:14:37.527+0000: 724.516: [GC (Allocation Failure) 2019-10-05T11:14:37.527+0000: 724.516: [DefNew: 409819K->243K(460800K), 0.0038026 secs] 500618K->91070K(1484800K), 0.0038950 secs] [Times: user=0.00 sys=0.00, real=0.00 secs] 
2019-10-05T11:14:41.140+0000: 728.129: [GC (Allocation Failure) 2019-10-05T11:14:41.140+0000: 728.129: [DefNew: 409843K->258K(460800K), 0.0038311 secs] 500670K->91104K(1484800K), 0.0039111 secs] [Times: user=0.00 sys=0.00, real=0.00 secs] 
2019-10-05T11:14:44.752+0000: 731.741: [GC (Allocation Failure) 2019-10-05T11:14:44.752+0000: 731.741: [DefNew: 409858K->263K(460800K), 0.0038152 secs] 500704K->91123K(1484800K), 0.0038937 secs] [Times: user=0.01 sys=0.00, real=0.01 secs] 
2019-10-05T11:14:48.364+0000: 735.353: [GC (Allocation Failure) 2019-10-05T11:14:48.364+0000: 735.353: [DefNew: 409863K->262K(460800K), 0.0037326 secs] 500723K->91139K(1484800K), 0.0038069 secs] [Times: user=0.01 sys=0.00, real=0.00 secs] 
2019-10-05T11:14:51.914+0000: 738.903: [GC (Allocation Failure) 2019-10-05T11:14:51.914+0000: 738.903: [DefNew: 409862K->249K(460800K), 0.0037830 secs] 500739K->91153K(1484800K), 0.0038532 secs] [Times: user=0.00 sys=0.01, real=0.00 secs] 
2019-10-05T11:14:55.503+0000: 742.493: [GC (Allocation Failure) 2019-10-05T11:14:55.503+0000: 742.493: [DefNew: 409849K->266K(460800K), 0.0038113 secs] 500753K->91178K(1484800K), 0.0038969 secs] [Times: user=0.01 sys=0.00, real=0.00 secs] 
2019-10-05T11:14:59.072+0000: 746.062: [GC (Allocation Failure) 2019-10-05T11:14:59.072+0000: 746.062: [DefNew: 409866K->269K(460800K), 0.0034930 secs] 500778K->91182K(1484800K), 0.0035753 secs] [Times: user=0.00 sys=0.00, real=0.00 secs] 
2019-10-05T11:15:02.591+0000: 749.580: [GC (Allocation Failure) 2019-10-05T11:15:02.591+0000: 749.581: [DefNew: 409869K->282K(460800K), 0.0037055 secs] 500782K->91195K(1484800K), 0.0037778 secs] [Times: user=0.00 sys=0.00, real=0.01 secs] 
2019-10-05T11:15:06.007+0000: 752.996: [GC (Allocation Failure) 2019-10-05T11:15:06.007+0000: 752.996: [DefNew: 409882K->286K(460800K), 0.0036163 secs] 500795K->91198K(1484800K), 0.0036956 secs] [Times: user=0.01 sys=0.00, real=0.00 secs] 
2019-10-05T11:15:09.457+0000: 756.446: [GC (Allocation Failure) 2019-10-05T11:15:09.457+0000: 756.446: [DefNew: 409886K->281K(460800K), 0.0036000 secs] 500798K->91194K(1484800K), 0.0036807 secs] [Times: user=0.00 sys=0.00, real=0.01 secs] 
2019-10-05T11:15:12.927+0000: 759.917: [GC (Allocation Failure) 2019-10-05T11:15:12.927+0000: 759.917: [DefNew: 409881K->282K(460800K), 0.0035710 secs] 500794K->91194K(1484800K), 0.0036537 secs] [Times: user=0.01 sys=0.00, real=0.00 secs] 
2019-10-05T11:15:16.387+0000: 763.376: [GC (Allocation Failure) 2019-10-05T11:15:16.387+0000: 763.376: [DefNew: 409882K->292K(460800K), 0.0036521 secs] 500794K->91204K(1484800K), 0.0037377 secs] [Times: user=0.00 sys=0.00, real=0.00 secs] 
2019-10-05T11:15:19.835+0000: 766.825: [GC (Allocation Failure) 2019-10-05T11:15:19.835+0000: 766.825: [DefNew: 409892K->287K(460800K), 0.0038683 secs] 500804K->91199K(1484800K), 0.0039512 secs] [Times: user=0.00 sys=0.00, real=0.00 secs] 
2019-10-05T11:15:23.298+0000: 770.287: [GC (Allocation Failure) 2019-10-05T11:15:23.298+0000: 770.287: [DefNew: 409887K->282K(460800K), 0.0036835 secs] 500799K->91194K(1484800K), 0.0037588 secs] [Times: user=0.01 sys=0.00, real=0.01 secs] 
2019-10-05T11:15:26.758+0000: 773.747: [GC (Allocation Failure) 2019-10-05T11:15:26.758+0000: 773.747: [DefNew: 409882K->282K(460800K), 0.0036030 secs] 500794K->91195K(1484800K), 0.0036827 secs] [Times: user=0.01 sys=0.00, real=0.01 secs] 
2019-10-05T11:15:30.238+0000: 777.227: [GC (Allocation Failure) 2019-10-05T11:15:30.238+0000: 777.227: [DefNew: 409882K->228K(460800K), 0.0036746 secs] 500795K->91192K(1484800K), 0.0037510 secs] [Times: user=0.00 sys=0.00, real=0.01 secs] 
2019-10-05T11:15:33.669+0000: 780.658: [GC (Allocation Failure) 2019-10-05T11:15:33.669+0000: 780.658: [DefNew: 409828K->190K(460800K), 0.0036185 secs] 500792K->91188K(1484800K), 0.0037068 secs] [Times: user=0.01 sys=0.00, real=0.01 secs] 
2019-10-05T11:15:37.159+0000: 784.148: [GC (Allocation Failure) 2019-10-05T11:15:37.159+0000: 784.148: [DefNew: 409790K->204K(460800K), 0.0036462 secs] 500788K->91217K(1484800K), 0.0037318 secs] [Times: user=0.00 sys=0.00, real=0.01 secs] 
2019-10-05T11:15:40.744+0000: 787.734: [GC (Allocation Failure) 2019-10-05T11:15:40.744+0000: 787.734: [DefNew: 409804K->213K(460800K), 0.0036932 secs] 500817K->91249K(1484800K), 0.0037804 secs] [Times: user=0.00 sys=0.00, real=0.00 secs] 
2019-10-05T11:15:44.350+0000: 791.339: [GC (Allocation Failure) 2019-10-05T11:15:44.350+0000: 791.340: [DefNew: 409813K->205K(460800K), 0.0035514 secs] 500849K->91253K(1484800K), 0.0037473 secs] [Times: user=0.01 sys=0.00, real=0.01 secs] 
2019-10-05T11:15:47.929+0000: 794.919: [GC (Allocation Failure) 2019-10-05T11:15:47.930+0000: 794.919: [DefNew: 409805K->212K(460800K), 0.0035133 secs] 500853K->91278K(1484800K), 0.0036011 secs] [Times: user=0.01 sys=0.00, real=0.01 secs] 
2019-10-05T11:15:51.535+0000: 798.524: [GC (Allocation Failure) 2019-10-05T11:15:51.535+0000: 798.524: [DefNew: 409812K->215K(460800K), 0.0038524 secs] 500878K->91294K(1484800K), 0.0039262 secs] [Times: user=0.00 sys=0.00, real=0.00 secs] 
2019-10-05T11:15:55.152+0000: 802.142: [GC (Allocation Failure) 2019-10-05T11:15:55.152+0000: 802.142: [DefNew: 409815K->222K(460800K), 0.0037167 secs] 500894K->91310K(1484800K), 0.0038027 secs] [Times: user=0.01 sys=0.00, real=0.00 secs] 
2019-10-05T11:15:58.671+0000: 805.660: [GC (Allocation Failure) 2019-10-05T11:15:58.671+0000: 805.660: [DefNew: 409822K->233K(460800K), 0.0035488 secs] 500910K->91321K(1484800K), 0.0036340 secs] [Times: user=0.00 sys=0.00, real=0.01 secs] 
2019-10-05T11:16:02.258+0000: 809.248: [GC (Allocation Failure) 2019-10-05T11:16:02.258+0000: 809.248: [DefNew: 409833K->241K(460800K), 0.0036742 secs] 500921K->91329K(1484800K), 0.0037507 secs] [Times: user=0.00 sys=0.00, real=0.01 secs] 
2019-10-05T11:16:05.722+0000: 812.711: [GC (Allocation Failure) 2019-10-05T11:16:05.722+0000: 812.711: [DefNew: 409841K->231K(460800K), 0.0035314 secs] 500929K->91319K(1484800K), 0.0036168 secs] [Times: user=0.01 sys=0.00, real=0.00 secs] 
2019-10-05T11:16:09.215+0000: 816.204: [GC (Allocation Failure) 2019-10-05T11:16:09.215+0000: 816.204: [DefNew: 409831K->231K(460800K), 0.0035531 secs] 500919K->91319K(1484800K), 0.0036391 secs] [Times: user=0.00 sys=0.00, real=0.00 secs] 
2019-10-05T11:16:12.716+0000: 819.705: [GC (Allocation Failure) 2019-10-05T11:16:12.716+0000: 819.705: [DefNew: 409831K->240K(460800K), 0.0035810 secs] 500919K->91329K(1484800K), 0.0036590 secs] [Times: user=0.01 sys=0.00, real=0.00 secs] 
2019-10-05T11:16:16.176+0000: 823.166: [GC (Allocation Failure) 2019-10-05T11:16:16.176+0000: 823.166: [DefNew: 409840K->231K(460800K), 0.0035014 secs] 500929K->91319K(1484800K), 0.0035801 secs] [Times: user=0.00 sys=0.00, real=0.00 secs] 
2019-10-05T11:16:19.666+0000: 826.655: [GC (Allocation Failure) 2019-10-05T11:16:19.666+0000: 826.655: [DefNew: 409831K->231K(460800K), 0.0035172 secs] 500919K->91319K(1484800K), 0.0036026 secs] [Times: user=0.00 sys=0.00, real=0.00 secs] 
2019-10-05T11:16:23.154+0000: 830.144: [GC (Allocation Failure) 2019-10-05T11:16:23.155+0000: 830.144: [DefNew: 409831K->231K(460800K), 0.0036167 secs] 500919K->91319K(1484800K), 0.0036966 secs] [Times: user=0.01 sys=0.00, real=0.00 secs] 
2019-10-05T11:16:26.643+0000: 833.633: [GC (Allocation Failure) 2019-10-05T11:16:26.643+0000: 833.633: [DefNew: 409831K->231K(460800K), 0.0035956 secs] 500919K->91320K(1484800K), 0.0036834 secs] [Times: user=0.00 sys=0.00, real=0.00 secs] 
2019-10-05T11:16:30.135+0000: 837.124: [GC (Allocation Failure) 2019-10-05T11:16:30.135+0000: 837.124: [DefNew: 409831K->196K(460800K), 0.0036697 secs] 500920K->91320K(1484800K), 0.0037497 secs] [Times: user=0.01 sys=0.00, real=0.00 secs] 
2019-10-05T11:16:33.621+0000: 840.610: [GC (Allocation Failure) 2019-10-05T11:16:33.621+0000: 840.610: [DefNew: 409796K->176K(460800K), 0.0035398 secs] 500920K->91319K(1484800K), 0.0036286 secs] [Times: user=0.00 sys=0.00, real=0.00 secs] 
2019-10-05T11:16:37.109+0000: 844.098: [GC (Allocation Failure) 2019-10-05T11:16:37.109+0000: 844.098: [DefNew: 409776K->196K(460800K), 0.0035887 secs] 500919K->91356K(1484800K), 0.0036691 secs] [Times: user=0.01 sys=0.00, real=0.01 secs] 
2019-10-05T11:16:40.718+0000: 847.708: [GC (Allocation Failure) 2019-10-05T11:16:40.718+0000: 847.708: [DefNew: 409796K->214K(460800K), 0.0036638 secs] 500956K->91386K(1484800K), 0.0037615 secs] [Times: user=0.00 sys=0.00, real=0.01 secs] 
2019-10-05T11:16:44.344+0000: 851.333: [GC (Allocation Failure) 2019-10-05T11:16:44.344+0000: 851.333: [DefNew: 409814K->203K(460800K), 0.0037513 secs] 500986K->91391K(1484800K), 0.0038306 secs] [Times: user=0.00 sys=0.00, real=0.00 secs] 
2019-10-05T11:16:47.918+0000: 854.908: [GC (Allocation Failure) 2019-10-05T11:16:47.918+0000: 854.908: [DefNew: 409803K->215K(460800K), 0.0036580 secs] 500991K->91419K(1484800K), 0.0037303 secs] [Times: user=0.01 sys=0.00, real=0.01 secs] 
2019-10-05T11:16:51.489+0000: 858.478: [GC (Allocation Failure) 2019-10-05T11:16:51.489+0000: 858.478: [DefNew: 409815K->214K(460800K), 0.0037449 secs] 501019K->91429K(1484800K), 0.0038205 secs] [Times: user=0.00 sys=0.00, real=0.01 secs] 
2019-10-05T11:16:55.056+0000: 862.045: [GC (Allocation Failure) 2019-10-05T11:16:55.056+0000: 862.045: [DefNew: 409814K->233K(460800K), 0.0036365 secs] 501029K->91458K(1484800K), 0.0037011 secs] [Times: user=0.00 sys=0.00, real=0.00 secs] 
2019-10-05T11:16:58.616+0000: 865.605: [GC (Allocation Failure) 2019-10-05T11:16:58.616+0000: 865.605: [DefNew: 409833K->233K(460800K), 0.0035694 secs] 501058K->91458K(1484800K), 0.0036537 secs] [Times: user=0.00 sys=0.00, real=0.00 secs] 
2019-10-05T11:17:02.179+0000: 869.168: [GC (Allocation Failure) 2019-10-05T11:17:02.179+0000: 869.168: [DefNew: 409833K->237K(460800K), 0.0036992 secs] 501058K->91462K(1484800K), 0.0037824 secs] [Times: user=0.00 sys=0.00, real=0.01 secs] 
2019-10-05T11:17:05.652+0000: 872.642: [GC (Allocation Failure) 2019-10-05T11:17:05.652+0000: 872.642: [DefNew: 409837K->230K(460800K), 0.0034560 secs] 501062K->91455K(1484800K), 0.0035371 secs] [Times: user=0.00 sys=0.00, real=0.00 secs] 
2019-10-05T11:17:09.151+0000: 876.140: [GC (Allocation Failure) 2019-10-05T11:17:09.151+0000: 876.140: [DefNew: 409830K->230K(460800K), 0.0035194 secs] 501055K->91455K(1484800K), 0.0036028 secs] [Times: user=0.00 sys=0.00, real=0.01 secs] 
2019-10-05T11:17:12.645+0000: 879.634: [GC (Allocation Failure) 2019-10-05T11:17:12.645+0000: 879.634: [DefNew: 409830K->230K(460800K), 0.0035165 secs] 501055K->91455K(1484800K), 0.0035993 secs] [Times: user=0.00 sys=0.00, real=0.00 secs] 
2019-10-05T11:17:16.130+0000: 883.120: [GC (Allocation Failure) 2019-10-05T11:17:16.130+0000: 883.120: [DefNew: 409830K->238K(460800K), 0.0036179 secs] 501055K->91463K(1484800K), 0.0037047 secs] [Times: user=0.00 sys=0.00, real=0.01 secs] 
2019-10-05T11:17:19.630+0000: 886.619: [GC (Allocation Failure) 2019-10-05T11:17:19.630+0000: 886.619: [DefNew: 409838K->239K(460800K), 0.0035248 secs] 501063K->91464K(1484800K), 0.0036113 secs] [Times: user=0.00 sys=0.00, real=0.01 secs] 
2019-10-05T11:17:23.125+0000: 890.114: [GC (Allocation Failure) 2019-10-05T11:17:23.125+0000: 890.114: [DefNew: 409839K->230K(460800K), 0.0035065 secs] 501064K->91455K(1484800K), 0.0035830 secs] [Times: user=0.01 sys=0.00, real=0.00 secs] 
2019-10-05T11:17:26.617+0000: 893.606: [GC (Allocation Failure) 2019-10-05T11:17:26.617+0000: 893.606: [DefNew: 409830K->232K(460800K), 0.0035307 secs] 501055K->91457K(1484800K), 0.0036083 secs] [Times: user=0.00 sys=0.00, real=0.01 secs] 
2019-10-05T11:17:30.123+0000: 897.113: [GC (Allocation Failure) 2019-10-05T11:17:30.123+0000: 897.113: [DefNew: 409832K->197K(460800K), 0.0036434 secs] 501057K->91458K(1484800K), 0.0037257 secs] [Times: user=0.01 sys=0.00, real=0.00 secs] 
2019-10-05T11:17:33.551+0000: 900.540: [GC (Allocation Failure) 2019-10-05T11:17:33.551+0000: 900.540: [DefNew: 409797K->175K(460800K), 0.0035046 secs] 501058K->91455K(1484800K), 0.0035864 secs] [Times: user=0.01 sys=0.00, real=0.01 secs] 
11:17:34.253 [Client] INFO  c.s.f.r.e.s.SocketRear  - FlameSocketGraphDeployerRear@flamestream-benchmarks-worker-1: has been disconnected from Connection 1
11:17:34.257 [worker-akka.actor.default-dispatcher-12] INFO  a.a.LocalActorRef akka://worker/user/watcher/acker - Unregistering front FlameSocketGraphDeployerFront@flamestream-benchmarks-worker-32
11:17:34.259 [worker-akka.actor.default-dispatcher-12] INFO  a.a.LocalActorRef akka://worker/user/watcher/acker - Unregistering front FlameSocketGraphDeployerFront@flamestream-benchmarks-worker-4
11:17:34.259 [worker-akka.actor.default-dispatcher-12] INFO  a.a.LocalActorRef akka://worker/user/watcher/acker - Unregistering front FlameSocketGraphDeployerFront@flamestream-benchmarks-worker-54
11:17:34.260 [worker-akka.actor.default-dispatcher-12] INFO  a.a.LocalActorRef akka://worker/user/watcher/acker - Unregistering front FlameSocketGraphDeployerFront@flamestream-benchmarks-worker-51
11:17:34.260 [worker-akka.actor.default-dispatcher-12] INFO  a.a.LocalActorRef akka://worker/user/watcher/acker - Unregistering front FlameSocketGraphDeployerFront@flamestream-benchmarks-worker-53
11:17:34.260 [worker-akka.actor.default-dispatcher-12] INFO  a.a.LocalActorRef akka://worker/user/watcher/acker - Unregistering front FlameSocketGraphDeployerFront@flamestream-benchmarks-worker-49
11:17:34.260 [worker-akka.actor.default-dispatcher-12] INFO  a.a.LocalActorRef akka://worker/user/watcher/acker - Unregistering front FlameSocketGraphDeployerFront@flamestream-benchmarks-worker-22
11:17:34.268 [worker-akka.actor.default-dispatcher-9] INFO  a.a.LocalActorRef akka://worker/user/watcher/acker - Unregistering front FlameSocketGraphDeployerFront@flamestream-benchmarks-worker-12
11:17:34.268 [worker-akka.actor.default-dispatcher-9] INFO  a.a.LocalActorRef akka://worker/user/watcher/acker - Unregistering front FlameSocketGraphDeployerFront@flamestream-benchmarks-worker-23
11:17:34.268 [worker-akka.actor.default-dispatcher-9] INFO  a.a.LocalActorRef akka://worker/user/watcher/acker - Unregistering front FlameSocketGraphDeployerFront@flamestream-benchmarks-worker-20
11:17:34.268 [worker-akka.actor.default-dispatcher-9] INFO  a.a.LocalActorRef akka://worker/user/watcher/acker - Unregistering front FlameSocketGraphDeployerFront@flamestream-benchmarks-worker-17
11:17:34.268 [worker-akka.actor.default-dispatcher-9] INFO  a.a.LocalActorRef akka://worker/user/watcher/acker - Unregistering front FlameSocketGraphDeployerFront@flamestream-benchmarks-worker-63
11:17:34.268 [worker-akka.actor.default-dispatcher-9] INFO  a.a.LocalActorRef akka://worker/user/watcher/acker - Unregistering front FlameSocketGraphDeployerFront@flamestream-benchmarks-worker-72
11:17:34.268 [worker-akka.actor.default-dispatcher-9] INFO  a.a.LocalActorRef akka://worker/user/watcher/acker - Unregistering front FlameSocketGraphDeployerFront@flamestream-benchmarks-worker-25
11:17:34.268 [worker-akka.actor.default-dispatcher-9] INFO  a.a.LocalActorRef akka://worker/user/watcher/acker - Unregistering front FlameSocketGraphDeployerFront@flamestream-benchmarks-worker-47
11:17:34.268 [worker-akka.actor.default-dispatcher-9] INFO  a.a.LocalActorRef akka://worker/user/watcher/acker - Unregistering front FlameSocketGraphDeployerFront@flamestream-benchmarks-worker-28
11:17:34.268 [worker-akka.actor.default-dispatcher-9] INFO  a.a.LocalActorRef akka://worker/user/watcher/acker - Unregistering front FlameSocketGraphDeployerFront@flamestream-benchmarks-worker-66
11:17:34.268 [worker-akka.actor.default-dispatcher-9] INFO  a.a.LocalActorRef akka://worker/user/watcher/acker - Unregistering front FlameSocketGraphDeployerFront@flamestream-benchmarks-worker-92
11:17:34.268 [worker-akka.actor.default-dispatcher-9] INFO  a.a.LocalActorRef akka://worker/user/watcher/acker - Unregistering front FlameSocketGraphDeployerFront@flamestream-benchmarks-worker-6
11:17:34.269 [worker-akka.actor.default-dispatcher-9] INFO  a.a.LocalActorRef akka://worker/user/watcher/acker - Unregistering front FlameSocketGraphDeployerFront@flamestream-benchmarks-worker-77
11:17:34.269 [worker-akka.actor.default-dispatcher-9] INFO  a.a.LocalActorRef akka://worker/user/watcher/acker - Unregistering front FlameSocketGraphDeployerFront@flamestream-benchmarks-worker-58
11:17:34.269 [worker-akka.actor.default-dispatcher-9] INFO  a.a.LocalActorRef akka://worker/user/watcher/acker - Unregistering front FlameSocketGraphDeployerFront@flamestream-benchmarks-worker-45
11:17:34.269 [worker-akka.actor.default-dispatcher-12] INFO  a.a.LocalActorRef akka://worker/user/watcher/acker - Unregistering front FlameSocketGraphDeployerFront@flamestream-benchmarks-worker-82
11:17:34.269 [worker-akka.actor.default-dispatcher-12] INFO  a.a.LocalActorRef akka://worker/user/watcher/acker - Unregistering front FlameSocketGraphDeployerFront@flamestream-benchmarks-worker-50
11:17:34.269 [worker-akka.actor.default-dispatcher-12] INFO  a.a.LocalActorRef akka://worker/user/watcher/acker - Unregistering front FlameSocketGraphDeployerFront@flamestream-benchmarks-worker-80
11:17:34.269 [worker-akka.actor.default-dispatcher-12] INFO  a.a.LocalActorRef akka://worker/user/watcher/acker - Unregistering front FlameSocketGraphDeployerFront@flamestream-benchmarks-worker-21
11:17:34.269 [worker-akka.actor.default-dispatcher-12] INFO  a.a.LocalActorRef akka://worker/user/watcher/acker - Unregistering front FlameSocketGraphDeployerFront@flamestream-benchmarks-worker-35
11:17:34.269 [worker-akka.actor.default-dispatcher-12] INFO  a.a.LocalActorRef akka://worker/user/watcher/acker - Unregistering front FlameSocketGraphDeployerFront@flamestream-benchmarks-worker-99
11:17:34.269 [worker-akka.actor.default-dispatcher-12] INFO  a.a.LocalActorRef akka://worker/user/watcher/acker - Unregistering front FlameSocketGraphDeployerFront@flamestream-benchmarks-worker-55
11:17:34.269 [worker-akka.actor.default-dispatcher-12] INFO  a.a.LocalActorRef akka://worker/user/watcher/acker - Unregistering front FlameSocketGraphDeployerFront@flamestream-benchmarks-worker-42
11:17:34.269 [worker-akka.actor.default-dispatcher-12] INFO  a.a.LocalActorRef akka://worker/user/watcher/acker - Unregistering front FlameSocketGraphDeployerFront@flamestream-benchmarks-worker-60
11:17:34.269 [worker-akka.actor.default-dispatcher-12] INFO  a.a.LocalActorRef akka://worker/user/watcher/acker - Unregistering front FlameSocketGraphDeployerFront@flamestream-benchmarks-worker-44
11:17:34.269 [worker-akka.actor.default-dispatcher-12] INFO  a.a.LocalActorRef akka://worker/user/watcher/acker - Unregistering front FlameSocketGraphDeployerFront@flamestream-benchmarks-worker-38
11:17:34.269 [worker-akka.actor.default-dispatcher-12] INFO  a.a.LocalActorRef akka://worker/user/watcher/acker - Unregistering front FlameSocketGraphDeployerFront@flamestream-benchmarks-worker-97
11:17:34.269 [worker-akka.actor.default-dispatcher-12] INFO  a.a.LocalActorRef akka://worker/user/watcher/acker - Unregistering front FlameSocketGraphDeployerFront@flamestream-benchmarks-worker-65
11:17:34.270 [worker-akka.actor.default-dispatcher-12] INFO  a.a.LocalActorRef akka://worker/user/watcher/acker - Unregistering front FlameSocketGraphDeployerFront@flamestream-benchmarks-worker-71
11:17:34.270 [worker-akka.actor.default-dispatcher-12] INFO  a.a.LocalActorRef akka://worker/user/watcher/acker - Unregistering front FlameSocketGraphDeployerFront@flamestream-benchmarks-worker-70
11:17:34.270 [worker-akka.actor.default-dispatcher-18] INFO  a.a.LocalActorRef akka://worker/user/watcher/acker - Unregistering front FlameSocketGraphDeployerFront@flamestream-benchmarks-worker-93
11:17:34.270 [worker-akka.actor.default-dispatcher-18] INFO  a.a.LocalActorRef akka://worker/user/watcher/acker - Unregistering front FlameSocketGraphDeployerFront@flamestream-benchmarks-worker-16
11:17:34.270 [worker-akka.actor.default-dispatcher-18] INFO  a.a.LocalActorRef akka://worker/user/watcher/acker - Unregistering front FlameSocketGraphDeployerFront@flamestream-benchmarks-worker-13
11:17:34.270 [worker-akka.actor.default-dispatcher-18] INFO  a.a.LocalActorRef akka://worker/user/watcher/acker - Unregistering front FlameSocketGraphDeployerFront@flamestream-benchmarks-worker-79
11:17:34.270 [worker-akka.actor.default-dispatcher-18] INFO  a.a.LocalActorRef akka://worker/user/watcher/acker - Unregistering front FlameSocketGraphDeployerFront@flamestream-benchmarks-worker-76
11:17:34.270 [worker-akka.actor.default-dispatcher-15] INFO  a.a.LocalActorRef akka://worker/user/watcher/acker - Unregistering front FlameSocketGraphDeployerFront@flamestream-benchmarks-worker-10
11:17:34.270 [worker-akka.actor.default-dispatcher-15] INFO  a.a.LocalActorRef akka://worker/user/watcher/acker - Unregistering front FlameSocketGraphDeployerFront@flamestream-benchmarks-worker-11
11:17:34.270 [worker-akka.actor.default-dispatcher-15] INFO  a.a.LocalActorRef akka://worker/user/watcher/acker - Unregistering front FlameSocketGraphDeployerFront@flamestream-benchmarks-worker-73
11:17:34.270 [worker-akka.actor.default-dispatcher-15] INFO  a.a.LocalActorRef akka://worker/user/watcher/acker - Unregistering front FlameSocketGraphDeployerFront@flamestream-benchmarks-worker-29
11:17:34.270 [worker-akka.actor.default-dispatcher-15] INFO  a.a.LocalActorRef akka://worker/user/watcher/acker - Unregistering front FlameSocketGraphDeployerFront@flamestream-benchmarks-worker-33
11:17:34.270 [worker-akka.actor.default-dispatcher-6] INFO  a.a.LocalActorRef akka://worker/user/watcher/acker - Unregistering front FlameSocketGraphDeployerFront@flamestream-benchmarks-worker-43
11:17:34.271 [worker-akka.actor.default-dispatcher-6] INFO  a.a.LocalActorRef akka://worker/user/watcher/acker - Unregistering front FlameSocketGraphDeployerFront@flamestream-benchmarks-worker-98
11:17:34.271 [worker-akka.actor.default-dispatcher-6] INFO  a.a.LocalActorRef akka://worker/user/watcher/acker - Unregistering front FlameSocketGraphDeployerFront@flamestream-benchmarks-worker-26
11:17:34.271 [worker-akka.actor.default-dispatcher-6] INFO  a.a.LocalActorRef akka://worker/user/watcher/acker - Unregistering front FlameSocketGraphDeployerFront@flamestream-benchmarks-worker-62
11:17:34.271 [worker-akka.actor.default-dispatcher-6] INFO  a.a.LocalActorRef akka://worker/user/watcher/acker - Unregistering front FlameSocketGraphDeployerFront@flamestream-benchmarks-worker-34
11:17:34.271 [worker-akka.actor.default-dispatcher-16] INFO  a.a.LocalActorRef akka://worker/user/watcher/acker - Unregistering front FlameSocketGraphDeployerFront@flamestream-benchmarks-worker-94
11:17:34.271 [worker-akka.actor.default-dispatcher-16] INFO  a.a.LocalActorRef akka://worker/user/watcher/acker - Unregistering front FlameSocketGraphDeployerFront@flamestream-benchmarks-worker-68
11:17:34.271 [worker-akka.actor.default-dispatcher-16] INFO  a.a.LocalActorRef akka://worker/user/watcher/acker - Unregistering front FlameSocketGraphDeployerFront@flamestream-benchmarks-worker-56
11:17:34.271 [worker-akka.actor.default-dispatcher-16] INFO  a.a.LocalActorRef akka://worker/user/watcher/acker - Unregistering front FlameSocketGraphDeployerFront@flamestream-benchmarks-worker-69
11:17:34.271 [worker-akka.actor.default-dispatcher-16] INFO  a.a.LocalActorRef akka://worker/user/watcher/acker - Unregistering front FlameSocketGraphDeployerFront@flamestream-benchmarks-worker-75
11:17:34.279 [worker-akka.actor.default-dispatcher-6] INFO  a.a.LocalActorRef akka://worker/user/watcher/acker - Unregistering front FlameSocketGraphDeployerFront@flamestream-benchmarks-worker-57
11:17:34.288 [worker-akka.actor.default-dispatcher-18] INFO  a.a.LocalActorRef akka://worker/user/watcher/acker - Unregistering front FlameSocketGraphDeployerFront@flamestream-benchmarks-worker-8
11:17:34.288 [worker-akka.actor.default-dispatcher-18] INFO  a.a.LocalActorRef akka://worker/user/watcher/acker - Unregistering front FlameSocketGraphDeployerFront@flamestream-benchmarks-worker-78
11:17:34.288 [worker-akka.actor.default-dispatcher-18] INFO  a.a.LocalActorRef akka://worker/user/watcher/acker - Unregistering front FlameSocketGraphDeployerFront@flamestream-benchmarks-worker-19
11:17:34.288 [worker-akka.actor.default-dispatcher-18] INFO  a.a.LocalActorRef akka://worker/user/watcher/acker - Unregistering front FlameSocketGraphDeployerFront@flamestream-benchmarks-worker-46
11:17:34.288 [worker-akka.actor.default-dispatcher-18] INFO  a.a.LocalActorRef akka://worker/user/watcher/acker - Unregistering front FlameSocketGraphDeployerFront@flamestream-benchmarks-worker-88
11:17:34.288 [worker-akka.actor.default-dispatcher-18] INFO  a.a.LocalActorRef akka://worker/user/watcher/acker - Unregistering front FlameSocketGraphDeployerFront@flamestream-benchmarks-worker-74
11:17:34.288 [worker-akka.actor.default-dispatcher-18] INFO  a.a.LocalActorRef akka://worker/user/watcher/acker - Unregistering front FlameSocketGraphDeployerFront@flamestream-benchmarks-worker-30
11:17:34.288 [worker-akka.actor.default-dispatcher-18] INFO  a.a.LocalActorRef akka://worker/user/watcher/acker - Unregistering front FlameSocketGraphDeployerFront@flamestream-benchmarks-worker-59
11:17:34.288 [worker-akka.actor.default-dispatcher-18] INFO  a.a.LocalActorRef akka://worker/user/watcher/acker - Unregistering front FlameSocketGraphDeployerFront@flamestream-benchmarks-worker-36
11:17:34.288 [worker-akka.actor.default-dispatcher-18] INFO  a.a.LocalActorRef akka://worker/user/watcher/acker - Unregistering front FlameSocketGraphDeployerFront@flamestream-benchmarks-worker-64
11:17:34.288 [worker-akka.actor.default-dispatcher-18] INFO  a.a.LocalActorRef akka://worker/user/watcher/acker - Unregistering front FlameSocketGraphDeployerFront@flamestream-benchmarks-worker-14
11:17:34.288 [worker-akka.actor.default-dispatcher-18] INFO  a.a.LocalActorRef akka://worker/user/watcher/acker - Unregistering front FlameSocketGraphDeployerFront@flamestream-benchmarks-worker-48
11:17:34.288 [worker-akka.actor.default-dispatcher-18] INFO  a.a.LocalActorRef akka://worker/user/watcher/acker - Unregistering front FlameSocketGraphDeployerFront@flamestream-benchmarks-worker-95
11:17:34.289 [worker-akka.actor.default-dispatcher-18] INFO  a.a.LocalActorRef akka://worker/user/watcher/acker - Unregistering front FlameSocketGraphDeployerFront@flamestream-benchmarks-worker-40
11:17:34.289 [worker-akka.actor.default-dispatcher-18] INFO  a.a.LocalActorRef akka://worker/user/watcher/acker - Unregistering front FlameSocketGraphDeployerFront@flamestream-benchmarks-worker-52
11:17:34.289 [worker-akka.actor.default-dispatcher-18] INFO  a.a.LocalActorRef akka://worker/user/watcher/acker - Unregistering front FlameSocketGraphDeployerFront@flamestream-benchmarks-worker-39
11:17:34.289 [worker-akka.actor.default-dispatcher-18] INFO  a.a.LocalActorRef akka://worker/user/watcher/acker - Unregistering front FlameSocketGraphDeployerFront@flamestream-benchmarks-worker-85
11:17:34.289 [worker-akka.actor.default-dispatcher-18] INFO  a.a.LocalActorRef akka://worker/user/watcher/acker - Unregistering front FlameSocketGraphDeployerFront@flamestream-benchmarks-worker-89
11:17:34.289 [worker-akka.actor.default-dispatcher-18] INFO  a.a.LocalActorRef akka://worker/user/watcher/acker - Unregistering front FlameSocketGraphDeployerFront@flamestream-benchmarks-worker-91
11:17:34.289 [worker-akka.actor.default-dispatcher-18] INFO  a.a.LocalActorRef akka://worker/user/watcher/acker - Unregistering front FlameSocketGraphDeployerFront@flamestream-benchmarks-worker-67
11:17:34.289 [worker-akka.actor.default-dispatcher-15] INFO  a.a.LocalActorRef akka://worker/user/watcher/acker - Unregistering front FlameSocketGraphDeployerFront@flamestream-benchmarks-worker-61
11:17:34.289 [worker-akka.actor.default-dispatcher-15] INFO  a.a.LocalActorRef akka://worker/user/watcher/acker - Unregistering front FlameSocketGraphDeployerFront@flamestream-benchmarks-worker-5
11:17:34.289 [worker-akka.actor.default-dispatcher-15] INFO  a.a.LocalActorRef akka://worker/user/watcher/acker - Unregistering front FlameSocketGraphDeployerFront@flamestream-benchmarks-worker-15
11:17:34.289 [worker-akka.actor.default-dispatcher-15] INFO  a.a.LocalActorRef akka://worker/user/watcher/acker - Unregistering front FlameSocketGraphDeployerFront@flamestream-benchmarks-worker-81
11:17:34.289 [worker-akka.actor.default-dispatcher-15] INFO  a.a.LocalActorRef akka://worker/user/watcher/acker - Unregistering front FlameSocketGraphDeployerFront@flamestream-benchmarks-worker-37
11:17:34.289 [worker-akka.actor.default-dispatcher-15] INFO  a.a.LocalActorRef akka://worker/user/watcher/acker - Unregistering front FlameSocketGraphDeployerFront@flamestream-benchmarks-worker-27
11:17:34.289 [worker-akka.actor.default-dispatcher-15] INFO  a.a.LocalActorRef akka://worker/user/watcher/acker - Unregistering front FlameSocketGraphDeployerFront@flamestream-benchmarks-worker-7
11:17:34.289 [worker-akka.actor.default-dispatcher-15] INFO  a.a.LocalActorRef akka://worker/user/watcher/acker - Unregistering front FlameSocketGraphDeployerFront@flamestream-benchmarks-worker-31
11:17:34.289 [worker-akka.actor.default-dispatcher-15] INFO  a.a.LocalActorRef akka://worker/user/watcher/acker - Unregistering front FlameSocketGraphDeployerFront@flamestream-benchmarks-worker-18
11:17:34.289 [worker-akka.actor.default-dispatcher-15] INFO  a.a.LocalActorRef akka://worker/user/watcher/acker - Unregistering front FlameSocketGraphDeployerFront@flamestream-benchmarks-worker-9
11:17:34.289 [worker-akka.actor.default-dispatcher-15] INFO  a.a.LocalActorRef akka://worker/user/watcher/acker - Unregistering front FlameSocketGraphDeployerFront@flamestream-benchmarks-worker-96
11:17:34.289 [worker-akka.actor.default-dispatcher-15] INFO  a.a.LocalActorRef akka://worker/user/watcher/acker - Unregistering front FlameSocketGraphDeployerFront@flamestream-benchmarks-worker-90
11:17:34.289 [worker-akka.actor.default-dispatcher-15] INFO  a.a.LocalActorRef akka://worker/user/watcher/acker - Unregistering front FlameSocketGraphDeployerFront@flamestream-benchmarks-worker-41
11:17:34.290 [worker-akka.actor.default-dispatcher-15] INFO  a.a.LocalActorRef akka://worker/user/watcher/acker - Unregistering front FlameSocketGraphDeployerFront@flamestream-benchmarks-worker-84
11:17:34.290 [worker-akka.actor.default-dispatcher-15] INFO  a.a.LocalActorRef akka://worker/user/watcher/acker - Unregistering front FlameSocketGraphDeployerFront@flamestream-benchmarks-worker-86
11:17:34.290 [worker-akka.actor.default-dispatcher-12] INFO  a.a.LocalActorRef akka://worker/user/watcher/acker - Unregistering front FlameSocketGraphDeployerFront@flamestream-benchmarks-worker-87
11:17:34.290 [worker-akka.actor.default-dispatcher-12] INFO  a.a.LocalActorRef akka://worker/user/watcher/acker - Unregistering front FlameSocketGraphDeployerFront@flamestream-benchmarks-worker-83
11:17:34.290 [worker-akka.actor.default-dispatcher-12] INFO  a.a.LocalActorRef akka://worker/user/watcher/acker - Unregistering front FlameSocketGraphDeployerFront@flamestream-benchmarks-worker-3
11:17:34.290 [worker-akka.actor.default-dispatcher-12] INFO  a.a.LocalActorRef akka://worker/user/watcher/acker - Unregistering front FlameSocketGraphDeployerFront@flamestream-benchmarks-worker-24
11:17:34.303 [worker-akka.actor.default-dispatcher-24] WARN  c.s.f.r.e.s.SocketRear  - FlameSocketGraphDeployerRear@flamestream-benchmarks-worker-1: writing to closed log
11:19:19.872 [worker-akka.actor.default-dispatcher-18] INFO  a.a.LocalActorRef akka://worker/user/watcher/processing-watcher/graph/edge/FlameSocketGraphDeployerRear - Stopped
11:19:19.872 [worker-akka.actor.default-dispatcher-23] INFO  a.a.LocalActorRef akka://worker/user/watcher/processing-watcher/graph/edge/FlameSocketGraphDeployerFront - Stopped
11:19:19.873 [worker-akka.actor.default-dispatcher-23] INFO  a.a.LocalActorRef akka://worker/user/watcher/processing-watcher/graph/edge - Stopped
11:19:19.876 [worker-akka.actor.default-dispatcher-15] INFO  a.a.LocalActorRef akka://worker/user/watcher/acker - Stopped
11:19:19.876 [worker-akka.actor.default-dispatcher-15] INFO  a.a.LocalActorRef akka://worker/user/watcher/processing-watcher/graph/graph/$+ - Stopped
11:19:19.876 [worker-akka.actor.default-dispatcher-15] INFO  a.a.LocalActorRef akka://worker/user/watcher/processing-watcher/graph/graph/$0 - Stopped
11:19:19.876 [worker-akka.actor.default-dispatcher-15] INFO  a.a.LocalActorRef akka://worker/user/watcher/processing-watcher/graph/graph/$1 - Stopped
11:19:19.876 [worker-akka.actor.default-dispatcher-15] INFO  a.a.LocalActorRef akka://worker/user/watcher/processing-watcher/graph/graph/$2 - Stopped
11:19:19.876 [worker-akka.actor.default-dispatcher-15] INFO  a.a.LocalActorRef akka://worker/user/watcher/processing-watcher/graph/graph/$3 - Stopped
11:19:19.876 [worker-akka.actor.default-dispatcher-15] INFO  a.a.LocalActorRef akka://worker/user/watcher/processing-watcher/graph/graph/$4 - Stopped
11:19:19.876 [worker-akka.actor.default-dispatcher-15] INFO  a.a.LocalActorRef akka://worker/user/watcher/processing-watcher/graph/graph/$5 - Stopped
11:19:19.876 [worker-akka.actor.default-dispatcher-15] INFO  a.a.LocalActorRef akka://worker/user/watcher/processing-watcher/graph/graph/$6 - Stopped
11:19:19.876 [worker-akka.actor.default-dispatcher-15] INFO  a.a.LocalActorRef akka://worker/user/watcher/processing-watcher/graph/graph/$7 - Stopped
11:19:19.877 [worker-akka.actor.default-dispatcher-15] INFO  a.a.LocalActorRef akka://worker/user/watcher/processing-watcher/graph/graph/$8 - Stopped
11:19:19.877 [worker-akka.actor.default-dispatcher-15] INFO  a.a.LocalActorRef akka://worker/user/watcher/processing-watcher/graph/graph/$9 - Stopped
11:19:19.877 [worker-akka.actor.default-dispatcher-15] INFO  a.a.LocalActorRef akka://worker/user/watcher/processing-watcher/graph/graph/$A - Stopped
11:19:19.877 [worker-akka.actor.default-dispatcher-15] INFO  a.a.LocalActorRef akka://worker/user/watcher/processing-watcher/graph/graph/$Ab - Stopped
11:19:19.877 [worker-akka.actor.default-dispatcher-15] INFO  a.a.LocalActorRef akka://worker/user/watcher/processing-watcher/graph/graph/$B - Stopped
11:19:19.877 [worker-akka.actor.default-dispatcher-15] INFO  a.a.LocalActorRef akka://worker/user/watcher/processing-watcher/graph/graph/$Bb - Stopped
11:19:19.877 [worker-akka.actor.default-dispatcher-15] INFO  a.a.LocalActorRef akka://worker/user/watcher/processing-watcher/graph/graph/$C - Stopped
11:19:19.877 [worker-akka.actor.default-dispatcher-15] INFO  a.a.LocalActorRef akka://worker/user/watcher/processing-watcher/graph/graph/$Cb - Stopped
11:19:19.877 [worker-akka.actor.default-dispatcher-15] INFO  a.a.LocalActorRef akka://worker/user/watcher/processing-watcher/graph/graph/$D - Stopped
11:19:19.877 [worker-akka.actor.default-dispatcher-15] INFO  a.a.LocalActorRef akka://worker/user/watcher/processing-watcher/graph/graph/$Db - Stopped
11:19:19.877 [worker-akka.actor.default-dispatcher-24] INFO  a.a.LocalActorRef akka://worker/user/watcher/processing-watcher/graph/graph/$E - Stopped
11:19:19.877 [worker-akka.actor.default-dispatcher-24] INFO  a.a.LocalActorRef akka://worker/user/watcher/processing-watcher/graph/graph/$Eb - Stopped
11:19:19.877 [worker-akka.actor.default-dispatcher-24] INFO  a.a.LocalActorRef akka://worker/user/watcher/processing-watcher/$d/$a - Stopped
11:19:19.878 [worker-akka.actor.default-dispatcher-17] INFO  a.a.LocalActorRef akka://worker/user/watcher/processing-watcher/graph/negotiator - Stopped
11:19:19.883 [worker-akka.actor.default-dispatcher-15] INFO  a.a.LocalActorRef akka://worker/user/watcher/processing-watcher/$d - Stopped
11:19:19.884 [worker-akka.actor.default-dispatcher-15] INFO  a.a.LocalActorRef akka://worker/user/watcher/processing-watcher/graph/graph/$F - Stopped
11:19:19.885 [worker-akka.actor.default-dispatcher-15] INFO  a.a.LocalActorRef akka://worker/user/watcher/processing-watcher/graph/graph/$Fb - Stopped
11:19:19.886 [worker-akka.actor.default-dispatcher-15] INFO  a.a.LocalActorRef akka://worker/user/watcher/processing-watcher/graph/graph/$G - Stopped
11:19:19.887 [worker-akka.actor.default-dispatcher-15] INFO  a.a.LocalActorRef akka://worker/user/watcher/processing-watcher/graph/graph/$Gb - Stopped
11:19:19.888 [worker-akka.actor.default-dispatcher-15] INFO  a.a.LocalActorRef akka://worker/user/watcher/processing-watcher/graph/graph/$H - Stopped
11:19:19.889 [worker-akka.actor.default-dispatcher-15] INFO  a.a.LocalActorRef akka://worker/user/watcher/processing-watcher/graph/graph/$Hb - Stopped
11:19:19.890 [worker-akka.actor.default-dispatcher-15] INFO  a.a.LocalActorRef akka://worker/user/watcher/processing-watcher/graph/graph/$I - Stopped
11:19:19.890 [worker-akka.actor.default-dispatcher-15] INFO  a.a.LocalActorRef akka://worker/user/watcher/processing-watcher/graph/graph/$Ib - Stopped
11:19:19.891 [worker-akka.actor.default-dispatcher-15] INFO  a.a.LocalActorRef akka://worker/user/watcher/processing-watcher/graph/graph/$J - Stopped
11:19:19.892 [worker-akka.actor.default-dispatcher-15] INFO  a.a.LocalActorRef akka://worker/user/watcher/processing-watcher/graph/graph/$Jb - Stopped
11:19:19.893 [worker-akka.actor.default-dispatcher-15] INFO  a.a.LocalActorRef akka://worker/user/watcher/processing-watcher/graph/graph/$K - Stopped
11:19:19.894 [worker-akka.actor.default-dispatcher-15] INFO  a.a.LocalActorRef akka://worker/user/watcher/processing-watcher/graph/graph/$Kb - Stopped
11:19:19.895 [worker-akka.actor.default-dispatcher-15] INFO  a.a.LocalActorRef akka://worker/user/watcher/processing-watcher/graph/graph/$L - Stopped
11:19:19.896 [worker-akka.actor.default-dispatcher-15] INFO  a.a.LocalActorRef akka://worker/user/watcher/processing-watcher/graph/graph/$Lb - Stopped
11:19:19.897 [worker-akka.actor.default-dispatcher-15] INFO  a.a.LocalActorRef akka://worker/user/watcher/processing-watcher/graph/graph/$M - Stopped
11:19:19.898 [worker-akka.actor.default-dispatcher-15] INFO  a.a.LocalActorRef akka://worker/user/watcher/processing-watcher/graph/graph/$Mb - Stopped
11:19:19.899 [worker-akka.actor.default-dispatcher-15] INFO  a.a.LocalActorRef akka://worker/user/watcher/processing-watcher/graph/graph/$N - Stopped
11:19:19.900 [worker-akka.actor.default-dispatcher-15] INFO  a.a.LocalActorRef akka://worker/user/watcher/processing-watcher/graph/graph/$Nb - Stopped
11:19:19.900 [worker-akka.actor.default-dispatcher-15] INFO  a.a.LocalActorRef akka://worker/user/watcher/processing-watcher/graph/graph/$O - Stopped
11:19:19.901 [worker-akka.actor.default-dispatcher-15] INFO  a.a.LocalActorRef akka://worker/user/watcher/processing-watcher/graph/graph/$P - Stopped
11:19:19.902 [worker-akka.actor.default-dispatcher-15] INFO  a.a.LocalActorRef akka://worker/user/watcher/processing-watcher/graph/graph/$Q - Stopped
11:19:19.903 [worker-akka.actor.default-dispatcher-15] INFO  a.a.LocalActorRef akka://worker/user/watcher/processing-watcher/graph/graph/$R - Stopped
11:19:19.904 [worker-akka.actor.default-dispatcher-15] INFO  a.a.LocalActorRef akka://worker/user/watcher/processing-watcher/graph/graph/$S - Stopped
11:19:19.905 [worker-akka.actor.default-dispatcher-15] INFO  a.a.LocalActorRef akka://worker/user/watcher/processing-watcher/graph/graph/$T - Stopped
11:19:19.906 [worker-akka.actor.default-dispatcher-15] INFO  a.a.LocalActorRef akka://worker/user/watcher/processing-watcher/graph/graph/$U - Stopped
11:19:19.907 [worker-akka.actor.default-dispatcher-15] INFO  a.a.LocalActorRef akka://worker/user/watcher/processing-watcher/graph/graph/$V - Stopped
11:19:19.908 [worker-akka.actor.default-dispatcher-15] INFO  a.a.LocalActorRef akka://worker/user/watcher/processing-watcher/graph/graph/$W - Stopped
11:19:19.909 [worker-akka.actor.default-dispatcher-15] INFO  a.a.LocalActorRef akka://worker/user/watcher/processing-watcher/graph/graph/$X - Stopped
11:19:19.910 [worker-akka.actor.default-dispatcher-15] INFO  a.a.LocalActorRef akka://worker/user/watcher/processing-watcher/graph/graph/$Y - Stopped
11:19:19.911 [worker-akka.actor.default-dispatcher-15] INFO  a.a.LocalActorRef akka://worker/user/watcher/processing-watcher/graph/graph/$Z - Stopped
11:19:19.911 [worker-akka.actor.default-dispatcher-15] INFO  a.a.LocalActorRef akka://worker/user/watcher/processing-watcher/graph/graph/$a - Stopped
11:19:19.912 [worker-akka.actor.default-dispatcher-15] INFO  a.a.LocalActorRef akka://worker/user/watcher/processing-watcher/graph/graph/$ab - Stopped
11:19:19.913 [worker-akka.actor.default-dispatcher-15] INFO  a.a.LocalActorRef akka://worker/user/watcher/processing-watcher/graph/graph/$b - Stopped
11:19:19.913 [worker-akka.actor.default-dispatcher-15] INFO  a.a.LocalActorRef akka://worker/user/watcher/processing-watcher/graph/graph/$bb - Stopped
11:19:19.914 [worker-akka.actor.default-dispatcher-15] INFO  a.a.LocalActorRef akka://worker/user/watcher/processing-watcher/graph/graph/$c - Stopped
11:19:19.915 [worker-akka.actor.default-dispatcher-15] INFO  a.a.LocalActorRef akka://worker/user/watcher/processing-watcher/graph/graph/$cb - Stopped
11:19:19.915 [worker-akka.actor.default-dispatcher-15] INFO  a.a.LocalActorRef akka://worker/user/watcher/processing-watcher/graph/graph/$d - Stopped
11:19:19.916 [worker-akka.actor.default-dispatcher-15] INFO  a.a.LocalActorRef akka://worker/user/watcher/processing-watcher/graph/graph/$db - Stopped
11:19:19.917 [worker-akka.actor.default-dispatcher-15] INFO  a.a.LocalActorRef akka://worker/user/watcher/processing-watcher/graph/graph/$e - Stopped
11:19:19.917 [worker-akka.actor.default-dispatcher-15] INFO  a.a.LocalActorRef akka://worker/user/watcher/processing-watcher/graph/graph/$eb - Stopped
11:19:19.918 [worker-akka.actor.default-dispatcher-15] INFO  a.a.LocalActorRef akka://worker/user/watcher/processing-watcher/graph/graph/$f - Stopped
11:19:19.919 [worker-akka.actor.default-dispatcher-15] INFO  a.a.LocalActorRef akka://worker/user/watcher/processing-watcher/graph/graph/$fb - Stopped
11:19:19.920 [worker-akka.actor.default-dispatcher-15] INFO  a.a.LocalActorRef akka://worker/user/watcher/processing-watcher/graph/graph/$g - Stopped
11:19:19.921 [worker-akka.actor.default-dispatcher-15] INFO  a.a.LocalActorRef akka://worker/user/watcher/processing-watcher/graph/graph/$gb - Stopped
11:19:19.922 [worker-akka.actor.default-dispatcher-15] INFO  a.a.LocalActorRef akka://worker/user/watcher/processing-watcher/graph/graph/$h - Stopped
11:19:19.922 [worker-akka.actor.default-dispatcher-15] INFO  a.a.LocalActorRef akka://worker/user/watcher/processing-watcher/graph/graph/$hb - Stopped
11:19:19.923 [worker-akka.actor.default-dispatcher-15] INFO  a.a.LocalActorRef akka://worker/user/watcher/processing-watcher/graph/graph/$i - Stopped
11:19:19.923 [worker-akka.actor.default-dispatcher-15] INFO  a.a.LocalActorRef akka://worker/user/watcher/processing-watcher/graph/graph/$ib - Stopped
11:19:19.924 [worker-akka.actor.default-dispatcher-15] INFO  a.a.LocalActorRef akka://worker/user/watcher/processing-watcher/graph/graph/$j - Stopped
11:19:19.924 [worker-akka.actor.default-dispatcher-15] INFO  a.a.LocalActorRef akka://worker/user/watcher/processing-watcher/graph/graph/$jb - Stopped
11:19:19.925 [worker-akka.actor.default-dispatcher-15] INFO  a.a.LocalActorRef akka://worker/user/watcher/processing-watcher/graph/graph/$k - Stopped
11:19:19.926 [worker-akka.actor.default-dispatcher-15] INFO  a.a.LocalActorRef akka://worker/user/watcher/processing-watcher/graph/graph/$kb - Stopped
11:19:19.926 [worker-akka.actor.default-dispatcher-15] INFO  a.a.LocalActorRef akka://worker/user/watcher/processing-watcher/graph/graph/$l - Stopped
11:19:19.927 [worker-akka.actor.default-dispatcher-15] INFO  a.a.LocalActorRef akka://worker/user/watcher/processing-watcher/graph/graph/$lb - Stopped
11:19:19.928 [worker-akka.actor.default-dispatcher-15] INFO  a.a.LocalActorRef akka://worker/user/watcher/processing-watcher/graph/graph/$m - Stopped
11:19:19.928 [worker-akka.actor.default-dispatcher-15] INFO  a.a.LocalActorRef akka://worker/user/watcher/processing-watcher/graph/graph/$mb - Stopped
11:19:19.929 [worker-akka.actor.default-dispatcher-15] INFO  a.a.LocalActorRef akka://worker/user/watcher/processing-watcher/graph/graph/$n - Stopped
11:19:19.930 [worker-akka.actor.default-dispatcher-15] INFO  a.a.LocalActorRef akka://worker/user/watcher/processing-watcher/graph/graph/$nb - Stopped
11:19:19.931 [worker-akka.actor.default-dispatcher-15] INFO  a.a.LocalActorRef akka://worker/user/watcher/processing-watcher/graph/graph/$o - Stopped
11:19:19.932 [worker-akka.actor.default-dispatcher-15] INFO  a.a.LocalActorRef akka://worker/user/watcher/processing-watcher/graph/graph/$ob - Stopped
11:19:19.932 [worker-akka.actor.default-dispatcher-15] INFO  a.a.LocalActorRef akka://worker/user/watcher/processing-watcher/graph/graph/$p - Stopped
11:19:19.932 [worker-akka.actor.default-dispatcher-15] INFO  a.a.LocalActorRef akka://worker/user/watcher/processing-watcher/graph/graph/$pb - Stopped
11:19:19.934 [worker-akka.actor.default-dispatcher-15] INFO  a.a.LocalActorRef akka://worker/user/watcher/processing-watcher/graph/graph/$q - Stopped
11:19:19.934 [worker-akka.actor.default-dispatcher-15] INFO  a.a.LocalActorRef akka://worker/user/watcher/processing-watcher/graph/graph/$qb - Stopped
11:19:19.935 [worker-akka.actor.default-dispatcher-15] INFO  a.a.LocalActorRef akka://worker/user/watcher/processing-watcher/graph/graph/$r - Stopped
11:19:19.935 [worker-akka.actor.default-dispatcher-15] INFO  a.a.LocalActorRef akka://worker/user/watcher/processing-watcher/graph/graph/$rb - Stopped
11:19:19.936 [worker-akka.actor.default-dispatcher-15] INFO  a.a.LocalActorRef akka://worker/user/watcher/processing-watcher/graph/graph/$s - Stopped
11:19:19.936 [worker-akka.actor.default-dispatcher-15] INFO  a.a.LocalActorRef akka://worker/user/watcher/processing-watcher/graph/graph/$sb - Stopped
11:19:19.937 [worker-akka.actor.default-dispatcher-15] INFO  a.a.LocalActorRef akka://worker/user/watcher/processing-watcher/graph/graph/$t - Stopped
11:19:19.937 [worker-akka.actor.default-dispatcher-15] INFO  a.a.LocalActorRef akka://worker/user/watcher/processing-watcher/graph/graph/$tb - Stopped
11:19:19.937 [worker-akka.actor.default-dispatcher-15] INFO  a.a.LocalActorRef akka://worker/user/watcher/processing-watcher/graph/graph/$u - Stopped
11:19:19.938 [worker-akka.actor.default-dispatcher-15] INFO  a.a.LocalActorRef akka://worker/user/watcher/processing-watcher/graph/graph/$ub - Stopped
11:19:19.938 [worker-akka.actor.default-dispatcher-15] INFO  a.a.LocalActorRef akka://worker/user/watcher/processing-watcher/graph/graph/$v - Stopped
11:19:19.939 [worker-akka.actor.default-dispatcher-15] INFO  a.a.LocalActorRef akka://worker/user/watcher/processing-watcher/graph/graph/$vb - Stopped
11:19:19.939 [worker-akka.actor.default-dispatcher-15] INFO  a.a.LocalActorRef akka://worker/user/watcher/processing-watcher/graph/graph/$w - Stopped
11:19:19.940 [worker-akka.actor.default-dispatcher-15] INFO  a.a.LocalActorRef akka://worker/user/watcher/processing-watcher/graph/graph/$wb - Stopped
11:19:19.941 [worker-akka.actor.default-dispatcher-15] INFO  a.a.LocalActorRef akka://worker/user/watcher/processing-watcher/graph/graph/$x - Stopped
11:19:19.941 [worker-akka.actor.default-dispatcher-15] INFO  a.a.LocalActorRef akka://worker/user/watcher/processing-watcher/graph/graph/$xb - Stopped
11:19:19.941 [worker-akka.actor.default-dispatcher-15] INFO  a.a.LocalActorRef akka://worker/user/watcher/processing-watcher/graph/graph/$y - Stopped
11:19:19.942 [worker-akka.actor.default-dispatcher-15] INFO  a.a.LocalActorRef akka://worker/user/watcher/processing-watcher/graph/graph/$yb - Stopped
11:19:19.943 [worker-akka.actor.default-dispatcher-15] INFO  a.a.LocalActorRef akka://worker/user/watcher/processing-watcher/graph/graph/$z - Stopped
11:19:19.943 [worker-akka.actor.default-dispatcher-15] INFO  a.a.LocalActorRef akka://worker/user/watcher/processing-watcher/graph/graph/$zb - Stopped
11:19:19.944 [worker-akka.actor.default-dispatcher-15] INFO  a.a.LocalActorRef akka://worker/user/watcher/processing-watcher/graph/graph/$~ - Stopped
11:19:19.958 [worker-akka.actor.default-dispatcher-15] INFO  a.a.LocalActorRef akka://worker/user/watcher/processing-watcher/graph/graph - Stopped
11:19:19.961 [worker-akka.actor.default-dispatcher-15] INFO  a.a.LocalActorRef akka://worker/user/watcher/processing-watcher/graph - Stopped
11:19:19.962 [worker-akka.actor.default-dispatcher-15] INFO  a.a.LocalActorRef akka://worker/user/watcher/processing-watcher - Stopped
11:19:19.963 [Curator-Framework-0] INFO  o.a.c.f.i.CuratorFrameworkImpl  - backgroundOperationsLoop exiting
11:19:19.970 [Curator-PathChildrenCache-0] ERROR o.a.c.f.r.c.PathChildrenCache  - 
java.lang.IllegalStateException: instance must be started before calling this method
	at org.apache.curator.shaded.com.google.common.base.Preconditions.checkState(Preconditions.java:444)
	at org.apache.curator.framework.imps.CuratorFrameworkImpl.getChildren(CuratorFrameworkImpl.java:456)
	at org.apache.curator.framework.recipes.cache.PathChildrenCache.refresh(PathChildrenCache.java:521)
	at org.apache.curator.framework.recipes.cache.RefreshOperation.invoke(RefreshOperation.java:35)
	at org.apache.curator.framework.recipes.cache.PathChildrenCache$9.run(PathChildrenCache.java:786)
	at java.util.concurrent.Executors$RunnableAdapter.call(Executors.java:511)
	at java.util.concurrent.FutureTask.run(FutureTask.java:266)
	at java.util.concurrent.Executors$RunnableAdapter.call(Executors.java:511)
	at java.util.concurrent.FutureTask.run(FutureTask.java:266)
	at java.util.concurrent.ThreadPoolExecutor.runWorker(ThreadPoolExecutor.java:1149)
	at java.util.concurrent.ThreadPoolExecutor$Worker.run(ThreadPoolExecutor.java:624)
	at java.lang.Thread.run(Thread.java:748)
11:19:19.971 [worker-akka.actor.default-dispatcher-15] INFO  o.a.z.ZooKeeper  - Session: 0x1000032366f0000 closed
11:19:19.972 [worker-akka.actor.default-dispatcher-6-EventThread] INFO  o.a.z.ClientCnxn  - EventThread shut down for session: 0x1000032366f0000
11:19:19.972 [worker-akka.actor.default-dispatcher-9] INFO  a.a.RepointableActorRef akka://worker/user/watcher - Stopped
11:19:19.981 [worker-akka.actor.default-dispatcher-15] INFO  a.r.RemoteActorRefProvider$RemotingTerminator akka://worker@flamestream-benchmarks-worker-1:5412/system/remoting-terminator - Shutting down remote daemon.
11:19:19.983 [worker-akka.actor.default-dispatcher-15] INFO  a.r.RemoteActorRefProvider$RemotingTerminator akka://worker@flamestream-benchmarks-worker-1:5412/system/remoting-terminator - Remote daemon shut down; proceeding with flushing remote transports.
11:19:21.576 [worker-akka.actor.default-dispatcher-15] INFO  a.r.RemoteActorRefProvider$RemotingTerminator akka://worker@flamestream-benchmarks-worker-1:5412/system/remoting-terminator - Remoting shut down.
Heap
 def new generation   total 460800K, used 157401K [0x00000000a2400000, 0x00000000c1800000, 0x00000000c1800000)
  eden space 409600K,  38% used [0x00000000a2400000, 0x00000000abd8a800, 0x00000000bb400000)
  from space 51200K,   0% used [0x00000000be600000, 0x00000000be62bd80, 0x00000000c1800000)
  to   space 51200K,   0% used [0x00000000bb400000, 0x00000000bb400000, 0x00000000be600000)
 tenured generation   total 1024000K, used 91279K [0x00000000c1800000, 0x0000000100000000, 0x0000000100000000)
   the space 1024000K,   8% used [0x00000000c1800000, 0x00000000c7123fe8, 0x00000000c7124000, 0x0000000100000000)
 Metaspace       used 41671K, capacity 44594K, committed 44672K, reserved 1087488K
  class space    used 5373K, capacity 5700K, committed 5760K, reserved 1048576K
