05:26:26,658 |-INFO in ch.qos.logback.classic.LoggerContext[default] - Could NOT find resource [logback-test.xml]
05:26:26,658 |-INFO in ch.qos.logback.classic.LoggerContext[default] - Could NOT find resource [logback.groovy]
05:26:26,658 |-INFO in ch.qos.logback.classic.LoggerContext[default] - Found resource [logback.xml] at [jar:file:/root/flamestream/lib/flamestream-runtime-1.0-SNAPSHOT.jar!/logback.xml]
05:26:26,658 |-WARN in ch.qos.logback.classic.LoggerContext[default] - Resource [logback.xml] occurs multiple times on the classpath.
05:26:26,658 |-WARN in ch.qos.logback.classic.LoggerContext[default] - Resource [logback.xml] occurs at [jar:file:/root/flamestream/lib/flamestream-runtime-1.0-SNAPSHOT.jar!/logback.xml]
05:26:26,658 |-WARN in ch.qos.logback.classic.LoggerContext[default] - Resource [logback.xml] occurs at [jar:file:/root/flamestream/flamestream-runtime-1.0-SNAPSHOT.jar!/logback.xml]
05:26:26,682 |-INFO in ch.qos.logback.core.joran.spi.ConfigurationWatchList@3fb6a447 - URL [jar:file:/root/flamestream/lib/flamestream-runtime-1.0-SNAPSHOT.jar!/logback.xml] is not of type file
05:26:26,755 |-INFO in ch.qos.logback.classic.joran.action.ConfigurationAction - debug attribute not set
05:26:26,755 |-INFO in ch.qos.logback.core.joran.action.AppenderAction - About to instantiate appender of type [ch.qos.logback.core.ConsoleAppender]
05:26:26,775 |-INFO in ch.qos.logback.core.joran.action.AppenderAction - Naming appender as [STDOUT]
05:26:26,793 |-INFO in ch.qos.logback.core.joran.action.NestedComplexPropertyIA - Assuming default type [ch.qos.logback.classic.encoder.PatternLayoutEncoder] for [encoder] property
05:26:26,875 |-INFO in ch.qos.logback.core.joran.action.AppenderAction - About to instantiate appender of type [ch.qos.logback.core.rolling.RollingFileAppender]
05:26:26,880 |-INFO in ch.qos.logback.core.joran.action.AppenderAction - Naming appender as [FILE]
05:26:26,910 |-INFO in c.q.l.core.rolling.TimeBasedRollingPolicy@127618319 - No compression will be used
05:26:26,911 |-INFO in c.q.l.core.rolling.TimeBasedRollingPolicy@127618319 - Will use the pattern /tmp/application_%d{yyyy-MM-dd}.%i.log for the active file
05:26:26,914 |-INFO in ch.qos.logback.core.rolling.SizeAndTimeBasedFNATP@6b2fad11 - The date pattern is 'yyyy-MM-dd' from file name pattern '/tmp/application_%d{yyyy-MM-dd}.%i.log'.
05:26:26,914 |-INFO in ch.qos.logback.core.rolling.SizeAndTimeBasedFNATP@6b2fad11 - Roll-over at midnight.
05:26:26,920 |-INFO in ch.qos.logback.core.rolling.SizeAndTimeBasedFNATP@6b2fad11 - Setting initial period to Tue Jun 11 05:25:10 UTC 2019
05:26:26,920 |-WARN in ch.qos.logback.core.rolling.SizeAndTimeBasedFNATP@6b2fad11 - SizeAndTimeBasedFNATP is deprecated. Use SizeAndTimeBasedRollingPolicy instead
05:26:26,920 |-WARN in ch.qos.logback.core.rolling.SizeAndTimeBasedFNATP@6b2fad11 - For more information see http://logback.qos.ch/manual/appenders.html#SizeAndTimeBasedRollingPolicy
05:26:26,924 |-INFO in ch.qos.logback.core.joran.action.NestedComplexPropertyIA - Assuming default type [ch.qos.logback.classic.encoder.PatternLayoutEncoder] for [encoder] property
05:26:26,928 |-INFO in ch.qos.logback.core.rolling.RollingFileAppender[FILE] - Active log file name: /tmp/application.log
05:26:26,928 |-INFO in ch.qos.logback.core.rolling.RollingFileAppender[FILE] - File property is set to [/tmp/application.log]
05:26:26,929 |-INFO in ch.qos.logback.classic.joran.action.RootLoggerAction - Setting level of ROOT logger to WARN
05:26:26,929 |-INFO in ch.qos.logback.core.joran.action.AppenderRefAction - Attaching appender named [STDOUT] to Logger[ROOT]
05:26:26,931 |-INFO in ch.qos.logback.core.joran.action.AppenderRefAction - Attaching appender named [FILE] to Logger[ROOT]
05:26:26,931 |-INFO in ch.qos.logback.classic.joran.action.ConfigurationAction - End of configuration.
05:26:26,932 |-INFO in ch.qos.logback.classic.joran.JoranConfigurator@79698539 - Registering current configuration as safe fallback point

Ama winner
Ama winner
2019-06-11T05:26:28.255+0000: 1.782: [Full GC (Metadata GC Threshold) 2019-06-11T05:26:28.255+0000: 1.782: [Tenured: 0K->15241K(341376K), 0.0398771 secs] 117765K->15241K(494976K), [Metaspace: 20732K->20732K(1067008K)], 0.0399446 secs] [Times: user=0.04 sys=0.00, real=0.04 secs] 
05:26:40.389 [Curator-PathChildrenCache-1] WARN  o.a.c.u.ZKPaths  - The version of ZooKeeper being used doesn't support Container nodes. CreateMode.PERSISTENT will be used instead.
2019-06-11T05:26:42.507+0000: 16.033: [GC (Allocation Failure) 2019-06-11T05:26:42.507+0000: 16.033: [DefNew: 136576K->17023K(153600K), 0.0264538 secs] 151817K->52524K(494976K), 0.0265341 secs] [Times: user=0.01 sys=0.01, real=0.03 secs] 
2019-06-11T05:26:45.059+0000: 18.586: [Full GC (Metadata GC Threshold) 2019-06-11T05:26:45.059+0000: 18.586: [Tenured: 35500K->43949K(341376K), 0.0477867 secs] 110294K->43949K(494976K), [Metaspace: 34590K->34590K(1079296K)], 0.0478650 secs] [Times: user=0.05 sys=0.01, real=0.05 secs] 
2019-06-11T05:26:51.202+0000: 24.729: [GC (Allocation Failure) 2019-06-11T05:26:51.202+0000: 24.729: [DefNew: 136576K->92K(153600K), 0.0017572 secs] 180525K->44041K(494976K), 0.0018147 secs] [Times: user=0.00 sys=0.00, real=0.01 secs] 
2019-06-11T05:26:57.370+0000: 30.897: [GC (Allocation Failure) 2019-06-11T05:26:57.370+0000: 30.897: [DefNew: 136668K->129K(153600K), 0.0016926 secs] 180617K->44078K(494976K), 0.0017506 secs] [Times: user=0.01 sys=0.00, real=0.01 secs] 
2019-06-11T05:27:03.498+0000: 37.025: [GC (Allocation Failure) 2019-06-11T05:27:03.498+0000: 37.025: [DefNew: 136705K->157K(153600K), 0.0017863 secs] 180654K->44107K(494976K), 0.0018505 secs] [Times: user=0.00 sys=0.00, real=0.00 secs] 
2019-06-11T05:27:09.693+0000: 43.219: [GC (Allocation Failure) 2019-06-11T05:27:09.693+0000: 43.219: [DefNew: 136733K->160K(153600K), 0.0018495 secs] 180683K->44109K(494976K), 0.0019110 secs] [Times: user=0.00 sys=0.00, real=0.00 secs] 
2019-06-11T05:27:17.741+0000: 51.267: [GC (Allocation Failure) 2019-06-11T05:27:17.741+0000: 51.267: [DefNew: 136736K->159K(153600K), 0.0017459 secs] 180685K->44108K(494976K), 0.0018066 secs] [Times: user=0.00 sys=0.00, real=0.00 secs] 
05:27:26.733 [Curator-PathChildrenCache-0] ERROR o.a.c.f.r.c.PathChildrenCache  - 
java.lang.IllegalStateException: instance must be started before calling this method
	at org.apache.curator.shaded.com.google.common.base.Preconditions.checkState(Preconditions.java:444)
	at org.apache.curator.framework.imps.CuratorFrameworkImpl.getChildren(CuratorFrameworkImpl.java:456)
	at org.apache.curator.framework.recipes.cache.PathChildrenCache.refresh(PathChildrenCache.java:521)
	at org.apache.curator.framework.recipes.cache.RefreshOperation.invoke(RefreshOperation.java:35)
	at org.apache.curator.framework.recipes.cache.PathChildrenCache$9.run(PathChildrenCache.java:786)
	at java.util.concurrent.Executors$RunnableAdapter.call(Executors.java:511)
	at java.util.concurrent.FutureTask.run(FutureTask.java:266)
	at java.util.concurrent.Executors$RunnableAdapter.call(Executors.java:511)
	at java.util.concurrent.FutureTask.run(FutureTask.java:266)
	at java.util.concurrent.ThreadPoolExecutor.runWorker(ThreadPoolExecutor.java:1149)
	at java.util.concurrent.ThreadPoolExecutor$Worker.run(ThreadPoolExecutor.java:624)
	at java.lang.Thread.run(Thread.java:748)
Heap
 def new generation   total 153600K, used 56971K [0x00000000e0c00000, 0x00000000eb2a0000, 0x00000000eb2a0000)
  eden space 136576K,  41% used [0x00000000e0c00000, 0x00000000e437ae18, 0x00000000e9160000)
  from space 17024K,   0% used [0x00000000e9160000, 0x00000000e9187e28, 0x00000000ea200000)
  to   space 17024K,   0% used [0x00000000ea200000, 0x00000000ea200000, 0x00000000eb2a0000)
 tenured generation   total 341376K, used 43949K [0x00000000eb2a0000, 0x0000000100000000, 0x0000000100000000)
   the space 341376K,  12% used [0x00000000eb2a0000, 0x00000000edd8b588, 0x00000000edd8b600, 0x0000000100000000)
 Metaspace       used 35728K, capacity 36646K, committed 36864K, reserved 1081344K
  class space    used 4823K, capacity 5043K, committed 5120K, reserved 1048576K
