07:44:44,833 |-INFO in ch.qos.logback.classic.LoggerContext[default] - Could NOT find resource [logback-test.xml]
07:44:44,834 |-INFO in ch.qos.logback.classic.LoggerContext[default] - Could NOT find resource [logback.groovy]
07:44:44,834 |-INFO in ch.qos.logback.classic.LoggerContext[default] - Found resource [logback.xml] at [jar:file:/root/flamestream/lib/flamestream-runtime-1.0-SNAPSHOT.jar!/logback.xml]
07:44:44,834 |-WARN in ch.qos.logback.classic.LoggerContext[default] - Resource [logback.xml] occurs multiple times on the classpath.
07:44:44,834 |-WARN in ch.qos.logback.classic.LoggerContext[default] - Resource [logback.xml] occurs at [jar:file:/root/flamestream/lib/flamestream-runtime-1.0-SNAPSHOT.jar!/logback.xml]
07:44:44,834 |-WARN in ch.qos.logback.classic.LoggerContext[default] - Resource [logback.xml] occurs at [jar:file:/root/flamestream/flamestream-runtime-1.0-SNAPSHOT.jar!/logback.xml]
07:44:44,857 |-INFO in ch.qos.logback.core.joran.spi.ConfigurationWatchList@3fb6a447 - URL [jar:file:/root/flamestream/lib/flamestream-runtime-1.0-SNAPSHOT.jar!/logback.xml] is not of type file
07:44:44,927 |-INFO in ch.qos.logback.classic.joran.action.ConfigurationAction - debug attribute not set
07:44:44,927 |-INFO in ch.qos.logback.core.joran.action.AppenderAction - About to instantiate appender of type [ch.qos.logback.core.ConsoleAppender]
07:44:44,946 |-INFO in ch.qos.logback.core.joran.action.AppenderAction - Naming appender as [STDOUT]
07:44:44,963 |-INFO in ch.qos.logback.core.joran.action.NestedComplexPropertyIA - Assuming default type [ch.qos.logback.classic.encoder.PatternLayoutEncoder] for [encoder] property
07:44:45,043 |-INFO in ch.qos.logback.core.joran.action.AppenderAction - About to instantiate appender of type [ch.qos.logback.core.rolling.RollingFileAppender]
07:44:45,051 |-INFO in ch.qos.logback.core.joran.action.AppenderAction - Naming appender as [FILE]
07:44:45,083 |-INFO in c.q.l.core.rolling.TimeBasedRollingPolicy@127618319 - No compression will be used
07:44:45,084 |-INFO in c.q.l.core.rolling.TimeBasedRollingPolicy@127618319 - Will use the pattern /tmp/application_%d{yyyy-MM-dd}.%i.log for the active file
07:44:45,087 |-INFO in ch.qos.logback.core.rolling.SizeAndTimeBasedFNATP@6b2fad11 - The date pattern is 'yyyy-MM-dd' from file name pattern '/tmp/application_%d{yyyy-MM-dd}.%i.log'.
07:44:45,087 |-INFO in ch.qos.logback.core.rolling.SizeAndTimeBasedFNATP@6b2fad11 - Roll-over at midnight.
07:44:45,092 |-INFO in ch.qos.logback.core.rolling.SizeAndTimeBasedFNATP@6b2fad11 - Setting initial period to Tue Jun 11 07:43:23 UTC 2019
07:44:45,092 |-WARN in ch.qos.logback.core.rolling.SizeAndTimeBasedFNATP@6b2fad11 - SizeAndTimeBasedFNATP is deprecated. Use SizeAndTimeBasedRollingPolicy instead
07:44:45,092 |-WARN in ch.qos.logback.core.rolling.SizeAndTimeBasedFNATP@6b2fad11 - For more information see http://logback.qos.ch/manual/appenders.html#SizeAndTimeBasedRollingPolicy
07:44:45,096 |-INFO in ch.qos.logback.core.joran.action.NestedComplexPropertyIA - Assuming default type [ch.qos.logback.classic.encoder.PatternLayoutEncoder] for [encoder] property
07:44:45,101 |-INFO in ch.qos.logback.core.rolling.RollingFileAppender[FILE] - Active log file name: /tmp/application.log
07:44:45,101 |-INFO in ch.qos.logback.core.rolling.RollingFileAppender[FILE] - File property is set to [/tmp/application.log]
07:44:45,102 |-INFO in ch.qos.logback.classic.joran.action.RootLoggerAction - Setting level of ROOT logger to WARN
07:44:45,102 |-INFO in ch.qos.logback.core.joran.action.AppenderRefAction - Attaching appender named [STDOUT] to Logger[ROOT]
07:44:45,104 |-INFO in ch.qos.logback.core.joran.action.AppenderRefAction - Attaching appender named [FILE] to Logger[ROOT]
07:44:45,104 |-INFO in ch.qos.logback.classic.joran.action.ConfigurationAction - End of configuration.
07:44:45,104 |-INFO in ch.qos.logback.classic.joran.JoranConfigurator@79698539 - Registering current configuration as safe fallback point

Ama winner
Ama winner
2019-06-11T07:44:46.336+0000: 1.683: [Full GC (Metadata GC Threshold) 2019-06-11T07:44:46.336+0000: 1.683: [Tenured: 0K->15240K(341376K), 0.0355415 secs] 114923K->15240K(494976K), [Metaspace: 20723K->20723K(1067008K)], 0.0356081 secs] [Times: user=0.03 sys=0.01, real=0.03 secs] 
07:45:14.006 [Curator-PathChildrenCache-2] WARN  o.a.c.u.ZKPaths  - The version of ZooKeeper being used doesn't support Container nodes. CreateMode.PERSISTENT will be used instead.
2019-06-11T07:45:16.006+0000: 31.352: [GC (Allocation Failure) 2019-06-11T07:45:16.006+0000: 31.352: [DefNew: 136576K->17023K(153600K), 0.0249574 secs] 151816K->52826K(494976K), 0.0250276 secs] [Times: user=0.01 sys=0.01, real=0.03 secs] 
2019-06-11T07:45:16.687+0000: 32.034: [Full GC (Metadata GC Threshold) 2019-06-11T07:45:16.687+0000: 32.034: [Tenured: 35802K->44376K(341376K), 0.0399757 secs] 71273K->44376K(494976K), [Metaspace: 34567K->34567K(1079296K)], 0.0400540 secs] [Times: user=0.04 sys=0.00, real=0.04 secs] 
2019-06-11T07:45:20.948+0000: 36.295: [GC (Allocation Failure) 2019-06-11T07:45:20.948+0000: 36.295: [DefNew: 136576K->148K(153600K), 0.0019751 secs] 180952K->44524K(494976K), 0.0020373 secs] [Times: user=0.00 sys=0.00, real=0.00 secs] 
2019-06-11T07:45:25.303+0000: 40.650: [GC (Allocation Failure) 2019-06-11T07:45:25.304+0000: 40.650: [DefNew: 136724K->186K(153600K), 0.0018851 secs] 181100K->44562K(494976K), 0.0019484 secs] [Times: user=0.00 sys=0.00, real=0.00 secs] 
2019-06-11T07:45:29.693+0000: 45.040: [GC (Allocation Failure) 2019-06-11T07:45:29.693+0000: 45.040: [DefNew: 136762K->188K(153600K), 0.0018672 secs] 181138K->44564K(494976K), 0.0019283 secs] [Times: user=0.01 sys=0.00, real=0.01 secs] 
2019-06-11T07:45:34.078+0000: 49.424: [GC (Allocation Failure) 2019-06-11T07:45:34.078+0000: 49.424: [DefNew: 136764K->195K(153600K), 0.0019331 secs] 181140K->44571K(494976K), 0.0020012 secs] [Times: user=0.00 sys=0.00, real=0.00 secs] 
2019-06-11T07:45:38.442+0000: 53.788: [GC (Allocation Failure) 2019-06-11T07:45:38.442+0000: 53.788: [DefNew: 136771K->203K(153600K), 0.0019457 secs] 181147K->44579K(494976K), 0.0020083 secs] [Times: user=0.01 sys=0.00, real=0.00 secs] 
2019-06-11T07:45:42.850+0000: 58.197: [GC (Allocation Failure) 2019-06-11T07:45:42.850+0000: 58.197: [DefNew: 136779K->193K(153600K), 0.0020334 secs] 181155K->44569K(494976K), 0.0021019 secs] [Times: user=0.00 sys=0.00, real=0.00 secs] 
2019-06-11T07:45:47.244+0000: 62.591: [GC (Allocation Failure) 2019-06-11T07:45:47.244+0000: 62.591: [DefNew: 136769K->507K(153600K), 0.0022564 secs] 181145K->44883K(494976K), 0.0023173 secs] [Times: user=0.00 sys=0.00, real=0.00 secs] 
2019-06-11T07:45:51.989+0000: 67.335: [GC (Allocation Failure) 2019-06-11T07:45:51.989+0000: 67.335: [DefNew: 137083K->309K(153600K), 0.0023528 secs] 181459K->44685K(494976K), 0.0024179 secs] [Times: user=0.01 sys=0.00, real=0.00 secs] 
2019-06-11T07:45:56.683+0000: 72.029: [GC (Allocation Failure) 2019-06-11T07:45:56.683+0000: 72.029: [DefNew: 136885K->304K(153600K), 0.0021713 secs] 181261K->44680K(494976K), 0.0022326 secs] [Times: user=0.00 sys=0.01, real=0.00 secs] 
07:46:09.207 [Curator-PathChildrenCache-0] ERROR o.a.c.f.r.c.PathChildrenCache  - 
java.lang.IllegalStateException: instance must be started before calling this method
	at org.apache.curator.shaded.com.google.common.base.Preconditions.checkState(Preconditions.java:444)
	at org.apache.curator.framework.imps.CuratorFrameworkImpl.getChildren(CuratorFrameworkImpl.java:456)
	at org.apache.curator.framework.recipes.cache.PathChildrenCache.refresh(PathChildrenCache.java:521)
	at org.apache.curator.framework.recipes.cache.RefreshOperation.invoke(RefreshOperation.java:35)
	at org.apache.curator.framework.recipes.cache.PathChildrenCache$9.run(PathChildrenCache.java:786)
	at java.util.concurrent.Executors$RunnableAdapter.call(Executors.java:511)
	at java.util.concurrent.FutureTask.run(FutureTask.java:266)
	at java.util.concurrent.Executors$RunnableAdapter.call(Executors.java:511)
	at java.util.concurrent.FutureTask.run(FutureTask.java:266)
	at java.util.concurrent.ThreadPoolExecutor.runWorker(ThreadPoolExecutor.java:1149)
	at java.util.concurrent.ThreadPoolExecutor$Worker.run(ThreadPoolExecutor.java:624)
	at java.lang.Thread.run(Thread.java:748)
Heap
 def new generation   total 153600K, used 75169K [0x00000000e0c00000, 0x00000000eb2a0000, 0x00000000eb2a0000)
  eden space 136576K,  54% used [0x00000000e0c00000, 0x00000000e551c708, 0x00000000e9160000)
  from space 17024K,   1% used [0x00000000e9160000, 0x00000000e91ac000, 0x00000000ea200000)
  to   space 17024K,   0% used [0x00000000ea200000, 0x00000000ea200000, 0x00000000eb2a0000)
 tenured generation   total 341376K, used 44376K [0x00000000eb2a0000, 0x0000000100000000, 0x0000000100000000)
   the space 341376K,  12% used [0x00000000eb2a0000, 0x00000000eddf6000, 0x00000000eddf6000, 0x0000000100000000)
 Metaspace       used 36371K, capacity 37320K, committed 37504K, reserved 1081344K
  class space    used 4900K, capacity 5124K, committed 5248K, reserved 1048576K
