13:17:46,240 |-INFO in ch.qos.logback.classic.LoggerContext[default] - Could NOT find resource [logback-test.xml]
13:17:46,243 |-INFO in ch.qos.logback.classic.LoggerContext[default] - Could NOT find resource [logback.groovy]
13:17:46,243 |-INFO in ch.qos.logback.classic.LoggerContext[default] - Found resource [logback.xml] at [jar:file:/root/flamestream/lib/flamestream-runtime-1.0-SNAPSHOT.jar!/logback.xml]
13:17:46,244 |-WARN in ch.qos.logback.classic.LoggerContext[default] - Resource [logback.xml] occurs multiple times on the classpath.
13:17:46,244 |-WARN in ch.qos.logback.classic.LoggerContext[default] - Resource [logback.xml] occurs at [jar:file:/root/flamestream/lib/flamestream-runtime-1.0-SNAPSHOT.jar!/logback.xml]
13:17:46,244 |-WARN in ch.qos.logback.classic.LoggerContext[default] - Resource [logback.xml] occurs at [jar:file:/root/flamestream/flamestream-runtime-1.0-SNAPSHOT.jar!/logback.xml]
13:17:46,264 |-INFO in ch.qos.logback.core.joran.spi.ConfigurationWatchList@3fb6a447 - URL [jar:file:/root/flamestream/lib/flamestream-runtime-1.0-SNAPSHOT.jar!/logback.xml] is not of type file
13:17:46,331 |-INFO in ch.qos.logback.classic.joran.action.ConfigurationAction - debug attribute not set
13:17:46,331 |-INFO in ch.qos.logback.core.joran.action.AppenderAction - About to instantiate appender of type [ch.qos.logback.core.ConsoleAppender]
13:17:46,347 |-INFO in ch.qos.logback.core.joran.action.AppenderAction - Naming appender as [STDOUT]
13:17:46,361 |-INFO in ch.qos.logback.core.joran.action.NestedComplexPropertyIA - Assuming default type [ch.qos.logback.classic.encoder.PatternLayoutEncoder] for [encoder] property
13:17:46,460 |-INFO in ch.qos.logback.core.joran.action.AppenderAction - About to instantiate appender of type [ch.qos.logback.core.rolling.RollingFileAppender]
13:17:46,464 |-INFO in ch.qos.logback.core.joran.action.AppenderAction - Naming appender as [FILE]
13:17:46,504 |-INFO in c.q.l.core.rolling.TimeBasedRollingPolicy@127618319 - No compression will be used
13:17:46,505 |-INFO in c.q.l.core.rolling.TimeBasedRollingPolicy@127618319 - Will use the pattern /tmp/application_%d{yyyy-MM-dd}.%i.log for the active file
13:17:46,508 |-INFO in ch.qos.logback.core.rolling.SizeAndTimeBasedFNATP@6b2fad11 - The date pattern is 'yyyy-MM-dd' from file name pattern '/tmp/application_%d{yyyy-MM-dd}.%i.log'.
13:17:46,508 |-INFO in ch.qos.logback.core.rolling.SizeAndTimeBasedFNATP@6b2fad11 - Roll-over at midnight.
13:17:46,513 |-INFO in ch.qos.logback.core.rolling.SizeAndTimeBasedFNATP@6b2fad11 - Setting initial period to Mon Jun 10 13:16:23 UTC 2019
13:17:46,513 |-WARN in ch.qos.logback.core.rolling.SizeAndTimeBasedFNATP@6b2fad11 - SizeAndTimeBasedFNATP is deprecated. Use SizeAndTimeBasedRollingPolicy instead
13:17:46,513 |-WARN in ch.qos.logback.core.rolling.SizeAndTimeBasedFNATP@6b2fad11 - For more information see http://logback.qos.ch/manual/appenders.html#SizeAndTimeBasedRollingPolicy
13:17:46,517 |-INFO in ch.qos.logback.core.joran.action.NestedComplexPropertyIA - Assuming default type [ch.qos.logback.classic.encoder.PatternLayoutEncoder] for [encoder] property
13:17:46,522 |-INFO in ch.qos.logback.core.rolling.RollingFileAppender[FILE] - Active log file name: /tmp/application.log
13:17:46,522 |-INFO in ch.qos.logback.core.rolling.RollingFileAppender[FILE] - File property is set to [/tmp/application.log]
13:17:46,523 |-INFO in ch.qos.logback.classic.joran.action.RootLoggerAction - Setting level of ROOT logger to WARN
13:17:46,523 |-INFO in ch.qos.logback.core.joran.action.AppenderRefAction - Attaching appender named [STDOUT] to Logger[ROOT]
13:17:46,525 |-INFO in ch.qos.logback.core.joran.action.AppenderRefAction - Attaching appender named [FILE] to Logger[ROOT]
13:17:46,525 |-INFO in ch.qos.logback.classic.joran.action.ConfigurationAction - End of configuration.
13:17:46,525 |-INFO in ch.qos.logback.classic.joran.JoranConfigurator@79698539 - Registering current configuration as safe fallback point

Ama winner
Ama winner
2019-06-10T13:17:47.822+0000: 1.764: [Full GC (Metadata GC Threshold) 2019-06-10T13:17:47.822+0000: 1.764: [Tenured: 0K->15176K(341376K), 0.0399157 secs] 114923K->15176K(494976K), [Metaspace: 20737K->20737K(1067008K)], 0.0399867 secs] [Times: user=0.04 sys=0.00, real=0.04 secs] 
13:18:04.642 [Curator-PathChildrenCache-2] WARN  o.a.c.u.ZKPaths  - The version of ZooKeeper being used doesn't support Container nodes. CreateMode.PERSISTENT will be used instead.
2019-06-10T13:18:06.954+0000: 20.896: [GC (Allocation Failure) 2019-06-10T13:18:06.954+0000: 20.896: [DefNew: 136576K->17023K(153600K), 0.0248398 secs] 151752K->52276K(494976K), 0.0249122 secs] [Times: user=0.01 sys=0.01, real=0.03 secs] 
2019-06-10T13:18:08.256+0000: 22.198: [Full GC (Metadata GC Threshold) 2019-06-10T13:18:08.256+0000: 22.198: [Tenured: 35252K->43816K(341376K), 0.0392472 secs] 80238K->43816K(494976K), [Metaspace: 34576K->34576K(1079296K)], 0.0393218 secs] [Times: user=0.03 sys=0.00, real=0.04 secs] 
2019-06-10T13:18:16.598+0000: 30.541: [GC (Allocation Failure) 2019-06-10T13:18:16.598+0000: 30.541: [DefNew: 136576K->68K(153600K), 0.0019587 secs] 180392K->43884K(494976K), 0.0020188 secs] [Times: user=0.00 sys=0.00, real=0.00 secs] 
2019-06-10T13:18:24.882+0000: 38.824: [GC (Allocation Failure) 2019-06-10T13:18:24.882+0000: 38.824: [DefNew: 136644K->75K(153600K), 0.0018324 secs] 180460K->43891K(494976K), 0.0018947 secs] [Times: user=0.00 sys=0.00, real=0.00 secs] 
2019-06-10T13:18:33.280+0000: 47.222: [GC (Allocation Failure) 2019-06-10T13:18:33.280+0000: 47.222: [DefNew: 136651K->72K(153600K), 0.0018936 secs] 180467K->43888K(494976K), 0.0019566 secs] [Times: user=0.01 sys=0.00, real=0.00 secs] 
2019-06-10T13:18:41.733+0000: 55.675: [GC (Allocation Failure) 2019-06-10T13:18:41.733+0000: 55.675: [DefNew: 136648K->68K(153600K), 0.0017879 secs] 180464K->43885K(494976K), 0.0018461 secs] [Times: user=0.00 sys=0.00, real=0.00 secs] 
2019-06-10T13:18:50.414+0000: 64.356: [GC (Allocation Failure) 2019-06-10T13:18:50.414+0000: 64.356: [DefNew: 136644K->413K(153600K), 0.0023928 secs] 180461K->44229K(494976K), 0.0024569 secs] [Times: user=0.00 sys=0.00, real=0.01 secs] 
2019-06-10T13:19:02.347+0000: 76.290: [GC (Allocation Failure) 2019-06-10T13:19:02.347+0000: 76.290: [DefNew: 136989K->165K(153600K), 0.0021722 secs] 180805K->43981K(494976K), 0.0022394 secs] [Times: user=0.01 sys=0.00, real=0.00 secs] 
13:19:16.716 [Curator-PathChildrenCache-0] ERROR o.a.c.f.r.c.PathChildrenCache  - 
java.lang.IllegalStateException: instance must be started before calling this method
	at org.apache.curator.shaded.com.google.common.base.Preconditions.checkState(Preconditions.java:444)
	at org.apache.curator.framework.imps.CuratorFrameworkImpl.getChildren(CuratorFrameworkImpl.java:456)
	at org.apache.curator.framework.recipes.cache.PathChildrenCache.refresh(PathChildrenCache.java:521)
	at org.apache.curator.framework.recipes.cache.RefreshOperation.invoke(RefreshOperation.java:35)
	at org.apache.curator.framework.recipes.cache.PathChildrenCache$9.run(PathChildrenCache.java:786)
	at java.util.concurrent.Executors$RunnableAdapter.call(Executors.java:511)
	at java.util.concurrent.FutureTask.run(FutureTask.java:266)
	at java.util.concurrent.Executors$RunnableAdapter.call(Executors.java:511)
	at java.util.concurrent.FutureTask.run(FutureTask.java:266)
	at java.util.concurrent.ThreadPoolExecutor.runWorker(ThreadPoolExecutor.java:1149)
	at java.util.concurrent.ThreadPoolExecutor$Worker.run(ThreadPoolExecutor.java:624)
	at java.lang.Thread.run(Thread.java:748)
Heap
 def new generation   total 153600K, used 60950K [0x00000000e0c00000, 0x00000000eb2a0000, 0x00000000eb2a0000)
  eden space 136576K,  44% used [0x00000000e0c00000, 0x00000000e475c2c0, 0x00000000e9160000)
  from space 17024K,   0% used [0x00000000ea200000, 0x00000000ea229598, 0x00000000eb2a0000)
  to   space 17024K,   0% used [0x00000000e9160000, 0x00000000e9160000, 0x00000000ea200000)
 tenured generation   total 341376K, used 43816K [0x00000000eb2a0000, 0x0000000100000000, 0x0000000100000000)
   the space 341376K,  12% used [0x00000000eb2a0000, 0x00000000edd6a238, 0x00000000edd6a400, 0x0000000100000000)
 Metaspace       used 36265K, capacity 37186K, committed 37376K, reserved 1081344K
  class space    used 4876K, capacity 5085K, committed 5120K, reserved 1048576K
