16:16:17,514 |-INFO in ch.qos.logback.classic.LoggerContext[default] - Could NOT find resource [logback-test.xml]
16:16:17,514 |-INFO in ch.qos.logback.classic.LoggerContext[default] - Could NOT find resource [logback.groovy]
16:16:17,514 |-INFO in ch.qos.logback.classic.LoggerContext[default] - Found resource [logback.xml] at [jar:file:/root/flamestream/lib/flamestream-runtime-1.0-SNAPSHOT.jar!/logback.xml]
16:16:17,515 |-WARN in ch.qos.logback.classic.LoggerContext[default] - Resource [logback.xml] occurs multiple times on the classpath.
16:16:17,515 |-WARN in ch.qos.logback.classic.LoggerContext[default] - Resource [logback.xml] occurs at [jar:file:/root/flamestream/lib/flamestream-runtime-1.0-SNAPSHOT.jar!/logback.xml]
16:16:17,515 |-WARN in ch.qos.logback.classic.LoggerContext[default] - Resource [logback.xml] occurs at [jar:file:/root/flamestream/flamestream-runtime-1.0-SNAPSHOT.jar!/logback.xml]
16:16:17,535 |-INFO in ch.qos.logback.core.joran.spi.ConfigurationWatchList@3fb6a447 - URL [jar:file:/root/flamestream/lib/flamestream-runtime-1.0-SNAPSHOT.jar!/logback.xml] is not of type file
16:16:17,606 |-INFO in ch.qos.logback.classic.joran.action.ConfigurationAction - debug attribute not set
16:16:17,607 |-INFO in ch.qos.logback.core.joran.action.AppenderAction - About to instantiate appender of type [ch.qos.logback.core.ConsoleAppender]
16:16:17,622 |-INFO in ch.qos.logback.core.joran.action.AppenderAction - Naming appender as [STDOUT]
16:16:17,640 |-INFO in ch.qos.logback.core.joran.action.NestedComplexPropertyIA - Assuming default type [ch.qos.logback.classic.encoder.PatternLayoutEncoder] for [encoder] property
16:16:17,721 |-INFO in ch.qos.logback.core.joran.action.AppenderAction - About to instantiate appender of type [ch.qos.logback.core.rolling.RollingFileAppender]
16:16:17,726 |-INFO in ch.qos.logback.core.joran.action.AppenderAction - Naming appender as [FILE]
16:16:17,757 |-INFO in c.q.l.core.rolling.TimeBasedRollingPolicy@127618319 - No compression will be used
16:16:17,758 |-INFO in c.q.l.core.rolling.TimeBasedRollingPolicy@127618319 - Will use the pattern /tmp/application_%d{yyyy-MM-dd}.%i.log for the active file
16:16:17,761 |-INFO in ch.qos.logback.core.rolling.SizeAndTimeBasedFNATP@6b2fad11 - The date pattern is 'yyyy-MM-dd' from file name pattern '/tmp/application_%d{yyyy-MM-dd}.%i.log'.
16:16:17,761 |-INFO in ch.qos.logback.core.rolling.SizeAndTimeBasedFNATP@6b2fad11 - Roll-over at midnight.
16:16:17,766 |-INFO in ch.qos.logback.core.rolling.SizeAndTimeBasedFNATP@6b2fad11 - Setting initial period to Mon Jun 10 16:14:47 UTC 2019
16:16:17,766 |-WARN in ch.qos.logback.core.rolling.SizeAndTimeBasedFNATP@6b2fad11 - SizeAndTimeBasedFNATP is deprecated. Use SizeAndTimeBasedRollingPolicy instead
16:16:17,766 |-WARN in ch.qos.logback.core.rolling.SizeAndTimeBasedFNATP@6b2fad11 - For more information see http://logback.qos.ch/manual/appenders.html#SizeAndTimeBasedRollingPolicy
16:16:17,770 |-INFO in ch.qos.logback.core.joran.action.NestedComplexPropertyIA - Assuming default type [ch.qos.logback.classic.encoder.PatternLayoutEncoder] for [encoder] property
16:16:17,775 |-INFO in ch.qos.logback.core.rolling.RollingFileAppender[FILE] - Active log file name: /tmp/application.log
16:16:17,775 |-INFO in ch.qos.logback.core.rolling.RollingFileAppender[FILE] - File property is set to [/tmp/application.log]
16:16:17,776 |-INFO in ch.qos.logback.classic.joran.action.RootLoggerAction - Setting level of ROOT logger to WARN
16:16:17,776 |-INFO in ch.qos.logback.core.joran.action.AppenderRefAction - Attaching appender named [STDOUT] to Logger[ROOT]
16:16:17,778 |-INFO in ch.qos.logback.core.joran.action.AppenderRefAction - Attaching appender named [FILE] to Logger[ROOT]
16:16:17,778 |-INFO in ch.qos.logback.classic.joran.action.ConfigurationAction - End of configuration.
16:16:17,778 |-INFO in ch.qos.logback.classic.joran.JoranConfigurator@79698539 - Registering current configuration as safe fallback point

Ama winner
Ama winner
2019-06-10T16:16:19.095+0000: 1.770: [Full GC (Metadata GC Threshold) 2019-06-10T16:16:19.095+0000: 1.770: [Tenured: 0K->15146K(341376K), 0.0418355 secs] 114923K->15146K(494976K), [Metaspace: 20740K->20740K(1067008K)], 0.0419041 secs] [Times: user=0.04 sys=0.01, real=0.04 secs] 
16:16:30.875 [Curator-PathChildrenCache-1] WARN  o.a.c.u.ZKPaths  - The version of ZooKeeper being used doesn't support Container nodes. CreateMode.PERSISTENT will be used instead.
2019-06-10T16:16:32.977+0000: 15.652: [GC (Allocation Failure) 2019-06-10T16:16:32.977+0000: 15.652: [DefNew: 136576K->17023K(153600K), 0.0268550 secs] 151722K->52363K(494976K), 0.0269287 secs] [Times: user=0.02 sys=0.02, real=0.03 secs] 
2019-06-10T16:16:34.939+0000: 17.614: [Full GC (Metadata GC Threshold) 2019-06-10T16:16:34.939+0000: 17.614: [Tenured: 35339K->43942K(341376K), 0.0470530 secs] 93531K->43942K(494976K), [Metaspace: 34575K->34575K(1079296K)], 0.0471324 secs] [Times: user=0.05 sys=0.00, real=0.05 secs] 
2019-06-10T16:16:40.797+0000: 23.472: [GC (Allocation Failure) 2019-06-10T16:16:40.797+0000: 23.472: [DefNew: 136576K->67K(153600K), 0.0018411 secs] 180518K->44010K(494976K), 0.0019012 secs] [Times: user=0.00 sys=0.00, real=0.00 secs] 
2019-06-10T16:16:46.617+0000: 29.292: [GC (Allocation Failure) 2019-06-10T16:16:46.617+0000: 29.292: [DefNew: 136643K->69K(153600K), 0.0016927 secs] 180586K->44012K(494976K), 0.0017623 secs] [Times: user=0.00 sys=0.00, real=0.00 secs] 
2019-06-10T16:16:52.315+0000: 34.990: [GC (Allocation Failure) 2019-06-10T16:16:52.315+0000: 34.990: [DefNew: 136645K->69K(153600K), 0.0016904 secs] 180588K->44012K(494976K), 0.0017539 secs] [Times: user=0.00 sys=0.00, real=0.00 secs] 
2019-06-10T16:16:57.956+0000: 40.631: [GC (Allocation Failure) 2019-06-10T16:16:57.956+0000: 40.631: [DefNew: 136645K->71K(153600K), 0.0016512 secs] 180588K->44013K(494976K), 0.0017110 secs] [Times: user=0.00 sys=0.00, real=0.00 secs] 
2019-06-10T16:17:09.963+0000: 52.638: [GC (Allocation Failure) 2019-06-10T16:17:09.963+0000: 52.638: [DefNew: 136647K->69K(153600K), 0.0017517 secs] 180589K->44012K(494976K), 0.0018185 secs] [Times: user=0.01 sys=0.00, real=0.00 secs] 
16:17:11.799 [Curator-PathChildrenCache-0] ERROR o.a.c.f.r.c.PathChildrenCache  - 
java.lang.IllegalStateException: instance must be started before calling this method
	at org.apache.curator.shaded.com.google.common.base.Preconditions.checkState(Preconditions.java:444)
	at org.apache.curator.framework.imps.CuratorFrameworkImpl.getChildren(CuratorFrameworkImpl.java:456)
	at org.apache.curator.framework.recipes.cache.PathChildrenCache.refresh(PathChildrenCache.java:521)
	at org.apache.curator.framework.recipes.cache.RefreshOperation.invoke(RefreshOperation.java:35)
	at org.apache.curator.framework.recipes.cache.PathChildrenCache$9.run(PathChildrenCache.java:786)
	at java.util.concurrent.Executors$RunnableAdapter.call(Executors.java:511)
	at java.util.concurrent.FutureTask.run(FutureTask.java:266)
	at java.util.concurrent.Executors$RunnableAdapter.call(Executors.java:511)
	at java.util.concurrent.FutureTask.run(FutureTask.java:266)
	at java.util.concurrent.ThreadPoolExecutor.runWorker(ThreadPoolExecutor.java:1149)
	at java.util.concurrent.ThreadPoolExecutor$Worker.run(ThreadPoolExecutor.java:624)
	at java.lang.Thread.run(Thread.java:748)
Heap
 def new generation   total 153600K, used 26112K [0x00000000e0c00000, 0x00000000eb2a0000, 0x00000000eb2a0000)
  eden space 136576K,  19% used [0x00000000e0c00000, 0x00000000e256eac8, 0x00000000e9160000)
  from space 17024K,   0% used [0x00000000e9160000, 0x00000000e91715c0, 0x00000000ea200000)
  to   space 17024K,   0% used [0x00000000ea200000, 0x00000000ea200000, 0x00000000eb2a0000)
 tenured generation   total 341376K, used 43942K [0x00000000eb2a0000, 0x0000000100000000, 0x0000000100000000)
   the space 341376K,  12% used [0x00000000eb2a0000, 0x00000000edd89b00, 0x00000000edd89c00, 0x0000000100000000)
 Metaspace       used 35706K, capacity 36608K, committed 36864K, reserved 1081344K
  class space    used 4811K, capacity 5010K, committed 5120K, reserved 1048576K
