23:03:43,138 |-INFO in ch.qos.logback.classic.LoggerContext[default] - Could NOT find resource [logback-test.xml]
23:03:43,138 |-INFO in ch.qos.logback.classic.LoggerContext[default] - Could NOT find resource [logback.groovy]
23:03:43,138 |-INFO in ch.qos.logback.classic.LoggerContext[default] - Found resource [logback.xml] at [jar:file:/home/nikitasokolov/flamestream/lib/flamestream-runtime-1.0-SNAPSHOT.jar!/logback.xml]
23:03:43,139 |-WARN in ch.qos.logback.classic.LoggerContext[default] - Resource [logback.xml] occurs multiple times on the classpath.
23:03:43,139 |-WARN in ch.qos.logback.classic.LoggerContext[default] - Resource [logback.xml] occurs at [jar:file:/home/nikitasokolov/flamestream/lib/flamestream-runtime-1.0-SNAPSHOT.jar!/logback.xml]
23:03:43,139 |-WARN in ch.qos.logback.classic.LoggerContext[default] - Resource [logback.xml] occurs at [jar:file:/home/nikitasokolov/flamestream/flamestream-runtime-1.0-SNAPSHOT.jar!/logback.xml]
23:03:43,155 |-INFO in ch.qos.logback.core.joran.spi.ConfigurationWatchList@6aaa5eb0 - URL [jar:file:/home/nikitasokolov/flamestream/lib/flamestream-runtime-1.0-SNAPSHOT.jar!/logback.xml] is not of type file
23:03:43,207 |-INFO in ch.qos.logback.classic.joran.action.ConfigurationAction - debug attribute not set
23:03:43,208 |-INFO in ch.qos.logback.core.joran.action.AppenderAction - About to instantiate appender of type [ch.qos.logback.core.ConsoleAppender]
23:03:43,215 |-INFO in ch.qos.logback.core.joran.action.AppenderAction - Naming appender as [STDOUT]
23:03:43,223 |-INFO in ch.qos.logback.core.joran.action.NestedComplexPropertyIA - Assuming default type [ch.qos.logback.classic.encoder.PatternLayoutEncoder] for [encoder] property
23:03:43,280 |-INFO in ch.qos.logback.core.joran.action.AppenderAction - About to instantiate appender of type [ch.qos.logback.core.rolling.RollingFileAppender]
23:03:43,285 |-INFO in ch.qos.logback.core.joran.action.AppenderAction - Naming appender as [FILE]
23:03:43,307 |-INFO in c.q.l.core.rolling.TimeBasedRollingPolicy@3447021 - No compression will be used
23:03:43,308 |-INFO in c.q.l.core.rolling.TimeBasedRollingPolicy@3447021 - Will use the pattern /tmp/application_%d{yyyy-MM-dd}.%i.log for the active file
23:03:43,311 |-INFO in ch.qos.logback.core.rolling.SizeAndTimeBasedFNATP@1a407d53 - The date pattern is 'yyyy-MM-dd' from file name pattern '/tmp/application_%d{yyyy-MM-dd}.%i.log'.
23:03:43,311 |-INFO in ch.qos.logback.core.rolling.SizeAndTimeBasedFNATP@1a407d53 - Roll-over at midnight.
23:03:43,315 |-INFO in ch.qos.logback.core.rolling.SizeAndTimeBasedFNATP@1a407d53 - Setting initial period to Thu Jun 06 22:00:24 MSK 2019
23:03:43,316 |-WARN in ch.qos.logback.core.rolling.SizeAndTimeBasedFNATP@1a407d53 - SizeAndTimeBasedFNATP is deprecated. Use SizeAndTimeBasedRollingPolicy instead
23:03:43,316 |-WARN in ch.qos.logback.core.rolling.SizeAndTimeBasedFNATP@1a407d53 - For more information see http://logback.qos.ch/manual/appenders.html#SizeAndTimeBasedRollingPolicy
23:03:43,319 |-INFO in ch.qos.logback.core.joran.action.NestedComplexPropertyIA - Assuming default type [ch.qos.logback.classic.encoder.PatternLayoutEncoder] for [encoder] property
23:03:43,321 |-INFO in ch.qos.logback.core.rolling.RollingFileAppender[FILE] - Active log file name: /tmp/application.log
23:03:43,321 |-INFO in ch.qos.logback.core.rolling.RollingFileAppender[FILE] - File property is set to [/tmp/application.log]
23:03:43,323 |-ERROR in ch.qos.logback.core.rolling.RollingFileAppender[FILE] - openFile(/tmp/application.log,true) call failed. java.io.FileNotFoundException: /tmp/application.log (Permission denied)
	at java.io.FileNotFoundException: /tmp/application.log (Permission denied)
	at 	at java.io.FileOutputStream.open0(Native Method)
	at 	at java.io.FileOutputStream.open(FileOutputStream.java:270)
	at 	at java.io.FileOutputStream.<init>(FileOutputStream.java:213)
	at 	at ch.qos.logback.core.recovery.ResilientFileOutputStream.<init>(ResilientFileOutputStream.java:26)
	at 	at ch.qos.logback.core.FileAppender.openFile(FileAppender.java:204)
	at 	at ch.qos.logback.core.FileAppender.start(FileAppender.java:127)
	at 	at ch.qos.logback.core.rolling.RollingFileAppender.start(RollingFileAppender.java:100)
	at 	at ch.qos.logback.core.joran.action.AppenderAction.end(AppenderAction.java:90)
	at 	at ch.qos.logback.core.joran.spi.Interpreter.callEndAction(Interpreter.java:309)
	at 	at ch.qos.logback.core.joran.spi.Interpreter.endElement(Interpreter.java:193)
	at 	at ch.qos.logback.core.joran.spi.Interpreter.endElement(Interpreter.java:179)
	at 	at ch.qos.logback.core.joran.spi.EventPlayer.play(EventPlayer.java:62)
	at 	at ch.qos.logback.core.joran.GenericConfigurator.doConfigure(GenericConfigurator.java:165)
	at 	at ch.qos.logback.core.joran.GenericConfigurator.doConfigure(GenericConfigurator.java:152)
	at 	at ch.qos.logback.core.joran.GenericConfigurator.doConfigure(GenericConfigurator.java:110)
	at 	at ch.qos.logback.core.joran.GenericConfigurator.doConfigure(GenericConfigurator.java:53)
	at 	at ch.qos.logback.classic.util.ContextInitializer.configureByResource(ContextInitializer.java:75)
	at 	at ch.qos.logback.classic.util.ContextInitializer.autoConfig(ContextInitializer.java:150)
	at 	at org.slf4j.impl.StaticLoggerBinder.init(StaticLoggerBinder.java:84)
	at 	at org.slf4j.impl.StaticLoggerBinder.<clinit>(StaticLoggerBinder.java:55)
	at 	at org.slf4j.LoggerFactory.bind(LoggerFactory.java:150)
	at 	at org.slf4j.LoggerFactory.performInitialization(LoggerFactory.java:124)
	at 	at org.slf4j.LoggerFactory.getILoggerFactory(LoggerFactory.java:412)
	at 	at org.slf4j.LoggerFactory.getLogger(LoggerFactory.java:357)
	at 	at org.slf4j.LoggerFactory.getLogger(LoggerFactory.java:383)
	at 	at com.spbsu.flamestream.runtime.WorkerApplication.<init>(WorkerApplication.java:26)
	at 	at com.spbsu.flamestream.runtime.WorkerApplication.main(WorkerApplication.java:68)
23:03:43,323 |-INFO in ch.qos.logback.classic.joran.action.RootLoggerAction - Setting level of ROOT logger to WARN
23:03:43,323 |-INFO in ch.qos.logback.core.joran.action.AppenderRefAction - Attaching appender named [STDOUT] to Logger[ROOT]
23:03:43,323 |-INFO in ch.qos.logback.core.joran.action.AppenderRefAction - Attaching appender named [FILE] to Logger[ROOT]
23:03:43,323 |-INFO in ch.qos.logback.classic.joran.action.ConfigurationAction - End of configuration.
23:03:43,324 |-INFO in ch.qos.logback.classic.joran.JoranConfigurator@21bcffb5 - Registering current configuration as safe fallback point

Ama winner
Ama winner
2019-06-08T23:03:44.342+0300: 1.416: [GC (Metadata GC Threshold) [PSYoungGen: 92676K->15808K(149504K)] 92676K->15888K(491008K), 0.0292135 secs] [Times: user=0.13 sys=0.06, real=0.03 secs] 
2019-06-08T23:03:44.371+0300: 1.445: [Full GC (Metadata GC Threshold) [PSYoungGen: 15808K->0K(149504K)] [ParOldGen: 80K->15006K(341504K)] 15888K->15006K(491008K), [Metaspace: 20801K->20801K(1067008K)], 0.0276661 secs] [Times: user=0.18 sys=0.00, real=0.03 secs] 
23:03:52.588 [Curator-PathChildrenCache-1] WARN  o.a.c.u.ZKPaths  - The version of ZooKeeper being used doesn't support Container nodes. CreateMode.PERSISTENT will be used instead.
2019-06-08T23:03:53.451+0300: 10.525: [GC (Allocation Failure) [PSYoungGen: 128512K->15806K(149504K)] 143518K->50352K(491008K), 0.0265847 secs] [Times: user=0.20 sys=0.02, real=0.03 secs] 
2019-06-08T23:03:53.675+0300: 10.750: [GC (Metadata GC Threshold) [PSYoungGen: 28014K->5573K(149504K)] 62560K->40126K(491008K), 0.0036768 secs] [Times: user=0.04 sys=0.00, real=0.00 secs] 
2019-06-08T23:03:53.679+0300: 10.753: [Full GC (Metadata GC Threshold) [PSYoungGen: 5573K->0K(149504K)] [ParOldGen: 34553K->29135K(341504K)] 40126K->29135K(491008K), [Metaspace: 34560K->34560K(1079296K)], 0.0381150 secs] [Times: user=0.19 sys=0.00, real=0.04 secs] 
2019-06-08T23:03:55.564+0300: 12.639: [GC (Allocation Failure) [PSYoungGen: 128512K->608K(149504K)] 157647K->29751K(491008K), 0.0023553 secs] [Times: user=0.01 sys=0.01, real=0.00 secs] 
2019-06-08T23:03:57.050+0300: 14.124: [GC (Allocation Failure) [PSYoungGen: 129120K->640K(129536K)] 158263K->29791K(471040K), 0.0032247 secs] [Times: user=0.02 sys=0.01, real=0.01 secs] 
2019-06-08T23:03:58.887+0300: 15.962: [GC (Allocation Failure) [PSYoungGen: 129152K->704K(149504K)] 158303K->29863K(491008K), 0.0027750 secs] [Times: user=0.01 sys=0.00, real=0.00 secs] 
2019-06-08T23:04:00.735+0300: 17.809: [GC (Allocation Failure) [PSYoungGen: 128704K->704K(148992K)] 157863K->29871K(490496K), 0.0020899 secs] [Times: user=0.01 sys=0.00, real=0.00 secs] 
2019-06-08T23:04:02.557+0300: 19.632: [GC (Allocation Failure) [PSYoungGen: 128704K->736K(151040K)] 157871K->29911K(492544K), 0.0022494 secs] [Times: user=0.01 sys=0.00, real=0.00 secs] 
2019-06-08T23:04:04.433+0300: 21.508: [GC (Allocation Failure) [PSYoungGen: 131296K->864K(150016K)] 160471K->30047K(491520K), 0.0040030 secs] [Times: user=0.02 sys=0.00, real=0.00 secs] 
2019-06-08T23:04:06.330+0300: 23.404: [GC (Allocation Failure) [PSYoungGen: 131424K->832K(152576K)] 160607K->30015K(494080K), 0.0041403 secs] [Times: user=0.02 sys=0.00, real=0.01 secs] 
2019-06-08T23:04:08.279+0300: 25.354: [GC (Allocation Failure) [PSYoungGen: 134464K->864K(151552K)] 163647K->30055K(493056K), 0.0022116 secs] [Times: user=0.01 sys=0.00, real=0.00 secs] 
2019-06-08T23:04:10.263+0300: 27.338: [GC (Allocation Failure) [PSYoungGen: 134496K->928K(154112K)] 163687K->30127K(495616K), 0.0035896 secs] [Times: user=0.02 sys=0.00, real=0.01 secs] 
2019-06-08T23:04:12.175+0300: 29.250: [GC (Allocation Failure) [PSYoungGen: 137632K->928K(153088K)] 166831K->30127K(494592K), 0.0031482 secs] [Times: user=0.01 sys=0.00, real=0.00 secs] 
2019-06-08T23:04:14.159+0300: 31.233: [GC (Allocation Failure) [PSYoungGen: 137632K->1024K(155648K)] 166831K->30223K(497152K), 0.0024228 secs] [Times: user=0.02 sys=0.00, real=0.00 secs] 
2019-06-08T23:04:16.184+0300: 33.258: [GC (Allocation Failure) [PSYoungGen: 140800K->1056K(154624K)] 169999K->30263K(496128K), 0.0066769 secs] [Times: user=0.05 sys=0.01, real=0.01 secs] 
2019-06-08T23:04:18.198+0300: 35.272: [GC (Allocation Failure) [PSYoungGen: 140832K->1120K(157184K)] 170039K->30327K(498688K), 0.0030575 secs] [Times: user=0.02 sys=0.00, real=0.00 secs] 
2019-06-08T23:04:20.254+0300: 37.329: [GC (Allocation Failure) [PSYoungGen: 143968K->992K(156160K)] 173175K->30199K(497664K), 0.0026341 secs] [Times: user=0.01 sys=0.00, real=0.00 secs] 
2019-06-08T23:04:22.331+0300: 39.405: [GC (Allocation Failure) [PSYoungGen: 143840K->960K(158720K)] 173047K->30167K(500224K), 0.0026953 secs] [Times: user=0.01 sys=0.00, real=0.01 secs] 
2019-06-08T23:04:24.449+0300: 41.524: [GC (Allocation Failure) [PSYoungGen: 146880K->832K(157696K)] 176087K->30399K(499200K), 0.0039812 secs] [Times: user=0.02 sys=0.00, real=0.01 secs] 
2019-06-08T23:04:26.563+0300: 43.637: [GC (Allocation Failure) [PSYoungGen: 146752K->832K(159744K)] 176319K->30503K(501248K), 0.0026981 secs] [Times: user=0.01 sys=0.00, real=0.01 secs] 
2019-06-08T23:04:28.727+0300: 45.801: [GC (Allocation Failure) [PSYoungGen: 149312K->832K(159232K)] 178983K->30535K(500736K), 0.0025760 secs] [Times: user=0.01 sys=0.00, real=0.00 secs] 
23:04:34.797 [Curator-PathChildrenCache-0] ERROR o.a.c.f.r.c.PathChildrenCache  - 
java.lang.IllegalStateException: instance must be started before calling this method
	at org.apache.curator.shaded.com.google.common.base.Preconditions.checkState(Preconditions.java:444)
	at org.apache.curator.framework.imps.CuratorFrameworkImpl.getChildren(CuratorFrameworkImpl.java:456)
	at org.apache.curator.framework.recipes.cache.PathChildrenCache.refresh(PathChildrenCache.java:521)
	at org.apache.curator.framework.recipes.cache.RefreshOperation.invoke(RefreshOperation.java:35)
	at org.apache.curator.framework.recipes.cache.PathChildrenCache$9.run(PathChildrenCache.java:786)
	at java.util.concurrent.Executors$RunnableAdapter.call(Executors.java:511)
	at java.util.concurrent.FutureTask.run(FutureTask.java:266)
	at java.util.concurrent.Executors$RunnableAdapter.call(Executors.java:511)
	at java.util.concurrent.FutureTask.run(FutureTask.java:266)
	at java.util.concurrent.ThreadPoolExecutor.runWorker(ThreadPoolExecutor.java:1149)
	at java.util.concurrent.ThreadPoolExecutor$Worker.run(ThreadPoolExecutor.java:624)
	at java.lang.Thread.run(Thread.java:748)
23:04:35.893 [worker-akka.actor.default-dispatcher-9] ERROR c.s.f.r.WorkerApplication  - Something went wrong during trace flush
java.nio.file.AccessDeniedException: /tmp/trace.csv
	at sun.nio.fs.UnixException.translateToIOException(UnixException.java:84)
	at sun.nio.fs.UnixException.rethrowAsIOException(UnixException.java:102)
	at sun.nio.fs.UnixException.rethrowAsIOException(UnixException.java:107)
	at sun.nio.fs.UnixFileSystemProvider.newByteChannel(UnixFileSystemProvider.java:214)
	at java.nio.file.spi.FileSystemProvider.newOutputStream(FileSystemProvider.java:434)
	at java.nio.file.Files.newOutputStream(Files.java:216)
	at java.nio.file.Files.newBufferedWriter(Files.java:2860)
	at java.nio.file.Files.newBufferedWriter(Files.java:2896)
	at com.spbsu.flamestream.runtime.utils.tracing.Tracing.flush(Tracing.java:35)
	at com.spbsu.flamestream.runtime.WorkerApplication.lambda$run$0(WorkerApplication.java:109)
	at akka.actor.ActorSystemImpl$TerminationCallbacks$$anonfun$addRec$1$1.applyOrElse(ActorSystem.scala:1036)
	at akka.actor.ActorSystemImpl$TerminationCallbacks$$anonfun$addRec$1$1.applyOrElse(ActorSystem.scala:1036)
	at scala.concurrent.Future$$anonfun$andThen$1.apply(Future.scala:436)
	at scala.concurrent.Future$$anonfun$andThen$1.apply(Future.scala:435)
	at scala.concurrent.impl.CallbackRunnable.run(Promise.scala:36)
	at akka.dispatch.BatchingExecutor$AbstractBatch.processBatch(BatchingExecutor.scala:55)
	at akka.dispatch.BatchingExecutor$BlockableBatch$$anonfun$run$1.apply$mcV$sp(BatchingExecutor.scala:91)
	at akka.dispatch.BatchingExecutor$BlockableBatch$$anonfun$run$1.apply(BatchingExecutor.scala:91)
	at akka.dispatch.BatchingExecutor$BlockableBatch$$anonfun$run$1.apply(BatchingExecutor.scala:91)
	at scala.concurrent.BlockContext$.withBlockContext(BlockContext.scala:72)
	at akka.dispatch.BatchingExecutor$BlockableBatch.run(BatchingExecutor.scala:90)
	at akka.dispatch.TaskInvocation.run(AbstractDispatcher.scala:40)
	at akka.dispatch.ForkJoinExecutorConfigurator$AkkaForkJoinTask.exec(ForkJoinExecutorConfigurator.scala:44)
	at akka.dispatch.forkjoin.ForkJoinTask.doExec(ForkJoinTask.java:260)
	at akka.dispatch.forkjoin.ForkJoinPool$WorkQueue.runTask(ForkJoinPool.java:1339)
	at akka.dispatch.forkjoin.ForkJoinPool.runWorker(ForkJoinPool.java:1979)
	at akka.dispatch.forkjoin.ForkJoinWorkerThread.run(ForkJoinWorkerThread.java:107)
Heap
 PSYoungGen      total 159232K, used 87149K [0x00000000f5980000, 0x0000000100000000, 0x0000000100000000)
  eden space 148480K, 58% used [0x00000000f5980000,0x00000000fadcb4f0,0x00000000fea80000)
  from space 10752K, 7% used [0x00000000fea80000,0x00000000feb50100,0x00000000ff500000)
  to   space 10240K, 0% used [0x00000000ff600000,0x00000000ff600000,0x0000000100000000)
 ParOldGen       total 341504K, used 29703K [0x00000000e0c00000, 0x00000000f5980000, 0x00000000f5980000)
  object space 341504K, 8% used [0x00000000e0c00000,0x00000000e2901d08,0x00000000f5980000)
 Metaspace       used 35850K, capacity 36744K, committed 36952K, reserved 1081344K
  class space    used 4929K, capacity 5128K, committed 5248K, reserved 1048576K
