16:18:28,565 |-INFO in ch.qos.logback.classic.LoggerContext[default] - Could NOT find resource [logback-test.xml]
16:18:28,565 |-INFO in ch.qos.logback.classic.LoggerContext[default] - Could NOT find resource [logback.groovy]
16:18:28,565 |-INFO in ch.qos.logback.classic.LoggerContext[default] - Found resource [logback.xml] at [jar:file:/root/flamestream/lib/flamestream-runtime-1.0-SNAPSHOT.jar!/logback.xml]
16:18:28,566 |-WARN in ch.qos.logback.classic.LoggerContext[default] - Resource [logback.xml] occurs multiple times on the classpath.
16:18:28,566 |-WARN in ch.qos.logback.classic.LoggerContext[default] - Resource [logback.xml] occurs at [jar:file:/root/flamestream/lib/flamestream-runtime-1.0-SNAPSHOT.jar!/logback.xml]
16:18:28,566 |-WARN in ch.qos.logback.classic.LoggerContext[default] - Resource [logback.xml] occurs at [jar:file:/root/flamestream/flamestream-runtime-1.0-SNAPSHOT.jar!/logback.xml]
16:18:28,586 |-INFO in ch.qos.logback.core.joran.spi.ConfigurationWatchList@3fb6a447 - URL [jar:file:/root/flamestream/lib/flamestream-runtime-1.0-SNAPSHOT.jar!/logback.xml] is not of type file
16:18:28,653 |-INFO in ch.qos.logback.classic.joran.action.ConfigurationAction - debug attribute not set
16:18:28,654 |-INFO in ch.qos.logback.core.joran.action.AppenderAction - About to instantiate appender of type [ch.qos.logback.core.ConsoleAppender]
16:18:28,670 |-INFO in ch.qos.logback.core.joran.action.AppenderAction - Naming appender as [STDOUT]
16:18:28,689 |-INFO in ch.qos.logback.core.joran.action.NestedComplexPropertyIA - Assuming default type [ch.qos.logback.classic.encoder.PatternLayoutEncoder] for [encoder] property
16:18:28,774 |-INFO in ch.qos.logback.core.joran.action.AppenderAction - About to instantiate appender of type [ch.qos.logback.core.rolling.RollingFileAppender]
16:18:28,779 |-INFO in ch.qos.logback.core.joran.action.AppenderAction - Naming appender as [FILE]
16:18:28,809 |-INFO in c.q.l.core.rolling.TimeBasedRollingPolicy@127618319 - No compression will be used
16:18:28,811 |-INFO in c.q.l.core.rolling.TimeBasedRollingPolicy@127618319 - Will use the pattern /tmp/application_%d{yyyy-MM-dd}.%i.log for the active file
16:18:28,813 |-INFO in ch.qos.logback.core.rolling.SizeAndTimeBasedFNATP@6b2fad11 - The date pattern is 'yyyy-MM-dd' from file name pattern '/tmp/application_%d{yyyy-MM-dd}.%i.log'.
16:18:28,813 |-INFO in ch.qos.logback.core.rolling.SizeAndTimeBasedFNATP@6b2fad11 - Roll-over at midnight.
16:18:28,819 |-INFO in ch.qos.logback.core.rolling.SizeAndTimeBasedFNATP@6b2fad11 - Setting initial period to Mon Jun 10 16:17:11 UTC 2019
16:18:28,819 |-WARN in ch.qos.logback.core.rolling.SizeAndTimeBasedFNATP@6b2fad11 - SizeAndTimeBasedFNATP is deprecated. Use SizeAndTimeBasedRollingPolicy instead
16:18:28,819 |-WARN in ch.qos.logback.core.rolling.SizeAndTimeBasedFNATP@6b2fad11 - For more information see http://logback.qos.ch/manual/appenders.html#SizeAndTimeBasedRollingPolicy
16:18:28,822 |-INFO in ch.qos.logback.core.joran.action.NestedComplexPropertyIA - Assuming default type [ch.qos.logback.classic.encoder.PatternLayoutEncoder] for [encoder] property
16:18:28,827 |-INFO in ch.qos.logback.core.rolling.RollingFileAppender[FILE] - Active log file name: /tmp/application.log
16:18:28,827 |-INFO in ch.qos.logback.core.rolling.RollingFileAppender[FILE] - File property is set to [/tmp/application.log]
16:18:28,828 |-INFO in ch.qos.logback.classic.joran.action.RootLoggerAction - Setting level of ROOT logger to WARN
16:18:28,828 |-INFO in ch.qos.logback.core.joran.action.AppenderRefAction - Attaching appender named [STDOUT] to Logger[ROOT]
16:18:28,830 |-INFO in ch.qos.logback.core.joran.action.AppenderRefAction - Attaching appender named [FILE] to Logger[ROOT]
16:18:28,831 |-INFO in ch.qos.logback.classic.joran.action.ConfigurationAction - End of configuration.
16:18:28,831 |-INFO in ch.qos.logback.classic.joran.JoranConfigurator@79698539 - Registering current configuration as safe fallback point

Ama winner
Ama winner
2019-06-10T16:18:30.105+0000: 1.724: [Full GC (Metadata GC Threshold) 2019-06-10T16:18:30.105+0000: 1.724: [Tenured: 0K->15241K(341376K), 0.0391252 secs] 117750K->15241K(494976K), [Metaspace: 20742K->20742K(1067008K)], 0.0391908 secs] [Times: user=0.04 sys=0.01, real=0.04 secs] 
16:18:42.277 [Curator-PathChildrenCache-1] WARN  o.a.c.u.ZKPaths  - The version of ZooKeeper being used doesn't support Container nodes. CreateMode.PERSISTENT will be used instead.
2019-06-10T16:18:44.729+0000: 16.349: [GC (Allocation Failure) 2019-06-10T16:18:44.729+0000: 16.349: [DefNew: 136576K->17023K(153600K), 0.0271729 secs] 151817K->52767K(494976K), 0.0272558 secs] [Times: user=0.03 sys=0.00, real=0.03 secs] 
2019-06-10T16:18:45.790+0000: 17.410: [Full GC (Metadata GC Threshold) 2019-06-10T16:18:45.790+0000: 17.410: [Tenured: 35743K->44436K(341376K), 0.0395566 secs] 81262K->44436K(494976K), [Metaspace: 34588K->34588K(1079296K)], 0.0396364 secs] [Times: user=0.04 sys=0.00, real=0.04 secs] 
2019-06-10T16:18:52.049+0000: 23.669: [GC (Allocation Failure) 2019-06-10T16:18:52.049+0000: 23.669: [DefNew: 136576K->104K(153600K), 0.0018310 secs] 181012K->44541K(494976K), 0.0019000 secs] [Times: user=0.01 sys=0.00, real=0.01 secs] 
2019-06-10T16:18:58.107+0000: 29.727: [GC (Allocation Failure) 2019-06-10T16:18:58.107+0000: 29.727: [DefNew: 136680K->136K(153600K), 0.0016709 secs] 181117K->44572K(494976K), 0.0017283 secs] [Times: user=0.01 sys=0.00, real=0.00 secs] 
2019-06-10T16:19:04.245+0000: 35.865: [GC (Allocation Failure) 2019-06-10T16:19:04.245+0000: 35.865: [DefNew: 136712K->174K(153600K), 0.0018412 secs] 181148K->44610K(494976K), 0.0019024 secs] [Times: user=0.00 sys=0.00, real=0.00 secs] 
2019-06-10T16:19:10.438+0000: 42.057: [GC (Allocation Failure) 2019-06-10T16:19:10.438+0000: 42.057: [DefNew: 136750K->171K(153600K), 0.0018370 secs] 181186K->44607K(494976K), 0.0018989 secs] [Times: user=0.00 sys=0.00, real=0.00 secs] 
2019-06-10T16:19:16.632+0000: 48.251: [GC (Allocation Failure) 2019-06-10T16:19:16.632+0000: 48.251: [DefNew: 136747K->172K(153600K), 0.0018261 secs] 181183K->44609K(494976K), 0.0018873 secs] [Times: user=0.00 sys=0.00, real=0.00 secs] 
16:19:24.057 [Curator-PathChildrenCache-0] ERROR o.a.c.f.r.c.PathChildrenCache  - 
java.lang.IllegalStateException: instance must be started before calling this method
	at org.apache.curator.shaded.com.google.common.base.Preconditions.checkState(Preconditions.java:444)
	at org.apache.curator.framework.imps.CuratorFrameworkImpl.getChildren(CuratorFrameworkImpl.java:456)
	at org.apache.curator.framework.recipes.cache.PathChildrenCache.refresh(PathChildrenCache.java:521)
	at org.apache.curator.framework.recipes.cache.RefreshOperation.invoke(RefreshOperation.java:35)
	at org.apache.curator.framework.recipes.cache.PathChildrenCache$9.run(PathChildrenCache.java:786)
	at java.util.concurrent.Executors$RunnableAdapter.call(Executors.java:511)
	at java.util.concurrent.FutureTask.run(FutureTask.java:266)
	at java.util.concurrent.Executors$RunnableAdapter.call(Executors.java:511)
	at java.util.concurrent.FutureTask.run(FutureTask.java:266)
	at java.util.concurrent.ThreadPoolExecutor.runWorker(ThreadPoolExecutor.java:1149)
	at java.util.concurrent.ThreadPoolExecutor$Worker.run(ThreadPoolExecutor.java:624)
	at java.lang.Thread.run(Thread.java:748)
Heap
 def new generation   total 153600K, used 74578K [0x00000000e0c00000, 0x00000000eb2a0000, 0x00000000eb2a0000)
  eden space 136576K,  54% used [0x00000000e0c00000, 0x00000000e54a9748, 0x00000000e9160000)
  from space 17024K,   1% used [0x00000000e9160000, 0x00000000e918b338, 0x00000000ea200000)
  to   space 17024K,   0% used [0x00000000ea200000, 0x00000000ea200000, 0x00000000eb2a0000)
 tenured generation   total 341376K, used 44436K [0x00000000eb2a0000, 0x0000000100000000, 0x0000000100000000)
   the space 341376K,  13% used [0x00000000eb2a0000, 0x00000000ede05130, 0x00000000ede05200, 0x0000000100000000)
 Metaspace       used 35881K, capacity 36742K, committed 37120K, reserved 1081344K
  class space    used 4817K, capacity 5011K, committed 5120K, reserved 1048576K
