19:05:58,162 |-INFO in ch.qos.logback.classic.LoggerContext[default] - Could NOT find resource [logback-test.xml]
19:05:58,162 |-INFO in ch.qos.logback.classic.LoggerContext[default] - Could NOT find resource [logback.groovy]
19:05:58,162 |-INFO in ch.qos.logback.classic.LoggerContext[default] - Found resource [logback.xml] at [jar:file:/root/flamestream/lib/flamestream-runtime-1.0-SNAPSHOT.jar!/logback.xml]
19:05:58,163 |-WARN in ch.qos.logback.classic.LoggerContext[default] - Resource [logback.xml] occurs multiple times on the classpath.
19:05:58,163 |-WARN in ch.qos.logback.classic.LoggerContext[default] - Resource [logback.xml] occurs at [jar:file:/root/flamestream/lib/flamestream-runtime-1.0-SNAPSHOT.jar!/logback.xml]
19:05:58,163 |-WARN in ch.qos.logback.classic.LoggerContext[default] - Resource [logback.xml] occurs at [jar:file:/root/flamestream/flamestream-runtime-1.0-SNAPSHOT.jar!/logback.xml]
19:05:58,183 |-INFO in ch.qos.logback.core.joran.spi.ConfigurationWatchList@3fb6a447 - URL [jar:file:/root/flamestream/lib/flamestream-runtime-1.0-SNAPSHOT.jar!/logback.xml] is not of type file
19:05:58,254 |-INFO in ch.qos.logback.classic.joran.action.ConfigurationAction - debug attribute not set
19:05:58,254 |-INFO in ch.qos.logback.core.joran.action.AppenderAction - About to instantiate appender of type [ch.qos.logback.core.ConsoleAppender]
19:05:58,264 |-INFO in ch.qos.logback.core.joran.action.AppenderAction - Naming appender as [STDOUT]
19:05:58,283 |-INFO in ch.qos.logback.core.joran.action.NestedComplexPropertyIA - Assuming default type [ch.qos.logback.classic.encoder.PatternLayoutEncoder] for [encoder] property
19:05:58,358 |-INFO in ch.qos.logback.core.joran.action.AppenderAction - About to instantiate appender of type [ch.qos.logback.core.rolling.RollingFileAppender]
19:05:58,366 |-INFO in ch.qos.logback.core.joran.action.AppenderAction - Naming appender as [FILE]
19:05:58,397 |-INFO in c.q.l.core.rolling.TimeBasedRollingPolicy@127618319 - No compression will be used
19:05:58,398 |-INFO in c.q.l.core.rolling.TimeBasedRollingPolicy@127618319 - Will use the pattern /tmp/application_%d{yyyy-MM-dd}.%i.log for the active file
19:05:58,401 |-INFO in ch.qos.logback.core.rolling.SizeAndTimeBasedFNATP@6b2fad11 - The date pattern is 'yyyy-MM-dd' from file name pattern '/tmp/application_%d{yyyy-MM-dd}.%i.log'.
19:05:58,401 |-INFO in ch.qos.logback.core.rolling.SizeAndTimeBasedFNATP@6b2fad11 - Roll-over at midnight.
19:05:58,406 |-INFO in ch.qos.logback.core.rolling.SizeAndTimeBasedFNATP@6b2fad11 - Setting initial period to Mon Jun 10 19:04:26 UTC 2019
19:05:58,406 |-WARN in ch.qos.logback.core.rolling.SizeAndTimeBasedFNATP@6b2fad11 - SizeAndTimeBasedFNATP is deprecated. Use SizeAndTimeBasedRollingPolicy instead
19:05:58,406 |-WARN in ch.qos.logback.core.rolling.SizeAndTimeBasedFNATP@6b2fad11 - For more information see http://logback.qos.ch/manual/appenders.html#SizeAndTimeBasedRollingPolicy
19:05:58,410 |-INFO in ch.qos.logback.core.joran.action.NestedComplexPropertyIA - Assuming default type [ch.qos.logback.classic.encoder.PatternLayoutEncoder] for [encoder] property
19:05:58,415 |-INFO in ch.qos.logback.core.rolling.RollingFileAppender[FILE] - Active log file name: /tmp/application.log
19:05:58,415 |-INFO in ch.qos.logback.core.rolling.RollingFileAppender[FILE] - File property is set to [/tmp/application.log]
19:05:58,416 |-INFO in ch.qos.logback.classic.joran.action.RootLoggerAction - Setting level of ROOT logger to WARN
19:05:58,416 |-INFO in ch.qos.logback.core.joran.action.AppenderRefAction - Attaching appender named [STDOUT] to Logger[ROOT]
19:05:58,416 |-INFO in ch.qos.logback.core.joran.action.AppenderRefAction - Attaching appender named [FILE] to Logger[ROOT]
19:05:58,417 |-INFO in ch.qos.logback.classic.joran.action.ConfigurationAction - End of configuration.
19:05:58,417 |-INFO in ch.qos.logback.classic.joran.JoranConfigurator@79698539 - Registering current configuration as safe fallback point

Ama winner
Ama winner
2019-06-10T19:05:59.717+0000: 1.740: [Full GC (Metadata GC Threshold) 2019-06-10T19:05:59.717+0000: 1.740: [Tenured: 0K->15241K(341376K), 0.0396322 secs] 114988K->15241K(494976K), [Metaspace: 20732K->20732K(1067008K)], 0.0396999 secs] [Times: user=0.03 sys=0.01, real=0.04 secs] 
19:06:19.596 [Curator-PathChildrenCache-1] WARN  o.a.c.u.ZKPaths  - The version of ZooKeeper being used doesn't support Container nodes. CreateMode.PERSISTENT will be used instead.
2019-06-10T19:06:21.781+0000: 23.804: [GC (Allocation Failure) 2019-06-10T19:06:21.781+0000: 23.804: [DefNew: 136576K->17024K(153600K), 0.0472262 secs] 151817K->52584K(494976K), 0.0473050 secs] [Times: user=0.05 sys=0.01, real=0.05 secs] 
2019-06-10T19:06:23.890+0000: 25.913: [Full GC (Metadata GC Threshold) 2019-06-10T19:06:23.890+0000: 25.913: [Tenured: 35560K->44115K(341376K), 0.0442980 secs] 87670K->44115K(494976K), [Metaspace: 34584K->34584K(1079296K)], 0.0443770 secs] [Times: user=0.05 sys=0.00, real=0.04 secs] 
2019-06-10T19:06:31.741+0000: 33.764: [GC (Allocation Failure) 2019-06-10T19:06:31.741+0000: 33.764: [DefNew: 136576K->92K(153600K), 0.0018012 secs] 180691K->44207K(494976K), 0.0018627 secs] [Times: user=0.00 sys=0.00, real=0.01 secs] 
2019-06-10T19:06:39.649+0000: 41.672: [GC (Allocation Failure) 2019-06-10T19:06:39.649+0000: 41.672: [DefNew: 136668K->158K(153600K), 0.0016849 secs] 180783K->44273K(494976K), 0.0017441 secs] [Times: user=0.00 sys=0.00, real=0.01 secs] 
2019-06-10T19:06:47.690+0000: 49.713: [GC (Allocation Failure) 2019-06-10T19:06:47.690+0000: 49.713: [DefNew: 136734K->162K(153600K), 0.0017157 secs] 180849K->44277K(494976K), 0.0017758 secs] [Times: user=0.00 sys=0.00, real=0.01 secs] 
2019-06-10T19:06:55.729+0000: 57.752: [GC (Allocation Failure) 2019-06-10T19:06:55.729+0000: 57.752: [DefNew: 136738K->159K(153600K), 0.0017125 secs] 180853K->44274K(494976K), 0.0017741 secs] [Times: user=0.00 sys=0.00, real=0.01 secs] 
2019-06-10T19:07:04.328+0000: 66.351: [GC (Allocation Failure) 2019-06-10T19:07:04.328+0000: 66.351: [DefNew: 136735K->479K(153600K), 0.0021378 secs] 180850K->44594K(494976K), 0.0021983 secs] [Times: user=0.00 sys=0.00, real=0.00 secs] 
19:07:21.303 [Curator-PathChildrenCache-0] ERROR o.a.c.f.r.c.PathChildrenCache  - 
java.lang.IllegalStateException: instance must be started before calling this method
	at org.apache.curator.shaded.com.google.common.base.Preconditions.checkState(Preconditions.java:444)
	at org.apache.curator.framework.imps.CuratorFrameworkImpl.getChildren(CuratorFrameworkImpl.java:456)
	at org.apache.curator.framework.recipes.cache.PathChildrenCache.refresh(PathChildrenCache.java:521)
	at org.apache.curator.framework.recipes.cache.RefreshOperation.invoke(RefreshOperation.java:35)
	at org.apache.curator.framework.recipes.cache.PathChildrenCache$9.run(PathChildrenCache.java:786)
	at java.util.concurrent.Executors$RunnableAdapter.call(Executors.java:511)
	at java.util.concurrent.FutureTask.run(FutureTask.java:266)
	at java.util.concurrent.Executors$RunnableAdapter.call(Executors.java:511)
	at java.util.concurrent.FutureTask.run(FutureTask.java:266)
	at java.util.concurrent.ThreadPoolExecutor.runWorker(ThreadPoolExecutor.java:1149)
	at java.util.concurrent.ThreadPoolExecutor$Worker.run(ThreadPoolExecutor.java:624)
	at java.lang.Thread.run(Thread.java:748)
Heap
 def new generation   total 153600K, used 97087K [0x00000000e0c00000, 0x00000000eb2a0000, 0x00000000eb2a0000)
  eden space 136576K,  70% used [0x00000000e0c00000, 0x00000000e6a58190, 0x00000000e9160000)
  from space 17024K,   2% used [0x00000000e9160000, 0x00000000e91d7d70, 0x00000000ea200000)
  to   space 17024K,   0% used [0x00000000ea200000, 0x00000000ea200000, 0x00000000eb2a0000)
 tenured generation   total 341376K, used 44115K [0x00000000eb2a0000, 0x0000000100000000, 0x0000000100000000)
   the space 341376K,  12% used [0x00000000eb2a0000, 0x00000000eddb4c28, 0x00000000eddb4e00, 0x0000000100000000)
 Metaspace       used 36037K, capacity 36928K, committed 37120K, reserved 1081344K
  class space    used 4871K, capacity 5074K, committed 5120K, reserved 1048576K
