01:38:04,707 |-INFO in ch.qos.logback.classic.LoggerContext[default] - Could NOT find resource [logback-test.xml]
01:38:04,707 |-INFO in ch.qos.logback.classic.LoggerContext[default] - Could NOT find resource [logback.groovy]
01:38:04,708 |-INFO in ch.qos.logback.classic.LoggerContext[default] - Found resource [logback.xml] at [jar:file:/home/nikitasokolov/flamestream/lib/flamestream-runtime-1.0-SNAPSHOT.jar!/logback.xml]
01:38:04,708 |-WARN in ch.qos.logback.classic.LoggerContext[default] - Resource [logback.xml] occurs multiple times on the classpath.
01:38:04,709 |-WARN in ch.qos.logback.classic.LoggerContext[default] - Resource [logback.xml] occurs at [jar:file:/home/nikitasokolov/flamestream/lib/flamestream-runtime-1.0-SNAPSHOT.jar!/logback.xml]
01:38:04,709 |-WARN in ch.qos.logback.classic.LoggerContext[default] - Resource [logback.xml] occurs at [jar:file:/home/nikitasokolov/flamestream/flamestream-runtime-1.0-SNAPSHOT.jar!/logback.xml]
01:38:04,724 |-INFO in ch.qos.logback.core.joran.spi.ConfigurationWatchList@2f7a2457 - URL [jar:file:/home/nikitasokolov/flamestream/lib/flamestream-runtime-1.0-SNAPSHOT.jar!/logback.xml] is not of type file
01:38:04,777 |-INFO in ch.qos.logback.classic.joran.action.ConfigurationAction - debug attribute not set
01:38:04,777 |-INFO in ch.qos.logback.core.joran.action.AppenderAction - About to instantiate appender of type [ch.qos.logback.core.ConsoleAppender]
01:38:04,785 |-INFO in ch.qos.logback.core.joran.action.AppenderAction - Naming appender as [STDOUT]
01:38:04,793 |-INFO in ch.qos.logback.core.joran.action.NestedComplexPropertyIA - Assuming default type [ch.qos.logback.classic.encoder.PatternLayoutEncoder] for [encoder] property
01:38:04,851 |-INFO in ch.qos.logback.core.joran.action.AppenderAction - About to instantiate appender of type [ch.qos.logback.core.rolling.RollingFileAppender]
01:38:04,857 |-INFO in ch.qos.logback.core.joran.action.AppenderAction - Naming appender as [FILE]
01:38:04,880 |-INFO in c.q.l.core.rolling.TimeBasedRollingPolicy@1449621165 - No compression will be used
01:38:04,881 |-INFO in c.q.l.core.rolling.TimeBasedRollingPolicy@1449621165 - Will use the pattern /tmp/application_%d{yyyy-MM-dd}.%i.log for the active file
01:38:04,884 |-INFO in ch.qos.logback.core.rolling.SizeAndTimeBasedFNATP@6108b2d7 - The date pattern is 'yyyy-MM-dd' from file name pattern '/tmp/application_%d{yyyy-MM-dd}.%i.log'.
01:38:04,884 |-INFO in ch.qos.logback.core.rolling.SizeAndTimeBasedFNATP@6108b2d7 - Roll-over at midnight.
01:38:04,888 |-INFO in ch.qos.logback.core.rolling.SizeAndTimeBasedFNATP@6108b2d7 - Setting initial period to Sat Jun 08 01:37:20 MSK 2019
01:38:04,888 |-WARN in ch.qos.logback.core.rolling.SizeAndTimeBasedFNATP@6108b2d7 - SizeAndTimeBasedFNATP is deprecated. Use SizeAndTimeBasedRollingPolicy instead
01:38:04,888 |-WARN in ch.qos.logback.core.rolling.SizeAndTimeBasedFNATP@6108b2d7 - For more information see http://logback.qos.ch/manual/appenders.html#SizeAndTimeBasedRollingPolicy
01:38:04,893 |-INFO in ch.qos.logback.core.joran.action.NestedComplexPropertyIA - Assuming default type [ch.qos.logback.classic.encoder.PatternLayoutEncoder] for [encoder] property
01:38:04,896 |-INFO in ch.qos.logback.core.rolling.RollingFileAppender[FILE] - Active log file name: /tmp/application.log
01:38:04,896 |-INFO in ch.qos.logback.core.rolling.RollingFileAppender[FILE] - File property is set to [/tmp/application.log]
01:38:04,897 |-INFO in ch.qos.logback.classic.joran.action.RootLoggerAction - Setting level of ROOT logger to WARN
01:38:04,897 |-INFO in ch.qos.logback.core.joran.action.AppenderRefAction - Attaching appender named [STDOUT] to Logger[ROOT]
01:38:04,897 |-INFO in ch.qos.logback.core.joran.action.AppenderRefAction - Attaching appender named [FILE] to Logger[ROOT]
01:38:04,898 |-INFO in ch.qos.logback.classic.joran.action.ConfigurationAction - End of configuration.
01:38:04,898 |-INFO in ch.qos.logback.classic.joran.JoranConfigurator@1554909b - Registering current configuration as safe fallback point

2019-06-08T01:38:05.927+0300: 1.409: [GC (Metadata GC Threshold) [PSYoungGen: 110652K->15840K(149504K)] 110652K->15920K(491008K), 0.0177147 secs] [Times: user=0.08 sys=0.00, real=0.02 secs] 
2019-06-08T01:38:05.945+0300: 1.427: [Full GC (Metadata GC Threshold) [PSYoungGen: 15840K->0K(149504K)] [ParOldGen: 80K->15081K(341504K)] 15920K->15081K(491008K), [Metaspace: 20808K->20808K(1067008K)], 0.0253459 secs] [Times: user=0.16 sys=0.01, real=0.03 secs] 
01:38:17.835 [Curator-PathChildrenCache-1] WARN  o.a.c.u.ZKPaths  - The version of ZooKeeper being used doesn't support Container nodes. CreateMode.PERSISTENT will be used instead.
2019-06-08T01:38:18.699+0300: 14.181: [GC (Metadata GC Threshold) [PSYoungGen: 124966K->20991K(149504K)] 140048K->49608K(491008K), 0.0284321 secs] [Times: user=0.27 sys=0.01, real=0.02 secs] 
2019-06-08T01:38:18.727+0300: 14.210: [Full GC (Metadata GC Threshold) [PSYoungGen: 20991K->0K(149504K)] [ParOldGen: 28617K->38619K(341504K)] 49608K->38619K(491008K), [Metaspace: 34568K->34568K(1079296K)], 0.0362209 secs] [Times: user=0.18 sys=0.02, real=0.04 secs] 
2019-06-08T01:38:24.232+0300: 19.715: [GC (Allocation Failure) [PSYoungGen: 128512K->480K(149504K)] 167131K->39107K(491008K), 0.0029547 secs] [Times: user=0.01 sys=0.00, real=0.00 secs] 
2019-06-08T01:38:31.245+0300: 26.727: [GC (Allocation Failure) [PSYoungGen: 128992K->672K(149504K)] 167619K->39307K(491008K), 0.0026630 secs] [Times: user=0.00 sys=0.02, real=0.00 secs] 
2019-06-08T01:38:38.225+0300: 33.707: [GC (Allocation Failure) [PSYoungGen: 129184K->640K(129536K)] 167819K->39275K(471040K), 0.0058801 secs] [Times: user=0.02 sys=0.01, real=0.01 secs] 
2019-06-08T01:38:44.719+0300: 40.202: [GC (Allocation Failure) [PSYoungGen: 129152K->960K(133120K)] 167787K->39603K(474624K), 0.0025301 secs] [Times: user=0.01 sys=0.01, real=0.00 secs] 
2019-06-08T01:38:49.604+0300: 45.086: [GC (Allocation Failure) [PSYoungGen: 94656K->928K(131072K)] 133299K->39579K(472576K), 0.0032842 secs] [Times: user=0.02 sys=0.00, real=0.00 secs] 
2019-06-08T01:38:55.230+0300: 50.713: [GC (Allocation Failure) [PSYoungGen: 94624K->864K(137216K)] 133275K->39523K(478720K), 0.0031912 secs] [Times: user=0.02 sys=0.01, real=0.00 secs] 
01:39:04.741 [Curator-PathChildrenCache-0] ERROR o.a.c.f.r.c.PathChildrenCache  - 
java.lang.IllegalStateException: instance must be started before calling this method
	at org.apache.curator.shaded.com.google.common.base.Preconditions.checkState(Preconditions.java:444)
	at org.apache.curator.framework.imps.CuratorFrameworkImpl.getChildren(CuratorFrameworkImpl.java:456)
	at org.apache.curator.framework.recipes.cache.PathChildrenCache.refresh(PathChildrenCache.java:521)
	at org.apache.curator.framework.recipes.cache.RefreshOperation.invoke(RefreshOperation.java:35)
	at org.apache.curator.framework.recipes.cache.PathChildrenCache$9.run(PathChildrenCache.java:786)
	at java.util.concurrent.Executors$RunnableAdapter.call(Executors.java:511)
	at java.util.concurrent.FutureTask.run(FutureTask.java:266)
	at java.util.concurrent.Executors$RunnableAdapter.call(Executors.java:511)
	at java.util.concurrent.FutureTask.run(FutureTask.java:266)
	at java.util.concurrent.ThreadPoolExecutor.runWorker(ThreadPoolExecutor.java:1149)
	at java.util.concurrent.ThreadPoolExecutor$Worker.run(ThreadPoolExecutor.java:624)
	at java.lang.Thread.run(Thread.java:748)
Heap
 PSYoungGen      total 137216K, used 103264K [0x00000000f5980000, 0x0000000100000000, 0x0000000100000000)
  eden space 102400K, 100% used [0x00000000f5980000,0x00000000fbd80000,0x00000000fbd80000)
  from space 34816K, 2% used [0x00000000fde00000,0x00000000fded8100,0x0000000100000000)
  to   space 33280K, 0% used [0x00000000fbd80000,0x00000000fbd80000,0x00000000fde00000)
 ParOldGen       total 341504K, used 38659K [0x00000000e0c00000, 0x00000000f5980000, 0x00000000f5980000)
  object space 341504K, 11% used [0x00000000e0c00000,0x00000000e31c0cb0,0x00000000f5980000)
 Metaspace       used 35865K, capacity 36726K, committed 36952K, reserved 1081344K
  class space    used 4944K, capacity 5139K, committed 5248K, reserved 1048576K
