01:27:01,807 |-INFO in ch.qos.logback.classic.LoggerContext[default] - Could NOT find resource [logback-test.xml]
01:27:01,807 |-INFO in ch.qos.logback.classic.LoggerContext[default] - Could NOT find resource [logback.groovy]
01:27:01,807 |-INFO in ch.qos.logback.classic.LoggerContext[default] - Found resource [logback.xml] at [jar:file:/home/nikitasokolov/flamestream/lib/flamestream-runtime-1.0-SNAPSHOT.jar!/logback.xml]
01:27:01,808 |-WARN in ch.qos.logback.classic.LoggerContext[default] - Resource [logback.xml] occurs multiple times on the classpath.
01:27:01,808 |-WARN in ch.qos.logback.classic.LoggerContext[default] - Resource [logback.xml] occurs at [jar:file:/home/nikitasokolov/flamestream/lib/flamestream-runtime-1.0-SNAPSHOT.jar!/logback.xml]
01:27:01,808 |-WARN in ch.qos.logback.classic.LoggerContext[default] - Resource [logback.xml] occurs at [jar:file:/home/nikitasokolov/flamestream/flamestream-runtime-1.0-SNAPSHOT.jar!/logback.xml]
01:27:01,823 |-INFO in ch.qos.logback.core.joran.spi.ConfigurationWatchList@6108b2d7 - URL [jar:file:/home/nikitasokolov/flamestream/lib/flamestream-runtime-1.0-SNAPSHOT.jar!/logback.xml] is not of type file
01:27:01,875 |-INFO in ch.qos.logback.classic.joran.action.ConfigurationAction - debug attribute not set
01:27:01,876 |-INFO in ch.qos.logback.core.joran.action.AppenderAction - About to instantiate appender of type [ch.qos.logback.core.ConsoleAppender]
01:27:01,887 |-INFO in ch.qos.logback.core.joran.action.AppenderAction - Naming appender as [STDOUT]
01:27:01,897 |-INFO in ch.qos.logback.core.joran.action.NestedComplexPropertyIA - Assuming default type [ch.qos.logback.classic.encoder.PatternLayoutEncoder] for [encoder] property
01:27:01,955 |-INFO in ch.qos.logback.core.joran.action.AppenderAction - About to instantiate appender of type [ch.qos.logback.core.rolling.RollingFileAppender]
01:27:01,962 |-INFO in ch.qos.logback.core.joran.action.AppenderAction - Naming appender as [FILE]
01:27:01,983 |-INFO in c.q.l.core.rolling.TimeBasedRollingPolicy@357863579 - No compression will be used
01:27:01,984 |-INFO in c.q.l.core.rolling.TimeBasedRollingPolicy@357863579 - Will use the pattern /tmp/application_%d{yyyy-MM-dd}.%i.log for the active file
01:27:01,987 |-INFO in ch.qos.logback.core.rolling.SizeAndTimeBasedFNATP@6bf256fa - The date pattern is 'yyyy-MM-dd' from file name pattern '/tmp/application_%d{yyyy-MM-dd}.%i.log'.
01:27:01,987 |-INFO in ch.qos.logback.core.rolling.SizeAndTimeBasedFNATP@6bf256fa - Roll-over at midnight.
01:27:01,991 |-INFO in ch.qos.logback.core.rolling.SizeAndTimeBasedFNATP@6bf256fa - Setting initial period to Sun Jun 09 01:26:14 MSK 2019
01:27:01,991 |-WARN in ch.qos.logback.core.rolling.SizeAndTimeBasedFNATP@6bf256fa - SizeAndTimeBasedFNATP is deprecated. Use SizeAndTimeBasedRollingPolicy instead
01:27:01,991 |-WARN in ch.qos.logback.core.rolling.SizeAndTimeBasedFNATP@6bf256fa - For more information see http://logback.qos.ch/manual/appenders.html#SizeAndTimeBasedRollingPolicy
01:27:01,996 |-INFO in ch.qos.logback.core.joran.action.NestedComplexPropertyIA - Assuming default type [ch.qos.logback.classic.encoder.PatternLayoutEncoder] for [encoder] property
01:27:01,998 |-INFO in ch.qos.logback.core.rolling.RollingFileAppender[FILE] - Active log file name: /tmp/application.log
01:27:01,998 |-INFO in ch.qos.logback.core.rolling.RollingFileAppender[FILE] - File property is set to [/tmp/application.log]
01:27:01,999 |-INFO in ch.qos.logback.classic.joran.action.RootLoggerAction - Setting level of ROOT logger to WARN
01:27:01,999 |-INFO in ch.qos.logback.core.joran.action.AppenderRefAction - Attaching appender named [STDOUT] to Logger[ROOT]
01:27:02,000 |-INFO in ch.qos.logback.core.joran.action.AppenderRefAction - Attaching appender named [FILE] to Logger[ROOT]
01:27:02,000 |-INFO in ch.qos.logback.classic.joran.action.ConfigurationAction - End of configuration.
01:27:02,001 |-INFO in ch.qos.logback.classic.joran.JoranConfigurator@6cd8737 - Registering current configuration as safe fallback point

2019-06-09T01:27:02.985+0300: 1.384: [GC (Metadata GC Threshold) [PSYoungGen: 110722K->15823K(149504K)] 110722K->15903K(491008K), 0.0220726 secs] [Times: user=0.10 sys=0.02, real=0.02 secs] 
2019-06-09T01:27:03.007+0300: 1.406: [Full GC (Metadata GC Threshold) [PSYoungGen: 15823K->0K(149504K)] [ParOldGen: 80K->15078K(341504K)] 15903K->15078K(491008K), [Metaspace: 20800K->20800K(1067008K)], 0.0293961 secs] [Times: user=0.19 sys=0.01, real=0.03 secs] 
01:27:10.215 [Curator-PathChildrenCache-1] WARN  o.a.c.u.ZKPaths  - The version of ZooKeeper being used doesn't support Container nodes. CreateMode.PERSISTENT will be used instead.
2019-06-09T01:27:11.190+0300: 9.589: [GC (Metadata GC Threshold) [PSYoungGen: 126104K->15757K(149504K)] 141182K->50374K(491008K), 0.0305614 secs] [Times: user=0.23 sys=0.01, real=0.03 secs] 
2019-06-09T01:27:11.221+0300: 9.620: [Full GC (Metadata GC Threshold) [PSYoungGen: 15757K->0K(149504K)] [ParOldGen: 34617K->38876K(341504K)] 50374K->38876K(491008K), [Metaspace: 34565K->34565K(1079296K)], 0.0374797 secs] [Times: user=0.22 sys=0.01, real=0.04 secs] 
2019-06-09T01:27:13.295+0300: 11.694: [GC (Allocation Failure) [PSYoungGen: 128512K->608K(149504K)] 167388K->39492K(491008K), 0.0034958 secs] [Times: user=0.02 sys=0.00, real=0.01 secs] 
2019-06-09T01:27:15.880+0300: 14.279: [GC (Allocation Failure) [PSYoungGen: 129120K->544K(149504K)] 168004K->39436K(491008K), 0.0721571 secs] [Times: user=0.01 sys=0.00, real=0.07 secs] 
2019-06-09T01:27:18.447+0300: 16.846: [GC (Allocation Failure) [PSYoungGen: 129056K->672K(129536K)] 167948K->39572K(471040K), 0.0060157 secs] [Times: user=0.03 sys=0.01, real=0.01 secs] 
2019-06-09T01:27:20.763+0300: 19.162: [GC (Allocation Failure) [PSYoungGen: 129184K->608K(150016K)] 168084K->39516K(491520K), 0.0040753 secs] [Times: user=0.02 sys=0.00, real=0.00 secs] 
2019-06-09T01:27:23.044+0300: 21.443: [GC (Allocation Failure) [PSYoungGen: 129120K->640K(148992K)] 168028K->39556K(490496K), 0.0029534 secs] [Times: user=0.01 sys=0.00, real=0.00 secs] 
2019-06-09T01:27:24.962+0300: 23.361: [GC (Allocation Failure) [PSYoungGen: 129152K->640K(151552K)] 168068K->39564K(493056K), 0.0034711 secs] [Times: user=0.02 sys=0.00, real=0.00 secs] 
2019-06-09T01:27:26.892+0300: 25.291: [GC (Allocation Failure) [PSYoungGen: 132736K->672K(151040K)] 171660K->39604K(492544K), 0.0037779 secs] [Times: user=0.02 sys=0.00, real=0.00 secs] 
2019-06-09T01:27:28.757+0300: 27.156: [GC (Allocation Failure) [PSYoungGen: 132768K->672K(153600K)] 171700K->39604K(495104K), 0.0036962 secs] [Times: user=0.02 sys=0.00, real=0.01 secs] 
2019-06-09T01:27:30.439+0300: 28.838: [GC (Allocation Failure) [PSYoungGen: 136352K->704K(152576K)] 175284K->39644K(494080K), 0.0022659 secs] [Times: user=0.01 sys=0.00, real=0.00 secs] 
2019-06-09T01:27:32.769+0300: 31.168: [GC (Allocation Failure) [PSYoungGen: 136384K->704K(155136K)] 175324K->39652K(496640K), 0.0026541 secs] [Times: user=0.02 sys=0.00, real=0.01 secs] 
2019-06-09T01:27:34.845+0300: 33.244: [GC (Allocation Failure) [PSYoungGen: 139456K->704K(154112K)] 178404K->39652K(495616K), 0.0031503 secs] [Times: user=0.01 sys=0.00, real=0.00 secs] 
2019-06-09T01:27:37.071+0300: 35.470: [GC (Allocation Failure) [PSYoungGen: 139456K->640K(156672K)] 178404K->39588K(498176K), 0.0032319 secs] [Times: user=0.01 sys=0.01, real=0.00 secs] 
2019-06-09T01:27:39.175+0300: 37.574: [GC (Allocation Failure) [PSYoungGen: 142464K->640K(155648K)] 181412K->39588K(497152K), 0.0762808 secs] [Times: user=0.01 sys=0.00, real=0.08 secs] 
2019-06-09T01:27:41.451+0300: 39.850: [GC (Allocation Failure) [PSYoungGen: 142464K->832K(158208K)] 181412K->39788K(499712K), 0.0038920 secs] [Times: user=0.02 sys=0.00, real=0.00 secs] 
2019-06-09T01:27:43.402+0300: 41.801: [GC (Allocation Failure) [PSYoungGen: 145728K->832K(157184K)] 184684K->39788K(498688K), 0.0020544 secs] [Times: user=0.01 sys=0.01, real=0.00 secs] 
2019-06-09T01:27:46.462+0300: 44.861: [GC (Allocation Failure) [PSYoungGen: 145728K->576K(159232K)] 184684K->39820K(500736K), 0.0045305 secs] [Times: user=0.03 sys=0.00, real=0.00 secs] 
01:27:54.056 [Curator-PathChildrenCache-0] ERROR o.a.c.f.r.c.PathChildrenCache  - 
java.lang.IllegalStateException: instance must be started before calling this method
	at org.apache.curator.shaded.com.google.common.base.Preconditions.checkState(Preconditions.java:444)
	at org.apache.curator.framework.imps.CuratorFrameworkImpl.getChildren(CuratorFrameworkImpl.java:456)
	at org.apache.curator.framework.recipes.cache.PathChildrenCache.refresh(PathChildrenCache.java:521)
	at org.apache.curator.framework.recipes.cache.RefreshOperation.invoke(RefreshOperation.java:35)
	at org.apache.curator.framework.recipes.cache.PathChildrenCache$9.run(PathChildrenCache.java:786)
	at java.util.concurrent.Executors$RunnableAdapter.call(Executors.java:511)
	at java.util.concurrent.FutureTask.run(FutureTask.java:266)
	at java.util.concurrent.Executors$RunnableAdapter.call(Executors.java:511)
	at java.util.concurrent.FutureTask.run(FutureTask.java:266)
	at java.util.concurrent.ThreadPoolExecutor.runWorker(ThreadPoolExecutor.java:1149)
	at java.util.concurrent.ThreadPoolExecutor$Worker.run(ThreadPoolExecutor.java:624)
	at java.lang.Thread.run(Thread.java:748)
Heap
 PSYoungGen      total 159232K, used 83281K [0x00000000f5980000, 0x0000000100000000, 0x0000000100000000)
  eden space 147456K, 56% used [0x00000000f5980000,0x00000000faa44570,0x00000000fe980000)
  from space 11776K, 4% used [0x00000000ff480000,0x00000000ff510070,0x0000000100000000)
  to   space 11264K, 0% used [0x00000000fe980000,0x00000000fe980000,0x00000000ff480000)
 ParOldGen       total 341504K, used 39244K [0x00000000e0c00000, 0x00000000f5980000, 0x00000000f5980000)
  object space 341504K, 11% used [0x00000000e0c00000,0x00000000e3253290,0x00000000f5980000)
 Metaspace       used 35805K, capacity 36686K, committed 36952K, reserved 1081344K
  class space    used 4936K, capacity 5129K, committed 5248K, reserved 1048576K
