07:40:00,605 |-INFO in ch.qos.logback.classic.LoggerContext[default] - Could NOT find resource [logback-test.xml]
07:40:00,605 |-INFO in ch.qos.logback.classic.LoggerContext[default] - Could NOT find resource [logback.groovy]
07:40:00,605 |-INFO in ch.qos.logback.classic.LoggerContext[default] - Found resource [logback.xml] at [jar:file:/root/flamestream/lib/flamestream-runtime-1.0-SNAPSHOT.jar!/logback.xml]
07:40:00,609 |-WARN in ch.qos.logback.classic.LoggerContext[default] - Resource [logback.xml] occurs multiple times on the classpath.
07:40:00,609 |-WARN in ch.qos.logback.classic.LoggerContext[default] - Resource [logback.xml] occurs at [jar:file:/root/flamestream/lib/flamestream-runtime-1.0-SNAPSHOT.jar!/logback.xml]
07:40:00,609 |-WARN in ch.qos.logback.classic.LoggerContext[default] - Resource [logback.xml] occurs at [jar:file:/root/flamestream/flamestream-runtime-1.0-SNAPSHOT.jar!/logback.xml]
07:40:00,629 |-INFO in ch.qos.logback.core.joran.spi.ConfigurationWatchList@3fb6a447 - URL [jar:file:/root/flamestream/lib/flamestream-runtime-1.0-SNAPSHOT.jar!/logback.xml] is not of type file
07:40:00,696 |-INFO in ch.qos.logback.classic.joran.action.ConfigurationAction - debug attribute not set
07:40:00,696 |-INFO in ch.qos.logback.core.joran.action.AppenderAction - About to instantiate appender of type [ch.qos.logback.core.ConsoleAppender]
07:40:00,712 |-INFO in ch.qos.logback.core.joran.action.AppenderAction - Naming appender as [STDOUT]
07:40:00,725 |-INFO in ch.qos.logback.core.joran.action.NestedComplexPropertyIA - Assuming default type [ch.qos.logback.classic.encoder.PatternLayoutEncoder] for [encoder] property
07:40:00,822 |-INFO in ch.qos.logback.core.joran.action.AppenderAction - About to instantiate appender of type [ch.qos.logback.core.rolling.RollingFileAppender]
07:40:00,826 |-INFO in ch.qos.logback.core.joran.action.AppenderAction - Naming appender as [FILE]
07:40:00,861 |-INFO in c.q.l.core.rolling.TimeBasedRollingPolicy@127618319 - No compression will be used
07:40:00,862 |-INFO in c.q.l.core.rolling.TimeBasedRollingPolicy@127618319 - Will use the pattern /tmp/application_%d{yyyy-MM-dd}.%i.log for the active file
07:40:00,865 |-INFO in ch.qos.logback.core.rolling.SizeAndTimeBasedFNATP@6b2fad11 - The date pattern is 'yyyy-MM-dd' from file name pattern '/tmp/application_%d{yyyy-MM-dd}.%i.log'.
07:40:00,865 |-INFO in ch.qos.logback.core.rolling.SizeAndTimeBasedFNATP@6b2fad11 - Roll-over at midnight.
07:40:00,870 |-INFO in ch.qos.logback.core.rolling.SizeAndTimeBasedFNATP@6b2fad11 - Setting initial period to Tue Jun 11 07:38:32 UTC 2019
07:40:00,870 |-WARN in ch.qos.logback.core.rolling.SizeAndTimeBasedFNATP@6b2fad11 - SizeAndTimeBasedFNATP is deprecated. Use SizeAndTimeBasedRollingPolicy instead
07:40:00,870 |-WARN in ch.qos.logback.core.rolling.SizeAndTimeBasedFNATP@6b2fad11 - For more information see http://logback.qos.ch/manual/appenders.html#SizeAndTimeBasedRollingPolicy
07:40:00,874 |-INFO in ch.qos.logback.core.joran.action.NestedComplexPropertyIA - Assuming default type [ch.qos.logback.classic.encoder.PatternLayoutEncoder] for [encoder] property
07:40:00,879 |-INFO in ch.qos.logback.core.rolling.RollingFileAppender[FILE] - Active log file name: /tmp/application.log
07:40:00,879 |-INFO in ch.qos.logback.core.rolling.RollingFileAppender[FILE] - File property is set to [/tmp/application.log]
07:40:00,880 |-INFO in ch.qos.logback.classic.joran.action.RootLoggerAction - Setting level of ROOT logger to WARN
07:40:00,880 |-INFO in ch.qos.logback.core.joran.action.AppenderRefAction - Attaching appender named [STDOUT] to Logger[ROOT]
07:40:00,880 |-INFO in ch.qos.logback.core.joran.action.AppenderRefAction - Attaching appender named [FILE] to Logger[ROOT]
07:40:00,880 |-INFO in ch.qos.logback.classic.joran.action.ConfigurationAction - End of configuration.
07:40:00,881 |-INFO in ch.qos.logback.classic.joran.JoranConfigurator@79698539 - Registering current configuration as safe fallback point

Ama winner
Ama winner
2019-06-11T07:40:02.214+0000: 1.788: [Full GC (Metadata GC Threshold) 2019-06-11T07:40:02.214+0000: 1.788: [Tenured: 0K->15240K(341376K), 0.0390050 secs] 114987K->15240K(494976K), [Metaspace: 20724K->20724K(1067008K)], 0.0390736 secs] [Times: user=0.04 sys=0.00, real=0.04 secs] 
07:40:18.842 [Curator-PathChildrenCache-1] WARN  o.a.c.u.ZKPaths  - The version of ZooKeeper being used doesn't support Container nodes. CreateMode.PERSISTENT will be used instead.
2019-06-11T07:40:21.248+0000: 20.822: [GC (Allocation Failure) 2019-06-11T07:40:21.248+0000: 20.822: [DefNew: 136576K->17024K(153600K), 0.0249445 secs] 151816K->52684K(494976K), 0.0250224 secs] [Times: user=0.01 sys=0.01, real=0.02 secs] 
2019-06-11T07:40:24.356+0000: 23.930: [Full GC (Metadata GC Threshold) 2019-06-11T07:40:24.356+0000: 23.930: [Tenured: 35660K->44164K(341376K), 0.0524213 secs] 127348K->44164K(494976K), [Metaspace: 34606K->34606K(1079296K)], 0.0524967 secs] [Times: user=0.05 sys=0.00, real=0.05 secs] 
2019-06-11T07:40:30.455+0000: 30.029: [GC (Allocation Failure) 2019-06-11T07:40:30.455+0000: 30.029: [DefNew: 136576K->84K(153600K), 0.0016917 secs] 180740K->44249K(494976K), 0.0017499 secs] [Times: user=0.00 sys=0.00, real=0.00 secs] 
2019-06-11T07:40:36.488+0000: 36.062: [GC (Allocation Failure) 2019-06-11T07:40:36.488+0000: 36.062: [DefNew: 136660K->119K(153600K), 0.0016215 secs] 180825K->44284K(494976K), 0.0016866 secs] [Times: user=0.00 sys=0.00, real=0.00 secs] 
2019-06-11T07:40:42.536+0000: 42.110: [GC (Allocation Failure) 2019-06-11T07:40:42.536+0000: 42.110: [DefNew: 136695K->121K(153600K), 0.0016719 secs] 180860K->44286K(494976K), 0.0017302 secs] [Times: user=0.00 sys=0.00, real=0.00 secs] 
2019-06-11T07:40:48.573+0000: 48.147: [GC (Allocation Failure) 2019-06-11T07:40:48.573+0000: 48.147: [DefNew: 136697K->117K(153600K), 0.0017422 secs] 180862K->44282K(494976K), 0.0018044 secs] [Times: user=0.01 sys=0.00, real=0.01 secs] 
2019-06-11T07:40:57.200+0000: 56.774: [GC (Allocation Failure) 2019-06-11T07:40:57.200+0000: 56.774: [DefNew: 136693K->118K(153600K), 0.0017321 secs] 180858K->44283K(494976K), 0.0017970 secs] [Times: user=0.00 sys=0.00, real=0.00 secs] 
07:41:01.332 [Curator-PathChildrenCache-0] ERROR o.a.c.f.r.c.PathChildrenCache  - 
java.lang.IllegalStateException: instance must be started before calling this method
	at org.apache.curator.shaded.com.google.common.base.Preconditions.checkState(Preconditions.java:444)
	at org.apache.curator.framework.imps.CuratorFrameworkImpl.getChildren(CuratorFrameworkImpl.java:456)
	at org.apache.curator.framework.recipes.cache.PathChildrenCache.refresh(PathChildrenCache.java:521)
	at org.apache.curator.framework.recipes.cache.RefreshOperation.invoke(RefreshOperation.java:35)
	at org.apache.curator.framework.recipes.cache.PathChildrenCache$9.run(PathChildrenCache.java:786)
	at java.util.concurrent.Executors$RunnableAdapter.call(Executors.java:511)
	at java.util.concurrent.FutureTask.run(FutureTask.java:266)
	at java.util.concurrent.Executors$RunnableAdapter.call(Executors.java:511)
	at java.util.concurrent.FutureTask.run(FutureTask.java:266)
	at java.util.concurrent.ThreadPoolExecutor.runWorker(ThreadPoolExecutor.java:1149)
	at java.util.concurrent.ThreadPoolExecutor$Worker.run(ThreadPoolExecutor.java:624)
	at java.lang.Thread.run(Thread.java:748)
Heap
 def new generation   total 153600K, used 40364K [0x00000000e0c00000, 0x00000000eb2a0000, 0x00000000eb2a0000)
  eden space 136576K,  29% used [0x00000000e0c00000, 0x00000000e334d808, 0x00000000e9160000)
  from space 17024K,   0% used [0x00000000e9160000, 0x00000000e917d8a8, 0x00000000ea200000)
  to   space 17024K,   0% used [0x00000000ea200000, 0x00000000ea200000, 0x00000000eb2a0000)
 tenured generation   total 341376K, used 44164K [0x00000000eb2a0000, 0x0000000100000000, 0x0000000100000000)
   the space 341376K,  12% used [0x00000000eb2a0000, 0x00000000eddc13e0, 0x00000000eddc1400, 0x0000000100000000)
 Metaspace       used 35682K, capacity 36576K, committed 36864K, reserved 1081344K
  class space    used 4825K, capacity 5042K, committed 5120K, reserved 1048576K
