23:09:57,370 |-INFO in ch.qos.logback.classic.LoggerContext[default] - Could NOT find resource [logback-test.xml]
23:09:57,370 |-INFO in ch.qos.logback.classic.LoggerContext[default] - Could NOT find resource [logback.groovy]
23:09:57,370 |-INFO in ch.qos.logback.classic.LoggerContext[default] - Found resource [logback.xml] at [jar:file:/home/nikitasokolov/flamestream/lib/flamestream-runtime-1.0-SNAPSHOT.jar!/logback.xml]
23:09:57,371 |-WARN in ch.qos.logback.classic.LoggerContext[default] - Resource [logback.xml] occurs multiple times on the classpath.
23:09:57,371 |-WARN in ch.qos.logback.classic.LoggerContext[default] - Resource [logback.xml] occurs at [jar:file:/home/nikitasokolov/flamestream/lib/flamestream-runtime-1.0-SNAPSHOT.jar!/logback.xml]
23:09:57,371 |-WARN in ch.qos.logback.classic.LoggerContext[default] - Resource [logback.xml] occurs at [jar:file:/home/nikitasokolov/flamestream/flamestream-runtime-1.0-SNAPSHOT.jar!/logback.xml]
23:09:57,387 |-INFO in ch.qos.logback.core.joran.spi.ConfigurationWatchList@6aaa5eb0 - URL [jar:file:/home/nikitasokolov/flamestream/lib/flamestream-runtime-1.0-SNAPSHOT.jar!/logback.xml] is not of type file
23:09:57,439 |-INFO in ch.qos.logback.classic.joran.action.ConfigurationAction - debug attribute not set
23:09:57,439 |-INFO in ch.qos.logback.core.joran.action.AppenderAction - About to instantiate appender of type [ch.qos.logback.core.ConsoleAppender]
23:09:57,446 |-INFO in ch.qos.logback.core.joran.action.AppenderAction - Naming appender as [STDOUT]
23:09:57,454 |-INFO in ch.qos.logback.core.joran.action.NestedComplexPropertyIA - Assuming default type [ch.qos.logback.classic.encoder.PatternLayoutEncoder] for [encoder] property
23:09:57,520 |-INFO in ch.qos.logback.core.joran.action.AppenderAction - About to instantiate appender of type [ch.qos.logback.core.rolling.RollingFileAppender]
23:09:57,525 |-INFO in ch.qos.logback.core.joran.action.AppenderAction - Naming appender as [FILE]
23:09:57,547 |-INFO in c.q.l.core.rolling.TimeBasedRollingPolicy@3447021 - No compression will be used
23:09:57,548 |-INFO in c.q.l.core.rolling.TimeBasedRollingPolicy@3447021 - Will use the pattern /tmp/application_%d{yyyy-MM-dd}.%i.log for the active file
23:09:57,551 |-INFO in ch.qos.logback.core.rolling.SizeAndTimeBasedFNATP@1a407d53 - The date pattern is 'yyyy-MM-dd' from file name pattern '/tmp/application_%d{yyyy-MM-dd}.%i.log'.
23:09:57,551 |-INFO in ch.qos.logback.core.rolling.SizeAndTimeBasedFNATP@1a407d53 - Roll-over at midnight.
23:09:57,555 |-INFO in ch.qos.logback.core.rolling.SizeAndTimeBasedFNATP@1a407d53 - Setting initial period to Thu Jun 06 22:00:24 MSK 2019
23:09:57,555 |-WARN in ch.qos.logback.core.rolling.SizeAndTimeBasedFNATP@1a407d53 - SizeAndTimeBasedFNATP is deprecated. Use SizeAndTimeBasedRollingPolicy instead
23:09:57,555 |-WARN in ch.qos.logback.core.rolling.SizeAndTimeBasedFNATP@1a407d53 - For more information see http://logback.qos.ch/manual/appenders.html#SizeAndTimeBasedRollingPolicy
23:09:57,559 |-INFO in ch.qos.logback.core.joran.action.NestedComplexPropertyIA - Assuming default type [ch.qos.logback.classic.encoder.PatternLayoutEncoder] for [encoder] property
23:09:57,561 |-INFO in ch.qos.logback.core.rolling.RollingFileAppender[FILE] - Active log file name: /tmp/application.log
23:09:57,561 |-INFO in ch.qos.logback.core.rolling.RollingFileAppender[FILE] - File property is set to [/tmp/application.log]
23:09:57,562 |-ERROR in ch.qos.logback.core.rolling.RollingFileAppender[FILE] - openFile(/tmp/application.log,true) call failed. java.io.FileNotFoundException: /tmp/application.log (Permission denied)
	at java.io.FileNotFoundException: /tmp/application.log (Permission denied)
	at 	at java.io.FileOutputStream.open0(Native Method)
	at 	at java.io.FileOutputStream.open(FileOutputStream.java:270)
	at 	at java.io.FileOutputStream.<init>(FileOutputStream.java:213)
	at 	at ch.qos.logback.core.recovery.ResilientFileOutputStream.<init>(ResilientFileOutputStream.java:26)
	at 	at ch.qos.logback.core.FileAppender.openFile(FileAppender.java:204)
	at 	at ch.qos.logback.core.FileAppender.start(FileAppender.java:127)
	at 	at ch.qos.logback.core.rolling.RollingFileAppender.start(RollingFileAppender.java:100)
	at 	at ch.qos.logback.core.joran.action.AppenderAction.end(AppenderAction.java:90)
	at 	at ch.qos.logback.core.joran.spi.Interpreter.callEndAction(Interpreter.java:309)
	at 	at ch.qos.logback.core.joran.spi.Interpreter.endElement(Interpreter.java:193)
	at 	at ch.qos.logback.core.joran.spi.Interpreter.endElement(Interpreter.java:179)
	at 	at ch.qos.logback.core.joran.spi.EventPlayer.play(EventPlayer.java:62)
	at 	at ch.qos.logback.core.joran.GenericConfigurator.doConfigure(GenericConfigurator.java:165)
	at 	at ch.qos.logback.core.joran.GenericConfigurator.doConfigure(GenericConfigurator.java:152)
	at 	at ch.qos.logback.core.joran.GenericConfigurator.doConfigure(GenericConfigurator.java:110)
	at 	at ch.qos.logback.core.joran.GenericConfigurator.doConfigure(GenericConfigurator.java:53)
	at 	at ch.qos.logback.classic.util.ContextInitializer.configureByResource(ContextInitializer.java:75)
	at 	at ch.qos.logback.classic.util.ContextInitializer.autoConfig(ContextInitializer.java:150)
	at 	at org.slf4j.impl.StaticLoggerBinder.init(StaticLoggerBinder.java:84)
	at 	at org.slf4j.impl.StaticLoggerBinder.<clinit>(StaticLoggerBinder.java:55)
	at 	at org.slf4j.LoggerFactory.bind(LoggerFactory.java:150)
	at 	at org.slf4j.LoggerFactory.performInitialization(LoggerFactory.java:124)
	at 	at org.slf4j.LoggerFactory.getILoggerFactory(LoggerFactory.java:412)
	at 	at org.slf4j.LoggerFactory.getLogger(LoggerFactory.java:357)
	at 	at org.slf4j.LoggerFactory.getLogger(LoggerFactory.java:383)
	at 	at com.spbsu.flamestream.runtime.WorkerApplication.<init>(WorkerApplication.java:26)
	at 	at com.spbsu.flamestream.runtime.WorkerApplication.main(WorkerApplication.java:68)
23:09:57,562 |-INFO in ch.qos.logback.classic.joran.action.RootLoggerAction - Setting level of ROOT logger to WARN
23:09:57,562 |-INFO in ch.qos.logback.core.joran.action.AppenderRefAction - Attaching appender named [STDOUT] to Logger[ROOT]
23:09:57,563 |-INFO in ch.qos.logback.core.joran.action.AppenderRefAction - Attaching appender named [FILE] to Logger[ROOT]
23:09:57,563 |-INFO in ch.qos.logback.classic.joran.action.ConfigurationAction - End of configuration.
23:09:57,563 |-INFO in ch.qos.logback.classic.joran.JoranConfigurator@21bcffb5 - Registering current configuration as safe fallback point

Ama winner
Ama winner
2019-06-08T23:09:58.550+0300: 1.369: [GC (Metadata GC Threshold) [PSYoungGen: 92677K->15852K(149504K)] 92677K->15932K(491008K), 0.0213709 secs] [Times: user=0.12 sys=0.02, real=0.02 secs] 
2019-06-08T23:09:58.571+0300: 1.391: [Full GC (Metadata GC Threshold) [PSYoungGen: 15852K->0K(149504K)] [ParOldGen: 80K->15102K(341504K)] 15932K->15102K(491008K), [Metaspace: 20801K->20801K(1067008K)], 0.0258203 secs] [Times: user=0.17 sys=0.01, real=0.03 secs] 
23:10:06.842 [Curator-PathChildrenCache-1] WARN  o.a.c.u.ZKPaths  - The version of ZooKeeper being used doesn't support Container nodes. CreateMode.PERSISTENT will be used instead.
2019-06-08T23:10:07.723+0300: 10.543: [GC (Allocation Failure) [PSYoungGen: 128512K->15921K(149504K)] 143614K->50563K(491008K), 0.0265583 secs] [Times: user=0.21 sys=0.03, real=0.03 secs] 
2019-06-08T23:10:07.988+0300: 10.808: [GC (Metadata GC Threshold) [PSYoungGen: 28169K->5701K(149504K)] 62811K->40350K(491008K), 0.0039905 secs] [Times: user=0.04 sys=0.01, real=0.00 secs] 
2019-06-08T23:10:07.992+0300: 10.812: [Full GC (Metadata GC Threshold) [PSYoungGen: 5701K->0K(149504K)] [ParOldGen: 34649K->29426K(341504K)] 40350K->29426K(491008K), [Metaspace: 34555K->34555K(1079296K)], 0.0395231 secs] [Times: user=0.18 sys=0.01, real=0.04 secs] 
2019-06-08T23:10:10.251+0300: 13.071: [GC (Allocation Failure) [PSYoungGen: 128512K->608K(149504K)] 157938K->30042K(491008K), 0.0024825 secs] [Times: user=0.01 sys=0.00, real=0.01 secs] 
2019-06-08T23:10:12.444+0300: 15.264: [GC (Allocation Failure) [PSYoungGen: 129120K->672K(129536K)] 158554K->30114K(471040K), 0.0021099 secs] [Times: user=0.01 sys=0.00, real=0.00 secs] 
2019-06-08T23:10:14.605+0300: 17.424: [GC (Allocation Failure) [PSYoungGen: 129184K->576K(148992K)] 158626K->30026K(490496K), 0.0023989 secs] [Times: user=0.01 sys=0.01, real=0.00 secs] 
2019-06-08T23:10:16.627+0300: 19.446: [GC (Allocation Failure) [PSYoungGen: 128064K->704K(148992K)] 157514K->30154K(490496K), 0.0035016 secs] [Times: user=0.02 sys=0.00, real=0.00 secs] 
2019-06-08T23:10:18.328+0300: 21.148: [GC (Allocation Failure) [PSYoungGen: 128192K->800K(150528K)] 157642K->30258K(492032K), 0.0024007 secs] [Times: user=0.01 sys=0.00, real=0.00 secs] 
2019-06-08T23:10:20.287+0300: 23.107: [GC (Allocation Failure) [PSYoungGen: 130848K->704K(150016K)] 160306K->30170K(491520K), 0.0031467 secs] [Times: user=0.00 sys=0.02, real=0.00 secs] 
2019-06-08T23:10:21.791+0300: 24.611: [GC (Allocation Failure) [PSYoungGen: 130752K->832K(152064K)] 160218K->30306K(493568K), 0.0030550 secs] [Times: user=0.01 sys=0.01, real=0.01 secs] 
2019-06-08T23:10:23.397+0300: 26.217: [GC (Allocation Failure) [PSYoungGen: 133952K->1024K(151552K)] 163426K->30498K(493056K), 0.0752661 secs] [Times: user=0.04 sys=0.00, real=0.08 secs] 
2019-06-08T23:10:25.158+0300: 27.978: [GC (Allocation Failure) [PSYoungGen: 134144K->864K(153600K)] 163618K->30347K(495104K), 0.0025410 secs] [Times: user=0.02 sys=0.00, real=0.00 secs] 
2019-06-08T23:10:26.835+0300: 29.655: [GC (Allocation Failure) [PSYoungGen: 137056K->1056K(153088K)] 166539K->30539K(494592K), 0.0023820 secs] [Times: user=0.01 sys=0.00, real=0.00 secs] 
2019-06-08T23:10:28.317+0300: 31.136: [GC (Allocation Failure) [PSYoungGen: 137248K->992K(155648K)] 166731K->30483K(497152K), 0.0023852 secs] [Times: user=0.01 sys=0.00, real=0.00 secs] 
2019-06-08T23:10:30.076+0300: 32.895: [GC (Allocation Failure) [PSYoungGen: 140768K->992K(154624K)] 170259K->30483K(496128K), 0.0023417 secs] [Times: user=0.01 sys=0.00, real=0.00 secs] 
2019-06-08T23:10:31.667+0300: 34.487: [GC (Allocation Failure) [PSYoungGen: 140768K->1024K(157184K)] 170259K->30515K(498688K), 0.0082747 secs] [Times: user=0.06 sys=0.04, real=0.01 secs] 
2019-06-08T23:10:33.224+0300: 36.044: [GC (Allocation Failure) [PSYoungGen: 143872K->1088K(156160K)] 173363K->30579K(497664K), 0.0035201 secs] [Times: user=0.02 sys=0.01, real=0.00 secs] 
2019-06-08T23:10:34.906+0300: 37.725: [GC (Allocation Failure) [PSYoungGen: 143936K->1024K(158720K)] 173427K->30515K(500224K), 0.0025621 secs] [Times: user=0.01 sys=0.00, real=0.00 secs] 
2019-06-08T23:10:36.436+0300: 39.256: [GC (Allocation Failure) [PSYoungGen: 146944K->864K(157696K)] 176435K->30687K(499200K), 0.0025572 secs] [Times: user=0.01 sys=0.01, real=0.00 secs] 
2019-06-08T23:10:38.835+0300: 41.655: [GC (Allocation Failure) [PSYoungGen: 146784K->800K(159744K)] 176607K->30743K(501248K), 0.0028662 secs] [Times: user=0.00 sys=0.01, real=0.00 secs] 
2019-06-08T23:10:41.916+0300: 44.735: [GC (Allocation Failure) [PSYoungGen: 149280K->896K(159232K)] 179223K->30887K(500736K), 0.0027410 secs] [Times: user=0.01 sys=0.00, real=0.00 secs] 
23:10:48.343 [Curator-PathChildrenCache-0] ERROR o.a.c.f.r.c.PathChildrenCache  - 
java.lang.IllegalStateException: instance must be started before calling this method
	at org.apache.curator.shaded.com.google.common.base.Preconditions.checkState(Preconditions.java:444)
	at org.apache.curator.framework.imps.CuratorFrameworkImpl.getChildren(CuratorFrameworkImpl.java:456)
	at org.apache.curator.framework.recipes.cache.PathChildrenCache.refresh(PathChildrenCache.java:521)
	at org.apache.curator.framework.recipes.cache.RefreshOperation.invoke(RefreshOperation.java:35)
	at org.apache.curator.framework.recipes.cache.PathChildrenCache$9.run(PathChildrenCache.java:786)
	at java.util.concurrent.Executors$RunnableAdapter.call(Executors.java:511)
	at java.util.concurrent.FutureTask.run(FutureTask.java:266)
	at java.util.concurrent.Executors$RunnableAdapter.call(Executors.java:511)
	at java.util.concurrent.FutureTask.run(FutureTask.java:266)
	at java.util.concurrent.ThreadPoolExecutor.runWorker(ThreadPoolExecutor.java:1149)
	at java.util.concurrent.ThreadPoolExecutor$Worker.run(ThreadPoolExecutor.java:624)
	at java.lang.Thread.run(Thread.java:748)
23:10:49.429 [worker-akka.actor.default-dispatcher-9] ERROR c.s.f.r.WorkerApplication  - Something went wrong during trace flush
java.nio.file.AccessDeniedException: /tmp/trace.csv
	at sun.nio.fs.UnixException.translateToIOException(UnixException.java:84)
	at sun.nio.fs.UnixException.rethrowAsIOException(UnixException.java:102)
	at sun.nio.fs.UnixException.rethrowAsIOException(UnixException.java:107)
	at sun.nio.fs.UnixFileSystemProvider.newByteChannel(UnixFileSystemProvider.java:214)
	at java.nio.file.spi.FileSystemProvider.newOutputStream(FileSystemProvider.java:434)
	at java.nio.file.Files.newOutputStream(Files.java:216)
	at java.nio.file.Files.newBufferedWriter(Files.java:2860)
	at java.nio.file.Files.newBufferedWriter(Files.java:2896)
	at com.spbsu.flamestream.runtime.utils.tracing.Tracing.flush(Tracing.java:35)
	at com.spbsu.flamestream.runtime.WorkerApplication.lambda$run$0(WorkerApplication.java:109)
	at akka.actor.ActorSystemImpl$TerminationCallbacks$$anonfun$addRec$1$1.applyOrElse(ActorSystem.scala:1036)
	at akka.actor.ActorSystemImpl$TerminationCallbacks$$anonfun$addRec$1$1.applyOrElse(ActorSystem.scala:1036)
	at scala.concurrent.Future$$anonfun$andThen$1.apply(Future.scala:436)
	at scala.concurrent.Future$$anonfun$andThen$1.apply(Future.scala:435)
	at scala.concurrent.impl.CallbackRunnable.run(Promise.scala:36)
	at akka.dispatch.BatchingExecutor$AbstractBatch.processBatch(BatchingExecutor.scala:55)
	at akka.dispatch.BatchingExecutor$BlockableBatch$$anonfun$run$1.apply$mcV$sp(BatchingExecutor.scala:91)
	at akka.dispatch.BatchingExecutor$BlockableBatch$$anonfun$run$1.apply(BatchingExecutor.scala:91)
	at akka.dispatch.BatchingExecutor$BlockableBatch$$anonfun$run$1.apply(BatchingExecutor.scala:91)
	at scala.concurrent.BlockContext$.withBlockContext(BlockContext.scala:72)
	at akka.dispatch.BatchingExecutor$BlockableBatch.run(BatchingExecutor.scala:90)
	at akka.dispatch.TaskInvocation.run(AbstractDispatcher.scala:40)
	at akka.dispatch.ForkJoinExecutorConfigurator$AkkaForkJoinTask.exec(ForkJoinExecutorConfigurator.scala:44)
	at akka.dispatch.forkjoin.ForkJoinTask.doExec(ForkJoinTask.java:260)
	at akka.dispatch.forkjoin.ForkJoinPool$WorkQueue.runTask(ForkJoinPool.java:1339)
	at akka.dispatch.forkjoin.ForkJoinPool.runWorker(ForkJoinPool.java:1979)
	at akka.dispatch.forkjoin.ForkJoinWorkerThread.run(ForkJoinWorkerThread.java:107)
Heap
 PSYoungGen      total 159232K, used 82659K [0x00000000f5980000, 0x0000000100000000, 0x0000000100000000)
  eden space 148480K, 55% used [0x00000000f5980000,0x00000000fa958bb8,0x00000000fea80000)
  from space 10752K, 8% used [0x00000000fea80000,0x00000000feb600c0,0x00000000ff500000)
  to   space 10240K, 0% used [0x00000000ff600000,0x00000000ff600000,0x0000000100000000)
 ParOldGen       total 341504K, used 29990K [0x00000000e0c00000, 0x00000000f5980000, 0x00000000f5980000)
  object space 341504K, 8% used [0x00000000e0c00000,0x00000000e2949bd8,0x00000000f5980000)
 Metaspace       used 35859K, capacity 36752K, committed 36952K, reserved 1081344K
  class space    used 4929K, capacity 5128K, committed 5248K, reserved 1048576K
