15:32:18,971 |-INFO in ch.qos.logback.classic.LoggerContext[default] - Could NOT find resource [logback-test.xml]
15:32:18,971 |-INFO in ch.qos.logback.classic.LoggerContext[default] - Could NOT find resource [logback.groovy]
15:32:18,972 |-INFO in ch.qos.logback.classic.LoggerContext[default] - Found resource [logback.xml] at [jar:file:/root/flamestream/lib/flamestream-runtime-1.0-SNAPSHOT.jar!/logback.xml]
15:32:18,972 |-WARN in ch.qos.logback.classic.LoggerContext[default] - Resource [logback.xml] occurs multiple times on the classpath.
15:32:18,973 |-WARN in ch.qos.logback.classic.LoggerContext[default] - Resource [logback.xml] occurs at [jar:file:/root/flamestream/lib/flamestream-runtime-1.0-SNAPSHOT.jar!/logback.xml]
15:32:18,973 |-WARN in ch.qos.logback.classic.LoggerContext[default] - Resource [logback.xml] occurs at [jar:file:/root/flamestream/flamestream-runtime-1.0-SNAPSHOT.jar!/logback.xml]
15:32:18,992 |-INFO in ch.qos.logback.core.joran.spi.ConfigurationWatchList@3fb6a447 - URL [jar:file:/root/flamestream/lib/flamestream-runtime-1.0-SNAPSHOT.jar!/logback.xml] is not of type file
15:32:19,065 |-INFO in ch.qos.logback.classic.joran.action.ConfigurationAction - debug attribute not set
15:32:19,066 |-INFO in ch.qos.logback.core.joran.action.AppenderAction - About to instantiate appender of type [ch.qos.logback.core.ConsoleAppender]
15:32:19,084 |-INFO in ch.qos.logback.core.joran.action.AppenderAction - Naming appender as [STDOUT]
15:32:19,102 |-INFO in ch.qos.logback.core.joran.action.NestedComplexPropertyIA - Assuming default type [ch.qos.logback.classic.encoder.PatternLayoutEncoder] for [encoder] property
15:32:19,185 |-INFO in ch.qos.logback.core.joran.action.AppenderAction - About to instantiate appender of type [ch.qos.logback.core.rolling.RollingFileAppender]
15:32:19,190 |-INFO in ch.qos.logback.core.joran.action.AppenderAction - Naming appender as [FILE]
15:32:19,221 |-INFO in c.q.l.core.rolling.TimeBasedRollingPolicy@127618319 - No compression will be used
15:32:19,223 |-INFO in c.q.l.core.rolling.TimeBasedRollingPolicy@127618319 - Will use the pattern /tmp/application_%d{yyyy-MM-dd}.%i.log for the active file
15:32:19,226 |-INFO in ch.qos.logback.core.rolling.SizeAndTimeBasedFNATP@6b2fad11 - The date pattern is 'yyyy-MM-dd' from file name pattern '/tmp/application_%d{yyyy-MM-dd}.%i.log'.
15:32:19,226 |-INFO in ch.qos.logback.core.rolling.SizeAndTimeBasedFNATP@6b2fad11 - Roll-over at midnight.
15:32:19,231 |-INFO in ch.qos.logback.core.rolling.SizeAndTimeBasedFNATP@6b2fad11 - Setting initial period to Mon Jun 10 15:31:06 UTC 2019
15:32:19,231 |-WARN in ch.qos.logback.core.rolling.SizeAndTimeBasedFNATP@6b2fad11 - SizeAndTimeBasedFNATP is deprecated. Use SizeAndTimeBasedRollingPolicy instead
15:32:19,231 |-WARN in ch.qos.logback.core.rolling.SizeAndTimeBasedFNATP@6b2fad11 - For more information see http://logback.qos.ch/manual/appenders.html#SizeAndTimeBasedRollingPolicy
15:32:19,235 |-INFO in ch.qos.logback.core.joran.action.NestedComplexPropertyIA - Assuming default type [ch.qos.logback.classic.encoder.PatternLayoutEncoder] for [encoder] property
15:32:19,239 |-INFO in ch.qos.logback.core.rolling.RollingFileAppender[FILE] - Active log file name: /tmp/application.log
15:32:19,239 |-INFO in ch.qos.logback.core.rolling.RollingFileAppender[FILE] - File property is set to [/tmp/application.log]
15:32:19,240 |-INFO in ch.qos.logback.classic.joran.action.RootLoggerAction - Setting level of ROOT logger to WARN
15:32:19,240 |-INFO in ch.qos.logback.core.joran.action.AppenderRefAction - Attaching appender named [STDOUT] to Logger[ROOT]
15:32:19,242 |-INFO in ch.qos.logback.core.joran.action.AppenderRefAction - Attaching appender named [FILE] to Logger[ROOT]
15:32:19,242 |-INFO in ch.qos.logback.classic.joran.action.ConfigurationAction - End of configuration.
15:32:19,243 |-INFO in ch.qos.logback.classic.joran.JoranConfigurator@79698539 - Registering current configuration as safe fallback point

Ama winner
Ama winner
2019-06-10T15:32:20.536+0000: 1.754: [Full GC (Metadata GC Threshold) 2019-06-10T15:32:20.536+0000: 1.754: [Tenured: 0K->15241K(341376K), 0.0387988 secs] 117751K->15241K(494976K), [Metaspace: 20737K->20737K(1067008K)], 0.0388682 secs] [Times: user=0.03 sys=0.00, real=0.04 secs] 
15:32:36.950 [Curator-PathChildrenCache-1] WARN  o.a.c.u.ZKPaths  - The version of ZooKeeper being used doesn't support Container nodes. CreateMode.PERSISTENT will be used instead.
2019-06-10T15:32:39.444+0000: 20.662: [GC (Allocation Failure) 2019-06-10T15:32:39.444+0000: 20.662: [DefNew: 136576K->17024K(153600K), 0.0265364 secs] 151817K->52661K(494976K), 0.0266080 secs] [Times: user=0.02 sys=0.01, real=0.02 secs] 
2019-06-10T15:32:40.562+0000: 21.781: [Full GC (Metadata GC Threshold) 2019-06-10T15:32:40.562+0000: 21.781: [Tenured: 35637K->44267K(341376K), 0.0568188 secs] 81250K->44267K(494976K), [Metaspace: 34578K->34578K(1079296K)], 0.0569069 secs] [Times: user=0.05 sys=0.00, real=0.06 secs] 
2019-06-10T15:32:46.433+0000: 27.651: [GC (Allocation Failure) 2019-06-10T15:32:46.433+0000: 27.651: [DefNew: 136576K->68K(153600K), 0.0019126 secs] 180843K->44335K(494976K), 0.0019752 secs] [Times: user=0.00 sys=0.00, real=0.00 secs] 
2019-06-10T15:32:52.295+0000: 33.514: [GC (Allocation Failure) 2019-06-10T15:32:52.295+0000: 33.514: [DefNew: 136644K->106K(153600K), 0.0017538 secs] 180911K->44374K(494976K), 0.0018308 secs] [Times: user=0.01 sys=0.00, real=0.00 secs] 
2019-06-10T15:32:58.148+0000: 39.367: [GC (Allocation Failure) 2019-06-10T15:32:58.149+0000: 39.367: [DefNew: 136682K->137K(153600K), 0.0017793 secs] 180950K->44405K(494976K), 0.0018628 secs] [Times: user=0.00 sys=0.00, real=0.00 secs] 
2019-06-10T15:33:04.052+0000: 45.271: [GC (Allocation Failure) 2019-06-10T15:33:04.052+0000: 45.271: [DefNew: 136713K->169K(153600K), 0.0019123 secs] 180981K->44436K(494976K), 0.0019735 secs] [Times: user=0.00 sys=0.00, real=0.00 secs] 
15:33:13.931 [Curator-PathChildrenCache-0] ERROR o.a.c.f.r.c.PathChildrenCache  - 
java.lang.IllegalStateException: instance must be started before calling this method
	at org.apache.curator.shaded.com.google.common.base.Preconditions.checkState(Preconditions.java:444)
	at org.apache.curator.framework.imps.CuratorFrameworkImpl.getChildren(CuratorFrameworkImpl.java:456)
	at org.apache.curator.framework.recipes.cache.PathChildrenCache.refresh(PathChildrenCache.java:521)
	at org.apache.curator.framework.recipes.cache.RefreshOperation.invoke(RefreshOperation.java:35)
	at org.apache.curator.framework.recipes.cache.PathChildrenCache$9.run(PathChildrenCache.java:786)
	at java.util.concurrent.Executors$RunnableAdapter.call(Executors.java:511)
	at java.util.concurrent.FutureTask.run(FutureTask.java:266)
	at java.util.concurrent.Executors$RunnableAdapter.call(Executors.java:511)
	at java.util.concurrent.FutureTask.run(FutureTask.java:266)
	at java.util.concurrent.ThreadPoolExecutor.runWorker(ThreadPoolExecutor.java:1149)
	at java.util.concurrent.ThreadPoolExecutor$Worker.run(ThreadPoolExecutor.java:624)
	at java.lang.Thread.run(Thread.java:748)
2019-06-10T15:33:13.972+0000: 55.190: [GC (Allocation Failure) 2019-06-10T15:33:13.972+0000: 55.190: [DefNew: 136745K->739K(153600K), 0.0032429 secs] 181012K->45007K(494976K), 0.0033026 secs] [Times: user=0.00 sys=0.00, real=0.00 secs] 
Heap
 def new generation   total 153600K, used 10004K [0x00000000e0c00000, 0x00000000eb2a0000, 0x00000000eb2a0000)
  eden space 136576K,   6% used [0x00000000e0c00000, 0x00000000e150c4a8, 0x00000000e9160000)
  from space 17024K,   4% used [0x00000000e9160000, 0x00000000e9218ec8, 0x00000000ea200000)
  to   space 17024K,   0% used [0x00000000ea200000, 0x00000000ea200000, 0x00000000eb2a0000)
 tenured generation   total 341376K, used 44267K [0x00000000eb2a0000, 0x0000000100000000, 0x0000000100000000)
   the space 341376K,  12% used [0x00000000eb2a0000, 0x00000000edddad68, 0x00000000edddae00, 0x0000000100000000)
 Metaspace       used 35776K, capacity 36646K, committed 36864K, reserved 1081344K
  class space    used 4828K, capacity 5043K, committed 5120K, reserved 1048576K
