15:05:15,964 |-INFO in ch.qos.logback.classic.LoggerContext[default] - Could NOT find resource [logback-test.xml]
15:05:15,964 |-INFO in ch.qos.logback.classic.LoggerContext[default] - Could NOT find resource [logback.groovy]
15:05:15,964 |-INFO in ch.qos.logback.classic.LoggerContext[default] - Found resource [logback.xml] at [jar:file:/home/nikitasokolov/flamestream/lib/flamestream-runtime-1.0-SNAPSHOT.jar!/logback.xml]
15:05:15,965 |-WARN in ch.qos.logback.classic.LoggerContext[default] - Resource [logback.xml] occurs multiple times on the classpath.
15:05:15,965 |-WARN in ch.qos.logback.classic.LoggerContext[default] - Resource [logback.xml] occurs at [jar:file:/home/nikitasokolov/flamestream/lib/flamestream-runtime-1.0-SNAPSHOT.jar!/logback.xml]
15:05:15,965 |-WARN in ch.qos.logback.classic.LoggerContext[default] - Resource [logback.xml] occurs at [jar:file:/home/nikitasokolov/flamestream/flamestream-runtime-1.0-SNAPSHOT.jar!/logback.xml]
15:05:15,982 |-INFO in ch.qos.logback.core.joran.spi.ConfigurationWatchList@6108b2d7 - URL [jar:file:/home/nikitasokolov/flamestream/lib/flamestream-runtime-1.0-SNAPSHOT.jar!/logback.xml] is not of type file
15:05:16,032 |-INFO in ch.qos.logback.classic.joran.action.ConfigurationAction - debug attribute not set
15:05:16,033 |-INFO in ch.qos.logback.core.joran.action.AppenderAction - About to instantiate appender of type [ch.qos.logback.core.ConsoleAppender]
15:05:16,041 |-INFO in ch.qos.logback.core.joran.action.AppenderAction - Naming appender as [STDOUT]
15:05:16,049 |-INFO in ch.qos.logback.core.joran.action.NestedComplexPropertyIA - Assuming default type [ch.qos.logback.classic.encoder.PatternLayoutEncoder] for [encoder] property
15:05:16,106 |-INFO in ch.qos.logback.core.joran.action.AppenderAction - About to instantiate appender of type [ch.qos.logback.core.rolling.RollingFileAppender]
15:05:16,112 |-INFO in ch.qos.logback.core.joran.action.AppenderAction - Naming appender as [FILE]
15:05:16,133 |-INFO in c.q.l.core.rolling.TimeBasedRollingPolicy@357863579 - No compression will be used
15:05:16,135 |-INFO in c.q.l.core.rolling.TimeBasedRollingPolicy@357863579 - Will use the pattern /tmp/application_%d{yyyy-MM-dd}.%i.log for the active file
15:05:16,137 |-INFO in ch.qos.logback.core.rolling.SizeAndTimeBasedFNATP@6bf256fa - The date pattern is 'yyyy-MM-dd' from file name pattern '/tmp/application_%d{yyyy-MM-dd}.%i.log'.
15:05:16,137 |-INFO in ch.qos.logback.core.rolling.SizeAndTimeBasedFNATP@6bf256fa - Roll-over at midnight.
15:05:16,141 |-INFO in ch.qos.logback.core.rolling.SizeAndTimeBasedFNATP@6bf256fa - Setting initial period to Sun Jun 09 15:04:27 MSK 2019
15:05:16,142 |-WARN in ch.qos.logback.core.rolling.SizeAndTimeBasedFNATP@6bf256fa - SizeAndTimeBasedFNATP is deprecated. Use SizeAndTimeBasedRollingPolicy instead
15:05:16,142 |-WARN in ch.qos.logback.core.rolling.SizeAndTimeBasedFNATP@6bf256fa - For more information see http://logback.qos.ch/manual/appenders.html#SizeAndTimeBasedRollingPolicy
15:05:16,146 |-INFO in ch.qos.logback.core.joran.action.NestedComplexPropertyIA - Assuming default type [ch.qos.logback.classic.encoder.PatternLayoutEncoder] for [encoder] property
15:05:16,148 |-INFO in ch.qos.logback.core.rolling.RollingFileAppender[FILE] - Active log file name: /tmp/application.log
15:05:16,148 |-INFO in ch.qos.logback.core.rolling.RollingFileAppender[FILE] - File property is set to [/tmp/application.log]
15:05:16,149 |-INFO in ch.qos.logback.classic.joran.action.RootLoggerAction - Setting level of ROOT logger to WARN
15:05:16,149 |-INFO in ch.qos.logback.core.joran.action.AppenderRefAction - Attaching appender named [STDOUT] to Logger[ROOT]
15:05:16,150 |-INFO in ch.qos.logback.core.joran.action.AppenderRefAction - Attaching appender named [FILE] to Logger[ROOT]
15:05:16,150 |-INFO in ch.qos.logback.classic.joran.action.ConfigurationAction - End of configuration.
15:05:16,151 |-INFO in ch.qos.logback.classic.joran.JoranConfigurator@6cd8737 - Registering current configuration as safe fallback point

2019-06-09T15:05:17.153+0300: 1.380: [GC (Metadata GC Threshold) [PSYoungGen: 108152K->15847K(149504K)] 108152K->15927K(491008K), 0.0192140 secs] [Times: user=0.09 sys=0.01, real=0.02 secs] 
2019-06-09T15:05:17.172+0300: 1.399: [Full GC (Metadata GC Threshold) [PSYoungGen: 15847K->0K(149504K)] [ParOldGen: 80K->15077K(341504K)] 15927K->15077K(491008K), [Metaspace: 20800K->20800K(1067008K)], 0.0263928 secs] [Times: user=0.17 sys=0.01, real=0.03 secs] 
15:05:25.380 [Curator-PathChildrenCache-2] WARN  o.a.c.u.ZKPaths  - The version of ZooKeeper being used doesn't support Container nodes. CreateMode.PERSISTENT will be used instead.
2019-06-09T15:05:26.109+0300: 10.336: [GC (Metadata GC Threshold) [PSYoungGen: 123909K->16620K(149504K)] 138987K->51237K(491008K), 0.0275959 secs] [Times: user=0.22 sys=0.01, real=0.03 secs] 
2019-06-09T15:05:26.136+0300: 10.363: [Full GC (Metadata GC Threshold) [PSYoungGen: 16620K->0K(149504K)] [ParOldGen: 34617K->39755K(341504K)] 51237K->39755K(491008K), [Metaspace: 34464K->34461K(1079296K)], 0.0354935 secs] [Times: user=0.17 sys=0.01, real=0.04 secs] 
2019-06-09T15:05:31.637+0300: 15.864: [GC (Allocation Failure) [PSYoungGen: 128512K->480K(149504K)] 168267K->40243K(491008K), 0.0032428 secs] [Times: user=0.01 sys=0.02, real=0.01 secs] 
2019-06-09T15:05:37.789+0300: 22.017: [GC (Allocation Failure) [PSYoungGen: 128992K->512K(149504K)] 168755K->40283K(491008K), 0.0043150 secs] [Times: user=0.03 sys=0.01, real=0.01 secs] 
2019-06-09T15:05:43.860+0300: 28.087: [GC (Allocation Failure) [PSYoungGen: 129024K->544K(129536K)] 168795K->40323K(471040K), 0.0118398 secs] [Times: user=0.11 sys=0.01, real=0.01 secs] 
2019-06-09T15:05:50.039+0300: 34.266: [GC (Allocation Failure) [PSYoungGen: 129056K->512K(149504K)] 168835K->40299K(491008K), 0.0030470 secs] [Times: user=0.01 sys=0.00, real=0.00 secs] 
2019-06-09T15:05:56.257+0300: 40.485: [GC (Allocation Failure) [PSYoungGen: 128000K->576K(148480K)] 167787K->40371K(489984K), 0.0032269 secs] [Times: user=0.01 sys=0.00, real=0.01 secs] 
2019-06-09T15:06:02.439+0300: 46.708: [GC (Allocation Failure) [PSYoungGen: 128064K->576K(151040K)] 167859K->40379K(492544K), 0.0453064 secs] [Times: user=0.01 sys=0.00, real=0.04 secs] 
2019-06-09T15:06:08.736+0300: 52.964: [GC (Allocation Failure) [PSYoungGen: 131136K->640K(150016K)] 170939K->40451K(491520K), 0.0028140 secs] [Times: user=0.01 sys=0.00, real=0.01 secs] 
15:06:16.198 [Curator-PathChildrenCache-0] ERROR o.a.c.f.r.c.PathChildrenCache  - 
java.lang.IllegalStateException: instance must be started before calling this method
	at org.apache.curator.shaded.com.google.common.base.Preconditions.checkState(Preconditions.java:444)
	at org.apache.curator.framework.imps.CuratorFrameworkImpl.getChildren(CuratorFrameworkImpl.java:456)
	at org.apache.curator.framework.recipes.cache.PathChildrenCache.refresh(PathChildrenCache.java:521)
	at org.apache.curator.framework.recipes.cache.RefreshOperation.invoke(RefreshOperation.java:35)
	at org.apache.curator.framework.recipes.cache.PathChildrenCache$9.run(PathChildrenCache.java:786)
	at java.util.concurrent.Executors$RunnableAdapter.call(Executors.java:511)
	at java.util.concurrent.FutureTask.run(FutureTask.java:266)
	at java.util.concurrent.Executors$RunnableAdapter.call(Executors.java:511)
	at java.util.concurrent.FutureTask.run(FutureTask.java:266)
	at java.util.concurrent.ThreadPoolExecutor.runWorker(ThreadPoolExecutor.java:1149)
	at java.util.concurrent.ThreadPoolExecutor$Worker.run(ThreadPoolExecutor.java:624)
	at java.lang.Thread.run(Thread.java:748)
Heap
 PSYoungGen      total 150016K, used 49976K [0x00000000f5980000, 0x0000000100000000, 0x0000000100000000)
  eden space 130560K, 37% used [0x00000000f5980000,0x00000000f89ae350,0x00000000fd900000)
  from space 19456K, 3% used [0x00000000fd900000,0x00000000fd9a0070,0x00000000fec00000)
  to   space 18432K, 0% used [0x00000000fee00000,0x00000000fee00000,0x0000000100000000)
 ParOldGen       total 341504K, used 39811K [0x00000000e0c00000, 0x00000000f5980000, 0x00000000f5980000)
  object space 341504K, 11% used [0x00000000e0c00000,0x00000000e32e0f60,0x00000000f5980000)
 Metaspace       used 35925K, capacity 36914K, committed 37208K, reserved 1081344K
  class space    used 4974K, capacity 5187K, committed 5248K, reserved 1048576K
