11:38:07,799 |-INFO in ch.qos.logback.classic.LoggerContext[default] - Could NOT find resource [logback-test.xml]
11:38:07,799 |-INFO in ch.qos.logback.classic.LoggerContext[default] - Could NOT find resource [logback.groovy]
11:38:07,799 |-INFO in ch.qos.logback.classic.LoggerContext[default] - Found resource [logback.xml] at [jar:file:/home/nikitasokolov/flamestream/lib/flamestream-runtime-1.0-SNAPSHOT.jar!/logback.xml]
11:38:07,800 |-WARN in ch.qos.logback.classic.LoggerContext[default] - Resource [logback.xml] occurs multiple times on the classpath.
11:38:07,800 |-WARN in ch.qos.logback.classic.LoggerContext[default] - Resource [logback.xml] occurs at [jar:file:/home/nikitasokolov/flamestream/lib/flamestream-runtime-1.0-SNAPSHOT.jar!/logback.xml]
11:38:07,800 |-WARN in ch.qos.logback.classic.LoggerContext[default] - Resource [logback.xml] occurs at [jar:file:/home/nikitasokolov/flamestream/flamestream-runtime-1.0-SNAPSHOT.jar!/logback.xml]
11:38:07,819 |-INFO in ch.qos.logback.core.joran.spi.ConfigurationWatchList@6108b2d7 - URL [jar:file:/home/nikitasokolov/flamestream/lib/flamestream-runtime-1.0-SNAPSHOT.jar!/logback.xml] is not of type file
11:38:07,870 |-INFO in ch.qos.logback.classic.joran.action.ConfigurationAction - debug attribute not set
11:38:07,870 |-INFO in ch.qos.logback.core.joran.action.AppenderAction - About to instantiate appender of type [ch.qos.logback.core.ConsoleAppender]
11:38:07,878 |-INFO in ch.qos.logback.core.joran.action.AppenderAction - Naming appender as [STDOUT]
11:38:07,886 |-INFO in ch.qos.logback.core.joran.action.NestedComplexPropertyIA - Assuming default type [ch.qos.logback.classic.encoder.PatternLayoutEncoder] for [encoder] property
11:38:07,943 |-INFO in ch.qos.logback.core.joran.action.AppenderAction - About to instantiate appender of type [ch.qos.logback.core.rolling.RollingFileAppender]
11:38:07,948 |-INFO in ch.qos.logback.core.joran.action.AppenderAction - Naming appender as [FILE]
11:38:07,970 |-INFO in c.q.l.core.rolling.TimeBasedRollingPolicy@357863579 - No compression will be used
11:38:07,971 |-INFO in c.q.l.core.rolling.TimeBasedRollingPolicy@357863579 - Will use the pattern /tmp/application_%d{yyyy-MM-dd}.%i.log for the active file
11:38:07,974 |-INFO in ch.qos.logback.core.rolling.SizeAndTimeBasedFNATP@6bf256fa - The date pattern is 'yyyy-MM-dd' from file name pattern '/tmp/application_%d{yyyy-MM-dd}.%i.log'.
11:38:07,974 |-INFO in ch.qos.logback.core.rolling.SizeAndTimeBasedFNATP@6bf256fa - Roll-over at midnight.
11:38:07,978 |-INFO in ch.qos.logback.core.rolling.SizeAndTimeBasedFNATP@6bf256fa - Setting initial period to Sun Jun 09 11:37:23 MSK 2019
11:38:07,978 |-WARN in ch.qos.logback.core.rolling.SizeAndTimeBasedFNATP@6bf256fa - SizeAndTimeBasedFNATP is deprecated. Use SizeAndTimeBasedRollingPolicy instead
11:38:07,978 |-WARN in ch.qos.logback.core.rolling.SizeAndTimeBasedFNATP@6bf256fa - For more information see http://logback.qos.ch/manual/appenders.html#SizeAndTimeBasedRollingPolicy
11:38:07,983 |-INFO in ch.qos.logback.core.joran.action.NestedComplexPropertyIA - Assuming default type [ch.qos.logback.classic.encoder.PatternLayoutEncoder] for [encoder] property
11:38:07,986 |-INFO in ch.qos.logback.core.rolling.RollingFileAppender[FILE] - Active log file name: /tmp/application.log
11:38:07,986 |-INFO in ch.qos.logback.core.rolling.RollingFileAppender[FILE] - File property is set to [/tmp/application.log]
11:38:07,987 |-INFO in ch.qos.logback.classic.joran.action.RootLoggerAction - Setting level of ROOT logger to WARN
11:38:07,987 |-INFO in ch.qos.logback.core.joran.action.AppenderRefAction - Attaching appender named [STDOUT] to Logger[ROOT]
11:38:07,988 |-INFO in ch.qos.logback.core.joran.action.AppenderRefAction - Attaching appender named [FILE] to Logger[ROOT]
11:38:07,988 |-INFO in ch.qos.logback.classic.joran.action.ConfigurationAction - End of configuration.
11:38:07,988 |-INFO in ch.qos.logback.classic.joran.JoranConfigurator@6cd8737 - Registering current configuration as safe fallback point

2019-06-09T11:38:09.006+0300: 1.413: [GC (Metadata GC Threshold) [PSYoungGen: 110721K->15980K(149504K)] 110721K->16060K(491008K), 0.0263244 secs] [Times: user=0.13 sys=0.05, real=0.03 secs] 
2019-06-09T11:38:09.032+0300: 1.439: [Full GC (Metadata GC Threshold) [PSYoungGen: 15980K->0K(149504K)] [ParOldGen: 80K->15078K(341504K)] 16060K->15078K(491008K), [Metaspace: 20801K->20801K(1067008K)], 0.0276351 secs] [Times: user=0.16 sys=0.01, real=0.03 secs] 
11:38:16.585 [Curator-PathChildrenCache-1] WARN  o.a.c.u.ZKPaths  - The version of ZooKeeper being used doesn't support Container nodes. CreateMode.PERSISTENT will be used instead.
2019-06-09T11:38:17.509+0300: 9.916: [GC (Metadata GC Threshold) [PSYoungGen: 124455K->15884K(149504K)] 139534K->50502K(491008K), 0.0286025 secs] [Times: user=0.22 sys=0.01, real=0.04 secs] 
2019-06-09T11:38:17.538+0300: 9.944: [Full GC (Metadata GC Threshold) [PSYoungGen: 15884K->0K(149504K)] [ParOldGen: 34617K->39006K(341504K)] 50502K->39006K(491008K), [Metaspace: 34563K->34563K(1079296K)], 0.0503478 secs] [Times: user=0.21 sys=0.02, real=0.04 secs] 
2019-06-09T11:38:21.045+0300: 13.452: [GC (Allocation Failure) [PSYoungGen: 128512K->352K(149504K)] 167518K->39358K(491008K), 0.0025246 secs] [Times: user=0.01 sys=0.01, real=0.00 secs] 
2019-06-09T11:38:24.960+0300: 17.367: [GC (Allocation Failure) [PSYoungGen: 128864K->480K(149504K)] 167870K->39494K(491008K), 0.0053158 secs] [Times: user=0.01 sys=0.02, real=0.00 secs] 
2019-06-09T11:38:28.971+0300: 21.377: [GC (Allocation Failure) [PSYoungGen: 128992K->448K(129024K)] 168006K->39462K(470528K), 0.0028816 secs] [Times: user=0.01 sys=0.01, real=0.00 secs] 
2019-06-09T11:38:32.954+0300: 25.361: [GC (Allocation Failure) [PSYoungGen: 128960K->448K(150016K)] 167974K->39462K(491520K), 0.0043970 secs] [Times: user=0.03 sys=0.00, real=0.01 secs] 
2019-06-09T11:38:36.994+0300: 29.401: [GC (Allocation Failure) [PSYoungGen: 128960K->384K(148992K)] 167974K->39406K(490496K), 0.0039152 secs] [Times: user=0.02 sys=0.00, real=0.01 secs] 
2019-06-09T11:38:41.024+0300: 33.431: [GC (Allocation Failure) [PSYoungGen: 128896K->544K(151552K)] 167918K->39574K(493056K), 0.0033436 secs] [Times: user=0.01 sys=0.00, real=0.00 secs] 
2019-06-09T11:38:45.186+0300: 37.593: [GC (Allocation Failure) [PSYoungGen: 132128K->512K(150528K)] 171158K->39542K(492032K), 0.0753674 secs] [Times: user=0.11 sys=0.01, real=0.08 secs] 
2019-06-09T11:38:49.356+0300: 41.762: [GC (Allocation Failure) [PSYoungGen: 132096K->448K(153088K)] 171126K->39478K(494592K), 0.0036515 secs] [Times: user=0.01 sys=0.01, real=0.01 secs] 
2019-06-09T11:38:53.639+0300: 46.045: [GC (Allocation Failure) [PSYoungGen: 135616K->544K(152576K)] 174646K->39574K(494080K), 0.0031609 secs] [Times: user=0.01 sys=0.00, real=0.00 secs] 
11:39:06.536 [Curator-PathChildrenCache-0] ERROR o.a.c.f.r.c.PathChildrenCache  - 
java.lang.IllegalStateException: instance must be started before calling this method
	at org.apache.curator.shaded.com.google.common.base.Preconditions.checkState(Preconditions.java:444)
	at org.apache.curator.framework.imps.CuratorFrameworkImpl.getChildren(CuratorFrameworkImpl.java:456)
	at org.apache.curator.framework.recipes.cache.PathChildrenCache.refresh(PathChildrenCache.java:521)
	at org.apache.curator.framework.recipes.cache.RefreshOperation.invoke(RefreshOperation.java:35)
	at org.apache.curator.framework.recipes.cache.PathChildrenCache$9.run(PathChildrenCache.java:786)
	at java.util.concurrent.Executors$RunnableAdapter.call(Executors.java:511)
	at java.util.concurrent.FutureTask.run(FutureTask.java:266)
	at java.util.concurrent.Executors$RunnableAdapter.call(Executors.java:511)
	at java.util.concurrent.FutureTask.run(FutureTask.java:266)
	at java.util.concurrent.ThreadPoolExecutor.runWorker(ThreadPoolExecutor.java:1149)
	at java.util.concurrent.ThreadPoolExecutor$Worker.run(ThreadPoolExecutor.java:624)
	at java.lang.Thread.run(Thread.java:748)
2019-06-09T11:39:06.548+0300: 58.954: [GC (Allocation Failure) [PSYoungGen: 135712K->986K(155136K)] 174742K->40024K(496640K), 0.0035824 secs] [Times: user=0.01 sys=0.00, real=0.01 secs] 
Heap
 PSYoungGen      total 155136K, used 7198K [0x00000000f5980000, 0x0000000100000000, 0x0000000100000000)
  eden space 138752K, 4% used [0x00000000f5980000,0x00000000f5f90ef8,0x00000000fe100000)
  from space 16384K, 6% used [0x00000000ff000000,0x00000000ff0f6910,0x0000000100000000)
  to   space 15360K, 0% used [0x00000000fe100000,0x00000000fe100000,0x00000000ff000000)
 ParOldGen       total 341504K, used 39038K [0x00000000e0c00000, 0x00000000f5980000, 0x00000000f5980000)
  object space 341504K, 11% used [0x00000000e0c00000,0x00000000e321f938,0x00000000f5980000)
 Metaspace       used 35734K, capacity 36606K, committed 36952K, reserved 1081344K
  class space    used 4935K, capacity 5129K, committed 5248K, reserved 1048576K
