05:26:26,771 |-INFO in ch.qos.logback.classic.LoggerContext[default] - Could NOT find resource [logback-test.xml]
05:26:26,771 |-INFO in ch.qos.logback.classic.LoggerContext[default] - Could NOT find resource [logback.groovy]
05:26:26,771 |-INFO in ch.qos.logback.classic.LoggerContext[default] - Found resource [logback.xml] at [jar:file:/root/flamestream/lib/flamestream-runtime-1.0-SNAPSHOT.jar!/logback.xml]
05:26:26,772 |-WARN in ch.qos.logback.classic.LoggerContext[default] - Resource [logback.xml] occurs multiple times on the classpath.
05:26:26,772 |-WARN in ch.qos.logback.classic.LoggerContext[default] - Resource [logback.xml] occurs at [jar:file:/root/flamestream/lib/flamestream-runtime-1.0-SNAPSHOT.jar!/logback.xml]
05:26:26,772 |-WARN in ch.qos.logback.classic.LoggerContext[default] - Resource [logback.xml] occurs at [jar:file:/root/flamestream/flamestream-runtime-1.0-SNAPSHOT.jar!/logback.xml]
05:26:26,792 |-INFO in ch.qos.logback.core.joran.spi.ConfigurationWatchList@3fb6a447 - URL [jar:file:/root/flamestream/lib/flamestream-runtime-1.0-SNAPSHOT.jar!/logback.xml] is not of type file
05:26:26,863 |-INFO in ch.qos.logback.classic.joran.action.ConfigurationAction - debug attribute not set
05:26:26,863 |-INFO in ch.qos.logback.core.joran.action.AppenderAction - About to instantiate appender of type [ch.qos.logback.core.ConsoleAppender]
05:26:26,881 |-INFO in ch.qos.logback.core.joran.action.AppenderAction - Naming appender as [STDOUT]
05:26:26,899 |-INFO in ch.qos.logback.core.joran.action.NestedComplexPropertyIA - Assuming default type [ch.qos.logback.classic.encoder.PatternLayoutEncoder] for [encoder] property
05:26:26,984 |-INFO in ch.qos.logback.core.joran.action.AppenderAction - About to instantiate appender of type [ch.qos.logback.core.rolling.RollingFileAppender]
05:26:26,989 |-INFO in ch.qos.logback.core.joran.action.AppenderAction - Naming appender as [FILE]
05:26:27,021 |-INFO in c.q.l.core.rolling.TimeBasedRollingPolicy@127618319 - No compression will be used
05:26:27,022 |-INFO in c.q.l.core.rolling.TimeBasedRollingPolicy@127618319 - Will use the pattern /tmp/application_%d{yyyy-MM-dd}.%i.log for the active file
05:26:27,025 |-INFO in ch.qos.logback.core.rolling.SizeAndTimeBasedFNATP@6b2fad11 - The date pattern is 'yyyy-MM-dd' from file name pattern '/tmp/application_%d{yyyy-MM-dd}.%i.log'.
05:26:27,025 |-INFO in ch.qos.logback.core.rolling.SizeAndTimeBasedFNATP@6b2fad11 - Roll-over at midnight.
05:26:27,030 |-INFO in ch.qos.logback.core.rolling.SizeAndTimeBasedFNATP@6b2fad11 - Setting initial period to Tue Jun 11 05:25:11 UTC 2019
05:26:27,030 |-WARN in ch.qos.logback.core.rolling.SizeAndTimeBasedFNATP@6b2fad11 - SizeAndTimeBasedFNATP is deprecated. Use SizeAndTimeBasedRollingPolicy instead
05:26:27,030 |-WARN in ch.qos.logback.core.rolling.SizeAndTimeBasedFNATP@6b2fad11 - For more information see http://logback.qos.ch/manual/appenders.html#SizeAndTimeBasedRollingPolicy
05:26:27,034 |-INFO in ch.qos.logback.core.joran.action.NestedComplexPropertyIA - Assuming default type [ch.qos.logback.classic.encoder.PatternLayoutEncoder] for [encoder] property
05:26:27,039 |-INFO in ch.qos.logback.core.rolling.RollingFileAppender[FILE] - Active log file name: /tmp/application.log
05:26:27,039 |-INFO in ch.qos.logback.core.rolling.RollingFileAppender[FILE] - File property is set to [/tmp/application.log]
05:26:27,040 |-INFO in ch.qos.logback.classic.joran.action.RootLoggerAction - Setting level of ROOT logger to WARN
05:26:27,040 |-INFO in ch.qos.logback.core.joran.action.AppenderRefAction - Attaching appender named [STDOUT] to Logger[ROOT]
05:26:27,042 |-INFO in ch.qos.logback.core.joran.action.AppenderRefAction - Attaching appender named [FILE] to Logger[ROOT]
05:26:27,042 |-INFO in ch.qos.logback.classic.joran.action.ConfigurationAction - End of configuration.
05:26:27,042 |-INFO in ch.qos.logback.classic.joran.JoranConfigurator@79698539 - Registering current configuration as safe fallback point

Ama winner
Ama winner
2019-06-11T05:26:28.647+0000: 2.064: [Full GC (Metadata GC Threshold) 2019-06-11T05:26:28.647+0000: 2.064: [Tenured: 0K->15176K(341376K), 0.0380354 secs] 117718K->15176K(494976K), [Metaspace: 20732K->20732K(1067008K)], 0.0381013 secs] [Times: user=0.03 sys=0.01, real=0.04 secs] 
05:26:40.386 [Curator-PathChildrenCache-1] WARN  o.a.c.u.ZKPaths  - The version of ZooKeeper being used doesn't support Container nodes. CreateMode.PERSISTENT will be used instead.
2019-06-11T05:26:42.812+0000: 16.229: [GC (Allocation Failure) 2019-06-11T05:26:42.812+0000: 16.229: [DefNew: 136576K->17023K(153600K), 0.0306717 secs] 151752K->52575K(494976K), 0.0307415 secs] [Times: user=0.02 sys=0.01, real=0.03 secs] 
2019-06-11T05:26:49.077+0000: 22.494: [GC (Allocation Failure) 2019-06-11T05:26:49.077+0000: 22.494: [DefNew: 153599K->257K(153600K), 0.0095957 secs] 189151K->43921K(494976K), 0.0096582 secs] [Times: user=0.01 sys=0.00, real=0.01 secs] 
2019-06-11T05:26:50.447+0000: 23.863: [Full GC (Metadata GC Threshold) 2019-06-11T05:26:50.447+0000: 23.863: [Tenured: 43664K->43914K(341376K), 0.0380097 secs] 77362K->43914K(494976K), [Metaspace: 34656K->34656K(1079296K)], 0.0380832 secs] [Times: user=0.04 sys=0.00, real=0.04 secs] 
2019-06-11T05:26:56.743+0000: 30.160: [GC (Allocation Failure) 2019-06-11T05:26:56.743+0000: 30.160: [DefNew: 136576K->50K(153600K), 0.0016765 secs] 180490K->43964K(494976K), 0.0017422 secs] [Times: user=0.00 sys=0.00, real=0.00 secs] 
2019-06-11T05:27:02.984+0000: 36.400: [GC (Allocation Failure) 2019-06-11T05:27:02.984+0000: 36.400: [DefNew: 136626K->51K(153600K), 0.0016054 secs] 180540K->43965K(494976K), 0.0016658 secs] [Times: user=0.01 sys=0.00, real=0.00 secs] 
2019-06-11T05:27:09.255+0000: 42.671: [GC (Allocation Failure) 2019-06-11T05:27:09.255+0000: 42.672: [DefNew: 136627K->49K(153600K), 0.0016113 secs] 180541K->43964K(494976K), 0.0016722 secs] [Times: user=0.00 sys=0.00, real=0.00 secs] 
2019-06-11T05:27:16.234+0000: 49.650: [GC (Allocation Failure) 2019-06-11T05:27:16.234+0000: 49.650: [DefNew: 136625K->51K(153600K), 0.0015780 secs] 180540K->43965K(494976K), 0.0016581 secs] [Times: user=0.00 sys=0.00, real=0.00 secs] 
05:27:26.453 [Curator-PathChildrenCache-0] ERROR o.a.c.f.r.c.PathChildrenCache  - 
java.lang.IllegalStateException: instance must be started before calling this method
	at org.apache.curator.shaded.com.google.common.base.Preconditions.checkState(Preconditions.java:444)
	at org.apache.curator.framework.imps.CuratorFrameworkImpl.getChildren(CuratorFrameworkImpl.java:456)
	at org.apache.curator.framework.recipes.cache.PathChildrenCache.refresh(PathChildrenCache.java:521)
	at org.apache.curator.framework.recipes.cache.RefreshOperation.invoke(RefreshOperation.java:35)
	at org.apache.curator.framework.recipes.cache.PathChildrenCache$9.run(PathChildrenCache.java:786)
	at java.util.concurrent.Executors$RunnableAdapter.call(Executors.java:511)
	at java.util.concurrent.FutureTask.run(FutureTask.java:266)
	at java.util.concurrent.Executors$RunnableAdapter.call(Executors.java:511)
	at java.util.concurrent.FutureTask.run(FutureTask.java:266)
	at java.util.concurrent.ThreadPoolExecutor.runWorker(ThreadPoolExecutor.java:1149)
	at java.util.concurrent.ThreadPoolExecutor$Worker.run(ThreadPoolExecutor.java:624)
	at java.lang.Thread.run(Thread.java:748)
Heap
 def new generation   total 153600K, used 67181K [0x00000000e0c00000, 0x00000000eb2a0000, 0x00000000eb2a0000)
  eden space 136576K,  49% used [0x00000000e0c00000, 0x00000000e4d8e9d0, 0x00000000e9160000)
  from space 17024K,   0% used [0x00000000e9160000, 0x00000000e916cc80, 0x00000000ea200000)
  to   space 17024K,   0% used [0x00000000ea200000, 0x00000000ea200000, 0x00000000eb2a0000)
 tenured generation   total 341376K, used 43914K [0x00000000eb2a0000, 0x0000000100000000, 0x0000000100000000)
   the space 341376K,  12% used [0x00000000eb2a0000, 0x00000000edd82910, 0x00000000edd82a00, 0x0000000100000000)
 Metaspace       used 35772K, capacity 36640K, committed 36864K, reserved 1081344K
  class space    used 4830K, capacity 5042K, committed 5120K, reserved 1048576K
