12:27:21,731 |-INFO in ch.qos.logback.classic.LoggerContext[default] - Could NOT find resource [logback-test.xml]
12:27:21,731 |-INFO in ch.qos.logback.classic.LoggerContext[default] - Could NOT find resource [logback.groovy]
12:27:21,732 |-INFO in ch.qos.logback.classic.LoggerContext[default] - Found resource [logback.xml] at [jar:file:/home/ubuntu/flamestream/lib/flamestream-runtime-1.0-SNAPSHOT.jar!/logback.xml]
12:27:21,732 |-WARN in ch.qos.logback.classic.LoggerContext[default] - Resource [logback.xml] occurs multiple times on the classpath.
12:27:21,733 |-WARN in ch.qos.logback.classic.LoggerContext[default] - Resource [logback.xml] occurs at [jar:file:/home/ubuntu/flamestream/flamestream-runtime-1.0-SNAPSHOT.jar!/logback.xml]
12:27:21,733 |-WARN in ch.qos.logback.classic.LoggerContext[default] - Resource [logback.xml] occurs at [jar:file:/home/ubuntu/flamestream/lib/flamestream-runtime-1.0-SNAPSHOT.jar!/logback.xml]
12:27:21,749 |-INFO in ch.qos.logback.core.joran.spi.ConfigurationWatchList@4678c730 - URL [jar:file:/home/ubuntu/flamestream/lib/flamestream-runtime-1.0-SNAPSHOT.jar!/logback.xml] is not of type file
12:27:21,815 |-INFO in ch.qos.logback.classic.joran.action.ConfigurationAction - debug attribute not set
12:27:21,816 |-INFO in ch.qos.logback.core.joran.action.AppenderAction - About to instantiate appender of type [ch.qos.logback.core.ConsoleAppender]
12:27:21,838 |-INFO in ch.qos.logback.core.joran.action.AppenderAction - Naming appender as [STDOUT]
12:27:21,851 |-INFO in ch.qos.logback.core.joran.action.NestedComplexPropertyIA - Assuming default type [ch.qos.logback.classic.encoder.PatternLayoutEncoder] for [encoder] property
12:27:21,946 |-INFO in ch.qos.logback.core.joran.action.AppenderAction - About to instantiate appender of type [ch.qos.logback.core.rolling.RollingFileAppender]
12:27:21,954 |-INFO in ch.qos.logback.core.joran.action.AppenderAction - Naming appender as [FILE]
12:27:21,995 |-INFO in c.q.l.core.rolling.TimeBasedRollingPolicy@1734853116 - No compression will be used
12:27:21,996 |-INFO in c.q.l.core.rolling.TimeBasedRollingPolicy@1734853116 - Will use the pattern /tmp/application_%d{yyyy-MM-dd}.%i.log for the active file
12:27:22,003 |-INFO in ch.qos.logback.core.rolling.SizeAndTimeBasedFNATP@29ee9faa - The date pattern is 'yyyy-MM-dd' from file name pattern '/tmp/application_%d{yyyy-MM-dd}.%i.log'.
12:27:22,003 |-INFO in ch.qos.logback.core.rolling.SizeAndTimeBasedFNATP@29ee9faa - Roll-over at midnight.
12:27:22,008 |-INFO in ch.qos.logback.core.rolling.SizeAndTimeBasedFNATP@29ee9faa - Setting initial period to Thu Oct 10 12:26:53 UTC 2019
12:27:22,008 |-WARN in ch.qos.logback.core.rolling.SizeAndTimeBasedFNATP@29ee9faa - SizeAndTimeBasedFNATP is deprecated. Use SizeAndTimeBasedRollingPolicy instead
12:27:22,008 |-WARN in ch.qos.logback.core.rolling.SizeAndTimeBasedFNATP@29ee9faa - For more information see http://logback.qos.ch/manual/appenders.html#SizeAndTimeBasedRollingPolicy
12:27:22,014 |-INFO in ch.qos.logback.core.joran.action.NestedComplexPropertyIA - Assuming default type [ch.qos.logback.classic.encoder.PatternLayoutEncoder] for [encoder] property
12:27:22,024 |-INFO in ch.qos.logback.core.rolling.RollingFileAppender[FILE] - Active log file name: /tmp/application.log
12:27:22,024 |-INFO in ch.qos.logback.core.rolling.RollingFileAppender[FILE] - File property is set to [/tmp/application.log]
12:27:22,026 |-INFO in ch.qos.logback.classic.joran.action.RootLoggerAction - Setting level of ROOT logger to INFO
12:27:22,026 |-INFO in ch.qos.logback.core.joran.action.AppenderRefAction - Attaching appender named [STDOUT] to Logger[ROOT]
12:27:22,027 |-INFO in ch.qos.logback.core.joran.action.AppenderRefAction - Attaching appender named [FILE] to Logger[ROOT]
12:27:22,027 |-INFO in ch.qos.logback.classic.joran.action.ConfigurationAction - End of configuration.
12:27:22,027 |-INFO in ch.qos.logback.classic.joran.JoranConfigurator@c038203 - Registering current configuration as safe fallback point

12:27:22.037 [main] INFO  c.s.f.r.WorkerApplication  - Starting worker with workerConfig 'WorkerConfig{id='flamestream-benchmarks-worker-2', localAddress=flamestream-benchmarks-worker-2/10.0.0.7:5412, zkString='flamestream-benchmarks-manager:12181', snapshotPath='/home/ubuntu/flamestream/data', guarantees=AT_MOST_ONCE}'
12:27:23.490 [worker-akka.actor.default-dispatcher-6] INFO  a.e.s.Slf4jLogger  - Slf4jLogger started
2019-10-10T12:27:23.644+0000: 2.263: [Full GC (Metadata GC Threshold) 2019-10-10T12:27:23.644+0000: 2.263: [Tenured: 0K->13625K(1024000K), 0.0511445 secs] 139464K->13625K(1484800K), [Metaspace: 20221K->20221K(1067008K)], 0.0512332 secs] [Times: user=0.04 sys=0.01, real=0.05 secs] 
12:27:23.803 [worker-akka.actor.default-dispatcher-6] WARN  a.r.RemoteActorRefProvider akka.remote.RemoteActorRefProvider - Using the 'remote' ActorRefProvider directly, which is a low-level layer. For most use cases, the 'cluster' abstraction on top of remoting is more suitable instead.
12:27:23.809 [worker-akka.actor.default-dispatcher-6] WARN  a.r.RemoteActorRefProvider akka.remote.RemoteActorRefProvider - Akka Cluster not in use - Using Akka Cluster is recommended if you need remote watch and deploy.
12:27:23.923 [worker-akka.actor.default-dispatcher-6] INFO  a.r.a.a.ArteryAeronUdpTransport(akka://worker) akka.remote.artery.aeron.ArteryAeronUdpTransport(akka://worker) - Started embedded media driver in directory [/dev/shm/aeron-flamestream-benchmarks-worker-2]
12:27:23.966 [worker-akka.actor.default-dispatcher-6] WARN  a.r.a.a.ArteryAeronUdpTransport(akka://worker) akka.remote.artery.aeron.ArteryAeronUdpTransport(akka://worker) - Aeron CnC version mismatch: compiled version = 15, file version = 16
12:27:24.262 [worker-akka.actor.default-dispatcher-6] INFO  a.r.a.a.ArteryAeronUdpTransport(akka://worker) akka.remote.artery.aeron.ArteryAeronUdpTransport(akka://worker) - Remoting started with transport [Artery aeron-udp]; listening on address [akka://worker@flamestream-benchmarks-worker-2:5412] and bound to [akka://worker@0.0.0.0:5412] with UID [-4547469165035349574]
12:27:24.897 [worker-akka.actor.default-dispatcher-6] WARN  a.s.Serialization(akka://worker) akka.serialization.Serialization(akka://worker) - Using serializer [com.romix.akka.serialization.kryo.KryoSerializer] for message [akka.actor.ActorSelectionMessage]. Note that this serializer is not implemented by Akka. It's not recommended to replace serializers for messages provided by Akka.
12:27:24.898 [worker-akka.actor.default-dispatcher-6] WARN  a.s.Serialization(akka://worker) akka.serialization.Serialization(akka://worker) - Using serializer [com.romix.akka.serialization.kryo.KryoSerializer] for message [akka.actor.ActorIdentity]. Note that this serializer is not implemented by Akka. It's not recommended to replace serializers for messages provided by Akka.
12:27:24.955 [worker-akka.actor.default-dispatcher-9] INFO  a.a.RepointableActorRef akka://worker/user/watcher - Starting...
12:27:25.133 [worker-akka.actor.default-dispatcher-6] INFO  o.a.c.u.Compatibility  - Running in ZooKeeper 3.4.x compatibility mode
12:27:25.202 [worker-akka.actor.default-dispatcher-6] INFO  o.a.c.f.i.CuratorFrameworkImpl  - Starting
12:27:25.229 [worker-akka.actor.default-dispatcher-6] INFO  o.a.z.ZooKeeper  - Client environment:zookeeper.version=3.4.14-4c25d480e66aadd371de8bd2fd8da255ac140bcf, built on 03/06/2019 16:18 GMT
12:27:25.230 [worker-akka.actor.default-dispatcher-6] INFO  o.a.z.ZooKeeper  - Client environment:host.name=flamestream-benchmarks-worker-2
12:27:25.231 [worker-akka.actor.default-dispatcher-6] INFO  o.a.z.ZooKeeper  - Client environment:java.version=1.8.0_222
12:27:25.231 [worker-akka.actor.default-dispatcher-6] INFO  o.a.z.ZooKeeper  - Client environment:java.vendor=Private Build
12:27:25.233 [worker-akka.actor.default-dispatcher-6] INFO  o.a.z.ZooKeeper  - Client environment:java.home=/usr/lib/jvm/java-8-openjdk-amd64/jre
12:27:25.234 [worker-akka.actor.default-dispatcher-6] INFO  o.a.z.ZooKeeper  - Client environment:java.class.path=lib/curator-framework-4.0.1.jar:lib/commons-csv-1.4.jar:lib/aeron-client-1.21.2.jar:lib/scala-library-2.12.9.jar:lib/asm-5.0.4.jar:lib/agrona-1.0.1.jar:lib/curator-recipes-4.0.1.jar:lib/akka-testkit_2.12-2.6.0-M6.jar:lib/flamestream-runtime-1.0-SNAPSHOT.jar:lib/slf4j-simple-2.0.0-alpha1.jar:lib/jsr305-3.0.2.jar:lib/trove4j-3.0.3.jar:lib/flamestream-core-1.0-SNAPSHOT.jar:lib/commons-io-2.4.jar:lib/minlog-1.3.0.jar:lib/kryonet-2.21.jar:lib/commons-1.4.9.jar:lib/jline-0.9.94.jar:lib/akka-remote_2.12-2.6.0-M6.jar:lib/leveldbjni-all-1.8.jar:lib/lz4-1.3.0.jar:lib/slf4j-api-1.7.24.jar:lib/scala-parser-combinators_2.12-1.1.2.jar:lib/flamestream-core-1.0-SNAPSHOT-tests.jar:lib/logback-core-1.2.3.jar:lib/netty-3.10.6.Final.jar:lib/protobuf-java-3.9.0.jar:lib/minlog-1.2.jar:lib/leveldb-api-0.7.jar:lib/jool-0.9.12.jar:lib/commons-cli-1.4.jar:lib/jblas-1.2.4.jar:lib/reflectasm-1.11.3.jar:lib/reflectasm-1.07-shaded.jar:lib/audience-annotations-0.5.0.jar:lib/jackson-annotations-2.9.6.jar:lib/commons-lang-2.6.jar:lib/ssl-config-core_2.12-0.3.8.jar:lib/annotations-13.0.jar:lib/logback-classic-1.2.3.jar:lib/guava-21.0.jar:lib/reactive-streams-1.0.2.jar:lib/spotbugs-annotations-3.1.9.jar:lib/leveldb-0.7.jar:lib/commons-pool2-2.4.2.jar:lib/rocksdbjni-5.5.1.jar:lib/jackson-core-2.9.9.jar:lib/jackson-databind-2.9.9.2.jar:lib/akka-protobuf-v3_2.12-2.6.0-M6.jar:lib/jackson-annotations-2.9.0.jar:lib/flamestream-examples-1.0-SNAPSHOT.jar:lib/objenesis-2.1.jar:lib/akka-kryo-serialization_2.12-0.5.2.jar:lib/scala-java8-compat_2.12-0.8.0.jar:lib/zookeeper-3.4.14.jar:lib/akka-slf4j_2.12-2.6.0-M6.jar:lib/kryo-4.0.0.jar:lib/akka-stream_2.12-2.6.0-M6.jar:lib/aeron-driver-1.21.2.jar:lib/config-1.3.1.jar:lib/annotations-12.0.jar:lib/jedis-2.9.0.jar:lib/jcommander-1.48.jar:lib/testng-6.10.jar:lib/akka-actor_2.12-2.6.0-M6.jar:lib/curator-client-4.0.1.jar:flamestream-runtime-1.0-SNAPSHOT.jar
12:27:25.237 [worker-akka.actor.default-dispatcher-6] INFO  o.a.z.ZooKeeper  - Client environment:java.library.path=/usr/java/packages/lib/amd64:/usr/lib/x86_64-linux-gnu/jni:/lib/x86_64-linux-gnu:/usr/lib/x86_64-linux-gnu:/usr/lib/jni:/lib:/usr/lib
12:27:25.238 [worker-akka.actor.default-dispatcher-6] INFO  o.a.z.ZooKeeper  - Client environment:java.io.tmpdir=/tmp
12:27:25.238 [worker-akka.actor.default-dispatcher-6] INFO  o.a.z.ZooKeeper  - Client environment:java.compiler=<NA>
12:27:25.238 [worker-akka.actor.default-dispatcher-6] INFO  o.a.z.ZooKeeper  - Client environment:os.name=Linux
12:27:25.239 [worker-akka.actor.default-dispatcher-6] INFO  o.a.z.ZooKeeper  - Client environment:os.arch=amd64
12:27:25.239 [worker-akka.actor.default-dispatcher-6] INFO  o.a.z.ZooKeeper  - Client environment:os.version=4.15.0-1040-gcp
12:27:25.240 [worker-akka.actor.default-dispatcher-6] INFO  o.a.z.ZooKeeper  - Client environment:user.name=ubuntu
12:27:25.240 [worker-akka.actor.default-dispatcher-6] INFO  o.a.z.ZooKeeper  - Client environment:user.home=/home/ubuntu
12:27:25.240 [worker-akka.actor.default-dispatcher-6] INFO  o.a.z.ZooKeeper  - Client environment:user.dir=/home/ubuntu/flamestream
12:27:25.244 [worker-akka.actor.default-dispatcher-6] INFO  o.a.z.ZooKeeper  - Initiating client connection, connectString=flamestream-benchmarks-manager:12181 sessionTimeout=60000 watcher=org.apache.curator.ConnectionState@3c5e82fa
12:27:25.307 [worker-akka.actor.default-dispatcher-6-SendThread(flamestream-benchmarks-manager:12181)] INFO  o.a.z.ClientCnxn  - Opening socket connection to server flamestream-benchmarks-manager/10.0.0.21:12181. Will not attempt to authenticate using SASL (unknown error)
12:27:25.309 [worker-akka.actor.default-dispatcher-6] INFO  o.a.c.f.i.CuratorFrameworkImpl  - Default schema
12:27:25.315 [worker-akka.actor.default-dispatcher-6-SendThread(flamestream-benchmarks-manager:12181)] INFO  o.a.z.ClientCnxn  - Socket connection established to flamestream-benchmarks-manager/10.0.0.21:12181, initiating session
12:27:25.329 [worker-akka.actor.default-dispatcher-6-SendThread(flamestream-benchmarks-manager:12181)] INFO  o.a.z.ClientCnxn  - Session establishment complete on server flamestream-benchmarks-manager/10.0.0.21:12181, sessionid = 0x100005c675e0002, negotiated timeout = 60000
12:27:25.340 [worker-akka.actor.default-dispatcher-6-EventThread] INFO  o.a.c.f.s.ConnectionStateManager  - State change: CONNECTED
12:27:25.343 [worker-akka.actor.default-dispatcher-9] INFO  a.a.RepointableActorRef akka://worker/user/watcher - Initializing rocksDB backend
2019-10-10T12:27:26.259+0000: 4.879: [Full GC (Metadata GC Threshold) 2019-10-10T12:27:26.259+0000: 4.879: [Tenured: 13625K->25920K(1024000K), 0.0723905 secs] 161147K->25920K(1484800K), [Metaspace: 33692K->33692K(1079296K)], 0.0725024 secs] [Times: user=0.06 sys=0.01, real=0.07 secs] 
12:27:26.425 [worker-akka.actor.default-dispatcher-6] INFO  a.a.LocalActorRef akka://worker/user/watcher/processing-watcher - Starting...
12:27:33.938 [Curator-PathChildrenCache-1] WARN  o.a.c.u.ZKPaths  - The version of ZooKeeper being used doesn't support Container nodes. CreateMode.PERSISTENT will be used instead.
12:27:34.052 [worker-akka.actor.default-dispatcher-10] INFO  a.a.LocalActorRef akka://worker/user/watcher/processing-watcher/$a - Starting...
12:27:34.090 [worker-akka.actor.default-dispatcher-6] INFO  a.a.LocalActorRef akka://worker/user/watcher/processing-watcher/$a - Stopped
12:27:35.760 [worker-akka.actor.default-dispatcher-6] INFO  a.a.LocalActorRef akka://worker/user/watcher/processing-watcher/graph/graph - Starting...
12:27:39.168 [worker-akka.actor.default-dispatcher-9] INFO  a.a.LocalActorRef akka://worker/user/watcher/processing-watcher/graph/graph - Finishing constructor
12:27:39.172 [worker-akka.actor.default-dispatcher-12] INFO  a.a.LocalActorRef akka://worker/user/watcher/processing-watcher/graph/negotiator - Starting...
12:27:39.185 [worker-akka.actor.default-dispatcher-9] INFO  a.a.LocalActorRef akka://worker/user/watcher/processing-watcher/graph/edge - Starting...
12:27:39.197 [worker-akka.actor.default-dispatcher-9] INFO  a.a.LocalActorRef akka://worker/user/watcher/processing-watcher/graph - Starting FlameNode with config 'ClusterConfig{paths={flamestream-benchmarks-worker-1=akka://worker@flamestream-benchmarks-worker-1:5412/user/watcher/processing-watcher/graph, flamestream-benchmarks-worker-0=akka://worker@flamestream-benchmarks-worker-0:5412/user/watcher/processing-watcher/graph, flamestream-benchmarks-worker-9=akka://worker@flamestream-benchmarks-worker-9:5412/user/watcher/processing-watcher/graph, flamestream-benchmarks-worker-8=akka://worker@flamestream-benchmarks-worker-8:5412/user/watcher/processing-watcher/graph, flamestream-benchmarks-worker-7=akka://worker@flamestream-benchmarks-worker-7:5412/user/watcher/processing-watcher/graph, flamestream-benchmarks-worker-6=akka://worker@flamestream-benchmarks-worker-6:5412/user/watcher/processing-watcher/graph, flamestream-benchmarks-worker-5=akka://worker@flamestream-benchmarks-worker-5:5412/user/watcher/processing-watcher/graph, flamestream-benchmarks-worker-4=akka://worker@flamestream-benchmarks-worker-4:5412/user/watcher/processing-watcher/graph, flamestream-benchmarks-worker-3=akka://worker@flamestream-benchmarks-worker-3:5412/user/watcher/processing-watcher/graph, flamestream-benchmarks-worker-2=akka://worker@flamestream-benchmarks-worker-2:5412/user/watcher/processing-watcher/graph, flamestream-benchmarks-worker-14=akka://worker@flamestream-benchmarks-worker-14:5412/user/watcher/processing-watcher/graph, flamestream-benchmarks-worker-13=akka://worker@flamestream-benchmarks-worker-13:5412/user/watcher/processing-watcher/graph, flamestream-benchmarks-worker-12=akka://worker@flamestream-benchmarks-worker-12:5412/user/watcher/processing-watcher/graph, flamestream-benchmarks-worker-11=akka://worker@flamestream-benchmarks-worker-11:5412/user/watcher/processing-watcher/graph, flamestream-benchmarks-worker-10=akka://worker@flamestream-benchmarks-worker-10:5412/user/watcher/processing-watcher/graph}}'
12:27:39.233 [worker-akka.actor.default-dispatcher-9] INFO  a.a.LocalActorRef akka://worker/user/watcher/processing-watcher/graph/negotiator - Requesting ticket for the frontClass FlameSocketGraphDeployerFront@flamestream-benchmarks-worker-2
12:27:39.276 [worker-akka.actor.default-dispatcher-10] INFO  c.s.f.r.e.s.SocketRear  - FlameSocketGraphDeployerRear@flamestream-benchmarks-worker-2: connecting to flamestream-benchmarks-manager:5678
12:27:39.281 [worker-akka.actor.default-dispatcher-13] INFO  a.a.LocalActorRef akka://worker/user/watcher/processing-watcher/graph/graph - Received last commit 'LastCommit{globalTime=(0000000, min@min)}'
12:27:39.295 [worker-akka.actor.default-dispatcher-13] INFO  a.a.LocalActorRef akka://worker/user/watcher/processing-watcher/graph/edge/FlameSocketGraphDeployerFront - Starting...
12:27:39.299 [worker-akka.actor.default-dispatcher-10] INFO  c.s.f.r.e.s.SocketRear  - FlameSocketGraphDeployerRear@flamestream-benchmarks-worker-2: connected to flamestream-benchmarks-manager:5678
12:27:39.301 [worker-akka.actor.default-dispatcher-10] INFO  a.a.LocalActorRef akka://worker/user/watcher/processing-watcher/graph/edge/FlameSocketGraphDeployerRear - Starting...
12:27:39.320 [worker-akka.actor.default-dispatcher-6] INFO  a.a.LocalActorRef akka://worker/user/watcher/processing-watcher/graph/negotiator - Ticket for the frontClass received: FrontTicket{allowedTimestamp=(0000000, FlameSocketGraphDeployerFront@flamestream-benchmarks-worker-2)}
12:27:39.326 [worker-akka.actor.default-dispatcher-6] INFO  c.s.f.r.e.s.SocketFront  - FlameSocketGraphDeployerFront@flamestream-benchmarks-worker-2: connecting to flamestream-benchmarks-manager:4567
12:27:39.507 [worker-akka.actor.default-dispatcher-6] INFO  a.a.LocalActorRef akka://worker/user/watcher/processing-watcher/graph/graph/$a - Starting...
12:27:39.509 [worker-akka.actor.default-dispatcher-6] INFO  a.a.LocalActorRef akka://worker/user/watcher/processing-watcher/graph/graph/$b - Starting...
12:27:39.512 [worker-akka.actor.default-dispatcher-6] INFO  a.a.LocalActorRef akka://worker/user/watcher/processing-watcher/graph/graph/$c - Starting...
12:27:39.515 [worker-akka.actor.default-dispatcher-6] INFO  a.a.LocalActorRef akka://worker/user/watcher/processing-watcher/graph/graph/$d - Starting...
12:27:39.517 [worker-akka.actor.default-dispatcher-6] INFO  a.a.LocalActorRef akka://worker/user/watcher/processing-watcher/graph/graph/$e - Starting...
12:27:39.519 [worker-akka.actor.default-dispatcher-6] INFO  a.a.LocalActorRef akka://worker/user/watcher/processing-watcher/graph/graph/$f - Starting...
12:27:39.521 [worker-akka.actor.default-dispatcher-6] INFO  a.a.LocalActorRef akka://worker/user/watcher/processing-watcher/graph/graph/$g - Starting...
12:27:39.523 [worker-akka.actor.default-dispatcher-6] INFO  a.a.LocalActorRef akka://worker/user/watcher/processing-watcher/graph/graph/$h - Starting...
12:27:39.525 [worker-akka.actor.default-dispatcher-6] INFO  a.a.LocalActorRef akka://worker/user/watcher/processing-watcher/graph/graph/$i - Starting...
12:27:39.527 [worker-akka.actor.default-dispatcher-6] INFO  a.a.LocalActorRef akka://worker/user/watcher/processing-watcher/graph/graph/$j - Starting...
12:27:39.530 [worker-akka.actor.default-dispatcher-6] INFO  a.a.LocalActorRef akka://worker/user/watcher/processing-watcher/graph/graph/$k - Starting...
12:27:39.532 [worker-akka.actor.default-dispatcher-6] INFO  a.a.LocalActorRef akka://worker/user/watcher/processing-watcher/graph/graph/$l - Starting...
12:27:39.535 [worker-akka.actor.default-dispatcher-6] INFO  a.a.LocalActorRef akka://worker/user/watcher/processing-watcher/graph/graph/$m - Starting...
12:27:39.540 [worker-akka.actor.default-dispatcher-6] INFO  a.a.LocalActorRef akka://worker/user/watcher/processing-watcher/graph/graph/$n - Starting...
12:27:39.543 [worker-akka.actor.default-dispatcher-6] INFO  a.a.LocalActorRef akka://worker/user/watcher/processing-watcher/graph/graph/$o - Starting...
12:27:39.548 [worker-akka.actor.default-dispatcher-6] INFO  a.a.LocalActorRef akka://worker/user/watcher/processing-watcher/graph/graph/$p - Starting...
12:27:39.551 [worker-akka.actor.default-dispatcher-6] INFO  a.a.LocalActorRef akka://worker/user/watcher/processing-watcher/graph/graph/$q - Starting...
12:27:39.553 [worker-akka.actor.default-dispatcher-6] INFO  a.a.LocalActorRef akka://worker/user/watcher/processing-watcher/graph/graph/$r - Starting...
12:27:39.556 [worker-akka.actor.default-dispatcher-6] INFO  a.a.LocalActorRef akka://worker/user/watcher/processing-watcher/graph/graph/$s - Starting...
12:27:39.558 [worker-akka.actor.default-dispatcher-6] INFO  a.a.LocalActorRef akka://worker/user/watcher/processing-watcher/graph/graph/$t - Starting...
12:27:39.560 [worker-akka.actor.default-dispatcher-6] INFO  a.a.LocalActorRef akka://worker/user/watcher/processing-watcher/graph/graph/$u - Starting...
12:27:39.563 [worker-akka.actor.default-dispatcher-6] INFO  a.a.LocalActorRef akka://worker/user/watcher/processing-watcher/graph/graph/$v - Starting...
12:27:39.565 [worker-akka.actor.default-dispatcher-6] INFO  a.a.LocalActorRef akka://worker/user/watcher/processing-watcher/graph/graph/$w - Starting...
12:27:39.567 [worker-akka.actor.default-dispatcher-6] INFO  a.a.LocalActorRef akka://worker/user/watcher/processing-watcher/graph/graph/$x - Starting...
12:27:39.572 [worker-akka.actor.default-dispatcher-6] INFO  a.a.LocalActorRef akka://worker/user/watcher/processing-watcher/graph/graph/$y - Starting...
12:27:39.574 [worker-akka.actor.default-dispatcher-6] INFO  a.a.LocalActorRef akka://worker/user/watcher/processing-watcher/graph/graph/$z - Starting...
12:27:39.586 [worker-akka.actor.default-dispatcher-6] INFO  a.a.LocalActorRef akka://worker/user/watcher/processing-watcher/graph/graph/$A - Starting...
12:27:39.616 [worker-akka.actor.default-dispatcher-6] INFO  a.a.LocalActorRef akka://worker/user/watcher/processing-watcher/graph/graph/$B - Starting...
12:27:39.618 [worker-akka.actor.default-dispatcher-6] INFO  a.a.LocalActorRef akka://worker/user/watcher/processing-watcher/graph/graph/$C - Starting...
12:27:39.620 [worker-akka.actor.default-dispatcher-6] INFO  a.a.LocalActorRef akka://worker/user/watcher/processing-watcher/graph/graph/$D - Starting...
12:27:39.621 [worker-akka.actor.default-dispatcher-6] INFO  a.a.LocalActorRef akka://worker/user/watcher/processing-watcher/graph/graph/$E - Starting...
12:27:39.622 [worker-akka.actor.default-dispatcher-6] INFO  a.a.LocalActorRef akka://worker/user/watcher/processing-watcher/graph/graph/$F - Starting...
12:27:39.623 [worker-akka.actor.default-dispatcher-10] INFO  a.a.LocalActorRef akka://worker/user/watcher/processing-watcher/graph/graph/$A - Attached rear to graph (-9223372036854775808, min@min)
12:27:39.623 [worker-akka.actor.default-dispatcher-6] INFO  a.a.LocalActorRef akka://worker/user/watcher/processing-watcher/graph/graph/$H - Starting...
12:27:39.624 [worker-akka.actor.default-dispatcher-6] INFO  a.a.LocalActorRef akka://worker/user/watcher/processing-watcher/graph/graph/$G - Starting...
2019-10-10T12:27:52.079+0000: 30.699: [GC (Allocation Failure) 2019-10-10T12:27:52.079+0000: 30.699: [DefNew: 409600K->30550K(460800K), 0.0611048 secs] 435520K->56471K(1484800K), 0.0612106 secs] [Times: user=0.05 sys=0.00, real=0.06 secs] 
2019-10-10T12:27:59.506+0000: 38.126: [GC (Allocation Failure) 2019-10-10T12:27:59.506+0000: 38.126: [DefNew: 440150K->92K(460800K), 0.0309862 secs] 466071K->54087K(1484800K), 0.0310834 secs] [Times: user=0.01 sys=0.02, real=0.03 secs] 
2019-10-10T12:28:05.053+0000: 43.674: [GC (Allocation Failure) 2019-10-10T12:28:05.055+0000: 43.674: [DefNew: 409692K->65K(460800K), 0.0030921 secs] 463687K->54060K(1484800K), 0.0045496 secs] [Times: user=0.00 sys=0.00, real=0.00 secs] 
2019-10-10T12:28:09.959+0000: 48.579: [GC (Allocation Failure) 2019-10-10T12:28:09.959+0000: 48.579: [DefNew: 409665K->298K(460800K), 0.0034647 secs] 463660K->54293K(1484800K), 0.0035580 secs] [Times: user=0.01 sys=0.00, real=0.00 secs] 
2019-10-10T12:28:14.835+0000: 53.454: [GC (Allocation Failure) 2019-10-10T12:28:14.835+0000: 53.454: [DefNew: 409898K->126K(460800K), 0.0029918 secs] 463893K->54121K(1484800K), 0.0030815 secs] [Times: user=0.00 sys=0.00, real=0.00 secs] 
2019-10-10T12:28:19.487+0000: 58.107: [GC (Allocation Failure) 2019-10-10T12:28:19.487+0000: 58.107: [DefNew: 409726K->83K(460800K), 0.0028205 secs] 463721K->54078K(1484800K), 0.0029380 secs] [Times: user=0.00 sys=0.00, real=0.00 secs] 
2019-10-10T12:28:24.766+0000: 63.387: [GC (Allocation Failure) 2019-10-10T12:28:24.767+0000: 63.387: [DefNew: 409683K->479K(460800K), 0.0078602 secs] 463678K->54475K(1484800K), 0.0091554 secs] [Times: user=0.01 sys=0.00, real=0.01 secs] 
2019-10-10T12:28:32.372+0000: 70.992: [GC (Allocation Failure) 2019-10-10T12:28:32.372+0000: 70.992: [DefNew: 410079K->551K(460800K), 0.0043782 secs] 464075K->54547K(1484800K), 0.0044746 secs] [Times: user=0.00 sys=0.00, real=0.00 secs] 
2019-10-10T12:28:37.961+0000: 76.581: [GC (Allocation Failure) 2019-10-10T12:28:37.961+0000: 76.581: [DefNew: 410151K->463K(460800K), 0.0036165 secs] 464147K->54459K(1484800K), 0.0037175 secs] [Times: user=0.01 sys=0.00, real=0.00 secs] 
2019-10-10T12:28:43.634+0000: 82.254: [GC (Allocation Failure) 2019-10-10T12:28:43.634+0000: 82.254: [DefNew: 410063K->416K(460800K), 0.0036119 secs] 464059K->54411K(1484800K), 0.0037005 secs] [Times: user=0.00 sys=0.00, real=0.00 secs] 
2019-10-10T12:28:49.705+0000: 88.325: [GC (Allocation Failure) 2019-10-10T12:28:49.705+0000: 88.325: [DefNew: 410016K->427K(460800K), 0.0034386 secs] 464011K->54423K(1484800K), 0.0035299 secs] [Times: user=0.01 sys=0.00, real=0.01 secs] 
2019-10-10T12:28:55.314+0000: 93.933: [GC (Allocation Failure) 2019-10-10T12:28:55.314+0000: 93.933: [DefNew: 410027K->373K(460800K), 0.0036332 secs] 464023K->54368K(1484800K), 0.0037255 secs] [Times: user=0.00 sys=0.00, real=0.00 secs] 
2019-10-10T12:29:01.737+0000: 100.357: [GC (Allocation Failure) 2019-10-10T12:29:01.738+0000: 100.357: [DefNew: 409973K->319K(460800K), 0.0034411 secs] 463968K->54314K(1484800K), 0.0035459 secs] [Times: user=0.00 sys=0.00, real=0.01 secs] 
2019-10-10T12:29:07.336+0000: 105.956: [GC (Allocation Failure) 2019-10-10T12:29:07.336+0000: 105.956: [DefNew: 409919K->300K(460800K), 0.0033398 secs] 463914K->54295K(1484800K), 0.0034464 secs] [Times: user=0.00 sys=0.00, real=0.01 secs] 
2019-10-10T12:29:12.864+0000: 111.486: [GC (Allocation Failure) 2019-10-10T12:29:12.866+0000: 111.486: [DefNew: 409900K->380K(460800K), 0.0038323 secs] 463895K->54376K(1484800K), 0.0053547 secs] [Times: user=0.01 sys=0.00, real=0.01 secs] 
2019-10-10T12:29:18.289+0000: 116.911: [GC (Allocation Failure) 2019-10-10T12:29:18.291+0000: 116.911: [DefNew: 409980K->386K(460800K), 0.0036047 secs] 463976K->54381K(1484800K), 0.0053323 secs] [Times: user=0.00 sys=0.00, real=0.00 secs] 
2019-10-10T12:29:23.826+0000: 122.451: [GC (Allocation Failure) 2019-10-10T12:29:23.832+0000: 122.451: [DefNew: 409986K->375K(460800K), 0.0040341 secs] 463981K->54382K(1484800K), 0.0096468 secs] [Times: user=0.00 sys=0.00, real=0.01 secs] 
2019-10-10T12:29:30.473+0000: 129.093: [GC (Allocation Failure) 2019-10-10T12:29:30.473+0000: 129.093: [DefNew: 409975K->511K(460800K), 0.0038232 secs] 463982K->54526K(1484800K), 0.0039078 secs] [Times: user=0.00 sys=0.00, real=0.00 secs] 
2019-10-10T12:29:36.493+0000: 135.113: [GC (Allocation Failure) 2019-10-10T12:29:36.493+0000: 135.113: [DefNew: 410111K->506K(460800K), 0.0036041 secs] 464126K->54523K(1484800K), 0.0037058 secs] [Times: user=0.01 sys=0.00, real=0.00 secs] 
2019-10-10T12:29:41.754+0000: 140.375: [GC (Allocation Failure) 2019-10-10T12:29:41.755+0000: 140.375: [DefNew: 410106K->516K(460800K), 0.0041208 secs] 464123K->54544K(1484800K), 0.0056429 secs] [Times: user=0.01 sys=0.00, real=0.01 secs] 
2019-10-10T12:29:47.085+0000: 145.706: [GC (Allocation Failure) 2019-10-10T12:29:47.086+0000: 145.706: [DefNew: 410116K->433K(460800K), 0.0036215 secs] 464144K->54461K(1484800K), 0.0049478 secs] [Times: user=0.00 sys=0.00, real=0.01 secs] 
2019-10-10T12:29:52.861+0000: 151.481: [GC (Allocation Failure) 2019-10-10T12:29:52.861+0000: 151.481: [DefNew: 410033K->342K(460800K), 0.0034715 secs] 464061K->54454K(1484800K), 0.0035784 secs] [Times: user=0.01 sys=0.00, real=0.00 secs] 
2019-10-10T12:29:58.296+0000: 156.915: [GC (Allocation Failure) 2019-10-10T12:29:58.296+0000: 156.916: [DefNew: 409942K->267K(460800K), 0.0031404 secs] 464054K->54459K(1484800K), 0.0032419 secs] [Times: user=0.00 sys=0.00, real=0.01 secs] 
2019-10-10T12:30:03.882+0000: 162.502: [GC (Allocation Failure) 2019-10-10T12:30:03.882+0000: 162.502: [DefNew: 409867K->275K(460800K), 0.0028377 secs] 464059K->54467K(1484800K), 0.0029473 secs] [Times: user=0.01 sys=0.00, real=0.00 secs] 
2019-10-10T12:30:09.373+0000: 167.993: [GC (Allocation Failure) 2019-10-10T12:30:09.373+0000: 167.993: [DefNew: 409875K->254K(460800K), 0.0029255 secs] 464067K->54452K(1484800K), 0.0030117 secs] [Times: user=0.00 sys=0.00, real=0.00 secs] 
2019-10-10T12:30:14.765+0000: 173.387: [GC (Allocation Failure) 2019-10-10T12:30:14.767+0000: 173.387: [DefNew: 409854K->261K(460800K), 0.0031082 secs] 464052K->54460K(1484800K), 0.0046800 secs] [Times: user=0.01 sys=0.01, real=0.01 secs] 
2019-10-10T12:30:20.351+0000: 178.971: [GC (Allocation Failure) 2019-10-10T12:30:20.351+0000: 178.971: [DefNew: 409861K->280K(460800K), 0.0034344 secs] 464060K->54479K(1484800K), 0.0035217 secs] [Times: user=0.00 sys=0.00, real=0.00 secs] 
2019-10-10T12:30:25.974+0000: 184.595: [GC (Allocation Failure) 2019-10-10T12:30:25.975+0000: 184.595: [DefNew: 409880K->305K(460800K), 0.0032641 secs] 464079K->54505K(1484800K), 0.0048322 secs] [Times: user=0.00 sys=0.00, real=0.00 secs] 
2019-10-10T12:30:31.447+0000: 190.067: [GC (Allocation Failure) 2019-10-10T12:30:31.447+0000: 190.067: [DefNew: 409905K->394K(460800K), 0.0031419 secs] 464105K->54594K(1484800K), 0.0032373 secs] [Times: user=0.00 sys=0.00, real=0.00 secs] 
2019-10-10T12:30:36.772+0000: 195.394: [GC (Allocation Failure) 2019-10-10T12:30:36.774+0000: 195.394: [DefNew: 409994K->304K(460800K), 0.0031151 secs] 464194K->54505K(1484800K), 0.0047690 secs] [Times: user=0.00 sys=0.00, real=0.00 secs] 
2019-10-10T12:30:42.320+0000: 200.939: [GC (Allocation Failure) 2019-10-10T12:30:42.320+0000: 200.939: [DefNew: 409904K->559K(460800K), 0.0076372 secs] 464105K->54858K(1484800K), 0.0077383 secs] [Times: user=0.01 sys=0.00, real=0.01 secs] 
2019-10-10T12:30:47.817+0000: 206.438: [GC (Allocation Failure) 2019-10-10T12:30:47.818+0000: 206.438: [DefNew: 410159K->304K(460800K), 0.0037458 secs] 464458K->54604K(1484800K), 0.0052763 secs] [Times: user=0.01 sys=0.00, real=0.01 secs] 
2019-10-10T12:30:53.193+0000: 211.815: [GC (Allocation Failure) 2019-10-10T12:30:53.195+0000: 211.815: [DefNew: 409904K->131K(460800K), 0.0030197 secs] 464204K->54500K(1484800K), 0.0047868 secs] [Times: user=0.00 sys=0.00, real=0.00 secs] 
2019-10-10T12:30:58.701+0000: 217.322: [GC (Allocation Failure) 2019-10-10T12:30:58.702+0000: 217.322: [DefNew: 409731K->131K(460800K), 0.0031443 secs] 464100K->54503K(1484800K), 0.0047338 secs] [Times: user=0.00 sys=0.00, real=0.00 secs] 
2019-10-10T12:31:03.990+0000: 222.611: [GC (Allocation Failure) 2019-10-10T12:31:03.992+0000: 222.612: [DefNew: 409731K->129K(460800K), 0.0030407 secs] 464103K->54501K(1484800K), 0.0046190 secs] [Times: user=0.00 sys=0.00, real=0.00 secs] 
2019-10-10T12:31:09.767+0000: 228.386: [GC (Allocation Failure) 2019-10-10T12:31:09.767+0000: 228.386: [DefNew: 409729K->280K(460800K), 0.0034357 secs] 464101K->54652K(1484800K), 0.0035296 secs] [Times: user=0.00 sys=0.00, real=0.01 secs] 
2019-10-10T12:31:15.468+0000: 234.088: [GC (Allocation Failure) 2019-10-10T12:31:15.468+0000: 234.088: [DefNew: 409880K->161K(460800K), 0.0028683 secs] 464252K->54533K(1484800K), 0.0029580 secs] [Times: user=0.00 sys=0.00, real=0.00 secs] 
2019-10-10T12:31:21.127+0000: 239.748: [GC (Allocation Failure) 2019-10-10T12:31:21.129+0000: 239.748: [DefNew: 409761K->305K(460800K), 0.0034156 secs] 464133K->54676K(1484800K), 0.0054079 secs] [Times: user=0.01 sys=0.00, real=0.00 secs] 
2019-10-10T12:31:26.499+0000: 245.119: [GC (Allocation Failure) 2019-10-10T12:31:26.500+0000: 245.119: [DefNew: 409905K->196K(460800K), 0.0029547 secs] 464276K->54568K(1484800K), 0.0030488 secs] [Times: user=0.00 sys=0.00, real=0.00 secs] 
2019-10-10T12:31:31.827+0000: 250.448: [GC (Allocation Failure) 2019-10-10T12:31:31.828+0000: 250.448: [DefNew: 409796K->289K(460800K), 0.0033004 secs] 464168K->54662K(1484800K), 0.0048775 secs] [Times: user=0.00 sys=0.00, real=0.01 secs] 
2019-10-10T12:31:37.063+0000: 255.685: [GC (Allocation Failure) 2019-10-10T12:31:37.065+0000: 255.685: [DefNew: 409889K->335K(460800K), 0.0034944 secs] 464262K->54707K(1484800K), 0.0055072 secs] [Times: user=0.00 sys=0.00, real=0.01 secs] 
2019-10-10T12:31:42.765+0000: 261.385: [GC (Allocation Failure) 2019-10-10T12:31:42.765+0000: 261.385: [DefNew: 409935K->274K(460800K), 0.0031041 secs] 464307K->54646K(1484800K), 0.0031835 secs] [Times: user=0.00 sys=0.00, real=0.01 secs] 
2019-10-10T12:31:48.088+0000: 266.709: [GC (Allocation Failure) 2019-10-10T12:31:48.089+0000: 266.709: [DefNew: 409874K->201K(460800K), 0.0032594 secs] 464246K->54592K(1484800K), 0.0050416 secs] [Times: user=0.00 sys=0.00, real=0.00 secs] 
2019-10-10T12:31:53.747+0000: 272.367: [GC (Allocation Failure) 2019-10-10T12:31:53.747+0000: 272.367: [DefNew: 409801K->157K(460800K), 0.0027602 secs] 464192K->54566K(1484800K), 0.0028459 secs] [Times: user=0.00 sys=0.00, real=0.00 secs] 
2019-10-10T12:31:59.011+0000: 277.632: [GC (Allocation Failure) 2019-10-10T12:31:59.013+0000: 277.633: [DefNew: 409757K->160K(460800K), 0.0030404 secs] 464166K->54569K(1484800K), 0.0044311 secs] [Times: user=0.01 sys=0.00, real=0.00 secs] 
2019-10-10T12:32:04.347+0000: 282.966: [GC (Allocation Failure) 2019-10-10T12:32:04.347+0000: 282.966: [DefNew: 409760K->251K(460800K), 0.0030796 secs] 464169K->54668K(1484800K), 0.0031727 secs] [Times: user=0.01 sys=0.00, real=0.01 secs] 
2019-10-10T12:32:09.650+0000: 288.271: [GC (Allocation Failure) 2019-10-10T12:32:09.651+0000: 288.271: [DefNew: 409851K->249K(460800K), 0.0031684 secs] 464268K->54666K(1484800K), 0.0045978 secs] [Times: user=0.01 sys=0.00, real=0.00 secs] 
2019-10-10T12:32:14.877+0000: 293.498: [GC (Allocation Failure) 2019-10-10T12:32:14.879+0000: 293.498: [DefNew: 409849K->150K(460800K), 0.0030075 secs] 464266K->54568K(1484800K), 0.0045346 secs] [Times: user=0.00 sys=0.00, real=0.01 secs] 
2019-10-10T12:32:20.821+0000: 299.441: [GC (Allocation Failure) 2019-10-10T12:32:20.821+0000: 299.441: [DefNew: 409750K->148K(460800K), 0.0026880 secs] 464168K->54566K(1484800K), 0.0027937 secs] [Times: user=0.00 sys=0.00, real=0.00 secs] 
2019-10-10T12:32:26.436+0000: 305.056: [GC (Allocation Failure) 2019-10-10T12:32:26.436+0000: 305.056: [DefNew: 409748K->247K(460800K), 0.0031675 secs] 464166K->54665K(1484800K), 0.0032551 secs] [Times: user=0.00 sys=0.00, real=0.01 secs] 
2019-10-10T12:32:31.742+0000: 310.363: [GC (Allocation Failure) 2019-10-10T12:32:31.744+0000: 310.363: [DefNew: 409847K->180K(460800K), 0.0030507 secs] 464265K->54598K(1484800K), 0.0043526 secs] [Times: user=0.01 sys=0.00, real=0.00 secs] 
2019-10-10T12:32:37.057+0000: 315.678: [GC (Allocation Failure) 2019-10-10T12:32:37.059+0000: 315.678: [DefNew: 409780K->174K(460800K), 0.0030350 secs] 464198K->54592K(1484800K), 0.0044456 secs] [Times: user=0.00 sys=0.00, real=0.01 secs] 
2019-10-10T12:32:42.397+0000: 321.016: [GC (Allocation Failure) 2019-10-10T12:32:42.397+0000: 321.017: [DefNew: 409774K->333K(460800K), 0.0032561 secs] 464192K->54751K(1484800K), 0.0033566 secs] [Times: user=0.00 sys=0.00, real=0.01 secs] 
2019-10-10T12:32:47.710+0000: 326.331: [GC (Allocation Failure) 2019-10-10T12:32:47.711+0000: 326.331: [DefNew: 409933K->391K(460800K), 0.0039941 secs] 464351K->54857K(1484800K), 0.0055981 secs] [Times: user=0.00 sys=0.00, real=0.00 secs] 
2019-10-10T12:32:53.001+0000: 331.622: [GC (Allocation Failure) 2019-10-10T12:32:53.002+0000: 331.622: [DefNew: 409991K->145K(460800K), 0.0034935 secs] 464457K->54631K(1484800K), 0.0050283 secs] [Times: user=0.00 sys=0.00, real=0.00 secs] 
2019-10-10T12:32:58.636+0000: 337.256: [GC (Allocation Failure) 2019-10-10T12:32:58.637+0000: 337.256: [DefNew: 409745K->105K(460800K), 0.0027965 secs] 464231K->54590K(1484800K), 0.0028854 secs] [Times: user=0.01 sys=0.00, real=0.01 secs] 
2019-10-10T12:33:04.235+0000: 342.857: [GC (Allocation Failure) 2019-10-10T12:33:04.237+0000: 342.857: [DefNew: 409705K->134K(460800K), 0.0031038 secs] 464190K->54619K(1484800K), 0.0053582 secs] [Times: user=0.01 sys=0.00, real=0.01 secs] 
2019-10-10T12:33:09.538+0000: 348.160: [GC (Allocation Failure) 2019-10-10T12:33:09.541+0000: 348.160: [DefNew: 409734K->149K(460800K), 0.0031744 secs] 464219K->54635K(1484800K), 0.0054007 secs] [Times: user=0.01 sys=0.00, real=0.01 secs] 
2019-10-10T12:33:15.009+0000: 353.628: [GC (Allocation Failure) 2019-10-10T12:33:15.009+0000: 353.628: [DefNew: 409749K->118K(460800K), 0.0028019 secs] 464235K->54604K(1484800K), 0.0028899 secs] [Times: user=0.01 sys=0.00, real=0.00 secs] 
2019-10-10T12:33:20.314+0000: 358.933: [GC (Allocation Failure) 2019-10-10T12:33:20.314+0000: 358.933: [DefNew: 409718K->109K(460800K), 0.0031111 secs] 464204K->54596K(1484800K), 0.0032022 secs] [Times: user=0.00 sys=0.00, real=0.00 secs] 
2019-10-10T12:33:26.047+0000: 364.668: [GC (Allocation Failure) 2019-10-10T12:33:26.048+0000: 364.668: [DefNew: 409709K->113K(460800K), 0.0030466 secs] 464196K->54599K(1484800K), 0.0043973 secs] [Times: user=0.01 sys=0.00, real=0.01 secs] 
2019-10-10T12:33:31.618+0000: 370.238: [GC (Allocation Failure) 2019-10-10T12:33:31.618+0000: 370.238: [DefNew: 409713K->114K(460800K), 0.0028214 secs] 464199K->54600K(1484800K), 0.0029367 secs] [Times: user=0.01 sys=0.00, real=0.01 secs] 
2019-10-10T12:33:36.965+0000: 375.586: [GC (Allocation Failure) 2019-10-10T12:33:36.966+0000: 375.586: [DefNew: 409714K->135K(460800K), 0.0029327 secs] 464200K->54622K(1484800K), 0.0043190 secs] [Times: user=0.00 sys=0.00, real=0.01 secs] 
2019-10-10T12:33:42.270+0000: 380.890: [GC (Allocation Failure) 2019-10-10T12:33:42.270+0000: 380.890: [DefNew: 409735K->201K(460800K), 0.0029990 secs] 464222K->54688K(1484800K), 0.0030840 secs] [Times: user=0.00 sys=0.00, real=0.00 secs] 
2019-10-10T12:33:47.653+0000: 386.273: [GC (Allocation Failure) 2019-10-10T12:33:47.654+0000: 386.273: [DefNew: 409801K->213K(460800K), 0.0029991 secs] 464288K->54714K(1484800K), 0.0030903 secs] [Times: user=0.01 sys=0.00, real=0.00 secs] 
2019-10-10T12:33:52.970+0000: 391.591: [GC (Allocation Failure) 2019-10-10T12:33:52.971+0000: 391.591: [DefNew: 409813K->117K(460800K), 0.0028905 secs] 464314K->54626K(1484800K), 0.0043539 secs] [Times: user=0.00 sys=0.00, real=0.00 secs] 
2019-10-10T12:33:58.418+0000: 397.037: [GC (Allocation Failure) 2019-10-10T12:33:58.418+0000: 397.038: [DefNew: 409717K->252K(460800K), 0.0032751 secs] 464226K->54761K(1484800K), 0.0033746 secs] [Times: user=0.01 sys=0.00, real=0.01 secs] 
2019-10-10T12:34:03.758+0000: 402.379: [GC (Allocation Failure) 2019-10-10T12:34:03.759+0000: 402.379: [DefNew: 409852K->123K(460800K), 0.0030352 secs] 464361K->54632K(1484800K), 0.0045488 secs] [Times: user=0.01 sys=0.00, real=0.01 secs] 
2019-10-10T12:34:09.123+0000: 407.744: [GC (Allocation Failure) 2019-10-10T12:34:09.125+0000: 407.744: [DefNew: 409723K->245K(460800K), 0.0034523 secs] 464232K->54754K(1484800K), 0.0051351 secs] [Times: user=0.00 sys=0.00, real=0.01 secs] 
2019-10-10T12:34:14.325+0000: 412.945: [GC (Allocation Failure) 2019-10-10T12:34:14.325+0000: 412.945: [DefNew: 409845K->127K(460800K), 0.0028165 secs] 464354K->54636K(1484800K), 0.0029028 secs] [Times: user=0.00 sys=0.00, real=0.01 secs] 
2019-10-10T12:34:19.670+0000: 418.291: [GC (Allocation Failure) 2019-10-10T12:34:19.671+0000: 418.291: [DefNew: 409727K->199K(460800K), 0.0030513 secs] 464236K->54708K(1484800K), 0.0045019 secs] [Times: user=0.00 sys=0.00, real=0.00 secs] 
2019-10-10T12:34:24.786+0000: 423.407: [GC (Allocation Failure) 2019-10-10T12:34:24.788+0000: 423.407: [DefNew: 409799K->160K(460800K), 0.0032556 secs] 464308K->54669K(1484800K), 0.0046392 secs] [Times: user=0.01 sys=0.00, real=0.01 secs] 
2019-10-10T12:34:30.271+0000: 428.892: [GC (Allocation Failure) 2019-10-10T12:34:30.273+0000: 428.892: [DefNew: 409760K->97K(460800K), 0.0031744 secs] 464269K->54606K(1484800K), 0.0047506 secs] [Times: user=0.00 sys=0.00, real=0.00 secs] 
2019-10-10T12:34:35.878+0000: 434.500: [GC (Allocation Failure) 2019-10-10T12:34:35.880+0000: 434.500: [DefNew: 409697K->167K(460800K), 0.0030621 secs] 464206K->54676K(1484800K), 0.0045292 secs] [Times: user=0.01 sys=0.00, real=0.01 secs] 
2019-10-10T12:34:41.502+0000: 440.121: [GC (Allocation Failure) 2019-10-10T12:34:41.502+0000: 440.121: [DefNew: 409767K->97K(460800K), 0.0031822 secs] 464276K->54606K(1484800K), 0.0032767 secs] [Times: user=0.00 sys=0.00, real=0.00 secs] 
2019-10-10T12:34:46.699+0000: 445.319: [GC (Allocation Failure) 2019-10-10T12:34:46.699+0000: 445.319: [DefNew: 409697K->91K(460800K), 0.0025728 secs] 464206K->54610K(1484800K), 0.0026527 secs] [Times: user=0.01 sys=0.00, real=0.00 secs] 
2019-10-10T12:34:52.114+0000: 450.736: [GC (Allocation Failure) 2019-10-10T12:34:52.116+0000: 450.736: [DefNew: 409691K->242K(460800K), 0.0034893 secs] 464210K->54761K(1484800K), 0.0055041 secs] [Times: user=0.00 sys=0.00, real=0.01 secs] 
2019-10-10T12:34:57.438+0000: 456.058: [GC (Allocation Failure) 2019-10-10T12:34:57.438+0000: 456.058: [DefNew: 409842K->91K(460800K), 0.0027434 secs] 464361K->54610K(1484800K), 0.0028409 secs] [Times: user=0.00 sys=0.00, real=0.01 secs] 
2019-10-10T12:35:02.734+0000: 461.353: [GC (Allocation Failure) 2019-10-10T12:35:02.734+0000: 461.353: [DefNew: 409691K->201K(460800K), 0.0030202 secs] 464210K->54720K(1484800K), 0.0031092 secs] [Times: user=0.00 sys=0.00, real=0.00 secs] 
12:35:05.337 [worker-akka.actor.default-dispatcher-10] INFO  a.r.a.Association(akka://worker) akka.remote.artery.Association(akka://worker) - Stopping idle outbound stream [2] to [akka://worker@flamestream-benchmarks-worker-0:5412]
2019-10-10T12:35:08.994+0000: 467.614: [GC (Allocation Failure) 2019-10-10T12:35:08.994+0000: 467.614: [DefNew: 409801K->208K(460800K), 0.0033003 secs] 464320K->54728K(1484800K), 0.0033929 secs] [Times: user=0.00 sys=0.00, real=0.00 secs] 
2019-10-10T12:35:14.531+0000: 473.151: [GC (Allocation Failure) 2019-10-10T12:35:14.531+0000: 473.151: [DefNew: 409808K->146K(460800K), 0.0029509 secs] 464328K->54666K(1484800K), 0.0030433 secs] [Times: user=0.01 sys=0.00, real=0.00 secs] 
2019-10-10T12:35:19.847+0000: 478.468: [GC (Allocation Failure) 2019-10-10T12:35:19.848+0000: 478.468: [DefNew: 409746K->146K(460800K), 0.0031623 secs] 464266K->54666K(1484800K), 0.0045338 secs] [Times: user=0.01 sys=0.00, real=0.00 secs] 
2019-10-10T12:35:25.365+0000: 483.986: [GC (Allocation Failure) 2019-10-10T12:35:25.367+0000: 483.986: [DefNew: 409746K->150K(460800K), 0.0031434 secs] 464266K->54670K(1484800K), 0.0046253 secs] [Times: user=0.00 sys=0.00, real=0.01 secs] 
2019-10-10T12:35:30.816+0000: 489.437: [GC (Allocation Failure) 2019-10-10T12:35:30.818+0000: 489.438: [DefNew: 409750K->152K(460800K), 0.0032965 secs] 464270K->54671K(1484800K), 0.0046737 secs] [Times: user=0.00 sys=0.00, real=0.01 secs] 
2019-10-10T12:35:36.109+0000: 494.731: [GC (Allocation Failure) 2019-10-10T12:35:36.111+0000: 494.731: [DefNew: 409752K->225K(460800K), 0.0031610 secs] 464271K->54745K(1484800K), 0.0050114 secs] [Times: user=0.01 sys=0.00, real=0.00 secs] 
2019-10-10T12:35:41.374+0000: 499.994: [GC (Allocation Failure) 2019-10-10T12:35:41.374+0000: 499.994: [DefNew: 409825K->345K(460800K), 0.0035892 secs] 464345K->54865K(1484800K), 0.0036801 secs] [Times: user=0.00 sys=0.00, real=0.00 secs] 
2019-10-10T12:35:46.801+0000: 505.422: [GC (Allocation Failure) 2019-10-10T12:35:46.803+0000: 505.422: [DefNew: 409945K->148K(460800K), 0.0033053 secs] 464465K->54671K(1484800K), 0.0046103 secs] [Times: user=0.00 sys=0.00, real=0.00 secs] 
2019-10-10T12:35:52.465+0000: 511.085: [GC (Allocation Failure) 2019-10-10T12:35:52.465+0000: 511.085: [DefNew: 409748K->365K(460800K), 0.0035802 secs] 464271K->54890K(1484800K), 0.0036628 secs] [Times: user=0.01 sys=0.00, real=0.01 secs] 
2019-10-10T12:35:58.005+0000: 516.626: [GC (Allocation Failure) 2019-10-10T12:35:58.006+0000: 516.626: [DefNew: 409965K->151K(460800K), 0.0031685 secs] 464490K->54676K(1484800K), 0.0047616 secs] [Times: user=0.01 sys=0.00, real=0.01 secs] 
2019-10-10T12:36:03.423+0000: 522.043: [GC (Allocation Failure) 2019-10-10T12:36:03.424+0000: 522.043: [DefNew: 409751K->145K(460800K), 0.0029279 secs] 464276K->54672K(1484800K), 0.0030276 secs] [Times: user=0.00 sys=0.00, real=0.00 secs] 
2019-10-10T12:36:08.766+0000: 527.387: [GC (Allocation Failure) 2019-10-10T12:36:08.768+0000: 527.387: [DefNew: 409745K->176K(460800K), 0.0029460 secs] 464272K->54703K(1484800K), 0.0044099 secs] [Times: user=0.00 sys=0.00, real=0.01 secs] 
2019-10-10T12:36:14.034+0000: 532.655: [GC (Allocation Failure) 2019-10-10T12:36:14.035+0000: 532.655: [DefNew: 409776K->245K(460800K), 0.0041850 secs] 464303K->54772K(1484800K), 0.0058159 secs] [Times: user=0.00 sys=0.00, real=0.01 secs] 
2019-10-10T12:36:19.292+0000: 537.911: [GC (Allocation Failure) 2019-10-10T12:36:19.292+0000: 537.911: [DefNew: 409845K->147K(460800K), 0.0029200 secs] 464372K->54674K(1484800K), 0.0029936 secs] [Times: user=0.01 sys=0.00, real=0.00 secs] 
2019-10-10T12:36:24.574+0000: 543.195: [GC (Allocation Failure) 2019-10-10T12:36:24.576+0000: 543.195: [DefNew: 409747K->155K(460800K), 0.0033187 secs] 464274K->54682K(1484800K), 0.0049656 secs] [Times: user=0.01 sys=0.00, real=0.01 secs] 
2019-10-10T12:36:30.036+0000: 548.657: [GC (Allocation Failure) 2019-10-10T12:36:30.037+0000: 548.657: [DefNew: 409755K->100K(460800K), 0.0035005 secs] 464282K->54684K(1484800K), 0.0050708 secs] [Times: user=0.00 sys=0.01, real=0.01 secs] 
2019-10-10T12:36:35.564+0000: 554.184: [GC (Allocation Failure) 2019-10-10T12:36:35.564+0000: 554.184: [DefNew: 409700K->216K(460800K), 0.0030943 secs] 464284K->54800K(1484800K), 0.0031847 secs] [Times: user=0.01 sys=0.00, real=0.01 secs] 
2019-10-10T12:36:40.874+0000: 559.495: [GC (Allocation Failure) 2019-10-10T12:36:40.875+0000: 559.495: [DefNew: 409816K->308K(460800K), 0.0034098 secs] 464400K->54892K(1484800K), 0.0047709 secs] [Times: user=0.00 sys=0.00, real=0.00 secs] 
2019-10-10T12:36:46.256+0000: 564.877: [GC (Allocation Failure) 2019-10-10T12:36:46.257+0000: 564.877: [DefNew: 409908K->94K(460800K), 0.0030125 secs] 464492K->54683K(1484800K), 0.0045057 secs] [Times: user=0.01 sys=0.00, real=0.01 secs] 
2019-10-10T12:36:51.642+0000: 570.262: [GC (Allocation Failure) 2019-10-10T12:36:51.642+0000: 570.262: [DefNew: 409694K->91K(460800K), 0.0026926 secs] 464283K->54681K(1484800K), 0.0027752 secs] [Times: user=0.00 sys=0.00, real=0.00 secs] 
2019-10-10T12:36:57.046+0000: 575.667: [GC (Allocation Failure) 2019-10-10T12:36:57.047+0000: 575.667: [DefNew: 409691K->261K(460800K), 0.0032317 secs] 464281K->54852K(1484800K), 0.0050277 secs] [Times: user=0.00 sys=0.00, real=0.01 secs] 
2019-10-10T12:37:02.266+0000: 580.886: [GC (Allocation Failure) 2019-10-10T12:37:02.266+0000: 580.886: [DefNew: 409861K->233K(460800K), 0.0031181 secs] 464452K->54824K(1484800K), 0.0032222 secs] [Times: user=0.00 sys=0.00, real=0.01 secs] 
2019-10-10T12:37:07.435+0000: 586.056: [GC (Allocation Failure) 2019-10-10T12:37:07.437+0000: 586.056: [DefNew: 409833K->109K(460800K), 0.0030696 secs] 464424K->54700K(1484800K), 0.0046133 secs] [Times: user=0.00 sys=0.00, real=0.01 secs] 
2019-10-10T12:37:12.598+0000: 591.219: [GC (Allocation Failure) 2019-10-10T12:37:12.599+0000: 591.219: [DefNew: 409709K->220K(460800K), 0.0030927 secs] 464300K->54810K(1484800K), 0.0045319 secs] [Times: user=0.00 sys=0.00, real=0.01 secs] 
2019-10-10T12:37:17.792+0000: 596.414: [GC (Allocation Failure) 2019-10-10T12:37:17.794+0000: 596.414: [DefNew: 409820K->90K(460800K), 0.0033622 secs] 464410K->54681K(1484800K), 0.0054049 secs] [Times: user=0.00 sys=0.00, real=0.00 secs] 
2019-10-10T12:37:23.068+0000: 601.689: [GC (Allocation Failure) 2019-10-10T12:37:23.069+0000: 601.689: [DefNew: 409690K->108K(460800K), 0.0029587 secs] 464281K->54699K(1484800K), 0.0046132 secs] [Times: user=0.00 sys=0.00, real=0.00 secs] 
2019-10-10T12:37:28.735+0000: 607.355: [GC (Allocation Failure) 2019-10-10T12:37:28.735+0000: 607.355: [DefNew: 409708K->102K(460800K), 0.0027718 secs] 464299K->54692K(1484800K), 0.0028673 secs] [Times: user=0.01 sys=0.00, real=0.00 secs] 
2019-10-10T12:37:33.980+0000: 612.601: [GC (Allocation Failure) 2019-10-10T12:37:33.981+0000: 612.601: [DefNew: 409702K->107K(460800K), 0.0027976 secs] 464292K->54697K(1484800K), 0.0042559 secs] [Times: user=0.00 sys=0.00, real=0.00 secs] 
2019-10-10T12:37:39.349+0000: 617.969: [GC (Allocation Failure) 2019-10-10T12:37:39.349+0000: 617.969: [DefNew: 409707K->107K(460800K), 0.0029594 secs] 464297K->54697K(1484800K), 0.0030616 secs] [Times: user=0.01 sys=0.00, real=0.00 secs] 
2019-10-10T12:37:44.666+0000: 623.287: [GC (Allocation Failure) 2019-10-10T12:37:44.667+0000: 623.287: [DefNew: 409707K->99K(460800K), 0.0029374 secs] 464297K->54694K(1484800K), 0.0044296 secs] [Times: user=0.00 sys=0.00, real=0.01 secs] 
2019-10-10T12:37:50.109+0000: 628.730: [GC (Allocation Failure) 2019-10-10T12:37:50.111+0000: 628.730: [DefNew: 409699K->157K(460800K), 0.0029117 secs] 464294K->54752K(1484800K), 0.0043039 secs] [Times: user=0.01 sys=0.00, real=0.00 secs] 
2019-10-10T12:37:55.429+0000: 634.048: [GC (Allocation Failure) 2019-10-10T12:37:55.429+0000: 634.048: [DefNew: 409757K->151K(460800K), 0.0029570 secs] 464352K->54747K(1484800K), 0.0030439 secs] [Times: user=0.00 sys=0.00, real=0.00 secs] 
2019-10-10T12:38:00.801+0000: 639.423: [GC (Allocation Failure) 2019-10-10T12:38:00.803+0000: 639.423: [DefNew: 409751K->99K(460800K), 0.0030222 secs] 464347K->54695K(1484800K), 0.0048715 secs] [Times: user=0.00 sys=0.00, real=0.00 secs] 
2019-10-10T12:38:05.969+0000: 644.590: [GC (Allocation Failure) 2019-10-10T12:38:05.970+0000: 644.590: [DefNew: 409699K->181K(460800K), 0.0031818 secs] 464295K->54776K(1484800K), 0.0046468 secs] [Times: user=0.00 sys=0.00, real=0.00 secs] 
2019-10-10T12:38:11.230+0000: 649.851: [GC (Allocation Failure) 2019-10-10T12:38:11.231+0000: 649.851: [DefNew: 409781K->106K(460800K), 0.0031144 secs] 464376K->54702K(1484800K), 0.0045921 secs] [Times: user=0.00 sys=0.01, real=0.00 secs] 
2019-10-10T12:38:16.526+0000: 655.148: [GC (Allocation Failure) 2019-10-10T12:38:16.528+0000: 655.148: [DefNew: 409706K->193K(460800K), 0.0033284 secs] 464302K->54788K(1484800K), 0.0048874 secs] [Times: user=0.00 sys=0.00, real=0.01 secs] 
2019-10-10T12:38:21.779+0000: 660.399: [GC (Allocation Failure) 2019-10-10T12:38:21.779+0000: 660.399: [DefNew: 409793K->98K(460800K), 0.0025520 secs] 464388K->54694K(1484800K), 0.0026354 secs] [Times: user=0.00 sys=0.00, real=0.00 secs] 
2019-10-10T12:38:27.311+0000: 665.931: [GC (Allocation Failure) 2019-10-10T12:38:27.311+0000: 665.931: [DefNew: 409698K->109K(460800K), 0.0031736 secs] 464294K->54704K(1484800K), 0.0032875 secs] [Times: user=0.00 sys=0.00, real=0.00 secs] 
2019-10-10T12:38:32.756+0000: 671.377: [GC (Allocation Failure) 2019-10-10T12:38:32.757+0000: 671.377: [DefNew: 409709K->143K(460800K), 0.0034751 secs] 464304K->54739K(1484800K), 0.0054848 secs] [Times: user=0.00 sys=0.00, real=0.01 secs] 
2019-10-10T12:38:38.137+0000: 676.758: [GC (Allocation Failure) 2019-10-10T12:38:38.138+0000: 676.758: [DefNew: 409743K->381K(460800K), 0.0038109 secs] 464339K->54976K(1484800K), 0.0051361 secs] [Times: user=0.00 sys=0.00, real=0.01 secs] 
2019-10-10T12:38:43.353+0000: 681.973: [GC (Allocation Failure) 2019-10-10T12:38:43.353+0000: 681.973: [DefNew: 409981K->146K(460800K), 0.0028978 secs] 464576K->54742K(1484800K), 0.0029867 secs] [Times: user=0.00 sys=0.00, real=0.00 secs] 
2019-10-10T12:38:48.687+0000: 687.308: [GC (Allocation Failure) 2019-10-10T12:38:48.689+0000: 687.309: [DefNew: 409746K->93K(460800K), 0.0030072 secs] 464342K->54705K(1484800K), 0.0043211 secs] [Times: user=0.00 sys=0.00, real=0.00 secs] 
2019-10-10T12:38:54.167+0000: 692.787: [GC (Allocation Failure) 2019-10-10T12:38:54.167+0000: 692.787: [DefNew: 409693K->262K(460800K), 0.0033226 secs] 464305K->54874K(1484800K), 0.0034332 secs] [Times: user=0.01 sys=0.00, real=0.00 secs] 
2019-10-10T12:38:59.473+0000: 698.095: [GC (Allocation Failure) 2019-10-10T12:38:59.475+0000: 698.095: [DefNew: 409862K->98K(460800K), 0.0030231 secs] 464474K->54710K(1484800K), 0.0047720 secs] [Times: user=0.00 sys=0.00, real=0.00 secs] 
2019-10-10T12:39:04.844+0000: 703.465: [GC (Allocation Failure) 2019-10-10T12:39:04.845+0000: 703.465: [DefNew: 409698K->98K(460800K), 0.0031318 secs] 464310K->54711K(1484800K), 0.0044102 secs] [Times: user=0.00 sys=0.00, real=0.01 secs] 
2019-10-10T12:39:10.097+0000: 708.719: [GC (Allocation Failure) 2019-10-10T12:39:10.099+0000: 708.719: [DefNew: 409698K->390K(460800K), 0.0036591 secs] 464311K->55003K(1484800K), 0.0051125 secs] [Times: user=0.00 sys=0.00, real=0.01 secs] 
2019-10-10T12:39:15.407+0000: 714.027: [GC (Allocation Failure) 2019-10-10T12:39:15.407+0000: 714.027: [DefNew: 409990K->254K(460800K), 0.0029634 secs] 464603K->54867K(1484800K), 0.0030666 secs] [Times: user=0.00 sys=0.00, real=0.00 secs] 
2019-10-10T12:39:20.677+0000: 719.299: [GC (Allocation Failure) 2019-10-10T12:39:20.679+0000: 719.299: [DefNew: 409854K->112K(460800K), 0.0030076 secs] 464467K->54725K(1484800K), 0.0047288 secs] [Times: user=0.00 sys=0.00, real=0.01 secs] 
2019-10-10T12:39:25.993+0000: 724.614: [GC (Allocation Failure) 2019-10-10T12:39:25.994+0000: 724.614: [DefNew: 409712K->99K(460800K), 0.0030015 secs] 464325K->54712K(1484800K), 0.0043165 secs] [Times: user=0.00 sys=0.01, real=0.00 secs] 
2019-10-10T12:39:31.383+0000: 730.003: [GC (Allocation Failure) 2019-10-10T12:39:31.383+0000: 730.003: [DefNew: 409699K->286K(460800K), 0.0030501 secs] 464312K->54898K(1484800K), 0.0031475 secs] [Times: user=0.00 sys=0.00, real=0.00 secs] 
2019-10-10T12:39:36.634+0000: 735.255: [GC (Allocation Failure) 2019-10-10T12:39:36.636+0000: 735.256: [DefNew: 409886K->190K(460800K), 0.0034830 secs] 464498K->54803K(1484800K), 0.0052985 secs] [Times: user=0.01 sys=0.00, real=0.01 secs] 
2019-10-10T12:39:41.826+0000: 740.447: [GC (Allocation Failure) 2019-10-10T12:39:41.828+0000: 740.447: [DefNew: 409790K->217K(460800K), 0.0032727 secs] 464403K->54830K(1484800K), 0.0049146 secs] [Times: user=0.00 sys=0.01, real=0.01 secs] 
2019-10-10T12:39:47.201+0000: 745.823: [GC (Allocation Failure) 2019-10-10T12:39:47.203+0000: 745.823: [DefNew: 409817K->114K(460800K), 0.0029828 secs] 464430K->54737K(1484800K), 0.0047425 secs] [Times: user=0.00 sys=0.00, real=0.00 secs] 
2019-10-10T12:39:52.473+0000: 751.094: [GC (Allocation Failure) 2019-10-10T12:39:52.474+0000: 751.094: [DefNew: 409714K->319K(460800K), 0.0033533 secs] 464337K->54943K(1484800K), 0.0047725 secs] [Times: user=0.00 sys=0.00, real=0.00 secs] 
2019-10-10T12:39:57.746+0000: 756.367: [GC (Allocation Failure) 2019-10-10T12:39:57.747+0000: 756.367: [DefNew: 409919K->90K(460800K), 0.0029128 secs] 464543K->54713K(1484800K), 0.0043393 secs] [Times: user=0.00 sys=0.00, real=0.01 secs] 
2019-10-10T12:40:03.065+0000: 761.685: [GC (Allocation Failure) 2019-10-10T12:40:03.065+0000: 761.685: [DefNew: 409690K->88K(460800K), 0.0026761 secs] 464313K->54711K(1484800K), 0.0027729 secs] [Times: user=0.00 sys=0.00, real=0.01 secs] 
2019-10-10T12:40:08.429+0000: 767.048: [GC (Allocation Failure) 2019-10-10T12:40:08.429+0000: 767.048: [DefNew: 409688K->88K(460800K), 0.0026910 secs] 464311K->54711K(1484800K), 0.0027839 secs] [Times: user=0.00 sys=0.00, real=0.00 secs] 
2019-10-10T12:40:13.703+0000: 772.322: [GC (Allocation Failure) 2019-10-10T12:40:13.703+0000: 772.322: [DefNew: 409688K->141K(460800K), 0.0028427 secs] 464311K->54765K(1484800K), 0.0029252 secs] [Times: user=0.00 sys=0.00, real=0.00 secs] 
2019-10-10T12:40:19.014+0000: 777.635: [GC (Allocation Failure) 2019-10-10T12:40:19.016+0000: 777.635: [DefNew: 409741K->249K(460800K), 0.0033407 secs] 464365K->54872K(1484800K), 0.0048050 secs] [Times: user=0.01 sys=0.00, real=0.01 secs] 
2019-10-10T12:40:24.363+0000: 782.983: [GC (Allocation Failure) 2019-10-10T12:40:24.363+0000: 782.983: [DefNew: 409849K->150K(460800K), 0.0028124 secs] 464472K->54773K(1484800K), 0.0028959 secs] [Times: user=0.01 sys=0.00, real=0.00 secs] 
2019-10-10T12:40:29.877+0000: 788.499: [GC (Allocation Failure) 2019-10-10T12:40:29.879+0000: 788.499: [DefNew: 409750K->94K(460800K), 0.0030020 secs] 464373K->54717K(1484800K), 0.0044102 secs] [Times: user=0.00 sys=0.00, real=0.01 secs] 
2019-10-10T12:40:35.108+0000: 793.729: [GC (Allocation Failure) 2019-10-10T12:40:35.109+0000: 793.729: [DefNew: 409694K->203K(460800K), 0.0030431 secs] 464317K->54826K(1484800K), 0.0045129 secs] [Times: user=0.01 sys=0.00, real=0.00 secs] 
2019-10-10T12:40:40.403+0000: 799.023: [GC (Allocation Failure) 2019-10-10T12:40:40.403+0000: 799.023: [DefNew: 409803K->98K(460800K), 0.0027060 secs] 464426K->54721K(1484800K), 0.0028125 secs] [Times: user=0.01 sys=0.00, real=0.00 secs] 
2019-10-10T12:40:45.720+0000: 804.341: [GC (Allocation Failure) 2019-10-10T12:40:45.722+0000: 804.341: [DefNew: 409698K->100K(460800K), 0.0033392 secs] 464321K->54731K(1484800K), 0.0048366 secs] [Times: user=0.01 sys=0.00, real=0.00 secs] 
2019-10-10T12:40:50.870+0000: 809.491: [GC (Allocation Failure) 2019-10-10T12:40:50.871+0000: 809.491: [DefNew: 409700K->161K(460800K), 0.0031121 secs] 464331K->54791K(1484800K), 0.0043679 secs] [Times: user=0.00 sys=0.00, real=0.00 secs] 
2019-10-10T12:40:56.153+0000: 814.773: [GC (Allocation Failure) 2019-10-10T12:40:56.153+0000: 814.773: [DefNew: 409761K->91K(460800K), 0.0027826 secs] 464391K->54722K(1484800K), 0.0028672 secs] [Times: user=0.00 sys=0.00, real=0.00 secs] 
2019-10-10T12:41:01.345+0000: 819.965: [GC (Allocation Failure) 2019-10-10T12:41:01.345+0000: 819.965: [DefNew: 409691K->100K(460800K), 0.0027647 secs] 464322K->54731K(1484800K), 0.0028554 secs] [Times: user=0.00 sys=0.00, real=0.01 secs] 
2019-10-10T12:41:06.592+0000: 825.213: [GC (Allocation Failure) 2019-10-10T12:41:06.593+0000: 825.213: [DefNew: 409700K->87K(460800K), 0.0028715 secs] 464331K->54718K(1484800K), 0.0045331 secs] [Times: user=0.00 sys=0.00, real=0.00 secs] 
2019-10-10T12:41:11.877+0000: 830.499: [GC (Allocation Failure) 2019-10-10T12:41:11.879+0000: 830.499: [DefNew: 409687K->120K(460800K), 0.0029600 secs] 464318K->54750K(1484800K), 0.0044715 secs] [Times: user=0.00 sys=0.00, real=0.01 secs] 
2019-10-10T12:41:17.021+0000: 835.642: [GC (Allocation Failure) 2019-10-10T12:41:17.023+0000: 835.642: [DefNew: 409720K->279K(460800K), 0.0036308 secs] 464350K->54910K(1484800K), 0.0050876 secs] [Times: user=0.00 sys=0.00, real=0.00 secs] 
2019-10-10T12:41:22.335+0000: 840.955: [GC (Allocation Failure) 2019-10-10T12:41:22.335+0000: 840.955: [DefNew: 409879K->160K(460800K), 0.0029236 secs] 464510K->54791K(1484800K), 0.0030150 secs] [Times: user=0.00 sys=0.00, real=0.00 secs] 
2019-10-10T12:41:27.830+0000: 846.451: [GC (Allocation Failure) 2019-10-10T12:41:27.832+0000: 846.451: [DefNew: 409760K->107K(460800K), 0.0031078 secs] 464391K->54737K(1484800K), 0.0045255 secs] [Times: user=0.00 sys=0.00, real=0.00 secs] 
2019-10-10T12:41:33.152+0000: 851.773: [GC (Allocation Failure) 2019-10-10T12:41:33.154+0000: 851.773: [DefNew: 409707K->200K(460800K), 0.0031698 secs] 464337K->54831K(1484800K), 0.0048583 secs] [Times: user=0.01 sys=0.00, real=0.00 secs] 
2019-10-10T12:41:38.318+0000: 856.939: [GC (Allocation Failure) 2019-10-10T12:41:38.319+0000: 856.939: [DefNew: 409800K->107K(460800K), 0.0030465 secs] 464431K->54738K(1484800K), 0.0044427 secs] [Times: user=0.01 sys=0.00, real=0.01 secs] 
2019-10-10T12:41:43.754+0000: 862.375: [GC (Allocation Failure) 2019-10-10T12:41:43.756+0000: 862.375: [DefNew: 409707K->223K(460800K), 0.0033532 secs] 464338K->54854K(1484800K), 0.0048691 secs] [Times: user=0.00 sys=0.00, real=0.01 secs] 
2019-10-10T12:41:49.201+0000: 867.822: [GC (Allocation Failure) 2019-10-10T12:41:49.202+0000: 867.822: [DefNew: 409823K->87K(460800K), 0.0028310 secs] 464454K->54724K(1484800K), 0.0044702 secs] [Times: user=0.00 sys=0.00, real=0.00 secs] 
2019-10-10T12:41:54.469+0000: 873.090: [GC (Allocation Failure) 2019-10-10T12:41:54.470+0000: 873.090: [DefNew: 409687K->88K(460800K), 0.0030068 secs] 464324K->54724K(1484800K), 0.0045330 secs] [Times: user=0.00 sys=0.00, real=0.00 secs] 
2019-10-10T12:41:59.989+0000: 878.610: [GC (Allocation Failure) 2019-10-10T12:41:59.990+0000: 878.610: [DefNew: 409688K->86K(460800K), 0.0027612 secs] 464324K->54723K(1484800K), 0.0037427 secs] [Times: user=0.00 sys=0.00, real=0.00 secs] 
2019-10-10T12:42:05.319+0000: 883.939: [GC (Allocation Failure) 2019-10-10T12:42:05.319+0000: 883.939: [DefNew: 409686K->200K(460800K), 0.0030186 secs] 464323K->54836K(1484800K), 0.0030994 secs] [Times: user=0.00 sys=0.01, real=0.00 secs] 
2019-10-10T12:42:10.688+0000: 889.310: [GC (Allocation Failure) 2019-10-10T12:42:10.690+0000: 889.310: [DefNew: 409800K->87K(460800K), 0.0029967 secs] 464436K->54723K(1484800K), 0.0045184 secs] [Times: user=0.00 sys=0.00, real=0.00 secs] 
2019-10-10T12:42:15.973+0000: 894.594: [GC (Allocation Failure) 2019-10-10T12:42:15.974+0000: 894.594: [DefNew: 409687K->94K(460800K), 0.0033168 secs] 464323K->54730K(1484800K), 0.0047365 secs] [Times: user=0.00 sys=0.00, real=0.00 secs] 
2019-10-10T12:42:21.196+0000: 899.817: [GC (Allocation Failure) 2019-10-10T12:42:21.198+0000: 899.817: [DefNew: 409694K->209K(460800K), 0.0030628 secs] 464330K->54846K(1484800K), 0.0044123 secs] [Times: user=0.00 sys=0.00, real=0.01 secs] 
2019-10-10T12:42:26.529+0000: 905.151: [GC (Allocation Failure) 2019-10-10T12:42:26.531+0000: 905.151: [DefNew: 409809K->110K(460800K), 0.0029857 secs] 464446K->54747K(1484800K), 0.0048244 secs] [Times: user=0.00 sys=0.00, real=0.00 secs] 
2019-10-10T12:42:31.816+0000: 910.436: [GC (Allocation Failure) 2019-10-10T12:42:31.816+0000: 910.436: [DefNew: 409710K->94K(460800K), 0.0028354 secs] 464347K->54731K(1484800K), 0.0029197 secs] [Times: user=0.01 sys=0.00, real=0.01 secs] 
2019-10-10T12:42:36.952+0000: 915.573: [GC (Allocation Failure) 2019-10-10T12:42:36.953+0000: 915.573: [DefNew: 409694K->111K(460800K), 0.0029191 secs] 464331K->54748K(1484800K), 0.0046231 secs] [Times: user=0.01 sys=0.00, real=0.00 secs] 
2019-10-10T12:42:42.257+0000: 920.878: [GC (Allocation Failure) 2019-10-10T12:42:42.258+0000: 920.878: [DefNew: 409711K->264K(460800K), 0.0033752 secs] 464348K->54900K(1484800K), 0.0048733 secs] [Times: user=0.01 sys=0.00, real=0.01 secs] 
2019-10-10T12:42:47.546+0000: 926.167: [GC (Allocation Failure) 2019-10-10T12:42:47.548+0000: 926.168: [DefNew: 409864K->111K(460800K), 0.0030998 secs] 464500K->54752K(1484800K), 0.0047894 secs] [Times: user=0.00 sys=0.00, real=0.01 secs] 
2019-10-10T12:42:52.896+0000: 931.517: [GC (Allocation Failure) 2019-10-10T12:42:52.897+0000: 931.517: [DefNew: 409711K->93K(460800K), 0.0028982 secs] 464352K->54734K(1484800K), 0.0043649 secs] [Times: user=0.01 sys=0.00, real=0.01 secs] 
2019-10-10T12:42:58.221+0000: 936.841: [GC (Allocation Failure) 2019-10-10T12:42:58.221+0000: 936.841: [DefNew: 409693K->91K(460800K), 0.0030019 secs] 464334K->54732K(1484800K), 0.0030946 secs] [Times: user=0.01 sys=0.00, real=0.00 secs] 
2019-10-10T12:43:03.618+0000: 942.239: [GC (Allocation Failure) 2019-10-10T12:43:03.619+0000: 942.239: [DefNew: 409691K->90K(460800K), 0.0027345 secs] 464332K->54731K(1484800K), 0.0041749 secs] [Times: user=0.00 sys=0.00, real=0.01 secs] 
2019-10-10T12:43:08.936+0000: 947.557: [GC (Allocation Failure) 2019-10-10T12:43:08.937+0000: 947.557: [DefNew: 409690K->90K(460800K), 0.0028766 secs] 464331K->54731K(1484800K), 0.0045263 secs] [Times: user=0.01 sys=0.00, real=0.01 secs] 
2019-10-10T12:43:14.243+0000: 952.864: [GC (Allocation Failure) 2019-10-10T12:43:14.244+0000: 952.864: [DefNew: 409690K->218K(460800K), 0.0032865 secs] 464331K->54860K(1484800K), 0.0046679 secs] [Times: user=0.00 sys=0.00, real=0.01 secs] 
2019-10-10T12:43:19.482+0000: 958.103: [GC (Allocation Failure) 2019-10-10T12:43:19.484+0000: 958.103: [DefNew: 409818K->102K(460800K), 0.0029388 secs] 464460K->54744K(1484800K), 0.0043927 secs] [Times: user=0.00 sys=0.00, real=0.00 secs] 
2019-10-10T12:43:25.037+0000: 963.658: [GC (Allocation Failure) 2019-10-10T12:43:25.038+0000: 963.658: [DefNew: 409702K->94K(460800K), 0.0033713 secs] 464344K->54735K(1484800K), 0.0046961 secs] [Times: user=0.00 sys=0.00, real=0.01 secs] 
2019-10-10T12:43:30.510+0000: 969.129: [GC (Allocation Failure) 2019-10-10T12:43:30.510+0000: 969.129: [DefNew: 409694K->296K(460800K), 0.0031753 secs] 464335K->54938K(1484800K), 0.0032620 secs] [Times: user=0.00 sys=0.00, real=0.00 secs] 
2019-10-10T12:43:35.775+0000: 974.396: [GC (Allocation Failure) 2019-10-10T12:43:35.776+0000: 974.396: [DefNew: 409896K->161K(460800K), 0.0032152 secs] 464538K->54802K(1484800K), 0.0048933 secs] [Times: user=0.00 sys=0.00, real=0.01 secs] 
2019-10-10T12:43:41.002+0000: 979.623: [GC (Allocation Failure) 2019-10-10T12:43:41.004+0000: 979.624: [DefNew: 409761K->287K(460800K), 0.0035818 secs] 464402K->54928K(1484800K), 0.0054639 secs] [Times: user=0.00 sys=0.00, real=0.01 secs] 
2019-10-10T12:43:46.113+0000: 984.734: [GC (Allocation Failure) 2019-10-10T12:43:46.115+0000: 984.734: [DefNew: 409887K->150K(460800K), 0.0031082 secs] 464528K->54798K(1484800K), 0.0045779 secs] [Times: user=0.00 sys=0.00, real=0.00 secs] 
2019-10-10T12:43:51.450+0000: 990.069: [GC (Allocation Failure) 2019-10-10T12:43:51.450+0000: 990.069: [DefNew: 409750K->292K(460800K), 0.0030774 secs] 464398K->54940K(1484800K), 0.0031565 secs] [Times: user=0.00 sys=0.00, real=0.00 secs] 
2019-10-10T12:43:56.844+0000: 995.463: [GC (Allocation Failure) 2019-10-10T12:43:56.844+0000: 995.464: [DefNew: 409892K->89K(460800K), 0.0026918 secs] 464540K->54737K(1484800K), 0.0027832 secs] [Times: user=0.00 sys=0.00, real=0.00 secs] 
2019-10-10T12:44:02.126+0000: 1000.748: [GC (Allocation Failure) 2019-10-10T12:44:02.128+0000: 1000.748: [DefNew: 409689K->109K(460800K), 0.0031414 secs] 464337K->54758K(1484800K), 0.0047306 secs] [Times: user=0.00 sys=0.00, real=0.01 secs] 
2019-10-10T12:44:07.485+0000: 1006.105: [GC (Allocation Failure) 2019-10-10T12:44:07.485+0000: 1006.105: [DefNew: 409709K->91K(460800K), 0.0027312 secs] 464358K->54739K(1484800K), 0.0028259 secs] [Times: user=0.00 sys=0.00, real=0.01 secs] 
2019-10-10T12:44:12.866+0000: 1011.487: [GC (Allocation Failure) 2019-10-10T12:44:12.867+0000: 1011.487: [DefNew: 409691K->183K(460800K), 0.0034949 secs] 464339K->54831K(1484800K), 0.0048455 secs] [Times: user=0.01 sys=0.01, real=0.01 secs] 
2019-10-10T12:44:18.309+0000: 1016.930: [GC (Allocation Failure) 2019-10-10T12:44:18.311+0000: 1016.930: [DefNew: 409783K->230K(460800K), 0.0031946 secs] 464431K->54879K(1484800K), 0.0047567 secs] [Times: user=0.01 sys=0.00, real=0.00 secs] 
12:44:21.761 [Client] INFO  c.s.f.r.e.s.SocketRear  - FlameSocketGraphDeployerRear@flamestream-benchmarks-worker-2: has been disconnected from Connection 9
12:44:21.770 [Client] INFO  c.s.f.r.e.s.SocketFront  - FlameSocketGraphDeployerFront@flamestream-benchmarks-worker-2 has been disconnected from Connection 9
12:44:21.781 [worker-akka.actor.default-dispatcher-10] WARN  c.s.f.r.e.s.SocketRear  - FlameSocketGraphDeployerRear@flamestream-benchmarks-worker-2: writing to closed log
12:44:21.782 [worker-akka.actor.default-dispatcher-10] WARN  c.s.f.r.e.s.SocketRear  - FlameSocketGraphDeployerRear@flamestream-benchmarks-worker-2: writing to closed log
12:44:21.783 [worker-akka.actor.default-dispatcher-10] WARN  c.s.f.r.e.s.SocketRear  - FlameSocketGraphDeployerRear@flamestream-benchmarks-worker-2: writing to closed log
12:44:21.783 [worker-akka.actor.default-dispatcher-10] WARN  c.s.f.r.e.s.SocketRear  - FlameSocketGraphDeployerRear@flamestream-benchmarks-worker-2: writing to closed log
12:44:21.830 [worker-akka.actor.default-dispatcher-10] WARN  c.s.f.r.e.s.SocketRear  - FlameSocketGraphDeployerRear@flamestream-benchmarks-worker-2: writing to closed log
12:44:21.849 [worker-akka.actor.default-dispatcher-10] WARN  c.s.f.r.e.s.SocketRear  - FlameSocketGraphDeployerRear@flamestream-benchmarks-worker-2: writing to closed log
12:44:21.907 [worker-akka.actor.default-dispatcher-10] WARN  c.s.f.r.e.s.SocketRear  - FlameSocketGraphDeployerRear@flamestream-benchmarks-worker-2: writing to closed log
12:44:21.909 [worker-akka.actor.default-dispatcher-10] WARN  c.s.f.r.e.s.SocketRear  - FlameSocketGraphDeployerRear@flamestream-benchmarks-worker-2: writing to closed log
12:44:21.919 [worker-akka.actor.default-dispatcher-10] WARN  c.s.f.r.e.s.SocketRear  - FlameSocketGraphDeployerRear@flamestream-benchmarks-worker-2: writing to closed log
12:44:21.969 [worker-akka.actor.default-dispatcher-10] WARN  c.s.f.r.e.s.SocketRear  - FlameSocketGraphDeployerRear@flamestream-benchmarks-worker-2: writing to closed log
12:44:21.997 [worker-akka.actor.default-dispatcher-10] WARN  c.s.f.r.e.s.SocketRear  - FlameSocketGraphDeployerRear@flamestream-benchmarks-worker-2: writing to closed log
12:44:22.002 [worker-akka.actor.default-dispatcher-10] WARN  c.s.f.r.e.s.SocketRear  - FlameSocketGraphDeployerRear@flamestream-benchmarks-worker-2: writing to closed log
12:44:22.002 [worker-akka.actor.default-dispatcher-10] WARN  c.s.f.r.e.s.SocketRear  - FlameSocketGraphDeployerRear@flamestream-benchmarks-worker-2: writing to closed log
12:44:22.059 [worker-akka.actor.default-dispatcher-10] WARN  c.s.f.r.e.s.SocketRear  - FlameSocketGraphDeployerRear@flamestream-benchmarks-worker-2: writing to closed log
12:44:22.062 [worker-akka.actor.default-dispatcher-10] WARN  c.s.f.r.e.s.SocketRear  - FlameSocketGraphDeployerRear@flamestream-benchmarks-worker-2: writing to closed log
12:44:22.062 [worker-akka.actor.default-dispatcher-10] WARN  c.s.f.r.e.s.SocketRear  - FlameSocketGraphDeployerRear@flamestream-benchmarks-worker-2: writing to closed log
12:44:22.069 [worker-akka.actor.default-dispatcher-10] WARN  c.s.f.r.e.s.SocketRear  - FlameSocketGraphDeployerRear@flamestream-benchmarks-worker-2: writing to closed log
12:44:22.116 [worker-akka.actor.default-dispatcher-10] WARN  c.s.f.r.e.s.SocketRear  - FlameSocketGraphDeployerRear@flamestream-benchmarks-worker-2: writing to closed log
12:44:22.116 [worker-akka.actor.default-dispatcher-10] WARN  c.s.f.r.e.s.SocketRear  - FlameSocketGraphDeployerRear@flamestream-benchmarks-worker-2: writing to closed log
12:44:22.116 [worker-akka.actor.default-dispatcher-10] WARN  c.s.f.r.e.s.SocketRear  - FlameSocketGraphDeployerRear@flamestream-benchmarks-worker-2: writing to closed log
12:44:22.117 [worker-akka.actor.default-dispatcher-10] WARN  c.s.f.r.e.s.SocketRear  - FlameSocketGraphDeployerRear@flamestream-benchmarks-worker-2: writing to closed log
12:44:22.117 [worker-akka.actor.default-dispatcher-10] WARN  c.s.f.r.e.s.SocketRear  - FlameSocketGraphDeployerRear@flamestream-benchmarks-worker-2: writing to closed log
12:44:22.169 [worker-akka.actor.default-dispatcher-10] WARN  c.s.f.r.e.s.SocketRear  - FlameSocketGraphDeployerRear@flamestream-benchmarks-worker-2: writing to closed log
12:44:22.169 [worker-akka.actor.default-dispatcher-10] WARN  c.s.f.r.e.s.SocketRear  - FlameSocketGraphDeployerRear@flamestream-benchmarks-worker-2: writing to closed log
12:44:22.170 [worker-akka.actor.default-dispatcher-10] WARN  c.s.f.r.e.s.SocketRear  - FlameSocketGraphDeployerRear@flamestream-benchmarks-worker-2: writing to closed log
12:44:22.171 [worker-akka.actor.default-dispatcher-10] WARN  c.s.f.r.e.s.SocketRear  - FlameSocketGraphDeployerRear@flamestream-benchmarks-worker-2: writing to closed log
12:44:22.276 [worker-akka.actor.default-dispatcher-10] WARN  c.s.f.r.e.s.SocketRear  - FlameSocketGraphDeployerRear@flamestream-benchmarks-worker-2: writing to closed log
12:44:22.279 [worker-akka.actor.default-dispatcher-10] WARN  c.s.f.r.e.s.SocketRear  - FlameSocketGraphDeployerRear@flamestream-benchmarks-worker-2: writing to closed log
12:44:22.395 [worker-akka.actor.default-dispatcher-10] WARN  c.s.f.r.e.s.SocketRear  - FlameSocketGraphDeployerRear@flamestream-benchmarks-worker-2: writing to closed log
12:44:22.395 [worker-akka.actor.default-dispatcher-10] WARN  c.s.f.r.e.s.SocketRear  - FlameSocketGraphDeployerRear@flamestream-benchmarks-worker-2: writing to closed log
12:44:22.396 [worker-akka.actor.default-dispatcher-10] WARN  c.s.f.r.e.s.SocketRear  - FlameSocketGraphDeployerRear@flamestream-benchmarks-worker-2: writing to closed log
12:44:22.397 [worker-akka.actor.default-dispatcher-10] WARN  c.s.f.r.e.s.SocketRear  - FlameSocketGraphDeployerRear@flamestream-benchmarks-worker-2: writing to closed log
12:44:22.397 [worker-akka.actor.default-dispatcher-10] WARN  c.s.f.r.e.s.SocketRear  - FlameSocketGraphDeployerRear@flamestream-benchmarks-worker-2: writing to closed log
12:44:22.430 [worker-akka.actor.default-dispatcher-10] WARN  c.s.f.r.e.s.SocketRear  - FlameSocketGraphDeployerRear@flamestream-benchmarks-worker-2: writing to closed log
12:44:22.431 [worker-akka.actor.default-dispatcher-10] WARN  c.s.f.r.e.s.SocketRear  - FlameSocketGraphDeployerRear@flamestream-benchmarks-worker-2: writing to closed log
12:44:22.538 [worker-akka.actor.default-dispatcher-10] WARN  c.s.f.r.e.s.SocketRear  - FlameSocketGraphDeployerRear@flamestream-benchmarks-worker-2: writing to closed log
12:44:22.540 [worker-akka.actor.default-dispatcher-10] WARN  c.s.f.r.e.s.SocketRear  - FlameSocketGraphDeployerRear@flamestream-benchmarks-worker-2: writing to closed log
12:44:22.540 [worker-akka.actor.default-dispatcher-10] WARN  c.s.f.r.e.s.SocketRear  - FlameSocketGraphDeployerRear@flamestream-benchmarks-worker-2: writing to closed log
12:44:22.542 [worker-akka.actor.default-dispatcher-10] WARN  c.s.f.r.e.s.SocketRear  - FlameSocketGraphDeployerRear@flamestream-benchmarks-worker-2: writing to closed log
12:44:22.542 [worker-akka.actor.default-dispatcher-10] WARN  c.s.f.r.e.s.SocketRear  - FlameSocketGraphDeployerRear@flamestream-benchmarks-worker-2: writing to closed log
12:44:22.542 [worker-akka.actor.default-dispatcher-10] WARN  c.s.f.r.e.s.SocketRear  - FlameSocketGraphDeployerRear@flamestream-benchmarks-worker-2: writing to closed log
12:44:22.542 [worker-akka.actor.default-dispatcher-10] WARN  c.s.f.r.e.s.SocketRear  - FlameSocketGraphDeployerRear@flamestream-benchmarks-worker-2: writing to closed log
12:44:22.564 [worker-akka.actor.default-dispatcher-10] WARN  c.s.f.r.e.s.SocketRear  - FlameSocketGraphDeployerRear@flamestream-benchmarks-worker-2: writing to closed log
12:44:22.566 [worker-akka.actor.default-dispatcher-10] WARN  c.s.f.r.e.s.SocketRear  - FlameSocketGraphDeployerRear@flamestream-benchmarks-worker-2: writing to closed log
12:44:22.623 [worker-akka.actor.default-dispatcher-10] WARN  c.s.f.r.e.s.SocketRear  - FlameSocketGraphDeployerRear@flamestream-benchmarks-worker-2: writing to closed log
12:44:22.624 [worker-akka.actor.default-dispatcher-10] WARN  c.s.f.r.e.s.SocketRear  - FlameSocketGraphDeployerRear@flamestream-benchmarks-worker-2: writing to closed log
12:44:22.650 [worker-akka.actor.default-dispatcher-10] WARN  c.s.f.r.e.s.SocketRear  - FlameSocketGraphDeployerRear@flamestream-benchmarks-worker-2: writing to closed log
12:44:22.678 [worker-akka.actor.default-dispatcher-10] WARN  c.s.f.r.e.s.SocketRear  - FlameSocketGraphDeployerRear@flamestream-benchmarks-worker-2: writing to closed log
12:44:22.678 [worker-akka.actor.default-dispatcher-10] WARN  c.s.f.r.e.s.SocketRear  - FlameSocketGraphDeployerRear@flamestream-benchmarks-worker-2: writing to closed log
12:44:22.679 [worker-akka.actor.default-dispatcher-10] WARN  c.s.f.r.e.s.SocketRear  - FlameSocketGraphDeployerRear@flamestream-benchmarks-worker-2: writing to closed log
12:44:22.682 [worker-akka.actor.default-dispatcher-10] WARN  c.s.f.r.e.s.SocketRear  - FlameSocketGraphDeployerRear@flamestream-benchmarks-worker-2: writing to closed log
12:44:22.720 [worker-akka.actor.default-dispatcher-10] WARN  c.s.f.r.e.s.SocketRear  - FlameSocketGraphDeployerRear@flamestream-benchmarks-worker-2: writing to closed log
12:44:22.721 [worker-akka.actor.default-dispatcher-10] WARN  c.s.f.r.e.s.SocketRear  - FlameSocketGraphDeployerRear@flamestream-benchmarks-worker-2: writing to closed log
12:44:22.721 [worker-akka.actor.default-dispatcher-10] WARN  c.s.f.r.e.s.SocketRear  - FlameSocketGraphDeployerRear@flamestream-benchmarks-worker-2: writing to closed log
12:44:22.730 [worker-akka.actor.default-dispatcher-10] WARN  c.s.f.r.e.s.SocketRear  - FlameSocketGraphDeployerRear@flamestream-benchmarks-worker-2: writing to closed log
12:44:22.731 [worker-akka.actor.default-dispatcher-10] WARN  c.s.f.r.e.s.SocketRear  - FlameSocketGraphDeployerRear@flamestream-benchmarks-worker-2: writing to closed log
12:44:22.756 [worker-akka.actor.default-dispatcher-10] WARN  c.s.f.r.e.s.SocketRear  - FlameSocketGraphDeployerRear@flamestream-benchmarks-worker-2: writing to closed log
12:44:22.757 [worker-akka.actor.default-dispatcher-10] WARN  c.s.f.r.e.s.SocketRear  - FlameSocketGraphDeployerRear@flamestream-benchmarks-worker-2: writing to closed log
12:44:22.761 [worker-akka.actor.default-dispatcher-10] WARN  c.s.f.r.e.s.SocketRear  - FlameSocketGraphDeployerRear@flamestream-benchmarks-worker-2: writing to closed log
12:44:22.791 [worker-akka.actor.default-dispatcher-10] WARN  c.s.f.r.e.s.SocketRear  - FlameSocketGraphDeployerRear@flamestream-benchmarks-worker-2: writing to closed log
12:44:22.792 [worker-akka.actor.default-dispatcher-10] WARN  c.s.f.r.e.s.SocketRear  - FlameSocketGraphDeployerRear@flamestream-benchmarks-worker-2: writing to closed log
12:44:22.795 [worker-akka.actor.default-dispatcher-10] WARN  c.s.f.r.e.s.SocketRear  - FlameSocketGraphDeployerRear@flamestream-benchmarks-worker-2: writing to closed log
12:44:22.795 [worker-akka.actor.default-dispatcher-10] WARN  c.s.f.r.e.s.SocketRear  - FlameSocketGraphDeployerRear@flamestream-benchmarks-worker-2: writing to closed log
12:44:22.795 [worker-akka.actor.default-dispatcher-10] WARN  c.s.f.r.e.s.SocketRear  - FlameSocketGraphDeployerRear@flamestream-benchmarks-worker-2: writing to closed log
12:44:22.795 [worker-akka.actor.default-dispatcher-10] WARN  c.s.f.r.e.s.SocketRear  - FlameSocketGraphDeployerRear@flamestream-benchmarks-worker-2: writing to closed log
12:44:22.796 [worker-akka.actor.default-dispatcher-10] WARN  c.s.f.r.e.s.SocketRear  - FlameSocketGraphDeployerRear@flamestream-benchmarks-worker-2: writing to closed log
12:44:22.796 [worker-akka.actor.default-dispatcher-10] WARN  c.s.f.r.e.s.SocketRear  - FlameSocketGraphDeployerRear@flamestream-benchmarks-worker-2: writing to closed log
12:44:22.818 [worker-akka.actor.default-dispatcher-10] WARN  c.s.f.r.e.s.SocketRear  - FlameSocketGraphDeployerRear@flamestream-benchmarks-worker-2: writing to closed log
12:44:22.820 [worker-akka.actor.default-dispatcher-10] WARN  c.s.f.r.e.s.SocketRear  - FlameSocketGraphDeployerRear@flamestream-benchmarks-worker-2: writing to closed log
12:44:22.820 [worker-akka.actor.default-dispatcher-10] WARN  c.s.f.r.e.s.SocketRear  - FlameSocketGraphDeployerRear@flamestream-benchmarks-worker-2: writing to closed log
12:44:22.820 [worker-akka.actor.default-dispatcher-10] WARN  c.s.f.r.e.s.SocketRear  - FlameSocketGraphDeployerRear@flamestream-benchmarks-worker-2: writing to closed log
12:44:22.820 [worker-akka.actor.default-dispatcher-10] WARN  c.s.f.r.e.s.SocketRear  - FlameSocketGraphDeployerRear@flamestream-benchmarks-worker-2: writing to closed log
12:44:22.850 [worker-akka.actor.default-dispatcher-10] WARN  c.s.f.r.e.s.SocketRear  - FlameSocketGraphDeployerRear@flamestream-benchmarks-worker-2: writing to closed log
12:44:22.851 [worker-akka.actor.default-dispatcher-10] WARN  c.s.f.r.e.s.SocketRear  - FlameSocketGraphDeployerRear@flamestream-benchmarks-worker-2: writing to closed log
12:44:22.856 [worker-akka.actor.default-dispatcher-10] WARN  c.s.f.r.e.s.SocketRear  - FlameSocketGraphDeployerRear@flamestream-benchmarks-worker-2: writing to closed log
12:44:22.857 [worker-akka.actor.default-dispatcher-10] WARN  c.s.f.r.e.s.SocketRear  - FlameSocketGraphDeployerRear@flamestream-benchmarks-worker-2: writing to closed log
12:44:22.858 [worker-akka.actor.default-dispatcher-10] WARN  c.s.f.r.e.s.SocketRear  - FlameSocketGraphDeployerRear@flamestream-benchmarks-worker-2: writing to closed log
12:44:22.858 [worker-akka.actor.default-dispatcher-10] WARN  c.s.f.r.e.s.SocketRear  - FlameSocketGraphDeployerRear@flamestream-benchmarks-worker-2: writing to closed log
12:44:22.865 [worker-akka.actor.default-dispatcher-10] WARN  c.s.f.r.e.s.SocketRear  - FlameSocketGraphDeployerRear@flamestream-benchmarks-worker-2: writing to closed log
12:44:22.865 [worker-akka.actor.default-dispatcher-10] WARN  c.s.f.r.e.s.SocketRear  - FlameSocketGraphDeployerRear@flamestream-benchmarks-worker-2: writing to closed log
12:44:22.865 [worker-akka.actor.default-dispatcher-10] WARN  c.s.f.r.e.s.SocketRear  - FlameSocketGraphDeployerRear@flamestream-benchmarks-worker-2: writing to closed log
12:44:22.868 [worker-akka.actor.default-dispatcher-10] WARN  c.s.f.r.e.s.SocketRear  - FlameSocketGraphDeployerRear@flamestream-benchmarks-worker-2: writing to closed log
12:44:22.868 [worker-akka.actor.default-dispatcher-10] WARN  c.s.f.r.e.s.SocketRear  - FlameSocketGraphDeployerRear@flamestream-benchmarks-worker-2: writing to closed log
12:44:22.882 [worker-akka.actor.default-dispatcher-10] WARN  c.s.f.r.e.s.SocketRear  - FlameSocketGraphDeployerRear@flamestream-benchmarks-worker-2: writing to closed log
12:44:22.884 [worker-akka.actor.default-dispatcher-10] WARN  c.s.f.r.e.s.SocketRear  - FlameSocketGraphDeployerRear@flamestream-benchmarks-worker-2: writing to closed log
12:44:22.884 [worker-akka.actor.default-dispatcher-10] WARN  c.s.f.r.e.s.SocketRear  - FlameSocketGraphDeployerRear@flamestream-benchmarks-worker-2: writing to closed log
12:44:22.884 [worker-akka.actor.default-dispatcher-10] WARN  c.s.f.r.e.s.SocketRear  - FlameSocketGraphDeployerRear@flamestream-benchmarks-worker-2: writing to closed log
12:44:22.884 [worker-akka.actor.default-dispatcher-10] WARN  c.s.f.r.e.s.SocketRear  - FlameSocketGraphDeployerRear@flamestream-benchmarks-worker-2: writing to closed log
12:44:22.890 [worker-akka.actor.default-dispatcher-10] WARN  c.s.f.r.e.s.SocketRear  - FlameSocketGraphDeployerRear@flamestream-benchmarks-worker-2: writing to closed log
12:44:22.890 [worker-akka.actor.default-dispatcher-10] WARN  c.s.f.r.e.s.SocketRear  - FlameSocketGraphDeployerRear@flamestream-benchmarks-worker-2: writing to closed log
12:44:22.890 [worker-akka.actor.default-dispatcher-10] WARN  c.s.f.r.e.s.SocketRear  - FlameSocketGraphDeployerRear@flamestream-benchmarks-worker-2: writing to closed log
12:44:22.898 [worker-akka.actor.default-dispatcher-10] WARN  c.s.f.r.e.s.SocketRear  - FlameSocketGraphDeployerRear@flamestream-benchmarks-worker-2: writing to closed log
12:44:22.898 [worker-akka.actor.default-dispatcher-10] WARN  c.s.f.r.e.s.SocketRear  - FlameSocketGraphDeployerRear@flamestream-benchmarks-worker-2: writing to closed log
12:44:22.906 [worker-akka.actor.default-dispatcher-10] WARN  c.s.f.r.e.s.SocketRear  - FlameSocketGraphDeployerRear@flamestream-benchmarks-worker-2: writing to closed log
12:44:22.907 [worker-akka.actor.default-dispatcher-10] WARN  c.s.f.r.e.s.SocketRear  - FlameSocketGraphDeployerRear@flamestream-benchmarks-worker-2: writing to closed log
12:44:22.908 [worker-akka.actor.default-dispatcher-10] WARN  c.s.f.r.e.s.SocketRear  - FlameSocketGraphDeployerRear@flamestream-benchmarks-worker-2: writing to closed log
12:44:22.908 [worker-akka.actor.default-dispatcher-10] WARN  c.s.f.r.e.s.SocketRear  - FlameSocketGraphDeployerRear@flamestream-benchmarks-worker-2: writing to closed log
12:44:22.909 [worker-akka.actor.default-dispatcher-10] WARN  c.s.f.r.e.s.SocketRear  - FlameSocketGraphDeployerRear@flamestream-benchmarks-worker-2: writing to closed log
12:44:22.914 [worker-akka.actor.default-dispatcher-10] WARN  c.s.f.r.e.s.SocketRear  - FlameSocketGraphDeployerRear@flamestream-benchmarks-worker-2: writing to closed log
12:44:22.915 [worker-akka.actor.default-dispatcher-10] WARN  c.s.f.r.e.s.SocketRear  - FlameSocketGraphDeployerRear@flamestream-benchmarks-worker-2: writing to closed log
12:44:25.114 [worker-akka.actor.default-dispatcher-9] INFO  a.a.LocalActorRef akka://worker/user/watcher/processing-watcher/graph/negotiator - Stopped
12:44:25.116 [worker-akka.actor.default-dispatcher-9] INFO  a.a.LocalActorRef akka://worker/user/watcher/processing-watcher/graph/graph/$A - Stopped
12:44:25.116 [worker-akka.actor.default-dispatcher-9] INFO  a.a.LocalActorRef akka://worker/user/watcher/processing-watcher/graph/graph/$B - Stopped
12:44:25.116 [worker-akka.actor.default-dispatcher-9] INFO  a.a.LocalActorRef akka://worker/user/watcher/processing-watcher/graph/graph/$C - Stopped
12:44:25.116 [worker-akka.actor.default-dispatcher-9] INFO  a.a.LocalActorRef akka://worker/user/watcher/processing-watcher/graph/graph/$D - Stopped
12:44:25.116 [worker-akka.actor.default-dispatcher-9] INFO  a.a.LocalActorRef akka://worker/user/watcher/processing-watcher/graph/graph/$E - Stopped
12:44:25.117 [worker-akka.actor.default-dispatcher-9] INFO  a.a.LocalActorRef akka://worker/user/watcher/processing-watcher/graph/graph/$F - Stopped
12:44:25.117 [worker-akka.actor.default-dispatcher-9] INFO  a.a.LocalActorRef akka://worker/user/watcher/processing-watcher/graph/graph/$G - Stopped
12:44:25.117 [worker-akka.actor.default-dispatcher-9] INFO  a.a.LocalActorRef akka://worker/user/watcher/processing-watcher/graph/graph/$H - Stopped
12:44:25.117 [worker-akka.actor.default-dispatcher-9] INFO  a.a.LocalActorRef akka://worker/user/watcher/processing-watcher/graph/graph/$a - Stopped
12:44:25.117 [worker-akka.actor.default-dispatcher-9] INFO  a.a.LocalActorRef akka://worker/user/watcher/processing-watcher/graph/graph/$b - Stopped
12:44:25.118 [worker-akka.actor.default-dispatcher-9] INFO  a.a.LocalActorRef akka://worker/user/watcher/processing-watcher/graph/graph/$c - Stopped
12:44:25.118 [worker-akka.actor.default-dispatcher-9] INFO  a.a.LocalActorRef akka://worker/user/watcher/processing-watcher/graph/graph/$d - Stopped
12:44:25.118 [worker-akka.actor.default-dispatcher-9] INFO  a.a.LocalActorRef akka://worker/user/watcher/processing-watcher/graph/graph/$e - Stopped
12:44:25.118 [worker-akka.actor.default-dispatcher-9] INFO  a.a.LocalActorRef akka://worker/user/watcher/processing-watcher/graph/graph/$f - Stopped
12:44:25.118 [worker-akka.actor.default-dispatcher-9] INFO  a.a.LocalActorRef akka://worker/user/watcher/processing-watcher/graph/graph/$g - Stopped
12:44:25.119 [worker-akka.actor.default-dispatcher-9] INFO  a.a.LocalActorRef akka://worker/user/watcher/processing-watcher/graph/graph/$h - Stopped
12:44:25.119 [worker-akka.actor.default-dispatcher-9] INFO  a.a.LocalActorRef akka://worker/user/watcher/processing-watcher/graph/graph/$i - Stopped
12:44:25.119 [worker-akka.actor.default-dispatcher-9] INFO  a.a.LocalActorRef akka://worker/user/watcher/processing-watcher/graph/graph/$j - Stopped
12:44:25.119 [worker-akka.actor.default-dispatcher-9] INFO  a.a.LocalActorRef akka://worker/user/watcher/processing-watcher/graph/graph/$k - Stopped
12:44:25.119 [worker-akka.actor.default-dispatcher-9] INFO  a.a.LocalActorRef akka://worker/user/watcher/processing-watcher/graph/graph/$l - Stopped
12:44:25.119 [worker-akka.actor.default-dispatcher-9] INFO  a.a.LocalActorRef akka://worker/user/watcher/processing-watcher/graph/graph/$m - Stopped
12:44:25.120 [worker-akka.actor.default-dispatcher-9] INFO  a.a.LocalActorRef akka://worker/user/watcher/processing-watcher/graph/graph/$n - Stopped
12:44:25.126 [worker-akka.actor.default-dispatcher-9] INFO  a.a.LocalActorRef akka://worker/user/watcher/processing-watcher/graph/graph/$o - Stopped
12:44:25.127 [worker-akka.actor.default-dispatcher-9] INFO  a.a.LocalActorRef akka://worker/user/watcher/processing-watcher/graph/graph/$p - Stopped
12:44:25.127 [worker-akka.actor.default-dispatcher-13] INFO  a.a.LocalActorRef akka://worker/user/watcher/processing-watcher/graph/graph/$q - Stopped
12:44:25.137 [worker-akka.actor.default-dispatcher-13] INFO  a.a.LocalActorRef akka://worker/user/watcher/processing-watcher/graph/edge/FlameSocketGraphDeployerFront - Stopped
12:44:25.139 [worker-akka.actor.default-dispatcher-10] INFO  a.a.LocalActorRef akka://worker/user/watcher/processing-watcher/graph/graph/$r - Stopped
12:44:25.139 [worker-akka.actor.default-dispatcher-10] INFO  a.a.LocalActorRef akka://worker/user/watcher/processing-watcher/graph/graph/$s - Stopped
12:44:25.139 [worker-akka.actor.default-dispatcher-10] INFO  a.a.LocalActorRef akka://worker/user/watcher/processing-watcher/graph/graph/$t - Stopped
12:44:25.139 [worker-akka.actor.default-dispatcher-10] INFO  a.a.LocalActorRef akka://worker/user/watcher/processing-watcher/graph/graph/$u - Stopped
12:44:25.139 [worker-akka.actor.default-dispatcher-10] INFO  a.a.LocalActorRef akka://worker/user/watcher/processing-watcher/graph/graph/$v - Stopped
12:44:25.139 [worker-akka.actor.default-dispatcher-10] INFO  a.a.LocalActorRef akka://worker/user/watcher/processing-watcher/graph/graph/$w - Stopped
12:44:25.139 [worker-akka.actor.default-dispatcher-10] INFO  a.a.LocalActorRef akka://worker/user/watcher/processing-watcher/graph/graph/$x - Stopped
12:44:25.139 [worker-akka.actor.default-dispatcher-10] INFO  a.a.LocalActorRef akka://worker/user/watcher/processing-watcher/graph/graph/$y - Stopped
12:44:25.150 [worker-akka.actor.default-dispatcher-6] INFO  a.a.LocalActorRef akka://worker/user/watcher/processing-watcher/graph/graph/$z - Stopped
12:44:25.151 [worker-akka.actor.default-dispatcher-6] INFO  a.a.LocalActorRef akka://worker/user/watcher/processing-watcher/graph/graph - Stopped
12:44:25.161 [worker-akka.actor.default-dispatcher-12] INFO  a.a.LocalActorRef akka://worker/user/watcher/processing-watcher/graph/edge/FlameSocketGraphDeployerRear - Stopped
12:44:25.162 [worker-akka.actor.default-dispatcher-12] INFO  a.a.LocalActorRef akka://worker/user/watcher/processing-watcher/graph/edge - Stopped
12:44:25.162 [worker-akka.actor.default-dispatcher-16] INFO  a.a.LocalActorRef akka://worker/user/watcher/processing-watcher/graph - Stopped
12:44:25.163 [worker-akka.actor.default-dispatcher-10] INFO  a.a.LocalActorRef akka://worker/user/watcher/processing-watcher - Stopped
12:44:25.164 [Curator-Framework-0] INFO  o.a.c.f.i.CuratorFrameworkImpl  - backgroundOperationsLoop exiting
12:44:25.176 [Curator-PathChildrenCache-0] ERROR o.a.c.f.r.c.PathChildrenCache  - 
java.lang.IllegalStateException: instance must be started before calling this method
	at org.apache.curator.shaded.com.google.common.base.Preconditions.checkState(Preconditions.java:444)
	at org.apache.curator.framework.imps.CuratorFrameworkImpl.getChildren(CuratorFrameworkImpl.java:456)
	at org.apache.curator.framework.recipes.cache.PathChildrenCache.refresh(PathChildrenCache.java:521)
	at org.apache.curator.framework.recipes.cache.RefreshOperation.invoke(RefreshOperation.java:35)
	at org.apache.curator.framework.recipes.cache.PathChildrenCache$9.run(PathChildrenCache.java:786)
	at java.util.concurrent.Executors$RunnableAdapter.call(Executors.java:511)
	at java.util.concurrent.FutureTask.run(FutureTask.java:266)
	at java.util.concurrent.Executors$RunnableAdapter.call(Executors.java:511)
	at java.util.concurrent.FutureTask.run(FutureTask.java:266)
	at java.util.concurrent.ThreadPoolExecutor.runWorker(ThreadPoolExecutor.java:1149)
	at java.util.concurrent.ThreadPoolExecutor$Worker.run(ThreadPoolExecutor.java:624)
	at java.lang.Thread.run(Thread.java:748)
12:44:25.177 [worker-akka.actor.default-dispatcher-6-EventThread] INFO  o.a.z.ClientCnxn  - EventThread shut down for session: 0x100005c675e0002
12:44:25.177 [worker-akka.actor.default-dispatcher-10] INFO  o.a.z.ZooKeeper  - Session: 0x100005c675e0002 closed
12:44:25.178 [worker-akka.actor.default-dispatcher-18] INFO  a.a.RepointableActorRef akka://worker/user/watcher - Stopped
12:44:25.187 [worker-akka.actor.default-dispatcher-19] INFO  a.r.RemoteActorRefProvider$RemotingTerminator akka://worker@flamestream-benchmarks-worker-2:5412/system/remoting-terminator - Shutting down remote daemon.
12:44:25.188 [worker-akka.actor.default-dispatcher-19] INFO  a.r.RemoteActorRefProvider$RemotingTerminator akka://worker@flamestream-benchmarks-worker-2:5412/system/remoting-terminator - Remote daemon shut down; proceeding with flushing remote transports.
12:44:26.400 [worker-akka.actor.default-dispatcher-19] INFO  a.r.RemoteActorRefProvider$RemotingTerminator akka://worker@flamestream-benchmarks-worker-2:5412/system/remoting-terminator - Remoting shut down.
Heap
 def new generation   total 460800K, used 361440K [0x00000000a2400000, 0x00000000c1800000, 0x00000000c1800000)
  eden space 409600K,  88% used [0x00000000a2400000, 0x00000000b84be518, 0x00000000bb400000)
  from space 51200K,   0% used [0x00000000be600000, 0x00000000be639b98, 0x00000000c1800000)
  to   space 51200K,   0% used [0x00000000bb400000, 0x00000000bb400000, 0x00000000be600000)
 tenured generation   total 1024000K, used 54648K [0x00000000c1800000, 0x0000000100000000, 0x0000000100000000)
   the space 1024000K,   5% used [0x00000000c1800000, 0x00000000c4d5e220, 0x00000000c4d5e400, 0x0000000100000000)
 Metaspace       used 40692K, capacity 43494K, committed 43648K, reserved 1087488K
  class space    used 5342K, capacity 5662K, committed 5760K, reserved 1048576K
