15:32:18,959 |-INFO in ch.qos.logback.classic.LoggerContext[default] - Could NOT find resource [logback-test.xml]
15:32:18,959 |-INFO in ch.qos.logback.classic.LoggerContext[default] - Could NOT find resource [logback.groovy]
15:32:18,960 |-INFO in ch.qos.logback.classic.LoggerContext[default] - Found resource [logback.xml] at [jar:file:/root/flamestream/lib/flamestream-runtime-1.0-SNAPSHOT.jar!/logback.xml]
15:32:18,960 |-WARN in ch.qos.logback.classic.LoggerContext[default] - Resource [logback.xml] occurs multiple times on the classpath.
15:32:18,961 |-WARN in ch.qos.logback.classic.LoggerContext[default] - Resource [logback.xml] occurs at [jar:file:/root/flamestream/lib/flamestream-runtime-1.0-SNAPSHOT.jar!/logback.xml]
15:32:18,961 |-WARN in ch.qos.logback.classic.LoggerContext[default] - Resource [logback.xml] occurs at [jar:file:/root/flamestream/flamestream-runtime-1.0-SNAPSHOT.jar!/logback.xml]
15:32:18,980 |-INFO in ch.qos.logback.core.joran.spi.ConfigurationWatchList@3fb6a447 - URL [jar:file:/root/flamestream/lib/flamestream-runtime-1.0-SNAPSHOT.jar!/logback.xml] is not of type file
15:32:19,049 |-INFO in ch.qos.logback.classic.joran.action.ConfigurationAction - debug attribute not set
15:32:19,050 |-INFO in ch.qos.logback.core.joran.action.AppenderAction - About to instantiate appender of type [ch.qos.logback.core.ConsoleAppender]
15:32:19,068 |-INFO in ch.qos.logback.core.joran.action.AppenderAction - Naming appender as [STDOUT]
15:32:19,083 |-INFO in ch.qos.logback.core.joran.action.NestedComplexPropertyIA - Assuming default type [ch.qos.logback.classic.encoder.PatternLayoutEncoder] for [encoder] property
15:32:19,165 |-INFO in ch.qos.logback.core.joran.action.AppenderAction - About to instantiate appender of type [ch.qos.logback.core.rolling.RollingFileAppender]
15:32:19,174 |-INFO in ch.qos.logback.core.joran.action.AppenderAction - Naming appender as [FILE]
15:32:19,204 |-INFO in c.q.l.core.rolling.TimeBasedRollingPolicy@127618319 - No compression will be used
15:32:19,206 |-INFO in c.q.l.core.rolling.TimeBasedRollingPolicy@127618319 - Will use the pattern /tmp/application_%d{yyyy-MM-dd}.%i.log for the active file
15:32:19,209 |-INFO in ch.qos.logback.core.rolling.SizeAndTimeBasedFNATP@6b2fad11 - The date pattern is 'yyyy-MM-dd' from file name pattern '/tmp/application_%d{yyyy-MM-dd}.%i.log'.
15:32:19,209 |-INFO in ch.qos.logback.core.rolling.SizeAndTimeBasedFNATP@6b2fad11 - Roll-over at midnight.
15:32:19,214 |-INFO in ch.qos.logback.core.rolling.SizeAndTimeBasedFNATP@6b2fad11 - Setting initial period to Mon Jun 10 15:31:06 UTC 2019
15:32:19,214 |-WARN in ch.qos.logback.core.rolling.SizeAndTimeBasedFNATP@6b2fad11 - SizeAndTimeBasedFNATP is deprecated. Use SizeAndTimeBasedRollingPolicy instead
15:32:19,214 |-WARN in ch.qos.logback.core.rolling.SizeAndTimeBasedFNATP@6b2fad11 - For more information see http://logback.qos.ch/manual/appenders.html#SizeAndTimeBasedRollingPolicy
15:32:19,218 |-INFO in ch.qos.logback.core.joran.action.NestedComplexPropertyIA - Assuming default type [ch.qos.logback.classic.encoder.PatternLayoutEncoder] for [encoder] property
15:32:19,223 |-INFO in ch.qos.logback.core.rolling.RollingFileAppender[FILE] - Active log file name: /tmp/application.log
15:32:19,223 |-INFO in ch.qos.logback.core.rolling.RollingFileAppender[FILE] - File property is set to [/tmp/application.log]
15:32:19,223 |-INFO in ch.qos.logback.classic.joran.action.RootLoggerAction - Setting level of ROOT logger to WARN
15:32:19,223 |-INFO in ch.qos.logback.core.joran.action.AppenderRefAction - Attaching appender named [STDOUT] to Logger[ROOT]
15:32:19,225 |-INFO in ch.qos.logback.core.joran.action.AppenderRefAction - Attaching appender named [FILE] to Logger[ROOT]
15:32:19,225 |-INFO in ch.qos.logback.classic.joran.action.ConfigurationAction - End of configuration.
15:32:19,226 |-INFO in ch.qos.logback.classic.joran.JoranConfigurator@79698539 - Registering current configuration as safe fallback point

Ama winner
Ama winner
2019-06-10T15:32:20.487+0000: 1.711: [Full GC (Metadata GC Threshold) 2019-06-10T15:32:20.487+0000: 1.711: [Tenured: 0K->15144K(341376K), 0.0397075 secs] 114987K->15144K(494976K), [Metaspace: 20733K->20733K(1067008K)], 0.0397731 secs] [Times: user=0.03 sys=0.00, real=0.04 secs] 
15:32:36.986 [Curator-PathChildrenCache-2] WARN  o.a.c.u.ZKPaths  - The version of ZooKeeper being used doesn't support Container nodes. CreateMode.PERSISTENT will be used instead.
2019-06-10T15:32:39.455+0000: 20.679: [GC (Allocation Failure) 2019-06-10T15:32:39.455+0000: 20.679: [DefNew: 136576K->17023K(153600K), 0.0272483 secs] 151720K->52880K(494976K), 0.0273193 secs] [Times: user=0.03 sys=0.00, real=0.02 secs] 
2019-06-10T15:32:39.997+0000: 21.221: [Full GC (Metadata GC Threshold) 2019-06-10T15:32:39.997+0000: 21.221: [Tenured: 35856K->44622K(341376K), 0.0738434 secs] 71652K->44622K(494976K), [Metaspace: 34643K->34643K(1079296K)], 0.0739201 secs] [Times: user=0.07 sys=0.01, real=0.07 secs] 
2019-06-10T15:32:44.149+0000: 25.373: [GC (Allocation Failure) 2019-06-10T15:32:44.149+0000: 25.373: [DefNew: 136576K->214K(153600K), 0.0022794 secs] 181198K->44836K(494976K), 0.0023460 secs] [Times: user=0.00 sys=0.00, real=0.00 secs] 
2019-06-10T15:32:48.149+0000: 29.373: [GC (Allocation Failure) 2019-06-10T15:32:48.149+0000: 29.373: [DefNew: 136790K->220K(153600K), 0.0019883 secs] 181412K->44843K(494976K), 0.0020464 secs] [Times: user=0.01 sys=0.00, real=0.00 secs] 
2019-06-10T15:32:52.078+0000: 33.303: [GC (Allocation Failure) 2019-06-10T15:32:52.079+0000: 33.303: [DefNew: 136796K->229K(153600K), 0.0021753 secs] 181419K->44852K(494976K), 0.0034102 secs] [Times: user=0.00 sys=0.00, real=0.00 secs] 
2019-06-10T15:32:55.988+0000: 37.212: [GC (Allocation Failure) 2019-06-10T15:32:55.988+0000: 37.212: [DefNew: 136805K->222K(153600K), 0.0020241 secs] 181428K->44844K(494976K), 0.0020841 secs] [Times: user=0.00 sys=0.00, real=0.00 secs] 
2019-06-10T15:32:59.867+0000: 41.092: [GC (Allocation Failure) 2019-06-10T15:32:59.867+0000: 41.092: [DefNew: 136798K->224K(153600K), 0.0020390 secs] 181420K->44847K(494976K), 0.0021034 secs] [Times: user=0.00 sys=0.00, real=0.00 secs] 
2019-06-10T15:33:03.789+0000: 45.014: [GC (Allocation Failure) 2019-06-10T15:33:03.790+0000: 45.014: [DefNew: 136800K->227K(153600K), 0.0020718 secs] 181423K->44849K(494976K), 0.0021346 secs] [Times: user=0.00 sys=0.00, real=0.00 secs] 
2019-06-10T15:33:07.765+0000: 48.990: [GC (Allocation Failure) 2019-06-10T15:33:07.765+0000: 48.990: [DefNew: 136803K->223K(153600K), 0.0020186 secs] 181425K->44846K(494976K), 0.0020763 secs] [Times: user=0.00 sys=0.00, real=0.00 secs] 
15:33:13.883 [Curator-PathChildrenCache-0] ERROR o.a.c.f.r.c.PathChildrenCache  - 
java.lang.IllegalStateException: instance must be started before calling this method
	at org.apache.curator.shaded.com.google.common.base.Preconditions.checkState(Preconditions.java:444)
	at org.apache.curator.framework.imps.CuratorFrameworkImpl.getChildren(CuratorFrameworkImpl.java:456)
	at org.apache.curator.framework.recipes.cache.PathChildrenCache.refresh(PathChildrenCache.java:521)
	at org.apache.curator.framework.recipes.cache.RefreshOperation.invoke(RefreshOperation.java:35)
	at org.apache.curator.framework.recipes.cache.PathChildrenCache$9.run(PathChildrenCache.java:786)
	at java.util.concurrent.Executors$RunnableAdapter.call(Executors.java:511)
	at java.util.concurrent.FutureTask.run(FutureTask.java:266)
	at java.util.concurrent.Executors$RunnableAdapter.call(Executors.java:511)
	at java.util.concurrent.FutureTask.run(FutureTask.java:266)
	at java.util.concurrent.ThreadPoolExecutor.runWorker(ThreadPoolExecutor.java:1149)
	at java.util.concurrent.ThreadPoolExecutor$Worker.run(ThreadPoolExecutor.java:624)
	at java.lang.Thread.run(Thread.java:748)
Heap
 def new generation   total 153600K, used 68276K [0x00000000e0c00000, 0x00000000eb2a0000, 0x00000000eb2a0000)
  eden space 136576K,  49% used [0x00000000e0c00000, 0x00000000e4e75140, 0x00000000e9160000)
  from space 17024K,   1% used [0x00000000e9160000, 0x00000000e9197fa0, 0x00000000ea200000)
  to   space 17024K,   0% used [0x00000000ea200000, 0x00000000ea200000, 0x00000000eb2a0000)
 tenured generation   total 341376K, used 44622K [0x00000000eb2a0000, 0x0000000100000000, 0x0000000100000000)
   the space 341376K,  13% used [0x00000000eb2a0000, 0x00000000ede33af8, 0x00000000ede33c00, 0x0000000100000000)
 Metaspace       used 35973K, capacity 36930K, committed 37120K, reserved 1081344K
  class space    used 4858K, capacity 5059K, committed 5120K, reserved 1048576K
