22:32:51,935 |-INFO in ch.qos.logback.classic.LoggerContext[default] - Could NOT find resource [logback-test.xml]
22:32:51,935 |-INFO in ch.qos.logback.classic.LoggerContext[default] - Could NOT find resource [logback.groovy]
22:32:51,935 |-INFO in ch.qos.logback.classic.LoggerContext[default] - Found resource [logback.xml] at [jar:file:/home/nikitasokolov/flamestream/lib/flamestream-runtime-1.0-SNAPSHOT.jar!/logback.xml]
22:32:51,936 |-WARN in ch.qos.logback.classic.LoggerContext[default] - Resource [logback.xml] occurs multiple times on the classpath.
22:32:51,936 |-WARN in ch.qos.logback.classic.LoggerContext[default] - Resource [logback.xml] occurs at [jar:file:/home/nikitasokolov/flamestream/lib/flamestream-runtime-1.0-SNAPSHOT.jar!/logback.xml]
22:32:51,936 |-WARN in ch.qos.logback.classic.LoggerContext[default] - Resource [logback.xml] occurs at [jar:file:/home/nikitasokolov/flamestream/flamestream-runtime-1.0-SNAPSHOT.jar!/logback.xml]
22:32:51,952 |-INFO in ch.qos.logback.core.joran.spi.ConfigurationWatchList@6108b2d7 - URL [jar:file:/home/nikitasokolov/flamestream/lib/flamestream-runtime-1.0-SNAPSHOT.jar!/logback.xml] is not of type file
22:32:52,001 |-INFO in ch.qos.logback.classic.joran.action.ConfigurationAction - debug attribute not set
22:32:52,002 |-INFO in ch.qos.logback.core.joran.action.AppenderAction - About to instantiate appender of type [ch.qos.logback.core.ConsoleAppender]
22:32:52,010 |-INFO in ch.qos.logback.core.joran.action.AppenderAction - Naming appender as [STDOUT]
22:32:52,018 |-INFO in ch.qos.logback.core.joran.action.NestedComplexPropertyIA - Assuming default type [ch.qos.logback.classic.encoder.PatternLayoutEncoder] for [encoder] property
22:32:52,071 |-INFO in ch.qos.logback.core.joran.action.AppenderAction - About to instantiate appender of type [ch.qos.logback.core.rolling.RollingFileAppender]
22:32:52,076 |-INFO in ch.qos.logback.core.joran.action.AppenderAction - Naming appender as [FILE]
22:32:52,100 |-INFO in c.q.l.core.rolling.TimeBasedRollingPolicy@357863579 - No compression will be used
22:32:52,102 |-INFO in c.q.l.core.rolling.TimeBasedRollingPolicy@357863579 - Will use the pattern /tmp/application_%d{yyyy-MM-dd}.%i.log for the active file
22:32:52,105 |-INFO in ch.qos.logback.core.rolling.SizeAndTimeBasedFNATP@6bf256fa - The date pattern is 'yyyy-MM-dd' from file name pattern '/tmp/application_%d{yyyy-MM-dd}.%i.log'.
22:32:52,105 |-INFO in ch.qos.logback.core.rolling.SizeAndTimeBasedFNATP@6bf256fa - Roll-over at midnight.
22:32:52,110 |-INFO in ch.qos.logback.core.rolling.SizeAndTimeBasedFNATP@6bf256fa - Setting initial period to Sat Jun 08 22:32:10 MSK 2019
22:32:52,110 |-WARN in ch.qos.logback.core.rolling.SizeAndTimeBasedFNATP@6bf256fa - SizeAndTimeBasedFNATP is deprecated. Use SizeAndTimeBasedRollingPolicy instead
22:32:52,110 |-WARN in ch.qos.logback.core.rolling.SizeAndTimeBasedFNATP@6bf256fa - For more information see http://logback.qos.ch/manual/appenders.html#SizeAndTimeBasedRollingPolicy
22:32:52,115 |-INFO in ch.qos.logback.core.joran.action.NestedComplexPropertyIA - Assuming default type [ch.qos.logback.classic.encoder.PatternLayoutEncoder] for [encoder] property
22:32:52,118 |-INFO in ch.qos.logback.core.rolling.RollingFileAppender[FILE] - Active log file name: /tmp/application.log
22:32:52,118 |-INFO in ch.qos.logback.core.rolling.RollingFileAppender[FILE] - File property is set to [/tmp/application.log]
22:32:52,119 |-INFO in ch.qos.logback.classic.joran.action.RootLoggerAction - Setting level of ROOT logger to WARN
22:32:52,119 |-INFO in ch.qos.logback.core.joran.action.AppenderRefAction - Attaching appender named [STDOUT] to Logger[ROOT]
22:32:52,119 |-INFO in ch.qos.logback.core.joran.action.AppenderRefAction - Attaching appender named [FILE] to Logger[ROOT]
22:32:52,119 |-INFO in ch.qos.logback.classic.joran.action.ConfigurationAction - End of configuration.
22:32:52,120 |-INFO in ch.qos.logback.classic.joran.JoranConfigurator@6cd8737 - Registering current configuration as safe fallback point

2019-06-08T22:32:53.112+0300: 1.374: [GC (Metadata GC Threshold) [PSYoungGen: 108152K->15904K(149504K)] 108152K->15984K(491008K), 0.0215356 secs] [Times: user=0.08 sys=0.03, real=0.02 secs] 
2019-06-08T22:32:53.133+0300: 1.395: [Full GC (Metadata GC Threshold) [PSYoungGen: 15904K->0K(149504K)] [ParOldGen: 80K->14981K(341504K)] 15984K->14981K(491008K), [Metaspace: 20803K->20803K(1067008K)], 0.0280721 secs] [Times: user=0.17 sys=0.01, real=0.03 secs] 
22:33:03.986 [Curator-PathChildrenCache-1] WARN  o.a.c.u.ZKPaths  - The version of ZooKeeper being used doesn't support Container nodes. CreateMode.PERSISTENT will be used instead.
2019-06-08T22:33:05.040+0300: 13.302: [GC (Metadata GC Threshold) [PSYoungGen: 125158K->15697K(149504K)] 140140K->50219K(491008K), 0.0337226 secs] [Times: user=0.28 sys=0.03, real=0.03 secs] 
2019-06-08T22:33:05.073+0300: 13.335: [Full GC (Metadata GC Threshold) [PSYoungGen: 15697K->0K(149504K)] [ParOldGen: 34521K->38884K(341504K)] 50219K->38884K(491008K), [Metaspace: 34566K->34566K(1079296K)], 0.0442884 secs] [Times: user=0.25 sys=0.02, real=0.05 secs] 
2019-06-08T22:33:08.139+0300: 16.402: [GC (Allocation Failure) [PSYoungGen: 128512K->544K(149504K)] 167396K->39436K(491008K), 0.0048503 secs] [Times: user=0.03 sys=0.01, real=0.00 secs] 
2019-06-08T22:33:11.582+0300: 19.844: [GC (Allocation Failure) [PSYoungGen: 129056K->512K(149504K)] 167948K->39404K(491008K), 0.0039697 secs] [Times: user=0.02 sys=0.00, real=0.00 secs] 
2019-06-08T22:33:15.065+0300: 23.327: [GC (Allocation Failure) [PSYoungGen: 129024K->480K(129024K)] 167916K->39380K(470528K), 0.0030621 secs] [Times: user=0.01 sys=0.00, real=0.00 secs] 
2019-06-08T22:33:18.564+0300: 26.826: [GC (Allocation Failure) [PSYoungGen: 128992K->480K(150016K)] 167892K->39388K(491520K), 0.0055109 secs] [Times: user=0.03 sys=0.00, real=0.00 secs] 
2019-06-08T22:33:22.081+0300: 30.343: [GC (Allocation Failure) [PSYoungGen: 128992K->448K(148992K)] 167900K->39364K(490496K), 0.0029800 secs] [Times: user=0.01 sys=0.00, real=0.00 secs] 
2019-06-08T22:33:25.613+0300: 33.875: [GC (Allocation Failure) [PSYoungGen: 128960K->448K(151552K)] 167876K->39372K(493056K), 0.0045012 secs] [Times: user=0.03 sys=0.00, real=0.01 secs] 
2019-06-08T22:33:29.212+0300: 37.474: [GC (Allocation Failure) [PSYoungGen: 132544K->416K(151040K)] 171468K->39348K(492544K), 0.0029869 secs] [Times: user=0.01 sys=0.00, real=0.00 secs] 
2019-06-08T22:33:32.845+0300: 41.107: [GC (Allocation Failure) [PSYoungGen: 132512K->416K(153088K)] 171444K->39356K(494592K), 0.0575479 secs] [Times: user=0.01 sys=0.00, real=0.06 secs] 
2019-06-08T22:33:36.567+0300: 44.829: [GC (Allocation Failure) [PSYoungGen: 135584K->416K(152576K)] 174524K->39356K(494080K), 0.0030293 secs] [Times: user=0.01 sys=0.00, real=0.01 secs] 
2019-06-08T22:33:40.278+0300: 48.540: [GC (Allocation Failure) [PSYoungGen: 135584K->448K(155136K)] 174524K->39396K(496640K), 0.0052559 secs] [Times: user=0.03 sys=0.00, real=0.01 secs] 
2019-06-08T22:33:44.041+0300: 52.303: [GC (Allocation Failure) [PSYoungGen: 139200K->480K(154112K)] 178148K->39436K(495616K), 0.0041291 secs] [Times: user=0.01 sys=0.00, real=0.00 secs] 
2019-06-08T22:33:47.860+0300: 56.122: [GC (Allocation Failure) [PSYoungGen: 139232K->416K(156672K)] 178188K->39372K(498176K), 0.0031761 secs] [Times: user=0.02 sys=0.00, real=0.00 secs] 
2019-06-08T22:33:51.769+0300: 60.031: [GC (Allocation Failure) [PSYoungGen: 142240K->544K(155648K)] 181196K->39500K(497152K), 0.0023011 secs] [Times: user=0.00 sys=0.01, real=0.01 secs] 
2019-06-08T22:33:56.117+0300: 64.379: [GC (Allocation Failure) [PSYoungGen: 142368K->951K(158208K)] 181324K->39915K(499712K), 0.0037947 secs] [Times: user=0.01 sys=0.00, real=0.01 secs] 
2019-06-08T22:34:01.089+0300: 69.351: [GC (Allocation Failure) [PSYoungGen: 145847K->544K(157184K)] 184811K->39516K(498688K), 0.0029811 secs] [Times: user=0.01 sys=0.00, real=0.01 secs] 
2019-06-08T22:34:06.051+0300: 74.313: [GC (Allocation Failure) [PSYoungGen: 145440K->448K(159232K)] 184412K->39676K(500736K), 0.0032130 secs] [Times: user=0.01 sys=0.00, real=0.00 secs] 
2019-06-08T22:34:11.144+0300: 79.406: [GC (Allocation Failure) [PSYoungGen: 147904K->416K(158720K)] 187132K->39708K(500224K), 0.0040814 secs] [Times: user=0.02 sys=0.00, real=0.00 secs] 
22:34:21.020 [Curator-PathChildrenCache-0] ERROR o.a.c.f.r.c.PathChildrenCache  - 
java.lang.IllegalStateException: instance must be started before calling this method
	at org.apache.curator.shaded.com.google.common.base.Preconditions.checkState(Preconditions.java:444)
	at org.apache.curator.framework.imps.CuratorFrameworkImpl.getChildren(CuratorFrameworkImpl.java:456)
	at org.apache.curator.framework.recipes.cache.PathChildrenCache.refresh(PathChildrenCache.java:521)
	at org.apache.curator.framework.recipes.cache.RefreshOperation.invoke(RefreshOperation.java:35)
	at org.apache.curator.framework.recipes.cache.PathChildrenCache$9.run(PathChildrenCache.java:786)
	at java.util.concurrent.Executors$RunnableAdapter.call(Executors.java:511)
	at java.util.concurrent.FutureTask.run(FutureTask.java:266)
	at java.util.concurrent.Executors$RunnableAdapter.call(Executors.java:511)
	at java.util.concurrent.FutureTask.run(FutureTask.java:266)
	at java.util.concurrent.ThreadPoolExecutor.runWorker(ThreadPoolExecutor.java:1149)
	at java.util.concurrent.ThreadPoolExecutor$Worker.run(ThreadPoolExecutor.java:624)
	at java.lang.Thread.run(Thread.java:748)
Heap
 PSYoungGen      total 158720K, used 74984K [0x00000000f5980000, 0x0000000100000000, 0x0000000100000000)
  eden space 147456K, 50% used [0x00000000f5980000,0x00000000fa2522d0,0x00000000fe980000)
  from space 11264K, 3% used [0x00000000fe980000,0x00000000fe9e8030,0x00000000ff480000)
  to   space 10240K, 0% used [0x00000000ff600000,0x00000000ff600000,0x0000000100000000)
 ParOldGen       total 341504K, used 39292K [0x00000000e0c00000, 0x00000000f5980000, 0x00000000f5980000)
  object space 341504K, 11% used [0x00000000e0c00000,0x00000000e325f1a8,0x00000000f5980000)
 Metaspace       used 36232K, capacity 37030K, committed 37208K, reserved 1081344K
  class space    used 4978K, capacity 5161K, committed 5248K, reserved 1048576K
