18:09:17,754 |-INFO in ch.qos.logback.classic.LoggerContext[default] - Could NOT find resource [logback-test.xml]
18:09:17,754 |-INFO in ch.qos.logback.classic.LoggerContext[default] - Could NOT find resource [logback.groovy]
18:09:17,755 |-INFO in ch.qos.logback.classic.LoggerContext[default] - Found resource [logback.xml] at [jar:file:/root/flamestream/lib/flamestream-runtime-1.0-SNAPSHOT.jar!/logback.xml]
18:09:17,756 |-WARN in ch.qos.logback.classic.LoggerContext[default] - Resource [logback.xml] occurs multiple times on the classpath.
18:09:17,756 |-WARN in ch.qos.logback.classic.LoggerContext[default] - Resource [logback.xml] occurs at [jar:file:/root/flamestream/lib/flamestream-runtime-1.0-SNAPSHOT.jar!/logback.xml]
18:09:17,756 |-WARN in ch.qos.logback.classic.LoggerContext[default] - Resource [logback.xml] occurs at [jar:file:/root/flamestream/flamestream-runtime-1.0-SNAPSHOT.jar!/logback.xml]
18:09:17,776 |-INFO in ch.qos.logback.core.joran.spi.ConfigurationWatchList@3fb6a447 - URL [jar:file:/root/flamestream/lib/flamestream-runtime-1.0-SNAPSHOT.jar!/logback.xml] is not of type file
18:09:17,849 |-INFO in ch.qos.logback.classic.joran.action.ConfigurationAction - debug attribute not set
18:09:17,850 |-INFO in ch.qos.logback.core.joran.action.AppenderAction - About to instantiate appender of type [ch.qos.logback.core.ConsoleAppender]
18:09:17,864 |-INFO in ch.qos.logback.core.joran.action.AppenderAction - Naming appender as [STDOUT]
18:09:17,887 |-INFO in ch.qos.logback.core.joran.action.NestedComplexPropertyIA - Assuming default type [ch.qos.logback.classic.encoder.PatternLayoutEncoder] for [encoder] property
18:09:17,975 |-INFO in ch.qos.logback.core.joran.action.AppenderAction - About to instantiate appender of type [ch.qos.logback.core.rolling.RollingFileAppender]
18:09:17,980 |-INFO in ch.qos.logback.core.joran.action.AppenderAction - Naming appender as [FILE]
18:09:18,011 |-INFO in c.q.l.core.rolling.TimeBasedRollingPolicy@127618319 - No compression will be used
18:09:18,012 |-INFO in c.q.l.core.rolling.TimeBasedRollingPolicy@127618319 - Will use the pattern /tmp/application_%d{yyyy-MM-dd}.%i.log for the active file
18:09:18,015 |-INFO in ch.qos.logback.core.rolling.SizeAndTimeBasedFNATP@6b2fad11 - The date pattern is 'yyyy-MM-dd' from file name pattern '/tmp/application_%d{yyyy-MM-dd}.%i.log'.
18:09:18,015 |-INFO in ch.qos.logback.core.rolling.SizeAndTimeBasedFNATP@6b2fad11 - Roll-over at midnight.
18:09:18,021 |-INFO in ch.qos.logback.core.rolling.SizeAndTimeBasedFNATP@6b2fad11 - Setting initial period to Tue Jun 11 18:08:09 UTC 2019
18:09:18,021 |-WARN in ch.qos.logback.core.rolling.SizeAndTimeBasedFNATP@6b2fad11 - SizeAndTimeBasedFNATP is deprecated. Use SizeAndTimeBasedRollingPolicy instead
18:09:18,021 |-WARN in ch.qos.logback.core.rolling.SizeAndTimeBasedFNATP@6b2fad11 - For more information see http://logback.qos.ch/manual/appenders.html#SizeAndTimeBasedRollingPolicy
18:09:18,025 |-INFO in ch.qos.logback.core.joran.action.NestedComplexPropertyIA - Assuming default type [ch.qos.logback.classic.encoder.PatternLayoutEncoder] for [encoder] property
18:09:18,030 |-INFO in ch.qos.logback.core.rolling.RollingFileAppender[FILE] - Active log file name: /tmp/application.log
18:09:18,030 |-INFO in ch.qos.logback.core.rolling.RollingFileAppender[FILE] - File property is set to [/tmp/application.log]
18:09:18,031 |-INFO in ch.qos.logback.classic.joran.action.RootLoggerAction - Setting level of ROOT logger to WARN
18:09:18,031 |-INFO in ch.qos.logback.core.joran.action.AppenderRefAction - Attaching appender named [STDOUT] to Logger[ROOT]
18:09:18,033 |-INFO in ch.qos.logback.core.joran.action.AppenderRefAction - Attaching appender named [FILE] to Logger[ROOT]
18:09:18,033 |-INFO in ch.qos.logback.classic.joran.action.ConfigurationAction - End of configuration.
18:09:18,033 |-INFO in ch.qos.logback.classic.joran.JoranConfigurator@79698539 - Registering current configuration as safe fallback point

Ama winner
Ama winner
2019-06-11T18:09:19.447+0000: 1.884: [Full GC (Metadata GC Threshold) 2019-06-11T18:09:19.447+0000: 1.884: [Tenured: 0K->15144K(341376K), 0.0745902 secs] 115051K->15144K(494976K), [Metaspace: 20736K->20736K(1067008K)], 0.0746584 secs] [Times: user=0.03 sys=0.01, real=0.08 secs] 
18:09:30.911 [Curator-PathChildrenCache-2] WARN  o.a.c.u.ZKPaths  - The version of ZooKeeper being used doesn't support Container nodes. CreateMode.PERSISTENT will be used instead.
2019-06-11T18:09:32.837+0000: 15.274: [GC (Allocation Failure) 2019-06-11T18:09:32.837+0000: 15.274: [DefNew: 136576K->14190K(153600K), 0.0264934 secs] 151720K->48866K(494976K), 0.0265663 secs] [Times: user=0.03 sys=0.00, real=0.02 secs] 
2019-06-11T18:09:35.070+0000: 17.507: [Full GC (Metadata GC Threshold) 2019-06-11T18:09:35.070+0000: 17.507: [Tenured: 34675K->39369K(341376K), 0.0617253 secs] 152098K->39369K(494976K), [Metaspace: 34625K->34625K(1079296K)], 0.0617954 secs] [Times: user=0.06 sys=0.01, real=0.06 secs] 
2019-06-11T18:09:37.293+0000: 19.730: [GC (Allocation Failure) 2019-06-11T18:09:37.293+0000: 19.730: [DefNew: 136576K->249K(153600K), 0.0018788 secs] 175945K->39619K(494976K), 0.0019411 secs] [Times: user=0.00 sys=0.00, real=0.00 secs] 
2019-06-11T18:09:40.097+0000: 22.534: [GC (Allocation Failure) 2019-06-11T18:09:40.097+0000: 22.534: [DefNew: 136825K->137K(153600K), 0.0017462 secs] 176195K->39507K(494976K), 0.0018012 secs] [Times: user=0.01 sys=0.00, real=0.00 secs] 
2019-06-11T18:09:42.634+0000: 25.071: [GC (Allocation Failure) 2019-06-11T18:09:42.634+0000: 25.071: [DefNew: 136713K->148K(153600K), 0.0017136 secs] 176083K->39518K(494976K), 0.0017667 secs] [Times: user=0.00 sys=0.00, real=0.00 secs] 
2019-06-11T18:09:45.358+0000: 27.795: [GC (Allocation Failure) 2019-06-11T18:09:45.359+0000: 27.795: [DefNew: 136724K->125K(153600K), 0.0016934 secs] 176094K->39494K(494976K), 0.0017583 secs] [Times: user=0.00 sys=0.00, real=0.00 secs] 
2019-06-11T18:09:48.292+0000: 30.729: [GC (Allocation Failure) 2019-06-11T18:09:48.292+0000: 30.729: [DefNew: 136701K->120K(153600K), 0.0016599 secs] 176070K->39490K(494976K), 0.0017128 secs] [Times: user=0.00 sys=0.00, real=0.00 secs] 
2019-06-11T18:09:51.203+0000: 33.640: [GC (Allocation Failure) 2019-06-11T18:09:51.203+0000: 33.640: [DefNew: 136696K->124K(153600K), 0.0017159 secs] 176066K->39494K(494976K), 0.0017701 secs] [Times: user=0.00 sys=0.00, real=0.00 secs] 
2019-06-11T18:09:54.118+0000: 36.555: [GC (Allocation Failure) 2019-06-11T18:09:54.118+0000: 36.555: [DefNew: 136700K->126K(153600K), 0.0016970 secs] 176070K->39496K(494976K), 0.0017782 secs] [Times: user=0.00 sys=0.00, real=0.00 secs] 
2019-06-11T18:09:57.032+0000: 39.469: [GC (Allocation Failure) 2019-06-11T18:09:57.032+0000: 39.469: [DefNew: 136702K->124K(153600K), 0.0017258 secs] 176072K->39493K(494976K), 0.0017804 secs] [Times: user=0.00 sys=0.00, real=0.00 secs] 
2019-06-11T18:09:59.970+0000: 42.407: [GC (Allocation Failure) 2019-06-11T18:09:59.970+0000: 42.407: [DefNew: 136700K->125K(153600K), 0.0016761 secs] 176069K->39495K(494976K), 0.0017328 secs] [Times: user=0.00 sys=0.00, real=0.00 secs] 
2019-06-11T18:10:02.928+0000: 45.365: [GC (Allocation Failure) 2019-06-11T18:10:02.928+0000: 45.365: [DefNew: 136701K->129K(153600K), 0.0017718 secs] 176071K->39499K(494976K), 0.0018286 secs] [Times: user=0.00 sys=0.00, real=0.01 secs] 
2019-06-11T18:10:05.856+0000: 48.293: [GC (Allocation Failure) 2019-06-11T18:10:05.856+0000: 48.293: [DefNew: 136705K->134K(153600K), 0.0017141 secs] 176075K->39503K(494976K), 0.0017699 secs] [Times: user=0.00 sys=0.00, real=0.01 secs] 
2019-06-11T18:10:08.765+0000: 51.202: [GC (Allocation Failure) 2019-06-11T18:10:08.765+0000: 51.202: [DefNew: 136710K->126K(153600K), 0.0017043 secs] 176079K->39495K(494976K), 0.0017622 secs] [Times: user=0.00 sys=0.00, real=0.00 secs] 
2019-06-11T18:10:11.706+0000: 54.143: [GC (Allocation Failure) 2019-06-11T18:10:11.706+0000: 54.143: [DefNew: 136702K->126K(153600K), 0.0018018 secs] 176071K->39495K(494976K), 0.0018576 secs] [Times: user=0.00 sys=0.00, real=0.00 secs] 
2019-06-11T18:10:14.642+0000: 57.079: [GC (Allocation Failure) 2019-06-11T18:10:14.643+0000: 57.079: [DefNew: 136702K->130K(153600K), 0.0017312 secs] 176071K->39500K(494976K), 0.0017885 secs] [Times: user=0.00 sys=0.00, real=0.00 secs] 
2019-06-11T18:10:17.575+0000: 60.012: [GC (Allocation Failure) 2019-06-11T18:10:17.575+0000: 60.012: [DefNew: 136706K->130K(153600K), 0.0017581 secs] 176076K->39500K(494976K), 0.0018168 secs] [Times: user=0.00 sys=0.00, real=0.01 secs] 
2019-06-11T18:10:21.072+0000: 63.510: [GC (Allocation Failure) 2019-06-11T18:10:21.073+0000: 63.510: [DefNew: 136706K->414K(153600K), 0.0021975 secs] 176076K->39832K(494976K), 0.0031889 secs] [Times: user=0.00 sys=0.00, real=0.00 secs] 
2019-06-11T18:10:24.518+0000: 66.955: [GC (Allocation Failure) 2019-06-11T18:10:24.518+0000: 66.955: [DefNew: 136990K->141K(153600K), 0.0019294 secs] 176408K->39566K(494976K), 0.0019988 secs] [Times: user=0.00 sys=0.00, real=0.00 secs] 
2019-06-11T18:10:28.242+0000: 70.679: [GC (Allocation Failure) 2019-06-11T18:10:28.242+0000: 70.679: [DefNew: 136717K->133K(153600K), 0.0018600 secs] 176142K->39564K(494976K), 0.0019145 secs] [Times: user=0.00 sys=0.00, real=0.00 secs] 
2019-06-11T18:10:31.978+0000: 74.415: [GC (Allocation Failure) 2019-06-11T18:10:31.978+0000: 74.415: [DefNew: 136709K->132K(153600K), 0.0018607 secs] 176140K->39562K(494976K), 0.0019171 secs] [Times: user=0.01 sys=0.00, real=0.00 secs] 
2019-06-11T18:10:35.734+0000: 78.171: [GC (Allocation Failure) 2019-06-11T18:10:35.734+0000: 78.171: [DefNew: 136708K->130K(153600K), 0.0018597 secs] 176138K->39562K(494976K), 0.0019156 secs] [Times: user=0.00 sys=0.00, real=0.00 secs] 
2019-06-11T18:10:39.465+0000: 81.902: [GC (Allocation Failure) 2019-06-11T18:10:39.466+0000: 81.902: [DefNew: 136706K->127K(153600K), 0.0018262 secs] 176138K->39562K(494976K), 0.0018835 secs] [Times: user=0.00 sys=0.00, real=0.00 secs] 
2019-06-11T18:10:43.179+0000: 85.616: [GC (Allocation Failure) 2019-06-11T18:10:43.179+0000: 85.616: [DefNew: 136703K->133K(153600K), 0.0018113 secs] 176138K->39569K(494976K), 0.0018683 secs] [Times: user=0.00 sys=0.00, real=0.00 secs] 
2019-06-11T18:10:46.939+0000: 89.376: [GC (Allocation Failure) 2019-06-11T18:10:46.939+0000: 89.376: [DefNew: 136709K->126K(153600K), 0.0018002 secs] 176145K->39562K(494976K), 0.0018562 secs] [Times: user=0.01 sys=0.00, real=0.00 secs] 
2019-06-11T18:10:50.715+0000: 93.152: [GC (Allocation Failure) 2019-06-11T18:10:50.715+0000: 93.152: [DefNew: 136702K->134K(153600K), 0.0019043 secs] 176138K->39570K(494976K), 0.0019582 secs] [Times: user=0.00 sys=0.00, real=0.01 secs] 
18:11:01.126 [Curator-PathChildrenCache-0] ERROR o.a.c.f.r.c.PathChildrenCache  - 
java.lang.IllegalStateException: instance must be started before calling this method
	at org.apache.curator.shaded.com.google.common.base.Preconditions.checkState(Preconditions.java:444)
	at org.apache.curator.framework.imps.CuratorFrameworkImpl.getChildren(CuratorFrameworkImpl.java:456)
	at org.apache.curator.framework.recipes.cache.PathChildrenCache.refresh(PathChildrenCache.java:521)
	at org.apache.curator.framework.recipes.cache.RefreshOperation.invoke(RefreshOperation.java:35)
	at org.apache.curator.framework.recipes.cache.PathChildrenCache$9.run(PathChildrenCache.java:786)
	at java.util.concurrent.Executors$RunnableAdapter.call(Executors.java:511)
	at java.util.concurrent.FutureTask.run(FutureTask.java:266)
	at java.util.concurrent.Executors$RunnableAdapter.call(Executors.java:511)
	at java.util.concurrent.FutureTask.run(FutureTask.java:266)
	at java.util.concurrent.ThreadPoolExecutor.runWorker(ThreadPoolExecutor.java:1149)
	at java.util.concurrent.ThreadPoolExecutor$Worker.run(ThreadPoolExecutor.java:624)
	at java.lang.Thread.run(Thread.java:748)
Heap
 def new generation   total 153600K, used 121307K [0x00000000e0c00000, 0x00000000eb2a0000, 0x00000000eb2a0000)
  eden space 136576K,  88% used [0x00000000e0c00000, 0x00000000e82556d0, 0x00000000e9160000)
  from space 17024K,   0% used [0x00000000ea200000, 0x00000000ea221870, 0x00000000eb2a0000)
  to   space 17024K,   0% used [0x00000000e9160000, 0x00000000e9160000, 0x00000000ea200000)
 tenured generation   total 341376K, used 39436K [0x00000000eb2a0000, 0x0000000100000000, 0x0000000100000000)
   the space 341376K,  11% used [0x00000000eb2a0000, 0x00000000ed9232a8, 0x00000000ed923400, 0x0000000100000000)
 Metaspace       used 36025K, capacity 36926K, committed 37120K, reserved 1081344K
  class space    used 4877K, capacity 5075K, committed 5120K, reserved 1048576K
