17:05:49,568 |-INFO in ch.qos.logback.classic.LoggerContext[default] - Could NOT find resource [logback-test.xml]
17:05:49,568 |-INFO in ch.qos.logback.classic.LoggerContext[default] - Could NOT find resource [logback.groovy]
17:05:49,572 |-INFO in ch.qos.logback.classic.LoggerContext[default] - Found resource [logback.xml] at [jar:file:/root/flamestream/lib/flamestream-runtime-1.0-SNAPSHOT.jar!/logback.xml]
17:05:49,573 |-WARN in ch.qos.logback.classic.LoggerContext[default] - Resource [logback.xml] occurs multiple times on the classpath.
17:05:49,573 |-WARN in ch.qos.logback.classic.LoggerContext[default] - Resource [logback.xml] occurs at [jar:file:/root/flamestream/lib/flamestream-runtime-1.0-SNAPSHOT.jar!/logback.xml]
17:05:49,573 |-WARN in ch.qos.logback.classic.LoggerContext[default] - Resource [logback.xml] occurs at [jar:file:/root/flamestream/flamestream-runtime-1.0-SNAPSHOT.jar!/logback.xml]
17:05:49,593 |-INFO in ch.qos.logback.core.joran.spi.ConfigurationWatchList@3fb6a447 - URL [jar:file:/root/flamestream/lib/flamestream-runtime-1.0-SNAPSHOT.jar!/logback.xml] is not of type file
17:05:49,670 |-INFO in ch.qos.logback.classic.joran.action.ConfigurationAction - debug attribute not set
17:05:49,671 |-INFO in ch.qos.logback.core.joran.action.AppenderAction - About to instantiate appender of type [ch.qos.logback.core.ConsoleAppender]
17:05:49,685 |-INFO in ch.qos.logback.core.joran.action.AppenderAction - Naming appender as [STDOUT]
17:05:49,706 |-INFO in ch.qos.logback.core.joran.action.NestedComplexPropertyIA - Assuming default type [ch.qos.logback.classic.encoder.PatternLayoutEncoder] for [encoder] property
17:05:49,792 |-INFO in ch.qos.logback.core.joran.action.AppenderAction - About to instantiate appender of type [ch.qos.logback.core.rolling.RollingFileAppender]
17:05:49,797 |-INFO in ch.qos.logback.core.joran.action.AppenderAction - Naming appender as [FILE]
17:05:49,830 |-INFO in c.q.l.core.rolling.TimeBasedRollingPolicy@127618319 - No compression will be used
17:05:49,831 |-INFO in c.q.l.core.rolling.TimeBasedRollingPolicy@127618319 - Will use the pattern /tmp/application_%d{yyyy-MM-dd}.%i.log for the active file
17:05:49,834 |-INFO in ch.qos.logback.core.rolling.SizeAndTimeBasedFNATP@6b2fad11 - The date pattern is 'yyyy-MM-dd' from file name pattern '/tmp/application_%d{yyyy-MM-dd}.%i.log'.
17:05:49,834 |-INFO in ch.qos.logback.core.rolling.SizeAndTimeBasedFNATP@6b2fad11 - Roll-over at midnight.
17:05:49,840 |-INFO in ch.qos.logback.core.rolling.SizeAndTimeBasedFNATP@6b2fad11 - Setting initial period to Mon Jun 10 17:04:18 UTC 2019
17:05:49,840 |-WARN in ch.qos.logback.core.rolling.SizeAndTimeBasedFNATP@6b2fad11 - SizeAndTimeBasedFNATP is deprecated. Use SizeAndTimeBasedRollingPolicy instead
17:05:49,840 |-WARN in ch.qos.logback.core.rolling.SizeAndTimeBasedFNATP@6b2fad11 - For more information see http://logback.qos.ch/manual/appenders.html#SizeAndTimeBasedRollingPolicy
17:05:49,844 |-INFO in ch.qos.logback.core.joran.action.NestedComplexPropertyIA - Assuming default type [ch.qos.logback.classic.encoder.PatternLayoutEncoder] for [encoder] property
17:05:49,849 |-INFO in ch.qos.logback.core.rolling.RollingFileAppender[FILE] - Active log file name: /tmp/application.log
17:05:49,849 |-INFO in ch.qos.logback.core.rolling.RollingFileAppender[FILE] - File property is set to [/tmp/application.log]
17:05:49,850 |-INFO in ch.qos.logback.classic.joran.action.RootLoggerAction - Setting level of ROOT logger to WARN
17:05:49,850 |-INFO in ch.qos.logback.core.joran.action.AppenderRefAction - Attaching appender named [STDOUT] to Logger[ROOT]
17:05:49,852 |-INFO in ch.qos.logback.core.joran.action.AppenderRefAction - Attaching appender named [FILE] to Logger[ROOT]
17:05:49,852 |-INFO in ch.qos.logback.classic.joran.action.ConfigurationAction - End of configuration.
17:05:49,853 |-INFO in ch.qos.logback.classic.joran.JoranConfigurator@79698539 - Registering current configuration as safe fallback point

Ama winner
Ama winner
2019-06-10T17:05:51.165+0000: 1.778: [Full GC (Metadata GC Threshold) 2019-06-10T17:05:51.165+0000: 1.778: [Tenured: 0K->15176K(341376K), 0.0407337 secs] 115003K->15176K(494976K), [Metaspace: 20736K->20736K(1067008K)], 0.0407982 secs] [Times: user=0.04 sys=0.00, real=0.04 secs] 
17:06:10.498 [Curator-PathChildrenCache-1] WARN  o.a.c.u.ZKPaths  - The version of ZooKeeper being used doesn't support Container nodes. CreateMode.PERSISTENT will be used instead.
2019-06-10T17:06:12.739+0000: 23.352: [GC (Allocation Failure) 2019-06-10T17:06:12.739+0000: 23.352: [DefNew: 136576K->17023K(153600K), 0.0261727 secs] 151752K->52465K(494976K), 0.0262391 secs] [Times: user=0.03 sys=0.00, real=0.02 secs] 
2019-06-10T17:06:16.181+0000: 26.794: [Full GC (Metadata GC Threshold) 2019-06-10T17:06:16.181+0000: 26.794: [Tenured: 35441K->43858K(341376K), 0.0612394 secs] 118918K->43858K(494976K), [Metaspace: 34589K->34589K(1079296K)], 0.0613113 secs] [Times: user=0.06 sys=0.00, real=0.06 secs] 
2019-06-10T17:06:22.361+0000: 32.975: [GC (Allocation Failure) 2019-06-10T17:06:22.362+0000: 32.975: [DefNew: 136576K->58K(153600K), 0.0018426 secs] 180434K->43917K(494976K), 0.0030809 secs] [Times: user=0.00 sys=0.00, real=0.00 secs] 
2019-06-10T17:06:28.638+0000: 39.251: [GC (Allocation Failure) 2019-06-10T17:06:28.638+0000: 39.251: [DefNew: 136634K->60K(153600K), 0.0016183 secs] 180493K->43919K(494976K), 0.0016767 secs] [Times: user=0.01 sys=0.00, real=0.00 secs] 
2019-06-10T17:06:34.892+0000: 45.505: [GC (Allocation Failure) 2019-06-10T17:06:34.892+0000: 45.505: [DefNew: 136636K->61K(153600K), 0.0017549 secs] 180495K->43920K(494976K), 0.0018221 secs] [Times: user=0.00 sys=0.00, real=0.00 secs] 
2019-06-10T17:06:41.263+0000: 51.875: [GC (Allocation Failure) 2019-06-10T17:06:41.263+0000: 51.876: [DefNew: 136637K->62K(153600K), 0.0017410 secs] 180496K->43921K(494976K), 0.0018055 secs] [Times: user=0.00 sys=0.00, real=0.00 secs] 
2019-06-10T17:06:55.274+0000: 65.886: [GC (Allocation Failure) 2019-06-10T17:06:55.274+0000: 65.886: [DefNew: 136638K->422K(153600K), 0.0024273 secs] 180497K->44281K(494976K), 0.0024776 secs] [Times: user=0.01 sys=0.00, real=0.01 secs] 
17:06:55.351 [Curator-PathChildrenCache-0] ERROR o.a.c.f.r.c.PathChildrenCache  - 
java.lang.IllegalStateException: instance must be started before calling this method
	at org.apache.curator.shaded.com.google.common.base.Preconditions.checkState(Preconditions.java:444)
	at org.apache.curator.framework.imps.CuratorFrameworkImpl.getChildren(CuratorFrameworkImpl.java:456)
	at org.apache.curator.framework.recipes.cache.PathChildrenCache.refresh(PathChildrenCache.java:521)
	at org.apache.curator.framework.recipes.cache.RefreshOperation.invoke(RefreshOperation.java:35)
	at org.apache.curator.framework.recipes.cache.PathChildrenCache$9.run(PathChildrenCache.java:786)
	at java.util.concurrent.Executors$RunnableAdapter.call(Executors.java:511)
	at java.util.concurrent.FutureTask.run(FutureTask.java:266)
	at java.util.concurrent.Executors$RunnableAdapter.call(Executors.java:511)
	at java.util.concurrent.FutureTask.run(FutureTask.java:266)
	at java.util.concurrent.ThreadPoolExecutor.runWorker(ThreadPoolExecutor.java:1149)
	at java.util.concurrent.ThreadPoolExecutor$Worker.run(ThreadPoolExecutor.java:624)
	at java.lang.Thread.run(Thread.java:748)
Heap
 def new generation   total 153600K, used 13939K [0x00000000e0c00000, 0x00000000eb2a0000, 0x00000000eb2a0000)
  eden space 136576K,   9% used [0x00000000e0c00000, 0x00000000e19333f0, 0x00000000e9160000)
  from space 17024K,   2% used [0x00000000e9160000, 0x00000000e91c9948, 0x00000000ea200000)
  to   space 17024K,   0% used [0x00000000ea200000, 0x00000000ea200000, 0x00000000eb2a0000)
 tenured generation   total 341376K, used 43858K [0x00000000eb2a0000, 0x0000000100000000, 0x0000000100000000)
   the space 341376K,  12% used [0x00000000eb2a0000, 0x00000000edd74b28, 0x00000000edd74c00, 0x0000000100000000)
 Metaspace       used 35990K, capacity 36922K, committed 37120K, reserved 1081344K
  class space    used 4859K, capacity 5073K, committed 5120K, reserved 1048576K
