15:55:42,040 |-INFO in ch.qos.logback.classic.LoggerContext[default] - Could NOT find resource [logback-test.xml]
15:55:42,040 |-INFO in ch.qos.logback.classic.LoggerContext[default] - Could NOT find resource [logback.groovy]
15:55:42,040 |-INFO in ch.qos.logback.classic.LoggerContext[default] - Found resource [logback.xml] at [jar:file:/root/flamestream/lib/flamestream-runtime-1.0-SNAPSHOT.jar!/logback.xml]
15:55:42,042 |-WARN in ch.qos.logback.classic.LoggerContext[default] - Resource [logback.xml] occurs multiple times on the classpath.
15:55:42,042 |-WARN in ch.qos.logback.classic.LoggerContext[default] - Resource [logback.xml] occurs at [jar:file:/root/flamestream/lib/flamestream-runtime-1.0-SNAPSHOT.jar!/logback.xml]
15:55:42,042 |-WARN in ch.qos.logback.classic.LoggerContext[default] - Resource [logback.xml] occurs at [jar:file:/root/flamestream/flamestream-runtime-1.0-SNAPSHOT.jar!/logback.xml]
15:55:42,062 |-INFO in ch.qos.logback.core.joran.spi.ConfigurationWatchList@3fb6a447 - URL [jar:file:/root/flamestream/lib/flamestream-runtime-1.0-SNAPSHOT.jar!/logback.xml] is not of type file
15:55:42,139 |-INFO in ch.qos.logback.classic.joran.action.ConfigurationAction - debug attribute not set
15:55:42,140 |-INFO in ch.qos.logback.core.joran.action.AppenderAction - About to instantiate appender of type [ch.qos.logback.core.ConsoleAppender]
15:55:42,152 |-INFO in ch.qos.logback.core.joran.action.AppenderAction - Naming appender as [STDOUT]
15:55:42,175 |-INFO in ch.qos.logback.core.joran.action.NestedComplexPropertyIA - Assuming default type [ch.qos.logback.classic.encoder.PatternLayoutEncoder] for [encoder] property
15:55:42,261 |-INFO in ch.qos.logback.core.joran.action.AppenderAction - About to instantiate appender of type [ch.qos.logback.core.rolling.RollingFileAppender]
15:55:42,266 |-INFO in ch.qos.logback.core.joran.action.AppenderAction - Naming appender as [FILE]
15:55:42,299 |-INFO in c.q.l.core.rolling.TimeBasedRollingPolicy@127618319 - No compression will be used
15:55:42,300 |-INFO in c.q.l.core.rolling.TimeBasedRollingPolicy@127618319 - Will use the pattern /tmp/application_%d{yyyy-MM-dd}.%i.log for the active file
15:55:42,303 |-INFO in ch.qos.logback.core.rolling.SizeAndTimeBasedFNATP@6b2fad11 - The date pattern is 'yyyy-MM-dd' from file name pattern '/tmp/application_%d{yyyy-MM-dd}.%i.log'.
15:55:42,303 |-INFO in ch.qos.logback.core.rolling.SizeAndTimeBasedFNATP@6b2fad11 - Roll-over at midnight.
15:55:42,308 |-INFO in ch.qos.logback.core.rolling.SizeAndTimeBasedFNATP@6b2fad11 - Setting initial period to Mon Jun 10 15:54:24 UTC 2019
15:55:42,308 |-WARN in ch.qos.logback.core.rolling.SizeAndTimeBasedFNATP@6b2fad11 - SizeAndTimeBasedFNATP is deprecated. Use SizeAndTimeBasedRollingPolicy instead
15:55:42,308 |-WARN in ch.qos.logback.core.rolling.SizeAndTimeBasedFNATP@6b2fad11 - For more information see http://logback.qos.ch/manual/appenders.html#SizeAndTimeBasedRollingPolicy
15:55:42,312 |-INFO in ch.qos.logback.core.joran.action.NestedComplexPropertyIA - Assuming default type [ch.qos.logback.classic.encoder.PatternLayoutEncoder] for [encoder] property
15:55:42,317 |-INFO in ch.qos.logback.core.rolling.RollingFileAppender[FILE] - Active log file name: /tmp/application.log
15:55:42,317 |-INFO in ch.qos.logback.core.rolling.RollingFileAppender[FILE] - File property is set to [/tmp/application.log]
15:55:42,318 |-INFO in ch.qos.logback.classic.joran.action.RootLoggerAction - Setting level of ROOT logger to WARN
15:55:42,318 |-INFO in ch.qos.logback.core.joran.action.AppenderRefAction - Attaching appender named [STDOUT] to Logger[ROOT]
15:55:42,320 |-INFO in ch.qos.logback.core.joran.action.AppenderRefAction - Attaching appender named [FILE] to Logger[ROOT]
15:55:42,320 |-INFO in ch.qos.logback.classic.joran.action.ConfigurationAction - End of configuration.
15:55:42,321 |-INFO in ch.qos.logback.classic.joran.JoranConfigurator@79698539 - Registering current configuration as safe fallback point

Ama winner
Ama winner
2019-06-10T15:55:43.664+0000: 1.811: [Full GC (Metadata GC Threshold) 2019-06-10T15:55:43.664+0000: 1.811: [Tenured: 0K->15177K(341376K), 0.0400828 secs] 117752K->15177K(494976K), [Metaspace: 20736K->20736K(1067008K)], 0.0401530 secs] [Times: user=0.04 sys=0.01, real=0.04 secs] 
15:56:05.188 [Curator-PathChildrenCache-1] WARN  o.a.c.u.ZKPaths  - The version of ZooKeeper being used doesn't support Container nodes. CreateMode.PERSISTENT will be used instead.
2019-06-10T15:56:07.643+0000: 25.790: [GC (Allocation Failure) 2019-06-10T15:56:07.643+0000: 25.790: [DefNew: 136576K->17023K(153600K), 0.0309456 secs] 151753K->52477K(494976K), 0.0310172 secs] [Times: user=0.03 sys=0.00, real=0.03 secs] 
2019-06-10T15:56:08.788+0000: 26.935: [Full GC (Metadata GC Threshold) 2019-06-10T15:56:08.788+0000: 26.935: [Tenured: 35453K->43846K(341376K), 0.0602739 secs] 79498K->43846K(494976K), [Metaspace: 34579K->34579K(1079296K)], 0.0603539 secs] [Times: user=0.06 sys=0.00, real=0.06 secs] 
2019-06-10T15:56:14.878+0000: 33.025: [GC (Allocation Failure) 2019-06-10T15:56:14.878+0000: 33.025: [DefNew: 136576K->73K(153600K), 0.0017618 secs] 180422K->43919K(494976K), 0.0018192 secs] [Times: user=0.01 sys=0.00, real=0.00 secs] 
2019-06-10T15:56:20.925+0000: 39.072: [GC (Allocation Failure) 2019-06-10T15:56:20.925+0000: 39.072: [DefNew: 136649K->69K(153600K), 0.0017920 secs] 180495K->43915K(494976K), 0.0018675 secs] [Times: user=0.00 sys=0.00, real=0.00 secs] 
2019-06-10T15:56:26.968+0000: 45.116: [GC (Allocation Failure) 2019-06-10T15:56:26.968+0000: 45.116: [DefNew: 136645K->75K(153600K), 0.0017928 secs] 180491K->43921K(494976K), 0.0018529 secs] [Times: user=0.00 sys=0.00, real=0.01 secs] 
2019-06-10T15:56:33.048+0000: 51.195: [GC (Allocation Failure) 2019-06-10T15:56:33.048+0000: 51.195: [DefNew: 136651K->73K(153600K), 0.0018574 secs] 180497K->43919K(494976K), 0.0019183 secs] [Times: user=0.00 sys=0.00, real=0.01 secs] 
2019-06-10T15:56:39.124+0000: 57.272: [GC (Allocation Failure) 2019-06-10T15:56:39.124+0000: 57.272: [DefNew: 136649K->77K(153600K), 0.0018140 secs] 180495K->43923K(494976K), 0.0018757 secs] [Times: user=0.00 sys=0.00, real=0.00 secs] 
15:56:52.461 [Curator-PathChildrenCache-0] ERROR o.a.c.f.r.c.PathChildrenCache  - 
java.lang.IllegalStateException: instance must be started before calling this method
	at org.apache.curator.shaded.com.google.common.base.Preconditions.checkState(Preconditions.java:444)
	at org.apache.curator.framework.imps.CuratorFrameworkImpl.getChildren(CuratorFrameworkImpl.java:456)
	at org.apache.curator.framework.recipes.cache.PathChildrenCache.refresh(PathChildrenCache.java:521)
	at org.apache.curator.framework.recipes.cache.RefreshOperation.invoke(RefreshOperation.java:35)
	at org.apache.curator.framework.recipes.cache.PathChildrenCache$9.run(PathChildrenCache.java:786)
	at java.util.concurrent.Executors$RunnableAdapter.call(Executors.java:511)
	at java.util.concurrent.FutureTask.run(FutureTask.java:266)
	at java.util.concurrent.Executors$RunnableAdapter.call(Executors.java:511)
	at java.util.concurrent.FutureTask.run(FutureTask.java:266)
	at java.util.concurrent.ThreadPoolExecutor.runWorker(ThreadPoolExecutor.java:1149)
	at java.util.concurrent.ThreadPoolExecutor$Worker.run(ThreadPoolExecutor.java:624)
	at java.lang.Thread.run(Thread.java:748)
Heap
 def new generation   total 153600K, used 92533K [0x00000000e0c00000, 0x00000000eb2a0000, 0x00000000eb2a0000)
  eden space 136576K,  67% used [0x00000000e0c00000, 0x00000000e664a2d0, 0x00000000e9160000)
  from space 17024K,   0% used [0x00000000e9160000, 0x00000000e9173478, 0x00000000ea200000)
  to   space 17024K,   0% used [0x00000000ea200000, 0x00000000ea200000, 0x00000000eb2a0000)
 tenured generation   total 341376K, used 43846K [0x00000000eb2a0000, 0x0000000100000000, 0x0000000100000000)
   the space 341376K,  12% used [0x00000000eb2a0000, 0x00000000edd71808, 0x00000000edd71a00, 0x0000000100000000)
 Metaspace       used 36193K, capacity 37094K, committed 37376K, reserved 1081344K
  class space    used 4868K, capacity 5081K, committed 5120K, reserved 1048576K
