13:34:17,044 |-INFO in ch.qos.logback.classic.LoggerContext[default] - Could NOT find resource [logback-test.xml]
13:34:17,044 |-INFO in ch.qos.logback.classic.LoggerContext[default] - Could NOT find resource [logback.groovy]
13:34:17,044 |-INFO in ch.qos.logback.classic.LoggerContext[default] - Found resource [logback.xml] at [jar:file:/home/nikitasokolov/flamestream/lib/flamestream-runtime-1.0-SNAPSHOT.jar!/logback.xml]
13:34:17,045 |-WARN in ch.qos.logback.classic.LoggerContext[default] - Resource [logback.xml] occurs multiple times on the classpath.
13:34:17,045 |-WARN in ch.qos.logback.classic.LoggerContext[default] - Resource [logback.xml] occurs at [jar:file:/home/nikitasokolov/flamestream/lib/flamestream-runtime-1.0-SNAPSHOT.jar!/logback.xml]
13:34:17,045 |-WARN in ch.qos.logback.classic.LoggerContext[default] - Resource [logback.xml] occurs at [jar:file:/home/nikitasokolov/flamestream/flamestream-runtime-1.0-SNAPSHOT.jar!/logback.xml]
13:34:17,061 |-INFO in ch.qos.logback.core.joran.spi.ConfigurationWatchList@6108b2d7 - URL [jar:file:/home/nikitasokolov/flamestream/lib/flamestream-runtime-1.0-SNAPSHOT.jar!/logback.xml] is not of type file
13:34:17,112 |-INFO in ch.qos.logback.classic.joran.action.ConfigurationAction - debug attribute not set
13:34:17,113 |-INFO in ch.qos.logback.core.joran.action.AppenderAction - About to instantiate appender of type [ch.qos.logback.core.ConsoleAppender]
13:34:17,121 |-INFO in ch.qos.logback.core.joran.action.AppenderAction - Naming appender as [STDOUT]
13:34:17,129 |-INFO in ch.qos.logback.core.joran.action.NestedComplexPropertyIA - Assuming default type [ch.qos.logback.classic.encoder.PatternLayoutEncoder] for [encoder] property
13:34:17,186 |-INFO in ch.qos.logback.core.joran.action.AppenderAction - About to instantiate appender of type [ch.qos.logback.core.rolling.RollingFileAppender]
13:34:17,192 |-INFO in ch.qos.logback.core.joran.action.AppenderAction - Naming appender as [FILE]
13:34:17,216 |-INFO in c.q.l.core.rolling.TimeBasedRollingPolicy@357863579 - No compression will be used
13:34:17,218 |-INFO in c.q.l.core.rolling.TimeBasedRollingPolicy@357863579 - Will use the pattern /tmp/application_%d{yyyy-MM-dd}.%i.log for the active file
13:34:17,221 |-INFO in ch.qos.logback.core.rolling.SizeAndTimeBasedFNATP@6bf256fa - The date pattern is 'yyyy-MM-dd' from file name pattern '/tmp/application_%d{yyyy-MM-dd}.%i.log'.
13:34:17,221 |-INFO in ch.qos.logback.core.rolling.SizeAndTimeBasedFNATP@6bf256fa - Roll-over at midnight.
13:34:17,225 |-INFO in ch.qos.logback.core.rolling.SizeAndTimeBasedFNATP@6bf256fa - Setting initial period to Sun Jun 09 13:33:26 MSK 2019
13:34:17,225 |-WARN in ch.qos.logback.core.rolling.SizeAndTimeBasedFNATP@6bf256fa - SizeAndTimeBasedFNATP is deprecated. Use SizeAndTimeBasedRollingPolicy instead
13:34:17,225 |-WARN in ch.qos.logback.core.rolling.SizeAndTimeBasedFNATP@6bf256fa - For more information see http://logback.qos.ch/manual/appenders.html#SizeAndTimeBasedRollingPolicy
13:34:17,229 |-INFO in ch.qos.logback.core.joran.action.NestedComplexPropertyIA - Assuming default type [ch.qos.logback.classic.encoder.PatternLayoutEncoder] for [encoder] property
13:34:17,232 |-INFO in ch.qos.logback.core.rolling.RollingFileAppender[FILE] - Active log file name: /tmp/application.log
13:34:17,232 |-INFO in ch.qos.logback.core.rolling.RollingFileAppender[FILE] - File property is set to [/tmp/application.log]
13:34:17,233 |-INFO in ch.qos.logback.classic.joran.action.RootLoggerAction - Setting level of ROOT logger to WARN
13:34:17,233 |-INFO in ch.qos.logback.core.joran.action.AppenderRefAction - Attaching appender named [STDOUT] to Logger[ROOT]
13:34:17,234 |-INFO in ch.qos.logback.core.joran.action.AppenderRefAction - Attaching appender named [FILE] to Logger[ROOT]
13:34:17,234 |-INFO in ch.qos.logback.classic.joran.action.ConfigurationAction - End of configuration.
13:34:17,234 |-INFO in ch.qos.logback.classic.joran.JoranConfigurator@6cd8737 - Registering current configuration as safe fallback point

2019-06-09T13:34:18.214+0300: 1.365: [GC (Metadata GC Threshold) [PSYoungGen: 110722K->15835K(149504K)] 110722K->15915K(491008K), 0.0211611 secs] [Times: user=0.08 sys=0.04, real=0.02 secs] 
2019-06-09T13:34:18.235+0300: 1.386: [Full GC (Metadata GC Threshold) [PSYoungGen: 15835K->0K(149504K)] [ParOldGen: 80K->15078K(341504K)] 15915K->15078K(491008K), [Metaspace: 20800K->20800K(1067008K)], 0.0275482 secs] [Times: user=0.18 sys=0.01, real=0.03 secs] 
13:34:25.868 [Curator-PathChildrenCache-1] WARN  o.a.c.u.ZKPaths  - The version of ZooKeeper being used doesn't support Container nodes. CreateMode.PERSISTENT will be used instead.
2019-06-09T13:34:26.769+0300: 9.920: [GC (Metadata GC Threshold) [PSYoungGen: 123931K->15696K(149504K)] 139009K->50314K(491008K), 0.0278760 secs] [Times: user=0.20 sys=0.02, real=0.03 secs] 
2019-06-09T13:34:26.797+0300: 9.948: [Full GC (Metadata GC Threshold) [PSYoungGen: 15696K->0K(149504K)] [ParOldGen: 34617K->38658K(341504K)] 50314K->38658K(491008K), [Metaspace: 34548K->34548K(1079296K)], 0.0443901 secs] [Times: user=0.29 sys=0.01, real=0.05 secs] 
2019-06-09T13:34:33.903+0300: 17.054: [GC (Allocation Failure) [PSYoungGen: 128512K->416K(149504K)] 167170K->39082K(491008K), 0.0055258 secs] [Times: user=0.04 sys=0.01, real=0.00 secs] 
2019-06-09T13:34:41.684+0300: 24.835: [GC (Allocation Failure) [PSYoungGen: 128928K->416K(149504K)] 167594K->39090K(491008K), 0.0046768 secs] [Times: user=0.03 sys=0.00, real=0.00 secs] 
2019-06-09T13:34:49.571+0300: 32.722: [GC (Allocation Failure) [PSYoungGen: 128928K->416K(129024K)] 167602K->39098K(470528K), 0.0037341 secs] [Times: user=0.03 sys=0.00, real=0.00 secs] 
2019-06-09T13:34:57.526+0300: 40.677: [GC (Allocation Failure) [PSYoungGen: 128928K->448K(150016K)] 167610K->39130K(491520K), 0.0041455 secs] [Times: user=0.01 sys=0.01, real=0.01 secs] 
2019-06-09T13:35:05.552+0300: 48.703: [GC (Allocation Failure) [PSYoungGen: 128960K->352K(148992K)] 167642K->39042K(490496K), 0.0023956 secs] [Times: user=0.01 sys=0.00, real=0.00 secs] 
2019-06-09T13:35:13.596+0300: 56.747: [GC (Allocation Failure) [PSYoungGen: 128864K->448K(151552K)] 167554K->39146K(493056K), 0.0032944 secs] [Times: user=0.02 sys=0.00, real=0.01 secs] 
2019-06-09T13:35:22.405+0300: 65.556: [GC (Allocation Failure) [PSYoungGen: 132544K->759K(151040K)] 171242K->39465K(492544K), 0.0037564 secs] [Times: user=0.01 sys=0.02, real=0.00 secs] 
13:35:43.967 [Curator-PathChildrenCache-0] ERROR o.a.c.f.r.c.PathChildrenCache  - 
java.lang.IllegalStateException: instance must be started before calling this method
	at org.apache.curator.shaded.com.google.common.base.Preconditions.checkState(Preconditions.java:444)
	at org.apache.curator.framework.imps.CuratorFrameworkImpl.getChildren(CuratorFrameworkImpl.java:456)
	at org.apache.curator.framework.recipes.cache.PathChildrenCache.refresh(PathChildrenCache.java:521)
	at org.apache.curator.framework.recipes.cache.RefreshOperation.invoke(RefreshOperation.java:35)
	at org.apache.curator.framework.recipes.cache.PathChildrenCache$9.run(PathChildrenCache.java:786)
	at java.util.concurrent.Executors$RunnableAdapter.call(Executors.java:511)
	at java.util.concurrent.FutureTask.run(FutureTask.java:266)
	at java.util.concurrent.Executors$RunnableAdapter.call(Executors.java:511)
	at java.util.concurrent.FutureTask.run(FutureTask.java:266)
	at java.util.concurrent.ThreadPoolExecutor.runWorker(ThreadPoolExecutor.java:1149)
	at java.util.concurrent.ThreadPoolExecutor$Worker.run(ThreadPoolExecutor.java:624)
	at java.lang.Thread.run(Thread.java:748)
Heap
 PSYoungGen      total 151040K, used 120136K [0x00000000f5980000, 0x0000000100000000, 0x0000000100000000)
  eden space 132096K, 90% used [0x00000000f5980000,0x00000000fce14638,0x00000000fda80000)
  from space 18944K, 4% used [0x00000000fda80000,0x00000000fdb3dce0,0x00000000fed00000)
  to   space 17920K, 0% used [0x00000000fee80000,0x00000000fee80000,0x0000000100000000)
 ParOldGen       total 341504K, used 38706K [0x00000000e0c00000, 0x00000000f5980000, 0x00000000f5980000)
  object space 341504K, 11% used [0x00000000e0c00000,0x00000000e31cc920,0x00000000f5980000)
 Metaspace       used 36123K, capacity 36958K, committed 37208K, reserved 1081344K
  class space    used 4977K, capacity 5161K, committed 5248K, reserved 1048576K
