19:44:58,802 |-INFO in ch.qos.logback.classic.LoggerContext[default] - Could NOT find resource [logback-test.xml]
19:44:58,802 |-INFO in ch.qos.logback.classic.LoggerContext[default] - Could NOT find resource [logback.groovy]
19:44:58,802 |-INFO in ch.qos.logback.classic.LoggerContext[default] - Found resource [logback.xml] at [jar:file:/root/flamestream/lib/flamestream-runtime-1.0-SNAPSHOT.jar!/logback.xml]
19:44:58,803 |-WARN in ch.qos.logback.classic.LoggerContext[default] - Resource [logback.xml] occurs multiple times on the classpath.
19:44:58,803 |-WARN in ch.qos.logback.classic.LoggerContext[default] - Resource [logback.xml] occurs at [jar:file:/root/flamestream/lib/flamestream-runtime-1.0-SNAPSHOT.jar!/logback.xml]
19:44:58,803 |-WARN in ch.qos.logback.classic.LoggerContext[default] - Resource [logback.xml] occurs at [jar:file:/root/flamestream/flamestream-runtime-1.0-SNAPSHOT.jar!/logback.xml]
19:44:58,824 |-INFO in ch.qos.logback.core.joran.spi.ConfigurationWatchList@3fb6a447 - URL [jar:file:/root/flamestream/lib/flamestream-runtime-1.0-SNAPSHOT.jar!/logback.xml] is not of type file
19:44:58,891 |-INFO in ch.qos.logback.classic.joran.action.ConfigurationAction - debug attribute not set
19:44:58,892 |-INFO in ch.qos.logback.core.joran.action.AppenderAction - About to instantiate appender of type [ch.qos.logback.core.ConsoleAppender]
19:44:58,908 |-INFO in ch.qos.logback.core.joran.action.AppenderAction - Naming appender as [STDOUT]
19:44:58,920 |-INFO in ch.qos.logback.core.joran.action.NestedComplexPropertyIA - Assuming default type [ch.qos.logback.classic.encoder.PatternLayoutEncoder] for [encoder] property
19:44:59,019 |-INFO in ch.qos.logback.core.joran.action.AppenderAction - About to instantiate appender of type [ch.qos.logback.core.rolling.RollingFileAppender]
19:44:59,024 |-INFO in ch.qos.logback.core.joran.action.AppenderAction - Naming appender as [FILE]
19:44:59,059 |-INFO in c.q.l.core.rolling.TimeBasedRollingPolicy@127618319 - No compression will be used
19:44:59,060 |-INFO in c.q.l.core.rolling.TimeBasedRollingPolicy@127618319 - Will use the pattern /tmp/application_%d{yyyy-MM-dd}.%i.log for the active file
19:44:59,063 |-INFO in ch.qos.logback.core.rolling.SizeAndTimeBasedFNATP@6b2fad11 - The date pattern is 'yyyy-MM-dd' from file name pattern '/tmp/application_%d{yyyy-MM-dd}.%i.log'.
19:44:59,063 |-INFO in ch.qos.logback.core.rolling.SizeAndTimeBasedFNATP@6b2fad11 - Roll-over at midnight.
19:44:59,068 |-INFO in ch.qos.logback.core.rolling.SizeAndTimeBasedFNATP@6b2fad11 - Setting initial period to Mon Jun 10 19:43:27 UTC 2019
19:44:59,068 |-WARN in ch.qos.logback.core.rolling.SizeAndTimeBasedFNATP@6b2fad11 - SizeAndTimeBasedFNATP is deprecated. Use SizeAndTimeBasedRollingPolicy instead
19:44:59,068 |-WARN in ch.qos.logback.core.rolling.SizeAndTimeBasedFNATP@6b2fad11 - For more information see http://logback.qos.ch/manual/appenders.html#SizeAndTimeBasedRollingPolicy
19:44:59,072 |-INFO in ch.qos.logback.core.joran.action.NestedComplexPropertyIA - Assuming default type [ch.qos.logback.classic.encoder.PatternLayoutEncoder] for [encoder] property
19:44:59,077 |-INFO in ch.qos.logback.core.rolling.RollingFileAppender[FILE] - Active log file name: /tmp/application.log
19:44:59,077 |-INFO in ch.qos.logback.core.rolling.RollingFileAppender[FILE] - File property is set to [/tmp/application.log]
19:44:59,078 |-INFO in ch.qos.logback.classic.joran.action.RootLoggerAction - Setting level of ROOT logger to WARN
19:44:59,078 |-INFO in ch.qos.logback.core.joran.action.AppenderRefAction - Attaching appender named [STDOUT] to Logger[ROOT]
19:44:59,080 |-INFO in ch.qos.logback.core.joran.action.AppenderRefAction - Attaching appender named [FILE] to Logger[ROOT]
19:44:59,080 |-INFO in ch.qos.logback.classic.joran.action.ConfigurationAction - End of configuration.
19:44:59,081 |-INFO in ch.qos.logback.classic.joran.JoranConfigurator@79698539 - Registering current configuration as safe fallback point

Ama winner
Ama winner
2019-06-10T19:45:00.360+0000: 1.743: [Full GC (Metadata GC Threshold) 2019-06-10T19:45:00.360+0000: 1.743: [Tenured: 0K->15255K(341376K), 0.0392699 secs] 117750K->15255K(494976K), [Metaspace: 20723K->20723K(1067008K)], 0.0393372 secs] [Times: user=0.03 sys=0.00, real=0.04 secs] 
19:45:23.313 [Curator-PathChildrenCache-1] WARN  o.a.c.u.ZKPaths  - The version of ZooKeeper being used doesn't support Container nodes. CreateMode.PERSISTENT will be used instead.
2019-06-10T19:45:25.568+0000: 26.952: [GC (Allocation Failure) 2019-06-10T19:45:25.568+0000: 26.952: [DefNew: 136576K->17023K(153600K), 0.0261147 secs] 151831K->52644K(494976K), 0.0261853 secs] [Times: user=0.01 sys=0.02, real=0.02 secs] 
2019-06-10T19:45:26.612+0000: 27.996: [Full GC (Metadata GC Threshold) 2019-06-10T19:45:26.612+0000: 27.996: [Tenured: 35620K->44197K(341376K), 0.0391427 secs] 77430K->44197K(494976K), [Metaspace: 34456K->34456K(1079296K)], 0.0392170 secs] [Times: user=0.04 sys=0.00, real=0.04 secs] 
2019-06-10T19:45:34.259+0000: 35.643: [GC (Allocation Failure) 2019-06-10T19:45:34.259+0000: 35.643: [DefNew: 136576K->113K(153600K), 0.0019699 secs] 180773K->44310K(494976K), 0.0020432 secs] [Times: user=0.01 sys=0.00, real=0.00 secs] 
2019-06-10T19:45:42.016+0000: 43.399: [GC (Allocation Failure) 2019-06-10T19:45:42.016+0000: 43.399: [DefNew: 136689K->147K(153600K), 0.0019233 secs] 180886K->44344K(494976K), 0.0019857 secs] [Times: user=0.01 sys=0.00, real=0.01 secs] 
2019-06-10T19:45:49.748+0000: 51.131: [GC (Allocation Failure) 2019-06-10T19:45:49.748+0000: 51.131: [DefNew: 136723K->181K(153600K), 0.0019223 secs] 180920K->44378K(494976K), 0.0019797 secs] [Times: user=0.00 sys=0.00, real=0.00 secs] 
2019-06-10T19:45:57.548+0000: 58.931: [GC (Allocation Failure) 2019-06-10T19:45:57.548+0000: 58.931: [DefNew: 136757K->181K(153600K), 0.0019603 secs] 180954K->44378K(494976K), 0.0020177 secs] [Times: user=0.01 sys=0.00, real=0.00 secs] 
2019-06-10T19:46:05.820+0000: 67.203: [GC (Allocation Failure) 2019-06-10T19:46:05.820+0000: 67.203: [DefNew: 136757K->509K(153600K), 0.0024500 secs] 180954K->44706K(494976K), 0.0025101 secs] [Times: user=0.01 sys=0.00, real=0.00 secs] 
19:46:19.726 [Curator-PathChildrenCache-0] ERROR o.a.c.f.r.c.PathChildrenCache  - 
java.lang.IllegalStateException: instance must be started before calling this method
	at org.apache.curator.shaded.com.google.common.base.Preconditions.checkState(Preconditions.java:444)
	at org.apache.curator.framework.imps.CuratorFrameworkImpl.getChildren(CuratorFrameworkImpl.java:456)
	at org.apache.curator.framework.recipes.cache.PathChildrenCache.refresh(PathChildrenCache.java:521)
	at org.apache.curator.framework.recipes.cache.RefreshOperation.invoke(RefreshOperation.java:35)
	at org.apache.curator.framework.recipes.cache.PathChildrenCache$9.run(PathChildrenCache.java:786)
	at java.util.concurrent.Executors$RunnableAdapter.call(Executors.java:511)
	at java.util.concurrent.FutureTask.run(FutureTask.java:266)
	at java.util.concurrent.Executors$RunnableAdapter.call(Executors.java:511)
	at java.util.concurrent.FutureTask.run(FutureTask.java:266)
	at java.util.concurrent.ThreadPoolExecutor.runWorker(ThreadPoolExecutor.java:1149)
	at java.util.concurrent.ThreadPoolExecutor$Worker.run(ThreadPoolExecutor.java:624)
	at java.lang.Thread.run(Thread.java:748)
Heap
 def new generation   total 153600K, used 117028K [0x00000000e0c00000, 0x00000000eb2a0000, 0x00000000eb2a0000)
  eden space 136576K,  85% used [0x00000000e0c00000, 0x00000000e7dc9ab0, 0x00000000e9160000)
  from space 17024K,   2% used [0x00000000e9160000, 0x00000000e91df7c0, 0x00000000ea200000)
  to   space 17024K,   0% used [0x00000000ea200000, 0x00000000ea200000, 0x00000000eb2a0000)
 tenured generation   total 341376K, used 44197K [0x00000000eb2a0000, 0x0000000100000000, 0x0000000100000000)
   the space 341376K,  12% used [0x00000000eb2a0000, 0x00000000eddc9418, 0x00000000eddc9600, 0x0000000100000000)
 Metaspace       used 36250K, capacity 37196K, committed 37376K, reserved 1081344K
  class space    used 4860K, capacity 5076K, committed 5120K, reserved 1048576K
