17:54:32,119 |-INFO in ch.qos.logback.classic.LoggerContext[default] - Could NOT find resource [logback-test.xml]
17:54:32,119 |-INFO in ch.qos.logback.classic.LoggerContext[default] - Could NOT find resource [logback.groovy]
17:54:32,120 |-INFO in ch.qos.logback.classic.LoggerContext[default] - Found resource [logback.xml] at [jar:file:/home/nikitasokolov/flamestream/lib/flamestream-runtime-1.0-SNAPSHOT.jar!/logback.xml]
17:54:32,120 |-WARN in ch.qos.logback.classic.LoggerContext[default] - Resource [logback.xml] occurs multiple times on the classpath.
17:54:32,120 |-WARN in ch.qos.logback.classic.LoggerContext[default] - Resource [logback.xml] occurs at [jar:file:/home/nikitasokolov/flamestream/lib/flamestream-runtime-1.0-SNAPSHOT.jar!/logback.xml]
17:54:32,120 |-WARN in ch.qos.logback.classic.LoggerContext[default] - Resource [logback.xml] occurs at [jar:file:/home/nikitasokolov/flamestream/flamestream-runtime-1.0-SNAPSHOT.jar!/logback.xml]
17:54:32,137 |-INFO in ch.qos.logback.core.joran.spi.ConfigurationWatchList@6bf256fa - URL [jar:file:/home/nikitasokolov/flamestream/lib/flamestream-runtime-1.0-SNAPSHOT.jar!/logback.xml] is not of type file
17:54:32,188 |-INFO in ch.qos.logback.classic.joran.action.ConfigurationAction - debug attribute not set
17:54:32,189 |-INFO in ch.qos.logback.core.joran.action.AppenderAction - About to instantiate appender of type [ch.qos.logback.core.ConsoleAppender]
17:54:32,196 |-INFO in ch.qos.logback.core.joran.action.AppenderAction - Naming appender as [STDOUT]
17:54:32,204 |-INFO in ch.qos.logback.core.joran.action.NestedComplexPropertyIA - Assuming default type [ch.qos.logback.classic.encoder.PatternLayoutEncoder] for [encoder] property
17:54:32,260 |-INFO in ch.qos.logback.core.joran.action.AppenderAction - About to instantiate appender of type [ch.qos.logback.core.rolling.RollingFileAppender]
17:54:32,265 |-INFO in ch.qos.logback.core.joran.action.AppenderAction - Naming appender as [FILE]
17:54:32,286 |-INFO in c.q.l.core.rolling.TimeBasedRollingPolicy@114132791 - No compression will be used
17:54:32,288 |-INFO in c.q.l.core.rolling.TimeBasedRollingPolicy@114132791 - Will use the pattern /tmp/application_%d{yyyy-MM-dd}.%i.log for the active file
17:54:32,290 |-INFO in ch.qos.logback.core.rolling.SizeAndTimeBasedFNATP@22f71333 - The date pattern is 'yyyy-MM-dd' from file name pattern '/tmp/application_%d{yyyy-MM-dd}.%i.log'.
17:54:32,290 |-INFO in ch.qos.logback.core.rolling.SizeAndTimeBasedFNATP@22f71333 - Roll-over at midnight.
17:54:32,295 |-INFO in ch.qos.logback.core.rolling.SizeAndTimeBasedFNATP@22f71333 - Setting initial period to Wed May 29 17:53:24 MSK 2019
17:54:32,295 |-WARN in ch.qos.logback.core.rolling.SizeAndTimeBasedFNATP@22f71333 - SizeAndTimeBasedFNATP is deprecated. Use SizeAndTimeBasedRollingPolicy instead
17:54:32,295 |-WARN in ch.qos.logback.core.rolling.SizeAndTimeBasedFNATP@22f71333 - For more information see http://logback.qos.ch/manual/appenders.html#SizeAndTimeBasedRollingPolicy
17:54:32,300 |-INFO in ch.qos.logback.core.joran.action.NestedComplexPropertyIA - Assuming default type [ch.qos.logback.classic.encoder.PatternLayoutEncoder] for [encoder] property
17:54:32,302 |-INFO in ch.qos.logback.core.rolling.RollingFileAppender[FILE] - Active log file name: /tmp/application.log
17:54:32,302 |-INFO in ch.qos.logback.core.rolling.RollingFileAppender[FILE] - File property is set to [/tmp/application.log]
17:54:32,303 |-INFO in ch.qos.logback.classic.joran.action.RootLoggerAction - Setting level of ROOT logger to WARN
17:54:32,303 |-INFO in ch.qos.logback.core.joran.action.AppenderRefAction - Attaching appender named [STDOUT] to Logger[ROOT]
17:54:32,304 |-INFO in ch.qos.logback.core.joran.action.AppenderRefAction - Attaching appender named [FILE] to Logger[ROOT]
17:54:32,304 |-INFO in ch.qos.logback.classic.joran.action.ConfigurationAction - End of configuration.
17:54:32,304 |-INFO in ch.qos.logback.classic.joran.JoranConfigurator@13969fbe - Registering current configuration as safe fallback point

Ama winner
Ama winner
2019-05-29T17:54:33.338+0300: 1.419: [GC (Metadata GC Threshold) [PSYoungGen: 95242K->15943K(149504K)] 95242K->16023K(491008K), 0.0228090 secs] [Times: user=0.13 sys=0.03, real=0.03 secs] 
2019-05-29T17:54:33.361+0300: 1.442: [Full GC (Metadata GC Threshold) [PSYoungGen: 15943K->0K(149504K)] [ParOldGen: 80K->15086K(341504K)] 16023K->15086K(491008K), [Metaspace: 20804K->20804K(1067008K)], 0.0257043 secs] [Times: user=0.15 sys=0.01, real=0.02 secs] 
17:54:41.879 [Curator-PathChildrenCache-1] WARN  o.a.c.u.ZKPaths  - The version of ZooKeeper being used doesn't support Container nodes. CreateMode.PERSISTENT will be used instead.
2019-05-29T17:54:43.427+0300: 11.508: [GC (Metadata GC Threshold) [PSYoungGen: 127588K->16298K(149504K)] 142675K->50924K(491008K), 0.0269372 secs] [Times: user=0.21 sys=0.03, real=0.03 secs] 
2019-05-29T17:54:43.454+0300: 11.535: [Full GC (Metadata GC Threshold) [PSYoungGen: 16298K->0K(149504K)] [ParOldGen: 34625K->39472K(341504K)] 50924K->39472K(491008K), [Metaspace: 34558K->34558K(1079296K)], 0.0400283 secs] [Times: user=0.20 sys=0.01, real=0.04 secs] 
2019-05-29T17:55:01.662+0300: 29.743: [GC (Allocation Failure) [PSYoungGen: 128512K->512K(149504K)] 167984K->39992K(491008K), 0.0039481 secs] [Times: user=0.02 sys=0.01, real=0.00 secs] 
2019-05-29T17:55:20.953+0300: 49.034: [GC (Allocation Failure) [PSYoungGen: 129024K->704K(149504K)] 168504K->40192K(491008K), 0.0045593 secs] [Times: user=0.03 sys=0.00, real=0.00 secs] 
2019-05-29T17:55:41.050+0300: 69.131: [GC (Allocation Failure) [PSYoungGen: 129216K->1079K(130048K)] 168704K->40575K(471552K), 0.0044251 secs] [Times: user=0.02 sys=0.01, real=0.01 secs] 
2019-05-29T17:56:06.831+0300: 94.912: [GC (Allocation Failure) [PSYoungGen: 129591K->800K(149504K)] 169087K->40304K(491008K), 0.0038212 secs] [Times: user=0.02 sys=0.01, real=0.00 secs] 
2019-05-29T17:56:32.403+0300: 120.484: [GC (Allocation Failure) [PSYoungGen: 128800K->992K(148992K)] 168304K->40504K(490496K), 0.0028095 secs] [Times: user=0.01 sys=0.00, real=0.00 secs] 
2019-05-29T17:56:59.785+0300: 147.866: [GC (Allocation Failure) [PSYoungGen: 128992K->992K(151552K)] 168504K->40512K(493056K), 0.0047803 secs] [Times: user=0.03 sys=0.00, real=0.00 secs] 
2019-05-29T17:57:24.400+0300: 172.481: [GC (Allocation Failure) [PSYoungGen: 132576K->1056K(150528K)] 172096K->40584K(492032K), 0.0028631 secs] [Times: user=0.01 sys=0.01, real=0.00 secs] 
2019-05-29T17:57:51.613+0300: 199.694: [GC (Allocation Failure) [PSYoungGen: 132640K->1056K(153088K)] 172168K->40592K(494592K), 0.0032158 secs] [Times: user=0.01 sys=0.01, real=0.00 secs] 
2019-05-29T17:58:15.782+0300: 223.863: [GC (Allocation Failure) [PSYoungGen: 136224K->1120K(152576K)] 175760K->40656K(494080K), 0.0025630 secs] [Times: user=0.01 sys=0.00, real=0.00 secs] 
2019-05-29T17:58:41.909+0300: 249.990: [GC (Allocation Failure) [PSYoungGen: 136288K->1056K(154624K)] 175824K->40600K(496128K), 0.0030176 secs] [Times: user=0.00 sys=0.00, real=0.01 secs] 
2019-05-29T17:59:07.808+0300: 275.889: [GC (Allocation Failure) [PSYoungGen: 139296K->1088K(154112K)] 178840K->40640K(495616K), 0.0035284 secs] [Times: user=0.01 sys=0.01, real=0.01 secs] 
2019-05-29T17:59:33.505+0300: 301.586: [GC (Allocation Failure) [PSYoungGen: 139328K->1120K(156160K)] 178880K->40672K(497664K), 0.0034203 secs] [Times: user=0.01 sys=0.01, real=0.00 secs] 
2019-05-29T18:00:05.688+0300: 333.769: [GC (Allocation Failure) [PSYoungGen: 142432K->1248K(155648K)] 181984K->40800K(497152K), 0.0025406 secs] [Times: user=0.01 sys=0.01, real=0.00 secs] 
2019-05-29T18:00:37.381+0300: 365.462: [GC (Allocation Failure) [PSYoungGen: 142560K->1152K(157696K)] 182112K->40712K(499200K), 0.0037785 secs] [Times: user=0.01 sys=0.01, real=0.00 secs] 
2019-05-29T18:01:05.170+0300: 393.251: [GC (Allocation Failure) [PSYoungGen: 145536K->1184K(157184K)] 185096K->40744K(498688K), 0.0029642 secs] [Times: user=0.01 sys=0.00, real=0.01 secs] 
2019-05-29T18:01:32.067+0300: 420.148: [GC (Allocation Failure) [PSYoungGen: 145568K->1088K(159232K)] 185128K->40840K(500736K), 0.0042610 secs] [Times: user=0.02 sys=0.01, real=0.01 secs] 
18:01:42.296 [Curator-PathChildrenCache-0] ERROR o.a.c.f.r.c.PathChildrenCache  - 
java.lang.IllegalStateException: instance must be started before calling this method
	at org.apache.curator.shaded.com.google.common.base.Preconditions.checkState(Preconditions.java:444)
	at org.apache.curator.framework.imps.CuratorFrameworkImpl.getChildren(CuratorFrameworkImpl.java:456)
	at org.apache.curator.framework.recipes.cache.PathChildrenCache.refresh(PathChildrenCache.java:521)
	at org.apache.curator.framework.recipes.cache.RefreshOperation.invoke(RefreshOperation.java:35)
	at org.apache.curator.framework.recipes.cache.PathChildrenCache$9.run(PathChildrenCache.java:786)
	at java.util.concurrent.Executors$RunnableAdapter.call(Executors.java:511)
	at java.util.concurrent.FutureTask.run(FutureTask.java:266)
	at java.util.concurrent.Executors$RunnableAdapter.call(Executors.java:511)
	at java.util.concurrent.FutureTask.run(FutureTask.java:266)
	at java.util.concurrent.ThreadPoolExecutor.runWorker(ThreadPoolExecutor.java:1149)
	at java.util.concurrent.ThreadPoolExecutor$Worker.run(ThreadPoolExecutor.java:624)
	at java.lang.Thread.run(Thread.java:748)
Heap
 PSYoungGen      total 159232K, used 22404K [0x00000000f5980000, 0x0000000100000000, 0x0000000100000000)
  eden space 147456K, 14% used [0x00000000f5980000,0x00000000f6e51068,0x00000000fe980000)
  from space 11776K, 9% used [0x00000000ff480000,0x00000000ff590150,0x0000000100000000)
  to   space 11264K, 0% used [0x00000000fe980000,0x00000000fe980000,0x00000000ff480000)
 ParOldGen       total 341504K, used 39752K [0x00000000e0c00000, 0x00000000f5980000, 0x00000000f5980000)
  object space 341504K, 11% used [0x00000000e0c00000,0x00000000e32d2298,0x00000000f5980000)
 Metaspace       used 36435K, capacity 37290K, committed 37464K, reserved 1081344K
  class space    used 4968K, capacity 5161K, committed 5248K, reserved 1048576K
