18:53:48,757 |-INFO in ch.qos.logback.classic.LoggerContext[default] - Could NOT find resource [logback-test.xml]
18:53:48,758 |-INFO in ch.qos.logback.classic.LoggerContext[default] - Could NOT find resource [logback.groovy]
18:53:48,758 |-INFO in ch.qos.logback.classic.LoggerContext[default] - Found resource [logback.xml] at [jar:file:/home/ubuntu/flamestream/lib/flamestream-runtime-1.0-SNAPSHOT.jar!/logback.xml]
18:53:48,758 |-WARN in ch.qos.logback.classic.LoggerContext[default] - Resource [logback.xml] occurs multiple times on the classpath.
18:53:48,758 |-WARN in ch.qos.logback.classic.LoggerContext[default] - Resource [logback.xml] occurs at [jar:file:/home/ubuntu/flamestream/flamestream-runtime-1.0-SNAPSHOT.jar!/logback.xml]
18:53:48,758 |-WARN in ch.qos.logback.classic.LoggerContext[default] - Resource [logback.xml] occurs at [jar:file:/home/ubuntu/flamestream/lib/flamestream-runtime-1.0-SNAPSHOT.jar!/logback.xml]
18:53:48,773 |-INFO in ch.qos.logback.core.joran.spi.ConfigurationWatchList@4678c730 - URL [jar:file:/home/ubuntu/flamestream/lib/flamestream-runtime-1.0-SNAPSHOT.jar!/logback.xml] is not of type file
18:53:48,844 |-INFO in ch.qos.logback.classic.joran.action.ConfigurationAction - debug attribute not set
18:53:48,848 |-INFO in ch.qos.logback.core.joran.action.AppenderAction - About to instantiate appender of type [ch.qos.logback.core.ConsoleAppender]
18:53:48,865 |-INFO in ch.qos.logback.core.joran.action.AppenderAction - Naming appender as [STDOUT]
18:53:48,877 |-INFO in ch.qos.logback.core.joran.action.NestedComplexPropertyIA - Assuming default type [ch.qos.logback.classic.encoder.PatternLayoutEncoder] for [encoder] property
18:53:48,958 |-INFO in ch.qos.logback.core.joran.action.AppenderAction - About to instantiate appender of type [ch.qos.logback.core.rolling.RollingFileAppender]
18:53:48,965 |-INFO in ch.qos.logback.core.joran.action.AppenderAction - Naming appender as [FILE]
18:53:49,003 |-INFO in c.q.l.core.rolling.TimeBasedRollingPolicy@1734853116 - No compression will be used
18:53:49,004 |-INFO in c.q.l.core.rolling.TimeBasedRollingPolicy@1734853116 - Will use the pattern /tmp/application_%d{yyyy-MM-dd}.%i.log for the active file
18:53:49,013 |-INFO in ch.qos.logback.core.rolling.SizeAndTimeBasedFNATP@29ee9faa - The date pattern is 'yyyy-MM-dd' from file name pattern '/tmp/application_%d{yyyy-MM-dd}.%i.log'.
18:53:49,013 |-INFO in ch.qos.logback.core.rolling.SizeAndTimeBasedFNATP@29ee9faa - Roll-over at midnight.
18:53:49,019 |-INFO in ch.qos.logback.core.rolling.SizeAndTimeBasedFNATP@29ee9faa - Setting initial period to Sat Sep 28 18:52:00 UTC 2019
18:53:49,019 |-WARN in ch.qos.logback.core.rolling.SizeAndTimeBasedFNATP@29ee9faa - SizeAndTimeBasedFNATP is deprecated. Use SizeAndTimeBasedRollingPolicy instead
18:53:49,019 |-WARN in ch.qos.logback.core.rolling.SizeAndTimeBasedFNATP@29ee9faa - For more information see http://logback.qos.ch/manual/appenders.html#SizeAndTimeBasedRollingPolicy
18:53:49,021 |-INFO in ch.qos.logback.core.joran.action.NestedComplexPropertyIA - Assuming default type [ch.qos.logback.classic.encoder.PatternLayoutEncoder] for [encoder] property
18:53:49,028 |-INFO in ch.qos.logback.core.rolling.RollingFileAppender[FILE] - Active log file name: /tmp/application.log
18:53:49,028 |-INFO in ch.qos.logback.core.rolling.RollingFileAppender[FILE] - File property is set to [/tmp/application.log]
18:53:49,029 |-INFO in ch.qos.logback.classic.joran.action.RootLoggerAction - Setting level of ROOT logger to INFO
18:53:49,029 |-INFO in ch.qos.logback.core.joran.action.AppenderRefAction - Attaching appender named [STDOUT] to Logger[ROOT]
18:53:49,030 |-INFO in ch.qos.logback.core.joran.action.AppenderRefAction - Attaching appender named [FILE] to Logger[ROOT]
18:53:49,030 |-INFO in ch.qos.logback.classic.joran.action.ConfigurationAction - End of configuration.
18:53:49,031 |-INFO in ch.qos.logback.classic.joran.JoranConfigurator@c038203 - Registering current configuration as safe fallback point

18:53:49.037 [main] INFO  c.s.f.r.WorkerApplication  - Starting worker with workerConfig 'WorkerConfig{id='flamestream-benchmarks-worker-10', localAddress=flamestream-benchmarks-worker-10/10.0.0.15:5412, zkString='flamestream-benchmarks-manager:12181', snapshotPath='/home/ubuntu/flamestream/data', guarantees=AT_MOST_ONCE}'
18:53:50.375 [worker-akka.actor.default-dispatcher-6] INFO  a.e.s.Slf4jLogger  - Slf4jLogger started
2019-09-28T18:53:50.512+0000: 2.070: [Full GC (Metadata GC Threshold) 2019-09-28T18:53:50.512+0000: 2.070: [Tenured: 0K->13625K(1024000K), 0.0487257 secs] 139471K->13625K(1484800K), [Metaspace: 20222K->20222K(1067008K)], 0.0488101 secs] [Times: user=0.04 sys=0.01, real=0.05 secs] 
18:53:50.658 [worker-akka.actor.default-dispatcher-6] WARN  a.r.RemoteActorRefProvider akka.remote.RemoteActorRefProvider - Using the 'remote' ActorRefProvider directly, which is a low-level layer. For most use cases, the 'cluster' abstraction on top of remoting is more suitable instead.
18:53:50.670 [worker-akka.actor.default-dispatcher-6] WARN  a.r.RemoteActorRefProvider akka.remote.RemoteActorRefProvider - Akka Cluster not in use - Using Akka Cluster is recommended if you need remote watch and deploy.
18:53:50.773 [worker-akka.actor.default-dispatcher-6] INFO  a.r.a.a.ArteryAeronUdpTransport(akka://worker) akka.remote.artery.aeron.ArteryAeronUdpTransport(akka://worker) - Started embedded media driver in directory [/dev/shm/aeron-flamestream-benchmarks-worker-10]
18:53:50.806 [worker-akka.actor.default-dispatcher-6] WARN  a.r.a.a.ArteryAeronUdpTransport(akka://worker) akka.remote.artery.aeron.ArteryAeronUdpTransport(akka://worker) - Aeron CnC version mismatch: compiled version = 15, file version = 16
18:53:51.038 [worker-akka.actor.default-dispatcher-6] INFO  a.r.a.a.ArteryAeronUdpTransport(akka://worker) akka.remote.artery.aeron.ArteryAeronUdpTransport(akka://worker) - Remoting started with transport [Artery aeron-udp]; listening on address [akka://worker@flamestream-benchmarks-worker-10:5412] and bound to [akka://worker@0.0.0.0:5412] with UID [-6691887750305509940]
18:53:51.544 [worker-akka.actor.default-dispatcher-6] WARN  a.s.Serialization(akka://worker) akka.serialization.Serialization(akka://worker) - Using serializer [com.romix.akka.serialization.kryo.KryoSerializer] for message [akka.actor.ActorSelectionMessage]. Note that this serializer is not implemented by Akka. It's not recommended to replace serializers for messages provided by Akka.
18:53:51.545 [worker-akka.actor.default-dispatcher-6] WARN  a.s.Serialization(akka://worker) akka.serialization.Serialization(akka://worker) - Using serializer [com.romix.akka.serialization.kryo.KryoSerializer] for message [akka.actor.ActorIdentity]. Note that this serializer is not implemented by Akka. It's not recommended to replace serializers for messages provided by Akka.
18:53:51.593 [worker-akka.actor.default-dispatcher-9] INFO  a.a.RepointableActorRef akka://worker/user/watcher - Starting...
18:53:51.728 [worker-akka.actor.default-dispatcher-6] INFO  o.a.c.u.Compatibility  - Running in ZooKeeper 3.4.x compatibility mode
18:53:51.784 [worker-akka.actor.default-dispatcher-6] INFO  o.a.c.f.i.CuratorFrameworkImpl  - Starting
18:53:51.804 [worker-akka.actor.default-dispatcher-6] INFO  o.a.z.ZooKeeper  - Client environment:zookeeper.version=3.4.14-4c25d480e66aadd371de8bd2fd8da255ac140bcf, built on 03/06/2019 16:18 GMT
18:53:51.805 [worker-akka.actor.default-dispatcher-6] INFO  o.a.z.ZooKeeper  - Client environment:host.name=flamestream-benchmarks-worker-10
18:53:51.806 [worker-akka.actor.default-dispatcher-6] INFO  o.a.z.ZooKeeper  - Client environment:java.version=1.8.0_222
18:53:51.806 [worker-akka.actor.default-dispatcher-6] INFO  o.a.z.ZooKeeper  - Client environment:java.vendor=Private Build
18:53:51.808 [worker-akka.actor.default-dispatcher-6] INFO  o.a.z.ZooKeeper  - Client environment:java.home=/usr/lib/jvm/java-8-openjdk-amd64/jre
18:53:51.810 [worker-akka.actor.default-dispatcher-6] INFO  o.a.z.ZooKeeper  - Client environment:java.class.path=lib/curator-framework-4.0.1.jar:lib/commons-csv-1.4.jar:lib/aeron-client-1.21.2.jar:lib/scala-library-2.12.9.jar:lib/asm-5.0.4.jar:lib/agrona-1.0.1.jar:lib/curator-recipes-4.0.1.jar:lib/akka-testkit_2.12-2.6.0-M6.jar:lib/flamestream-runtime-1.0-SNAPSHOT.jar:lib/jsr305-3.0.2.jar:lib/trove4j-3.0.3.jar:lib/flamestream-core-1.0-SNAPSHOT.jar:lib/commons-io-2.4.jar:lib/minlog-1.3.0.jar:lib/kryonet-2.21.jar:lib/commons-1.4.9.jar:lib/jline-0.9.94.jar:lib/akka-remote_2.12-2.6.0-M6.jar:lib/leveldbjni-all-1.8.jar:lib/lz4-1.3.0.jar:lib/slf4j-api-1.7.24.jar:lib/scala-parser-combinators_2.12-1.1.2.jar:lib/flamestream-core-1.0-SNAPSHOT-tests.jar:lib/logback-core-1.2.3.jar:lib/netty-3.10.6.Final.jar:lib/protobuf-java-3.9.0.jar:lib/minlog-1.2.jar:lib/leveldb-api-0.7.jar:lib/jool-0.9.12.jar:lib/commons-cli-1.4.jar:lib/jblas-1.2.4.jar:lib/reflectasm-1.11.3.jar:lib/reflectasm-1.07-shaded.jar:lib/audience-annotations-0.5.0.jar:lib/jackson-annotations-2.9.6.jar:lib/commons-lang-2.6.jar:lib/ssl-config-core_2.12-0.3.8.jar:lib/annotations-13.0.jar:lib/logback-classic-1.2.3.jar:lib/guava-21.0.jar:lib/reactive-streams-1.0.2.jar:lib/spotbugs-annotations-3.1.9.jar:lib/leveldb-0.7.jar:lib/commons-pool2-2.4.2.jar:lib/rocksdbjni-5.5.1.jar:lib/jackson-core-2.9.9.jar:lib/jackson-databind-2.9.9.2.jar:lib/akka-protobuf-v3_2.12-2.6.0-M6.jar:lib/jackson-annotations-2.9.0.jar:lib/flamestream-examples-1.0-SNAPSHOT.jar:lib/objenesis-2.1.jar:lib/akka-kryo-serialization_2.12-0.5.2.jar:lib/scala-java8-compat_2.12-0.8.0.jar:lib/zookeeper-3.4.14.jar:lib/akka-slf4j_2.12-2.6.0-M6.jar:lib/kryo-4.0.0.jar:lib/akka-stream_2.12-2.6.0-M6.jar:lib/slf4j-simple-2.0.0-alpha0.jar:lib/aeron-driver-1.21.2.jar:lib/config-1.3.1.jar:lib/annotations-12.0.jar:lib/jedis-2.9.0.jar:lib/jcommander-1.48.jar:lib/testng-6.10.jar:lib/akka-actor_2.12-2.6.0-M6.jar:lib/curator-client-4.0.1.jar:flamestream-runtime-1.0-SNAPSHOT.jar
18:53:51.812 [worker-akka.actor.default-dispatcher-6] INFO  o.a.z.ZooKeeper  - Client environment:java.library.path=/usr/java/packages/lib/amd64:/usr/lib/x86_64-linux-gnu/jni:/lib/x86_64-linux-gnu:/usr/lib/x86_64-linux-gnu:/usr/lib/jni:/lib:/usr/lib
18:53:51.812 [worker-akka.actor.default-dispatcher-6] INFO  o.a.z.ZooKeeper  - Client environment:java.io.tmpdir=/tmp
18:53:51.813 [worker-akka.actor.default-dispatcher-6] INFO  o.a.z.ZooKeeper  - Client environment:java.compiler=<NA>
18:53:51.813 [worker-akka.actor.default-dispatcher-6] INFO  o.a.z.ZooKeeper  - Client environment:os.name=Linux
18:53:51.813 [worker-akka.actor.default-dispatcher-6] INFO  o.a.z.ZooKeeper  - Client environment:os.arch=amd64
18:53:51.814 [worker-akka.actor.default-dispatcher-6] INFO  o.a.z.ZooKeeper  - Client environment:os.version=4.15.0-1040-gcp
18:53:51.814 [worker-akka.actor.default-dispatcher-6] INFO  o.a.z.ZooKeeper  - Client environment:user.name=ubuntu
18:53:51.815 [worker-akka.actor.default-dispatcher-6] INFO  o.a.z.ZooKeeper  - Client environment:user.home=/home/ubuntu
18:53:51.815 [worker-akka.actor.default-dispatcher-6] INFO  o.a.z.ZooKeeper  - Client environment:user.dir=/home/ubuntu/flamestream
18:53:51.817 [worker-akka.actor.default-dispatcher-6] INFO  o.a.z.ZooKeeper  - Initiating client connection, connectString=flamestream-benchmarks-manager:12181 sessionTimeout=60000 watcher=org.apache.curator.ConnectionState@3c5e82fa
18:53:51.859 [worker-akka.actor.default-dispatcher-6-SendThread(flamestream-benchmarks-manager:12181)] INFO  o.a.z.ClientCnxn  - Opening socket connection to server flamestream-benchmarks-manager/10.0.0.2:12181. Will not attempt to authenticate using SASL (unknown error)
18:53:51.861 [worker-akka.actor.default-dispatcher-6] INFO  o.a.c.f.i.CuratorFrameworkImpl  - Default schema
18:53:51.863 [worker-akka.actor.default-dispatcher-6-SendThread(flamestream-benchmarks-manager:12181)] INFO  o.a.z.ClientCnxn  - Socket connection established to flamestream-benchmarks-manager/10.0.0.2:12181, initiating session
18:53:51.870 [worker-akka.actor.default-dispatcher-6-SendThread(flamestream-benchmarks-manager:12181)] INFO  o.a.z.ClientCnxn  - Session establishment complete on server flamestream-benchmarks-manager/10.0.0.2:12181, sessionid = 0x100015787a4000a, negotiated timeout = 60000
18:53:51.876 [worker-akka.actor.default-dispatcher-6-EventThread] INFO  o.a.c.f.s.ConnectionStateManager  - State change: CONNECTED
18:53:51.881 [worker-akka.actor.default-dispatcher-9] INFO  a.a.RepointableActorRef akka://worker/user/watcher - Initializing rocksDB backend
2019-09-28T18:53:52.914+0000: 4.472: [Full GC (Metadata GC Threshold) 2019-09-28T18:53:52.914+0000: 4.472: [Tenured: 13625K->25927K(1024000K), 0.1289255 secs] 161115K->25927K(1484800K), [Metaspace: 33690K->33690K(1079296K)], 0.1290110 secs] [Times: user=0.12 sys=0.00, real=0.13 secs] 
18:53:53.122 [worker-akka.actor.default-dispatcher-6] INFO  a.a.LocalActorRef akka://worker/user/watcher/processing-watcher - Starting...
18:54:00.529 [Curator-PathChildrenCache-1] WARN  o.a.c.u.ZKPaths  - The version of ZooKeeper being used doesn't support Container nodes. CreateMode.PERSISTENT will be used instead.
18:54:00.653 [worker-akka.actor.default-dispatcher-10] INFO  a.a.LocalActorRef akka://worker/user/watcher/processing-watcher/$a - Starting...
18:54:00.684 [worker-akka.actor.default-dispatcher-6] INFO  a.a.LocalActorRef akka://worker/user/watcher/processing-watcher/$a - Stopped
18:54:03.300 [worker-akka.actor.default-dispatcher-9] INFO  a.a.LocalActorRef akka://worker/user/watcher/processing-watcher/graph/graph - Starting...
18:54:13.092 [worker-akka.actor.default-dispatcher-6] INFO  a.a.LocalActorRef akka://worker/user/watcher/processing-watcher/graph/graph - Finishing constructor
18:54:13.095 [worker-akka.actor.default-dispatcher-12] INFO  a.a.LocalActorRef akka://worker/user/watcher/processing-watcher/graph/negotiator - Starting...
18:54:13.097 [worker-akka.actor.default-dispatcher-9] INFO  a.a.LocalActorRef akka://worker/user/watcher/processing-watcher/graph/edge - Starting...
18:54:13.098 [worker-akka.actor.default-dispatcher-6] INFO  a.a.LocalActorRef akka://worker/user/watcher/processing-watcher/graph - Starting FlameNode with config 'ClusterConfig{paths={flamestream-benchmarks-worker-1=akka://worker@flamestream-benchmarks-worker-1:5412/user/watcher/processing-watcher/graph, flamestream-benchmarks-worker-0=akka://worker@flamestream-benchmarks-worker-0:5412/user/watcher/processing-watcher/graph, flamestream-benchmarks-worker-9=akka://worker@flamestream-benchmarks-worker-9:5412/user/watcher/processing-watcher/graph, flamestream-benchmarks-worker-8=akka://worker@flamestream-benchmarks-worker-8:5412/user/watcher/processing-watcher/graph, flamestream-benchmarks-worker-7=akka://worker@flamestream-benchmarks-worker-7:5412/user/watcher/processing-watcher/graph, flamestream-benchmarks-worker-6=akka://worker@flamestream-benchmarks-worker-6:5412/user/watcher/processing-watcher/graph, flamestream-benchmarks-worker-5=akka://worker@flamestream-benchmarks-worker-5:5412/user/watcher/processing-watcher/graph, flamestream-benchmarks-worker-4=akka://worker@flamestream-benchmarks-worker-4:5412/user/watcher/processing-watcher/graph, flamestream-benchmarks-worker-3=akka://worker@flamestream-benchmarks-worker-3:5412/user/watcher/processing-watcher/graph, flamestream-benchmarks-worker-2=akka://worker@flamestream-benchmarks-worker-2:5412/user/watcher/processing-watcher/graph, flamestream-benchmarks-worker-14=akka://worker@flamestream-benchmarks-worker-14:5412/user/watcher/processing-watcher/graph, flamestream-benchmarks-worker-13=akka://worker@flamestream-benchmarks-worker-13:5412/user/watcher/processing-watcher/graph, flamestream-benchmarks-worker-12=akka://worker@flamestream-benchmarks-worker-12:5412/user/watcher/processing-watcher/graph, flamestream-benchmarks-worker-11=akka://worker@flamestream-benchmarks-worker-11:5412/user/watcher/processing-watcher/graph, flamestream-benchmarks-worker-10=akka://worker@flamestream-benchmarks-worker-10:5412/user/watcher/processing-watcher/graph}}'
18:54:13.107 [worker-akka.actor.default-dispatcher-6] INFO  a.a.LocalActorRef akka://worker/user/watcher/processing-watcher/graph/negotiator - Requesting ticket for the frontClass FlameSocketGraphDeployerFront@flamestream-benchmarks-worker-10
18:54:13.146 [worker-akka.actor.default-dispatcher-13] INFO  a.a.LocalActorRef akka://worker/user/watcher/processing-watcher/graph/graph - Received last commit 'LastCommit{globalTime=(0000000, min@min)}'
18:54:13.171 [worker-akka.actor.default-dispatcher-6] INFO  c.s.f.r.e.s.SocketRear  - FlameSocketGraphDeployerRear@flamestream-benchmarks-worker-10: connecting to flamestream-benchmarks-manager:5678
18:54:13.179 [worker-akka.actor.default-dispatcher-13] INFO  a.a.LocalActorRef akka://worker/user/watcher/processing-watcher/graph/edge/FlameSocketGraphDeployerFront - Starting...
18:54:13.188 [worker-akka.actor.default-dispatcher-6] INFO  c.s.f.r.e.s.SocketRear  - FlameSocketGraphDeployerRear@flamestream-benchmarks-worker-10: connected to flamestream-benchmarks-manager:5678
18:54:13.189 [worker-akka.actor.default-dispatcher-6] INFO  a.a.LocalActorRef akka://worker/user/watcher/processing-watcher/graph/edge/FlameSocketGraphDeployerRear - Starting...
18:54:13.205 [worker-akka.actor.default-dispatcher-9] INFO  a.a.LocalActorRef akka://worker/user/watcher/processing-watcher/graph/negotiator - Ticket for the frontClass received: FrontTicket{allowedTimestamp=(0000000, FlameSocketGraphDeployerFront@flamestream-benchmarks-worker-10)}
18:54:13.207 [worker-akka.actor.default-dispatcher-9] INFO  c.s.f.r.e.s.SocketFront  - FlameSocketGraphDeployerFront@flamestream-benchmarks-worker-10: connecting to flamestream-benchmarks-manager:4567
18:54:13.447 [worker-akka.actor.default-dispatcher-9] INFO  a.a.LocalActorRef akka://worker/user/watcher/processing-watcher/graph/graph/$a - Starting...
18:54:13.449 [worker-akka.actor.default-dispatcher-9] INFO  a.a.LocalActorRef akka://worker/user/watcher/processing-watcher/graph/graph/$b - Starting...
18:54:13.449 [worker-akka.actor.default-dispatcher-9] INFO  a.a.LocalActorRef akka://worker/user/watcher/processing-watcher/graph/graph/$c - Starting...
18:54:13.451 [worker-akka.actor.default-dispatcher-9] INFO  a.a.LocalActorRef akka://worker/user/watcher/processing-watcher/graph/graph/$d - Starting...
18:54:13.453 [worker-akka.actor.default-dispatcher-9] INFO  a.a.LocalActorRef akka://worker/user/watcher/processing-watcher/graph/graph/$e - Starting...
18:54:13.454 [worker-akka.actor.default-dispatcher-9] INFO  a.a.LocalActorRef akka://worker/user/watcher/processing-watcher/graph/graph/$f - Starting...
18:54:13.455 [worker-akka.actor.default-dispatcher-9] INFO  a.a.LocalActorRef akka://worker/user/watcher/processing-watcher/graph/graph/$g - Starting...
18:54:13.461 [worker-akka.actor.default-dispatcher-9] INFO  a.a.LocalActorRef akka://worker/user/watcher/processing-watcher/graph/graph/$h - Starting...
18:54:13.462 [worker-akka.actor.default-dispatcher-9] INFO  a.a.LocalActorRef akka://worker/user/watcher/processing-watcher/graph/graph/$i - Starting...
18:54:13.463 [worker-akka.actor.default-dispatcher-9] INFO  a.a.LocalActorRef akka://worker/user/watcher/processing-watcher/graph/graph/$j - Starting...
18:54:13.464 [worker-akka.actor.default-dispatcher-9] INFO  a.a.LocalActorRef akka://worker/user/watcher/processing-watcher/graph/graph/$k - Starting...
18:54:13.467 [worker-akka.actor.default-dispatcher-9] INFO  a.a.LocalActorRef akka://worker/user/watcher/processing-watcher/graph/graph/$l - Starting...
18:54:13.469 [worker-akka.actor.default-dispatcher-9] INFO  a.a.LocalActorRef akka://worker/user/watcher/processing-watcher/graph/graph/$m - Starting...
18:54:13.470 [worker-akka.actor.default-dispatcher-9] INFO  a.a.LocalActorRef akka://worker/user/watcher/processing-watcher/graph/graph/$n - Starting...
18:54:13.471 [worker-akka.actor.default-dispatcher-9] INFO  a.a.LocalActorRef akka://worker/user/watcher/processing-watcher/graph/graph/$o - Starting...
18:54:13.480 [worker-akka.actor.default-dispatcher-9] INFO  a.a.LocalActorRef akka://worker/user/watcher/processing-watcher/graph/graph/$p - Starting...
18:54:13.501 [worker-akka.actor.default-dispatcher-9] INFO  a.a.LocalActorRef akka://worker/user/watcher/processing-watcher/graph/graph/$q - Starting...
18:54:13.501 [worker-akka.actor.default-dispatcher-9] INFO  a.a.LocalActorRef akka://worker/user/watcher/processing-watcher/graph/graph/$p - Attached rear to graph (-9223372036854775808, min@min)
18:54:13.504 [worker-akka.actor.default-dispatcher-9] INFO  a.a.LocalActorRef akka://worker/user/watcher/processing-watcher/graph/graph/$r - Starting...
18:54:13.504 [worker-akka.actor.default-dispatcher-9] INFO  a.a.LocalActorRef akka://worker/user/watcher/processing-watcher/graph/graph/$s - Starting...
18:54:13.506 [worker-akka.actor.default-dispatcher-9] INFO  a.a.LocalActorRef akka://worker/user/watcher/processing-watcher/graph/graph/$u - Starting...
18:54:13.506 [worker-akka.actor.default-dispatcher-9] INFO  a.a.LocalActorRef akka://worker/user/watcher/processing-watcher/graph/graph/$t - Starting...
18:54:13.507 [worker-akka.actor.default-dispatcher-9] INFO  a.a.LocalActorRef akka://worker/user/watcher/processing-watcher/graph/graph/$v - Starting...
18:54:13.507 [worker-akka.actor.default-dispatcher-9] INFO  a.a.LocalActorRef akka://worker/user/watcher/processing-watcher/graph/graph/$w - Starting...
18:54:13.511 [worker-akka.actor.default-dispatcher-9] INFO  a.a.LocalActorRef akka://worker/user/watcher/processing-watcher/graph/graph/$x - Starting...
18:54:13.511 [worker-akka.actor.default-dispatcher-9] INFO  a.a.LocalActorRef akka://worker/user/watcher/processing-watcher/graph/graph/$y - Starting...
18:54:13.513 [worker-akka.actor.default-dispatcher-9] INFO  a.a.LocalActorRef akka://worker/user/watcher/processing-watcher/graph/graph/$z - Starting...
18:54:13.513 [worker-akka.actor.default-dispatcher-9] INFO  a.a.LocalActorRef akka://worker/user/watcher/processing-watcher/graph/graph/$A - Starting...
18:54:13.514 [worker-akka.actor.default-dispatcher-9] INFO  a.a.LocalActorRef akka://worker/user/watcher/processing-watcher/graph/graph/$B - Starting...
18:54:13.514 [worker-akka.actor.default-dispatcher-9] INFO  a.a.LocalActorRef akka://worker/user/watcher/processing-watcher/graph/graph/$C - Starting...
18:54:13.516 [worker-akka.actor.default-dispatcher-9] INFO  a.a.LocalActorRef akka://worker/user/watcher/processing-watcher/graph/graph/$D - Starting...
18:54:13.516 [worker-akka.actor.default-dispatcher-9] INFO  a.a.LocalActorRef akka://worker/user/watcher/processing-watcher/graph/graph/$E - Starting...
18:54:13.517 [worker-akka.actor.default-dispatcher-9] INFO  a.a.LocalActorRef akka://worker/user/watcher/processing-watcher/graph/graph/$F - Starting...
18:54:13.518 [worker-akka.actor.default-dispatcher-9] INFO  a.a.LocalActorRef akka://worker/user/watcher/processing-watcher/graph/graph/$G - Starting...
18:54:13.520 [worker-akka.actor.default-dispatcher-9] INFO  a.a.LocalActorRef akka://worker/user/watcher/processing-watcher/graph/graph/$H - Starting...
18:54:13.520 [worker-akka.actor.default-dispatcher-9] INFO  a.a.LocalActorRef akka://worker/user/watcher/processing-watcher/graph/graph/$I - Starting...
18:54:13.520 [worker-akka.actor.default-dispatcher-9] INFO  a.a.LocalActorRef akka://worker/user/watcher/processing-watcher/graph/graph/$J - Starting...
18:54:13.521 [worker-akka.actor.default-dispatcher-9] INFO  a.a.LocalActorRef akka://worker/user/watcher/processing-watcher/graph/graph/$K - Starting...
18:54:13.522 [worker-akka.actor.default-dispatcher-9] INFO  a.a.LocalActorRef akka://worker/user/watcher/processing-watcher/graph/graph/$L - Starting...
18:54:13.522 [worker-akka.actor.default-dispatcher-9] INFO  a.a.LocalActorRef akka://worker/user/watcher/processing-watcher/graph/graph/$M - Starting...
18:54:13.523 [worker-akka.actor.default-dispatcher-9] INFO  a.a.LocalActorRef akka://worker/user/watcher/processing-watcher/graph/graph/$O - Starting...
18:54:13.524 [worker-akka.actor.default-dispatcher-9] INFO  a.a.LocalActorRef akka://worker/user/watcher/processing-watcher/graph/graph/$N - Starting...
18:54:13.526 [worker-akka.actor.default-dispatcher-9] INFO  a.a.LocalActorRef akka://worker/user/watcher/processing-watcher/graph/graph/$P - Starting...
18:54:13.526 [worker-akka.actor.default-dispatcher-9] INFO  a.a.LocalActorRef akka://worker/user/watcher/processing-watcher/graph/graph/$Q - Starting...
18:54:13.527 [worker-akka.actor.default-dispatcher-9] INFO  a.a.LocalActorRef akka://worker/user/watcher/processing-watcher/graph/graph/$R - Starting...
18:54:13.527 [worker-akka.actor.default-dispatcher-9] INFO  a.a.LocalActorRef akka://worker/user/watcher/processing-watcher/graph/graph/$S - Starting...
18:54:13.529 [worker-akka.actor.default-dispatcher-9] INFO  a.a.LocalActorRef akka://worker/user/watcher/processing-watcher/graph/graph/$T - Starting...
18:54:13.529 [worker-akka.actor.default-dispatcher-9] INFO  a.a.LocalActorRef akka://worker/user/watcher/processing-watcher/graph/graph/$U - Starting...
18:54:13.534 [worker-akka.actor.default-dispatcher-9] INFO  a.a.LocalActorRef akka://worker/user/watcher/processing-watcher/graph/graph/$V - Starting...
18:54:13.535 [worker-akka.actor.default-dispatcher-9] INFO  a.a.LocalActorRef akka://worker/user/watcher/processing-watcher/graph/graph/$W - Starting...
18:54:13.536 [worker-akka.actor.default-dispatcher-9] INFO  a.a.LocalActorRef akka://worker/user/watcher/processing-watcher/graph/graph/$X - Starting...
18:54:13.537 [worker-akka.actor.default-dispatcher-9] INFO  a.a.LocalActorRef akka://worker/user/watcher/processing-watcher/graph/graph/$Y - Starting...
18:54:13.539 [worker-akka.actor.default-dispatcher-9] INFO  a.a.LocalActorRef akka://worker/user/watcher/processing-watcher/graph/graph/$Z - Starting...
18:54:13.540 [worker-akka.actor.default-dispatcher-9] INFO  a.a.LocalActorRef akka://worker/user/watcher/processing-watcher/graph/graph/$0 - Starting...
18:54:13.541 [worker-akka.actor.default-dispatcher-9] INFO  a.a.LocalActorRef akka://worker/user/watcher/processing-watcher/graph/graph/$1 - Starting...
18:54:13.542 [worker-akka.actor.default-dispatcher-6] INFO  a.a.LocalActorRef akka://worker/user/watcher/processing-watcher/graph/graph/$2 - Starting...
18:54:13.542 [worker-akka.actor.default-dispatcher-6] INFO  a.a.LocalActorRef akka://worker/user/watcher/processing-watcher/graph/graph/$3 - Starting...
18:54:13.543 [worker-akka.actor.default-dispatcher-6] INFO  a.a.LocalActorRef akka://worker/user/watcher/processing-watcher/graph/graph/$4 - Starting...
18:54:13.543 [worker-akka.actor.default-dispatcher-6] INFO  a.a.LocalActorRef akka://worker/user/watcher/processing-watcher/graph/graph/$5 - Starting...
18:54:13.548 [worker-akka.actor.default-dispatcher-9] INFO  a.a.LocalActorRef akka://worker/user/watcher/processing-watcher/graph/graph/$6 - Starting...
18:54:13.549 [worker-akka.actor.default-dispatcher-9] INFO  a.a.LocalActorRef akka://worker/user/watcher/processing-watcher/graph/graph/$8 - Starting...
18:54:13.549 [worker-akka.actor.default-dispatcher-9] INFO  a.a.LocalActorRef akka://worker/user/watcher/processing-watcher/graph/graph/$9 - Starting...
18:54:13.549 [worker-akka.actor.default-dispatcher-9] INFO  a.a.LocalActorRef akka://worker/user/watcher/processing-watcher/graph/graph/$+ - Starting...
18:54:13.549 [worker-akka.actor.default-dispatcher-9] INFO  a.a.LocalActorRef akka://worker/user/watcher/processing-watcher/graph/graph/$~ - Starting...
18:54:13.558 [worker-akka.actor.default-dispatcher-9] INFO  a.a.LocalActorRef akka://worker/user/watcher/processing-watcher/graph/graph/$7 - Starting...
18:54:13.558 [worker-akka.actor.default-dispatcher-9] INFO  a.a.LocalActorRef akka://worker/user/watcher/processing-watcher/graph/graph/$ab - Starting...
18:54:13.558 [worker-akka.actor.default-dispatcher-9] INFO  a.a.LocalActorRef akka://worker/user/watcher/processing-watcher/graph/graph/$bb - Starting...
18:54:13.558 [worker-akka.actor.default-dispatcher-9] INFO  a.a.LocalActorRef akka://worker/user/watcher/processing-watcher/graph/graph/$cb - Starting...
18:54:13.558 [worker-akka.actor.default-dispatcher-9] INFO  a.a.LocalActorRef akka://worker/user/watcher/processing-watcher/graph/graph/$db - Starting...
18:54:13.558 [worker-akka.actor.default-dispatcher-6] INFO  a.a.LocalActorRef akka://worker/user/watcher/processing-watcher/graph/graph/$eb - Starting...
18:54:13.560 [worker-akka.actor.default-dispatcher-9] INFO  a.a.LocalActorRef akka://worker/user/watcher/processing-watcher/graph/graph/$fb - Starting...
18:54:13.560 [worker-akka.actor.default-dispatcher-9] INFO  a.a.LocalActorRef akka://worker/user/watcher/processing-watcher/graph/graph/$gb - Starting...
18:54:13.560 [worker-akka.actor.default-dispatcher-9] INFO  a.a.LocalActorRef akka://worker/user/watcher/processing-watcher/graph/graph/$hb - Starting...
18:54:13.560 [worker-akka.actor.default-dispatcher-9] INFO  a.a.LocalActorRef akka://worker/user/watcher/processing-watcher/graph/graph/$ib - Starting...
18:54:13.560 [worker-akka.actor.default-dispatcher-9] INFO  a.a.LocalActorRef akka://worker/user/watcher/processing-watcher/graph/graph/$jb - Starting...
18:54:13.567 [worker-akka.actor.default-dispatcher-9] INFO  a.a.LocalActorRef akka://worker/user/watcher/processing-watcher/graph/graph/$kb - Starting...
18:54:13.567 [worker-akka.actor.default-dispatcher-9] INFO  a.a.LocalActorRef akka://worker/user/watcher/processing-watcher/graph/graph/$lb - Starting...
18:54:13.568 [worker-akka.actor.default-dispatcher-9] INFO  a.a.LocalActorRef akka://worker/user/watcher/processing-watcher/graph/graph/$mb - Starting...
18:54:13.568 [worker-akka.actor.default-dispatcher-9] INFO  a.a.LocalActorRef akka://worker/user/watcher/processing-watcher/graph/graph/$nb - Starting...
18:54:13.568 [worker-akka.actor.default-dispatcher-9] INFO  a.a.LocalActorRef akka://worker/user/watcher/processing-watcher/graph/graph/$ob - Starting...
18:54:13.568 [worker-akka.actor.default-dispatcher-6] INFO  a.a.LocalActorRef akka://worker/user/watcher/processing-watcher/graph/graph/$pb - Starting...
18:54:13.568 [worker-akka.actor.default-dispatcher-6] INFO  a.a.LocalActorRef akka://worker/user/watcher/processing-watcher/graph/graph/$qb - Starting...
18:54:13.568 [worker-akka.actor.default-dispatcher-6] INFO  a.a.LocalActorRef akka://worker/user/watcher/processing-watcher/graph/graph/$rb - Starting...
18:54:13.568 [worker-akka.actor.default-dispatcher-6] INFO  a.a.LocalActorRef akka://worker/user/watcher/processing-watcher/graph/graph/$sb - Starting...
18:54:13.568 [worker-akka.actor.default-dispatcher-6] INFO  a.a.LocalActorRef akka://worker/user/watcher/processing-watcher/graph/graph/$tb - Starting...
18:54:13.568 [worker-akka.actor.default-dispatcher-6] INFO  a.a.LocalActorRef akka://worker/user/watcher/processing-watcher/graph/graph/$ub - Starting...
18:54:13.568 [worker-akka.actor.default-dispatcher-6] INFO  a.a.LocalActorRef akka://worker/user/watcher/processing-watcher/graph/graph/$vb - Starting...
18:54:13.568 [worker-akka.actor.default-dispatcher-6] INFO  a.a.LocalActorRef akka://worker/user/watcher/processing-watcher/graph/graph/$wb - Starting...
18:54:13.568 [worker-akka.actor.default-dispatcher-6] INFO  a.a.LocalActorRef akka://worker/user/watcher/processing-watcher/graph/graph/$xb - Starting...
18:54:13.569 [worker-akka.actor.default-dispatcher-6] INFO  a.a.LocalActorRef akka://worker/user/watcher/processing-watcher/graph/graph/$yb - Starting...
18:54:13.569 [worker-akka.actor.default-dispatcher-6] INFO  a.a.LocalActorRef akka://worker/user/watcher/processing-watcher/graph/graph/$zb - Starting...
18:54:13.569 [worker-akka.actor.default-dispatcher-6] INFO  a.a.LocalActorRef akka://worker/user/watcher/processing-watcher/graph/graph/$Ab - Starting...
18:54:13.572 [worker-akka.actor.default-dispatcher-9] INFO  a.a.LocalActorRef akka://worker/user/watcher/processing-watcher/graph/graph/$Cb - Starting...
18:54:13.572 [worker-akka.actor.default-dispatcher-9] INFO  a.a.LocalActorRef akka://worker/user/watcher/processing-watcher/graph/graph/$Db - Starting...
18:54:13.572 [worker-akka.actor.default-dispatcher-9] INFO  a.a.LocalActorRef akka://worker/user/watcher/processing-watcher/graph/graph/$Eb - Starting...
18:54:13.572 [worker-akka.actor.default-dispatcher-9] INFO  a.a.LocalActorRef akka://worker/user/watcher/processing-watcher/graph/graph/$Fb - Starting...
18:54:13.572 [worker-akka.actor.default-dispatcher-9] INFO  a.a.LocalActorRef akka://worker/user/watcher/processing-watcher/graph/graph/$Gb - Starting...
18:54:13.577 [worker-akka.actor.default-dispatcher-9] INFO  a.a.LocalActorRef akka://worker/user/watcher/processing-watcher/graph/graph/$Hb - Starting...
18:54:13.577 [worker-akka.actor.default-dispatcher-9] INFO  a.a.LocalActorRef akka://worker/user/watcher/processing-watcher/graph/graph/$Ib - Starting...
18:54:13.577 [worker-akka.actor.default-dispatcher-9] INFO  a.a.LocalActorRef akka://worker/user/watcher/processing-watcher/graph/graph/$Jb - Starting...
18:54:13.580 [worker-akka.actor.default-dispatcher-9] INFO  a.a.LocalActorRef akka://worker/user/watcher/processing-watcher/graph/graph/$Bb - Starting...
18:54:13.580 [worker-akka.actor.default-dispatcher-9] INFO  a.a.LocalActorRef akka://worker/user/watcher/processing-watcher/graph/graph/$Lb - Starting...
18:54:13.580 [worker-akka.actor.default-dispatcher-9] INFO  a.a.LocalActorRef akka://worker/user/watcher/processing-watcher/graph/graph/$Mb - Starting...
18:54:13.580 [worker-akka.actor.default-dispatcher-9] INFO  a.a.LocalActorRef akka://worker/user/watcher/processing-watcher/graph/graph/$Nb - Starting...
18:54:13.585 [worker-akka.actor.default-dispatcher-9] INFO  a.a.LocalActorRef akka://worker/user/watcher/processing-watcher/graph/graph/$Kb - Starting...
2019-09-28T18:54:24.466+0000: 36.024: [GC (Allocation Failure) 2019-09-28T18:54:24.466+0000: 36.024: [DefNew: 409600K->32438K(460800K), 0.0927152 secs] 435527K->58365K(1484800K), 0.0928133 secs] [Times: user=0.07 sys=0.02, real=0.10 secs] 
2019-09-28T18:54:34.433+0000: 45.991: [GC (Allocation Failure) 2019-09-28T18:54:34.433+0000: 45.991: [DefNew: 442038K->1097K(460800K), 0.0682972 secs] 467965K->56007K(1484800K), 0.0683925 secs] [Times: user=0.05 sys=0.02, real=0.07 secs] 
2019-09-28T18:54:41.285+0000: 52.843: [GC (Allocation Failure) 2019-09-28T18:54:41.285+0000: 52.843: [DefNew: 410697K->1261K(460800K), 0.0065368 secs] 465607K->56171K(1484800K), 0.0066354 secs] [Times: user=0.00 sys=0.00, real=0.01 secs] 
2019-09-28T18:54:46.657+0000: 58.216: [GC (Allocation Failure) 2019-09-28T18:54:46.659+0000: 58.217: [DefNew: 410861K->1369K(460800K), 0.0051576 secs] 465771K->56279K(1484800K), 0.0065221 secs] [Times: user=0.00 sys=0.00, real=0.01 secs] 
2019-09-28T18:54:54.248+0000: 65.806: [GC (Allocation Failure) 2019-09-28T18:54:54.248+0000: 65.806: [DefNew: 410969K->1941K(460800K), 0.0066635 secs] 465879K->56851K(1484800K), 0.0067621 secs] [Times: user=0.00 sys=0.00, real=0.01 secs] 
2019-09-28T18:55:01.299+0000: 72.857: [GC (Allocation Failure) 2019-09-28T18:55:01.299+0000: 72.857: [DefNew: 411541K->1620K(460800K), 0.0045718 secs] 466451K->56530K(1484800K), 0.0047101 secs] [Times: user=0.01 sys=0.00, real=0.00 secs] 
2019-09-28T18:55:08.440+0000: 79.998: [GC (Allocation Failure) 2019-09-28T18:55:08.440+0000: 79.998: [DefNew: 411220K->1639K(460800K), 0.0042074 secs] 466130K->56549K(1484800K), 0.0042936 secs] [Times: user=0.01 sys=0.00, real=0.00 secs] 
2019-09-28T18:55:15.686+0000: 87.244: [GC (Allocation Failure) 2019-09-28T18:55:15.686+0000: 87.244: [DefNew: 411239K->1678K(460800K), 0.0042868 secs] 466149K->56588K(1484800K), 0.0043732 secs] [Times: user=0.00 sys=0.00, real=0.01 secs] 
2019-09-28T18:55:22.887+0000: 94.445: [GC (Allocation Failure) 2019-09-28T18:55:22.887+0000: 94.445: [DefNew: 411278K->1681K(460800K), 0.0040746 secs] 466188K->56591K(1484800K), 0.0041517 secs] [Times: user=0.01 sys=0.00, real=0.01 secs] 
2019-09-28T18:55:30.619+0000: 102.177: [GC (Allocation Failure) 2019-09-28T18:55:30.619+0000: 102.177: [DefNew: 411281K->1622K(460800K), 0.0041948 secs] 466191K->56532K(1484800K), 0.0042737 secs] [Times: user=0.00 sys=0.00, real=0.00 secs] 
2019-09-28T18:55:37.873+0000: 109.431: [GC (Allocation Failure) 2019-09-28T18:55:37.873+0000: 109.431: [DefNew: 411222K->1660K(460800K), 0.0041504 secs] 466132K->56570K(1484800K), 0.0042343 secs] [Times: user=0.01 sys=0.00, real=0.00 secs] 
2019-09-28T18:55:45.078+0000: 116.636: [GC (Allocation Failure) 2019-09-28T18:55:45.078+0000: 116.636: [DefNew: 411260K->1652K(460800K), 0.0042446 secs] 466170K->56562K(1484800K), 0.0043238 secs] [Times: user=0.00 sys=0.00, real=0.00 secs] 
2019-09-28T18:55:52.670+0000: 124.228: [GC (Allocation Failure) 2019-09-28T18:55:52.670+0000: 124.228: [DefNew: 411252K->1755K(460800K), 0.0047423 secs] 466162K->56665K(1484800K), 0.0048548 secs] [Times: user=0.01 sys=0.01, real=0.00 secs] 
2019-09-28T18:56:00.071+0000: 131.629: [GC (Allocation Failure) 2019-09-28T18:56:00.071+0000: 131.629: [DefNew: 411355K->1736K(460800K), 0.0046407 secs] 466265K->56646K(1484800K), 0.0047237 secs] [Times: user=0.00 sys=0.00, real=0.00 secs] 
2019-09-28T18:56:07.318+0000: 138.876: [GC (Allocation Failure) 2019-09-28T18:56:07.318+0000: 138.876: [DefNew: 411336K->1784K(460800K), 0.0044417 secs] 466246K->56694K(1484800K), 0.0045172 secs] [Times: user=0.00 sys=0.00, real=0.00 secs] 
2019-09-28T18:56:14.622+0000: 146.180: [GC (Allocation Failure) 2019-09-28T18:56:14.622+0000: 146.180: [DefNew: 411384K->1766K(460800K), 0.0044686 secs] 466294K->56676K(1484800K), 0.0045462 secs] [Times: user=0.00 sys=0.00, real=0.00 secs] 
2019-09-28T18:56:22.454+0000: 154.012: [GC (Allocation Failure) 2019-09-28T18:56:22.454+0000: 154.012: [DefNew: 411366K->1512K(460800K), 0.0044120 secs] 466276K->56637K(1484800K), 0.0044884 secs] [Times: user=0.01 sys=0.00, real=0.01 secs] 
2019-09-28T18:56:29.739+0000: 161.297: [GC (Allocation Failure) 2019-09-28T18:56:29.739+0000: 161.297: [DefNew: 411112K->1387K(460800K), 0.0041524 secs] 466237K->56648K(1484800K), 0.0042444 secs] [Times: user=0.00 sys=0.00, real=0.00 secs] 
2019-09-28T18:56:37.102+0000: 168.660: [GC (Allocation Failure) 2019-09-28T18:56:37.102+0000: 168.660: [DefNew: 410987K->1315K(460800K), 0.0039990 secs] 466248K->56638K(1484800K), 0.0040798 secs] [Times: user=0.00 sys=0.00, real=0.00 secs] 
2019-09-28T18:56:44.891+0000: 176.449: [GC (Allocation Failure) 2019-09-28T18:56:44.891+0000: 176.449: [DefNew: 410915K->279K(460800K), 0.0044157 secs] 466238K->56669K(1484800K), 0.0044994 secs] [Times: user=0.00 sys=0.01, real=0.00 secs] 
2019-09-28T18:56:52.080+0000: 183.638: [GC (Allocation Failure) 2019-09-28T18:56:52.080+0000: 183.638: [DefNew: 409879K->277K(460800K), 0.0028671 secs] 466269K->56666K(1484800K), 0.0029569 secs] [Times: user=0.00 sys=0.00, real=0.00 secs] 
2019-09-28T18:56:59.359+0000: 190.917: [GC (Allocation Failure) 2019-09-28T18:56:59.360+0000: 190.917: [DefNew: 409877K->275K(460800K), 0.0026682 secs] 466266K->56666K(1484800K), 0.0027555 secs] [Times: user=0.00 sys=0.00, real=0.00 secs] 
2019-09-28T18:57:06.598+0000: 198.156: [GC (Allocation Failure) 2019-09-28T18:57:06.598+0000: 198.156: [DefNew: 409875K->275K(460800K), 0.0026974 secs] 466266K->56667K(1484800K), 0.0027903 secs] [Times: user=0.01 sys=0.00, real=0.00 secs] 
2019-09-28T18:57:14.458+0000: 206.016: [GC (Allocation Failure) 2019-09-28T18:57:14.458+0000: 206.016: [DefNew: 409875K->297K(460800K), 0.0027447 secs] 466267K->56689K(1484800K), 0.0028272 secs] [Times: user=0.00 sys=0.00, real=0.00 secs] 
2019-09-28T18:57:21.718+0000: 213.275: [GC (Allocation Failure) 2019-09-28T18:57:21.718+0000: 213.276: [DefNew: 409897K->276K(460800K), 0.0026363 secs] 466289K->56669K(1484800K), 0.0027163 secs] [Times: user=0.00 sys=0.01, real=0.01 secs] 
2019-09-28T18:57:29.017+0000: 220.574: [GC (Allocation Failure) 2019-09-28T18:57:29.017+0000: 220.574: [DefNew: 409876K->278K(460800K), 0.0026300 secs] 466269K->56671K(1484800K), 0.0027069 secs] [Times: user=0.00 sys=0.00, real=0.01 secs] 
2019-09-28T18:57:36.787+0000: 228.345: [GC (Allocation Failure) 2019-09-28T18:57:36.788+0000: 228.345: [DefNew: 409878K->293K(460800K), 0.0026402 secs] 466271K->56685K(1484800K), 0.0027288 secs] [Times: user=0.00 sys=0.00, real=0.01 secs] 
2019-09-28T18:57:44.098+0000: 235.656: [GC (Allocation Failure) 2019-09-28T18:57:44.098+0000: 235.656: [DefNew: 409893K->171K(460800K), 0.0028499 secs] 466285K->56667K(1484800K), 0.0029335 secs] [Times: user=0.00 sys=0.00, real=0.00 secs] 
2019-09-28T18:57:51.328+0000: 242.886: [GC (Allocation Failure) 2019-09-28T18:57:51.328+0000: 242.886: [DefNew: 409771K->221K(460800K), 0.0028957 secs] 466267K->56716K(1484800K), 0.0029841 secs] [Times: user=0.00 sys=0.00, real=0.01 secs] 
2019-09-28T18:57:59.077+0000: 250.635: [GC (Allocation Failure) 2019-09-28T18:57:59.077+0000: 250.635: [DefNew: 409821K->250K(460800K), 0.0027496 secs] 466316K->56746K(1484800K), 0.0028320 secs] [Times: user=0.00 sys=0.00, real=0.01 secs] 
2019-09-28T18:58:06.340+0000: 257.898: [GC (Allocation Failure) 2019-09-28T18:58:06.340+0000: 257.898: [DefNew: 409850K->217K(460800K), 0.0026225 secs] 466346K->56713K(1484800K), 0.0027141 secs] [Times: user=0.00 sys=0.00, real=0.00 secs] 
2019-09-28T18:58:13.581+0000: 265.139: [GC (Allocation Failure) 2019-09-28T18:58:13.581+0000: 265.139: [DefNew: 409817K->280K(460800K), 0.0028282 secs] 466313K->56776K(1484800K), 0.0029020 secs] [Times: user=0.00 sys=0.00, real=0.00 secs] 
2019-09-28T18:58:21.400+0000: 272.958: [GC (Allocation Failure) 2019-09-28T18:58:21.400+0000: 272.958: [DefNew: 409880K->218K(460800K), 0.0027434 secs] 466376K->56714K(1484800K), 0.0028290 secs] [Times: user=0.00 sys=0.00, real=0.00 secs] 
2019-09-28T18:58:28.712+0000: 280.270: [GC (Allocation Failure) 2019-09-28T18:58:28.712+0000: 280.270: [DefNew: 409818K->219K(460800K), 0.0025279 secs] 466314K->56715K(1484800K), 0.0026029 secs] [Times: user=0.00 sys=0.00, real=0.00 secs] 
2019-09-28T18:58:36.011+0000: 287.569: [GC (Allocation Failure) 2019-09-28T18:58:36.011+0000: 287.569: [DefNew: 409819K->231K(460800K), 0.0024915 secs] 466315K->56728K(1484800K), 0.0025784 secs] [Times: user=0.00 sys=0.00, real=0.00 secs] 
2019-09-28T18:58:43.731+0000: 295.289: [GC (Allocation Failure) 2019-09-28T18:58:43.732+0000: 295.289: [DefNew: 409831K->184K(460800K), 0.0028517 secs] 466328K->56714K(1484800K), 0.0029338 secs] [Times: user=0.01 sys=0.00, real=0.00 secs] 
2019-09-28T18:58:51.030+0000: 302.588: [GC (Allocation Failure) 2019-09-28T18:58:51.030+0000: 302.588: [DefNew: 409784K->189K(460800K), 0.0027327 secs] 466314K->56719K(1484800K), 0.0028167 secs] [Times: user=0.00 sys=0.00, real=0.00 secs] 
2019-09-28T18:58:58.288+0000: 309.846: [GC (Allocation Failure) 2019-09-28T18:58:58.288+0000: 309.846: [DefNew: 409789K->264K(460800K), 0.0028182 secs] 466319K->56794K(1484800K), 0.0029056 secs] [Times: user=0.00 sys=0.00, real=0.01 secs] 
2019-09-28T18:59:05.585+0000: 317.143: [GC (Allocation Failure) 2019-09-28T18:59:05.585+0000: 317.143: [DefNew: 409864K->223K(460800K), 0.0028001 secs] 466394K->56753K(1484800K), 0.0028779 secs] [Times: user=0.00 sys=0.00, real=0.00 secs] 
2019-09-28T18:59:13.467+0000: 325.025: [GC (Allocation Failure) 2019-09-28T18:59:13.467+0000: 325.025: [DefNew: 409823K->217K(460800K), 0.0026149 secs] 466353K->56748K(1484800K), 0.0026953 secs] [Times: user=0.00 sys=0.00, real=0.00 secs] 
2019-09-28T18:59:20.712+0000: 332.270: [GC (Allocation Failure) 2019-09-28T18:59:20.712+0000: 332.270: [DefNew: 409817K->225K(460800K), 0.0025952 secs] 466348K->56756K(1484800K), 0.0026722 secs] [Times: user=0.01 sys=0.00, real=0.00 secs] 
2019-09-28T18:59:28.041+0000: 339.599: [GC (Allocation Failure) 2019-09-28T18:59:28.041+0000: 339.599: [DefNew: 409825K->207K(460800K), 0.0025978 secs] 466356K->56737K(1484800K), 0.0026766 secs] [Times: user=0.00 sys=0.00, real=0.00 secs] 
2019-09-28T18:59:35.801+0000: 347.359: [GC (Allocation Failure) 2019-09-28T18:59:35.801+0000: 347.359: [DefNew: 409807K->200K(460800K), 0.0026646 secs] 466337K->56731K(1484800K), 0.0027451 secs] [Times: user=0.00 sys=0.00, real=0.00 secs] 
2019-09-28T18:59:43.046+0000: 354.604: [GC (Allocation Failure) 2019-09-28T18:59:43.046+0000: 354.604: [DefNew: 409800K->193K(460800K), 0.0027735 secs] 466331K->56757K(1484800K), 0.0028530 secs] [Times: user=0.00 sys=0.00, real=0.00 secs] 
2019-09-28T18:59:50.482+0000: 362.040: [GC (Allocation Failure) 2019-09-28T18:59:50.483+0000: 362.040: [DefNew: 409793K->173K(460800K), 0.0027803 secs] 466357K->56750K(1484800K), 0.0028562 secs] [Times: user=0.00 sys=0.00, real=0.00 secs] 
2019-09-28T18:59:58.022+0000: 369.579: [GC (Allocation Failure) 2019-09-28T18:59:58.022+0000: 369.580: [DefNew: 409773K->174K(460800K), 0.0028688 secs] 466350K->56751K(1484800K), 0.0029578 secs] [Times: user=0.01 sys=0.00, real=0.00 secs] 
2019-09-28T19:00:05.290+0000: 376.848: [GC (Allocation Failure) 2019-09-28T19:00:05.290+0000: 376.848: [DefNew: 409774K->174K(460800K), 0.0026963 secs] 466351K->56751K(1484800K), 0.0027719 secs] [Times: user=0.01 sys=0.00, real=0.00 secs] 
2019-09-28T19:00:12.538+0000: 384.095: [GC (Allocation Failure) 2019-09-28T19:00:12.538+0000: 384.095: [DefNew: 409774K->207K(460800K), 0.0026820 secs] 466351K->56784K(1484800K), 0.0027773 secs] [Times: user=0.01 sys=0.00, real=0.01 secs] 
2019-09-28T19:00:20.380+0000: 391.938: [GC (Allocation Failure) 2019-09-28T19:00:20.380+0000: 391.938: [DefNew: 409807K->175K(460800K), 0.0026937 secs] 466384K->56752K(1484800K), 0.0027642 secs] [Times: user=0.01 sys=0.00, real=0.00 secs] 
2019-09-28T19:00:27.665+0000: 399.223: [GC (Allocation Failure) 2019-09-28T19:00:27.665+0000: 399.223: [DefNew: 409775K->174K(460800K), 0.0026151 secs] 466352K->56750K(1484800K), 0.0026985 secs] [Times: user=0.01 sys=0.00, real=0.00 secs] 
2019-09-28T19:00:34.907+0000: 406.465: [GC (Allocation Failure) 2019-09-28T19:00:34.907+0000: 406.465: [DefNew: 409774K->209K(460800K), 0.0025834 secs] 466350K->56786K(1484800K), 0.0026649 secs] [Times: user=0.01 sys=0.00, real=0.00 secs] 
2019-09-28T19:00:42.152+0000: 413.710: [GC (Allocation Failure) 2019-09-28T19:00:42.152+0000: 413.710: [DefNew: 409809K->168K(460800K), 0.0027315 secs] 466386K->56750K(1484800K), 0.0028182 secs] [Times: user=0.00 sys=0.00, real=0.00 secs] 
2019-09-28T19:00:50.034+0000: 421.592: [GC (Allocation Failure) 2019-09-28T19:00:50.034+0000: 421.592: [DefNew: 409768K->160K(460800K), 0.0027500 secs] 466350K->56754K(1484800K), 0.0028327 secs] [Times: user=0.00 sys=0.00, real=0.00 secs] 
2019-09-28T19:00:57.200+0000: 428.758: [GC (Allocation Failure) 2019-09-28T19:00:57.200+0000: 428.758: [DefNew: 409760K->170K(460800K), 0.0029190 secs] 466354K->56763K(1484800K), 0.0030097 secs] [Times: user=0.00 sys=0.00, real=0.00 secs] 
2019-09-28T19:01:04.560+0000: 436.118: [GC (Allocation Failure) 2019-09-28T19:01:04.560+0000: 436.118: [DefNew: 409770K->168K(460800K), 0.0026913 secs] 466363K->56762K(1484800K), 0.0027807 secs] [Times: user=0.00 sys=0.00, real=0.00 secs] 
2019-09-28T19:01:12.226+0000: 443.784: [GC (Allocation Failure) 2019-09-28T19:01:12.226+0000: 443.784: [DefNew: 409768K->169K(460800K), 0.0025380 secs] 466362K->56763K(1484800K), 0.0026216 secs] [Times: user=0.00 sys=0.00, real=0.00 secs] 
2019-09-28T19:01:19.490+0000: 451.048: [GC (Allocation Failure) 2019-09-28T19:01:19.490+0000: 451.048: [DefNew: 409769K->169K(460800K), 0.0024795 secs] 466363K->56763K(1484800K), 0.0025917 secs] [Times: user=0.00 sys=0.00, real=0.01 secs] 
2019-09-28T19:01:26.777+0000: 458.335: [GC (Allocation Failure) 2019-09-28T19:01:26.777+0000: 458.335: [DefNew: 409769K->178K(460800K), 0.0025130 secs] 466363K->56773K(1484800K), 0.0025897 secs] [Times: user=0.00 sys=0.00, real=0.01 secs] 
19:01:31.920 [worker-akka.actor.default-dispatcher-9] INFO  a.r.a.Association(akka://worker) akka.remote.artery.Association(akka://worker) - Stopping idle outbound stream [2] to [akka://worker@flamestream-benchmarks-worker-0:5412]
2019-09-28T19:01:34.150+0000: 465.708: [GC (Allocation Failure) 2019-09-28T19:01:34.150+0000: 465.708: [DefNew: 409778K->331K(460800K), 0.0030187 secs] 466373K->56925K(1484800K), 0.0031055 secs] [Times: user=0.00 sys=0.00, real=0.00 secs] 
2019-09-28T19:01:41.740+0000: 473.298: [GC (Allocation Failure) 2019-09-28T19:01:41.740+0000: 473.298: [DefNew: 409931K->226K(460800K), 0.0027698 secs] 466525K->56825K(1484800K), 0.0028505 secs] [Times: user=0.01 sys=0.00, real=0.00 secs] 
2019-09-28T19:01:49.093+0000: 480.651: [GC (Allocation Failure) 2019-09-28T19:01:49.093+0000: 480.651: [DefNew: 409826K->273K(460800K), 0.0031643 secs] 466425K->56886K(1484800K), 0.0032711 secs] [Times: user=0.00 sys=0.00, real=0.00 secs] 
2019-09-28T19:01:56.170+0000: 487.728: [GC (Allocation Failure) 2019-09-28T19:01:56.170+0000: 487.728: [DefNew: 409873K->311K(460800K), 0.0029722 secs] 466486K->56924K(1484800K), 0.0030402 secs] [Times: user=0.00 sys=0.00, real=0.00 secs] 
2019-09-28T19:02:04.132+0000: 495.690: [GC (Allocation Failure) 2019-09-28T19:02:04.132+0000: 495.690: [DefNew: 409911K->255K(460800K), 0.0029368 secs] 466524K->56868K(1484800K), 0.0030155 secs] [Times: user=0.00 sys=0.00, real=0.00 secs] 
2019-09-28T19:02:11.394+0000: 502.952: [GC (Allocation Failure) 2019-09-28T19:02:11.394+0000: 502.952: [DefNew: 409855K->231K(460800K), 0.0029014 secs] 466468K->56844K(1484800K), 0.0029782 secs] [Times: user=0.00 sys=0.00, real=0.00 secs] 
2019-09-28T19:02:18.664+0000: 510.222: [GC (Allocation Failure) 2019-09-28T19:02:18.664+0000: 510.222: [DefNew: 409831K->257K(460800K), 0.0029318 secs] 466444K->56870K(1484800K), 0.0030111 secs] [Times: user=0.00 sys=0.00, real=0.00 secs] 
2019-09-28T19:02:26.435+0000: 517.993: [GC (Allocation Failure) 2019-09-28T19:02:26.435+0000: 517.993: [DefNew: 409857K->243K(460800K), 0.0028887 secs] 466470K->56856K(1484800K), 0.0029691 secs] [Times: user=0.00 sys=0.00, real=0.01 secs] 
2019-09-28T19:02:33.725+0000: 525.283: [GC (Allocation Failure) 2019-09-28T19:02:33.725+0000: 525.283: [DefNew: 409843K->250K(460800K), 0.0028796 secs] 466456K->56863K(1484800K), 0.0029625 secs] [Times: user=0.01 sys=0.00, real=0.00 secs] 
2019-09-28T19:02:40.969+0000: 532.527: [GC (Allocation Failure) 2019-09-28T19:02:40.969+0000: 532.527: [DefNew: 409850K->226K(460800K), 0.0028866 secs] 466463K->56844K(1484800K), 0.0029817 secs] [Times: user=0.00 sys=0.00, real=0.01 secs] 
2019-09-28T19:02:48.773+0000: 540.331: [GC (Allocation Failure) 2019-09-28T19:02:48.773+0000: 540.331: [DefNew: 409826K->267K(460800K), 0.0029520 secs] 466444K->56892K(1484800K), 0.0030341 secs] [Times: user=0.00 sys=0.00, real=0.00 secs] 
2019-09-28T19:02:55.988+0000: 547.546: [GC (Allocation Failure) 2019-09-28T19:02:55.988+0000: 547.546: [DefNew: 409867K->229K(460800K), 0.0029701 secs] 466492K->56854K(1484800K), 0.0030506 secs] [Times: user=0.00 sys=0.00, real=0.01 secs] 
2019-09-28T19:03:03.390+0000: 554.948: [GC (Allocation Failure) 2019-09-28T19:03:03.390+0000: 554.948: [DefNew: 409829K->241K(460800K), 0.0029635 secs] 466454K->56867K(1484800K), 0.0030736 secs] [Times: user=0.00 sys=0.00, real=0.00 secs] 
2019-09-28T19:03:11.159+0000: 562.717: [GC (Allocation Failure) 2019-09-28T19:03:11.159+0000: 562.717: [DefNew: 409841K->228K(460800K), 0.0028231 secs] 466467K->56855K(1484800K), 0.0028941 secs] [Times: user=0.00 sys=0.00, real=0.00 secs] 
2019-09-28T19:03:18.452+0000: 570.010: [GC (Allocation Failure) 2019-09-28T19:03:18.452+0000: 570.010: [DefNew: 409828K->259K(460800K), 0.0029470 secs] 466455K->56886K(1484800K), 0.0030388 secs] [Times: user=0.00 sys=0.00, real=0.00 secs] 
2019-09-28T19:03:25.761+0000: 577.319: [GC (Allocation Failure) 2019-09-28T19:03:25.761+0000: 577.319: [DefNew: 409859K->192K(460800K), 0.0030389 secs] 466486K->56866K(1484800K), 0.0031212 secs] [Times: user=0.00 sys=0.00, real=0.00 secs] 
2019-09-28T19:03:32.968+0000: 584.525: [GC (Allocation Failure) 2019-09-28T19:03:32.968+0000: 584.526: [DefNew: 409792K->189K(460800K), 0.0027954 secs] 466466K->56872K(1484800K), 0.0028716 secs] [Times: user=0.00 sys=0.00, real=0.01 secs] 
2019-09-28T19:03:40.736+0000: 592.294: [GC (Allocation Failure) 2019-09-28T19:03:40.736+0000: 592.294: [DefNew: 409789K->208K(460800K), 0.0027141 secs] 466472K->56895K(1484800K), 0.0027860 secs] [Times: user=0.01 sys=0.00, real=0.01 secs] 
2019-09-28T19:03:48.010+0000: 599.568: [GC (Allocation Failure) 2019-09-28T19:03:48.010+0000: 599.568: [DefNew: 409808K->153K(460800K), 0.0027015 secs] 466495K->56860K(1484800K), 0.0027920 secs] [Times: user=0.00 sys=0.01, real=0.00 secs] 
2019-09-28T19:03:55.272+0000: 606.830: [GC (Allocation Failure) 2019-09-28T19:03:55.272+0000: 606.830: [DefNew: 409753K->158K(460800K), 0.0028234 secs] 466460K->56865K(1484800K), 0.0029070 secs] [Times: user=0.01 sys=0.00, real=0.00 secs] 
2019-09-28T19:04:03.089+0000: 614.647: [GC (Allocation Failure) 2019-09-28T19:04:03.089+0000: 614.647: [DefNew: 409758K->196K(460800K), 0.0026798 secs] 466465K->56902K(1484800K), 0.0027637 secs] [Times: user=0.01 sys=0.00, real=0.01 secs] 
2019-09-28T19:04:10.336+0000: 621.894: [GC (Allocation Failure) 2019-09-28T19:04:10.336+0000: 621.894: [DefNew: 409796K->190K(460800K), 0.0025652 secs] 466502K->56897K(1484800K), 0.0026835 secs] [Times: user=0.00 sys=0.00, real=0.01 secs] 
2019-09-28T19:04:17.634+0000: 629.192: [GC (Allocation Failure) 2019-09-28T19:04:17.634+0000: 629.192: [DefNew: 409790K->292K(460800K), 0.0027582 secs] 466497K->56999K(1484800K), 0.0028308 secs] [Times: user=0.00 sys=0.00, real=0.00 secs] 
2019-09-28T19:04:25.441+0000: 636.999: [GC (Allocation Failure) 2019-09-28T19:04:25.441+0000: 636.999: [DefNew: 409892K->192K(460800K), 0.0027020 secs] 466599K->56899K(1484800K), 0.0027830 secs] [Times: user=0.01 sys=0.00, real=0.00 secs] 
2019-09-28T19:04:32.700+0000: 644.257: [GC (Allocation Failure) 2019-09-28T19:04:32.700+0000: 644.258: [DefNew: 409792K->196K(460800K), 0.0025595 secs] 466499K->56903K(1484800K), 0.0026372 secs] [Times: user=0.00 sys=0.00, real=0.00 secs] 
2019-09-28T19:04:39.983+0000: 651.541: [GC (Allocation Failure) 2019-09-28T19:04:39.983+0000: 651.541: [DefNew: 409796K->191K(460800K), 0.0025431 secs] 466503K->56899K(1484800K), 0.0026232 secs] [Times: user=0.01 sys=0.00, real=0.00 secs] 
2019-09-28T19:04:47.774+0000: 659.332: [GC (Allocation Failure) 2019-09-28T19:04:47.774+0000: 659.332: [DefNew: 409791K->181K(460800K), 0.0026666 secs] 466499K->56899K(1484800K), 0.0027627 secs] [Times: user=0.00 sys=0.00, real=0.00 secs] 
2019-09-28T19:04:55.032+0000: 666.590: [GC (Allocation Failure) 2019-09-28T19:04:55.032+0000: 666.590: [DefNew: 409781K->252K(460800K), 0.0029576 secs] 466499K->56970K(1484800K), 0.0030425 secs] [Times: user=0.01 sys=0.00, real=0.00 secs] 
2019-09-28T19:05:02.518+0000: 674.075: [GC (Allocation Failure) 2019-09-28T19:05:02.518+0000: 674.075: [DefNew: 409852K->190K(460800K), 0.0027841 secs] 466570K->56908K(1484800K), 0.0028676 secs] [Times: user=0.01 sys=0.00, real=0.01 secs] 
2019-09-28T19:05:10.316+0000: 681.874: [GC (Allocation Failure) 2019-09-28T19:05:10.316+0000: 681.874: [DefNew: 409790K->191K(460800K), 0.0025982 secs] 466508K->56909K(1484800K), 0.0026785 secs] [Times: user=0.00 sys=0.00, real=0.01 secs] 
2019-09-28T19:05:17.628+0000: 689.186: [GC (Allocation Failure) 2019-09-28T19:05:17.628+0000: 689.186: [DefNew: 409791K->228K(460800K), 0.0029491 secs] 466509K->56946K(1484800K), 0.0030203 secs] [Times: user=0.00 sys=0.00, real=0.01 secs] 
2019-09-28T19:05:24.826+0000: 696.384: [GC (Allocation Failure) 2019-09-28T19:05:24.826+0000: 696.384: [DefNew: 409828K->247K(460800K), 0.0026534 secs] 466546K->56965K(1484800K), 0.0027494 secs] [Times: user=0.01 sys=0.00, real=0.00 secs] 
2019-09-28T19:05:32.622+0000: 704.180: [GC (Allocation Failure) 2019-09-28T19:05:32.622+0000: 704.180: [DefNew: 409847K->189K(460800K), 0.0025809 secs] 466565K->56907K(1484800K), 0.0026721 secs] [Times: user=0.00 sys=0.00, real=0.00 secs] 
2019-09-28T19:05:39.971+0000: 711.528: [GC (Allocation Failure) 2019-09-28T19:05:39.971+0000: 711.528: [DefNew: 409789K->191K(460800K), 0.0026274 secs] 466507K->56909K(1484800K), 0.0027139 secs] [Times: user=0.00 sys=0.00, real=0.00 secs] 
2019-09-28T19:05:47.192+0000: 718.750: [GC (Allocation Failure) 2019-09-28T19:05:47.192+0000: 718.750: [DefNew: 409791K->180K(460800K), 0.0026925 secs] 466509K->56908K(1484800K), 0.0027813 secs] [Times: user=0.00 sys=0.00, real=0.00 secs] 
2019-09-28T19:05:54.893+0000: 726.451: [GC (Allocation Failure) 2019-09-28T19:05:54.893+0000: 726.451: [DefNew: 409780K->157K(460800K), 0.0027999 secs] 466508K->56918K(1484800K), 0.0028802 secs] [Times: user=0.01 sys=0.00, real=0.00 secs] 
2019-09-28T19:06:02.185+0000: 733.742: [GC (Allocation Failure) 2019-09-28T19:06:02.185+0000: 733.743: [DefNew: 409757K->184K(460800K), 0.0027167 secs] 466518K->56945K(1484800K), 0.0027989 secs] [Times: user=0.00 sys=0.00, real=0.00 secs] 
2019-09-28T19:06:09.437+0000: 740.995: [GC (Allocation Failure) 2019-09-28T19:06:09.437+0000: 740.995: [DefNew: 409784K->220K(460800K), 0.0026426 secs] 466545K->56981K(1484800K), 0.0027236 secs] [Times: user=0.00 sys=0.00, real=0.01 secs] 
2019-09-28T19:06:16.714+0000: 748.272: [GC (Allocation Failure) 2019-09-28T19:06:16.714+0000: 748.272: [DefNew: 409820K->165K(460800K), 0.0024780 secs] 466581K->56926K(1484800K), 0.0025647 secs] [Times: user=0.00 sys=0.00, real=0.00 secs] 
2019-09-28T19:06:24.538+0000: 756.096: [GC (Allocation Failure) 2019-09-28T19:06:24.538+0000: 756.096: [DefNew: 409765K->157K(460800K), 0.0025747 secs] 466526K->56918K(1484800K), 0.0026487 secs] [Times: user=0.00 sys=0.00, real=0.00 secs] 
2019-09-28T19:06:31.821+0000: 763.379: [GC (Allocation Failure) 2019-09-28T19:06:31.821+0000: 763.379: [DefNew: 409757K->155K(460800K), 0.0024862 secs] 466518K->56916K(1484800K), 0.0025618 secs] [Times: user=0.00 sys=0.00, real=0.00 secs] 
2019-09-28T19:06:39.066+0000: 770.623: [GC (Allocation Failure) 2019-09-28T19:06:39.066+0000: 770.624: [DefNew: 409755K->228K(460800K), 0.0026174 secs] 466516K->56990K(1484800K), 0.0026870 secs] [Times: user=0.00 sys=0.00, real=0.00 secs] 
2019-09-28T19:06:46.872+0000: 778.430: [GC (Allocation Failure) 2019-09-28T19:06:46.873+0000: 778.430: [DefNew: 409828K->148K(460800K), 0.0025445 secs] 466590K->56918K(1484800K), 0.0026526 secs] [Times: user=0.00 sys=0.00, real=0.00 secs] 
2019-09-28T19:06:54.130+0000: 785.688: [GC (Allocation Failure) 2019-09-28T19:06:54.130+0000: 785.688: [DefNew: 409748K->206K(460800K), 0.0027386 secs] 466518K->56977K(1484800K), 0.0028170 secs] [Times: user=0.00 sys=0.00, real=0.00 secs] 
2019-09-28T19:07:01.501+0000: 793.059: [GC (Allocation Failure) 2019-09-28T19:07:01.501+0000: 793.059: [DefNew: 409806K->154K(460800K), 0.0025347 secs] 466577K->56925K(1484800K), 0.0026165 secs] [Times: user=0.00 sys=0.00, real=0.00 secs] 
2019-09-28T19:07:09.174+0000: 800.732: [GC (Allocation Failure) 2019-09-28T19:07:09.174+0000: 800.732: [DefNew: 409754K->155K(460800K), 0.0026012 secs] 466525K->56926K(1484800K), 0.0026845 secs] [Times: user=0.00 sys=0.00, real=0.00 secs] 
2019-09-28T19:07:16.456+0000: 808.014: [GC (Allocation Failure) 2019-09-28T19:07:16.456+0000: 808.014: [DefNew: 409755K->154K(460800K), 0.0025896 secs] 466526K->56925K(1484800K), 0.0026645 secs] [Times: user=0.01 sys=0.00, real=0.01 secs] 
2019-09-28T19:07:23.677+0000: 815.235: [GC (Allocation Failure) 2019-09-28T19:07:23.677+0000: 815.235: [DefNew: 409754K->153K(460800K), 0.0025789 secs] 466525K->56924K(1484800K), 0.0026607 secs] [Times: user=0.01 sys=0.00, real=0.01 secs] 
2019-09-28T19:07:30.928+0000: 822.486: [GC (Allocation Failure) 2019-09-28T19:07:30.928+0000: 822.486: [DefNew: 409753K->154K(460800K), 0.0025057 secs] 466524K->56925K(1484800K), 0.0026178 secs] [Times: user=0.00 sys=0.00, real=0.01 secs] 
2019-09-28T19:07:38.738+0000: 830.296: [GC (Allocation Failure) 2019-09-28T19:07:38.738+0000: 830.296: [DefNew: 409754K->154K(460800K), 0.0025282 secs] 466525K->56925K(1484800K), 0.0026090 secs] [Times: user=0.00 sys=0.00, real=0.00 secs] 
2019-09-28T19:07:45.986+0000: 837.544: [GC (Allocation Failure) 2019-09-28T19:07:45.986+0000: 837.544: [DefNew: 409754K->144K(460800K), 0.0026152 secs] 466525K->56924K(1484800K), 0.0026873 secs] [Times: user=0.01 sys=0.00, real=0.00 secs] 
2019-09-28T19:07:53.200+0000: 844.758: [GC (Allocation Failure) 2019-09-28T19:07:53.200+0000: 844.758: [DefNew: 409744K->199K(460800K), 0.0027911 secs] 466524K->56979K(1484800K), 0.0028725 secs] [Times: user=0.01 sys=0.00, real=0.00 secs] 
2019-09-28T19:08:00.994+0000: 852.551: [GC (Allocation Failure) 2019-09-28T19:08:00.994+0000: 852.551: [DefNew: 409799K->153K(460800K), 0.0026834 secs] 466579K->56934K(1484800K), 0.0027646 secs] [Times: user=0.00 sys=0.00, real=0.00 secs] 
2019-09-28T19:08:08.299+0000: 859.857: [GC (Allocation Failure) 2019-09-28T19:08:08.299+0000: 859.857: [DefNew: 409753K->164K(460800K), 0.0026148 secs] 466534K->56944K(1484800K), 0.0026975 secs] [Times: user=0.00 sys=0.00, real=0.00 secs] 
2019-09-28T19:08:15.548+0000: 867.106: [GC (Allocation Failure) 2019-09-28T19:08:15.548+0000: 867.106: [DefNew: 409764K->153K(460800K), 0.0026125 secs] 466544K->56934K(1484800K), 0.0026925 secs] [Times: user=0.00 sys=0.00, real=0.01 secs] 
2019-09-28T19:08:23.260+0000: 874.818: [GC (Allocation Failure) 2019-09-28T19:08:23.260+0000: 874.818: [DefNew: 409753K->154K(460800K), 0.0025480 secs] 466534K->56934K(1484800K), 0.0026371 secs] [Times: user=0.01 sys=0.00, real=0.00 secs] 
2019-09-28T19:08:30.653+0000: 882.211: [GC (Allocation Failure) 2019-09-28T19:08:30.653+0000: 882.211: [DefNew: 409754K->154K(460800K), 0.0024616 secs] 466534K->56934K(1484800K), 0.0025376 secs] [Times: user=0.00 sys=0.00, real=0.00 secs] 
2019-09-28T19:08:37.953+0000: 889.511: [GC (Allocation Failure) 2019-09-28T19:08:37.953+0000: 889.511: [DefNew: 409754K->154K(460800K), 0.0025398 secs] 466534K->56935K(1484800K), 0.0026228 secs] [Times: user=0.00 sys=0.00, real=0.00 secs] 
2019-09-28T19:08:45.152+0000: 896.710: [GC (Allocation Failure) 2019-09-28T19:08:45.153+0000: 896.710: [DefNew: 409754K->150K(460800K), 0.0025351 secs] 466535K->56937K(1484800K), 0.0026159 secs] [Times: user=0.00 sys=0.00, real=0.00 secs] 
2019-09-28T19:08:52.890+0000: 904.448: [GC (Allocation Failure) 2019-09-28T19:08:52.890+0000: 904.448: [DefNew: 409750K->178K(460800K), 0.0026724 secs] 466537K->56966K(1484800K), 0.0027508 secs] [Times: user=0.00 sys=0.00, real=0.00 secs] 
2019-09-28T19:09:00.149+0000: 911.707: [GC (Allocation Failure) 2019-09-28T19:09:00.149+0000: 911.707: [DefNew: 409778K->177K(460800K), 0.0027121 secs] 466566K->56965K(1484800K), 0.0028131 secs] [Times: user=0.00 sys=0.00, real=0.01 secs] 
2019-09-28T19:09:07.388+0000: 918.946: [GC (Allocation Failure) 2019-09-28T19:09:07.388+0000: 918.946: [DefNew: 409777K->186K(460800K), 0.0026860 secs] 466565K->56974K(1484800K), 0.0027717 secs] [Times: user=0.00 sys=0.00, real=0.01 secs] 
2019-09-28T19:09:15.227+0000: 926.785: [GC (Allocation Failure) 2019-09-28T19:09:15.228+0000: 926.785: [DefNew: 409786K->162K(460800K), 0.0025364 secs] 466574K->56950K(1484800K), 0.0026187 secs] [Times: user=0.01 sys=0.00, real=0.01 secs] 
2019-09-28T19:09:22.508+0000: 934.066: [GC (Allocation Failure) 2019-09-28T19:09:22.508+0000: 934.066: [DefNew: 409762K->159K(460800K), 0.0026359 secs] 466550K->56946K(1484800K), 0.0027229 secs] [Times: user=0.01 sys=0.00, real=0.01 secs] 
2019-09-28T19:09:29.795+0000: 941.353: [GC (Allocation Failure) 2019-09-28T19:09:29.795+0000: 941.353: [DefNew: 409759K->243K(460800K), 0.0027565 secs] 466546K->57031K(1484800K), 0.0028444 secs] [Times: user=0.00 sys=0.00, real=0.01 secs] 
2019-09-28T19:09:37.603+0000: 949.161: [GC (Allocation Failure) 2019-09-28T19:09:37.603+0000: 949.161: [DefNew: 409843K->175K(460800K), 0.0027183 secs] 466631K->56963K(1484800K), 0.0028000 secs] [Times: user=0.01 sys=0.00, real=0.00 secs] 
2019-09-28T19:09:44.853+0000: 956.410: [GC (Allocation Failure) 2019-09-28T19:09:44.853+0000: 956.411: [DefNew: 409775K->164K(460800K), 0.0025681 secs] 466563K->56961K(1484800K), 0.0026491 secs] [Times: user=0.01 sys=0.00, real=0.00 secs] 
2019-09-28T19:09:52.091+0000: 963.649: [GC (Allocation Failure) 2019-09-28T19:09:52.091+0000: 963.649: [DefNew: 409764K->159K(460800K), 0.0026482 secs] 466561K->56955K(1484800K), 0.0027295 secs] [Times: user=0.00 sys=0.00, real=0.00 secs] 
2019-09-28T19:09:59.297+0000: 970.855: [GC (Allocation Failure) 2019-09-28T19:09:59.297+0000: 970.855: [DefNew: 409759K->159K(460800K), 0.0026284 secs] 466555K->56955K(1484800K), 0.0027129 secs] [Times: user=0.01 sys=0.00, real=0.01 secs] 
2019-09-28T19:10:07.171+0000: 978.729: [GC (Allocation Failure) 2019-09-28T19:10:07.171+0000: 978.729: [DefNew: 409759K->198K(460800K), 0.0025919 secs] 466555K->56994K(1484800K), 0.0026670 secs] [Times: user=0.00 sys=0.00, real=0.00 secs] 
2019-09-28T19:10:14.460+0000: 986.018: [GC (Allocation Failure) 2019-09-28T19:10:14.460+0000: 986.018: [DefNew: 409798K->188K(460800K), 0.0026364 secs] 466594K->56985K(1484800K), 0.0027255 secs] [Times: user=0.00 sys=0.00, real=0.00 secs] 
2019-09-28T19:10:21.694+0000: 993.252: [GC (Allocation Failure) 2019-09-28T19:10:21.694+0000: 993.252: [DefNew: 409788K->208K(460800K), 0.0026401 secs] 466585K->57005K(1484800K), 0.0027140 secs] [Times: user=0.00 sys=0.00, real=0.00 secs] 
2019-09-28T19:10:29.504+0000: 1001.062: [GC (Allocation Failure) 2019-09-28T19:10:29.504+0000: 1001.062: [DefNew: 409808K->159K(460800K), 0.0026167 secs] 466605K->56956K(1484800K), 0.0026944 secs] [Times: user=0.01 sys=0.00, real=0.00 secs] 
2019-09-28T19:10:36.766+0000: 1008.324: [GC (Allocation Failure) 2019-09-28T19:10:36.766+0000: 1008.324: [DefNew: 409759K->166K(460800K), 0.0026324 secs] 466556K->56962K(1484800K), 0.0027136 secs] [Times: user=0.00 sys=0.00, real=0.00 secs] 
2019-09-28T19:10:43.992+0000: 1015.550: [GC (Allocation Failure) 2019-09-28T19:10:43.992+0000: 1015.550: [DefNew: 409766K->216K(460800K), 0.0027428 secs] 466562K->57025K(1484800K), 0.0028237 secs] [Times: user=0.00 sys=0.00, real=0.00 secs] 
2019-09-28T19:10:51.808+0000: 1023.366: [GC (Allocation Failure) 2019-09-28T19:10:51.808+0000: 1023.366: [DefNew: 409816K->154K(460800K), 0.0027205 secs] 466625K->56963K(1484800K), 0.0027969 secs] [Times: user=0.01 sys=0.00, real=0.01 secs] 
19:10:55.516 [Client] INFO  c.s.f.r.e.s.SocketRear  - FlameSocketGraphDeployerRear@flamestream-benchmarks-worker-10: has been disconnected from Connection 15
19:10:55.523 [Client] INFO  c.s.f.r.e.s.SocketFront  - FlameSocketGraphDeployerFront@flamestream-benchmarks-worker-10 has been disconnected from Connection 15
19:10:55.617 [worker-akka.actor.default-dispatcher-10] WARN  c.s.f.r.e.s.SocketRear  - FlameSocketGraphDeployerRear@flamestream-benchmarks-worker-10: writing to closed log
19:10:55.644 [worker-akka.actor.default-dispatcher-10] WARN  c.s.f.r.e.s.SocketRear  - FlameSocketGraphDeployerRear@flamestream-benchmarks-worker-10: writing to closed log
19:11:14.769 [worker-akka.actor.default-dispatcher-10] INFO  a.r.a.Association(akka://worker) akka.remote.artery.Association(akka://worker) - Association to [akka://worker@flamestream-benchmarks-worker-0:5412] having UID [8671737266674996310] has been stopped. All messages to this UID will be delivered to dead letters. Reason: ActorSystem terminated
19:11:14.770 [worker-akka.actor.default-dispatcher-10] INFO  a.r.a.Association(akka://worker) akka.remote.artery.Association(akka://worker) - Association to [akka://worker@flamestream-benchmarks-worker-2:5412] having UID [-1357220282590935731] has been stopped. All messages to this UID will be delivered to dead letters. Reason: ActorSystem terminated
19:11:14.807 [worker-akka.actor.default-dispatcher-10] INFO  a.r.a.Association(akka://worker) akka.remote.artery.Association(akka://worker) - Association to [akka://worker@flamestream-benchmarks-worker-1:5412] having UID [9003752637410361599] has been stopped. All messages to this UID will be delivered to dead letters. Reason: ActorSystem terminated
19:11:15.027 [worker-akka.actor.default-dispatcher-10] INFO  a.r.a.Association(akka://worker) akka.remote.artery.Association(akka://worker) - Association to [akka://worker@flamestream-benchmarks-worker-3:5412] having UID [2415480863962131759] has been stopped. All messages to this UID will be delivered to dead letters. Reason: ActorSystem terminated
19:11:15.076 [worker-akka.actor.default-dispatcher-10] INFO  a.r.a.Association(akka://worker) akka.remote.artery.Association(akka://worker) - Association to [akka://worker@flamestream-benchmarks-worker-4:5412] having UID [1738623144942720681] has been stopped. All messages to this UID will be delivered to dead letters. Reason: ActorSystem terminated
19:11:15.385 [worker-akka.actor.default-dispatcher-10] INFO  a.a.LocalActorRef akka://worker/user/watcher/processing-watcher/graph/edge/FlameSocketGraphDeployerRear - Stopped
19:11:15.391 [worker-akka.actor.default-dispatcher-10] INFO  a.a.LocalActorRef akka://worker/user/watcher/processing-watcher/graph/negotiator - Stopped
19:11:15.397 [worker-akka.actor.default-dispatcher-16] INFO  a.a.LocalActorRef akka://worker/user/watcher/processing-watcher/graph/graph/$+ - Stopped
19:11:15.397 [worker-akka.actor.default-dispatcher-9] INFO  a.a.LocalActorRef akka://worker/user/watcher/processing-watcher/graph/graph/$0 - Stopped
19:11:15.406 [worker-akka.actor.default-dispatcher-10] INFO  a.a.LocalActorRef akka://worker/user/watcher/processing-watcher/graph/graph/$1 - Stopped
19:11:15.407 [worker-akka.actor.default-dispatcher-10] INFO  a.a.LocalActorRef akka://worker/user/watcher/processing-watcher/graph/graph/$2 - Stopped
19:11:15.408 [worker-akka.actor.default-dispatcher-10] INFO  a.a.LocalActorRef akka://worker/user/watcher/processing-watcher/graph/graph/$3 - Stopped
19:11:15.408 [worker-akka.actor.default-dispatcher-10] INFO  a.a.LocalActorRef akka://worker/user/watcher/processing-watcher/graph/graph/$4 - Stopped
19:11:15.410 [worker-akka.actor.default-dispatcher-6] INFO  a.a.LocalActorRef akka://worker/user/watcher/processing-watcher/graph/graph/$5 - Stopped
19:11:15.410 [worker-akka.actor.default-dispatcher-6] INFO  a.a.LocalActorRef akka://worker/user/watcher/processing-watcher/graph/edge/FlameSocketGraphDeployerFront - Stopped
19:11:15.414 [worker-akka.actor.default-dispatcher-13] INFO  a.a.LocalActorRef akka://worker/user/watcher/processing-watcher/graph/edge - Stopped
19:11:15.415 [worker-akka.actor.default-dispatcher-12] INFO  a.a.LocalActorRef akka://worker/user/watcher/processing-watcher/graph/graph/$6 - Stopped
19:11:15.415 [worker-akka.actor.default-dispatcher-12] INFO  a.a.LocalActorRef akka://worker/user/watcher/processing-watcher/graph/graph/$7 - Stopped
19:11:15.415 [worker-akka.actor.default-dispatcher-12] INFO  a.a.LocalActorRef akka://worker/user/watcher/processing-watcher/graph/graph/$8 - Stopped
19:11:15.416 [worker-akka.actor.default-dispatcher-12] INFO  a.a.LocalActorRef akka://worker/user/watcher/processing-watcher/graph/graph/$9 - Stopped
19:11:15.416 [worker-akka.actor.default-dispatcher-12] INFO  a.a.LocalActorRef akka://worker/user/watcher/processing-watcher/graph/graph/$A - Stopped
19:11:15.416 [worker-akka.actor.default-dispatcher-12] INFO  a.a.LocalActorRef akka://worker/user/watcher/processing-watcher/graph/graph/$Ab - Stopped
19:11:15.416 [worker-akka.actor.default-dispatcher-12] INFO  a.a.LocalActorRef akka://worker/user/watcher/processing-watcher/graph/graph/$B - Stopped
19:11:15.416 [worker-akka.actor.default-dispatcher-18] INFO  a.a.LocalActorRef akka://worker/user/watcher/processing-watcher/graph/graph/$Bb - Stopped
19:11:15.418 [worker-akka.actor.default-dispatcher-12] INFO  a.a.LocalActorRef akka://worker/user/watcher/processing-watcher/graph/graph/$C - Stopped
19:11:15.418 [worker-akka.actor.default-dispatcher-12] INFO  a.a.LocalActorRef akka://worker/user/watcher/processing-watcher/graph/graph/$Cb - Stopped
19:11:15.418 [worker-akka.actor.default-dispatcher-12] INFO  a.a.LocalActorRef akka://worker/user/watcher/processing-watcher/graph/graph/$D - Stopped
19:11:15.420 [worker-akka.actor.default-dispatcher-12] INFO  a.a.LocalActorRef akka://worker/user/watcher/processing-watcher/graph/graph/$Db - Stopped
19:11:15.422 [worker-akka.actor.default-dispatcher-20] INFO  a.a.LocalActorRef akka://worker/user/watcher/processing-watcher/graph/graph/$E - Stopped
19:11:15.422 [worker-akka.actor.default-dispatcher-20] INFO  a.a.LocalActorRef akka://worker/user/watcher/processing-watcher/graph/graph/$Eb - Stopped
19:11:15.422 [worker-akka.actor.default-dispatcher-20] INFO  a.a.LocalActorRef akka://worker/user/watcher/processing-watcher/graph/graph/$F - Stopped
19:11:15.422 [worker-akka.actor.default-dispatcher-20] INFO  a.a.LocalActorRef akka://worker/user/watcher/processing-watcher/graph/graph/$Fb - Stopped
19:11:15.422 [worker-akka.actor.default-dispatcher-20] INFO  a.a.LocalActorRef akka://worker/user/watcher/processing-watcher/graph/graph/$G - Stopped
19:11:15.422 [worker-akka.actor.default-dispatcher-12] INFO  a.a.LocalActorRef akka://worker/user/watcher/processing-watcher/graph/graph/$Gb - Stopped
19:11:15.422 [worker-akka.actor.default-dispatcher-12] INFO  a.a.LocalActorRef akka://worker/user/watcher/processing-watcher/graph/graph/$H - Stopped
19:11:15.423 [worker-akka.actor.default-dispatcher-12] INFO  a.a.LocalActorRef akka://worker/user/watcher/processing-watcher/graph/graph/$Hb - Stopped
19:11:15.423 [worker-akka.actor.default-dispatcher-12] INFO  a.a.LocalActorRef akka://worker/user/watcher/processing-watcher/graph/graph/$I - Stopped
19:11:15.423 [worker-akka.actor.default-dispatcher-12] INFO  a.a.LocalActorRef akka://worker/user/watcher/processing-watcher/graph/graph/$Ib - Stopped
19:11:15.423 [worker-akka.actor.default-dispatcher-12] INFO  a.a.LocalActorRef akka://worker/user/watcher/processing-watcher/graph/graph/$J - Stopped
19:11:15.423 [worker-akka.actor.default-dispatcher-12] INFO  a.a.LocalActorRef akka://worker/user/watcher/processing-watcher/graph/graph/$Jb - Stopped
19:11:15.423 [worker-akka.actor.default-dispatcher-12] INFO  a.a.LocalActorRef akka://worker/user/watcher/processing-watcher/graph/graph/$K - Stopped
19:11:15.429 [worker-akka.actor.default-dispatcher-20] INFO  a.a.LocalActorRef akka://worker/user/watcher/processing-watcher/graph/graph/$Kb - Stopped
19:11:15.429 [worker-akka.actor.default-dispatcher-20] INFO  a.a.LocalActorRef akka://worker/user/watcher/processing-watcher/graph/graph/$L - Stopped
19:11:15.431 [worker-akka.actor.default-dispatcher-20] INFO  a.a.LocalActorRef akka://worker/user/watcher/processing-watcher/graph/graph/$Lb - Stopped
19:11:15.431 [worker-akka.actor.default-dispatcher-20] INFO  a.a.LocalActorRef akka://worker/user/watcher/processing-watcher/graph/graph/$M - Stopped
19:11:15.432 [worker-akka.actor.default-dispatcher-20] INFO  a.a.LocalActorRef akka://worker/user/watcher/processing-watcher/graph/graph/$Mb - Stopped
19:11:15.433 [worker-akka.actor.default-dispatcher-20] INFO  a.a.LocalActorRef akka://worker/user/watcher/processing-watcher/graph/graph/$N - Stopped
19:11:15.434 [worker-akka.actor.default-dispatcher-20] INFO  a.a.LocalActorRef akka://worker/user/watcher/processing-watcher/graph/graph/$Nb - Stopped
19:11:15.435 [worker-akka.actor.default-dispatcher-20] INFO  a.a.LocalActorRef akka://worker/user/watcher/processing-watcher/graph/graph/$O - Stopped
19:11:15.436 [worker-akka.actor.default-dispatcher-20] INFO  a.a.LocalActorRef akka://worker/user/watcher/processing-watcher/graph/graph/$P - Stopped
19:11:15.436 [worker-akka.actor.default-dispatcher-20] INFO  a.a.LocalActorRef akka://worker/user/watcher/processing-watcher/graph/graph/$Q - Stopped
19:11:15.438 [worker-akka.actor.default-dispatcher-20] INFO  a.a.LocalActorRef akka://worker/user/watcher/processing-watcher/graph/graph/$R - Stopped
19:11:15.439 [worker-akka.actor.default-dispatcher-20] INFO  a.a.LocalActorRef akka://worker/user/watcher/processing-watcher/graph/graph/$S - Stopped
19:11:15.440 [worker-akka.actor.default-dispatcher-20] INFO  a.a.LocalActorRef akka://worker/user/watcher/processing-watcher/graph/graph/$T - Stopped
19:11:15.440 [worker-akka.actor.default-dispatcher-20] INFO  a.a.LocalActorRef akka://worker/user/watcher/processing-watcher/graph/graph/$U - Stopped
19:11:15.441 [worker-akka.actor.default-dispatcher-20] INFO  a.a.LocalActorRef akka://worker/user/watcher/processing-watcher/graph/graph/$V - Stopped
19:11:15.443 [worker-akka.actor.default-dispatcher-20] INFO  a.a.LocalActorRef akka://worker/user/watcher/processing-watcher/graph/graph/$W - Stopped
19:11:15.444 [worker-akka.actor.default-dispatcher-20] INFO  a.a.LocalActorRef akka://worker/user/watcher/processing-watcher/graph/graph/$X - Stopped
19:11:15.444 [worker-akka.actor.default-dispatcher-20] INFO  a.a.LocalActorRef akka://worker/user/watcher/processing-watcher/graph/graph/$Y - Stopped
19:11:15.445 [worker-akka.actor.default-dispatcher-20] INFO  a.a.LocalActorRef akka://worker/user/watcher/processing-watcher/graph/graph/$Z - Stopped
19:11:15.446 [worker-akka.actor.default-dispatcher-20] INFO  a.a.LocalActorRef akka://worker/user/watcher/processing-watcher/graph/graph/$a - Stopped
19:11:15.446 [worker-akka.actor.default-dispatcher-20] INFO  a.a.LocalActorRef akka://worker/user/watcher/processing-watcher/graph/graph/$ab - Stopped
19:11:15.448 [worker-akka.actor.default-dispatcher-20] INFO  a.a.LocalActorRef akka://worker/user/watcher/processing-watcher/graph/graph/$b - Stopped
19:11:15.449 [worker-akka.actor.default-dispatcher-20] INFO  a.a.LocalActorRef akka://worker/user/watcher/processing-watcher/graph/graph/$bb - Stopped
19:11:15.449 [worker-akka.actor.default-dispatcher-20] INFO  a.a.LocalActorRef akka://worker/user/watcher/processing-watcher/graph/graph/$c - Stopped
19:11:15.450 [worker-akka.actor.default-dispatcher-20] INFO  a.a.LocalActorRef akka://worker/user/watcher/processing-watcher/graph/graph/$cb - Stopped
19:11:15.452 [worker-akka.actor.default-dispatcher-20] INFO  a.a.LocalActorRef akka://worker/user/watcher/processing-watcher/graph/graph/$d - Stopped
19:11:15.452 [worker-akka.actor.default-dispatcher-20] INFO  a.a.LocalActorRef akka://worker/user/watcher/processing-watcher/graph/graph/$db - Stopped
19:11:15.453 [worker-akka.actor.default-dispatcher-20] INFO  a.a.LocalActorRef akka://worker/user/watcher/processing-watcher/graph/graph/$e - Stopped
19:11:15.454 [worker-akka.actor.default-dispatcher-20] INFO  a.a.LocalActorRef akka://worker/user/watcher/processing-watcher/graph/graph/$eb - Stopped
19:11:15.454 [worker-akka.actor.default-dispatcher-20] INFO  a.a.LocalActorRef akka://worker/user/watcher/processing-watcher/graph/graph/$f - Stopped
19:11:15.455 [worker-akka.actor.default-dispatcher-20] INFO  a.a.LocalActorRef akka://worker/user/watcher/processing-watcher/graph/graph/$fb - Stopped
19:11:15.456 [worker-akka.actor.default-dispatcher-20] INFO  a.a.LocalActorRef akka://worker/user/watcher/processing-watcher/graph/graph/$g - Stopped
19:11:15.457 [worker-akka.actor.default-dispatcher-20] INFO  a.a.LocalActorRef akka://worker/user/watcher/processing-watcher/graph/graph/$gb - Stopped
19:11:15.457 [worker-akka.actor.default-dispatcher-20] INFO  a.a.LocalActorRef akka://worker/user/watcher/processing-watcher/graph/graph/$h - Stopped
19:11:15.459 [worker-akka.actor.default-dispatcher-20] INFO  a.a.LocalActorRef akka://worker/user/watcher/processing-watcher/graph/graph/$hb - Stopped
19:11:15.459 [worker-akka.actor.default-dispatcher-20] INFO  a.a.LocalActorRef akka://worker/user/watcher/processing-watcher/graph/graph/$i - Stopped
19:11:15.460 [worker-akka.actor.default-dispatcher-20] INFO  a.a.LocalActorRef akka://worker/user/watcher/processing-watcher/graph/graph/$ib - Stopped
19:11:15.460 [worker-akka.actor.default-dispatcher-20] INFO  a.a.LocalActorRef akka://worker/user/watcher/processing-watcher/graph/graph/$j - Stopped
19:11:15.461 [worker-akka.actor.default-dispatcher-20] INFO  a.a.LocalActorRef akka://worker/user/watcher/processing-watcher/graph/graph/$jb - Stopped
19:11:15.463 [worker-akka.actor.default-dispatcher-20] INFO  a.a.LocalActorRef akka://worker/user/watcher/processing-watcher/graph/graph/$k - Stopped
19:11:15.463 [worker-akka.actor.default-dispatcher-20] INFO  a.a.LocalActorRef akka://worker/user/watcher/processing-watcher/graph/graph/$kb - Stopped
19:11:15.464 [worker-akka.actor.default-dispatcher-20] INFO  a.a.LocalActorRef akka://worker/user/watcher/processing-watcher/graph/graph/$l - Stopped
19:11:15.465 [worker-akka.actor.default-dispatcher-20] INFO  a.a.LocalActorRef akka://worker/user/watcher/processing-watcher/graph/graph/$lb - Stopped
19:11:15.465 [worker-akka.actor.default-dispatcher-20] INFO  a.a.LocalActorRef akka://worker/user/watcher/processing-watcher/graph/graph/$m - Stopped
19:11:15.466 [worker-akka.actor.default-dispatcher-20] INFO  a.a.LocalActorRef akka://worker/user/watcher/processing-watcher/graph/graph/$mb - Stopped
19:11:15.467 [worker-akka.actor.default-dispatcher-20] INFO  a.a.LocalActorRef akka://worker/user/watcher/processing-watcher/graph/graph/$n - Stopped
19:11:15.467 [worker-akka.actor.default-dispatcher-20] INFO  a.a.LocalActorRef akka://worker/user/watcher/processing-watcher/graph/graph/$nb - Stopped
19:11:15.468 [worker-akka.actor.default-dispatcher-20] INFO  a.a.LocalActorRef akka://worker/user/watcher/processing-watcher/graph/graph/$o - Stopped
19:11:15.469 [worker-akka.actor.default-dispatcher-20] INFO  a.a.LocalActorRef akka://worker/user/watcher/processing-watcher/graph/graph/$ob - Stopped
19:11:15.469 [worker-akka.actor.default-dispatcher-20] INFO  a.a.LocalActorRef akka://worker/user/watcher/processing-watcher/graph/graph/$p - Stopped
19:11:15.470 [worker-akka.actor.default-dispatcher-20] INFO  a.a.LocalActorRef akka://worker/user/watcher/processing-watcher/graph/graph/$pb - Stopped
19:11:15.471 [worker-akka.actor.default-dispatcher-20] INFO  a.a.LocalActorRef akka://worker/user/watcher/processing-watcher/graph/graph/$q - Stopped
19:11:15.471 [worker-akka.actor.default-dispatcher-20] INFO  a.a.LocalActorRef akka://worker/user/watcher/processing-watcher/graph/graph/$qb - Stopped
19:11:15.472 [worker-akka.actor.default-dispatcher-20] INFO  a.a.LocalActorRef akka://worker/user/watcher/processing-watcher/graph/graph/$r - Stopped
19:11:15.473 [worker-akka.actor.default-dispatcher-20] INFO  a.a.LocalActorRef akka://worker/user/watcher/processing-watcher/graph/graph/$rb - Stopped
19:11:15.475 [worker-akka.actor.default-dispatcher-20] INFO  a.a.LocalActorRef akka://worker/user/watcher/processing-watcher/graph/graph/$s - Stopped
19:11:15.475 [worker-akka.actor.default-dispatcher-20] INFO  a.a.LocalActorRef akka://worker/user/watcher/processing-watcher/graph/graph/$sb - Stopped
19:11:15.476 [worker-akka.actor.default-dispatcher-20] INFO  a.a.LocalActorRef akka://worker/user/watcher/processing-watcher/graph/graph/$t - Stopped
19:11:15.477 [worker-akka.actor.default-dispatcher-20] INFO  a.a.LocalActorRef akka://worker/user/watcher/processing-watcher/graph/graph/$tb - Stopped
19:11:15.478 [worker-akka.actor.default-dispatcher-20] INFO  a.a.LocalActorRef akka://worker/user/watcher/processing-watcher/graph/graph/$u - Stopped
19:11:15.479 [worker-akka.actor.default-dispatcher-20] INFO  a.a.LocalActorRef akka://worker/user/watcher/processing-watcher/graph/graph/$ub - Stopped
19:11:15.479 [worker-akka.actor.default-dispatcher-20] INFO  a.a.LocalActorRef akka://worker/user/watcher/processing-watcher/graph/graph/$v - Stopped
19:11:15.480 [worker-akka.actor.default-dispatcher-20] INFO  a.a.LocalActorRef akka://worker/user/watcher/processing-watcher/graph/graph/$vb - Stopped
19:11:15.481 [worker-akka.actor.default-dispatcher-20] INFO  a.a.LocalActorRef akka://worker/user/watcher/processing-watcher/graph/graph/$w - Stopped
19:11:15.482 [worker-akka.actor.default-dispatcher-20] INFO  a.a.LocalActorRef akka://worker/user/watcher/processing-watcher/graph/graph/$wb - Stopped
19:11:15.483 [worker-akka.actor.default-dispatcher-20] INFO  a.a.LocalActorRef akka://worker/user/watcher/processing-watcher/graph/graph/$x - Stopped
19:11:15.484 [worker-akka.actor.default-dispatcher-20] INFO  a.a.LocalActorRef akka://worker/user/watcher/processing-watcher/graph/graph/$xb - Stopped
19:11:15.485 [worker-akka.actor.default-dispatcher-20] INFO  a.a.LocalActorRef akka://worker/user/watcher/processing-watcher/graph/graph/$y - Stopped
19:11:15.485 [worker-akka.actor.default-dispatcher-20] INFO  a.a.LocalActorRef akka://worker/user/watcher/processing-watcher/graph/graph/$yb - Stopped
19:11:15.486 [worker-akka.actor.default-dispatcher-20] INFO  a.a.LocalActorRef akka://worker/user/watcher/processing-watcher/graph/graph/$z - Stopped
19:11:15.487 [worker-akka.actor.default-dispatcher-20] INFO  a.a.LocalActorRef akka://worker/user/watcher/processing-watcher/graph/graph/$zb - Stopped
19:11:15.488 [worker-akka.actor.default-dispatcher-20] INFO  a.a.LocalActorRef akka://worker/user/watcher/processing-watcher/graph/graph/$~ - Stopped
19:11:15.505 [worker-akka.actor.default-dispatcher-20] INFO  a.a.LocalActorRef akka://worker/user/watcher/processing-watcher/graph/graph - Stopped
19:11:15.511 [worker-akka.actor.default-dispatcher-20] INFO  a.a.LocalActorRef akka://worker/user/watcher/processing-watcher/graph - Stopped
19:11:15.513 [Curator-Framework-0] INFO  o.a.c.f.i.CuratorFrameworkImpl  - backgroundOperationsLoop exiting
19:11:15.513 [worker-akka.actor.default-dispatcher-20] INFO  a.a.LocalActorRef akka://worker/user/watcher/processing-watcher - Stopped
19:11:15.523 [Curator-PathChildrenCache-0] ERROR o.a.c.f.r.c.PathChildrenCache  - 
java.lang.IllegalStateException: instance must be started before calling this method
	at org.apache.curator.shaded.com.google.common.base.Preconditions.checkState(Preconditions.java:444)
	at org.apache.curator.framework.imps.CuratorFrameworkImpl.getChildren(CuratorFrameworkImpl.java:456)
	at org.apache.curator.framework.recipes.cache.PathChildrenCache.refresh(PathChildrenCache.java:521)
	at org.apache.curator.framework.recipes.cache.RefreshOperation.invoke(RefreshOperation.java:35)
	at org.apache.curator.framework.recipes.cache.PathChildrenCache$9.run(PathChildrenCache.java:786)
	at java.util.concurrent.Executors$RunnableAdapter.call(Executors.java:511)
	at java.util.concurrent.FutureTask.run(FutureTask.java:266)
	at java.util.concurrent.Executors$RunnableAdapter.call(Executors.java:511)
	at java.util.concurrent.FutureTask.run(FutureTask.java:266)
	at java.util.concurrent.ThreadPoolExecutor.runWorker(ThreadPoolExecutor.java:1149)
	at java.util.concurrent.ThreadPoolExecutor$Worker.run(ThreadPoolExecutor.java:624)
	at java.lang.Thread.run(Thread.java:748)
19:11:15.523 [worker-akka.actor.default-dispatcher-6-EventThread] INFO  o.a.z.ClientCnxn  - EventThread shut down for session: 0x100015787a4000a
19:11:15.523 [worker-akka.actor.default-dispatcher-19] INFO  o.a.z.ZooKeeper  - Session: 0x100015787a4000a closed
19:11:15.524 [worker-akka.actor.default-dispatcher-20] INFO  a.a.RepointableActorRef akka://worker/user/watcher - Stopped
19:11:15.530 [worker-akka.actor.default-dispatcher-19] INFO  a.r.RemoteActorRefProvider$RemotingTerminator akka://worker@flamestream-benchmarks-worker-10:5412/system/remoting-terminator - Shutting down remote daemon.
19:11:15.531 [worker-akka.actor.default-dispatcher-19] INFO  a.r.RemoteActorRefProvider$RemotingTerminator akka://worker@flamestream-benchmarks-worker-10:5412/system/remoting-terminator - Remote daemon shut down; proceeding with flushing remote transports.
19:11:16.790 [worker-akka.actor.default-dispatcher-19] INFO  a.r.RemoteActorRefProvider$RemotingTerminator akka://worker@flamestream-benchmarks-worker-10:5412/system/remoting-terminator - Remoting shut down.
Heap
 def new generation   total 460800K, used 260638K [0x00000000a2400000, 0x00000000c1800000, 0x00000000c1800000)
  eden space 409600K,  63% used [0x00000000a2400000, 0x00000000b2260fd0, 0x00000000bb400000)
  from space 51200K,   0% used [0x00000000bb400000, 0x00000000bb426a00, 0x00000000be600000)
  to   space 51200K,   0% used [0x00000000be600000, 0x00000000be600000, 0x00000000c1800000)
 tenured generation   total 1024000K, used 56808K [0x00000000c1800000, 0x0000000100000000, 0x0000000100000000)
   the space 1024000K,   5% used [0x00000000c1800000, 0x00000000c4f7a3f8, 0x00000000c4f7a400, 0x0000000100000000)
 Metaspace       used 40760K, capacity 43582K, committed 43904K, reserved 1087488K
  class space    used 5345K, capacity 5667K, committed 5760K, reserved 1048576K
