18:13:51,752 |-INFO in ch.qos.logback.classic.LoggerContext[default] - Could NOT find resource [logback-test.xml]
18:13:51,752 |-INFO in ch.qos.logback.classic.LoggerContext[default] - Could NOT find resource [logback.groovy]
18:13:51,752 |-INFO in ch.qos.logback.classic.LoggerContext[default] - Found resource [logback.xml] at [jar:file:/root/flamestream/lib/flamestream-runtime-1.0-SNAPSHOT.jar!/logback.xml]
18:13:51,753 |-WARN in ch.qos.logback.classic.LoggerContext[default] - Resource [logback.xml] occurs multiple times on the classpath.
18:13:51,753 |-WARN in ch.qos.logback.classic.LoggerContext[default] - Resource [logback.xml] occurs at [jar:file:/root/flamestream/lib/flamestream-runtime-1.0-SNAPSHOT.jar!/logback.xml]
18:13:51,753 |-WARN in ch.qos.logback.classic.LoggerContext[default] - Resource [logback.xml] occurs at [jar:file:/root/flamestream/flamestream-runtime-1.0-SNAPSHOT.jar!/logback.xml]
18:13:51,772 |-INFO in ch.qos.logback.core.joran.spi.ConfigurationWatchList@3fb6a447 - URL [jar:file:/root/flamestream/lib/flamestream-runtime-1.0-SNAPSHOT.jar!/logback.xml] is not of type file
18:13:51,839 |-INFO in ch.qos.logback.classic.joran.action.ConfigurationAction - debug attribute not set
18:13:51,839 |-INFO in ch.qos.logback.core.joran.action.AppenderAction - About to instantiate appender of type [ch.qos.logback.core.ConsoleAppender]
18:13:51,855 |-INFO in ch.qos.logback.core.joran.action.AppenderAction - Naming appender as [STDOUT]
18:13:51,873 |-INFO in ch.qos.logback.core.joran.action.NestedComplexPropertyIA - Assuming default type [ch.qos.logback.classic.encoder.PatternLayoutEncoder] for [encoder] property
18:13:51,962 |-INFO in ch.qos.logback.core.joran.action.AppenderAction - About to instantiate appender of type [ch.qos.logback.core.rolling.RollingFileAppender]
18:13:51,967 |-INFO in ch.qos.logback.core.joran.action.AppenderAction - Naming appender as [FILE]
18:13:51,997 |-INFO in c.q.l.core.rolling.TimeBasedRollingPolicy@127618319 - No compression will be used
18:13:51,998 |-INFO in c.q.l.core.rolling.TimeBasedRollingPolicy@127618319 - Will use the pattern /tmp/application_%d{yyyy-MM-dd}.%i.log for the active file
18:13:52,001 |-INFO in ch.qos.logback.core.rolling.SizeAndTimeBasedFNATP@6b2fad11 - The date pattern is 'yyyy-MM-dd' from file name pattern '/tmp/application_%d{yyyy-MM-dd}.%i.log'.
18:13:52,001 |-INFO in ch.qos.logback.core.rolling.SizeAndTimeBasedFNATP@6b2fad11 - Roll-over at midnight.
18:13:52,007 |-INFO in ch.qos.logback.core.rolling.SizeAndTimeBasedFNATP@6b2fad11 - Setting initial period to Mon Jun 10 18:12:26 UTC 2019
18:13:52,007 |-WARN in ch.qos.logback.core.rolling.SizeAndTimeBasedFNATP@6b2fad11 - SizeAndTimeBasedFNATP is deprecated. Use SizeAndTimeBasedRollingPolicy instead
18:13:52,007 |-WARN in ch.qos.logback.core.rolling.SizeAndTimeBasedFNATP@6b2fad11 - For more information see http://logback.qos.ch/manual/appenders.html#SizeAndTimeBasedRollingPolicy
18:13:52,010 |-INFO in ch.qos.logback.core.joran.action.NestedComplexPropertyIA - Assuming default type [ch.qos.logback.classic.encoder.PatternLayoutEncoder] for [encoder] property
18:13:52,015 |-INFO in ch.qos.logback.core.rolling.RollingFileAppender[FILE] - Active log file name: /tmp/application.log
18:13:52,015 |-INFO in ch.qos.logback.core.rolling.RollingFileAppender[FILE] - File property is set to [/tmp/application.log]
18:13:52,016 |-INFO in ch.qos.logback.classic.joran.action.RootLoggerAction - Setting level of ROOT logger to WARN
18:13:52,016 |-INFO in ch.qos.logback.core.joran.action.AppenderRefAction - Attaching appender named [STDOUT] to Logger[ROOT]
18:13:52,018 |-INFO in ch.qos.logback.core.joran.action.AppenderRefAction - Attaching appender named [FILE] to Logger[ROOT]
18:13:52,018 |-INFO in ch.qos.logback.classic.joran.action.ConfigurationAction - End of configuration.
18:13:52,019 |-INFO in ch.qos.logback.classic.joran.JoranConfigurator@79698539 - Registering current configuration as safe fallback point

Ama winner
Ama winner
2019-06-10T18:13:53.338+0000: 1.773: [Full GC (Metadata GC Threshold) 2019-06-10T18:13:53.338+0000: 1.773: [Tenured: 0K->15241K(341376K), 0.0404165 secs] 114923K->15241K(494976K), [Metaspace: 20734K->20734K(1067008K)], 0.0404842 secs] [Times: user=0.04 sys=0.00, real=0.04 secs] 
18:14:09.568 [Curator-PathChildrenCache-1] WARN  o.a.c.u.ZKPaths  - The version of ZooKeeper being used doesn't support Container nodes. CreateMode.PERSISTENT will be used instead.
2019-06-10T18:14:12.019+0000: 20.455: [GC (Allocation Failure) 2019-06-10T18:14:12.019+0000: 20.455: [DefNew: 136576K->17023K(153600K), 0.0291209 secs] 151817K->52565K(494976K), 0.0291972 secs] [Times: user=0.02 sys=0.00, real=0.03 secs] 
2019-06-10T18:14:13.432+0000: 21.867: [Full GC (Metadata GC Threshold) 2019-06-10T18:14:13.432+0000: 21.867: [Tenured: 35541K->44185K(341376K), 0.0489159 secs] 85156K->44185K(494976K), [Metaspace: 34588K->34588K(1079296K)], 0.0489964 secs] [Times: user=0.05 sys=0.01, real=0.05 secs] 
2019-06-10T18:14:19.179+0000: 27.615: [GC (Allocation Failure) 2019-06-10T18:14:19.179+0000: 27.615: [DefNew: 136576K->73K(153600K), 0.0019243 secs] 180761K->44259K(494976K), 0.0019963 secs] [Times: user=0.00 sys=0.00, real=0.00 secs] 
2019-06-10T18:14:24.822+0000: 33.258: [GC (Allocation Failure) 2019-06-10T18:14:24.822+0000: 33.258: [DefNew: 136649K->100K(153600K), 0.0017393 secs] 180835K->44285K(494976K), 0.0018008 secs] [Times: user=0.00 sys=0.00, real=0.00 secs] 
2019-06-10T18:14:30.437+0000: 38.872: [GC (Allocation Failure) 2019-06-10T18:14:30.437+0000: 38.872: [DefNew: 136676K->135K(153600K), 0.0017296 secs] 180861K->44321K(494976K), 0.0018043 secs] [Times: user=0.00 sys=0.00, real=0.00 secs] 
2019-06-10T18:14:36.104+0000: 44.540: [GC (Allocation Failure) 2019-06-10T18:14:36.104+0000: 44.540: [DefNew: 136711K->171K(153600K), 0.0018126 secs] 180897K->44357K(494976K), 0.0018803 secs] [Times: user=0.00 sys=0.00, real=0.00 secs] 
2019-06-10T18:14:45.988+0000: 54.424: [GC (Allocation Failure) 2019-06-10T18:14:45.989+0000: 54.424: [DefNew: 136747K->167K(153600K), 0.0017693 secs] 180933K->44352K(494976K), 0.0018383 secs] [Times: user=0.00 sys=0.00, real=0.00 secs] 
18:14:50.175 [Curator-PathChildrenCache-0] ERROR o.a.c.f.r.c.PathChildrenCache  - 
java.lang.IllegalStateException: instance must be started before calling this method
	at org.apache.curator.shaded.com.google.common.base.Preconditions.checkState(Preconditions.java:444)
	at org.apache.curator.framework.imps.CuratorFrameworkImpl.getChildren(CuratorFrameworkImpl.java:456)
	at org.apache.curator.framework.recipes.cache.PathChildrenCache.refresh(PathChildrenCache.java:521)
	at org.apache.curator.framework.recipes.cache.RefreshOperation.invoke(RefreshOperation.java:35)
	at org.apache.curator.framework.recipes.cache.PathChildrenCache$9.run(PathChildrenCache.java:786)
	at java.util.concurrent.Executors$RunnableAdapter.call(Executors.java:511)
	at java.util.concurrent.FutureTask.run(FutureTask.java:266)
	at java.util.concurrent.Executors$RunnableAdapter.call(Executors.java:511)
	at java.util.concurrent.FutureTask.run(FutureTask.java:266)
	at java.util.concurrent.ThreadPoolExecutor.runWorker(ThreadPoolExecutor.java:1149)
	at java.util.concurrent.ThreadPoolExecutor$Worker.run(ThreadPoolExecutor.java:624)
	at java.lang.Thread.run(Thread.java:748)
Heap
 def new generation   total 153600K, used 36309K [0x00000000e0c00000, 0x00000000eb2a0000, 0x00000000eb2a0000)
  eden space 136576K,  26% used [0x00000000e0c00000, 0x00000000e2f4bb40, 0x00000000e9160000)
  from space 17024K,   0% used [0x00000000e9160000, 0x00000000e9189c38, 0x00000000ea200000)
  to   space 17024K,   0% used [0x00000000ea200000, 0x00000000ea200000, 0x00000000eb2a0000)
 tenured generation   total 341376K, used 44185K [0x00000000eb2a0000, 0x0000000100000000, 0x0000000100000000)
   the space 341376K,  12% used [0x00000000eb2a0000, 0x00000000eddc6630, 0x00000000eddc6800, 0x0000000100000000)
 Metaspace       used 35777K, capacity 36704K, committed 36864K, reserved 1081344K
  class space    used 4830K, capacity 5042K, committed 5120K, reserved 1048576K
