19:08:55,839 |-INFO in ch.qos.logback.classic.LoggerContext[default] - Could NOT find resource [logback-test.xml]
19:08:55,839 |-INFO in ch.qos.logback.classic.LoggerContext[default] - Could NOT find resource [logback.groovy]
19:08:55,839 |-INFO in ch.qos.logback.classic.LoggerContext[default] - Found resource [logback.xml] at [jar:file:/root/flamestream/lib/flamestream-runtime-1.0-SNAPSHOT.jar!/logback.xml]
19:08:55,840 |-WARN in ch.qos.logback.classic.LoggerContext[default] - Resource [logback.xml] occurs multiple times on the classpath.
19:08:55,840 |-WARN in ch.qos.logback.classic.LoggerContext[default] - Resource [logback.xml] occurs at [jar:file:/root/flamestream/lib/flamestream-runtime-1.0-SNAPSHOT.jar!/logback.xml]
19:08:55,840 |-WARN in ch.qos.logback.classic.LoggerContext[default] - Resource [logback.xml] occurs at [jar:file:/root/flamestream/flamestream-runtime-1.0-SNAPSHOT.jar!/logback.xml]
19:08:55,859 |-INFO in ch.qos.logback.core.joran.spi.ConfigurationWatchList@3fb6a447 - URL [jar:file:/root/flamestream/lib/flamestream-runtime-1.0-SNAPSHOT.jar!/logback.xml] is not of type file
19:08:55,925 |-INFO in ch.qos.logback.classic.joran.action.ConfigurationAction - debug attribute not set
19:08:55,926 |-INFO in ch.qos.logback.core.joran.action.AppenderAction - About to instantiate appender of type [ch.qos.logback.core.ConsoleAppender]
19:08:55,942 |-INFO in ch.qos.logback.core.joran.action.AppenderAction - Naming appender as [STDOUT]
19:08:55,961 |-INFO in ch.qos.logback.core.joran.action.NestedComplexPropertyIA - Assuming default type [ch.qos.logback.classic.encoder.PatternLayoutEncoder] for [encoder] property
19:08:56,045 |-INFO in ch.qos.logback.core.joran.action.AppenderAction - About to instantiate appender of type [ch.qos.logback.core.rolling.RollingFileAppender]
19:08:56,056 |-INFO in ch.qos.logback.core.joran.action.AppenderAction - Naming appender as [FILE]
19:08:56,085 |-INFO in c.q.l.core.rolling.TimeBasedRollingPolicy@127618319 - No compression will be used
19:08:56,086 |-INFO in c.q.l.core.rolling.TimeBasedRollingPolicy@127618319 - Will use the pattern /tmp/application_%d{yyyy-MM-dd}.%i.log for the active file
19:08:56,089 |-INFO in ch.qos.logback.core.rolling.SizeAndTimeBasedFNATP@6b2fad11 - The date pattern is 'yyyy-MM-dd' from file name pattern '/tmp/application_%d{yyyy-MM-dd}.%i.log'.
19:08:56,089 |-INFO in ch.qos.logback.core.rolling.SizeAndTimeBasedFNATP@6b2fad11 - Roll-over at midnight.
19:08:56,095 |-INFO in ch.qos.logback.core.rolling.SizeAndTimeBasedFNATP@6b2fad11 - Setting initial period to Mon Jun 10 19:07:20 UTC 2019
19:08:56,095 |-WARN in ch.qos.logback.core.rolling.SizeAndTimeBasedFNATP@6b2fad11 - SizeAndTimeBasedFNATP is deprecated. Use SizeAndTimeBasedRollingPolicy instead
19:08:56,095 |-WARN in ch.qos.logback.core.rolling.SizeAndTimeBasedFNATP@6b2fad11 - For more information see http://logback.qos.ch/manual/appenders.html#SizeAndTimeBasedRollingPolicy
19:08:56,098 |-INFO in ch.qos.logback.core.joran.action.NestedComplexPropertyIA - Assuming default type [ch.qos.logback.classic.encoder.PatternLayoutEncoder] for [encoder] property
19:08:56,104 |-INFO in ch.qos.logback.core.rolling.RollingFileAppender[FILE] - Active log file name: /tmp/application.log
19:08:56,104 |-INFO in ch.qos.logback.core.rolling.RollingFileAppender[FILE] - File property is set to [/tmp/application.log]
19:08:56,104 |-INFO in ch.qos.logback.classic.joran.action.RootLoggerAction - Setting level of ROOT logger to WARN
19:08:56,105 |-INFO in ch.qos.logback.core.joran.action.AppenderRefAction - Attaching appender named [STDOUT] to Logger[ROOT]
19:08:56,107 |-INFO in ch.qos.logback.core.joran.action.AppenderRefAction - Attaching appender named [FILE] to Logger[ROOT]
19:08:56,107 |-INFO in ch.qos.logback.classic.joran.action.ConfigurationAction - End of configuration.
19:08:56,107 |-INFO in ch.qos.logback.classic.joran.JoranConfigurator@79698539 - Registering current configuration as safe fallback point

Ama winner
Ama winner
2019-06-10T19:08:57.482+0000: 1.838: [Full GC (Metadata GC Threshold) 2019-06-10T19:08:57.482+0000: 1.838: [Tenured: 0K->15145K(341376K), 0.0410413 secs] 114923K->15145K(494976K), [Metaspace: 20734K->20734K(1067008K)], 0.0411121 secs] [Times: user=0.04 sys=0.00, real=0.04 secs] 
19:09:19.548 [Curator-PathChildrenCache-1] WARN  o.a.c.u.ZKPaths  - The version of ZooKeeper being used doesn't support Container nodes. CreateMode.PERSISTENT will be used instead.
2019-06-10T19:09:21.547+0000: 25.902: [GC (Allocation Failure) 2019-06-10T19:09:21.547+0000: 25.902: [DefNew: 136576K->17024K(153600K), 0.0260156 secs] 151721K->52554K(494976K), 0.0260852 secs] [Times: user=0.01 sys=0.02, real=0.03 secs] 
2019-06-10T19:09:26.183+0000: 30.538: [Full GC (Metadata GC Threshold) 2019-06-10T19:09:26.183+0000: 30.538: [Tenured: 35530K->44249K(341376K), 0.0523467 secs] 128889K->44249K(494976K), [Metaspace: 34634K->34634K(1079296K)], 0.0524229 secs] [Times: user=0.05 sys=0.01, real=0.06 secs] 
2019-06-10T19:09:34.157+0000: 38.512: [GC (Allocation Failure) 2019-06-10T19:09:34.157+0000: 38.512: [DefNew: 136576K->53K(153600K), 0.0017977 secs] 180825K->44303K(494976K), 0.0018617 secs] [Times: user=0.00 sys=0.01, real=0.00 secs] 
2019-06-10T19:09:42.268+0000: 46.623: [GC (Allocation Failure) 2019-06-10T19:09:42.268+0000: 46.624: [DefNew: 136629K->55K(153600K), 0.0017191 secs] 180879K->44305K(494976K), 0.0017805 secs] [Times: user=0.01 sys=0.00, real=0.00 secs] 
2019-06-10T19:09:50.392+0000: 54.747: [GC (Allocation Failure) 2019-06-10T19:09:50.392+0000: 54.747: [DefNew: 136631K->52K(153600K), 0.0017019 secs] 180881K->44302K(494976K), 0.0017629 secs] [Times: user=0.00 sys=0.00, real=0.00 secs] 
2019-06-10T19:09:58.460+0000: 62.816: [GC (Allocation Failure) 2019-06-10T19:09:58.460+0000: 62.816: [DefNew: 136628K->349K(153600K), 0.0020684 secs] 180878K->44598K(494976K), 0.0021277 secs] [Times: user=0.00 sys=0.00, real=0.00 secs] 
2019-06-10T19:10:07.994+0000: 72.349: [GC (Allocation Failure) 2019-06-10T19:10:07.994+0000: 72.349: [DefNew: 136925K->134K(153600K), 0.0020215 secs] 181174K->44384K(494976K), 0.0021103 secs] [Times: user=0.00 sys=0.00, real=0.01 secs] 
19:10:24.740 [Curator-PathChildrenCache-0] ERROR o.a.c.f.r.c.PathChildrenCache  - 
java.lang.IllegalStateException: instance must be started before calling this method
	at org.apache.curator.shaded.com.google.common.base.Preconditions.checkState(Preconditions.java:444)
	at org.apache.curator.framework.imps.CuratorFrameworkImpl.getChildren(CuratorFrameworkImpl.java:456)
	at org.apache.curator.framework.recipes.cache.PathChildrenCache.refresh(PathChildrenCache.java:521)
	at org.apache.curator.framework.recipes.cache.RefreshOperation.invoke(RefreshOperation.java:35)
	at org.apache.curator.framework.recipes.cache.PathChildrenCache$9.run(PathChildrenCache.java:786)
	at java.util.concurrent.Executors$RunnableAdapter.call(Executors.java:511)
	at java.util.concurrent.FutureTask.run(FutureTask.java:266)
	at java.util.concurrent.Executors$RunnableAdapter.call(Executors.java:511)
	at java.util.concurrent.FutureTask.run(FutureTask.java:266)
	at java.util.concurrent.ThreadPoolExecutor.runWorker(ThreadPoolExecutor.java:1149)
	at java.util.concurrent.ThreadPoolExecutor$Worker.run(ThreadPoolExecutor.java:624)
	at java.lang.Thread.run(Thread.java:748)
Heap
 def new generation   total 153600K, used 105669K [0x00000000e0c00000, 0x00000000eb2a0000, 0x00000000eb2a0000)
  eden space 136576K,  77% used [0x00000000e0c00000, 0x00000000e730fad0, 0x00000000e9160000)
  from space 17024K,   0% used [0x00000000e9160000, 0x00000000e9181a48, 0x00000000ea200000)
  to   space 17024K,   0% used [0x00000000ea200000, 0x00000000ea200000, 0x00000000eb2a0000)
 tenured generation   total 341376K, used 44249K [0x00000000eb2a0000, 0x0000000100000000, 0x0000000100000000)
   the space 341376K,  12% used [0x00000000eb2a0000, 0x00000000eddd6608, 0x00000000eddd6800, 0x0000000100000000)
 Metaspace       used 36187K, capacity 37126K, committed 37376K, reserved 1081344K
  class space    used 4870K, capacity 5075K, committed 5120K, reserved 1048576K
