14:56:11,157 |-INFO in ch.qos.logback.classic.LoggerContext[default] - Could NOT find resource [logback-test.xml]
14:56:11,157 |-INFO in ch.qos.logback.classic.LoggerContext[default] - Could NOT find resource [logback.groovy]
14:56:11,158 |-INFO in ch.qos.logback.classic.LoggerContext[default] - Found resource [logback.xml] at [jar:file:/root/flamestream/lib/flamestream-runtime-1.0-SNAPSHOT.jar!/logback.xml]
14:56:11,158 |-WARN in ch.qos.logback.classic.LoggerContext[default] - Resource [logback.xml] occurs multiple times on the classpath.
14:56:11,158 |-WARN in ch.qos.logback.classic.LoggerContext[default] - Resource [logback.xml] occurs at [jar:file:/root/flamestream/lib/flamestream-runtime-1.0-SNAPSHOT.jar!/logback.xml]
14:56:11,158 |-WARN in ch.qos.logback.classic.LoggerContext[default] - Resource [logback.xml] occurs at [jar:file:/root/flamestream/flamestream-runtime-1.0-SNAPSHOT.jar!/logback.xml]
14:56:11,178 |-INFO in ch.qos.logback.core.joran.spi.ConfigurationWatchList@3fb6a447 - URL [jar:file:/root/flamestream/lib/flamestream-runtime-1.0-SNAPSHOT.jar!/logback.xml] is not of type file
14:56:11,249 |-INFO in ch.qos.logback.classic.joran.action.ConfigurationAction - debug attribute not set
14:56:11,250 |-INFO in ch.qos.logback.core.joran.action.AppenderAction - About to instantiate appender of type [ch.qos.logback.core.ConsoleAppender]
14:56:11,266 |-INFO in ch.qos.logback.core.joran.action.AppenderAction - Naming appender as [STDOUT]
14:56:11,284 |-INFO in ch.qos.logback.core.joran.action.NestedComplexPropertyIA - Assuming default type [ch.qos.logback.classic.encoder.PatternLayoutEncoder] for [encoder] property
14:56:11,365 |-INFO in ch.qos.logback.core.joran.action.AppenderAction - About to instantiate appender of type [ch.qos.logback.core.rolling.RollingFileAppender]
14:56:11,369 |-INFO in ch.qos.logback.core.joran.action.AppenderAction - Naming appender as [FILE]
14:56:11,399 |-INFO in c.q.l.core.rolling.TimeBasedRollingPolicy@127618319 - No compression will be used
14:56:11,401 |-INFO in c.q.l.core.rolling.TimeBasedRollingPolicy@127618319 - Will use the pattern /tmp/application_%d{yyyy-MM-dd}.%i.log for the active file
14:56:11,403 |-INFO in ch.qos.logback.core.rolling.SizeAndTimeBasedFNATP@6b2fad11 - The date pattern is 'yyyy-MM-dd' from file name pattern '/tmp/application_%d{yyyy-MM-dd}.%i.log'.
14:56:11,403 |-INFO in ch.qos.logback.core.rolling.SizeAndTimeBasedFNATP@6b2fad11 - Roll-over at midnight.
14:56:11,409 |-INFO in ch.qos.logback.core.rolling.SizeAndTimeBasedFNATP@6b2fad11 - Setting initial period to Mon Jun 10 14:54:54 UTC 2019
14:56:11,409 |-WARN in ch.qos.logback.core.rolling.SizeAndTimeBasedFNATP@6b2fad11 - SizeAndTimeBasedFNATP is deprecated. Use SizeAndTimeBasedRollingPolicy instead
14:56:11,409 |-WARN in ch.qos.logback.core.rolling.SizeAndTimeBasedFNATP@6b2fad11 - For more information see http://logback.qos.ch/manual/appenders.html#SizeAndTimeBasedRollingPolicy
14:56:11,412 |-INFO in ch.qos.logback.core.joran.action.NestedComplexPropertyIA - Assuming default type [ch.qos.logback.classic.encoder.PatternLayoutEncoder] for [encoder] property
14:56:11,417 |-INFO in ch.qos.logback.core.rolling.RollingFileAppender[FILE] - Active log file name: /tmp/application.log
14:56:11,417 |-INFO in ch.qos.logback.core.rolling.RollingFileAppender[FILE] - File property is set to [/tmp/application.log]
14:56:11,418 |-INFO in ch.qos.logback.classic.joran.action.RootLoggerAction - Setting level of ROOT logger to WARN
14:56:11,418 |-INFO in ch.qos.logback.core.joran.action.AppenderRefAction - Attaching appender named [STDOUT] to Logger[ROOT]
14:56:11,420 |-INFO in ch.qos.logback.core.joran.action.AppenderRefAction - Attaching appender named [FILE] to Logger[ROOT]
14:56:11,420 |-INFO in ch.qos.logback.classic.joran.action.ConfigurationAction - End of configuration.
14:56:11,421 |-INFO in ch.qos.logback.classic.joran.JoranConfigurator@79698539 - Registering current configuration as safe fallback point

Ama winner
Ama winner
2019-06-10T14:56:12.705+0000: 1.734: [Full GC (Metadata GC Threshold) 2019-06-10T14:56:12.705+0000: 1.734: [Tenured: 0K->15241K(341376K), 0.0383719 secs] 114987K->15241K(494976K), [Metaspace: 20738K->20738K(1067008K)], 0.0384408 secs] [Times: user=0.03 sys=0.00, real=0.04 secs] 
14:56:28.616 [Curator-PathChildrenCache-1] WARN  o.a.c.u.ZKPaths  - The version of ZooKeeper being used doesn't support Container nodes. CreateMode.PERSISTENT will be used instead.
2019-06-10T14:56:30.888+0000: 19.917: [GC (Allocation Failure) 2019-06-10T14:56:30.888+0000: 19.917: [DefNew: 136576K->17023K(153600K), 0.0265338 secs] 151817K->52506K(494976K), 0.0266040 secs] [Times: user=0.02 sys=0.01, real=0.03 secs] 
2019-06-10T14:56:32.254+0000: 21.283: [Full GC (Metadata GC Threshold) 2019-06-10T14:56:32.254+0000: 21.283: [Tenured: 35482K->44185K(341376K), 0.0770324 secs] 83670K->44185K(494976K), [Metaspace: 34583K->34583K(1079296K)], 0.0771077 secs] [Times: user=0.08 sys=0.00, real=0.08 secs] 
2019-06-10T14:56:39.433+0000: 28.462: [GC (Allocation Failure) 2019-06-10T14:56:39.433+0000: 28.462: [DefNew: 136576K->72K(153600K), 0.0020154 secs] 180761K->44257K(494976K), 0.0020761 secs] [Times: user=0.00 sys=0.00, real=0.00 secs] 
2019-06-10T14:56:46.833+0000: 35.862: [GC (Allocation Failure) 2019-06-10T14:56:46.833+0000: 35.862: [DefNew: 136648K->136K(153600K), 0.0018320 secs] 180833K->44321K(494976K), 0.0018954 secs] [Times: user=0.00 sys=0.00, real=0.00 secs] 
2019-06-10T14:56:53.954+0000: 42.983: [GC (Allocation Failure) 2019-06-10T14:56:53.954+0000: 42.983: [DefNew: 136712K->142K(153600K), 0.0018530 secs] 180897K->44327K(494976K), 0.0019142 secs] [Times: user=0.00 sys=0.00, real=0.00 secs] 
2019-06-10T14:57:01.010+0000: 50.040: [GC (Allocation Failure) 2019-06-10T14:57:01.010+0000: 50.040: [DefNew: 136718K->144K(153600K), 0.0019029 secs] 180903K->44329K(494976K), 0.0019692 secs] [Times: user=0.00 sys=0.00, real=0.01 secs] 
2019-06-10T14:57:08.152+0000: 57.181: [GC (Allocation Failure) 2019-06-10T14:57:08.152+0000: 57.181: [DefNew: 136720K->144K(153600K), 0.0018743 secs] 180905K->44329K(494976K), 0.0019356 secs] [Times: user=0.01 sys=0.00, real=0.00 secs] 
14:57:20.081 [Curator-PathChildrenCache-0] ERROR o.a.c.f.r.c.PathChildrenCache  - 
java.lang.IllegalStateException: instance must be started before calling this method
	at org.apache.curator.shaded.com.google.common.base.Preconditions.checkState(Preconditions.java:444)
	at org.apache.curator.framework.imps.CuratorFrameworkImpl.getChildren(CuratorFrameworkImpl.java:456)
	at org.apache.curator.framework.recipes.cache.PathChildrenCache.refresh(PathChildrenCache.java:521)
	at org.apache.curator.framework.recipes.cache.RefreshOperation.invoke(RefreshOperation.java:35)
	at org.apache.curator.framework.recipes.cache.PathChildrenCache$9.run(PathChildrenCache.java:786)
	at java.util.concurrent.Executors$RunnableAdapter.call(Executors.java:511)
	at java.util.concurrent.FutureTask.run(FutureTask.java:266)
	at java.util.concurrent.Executors$RunnableAdapter.call(Executors.java:511)
	at java.util.concurrent.FutureTask.run(FutureTask.java:266)
	at java.util.concurrent.ThreadPoolExecutor.runWorker(ThreadPoolExecutor.java:1149)
	at java.util.concurrent.ThreadPoolExecutor$Worker.run(ThreadPoolExecutor.java:624)
	at java.lang.Thread.run(Thread.java:748)
Heap
 def new generation   total 153600K, used 121417K [0x00000000e0c00000, 0x00000000eb2a0000, 0x00000000eb2a0000)
  eden space 136576K,  88% used [0x00000000e0c00000, 0x00000000e826e238, 0x00000000e9160000)
  from space 17024K,   0% used [0x00000000e9160000, 0x00000000e9184340, 0x00000000ea200000)
  to   space 17024K,   0% used [0x00000000ea200000, 0x00000000ea200000, 0x00000000eb2a0000)
 tenured generation   total 341376K, used 44185K [0x00000000eb2a0000, 0x0000000100000000, 0x0000000100000000)
   the space 341376K,  12% used [0x00000000eb2a0000, 0x00000000eddc6480, 0x00000000eddc6600, 0x0000000100000000)
 Metaspace       used 36247K, capacity 37126K, committed 37376K, reserved 1081344K
  class space    used 4873K, capacity 5075K, committed 5120K, reserved 1048576K
