18:16:09,221 |-INFO in ch.qos.logback.classic.LoggerContext[default] - Could NOT find resource [logback-test.xml]
18:16:09,226 |-INFO in ch.qos.logback.classic.LoggerContext[default] - Could NOT find resource [logback.groovy]
18:16:09,226 |-INFO in ch.qos.logback.classic.LoggerContext[default] - Found resource [logback.xml] at [jar:file:/root/flamestream/lib/flamestream-runtime-1.0-SNAPSHOT.jar!/logback.xml]
18:16:09,227 |-WARN in ch.qos.logback.classic.LoggerContext[default] - Resource [logback.xml] occurs multiple times on the classpath.
18:16:09,227 |-WARN in ch.qos.logback.classic.LoggerContext[default] - Resource [logback.xml] occurs at [jar:file:/root/flamestream/lib/flamestream-runtime-1.0-SNAPSHOT.jar!/logback.xml]
18:16:09,227 |-WARN in ch.qos.logback.classic.LoggerContext[default] - Resource [logback.xml] occurs at [jar:file:/root/flamestream/flamestream-runtime-1.0-SNAPSHOT.jar!/logback.xml]
18:16:09,247 |-INFO in ch.qos.logback.core.joran.spi.ConfigurationWatchList@3fb6a447 - URL [jar:file:/root/flamestream/lib/flamestream-runtime-1.0-SNAPSHOT.jar!/logback.xml] is not of type file
18:16:09,312 |-INFO in ch.qos.logback.classic.joran.action.ConfigurationAction - debug attribute not set
18:16:09,312 |-INFO in ch.qos.logback.core.joran.action.AppenderAction - About to instantiate appender of type [ch.qos.logback.core.ConsoleAppender]
18:16:09,328 |-INFO in ch.qos.logback.core.joran.action.AppenderAction - Naming appender as [STDOUT]
18:16:09,346 |-INFO in ch.qos.logback.core.joran.action.NestedComplexPropertyIA - Assuming default type [ch.qos.logback.classic.encoder.PatternLayoutEncoder] for [encoder] property
18:16:09,434 |-INFO in ch.qos.logback.core.joran.action.AppenderAction - About to instantiate appender of type [ch.qos.logback.core.rolling.RollingFileAppender]
18:16:09,439 |-INFO in ch.qos.logback.core.joran.action.AppenderAction - Naming appender as [FILE]
18:16:09,469 |-INFO in c.q.l.core.rolling.TimeBasedRollingPolicy@127618319 - No compression will be used
18:16:09,470 |-INFO in c.q.l.core.rolling.TimeBasedRollingPolicy@127618319 - Will use the pattern /tmp/application_%d{yyyy-MM-dd}.%i.log for the active file
18:16:09,473 |-INFO in ch.qos.logback.core.rolling.SizeAndTimeBasedFNATP@6b2fad11 - The date pattern is 'yyyy-MM-dd' from file name pattern '/tmp/application_%d{yyyy-MM-dd}.%i.log'.
18:16:09,473 |-INFO in ch.qos.logback.core.rolling.SizeAndTimeBasedFNATP@6b2fad11 - Roll-over at midnight.
18:16:09,478 |-INFO in ch.qos.logback.core.rolling.SizeAndTimeBasedFNATP@6b2fad11 - Setting initial period to Mon Jun 10 18:14:49 UTC 2019
18:16:09,478 |-WARN in ch.qos.logback.core.rolling.SizeAndTimeBasedFNATP@6b2fad11 - SizeAndTimeBasedFNATP is deprecated. Use SizeAndTimeBasedRollingPolicy instead
18:16:09,478 |-WARN in ch.qos.logback.core.rolling.SizeAndTimeBasedFNATP@6b2fad11 - For more information see http://logback.qos.ch/manual/appenders.html#SizeAndTimeBasedRollingPolicy
18:16:09,482 |-INFO in ch.qos.logback.core.joran.action.NestedComplexPropertyIA - Assuming default type [ch.qos.logback.classic.encoder.PatternLayoutEncoder] for [encoder] property
18:16:09,487 |-INFO in ch.qos.logback.core.rolling.RollingFileAppender[FILE] - Active log file name: /tmp/application.log
18:16:09,487 |-INFO in ch.qos.logback.core.rolling.RollingFileAppender[FILE] - File property is set to [/tmp/application.log]
18:16:09,488 |-INFO in ch.qos.logback.classic.joran.action.RootLoggerAction - Setting level of ROOT logger to WARN
18:16:09,488 |-INFO in ch.qos.logback.core.joran.action.AppenderRefAction - Attaching appender named [STDOUT] to Logger[ROOT]
18:16:09,490 |-INFO in ch.qos.logback.core.joran.action.AppenderRefAction - Attaching appender named [FILE] to Logger[ROOT]
18:16:09,490 |-INFO in ch.qos.logback.classic.joran.action.ConfigurationAction - End of configuration.
18:16:09,490 |-INFO in ch.qos.logback.classic.joran.JoranConfigurator@79698539 - Registering current configuration as safe fallback point

Ama winner
Ama winner
2019-06-10T18:16:10.833+0000: 1.793: [Full GC (Metadata GC Threshold) 2019-06-10T18:16:10.833+0000: 1.793: [Tenured: 0K->15233K(341376K), 0.0391932 secs] 117750K->15233K(494976K), [Metaspace: 20728K->20728K(1067008K)], 0.0392635 secs] [Times: user=0.03 sys=0.00, real=0.04 secs] 
18:16:28.591 [Curator-PathChildrenCache-1] WARN  o.a.c.u.ZKPaths  - The version of ZooKeeper being used doesn't support Container nodes. CreateMode.PERSISTENT will be used instead.
2019-06-10T18:16:30.960+0000: 21.920: [GC (GCLocker Initiated GC) 2019-06-10T18:16:30.960+0000: 21.920: [DefNew: 117631K->17023K(153600K), 0.0181518 secs] 152396K->52442K(494976K), 0.0182182 secs] [Times: user=0.02 sys=0.00, real=0.02 secs] 
2019-06-10T18:16:32.496+0000: 23.456: [Full GC (Metadata GC Threshold) 2019-06-10T18:16:32.496+0000: 23.456: [Tenured: 35418K->44003K(341376K), 0.0404163 secs] 88989K->44003K(494976K), [Metaspace: 34528K->34528K(1079296K)], 0.0404888 secs] [Times: user=0.04 sys=0.01, real=0.04 secs] 
2019-06-10T18:16:38.762+0000: 29.722: [GC (Allocation Failure) 2019-06-10T18:16:38.762+0000: 29.722: [DefNew: 136576K->71K(153600K), 0.0017627 secs] 180579K->44075K(494976K), 0.0018205 secs] [Times: user=0.00 sys=0.00, real=0.00 secs] 
2019-06-10T18:16:44.916+0000: 35.876: [GC (Allocation Failure) 2019-06-10T18:16:44.916+0000: 35.876: [DefNew: 136647K->97K(153600K), 0.0017620 secs] 180651K->44101K(494976K), 0.0018257 secs] [Times: user=0.00 sys=0.00, real=0.00 secs] 
2019-06-10T18:16:51.154+0000: 42.114: [GC (Allocation Failure) 2019-06-10T18:16:51.154+0000: 42.114: [DefNew: 136673K->130K(153600K), 0.0017593 secs] 180677K->44134K(494976K), 0.0018201 secs] [Times: user=0.00 sys=0.00, real=0.00 secs] 
2019-06-10T18:16:57.444+0000: 48.405: [GC (Allocation Failure) 2019-06-10T18:16:57.444+0000: 48.405: [DefNew: 136706K->137K(153600K), 0.0018048 secs] 180710K->44141K(494976K), 0.0018665 secs] [Times: user=0.00 sys=0.00, real=0.01 secs] 
2019-06-10T18:17:05.109+0000: 56.069: [GC (Allocation Failure) 2019-06-10T18:17:05.109+0000: 56.069: [DefNew: 136713K->131K(153600K), 0.0018446 secs] 180717K->44135K(494976K), 0.0019043 secs] [Times: user=0.00 sys=0.00, real=0.00 secs] 
18:17:10.011 [Curator-PathChildrenCache-0] ERROR o.a.c.f.r.c.PathChildrenCache  - 
java.lang.IllegalStateException: instance must be started before calling this method
	at org.apache.curator.shaded.com.google.common.base.Preconditions.checkState(Preconditions.java:444)
	at org.apache.curator.framework.imps.CuratorFrameworkImpl.getChildren(CuratorFrameworkImpl.java:456)
	at org.apache.curator.framework.recipes.cache.PathChildrenCache.refresh(PathChildrenCache.java:521)
	at org.apache.curator.framework.recipes.cache.RefreshOperation.invoke(RefreshOperation.java:35)
	at org.apache.curator.framework.recipes.cache.PathChildrenCache$9.run(PathChildrenCache.java:786)
	at java.util.concurrent.Executors$RunnableAdapter.call(Executors.java:511)
	at java.util.concurrent.FutureTask.run(FutureTask.java:266)
	at java.util.concurrent.Executors$RunnableAdapter.call(Executors.java:511)
	at java.util.concurrent.FutureTask.run(FutureTask.java:266)
	at java.util.concurrent.ThreadPoolExecutor.runWorker(ThreadPoolExecutor.java:1149)
	at java.util.concurrent.ThreadPoolExecutor$Worker.run(ThreadPoolExecutor.java:624)
	at java.lang.Thread.run(Thread.java:748)
Heap
 def new generation   total 153600K, used 46719K [0x00000000e0c00000, 0x00000000eb2a0000, 0x00000000eb2a0000)
  eden space 136576K,  34% used [0x00000000e0c00000, 0x00000000e397f0e0, 0x00000000e9160000)
  from space 17024K,   0% used [0x00000000e9160000, 0x00000000e9180e20, 0x00000000ea200000)
  to   space 17024K,   0% used [0x00000000ea200000, 0x00000000ea200000, 0x00000000eb2a0000)
 tenured generation   total 341376K, used 44003K [0x00000000eb2a0000, 0x0000000100000000, 0x0000000100000000)
   the space 341376K,  12% used [0x00000000eb2a0000, 0x00000000edd98e78, 0x00000000edd99000, 0x0000000100000000)
 Metaspace       used 35682K, capacity 36640K, committed 36864K, reserved 1081344K
  class space    used 4825K, capacity 5042K, committed 5120K, reserved 1048576K
