16:43:53,679 |-INFO in ch.qos.logback.classic.LoggerContext[default] - Could NOT find resource [logback-test.xml]
16:43:53,679 |-INFO in ch.qos.logback.classic.LoggerContext[default] - Could NOT find resource [logback.groovy]
16:43:53,680 |-INFO in ch.qos.logback.classic.LoggerContext[default] - Found resource [logback.xml] at [jar:file:/root/flamestream/lib/flamestream-runtime-1.0-SNAPSHOT.jar!/logback.xml]
16:43:53,681 |-WARN in ch.qos.logback.classic.LoggerContext[default] - Resource [logback.xml] occurs multiple times on the classpath.
16:43:53,681 |-WARN in ch.qos.logback.classic.LoggerContext[default] - Resource [logback.xml] occurs at [jar:file:/root/flamestream/lib/flamestream-runtime-1.0-SNAPSHOT.jar!/logback.xml]
16:43:53,681 |-WARN in ch.qos.logback.classic.LoggerContext[default] - Resource [logback.xml] occurs at [jar:file:/root/flamestream/flamestream-runtime-1.0-SNAPSHOT.jar!/logback.xml]
16:43:53,700 |-INFO in ch.qos.logback.core.joran.spi.ConfigurationWatchList@3fb6a447 - URL [jar:file:/root/flamestream/lib/flamestream-runtime-1.0-SNAPSHOT.jar!/logback.xml] is not of type file
16:43:53,767 |-INFO in ch.qos.logback.classic.joran.action.ConfigurationAction - debug attribute not set
16:43:53,767 |-INFO in ch.qos.logback.core.joran.action.AppenderAction - About to instantiate appender of type [ch.qos.logback.core.ConsoleAppender]
16:43:53,783 |-INFO in ch.qos.logback.core.joran.action.AppenderAction - Naming appender as [STDOUT]
16:43:53,803 |-INFO in ch.qos.logback.core.joran.action.NestedComplexPropertyIA - Assuming default type [ch.qos.logback.classic.encoder.PatternLayoutEncoder] for [encoder] property
16:43:53,900 |-INFO in ch.qos.logback.core.joran.action.AppenderAction - About to instantiate appender of type [ch.qos.logback.core.rolling.RollingFileAppender]
16:43:53,909 |-INFO in ch.qos.logback.core.joran.action.AppenderAction - Naming appender as [FILE]
16:43:53,938 |-INFO in c.q.l.core.rolling.TimeBasedRollingPolicy@127618319 - No compression will be used
16:43:53,939 |-INFO in c.q.l.core.rolling.TimeBasedRollingPolicy@127618319 - Will use the pattern /tmp/application_%d{yyyy-MM-dd}.%i.log for the active file
16:43:53,942 |-INFO in ch.qos.logback.core.rolling.SizeAndTimeBasedFNATP@6b2fad11 - The date pattern is 'yyyy-MM-dd' from file name pattern '/tmp/application_%d{yyyy-MM-dd}.%i.log'.
16:43:53,942 |-INFO in ch.qos.logback.core.rolling.SizeAndTimeBasedFNATP@6b2fad11 - Roll-over at midnight.
16:43:53,947 |-INFO in ch.qos.logback.core.rolling.SizeAndTimeBasedFNATP@6b2fad11 - Setting initial period to Mon Jun 10 16:42:25 UTC 2019
16:43:53,947 |-WARN in ch.qos.logback.core.rolling.SizeAndTimeBasedFNATP@6b2fad11 - SizeAndTimeBasedFNATP is deprecated. Use SizeAndTimeBasedRollingPolicy instead
16:43:53,947 |-WARN in ch.qos.logback.core.rolling.SizeAndTimeBasedFNATP@6b2fad11 - For more information see http://logback.qos.ch/manual/appenders.html#SizeAndTimeBasedRollingPolicy
16:43:53,952 |-INFO in ch.qos.logback.core.joran.action.NestedComplexPropertyIA - Assuming default type [ch.qos.logback.classic.encoder.PatternLayoutEncoder] for [encoder] property
16:43:53,956 |-INFO in ch.qos.logback.core.rolling.RollingFileAppender[FILE] - Active log file name: /tmp/application.log
16:43:53,956 |-INFO in ch.qos.logback.core.rolling.RollingFileAppender[FILE] - File property is set to [/tmp/application.log]
16:43:53,957 |-INFO in ch.qos.logback.classic.joran.action.RootLoggerAction - Setting level of ROOT logger to WARN
16:43:53,957 |-INFO in ch.qos.logback.core.joran.action.AppenderRefAction - Attaching appender named [STDOUT] to Logger[ROOT]
16:43:53,959 |-INFO in ch.qos.logback.core.joran.action.AppenderRefAction - Attaching appender named [FILE] to Logger[ROOT]
16:43:53,959 |-INFO in ch.qos.logback.classic.joran.action.ConfigurationAction - End of configuration.
16:43:53,960 |-INFO in ch.qos.logback.classic.joran.JoranConfigurator@79698539 - Registering current configuration as safe fallback point

Ama winner
Ama winner
2019-06-10T16:43:55.258+0000: 1.767: [Full GC (Metadata GC Threshold) 2019-06-10T16:43:55.258+0000: 1.767: [Tenured: 0K->15177K(341376K), 0.0386821 secs] 112258K->15177K(494976K), [Metaspace: 20734K->20734K(1067008K)], 0.0387458 secs] [Times: user=0.03 sys=0.01, real=0.04 secs] 
16:44:11.471 [Curator-PathChildrenCache-1] WARN  o.a.c.u.ZKPaths  - The version of ZooKeeper being used doesn't support Container nodes. CreateMode.PERSISTENT will be used instead.
2019-06-10T16:44:13.447+0000: 19.956: [GC (Allocation Failure) 2019-06-10T16:44:13.447+0000: 19.956: [DefNew: 136576K->17024K(153600K), 0.0263001 secs] 151753K->52405K(494976K), 0.0263697 secs] [Times: user=0.02 sys=0.01, real=0.02 secs] 
2019-06-10T16:44:17.349+0000: 23.857: [Full GC (Metadata GC Threshold) 2019-06-10T16:44:17.349+0000: 23.857: [Tenured: 35381K->44075K(341376K), 0.0503487 secs] 129616K->44075K(494976K), [Metaspace: 34613K->34613K(1079296K)], 0.0504249 secs] [Times: user=0.04 sys=0.01, real=0.05 secs] 
2019-06-10T16:44:24.239+0000: 30.748: [GC (Allocation Failure) 2019-06-10T16:44:24.240+0000: 30.748: [DefNew: 136576K->56K(153600K), 0.0017899 secs] 180651K->44131K(494976K), 0.0018484 secs] [Times: user=0.00 sys=0.00, real=0.00 secs] 
2019-06-10T16:44:31.315+0000: 37.824: [GC (Allocation Failure) 2019-06-10T16:44:31.315+0000: 37.824: [DefNew: 136632K->54K(153600K), 0.0017505 secs] 180707K->44129K(494976K), 0.0018116 secs] [Times: user=0.00 sys=0.00, real=0.01 secs] 
2019-06-10T16:44:38.343+0000: 44.852: [GC (Allocation Failure) 2019-06-10T16:44:38.343+0000: 44.852: [DefNew: 136630K->57K(153600K), 0.0016934 secs] 180705K->44132K(494976K), 0.0017649 secs] [Times: user=0.00 sys=0.00, real=0.01 secs] 
2019-06-10T16:44:45.332+0000: 51.841: [GC (Allocation Failure) 2019-06-10T16:44:45.332+0000: 51.841: [DefNew: 136633K->56K(153600K), 0.0017043 secs] 180708K->44132K(494976K), 0.0017663 secs] [Times: user=0.01 sys=0.00, real=0.00 secs] 
2019-06-10T16:44:58.646+0000: 65.154: [GC (Allocation Failure) 2019-06-10T16:44:58.646+0000: 65.154: [DefNew: 136632K->389K(153600K), 0.0022075 secs] 180708K->44465K(494976K), 0.0023041 secs] [Times: user=0.00 sys=0.00, real=0.00 secs] 
16:45:00.678 [Curator-PathChildrenCache-0] ERROR o.a.c.f.r.c.PathChildrenCache  - 
java.lang.IllegalStateException: instance must be started before calling this method
	at org.apache.curator.shaded.com.google.common.base.Preconditions.checkState(Preconditions.java:444)
	at org.apache.curator.framework.imps.CuratorFrameworkImpl.getChildren(CuratorFrameworkImpl.java:456)
	at org.apache.curator.framework.recipes.cache.PathChildrenCache.refresh(PathChildrenCache.java:521)
	at org.apache.curator.framework.recipes.cache.RefreshOperation.invoke(RefreshOperation.java:35)
	at org.apache.curator.framework.recipes.cache.PathChildrenCache$9.run(PathChildrenCache.java:786)
	at java.util.concurrent.Executors$RunnableAdapter.call(Executors.java:511)
	at java.util.concurrent.FutureTask.run(FutureTask.java:266)
	at java.util.concurrent.Executors$RunnableAdapter.call(Executors.java:511)
	at java.util.concurrent.FutureTask.run(FutureTask.java:266)
	at java.util.concurrent.ThreadPoolExecutor.runWorker(ThreadPoolExecutor.java:1149)
	at java.util.concurrent.ThreadPoolExecutor$Worker.run(ThreadPoolExecutor.java:624)
	at java.lang.Thread.run(Thread.java:748)
Heap
 def new generation   total 153600K, used 21332K [0x00000000e0c00000, 0x00000000eb2a0000, 0x00000000eb2a0000)
  eden space 136576K,  15% used [0x00000000e0c00000, 0x00000000e2073ae0, 0x00000000e9160000)
  from space 17024K,   2% used [0x00000000e9160000, 0x00000000e91c16a0, 0x00000000ea200000)
  to   space 17024K,   0% used [0x00000000ea200000, 0x00000000ea200000, 0x00000000eb2a0000)
 tenured generation   total 341376K, used 44075K [0x00000000eb2a0000, 0x0000000100000000, 0x0000000100000000)
   the space 341376K,  12% used [0x00000000eb2a0000, 0x00000000eddaadc0, 0x00000000eddaae00, 0x0000000100000000)
 Metaspace       used 36075K, capacity 36988K, committed 37120K, reserved 1081344K
  class space    used 4866K, capacity 5084K, committed 5120K, reserved 1048576K
