07:21:02,882 |-INFO in ch.qos.logback.classic.LoggerContext[default] - Could NOT find resource [logback-test.xml]
07:21:02,882 |-INFO in ch.qos.logback.classic.LoggerContext[default] - Could NOT find resource [logback.groovy]
07:21:02,883 |-INFO in ch.qos.logback.classic.LoggerContext[default] - Found resource [logback.xml] at [jar:file:/root/flamestream/lib/flamestream-runtime-1.0-SNAPSHOT.jar!/logback.xml]
07:21:02,884 |-WARN in ch.qos.logback.classic.LoggerContext[default] - Resource [logback.xml] occurs multiple times on the classpath.
07:21:02,884 |-WARN in ch.qos.logback.classic.LoggerContext[default] - Resource [logback.xml] occurs at [jar:file:/root/flamestream/lib/flamestream-runtime-1.0-SNAPSHOT.jar!/logback.xml]
07:21:02,884 |-WARN in ch.qos.logback.classic.LoggerContext[default] - Resource [logback.xml] occurs at [jar:file:/root/flamestream/flamestream-runtime-1.0-SNAPSHOT.jar!/logback.xml]
07:21:02,904 |-INFO in ch.qos.logback.core.joran.spi.ConfigurationWatchList@3fb6a447 - URL [jar:file:/root/flamestream/lib/flamestream-runtime-1.0-SNAPSHOT.jar!/logback.xml] is not of type file
07:21:02,975 |-INFO in ch.qos.logback.classic.joran.action.ConfigurationAction - debug attribute not set
07:21:02,975 |-INFO in ch.qos.logback.core.joran.action.AppenderAction - About to instantiate appender of type [ch.qos.logback.core.ConsoleAppender]
07:21:02,995 |-INFO in ch.qos.logback.core.joran.action.AppenderAction - Naming appender as [STDOUT]
07:21:03,013 |-INFO in ch.qos.logback.core.joran.action.NestedComplexPropertyIA - Assuming default type [ch.qos.logback.classic.encoder.PatternLayoutEncoder] for [encoder] property
07:21:03,100 |-INFO in ch.qos.logback.core.joran.action.AppenderAction - About to instantiate appender of type [ch.qos.logback.core.rolling.RollingFileAppender]
07:21:03,105 |-INFO in ch.qos.logback.core.joran.action.AppenderAction - Naming appender as [FILE]
07:21:03,135 |-INFO in c.q.l.core.rolling.TimeBasedRollingPolicy@127618319 - No compression will be used
07:21:03,137 |-INFO in c.q.l.core.rolling.TimeBasedRollingPolicy@127618319 - Will use the pattern /tmp/application_%d{yyyy-MM-dd}.%i.log for the active file
07:21:03,139 |-INFO in ch.qos.logback.core.rolling.SizeAndTimeBasedFNATP@6b2fad11 - The date pattern is 'yyyy-MM-dd' from file name pattern '/tmp/application_%d{yyyy-MM-dd}.%i.log'.
07:21:03,139 |-INFO in ch.qos.logback.core.rolling.SizeAndTimeBasedFNATP@6b2fad11 - Roll-over at midnight.
07:21:03,145 |-INFO in ch.qos.logback.core.rolling.SizeAndTimeBasedFNATP@6b2fad11 - Setting initial period to Tue Jun 11 07:19:18 UTC 2019
07:21:03,145 |-WARN in ch.qos.logback.core.rolling.SizeAndTimeBasedFNATP@6b2fad11 - SizeAndTimeBasedFNATP is deprecated. Use SizeAndTimeBasedRollingPolicy instead
07:21:03,145 |-WARN in ch.qos.logback.core.rolling.SizeAndTimeBasedFNATP@6b2fad11 - For more information see http://logback.qos.ch/manual/appenders.html#SizeAndTimeBasedRollingPolicy
07:21:03,149 |-INFO in ch.qos.logback.core.joran.action.NestedComplexPropertyIA - Assuming default type [ch.qos.logback.classic.encoder.PatternLayoutEncoder] for [encoder] property
07:21:03,153 |-INFO in ch.qos.logback.core.rolling.RollingFileAppender[FILE] - Active log file name: /tmp/application.log
07:21:03,153 |-INFO in ch.qos.logback.core.rolling.RollingFileAppender[FILE] - File property is set to [/tmp/application.log]
07:21:03,154 |-INFO in ch.qos.logback.classic.joran.action.RootLoggerAction - Setting level of ROOT logger to WARN
07:21:03,154 |-INFO in ch.qos.logback.core.joran.action.AppenderRefAction - Attaching appender named [STDOUT] to Logger[ROOT]
07:21:03,156 |-INFO in ch.qos.logback.core.joran.action.AppenderRefAction - Attaching appender named [FILE] to Logger[ROOT]
07:21:03,156 |-INFO in ch.qos.logback.classic.joran.action.ConfigurationAction - End of configuration.
07:21:03,157 |-INFO in ch.qos.logback.classic.joran.JoranConfigurator@79698539 - Registering current configuration as safe fallback point

Ama winner
Ama winner
2019-06-11T07:21:04.457+0000: 1.760: [Full GC (Metadata GC Threshold) 2019-06-11T07:21:04.457+0000: 1.761: [Tenured: 0K->15145K(341376K), 0.0415513 secs] 114987K->15145K(494976K), [Metaspace: 20733K->20733K(1067008K)], 0.0416208 secs] [Times: user=0.04 sys=0.00, real=0.04 secs] 
07:21:16.498 [Curator-PathChildrenCache-1] WARN  o.a.c.u.ZKPaths  - The version of ZooKeeper being used doesn't support Container nodes. CreateMode.PERSISTENT will be used instead.
2019-06-11T07:21:18.780+0000: 16.084: [GC (Allocation Failure) 2019-06-11T07:21:18.780+0000: 16.084: [DefNew: 136576K->17023K(153600K), 0.0252759 secs] 151721K->52546K(494976K), 0.0253574 secs] [Times: user=0.02 sys=0.00, real=0.02 secs] 
2019-06-11T07:21:25.233+0000: 22.536: [Full GC (Metadata GC Threshold) 2019-06-11T07:21:25.233+0000: 22.536: [Tenured: 35522K->43962K(341376K), 0.0617499 secs] 180792K->43962K(494976K), [Metaspace: 34594K->34594K(1079296K)], 0.0618232 secs] [Times: user=0.06 sys=0.00, real=0.07 secs] 
2019-06-11T07:21:32.286+0000: 29.590: [GC (Allocation Failure) 2019-06-11T07:21:32.286+0000: 29.590: [DefNew: 136576K->50K(153600K), 0.0017498 secs] 180538K->44012K(494976K), 0.0018191 secs] [Times: user=0.00 sys=0.00, real=0.01 secs] 
2019-06-11T07:21:39.302+0000: 36.606: [GC (Allocation Failure) 2019-06-11T07:21:39.302+0000: 36.606: [DefNew: 136626K->52K(153600K), 0.0017322 secs] 180588K->44015K(494976K), 0.0017954 secs] [Times: user=0.00 sys=0.00, real=0.00 secs] 
2019-06-11T07:21:46.333+0000: 43.637: [GC (Allocation Failure) 2019-06-11T07:21:46.333+0000: 43.637: [DefNew: 136628K->55K(153600K), 0.0016727 secs] 180591K->44018K(494976K), 0.0017327 secs] [Times: user=0.00 sys=0.00, real=0.01 secs] 
2019-06-11T07:21:53.363+0000: 50.667: [GC (Allocation Failure) 2019-06-11T07:21:53.363+0000: 50.667: [DefNew: 136631K->54K(153600K), 0.0016546 secs] 180594K->44016K(494976K), 0.0017152 secs] [Times: user=0.01 sys=0.00, real=0.00 secs] 
2019-06-11T07:22:04.366+0000: 61.669: [GC (Allocation Failure) 2019-06-11T07:22:04.366+0000: 61.669: [DefNew: 136630K->231K(153600K), 0.0019862 secs] 180592K->44193K(494976K), 0.0020371 secs] [Times: user=0.00 sys=0.00, real=0.01 secs] 
07:22:06.904 [Curator-PathChildrenCache-0] ERROR o.a.c.f.r.c.PathChildrenCache  - 
java.lang.IllegalStateException: instance must be started before calling this method
	at org.apache.curator.shaded.com.google.common.base.Preconditions.checkState(Preconditions.java:444)
	at org.apache.curator.framework.imps.CuratorFrameworkImpl.getChildren(CuratorFrameworkImpl.java:456)
	at org.apache.curator.framework.recipes.cache.PathChildrenCache.refresh(PathChildrenCache.java:521)
	at org.apache.curator.framework.recipes.cache.RefreshOperation.invoke(RefreshOperation.java:35)
	at org.apache.curator.framework.recipes.cache.PathChildrenCache$9.run(PathChildrenCache.java:786)
	at java.util.concurrent.Executors$RunnableAdapter.call(Executors.java:511)
	at java.util.concurrent.FutureTask.run(FutureTask.java:266)
	at java.util.concurrent.Executors$RunnableAdapter.call(Executors.java:511)
	at java.util.concurrent.FutureTask.run(FutureTask.java:266)
	at java.util.concurrent.ThreadPoolExecutor.runWorker(ThreadPoolExecutor.java:1149)
	at java.util.concurrent.ThreadPoolExecutor$Worker.run(ThreadPoolExecutor.java:624)
	at java.lang.Thread.run(Thread.java:748)
Heap
 def new generation   total 153600K, used 24565K [0x00000000e0c00000, 0x00000000eb2a0000, 0x00000000eb2a0000)
  eden space 136576K,  17% used [0x00000000e0c00000, 0x00000000e23c3838, 0x00000000e9160000)
  from space 17024K,   1% used [0x00000000e9160000, 0x00000000e9199dd0, 0x00000000ea200000)
  to   space 17024K,   0% used [0x00000000ea200000, 0x00000000ea200000, 0x00000000eb2a0000)
 tenured generation   total 341376K, used 43962K [0x00000000eb2a0000, 0x0000000100000000, 0x0000000100000000)
   the space 341376K,  12% used [0x00000000eb2a0000, 0x00000000edd8e950, 0x00000000edd8ea00, 0x0000000100000000)
 Metaspace       used 36030K, capacity 36928K, committed 37120K, reserved 1081344K
  class space    used 4855K, capacity 5074K, committed 5120K, reserved 1048576K
