08:18:32,909 |-INFO in ch.qos.logback.classic.LoggerContext[default] - Could NOT find resource [logback-test.xml]
08:18:32,909 |-INFO in ch.qos.logback.classic.LoggerContext[default] - Could NOT find resource [logback.groovy]
08:18:32,909 |-INFO in ch.qos.logback.classic.LoggerContext[default] - Found resource [logback.xml] at [jar:file:/root/flamestream/lib/flamestream-runtime-1.0-SNAPSHOT.jar!/logback.xml]
08:18:32,912 |-WARN in ch.qos.logback.classic.LoggerContext[default] - Resource [logback.xml] occurs multiple times on the classpath.
08:18:32,912 |-WARN in ch.qos.logback.classic.LoggerContext[default] - Resource [logback.xml] occurs at [jar:file:/root/flamestream/lib/flamestream-runtime-1.0-SNAPSHOT.jar!/logback.xml]
08:18:32,912 |-WARN in ch.qos.logback.classic.LoggerContext[default] - Resource [logback.xml] occurs at [jar:file:/root/flamestream/flamestream-runtime-1.0-SNAPSHOT.jar!/logback.xml]
08:18:32,932 |-INFO in ch.qos.logback.core.joran.spi.ConfigurationWatchList@3fb6a447 - URL [jar:file:/root/flamestream/lib/flamestream-runtime-1.0-SNAPSHOT.jar!/logback.xml] is not of type file
08:18:33,003 |-INFO in ch.qos.logback.classic.joran.action.ConfigurationAction - debug attribute not set
08:18:33,004 |-INFO in ch.qos.logback.core.joran.action.AppenderAction - About to instantiate appender of type [ch.qos.logback.core.ConsoleAppender]
08:18:33,020 |-INFO in ch.qos.logback.core.joran.action.AppenderAction - Naming appender as [STDOUT]
08:18:33,039 |-INFO in ch.qos.logback.core.joran.action.NestedComplexPropertyIA - Assuming default type [ch.qos.logback.classic.encoder.PatternLayoutEncoder] for [encoder] property
08:18:33,121 |-INFO in ch.qos.logback.core.joran.action.AppenderAction - About to instantiate appender of type [ch.qos.logback.core.rolling.RollingFileAppender]
08:18:33,126 |-INFO in ch.qos.logback.core.joran.action.AppenderAction - Naming appender as [FILE]
08:18:33,158 |-INFO in c.q.l.core.rolling.TimeBasedRollingPolicy@127618319 - No compression will be used
08:18:33,159 |-INFO in c.q.l.core.rolling.TimeBasedRollingPolicy@127618319 - Will use the pattern /tmp/application_%d{yyyy-MM-dd}.%i.log for the active file
08:18:33,162 |-INFO in ch.qos.logback.core.rolling.SizeAndTimeBasedFNATP@6b2fad11 - The date pattern is 'yyyy-MM-dd' from file name pattern '/tmp/application_%d{yyyy-MM-dd}.%i.log'.
08:18:33,162 |-INFO in ch.qos.logback.core.rolling.SizeAndTimeBasedFNATP@6b2fad11 - Roll-over at midnight.
08:18:33,167 |-INFO in ch.qos.logback.core.rolling.SizeAndTimeBasedFNATP@6b2fad11 - Setting initial period to Tue Jun 11 08:17:12 UTC 2019
08:18:33,168 |-WARN in ch.qos.logback.core.rolling.SizeAndTimeBasedFNATP@6b2fad11 - SizeAndTimeBasedFNATP is deprecated. Use SizeAndTimeBasedRollingPolicy instead
08:18:33,168 |-WARN in ch.qos.logback.core.rolling.SizeAndTimeBasedFNATP@6b2fad11 - For more information see http://logback.qos.ch/manual/appenders.html#SizeAndTimeBasedRollingPolicy
08:18:33,172 |-INFO in ch.qos.logback.core.joran.action.NestedComplexPropertyIA - Assuming default type [ch.qos.logback.classic.encoder.PatternLayoutEncoder] for [encoder] property
08:18:33,176 |-INFO in ch.qos.logback.core.rolling.RollingFileAppender[FILE] - Active log file name: /tmp/application.log
08:18:33,176 |-INFO in ch.qos.logback.core.rolling.RollingFileAppender[FILE] - File property is set to [/tmp/application.log]
08:18:33,177 |-INFO in ch.qos.logback.classic.joran.action.RootLoggerAction - Setting level of ROOT logger to WARN
08:18:33,177 |-INFO in ch.qos.logback.core.joran.action.AppenderRefAction - Attaching appender named [STDOUT] to Logger[ROOT]
08:18:33,179 |-INFO in ch.qos.logback.core.joran.action.AppenderRefAction - Attaching appender named [FILE] to Logger[ROOT]
08:18:33,179 |-INFO in ch.qos.logback.classic.joran.action.ConfigurationAction - End of configuration.
08:18:33,180 |-INFO in ch.qos.logback.classic.joran.JoranConfigurator@79698539 - Registering current configuration as safe fallback point

Ama winner
Ama winner
2019-06-11T08:18:34.490+0000: 1.764: [Full GC (Metadata GC Threshold) 2019-06-11T08:18:34.490+0000: 1.764: [Tenured: 0K->15241K(341376K), 0.0377954 secs] 117750K->15241K(494976K), [Metaspace: 20738K->20738K(1067008K)], 0.0378624 secs] [Times: user=0.04 sys=0.01, real=0.04 secs] 
08:18:53.165 [Curator-PathChildrenCache-2] WARN  o.a.c.u.ZKPaths  - The version of ZooKeeper being used doesn't support Container nodes. CreateMode.PERSISTENT will be used instead.
2019-06-11T08:18:55.479+0000: 22.753: [GC (Allocation Failure) 2019-06-11T08:18:55.479+0000: 22.753: [DefNew: 119230K->17023K(153600K), 0.0178536 secs] 134471K->33160K(494976K), 0.0179391 secs] [Times: user=0.02 sys=0.00, real=0.02 secs] 
2019-06-11T08:18:55.722+0000: 22.995: [Full GC (Metadata GC Threshold) 2019-06-11T08:18:55.722+0000: 22.995: [Tenured: 16136K->44381K(341376K), 0.0404315 secs] 67117K->44381K(494976K), [Metaspace: 34562K->34562K(1079296K)], 0.0404995 secs] [Times: user=0.04 sys=0.00, real=0.04 secs] 
2019-06-11T08:18:58.200+0000: 25.473: [GC (Allocation Failure) 2019-06-11T08:18:58.200+0000: 25.473: [DefNew: 136576K->151K(153600K), 0.0020838 secs] 180957K->44532K(494976K), 0.0021447 secs] [Times: user=0.00 sys=0.00, real=0.00 secs] 
2019-06-11T08:19:00.644+0000: 27.917: [GC (Allocation Failure) 2019-06-11T08:19:00.644+0000: 27.917: [DefNew: 136727K->161K(153600K), 0.0017768 secs] 181108K->44543K(494976K), 0.0018325 secs] [Times: user=0.00 sys=0.00, real=0.01 secs] 
2019-06-11T08:19:03.071+0000: 30.344: [GC (Allocation Failure) 2019-06-11T08:19:03.071+0000: 30.344: [DefNew: 136737K->171K(153600K), 0.0018032 secs] 181119K->44552K(494976K), 0.0018618 secs] [Times: user=0.00 sys=0.00, real=0.00 secs] 
2019-06-11T08:19:05.524+0000: 32.799: [GC (Allocation Failure) 2019-06-11T08:19:05.526+0000: 32.799: [DefNew: 136747K->169K(153600K), 0.0018740 secs] 181128K->44550K(494976K), 0.0029824 secs] [Times: user=0.00 sys=0.00, real=0.01 secs] 
2019-06-11T08:19:07.977+0000: 35.251: [GC (Allocation Failure) 2019-06-11T08:19:07.977+0000: 35.251: [DefNew: 136745K->170K(153600K), 0.0018066 secs] 181126K->44551K(494976K), 0.0018662 secs] [Times: user=0.00 sys=0.00, real=0.00 secs] 
2019-06-11T08:19:10.413+0000: 37.687: [GC (Allocation Failure) 2019-06-11T08:19:10.413+0000: 37.687: [DefNew: 136746K->171K(153600K), 0.0018440 secs] 181127K->44552K(494976K), 0.0019268 secs] [Times: user=0.00 sys=0.00, real=0.00 secs] 
2019-06-11T08:19:12.822+0000: 40.095: [GC (Allocation Failure) 2019-06-11T08:19:12.822+0000: 40.095: [DefNew: 136747K->166K(153600K), 0.0018050 secs] 181128K->44547K(494976K), 0.0018650 secs] [Times: user=0.00 sys=0.00, real=0.00 secs] 
2019-06-11T08:19:15.248+0000: 42.521: [GC (Allocation Failure) 2019-06-11T08:19:15.248+0000: 42.521: [DefNew: 136742K->168K(153600K), 0.0018849 secs] 181123K->44549K(494976K), 0.0019469 secs] [Times: user=0.00 sys=0.00, real=0.00 secs] 
08:19:21.785 [Curator-PathChildrenCache-0] ERROR o.a.c.f.r.c.PathChildrenCache  - 
java.lang.IllegalStateException: instance must be started before calling this method
	at org.apache.curator.shaded.com.google.common.base.Preconditions.checkState(Preconditions.java:444)
	at org.apache.curator.framework.imps.CuratorFrameworkImpl.getChildren(CuratorFrameworkImpl.java:456)
	at org.apache.curator.framework.recipes.cache.PathChildrenCache.refresh(PathChildrenCache.java:521)
	at org.apache.curator.framework.recipes.cache.RefreshOperation.invoke(RefreshOperation.java:35)
	at org.apache.curator.framework.recipes.cache.PathChildrenCache$9.run(PathChildrenCache.java:786)
	at java.util.concurrent.Executors$RunnableAdapter.call(Executors.java:511)
	at java.util.concurrent.FutureTask.run(FutureTask.java:266)
	at java.util.concurrent.Executors$RunnableAdapter.call(Executors.java:511)
	at java.util.concurrent.FutureTask.run(FutureTask.java:266)
	at java.util.concurrent.ThreadPoolExecutor.runWorker(ThreadPoolExecutor.java:1149)
	at java.util.concurrent.ThreadPoolExecutor$Worker.run(ThreadPoolExecutor.java:624)
	at java.lang.Thread.run(Thread.java:748)
Heap
 def new generation   total 153600K, used 83415K [0x00000000e0c00000, 0x00000000eb2a0000, 0x00000000eb2a0000)
  eden space 136576K,  60% used [0x00000000e0c00000, 0x00000000e5d4bb90, 0x00000000e9160000)
  from space 17024K,   0% used [0x00000000ea200000, 0x00000000ea22a1e8, 0x00000000eb2a0000)
  to   space 17024K,   0% used [0x00000000e9160000, 0x00000000e9160000, 0x00000000ea200000)
 tenured generation   total 341376K, used 44381K [0x00000000eb2a0000, 0x0000000100000000, 0x0000000100000000)
   the space 341376K,  13% used [0x00000000eb2a0000, 0x00000000eddf7508, 0x00000000eddf7600, 0x0000000100000000)
 Metaspace       used 35893K, capacity 36860K, committed 37120K, reserved 1081344K
  class space    used 4857K, capacity 5058K, committed 5120K, reserved 1048576K
