15:36:54,966 |-INFO in ch.qos.logback.classic.LoggerContext[default] - Could NOT find resource [logback-test.xml]
15:36:54,968 |-INFO in ch.qos.logback.classic.LoggerContext[default] - Could NOT find resource [logback.groovy]
15:36:54,969 |-INFO in ch.qos.logback.classic.LoggerContext[default] - Found resource [logback.xml] at [jar:file:/root/flamestream/lib/flamestream-runtime-1.0-SNAPSHOT.jar!/logback.xml]
15:36:54,970 |-WARN in ch.qos.logback.classic.LoggerContext[default] - Resource [logback.xml] occurs multiple times on the classpath.
15:36:54,970 |-WARN in ch.qos.logback.classic.LoggerContext[default] - Resource [logback.xml] occurs at [jar:file:/root/flamestream/lib/flamestream-runtime-1.0-SNAPSHOT.jar!/logback.xml]
15:36:54,970 |-WARN in ch.qos.logback.classic.LoggerContext[default] - Resource [logback.xml] occurs at [jar:file:/root/flamestream/flamestream-runtime-1.0-SNAPSHOT.jar!/logback.xml]
15:36:54,989 |-INFO in ch.qos.logback.core.joran.spi.ConfigurationWatchList@3fb6a447 - URL [jar:file:/root/flamestream/lib/flamestream-runtime-1.0-SNAPSHOT.jar!/logback.xml] is not of type file
15:36:55,058 |-INFO in ch.qos.logback.classic.joran.action.ConfigurationAction - debug attribute not set
15:36:55,059 |-INFO in ch.qos.logback.core.joran.action.AppenderAction - About to instantiate appender of type [ch.qos.logback.core.ConsoleAppender]
15:36:55,075 |-INFO in ch.qos.logback.core.joran.action.AppenderAction - Naming appender as [STDOUT]
15:36:55,091 |-INFO in ch.qos.logback.core.joran.action.NestedComplexPropertyIA - Assuming default type [ch.qos.logback.classic.encoder.PatternLayoutEncoder] for [encoder] property
15:36:55,182 |-INFO in ch.qos.logback.core.joran.action.AppenderAction - About to instantiate appender of type [ch.qos.logback.core.rolling.RollingFileAppender]
15:36:55,187 |-INFO in ch.qos.logback.core.joran.action.AppenderAction - Naming appender as [FILE]
15:36:55,217 |-INFO in c.q.l.core.rolling.TimeBasedRollingPolicy@127618319 - No compression will be used
15:36:55,219 |-INFO in c.q.l.core.rolling.TimeBasedRollingPolicy@127618319 - Will use the pattern /tmp/application_%d{yyyy-MM-dd}.%i.log for the active file
15:36:55,221 |-INFO in ch.qos.logback.core.rolling.SizeAndTimeBasedFNATP@6b2fad11 - The date pattern is 'yyyy-MM-dd' from file name pattern '/tmp/application_%d{yyyy-MM-dd}.%i.log'.
15:36:55,221 |-INFO in ch.qos.logback.core.rolling.SizeAndTimeBasedFNATP@6b2fad11 - Roll-over at midnight.
15:36:55,227 |-INFO in ch.qos.logback.core.rolling.SizeAndTimeBasedFNATP@6b2fad11 - Setting initial period to Mon Jun 10 15:35:35 UTC 2019
15:36:55,227 |-WARN in ch.qos.logback.core.rolling.SizeAndTimeBasedFNATP@6b2fad11 - SizeAndTimeBasedFNATP is deprecated. Use SizeAndTimeBasedRollingPolicy instead
15:36:55,227 |-WARN in ch.qos.logback.core.rolling.SizeAndTimeBasedFNATP@6b2fad11 - For more information see http://logback.qos.ch/manual/appenders.html#SizeAndTimeBasedRollingPolicy
15:36:55,231 |-INFO in ch.qos.logback.core.joran.action.NestedComplexPropertyIA - Assuming default type [ch.qos.logback.classic.encoder.PatternLayoutEncoder] for [encoder] property
15:36:55,235 |-INFO in ch.qos.logback.core.rolling.RollingFileAppender[FILE] - Active log file name: /tmp/application.log
15:36:55,235 |-INFO in ch.qos.logback.core.rolling.RollingFileAppender[FILE] - File property is set to [/tmp/application.log]
15:36:55,236 |-INFO in ch.qos.logback.classic.joran.action.RootLoggerAction - Setting level of ROOT logger to WARN
15:36:55,236 |-INFO in ch.qos.logback.core.joran.action.AppenderRefAction - Attaching appender named [STDOUT] to Logger[ROOT]
15:36:55,238 |-INFO in ch.qos.logback.core.joran.action.AppenderRefAction - Attaching appender named [FILE] to Logger[ROOT]
15:36:55,238 |-INFO in ch.qos.logback.classic.joran.action.ConfigurationAction - End of configuration.
15:36:55,239 |-INFO in ch.qos.logback.classic.joran.JoranConfigurator@79698539 - Registering current configuration as safe fallback point

Ama winner
Ama winner
2019-06-10T15:36:56.497+0000: 1.713: [Full GC (Metadata GC Threshold) 2019-06-10T15:36:56.497+0000: 1.714: [Tenured: 0K->15240K(341376K), 0.0396756 secs] 117750K->15240K(494976K), [Metaspace: 20735K->20735K(1067008K)], 0.0397433 secs] [Times: user=0.04 sys=0.00, real=0.04 secs] 
15:37:08.658 [Curator-PathChildrenCache-1] WARN  o.a.c.u.ZKPaths  - The version of ZooKeeper being used doesn't support Container nodes. CreateMode.PERSISTENT will be used instead.
2019-06-10T15:37:10.889+0000: 16.105: [GC (Allocation Failure) 2019-06-10T15:37:10.889+0000: 16.105: [DefNew: 136576K->17023K(153600K), 0.0266900 secs] 151816K->52954K(494976K), 0.0267688 secs] [Times: user=0.02 sys=0.01, real=0.03 secs] 
2019-06-10T15:37:12.716+0000: 17.933: [Full GC (Metadata GC Threshold) 2019-06-10T15:37:12.717+0000: 17.933: [Tenured: 35930K->44739K(341376K), 0.0477775 secs] 86760K->44739K(494976K), [Metaspace: 34612K->34612K(1079296K)], 0.0478541 secs] [Times: user=0.04 sys=0.01, real=0.05 secs] 
2019-06-10T15:37:19.620+0000: 24.836: [GC (Allocation Failure) 2019-06-10T15:37:19.620+0000: 24.836: [DefNew: 136576K->99K(153600K), 0.0018462 secs] 181315K->44838K(494976K), 0.0019040 secs] [Times: user=0.00 sys=0.00, real=0.01 secs] 
2019-06-10T15:37:26.565+0000: 31.781: [GC (Allocation Failure) 2019-06-10T15:37:26.565+0000: 31.781: [DefNew: 136675K->99K(153600K), 0.0017491 secs] 181414K->44839K(494976K), 0.0018084 secs] [Times: user=0.01 sys=0.00, real=0.00 secs] 
2019-06-10T15:37:33.495+0000: 38.711: [GC (Allocation Failure) 2019-06-10T15:37:33.495+0000: 38.711: [DefNew: 136675K->99K(153600K), 0.0017826 secs] 181415K->44838K(494976K), 0.0018439 secs] [Times: user=0.00 sys=0.00, real=0.00 secs] 
2019-06-10T15:37:40.399+0000: 45.615: [GC (Allocation Failure) 2019-06-10T15:37:40.399+0000: 45.615: [DefNew: 136675K->133K(153600K), 0.0017996 secs] 181414K->44873K(494976K), 0.0018566 secs] [Times: user=0.00 sys=0.00, real=0.00 secs] 
2019-06-10T15:37:47.388+0000: 52.604: [GC (Allocation Failure) 2019-06-10T15:37:47.388+0000: 52.604: [DefNew: 136709K->131K(153600K), 0.0017745 secs] 181449K->44871K(494976K), 0.0018340 secs] [Times: user=0.01 sys=0.00, real=0.01 secs] 
15:37:57.082 [Curator-PathChildrenCache-0] ERROR o.a.c.f.r.c.PathChildrenCache  - 
java.lang.IllegalStateException: instance must be started before calling this method
	at org.apache.curator.shaded.com.google.common.base.Preconditions.checkState(Preconditions.java:444)
	at org.apache.curator.framework.imps.CuratorFrameworkImpl.getChildren(CuratorFrameworkImpl.java:456)
	at org.apache.curator.framework.recipes.cache.PathChildrenCache.refresh(PathChildrenCache.java:521)
	at org.apache.curator.framework.recipes.cache.RefreshOperation.invoke(RefreshOperation.java:35)
	at org.apache.curator.framework.recipes.cache.PathChildrenCache$9.run(PathChildrenCache.java:786)
	at java.util.concurrent.Executors$RunnableAdapter.call(Executors.java:511)
	at java.util.concurrent.FutureTask.run(FutureTask.java:266)
	at java.util.concurrent.Executors$RunnableAdapter.call(Executors.java:511)
	at java.util.concurrent.FutureTask.run(FutureTask.java:266)
	at java.util.concurrent.ThreadPoolExecutor.runWorker(ThreadPoolExecutor.java:1149)
	at java.util.concurrent.ThreadPoolExecutor$Worker.run(ThreadPoolExecutor.java:624)
	at java.lang.Thread.run(Thread.java:748)
Heap
 def new generation   total 153600K, used 75569K [0x00000000e0c00000, 0x00000000eb2a0000, 0x00000000eb2a0000)
  eden space 136576K,  55% used [0x00000000e0c00000, 0x00000000e55ab538, 0x00000000e9160000)
  from space 17024K,   0% used [0x00000000e9160000, 0x00000000e9180fb0, 0x00000000ea200000)
  to   space 17024K,   0% used [0x00000000ea200000, 0x00000000ea200000, 0x00000000eb2a0000)
 tenured generation   total 341376K, used 44739K [0x00000000eb2a0000, 0x0000000100000000, 0x0000000100000000)
   the space 341376K,  13% used [0x00000000eb2a0000, 0x00000000ede50d98, 0x00000000ede50e00, 0x0000000100000000)
 Metaspace       used 36103K, capacity 36996K, committed 37120K, reserved 1081344K
  class space    used 4869K, capacity 5074K, committed 5120K, reserved 1048576K
