08:07:47,507 |-INFO in ch.qos.logback.classic.LoggerContext[default] - Could NOT find resource [logback-test.xml]
08:07:47,508 |-INFO in ch.qos.logback.classic.LoggerContext[default] - Could NOT find resource [logback.groovy]
08:07:47,508 |-INFO in ch.qos.logback.classic.LoggerContext[default] - Found resource [logback.xml] at [jar:file:/root/flamestream/lib/flamestream-runtime-1.0-SNAPSHOT.jar!/logback.xml]
08:07:47,509 |-WARN in ch.qos.logback.classic.LoggerContext[default] - Resource [logback.xml] occurs multiple times on the classpath.
08:07:47,509 |-WARN in ch.qos.logback.classic.LoggerContext[default] - Resource [logback.xml] occurs at [jar:file:/root/flamestream/lib/flamestream-runtime-1.0-SNAPSHOT.jar!/logback.xml]
08:07:47,509 |-WARN in ch.qos.logback.classic.LoggerContext[default] - Resource [logback.xml] occurs at [jar:file:/root/flamestream/flamestream-runtime-1.0-SNAPSHOT.jar!/logback.xml]
08:07:47,528 |-INFO in ch.qos.logback.core.joran.spi.ConfigurationWatchList@3fb6a447 - URL [jar:file:/root/flamestream/lib/flamestream-runtime-1.0-SNAPSHOT.jar!/logback.xml] is not of type file
08:07:47,594 |-INFO in ch.qos.logback.classic.joran.action.ConfigurationAction - debug attribute not set
08:07:47,595 |-INFO in ch.qos.logback.core.joran.action.AppenderAction - About to instantiate appender of type [ch.qos.logback.core.ConsoleAppender]
08:07:47,611 |-INFO in ch.qos.logback.core.joran.action.AppenderAction - Naming appender as [STDOUT]
08:07:47,629 |-INFO in ch.qos.logback.core.joran.action.NestedComplexPropertyIA - Assuming default type [ch.qos.logback.classic.encoder.PatternLayoutEncoder] for [encoder] property
08:07:47,716 |-INFO in ch.qos.logback.core.joran.action.AppenderAction - About to instantiate appender of type [ch.qos.logback.core.rolling.RollingFileAppender]
08:07:47,723 |-INFO in ch.qos.logback.core.joran.action.AppenderAction - Naming appender as [FILE]
08:07:47,752 |-INFO in c.q.l.core.rolling.TimeBasedRollingPolicy@127618319 - No compression will be used
08:07:47,754 |-INFO in c.q.l.core.rolling.TimeBasedRollingPolicy@127618319 - Will use the pattern /tmp/application_%d{yyyy-MM-dd}.%i.log for the active file
08:07:47,757 |-INFO in ch.qos.logback.core.rolling.SizeAndTimeBasedFNATP@6b2fad11 - The date pattern is 'yyyy-MM-dd' from file name pattern '/tmp/application_%d{yyyy-MM-dd}.%i.log'.
08:07:47,757 |-INFO in ch.qos.logback.core.rolling.SizeAndTimeBasedFNATP@6b2fad11 - Roll-over at midnight.
08:07:47,762 |-INFO in ch.qos.logback.core.rolling.SizeAndTimeBasedFNATP@6b2fad11 - Setting initial period to Tue Jun 11 08:06:20 UTC 2019
08:07:47,762 |-WARN in ch.qos.logback.core.rolling.SizeAndTimeBasedFNATP@6b2fad11 - SizeAndTimeBasedFNATP is deprecated. Use SizeAndTimeBasedRollingPolicy instead
08:07:47,762 |-WARN in ch.qos.logback.core.rolling.SizeAndTimeBasedFNATP@6b2fad11 - For more information see http://logback.qos.ch/manual/appenders.html#SizeAndTimeBasedRollingPolicy
08:07:47,766 |-INFO in ch.qos.logback.core.joran.action.NestedComplexPropertyIA - Assuming default type [ch.qos.logback.classic.encoder.PatternLayoutEncoder] for [encoder] property
08:07:47,770 |-INFO in ch.qos.logback.core.rolling.RollingFileAppender[FILE] - Active log file name: /tmp/application.log
08:07:47,770 |-INFO in ch.qos.logback.core.rolling.RollingFileAppender[FILE] - File property is set to [/tmp/application.log]
08:07:47,771 |-INFO in ch.qos.logback.classic.joran.action.RootLoggerAction - Setting level of ROOT logger to WARN
08:07:47,771 |-INFO in ch.qos.logback.core.joran.action.AppenderRefAction - Attaching appender named [STDOUT] to Logger[ROOT]
08:07:47,773 |-INFO in ch.qos.logback.core.joran.action.AppenderRefAction - Attaching appender named [FILE] to Logger[ROOT]
08:07:47,773 |-INFO in ch.qos.logback.classic.joran.action.ConfigurationAction - End of configuration.
08:07:47,774 |-INFO in ch.qos.logback.classic.joran.JoranConfigurator@79698539 - Registering current configuration as safe fallback point

Ama winner
Ama winner
2019-06-11T08:07:49.084+0000: 1.759: [Full GC (Metadata GC Threshold) 2019-06-11T08:07:49.084+0000: 1.759: [Tenured: 0K->15240K(341376K), 0.0397431 secs] 117750K->15240K(494976K), [Metaspace: 20728K->20728K(1067008K)], 0.0398335 secs] [Times: user=0.03 sys=0.01, real=0.04 secs] 
08:08:05.828 [Curator-PathChildrenCache-1] WARN  o.a.c.u.ZKPaths  - The version of ZooKeeper being used doesn't support Container nodes. CreateMode.PERSISTENT will be used instead.
2019-06-11T08:08:08.272+0000: 20.947: [GC (Allocation Failure) 2019-06-11T08:08:08.272+0000: 20.947: [DefNew: 119995K->17024K(153600K), 0.0213657 secs] 135236K->33005K(494976K), 0.0214379 secs] [Times: user=0.02 sys=0.01, real=0.02 secs] 
2019-06-11T08:08:14.224+0000: 26.899: [GC (Allocation Failure) 2019-06-11T08:08:14.225+0000: 26.899: [DefNew: 153600K->428K(153600K), 0.0165981 secs] 169581K->44039K(494976K), 0.0166644 secs] [Times: user=0.01 sys=0.01, real=0.01 secs] 
2019-06-11T08:08:21.488+0000: 34.163: [GC (Allocation Failure) 2019-06-11T08:08:21.488+0000: 34.163: [DefNew: 137004K->432K(153600K), 0.0029144 secs] 180615K->44042K(494976K), 0.0029855 secs] [Times: user=0.00 sys=0.00, real=0.00 secs] 
2019-06-11T08:08:24.094+0000: 36.769: [Full GC (Metadata GC Threshold) 2019-06-11T08:08:24.094+0000: 36.769: [Tenured: 43610K->44041K(341376K), 0.0418349 secs] 96264K->44041K(494976K), [Metaspace: 34647K->34647K(1079296K)], 0.0419202 secs] [Times: user=0.05 sys=0.00, real=0.04 secs] 
2019-06-11T08:08:31.386+0000: 44.061: [GC (Allocation Failure) 2019-06-11T08:08:31.386+0000: 44.061: [DefNew: 136576K->49K(153600K), 0.0016597 secs] 180617K->44090K(494976K), 0.0017230 secs] [Times: user=0.00 sys=0.00, real=0.00 secs] 
2019-06-11T08:08:38.749+0000: 51.423: [GC (Allocation Failure) 2019-06-11T08:08:38.749+0000: 51.423: [DefNew: 136625K->53K(153600K), 0.0015915 secs] 180666K->44094K(494976K), 0.0016495 secs] [Times: user=0.00 sys=0.00, real=0.00 secs] 
2019-06-11T08:08:46.131+0000: 58.806: [GC (Allocation Failure) 2019-06-11T08:08:46.131+0000: 58.806: [DefNew: 136629K->51K(153600K), 0.0016562 secs] 180670K->44092K(494976K), 0.0017284 secs] [Times: user=0.00 sys=0.00, real=0.00 secs] 
08:09:00.656 [Curator-PathChildrenCache-0] ERROR o.a.c.f.r.c.PathChildrenCache  - 
java.lang.IllegalStateException: instance must be started before calling this method
	at org.apache.curator.shaded.com.google.common.base.Preconditions.checkState(Preconditions.java:444)
	at org.apache.curator.framework.imps.CuratorFrameworkImpl.getChildren(CuratorFrameworkImpl.java:456)
	at org.apache.curator.framework.recipes.cache.PathChildrenCache.refresh(PathChildrenCache.java:521)
	at org.apache.curator.framework.recipes.cache.RefreshOperation.invoke(RefreshOperation.java:35)
	at org.apache.curator.framework.recipes.cache.PathChildrenCache$9.run(PathChildrenCache.java:786)
	at java.util.concurrent.Executors$RunnableAdapter.call(Executors.java:511)
	at java.util.concurrent.FutureTask.run(FutureTask.java:266)
	at java.util.concurrent.Executors$RunnableAdapter.call(Executors.java:511)
	at java.util.concurrent.FutureTask.run(FutureTask.java:266)
	at java.util.concurrent.ThreadPoolExecutor.runWorker(ThreadPoolExecutor.java:1149)
	at java.util.concurrent.ThreadPoolExecutor$Worker.run(ThreadPoolExecutor.java:624)
	at java.lang.Thread.run(Thread.java:748)
Heap
 def new generation   total 153600K, used 105824K [0x00000000e0c00000, 0x00000000eb2a0000, 0x00000000eb2a0000)
  eden space 136576K,  77% used [0x00000000e0c00000, 0x00000000e734b6f0, 0x00000000e9160000)
  from space 17024K,   0% used [0x00000000e9160000, 0x00000000e916ccc0, 0x00000000ea200000)
  to   space 17024K,   0% used [0x00000000ea200000, 0x00000000ea200000, 0x00000000eb2a0000)
 tenured generation   total 341376K, used 44041K [0x00000000eb2a0000, 0x0000000100000000, 0x0000000100000000)
   the space 341376K,  12% used [0x00000000eb2a0000, 0x00000000edda24c0, 0x00000000edda2600, 0x0000000100000000)
 Metaspace       used 35968K, capacity 36858K, committed 37120K, reserved 1081344K
  class space    used 4870K, capacity 5073K, committed 5120K, reserved 1048576K
