08:29:42,444 |-INFO in ch.qos.logback.classic.LoggerContext[default] - Could NOT find resource [logback-test.xml]
08:29:42,444 |-INFO in ch.qos.logback.classic.LoggerContext[default] - Could NOT find resource [logback.groovy]
08:29:42,445 |-INFO in ch.qos.logback.classic.LoggerContext[default] - Found resource [logback.xml] at [jar:file:/root/flamestream/lib/flamestream-runtime-1.0-SNAPSHOT.jar!/logback.xml]
08:29:42,445 |-WARN in ch.qos.logback.classic.LoggerContext[default] - Resource [logback.xml] occurs multiple times on the classpath.
08:29:42,446 |-WARN in ch.qos.logback.classic.LoggerContext[default] - Resource [logback.xml] occurs at [jar:file:/root/flamestream/lib/flamestream-runtime-1.0-SNAPSHOT.jar!/logback.xml]
08:29:42,446 |-WARN in ch.qos.logback.classic.LoggerContext[default] - Resource [logback.xml] occurs at [jar:file:/root/flamestream/flamestream-runtime-1.0-SNAPSHOT.jar!/logback.xml]
08:29:42,466 |-INFO in ch.qos.logback.core.joran.spi.ConfigurationWatchList@3fb6a447 - URL [jar:file:/root/flamestream/lib/flamestream-runtime-1.0-SNAPSHOT.jar!/logback.xml] is not of type file
08:29:42,538 |-INFO in ch.qos.logback.classic.joran.action.ConfigurationAction - debug attribute not set
08:29:42,538 |-INFO in ch.qos.logback.core.joran.action.AppenderAction - About to instantiate appender of type [ch.qos.logback.core.ConsoleAppender]
08:29:42,558 |-INFO in ch.qos.logback.core.joran.action.AppenderAction - Naming appender as [STDOUT]
08:29:42,571 |-INFO in ch.qos.logback.core.joran.action.NestedComplexPropertyIA - Assuming default type [ch.qos.logback.classic.encoder.PatternLayoutEncoder] for [encoder] property
08:29:42,660 |-INFO in ch.qos.logback.core.joran.action.AppenderAction - About to instantiate appender of type [ch.qos.logback.core.rolling.RollingFileAppender]
08:29:42,664 |-INFO in ch.qos.logback.core.joran.action.AppenderAction - Naming appender as [FILE]
08:29:42,696 |-INFO in c.q.l.core.rolling.TimeBasedRollingPolicy@127618319 - No compression will be used
08:29:42,698 |-INFO in c.q.l.core.rolling.TimeBasedRollingPolicy@127618319 - Will use the pattern /tmp/application_%d{yyyy-MM-dd}.%i.log for the active file
08:29:42,700 |-INFO in ch.qos.logback.core.rolling.SizeAndTimeBasedFNATP@6b2fad11 - The date pattern is 'yyyy-MM-dd' from file name pattern '/tmp/application_%d{yyyy-MM-dd}.%i.log'.
08:29:42,700 |-INFO in ch.qos.logback.core.rolling.SizeAndTimeBasedFNATP@6b2fad11 - Roll-over at midnight.
08:29:42,706 |-INFO in ch.qos.logback.core.rolling.SizeAndTimeBasedFNATP@6b2fad11 - Setting initial period to Tue Jun 11 08:28:18 UTC 2019
08:29:42,706 |-WARN in ch.qos.logback.core.rolling.SizeAndTimeBasedFNATP@6b2fad11 - SizeAndTimeBasedFNATP is deprecated. Use SizeAndTimeBasedRollingPolicy instead
08:29:42,706 |-WARN in ch.qos.logback.core.rolling.SizeAndTimeBasedFNATP@6b2fad11 - For more information see http://logback.qos.ch/manual/appenders.html#SizeAndTimeBasedRollingPolicy
08:29:42,710 |-INFO in ch.qos.logback.core.joran.action.NestedComplexPropertyIA - Assuming default type [ch.qos.logback.classic.encoder.PatternLayoutEncoder] for [encoder] property
08:29:42,714 |-INFO in ch.qos.logback.core.rolling.RollingFileAppender[FILE] - Active log file name: /tmp/application.log
08:29:42,714 |-INFO in ch.qos.logback.core.rolling.RollingFileAppender[FILE] - File property is set to [/tmp/application.log]
08:29:42,715 |-INFO in ch.qos.logback.classic.joran.action.RootLoggerAction - Setting level of ROOT logger to WARN
08:29:42,715 |-INFO in ch.qos.logback.core.joran.action.AppenderRefAction - Attaching appender named [STDOUT] to Logger[ROOT]
08:29:42,717 |-INFO in ch.qos.logback.core.joran.action.AppenderRefAction - Attaching appender named [FILE] to Logger[ROOT]
08:29:42,717 |-INFO in ch.qos.logback.classic.joran.action.ConfigurationAction - End of configuration.
08:29:42,718 |-INFO in ch.qos.logback.classic.joran.JoranConfigurator@79698539 - Registering current configuration as safe fallback point

Ama winner
Ama winner
2019-06-11T08:29:44.028+0000: 1.768: [Full GC (Metadata GC Threshold) 2019-06-11T08:29:44.028+0000: 1.768: [Tenured: 0K->15240K(341376K), 0.0428433 secs] 117750K->15240K(494976K), [Metaspace: 20726K->20726K(1067008K)], 0.0429266 secs] [Times: user=0.05 sys=0.00, real=0.04 secs] 
08:30:02.256 [Curator-PathChildrenCache-1] WARN  o.a.c.u.ZKPaths  - The version of ZooKeeper being used doesn't support Container nodes. CreateMode.PERSISTENT will be used instead.
2019-06-11T08:30:04.603+0000: 22.343: [GC (Allocation Failure) 2019-06-11T08:30:04.603+0000: 22.343: [DefNew: 136576K->17023K(153600K), 0.0260825 secs] 151816K->52645K(494976K), 0.0261538 secs] [Times: user=0.02 sys=0.00, real=0.03 secs] 
2019-06-11T08:30:07.171+0000: 24.911: [Full GC (Metadata GC Threshold) 2019-06-11T08:30:07.171+0000: 24.911: [Tenured: 35621K->44051K(341376K), 0.0544771 secs] 107047K->44051K(494976K), [Metaspace: 34563K->34563K(1079296K)], 0.0545565 secs] [Times: user=0.04 sys=0.01, real=0.06 secs] 
2019-06-11T08:30:14.352+0000: 32.092: [GC (Allocation Failure) 2019-06-11T08:30:14.352+0000: 32.092: [DefNew: 136576K->90K(153600K), 0.0017794 secs] 180627K->44141K(494976K), 0.0018436 secs] [Times: user=0.00 sys=0.00, real=0.01 secs] 
2019-06-11T08:30:21.750+0000: 39.490: [GC (Allocation Failure) 2019-06-11T08:30:21.750+0000: 39.490: [DefNew: 136666K->125K(153600K), 0.0016520 secs] 180717K->44176K(494976K), 0.0017139 secs] [Times: user=0.00 sys=0.00, real=0.00 secs] 
2019-06-11T08:30:29.232+0000: 46.972: [GC (Allocation Failure) 2019-06-11T08:30:29.232+0000: 46.972: [DefNew: 136701K->152K(153600K), 0.0016093 secs] 180752K->44203K(494976K), 0.0016680 secs] [Times: user=0.00 sys=0.00, real=0.01 secs] 
2019-06-11T08:30:36.783+0000: 54.523: [GC (Allocation Failure) 2019-06-11T08:30:36.783+0000: 54.523: [DefNew: 136728K->153K(153600K), 0.0017399 secs] 180779K->44204K(494976K), 0.0017979 secs] [Times: user=0.00 sys=0.00, real=0.00 secs] 
2019-06-11T08:30:44.247+0000: 61.987: [GC (Allocation Failure) 2019-06-11T08:30:44.247+0000: 61.987: [DefNew: 136729K->374K(153600K), 0.0022252 secs] 180780K->44425K(494976K), 0.0022835 secs] [Times: user=0.00 sys=0.00, real=0.00 secs] 
08:30:51.336 [Curator-PathChildrenCache-0] ERROR o.a.c.f.r.c.PathChildrenCache  - 
java.lang.IllegalStateException: instance must be started before calling this method
	at org.apache.curator.shaded.com.google.common.base.Preconditions.checkState(Preconditions.java:444)
	at org.apache.curator.framework.imps.CuratorFrameworkImpl.getChildren(CuratorFrameworkImpl.java:456)
	at org.apache.curator.framework.recipes.cache.PathChildrenCache.refresh(PathChildrenCache.java:521)
	at org.apache.curator.framework.recipes.cache.RefreshOperation.invoke(RefreshOperation.java:35)
	at org.apache.curator.framework.recipes.cache.PathChildrenCache$9.run(PathChildrenCache.java:786)
	at java.util.concurrent.Executors$RunnableAdapter.call(Executors.java:511)
	at java.util.concurrent.FutureTask.run(FutureTask.java:266)
	at java.util.concurrent.Executors$RunnableAdapter.call(Executors.java:511)
	at java.util.concurrent.FutureTask.run(FutureTask.java:266)
	at java.util.concurrent.ThreadPoolExecutor.runWorker(ThreadPoolExecutor.java:1149)
	at java.util.concurrent.ThreadPoolExecutor$Worker.run(ThreadPoolExecutor.java:624)
	at java.lang.Thread.run(Thread.java:748)
Heap
 def new generation   total 153600K, used 57378K [0x00000000e0c00000, 0x00000000eb2a0000, 0x00000000eb2a0000)
  eden space 136576K,  41% used [0x00000000e0c00000, 0x00000000e43ab2e0, 0x00000000e9160000)
  from space 17024K,   2% used [0x00000000e9160000, 0x00000000e91bd898, 0x00000000ea200000)
  to   space 17024K,   0% used [0x00000000ea200000, 0x00000000ea200000, 0x00000000eb2a0000)
 tenured generation   total 341376K, used 44051K [0x00000000eb2a0000, 0x0000000100000000, 0x0000000100000000)
   the space 341376K,  12% used [0x00000000eb2a0000, 0x00000000edda4c98, 0x00000000edda4e00, 0x0000000100000000)
 Metaspace       used 36007K, capacity 36924K, committed 37120K, reserved 1081344K
  class space    used 4873K, capacity 5084K, committed 5120K, reserved 1048576K
