08:20:39,008 |-INFO in ch.qos.logback.classic.LoggerContext[default] - Could NOT find resource [logback-test.xml]
08:20:39,008 |-INFO in ch.qos.logback.classic.LoggerContext[default] - Could NOT find resource [logback.groovy]
08:20:39,009 |-INFO in ch.qos.logback.classic.LoggerContext[default] - Found resource [logback.xml] at [jar:file:/root/flamestream/lib/flamestream-runtime-1.0-SNAPSHOT.jar!/logback.xml]
08:20:39,009 |-WARN in ch.qos.logback.classic.LoggerContext[default] - Resource [logback.xml] occurs multiple times on the classpath.
08:20:39,012 |-WARN in ch.qos.logback.classic.LoggerContext[default] - Resource [logback.xml] occurs at [jar:file:/root/flamestream/lib/flamestream-runtime-1.0-SNAPSHOT.jar!/logback.xml]
08:20:39,012 |-WARN in ch.qos.logback.classic.LoggerContext[default] - Resource [logback.xml] occurs at [jar:file:/root/flamestream/flamestream-runtime-1.0-SNAPSHOT.jar!/logback.xml]
08:20:39,032 |-INFO in ch.qos.logback.core.joran.spi.ConfigurationWatchList@3fb6a447 - URL [jar:file:/root/flamestream/lib/flamestream-runtime-1.0-SNAPSHOT.jar!/logback.xml] is not of type file
08:20:39,108 |-INFO in ch.qos.logback.classic.joran.action.ConfigurationAction - debug attribute not set
08:20:39,108 |-INFO in ch.qos.logback.core.joran.action.AppenderAction - About to instantiate appender of type [ch.qos.logback.core.ConsoleAppender]
08:20:39,124 |-INFO in ch.qos.logback.core.joran.action.AppenderAction - Naming appender as [STDOUT]
08:20:39,141 |-INFO in ch.qos.logback.core.joran.action.NestedComplexPropertyIA - Assuming default type [ch.qos.logback.classic.encoder.PatternLayoutEncoder] for [encoder] property
08:20:39,238 |-INFO in ch.qos.logback.core.joran.action.AppenderAction - About to instantiate appender of type [ch.qos.logback.core.rolling.RollingFileAppender]
08:20:39,243 |-INFO in ch.qos.logback.core.joran.action.AppenderAction - Naming appender as [FILE]
08:20:39,272 |-INFO in c.q.l.core.rolling.TimeBasedRollingPolicy@127618319 - No compression will be used
08:20:39,274 |-INFO in c.q.l.core.rolling.TimeBasedRollingPolicy@127618319 - Will use the pattern /tmp/application_%d{yyyy-MM-dd}.%i.log for the active file
08:20:39,276 |-INFO in ch.qos.logback.core.rolling.SizeAndTimeBasedFNATP@6b2fad11 - The date pattern is 'yyyy-MM-dd' from file name pattern '/tmp/application_%d{yyyy-MM-dd}.%i.log'.
08:20:39,277 |-INFO in ch.qos.logback.core.rolling.SizeAndTimeBasedFNATP@6b2fad11 - Roll-over at midnight.
08:20:39,282 |-INFO in ch.qos.logback.core.rolling.SizeAndTimeBasedFNATP@6b2fad11 - Setting initial period to Tue Jun 11 08:19:21 UTC 2019
08:20:39,282 |-WARN in ch.qos.logback.core.rolling.SizeAndTimeBasedFNATP@6b2fad11 - SizeAndTimeBasedFNATP is deprecated. Use SizeAndTimeBasedRollingPolicy instead
08:20:39,282 |-WARN in ch.qos.logback.core.rolling.SizeAndTimeBasedFNATP@6b2fad11 - For more information see http://logback.qos.ch/manual/appenders.html#SizeAndTimeBasedRollingPolicy
08:20:39,286 |-INFO in ch.qos.logback.core.joran.action.NestedComplexPropertyIA - Assuming default type [ch.qos.logback.classic.encoder.PatternLayoutEncoder] for [encoder] property
08:20:39,291 |-INFO in ch.qos.logback.core.rolling.RollingFileAppender[FILE] - Active log file name: /tmp/application.log
08:20:39,291 |-INFO in ch.qos.logback.core.rolling.RollingFileAppender[FILE] - File property is set to [/tmp/application.log]
08:20:39,291 |-INFO in ch.qos.logback.classic.joran.action.RootLoggerAction - Setting level of ROOT logger to WARN
08:20:39,292 |-INFO in ch.qos.logback.core.joran.action.AppenderRefAction - Attaching appender named [STDOUT] to Logger[ROOT]
08:20:39,293 |-INFO in ch.qos.logback.core.joran.action.AppenderRefAction - Attaching appender named [FILE] to Logger[ROOT]
08:20:39,294 |-INFO in ch.qos.logback.classic.joran.action.ConfigurationAction - End of configuration.
08:20:39,294 |-INFO in ch.qos.logback.classic.joran.JoranConfigurator@79698539 - Registering current configuration as safe fallback point

Ama winner
Ama winner
2019-06-11T08:20:40.599+0000: 1.778: [Full GC (Metadata GC Threshold) 2019-06-11T08:20:40.599+0000: 1.778: [Tenured: 0K->15159K(341376K), 0.0392435 secs] 114987K->15159K(494976K), [Metaspace: 20727K->20727K(1067008K)], 0.0393105 secs] [Times: user=0.04 sys=0.00, real=0.04 secs] 
08:20:58.805 [Curator-PathChildrenCache-1] WARN  o.a.c.u.ZKPaths  - The version of ZooKeeper being used doesn't support Container nodes. CreateMode.PERSISTENT will be used instead.
2019-06-11T08:21:01.287+0000: 22.466: [GC (Allocation Failure) 2019-06-11T08:21:01.287+0000: 22.466: [DefNew: 136576K->17024K(153600K), 0.0261760 secs] 151735K->52365K(494976K), 0.0262584 secs] [Times: user=0.01 sys=0.01, real=0.03 secs] 
2019-06-11T08:21:02.922+0000: 24.101: [Full GC (Metadata GC Threshold) 2019-06-11T08:21:02.922+0000: 24.101: [Tenured: 35341K->43724K(341376K), 0.0449057 secs] 101522K->43724K(494976K), [Metaspace: 34520K->34520K(1079296K)], 0.0449813 secs] [Times: user=0.05 sys=0.00, real=0.05 secs] 
2019-06-11T08:21:07.787+0000: 28.966: [GC (Allocation Failure) 2019-06-11T08:21:07.787+0000: 28.966: [DefNew: 136576K->63K(153600K), 0.0017489 secs] 180300K->43787K(494976K), 0.0018077 secs] [Times: user=0.00 sys=0.00, real=0.00 secs] 
2019-06-11T08:21:12.795+0000: 33.974: [GC (Allocation Failure) 2019-06-11T08:21:12.795+0000: 33.974: [DefNew: 136639K->69K(153600K), 0.0016444 secs] 180363K->43793K(494976K), 0.0017132 secs] [Times: user=0.00 sys=0.00, real=0.00 secs] 
2019-06-11T08:21:17.854+0000: 39.033: [GC (Allocation Failure) 2019-06-11T08:21:17.854+0000: 39.033: [DefNew: 136645K->65K(153600K), 0.0016347 secs] 180369K->43789K(494976K), 0.0016968 secs] [Times: user=0.00 sys=0.00, real=0.00 secs] 
2019-06-11T08:21:22.921+0000: 44.100: [GC (Allocation Failure) 2019-06-11T08:21:22.921+0000: 44.100: [DefNew: 136641K->68K(153600K), 0.0016735 secs] 180365K->43793K(494976K), 0.0017327 secs] [Times: user=0.01 sys=0.00, real=0.00 secs] 
08:21:35.425 [Curator-PathChildrenCache-0] ERROR o.a.c.f.r.c.PathChildrenCache  - 
java.lang.IllegalStateException: instance must be started before calling this method
	at org.apache.curator.shaded.com.google.common.base.Preconditions.checkState(Preconditions.java:444)
	at org.apache.curator.framework.imps.CuratorFrameworkImpl.getChildren(CuratorFrameworkImpl.java:456)
	at org.apache.curator.framework.recipes.cache.PathChildrenCache.refresh(PathChildrenCache.java:521)
	at org.apache.curator.framework.recipes.cache.RefreshOperation.invoke(RefreshOperation.java:35)
	at org.apache.curator.framework.recipes.cache.PathChildrenCache$9.run(PathChildrenCache.java:786)
	at java.util.concurrent.Executors$RunnableAdapter.call(Executors.java:511)
	at java.util.concurrent.FutureTask.run(FutureTask.java:266)
	at java.util.concurrent.Executors$RunnableAdapter.call(Executors.java:511)
	at java.util.concurrent.FutureTask.run(FutureTask.java:266)
	at java.util.concurrent.ThreadPoolExecutor.runWorker(ThreadPoolExecutor.java:1149)
	at java.util.concurrent.ThreadPoolExecutor$Worker.run(ThreadPoolExecutor.java:624)
	at java.lang.Thread.run(Thread.java:748)
2019-06-11T08:21:35.500+0000: 56.679: [GC (Allocation Failure) 2019-06-11T08:21:35.500+0000: 56.679: [DefNew: 136644K->784K(153600K), 0.0032820 secs] 180369K->44508K(494976K), 0.0033425 secs] [Times: user=0.00 sys=0.00, real=0.00 secs] 
Heap
 def new generation   total 153600K, used 9714K [0x00000000e0c00000, 0x00000000eb2a0000, 0x00000000eb2a0000)
  eden space 136576K,   6% used [0x00000000e0c00000, 0x00000000e14b89a8, 0x00000000e9160000)
  from space 17024K,   4% used [0x00000000e9160000, 0x00000000e92240c0, 0x00000000ea200000)
  to   space 17024K,   0% used [0x00000000ea200000, 0x00000000ea200000, 0x00000000eb2a0000)
 tenured generation   total 341376K, used 43724K [0x00000000eb2a0000, 0x0000000100000000, 0x0000000100000000)
   the space 341376K,  12% used [0x00000000eb2a0000, 0x00000000edd53190, 0x00000000edd53200, 0x0000000100000000)
 Metaspace       used 35643K, capacity 36570K, committed 36864K, reserved 1081344K
  class space    used 4826K, capacity 5041K, committed 5120K, reserved 1048576K
