14:53:52,361 |-INFO in ch.qos.logback.classic.LoggerContext[default] - Could NOT find resource [logback-test.xml]
14:53:52,361 |-INFO in ch.qos.logback.classic.LoggerContext[default] - Could NOT find resource [logback.groovy]
14:53:52,361 |-INFO in ch.qos.logback.classic.LoggerContext[default] - Found resource [logback.xml] at [jar:file:/root/flamestream/lib/flamestream-runtime-1.0-SNAPSHOT.jar!/logback.xml]
14:53:52,362 |-WARN in ch.qos.logback.classic.LoggerContext[default] - Resource [logback.xml] occurs multiple times on the classpath.
14:53:52,362 |-WARN in ch.qos.logback.classic.LoggerContext[default] - Resource [logback.xml] occurs at [jar:file:/root/flamestream/lib/flamestream-runtime-1.0-SNAPSHOT.jar!/logback.xml]
14:53:52,362 |-WARN in ch.qos.logback.classic.LoggerContext[default] - Resource [logback.xml] occurs at [jar:file:/root/flamestream/flamestream-runtime-1.0-SNAPSHOT.jar!/logback.xml]
14:53:52,383 |-INFO in ch.qos.logback.core.joran.spi.ConfigurationWatchList@3fb6a447 - URL [jar:file:/root/flamestream/lib/flamestream-runtime-1.0-SNAPSHOT.jar!/logback.xml] is not of type file
14:53:52,454 |-INFO in ch.qos.logback.classic.joran.action.ConfigurationAction - debug attribute not set
14:53:52,455 |-INFO in ch.qos.logback.core.joran.action.AppenderAction - About to instantiate appender of type [ch.qos.logback.core.ConsoleAppender]
14:53:52,475 |-INFO in ch.qos.logback.core.joran.action.AppenderAction - Naming appender as [STDOUT]
14:53:52,488 |-INFO in ch.qos.logback.core.joran.action.NestedComplexPropertyIA - Assuming default type [ch.qos.logback.classic.encoder.PatternLayoutEncoder] for [encoder] property
14:53:52,570 |-INFO in ch.qos.logback.core.joran.action.AppenderAction - About to instantiate appender of type [ch.qos.logback.core.rolling.RollingFileAppender]
14:53:52,579 |-INFO in ch.qos.logback.core.joran.action.AppenderAction - Naming appender as [FILE]
14:53:52,611 |-INFO in c.q.l.core.rolling.TimeBasedRollingPolicy@127618319 - No compression will be used
14:53:52,612 |-INFO in c.q.l.core.rolling.TimeBasedRollingPolicy@127618319 - Will use the pattern /tmp/application_%d{yyyy-MM-dd}.%i.log for the active file
14:53:52,615 |-INFO in ch.qos.logback.core.rolling.SizeAndTimeBasedFNATP@6b2fad11 - The date pattern is 'yyyy-MM-dd' from file name pattern '/tmp/application_%d{yyyy-MM-dd}.%i.log'.
14:53:52,615 |-INFO in ch.qos.logback.core.rolling.SizeAndTimeBasedFNATP@6b2fad11 - Roll-over at midnight.
14:53:52,620 |-INFO in ch.qos.logback.core.rolling.SizeAndTimeBasedFNATP@6b2fad11 - Setting initial period to Mon Jun 10 14:52:35 UTC 2019
14:53:52,620 |-WARN in ch.qos.logback.core.rolling.SizeAndTimeBasedFNATP@6b2fad11 - SizeAndTimeBasedFNATP is deprecated. Use SizeAndTimeBasedRollingPolicy instead
14:53:52,620 |-WARN in ch.qos.logback.core.rolling.SizeAndTimeBasedFNATP@6b2fad11 - For more information see http://logback.qos.ch/manual/appenders.html#SizeAndTimeBasedRollingPolicy
14:53:52,624 |-INFO in ch.qos.logback.core.joran.action.NestedComplexPropertyIA - Assuming default type [ch.qos.logback.classic.encoder.PatternLayoutEncoder] for [encoder] property
14:53:52,629 |-INFO in ch.qos.logback.core.rolling.RollingFileAppender[FILE] - Active log file name: /tmp/application.log
14:53:52,629 |-INFO in ch.qos.logback.core.rolling.RollingFileAppender[FILE] - File property is set to [/tmp/application.log]
14:53:52,630 |-INFO in ch.qos.logback.classic.joran.action.RootLoggerAction - Setting level of ROOT logger to WARN
14:53:52,630 |-INFO in ch.qos.logback.core.joran.action.AppenderRefAction - Attaching appender named [STDOUT] to Logger[ROOT]
14:53:52,632 |-INFO in ch.qos.logback.core.joran.action.AppenderRefAction - Attaching appender named [FILE] to Logger[ROOT]
14:53:52,632 |-INFO in ch.qos.logback.classic.joran.action.ConfigurationAction - End of configuration.
14:53:52,632 |-INFO in ch.qos.logback.classic.joran.JoranConfigurator@79698539 - Registering current configuration as safe fallback point

Ama winner
Ama winner
2019-06-10T14:53:53.949+0000: 1.771: [Full GC (Metadata GC Threshold) 2019-06-10T14:53:53.949+0000: 1.771: [Tenured: 0K->15241K(341376K), 0.0397827 secs] 114924K->15241K(494976K), [Metaspace: 20734K->20734K(1067008K)], 0.0398471 secs] [Times: user=0.04 sys=0.01, real=0.04 secs] 
14:54:06.165 [Curator-PathChildrenCache-1] WARN  o.a.c.u.ZKPaths  - The version of ZooKeeper being used doesn't support Container nodes. CreateMode.PERSISTENT will be used instead.
2019-06-10T14:54:08.431+0000: 16.253: [GC (Allocation Failure) 2019-06-10T14:54:08.431+0000: 16.254: [DefNew: 136576K->17023K(153600K), 0.0269643 secs] 151817K->52913K(494976K), 0.0270349 secs] [Times: user=0.02 sys=0.00, real=0.02 secs] 
2019-06-10T14:54:10.578+0000: 18.400: [Full GC (Metadata GC Threshold) 2019-06-10T14:54:10.578+0000: 18.400: [Tenured: 35889K->44708K(341376K), 0.0414754 secs] 92795K->44708K(494976K), [Metaspace: 34596K->34596K(1079296K)], 0.0415495 secs] [Times: user=0.04 sys=0.00, real=0.04 secs] 
2019-06-10T14:54:17.360+0000: 25.183: [GC (Allocation Failure) 2019-06-10T14:54:17.360+0000: 25.183: [DefNew: 136576K->134K(153600K), 0.0018227 secs] 181284K->44842K(494976K), 0.0018905 secs] [Times: user=0.00 sys=0.00, real=0.01 secs] 
2019-06-10T14:54:24.150+0000: 31.972: [GC (Allocation Failure) 2019-06-10T14:54:24.150+0000: 31.972: [DefNew: 136710K->133K(153600K), 0.0017846 secs] 181418K->44841K(494976K), 0.0018461 secs] [Times: user=0.00 sys=0.00, real=0.00 secs] 
2019-06-10T14:54:30.956+0000: 38.779: [GC (Allocation Failure) 2019-06-10T14:54:30.956+0000: 38.779: [DefNew: 136709K->135K(153600K), 0.0017337 secs] 181417K->44843K(494976K), 0.0017962 secs] [Times: user=0.01 sys=0.00, real=0.00 secs] 
2019-06-10T14:54:37.809+0000: 45.632: [GC (Allocation Failure) 2019-06-10T14:54:37.809+0000: 45.632: [DefNew: 136711K->167K(153600K), 0.0018072 secs] 181419K->44875K(494976K), 0.0018734 secs] [Times: user=0.00 sys=0.00, real=0.01 secs] 
2019-06-10T14:54:44.668+0000: 52.490: [GC (Allocation Failure) 2019-06-10T14:54:44.668+0000: 52.490: [DefNew: 136743K->166K(153600K), 0.0018545 secs] 181451K->44874K(494976K), 0.0019141 secs] [Times: user=0.00 sys=0.00, real=0.00 secs] 
14:54:54.180 [Curator-PathChildrenCache-0] ERROR o.a.c.f.r.c.PathChildrenCache  - 
java.lang.IllegalStateException: instance must be started before calling this method
	at org.apache.curator.shaded.com.google.common.base.Preconditions.checkState(Preconditions.java:444)
	at org.apache.curator.framework.imps.CuratorFrameworkImpl.getChildren(CuratorFrameworkImpl.java:456)
	at org.apache.curator.framework.recipes.cache.PathChildrenCache.refresh(PathChildrenCache.java:521)
	at org.apache.curator.framework.recipes.cache.RefreshOperation.invoke(RefreshOperation.java:35)
	at org.apache.curator.framework.recipes.cache.PathChildrenCache$9.run(PathChildrenCache.java:786)
	at java.util.concurrent.Executors$RunnableAdapter.call(Executors.java:511)
	at java.util.concurrent.FutureTask.run(FutureTask.java:266)
	at java.util.concurrent.Executors$RunnableAdapter.call(Executors.java:511)
	at java.util.concurrent.FutureTask.run(FutureTask.java:266)
	at java.util.concurrent.ThreadPoolExecutor.runWorker(ThreadPoolExecutor.java:1149)
	at java.util.concurrent.ThreadPoolExecutor$Worker.run(ThreadPoolExecutor.java:624)
	at java.lang.Thread.run(Thread.java:748)
Heap
 def new generation   total 153600K, used 79478K [0x00000000e0c00000, 0x00000000eb2a0000, 0x00000000eb2a0000)
  eden space 136576K,  58% used [0x00000000e0c00000, 0x00000000e5974330, 0x00000000e9160000)
  from space 17024K,   0% used [0x00000000e9160000, 0x00000000e9189810, 0x00000000ea200000)
  to   space 17024K,   0% used [0x00000000ea200000, 0x00000000ea200000, 0x00000000eb2a0000)
 tenured generation   total 341376K, used 44708K [0x00000000eb2a0000, 0x0000000100000000, 0x0000000100000000)
   the space 341376K,  13% used [0x00000000eb2a0000, 0x00000000ede491a0, 0x00000000ede49200, 0x0000000100000000)
 Metaspace       used 36088K, capacity 36922K, committed 37120K, reserved 1081344K
  class space    used 4870K, capacity 5073K, committed 5120K, reserved 1048576K
