16:38:57,101 |-INFO in ch.qos.logback.classic.LoggerContext[default] - Could NOT find resource [logback-test.xml]
16:38:57,101 |-INFO in ch.qos.logback.classic.LoggerContext[default] - Could NOT find resource [logback.groovy]
16:38:57,102 |-INFO in ch.qos.logback.classic.LoggerContext[default] - Found resource [logback.xml] at [jar:file:/root/flamestream/lib/flamestream-runtime-1.0-SNAPSHOT.jar!/logback.xml]
16:38:57,102 |-WARN in ch.qos.logback.classic.LoggerContext[default] - Resource [logback.xml] occurs multiple times on the classpath.
16:38:57,103 |-WARN in ch.qos.logback.classic.LoggerContext[default] - Resource [logback.xml] occurs at [jar:file:/root/flamestream/lib/flamestream-runtime-1.0-SNAPSHOT.jar!/logback.xml]
16:38:57,103 |-WARN in ch.qos.logback.classic.LoggerContext[default] - Resource [logback.xml] occurs at [jar:file:/root/flamestream/flamestream-runtime-1.0-SNAPSHOT.jar!/logback.xml]
16:38:57,123 |-INFO in ch.qos.logback.core.joran.spi.ConfigurationWatchList@3fb6a447 - URL [jar:file:/root/flamestream/lib/flamestream-runtime-1.0-SNAPSHOT.jar!/logback.xml] is not of type file
16:38:57,195 |-INFO in ch.qos.logback.classic.joran.action.ConfigurationAction - debug attribute not set
16:38:57,195 |-INFO in ch.qos.logback.core.joran.action.AppenderAction - About to instantiate appender of type [ch.qos.logback.core.ConsoleAppender]
16:38:57,215 |-INFO in ch.qos.logback.core.joran.action.AppenderAction - Naming appender as [STDOUT]
16:38:57,229 |-INFO in ch.qos.logback.core.joran.action.NestedComplexPropertyIA - Assuming default type [ch.qos.logback.classic.encoder.PatternLayoutEncoder] for [encoder] property
16:38:57,317 |-INFO in ch.qos.logback.core.joran.action.AppenderAction - About to instantiate appender of type [ch.qos.logback.core.rolling.RollingFileAppender]
16:38:57,321 |-INFO in ch.qos.logback.core.joran.action.AppenderAction - Naming appender as [FILE]
16:38:57,351 |-INFO in c.q.l.core.rolling.TimeBasedRollingPolicy@127618319 - No compression will be used
16:38:57,352 |-INFO in c.q.l.core.rolling.TimeBasedRollingPolicy@127618319 - Will use the pattern /tmp/application_%d{yyyy-MM-dd}.%i.log for the active file
16:38:57,355 |-INFO in ch.qos.logback.core.rolling.SizeAndTimeBasedFNATP@6b2fad11 - The date pattern is 'yyyy-MM-dd' from file name pattern '/tmp/application_%d{yyyy-MM-dd}.%i.log'.
16:38:57,355 |-INFO in ch.qos.logback.core.rolling.SizeAndTimeBasedFNATP@6b2fad11 - Roll-over at midnight.
16:38:57,360 |-INFO in ch.qos.logback.core.rolling.SizeAndTimeBasedFNATP@6b2fad11 - Setting initial period to Mon Jun 10 16:37:21 UTC 2019
16:38:57,360 |-WARN in ch.qos.logback.core.rolling.SizeAndTimeBasedFNATP@6b2fad11 - SizeAndTimeBasedFNATP is deprecated. Use SizeAndTimeBasedRollingPolicy instead
16:38:57,360 |-WARN in ch.qos.logback.core.rolling.SizeAndTimeBasedFNATP@6b2fad11 - For more information see http://logback.qos.ch/manual/appenders.html#SizeAndTimeBasedRollingPolicy
16:38:57,364 |-INFO in ch.qos.logback.core.joran.action.NestedComplexPropertyIA - Assuming default type [ch.qos.logback.classic.encoder.PatternLayoutEncoder] for [encoder] property
16:38:57,368 |-INFO in ch.qos.logback.core.rolling.RollingFileAppender[FILE] - Active log file name: /tmp/application.log
16:38:57,368 |-INFO in ch.qos.logback.core.rolling.RollingFileAppender[FILE] - File property is set to [/tmp/application.log]
16:38:57,369 |-INFO in ch.qos.logback.classic.joran.action.RootLoggerAction - Setting level of ROOT logger to WARN
16:38:57,369 |-INFO in ch.qos.logback.core.joran.action.AppenderRefAction - Attaching appender named [STDOUT] to Logger[ROOT]
16:38:57,371 |-INFO in ch.qos.logback.core.joran.action.AppenderRefAction - Attaching appender named [FILE] to Logger[ROOT]
16:38:57,371 |-INFO in ch.qos.logback.classic.joran.action.ConfigurationAction - End of configuration.
16:38:57,372 |-INFO in ch.qos.logback.classic.joran.JoranConfigurator@79698539 - Registering current configuration as safe fallback point

Ama winner
Ama winner
2019-06-10T16:38:58.693+0000: 1.774: [Full GC (Metadata GC Threshold) 2019-06-10T16:38:58.693+0000: 1.774: [Tenured: 0K->15143K(341376K), 0.0396588 secs] 114988K->15143K(494976K), [Metaspace: 20734K->20734K(1067008K)], 0.0397289 secs] [Times: user=0.04 sys=0.01, real=0.04 secs] 
16:39:18.607 [Curator-PathChildrenCache-1] WARN  o.a.c.u.ZKPaths  - The version of ZooKeeper being used doesn't support Container nodes. CreateMode.PERSISTENT will be used instead.
2019-06-10T16:39:21.370+0000: 24.451: [GC (Allocation Failure) 2019-06-10T16:39:21.371+0000: 24.451: [DefNew: 136576K->17023K(153600K), 0.0259918 secs] 151719K->52630K(494976K), 0.0260584 secs] [Times: user=0.02 sys=0.01, real=0.03 secs] 
2019-06-10T16:39:23.279+0000: 26.360: [Full GC (Metadata GC Threshold) 2019-06-10T16:39:23.279+0000: 26.360: [Tenured: 35606K->44119K(341376K), 0.0431834 secs] 101332K->44119K(494976K), [Metaspace: 34595K->34595K(1079296K)], 0.0432587 secs] [Times: user=0.05 sys=0.00, real=0.04 secs] 
2019-06-10T16:39:29.027+0000: 32.108: [GC (Allocation Failure) 2019-06-10T16:39:29.027+0000: 32.108: [DefNew: 136576K->61K(153600K), 0.0017961 secs] 180695K->44180K(494976K), 0.0018578 secs] [Times: user=0.01 sys=0.00, real=0.00 secs] 
2019-06-10T16:39:34.830+0000: 37.911: [GC (Allocation Failure) 2019-06-10T16:39:34.830+0000: 37.911: [DefNew: 136637K->65K(153600K), 0.0016860 secs] 180756K->44185K(494976K), 0.0017481 secs] [Times: user=0.00 sys=0.00, real=0.00 secs] 
2019-06-10T16:39:40.530+0000: 43.611: [GC (Allocation Failure) 2019-06-10T16:39:40.530+0000: 43.611: [DefNew: 136641K->63K(153600K), 0.0016535 secs] 180761K->44182K(494976K), 0.0017142 secs] [Times: user=0.00 sys=0.00, real=0.00 secs] 
2019-06-10T16:39:46.282+0000: 49.363: [GC (Allocation Failure) 2019-06-10T16:39:46.282+0000: 49.363: [DefNew: 136639K->64K(153600K), 0.0016660 secs] 180758K->44183K(494976K), 0.0017263 secs] [Times: user=0.00 sys=0.00, real=0.00 secs] 
2019-06-10T16:40:00.216+0000: 63.297: [GC (Allocation Failure) 2019-06-10T16:40:00.216+0000: 63.297: [DefNew: 136640K->446K(153600K), 0.0025166 secs] 180759K->44566K(494976K), 0.0025754 secs] [Times: user=0.01 sys=0.00, real=0.00 secs] 
16:40:00.298 [Curator-PathChildrenCache-0] ERROR o.a.c.f.r.c.PathChildrenCache  - 
java.lang.IllegalStateException: instance must be started before calling this method
	at org.apache.curator.shaded.com.google.common.base.Preconditions.checkState(Preconditions.java:444)
	at org.apache.curator.framework.imps.CuratorFrameworkImpl.getChildren(CuratorFrameworkImpl.java:456)
	at org.apache.curator.framework.recipes.cache.PathChildrenCache.refresh(PathChildrenCache.java:521)
	at org.apache.curator.framework.recipes.cache.RefreshOperation.invoke(RefreshOperation.java:35)
	at org.apache.curator.framework.recipes.cache.PathChildrenCache$9.run(PathChildrenCache.java:786)
	at java.util.concurrent.Executors$RunnableAdapter.call(Executors.java:511)
	at java.util.concurrent.FutureTask.run(FutureTask.java:266)
	at java.util.concurrent.Executors$RunnableAdapter.call(Executors.java:511)
	at java.util.concurrent.FutureTask.run(FutureTask.java:266)
	at java.util.concurrent.ThreadPoolExecutor.runWorker(ThreadPoolExecutor.java:1149)
	at java.util.concurrent.ThreadPoolExecutor$Worker.run(ThreadPoolExecutor.java:624)
	at java.lang.Thread.run(Thread.java:748)
Heap
 def new generation   total 153600K, used 14451K [0x00000000e0c00000, 0x00000000eb2a0000, 0x00000000eb2a0000)
  eden space 136576K,  10% used [0x00000000e0c00000, 0x00000000e19ad100, 0x00000000e9160000)
  from space 17024K,   2% used [0x00000000e9160000, 0x00000000e91cfbd8, 0x00000000ea200000)
  to   space 17024K,   0% used [0x00000000ea200000, 0x00000000ea200000, 0x00000000eb2a0000)
 tenured generation   total 341376K, used 44119K [0x00000000eb2a0000, 0x0000000100000000, 0x0000000100000000)
   the space 341376K,  12% used [0x00000000eb2a0000, 0x00000000eddb5cd8, 0x00000000eddb5e00, 0x0000000100000000)
 Metaspace       used 36074K, capacity 36998K, committed 37120K, reserved 1081344K
  class space    used 4870K, capacity 5075K, committed 5120K, reserved 1048576K
