19:50:45,752 |-INFO in ch.qos.logback.classic.LoggerContext[default] - Could NOT find resource [logback-test.xml]
19:50:45,752 |-INFO in ch.qos.logback.classic.LoggerContext[default] - Could NOT find resource [logback.groovy]
19:50:45,752 |-INFO in ch.qos.logback.classic.LoggerContext[default] - Found resource [logback.xml] at [jar:file:/root/flamestream/lib/flamestream-runtime-1.0-SNAPSHOT.jar!/logback.xml]
19:50:45,753 |-WARN in ch.qos.logback.classic.LoggerContext[default] - Resource [logback.xml] occurs multiple times on the classpath.
19:50:45,753 |-WARN in ch.qos.logback.classic.LoggerContext[default] - Resource [logback.xml] occurs at [jar:file:/root/flamestream/lib/flamestream-runtime-1.0-SNAPSHOT.jar!/logback.xml]
19:50:45,753 |-WARN in ch.qos.logback.classic.LoggerContext[default] - Resource [logback.xml] occurs at [jar:file:/root/flamestream/flamestream-runtime-1.0-SNAPSHOT.jar!/logback.xml]
19:50:45,773 |-INFO in ch.qos.logback.core.joran.spi.ConfigurationWatchList@3fb6a447 - URL [jar:file:/root/flamestream/lib/flamestream-runtime-1.0-SNAPSHOT.jar!/logback.xml] is not of type file
19:50:45,839 |-INFO in ch.qos.logback.classic.joran.action.ConfigurationAction - debug attribute not set
19:50:45,840 |-INFO in ch.qos.logback.core.joran.action.AppenderAction - About to instantiate appender of type [ch.qos.logback.core.ConsoleAppender]
19:50:45,855 |-INFO in ch.qos.logback.core.joran.action.AppenderAction - Naming appender as [STDOUT]
19:50:45,872 |-INFO in ch.qos.logback.core.joran.action.NestedComplexPropertyIA - Assuming default type [ch.qos.logback.classic.encoder.PatternLayoutEncoder] for [encoder] property
19:50:45,967 |-INFO in ch.qos.logback.core.joran.action.AppenderAction - About to instantiate appender of type [ch.qos.logback.core.rolling.RollingFileAppender]
19:50:45,976 |-INFO in ch.qos.logback.core.joran.action.AppenderAction - Naming appender as [FILE]
19:50:46,005 |-INFO in c.q.l.core.rolling.TimeBasedRollingPolicy@127618319 - No compression will be used
19:50:46,006 |-INFO in c.q.l.core.rolling.TimeBasedRollingPolicy@127618319 - Will use the pattern /tmp/application_%d{yyyy-MM-dd}.%i.log for the active file
19:50:46,009 |-INFO in ch.qos.logback.core.rolling.SizeAndTimeBasedFNATP@6b2fad11 - The date pattern is 'yyyy-MM-dd' from file name pattern '/tmp/application_%d{yyyy-MM-dd}.%i.log'.
19:50:46,009 |-INFO in ch.qos.logback.core.rolling.SizeAndTimeBasedFNATP@6b2fad11 - Roll-over at midnight.
19:50:46,014 |-INFO in ch.qos.logback.core.rolling.SizeAndTimeBasedFNATP@6b2fad11 - Setting initial period to Mon Jun 10 19:49:19 UTC 2019
19:50:46,014 |-WARN in ch.qos.logback.core.rolling.SizeAndTimeBasedFNATP@6b2fad11 - SizeAndTimeBasedFNATP is deprecated. Use SizeAndTimeBasedRollingPolicy instead
19:50:46,014 |-WARN in ch.qos.logback.core.rolling.SizeAndTimeBasedFNATP@6b2fad11 - For more information see http://logback.qos.ch/manual/appenders.html#SizeAndTimeBasedRollingPolicy
19:50:46,019 |-INFO in ch.qos.logback.core.joran.action.NestedComplexPropertyIA - Assuming default type [ch.qos.logback.classic.encoder.PatternLayoutEncoder] for [encoder] property
19:50:46,024 |-INFO in ch.qos.logback.core.rolling.RollingFileAppender[FILE] - Active log file name: /tmp/application.log
19:50:46,024 |-INFO in ch.qos.logback.core.rolling.RollingFileAppender[FILE] - File property is set to [/tmp/application.log]
19:50:46,025 |-INFO in ch.qos.logback.classic.joran.action.RootLoggerAction - Setting level of ROOT logger to WARN
19:50:46,025 |-INFO in ch.qos.logback.core.joran.action.AppenderRefAction - Attaching appender named [STDOUT] to Logger[ROOT]
19:50:46,025 |-INFO in ch.qos.logback.core.joran.action.AppenderRefAction - Attaching appender named [FILE] to Logger[ROOT]
19:50:46,026 |-INFO in ch.qos.logback.classic.joran.action.ConfigurationAction - End of configuration.
19:50:46,026 |-INFO in ch.qos.logback.classic.joran.JoranConfigurator@79698539 - Registering current configuration as safe fallback point

Ama winner
Ama winner
2019-06-10T19:50:47.287+0000: 1.724: [Full GC (Metadata GC Threshold) 2019-06-10T19:50:47.287+0000: 1.724: [Tenured: 0K->15178K(341376K), 0.0391030 secs] 114987K->15178K(494976K), [Metaspace: 20729K->20729K(1067008K)], 0.0391682 secs] [Times: user=0.04 sys=0.01, real=0.04 secs] 
19:51:09.881 [Curator-PathChildrenCache-2] WARN  o.a.c.u.ZKPaths  - The version of ZooKeeper being used doesn't support Container nodes. CreateMode.PERSISTENT will be used instead.
2019-06-10T19:51:12.125+0000: 26.562: [GC (Allocation Failure) 2019-06-10T19:51:12.125+0000: 26.562: [DefNew: 118029K->17023K(153600K), 0.0187528 secs] 133208K->32996K(494976K), 0.0188197 secs] [Times: user=0.01 sys=0.01, real=0.02 secs] 
2019-06-10T19:51:12.592+0000: 27.029: [Full GC (Metadata GC Threshold) 2019-06-10T19:51:12.592+0000: 27.029: [Tenured: 15972K->44110K(341376K), 0.0460457 secs] 68656K->44110K(494976K), [Metaspace: 34561K->34561K(1079296K)], 0.0461276 secs] [Times: user=0.03 sys=0.01, real=0.05 secs] 
2019-06-10T19:51:17.851+0000: 32.287: [GC (Allocation Failure) 2019-06-10T19:51:17.851+0000: 32.287: [DefNew: 136576K->183K(153600K), 0.0023109 secs] 180686K->44293K(494976K), 0.0023710 secs] [Times: user=0.01 sys=0.00, real=0.00 secs] 
2019-06-10T19:51:23.110+0000: 37.547: [GC (Allocation Failure) 2019-06-10T19:51:23.110+0000: 37.547: [DefNew: 136759K->183K(153600K), 0.0021519 secs] 180869K->44293K(494976K), 0.0022145 secs] [Times: user=0.01 sys=0.00, real=0.00 secs] 
2019-06-10T19:51:28.286+0000: 42.722: [GC (Allocation Failure) 2019-06-10T19:51:28.286+0000: 42.723: [DefNew: 136759K->201K(153600K), 0.0021600 secs] 180869K->44311K(494976K), 0.0022187 secs] [Times: user=0.00 sys=0.00, real=0.00 secs] 
2019-06-10T19:51:33.500+0000: 47.937: [GC (Allocation Failure) 2019-06-10T19:51:33.500+0000: 47.937: [DefNew: 136777K->190K(153600K), 0.0021353 secs] 180887K->44300K(494976K), 0.0021934 secs] [Times: user=0.00 sys=0.00, real=0.00 secs] 
2019-06-10T19:51:38.743+0000: 53.179: [GC (Allocation Failure) 2019-06-10T19:51:38.743+0000: 53.179: [DefNew: 136766K->195K(153600K), 0.0021250 secs] 180876K->44305K(494976K), 0.0021893 secs] [Times: user=0.00 sys=0.00, real=0.00 secs] 
2019-06-10T19:51:43.989+0000: 58.426: [GC (Allocation Failure) 2019-06-10T19:51:43.989+0000: 58.426: [DefNew: 136771K->193K(153600K), 0.0021605 secs] 180881K->44304K(494976K), 0.0022206 secs] [Times: user=0.00 sys=0.00, real=0.00 secs] 
2019-06-10T19:51:49.346+0000: 63.783: [GC (Allocation Failure) 2019-06-10T19:51:49.346+0000: 63.783: [DefNew: 136769K->485K(153600K), 0.0026269 secs] 180880K->44595K(494976K), 0.0026893 secs] [Times: user=0.00 sys=0.00, real=0.01 secs] 
2019-06-10T19:51:55.162+0000: 69.599: [GC (Allocation Failure) 2019-06-10T19:51:55.162+0000: 69.599: [DefNew: 137061K->289K(153600K), 0.0025962 secs] 181171K->44399K(494976K), 0.0026575 secs] [Times: user=0.00 sys=0.00, real=0.00 secs] 
2019-06-10T19:52:01.058+0000: 75.495: [GC (Allocation Failure) 2019-06-10T19:52:01.059+0000: 75.495: [DefNew: 136865K->283K(153600K), 0.0025189 secs] 180975K->44393K(494976K), 0.0025812 secs] [Times: user=0.01 sys=0.00, real=0.00 secs] 
2019-06-10T19:52:19.060+0000: 93.497: [GC (Allocation Failure) 2019-06-10T19:52:19.060+0000: 93.497: [DefNew: 136859K->301K(153600K), 0.0088538 secs] 180969K->44411K(494976K), 0.0089049 secs] [Times: user=0.00 sys=0.00, real=0.01 secs] 
19:52:19.145 [Curator-PathChildrenCache-0] ERROR o.a.c.f.r.c.PathChildrenCache  - 
java.lang.IllegalStateException: instance must be started before calling this method
	at org.apache.curator.shaded.com.google.common.base.Preconditions.checkState(Preconditions.java:444)
	at org.apache.curator.framework.imps.CuratorFrameworkImpl.getChildren(CuratorFrameworkImpl.java:456)
	at org.apache.curator.framework.recipes.cache.PathChildrenCache.refresh(PathChildrenCache.java:521)
	at org.apache.curator.framework.recipes.cache.RefreshOperation.invoke(RefreshOperation.java:35)
	at org.apache.curator.framework.recipes.cache.PathChildrenCache$9.run(PathChildrenCache.java:786)
	at java.util.concurrent.Executors$RunnableAdapter.call(Executors.java:511)
	at java.util.concurrent.FutureTask.run(FutureTask.java:266)
	at java.util.concurrent.Executors$RunnableAdapter.call(Executors.java:511)
	at java.util.concurrent.FutureTask.run(FutureTask.java:266)
	at java.util.concurrent.ThreadPoolExecutor.runWorker(ThreadPoolExecutor.java:1149)
	at java.util.concurrent.ThreadPoolExecutor$Worker.run(ThreadPoolExecutor.java:624)
	at java.lang.Thread.run(Thread.java:748)
Heap
 def new generation   total 153600K, used 26740K [0x00000000e0c00000, 0x00000000eb2a0000, 0x00000000eb2a0000)
  eden space 136576K,  19% used [0x00000000e0c00000, 0x00000000e25d1ba0, 0x00000000e9160000)
  from space 17024K,   1% used [0x00000000ea200000, 0x00000000ea24b6b0, 0x00000000eb2a0000)
  to   space 17024K,   0% used [0x00000000e9160000, 0x00000000e9160000, 0x00000000ea200000)
 tenured generation   total 341376K, used 44110K [0x00000000eb2a0000, 0x0000000100000000, 0x0000000100000000)
   the space 341376K,  12% used [0x00000000eb2a0000, 0x00000000eddb38e0, 0x00000000eddb3a00, 0x0000000100000000)
 Metaspace       used 36563K, capacity 37558K, committed 37760K, reserved 1081344K
  class space    used 4921K, capacity 5143K, committed 5248K, reserved 1048576K
