12:15:49,519 |-INFO in ch.qos.logback.classic.LoggerContext[default] - Could NOT find resource [logback-test.xml]
12:15:49,519 |-INFO in ch.qos.logback.classic.LoggerContext[default] - Could NOT find resource [logback.groovy]
12:15:49,519 |-INFO in ch.qos.logback.classic.LoggerContext[default] - Found resource [logback.xml] at [jar:file:/home/nikitasokolov/flamestream/lib/flamestream-runtime-1.0-SNAPSHOT.jar!/logback.xml]
12:15:49,520 |-WARN in ch.qos.logback.classic.LoggerContext[default] - Resource [logback.xml] occurs multiple times on the classpath.
12:15:49,520 |-WARN in ch.qos.logback.classic.LoggerContext[default] - Resource [logback.xml] occurs at [jar:file:/home/nikitasokolov/flamestream/lib/flamestream-runtime-1.0-SNAPSHOT.jar!/logback.xml]
12:15:49,520 |-WARN in ch.qos.logback.classic.LoggerContext[default] - Resource [logback.xml] occurs at [jar:file:/home/nikitasokolov/flamestream/flamestream-runtime-1.0-SNAPSHOT.jar!/logback.xml]
12:15:49,536 |-INFO in ch.qos.logback.core.joran.spi.ConfigurationWatchList@6108b2d7 - URL [jar:file:/home/nikitasokolov/flamestream/lib/flamestream-runtime-1.0-SNAPSHOT.jar!/logback.xml] is not of type file
12:15:49,589 |-INFO in ch.qos.logback.classic.joran.action.ConfigurationAction - debug attribute not set
12:15:49,589 |-INFO in ch.qos.logback.core.joran.action.AppenderAction - About to instantiate appender of type [ch.qos.logback.core.ConsoleAppender]
12:15:49,600 |-INFO in ch.qos.logback.core.joran.action.AppenderAction - Naming appender as [STDOUT]
12:15:49,609 |-INFO in ch.qos.logback.core.joran.action.NestedComplexPropertyIA - Assuming default type [ch.qos.logback.classic.encoder.PatternLayoutEncoder] for [encoder] property
12:15:49,665 |-INFO in ch.qos.logback.core.joran.action.AppenderAction - About to instantiate appender of type [ch.qos.logback.core.rolling.RollingFileAppender]
12:15:49,671 |-INFO in ch.qos.logback.core.joran.action.AppenderAction - Naming appender as [FILE]
12:15:49,693 |-INFO in c.q.l.core.rolling.TimeBasedRollingPolicy@357863579 - No compression will be used
12:15:49,694 |-INFO in c.q.l.core.rolling.TimeBasedRollingPolicy@357863579 - Will use the pattern /tmp/application_%d{yyyy-MM-dd}.%i.log for the active file
12:15:49,697 |-INFO in ch.qos.logback.core.rolling.SizeAndTimeBasedFNATP@6bf256fa - The date pattern is 'yyyy-MM-dd' from file name pattern '/tmp/application_%d{yyyy-MM-dd}.%i.log'.
12:15:49,697 |-INFO in ch.qos.logback.core.rolling.SizeAndTimeBasedFNATP@6bf256fa - Roll-over at midnight.
12:15:49,701 |-INFO in ch.qos.logback.core.rolling.SizeAndTimeBasedFNATP@6bf256fa - Setting initial period to Sun Jun 09 12:15:04 MSK 2019
12:15:49,701 |-WARN in ch.qos.logback.core.rolling.SizeAndTimeBasedFNATP@6bf256fa - SizeAndTimeBasedFNATP is deprecated. Use SizeAndTimeBasedRollingPolicy instead
12:15:49,701 |-WARN in ch.qos.logback.core.rolling.SizeAndTimeBasedFNATP@6bf256fa - For more information see http://logback.qos.ch/manual/appenders.html#SizeAndTimeBasedRollingPolicy
12:15:49,705 |-INFO in ch.qos.logback.core.joran.action.NestedComplexPropertyIA - Assuming default type [ch.qos.logback.classic.encoder.PatternLayoutEncoder] for [encoder] property
12:15:49,708 |-INFO in ch.qos.logback.core.rolling.RollingFileAppender[FILE] - Active log file name: /tmp/application.log
12:15:49,708 |-INFO in ch.qos.logback.core.rolling.RollingFileAppender[FILE] - File property is set to [/tmp/application.log]
12:15:49,709 |-INFO in ch.qos.logback.classic.joran.action.RootLoggerAction - Setting level of ROOT logger to WARN
12:15:49,709 |-INFO in ch.qos.logback.core.joran.action.AppenderRefAction - Attaching appender named [STDOUT] to Logger[ROOT]
12:15:49,710 |-INFO in ch.qos.logback.core.joran.action.AppenderRefAction - Attaching appender named [FILE] to Logger[ROOT]
12:15:49,710 |-INFO in ch.qos.logback.classic.joran.action.ConfigurationAction - End of configuration.
12:15:49,710 |-INFO in ch.qos.logback.classic.joran.JoranConfigurator@6cd8737 - Registering current configuration as safe fallback point

2019-06-09T12:15:50.716+0300: 1.396: [GC (Metadata GC Threshold) [PSYoungGen: 110722K->15902K(149504K)] 110722K->15982K(491008K), 0.0182546 secs] [Times: user=0.06 sys=0.03, real=0.02 secs] 
2019-06-09T12:15:50.734+0300: 1.414: [Full GC (Metadata GC Threshold) [PSYoungGen: 15902K->0K(149504K)] [ParOldGen: 80K->15078K(341504K)] 15982K->15078K(491008K), [Metaspace: 20802K->20802K(1067008K)], 0.0289961 secs] [Times: user=0.19 sys=0.01, real=0.03 secs] 
12:15:58.632 [Curator-PathChildrenCache-1] WARN  o.a.c.u.ZKPaths  - The version of ZooKeeper being used doesn't support Container nodes. CreateMode.PERSISTENT will be used instead.
2019-06-09T12:15:59.770+0300: 10.449: [GC (Metadata GC Threshold) [PSYoungGen: 126429K->15672K(149504K)] 141507K->50289K(491008K), 0.0269607 secs] [Times: user=0.23 sys=0.02, real=0.02 secs] 
2019-06-09T12:15:59.797+0300: 10.476: [Full GC (Metadata GC Threshold) [PSYoungGen: 15672K->0K(149504K)] [ParOldGen: 34617K->38933K(341504K)] 50289K->38933K(491008K), [Metaspace: 34552K->34552K(1079296K)], 0.0495146 secs] [Times: user=0.20 sys=0.03, real=0.05 secs] 
2019-06-09T12:16:06.817+0300: 17.497: [GC (Allocation Failure) [PSYoungGen: 128512K->288K(149504K)] 167445K->39229K(491008K), 0.0028520 secs] [Times: user=0.01 sys=0.01, real=0.01 secs] 
2019-06-09T12:16:14.662+0300: 25.342: [GC (Allocation Failure) [PSYoungGen: 128800K->384K(149504K)] 167741K->39333K(491008K), 0.0051736 secs] [Times: user=0.04 sys=0.00, real=0.00 secs] 
2019-06-09T12:16:22.524+0300: 33.203: [GC (Allocation Failure) [PSYoungGen: 128896K->416K(129024K)] 167845K->39373K(470528K), 0.1087496 secs] [Times: user=0.07 sys=0.00, real=0.11 secs] 
2019-06-09T12:16:30.502+0300: 41.182: [GC (Allocation Failure) [PSYoungGen: 128928K->448K(150016K)] 167885K->39413K(491520K), 0.0037936 secs] [Times: user=0.02 sys=0.00, real=0.00 secs] 
2019-06-09T12:16:38.504+0300: 49.183: [GC (Allocation Failure) [PSYoungGen: 128960K->480K(148992K)] 167925K->39445K(490496K), 0.0048817 secs] [Times: user=0.03 sys=0.00, real=0.00 secs] 
2019-06-09T12:16:46.496+0300: 57.176: [GC (Allocation Failure) [PSYoungGen: 128992K->416K(151552K)] 167957K->39381K(493056K), 0.0036711 secs] [Times: user=0.01 sys=0.00, real=0.01 secs] 
2019-06-09T12:16:55.550+0300: 66.230: [GC (Allocation Failure) [PSYoungGen: 132512K->759K(151040K)] 171477K->39732K(492544K), 0.0037807 secs] [Times: user=0.02 sys=0.00, real=0.00 secs] 
2019-06-09T12:17:06.044+0300: 76.724: [GC (Allocation Failure) [PSYoungGen: 132855K->640K(153600K)] 171828K->39621K(495104K), 0.0053011 secs] [Times: user=0.04 sys=0.01, real=0.00 secs] 
12:17:23.634 [Curator-PathChildrenCache-0] ERROR o.a.c.f.r.c.PathChildrenCache  - 
java.lang.IllegalStateException: instance must be started before calling this method
	at org.apache.curator.shaded.com.google.common.base.Preconditions.checkState(Preconditions.java:444)
	at org.apache.curator.framework.imps.CuratorFrameworkImpl.getChildren(CuratorFrameworkImpl.java:456)
	at org.apache.curator.framework.recipes.cache.PathChildrenCache.refresh(PathChildrenCache.java:521)
	at org.apache.curator.framework.recipes.cache.RefreshOperation.invoke(RefreshOperation.java:35)
	at org.apache.curator.framework.recipes.cache.PathChildrenCache$9.run(PathChildrenCache.java:786)
	at java.util.concurrent.Executors$RunnableAdapter.call(Executors.java:511)
	at java.util.concurrent.FutureTask.run(FutureTask.java:266)
	at java.util.concurrent.Executors$RunnableAdapter.call(Executors.java:511)
	at java.util.concurrent.FutureTask.run(FutureTask.java:266)
	at java.util.concurrent.ThreadPoolExecutor.runWorker(ThreadPoolExecutor.java:1149)
	at java.util.concurrent.ThreadPoolExecutor$Worker.run(ThreadPoolExecutor.java:624)
	at java.lang.Thread.run(Thread.java:748)
Heap
 PSYoungGen      total 153600K, used 86369K [0x00000000f5980000, 0x0000000100000000, 0x0000000100000000)
  eden space 135680K, 63% used [0x00000000f5980000,0x00000000fad384e8,0x00000000fde00000)
  from space 17920K, 3% used [0x00000000fee80000,0x00000000fef20060,0x0000000100000000)
  to   space 16896K, 0% used [0x00000000fde00000,0x00000000fde00000,0x00000000fee80000)
 ParOldGen       total 341504K, used 38981K [0x00000000e0c00000, 0x00000000f5980000, 0x00000000f5980000)
  object space 341504K, 11% used [0x00000000e0c00000,0x00000000e3211630,0x00000000f5980000)
 Metaspace       used 36147K, capacity 37022K, committed 37208K, reserved 1081344K
  class space    used 4979K, capacity 5161K, committed 5248K, reserved 1048576K
