22:15:55,280 |-INFO in ch.qos.logback.classic.LoggerContext[default] - Could NOT find resource [logback-test.xml]
22:15:55,280 |-INFO in ch.qos.logback.classic.LoggerContext[default] - Could NOT find resource [logback.groovy]
22:15:55,280 |-INFO in ch.qos.logback.classic.LoggerContext[default] - Found resource [logback.xml] at [jar:file:/home/nikitasokolov/flamestream/lib/flamestream-runtime-1.0-SNAPSHOT.jar!/logback.xml]
22:15:55,280 |-WARN in ch.qos.logback.classic.LoggerContext[default] - Resource [logback.xml] occurs multiple times on the classpath.
22:15:55,281 |-WARN in ch.qos.logback.classic.LoggerContext[default] - Resource [logback.xml] occurs at [jar:file:/home/nikitasokolov/flamestream/lib/flamestream-runtime-1.0-SNAPSHOT.jar!/logback.xml]
22:15:55,281 |-WARN in ch.qos.logback.classic.LoggerContext[default] - Resource [logback.xml] occurs at [jar:file:/home/nikitasokolov/flamestream/flamestream-runtime-1.0-SNAPSHOT.jar!/logback.xml]
22:15:55,296 |-INFO in ch.qos.logback.core.joran.spi.ConfigurationWatchList@2f7a2457 - URL [jar:file:/home/nikitasokolov/flamestream/lib/flamestream-runtime-1.0-SNAPSHOT.jar!/logback.xml] is not of type file
22:15:55,348 |-INFO in ch.qos.logback.classic.joran.action.ConfigurationAction - debug attribute not set
22:15:55,348 |-INFO in ch.qos.logback.core.joran.action.AppenderAction - About to instantiate appender of type [ch.qos.logback.core.ConsoleAppender]
22:15:55,356 |-INFO in ch.qos.logback.core.joran.action.AppenderAction - Naming appender as [STDOUT]
22:15:55,363 |-INFO in ch.qos.logback.core.joran.action.NestedComplexPropertyIA - Assuming default type [ch.qos.logback.classic.encoder.PatternLayoutEncoder] for [encoder] property
22:15:55,419 |-INFO in ch.qos.logback.core.joran.action.AppenderAction - About to instantiate appender of type [ch.qos.logback.core.rolling.RollingFileAppender]
22:15:55,425 |-INFO in ch.qos.logback.core.joran.action.AppenderAction - Naming appender as [FILE]
22:15:55,448 |-INFO in c.q.l.core.rolling.TimeBasedRollingPolicy@1449621165 - No compression will be used
22:15:55,450 |-INFO in c.q.l.core.rolling.TimeBasedRollingPolicy@1449621165 - Will use the pattern /tmp/application_%d{yyyy-MM-dd}.%i.log for the active file
22:15:55,453 |-INFO in ch.qos.logback.core.rolling.SizeAndTimeBasedFNATP@6108b2d7 - The date pattern is 'yyyy-MM-dd' from file name pattern '/tmp/application_%d{yyyy-MM-dd}.%i.log'.
22:15:55,453 |-INFO in ch.qos.logback.core.rolling.SizeAndTimeBasedFNATP@6108b2d7 - Roll-over at midnight.
22:15:55,457 |-INFO in ch.qos.logback.core.rolling.SizeAndTimeBasedFNATP@6108b2d7 - Setting initial period to Tue May 28 22:13:30 MSK 2019
22:15:55,457 |-WARN in ch.qos.logback.core.rolling.SizeAndTimeBasedFNATP@6108b2d7 - SizeAndTimeBasedFNATP is deprecated. Use SizeAndTimeBasedRollingPolicy instead
22:15:55,457 |-WARN in ch.qos.logback.core.rolling.SizeAndTimeBasedFNATP@6108b2d7 - For more information see http://logback.qos.ch/manual/appenders.html#SizeAndTimeBasedRollingPolicy
22:15:55,461 |-INFO in ch.qos.logback.core.joran.action.NestedComplexPropertyIA - Assuming default type [ch.qos.logback.classic.encoder.PatternLayoutEncoder] for [encoder] property
22:15:55,463 |-INFO in ch.qos.logback.core.rolling.RollingFileAppender[FILE] - Active log file name: /tmp/application.log
22:15:55,463 |-INFO in ch.qos.logback.core.rolling.RollingFileAppender[FILE] - File property is set to [/tmp/application.log]
22:15:55,464 |-INFO in ch.qos.logback.classic.joran.action.RootLoggerAction - Setting level of ROOT logger to WARN
22:15:55,464 |-INFO in ch.qos.logback.core.joran.action.AppenderRefAction - Attaching appender named [STDOUT] to Logger[ROOT]
22:15:55,465 |-INFO in ch.qos.logback.core.joran.action.AppenderRefAction - Attaching appender named [FILE] to Logger[ROOT]
22:15:55,465 |-INFO in ch.qos.logback.classic.joran.action.ConfigurationAction - End of configuration.
22:15:55,466 |-INFO in ch.qos.logback.classic.joran.JoranConfigurator@1554909b - Registering current configuration as safe fallback point

2019-05-28T22:15:56.459+0300: 1.372: [GC (Metadata GC Threshold) [PSYoungGen: 97810K->15910K(149504K)] 97810K->15990K(491008K), 0.0266558 secs] [Times: user=0.10 sys=0.01, real=0.03 secs] 
2019-05-28T22:15:56.486+0300: 1.399: [Full GC (Metadata GC Threshold) [PSYoungGen: 15910K->0K(149504K)] [ParOldGen: 80K->14983K(341504K)] 15990K->14983K(491008K), [Metaspace: 20802K->20802K(1067008K)], 0.0281658 secs] [Times: user=0.13 sys=0.05, real=0.03 secs] 
22:16:05.001 [Curator-PathChildrenCache-1] WARN  o.a.c.u.ZKPaths  - The version of ZooKeeper being used doesn't support Container nodes. CreateMode.PERSISTENT will be used instead.
2019-05-28T22:16:05.972+0300: 10.885: [GC (Metadata GC Threshold) [PSYoungGen: 127245K->15637K(149504K)] 142229K->50160K(491008K), 0.0264212 secs] [Times: user=0.22 sys=0.02, real=0.02 secs] 
2019-05-28T22:16:05.999+0300: 10.912: [Full GC (Metadata GC Threshold) [PSYoungGen: 15637K->0K(149504K)] [ParOldGen: 34522K->38679K(341504K)] 50160K->38679K(491008K), [Metaspace: 34538K->34538K(1079296K)], 0.0339029 secs] [Times: user=0.18 sys=0.01, real=0.04 secs] 
2019-05-28T22:16:08.082+0300: 12.995: [GC (Allocation Failure) [PSYoungGen: 128512K->448K(149504K)] 167191K->39135K(491008K), 0.0035416 secs] [Times: user=0.02 sys=0.00, real=0.01 secs] 
2019-05-28T22:16:10.035+0300: 14.948: [GC (Allocation Failure) [PSYoungGen: 128960K->384K(149504K)] 167647K->39079K(491008K), 0.0614322 secs] [Times: user=0.03 sys=0.01, real=0.06 secs] 
2019-05-28T22:16:12.424+0300: 17.337: [GC (Allocation Failure) [PSYoungGen: 128896K->480K(129024K)] 167591K->39183K(470528K), 0.0039779 secs] [Times: user=0.02 sys=0.00, real=0.00 secs] 
2019-05-28T22:16:14.757+0300: 19.670: [GC (Allocation Failure) [PSYoungGen: 128992K->640K(150016K)] 167695K->39343K(491520K), 0.0033986 secs] [Times: user=0.02 sys=0.00, real=0.00 secs] 
2019-05-28T22:16:16.986+0300: 21.899: [GC (Allocation Failure) [PSYoungGen: 129152K->704K(148992K)] 167855K->39407K(490496K), 0.0029882 secs] [Times: user=0.01 sys=0.00, real=0.00 secs] 
2019-05-28T22:16:19.216+0300: 24.129: [GC (Allocation Failure) [PSYoungGen: 129216K->608K(152064K)] 167919K->39319K(493568K), 0.0024013 secs] [Times: user=0.01 sys=0.01, real=0.00 secs] 
2019-05-28T22:16:21.731+0300: 26.644: [GC (Allocation Failure) [PSYoungGen: 133216K->640K(151040K)] 171927K->39351K(492544K), 0.0052535 secs] [Times: user=0.03 sys=0.00, real=0.01 secs] 
2019-05-28T22:16:24.356+0300: 29.269: [GC (Allocation Failure) [PSYoungGen: 133248K->768K(153600K)] 171959K->39487K(495104K), 0.0069592 secs] [Times: user=0.05 sys=0.01, real=0.00 secs] 
22:16:32.209 [Curator-PathChildrenCache-0] ERROR o.a.c.f.r.c.PathChildrenCache  - 
java.lang.IllegalStateException: instance must be started before calling this method
	at org.apache.curator.shaded.com.google.common.base.Preconditions.checkState(Preconditions.java:444)
	at org.apache.curator.framework.imps.CuratorFrameworkImpl.getChildren(CuratorFrameworkImpl.java:456)
	at org.apache.curator.framework.recipes.cache.PathChildrenCache.refresh(PathChildrenCache.java:521)
	at org.apache.curator.framework.recipes.cache.RefreshOperation.invoke(RefreshOperation.java:35)
	at org.apache.curator.framework.recipes.cache.PathChildrenCache$9.run(PathChildrenCache.java:786)
	at java.util.concurrent.Executors$RunnableAdapter.call(Executors.java:511)
	at java.util.concurrent.FutureTask.run(FutureTask.java:266)
	at java.util.concurrent.Executors$RunnableAdapter.call(Executors.java:511)
	at java.util.concurrent.FutureTask.run(FutureTask.java:266)
	at java.util.concurrent.ThreadPoolExecutor.runWorker(ThreadPoolExecutor.java:1149)
	at java.util.concurrent.ThreadPoolExecutor$Worker.run(ThreadPoolExecutor.java:624)
	at java.lang.Thread.run(Thread.java:748)
Heap
 PSYoungGen      total 153600K, used 133892K [0x00000000f5980000, 0x0000000100000000, 0x0000000100000000)
  eden space 135680K, 98% used [0x00000000f5980000,0x00000000fdb811d8,0x00000000fde00000)
  from space 17920K, 4% used [0x00000000fee80000,0x00000000fef40080,0x0000000100000000)
  to   space 16896K, 0% used [0x00000000fde00000,0x00000000fde00000,0x00000000fee80000)
 ParOldGen       total 341504K, used 38719K [0x00000000e0c00000, 0x00000000f5980000, 0x00000000f5980000)
  object space 341504K, 11% used [0x00000000e0c00000,0x00000000e31cfc38,0x00000000f5980000)
 Metaspace       used 35657K, capacity 36570K, committed 36952K, reserved 1081344K
  class space    used 4927K, capacity 5133K, committed 5248K, reserved 1048576K
