13:17:46,289 |-INFO in ch.qos.logback.classic.LoggerContext[default] - Could NOT find resource [logback-test.xml]
13:17:46,289 |-INFO in ch.qos.logback.classic.LoggerContext[default] - Could NOT find resource [logback.groovy]
13:17:46,289 |-INFO in ch.qos.logback.classic.LoggerContext[default] - Found resource [logback.xml] at [jar:file:/root/flamestream/lib/flamestream-runtime-1.0-SNAPSHOT.jar!/logback.xml]
13:17:46,290 |-WARN in ch.qos.logback.classic.LoggerContext[default] - Resource [logback.xml] occurs multiple times on the classpath.
13:17:46,290 |-WARN in ch.qos.logback.classic.LoggerContext[default] - Resource [logback.xml] occurs at [jar:file:/root/flamestream/lib/flamestream-runtime-1.0-SNAPSHOT.jar!/logback.xml]
13:17:46,290 |-WARN in ch.qos.logback.classic.LoggerContext[default] - Resource [logback.xml] occurs at [jar:file:/root/flamestream/flamestream-runtime-1.0-SNAPSHOT.jar!/logback.xml]
13:17:46,309 |-INFO in ch.qos.logback.core.joran.spi.ConfigurationWatchList@3fb6a447 - URL [jar:file:/root/flamestream/lib/flamestream-runtime-1.0-SNAPSHOT.jar!/logback.xml] is not of type file
13:17:46,376 |-INFO in ch.qos.logback.classic.joran.action.ConfigurationAction - debug attribute not set
13:17:46,376 |-INFO in ch.qos.logback.core.joran.action.AppenderAction - About to instantiate appender of type [ch.qos.logback.core.ConsoleAppender]
13:17:46,393 |-INFO in ch.qos.logback.core.joran.action.AppenderAction - Naming appender as [STDOUT]
13:17:46,412 |-INFO in ch.qos.logback.core.joran.action.NestedComplexPropertyIA - Assuming default type [ch.qos.logback.classic.encoder.PatternLayoutEncoder] for [encoder] property
13:17:46,496 |-INFO in ch.qos.logback.core.joran.action.AppenderAction - About to instantiate appender of type [ch.qos.logback.core.rolling.RollingFileAppender]
13:17:46,501 |-INFO in ch.qos.logback.core.joran.action.AppenderAction - Naming appender as [FILE]
13:17:46,530 |-INFO in c.q.l.core.rolling.TimeBasedRollingPolicy@127618319 - No compression will be used
13:17:46,532 |-INFO in c.q.l.core.rolling.TimeBasedRollingPolicy@127618319 - Will use the pattern /tmp/application_%d{yyyy-MM-dd}.%i.log for the active file
13:17:46,535 |-INFO in ch.qos.logback.core.rolling.SizeAndTimeBasedFNATP@6b2fad11 - The date pattern is 'yyyy-MM-dd' from file name pattern '/tmp/application_%d{yyyy-MM-dd}.%i.log'.
13:17:46,535 |-INFO in ch.qos.logback.core.rolling.SizeAndTimeBasedFNATP@6b2fad11 - Roll-over at midnight.
13:17:46,540 |-INFO in ch.qos.logback.core.rolling.SizeAndTimeBasedFNATP@6b2fad11 - Setting initial period to Mon Jun 10 13:16:23 UTC 2019
13:17:46,540 |-WARN in ch.qos.logback.core.rolling.SizeAndTimeBasedFNATP@6b2fad11 - SizeAndTimeBasedFNATP is deprecated. Use SizeAndTimeBasedRollingPolicy instead
13:17:46,540 |-WARN in ch.qos.logback.core.rolling.SizeAndTimeBasedFNATP@6b2fad11 - For more information see http://logback.qos.ch/manual/appenders.html#SizeAndTimeBasedRollingPolicy
13:17:46,543 |-INFO in ch.qos.logback.core.joran.action.NestedComplexPropertyIA - Assuming default type [ch.qos.logback.classic.encoder.PatternLayoutEncoder] for [encoder] property
13:17:46,548 |-INFO in ch.qos.logback.core.rolling.RollingFileAppender[FILE] - Active log file name: /tmp/application.log
13:17:46,548 |-INFO in ch.qos.logback.core.rolling.RollingFileAppender[FILE] - File property is set to [/tmp/application.log]
13:17:46,549 |-INFO in ch.qos.logback.classic.joran.action.RootLoggerAction - Setting level of ROOT logger to WARN
13:17:46,549 |-INFO in ch.qos.logback.core.joran.action.AppenderRefAction - Attaching appender named [STDOUT] to Logger[ROOT]
13:17:46,551 |-INFO in ch.qos.logback.core.joran.action.AppenderRefAction - Attaching appender named [FILE] to Logger[ROOT]
13:17:46,551 |-INFO in ch.qos.logback.classic.joran.action.ConfigurationAction - End of configuration.
13:17:46,552 |-INFO in ch.qos.logback.classic.joran.JoranConfigurator@79698539 - Registering current configuration as safe fallback point

Ama winner
Ama winner
2019-06-10T13:17:48.130+0000: 2.027: [Full GC (Metadata GC Threshold) 2019-06-10T13:17:48.130+0000: 2.027: [Tenured: 0K->15241K(341376K), 0.0381499 secs] 117718K->15241K(494976K), [Metaspace: 20733K->20733K(1067008K)], 0.0382215 secs] [Times: user=0.04 sys=0.00, real=0.03 secs] 
13:18:04.610 [Curator-PathChildrenCache-1] WARN  o.a.c.u.ZKPaths  - The version of ZooKeeper being used doesn't support Container nodes. CreateMode.PERSISTENT will be used instead.
2019-06-10T13:18:07.116+0000: 21.013: [GC (Allocation Failure) 2019-06-10T13:18:07.116+0000: 21.013: [DefNew: 136576K->17024K(153600K), 0.0275435 secs] 151817K->52924K(494976K), 0.0276138 secs] [Times: user=0.01 sys=0.01, real=0.03 secs] 
2019-06-10T13:18:08.289+0000: 22.186: [Full GC (Metadata GC Threshold) 2019-06-10T13:18:08.289+0000: 22.186: [Tenured: 35900K->44762K(341376K), 0.0395410 secs] 78780K->44762K(494976K), [Metaspace: 34573K->34573K(1079296K)], 0.0396183 secs] [Times: user=0.04 sys=0.00, real=0.04 secs] 
2019-06-10T13:18:16.741+0000: 30.638: [GC (Allocation Failure) 2019-06-10T13:18:16.741+0000: 30.638: [DefNew: 136576K->104K(153600K), 0.0019338 secs] 181338K->44867K(494976K), 0.0020019 secs] [Times: user=0.00 sys=0.00, real=0.01 secs] 
2019-06-10T13:18:25.171+0000: 39.067: [GC (Allocation Failure) 2019-06-10T13:18:25.171+0000: 39.067: [DefNew: 136680K->132K(153600K), 0.0017838 secs] 181443K->44895K(494976K), 0.0018620 secs] [Times: user=0.00 sys=0.00, real=0.00 secs] 
2019-06-10T13:18:33.619+0000: 47.516: [GC (Allocation Failure) 2019-06-10T13:18:33.619+0000: 47.516: [DefNew: 136708K->167K(153600K), 0.0018117 secs] 181471K->44930K(494976K), 0.0018747 secs] [Times: user=0.00 sys=0.00, real=0.00 secs] 
2019-06-10T13:18:42.175+0000: 56.072: [GC (Allocation Failure) 2019-06-10T13:18:42.175+0000: 56.072: [DefNew: 136743K->169K(153600K), 0.0018119 secs] 181506K->44932K(494976K), 0.0018731 secs] [Times: user=0.00 sys=0.00, real=0.00 secs] 
2019-06-10T13:18:51.174+0000: 65.071: [GC (Allocation Failure) 2019-06-10T13:18:51.174+0000: 65.071: [DefNew: 136745K->518K(153600K), 0.0023623 secs] 181508K->45281K(494976K), 0.0024237 secs] [Times: user=0.00 sys=0.00, real=0.00 secs] 
2019-06-10T13:19:06.282+0000: 80.178: [GC (Allocation Failure) 2019-06-10T13:19:06.282+0000: 80.178: [DefNew: 137094K->268K(153600K), 0.0020839 secs] 181857K->45031K(494976K), 0.0021490 secs] [Times: user=0.00 sys=0.00, real=0.01 secs] 
13:19:16.994 [Curator-PathChildrenCache-0] ERROR o.a.c.f.r.c.PathChildrenCache  - 
java.lang.IllegalStateException: instance must be started before calling this method
	at org.apache.curator.shaded.com.google.common.base.Preconditions.checkState(Preconditions.java:444)
	at org.apache.curator.framework.imps.CuratorFrameworkImpl.getChildren(CuratorFrameworkImpl.java:456)
	at org.apache.curator.framework.recipes.cache.PathChildrenCache.refresh(PathChildrenCache.java:521)
	at org.apache.curator.framework.recipes.cache.RefreshOperation.invoke(RefreshOperation.java:35)
	at org.apache.curator.framework.recipes.cache.PathChildrenCache$9.run(PathChildrenCache.java:786)
	at java.util.concurrent.Executors$RunnableAdapter.call(Executors.java:511)
	at java.util.concurrent.FutureTask.run(FutureTask.java:266)
	at java.util.concurrent.Executors$RunnableAdapter.call(Executors.java:511)
	at java.util.concurrent.FutureTask.run(FutureTask.java:266)
	at java.util.concurrent.ThreadPoolExecutor.runWorker(ThreadPoolExecutor.java:1149)
	at java.util.concurrent.ThreadPoolExecutor$Worker.run(ThreadPoolExecutor.java:624)
	at java.lang.Thread.run(Thread.java:748)
Heap
 def new generation   total 153600K, used 45692K [0x00000000e0c00000, 0x00000000eb2a0000, 0x00000000eb2a0000)
  eden space 136576K,  33% used [0x00000000e0c00000, 0x00000000e385c0c8, 0x00000000e9160000)
  from space 17024K,   1% used [0x00000000ea200000, 0x00000000ea243178, 0x00000000eb2a0000)
  to   space 17024K,   0% used [0x00000000e9160000, 0x00000000e9160000, 0x00000000ea200000)
 tenured generation   total 341376K, used 44762K [0x00000000eb2a0000, 0x0000000100000000, 0x0000000100000000)
   the space 341376K,  13% used [0x00000000eb2a0000, 0x00000000ede56bf0, 0x00000000ede56c00, 0x0000000100000000)
 Metaspace       used 36139K, capacity 36992K, committed 37120K, reserved 1081344K
  class space    used 4869K, capacity 5074K, committed 5120K, reserved 1048576K
