05:44:09,488 |-INFO in ch.qos.logback.classic.LoggerContext[default] - Could NOT find resource [logback-test.xml]
05:44:09,488 |-INFO in ch.qos.logback.classic.LoggerContext[default] - Could NOT find resource [logback.groovy]
05:44:09,488 |-INFO in ch.qos.logback.classic.LoggerContext[default] - Found resource [logback.xml] at [jar:file:/root/flamestream/lib/flamestream-runtime-1.0-SNAPSHOT.jar!/logback.xml]
05:44:09,489 |-WARN in ch.qos.logback.classic.LoggerContext[default] - Resource [logback.xml] occurs multiple times on the classpath.
05:44:09,489 |-WARN in ch.qos.logback.classic.LoggerContext[default] - Resource [logback.xml] occurs at [jar:file:/root/flamestream/lib/flamestream-runtime-1.0-SNAPSHOT.jar!/logback.xml]
05:44:09,489 |-WARN in ch.qos.logback.classic.LoggerContext[default] - Resource [logback.xml] occurs at [jar:file:/root/flamestream/flamestream-runtime-1.0-SNAPSHOT.jar!/logback.xml]
05:44:09,509 |-INFO in ch.qos.logback.core.joran.spi.ConfigurationWatchList@3fb6a447 - URL [jar:file:/root/flamestream/lib/flamestream-runtime-1.0-SNAPSHOT.jar!/logback.xml] is not of type file
05:44:09,575 |-INFO in ch.qos.logback.classic.joran.action.ConfigurationAction - debug attribute not set
05:44:09,576 |-INFO in ch.qos.logback.core.joran.action.AppenderAction - About to instantiate appender of type [ch.qos.logback.core.ConsoleAppender]
05:44:09,592 |-INFO in ch.qos.logback.core.joran.action.AppenderAction - Naming appender as [STDOUT]
05:44:09,611 |-INFO in ch.qos.logback.core.joran.action.NestedComplexPropertyIA - Assuming default type [ch.qos.logback.classic.encoder.PatternLayoutEncoder] for [encoder] property
05:44:09,692 |-INFO in ch.qos.logback.core.joran.action.AppenderAction - About to instantiate appender of type [ch.qos.logback.core.rolling.RollingFileAppender]
05:44:09,701 |-INFO in ch.qos.logback.core.joran.action.AppenderAction - Naming appender as [FILE]
05:44:09,732 |-INFO in c.q.l.core.rolling.TimeBasedRollingPolicy@127618319 - No compression will be used
05:44:09,733 |-INFO in c.q.l.core.rolling.TimeBasedRollingPolicy@127618319 - Will use the pattern /tmp/application_%d{yyyy-MM-dd}.%i.log for the active file
05:44:09,736 |-INFO in ch.qos.logback.core.rolling.SizeAndTimeBasedFNATP@6b2fad11 - The date pattern is 'yyyy-MM-dd' from file name pattern '/tmp/application_%d{yyyy-MM-dd}.%i.log'.
05:44:09,736 |-INFO in ch.qos.logback.core.rolling.SizeAndTimeBasedFNATP@6b2fad11 - Roll-over at midnight.
05:44:09,741 |-INFO in ch.qos.logback.core.rolling.SizeAndTimeBasedFNATP@6b2fad11 - Setting initial period to Tue Jun 11 05:42:47 UTC 2019
05:44:09,741 |-WARN in ch.qos.logback.core.rolling.SizeAndTimeBasedFNATP@6b2fad11 - SizeAndTimeBasedFNATP is deprecated. Use SizeAndTimeBasedRollingPolicy instead
05:44:09,741 |-WARN in ch.qos.logback.core.rolling.SizeAndTimeBasedFNATP@6b2fad11 - For more information see http://logback.qos.ch/manual/appenders.html#SizeAndTimeBasedRollingPolicy
05:44:09,745 |-INFO in ch.qos.logback.core.joran.action.NestedComplexPropertyIA - Assuming default type [ch.qos.logback.classic.encoder.PatternLayoutEncoder] for [encoder] property
05:44:09,750 |-INFO in ch.qos.logback.core.rolling.RollingFileAppender[FILE] - Active log file name: /tmp/application.log
05:44:09,750 |-INFO in ch.qos.logback.core.rolling.RollingFileAppender[FILE] - File property is set to [/tmp/application.log]
05:44:09,751 |-INFO in ch.qos.logback.classic.joran.action.RootLoggerAction - Setting level of ROOT logger to WARN
05:44:09,751 |-INFO in ch.qos.logback.core.joran.action.AppenderRefAction - Attaching appender named [STDOUT] to Logger[ROOT]
05:44:09,753 |-INFO in ch.qos.logback.core.joran.action.AppenderRefAction - Attaching appender named [FILE] to Logger[ROOT]
05:44:09,753 |-INFO in ch.qos.logback.classic.joran.action.ConfigurationAction - End of configuration.
05:44:09,753 |-INFO in ch.qos.logback.classic.joran.JoranConfigurator@79698539 - Registering current configuration as safe fallback point

Ama winner
Ama winner
2019-06-11T05:44:11.084+0000: 1.784: [Full GC (Metadata GC Threshold) 2019-06-11T05:44:11.084+0000: 1.784: [Tenured: 0K->15144K(341376K), 0.0401715 secs] 112225K->15144K(494976K), [Metaspace: 20736K->20736K(1067008K)], 0.0402416 secs] [Times: user=0.03 sys=0.01, real=0.04 secs] 
05:44:29.660 [Curator-PathChildrenCache-1] WARN  o.a.c.u.ZKPaths  - The version of ZooKeeper being used doesn't support Container nodes. CreateMode.PERSISTENT will be used instead.
2019-06-11T05:44:31.966+0000: 22.665: [GC (Allocation Failure) 2019-06-11T05:44:31.966+0000: 22.665: [DefNew: 136576K->17023K(153600K), 0.0257435 secs] 151720K->52494K(494976K), 0.0258094 secs] [Times: user=0.01 sys=0.01, real=0.03 secs] 
2019-06-11T05:44:32.982+0000: 23.681: [Full GC (Metadata GC Threshold) 2019-06-11T05:44:32.982+0000: 23.681: [Tenured: 35470K->44032K(341376K), 0.0428141 secs] 81452K->44032K(494976K), [Metaspace: 34611K->34611K(1079296K)], 0.0428922 secs] [Times: user=0.04 sys=0.00, real=0.04 secs] 
2019-06-11T05:44:37.693+0000: 28.393: [GC (Allocation Failure) 2019-06-11T05:44:37.693+0000: 28.393: [DefNew: 136576K->71K(153600K), 0.0019259 secs] 180608K->44104K(494976K), 0.0019844 secs] [Times: user=0.00 sys=0.00, real=0.00 secs] 
2019-06-11T05:44:42.378+0000: 33.079: [GC (Allocation Failure) 2019-06-11T05:44:42.379+0000: 33.079: [DefNew: 136647K->73K(153600K), 0.0018315 secs] 180680K->44105K(494976K), 0.0030361 secs] [Times: user=0.00 sys=0.00, real=0.00 secs] 
2019-06-11T05:44:47.116+0000: 37.815: [GC (Allocation Failure) 2019-06-11T05:44:47.116+0000: 37.815: [DefNew: 136649K->74K(153600K), 0.0017916 secs] 180681K->44107K(494976K), 0.0018520 secs] [Times: user=0.00 sys=0.00, real=0.01 secs] 
2019-06-11T05:44:53.162+0000: 43.862: [GC (Allocation Failure) 2019-06-11T05:44:53.162+0000: 43.862: [DefNew: 136650K->77K(153600K), 0.0019061 secs] 180683K->44110K(494976K), 0.0019766 secs] [Times: user=0.00 sys=0.00, real=0.00 secs] 
05:45:08.874 [Curator-PathChildrenCache-0] ERROR o.a.c.f.r.c.PathChildrenCache  - 
java.lang.IllegalStateException: instance must be started before calling this method
	at org.apache.curator.shaded.com.google.common.base.Preconditions.checkState(Preconditions.java:444)
	at org.apache.curator.framework.imps.CuratorFrameworkImpl.getChildren(CuratorFrameworkImpl.java:456)
	at org.apache.curator.framework.recipes.cache.PathChildrenCache.refresh(PathChildrenCache.java:521)
	at org.apache.curator.framework.recipes.cache.RefreshOperation.invoke(RefreshOperation.java:35)
	at org.apache.curator.framework.recipes.cache.PathChildrenCache$9.run(PathChildrenCache.java:786)
	at java.util.concurrent.Executors$RunnableAdapter.call(Executors.java:511)
	at java.util.concurrent.FutureTask.run(FutureTask.java:266)
	at java.util.concurrent.Executors$RunnableAdapter.call(Executors.java:511)
	at java.util.concurrent.FutureTask.run(FutureTask.java:266)
	at java.util.concurrent.ThreadPoolExecutor.runWorker(ThreadPoolExecutor.java:1149)
	at java.util.concurrent.ThreadPoolExecutor$Worker.run(ThreadPoolExecutor.java:624)
	at java.lang.Thread.run(Thread.java:748)
2019-06-11T05:45:09.175+0000: 59.874: [GC (Allocation Failure) 2019-06-11T05:45:09.175+0000: 59.874: [DefNew: 136653K->822K(153600K), 0.0030800 secs] 180686K->44855K(494976K), 0.0031422 secs] [Times: user=0.00 sys=0.00, real=0.01 secs] 
Heap
 def new generation   total 153600K, used 7679K [0x00000000e0c00000, 0x00000000eb2a0000, 0x00000000eb2a0000)
  eden space 136576K,   5% used [0x00000000e0c00000, 0x00000000e12b2320, 0x00000000e9160000)
  from space 17024K,   4% used [0x00000000e9160000, 0x00000000e922daf8, 0x00000000ea200000)
  to   space 17024K,   0% used [0x00000000ea200000, 0x00000000ea200000, 0x00000000eb2a0000)
 tenured generation   total 341376K, used 44032K [0x00000000eb2a0000, 0x0000000100000000, 0x0000000100000000)
   the space 341376K,  12% used [0x00000000eb2a0000, 0x00000000edda0388, 0x00000000edda0400, 0x0000000100000000)
 Metaspace       used 35947K, capacity 36878K, committed 37120K, reserved 1081344K
  class space    used 4848K, capacity 5061K, committed 5120K, reserved 1048576K
