19:42:20,783 |-INFO in ch.qos.logback.classic.LoggerContext[default] - Could NOT find resource [logback-test.xml]
19:42:20,783 |-INFO in ch.qos.logback.classic.LoggerContext[default] - Could NOT find resource [logback.groovy]
19:42:20,784 |-INFO in ch.qos.logback.classic.LoggerContext[default] - Found resource [logback.xml] at [jar:file:/root/flamestream/lib/flamestream-runtime-1.0-SNAPSHOT.jar!/logback.xml]
19:42:20,784 |-WARN in ch.qos.logback.classic.LoggerContext[default] - Resource [logback.xml] occurs multiple times on the classpath.
19:42:20,785 |-WARN in ch.qos.logback.classic.LoggerContext[default] - Resource [logback.xml] occurs at [jar:file:/root/flamestream/lib/flamestream-runtime-1.0-SNAPSHOT.jar!/logback.xml]
19:42:20,785 |-WARN in ch.qos.logback.classic.LoggerContext[default] - Resource [logback.xml] occurs at [jar:file:/root/flamestream/flamestream-runtime-1.0-SNAPSHOT.jar!/logback.xml]
19:42:20,805 |-INFO in ch.qos.logback.core.joran.spi.ConfigurationWatchList@3fb6a447 - URL [jar:file:/root/flamestream/lib/flamestream-runtime-1.0-SNAPSHOT.jar!/logback.xml] is not of type file
19:42:20,876 |-INFO in ch.qos.logback.classic.joran.action.ConfigurationAction - debug attribute not set
19:42:20,876 |-INFO in ch.qos.logback.core.joran.action.AppenderAction - About to instantiate appender of type [ch.qos.logback.core.ConsoleAppender]
19:42:20,891 |-INFO in ch.qos.logback.core.joran.action.AppenderAction - Naming appender as [STDOUT]
19:42:20,911 |-INFO in ch.qos.logback.core.joran.action.NestedComplexPropertyIA - Assuming default type [ch.qos.logback.classic.encoder.PatternLayoutEncoder] for [encoder] property
19:42:20,995 |-INFO in ch.qos.logback.core.joran.action.AppenderAction - About to instantiate appender of type [ch.qos.logback.core.rolling.RollingFileAppender]
19:42:21,000 |-INFO in ch.qos.logback.core.joran.action.AppenderAction - Naming appender as [FILE]
19:42:21,032 |-INFO in c.q.l.core.rolling.TimeBasedRollingPolicy@127618319 - No compression will be used
19:42:21,033 |-INFO in c.q.l.core.rolling.TimeBasedRollingPolicy@127618319 - Will use the pattern /tmp/application_%d{yyyy-MM-dd}.%i.log for the active file
19:42:21,036 |-INFO in ch.qos.logback.core.rolling.SizeAndTimeBasedFNATP@6b2fad11 - The date pattern is 'yyyy-MM-dd' from file name pattern '/tmp/application_%d{yyyy-MM-dd}.%i.log'.
19:42:21,036 |-INFO in ch.qos.logback.core.rolling.SizeAndTimeBasedFNATP@6b2fad11 - Roll-over at midnight.
19:42:21,041 |-INFO in ch.qos.logback.core.rolling.SizeAndTimeBasedFNATP@6b2fad11 - Setting initial period to Mon Jun 10 19:41:01 UTC 2019
19:42:21,041 |-WARN in ch.qos.logback.core.rolling.SizeAndTimeBasedFNATP@6b2fad11 - SizeAndTimeBasedFNATP is deprecated. Use SizeAndTimeBasedRollingPolicy instead
19:42:21,041 |-WARN in ch.qos.logback.core.rolling.SizeAndTimeBasedFNATP@6b2fad11 - For more information see http://logback.qos.ch/manual/appenders.html#SizeAndTimeBasedRollingPolicy
19:42:21,045 |-INFO in ch.qos.logback.core.joran.action.NestedComplexPropertyIA - Assuming default type [ch.qos.logback.classic.encoder.PatternLayoutEncoder] for [encoder] property
19:42:21,050 |-INFO in ch.qos.logback.core.rolling.RollingFileAppender[FILE] - Active log file name: /tmp/application.log
19:42:21,050 |-INFO in ch.qos.logback.core.rolling.RollingFileAppender[FILE] - File property is set to [/tmp/application.log]
19:42:21,051 |-INFO in ch.qos.logback.classic.joran.action.RootLoggerAction - Setting level of ROOT logger to WARN
19:42:21,051 |-INFO in ch.qos.logback.core.joran.action.AppenderRefAction - Attaching appender named [STDOUT] to Logger[ROOT]
19:42:21,053 |-INFO in ch.qos.logback.core.joran.action.AppenderRefAction - Attaching appender named [FILE] to Logger[ROOT]
19:42:21,053 |-INFO in ch.qos.logback.classic.joran.action.ConfigurationAction - End of configuration.
19:42:21,054 |-INFO in ch.qos.logback.classic.joran.JoranConfigurator@79698539 - Registering current configuration as safe fallback point

Ama winner
Ama winner
2019-06-10T19:42:22.347+0000: 1.748: [Full GC (Metadata GC Threshold) 2019-06-10T19:42:22.347+0000: 1.748: [Tenured: 0K->15176K(341376K), 0.0381621 secs] 114924K->15176K(494976K), [Metaspace: 20734K->20734K(1067008K)], 0.0382302 secs] [Times: user=0.04 sys=0.00, real=0.04 secs] 
19:42:35.321 [Curator-PathChildrenCache-1] WARN  o.a.c.u.ZKPaths  - The version of ZooKeeper being used doesn't support Container nodes. CreateMode.PERSISTENT will be used instead.
2019-06-10T19:42:37.760+0000: 17.161: [GC (GCLocker Initiated GC) 2019-06-10T19:42:37.760+0000: 17.161: [DefNew: 118872K->17023K(153600K), 0.0175034 secs] 153580K->52257K(494976K), 0.0175746 secs] [Times: user=0.00 sys=0.01, real=0.02 secs] 
2019-06-10T19:42:44.856+0000: 24.257: [GC (Allocation Failure) 2019-06-10T19:42:44.856+0000: 24.257: [DefNew: 153599K->578K(153600K), 0.0104324 secs] 188833K->43732K(494976K), 0.0105004 secs] [Times: user=0.01 sys=0.00, real=0.01 secs] 
2019-06-10T19:42:45.053+0000: 24.454: [Full GC (Metadata GC Threshold) 2019-06-10T19:42:45.053+0000: 24.454: [Tenured: 43154K->43642K(341376K), 0.0346991 secs] 50195K->43642K(494976K), [Metaspace: 34649K->34649K(1079296K)], 0.0347783 secs] [Times: user=0.03 sys=0.00, real=0.04 secs] 
2019-06-10T19:42:52.110+0000: 31.511: [GC (Allocation Failure) 2019-06-10T19:42:52.110+0000: 31.511: [DefNew: 136576K->50K(153600K), 0.0017201 secs] 180218K->43692K(494976K), 0.0017782 secs] [Times: user=0.00 sys=0.00, real=0.00 secs] 
2019-06-10T19:42:59.287+0000: 38.688: [GC (Allocation Failure) 2019-06-10T19:42:59.287+0000: 38.688: [DefNew: 136626K->55K(153600K), 0.0016437 secs] 180268K->43697K(494976K), 0.0017142 secs] [Times: user=0.00 sys=0.00, real=0.00 secs] 
2019-06-10T19:43:06.549+0000: 45.949: [GC (Allocation Failure) 2019-06-10T19:43:06.549+0000: 45.949: [DefNew: 136631K->56K(153600K), 0.0016414 secs] 180273K->43698K(494976K), 0.0017084 secs] [Times: user=0.00 sys=0.00, real=0.00 secs] 
2019-06-10T19:43:13.777+0000: 53.178: [GC (Allocation Failure) 2019-06-10T19:43:13.777+0000: 53.178: [DefNew: 136632K->54K(153600K), 0.0017208 secs] 180274K->43696K(494976K), 0.0017856 secs] [Times: user=0.00 sys=0.00, real=0.00 secs] 
19:43:27.849 [Curator-PathChildrenCache-0] ERROR o.a.c.f.r.c.PathChildrenCache  - 
java.lang.IllegalStateException: instance must be started before calling this method
	at org.apache.curator.shaded.com.google.common.base.Preconditions.checkState(Preconditions.java:444)
	at org.apache.curator.framework.imps.CuratorFrameworkImpl.getChildren(CuratorFrameworkImpl.java:456)
	at org.apache.curator.framework.recipes.cache.PathChildrenCache.refresh(PathChildrenCache.java:521)
	at org.apache.curator.framework.recipes.cache.RefreshOperation.invoke(RefreshOperation.java:35)
	at org.apache.curator.framework.recipes.cache.PathChildrenCache$9.run(PathChildrenCache.java:786)
	at java.util.concurrent.Executors$RunnableAdapter.call(Executors.java:511)
	at java.util.concurrent.FutureTask.run(FutureTask.java:266)
	at java.util.concurrent.Executors$RunnableAdapter.call(Executors.java:511)
	at java.util.concurrent.FutureTask.run(FutureTask.java:266)
	at java.util.concurrent.ThreadPoolExecutor.runWorker(ThreadPoolExecutor.java:1149)
	at java.util.concurrent.ThreadPoolExecutor$Worker.run(ThreadPoolExecutor.java:624)
	at java.lang.Thread.run(Thread.java:748)
Heap
 def new generation   total 153600K, used 134848K [0x00000000e0c00000, 0x00000000eb2a0000, 0x00000000eb2a0000)
  eden space 136576K,  98% used [0x00000000e0c00000, 0x00000000e8fa2a90, 0x00000000e9160000)
  from space 17024K,   0% used [0x00000000e9160000, 0x00000000e916d8b8, 0x00000000ea200000)
  to   space 17024K,   0% used [0x00000000ea200000, 0x00000000ea200000, 0x00000000eb2a0000)
 tenured generation   total 341376K, used 43642K [0x00000000eb2a0000, 0x0000000100000000, 0x0000000100000000)
   the space 341376K,  12% used [0x00000000eb2a0000, 0x00000000edd3e8c8, 0x00000000edd3ea00, 0x0000000100000000)
 Metaspace       used 36026K, capacity 36928K, committed 37120K, reserved 1081344K
  class space    used 4868K, capacity 5074K, committed 5120K, reserved 1048576K
