08:22:47,885 |-INFO in ch.qos.logback.classic.LoggerContext[default] - Could NOT find resource [logback-test.xml]
08:22:47,885 |-INFO in ch.qos.logback.classic.LoggerContext[default] - Could NOT find resource [logback.groovy]
08:22:47,885 |-INFO in ch.qos.logback.classic.LoggerContext[default] - Found resource [logback.xml] at [jar:file:/root/flamestream/lib/flamestream-runtime-1.0-SNAPSHOT.jar!/logback.xml]
08:22:47,886 |-WARN in ch.qos.logback.classic.LoggerContext[default] - Resource [logback.xml] occurs multiple times on the classpath.
08:22:47,886 |-WARN in ch.qos.logback.classic.LoggerContext[default] - Resource [logback.xml] occurs at [jar:file:/root/flamestream/lib/flamestream-runtime-1.0-SNAPSHOT.jar!/logback.xml]
08:22:47,886 |-WARN in ch.qos.logback.classic.LoggerContext[default] - Resource [logback.xml] occurs at [jar:file:/root/flamestream/flamestream-runtime-1.0-SNAPSHOT.jar!/logback.xml]
08:22:47,905 |-INFO in ch.qos.logback.core.joran.spi.ConfigurationWatchList@3fb6a447 - URL [jar:file:/root/flamestream/lib/flamestream-runtime-1.0-SNAPSHOT.jar!/logback.xml] is not of type file
08:22:47,971 |-INFO in ch.qos.logback.classic.joran.action.ConfigurationAction - debug attribute not set
08:22:47,971 |-INFO in ch.qos.logback.core.joran.action.AppenderAction - About to instantiate appender of type [ch.qos.logback.core.ConsoleAppender]
08:22:47,987 |-INFO in ch.qos.logback.core.joran.action.AppenderAction - Naming appender as [STDOUT]
08:22:48,007 |-INFO in ch.qos.logback.core.joran.action.NestedComplexPropertyIA - Assuming default type [ch.qos.logback.classic.encoder.PatternLayoutEncoder] for [encoder] property
08:22:48,088 |-INFO in ch.qos.logback.core.joran.action.AppenderAction - About to instantiate appender of type [ch.qos.logback.core.rolling.RollingFileAppender]
08:22:48,097 |-INFO in ch.qos.logback.core.joran.action.AppenderAction - Naming appender as [FILE]
08:22:48,127 |-INFO in c.q.l.core.rolling.TimeBasedRollingPolicy@127618319 - No compression will be used
08:22:48,128 |-INFO in c.q.l.core.rolling.TimeBasedRollingPolicy@127618319 - Will use the pattern /tmp/application_%d{yyyy-MM-dd}.%i.log for the active file
08:22:48,131 |-INFO in ch.qos.logback.core.rolling.SizeAndTimeBasedFNATP@6b2fad11 - The date pattern is 'yyyy-MM-dd' from file name pattern '/tmp/application_%d{yyyy-MM-dd}.%i.log'.
08:22:48,131 |-INFO in ch.qos.logback.core.rolling.SizeAndTimeBasedFNATP@6b2fad11 - Roll-over at midnight.
08:22:48,137 |-INFO in ch.qos.logback.core.rolling.SizeAndTimeBasedFNATP@6b2fad11 - Setting initial period to Tue Jun 11 08:21:36 UTC 2019
08:22:48,137 |-WARN in ch.qos.logback.core.rolling.SizeAndTimeBasedFNATP@6b2fad11 - SizeAndTimeBasedFNATP is deprecated. Use SizeAndTimeBasedRollingPolicy instead
08:22:48,137 |-WARN in ch.qos.logback.core.rolling.SizeAndTimeBasedFNATP@6b2fad11 - For more information see http://logback.qos.ch/manual/appenders.html#SizeAndTimeBasedRollingPolicy
08:22:48,141 |-INFO in ch.qos.logback.core.joran.action.NestedComplexPropertyIA - Assuming default type [ch.qos.logback.classic.encoder.PatternLayoutEncoder] for [encoder] property
08:22:48,146 |-INFO in ch.qos.logback.core.rolling.RollingFileAppender[FILE] - Active log file name: /tmp/application.log
08:22:48,146 |-INFO in ch.qos.logback.core.rolling.RollingFileAppender[FILE] - File property is set to [/tmp/application.log]
08:22:48,147 |-INFO in ch.qos.logback.classic.joran.action.RootLoggerAction - Setting level of ROOT logger to WARN
08:22:48,147 |-INFO in ch.qos.logback.core.joran.action.AppenderRefAction - Attaching appender named [STDOUT] to Logger[ROOT]
08:22:48,149 |-INFO in ch.qos.logback.core.joran.action.AppenderRefAction - Attaching appender named [FILE] to Logger[ROOT]
08:22:48,149 |-INFO in ch.qos.logback.classic.joran.action.ConfigurationAction - End of configuration.
08:22:48,150 |-INFO in ch.qos.logback.classic.joran.JoranConfigurator@79698539 - Registering current configuration as safe fallback point

Ama winner
Ama winner
2019-06-11T08:22:49.774+0000: 2.074: [Full GC (Metadata GC Threshold) 2019-06-11T08:22:49.775+0000: 2.074: [Tenured: 0K->15176K(341376K), 0.0380589 secs] 120546K->15176K(494976K), [Metaspace: 20729K->20729K(1067008K)], 0.0381260 secs] [Times: user=0.03 sys=0.00, real=0.04 secs] 
08:23:03.242 [Curator-PathChildrenCache-1] WARN  o.a.c.u.ZKPaths  - The version of ZooKeeper being used doesn't support Container nodes. CreateMode.PERSISTENT will be used instead.
2019-06-11T08:23:05.514+0000: 17.813: [GC (Allocation Failure) 2019-06-11T08:23:05.514+0000: 17.813: [DefNew: 136576K->17023K(153600K), 0.0261617 secs] 151752K->52228K(494976K), 0.0262305 secs] [Times: user=0.02 sys=0.01, real=0.03 secs] 
2019-06-11T08:23:11.127+0000: 23.427: [GC (Allocation Failure) 2019-06-11T08:23:11.127+0000: 23.427: [DefNew: 153599K->504K(153600K), 0.0099234 secs] 188804K->43634K(494976K), 0.0099888 secs] [Times: user=0.00 sys=0.00, real=0.01 secs] 
2019-06-11T08:23:16.783+0000: 29.082: [GC (Allocation Failure) 2019-06-11T08:23:16.783+0000: 29.082: [DefNew: 137080K->421K(153600K), 0.0029070 secs] 180210K->43550K(494976K), 0.0029676 secs] [Times: user=0.00 sys=0.00, real=0.01 secs] 
2019-06-11T08:23:17.049+0000: 29.349: [Full GC (Metadata GC Threshold) 2019-06-11T08:23:17.049+0000: 29.349: [Tenured: 43129K->43549K(341376K), 0.0308861 secs] 51786K->43549K(494976K), [Metaspace: 34634K->34634K(1079296K)], 0.0309716 secs] [Times: user=0.03 sys=0.00, real=0.03 secs] 
2019-06-11T08:23:22.689+0000: 34.989: [GC (Allocation Failure) 2019-06-11T08:23:22.689+0000: 34.989: [DefNew: 136576K->48K(153600K), 0.0016542 secs] 180125K->43597K(494976K), 0.0017275 secs] [Times: user=0.00 sys=0.00, real=0.00 secs] 
2019-06-11T08:23:28.377+0000: 40.676: [GC (Allocation Failure) 2019-06-11T08:23:28.377+0000: 40.676: [DefNew: 136624K->48K(153600K), 0.0015396 secs] 180173K->43597K(494976K), 0.0015995 secs] [Times: user=0.01 sys=0.00, real=0.00 secs] 
2019-06-11T08:23:34.092+0000: 46.391: [GC (Allocation Failure) 2019-06-11T08:23:34.092+0000: 46.391: [DefNew: 136624K->50K(153600K), 0.0015553 secs] 180173K->43599K(494976K), 0.0016160 secs] [Times: user=0.00 sys=0.00, real=0.00 secs] 
08:23:45.639 [Curator-PathChildrenCache-0] ERROR o.a.c.f.r.c.PathChildrenCache  - 
java.lang.IllegalStateException: instance must be started before calling this method
	at org.apache.curator.shaded.com.google.common.base.Preconditions.checkState(Preconditions.java:444)
	at org.apache.curator.framework.imps.CuratorFrameworkImpl.getChildren(CuratorFrameworkImpl.java:456)
	at org.apache.curator.framework.recipes.cache.PathChildrenCache.refresh(PathChildrenCache.java:521)
	at org.apache.curator.framework.recipes.cache.RefreshOperation.invoke(RefreshOperation.java:35)
	at org.apache.curator.framework.recipes.cache.PathChildrenCache$9.run(PathChildrenCache.java:786)
	at java.util.concurrent.Executors$RunnableAdapter.call(Executors.java:511)
	at java.util.concurrent.FutureTask.run(FutureTask.java:266)
	at java.util.concurrent.Executors$RunnableAdapter.call(Executors.java:511)
	at java.util.concurrent.FutureTask.run(FutureTask.java:266)
	at java.util.concurrent.ThreadPoolExecutor.runWorker(ThreadPoolExecutor.java:1149)
	at java.util.concurrent.ThreadPoolExecutor$Worker.run(ThreadPoolExecutor.java:624)
	at java.lang.Thread.run(Thread.java:748)
Heap
 def new generation   total 153600K, used 67522K [0x00000000e0c00000, 0x00000000eb2a0000, 0x00000000eb2a0000)
  eden space 136576K,  49% used [0x00000000e0c00000, 0x00000000e4de41f0, 0x00000000e9160000)
  from space 17024K,   0% used [0x00000000e9160000, 0x00000000e916c8d8, 0x00000000ea200000)
  to   space 17024K,   0% used [0x00000000ea200000, 0x00000000ea200000, 0x00000000eb2a0000)
 tenured generation   total 341376K, used 43549K [0x00000000eb2a0000, 0x0000000100000000, 0x0000000100000000)
   the space 341376K,  12% used [0x00000000eb2a0000, 0x00000000edd27530, 0x00000000edd27600, 0x0000000100000000)
 Metaspace       used 35680K, capacity 36634K, committed 36864K, reserved 1081344K
  class space    used 4830K, capacity 5041K, committed 5120K, reserved 1048576K
