12:36:30,233 |-INFO in ch.qos.logback.classic.LoggerContext[default] - Could NOT find resource [logback-test.xml]
12:36:30,233 |-INFO in ch.qos.logback.classic.LoggerContext[default] - Could NOT find resource [logback.groovy]
12:36:30,233 |-INFO in ch.qos.logback.classic.LoggerContext[default] - Found resource [logback.xml] at [jar:file:/home/nikitasokolov/flamestream/lib/flamestream-runtime-1.0-SNAPSHOT.jar!/logback.xml]
12:36:30,234 |-WARN in ch.qos.logback.classic.LoggerContext[default] - Resource [logback.xml] occurs multiple times on the classpath.
12:36:30,234 |-WARN in ch.qos.logback.classic.LoggerContext[default] - Resource [logback.xml] occurs at [jar:file:/home/nikitasokolov/flamestream/lib/flamestream-runtime-1.0-SNAPSHOT.jar!/logback.xml]
12:36:30,234 |-WARN in ch.qos.logback.classic.LoggerContext[default] - Resource [logback.xml] occurs at [jar:file:/home/nikitasokolov/flamestream/flamestream-runtime-1.0-SNAPSHOT.jar!/logback.xml]
12:36:30,254 |-INFO in ch.qos.logback.core.joran.spi.ConfigurationWatchList@6108b2d7 - URL [jar:file:/home/nikitasokolov/flamestream/lib/flamestream-runtime-1.0-SNAPSHOT.jar!/logback.xml] is not of type file
12:36:30,306 |-INFO in ch.qos.logback.classic.joran.action.ConfigurationAction - debug attribute not set
12:36:30,307 |-INFO in ch.qos.logback.core.joran.action.AppenderAction - About to instantiate appender of type [ch.qos.logback.core.ConsoleAppender]
12:36:30,316 |-INFO in ch.qos.logback.core.joran.action.AppenderAction - Naming appender as [STDOUT]
12:36:30,324 |-INFO in ch.qos.logback.core.joran.action.NestedComplexPropertyIA - Assuming default type [ch.qos.logback.classic.encoder.PatternLayoutEncoder] for [encoder] property
12:36:30,379 |-INFO in ch.qos.logback.core.joran.action.AppenderAction - About to instantiate appender of type [ch.qos.logback.core.rolling.RollingFileAppender]
12:36:30,385 |-INFO in ch.qos.logback.core.joran.action.AppenderAction - Naming appender as [FILE]
12:36:30,407 |-INFO in c.q.l.core.rolling.TimeBasedRollingPolicy@357863579 - No compression will be used
12:36:30,408 |-INFO in c.q.l.core.rolling.TimeBasedRollingPolicy@357863579 - Will use the pattern /tmp/application_%d{yyyy-MM-dd}.%i.log for the active file
12:36:30,411 |-INFO in ch.qos.logback.core.rolling.SizeAndTimeBasedFNATP@6bf256fa - The date pattern is 'yyyy-MM-dd' from file name pattern '/tmp/application_%d{yyyy-MM-dd}.%i.log'.
12:36:30,411 |-INFO in ch.qos.logback.core.rolling.SizeAndTimeBasedFNATP@6bf256fa - Roll-over at midnight.
12:36:30,415 |-INFO in ch.qos.logback.core.rolling.SizeAndTimeBasedFNATP@6bf256fa - Setting initial period to Sun Jun 09 12:35:44 MSK 2019
12:36:30,415 |-WARN in ch.qos.logback.core.rolling.SizeAndTimeBasedFNATP@6bf256fa - SizeAndTimeBasedFNATP is deprecated. Use SizeAndTimeBasedRollingPolicy instead
12:36:30,415 |-WARN in ch.qos.logback.core.rolling.SizeAndTimeBasedFNATP@6bf256fa - For more information see http://logback.qos.ch/manual/appenders.html#SizeAndTimeBasedRollingPolicy
12:36:30,419 |-INFO in ch.qos.logback.core.joran.action.NestedComplexPropertyIA - Assuming default type [ch.qos.logback.classic.encoder.PatternLayoutEncoder] for [encoder] property
12:36:30,422 |-INFO in ch.qos.logback.core.rolling.RollingFileAppender[FILE] - Active log file name: /tmp/application.log
12:36:30,422 |-INFO in ch.qos.logback.core.rolling.RollingFileAppender[FILE] - File property is set to [/tmp/application.log]
12:36:30,423 |-INFO in ch.qos.logback.classic.joran.action.RootLoggerAction - Setting level of ROOT logger to WARN
12:36:30,423 |-INFO in ch.qos.logback.core.joran.action.AppenderRefAction - Attaching appender named [STDOUT] to Logger[ROOT]
12:36:30,423 |-INFO in ch.qos.logback.core.joran.action.AppenderRefAction - Attaching appender named [FILE] to Logger[ROOT]
12:36:30,423 |-INFO in ch.qos.logback.classic.joran.action.ConfigurationAction - End of configuration.
12:36:30,424 |-INFO in ch.qos.logback.classic.joran.JoranConfigurator@6cd8737 - Registering current configuration as safe fallback point

2019-06-09T12:36:31.447+0300: 1.408: [GC (Metadata GC Threshold) [PSYoungGen: 110721K->15915K(149504K)] 110721K->15995K(491008K), 0.0290746 secs] [Times: user=0.13 sys=0.04, real=0.03 secs] 
2019-06-09T12:36:31.476+0300: 1.438: [Full GC (Metadata GC Threshold) [PSYoungGen: 15915K->0K(149504K)] [ParOldGen: 80K->15078K(341504K)] 15995K->15078K(491008K), [Metaspace: 20802K->20802K(1067008K)], 0.0267525 secs] [Times: user=0.16 sys=0.01, real=0.03 secs] 
12:36:43.570 [Curator-PathChildrenCache-1] WARN  o.a.c.u.ZKPaths  - The version of ZooKeeper being used doesn't support Container nodes. CreateMode.PERSISTENT will be used instead.
2019-06-09T12:36:44.428+0300: 14.389: [GC (Metadata GC Threshold) [PSYoungGen: 124116K->15856K(149504K)] 139195K->50474K(491008K), 0.0284237 secs] [Times: user=0.22 sys=0.02, real=0.03 secs] 
2019-06-09T12:36:44.456+0300: 14.418: [Full GC (Metadata GC Threshold) [PSYoungGen: 15856K->0K(149504K)] [ParOldGen: 34617K->38951K(341504K)] 50474K->38951K(491008K), [Metaspace: 34538K->34538K(1079296K)], 0.0367036 secs] [Times: user=0.19 sys=0.01, real=0.04 secs] 
2019-06-09T12:36:49.496+0300: 19.458: [GC (Allocation Failure) [PSYoungGen: 128512K->384K(149504K)] 167463K->39343K(491008K), 0.0056620 secs] [Times: user=0.02 sys=0.03, real=0.01 secs] 
2019-06-09T12:36:55.212+0300: 25.224: [GC (Allocation Failure) [PSYoungGen: 128896K->352K(149504K)] 167855K->39311K(491008K), 0.0539023 secs] [Times: user=0.02 sys=0.00, real=0.05 secs] 
2019-06-09T12:37:01.035+0300: 30.996: [GC (Allocation Failure) [PSYoungGen: 128864K->320K(129024K)] 167823K->39287K(470528K), 0.0039322 secs] [Times: user=0.02 sys=0.00, real=0.01 secs] 
2019-06-09T12:37:06.785+0300: 36.746: [GC (Allocation Failure) [PSYoungGen: 128832K->480K(150016K)] 167799K->39455K(491520K), 0.0027631 secs] [Times: user=0.01 sys=0.00, real=0.00 secs] 
2019-06-09T12:37:12.647+0300: 42.609: [GC (Allocation Failure) [PSYoungGen: 128992K->352K(148992K)] 167967K->39327K(490496K), 0.0031332 secs] [Times: user=0.01 sys=0.00, real=0.01 secs] 
2019-06-09T12:37:18.506+0300: 48.508: [GC (Allocation Failure) [PSYoungGen: 128864K->480K(151552K)] 167839K->39455K(493056K), 0.0439525 secs] [Times: user=0.01 sys=0.00, real=0.05 secs] 
2019-06-09T12:37:24.456+0300: 54.418: [GC (Allocation Failure) [PSYoungGen: 132064K->384K(150528K)] 171039K->39367K(492032K), 0.0031699 secs] [Times: user=0.02 sys=0.00, real=0.01 secs] 
2019-06-09T12:37:30.465+0300: 60.427: [GC (Allocation Failure) [PSYoungGen: 131968K->320K(153088K)] 170951K->39311K(494592K), 0.0027711 secs] [Times: user=0.01 sys=0.00, real=0.00 secs] 
12:37:47.851 [Curator-PathChildrenCache-0] ERROR o.a.c.f.r.c.PathChildrenCache  - 
java.lang.IllegalStateException: instance must be started before calling this method
	at org.apache.curator.shaded.com.google.common.base.Preconditions.checkState(Preconditions.java:444)
	at org.apache.curator.framework.imps.CuratorFrameworkImpl.getChildren(CuratorFrameworkImpl.java:456)
	at org.apache.curator.framework.recipes.cache.PathChildrenCache.refresh(PathChildrenCache.java:521)
	at org.apache.curator.framework.recipes.cache.RefreshOperation.invoke(RefreshOperation.java:35)
	at org.apache.curator.framework.recipes.cache.PathChildrenCache$9.run(PathChildrenCache.java:786)
	at java.util.concurrent.Executors$RunnableAdapter.call(Executors.java:511)
	at java.util.concurrent.FutureTask.run(FutureTask.java:266)
	at java.util.concurrent.Executors$RunnableAdapter.call(Executors.java:511)
	at java.util.concurrent.FutureTask.run(FutureTask.java:266)
	at java.util.concurrent.ThreadPoolExecutor.runWorker(ThreadPoolExecutor.java:1149)
	at java.util.concurrent.ThreadPoolExecutor$Worker.run(ThreadPoolExecutor.java:624)
	at java.lang.Thread.run(Thread.java:748)
Heap
 PSYoungGen      total 153088K, used 124050K [0x00000000f5980000, 0x0000000100000000, 0x0000000100000000)
  eden space 135168K, 91% used [0x00000000f5980000,0x00000000fd254aa8,0x00000000fdd80000)
  from space 17920K, 1% used [0x00000000fee80000,0x00000000feed0010,0x0000000100000000)
  to   space 17408K, 0% used [0x00000000fdd80000,0x00000000fdd80000,0x00000000fee80000)
 ParOldGen       total 341504K, used 38991K [0x00000000e0c00000, 0x00000000f5980000, 0x00000000f5980000)
  object space 341504K, 11% used [0x00000000e0c00000,0x00000000e3213e70,0x00000000f5980000)
 Metaspace       used 36061K, capacity 36894K, committed 37208K, reserved 1081344K
  class space    used 4979K, capacity 5161K, committed 5248K, reserved 1048576K
