17:05:46,916 |-INFO in ch.qos.logback.classic.LoggerContext[default] - Could NOT find resource [logback-test.xml]
17:05:46,916 |-INFO in ch.qos.logback.classic.LoggerContext[default] - Could NOT find resource [logback.groovy]
17:05:46,917 |-INFO in ch.qos.logback.classic.LoggerContext[default] - Found resource [logback.xml] at [jar:file:/root/flamestream/lib/flamestream-runtime-1.0-SNAPSHOT.jar!/logback.xml]
17:05:46,918 |-WARN in ch.qos.logback.classic.LoggerContext[default] - Resource [logback.xml] occurs multiple times on the classpath.
17:05:46,918 |-WARN in ch.qos.logback.classic.LoggerContext[default] - Resource [logback.xml] occurs at [jar:file:/root/flamestream/lib/flamestream-runtime-1.0-SNAPSHOT.jar!/logback.xml]
17:05:46,918 |-WARN in ch.qos.logback.classic.LoggerContext[default] - Resource [logback.xml] occurs at [jar:file:/root/flamestream/flamestream-runtime-1.0-SNAPSHOT.jar!/logback.xml]
17:05:46,937 |-INFO in ch.qos.logback.core.joran.spi.ConfigurationWatchList@3fb6a447 - URL [jar:file:/root/flamestream/lib/flamestream-runtime-1.0-SNAPSHOT.jar!/logback.xml] is not of type file
17:05:47,009 |-INFO in ch.qos.logback.classic.joran.action.ConfigurationAction - debug attribute not set
17:05:47,009 |-INFO in ch.qos.logback.core.joran.action.AppenderAction - About to instantiate appender of type [ch.qos.logback.core.ConsoleAppender]
17:05:47,026 |-INFO in ch.qos.logback.core.joran.action.AppenderAction - Naming appender as [STDOUT]
17:05:47,040 |-INFO in ch.qos.logback.core.joran.action.NestedComplexPropertyIA - Assuming default type [ch.qos.logback.classic.encoder.PatternLayoutEncoder] for [encoder] property
17:05:47,124 |-INFO in ch.qos.logback.core.joran.action.AppenderAction - About to instantiate appender of type [ch.qos.logback.core.rolling.RollingFileAppender]
17:05:47,129 |-INFO in ch.qos.logback.core.joran.action.AppenderAction - Naming appender as [FILE]
17:05:47,160 |-INFO in c.q.l.core.rolling.TimeBasedRollingPolicy@127618319 - No compression will be used
17:05:47,162 |-INFO in c.q.l.core.rolling.TimeBasedRollingPolicy@127618319 - Will use the pattern /tmp/application_%d{yyyy-MM-dd}.%i.log for the active file
17:05:47,164 |-INFO in ch.qos.logback.core.rolling.SizeAndTimeBasedFNATP@6b2fad11 - The date pattern is 'yyyy-MM-dd' from file name pattern '/tmp/application_%d{yyyy-MM-dd}.%i.log'.
17:05:47,164 |-INFO in ch.qos.logback.core.rolling.SizeAndTimeBasedFNATP@6b2fad11 - Roll-over at midnight.
17:05:47,169 |-INFO in ch.qos.logback.core.rolling.SizeAndTimeBasedFNATP@6b2fad11 - Setting initial period to Mon Jun 10 17:04:17 UTC 2019
17:05:47,170 |-WARN in ch.qos.logback.core.rolling.SizeAndTimeBasedFNATP@6b2fad11 - SizeAndTimeBasedFNATP is deprecated. Use SizeAndTimeBasedRollingPolicy instead
17:05:47,170 |-WARN in ch.qos.logback.core.rolling.SizeAndTimeBasedFNATP@6b2fad11 - For more information see http://logback.qos.ch/manual/appenders.html#SizeAndTimeBasedRollingPolicy
17:05:47,174 |-INFO in ch.qos.logback.core.joran.action.NestedComplexPropertyIA - Assuming default type [ch.qos.logback.classic.encoder.PatternLayoutEncoder] for [encoder] property
17:05:47,178 |-INFO in ch.qos.logback.core.rolling.RollingFileAppender[FILE] - Active log file name: /tmp/application.log
17:05:47,178 |-INFO in ch.qos.logback.core.rolling.RollingFileAppender[FILE] - File property is set to [/tmp/application.log]
17:05:47,179 |-INFO in ch.qos.logback.classic.joran.action.RootLoggerAction - Setting level of ROOT logger to WARN
17:05:47,179 |-INFO in ch.qos.logback.core.joran.action.AppenderRefAction - Attaching appender named [STDOUT] to Logger[ROOT]
17:05:47,181 |-INFO in ch.qos.logback.core.joran.action.AppenderRefAction - Attaching appender named [FILE] to Logger[ROOT]
17:05:47,181 |-INFO in ch.qos.logback.classic.joran.action.ConfigurationAction - End of configuration.
17:05:47,182 |-INFO in ch.qos.logback.classic.joran.JoranConfigurator@79698539 - Registering current configuration as safe fallback point

Ama winner
Ama winner
2019-06-10T17:05:48.779+0000: 2.049: [Full GC (Metadata GC Threshold) 2019-06-10T17:05:48.779+0000: 2.049: [Tenured: 0K->15240K(341376K), 0.0393795 secs] 117782K->15240K(494976K), [Metaspace: 20737K->20737K(1067008K)], 0.0394509 secs] [Times: user=0.04 sys=0.00, real=0.04 secs] 
17:06:10.471 [Curator-PathChildrenCache-1] WARN  o.a.c.u.ZKPaths  - The version of ZooKeeper being used doesn't support Container nodes. CreateMode.PERSISTENT will be used instead.
2019-06-10T17:06:13.057+0000: 26.326: [GC (Allocation Failure) 2019-06-10T17:06:13.057+0000: 26.326: [DefNew: 136576K->17023K(153600K), 0.0252155 secs] 151816K->52844K(494976K), 0.0252890 secs] [Times: user=0.02 sys=0.01, real=0.02 secs] 
2019-06-10T17:06:14.983+0000: 28.252: [Full GC (Metadata GC Threshold) 2019-06-10T17:06:14.983+0000: 28.252: [Tenured: 35820K->44465K(341376K), 0.0452546 secs] 94712K->44465K(494976K), [Metaspace: 34600K->34600K(1079296K)], 0.0453256 secs] [Times: user=0.04 sys=0.00, real=0.05 secs] 
2019-06-10T17:06:21.377+0000: 34.647: [GC (Allocation Failure) 2019-06-10T17:06:21.377+0000: 34.647: [DefNew: 136576K->93K(153600K), 0.0018422 secs] 181041K->44558K(494976K), 0.0019040 secs] [Times: user=0.00 sys=0.00, real=0.00 secs] 
2019-06-10T17:06:27.847+0000: 41.116: [GC (Allocation Failure) 2019-06-10T17:06:27.847+0000: 41.116: [DefNew: 136669K->91K(153600K), 0.0017333 secs] 181134K->44556K(494976K), 0.0018100 secs] [Times: user=0.00 sys=0.00, real=0.00 secs] 
2019-06-10T17:06:34.312+0000: 47.582: [GC (Allocation Failure) 2019-06-10T17:06:34.313+0000: 47.582: [DefNew: 136667K->93K(153600K), 0.0017496 secs] 181132K->44559K(494976K), 0.0018126 secs] [Times: user=0.00 sys=0.00, real=0.01 secs] 
2019-06-10T17:06:40.810+0000: 54.080: [GC (Allocation Failure) 2019-06-10T17:06:40.810+0000: 54.080: [DefNew: 136669K->92K(153600K), 0.0017892 secs] 181135K->44558K(494976K), 0.0018566 secs] [Times: user=0.00 sys=0.00, real=0.00 secs] 
2019-06-10T17:06:53.387+0000: 66.656: [GC (Allocation Failure) 2019-06-10T17:06:53.387+0000: 66.656: [DefNew: 136668K->433K(153600K), 0.0022367 secs] 181134K->44898K(494976K), 0.0022999 secs] [Times: user=0.00 sys=0.00, real=0.00 secs] 
17:06:54.631 [Curator-PathChildrenCache-0] ERROR o.a.c.f.r.c.PathChildrenCache  - 
java.lang.IllegalStateException: instance must be started before calling this method
	at org.apache.curator.shaded.com.google.common.base.Preconditions.checkState(Preconditions.java:444)
	at org.apache.curator.framework.imps.CuratorFrameworkImpl.getChildren(CuratorFrameworkImpl.java:456)
	at org.apache.curator.framework.recipes.cache.PathChildrenCache.refresh(PathChildrenCache.java:521)
	at org.apache.curator.framework.recipes.cache.RefreshOperation.invoke(RefreshOperation.java:35)
	at org.apache.curator.framework.recipes.cache.PathChildrenCache$9.run(PathChildrenCache.java:786)
	at java.util.concurrent.Executors$RunnableAdapter.call(Executors.java:511)
	at java.util.concurrent.FutureTask.run(FutureTask.java:266)
	at java.util.concurrent.Executors$RunnableAdapter.call(Executors.java:511)
	at java.util.concurrent.FutureTask.run(FutureTask.java:266)
	at java.util.concurrent.ThreadPoolExecutor.runWorker(ThreadPoolExecutor.java:1149)
	at java.util.concurrent.ThreadPoolExecutor$Worker.run(ThreadPoolExecutor.java:624)
	at java.lang.Thread.run(Thread.java:748)
Heap
 def new generation   total 153600K, used 26146K [0x00000000e0c00000, 0x00000000eb2a0000, 0x00000000eb2a0000)
  eden space 136576K,  18% used [0x00000000e0c00000, 0x00000000e251c580, 0x00000000e9160000)
  from space 17024K,   2% used [0x00000000e9160000, 0x00000000e91cc4a8, 0x00000000ea200000)
  to   space 17024K,   0% used [0x00000000ea200000, 0x00000000ea200000, 0x00000000eb2a0000)
 tenured generation   total 341376K, used 44465K [0x00000000eb2a0000, 0x0000000100000000, 0x0000000100000000)
   the space 341376K,  13% used [0x00000000eb2a0000, 0x00000000ede0c618, 0x00000000ede0c800, 0x0000000100000000)
 Metaspace       used 36027K, capacity 36928K, committed 37120K, reserved 1081344K
  class space    used 4867K, capacity 5074K, committed 5120K, reserved 1048576K
