13:05:49,810 |-INFO in ch.qos.logback.classic.LoggerContext[default] - Could NOT find resource [logback-test.xml]
13:05:49,810 |-INFO in ch.qos.logback.classic.LoggerContext[default] - Could NOT find resource [logback.groovy]
13:05:49,810 |-INFO in ch.qos.logback.classic.LoggerContext[default] - Found resource [logback.xml] at [jar:file:/root/flamestream/lib/flamestream-runtime-1.0-SNAPSHOT.jar!/logback.xml]
13:05:49,811 |-WARN in ch.qos.logback.classic.LoggerContext[default] - Resource [logback.xml] occurs multiple times on the classpath.
13:05:49,811 |-WARN in ch.qos.logback.classic.LoggerContext[default] - Resource [logback.xml] occurs at [jar:file:/root/flamestream/lib/flamestream-runtime-1.0-SNAPSHOT.jar!/logback.xml]
13:05:49,811 |-WARN in ch.qos.logback.classic.LoggerContext[default] - Resource [logback.xml] occurs at [jar:file:/root/flamestream/flamestream-runtime-1.0-SNAPSHOT.jar!/logback.xml]
13:05:49,830 |-INFO in ch.qos.logback.core.joran.spi.ConfigurationWatchList@3fb6a447 - URL [jar:file:/root/flamestream/lib/flamestream-runtime-1.0-SNAPSHOT.jar!/logback.xml] is not of type file
13:05:49,899 |-INFO in ch.qos.logback.classic.joran.action.ConfigurationAction - debug attribute not set
13:05:49,900 |-INFO in ch.qos.logback.core.joran.action.AppenderAction - About to instantiate appender of type [ch.qos.logback.core.ConsoleAppender]
13:05:49,920 |-INFO in ch.qos.logback.core.joran.action.AppenderAction - Naming appender as [STDOUT]
13:05:49,937 |-INFO in ch.qos.logback.core.joran.action.NestedComplexPropertyIA - Assuming default type [ch.qos.logback.classic.encoder.PatternLayoutEncoder] for [encoder] property
13:05:50,016 |-INFO in ch.qos.logback.core.joran.action.AppenderAction - About to instantiate appender of type [ch.qos.logback.core.rolling.RollingFileAppender]
13:05:50,027 |-INFO in ch.qos.logback.core.joran.action.AppenderAction - Naming appender as [FILE]
13:05:50,054 |-INFO in c.q.l.core.rolling.TimeBasedRollingPolicy@127618319 - No compression will be used
13:05:50,056 |-INFO in c.q.l.core.rolling.TimeBasedRollingPolicy@127618319 - Will use the pattern /tmp/application_%d{yyyy-MM-dd}.%i.log for the active file
13:05:50,059 |-INFO in ch.qos.logback.core.rolling.SizeAndTimeBasedFNATP@6b2fad11 - The date pattern is 'yyyy-MM-dd' from file name pattern '/tmp/application_%d{yyyy-MM-dd}.%i.log'.
13:05:50,059 |-INFO in ch.qos.logback.core.rolling.SizeAndTimeBasedFNATP@6b2fad11 - Roll-over at midnight.
13:05:50,064 |-INFO in ch.qos.logback.core.rolling.SizeAndTimeBasedFNATP@6b2fad11 - Setting initial period to Mon Jun 10 13:04:31 UTC 2019
13:05:50,064 |-WARN in ch.qos.logback.core.rolling.SizeAndTimeBasedFNATP@6b2fad11 - SizeAndTimeBasedFNATP is deprecated. Use SizeAndTimeBasedRollingPolicy instead
13:05:50,064 |-WARN in ch.qos.logback.core.rolling.SizeAndTimeBasedFNATP@6b2fad11 - For more information see http://logback.qos.ch/manual/appenders.html#SizeAndTimeBasedRollingPolicy
13:05:50,068 |-INFO in ch.qos.logback.core.joran.action.NestedComplexPropertyIA - Assuming default type [ch.qos.logback.classic.encoder.PatternLayoutEncoder] for [encoder] property
13:05:50,073 |-INFO in ch.qos.logback.core.rolling.RollingFileAppender[FILE] - Active log file name: /tmp/application.log
13:05:50,073 |-INFO in ch.qos.logback.core.rolling.RollingFileAppender[FILE] - File property is set to [/tmp/application.log]
13:05:50,073 |-INFO in ch.qos.logback.classic.joran.action.RootLoggerAction - Setting level of ROOT logger to WARN
13:05:50,074 |-INFO in ch.qos.logback.core.joran.action.AppenderRefAction - Attaching appender named [STDOUT] to Logger[ROOT]
13:05:50,074 |-INFO in ch.qos.logback.core.joran.action.AppenderRefAction - Attaching appender named [FILE] to Logger[ROOT]
13:05:50,074 |-INFO in ch.qos.logback.classic.joran.action.ConfigurationAction - End of configuration.
13:05:50,075 |-INFO in ch.qos.logback.classic.joran.JoranConfigurator@79698539 - Registering current configuration as safe fallback point

Ama winner
Ama winner
2019-06-10T13:05:51.368+0000: 1.746: [Full GC (Metadata GC Threshold) 2019-06-10T13:05:51.368+0000: 1.746: [Tenured: 0K->15241K(341376K), 0.0398237 secs] 117750K->15241K(494976K), [Metaspace: 20736K->20736K(1067008K)], 0.0398922 secs] [Times: user=0.03 sys=0.00, real=0.04 secs] 
13:06:10.680 [Curator-PathChildrenCache-1] WARN  o.a.c.u.ZKPaths  - The version of ZooKeeper being used doesn't support Container nodes. CreateMode.PERSISTENT will be used instead.
2019-06-10T13:06:12.930+0000: 23.308: [GC (Allocation Failure) 2019-06-10T13:06:12.930+0000: 23.308: [DefNew: 136576K->17023K(153600K), 0.0276477 secs] 151817K->52843K(494976K), 0.0277281 secs] [Times: user=0.02 sys=0.01, real=0.03 secs] 
2019-06-10T13:06:14.481+0000: 24.860: [Full GC (Metadata GC Threshold) 2019-06-10T13:06:14.481+0000: 24.860: [Tenured: 35819K->44526K(341376K), 0.0386001 secs] 80200K->44526K(494976K), [Metaspace: 34586K->34586K(1079296K)], 0.0386844 secs] [Times: user=0.03 sys=0.00, real=0.04 secs] 
2019-06-10T13:06:23.823+0000: 34.202: [GC (Allocation Failure) 2019-06-10T13:06:23.823+0000: 34.202: [DefNew: 136576K->104K(153600K), 0.0018404 secs] 181102K->44630K(494976K), 0.0019047 secs] [Times: user=0.00 sys=0.00, real=0.00 secs] 
2019-06-10T13:06:33.248+0000: 43.626: [GC (Allocation Failure) 2019-06-10T13:06:33.248+0000: 43.626: [DefNew: 136680K->169K(153600K), 0.0018757 secs] 181206K->44695K(494976K), 0.0019364 secs] [Times: user=0.00 sys=0.00, real=0.00 secs] 
2019-06-10T13:06:42.805+0000: 53.183: [GC (Allocation Failure) 2019-06-10T13:06:42.805+0000: 53.183: [DefNew: 136745K->166K(153600K), 0.0017694 secs] 181271K->44692K(494976K), 0.0018295 secs] [Times: user=0.00 sys=0.00, real=0.00 secs] 
2019-06-10T13:06:52.269+0000: 62.647: [GC (Allocation Failure) 2019-06-10T13:06:52.269+0000: 62.647: [DefNew: 136742K->462K(153600K), 0.0022802 secs] 181268K->44988K(494976K), 0.0023372 secs] [Times: user=0.00 sys=0.00, real=0.00 secs] 
2019-06-10T13:07:03.908+0000: 74.287: [GC (Allocation Failure) 2019-06-10T13:07:03.908+0000: 74.287: [DefNew: 137038K->252K(153600K), 0.0021438 secs] 181564K->44778K(494976K), 0.0022115 secs] [Times: user=0.00 sys=0.00, real=0.00 secs] 
2019-06-10T13:07:15.491+0000: 85.870: [GC (Allocation Failure) 2019-06-10T13:07:15.491+0000: 85.870: [DefNew: 136828K->254K(153600K), 0.0020992 secs] 181354K->44780K(494976K), 0.0021615 secs] [Times: user=0.00 sys=0.00, real=0.00 secs] 
13:07:34.847 [Curator-PathChildrenCache-0] ERROR o.a.c.f.r.c.PathChildrenCache  - 
java.lang.IllegalStateException: instance must be started before calling this method
	at org.apache.curator.shaded.com.google.common.base.Preconditions.checkState(Preconditions.java:444)
	at org.apache.curator.framework.imps.CuratorFrameworkImpl.getChildren(CuratorFrameworkImpl.java:456)
	at org.apache.curator.framework.recipes.cache.PathChildrenCache.refresh(PathChildrenCache.java:521)
	at org.apache.curator.framework.recipes.cache.RefreshOperation.invoke(RefreshOperation.java:35)
	at org.apache.curator.framework.recipes.cache.PathChildrenCache$9.run(PathChildrenCache.java:786)
	at java.util.concurrent.Executors$RunnableAdapter.call(Executors.java:511)
	at java.util.concurrent.FutureTask.run(FutureTask.java:266)
	at java.util.concurrent.Executors$RunnableAdapter.call(Executors.java:511)
	at java.util.concurrent.FutureTask.run(FutureTask.java:266)
	at java.util.concurrent.ThreadPoolExecutor.runWorker(ThreadPoolExecutor.java:1149)
	at java.util.concurrent.ThreadPoolExecutor$Worker.run(ThreadPoolExecutor.java:624)
	at java.lang.Thread.run(Thread.java:748)
Heap
 def new generation   total 153600K, used 132869K [0x00000000e0c00000, 0x00000000eb2a0000, 0x00000000eb2a0000)
  eden space 136576K,  97% used [0x00000000e0c00000, 0x00000000e8d81de8, 0x00000000e9160000)
  from space 17024K,   1% used [0x00000000ea200000, 0x00000000ea23f808, 0x00000000eb2a0000)
  to   space 17024K,   0% used [0x00000000e9160000, 0x00000000e9160000, 0x00000000ea200000)
 tenured generation   total 341376K, used 44526K [0x00000000eb2a0000, 0x0000000100000000, 0x0000000100000000)
   the space 341376K,  13% used [0x00000000eb2a0000, 0x00000000ede1b868, 0x00000000ede1ba00, 0x0000000100000000)
 Metaspace       used 36107K, capacity 37062K, committed 37376K, reserved 1081344K
  class space    used 4869K, capacity 5075K, committed 5120K, reserved 1048576K
