22:45:38,455 |-INFO in ch.qos.logback.classic.LoggerContext[default] - Could NOT find resource [logback-test.xml]
22:45:38,455 |-INFO in ch.qos.logback.classic.LoggerContext[default] - Could NOT find resource [logback.groovy]
22:45:38,455 |-INFO in ch.qos.logback.classic.LoggerContext[default] - Found resource [logback.xml] at [jar:file:/home/nikitasokolov/flamestream/lib/flamestream-runtime-1.0-SNAPSHOT.jar!/logback.xml]
22:45:38,456 |-WARN in ch.qos.logback.classic.LoggerContext[default] - Resource [logback.xml] occurs multiple times on the classpath.
22:45:38,456 |-WARN in ch.qos.logback.classic.LoggerContext[default] - Resource [logback.xml] occurs at [jar:file:/home/nikitasokolov/flamestream/lib/flamestream-runtime-1.0-SNAPSHOT.jar!/logback.xml]
22:45:38,456 |-WARN in ch.qos.logback.classic.LoggerContext[default] - Resource [logback.xml] occurs at [jar:file:/home/nikitasokolov/flamestream/flamestream-runtime-1.0-SNAPSHOT.jar!/logback.xml]
22:45:38,471 |-INFO in ch.qos.logback.core.joran.spi.ConfigurationWatchList@6108b2d7 - URL [jar:file:/home/nikitasokolov/flamestream/lib/flamestream-runtime-1.0-SNAPSHOT.jar!/logback.xml] is not of type file
22:45:38,520 |-INFO in ch.qos.logback.classic.joran.action.ConfigurationAction - debug attribute not set
22:45:38,521 |-INFO in ch.qos.logback.core.joran.action.AppenderAction - About to instantiate appender of type [ch.qos.logback.core.ConsoleAppender]
22:45:38,529 |-INFO in ch.qos.logback.core.joran.action.AppenderAction - Naming appender as [STDOUT]
22:45:38,537 |-INFO in ch.qos.logback.core.joran.action.NestedComplexPropertyIA - Assuming default type [ch.qos.logback.classic.encoder.PatternLayoutEncoder] for [encoder] property
22:45:38,594 |-INFO in ch.qos.logback.core.joran.action.AppenderAction - About to instantiate appender of type [ch.qos.logback.core.rolling.RollingFileAppender]
22:45:38,599 |-INFO in ch.qos.logback.core.joran.action.AppenderAction - Naming appender as [FILE]
22:45:38,621 |-INFO in c.q.l.core.rolling.TimeBasedRollingPolicy@357863579 - No compression will be used
22:45:38,622 |-INFO in c.q.l.core.rolling.TimeBasedRollingPolicy@357863579 - Will use the pattern /tmp/application_%d{yyyy-MM-dd}.%i.log for the active file
22:45:38,625 |-INFO in ch.qos.logback.core.rolling.SizeAndTimeBasedFNATP@6bf256fa - The date pattern is 'yyyy-MM-dd' from file name pattern '/tmp/application_%d{yyyy-MM-dd}.%i.log'.
22:45:38,625 |-INFO in ch.qos.logback.core.rolling.SizeAndTimeBasedFNATP@6bf256fa - Roll-over at midnight.
22:45:38,629 |-INFO in ch.qos.logback.core.rolling.SizeAndTimeBasedFNATP@6bf256fa - Setting initial period to Sat Jun 08 22:44:56 MSK 2019
22:45:38,629 |-WARN in ch.qos.logback.core.rolling.SizeAndTimeBasedFNATP@6bf256fa - SizeAndTimeBasedFNATP is deprecated. Use SizeAndTimeBasedRollingPolicy instead
22:45:38,629 |-WARN in ch.qos.logback.core.rolling.SizeAndTimeBasedFNATP@6bf256fa - For more information see http://logback.qos.ch/manual/appenders.html#SizeAndTimeBasedRollingPolicy
22:45:38,633 |-INFO in ch.qos.logback.core.joran.action.NestedComplexPropertyIA - Assuming default type [ch.qos.logback.classic.encoder.PatternLayoutEncoder] for [encoder] property
22:45:38,635 |-INFO in ch.qos.logback.core.rolling.RollingFileAppender[FILE] - Active log file name: /tmp/application.log
22:45:38,635 |-INFO in ch.qos.logback.core.rolling.RollingFileAppender[FILE] - File property is set to [/tmp/application.log]
22:45:38,636 |-INFO in ch.qos.logback.classic.joran.action.RootLoggerAction - Setting level of ROOT logger to WARN
22:45:38,636 |-INFO in ch.qos.logback.core.joran.action.AppenderRefAction - Attaching appender named [STDOUT] to Logger[ROOT]
22:45:38,637 |-INFO in ch.qos.logback.core.joran.action.AppenderRefAction - Attaching appender named [FILE] to Logger[ROOT]
22:45:38,637 |-INFO in ch.qos.logback.classic.joran.action.ConfigurationAction - End of configuration.
22:45:38,638 |-INFO in ch.qos.logback.classic.joran.JoranConfigurator@6cd8737 - Registering current configuration as safe fallback point

2019-06-08T22:45:39.634+0300: 1.382: [GC (Metadata GC Threshold) [PSYoungGen: 110722K->15934K(149504K)] 110722K->16014K(491008K), 0.0195939 secs] [Times: user=0.06 sys=0.02, real=0.02 secs] 
2019-06-08T22:45:39.654+0300: 1.401: [Full GC (Metadata GC Threshold) [PSYoungGen: 15934K->0K(149504K)] [ParOldGen: 80K->15078K(341504K)] 16014K->15078K(491008K), [Metaspace: 20806K->20806K(1067008K)], 0.0310043 secs] [Times: user=0.16 sys=0.01, real=0.03 secs] 
22:45:50.883 [Curator-PathChildrenCache-2] WARN  o.a.c.u.ZKPaths  - The version of ZooKeeper being used doesn't support Container nodes. CreateMode.PERSISTENT will be used instead.
2019-06-08T22:45:51.603+0300: 13.350: [GC (Metadata GC Threshold) [PSYoungGen: 126717K->16830K(149504K)] 141796K->51448K(491008K), 0.0328975 secs] [Times: user=0.28 sys=0.02, real=0.03 secs] 
2019-06-08T22:45:51.636+0300: 13.383: [Full GC (Metadata GC Threshold) [PSYoungGen: 16830K->0K(149504K)] [ParOldGen: 34617K->39865K(341504K)] 51448K->39865K(491008K), [Metaspace: 34473K->34471K(1079296K)], 0.0523604 secs] [Times: user=0.36 sys=0.02, real=0.05 secs] 
2019-06-08T22:45:54.138+0300: 15.886: [GC (Allocation Failure) [PSYoungGen: 128512K->672K(149504K)] 168377K->40545K(491008K), 0.0045453 secs] [Times: user=0.03 sys=0.00, real=0.00 secs] 
2019-06-08T22:45:56.987+0300: 18.734: [GC (Allocation Failure) [PSYoungGen: 129184K->608K(149504K)] 169057K->40489K(491008K), 0.0030372 secs] [Times: user=0.01 sys=0.00, real=0.01 secs] 
2019-06-08T22:45:59.822+0300: 21.570: [GC (Allocation Failure) [PSYoungGen: 129120K->544K(129536K)] 169001K->40433K(471040K), 0.0045698 secs] [Times: user=0.02 sys=0.01, real=0.00 secs] 
2019-06-08T22:46:02.694+0300: 24.441: [GC (Allocation Failure) [PSYoungGen: 129056K->672K(148992K)] 168945K->40569K(490496K), 0.0044823 secs] [Times: user=0.02 sys=0.00, real=0.01 secs] 
2019-06-08T22:46:05.508+0300: 27.255: [GC (Allocation Failure) [PSYoungGen: 127136K->640K(147968K)] 167033K->40545K(489472K), 0.0033464 secs] [Times: user=0.02 sys=0.00, real=0.01 secs] 
2019-06-08T22:46:08.346+0300: 30.093: [GC (Allocation Failure) [PSYoungGen: 127104K->640K(151040K)] 167009K->40553K(492544K), 0.0094757 secs] [Times: user=0.09 sys=0.01, real=0.01 secs] 
2019-06-08T22:46:11.281+0300: 33.029: [GC (Allocation Failure) [PSYoungGen: 131200K->640K(150016K)] 171113K->40561K(491520K), 0.0044414 secs] [Times: user=0.03 sys=0.00, real=0.00 secs] 
2019-06-08T22:46:14.210+0300: 35.958: [GC (Allocation Failure) [PSYoungGen: 131200K->640K(152576K)] 171121K->40569K(494080K), 0.0030309 secs] [Times: user=0.02 sys=0.00, real=0.00 secs] 
2019-06-08T22:46:17.198+0300: 38.945: [GC (Allocation Failure) [PSYoungGen: 134272K->704K(151552K)] 174201K->40641K(493056K), 0.0049401 secs] [Times: user=0.03 sys=0.00, real=0.00 secs] 
2019-06-08T22:46:20.211+0300: 41.959: [GC (Allocation Failure) [PSYoungGen: 134336K->640K(154112K)] 174273K->40577K(495616K), 0.0038629 secs] [Times: user=0.01 sys=0.00, real=0.00 secs] 
2019-06-08T22:46:23.306+0300: 45.054: [GC (Allocation Failure) [PSYoungGen: 137856K->576K(153600K)] 177793K->40521K(495104K), 0.0032001 secs] [Times: user=0.01 sys=0.01, real=0.00 secs] 
2019-06-08T22:46:26.353+0300: 48.101: [GC (Allocation Failure) [PSYoungGen: 137792K->576K(156160K)] 177737K->40521K(497664K), 0.0030485 secs] [Times: user=0.01 sys=0.00, real=0.00 secs] 
2019-06-08T22:46:29.538+0300: 51.285: [GC (Allocation Failure) [PSYoungGen: 141376K->544K(155136K)] 181321K->40489K(496640K), 0.0046213 secs] [Times: user=0.02 sys=0.01, real=0.00 secs] 
2019-06-08T22:46:32.691+0300: 54.439: [GC (Allocation Failure) [PSYoungGen: 141344K->512K(157696K)] 181289K->40465K(499200K), 0.0037266 secs] [Times: user=0.02 sys=0.00, real=0.00 secs] 
2019-06-08T22:46:35.926+0300: 57.673: [GC (Allocation Failure) [PSYoungGen: 144384K->608K(156672K)] 184337K->40561K(498176K), 0.0057992 secs] [Times: user=0.03 sys=0.00, real=0.01 secs] 
2019-06-08T22:46:39.173+0300: 60.920: [GC (Allocation Failure) [PSYoungGen: 144480K->352K(158720K)] 184433K->40705K(500224K), 0.0041200 secs] [Times: user=0.01 sys=0.01, real=0.00 secs] 
2019-06-08T22:46:42.961+0300: 64.709: [GC (Allocation Failure) [PSYoungGen: 146784K->704K(158208K)] 187137K->41121K(499712K), 0.0035555 secs] [Times: user=0.01 sys=0.00, real=0.00 secs] 
2019-06-08T22:46:47.125+0300: 68.872: [GC (Allocation Failure) [PSYoungGen: 147136K->416K(160256K)] 187553K->40889K(501760K), 0.0038205 secs] [Times: user=0.02 sys=0.00, real=0.00 secs] 
22:46:59.145 [Curator-PathChildrenCache-0] ERROR o.a.c.f.r.c.PathChildrenCache  - 
java.lang.IllegalStateException: instance must be started before calling this method
	at org.apache.curator.shaded.com.google.common.base.Preconditions.checkState(Preconditions.java:444)
	at org.apache.curator.framework.imps.CuratorFrameworkImpl.getChildren(CuratorFrameworkImpl.java:456)
	at org.apache.curator.framework.recipes.cache.PathChildrenCache.refresh(PathChildrenCache.java:521)
	at org.apache.curator.framework.recipes.cache.RefreshOperation.invoke(RefreshOperation.java:35)
	at org.apache.curator.framework.recipes.cache.PathChildrenCache$9.run(PathChildrenCache.java:786)
	at java.util.concurrent.Executors$RunnableAdapter.call(Executors.java:511)
	at java.util.concurrent.FutureTask.run(FutureTask.java:266)
	at java.util.concurrent.Executors$RunnableAdapter.call(Executors.java:511)
	at java.util.concurrent.FutureTask.run(FutureTask.java:266)
	at java.util.concurrent.ThreadPoolExecutor.runWorker(ThreadPoolExecutor.java:1149)
	at java.util.concurrent.ThreadPoolExecutor$Worker.run(ThreadPoolExecutor.java:624)
	at java.lang.Thread.run(Thread.java:748)
Heap
 PSYoungGen      total 160256K, used 45303K [0x00000000f5980000, 0x0000000100000000, 0x0000000100000000)
  eden space 149504K, 30% used [0x00000000f5980000,0x00000000f8555ca8,0x00000000feb80000)
  from space 10752K, 3% used [0x00000000ff580000,0x00000000ff5e8040,0x0000000100000000)
  to   space 10240K, 0% used [0x00000000feb80000,0x00000000feb80000,0x00000000ff580000)
 ParOldGen       total 341504K, used 40473K [0x00000000e0c00000, 0x00000000f5980000, 0x00000000f5980000)
  object space 341504K, 11% used [0x00000000e0c00000,0x00000000e33866b0,0x00000000f5980000)
 Metaspace       used 36407K, capacity 37387K, committed 37464K, reserved 1081344K
  class space    used 5022K, capacity 5228K, committed 5248K, reserved 1048576K
