15:10:49,766 |-INFO in ch.qos.logback.classic.LoggerContext[default] - Could NOT find resource [logback-test.xml]
15:10:49,766 |-INFO in ch.qos.logback.classic.LoggerContext[default] - Could NOT find resource [logback.groovy]
15:10:49,767 |-INFO in ch.qos.logback.classic.LoggerContext[default] - Found resource [logback.xml] at [jar:file:/root/flamestream/lib/flamestream-runtime-1.0-SNAPSHOT.jar!/logback.xml]
15:10:49,768 |-WARN in ch.qos.logback.classic.LoggerContext[default] - Resource [logback.xml] occurs multiple times on the classpath.
15:10:49,768 |-WARN in ch.qos.logback.classic.LoggerContext[default] - Resource [logback.xml] occurs at [jar:file:/root/flamestream/lib/flamestream-runtime-1.0-SNAPSHOT.jar!/logback.xml]
15:10:49,768 |-WARN in ch.qos.logback.classic.LoggerContext[default] - Resource [logback.xml] occurs at [jar:file:/root/flamestream/flamestream-runtime-1.0-SNAPSHOT.jar!/logback.xml]
15:10:49,787 |-INFO in ch.qos.logback.core.joran.spi.ConfigurationWatchList@3fb6a447 - URL [jar:file:/root/flamestream/lib/flamestream-runtime-1.0-SNAPSHOT.jar!/logback.xml] is not of type file
15:10:49,856 |-INFO in ch.qos.logback.classic.joran.action.ConfigurationAction - debug attribute not set
15:10:49,856 |-INFO in ch.qos.logback.core.joran.action.AppenderAction - About to instantiate appender of type [ch.qos.logback.core.ConsoleAppender]
15:10:49,872 |-INFO in ch.qos.logback.core.joran.action.AppenderAction - Naming appender as [STDOUT]
15:10:49,892 |-INFO in ch.qos.logback.core.joran.action.NestedComplexPropertyIA - Assuming default type [ch.qos.logback.classic.encoder.PatternLayoutEncoder] for [encoder] property
15:10:49,983 |-INFO in ch.qos.logback.core.joran.action.AppenderAction - About to instantiate appender of type [ch.qos.logback.core.rolling.RollingFileAppender]
15:10:49,988 |-INFO in ch.qos.logback.core.joran.action.AppenderAction - Naming appender as [FILE]
15:10:50,019 |-INFO in c.q.l.core.rolling.TimeBasedRollingPolicy@127618319 - No compression will be used
15:10:50,020 |-INFO in c.q.l.core.rolling.TimeBasedRollingPolicy@127618319 - Will use the pattern /tmp/application_%d{yyyy-MM-dd}.%i.log for the active file
15:10:50,023 |-INFO in ch.qos.logback.core.rolling.SizeAndTimeBasedFNATP@6b2fad11 - The date pattern is 'yyyy-MM-dd' from file name pattern '/tmp/application_%d{yyyy-MM-dd}.%i.log'.
15:10:50,023 |-INFO in ch.qos.logback.core.rolling.SizeAndTimeBasedFNATP@6b2fad11 - Roll-over at midnight.
15:10:50,029 |-INFO in ch.qos.logback.core.rolling.SizeAndTimeBasedFNATP@6b2fad11 - Setting initial period to Mon Jun 10 15:09:32 UTC 2019
15:10:50,029 |-WARN in ch.qos.logback.core.rolling.SizeAndTimeBasedFNATP@6b2fad11 - SizeAndTimeBasedFNATP is deprecated. Use SizeAndTimeBasedRollingPolicy instead
15:10:50,029 |-WARN in ch.qos.logback.core.rolling.SizeAndTimeBasedFNATP@6b2fad11 - For more information see http://logback.qos.ch/manual/appenders.html#SizeAndTimeBasedRollingPolicy
15:10:50,033 |-INFO in ch.qos.logback.core.joran.action.NestedComplexPropertyIA - Assuming default type [ch.qos.logback.classic.encoder.PatternLayoutEncoder] for [encoder] property
15:10:50,038 |-INFO in ch.qos.logback.core.rolling.RollingFileAppender[FILE] - Active log file name: /tmp/application.log
15:10:50,038 |-INFO in ch.qos.logback.core.rolling.RollingFileAppender[FILE] - File property is set to [/tmp/application.log]
15:10:50,039 |-INFO in ch.qos.logback.classic.joran.action.RootLoggerAction - Setting level of ROOT logger to WARN
15:10:50,039 |-INFO in ch.qos.logback.core.joran.action.AppenderRefAction - Attaching appender named [STDOUT] to Logger[ROOT]
15:10:50,041 |-INFO in ch.qos.logback.core.joran.action.AppenderRefAction - Attaching appender named [FILE] to Logger[ROOT]
15:10:50,041 |-INFO in ch.qos.logback.classic.joran.action.ConfigurationAction - End of configuration.
15:10:50,042 |-INFO in ch.qos.logback.classic.joran.JoranConfigurator@79698539 - Registering current configuration as safe fallback point

Ama winner
Ama winner
2019-06-10T15:10:51.689+0000: 2.116: [Full GC (Metadata GC Threshold) 2019-06-10T15:10:51.689+0000: 2.116: [Tenured: 0K->15144K(341376K), 0.0406748 secs] 117719K->15144K(494976K), [Metaspace: 20737K->20737K(1067008K)], 0.0407577 secs] [Times: user=0.04 sys=0.00, real=0.04 secs] 
15:11:08.960 [Curator-PathChildrenCache-1] WARN  o.a.c.u.ZKPaths  - The version of ZooKeeper being used doesn't support Container nodes. CreateMode.PERSISTENT will be used instead.
2019-06-10T15:11:11.522+0000: 21.949: [GC (Allocation Failure) 2019-06-10T15:11:11.522+0000: 21.949: [DefNew: 136576K->17023K(153600K), 0.0260516 secs] 151720K->52669K(494976K), 0.0261180 secs] [Times: user=0.00 sys=0.02, real=0.03 secs] 
2019-06-10T15:11:12.120+0000: 22.547: [Full GC (Metadata GC Threshold) 2019-06-10T15:11:12.120+0000: 22.547: [Tenured: 35645K->44382K(341376K), 0.0424029 secs] 73909K->44382K(494976K), [Metaspace: 34564K->34564K(1079296K)], 0.0424785 secs] [Times: user=0.04 sys=0.01, real=0.04 secs] 
2019-06-10T15:11:18.244+0000: 28.671: [GC (Allocation Failure) 2019-06-10T15:11:18.244+0000: 28.671: [DefNew: 136576K->182K(153600K), 0.0021519 secs] 180958K->44564K(494976K), 0.0022083 secs] [Times: user=0.00 sys=0.00, real=0.01 secs] 
2019-06-10T15:11:24.341+0000: 34.768: [GC (Allocation Failure) 2019-06-10T15:11:24.341+0000: 34.768: [DefNew: 136758K->186K(153600K), 0.0019923 secs] 181140K->44568K(494976K), 0.0020539 secs] [Times: user=0.00 sys=0.00, real=0.00 secs] 
2019-06-10T15:11:30.392+0000: 40.820: [GC (Allocation Failure) 2019-06-10T15:11:30.393+0000: 40.820: [DefNew: 136762K->184K(153600K), 0.0020473 secs] 181144K->44566K(494976K), 0.0021075 secs] [Times: user=0.01 sys=0.00, real=0.00 secs] 
2019-06-10T15:11:36.419+0000: 46.846: [GC (Allocation Failure) 2019-06-10T15:11:36.419+0000: 46.846: [DefNew: 136760K->182K(153600K), 0.0020386 secs] 181142K->44564K(494976K), 0.0021031 secs] [Times: user=0.00 sys=0.00, real=0.00 secs] 
15:11:47.450 [Curator-PathChildrenCache-0] ERROR o.a.c.f.r.c.PathChildrenCache  - 
java.lang.IllegalStateException: instance must be started before calling this method
	at org.apache.curator.shaded.com.google.common.base.Preconditions.checkState(Preconditions.java:444)
	at org.apache.curator.framework.imps.CuratorFrameworkImpl.getChildren(CuratorFrameworkImpl.java:456)
	at org.apache.curator.framework.recipes.cache.PathChildrenCache.refresh(PathChildrenCache.java:521)
	at org.apache.curator.framework.recipes.cache.RefreshOperation.invoke(RefreshOperation.java:35)
	at org.apache.curator.framework.recipes.cache.PathChildrenCache$9.run(PathChildrenCache.java:786)
	at java.util.concurrent.Executors$RunnableAdapter.call(Executors.java:511)
	at java.util.concurrent.FutureTask.run(FutureTask.java:266)
	at java.util.concurrent.Executors$RunnableAdapter.call(Executors.java:511)
	at java.util.concurrent.FutureTask.run(FutureTask.java:266)
	at java.util.concurrent.ThreadPoolExecutor.runWorker(ThreadPoolExecutor.java:1149)
	at java.util.concurrent.ThreadPoolExecutor$Worker.run(ThreadPoolExecutor.java:624)
	at java.lang.Thread.run(Thread.java:748)
2019-06-10T15:11:47.645+0000: 58.072: [GC (Allocation Failure) 2019-06-10T15:11:47.645+0000: 58.072: [DefNew: 136758K->911K(153600K), 0.0031628 secs] 181140K->45293K(494976K), 0.0032248 secs] [Times: user=0.00 sys=0.00, real=0.00 secs] 
Heap
 def new generation   total 153600K, used 9987K [0x00000000e0c00000, 0x00000000eb2a0000, 0x00000000eb2a0000)
  eden space 136576K,   6% used [0x00000000e0c00000, 0x00000000e14dd2f0, 0x00000000e9160000)
  from space 17024K,   5% used [0x00000000e9160000, 0x00000000e9243c00, 0x00000000ea200000)
  to   space 17024K,   0% used [0x00000000ea200000, 0x00000000ea200000, 0x00000000eb2a0000)
 tenured generation   total 341376K, used 44382K [0x00000000eb2a0000, 0x0000000100000000, 0x0000000100000000)
   the space 341376K,  13% used [0x00000000eb2a0000, 0x00000000eddf78a8, 0x00000000eddf7a00, 0x0000000100000000)
 Metaspace       used 36002K, capacity 36982K, committed 37120K, reserved 1081344K
  class space    used 4825K, capacity 5045K, committed 5120K, reserved 1048576K
