08:02:40,258 |-INFO in ch.qos.logback.classic.LoggerContext[default] - Could NOT find resource [logback-test.xml]
08:02:40,258 |-INFO in ch.qos.logback.classic.LoggerContext[default] - Could NOT find resource [logback.groovy]
08:02:40,258 |-INFO in ch.qos.logback.classic.LoggerContext[default] - Found resource [logback.xml] at [jar:file:/root/flamestream/lib/flamestream-runtime-1.0-SNAPSHOT.jar!/logback.xml]
08:02:40,259 |-WARN in ch.qos.logback.classic.LoggerContext[default] - Resource [logback.xml] occurs multiple times on the classpath.
08:02:40,259 |-WARN in ch.qos.logback.classic.LoggerContext[default] - Resource [logback.xml] occurs at [jar:file:/root/flamestream/lib/flamestream-runtime-1.0-SNAPSHOT.jar!/logback.xml]
08:02:40,259 |-WARN in ch.qos.logback.classic.LoggerContext[default] - Resource [logback.xml] occurs at [jar:file:/root/flamestream/flamestream-runtime-1.0-SNAPSHOT.jar!/logback.xml]
08:02:40,278 |-INFO in ch.qos.logback.core.joran.spi.ConfigurationWatchList@3fb6a447 - URL [jar:file:/root/flamestream/lib/flamestream-runtime-1.0-SNAPSHOT.jar!/logback.xml] is not of type file
08:02:40,352 |-INFO in ch.qos.logback.classic.joran.action.ConfigurationAction - debug attribute not set
08:02:40,352 |-INFO in ch.qos.logback.core.joran.action.AppenderAction - About to instantiate appender of type [ch.qos.logback.core.ConsoleAppender]
08:02:40,366 |-INFO in ch.qos.logback.core.joran.action.AppenderAction - Naming appender as [STDOUT]
08:02:40,386 |-INFO in ch.qos.logback.core.joran.action.NestedComplexPropertyIA - Assuming default type [ch.qos.logback.classic.encoder.PatternLayoutEncoder] for [encoder] property
08:02:40,466 |-INFO in ch.qos.logback.core.joran.action.AppenderAction - About to instantiate appender of type [ch.qos.logback.core.rolling.RollingFileAppender]
08:02:40,473 |-INFO in ch.qos.logback.core.joran.action.AppenderAction - Naming appender as [FILE]
08:02:40,505 |-INFO in c.q.l.core.rolling.TimeBasedRollingPolicy@127618319 - No compression will be used
08:02:40,506 |-INFO in c.q.l.core.rolling.TimeBasedRollingPolicy@127618319 - Will use the pattern /tmp/application_%d{yyyy-MM-dd}.%i.log for the active file
08:02:40,509 |-INFO in ch.qos.logback.core.rolling.SizeAndTimeBasedFNATP@6b2fad11 - The date pattern is 'yyyy-MM-dd' from file name pattern '/tmp/application_%d{yyyy-MM-dd}.%i.log'.
08:02:40,509 |-INFO in ch.qos.logback.core.rolling.SizeAndTimeBasedFNATP@6b2fad11 - Roll-over at midnight.
08:02:40,514 |-INFO in ch.qos.logback.core.rolling.SizeAndTimeBasedFNATP@6b2fad11 - Setting initial period to Tue Jun 11 08:01:17 UTC 2019
08:02:40,514 |-WARN in ch.qos.logback.core.rolling.SizeAndTimeBasedFNATP@6b2fad11 - SizeAndTimeBasedFNATP is deprecated. Use SizeAndTimeBasedRollingPolicy instead
08:02:40,514 |-WARN in ch.qos.logback.core.rolling.SizeAndTimeBasedFNATP@6b2fad11 - For more information see http://logback.qos.ch/manual/appenders.html#SizeAndTimeBasedRollingPolicy
08:02:40,518 |-INFO in ch.qos.logback.core.joran.action.NestedComplexPropertyIA - Assuming default type [ch.qos.logback.classic.encoder.PatternLayoutEncoder] for [encoder] property
08:02:40,523 |-INFO in ch.qos.logback.core.rolling.RollingFileAppender[FILE] - Active log file name: /tmp/application.log
08:02:40,523 |-INFO in ch.qos.logback.core.rolling.RollingFileAppender[FILE] - File property is set to [/tmp/application.log]
08:02:40,524 |-INFO in ch.qos.logback.classic.joran.action.RootLoggerAction - Setting level of ROOT logger to WARN
08:02:40,524 |-INFO in ch.qos.logback.core.joran.action.AppenderRefAction - Attaching appender named [STDOUT] to Logger[ROOT]
08:02:40,526 |-INFO in ch.qos.logback.core.joran.action.AppenderRefAction - Attaching appender named [FILE] to Logger[ROOT]
08:02:40,526 |-INFO in ch.qos.logback.classic.joran.action.ConfigurationAction - End of configuration.
08:02:40,527 |-INFO in ch.qos.logback.classic.joran.JoranConfigurator@79698539 - Registering current configuration as safe fallback point

Ama winner
Ama winner
2019-06-11T08:02:41.783+0000: 1.712: [Full GC (Metadata GC Threshold) 2019-06-11T08:02:41.783+0000: 1.712: [Tenured: 0K->15176K(341376K), 0.0391965 secs] 114923K->15176K(494976K), [Metaspace: 20733K->20733K(1067008K)], 0.0392736 secs] [Times: user=0.03 sys=0.00, real=0.04 secs] 
08:02:59.506 [Curator-PathChildrenCache-1] WARN  o.a.c.u.ZKPaths  - The version of ZooKeeper being used doesn't support Container nodes. CreateMode.PERSISTENT will be used instead.
2019-06-11T08:03:01.882+0000: 21.811: [GC (Allocation Failure) 2019-06-11T08:03:01.882+0000: 21.811: [DefNew: 136576K->17024K(153600K), 0.0274686 secs] 151752K->52575K(494976K), 0.0275535 secs] [Times: user=0.01 sys=0.02, real=0.03 secs] 
2019-06-11T08:03:06.005+0000: 25.934: [Full GC (Metadata GC Threshold) 2019-06-11T08:03:06.005+0000: 25.934: [Tenured: 35551K->43927K(341376K), 0.1100793 secs] 143284K->43927K(494976K), [Metaspace: 34597K->34597K(1079296K)], 0.1101600 secs] [Times: user=0.10 sys=0.00, real=0.11 secs] 
2019-06-11T08:03:12.105+0000: 32.034: [GC (Allocation Failure) 2019-06-11T08:03:12.105+0000: 32.034: [DefNew: 136576K->58K(153600K), 0.0017986 secs] 180503K->43985K(494976K), 0.0018690 secs] [Times: user=0.00 sys=0.00, real=0.00 secs] 
2019-06-11T08:03:18.216+0000: 38.145: [GC (Allocation Failure) 2019-06-11T08:03:18.216+0000: 38.145: [DefNew: 136634K->50K(153600K), 0.0016514 secs] 180561K->43977K(494976K), 0.0017138 secs] [Times: user=0.00 sys=0.01, real=0.00 secs] 
2019-06-11T08:03:24.349+0000: 44.278: [GC (Allocation Failure) 2019-06-11T08:03:24.349+0000: 44.278: [DefNew: 136626K->51K(153600K), 0.0016695 secs] 180553K->43978K(494976K), 0.0017314 secs] [Times: user=0.00 sys=0.00, real=0.01 secs] 
2019-06-11T08:03:30.497+0000: 50.426: [GC (Allocation Failure) 2019-06-11T08:03:30.497+0000: 50.426: [DefNew: 136627K->53K(153600K), 0.0017428 secs] 180554K->43981K(494976K), 0.0018130 secs] [Times: user=0.00 sys=0.00, real=0.00 secs] 
08:03:41.458 [Curator-PathChildrenCache-0] ERROR o.a.c.f.r.c.PathChildrenCache  - 
java.lang.IllegalStateException: instance must be started before calling this method
	at org.apache.curator.shaded.com.google.common.base.Preconditions.checkState(Preconditions.java:444)
	at org.apache.curator.framework.imps.CuratorFrameworkImpl.getChildren(CuratorFrameworkImpl.java:456)
	at org.apache.curator.framework.recipes.cache.PathChildrenCache.refresh(PathChildrenCache.java:521)
	at org.apache.curator.framework.recipes.cache.RefreshOperation.invoke(RefreshOperation.java:35)
	at org.apache.curator.framework.recipes.cache.PathChildrenCache$9.run(PathChildrenCache.java:786)
	at java.util.concurrent.Executors$RunnableAdapter.call(Executors.java:511)
	at java.util.concurrent.FutureTask.run(FutureTask.java:266)
	at java.util.concurrent.Executors$RunnableAdapter.call(Executors.java:511)
	at java.util.concurrent.FutureTask.run(FutureTask.java:266)
	at java.util.concurrent.ThreadPoolExecutor.runWorker(ThreadPoolExecutor.java:1149)
	at java.util.concurrent.ThreadPoolExecutor$Worker.run(ThreadPoolExecutor.java:624)
	at java.lang.Thread.run(Thread.java:748)
2019-06-11T08:03:42.639+0000: 62.568: [GC (Allocation Failure) 2019-06-11T08:03:42.639+0000: 62.568: [DefNew: 136629K->1130K(153600K), 0.0036624 secs] 180557K->45057K(494976K), 0.0037198 secs] [Times: user=0.00 sys=0.00, real=0.01 secs] 
Heap
 def new generation   total 153600K, used 4806K [0x00000000e0c00000, 0x00000000eb2a0000, 0x00000000eb2a0000)
  eden space 136576K,   2% used [0x00000000e0c00000, 0x00000000e0f96ea8, 0x00000000e9160000)
  from space 17024K,   6% used [0x00000000e9160000, 0x00000000e927a978, 0x00000000ea200000)
  to   space 17024K,   0% used [0x00000000ea200000, 0x00000000ea200000, 0x00000000eb2a0000)
 tenured generation   total 341376K, used 43927K [0x00000000eb2a0000, 0x0000000100000000, 0x0000000100000000)
   the space 341376K,  12% used [0x00000000eb2a0000, 0x00000000edd85c40, 0x00000000edd85e00, 0x0000000100000000)
 Metaspace       used 35887K, capacity 36800K, committed 37120K, reserved 1081344K
  class space    used 4860K, capacity 5074K, committed 5120K, reserved 1048576K
