14:51:27,460 |-INFO in ch.qos.logback.classic.LoggerContext[default] - Could NOT find resource [logback-test.xml]
14:51:27,460 |-INFO in ch.qos.logback.classic.LoggerContext[default] - Could NOT find resource [logback.groovy]
14:51:27,460 |-INFO in ch.qos.logback.classic.LoggerContext[default] - Found resource [logback.xml] at [jar:file:/root/flamestream/lib/flamestream-runtime-1.0-SNAPSHOT.jar!/logback.xml]
14:51:27,461 |-WARN in ch.qos.logback.classic.LoggerContext[default] - Resource [logback.xml] occurs multiple times on the classpath.
14:51:27,461 |-WARN in ch.qos.logback.classic.LoggerContext[default] - Resource [logback.xml] occurs at [jar:file:/root/flamestream/lib/flamestream-runtime-1.0-SNAPSHOT.jar!/logback.xml]
14:51:27,461 |-WARN in ch.qos.logback.classic.LoggerContext[default] - Resource [logback.xml] occurs at [jar:file:/root/flamestream/flamestream-runtime-1.0-SNAPSHOT.jar!/logback.xml]
14:51:27,480 |-INFO in ch.qos.logback.core.joran.spi.ConfigurationWatchList@3fb6a447 - URL [jar:file:/root/flamestream/lib/flamestream-runtime-1.0-SNAPSHOT.jar!/logback.xml] is not of type file
14:51:27,547 |-INFO in ch.qos.logback.classic.joran.action.ConfigurationAction - debug attribute not set
14:51:27,547 |-INFO in ch.qos.logback.core.joran.action.AppenderAction - About to instantiate appender of type [ch.qos.logback.core.ConsoleAppender]
14:51:27,562 |-INFO in ch.qos.logback.core.joran.action.AppenderAction - Naming appender as [STDOUT]
14:51:27,582 |-INFO in ch.qos.logback.core.joran.action.NestedComplexPropertyIA - Assuming default type [ch.qos.logback.classic.encoder.PatternLayoutEncoder] for [encoder] property
14:51:27,661 |-INFO in ch.qos.logback.core.joran.action.AppenderAction - About to instantiate appender of type [ch.qos.logback.core.rolling.RollingFileAppender]
14:51:27,666 |-INFO in ch.qos.logback.core.joran.action.AppenderAction - Naming appender as [FILE]
14:51:27,696 |-INFO in c.q.l.core.rolling.TimeBasedRollingPolicy@127618319 - No compression will be used
14:51:27,697 |-INFO in c.q.l.core.rolling.TimeBasedRollingPolicy@127618319 - Will use the pattern /tmp/application_%d{yyyy-MM-dd}.%i.log for the active file
14:51:27,700 |-INFO in ch.qos.logback.core.rolling.SizeAndTimeBasedFNATP@6b2fad11 - The date pattern is 'yyyy-MM-dd' from file name pattern '/tmp/application_%d{yyyy-MM-dd}.%i.log'.
14:51:27,700 |-INFO in ch.qos.logback.core.rolling.SizeAndTimeBasedFNATP@6b2fad11 - Roll-over at midnight.
14:51:27,706 |-INFO in ch.qos.logback.core.rolling.SizeAndTimeBasedFNATP@6b2fad11 - Setting initial period to Mon Jun 10 14:50:04 UTC 2019
14:51:27,706 |-WARN in ch.qos.logback.core.rolling.SizeAndTimeBasedFNATP@6b2fad11 - SizeAndTimeBasedFNATP is deprecated. Use SizeAndTimeBasedRollingPolicy instead
14:51:27,706 |-WARN in ch.qos.logback.core.rolling.SizeAndTimeBasedFNATP@6b2fad11 - For more information see http://logback.qos.ch/manual/appenders.html#SizeAndTimeBasedRollingPolicy
14:51:27,709 |-INFO in ch.qos.logback.core.joran.action.NestedComplexPropertyIA - Assuming default type [ch.qos.logback.classic.encoder.PatternLayoutEncoder] for [encoder] property
14:51:27,714 |-INFO in ch.qos.logback.core.rolling.RollingFileAppender[FILE] - Active log file name: /tmp/application.log
14:51:27,714 |-INFO in ch.qos.logback.core.rolling.RollingFileAppender[FILE] - File property is set to [/tmp/application.log]
14:51:27,715 |-INFO in ch.qos.logback.classic.joran.action.RootLoggerAction - Setting level of ROOT logger to WARN
14:51:27,715 |-INFO in ch.qos.logback.core.joran.action.AppenderRefAction - Attaching appender named [STDOUT] to Logger[ROOT]
14:51:27,717 |-INFO in ch.qos.logback.core.joran.action.AppenderRefAction - Attaching appender named [FILE] to Logger[ROOT]
14:51:27,717 |-INFO in ch.qos.logback.classic.joran.action.ConfigurationAction - End of configuration.
14:51:27,718 |-INFO in ch.qos.logback.classic.joran.JoranConfigurator@79698539 - Registering current configuration as safe fallback point

Ama winner
Ama winner
2019-06-10T14:51:29.069+0000: 1.795: [Full GC (Metadata GC Threshold) 2019-06-10T14:51:29.069+0000: 1.795: [Tenured: 0K->15142K(341376K), 0.0420112 secs] 114987K->15142K(494976K), [Metaspace: 20731K->20731K(1067008K)], 0.0420773 secs] [Times: user=0.04 sys=0.00, real=0.04 secs] 
14:51:50.259 [Curator-PathChildrenCache-1] WARN  o.a.c.u.ZKPaths  - The version of ZooKeeper being used doesn't support Container nodes. CreateMode.PERSISTENT will be used instead.
2019-06-10T14:51:52.434+0000: 25.160: [GC (Allocation Failure) 2019-06-10T14:51:52.434+0000: 25.160: [DefNew: 136576K->17023K(153600K), 0.0277544 secs] 151718K->52719K(494976K), 0.0278279 secs] [Times: user=0.02 sys=0.01, real=0.03 secs] 
2019-06-10T14:51:53.750+0000: 26.475: [Full GC (Metadata GC Threshold) 2019-06-10T14:51:53.750+0000: 26.475: [Tenured: 35695K->44527K(341376K), 0.0441993 secs] 80807K->44527K(494976K), [Metaspace: 34561K->34561K(1079296K)], 0.0442939 secs] [Times: user=0.04 sys=0.00, real=0.04 secs] 
2019-06-10T14:52:00.256+0000: 32.983: [GC (Allocation Failure) 2019-06-10T14:52:00.257+0000: 32.983: [DefNew: 136576K->71K(153600K), 0.0018797 secs] 181103K->44598K(494976K), 0.0030120 secs] [Times: user=0.00 sys=0.00, real=0.00 secs] 
2019-06-10T14:52:06.851+0000: 39.576: [GC (Allocation Failure) 2019-06-10T14:52:06.851+0000: 39.576: [DefNew: 136647K->72K(153600K), 0.0017672 secs] 181174K->44599K(494976K), 0.0018333 secs] [Times: user=0.00 sys=0.00, real=0.00 secs] 
2019-06-10T14:52:13.469+0000: 46.195: [GC (Allocation Failure) 2019-06-10T14:52:13.470+0000: 46.195: [DefNew: 136648K->77K(153600K), 0.0017985 secs] 181175K->44604K(494976K), 0.0018605 secs] [Times: user=0.00 sys=0.00, real=0.00 secs] 
2019-06-10T14:52:20.000+0000: 52.726: [GC (Allocation Failure) 2019-06-10T14:52:20.000+0000: 52.726: [DefNew: 136653K->74K(153600K), 0.0017539 secs] 181180K->44601K(494976K), 0.0018153 secs] [Times: user=0.00 sys=0.00, real=0.00 secs] 
2019-06-10T14:52:29.238+0000: 61.964: [GC (Allocation Failure) 2019-06-10T14:52:29.238+0000: 61.964: [DefNew: 136650K->310K(153600K), 0.0023289 secs] 181177K->44837K(494976K), 0.0023989 secs] [Times: user=0.01 sys=0.00, real=0.00 secs] 
14:52:35.116 [Curator-PathChildrenCache-0] ERROR o.a.c.f.r.c.PathChildrenCache  - 
java.lang.IllegalStateException: instance must be started before calling this method
	at org.apache.curator.shaded.com.google.common.base.Preconditions.checkState(Preconditions.java:444)
	at org.apache.curator.framework.imps.CuratorFrameworkImpl.getChildren(CuratorFrameworkImpl.java:456)
	at org.apache.curator.framework.recipes.cache.PathChildrenCache.refresh(PathChildrenCache.java:521)
	at org.apache.curator.framework.recipes.cache.RefreshOperation.invoke(RefreshOperation.java:35)
	at org.apache.curator.framework.recipes.cache.PathChildrenCache$9.run(PathChildrenCache.java:786)
	at java.util.concurrent.Executors$RunnableAdapter.call(Executors.java:511)
	at java.util.concurrent.FutureTask.run(FutureTask.java:266)
	at java.util.concurrent.Executors$RunnableAdapter.call(Executors.java:511)
	at java.util.concurrent.FutureTask.run(FutureTask.java:266)
	at java.util.concurrent.ThreadPoolExecutor.runWorker(ThreadPoolExecutor.java:1149)
	at java.util.concurrent.ThreadPoolExecutor$Worker.run(ThreadPoolExecutor.java:624)
	at java.lang.Thread.run(Thread.java:748)
Heap
 def new generation   total 153600K, used 36132K [0x00000000e0c00000, 0x00000000eb2a0000, 0x00000000eb2a0000)
  eden space 136576K,  26% used [0x00000000e0c00000, 0x00000000e2efb5c0, 0x00000000e9160000)
  from space 17024K,   1% used [0x00000000e9160000, 0x00000000e91ada80, 0x00000000ea200000)
  to   space 17024K,   0% used [0x00000000ea200000, 0x00000000ea200000, 0x00000000eb2a0000)
 tenured generation   total 341376K, used 44527K [0x00000000eb2a0000, 0x0000000100000000, 0x0000000100000000)
   the space 341376K,  13% used [0x00000000eb2a0000, 0x00000000ede1bcd8, 0x00000000ede1be00, 0x0000000100000000)
 Metaspace       used 36146K, capacity 37058K, committed 37376K, reserved 1081344K
  class space    used 4876K, capacity 5085K, committed 5120K, reserved 1048576K
