16:41:18,200 |-INFO in ch.qos.logback.classic.LoggerContext[default] - Could NOT find resource [logback-test.xml]
16:41:18,200 |-INFO in ch.qos.logback.classic.LoggerContext[default] - Could NOT find resource [logback.groovy]
16:41:18,201 |-INFO in ch.qos.logback.classic.LoggerContext[default] - Found resource [logback.xml] at [jar:file:/root/flamestream/lib/flamestream-runtime-1.0-SNAPSHOT.jar!/logback.xml]
16:41:18,201 |-WARN in ch.qos.logback.classic.LoggerContext[default] - Resource [logback.xml] occurs multiple times on the classpath.
16:41:18,202 |-WARN in ch.qos.logback.classic.LoggerContext[default] - Resource [logback.xml] occurs at [jar:file:/root/flamestream/lib/flamestream-runtime-1.0-SNAPSHOT.jar!/logback.xml]
16:41:18,202 |-WARN in ch.qos.logback.classic.LoggerContext[default] - Resource [logback.xml] occurs at [jar:file:/root/flamestream/flamestream-runtime-1.0-SNAPSHOT.jar!/logback.xml]
16:41:18,220 |-INFO in ch.qos.logback.core.joran.spi.ConfigurationWatchList@3fb6a447 - URL [jar:file:/root/flamestream/lib/flamestream-runtime-1.0-SNAPSHOT.jar!/logback.xml] is not of type file
16:41:18,284 |-INFO in ch.qos.logback.classic.joran.action.ConfigurationAction - debug attribute not set
16:41:18,284 |-INFO in ch.qos.logback.core.joran.action.AppenderAction - About to instantiate appender of type [ch.qos.logback.core.ConsoleAppender]
16:41:18,298 |-INFO in ch.qos.logback.core.joran.action.AppenderAction - Naming appender as [STDOUT]
16:41:18,314 |-INFO in ch.qos.logback.core.joran.action.NestedComplexPropertyIA - Assuming default type [ch.qos.logback.classic.encoder.PatternLayoutEncoder] for [encoder] property
16:41:18,405 |-INFO in ch.qos.logback.core.joran.action.AppenderAction - About to instantiate appender of type [ch.qos.logback.core.rolling.RollingFileAppender]
16:41:18,414 |-INFO in ch.qos.logback.core.joran.action.AppenderAction - Naming appender as [FILE]
16:41:18,443 |-INFO in c.q.l.core.rolling.TimeBasedRollingPolicy@127618319 - No compression will be used
16:41:18,445 |-INFO in c.q.l.core.rolling.TimeBasedRollingPolicy@127618319 - Will use the pattern /tmp/application_%d{yyyy-MM-dd}.%i.log for the active file
16:41:18,447 |-INFO in ch.qos.logback.core.rolling.SizeAndTimeBasedFNATP@6b2fad11 - The date pattern is 'yyyy-MM-dd' from file name pattern '/tmp/application_%d{yyyy-MM-dd}.%i.log'.
16:41:18,447 |-INFO in ch.qos.logback.core.rolling.SizeAndTimeBasedFNATP@6b2fad11 - Roll-over at midnight.
16:41:18,453 |-INFO in ch.qos.logback.core.rolling.SizeAndTimeBasedFNATP@6b2fad11 - Setting initial period to Mon Jun 10 16:39:59 UTC 2019
16:41:18,453 |-WARN in ch.qos.logback.core.rolling.SizeAndTimeBasedFNATP@6b2fad11 - SizeAndTimeBasedFNATP is deprecated. Use SizeAndTimeBasedRollingPolicy instead
16:41:18,453 |-WARN in ch.qos.logback.core.rolling.SizeAndTimeBasedFNATP@6b2fad11 - For more information see http://logback.qos.ch/manual/appenders.html#SizeAndTimeBasedRollingPolicy
16:41:18,457 |-INFO in ch.qos.logback.core.joran.action.NestedComplexPropertyIA - Assuming default type [ch.qos.logback.classic.encoder.PatternLayoutEncoder] for [encoder] property
16:41:18,462 |-INFO in ch.qos.logback.core.rolling.RollingFileAppender[FILE] - Active log file name: /tmp/application.log
16:41:18,462 |-INFO in ch.qos.logback.core.rolling.RollingFileAppender[FILE] - File property is set to [/tmp/application.log]
16:41:18,463 |-INFO in ch.qos.logback.classic.joran.action.RootLoggerAction - Setting level of ROOT logger to WARN
16:41:18,463 |-INFO in ch.qos.logback.core.joran.action.AppenderRefAction - Attaching appender named [STDOUT] to Logger[ROOT]
16:41:18,465 |-INFO in ch.qos.logback.core.joran.action.AppenderRefAction - Attaching appender named [FILE] to Logger[ROOT]
16:41:18,465 |-INFO in ch.qos.logback.classic.joran.action.ConfigurationAction - End of configuration.
16:41:18,465 |-INFO in ch.qos.logback.classic.joran.JoranConfigurator@79698539 - Registering current configuration as safe fallback point

Ama winner
Ama winner
2019-06-10T16:41:19.733+0000: 1.722: [Full GC (Metadata GC Threshold) 2019-06-10T16:41:19.733+0000: 1.722: [Tenured: 0K->15145K(341376K), 0.0400984 secs] 114987K->15145K(494976K), [Metaspace: 20736K->20736K(1067008K)], 0.0401914 secs] [Times: user=0.04 sys=0.01, real=0.05 secs] 
16:41:42.266 [Curator-PathChildrenCache-2] WARN  o.a.c.u.ZKPaths  - The version of ZooKeeper being used doesn't support Container nodes. CreateMode.PERSISTENT will be used instead.
2019-06-10T16:41:44.490+0000: 26.479: [GC (Allocation Failure) 2019-06-10T16:41:44.490+0000: 26.479: [DefNew: 136576K->17024K(153600K), 0.0261195 secs] 151721K->52818K(494976K), 0.0261872 secs] [Times: user=0.01 sys=0.01, real=0.03 secs] 
2019-06-10T16:41:44.934+0000: 26.923: [Full GC (Metadata GC Threshold) 2019-06-10T16:41:44.934+0000: 26.923: [Tenured: 35794K->44355K(341376K), 0.0368635 secs] 69207K->44355K(494976K), [Metaspace: 34602K->34602K(1079296K)], 0.0369374 secs] [Times: user=0.03 sys=0.00, real=0.03 secs] 
2019-06-10T16:41:49.131+0000: 31.119: [GC (Allocation Failure) 2019-06-10T16:41:49.131+0000: 31.119: [DefNew: 136576K->194K(153600K), 0.0021285 secs] 180931K->44550K(494976K), 0.0021865 secs] [Times: user=0.00 sys=0.00, real=0.00 secs] 
2019-06-10T16:41:53.027+0000: 35.016: [GC (Allocation Failure) 2019-06-10T16:41:53.027+0000: 35.016: [DefNew: 136770K->195K(153600K), 0.0019752 secs] 181126K->44550K(494976K), 0.0020439 secs] [Times: user=0.01 sys=0.00, real=0.00 secs] 
2019-06-10T16:41:56.931+0000: 38.920: [GC (Allocation Failure) 2019-06-10T16:41:56.931+0000: 38.920: [DefNew: 136771K->200K(153600K), 0.0020809 secs] 181126K->44556K(494976K), 0.0021420 secs] [Times: user=0.00 sys=0.00, real=0.01 secs] 
2019-06-10T16:42:00.802+0000: 42.791: [GC (Allocation Failure) 2019-06-10T16:42:00.802+0000: 42.791: [DefNew: 136776K->197K(153600K), 0.0019880 secs] 181132K->44552K(494976K), 0.0020486 secs] [Times: user=0.00 sys=0.00, real=0.00 secs] 
2019-06-10T16:42:04.767+0000: 46.756: [GC (Allocation Failure) 2019-06-10T16:42:04.767+0000: 46.756: [DefNew: 136773K->198K(153600K), 0.0020969 secs] 181128K->44553K(494976K), 0.0021584 secs] [Times: user=0.00 sys=0.00, real=0.00 secs] 
2019-06-10T16:42:08.712+0000: 50.701: [GC (Allocation Failure) 2019-06-10T16:42:08.712+0000: 50.701: [DefNew: 136774K->200K(153600K), 0.0019942 secs] 181129K->44556K(494976K), 0.0020556 secs] [Times: user=0.00 sys=0.00, real=0.01 secs] 
2019-06-10T16:42:12.662+0000: 54.651: [GC (Allocation Failure) 2019-06-10T16:42:12.663+0000: 54.651: [DefNew: 136776K->204K(153600K), 0.0021065 secs] 181132K->44560K(494976K), 0.0021760 secs] [Times: user=0.00 sys=0.00, real=0.00 secs] 
2019-06-10T16:42:16.597+0000: 58.586: [GC (Allocation Failure) 2019-06-10T16:42:16.597+0000: 58.586: [DefNew: 136780K->199K(153600K), 0.0020766 secs] 181136K->44554K(494976K), 0.0021378 secs] [Times: user=0.00 sys=0.00, real=0.00 secs] 
16:42:24.903 [Curator-PathChildrenCache-0] ERROR o.a.c.f.r.c.PathChildrenCache  - 
java.lang.IllegalStateException: instance must be started before calling this method
	at org.apache.curator.shaded.com.google.common.base.Preconditions.checkState(Preconditions.java:444)
	at org.apache.curator.framework.imps.CuratorFrameworkImpl.getChildren(CuratorFrameworkImpl.java:456)
	at org.apache.curator.framework.recipes.cache.PathChildrenCache.refresh(PathChildrenCache.java:521)
	at org.apache.curator.framework.recipes.cache.RefreshOperation.invoke(RefreshOperation.java:35)
	at org.apache.curator.framework.recipes.cache.PathChildrenCache$9.run(PathChildrenCache.java:786)
	at java.util.concurrent.Executors$RunnableAdapter.call(Executors.java:511)
	at java.util.concurrent.FutureTask.run(FutureTask.java:266)
	at java.util.concurrent.Executors$RunnableAdapter.call(Executors.java:511)
	at java.util.concurrent.FutureTask.run(FutureTask.java:266)
	at java.util.concurrent.ThreadPoolExecutor.runWorker(ThreadPoolExecutor.java:1149)
	at java.util.concurrent.ThreadPoolExecutor$Worker.run(ThreadPoolExecutor.java:624)
	at java.lang.Thread.run(Thread.java:748)
Heap
 def new generation   total 153600K, used 79347K [0x00000000e0c00000, 0x00000000eb2a0000, 0x00000000eb2a0000)
  eden space 136576K,  57% used [0x00000000e0c00000, 0x00000000e594afa0, 0x00000000e9160000)
  from space 17024K,   1% used [0x00000000ea200000, 0x00000000ea231ce0, 0x00000000eb2a0000)
  to   space 17024K,   0% used [0x00000000e9160000, 0x00000000e9160000, 0x00000000ea200000)
 tenured generation   total 341376K, used 44355K [0x00000000eb2a0000, 0x0000000100000000, 0x0000000100000000)
   the space 341376K,  12% used [0x00000000eb2a0000, 0x00000000eddf0dc0, 0x00000000eddf0e00, 0x0000000100000000)
 Metaspace       used 36294K, capacity 37250K, committed 37504K, reserved 1081344K
  class space    used 4905K, capacity 5123K, committed 5248K, reserved 1048576K
