19:50:45,777 |-INFO in ch.qos.logback.classic.LoggerContext[default] - Could NOT find resource [logback-test.xml]
19:50:45,780 |-INFO in ch.qos.logback.classic.LoggerContext[default] - Could NOT find resource [logback.groovy]
19:50:45,780 |-INFO in ch.qos.logback.classic.LoggerContext[default] - Found resource [logback.xml] at [jar:file:/root/flamestream/lib/flamestream-runtime-1.0-SNAPSHOT.jar!/logback.xml]
19:50:45,781 |-WARN in ch.qos.logback.classic.LoggerContext[default] - Resource [logback.xml] occurs multiple times on the classpath.
19:50:45,781 |-WARN in ch.qos.logback.classic.LoggerContext[default] - Resource [logback.xml] occurs at [jar:file:/root/flamestream/lib/flamestream-runtime-1.0-SNAPSHOT.jar!/logback.xml]
19:50:45,781 |-WARN in ch.qos.logback.classic.LoggerContext[default] - Resource [logback.xml] occurs at [jar:file:/root/flamestream/flamestream-runtime-1.0-SNAPSHOT.jar!/logback.xml]
19:50:45,801 |-INFO in ch.qos.logback.core.joran.spi.ConfigurationWatchList@3fb6a447 - URL [jar:file:/root/flamestream/lib/flamestream-runtime-1.0-SNAPSHOT.jar!/logback.xml] is not of type file
19:50:45,868 |-INFO in ch.qos.logback.classic.joran.action.ConfigurationAction - debug attribute not set
19:50:45,868 |-INFO in ch.qos.logback.core.joran.action.AppenderAction - About to instantiate appender of type [ch.qos.logback.core.ConsoleAppender]
19:50:45,884 |-INFO in ch.qos.logback.core.joran.action.AppenderAction - Naming appender as [STDOUT]
19:50:45,902 |-INFO in ch.qos.logback.core.joran.action.NestedComplexPropertyIA - Assuming default type [ch.qos.logback.classic.encoder.PatternLayoutEncoder] for [encoder] property
19:50:45,993 |-INFO in ch.qos.logback.core.joran.action.AppenderAction - About to instantiate appender of type [ch.qos.logback.core.rolling.RollingFileAppender]
19:50:45,998 |-INFO in ch.qos.logback.core.joran.action.AppenderAction - Naming appender as [FILE]
19:50:46,028 |-INFO in c.q.l.core.rolling.TimeBasedRollingPolicy@127618319 - No compression will be used
19:50:46,029 |-INFO in c.q.l.core.rolling.TimeBasedRollingPolicy@127618319 - Will use the pattern /tmp/application_%d{yyyy-MM-dd}.%i.log for the active file
19:50:46,032 |-INFO in ch.qos.logback.core.rolling.SizeAndTimeBasedFNATP@6b2fad11 - The date pattern is 'yyyy-MM-dd' from file name pattern '/tmp/application_%d{yyyy-MM-dd}.%i.log'.
19:50:46,032 |-INFO in ch.qos.logback.core.rolling.SizeAndTimeBasedFNATP@6b2fad11 - Roll-over at midnight.
19:50:46,037 |-INFO in ch.qos.logback.core.rolling.SizeAndTimeBasedFNATP@6b2fad11 - Setting initial period to Mon Jun 10 19:49:17 UTC 2019
19:50:46,037 |-WARN in ch.qos.logback.core.rolling.SizeAndTimeBasedFNATP@6b2fad11 - SizeAndTimeBasedFNATP is deprecated. Use SizeAndTimeBasedRollingPolicy instead
19:50:46,037 |-WARN in ch.qos.logback.core.rolling.SizeAndTimeBasedFNATP@6b2fad11 - For more information see http://logback.qos.ch/manual/appenders.html#SizeAndTimeBasedRollingPolicy
19:50:46,041 |-INFO in ch.qos.logback.core.joran.action.NestedComplexPropertyIA - Assuming default type [ch.qos.logback.classic.encoder.PatternLayoutEncoder] for [encoder] property
19:50:46,045 |-INFO in ch.qos.logback.core.rolling.RollingFileAppender[FILE] - Active log file name: /tmp/application.log
19:50:46,045 |-INFO in ch.qos.logback.core.rolling.RollingFileAppender[FILE] - File property is set to [/tmp/application.log]
19:50:46,046 |-INFO in ch.qos.logback.classic.joran.action.RootLoggerAction - Setting level of ROOT logger to WARN
19:50:46,046 |-INFO in ch.qos.logback.core.joran.action.AppenderRefAction - Attaching appender named [STDOUT] to Logger[ROOT]
19:50:46,048 |-INFO in ch.qos.logback.core.joran.action.AppenderRefAction - Attaching appender named [FILE] to Logger[ROOT]
19:50:46,048 |-INFO in ch.qos.logback.classic.joran.action.ConfigurationAction - End of configuration.
19:50:46,049 |-INFO in ch.qos.logback.classic.joran.JoranConfigurator@79698539 - Registering current configuration as safe fallback point

Ama winner
Ama winner
2019-06-10T19:50:47.336+0000: 1.737: [Full GC (Metadata GC Threshold) 2019-06-10T19:50:47.336+0000: 1.737: [Tenured: 0K->15209K(341376K), 0.0396921 secs] 114923K->15209K(494976K), [Metaspace: 20738K->20738K(1067008K)], 0.0397571 secs] [Times: user=0.03 sys=0.01, real=0.04 secs] 
19:51:09.880 [Curator-PathChildrenCache-1] WARN  o.a.c.u.ZKPaths  - The version of ZooKeeper being used doesn't support Container nodes. CreateMode.PERSISTENT will be used instead.
2019-06-10T19:51:12.109+0000: 26.510: [GC (Allocation Failure) 2019-06-10T19:51:12.109+0000: 26.510: [DefNew: 136576K->17023K(153600K), 0.0262669 secs] 151785K->52804K(494976K), 0.0263400 secs] [Times: user=0.02 sys=0.01, real=0.03 secs] 
2019-06-10T19:51:18.590+0000: 32.991: [Full GC (Metadata GC Threshold) 2019-06-10T19:51:18.590+0000: 32.991: [Tenured: 35780K->44474K(341376K), 0.0580046 secs] 155936K->44474K(494976K), [Metaspace: 34591K->34591K(1079296K)], 0.0587995 secs] [Times: user=0.06 sys=0.00, real=0.06 secs] 
2019-06-10T19:51:27.207+0000: 41.608: [GC (Allocation Failure) 2019-06-10T19:51:27.207+0000: 41.608: [DefNew: 136576K->121K(153600K), 0.0017751 secs] 181050K->44595K(494976K), 0.0018441 secs] [Times: user=0.00 sys=0.00, real=0.00 secs] 
2019-06-10T19:51:35.812+0000: 50.213: [GC (Allocation Failure) 2019-06-10T19:51:35.812+0000: 50.213: [DefNew: 136697K->151K(153600K), 0.0017875 secs] 181171K->44625K(494976K), 0.0018505 secs] [Times: user=0.00 sys=0.00, real=0.01 secs] 
2019-06-10T19:51:44.523+0000: 58.924: [GC (Allocation Failure) 2019-06-10T19:51:44.523+0000: 58.924: [DefNew: 136727K->148K(153600K), 0.0016978 secs] 181201K->44622K(494976K), 0.0017564 secs] [Times: user=0.00 sys=0.00, real=0.00 secs] 
2019-06-10T19:51:53.692+0000: 68.093: [GC (Allocation Failure) 2019-06-10T19:51:53.692+0000: 68.093: [DefNew: 136724K->470K(153600K), 0.0022004 secs] 181198K->44944K(494976K), 0.0022780 secs] [Times: user=0.01 sys=0.00, real=0.01 secs] 
2019-06-10T19:52:03.842+0000: 78.243: [GC (Allocation Failure) 2019-06-10T19:52:03.842+0000: 78.243: [DefNew: 137046K->224K(153600K), 0.0020860 secs] 181520K->44699K(494976K), 0.0021468 secs] [Times: user=0.00 sys=0.00, real=0.00 secs] 
19:52:19.157 [Curator-PathChildrenCache-0] ERROR o.a.c.f.r.c.PathChildrenCache  - 
java.lang.IllegalStateException: instance must be started before calling this method
	at org.apache.curator.shaded.com.google.common.base.Preconditions.checkState(Preconditions.java:444)
	at org.apache.curator.framework.imps.CuratorFrameworkImpl.getChildren(CuratorFrameworkImpl.java:456)
	at org.apache.curator.framework.recipes.cache.PathChildrenCache.refresh(PathChildrenCache.java:521)
	at org.apache.curator.framework.recipes.cache.RefreshOperation.invoke(RefreshOperation.java:35)
	at org.apache.curator.framework.recipes.cache.PathChildrenCache$9.run(PathChildrenCache.java:786)
	at java.util.concurrent.Executors$RunnableAdapter.call(Executors.java:511)
	at java.util.concurrent.FutureTask.run(FutureTask.java:266)
	at java.util.concurrent.Executors$RunnableAdapter.call(Executors.java:511)
	at java.util.concurrent.FutureTask.run(FutureTask.java:266)
	at java.util.concurrent.ThreadPoolExecutor.runWorker(ThreadPoolExecutor.java:1149)
	at java.util.concurrent.ThreadPoolExecutor$Worker.run(ThreadPoolExecutor.java:624)
	at java.lang.Thread.run(Thread.java:748)
Heap
 def new generation   total 153600K, used 82900K [0x00000000e0c00000, 0x00000000eb2a0000, 0x00000000eb2a0000)
  eden space 136576K,  60% used [0x00000000e0c00000, 0x00000000e5cbce38, 0x00000000e9160000)
  from space 17024K,   1% used [0x00000000e9160000, 0x00000000e9198370, 0x00000000ea200000)
  to   space 17024K,   0% used [0x00000000ea200000, 0x00000000ea200000, 0x00000000eb2a0000)
 tenured generation   total 341376K, used 44474K [0x00000000eb2a0000, 0x0000000100000000, 0x0000000100000000)
   the space 341376K,  13% used [0x00000000eb2a0000, 0x00000000ede0e978, 0x00000000ede0ea00, 0x0000000100000000)
 Metaspace       used 36097K, capacity 36986K, committed 37120K, reserved 1081344K
  class space    used 4858K, capacity 5073K, committed 5120K, reserved 1048576K
