18:53:47,373 |-INFO in ch.qos.logback.classic.LoggerContext[default] - Could NOT find resource [logback-test.xml]
18:53:47,373 |-INFO in ch.qos.logback.classic.LoggerContext[default] - Could NOT find resource [logback.groovy]
18:53:47,373 |-INFO in ch.qos.logback.classic.LoggerContext[default] - Found resource [logback.xml] at [jar:file:/home/ubuntu/flamestream/lib/flamestream-runtime-1.0-SNAPSHOT.jar!/logback.xml]
18:53:47,374 |-WARN in ch.qos.logback.classic.LoggerContext[default] - Resource [logback.xml] occurs multiple times on the classpath.
18:53:47,374 |-WARN in ch.qos.logback.classic.LoggerContext[default] - Resource [logback.xml] occurs at [jar:file:/home/ubuntu/flamestream/flamestream-runtime-1.0-SNAPSHOT.jar!/logback.xml]
18:53:47,374 |-WARN in ch.qos.logback.classic.LoggerContext[default] - Resource [logback.xml] occurs at [jar:file:/home/ubuntu/flamestream/lib/flamestream-runtime-1.0-SNAPSHOT.jar!/logback.xml]
18:53:47,389 |-INFO in ch.qos.logback.core.joran.spi.ConfigurationWatchList@4678c730 - URL [jar:file:/home/ubuntu/flamestream/lib/flamestream-runtime-1.0-SNAPSHOT.jar!/logback.xml] is not of type file
18:53:47,467 |-INFO in ch.qos.logback.classic.joran.action.ConfigurationAction - debug attribute not set
18:53:47,468 |-INFO in ch.qos.logback.core.joran.action.AppenderAction - About to instantiate appender of type [ch.qos.logback.core.ConsoleAppender]
18:53:47,477 |-INFO in ch.qos.logback.core.joran.action.AppenderAction - Naming appender as [STDOUT]
18:53:47,496 |-INFO in ch.qos.logback.core.joran.action.NestedComplexPropertyIA - Assuming default type [ch.qos.logback.classic.encoder.PatternLayoutEncoder] for [encoder] property
18:53:47,587 |-INFO in ch.qos.logback.core.joran.action.AppenderAction - About to instantiate appender of type [ch.qos.logback.core.rolling.RollingFileAppender]
18:53:47,591 |-INFO in ch.qos.logback.core.joran.action.AppenderAction - Naming appender as [FILE]
18:53:47,627 |-INFO in c.q.l.core.rolling.TimeBasedRollingPolicy@1734853116 - No compression will be used
18:53:47,628 |-INFO in c.q.l.core.rolling.TimeBasedRollingPolicy@1734853116 - Will use the pattern /tmp/application_%d{yyyy-MM-dd}.%i.log for the active file
18:53:47,635 |-INFO in ch.qos.logback.core.rolling.SizeAndTimeBasedFNATP@29ee9faa - The date pattern is 'yyyy-MM-dd' from file name pattern '/tmp/application_%d{yyyy-MM-dd}.%i.log'.
18:53:47,635 |-INFO in ch.qos.logback.core.rolling.SizeAndTimeBasedFNATP@29ee9faa - Roll-over at midnight.
18:53:47,644 |-INFO in ch.qos.logback.core.rolling.SizeAndTimeBasedFNATP@29ee9faa - Setting initial period to Sat Sep 28 18:51:59 UTC 2019
18:53:47,644 |-WARN in ch.qos.logback.core.rolling.SizeAndTimeBasedFNATP@29ee9faa - SizeAndTimeBasedFNATP is deprecated. Use SizeAndTimeBasedRollingPolicy instead
18:53:47,644 |-WARN in ch.qos.logback.core.rolling.SizeAndTimeBasedFNATP@29ee9faa - For more information see http://logback.qos.ch/manual/appenders.html#SizeAndTimeBasedRollingPolicy
18:53:47,650 |-INFO in ch.qos.logback.core.joran.action.NestedComplexPropertyIA - Assuming default type [ch.qos.logback.classic.encoder.PatternLayoutEncoder] for [encoder] property
18:53:47,655 |-INFO in ch.qos.logback.core.rolling.RollingFileAppender[FILE] - Active log file name: /tmp/application.log
18:53:47,655 |-INFO in ch.qos.logback.core.rolling.RollingFileAppender[FILE] - File property is set to [/tmp/application.log]
18:53:47,656 |-INFO in ch.qos.logback.classic.joran.action.RootLoggerAction - Setting level of ROOT logger to INFO
18:53:47,656 |-INFO in ch.qos.logback.core.joran.action.AppenderRefAction - Attaching appender named [STDOUT] to Logger[ROOT]
18:53:47,657 |-INFO in ch.qos.logback.core.joran.action.AppenderRefAction - Attaching appender named [FILE] to Logger[ROOT]
18:53:47,657 |-INFO in ch.qos.logback.classic.joran.action.ConfigurationAction - End of configuration.
18:53:47,657 |-INFO in ch.qos.logback.classic.joran.JoranConfigurator@c038203 - Registering current configuration as safe fallback point

18:53:47.666 [main] INFO  c.s.f.r.WorkerApplication  - Starting worker with workerConfig 'WorkerConfig{id='flamestream-benchmarks-worker-5', localAddress=flamestream-benchmarks-worker-5/10.0.0.4:5412, zkString='flamestream-benchmarks-manager:12181', snapshotPath='/home/ubuntu/flamestream/data', guarantees=AT_MOST_ONCE}'
18:53:49.015 [worker-akka.actor.default-dispatcher-6] INFO  a.e.s.Slf4jLogger  - Slf4jLogger started
2019-09-28T18:53:49.152+0000: 2.104: [Full GC (Metadata GC Threshold) 2019-09-28T18:53:49.152+0000: 2.104: [Tenured: 0K->13622K(1024000K), 0.0526068 secs] 139456K->13622K(1484800K), [Metaspace: 20192K->20192K(1067008K)], 0.0527106 secs] [Times: user=0.04 sys=0.02, real=0.05 secs] 
18:53:49.306 [worker-akka.actor.default-dispatcher-6] WARN  a.r.RemoteActorRefProvider akka.remote.RemoteActorRefProvider - Using the 'remote' ActorRefProvider directly, which is a low-level layer. For most use cases, the 'cluster' abstraction on top of remoting is more suitable instead.
18:53:49.315 [worker-akka.actor.default-dispatcher-6] WARN  a.r.RemoteActorRefProvider akka.remote.RemoteActorRefProvider - Akka Cluster not in use - Using Akka Cluster is recommended if you need remote watch and deploy.
18:53:49.422 [worker-akka.actor.default-dispatcher-6] INFO  a.r.a.a.ArteryAeronUdpTransport(akka://worker) akka.remote.artery.aeron.ArteryAeronUdpTransport(akka://worker) - Started embedded media driver in directory [/dev/shm/aeron-flamestream-benchmarks-worker-5]
18:53:49.450 [worker-akka.actor.default-dispatcher-6] WARN  a.r.a.a.ArteryAeronUdpTransport(akka://worker) akka.remote.artery.aeron.ArteryAeronUdpTransport(akka://worker) - Aeron CnC version mismatch: compiled version = 15, file version = 16
18:53:49.708 [worker-akka.actor.default-dispatcher-6] INFO  a.r.a.a.ArteryAeronUdpTransport(akka://worker) akka.remote.artery.aeron.ArteryAeronUdpTransport(akka://worker) - Remoting started with transport [Artery aeron-udp]; listening on address [akka://worker@flamestream-benchmarks-worker-5:5412] and bound to [akka://worker@0.0.0.0:5412] with UID [4535857925252804459]
18:53:50.236 [worker-akka.actor.default-dispatcher-6] WARN  a.s.Serialization(akka://worker) akka.serialization.Serialization(akka://worker) - Using serializer [com.romix.akka.serialization.kryo.KryoSerializer] for message [akka.actor.ActorSelectionMessage]. Note that this serializer is not implemented by Akka. It's not recommended to replace serializers for messages provided by Akka.
18:53:50.237 [worker-akka.actor.default-dispatcher-6] WARN  a.s.Serialization(akka://worker) akka.serialization.Serialization(akka://worker) - Using serializer [com.romix.akka.serialization.kryo.KryoSerializer] for message [akka.actor.ActorIdentity]. Note that this serializer is not implemented by Akka. It's not recommended to replace serializers for messages provided by Akka.
18:53:50.288 [worker-akka.actor.default-dispatcher-9] INFO  a.a.RepointableActorRef akka://worker/user/watcher - Starting...
18:53:50.433 [worker-akka.actor.default-dispatcher-6] INFO  o.a.c.u.Compatibility  - Running in ZooKeeper 3.4.x compatibility mode
18:53:50.463 [worker-akka.actor.default-dispatcher-6] INFO  o.a.c.f.i.CuratorFrameworkImpl  - Starting
18:53:50.481 [worker-akka.actor.default-dispatcher-6] INFO  o.a.z.ZooKeeper  - Client environment:zookeeper.version=3.4.14-4c25d480e66aadd371de8bd2fd8da255ac140bcf, built on 03/06/2019 16:18 GMT
18:53:50.481 [worker-akka.actor.default-dispatcher-6] INFO  o.a.z.ZooKeeper  - Client environment:host.name=flamestream-benchmarks-worker-5
18:53:50.482 [worker-akka.actor.default-dispatcher-6] INFO  o.a.z.ZooKeeper  - Client environment:java.version=1.8.0_222
18:53:50.482 [worker-akka.actor.default-dispatcher-6] INFO  o.a.z.ZooKeeper  - Client environment:java.vendor=Private Build
18:53:50.483 [worker-akka.actor.default-dispatcher-6] INFO  o.a.z.ZooKeeper  - Client environment:java.home=/usr/lib/jvm/java-8-openjdk-amd64/jre
18:53:50.484 [worker-akka.actor.default-dispatcher-6] INFO  o.a.z.ZooKeeper  - Client environment:java.class.path=lib/curator-framework-4.0.1.jar:lib/commons-csv-1.4.jar:lib/aeron-client-1.21.2.jar:lib/scala-library-2.12.9.jar:lib/asm-5.0.4.jar:lib/agrona-1.0.1.jar:lib/curator-recipes-4.0.1.jar:lib/akka-testkit_2.12-2.6.0-M6.jar:lib/flamestream-runtime-1.0-SNAPSHOT.jar:lib/jsr305-3.0.2.jar:lib/trove4j-3.0.3.jar:lib/flamestream-core-1.0-SNAPSHOT.jar:lib/commons-io-2.4.jar:lib/minlog-1.3.0.jar:lib/kryonet-2.21.jar:lib/commons-1.4.9.jar:lib/jline-0.9.94.jar:lib/akka-remote_2.12-2.6.0-M6.jar:lib/leveldbjni-all-1.8.jar:lib/lz4-1.3.0.jar:lib/slf4j-api-1.7.24.jar:lib/scala-parser-combinators_2.12-1.1.2.jar:lib/flamestream-core-1.0-SNAPSHOT-tests.jar:lib/logback-core-1.2.3.jar:lib/netty-3.10.6.Final.jar:lib/protobuf-java-3.9.0.jar:lib/minlog-1.2.jar:lib/leveldb-api-0.7.jar:lib/jool-0.9.12.jar:lib/commons-cli-1.4.jar:lib/jblas-1.2.4.jar:lib/reflectasm-1.11.3.jar:lib/reflectasm-1.07-shaded.jar:lib/audience-annotations-0.5.0.jar:lib/jackson-annotations-2.9.6.jar:lib/commons-lang-2.6.jar:lib/ssl-config-core_2.12-0.3.8.jar:lib/annotations-13.0.jar:lib/logback-classic-1.2.3.jar:lib/guava-21.0.jar:lib/reactive-streams-1.0.2.jar:lib/spotbugs-annotations-3.1.9.jar:lib/leveldb-0.7.jar:lib/commons-pool2-2.4.2.jar:lib/rocksdbjni-5.5.1.jar:lib/jackson-core-2.9.9.jar:lib/jackson-databind-2.9.9.2.jar:lib/akka-protobuf-v3_2.12-2.6.0-M6.jar:lib/jackson-annotations-2.9.0.jar:lib/flamestream-examples-1.0-SNAPSHOT.jar:lib/objenesis-2.1.jar:lib/akka-kryo-serialization_2.12-0.5.2.jar:lib/scala-java8-compat_2.12-0.8.0.jar:lib/zookeeper-3.4.14.jar:lib/akka-slf4j_2.12-2.6.0-M6.jar:lib/kryo-4.0.0.jar:lib/akka-stream_2.12-2.6.0-M6.jar:lib/slf4j-simple-2.0.0-alpha0.jar:lib/aeron-driver-1.21.2.jar:lib/config-1.3.1.jar:lib/annotations-12.0.jar:lib/jedis-2.9.0.jar:lib/jcommander-1.48.jar:lib/testng-6.10.jar:lib/akka-actor_2.12-2.6.0-M6.jar:lib/curator-client-4.0.1.jar:flamestream-runtime-1.0-SNAPSHOT.jar
18:53:50.484 [worker-akka.actor.default-dispatcher-6] INFO  o.a.z.ZooKeeper  - Client environment:java.library.path=/usr/java/packages/lib/amd64:/usr/lib/x86_64-linux-gnu/jni:/lib/x86_64-linux-gnu:/usr/lib/x86_64-linux-gnu:/usr/lib/jni:/lib:/usr/lib
18:53:50.484 [worker-akka.actor.default-dispatcher-6] INFO  o.a.z.ZooKeeper  - Client environment:java.io.tmpdir=/tmp
18:53:50.484 [worker-akka.actor.default-dispatcher-6] INFO  o.a.z.ZooKeeper  - Client environment:java.compiler=<NA>
18:53:50.485 [worker-akka.actor.default-dispatcher-6] INFO  o.a.z.ZooKeeper  - Client environment:os.name=Linux
18:53:50.487 [worker-akka.actor.default-dispatcher-6] INFO  o.a.z.ZooKeeper  - Client environment:os.arch=amd64
18:53:50.488 [worker-akka.actor.default-dispatcher-6] INFO  o.a.z.ZooKeeper  - Client environment:os.version=4.15.0-1040-gcp
18:53:50.488 [worker-akka.actor.default-dispatcher-6] INFO  o.a.z.ZooKeeper  - Client environment:user.name=ubuntu
18:53:50.488 [worker-akka.actor.default-dispatcher-6] INFO  o.a.z.ZooKeeper  - Client environment:user.home=/home/ubuntu
18:53:50.488 [worker-akka.actor.default-dispatcher-6] INFO  o.a.z.ZooKeeper  - Client environment:user.dir=/home/ubuntu/flamestream
18:53:50.490 [worker-akka.actor.default-dispatcher-6] INFO  o.a.z.ZooKeeper  - Initiating client connection, connectString=flamestream-benchmarks-manager:12181 sessionTimeout=60000 watcher=org.apache.curator.ConnectionState@bd23c93
18:53:50.522 [worker-akka.actor.default-dispatcher-6-SendThread(flamestream-benchmarks-manager:12181)] INFO  o.a.z.ClientCnxn  - Opening socket connection to server flamestream-benchmarks-manager/10.0.0.2:12181. Will not attempt to authenticate using SASL (unknown error)
18:53:50.527 [worker-akka.actor.default-dispatcher-6] INFO  o.a.c.f.i.CuratorFrameworkImpl  - Default schema
18:53:50.529 [worker-akka.actor.default-dispatcher-6-SendThread(flamestream-benchmarks-manager:12181)] INFO  o.a.z.ClientCnxn  - Socket connection established to flamestream-benchmarks-manager/10.0.0.2:12181, initiating session
18:53:50.540 [worker-akka.actor.default-dispatcher-6-SendThread(flamestream-benchmarks-manager:12181)] INFO  o.a.z.ClientCnxn  - Session establishment complete on server flamestream-benchmarks-manager/10.0.0.2:12181, sessionid = 0x100015787a40005, negotiated timeout = 60000
18:53:50.550 [worker-akka.actor.default-dispatcher-6-EventThread] INFO  o.a.c.f.s.ConnectionStateManager  - State change: CONNECTED
18:53:50.552 [worker-akka.actor.default-dispatcher-9] INFO  a.a.RepointableActorRef akka://worker/user/watcher - Initializing rocksDB backend
2019-09-28T18:53:51.209+0000: 4.161: [Full GC (Metadata GC Threshold) 2019-09-28T18:53:51.209+0000: 4.161: [Tenured: 13622K->25936K(1024000K), 0.0790866 secs] 161144K->25936K(1484800K), [Metaspace: 33681K->33681K(1079296K)], 0.0791867 secs] [Times: user=0.07 sys=0.00, real=0.08 secs] 
18:53:51.386 [worker-akka.actor.default-dispatcher-6] INFO  a.a.LocalActorRef akka://worker/user/watcher/processing-watcher - Starting...
18:54:00.542 [Curator-PathChildrenCache-2] WARN  o.a.c.u.ZKPaths  - The version of ZooKeeper being used doesn't support Container nodes. CreateMode.PERSISTENT will be used instead.
18:54:00.615 [worker-akka.actor.default-dispatcher-6] INFO  a.a.LocalActorRef akka://worker/user/watcher/processing-watcher/$a - Starting...
18:54:00.645 [worker-akka.actor.default-dispatcher-6] INFO  a.a.LocalActorRef akka://worker/user/watcher/processing-watcher/$a - Stopped
18:54:03.434 [worker-akka.actor.default-dispatcher-9] INFO  a.a.LocalActorRef akka://worker/user/watcher/processing-watcher/graph/graph - Starting...
18:54:11.108 [worker-akka.actor.default-dispatcher-6] INFO  a.a.LocalActorRef akka://worker/user/watcher/processing-watcher/graph/graph - Finishing constructor
18:54:11.111 [worker-akka.actor.default-dispatcher-9] INFO  a.a.LocalActorRef akka://worker/user/watcher/processing-watcher/graph/negotiator - Starting...
18:54:11.116 [worker-akka.actor.default-dispatcher-12] INFO  a.a.LocalActorRef akka://worker/user/watcher/processing-watcher/graph/edge - Starting...
18:54:11.121 [worker-akka.actor.default-dispatcher-6] INFO  a.a.LocalActorRef akka://worker/user/watcher/processing-watcher/graph - Starting FlameNode with config 'ClusterConfig{paths={flamestream-benchmarks-worker-1=akka://worker@flamestream-benchmarks-worker-1:5412/user/watcher/processing-watcher/graph, flamestream-benchmarks-worker-0=akka://worker@flamestream-benchmarks-worker-0:5412/user/watcher/processing-watcher/graph, flamestream-benchmarks-worker-9=akka://worker@flamestream-benchmarks-worker-9:5412/user/watcher/processing-watcher/graph, flamestream-benchmarks-worker-8=akka://worker@flamestream-benchmarks-worker-8:5412/user/watcher/processing-watcher/graph, flamestream-benchmarks-worker-7=akka://worker@flamestream-benchmarks-worker-7:5412/user/watcher/processing-watcher/graph, flamestream-benchmarks-worker-6=akka://worker@flamestream-benchmarks-worker-6:5412/user/watcher/processing-watcher/graph, flamestream-benchmarks-worker-5=akka://worker@flamestream-benchmarks-worker-5:5412/user/watcher/processing-watcher/graph, flamestream-benchmarks-worker-4=akka://worker@flamestream-benchmarks-worker-4:5412/user/watcher/processing-watcher/graph, flamestream-benchmarks-worker-3=akka://worker@flamestream-benchmarks-worker-3:5412/user/watcher/processing-watcher/graph, flamestream-benchmarks-worker-2=akka://worker@flamestream-benchmarks-worker-2:5412/user/watcher/processing-watcher/graph, flamestream-benchmarks-worker-14=akka://worker@flamestream-benchmarks-worker-14:5412/user/watcher/processing-watcher/graph, flamestream-benchmarks-worker-13=akka://worker@flamestream-benchmarks-worker-13:5412/user/watcher/processing-watcher/graph, flamestream-benchmarks-worker-12=akka://worker@flamestream-benchmarks-worker-12:5412/user/watcher/processing-watcher/graph, flamestream-benchmarks-worker-11=akka://worker@flamestream-benchmarks-worker-11:5412/user/watcher/processing-watcher/graph, flamestream-benchmarks-worker-10=akka://worker@flamestream-benchmarks-worker-10:5412/user/watcher/processing-watcher/graph}}'
18:54:11.138 [worker-akka.actor.default-dispatcher-6] INFO  a.a.LocalActorRef akka://worker/user/watcher/processing-watcher/graph/negotiator - Requesting ticket for the frontClass FlameSocketGraphDeployerFront@flamestream-benchmarks-worker-5
18:54:11.185 [worker-akka.actor.default-dispatcher-6] INFO  c.s.f.r.e.s.SocketRear  - FlameSocketGraphDeployerRear@flamestream-benchmarks-worker-5: connecting to flamestream-benchmarks-manager:5678
18:54:11.198 [worker-akka.actor.default-dispatcher-14] INFO  a.a.LocalActorRef akka://worker/user/watcher/processing-watcher/graph/graph - Received last commit 'LastCommit{globalTime=(0000000, min@min)}'
18:54:11.203 [worker-akka.actor.default-dispatcher-14] INFO  a.a.LocalActorRef akka://worker/user/watcher/processing-watcher/graph/edge/FlameSocketGraphDeployerFront - Starting...
18:54:11.211 [worker-akka.actor.default-dispatcher-6] INFO  c.s.f.r.e.s.SocketRear  - FlameSocketGraphDeployerRear@flamestream-benchmarks-worker-5: connected to flamestream-benchmarks-manager:5678
18:54:11.212 [worker-akka.actor.default-dispatcher-6] INFO  a.a.LocalActorRef akka://worker/user/watcher/processing-watcher/graph/edge/FlameSocketGraphDeployerRear - Starting...
18:54:11.221 [worker-akka.actor.default-dispatcher-12] INFO  a.a.LocalActorRef akka://worker/user/watcher/processing-watcher/graph/negotiator - Ticket for the frontClass received: FrontTicket{allowedTimestamp=(0000000, FlameSocketGraphDeployerFront@flamestream-benchmarks-worker-5)}
18:54:11.222 [worker-akka.actor.default-dispatcher-12] INFO  c.s.f.r.e.s.SocketFront  - FlameSocketGraphDeployerFront@flamestream-benchmarks-worker-5: connecting to flamestream-benchmarks-manager:4567
18:54:11.490 [worker-akka.actor.default-dispatcher-12] INFO  a.a.LocalActorRef akka://worker/user/watcher/processing-watcher/graph/graph/$a - Starting...
18:54:11.493 [worker-akka.actor.default-dispatcher-12] INFO  a.a.LocalActorRef akka://worker/user/watcher/processing-watcher/graph/graph/$b - Starting...
18:54:11.495 [worker-akka.actor.default-dispatcher-12] INFO  a.a.LocalActorRef akka://worker/user/watcher/processing-watcher/graph/graph/$c - Starting...
18:54:11.496 [worker-akka.actor.default-dispatcher-12] INFO  a.a.LocalActorRef akka://worker/user/watcher/processing-watcher/graph/graph/$d - Starting...
18:54:11.499 [worker-akka.actor.default-dispatcher-12] INFO  a.a.LocalActorRef akka://worker/user/watcher/processing-watcher/graph/graph/$e - Starting...
18:54:11.500 [worker-akka.actor.default-dispatcher-12] INFO  a.a.LocalActorRef akka://worker/user/watcher/processing-watcher/graph/graph/$f - Starting...
18:54:11.504 [worker-akka.actor.default-dispatcher-12] INFO  a.a.LocalActorRef akka://worker/user/watcher/processing-watcher/graph/graph/$g - Starting...
18:54:11.506 [worker-akka.actor.default-dispatcher-12] INFO  a.a.LocalActorRef akka://worker/user/watcher/processing-watcher/graph/graph/$h - Starting...
18:54:11.507 [worker-akka.actor.default-dispatcher-12] INFO  a.a.LocalActorRef akka://worker/user/watcher/processing-watcher/graph/graph/$i - Starting...
18:54:11.509 [worker-akka.actor.default-dispatcher-12] INFO  a.a.LocalActorRef akka://worker/user/watcher/processing-watcher/graph/graph/$j - Starting...
18:54:11.510 [worker-akka.actor.default-dispatcher-12] INFO  a.a.LocalActorRef akka://worker/user/watcher/processing-watcher/graph/graph/$k - Starting...
18:54:11.511 [worker-akka.actor.default-dispatcher-12] INFO  a.a.LocalActorRef akka://worker/user/watcher/processing-watcher/graph/graph/$l - Starting...
18:54:11.513 [worker-akka.actor.default-dispatcher-12] INFO  a.a.LocalActorRef akka://worker/user/watcher/processing-watcher/graph/graph/$m - Starting...
18:54:11.515 [worker-akka.actor.default-dispatcher-12] INFO  a.a.LocalActorRef akka://worker/user/watcher/processing-watcher/graph/graph/$n - Starting...
18:54:11.516 [worker-akka.actor.default-dispatcher-12] INFO  a.a.LocalActorRef akka://worker/user/watcher/processing-watcher/graph/graph/$o - Starting...
18:54:11.519 [worker-akka.actor.default-dispatcher-12] INFO  a.a.LocalActorRef akka://worker/user/watcher/processing-watcher/graph/graph/$p - Starting...
18:54:11.521 [worker-akka.actor.default-dispatcher-12] INFO  a.a.LocalActorRef akka://worker/user/watcher/processing-watcher/graph/graph/$q - Starting...
18:54:11.522 [worker-akka.actor.default-dispatcher-12] INFO  a.a.LocalActorRef akka://worker/user/watcher/processing-watcher/graph/graph/$r - Starting...
18:54:11.524 [worker-akka.actor.default-dispatcher-12] INFO  a.a.LocalActorRef akka://worker/user/watcher/processing-watcher/graph/graph/$s - Starting...
18:54:11.525 [worker-akka.actor.default-dispatcher-12] INFO  a.a.LocalActorRef akka://worker/user/watcher/processing-watcher/graph/graph/$t - Starting...
18:54:11.526 [worker-akka.actor.default-dispatcher-12] INFO  a.a.LocalActorRef akka://worker/user/watcher/processing-watcher/graph/graph/$u - Starting...
18:54:11.527 [worker-akka.actor.default-dispatcher-12] INFO  a.a.LocalActorRef akka://worker/user/watcher/processing-watcher/graph/graph/$v - Starting...
18:54:11.529 [worker-akka.actor.default-dispatcher-12] INFO  a.a.LocalActorRef akka://worker/user/watcher/processing-watcher/graph/graph/$w - Starting...
18:54:11.530 [worker-akka.actor.default-dispatcher-12] INFO  a.a.LocalActorRef akka://worker/user/watcher/processing-watcher/graph/graph/$x - Starting...
18:54:11.532 [worker-akka.actor.default-dispatcher-12] INFO  a.a.LocalActorRef akka://worker/user/watcher/processing-watcher/graph/graph/$y - Starting...
18:54:11.533 [worker-akka.actor.default-dispatcher-12] INFO  a.a.LocalActorRef akka://worker/user/watcher/processing-watcher/graph/graph/$z - Starting...
18:54:11.534 [worker-akka.actor.default-dispatcher-12] INFO  a.a.LocalActorRef akka://worker/user/watcher/processing-watcher/graph/graph/$A - Starting...
18:54:11.535 [worker-akka.actor.default-dispatcher-12] INFO  a.a.LocalActorRef akka://worker/user/watcher/processing-watcher/graph/graph/$B - Starting...
18:54:11.544 [worker-akka.actor.default-dispatcher-12] INFO  a.a.LocalActorRef akka://worker/user/watcher/processing-watcher/graph/graph/$C - Starting...
18:54:11.565 [worker-akka.actor.default-dispatcher-12] INFO  a.a.LocalActorRef akka://worker/user/watcher/processing-watcher/graph/graph/$D - Starting...
18:54:11.567 [worker-akka.actor.default-dispatcher-12] INFO  a.a.LocalActorRef akka://worker/user/watcher/processing-watcher/graph/graph/$E - Starting...
18:54:11.569 [worker-akka.actor.default-dispatcher-12] INFO  a.a.LocalActorRef akka://worker/user/watcher/processing-watcher/graph/graph/$F - Starting...
18:54:11.578 [worker-akka.actor.default-dispatcher-12] INFO  a.a.LocalActorRef akka://worker/user/watcher/processing-watcher/graph/graph/$C - Attached rear to graph (-9223372036854775808, min@min)
18:54:11.579 [worker-akka.actor.default-dispatcher-12] INFO  a.a.LocalActorRef akka://worker/user/watcher/processing-watcher/graph/graph/$G - Starting...
18:54:11.580 [worker-akka.actor.default-dispatcher-12] INFO  a.a.LocalActorRef akka://worker/user/watcher/processing-watcher/graph/graph/$H - Starting...
18:54:11.582 [worker-akka.actor.default-dispatcher-12] INFO  a.a.LocalActorRef akka://worker/user/watcher/processing-watcher/graph/graph/$J - Starting...
18:54:11.583 [worker-akka.actor.default-dispatcher-12] INFO  a.a.LocalActorRef akka://worker/user/watcher/processing-watcher/graph/graph/$I - Starting...
18:54:11.583 [worker-akka.actor.default-dispatcher-12] INFO  a.a.LocalActorRef akka://worker/user/watcher/processing-watcher/graph/graph/$K - Starting...
18:54:11.584 [worker-akka.actor.default-dispatcher-12] INFO  a.a.LocalActorRef akka://worker/user/watcher/processing-watcher/graph/graph/$L - Starting...
18:54:11.584 [worker-akka.actor.default-dispatcher-12] INFO  a.a.LocalActorRef akka://worker/user/watcher/processing-watcher/graph/graph/$M - Starting...
18:54:11.585 [worker-akka.actor.default-dispatcher-12] INFO  a.a.LocalActorRef akka://worker/user/watcher/processing-watcher/graph/graph/$N - Starting...
18:54:11.587 [worker-akka.actor.default-dispatcher-12] INFO  a.a.LocalActorRef akka://worker/user/watcher/processing-watcher/graph/graph/$O - Starting...
18:54:11.587 [worker-akka.actor.default-dispatcher-12] INFO  a.a.LocalActorRef akka://worker/user/watcher/processing-watcher/graph/graph/$P - Starting...
18:54:11.587 [worker-akka.actor.default-dispatcher-12] INFO  a.a.LocalActorRef akka://worker/user/watcher/processing-watcher/graph/graph/$R - Starting...
18:54:11.588 [worker-akka.actor.default-dispatcher-12] INFO  a.a.LocalActorRef akka://worker/user/watcher/processing-watcher/graph/graph/$Q - Starting...
18:54:11.589 [worker-akka.actor.default-dispatcher-12] INFO  a.a.LocalActorRef akka://worker/user/watcher/processing-watcher/graph/graph/$S - Starting...
18:54:11.590 [worker-akka.actor.default-dispatcher-12] INFO  a.a.LocalActorRef akka://worker/user/watcher/processing-watcher/graph/graph/$T - Starting...
18:54:11.591 [worker-akka.actor.default-dispatcher-12] INFO  a.a.LocalActorRef akka://worker/user/watcher/processing-watcher/graph/graph/$U - Starting...
18:54:11.592 [worker-akka.actor.default-dispatcher-12] INFO  a.a.LocalActorRef akka://worker/user/watcher/processing-watcher/graph/graph/$V - Starting...
18:54:11.593 [worker-akka.actor.default-dispatcher-6] INFO  a.a.LocalActorRef akka://worker/user/watcher/processing-watcher/graph/graph/$X - Starting...
18:54:11.593 [worker-akka.actor.default-dispatcher-6] INFO  a.a.LocalActorRef akka://worker/user/watcher/processing-watcher/graph/graph/$Y - Starting...
18:54:11.594 [worker-akka.actor.default-dispatcher-12] INFO  a.a.LocalActorRef akka://worker/user/watcher/processing-watcher/graph/graph/$W - Starting...
18:54:11.595 [worker-akka.actor.default-dispatcher-12] INFO  a.a.LocalActorRef akka://worker/user/watcher/processing-watcher/graph/graph/$Z - Starting...
18:54:11.595 [worker-akka.actor.default-dispatcher-6] INFO  a.a.LocalActorRef akka://worker/user/watcher/processing-watcher/graph/graph/$0 - Starting...
18:54:11.596 [worker-akka.actor.default-dispatcher-12] INFO  a.a.LocalActorRef akka://worker/user/watcher/processing-watcher/graph/graph/$1 - Starting...
18:54:11.597 [worker-akka.actor.default-dispatcher-12] INFO  a.a.LocalActorRef akka://worker/user/watcher/processing-watcher/graph/graph/$2 - Starting...
18:54:11.598 [worker-akka.actor.default-dispatcher-12] INFO  a.a.LocalActorRef akka://worker/user/watcher/processing-watcher/graph/graph/$3 - Starting...
18:54:11.599 [worker-akka.actor.default-dispatcher-12] INFO  a.a.LocalActorRef akka://worker/user/watcher/processing-watcher/graph/graph/$5 - Starting...
18:54:11.600 [worker-akka.actor.default-dispatcher-12] INFO  a.a.LocalActorRef akka://worker/user/watcher/processing-watcher/graph/graph/$4 - Starting...
18:54:11.601 [worker-akka.actor.default-dispatcher-12] INFO  a.a.LocalActorRef akka://worker/user/watcher/processing-watcher/graph/graph/$6 - Starting...
18:54:11.603 [worker-akka.actor.default-dispatcher-6] INFO  a.a.LocalActorRef akka://worker/user/watcher/processing-watcher/graph/graph/$7 - Starting...
18:54:11.603 [worker-akka.actor.default-dispatcher-6] INFO  a.a.LocalActorRef akka://worker/user/watcher/processing-watcher/graph/graph/$8 - Starting...
18:54:11.603 [worker-akka.actor.default-dispatcher-6] INFO  a.a.LocalActorRef akka://worker/user/watcher/processing-watcher/graph/graph/$+ - Starting...
18:54:11.603 [worker-akka.actor.default-dispatcher-6] INFO  a.a.LocalActorRef akka://worker/user/watcher/processing-watcher/graph/graph/$9 - Starting...
18:54:11.603 [worker-akka.actor.default-dispatcher-6] INFO  a.a.LocalActorRef akka://worker/user/watcher/processing-watcher/graph/graph/$~ - Starting...
18:54:11.604 [worker-akka.actor.default-dispatcher-12] INFO  a.a.LocalActorRef akka://worker/user/watcher/processing-watcher/graph/graph/$ab - Starting...
18:54:11.605 [worker-akka.actor.default-dispatcher-12] INFO  a.a.LocalActorRef akka://worker/user/watcher/processing-watcher/graph/graph/$bb - Starting...
18:54:11.606 [worker-akka.actor.default-dispatcher-12] INFO  a.a.LocalActorRef akka://worker/user/watcher/processing-watcher/graph/graph/$cb - Starting...
18:54:11.607 [worker-akka.actor.default-dispatcher-12] INFO  a.a.LocalActorRef akka://worker/user/watcher/processing-watcher/graph/graph/$db - Starting...
18:54:11.608 [worker-akka.actor.default-dispatcher-12] INFO  a.a.LocalActorRef akka://worker/user/watcher/processing-watcher/graph/graph/$fb - Starting...
18:54:11.610 [worker-akka.actor.default-dispatcher-6] INFO  a.a.LocalActorRef akka://worker/user/watcher/processing-watcher/graph/graph/$eb - Starting...
18:54:11.610 [worker-akka.actor.default-dispatcher-6] INFO  a.a.LocalActorRef akka://worker/user/watcher/processing-watcher/graph/graph/$hb - Starting...
18:54:11.610 [worker-akka.actor.default-dispatcher-6] INFO  a.a.LocalActorRef akka://worker/user/watcher/processing-watcher/graph/graph/$gb - Starting...
18:54:11.611 [worker-akka.actor.default-dispatcher-12] INFO  a.a.LocalActorRef akka://worker/user/watcher/processing-watcher/graph/graph/$ib - Starting...
18:54:11.611 [worker-akka.actor.default-dispatcher-12] INFO  a.a.LocalActorRef akka://worker/user/watcher/processing-watcher/graph/graph/$jb - Starting...
18:54:11.613 [worker-akka.actor.default-dispatcher-12] INFO  a.a.LocalActorRef akka://worker/user/watcher/processing-watcher/graph/graph/$kb - Starting...
18:54:11.613 [worker-akka.actor.default-dispatcher-12] INFO  a.a.LocalActorRef akka://worker/user/watcher/processing-watcher/graph/graph/$lb - Starting...
18:54:11.615 [worker-akka.actor.default-dispatcher-12] INFO  a.a.LocalActorRef akka://worker/user/watcher/processing-watcher/graph/graph/$mb - Starting...
18:54:11.616 [worker-akka.actor.default-dispatcher-12] INFO  a.a.LocalActorRef akka://worker/user/watcher/processing-watcher/graph/graph/$nb - Starting...
18:54:11.617 [worker-akka.actor.default-dispatcher-12] INFO  a.a.LocalActorRef akka://worker/user/watcher/processing-watcher/graph/graph/$ob - Starting...
18:54:11.619 [worker-akka.actor.default-dispatcher-6] INFO  a.a.LocalActorRef akka://worker/user/watcher/processing-watcher/graph/graph/$pb - Starting...
18:54:11.619 [worker-akka.actor.default-dispatcher-6] INFO  a.a.LocalActorRef akka://worker/user/watcher/processing-watcher/graph/graph/$qb - Starting...
18:54:11.619 [worker-akka.actor.default-dispatcher-6] INFO  a.a.LocalActorRef akka://worker/user/watcher/processing-watcher/graph/graph/$rb - Starting...
18:54:11.619 [worker-akka.actor.default-dispatcher-6] INFO  a.a.LocalActorRef akka://worker/user/watcher/processing-watcher/graph/graph/$tb - Starting...
18:54:11.619 [worker-akka.actor.default-dispatcher-6] INFO  a.a.LocalActorRef akka://worker/user/watcher/processing-watcher/graph/graph/$sb - Starting...
18:54:11.620 [worker-akka.actor.default-dispatcher-12] INFO  a.a.LocalActorRef akka://worker/user/watcher/processing-watcher/graph/graph/$vb - Starting...
18:54:11.620 [worker-akka.actor.default-dispatcher-12] INFO  a.a.LocalActorRef akka://worker/user/watcher/processing-watcher/graph/graph/$ub - Starting...
18:54:11.621 [worker-akka.actor.default-dispatcher-12] INFO  a.a.LocalActorRef akka://worker/user/watcher/processing-watcher/graph/graph/$wb - Starting...
18:54:11.623 [worker-akka.actor.default-dispatcher-12] INFO  a.a.LocalActorRef akka://worker/user/watcher/processing-watcher/graph/graph/$xb - Starting...
18:54:11.624 [worker-akka.actor.default-dispatcher-12] INFO  a.a.LocalActorRef akka://worker/user/watcher/processing-watcher/graph/graph/$zb - Starting...
18:54:11.625 [worker-akka.actor.default-dispatcher-12] INFO  a.a.LocalActorRef akka://worker/user/watcher/processing-watcher/graph/graph/$yb - Starting...
18:54:11.626 [worker-akka.actor.default-dispatcher-12] INFO  a.a.LocalActorRef akka://worker/user/watcher/processing-watcher/graph/graph/$Ab - Starting...
18:54:11.627 [worker-akka.actor.default-dispatcher-6] INFO  a.a.LocalActorRef akka://worker/user/watcher/processing-watcher/graph/graph/$Bb - Starting...
18:54:11.627 [worker-akka.actor.default-dispatcher-6] INFO  a.a.LocalActorRef akka://worker/user/watcher/processing-watcher/graph/graph/$Cb - Starting...
18:54:11.628 [worker-akka.actor.default-dispatcher-6] INFO  a.a.LocalActorRef akka://worker/user/watcher/processing-watcher/graph/graph/$Eb - Starting...
18:54:11.628 [worker-akka.actor.default-dispatcher-6] INFO  a.a.LocalActorRef akka://worker/user/watcher/processing-watcher/graph/graph/$Db - Starting...
18:54:11.628 [worker-akka.actor.default-dispatcher-12] INFO  a.a.LocalActorRef akka://worker/user/watcher/processing-watcher/graph/graph/$Fb - Starting...
18:54:11.628 [worker-akka.actor.default-dispatcher-12] INFO  a.a.LocalActorRef akka://worker/user/watcher/processing-watcher/graph/graph/$Hb - Starting...
18:54:11.630 [worker-akka.actor.default-dispatcher-12] INFO  a.a.LocalActorRef akka://worker/user/watcher/processing-watcher/graph/graph/$Gb - Starting...
18:54:11.631 [worker-akka.actor.default-dispatcher-12] INFO  a.a.LocalActorRef akka://worker/user/watcher/processing-watcher/graph/graph/$Ib - Starting...
18:54:11.632 [worker-akka.actor.default-dispatcher-12] INFO  a.a.LocalActorRef akka://worker/user/watcher/processing-watcher/graph/graph/$Jb - Starting...
18:54:11.632 [worker-akka.actor.default-dispatcher-12] INFO  a.a.LocalActorRef akka://worker/user/watcher/processing-watcher/graph/graph/$Kb - Starting...
18:54:11.634 [worker-akka.actor.default-dispatcher-12] INFO  a.a.LocalActorRef akka://worker/user/watcher/processing-watcher/graph/graph/$Lb - Starting...
18:54:11.635 [worker-akka.actor.default-dispatcher-6] INFO  a.a.LocalActorRef akka://worker/user/watcher/processing-watcher/graph/graph/$Mb - Starting...
18:54:11.635 [worker-akka.actor.default-dispatcher-6] INFO  a.a.LocalActorRef akka://worker/user/watcher/processing-watcher/graph/graph/$Nb - Starting...
2019-09-28T18:54:24.621+0000: 37.573: [GC (Allocation Failure) 2019-09-28T18:54:24.622+0000: 37.574: [DefNew: 409600K->32355K(460800K), 0.0536311 secs] 435536K->58291K(1484800K), 0.0537433 secs] [Times: user=0.04 sys=0.02, real=0.05 secs] 
2019-09-28T18:54:34.422+0000: 47.374: [GC (Allocation Failure) 2019-09-28T18:54:34.422+0000: 47.374: [DefNew: 441955K->1363K(460800K), 0.0816431 secs] 467891K->56258K(1484800K), 0.0817397 secs] [Times: user=0.07 sys=0.02, real=0.08 secs] 
2019-09-28T18:54:41.196+0000: 54.148: [GC (Allocation Failure) 2019-09-28T18:54:41.196+0000: 54.148: [DefNew: 410963K->1386K(460800K), 0.0135101 secs] 465858K->56281K(1484800K), 0.0136094 secs] [Times: user=0.01 sys=0.00, real=0.02 secs] 
2019-09-28T18:54:46.459+0000: 59.412: [GC (Allocation Failure) 2019-09-28T18:54:46.460+0000: 59.413: [DefNew: 410986K->1592K(460800K), 0.0110601 secs] 465881K->56487K(1484800K), 0.0125982 secs] [Times: user=0.02 sys=0.00, real=0.02 secs] 
2019-09-28T18:54:54.131+0000: 67.083: [GC (Allocation Failure) 2019-09-28T18:54:54.131+0000: 67.083: [DefNew: 411192K->1957K(460800K), 0.0071984 secs] 466087K->56853K(1484800K), 0.0072897 secs] [Times: user=0.01 sys=0.00, real=0.00 secs] 
2019-09-28T18:55:01.227+0000: 74.179: [GC (Allocation Failure) 2019-09-28T18:55:01.227+0000: 74.179: [DefNew: 411557K->1748K(460800K), 0.0048242 secs] 466453K->56643K(1484800K), 0.0049253 secs] [Times: user=0.00 sys=0.00, real=0.01 secs] 
2019-09-28T18:55:08.350+0000: 81.302: [GC (Allocation Failure) 2019-09-28T18:55:08.350+0000: 81.302: [DefNew: 411348K->1745K(460800K), 0.0046974 secs] 466243K->56640K(1484800K), 0.0047923 secs] [Times: user=0.00 sys=0.00, real=0.00 secs] 
2019-09-28T18:55:15.649+0000: 88.601: [GC (Allocation Failure) 2019-09-28T18:55:15.649+0000: 88.601: [DefNew: 411345K->1778K(460800K), 0.0047738 secs] 466240K->56673K(1484800K), 0.0048673 secs] [Times: user=0.00 sys=0.00, real=0.01 secs] 
2019-09-28T18:55:22.846+0000: 95.798: [GC (Allocation Failure) 2019-09-28T18:55:22.846+0000: 95.798: [DefNew: 411378K->1723K(460800K), 0.0046018 secs] 466273K->56618K(1484800K), 0.0047025 secs] [Times: user=0.01 sys=0.00, real=0.01 secs] 
2019-09-28T18:55:30.575+0000: 103.527: [GC (Allocation Failure) 2019-09-28T18:55:30.575+0000: 103.527: [DefNew: 411323K->1743K(460800K), 0.0046005 secs] 466218K->56639K(1484800K), 0.0047355 secs] [Times: user=0.01 sys=0.00, real=0.00 secs] 
2019-09-28T18:55:37.830+0000: 110.782: [GC (Allocation Failure) 2019-09-28T18:55:37.830+0000: 110.782: [DefNew: 411343K->1754K(460800K), 0.0047331 secs] 466239K->56650K(1484800K), 0.0048267 secs] [Times: user=0.01 sys=0.00, real=0.00 secs] 
2019-09-28T18:55:45.041+0000: 117.993: [GC (Allocation Failure) 2019-09-28T18:55:45.041+0000: 117.993: [DefNew: 411354K->1725K(460800K), 0.0047489 secs] 466250K->56620K(1484800K), 0.0048827 secs] [Times: user=0.01 sys=0.00, real=0.01 secs] 
2019-09-28T18:55:52.639+0000: 125.591: [GC (Allocation Failure) 2019-09-28T18:55:52.639+0000: 125.591: [DefNew: 411325K->1848K(460800K), 0.0052253 secs] 466220K->56743K(1484800K), 0.0053444 secs] [Times: user=0.00 sys=0.00, real=0.01 secs] 
2019-09-28T18:56:00.011+0000: 132.963: [GC (Allocation Failure) 2019-09-28T18:56:00.011+0000: 132.963: [DefNew: 411448K->1865K(460800K), 0.0050558 secs] 466343K->56761K(1484800K), 0.0051510 secs] [Times: user=0.00 sys=0.00, real=0.00 secs] 
2019-09-28T18:56:07.254+0000: 140.206: [GC (Allocation Failure) 2019-09-28T18:56:07.254+0000: 140.206: [DefNew: 411465K->1870K(460800K), 0.0048561 secs] 466361K->56766K(1484800K), 0.0049692 secs] [Times: user=0.01 sys=0.00, real=0.00 secs] 
2019-09-28T18:56:14.543+0000: 147.495: [GC (Allocation Failure) 2019-09-28T18:56:14.543+0000: 147.495: [DefNew: 411470K->1820K(460800K), 0.0048544 secs] 466366K->56715K(1484800K), 0.0049545 secs] [Times: user=0.00 sys=0.00, real=0.00 secs] 
2019-09-28T18:56:22.377+0000: 155.329: [GC (Allocation Failure) 2019-09-28T18:56:22.377+0000: 155.329: [DefNew: 411420K->1572K(460800K), 0.0053129 secs] 466315K->56716K(1484800K), 0.0054145 secs] [Times: user=0.01 sys=0.00, real=0.01 secs] 
2019-09-28T18:56:29.664+0000: 162.616: [GC (Allocation Failure) 2019-09-28T18:56:29.664+0000: 162.616: [DefNew: 411172K->1414K(460800K), 0.0052692 secs] 466316K->56781K(1484800K), 0.0053732 secs] [Times: user=0.01 sys=0.00, real=0.00 secs] 
2019-09-28T18:56:37.037+0000: 169.989: [GC (Allocation Failure) 2019-09-28T18:56:37.037+0000: 169.989: [DefNew: 411014K->1357K(460800K), 0.0048248 secs] 466381K->56798K(1484800K), 0.0049121 secs] [Times: user=0.00 sys=0.00, real=0.01 secs] 
2019-09-28T18:56:44.806+0000: 177.758: [GC (Allocation Failure) 2019-09-28T18:56:44.806+0000: 177.758: [DefNew: 410957K->241K(460800K), 0.0051090 secs] 466398K->56720K(1484800K), 0.0051930 secs] [Times: user=0.00 sys=0.00, real=0.01 secs] 
2019-09-28T18:56:52.007+0000: 184.959: [GC (Allocation Failure) 2019-09-28T18:56:52.007+0000: 184.959: [DefNew: 409841K->360K(460800K), 0.0036186 secs] 466320K->56843K(1484800K), 0.0037392 secs] [Times: user=0.00 sys=0.00, real=0.01 secs] 
2019-09-28T18:56:59.300+0000: 192.252: [GC (Allocation Failure) 2019-09-28T18:56:59.300+0000: 192.252: [DefNew: 409960K->398K(460800K), 0.0033383 secs] 466443K->56881K(1484800K), 0.0034395 secs] [Times: user=0.00 sys=0.00, real=0.01 secs] 
2019-09-28T18:57:06.499+0000: 199.451: [GC (Allocation Failure) 2019-09-28T18:57:06.499+0000: 199.451: [DefNew: 409998K->372K(460800K), 0.0031086 secs] 466481K->56855K(1484800K), 0.0032109 secs] [Times: user=0.01 sys=0.00, real=0.01 secs] 
2019-09-28T18:57:14.346+0000: 207.298: [GC (Allocation Failure) 2019-09-28T18:57:14.346+0000: 207.298: [DefNew: 409972K->336K(460800K), 0.0029937 secs] 466455K->56820K(1484800K), 0.0030841 secs] [Times: user=0.00 sys=0.00, real=0.00 secs] 
2019-09-28T18:57:21.618+0000: 214.570: [GC (Allocation Failure) 2019-09-28T18:57:21.618+0000: 214.570: [DefNew: 409936K->376K(460800K), 0.0031323 secs] 466420K->56860K(1484800K), 0.0032239 secs] [Times: user=0.01 sys=0.00, real=0.00 secs] 
2019-09-28T18:57:28.899+0000: 221.851: [GC (Allocation Failure) 2019-09-28T18:57:28.899+0000: 221.851: [DefNew: 409976K->336K(460800K), 0.0032066 secs] 466460K->56820K(1484800K), 0.0033123 secs] [Times: user=0.00 sys=0.00, real=0.01 secs] 
2019-09-28T18:57:36.667+0000: 229.620: [GC (Allocation Failure) 2019-09-28T18:57:36.668+0000: 229.620: [DefNew: 409936K->339K(460800K), 0.0030653 secs] 466420K->56822K(1484800K), 0.0031639 secs] [Times: user=0.00 sys=0.00, real=0.01 secs] 
2019-09-28T18:57:43.993+0000: 236.945: [GC (Allocation Failure) 2019-09-28T18:57:43.993+0000: 236.945: [DefNew: 409939K->243K(460800K), 0.0031542 secs] 466422K->56820K(1484800K), 0.0032472 secs] [Times: user=0.00 sys=0.00, real=0.00 secs] 
2019-09-28T18:57:51.125+0000: 244.077: [GC (Allocation Failure) 2019-09-28T18:57:51.125+0000: 244.077: [DefNew: 409843K->260K(460800K), 0.0030642 secs] 466420K->56836K(1484800K), 0.0031582 secs] [Times: user=0.00 sys=0.00, real=0.00 secs] 
2019-09-28T18:57:58.380+0000: 251.332: [GC (Allocation Failure) 2019-09-28T18:57:58.380+0000: 251.332: [DefNew: 409860K->279K(460800K), 0.0030328 secs] 466436K->56856K(1484800K), 0.0031238 secs] [Times: user=0.00 sys=0.00, real=0.01 secs] 
2019-09-28T18:58:06.057+0000: 259.009: [GC (Allocation Failure) 2019-09-28T18:58:06.058+0000: 259.010: [DefNew: 409879K->266K(460800K), 0.0030195 secs] 466456K->56843K(1484800K), 0.0031145 secs] [Times: user=0.00 sys=0.00, real=0.00 secs] 
2019-09-28T18:58:13.271+0000: 266.223: [GC (Allocation Failure) 2019-09-28T18:58:13.271+0000: 266.223: [DefNew: 409866K->264K(460800K), 0.0032243 secs] 466443K->56842K(1484800K), 0.0033166 secs] [Times: user=0.00 sys=0.00, real=0.00 secs] 
2019-09-28T18:58:20.493+0000: 273.445: [GC (Allocation Failure) 2019-09-28T18:58:20.493+0000: 273.445: [DefNew: 409864K->265K(460800K), 0.0030399 secs] 466442K->56842K(1484800K), 0.0031421 secs] [Times: user=0.00 sys=0.00, real=0.00 secs] 
2019-09-28T18:58:27.790+0000: 280.742: [GC (Allocation Failure) 2019-09-28T18:58:27.790+0000: 280.742: [DefNew: 409865K->273K(460800K), 0.0031869 secs] 466442K->56850K(1484800K), 0.0032688 secs] [Times: user=0.00 sys=0.00, real=0.00 secs] 
2019-09-28T18:58:35.526+0000: 288.478: [GC (Allocation Failure) 2019-09-28T18:58:35.526+0000: 288.478: [DefNew: 409873K->273K(460800K), 0.0031621 secs] 466450K->56855K(1484800K), 0.0032563 secs] [Times: user=0.01 sys=0.00, real=0.00 secs] 
2019-09-28T18:58:42.760+0000: 295.713: [GC (Allocation Failure) 2019-09-28T18:58:42.761+0000: 295.713: [DefNew: 409873K->232K(460800K), 0.0033060 secs] 466455K->56912K(1484800K), 0.0034162 secs] [Times: user=0.00 sys=0.00, real=0.01 secs] 
2019-09-28T18:58:50.037+0000: 302.989: [GC (Allocation Failure) 2019-09-28T18:58:50.037+0000: 302.989: [DefNew: 409832K->170K(460800K), 0.0029221 secs] 466512K->56851K(1484800K), 0.0030163 secs] [Times: user=0.01 sys=0.00, real=0.00 secs] 
2019-09-28T18:58:57.808+0000: 310.760: [GC (Allocation Failure) 2019-09-28T18:58:57.808+0000: 310.760: [DefNew: 409770K->205K(460800K), 0.0032404 secs] 466451K->56886K(1484800K), 0.0034423 secs] [Times: user=0.01 sys=0.00, real=0.01 secs] 
2019-09-28T18:59:05.091+0000: 318.043: [GC (Allocation Failure) 2019-09-28T18:59:05.091+0000: 318.043: [DefNew: 409805K->184K(460800K), 0.0030695 secs] 466486K->56865K(1484800K), 0.0031534 secs] [Times: user=0.00 sys=0.00, real=0.00 secs] 
2019-09-28T18:59:12.334+0000: 325.286: [GC (Allocation Failure) 2019-09-28T18:59:12.334+0000: 325.286: [DefNew: 409784K->203K(460800K), 0.0030241 secs] 466465K->56885K(1484800K), 0.0031134 secs] [Times: user=0.00 sys=0.00, real=0.00 secs] 
2019-09-28T18:59:20.150+0000: 333.102: [GC (Allocation Failure) 2019-09-28T18:59:20.150+0000: 333.102: [DefNew: 409803K->181K(460800K), 0.0030866 secs] 466485K->56862K(1484800K), 0.0031861 secs] [Times: user=0.00 sys=0.00, real=0.00 secs] 
2019-09-28T18:59:27.470+0000: 340.422: [GC (Allocation Failure) 2019-09-28T18:59:27.470+0000: 340.422: [DefNew: 409781K->236K(460800K), 0.0030293 secs] 466462K->56917K(1484800K), 0.0031238 secs] [Times: user=0.00 sys=0.00, real=0.00 secs] 
2019-09-28T18:59:34.735+0000: 347.687: [GC (Allocation Failure) 2019-09-28T18:59:34.735+0000: 347.687: [DefNew: 409836K->251K(460800K), 0.0030940 secs] 466517K->56933K(1484800K), 0.0031986 secs] [Times: user=0.00 sys=0.00, real=0.00 secs] 
2019-09-28T18:59:41.957+0000: 354.909: [GC (Allocation Failure) 2019-09-28T18:59:41.957+0000: 354.909: [DefNew: 409851K->209K(460800K), 0.0031890 secs] 466533K->56907K(1484800K), 0.0032834 secs] [Times: user=0.00 sys=0.00, real=0.00 secs] 
2019-09-28T18:59:49.756+0000: 362.708: [GC (Allocation Failure) 2019-09-28T18:59:49.756+0000: 362.708: [DefNew: 409809K->167K(460800K), 0.0030059 secs] 466507K->56871K(1484800K), 0.0031023 secs] [Times: user=0.00 sys=0.00, real=0.00 secs] 
2019-09-28T18:59:56.979+0000: 369.931: [GC (Allocation Failure) 2019-09-28T18:59:56.979+0000: 369.931: [DefNew: 409767K->212K(460800K), 0.0030165 secs] 466471K->56915K(1484800K), 0.0031119 secs] [Times: user=0.01 sys=0.00, real=0.01 secs] 
2019-09-28T19:00:04.260+0000: 377.212: [GC (Allocation Failure) 2019-09-28T19:00:04.260+0000: 377.212: [DefNew: 409812K->185K(460800K), 0.0029487 secs] 466515K->56889K(1484800K), 0.0030370 secs] [Times: user=0.00 sys=0.00, real=0.01 secs] 
2019-09-28T19:00:12.047+0000: 384.999: [GC (Allocation Failure) 2019-09-28T19:00:12.047+0000: 384.999: [DefNew: 409785K->179K(460800K), 0.0030126 secs] 466489K->56883K(1484800K), 0.0031092 secs] [Times: user=0.01 sys=0.00, real=0.01 secs] 
2019-09-28T19:00:19.322+0000: 392.274: [GC (Allocation Failure) 2019-09-28T19:00:19.322+0000: 392.274: [DefNew: 409779K->250K(460800K), 0.0031642 secs] 466483K->56954K(1484800K), 0.0032574 secs] [Times: user=0.01 sys=0.00, real=0.00 secs] 
2019-09-28T19:00:26.562+0000: 399.515: [GC (Allocation Failure) 2019-09-28T19:00:26.563+0000: 399.515: [DefNew: 409850K->187K(460800K), 0.0030820 secs] 466554K->56891K(1484800K), 0.0032026 secs] [Times: user=0.00 sys=0.00, real=0.00 secs] 
2019-09-28T19:00:33.936+0000: 406.888: [GC (Allocation Failure) 2019-09-28T19:00:33.936+0000: 406.888: [DefNew: 409787K->178K(460800K), 0.0030226 secs] 466491K->56882K(1484800K), 0.0031170 secs] [Times: user=0.00 sys=0.00, real=0.00 secs] 
2019-09-28T19:00:41.568+0000: 414.520: [GC (Allocation Failure) 2019-09-28T19:00:41.568+0000: 414.520: [DefNew: 409778K->222K(460800K), 0.0029631 secs] 466482K->56934K(1484800K), 0.0030983 secs] [Times: user=0.00 sys=0.00, real=0.01 secs] 
2019-09-28T19:00:48.886+0000: 421.838: [GC (Allocation Failure) 2019-09-28T19:00:48.886+0000: 421.838: [DefNew: 409822K->160K(460800K), 0.0032264 secs] 466534K->56883K(1484800K), 0.0033235 secs] [Times: user=0.00 sys=0.00, real=0.01 secs] 
2019-09-28T19:00:56.021+0000: 428.973: [GC (Allocation Failure) 2019-09-28T19:00:56.021+0000: 428.973: [DefNew: 409760K->171K(460800K), 0.0030854 secs] 466483K->56895K(1484800K), 0.0031784 secs] [Times: user=0.00 sys=0.00, real=0.01 secs] 
2019-09-28T19:01:03.850+0000: 436.802: [GC (Allocation Failure) 2019-09-28T19:01:03.850+0000: 436.802: [DefNew: 409771K->172K(460800K), 0.0029793 secs] 466495K->56896K(1484800K), 0.0030733 secs] [Times: user=0.00 sys=0.00, real=0.00 secs] 
2019-09-28T19:01:11.147+0000: 444.099: [GC (Allocation Failure) 2019-09-28T19:01:11.147+0000: 444.099: [DefNew: 409772K->172K(460800K), 0.0029766 secs] 466496K->56896K(1484800K), 0.0030723 secs] [Times: user=0.01 sys=0.00, real=0.01 secs] 
2019-09-28T19:01:18.482+0000: 451.434: [GC (Allocation Failure) 2019-09-28T19:01:18.482+0000: 451.434: [DefNew: 409772K->201K(460800K), 0.0029707 secs] 466496K->56926K(1484800K), 0.0030714 secs] [Times: user=0.00 sys=0.00, real=0.00 secs] 
2019-09-28T19:01:26.193+0000: 459.145: [GC (Allocation Failure) 2019-09-28T19:01:26.193+0000: 459.145: [DefNew: 409801K->180K(460800K), 0.0029913 secs] 466526K->56905K(1484800K), 0.0030887 secs] [Times: user=0.00 sys=0.00, real=0.00 secs] 
19:01:31.874 [worker-akka.actor.default-dispatcher-12] INFO  a.r.a.Association(akka://worker) akka.remote.artery.Association(akka://worker) - Stopping idle outbound stream [2] to [akka://worker@flamestream-benchmarks-worker-0:5412]
2019-09-28T19:01:33.529+0000: 466.481: [GC (Allocation Failure) 2019-09-28T19:01:33.529+0000: 466.481: [DefNew: 409780K->299K(460800K), 0.0033073 secs] 466505K->57024K(1484800K), 0.0034000 secs] [Times: user=0.00 sys=0.00, real=0.01 secs] 
2019-09-28T19:01:40.696+0000: 473.648: [GC (Allocation Failure) 2019-09-28T19:01:40.696+0000: 473.648: [DefNew: 409899K->257K(460800K), 0.0033150 secs] 466624K->56990K(1484800K), 0.0034089 secs] [Times: user=0.01 sys=0.00, real=0.00 secs] 
2019-09-28T19:01:47.931+0000: 480.883: [GC (Allocation Failure) 2019-09-28T19:01:47.931+0000: 480.883: [DefNew: 409857K->244K(460800K), 0.0032725 secs] 466590K->56986K(1484800K), 0.0033666 secs] [Times: user=0.00 sys=0.00, real=0.00 secs] 
2019-09-28T19:01:55.670+0000: 488.622: [GC (Allocation Failure) 2019-09-28T19:01:55.670+0000: 488.622: [DefNew: 409844K->277K(460800K), 0.0036291 secs] 466586K->57019K(1484800K), 0.0037721 secs] [Times: user=0.00 sys=0.00, real=0.00 secs] 
2019-09-28T19:02:03.030+0000: 495.982: [GC (Allocation Failure) 2019-09-28T19:02:03.030+0000: 495.982: [DefNew: 409877K->296K(460800K), 0.0033280 secs] 466619K->57038K(1484800K), 0.0034210 secs] [Times: user=0.00 sys=0.00, real=0.00 secs] 
2019-09-28T19:02:10.285+0000: 503.237: [GC (Allocation Failure) 2019-09-28T19:02:10.285+0000: 503.237: [DefNew: 409896K->339K(460800K), 0.0034018 secs] 466638K->57081K(1484800K), 0.0034986 secs] [Times: user=0.01 sys=0.00, real=0.00 secs] 
2019-09-28T19:02:18.069+0000: 511.021: [GC (Allocation Failure) 2019-09-28T19:02:18.069+0000: 511.021: [DefNew: 409939K->278K(460800K), 0.0034083 secs] 466681K->57020K(1484800K), 0.0035012 secs] [Times: user=0.00 sys=0.00, real=0.01 secs] 
2019-09-28T19:02:25.332+0000: 518.284: [GC (Allocation Failure) 2019-09-28T19:02:25.332+0000: 518.284: [DefNew: 409878K->276K(460800K), 0.0034030 secs] 466620K->57019K(1484800K), 0.0034958 secs] [Times: user=0.01 sys=0.00, real=0.00 secs] 
2019-09-28T19:02:32.601+0000: 525.553: [GC (Allocation Failure) 2019-09-28T19:02:32.601+0000: 525.553: [DefNew: 409876K->277K(460800K), 0.0034965 secs] 466619K->57020K(1484800K), 0.0035827 secs] [Times: user=0.01 sys=0.00, real=0.01 secs] 
2019-09-28T19:02:40.403+0000: 533.355: [GC (Allocation Failure) 2019-09-28T19:02:40.403+0000: 533.355: [DefNew: 409877K->314K(460800K), 0.0033525 secs] 466620K->57058K(1484800K), 0.0034514 secs] [Times: user=0.00 sys=0.00, real=0.00 secs] 
2019-09-28T19:02:47.693+0000: 540.645: [GC (Allocation Failure) 2019-09-28T19:02:47.693+0000: 540.645: [DefNew: 409914K->304K(460800K), 0.0034497 secs] 466658K->57062K(1484800K), 0.0035696 secs] [Times: user=0.00 sys=0.00, real=0.00 secs] 
2019-09-28T19:02:54.880+0000: 547.832: [GC (Allocation Failure) 2019-09-28T19:02:54.880+0000: 547.832: [DefNew: 409904K->285K(460800K), 0.0036333 secs] 466662K->57042K(1484800K), 0.0037324 secs] [Times: user=0.00 sys=0.00, real=0.01 secs] 
2019-09-28T19:03:02.777+0000: 555.729: [GC (Allocation Failure) 2019-09-28T19:03:02.777+0000: 555.729: [DefNew: 409885K->274K(460800K), 0.0032743 secs] 466642K->57031K(1484800K), 0.0033578 secs] [Times: user=0.01 sys=0.00, real=0.00 secs] 
2019-09-28T19:03:10.066+0000: 563.018: [GC (Allocation Failure) 2019-09-28T19:03:10.066+0000: 563.018: [DefNew: 409874K->273K(460800K), 0.0032543 secs] 466631K->57031K(1484800K), 0.0033709 secs] [Times: user=0.01 sys=0.00, real=0.00 secs] 
2019-09-28T19:03:17.259+0000: 570.211: [GC (Allocation Failure) 2019-09-28T19:03:17.259+0000: 570.211: [DefNew: 409873K->349K(460800K), 0.0033182 secs] 466631K->57107K(1484800K), 0.0034108 secs] [Times: user=0.00 sys=0.00, real=0.01 secs] 
2019-09-28T19:03:24.537+0000: 577.489: [GC (Allocation Failure) 2019-09-28T19:03:24.537+0000: 577.489: [DefNew: 409949K->237K(460800K), 0.0033614 secs] 466707K->57064K(1484800K), 0.0034514 secs] [Times: user=0.00 sys=0.00, real=0.00 secs] 
2019-09-28T19:03:32.347+0000: 585.299: [GC (Allocation Failure) 2019-09-28T19:03:32.347+0000: 585.299: [DefNew: 409837K->233K(460800K), 0.0030742 secs] 466664K->57081K(1484800K), 0.0031678 secs] [Times: user=0.00 sys=0.00, real=0.01 secs] 
2019-09-28T19:03:39.589+0000: 592.541: [GC (Allocation Failure) 2019-09-28T19:03:39.589+0000: 592.541: [DefNew: 409833K->183K(460800K), 0.0029768 secs] 466681K->57031K(1484800K), 0.0030617 secs] [Times: user=0.01 sys=0.00, real=0.01 secs] 
2019-09-28T19:03:46.851+0000: 599.803: [GC (Allocation Failure) 2019-09-28T19:03:46.851+0000: 599.803: [DefNew: 409783K->215K(460800K), 0.0031088 secs] 466631K->57096K(1484800K), 0.0032023 secs] [Times: user=0.00 sys=0.00, real=0.00 secs] 
2019-09-28T19:03:54.733+0000: 607.685: [GC (Allocation Failure) 2019-09-28T19:03:54.733+0000: 607.685: [DefNew: 409815K->177K(460800K), 0.0032138 secs] 466696K->57057K(1484800K), 0.0033115 secs] [Times: user=0.00 sys=0.00, real=0.00 secs] 
2019-09-28T19:04:02.034+0000: 614.986: [GC (Allocation Failure) 2019-09-28T19:04:02.034+0000: 614.986: [DefNew: 409777K->162K(460800K), 0.0031147 secs] 466657K->57042K(1484800K), 0.0032114 secs] [Times: user=0.00 sys=0.00, real=0.00 secs] 
2019-09-28T19:04:09.277+0000: 622.229: [GC (Allocation Failure) 2019-09-28T19:04:09.277+0000: 622.229: [DefNew: 409762K->170K(460800K), 0.0029418 secs] 466642K->57051K(1484800K), 0.0030373 secs] [Times: user=0.01 sys=0.00, real=0.00 secs] 
2019-09-28T19:04:17.063+0000: 630.015: [GC (Allocation Failure) 2019-09-28T19:04:17.063+0000: 630.015: [DefNew: 409770K->161K(460800K), 0.0028666 secs] 466651K->57042K(1484800K), 0.0029648 secs] [Times: user=0.00 sys=0.00, real=0.00 secs] 
2019-09-28T19:04:24.317+0000: 637.269: [GC (Allocation Failure) 2019-09-28T19:04:24.317+0000: 637.269: [DefNew: 409761K->175K(460800K), 0.0030172 secs] 466642K->57056K(1484800K), 0.0031177 secs] [Times: user=0.00 sys=0.00, real=0.00 secs] 
2019-09-28T19:04:31.565+0000: 644.517: [GC (Allocation Failure) 2019-09-28T19:04:31.565+0000: 644.517: [DefNew: 409775K->159K(460800K), 0.0030120 secs] 466656K->57041K(1484800K), 0.0031119 secs] [Times: user=0.00 sys=0.00, real=0.00 secs] 
2019-09-28T19:04:38.776+0000: 651.728: [GC (Allocation Failure) 2019-09-28T19:04:38.776+0000: 651.728: [DefNew: 409759K->163K(460800K), 0.0028939 secs] 466641K->57045K(1484800K), 0.0029738 secs] [Times: user=0.00 sys=0.00, real=0.00 secs] 
2019-09-28T19:04:46.604+0000: 659.556: [GC (Allocation Failure) 2019-09-28T19:04:46.604+0000: 659.556: [DefNew: 409763K->226K(460800K), 0.0030945 secs] 466645K->57118K(1484800K), 0.0032044 secs] [Times: user=0.01 sys=0.00, real=0.00 secs] 
2019-09-28T19:04:53.793+0000: 666.745: [GC (Allocation Failure) 2019-09-28T19:04:53.793+0000: 666.745: [DefNew: 409826K->199K(460800K), 0.0031486 secs] 466718K->57092K(1484800K), 0.0032459 secs] [Times: user=0.00 sys=0.00, real=0.00 secs] 
2019-09-28T19:05:01.808+0000: 674.760: [GC (Allocation Failure) 2019-09-28T19:05:01.808+0000: 674.760: [DefNew: 409799K->159K(460800K), 0.0031047 secs] 466692K->57052K(1484800K), 0.0032194 secs] [Times: user=0.00 sys=0.00, real=0.01 secs] 
2019-09-28T19:05:09.061+0000: 682.013: [GC (Allocation Failure) 2019-09-28T19:05:09.061+0000: 682.013: [DefNew: 409759K->163K(460800K), 0.0031251 secs] 466652K->57056K(1484800K), 0.0032253 secs] [Times: user=0.00 sys=0.00, real=0.01 secs] 
2019-09-28T19:05:16.362+0000: 689.314: [GC (Allocation Failure) 2019-09-28T19:05:16.362+0000: 689.314: [DefNew: 409763K->159K(460800K), 0.0032468 secs] 466656K->57053K(1484800K), 0.0033667 secs] [Times: user=0.01 sys=0.00, real=0.00 secs] 
2019-09-28T19:05:23.815+0000: 696.767: [GC (Allocation Failure) 2019-09-28T19:05:23.815+0000: 696.767: [DefNew: 409759K->159K(460800K), 0.0028058 secs] 466653K->57052K(1484800K), 0.0028975 secs] [Times: user=0.00 sys=0.00, real=0.00 secs] 
2019-09-28T19:05:31.413+0000: 704.365: [GC (Allocation Failure) 2019-09-28T19:05:31.413+0000: 704.365: [DefNew: 409759K->204K(460800K), 0.0029726 secs] 466652K->57097K(1484800K), 0.0030787 secs] [Times: user=0.00 sys=0.00, real=0.00 secs] 
2019-09-28T19:05:38.679+0000: 711.631: [GC (Allocation Failure) 2019-09-28T19:05:38.679+0000: 711.631: [DefNew: 409804K->200K(460800K), 0.0030864 secs] 466697K->57093K(1484800K), 0.0031867 secs] [Times: user=0.00 sys=0.00, real=0.01 secs] 
2019-09-28T19:05:45.891+0000: 718.843: [GC (Allocation Failure) 2019-09-28T19:05:45.891+0000: 718.843: [DefNew: 409800K->176K(460800K), 0.0030875 secs] 466693K->57079K(1484800K), 0.0031815 secs] [Times: user=0.01 sys=0.00, real=0.00 secs] 
2019-09-28T19:05:53.701+0000: 726.653: [GC (Allocation Failure) 2019-09-28T19:05:53.701+0000: 726.653: [DefNew: 409776K->196K(460800K), 0.0031648 secs] 466679K->57100K(1484800K), 0.0032591 secs] [Times: user=0.00 sys=0.00, real=0.01 secs] 
2019-09-28T19:06:00.956+0000: 733.908: [GC (Allocation Failure) 2019-09-28T19:06:00.956+0000: 733.908: [DefNew: 409796K->159K(460800K), 0.0028041 secs] 466700K->57062K(1484800K), 0.0028984 secs] [Times: user=0.00 sys=0.00, real=0.00 secs] 
2019-09-28T19:06:08.168+0000: 741.120: [GC (Allocation Failure) 2019-09-28T19:06:08.168+0000: 741.120: [DefNew: 409759K->235K(460800K), 0.0031853 secs] 466662K->57138K(1484800K), 0.0032694 secs] [Times: user=0.00 sys=0.00, real=0.01 secs] 
2019-09-28T19:06:15.990+0000: 748.942: [GC (Allocation Failure) 2019-09-28T19:06:15.990+0000: 748.942: [DefNew: 409835K->161K(460800K), 0.0030631 secs] 466738K->57065K(1484800K), 0.0031471 secs] [Times: user=0.00 sys=0.00, real=0.00 secs] 
2019-09-28T19:06:23.334+0000: 756.286: [GC (Allocation Failure) 2019-09-28T19:06:23.334+0000: 756.287: [DefNew: 409761K->174K(460800K), 0.0031194 secs] 466665K->57077K(1484800K), 0.0032221 secs] [Times: user=0.00 sys=0.00, real=0.00 secs] 
2019-09-28T19:06:30.579+0000: 763.532: [GC (Allocation Failure) 2019-09-28T19:06:30.580+0000: 763.532: [DefNew: 409774K->180K(460800K), 0.0031079 secs] 466677K->57083K(1484800K), 0.0031996 secs] [Times: user=0.00 sys=0.00, real=0.01 secs] 
2019-09-28T19:06:38.395+0000: 771.347: [GC (Allocation Failure) 2019-09-28T19:06:38.395+0000: 771.347: [DefNew: 409780K->159K(460800K), 0.0029828 secs] 466683K->57062K(1484800K), 0.0031110 secs] [Times: user=0.00 sys=0.00, real=0.00 secs] 
2019-09-28T19:06:45.669+0000: 778.621: [GC (Allocation Failure) 2019-09-28T19:06:45.669+0000: 778.621: [DefNew: 409759K->148K(460800K), 0.0029835 secs] 466662K->57062K(1484800K), 0.0030776 secs] [Times: user=0.00 sys=0.00, real=0.01 secs] 
2019-09-28T19:06:52.878+0000: 785.830: [GC (Allocation Failure) 2019-09-28T19:06:52.878+0000: 785.830: [DefNew: 409748K->160K(460800K), 0.0029995 secs] 466662K->57074K(1484800K), 0.0030939 secs] [Times: user=0.00 sys=0.00, real=0.00 secs] 
2019-09-28T19:07:00.134+0000: 793.086: [GC (Allocation Failure) 2019-09-28T19:07:00.134+0000: 793.086: [DefNew: 409760K->158K(460800K), 0.0028476 secs] 466674K->57072K(1484800K), 0.0029325 secs] [Times: user=0.00 sys=0.00, real=0.00 secs] 
2019-09-28T19:07:07.945+0000: 800.897: [GC (Allocation Failure) 2019-09-28T19:07:07.945+0000: 800.897: [DefNew: 409758K->158K(460800K), 0.0028609 secs] 466672K->57072K(1484800K), 0.0029759 secs] [Times: user=0.00 sys=0.00, real=0.00 secs] 
2019-09-28T19:07:15.223+0000: 808.175: [GC (Allocation Failure) 2019-09-28T19:07:15.223+0000: 808.175: [DefNew: 409758K->158K(460800K), 0.0029975 secs] 466672K->57071K(1484800K), 0.0030982 secs] [Times: user=0.01 sys=0.00, real=0.00 secs] 
2019-09-28T19:07:22.490+0000: 815.442: [GC (Allocation Failure) 2019-09-28T19:07:22.490+0000: 815.442: [DefNew: 409758K->160K(460800K), 0.0029643 secs] 466671K->57073K(1484800K), 0.0030551 secs] [Times: user=0.00 sys=0.00, real=0.00 secs] 
2019-09-28T19:07:30.264+0000: 823.216: [GC (Allocation Failure) 2019-09-28T19:07:30.264+0000: 823.216: [DefNew: 409760K->201K(460800K), 0.0031692 secs] 466673K->57115K(1484800K), 0.0032728 secs] [Times: user=0.00 sys=0.00, real=0.00 secs] 
2019-09-28T19:07:37.514+0000: 830.466: [GC (Allocation Failure) 2019-09-28T19:07:37.514+0000: 830.466: [DefNew: 409801K->183K(460800K), 0.0029051 secs] 466715K->57097K(1484800K), 0.0030013 secs] [Times: user=0.00 sys=0.00, real=0.00 secs] 
2019-09-28T19:07:44.803+0000: 837.755: [GC (Allocation Failure) 2019-09-28T19:07:44.803+0000: 837.755: [DefNew: 409783K->155K(460800K), 0.0030039 secs] 466697K->57079K(1484800K), 0.0031272 secs] [Times: user=0.01 sys=0.00, real=0.00 secs] 
2019-09-28T19:07:52.105+0000: 845.057: [GC (Allocation Failure) 2019-09-28T19:07:52.105+0000: 845.057: [DefNew: 409755K->221K(460800K), 0.0032004 secs] 466679K->57145K(1484800K), 0.0032994 secs] [Times: user=0.01 sys=0.00, real=0.00 secs] 
2019-09-28T19:07:59.764+0000: 852.716: [GC (Allocation Failure) 2019-09-28T19:07:59.764+0000: 852.716: [DefNew: 409821K->185K(460800K), 0.0028825 secs] 466745K->57109K(1484800K), 0.0029601 secs] [Times: user=0.00 sys=0.00, real=0.00 secs] 
2019-09-28T19:08:06.971+0000: 859.923: [GC (Allocation Failure) 2019-09-28T19:08:06.971+0000: 859.923: [DefNew: 409785K->156K(460800K), 0.0029415 secs] 466709K->57080K(1484800K), 0.0030346 secs] [Times: user=0.00 sys=0.00, real=0.00 secs] 
2019-09-28T19:08:14.212+0000: 867.164: [GC (Allocation Failure) 2019-09-28T19:08:14.212+0000: 867.164: [DefNew: 409756K->193K(460800K), 0.0029766 secs] 466680K->57117K(1484800K), 0.0030647 secs] [Times: user=0.00 sys=0.00, real=0.00 secs] 
2019-09-28T19:08:22.091+0000: 875.043: [GC (Allocation Failure) 2019-09-28T19:08:22.091+0000: 875.043: [DefNew: 409793K->157K(460800K), 0.0031248 secs] 466717K->57081K(1484800K), 0.0032188 secs] [Times: user=0.01 sys=0.00, real=0.00 secs] 
2019-09-28T19:08:29.409+0000: 882.361: [GC (Allocation Failure) 2019-09-28T19:08:29.409+0000: 882.361: [DefNew: 409757K->156K(460800K), 0.0029562 secs] 466681K->57080K(1484800K), 0.0030723 secs] [Times: user=0.00 sys=0.00, real=0.01 secs] 
2019-09-28T19:08:36.679+0000: 889.631: [GC (Allocation Failure) 2019-09-28T19:08:36.679+0000: 889.631: [DefNew: 409756K->216K(460800K), 0.0032239 secs] 466680K->57140K(1484800K), 0.0033191 secs] [Times: user=0.00 sys=0.00, real=0.01 secs] 
2019-09-28T19:08:44.478+0000: 897.430: [GC (Allocation Failure) 2019-09-28T19:08:44.478+0000: 897.430: [DefNew: 409816K->173K(460800K), 0.0028726 secs] 466740K->57106K(1484800K), 0.0029620 secs] [Times: user=0.00 sys=0.00, real=0.00 secs] 
2019-09-28T19:08:51.698+0000: 904.650: [GC (Allocation Failure) 2019-09-28T19:08:51.698+0000: 904.650: [DefNew: 409773K->279K(460800K), 0.0032821 secs] 466706K->57212K(1484800K), 0.0033817 secs] [Times: user=0.00 sys=0.00, real=0.00 secs] 
2019-09-28T19:08:58.954+0000: 911.906: [GC (Allocation Failure) 2019-09-28T19:08:58.954+0000: 911.906: [DefNew: 409879K->240K(460800K), 0.0030235 secs] 466812K->57173K(1484800K), 0.0031140 secs] [Times: user=0.00 sys=0.00, real=0.00 secs] 
2019-09-28T19:09:06.751+0000: 919.703: [GC (Allocation Failure) 2019-09-28T19:09:06.751+0000: 919.703: [DefNew: 409840K->157K(460800K), 0.0030172 secs] 466773K->57089K(1484800K), 0.0031103 secs] [Times: user=0.00 sys=0.00, real=0.00 secs] 
2019-09-28T19:09:14.010+0000: 926.962: [GC (Allocation Failure) 2019-09-28T19:09:14.011+0000: 926.963: [DefNew: 409757K->156K(460800K), 0.0028337 secs] 466689K->57088K(1484800K), 0.0029294 secs] [Times: user=0.00 sys=0.00, real=0.00 secs] 
2019-09-28T19:09:21.287+0000: 934.239: [GC (Allocation Failure) 2019-09-28T19:09:21.287+0000: 934.239: [DefNew: 409756K->170K(460800K), 0.0028806 secs] 466688K->57102K(1484800K), 0.0029728 secs] [Times: user=0.00 sys=0.00, real=0.01 secs] 
2019-09-28T19:09:28.565+0000: 941.517: [GC (Allocation Failure) 2019-09-28T19:09:28.565+0000: 941.517: [DefNew: 409770K->158K(460800K), 0.0029442 secs] 466702K->57090K(1484800K), 0.0030376 secs] [Times: user=0.00 sys=0.00, real=0.00 secs] 
2019-09-28T19:09:36.389+0000: 949.341: [GC (Allocation Failure) 2019-09-28T19:09:36.389+0000: 949.341: [DefNew: 409758K->156K(460800K), 0.0030797 secs] 466690K->57088K(1484800K), 0.0031746 secs] [Times: user=0.00 sys=0.00, real=0.01 secs] 
2019-09-28T19:09:43.599+0000: 956.551: [GC (Allocation Failure) 2019-09-28T19:09:43.599+0000: 956.551: [DefNew: 409756K->147K(460800K), 0.0030339 secs] 466688K->57089K(1484800K), 0.0031261 secs] [Times: user=0.00 sys=0.00, real=0.01 secs] 
2019-09-28T19:09:50.867+0000: 963.819: [GC (Allocation Failure) 2019-09-28T19:09:50.867+0000: 963.819: [DefNew: 409747K->210K(460800K), 0.0031724 secs] 466689K->57152K(1484800K), 0.0032704 secs] [Times: user=0.01 sys=0.00, real=0.01 secs] 
2019-09-28T19:09:58.578+0000: 971.530: [GC (Allocation Failure) 2019-09-28T19:09:58.578+0000: 971.530: [DefNew: 409810K->170K(460800K), 0.0030624 secs] 466752K->57112K(1484800K), 0.0031794 secs] [Times: user=0.00 sys=0.00, real=0.01 secs] 
2019-09-28T19:10:05.898+0000: 978.850: [GC (Allocation Failure) 2019-09-28T19:10:05.898+0000: 978.850: [DefNew: 409770K->200K(460800K), 0.0029554 secs] 466712K->57142K(1484800K), 0.0030514 secs] [Times: user=0.00 sys=0.00, real=0.00 secs] 
2019-09-28T19:10:13.137+0000: 986.089: [GC (Allocation Failure) 2019-09-28T19:10:13.137+0000: 986.089: [DefNew: 409800K->189K(460800K), 0.0030107 secs] 466742K->57130K(1484800K), 0.0031069 secs] [Times: user=0.01 sys=0.00, real=0.00 secs] 
2019-09-28T19:10:20.935+0000: 993.887: [GC (Allocation Failure) 2019-09-28T19:10:20.935+0000: 993.887: [DefNew: 409789K->156K(460800K), 0.0029607 secs] 466730K->57098K(1484800K), 0.0030584 secs] [Times: user=0.00 sys=0.00, real=0.00 secs] 
2019-09-28T19:10:28.207+0000: 1001.159: [GC (Allocation Failure) 2019-09-28T19:10:28.207+0000: 1001.159: [DefNew: 409756K->156K(460800K), 0.0029228 secs] 466698K->57098K(1484800K), 0.0030161 secs] [Times: user=0.00 sys=0.00, real=0.01 secs] 
2019-09-28T19:10:35.467+0000: 1008.419: [GC (Allocation Failure) 2019-09-28T19:10:35.467+0000: 1008.419: [DefNew: 409756K->262K(460800K), 0.0032036 secs] 466698K->57204K(1484800K), 0.0032822 secs] [Times: user=0.00 sys=0.00, real=0.01 secs] 
2019-09-28T19:10:42.722+0000: 1015.674: [GC (Allocation Failure) 2019-09-28T19:10:42.722+0000: 1015.674: [DefNew: 409862K->195K(460800K), 0.0029719 secs] 466804K->57145K(1484800K), 0.0030711 secs] [Times: user=0.01 sys=0.00, real=0.00 secs] 
2019-09-28T19:10:50.496+0000: 1023.448: [GC (Allocation Failure) 2019-09-28T19:10:50.496+0000: 1023.448: [DefNew: 409795K->157K(460800K), 0.0029585 secs] 466745K->57107K(1484800K), 0.0030530 secs] [Times: user=0.00 sys=0.00, real=0.00 secs] 
19:10:55.520 [Client] INFO  c.s.f.r.e.s.SocketRear  - FlameSocketGraphDeployerRear@flamestream-benchmarks-worker-5: has been disconnected from Connection 7
19:10:55.525 [Client] INFO  c.s.f.r.e.s.SocketFront  - FlameSocketGraphDeployerFront@flamestream-benchmarks-worker-5 has been disconnected from Connection 7
19:11:14.462 [worker-akka.actor.default-dispatcher-13] INFO  a.a.LocalActorRef akka://worker/user/watcher/processing-watcher/graph/edge/FlameSocketGraphDeployerFront - Stopped
19:11:14.481 [worker-akka.actor.default-dispatcher-10] INFO  a.a.LocalActorRef akka://worker/user/watcher/processing-watcher/graph/negotiator - Stopped
19:11:14.502 [worker-akka.actor.default-dispatcher-10] INFO  a.a.LocalActorRef akka://worker/user/watcher/processing-watcher/graph/edge/FlameSocketGraphDeployerRear - Stopped
19:11:14.502 [worker-akka.actor.default-dispatcher-10] INFO  a.a.LocalActorRef akka://worker/user/watcher/processing-watcher/graph/graph/$+ - Stopped
19:11:14.502 [worker-akka.actor.default-dispatcher-10] INFO  a.a.LocalActorRef akka://worker/user/watcher/processing-watcher/graph/graph/$0 - Stopped
19:11:14.502 [worker-akka.actor.default-dispatcher-10] INFO  a.a.LocalActorRef akka://worker/user/watcher/processing-watcher/graph/edge - Stopped
19:11:14.502 [worker-akka.actor.default-dispatcher-10] INFO  a.a.LocalActorRef akka://worker/user/watcher/processing-watcher/graph/graph/$1 - Stopped
19:11:14.502 [worker-akka.actor.default-dispatcher-10] INFO  a.a.LocalActorRef akka://worker/user/watcher/processing-watcher/graph/graph/$2 - Stopped
19:11:14.502 [worker-akka.actor.default-dispatcher-10] INFO  a.a.LocalActorRef akka://worker/user/watcher/processing-watcher/graph/graph/$3 - Stopped
19:11:14.502 [worker-akka.actor.default-dispatcher-10] INFO  a.a.LocalActorRef akka://worker/user/watcher/processing-watcher/graph/graph/$4 - Stopped
19:11:14.502 [worker-akka.actor.default-dispatcher-10] INFO  a.a.LocalActorRef akka://worker/user/watcher/processing-watcher/graph/graph/$5 - Stopped
19:11:14.503 [worker-akka.actor.default-dispatcher-19] INFO  a.a.LocalActorRef akka://worker/user/watcher/processing-watcher/graph/graph/$6 - Stopped
19:11:14.503 [worker-akka.actor.default-dispatcher-19] INFO  a.a.LocalActorRef akka://worker/user/watcher/processing-watcher/graph/graph/$7 - Stopped
19:11:14.503 [worker-akka.actor.default-dispatcher-19] INFO  a.a.LocalActorRef akka://worker/user/watcher/processing-watcher/graph/graph/$8 - Stopped
19:11:14.503 [worker-akka.actor.default-dispatcher-19] INFO  a.a.LocalActorRef akka://worker/user/watcher/processing-watcher/graph/graph/$9 - Stopped
19:11:14.503 [worker-akka.actor.default-dispatcher-19] INFO  a.a.LocalActorRef akka://worker/user/watcher/processing-watcher/graph/graph/$A - Stopped
19:11:14.503 [worker-akka.actor.default-dispatcher-19] INFO  a.a.LocalActorRef akka://worker/user/watcher/processing-watcher/graph/graph/$Ab - Stopped
19:11:14.503 [worker-akka.actor.default-dispatcher-19] INFO  a.a.LocalActorRef akka://worker/user/watcher/processing-watcher/graph/graph/$B - Stopped
19:11:14.503 [worker-akka.actor.default-dispatcher-19] INFO  a.a.LocalActorRef akka://worker/user/watcher/processing-watcher/graph/graph/$Bb - Stopped
19:11:14.503 [worker-akka.actor.default-dispatcher-19] INFO  a.a.LocalActorRef akka://worker/user/watcher/processing-watcher/graph/graph/$C - Stopped
19:11:14.503 [worker-akka.actor.default-dispatcher-19] INFO  a.a.LocalActorRef akka://worker/user/watcher/processing-watcher/graph/graph/$Cb - Stopped
19:11:14.503 [worker-akka.actor.default-dispatcher-19] INFO  a.a.LocalActorRef akka://worker/user/watcher/processing-watcher/graph/graph/$D - Stopped
19:11:14.503 [worker-akka.actor.default-dispatcher-19] INFO  a.a.LocalActorRef akka://worker/user/watcher/processing-watcher/graph/graph/$Db - Stopped
19:11:14.503 [worker-akka.actor.default-dispatcher-19] INFO  a.a.LocalActorRef akka://worker/user/watcher/processing-watcher/graph/graph/$E - Stopped
19:11:14.503 [worker-akka.actor.default-dispatcher-19] INFO  a.a.LocalActorRef akka://worker/user/watcher/processing-watcher/graph/graph/$Eb - Stopped
19:11:14.504 [worker-akka.actor.default-dispatcher-19] INFO  a.a.LocalActorRef akka://worker/user/watcher/processing-watcher/graph/graph/$F - Stopped
19:11:14.504 [worker-akka.actor.default-dispatcher-18] INFO  a.a.LocalActorRef akka://worker/user/watcher/processing-watcher/graph/graph/$Fb - Stopped
19:11:14.504 [worker-akka.actor.default-dispatcher-18] INFO  a.a.LocalActorRef akka://worker/user/watcher/processing-watcher/graph/graph/$G - Stopped
19:11:14.504 [worker-akka.actor.default-dispatcher-18] INFO  a.a.LocalActorRef akka://worker/user/watcher/processing-watcher/graph/graph/$Gb - Stopped
19:11:14.504 [worker-akka.actor.default-dispatcher-18] INFO  a.a.LocalActorRef akka://worker/user/watcher/processing-watcher/graph/graph/$H - Stopped
19:11:14.504 [worker-akka.actor.default-dispatcher-18] INFO  a.a.LocalActorRef akka://worker/user/watcher/processing-watcher/graph/graph/$Hb - Stopped
19:11:14.504 [worker-akka.actor.default-dispatcher-18] INFO  a.a.LocalActorRef akka://worker/user/watcher/processing-watcher/graph/graph/$I - Stopped
19:11:14.504 [worker-akka.actor.default-dispatcher-18] INFO  a.a.LocalActorRef akka://worker/user/watcher/processing-watcher/graph/graph/$Ib - Stopped
19:11:14.504 [worker-akka.actor.default-dispatcher-18] INFO  a.a.LocalActorRef akka://worker/user/watcher/processing-watcher/graph/graph/$J - Stopped
19:11:14.504 [worker-akka.actor.default-dispatcher-18] INFO  a.a.LocalActorRef akka://worker/user/watcher/processing-watcher/graph/graph/$Jb - Stopped
19:11:14.504 [worker-akka.actor.default-dispatcher-18] INFO  a.a.LocalActorRef akka://worker/user/watcher/processing-watcher/graph/graph/$K - Stopped
19:11:14.504 [worker-akka.actor.default-dispatcher-18] INFO  a.a.LocalActorRef akka://worker/user/watcher/processing-watcher/graph/graph/$Kb - Stopped
19:11:14.504 [worker-akka.actor.default-dispatcher-18] INFO  a.a.LocalActorRef akka://worker/user/watcher/processing-watcher/graph/graph/$L - Stopped
19:11:14.504 [worker-akka.actor.default-dispatcher-18] INFO  a.a.LocalActorRef akka://worker/user/watcher/processing-watcher/graph/graph/$Lb - Stopped
19:11:14.505 [worker-akka.actor.default-dispatcher-18] INFO  a.a.LocalActorRef akka://worker/user/watcher/processing-watcher/graph/graph/$M - Stopped
19:11:14.505 [worker-akka.actor.default-dispatcher-18] INFO  a.a.LocalActorRef akka://worker/user/watcher/processing-watcher/graph/graph/$Mb - Stopped
19:11:14.505 [worker-akka.actor.default-dispatcher-14] INFO  a.a.LocalActorRef akka://worker/user/watcher/processing-watcher/graph/graph/$N - Stopped
19:11:14.505 [worker-akka.actor.default-dispatcher-14] INFO  a.a.LocalActorRef akka://worker/user/watcher/processing-watcher/graph/graph/$Nb - Stopped
19:11:14.505 [worker-akka.actor.default-dispatcher-14] INFO  a.a.LocalActorRef akka://worker/user/watcher/processing-watcher/graph/graph/$O - Stopped
19:11:14.505 [worker-akka.actor.default-dispatcher-14] INFO  a.a.LocalActorRef akka://worker/user/watcher/processing-watcher/graph/graph/$P - Stopped
19:11:14.505 [worker-akka.actor.default-dispatcher-14] INFO  a.a.LocalActorRef akka://worker/user/watcher/processing-watcher/graph/graph/$Q - Stopped
19:11:14.505 [worker-akka.actor.default-dispatcher-12] INFO  a.a.LocalActorRef akka://worker/user/watcher/processing-watcher/graph/graph/$R - Stopped
19:11:14.505 [worker-akka.actor.default-dispatcher-12] INFO  a.a.LocalActorRef akka://worker/user/watcher/processing-watcher/graph/graph/$S - Stopped
19:11:14.505 [worker-akka.actor.default-dispatcher-12] INFO  a.a.LocalActorRef akka://worker/user/watcher/processing-watcher/graph/graph/$T - Stopped
19:11:14.506 [worker-akka.actor.default-dispatcher-12] INFO  a.a.LocalActorRef akka://worker/user/watcher/processing-watcher/graph/graph/$U - Stopped
19:11:14.506 [worker-akka.actor.default-dispatcher-12] INFO  a.a.LocalActorRef akka://worker/user/watcher/processing-watcher/graph/graph/$V - Stopped
19:11:14.506 [worker-akka.actor.default-dispatcher-12] INFO  a.a.LocalActorRef akka://worker/user/watcher/processing-watcher/graph/graph/$W - Stopped
19:11:14.506 [worker-akka.actor.default-dispatcher-12] INFO  a.a.LocalActorRef akka://worker/user/watcher/processing-watcher/graph/graph/$X - Stopped
19:11:14.506 [worker-akka.actor.default-dispatcher-12] INFO  a.a.LocalActorRef akka://worker/user/watcher/processing-watcher/graph/graph/$Y - Stopped
19:11:14.506 [worker-akka.actor.default-dispatcher-12] INFO  a.a.LocalActorRef akka://worker/user/watcher/processing-watcher/graph/graph/$Z - Stopped
19:11:14.506 [worker-akka.actor.default-dispatcher-12] INFO  a.a.LocalActorRef akka://worker/user/watcher/processing-watcher/graph/graph/$a - Stopped
19:11:14.506 [worker-akka.actor.default-dispatcher-12] INFO  a.a.LocalActorRef akka://worker/user/watcher/processing-watcher/graph/graph/$ab - Stopped
19:11:14.506 [worker-akka.actor.default-dispatcher-12] INFO  a.a.LocalActorRef akka://worker/user/watcher/processing-watcher/graph/graph/$b - Stopped
19:11:14.506 [worker-akka.actor.default-dispatcher-12] INFO  a.a.LocalActorRef akka://worker/user/watcher/processing-watcher/graph/graph/$bb - Stopped
19:11:14.506 [worker-akka.actor.default-dispatcher-12] INFO  a.a.LocalActorRef akka://worker/user/watcher/processing-watcher/graph/graph/$c - Stopped
19:11:14.506 [worker-akka.actor.default-dispatcher-12] INFO  a.a.LocalActorRef akka://worker/user/watcher/processing-watcher/graph/graph/$cb - Stopped
19:11:14.506 [worker-akka.actor.default-dispatcher-13] INFO  a.a.LocalActorRef akka://worker/user/watcher/processing-watcher/graph/graph/$d - Stopped
19:11:14.506 [worker-akka.actor.default-dispatcher-13] INFO  a.a.LocalActorRef akka://worker/user/watcher/processing-watcher/graph/graph/$db - Stopped
19:11:14.506 [worker-akka.actor.default-dispatcher-13] INFO  a.a.LocalActorRef akka://worker/user/watcher/processing-watcher/graph/graph/$e - Stopped
19:11:14.507 [worker-akka.actor.default-dispatcher-13] INFO  a.a.LocalActorRef akka://worker/user/watcher/processing-watcher/graph/graph/$eb - Stopped
19:11:14.507 [worker-akka.actor.default-dispatcher-13] INFO  a.a.LocalActorRef akka://worker/user/watcher/processing-watcher/graph/graph/$f - Stopped
19:11:14.507 [worker-akka.actor.default-dispatcher-6] INFO  a.a.LocalActorRef akka://worker/user/watcher/processing-watcher/graph/graph/$fb - Stopped
19:11:14.507 [worker-akka.actor.default-dispatcher-6] INFO  a.a.LocalActorRef akka://worker/user/watcher/processing-watcher/graph/graph/$g - Stopped
19:11:14.507 [worker-akka.actor.default-dispatcher-6] INFO  a.a.LocalActorRef akka://worker/user/watcher/processing-watcher/graph/graph/$gb - Stopped
19:11:14.516 [worker-akka.actor.default-dispatcher-23] INFO  a.a.LocalActorRef akka://worker/user/watcher/processing-watcher/graph/graph/$h - Stopped
19:11:14.518 [worker-akka.actor.default-dispatcher-23] INFO  a.a.LocalActorRef akka://worker/user/watcher/processing-watcher/graph/graph/$hb - Stopped
19:11:14.519 [worker-akka.actor.default-dispatcher-23] INFO  a.a.LocalActorRef akka://worker/user/watcher/processing-watcher/graph/graph/$i - Stopped
19:11:14.520 [worker-akka.actor.default-dispatcher-23] INFO  a.a.LocalActorRef akka://worker/user/watcher/processing-watcher/graph/graph/$ib - Stopped
19:11:14.521 [worker-akka.actor.default-dispatcher-23] INFO  a.a.LocalActorRef akka://worker/user/watcher/processing-watcher/graph/graph/$j - Stopped
19:11:14.522 [worker-akka.actor.default-dispatcher-23] INFO  a.a.LocalActorRef akka://worker/user/watcher/processing-watcher/graph/graph/$jb - Stopped
19:11:14.523 [worker-akka.actor.default-dispatcher-23] INFO  a.a.LocalActorRef akka://worker/user/watcher/processing-watcher/graph/graph/$k - Stopped
19:11:14.524 [worker-akka.actor.default-dispatcher-23] INFO  a.a.LocalActorRef akka://worker/user/watcher/processing-watcher/graph/graph/$kb - Stopped
19:11:14.525 [worker-akka.actor.default-dispatcher-23] INFO  a.a.LocalActorRef akka://worker/user/watcher/processing-watcher/graph/graph/$l - Stopped
19:11:14.525 [worker-akka.actor.default-dispatcher-23] INFO  a.a.LocalActorRef akka://worker/user/watcher/processing-watcher/graph/graph/$lb - Stopped
19:11:14.525 [worker-akka.actor.default-dispatcher-23] INFO  a.a.LocalActorRef akka://worker/user/watcher/processing-watcher/graph/graph/$m - Stopped
19:11:14.526 [worker-akka.actor.default-dispatcher-23] INFO  a.a.LocalActorRef akka://worker/user/watcher/processing-watcher/graph/graph/$mb - Stopped
19:11:14.527 [worker-akka.actor.default-dispatcher-23] INFO  a.a.LocalActorRef akka://worker/user/watcher/processing-watcher/graph/graph/$n - Stopped
19:11:14.529 [worker-akka.actor.default-dispatcher-23] INFO  a.a.LocalActorRef akka://worker/user/watcher/processing-watcher/graph/graph/$nb - Stopped
19:11:14.529 [worker-akka.actor.default-dispatcher-23] INFO  a.a.LocalActorRef akka://worker/user/watcher/processing-watcher/graph/graph/$o - Stopped
19:11:14.530 [worker-akka.actor.default-dispatcher-23] INFO  a.a.LocalActorRef akka://worker/user/watcher/processing-watcher/graph/graph/$ob - Stopped
19:11:14.530 [worker-akka.actor.default-dispatcher-23] INFO  a.a.LocalActorRef akka://worker/user/watcher/processing-watcher/graph/graph/$p - Stopped
19:11:14.531 [worker-akka.actor.default-dispatcher-23] INFO  a.a.LocalActorRef akka://worker/user/watcher/processing-watcher/graph/graph/$pb - Stopped
19:11:14.532 [worker-akka.actor.default-dispatcher-23] INFO  a.a.LocalActorRef akka://worker/user/watcher/processing-watcher/graph/graph/$q - Stopped
19:11:14.533 [worker-akka.actor.default-dispatcher-23] INFO  a.a.LocalActorRef akka://worker/user/watcher/processing-watcher/graph/graph/$qb - Stopped
19:11:14.533 [worker-akka.actor.default-dispatcher-23] INFO  a.a.LocalActorRef akka://worker/user/watcher/processing-watcher/graph/graph/$r - Stopped
19:11:14.535 [worker-akka.actor.default-dispatcher-23] INFO  a.a.LocalActorRef akka://worker/user/watcher/processing-watcher/graph/graph/$rb - Stopped
19:11:14.535 [worker-akka.actor.default-dispatcher-23] INFO  a.a.LocalActorRef akka://worker/user/watcher/processing-watcher/graph/graph/$s - Stopped
19:11:14.536 [worker-akka.actor.default-dispatcher-23] INFO  a.a.LocalActorRef akka://worker/user/watcher/processing-watcher/graph/graph/$sb - Stopped
19:11:14.537 [worker-akka.actor.default-dispatcher-23] INFO  a.a.LocalActorRef akka://worker/user/watcher/processing-watcher/graph/graph/$t - Stopped
19:11:14.537 [worker-akka.actor.default-dispatcher-23] INFO  a.a.LocalActorRef akka://worker/user/watcher/processing-watcher/graph/graph/$tb - Stopped
19:11:14.539 [worker-akka.actor.default-dispatcher-23] INFO  a.a.LocalActorRef akka://worker/user/watcher/processing-watcher/graph/graph/$u - Stopped
19:11:14.540 [worker-akka.actor.default-dispatcher-23] INFO  a.a.LocalActorRef akka://worker/user/watcher/processing-watcher/graph/graph/$ub - Stopped
19:11:14.540 [worker-akka.actor.default-dispatcher-23] INFO  a.a.LocalActorRef akka://worker/user/watcher/processing-watcher/graph/graph/$v - Stopped
19:11:14.542 [worker-akka.actor.default-dispatcher-23] INFO  a.a.LocalActorRef akka://worker/user/watcher/processing-watcher/graph/graph/$vb - Stopped
19:11:14.543 [worker-akka.actor.default-dispatcher-23] INFO  a.a.LocalActorRef akka://worker/user/watcher/processing-watcher/graph/graph/$w - Stopped
19:11:14.544 [worker-akka.actor.default-dispatcher-23] INFO  a.a.LocalActorRef akka://worker/user/watcher/processing-watcher/graph/graph/$wb - Stopped
19:11:14.544 [worker-akka.actor.default-dispatcher-23] INFO  a.a.LocalActorRef akka://worker/user/watcher/processing-watcher/graph/graph/$x - Stopped
19:11:14.545 [worker-akka.actor.default-dispatcher-23] INFO  a.a.LocalActorRef akka://worker/user/watcher/processing-watcher/graph/graph/$xb - Stopped
19:11:14.545 [worker-akka.actor.default-dispatcher-23] INFO  a.a.LocalActorRef akka://worker/user/watcher/processing-watcher/graph/graph/$y - Stopped
19:11:14.546 [worker-akka.actor.default-dispatcher-23] INFO  a.a.LocalActorRef akka://worker/user/watcher/processing-watcher/graph/graph/$yb - Stopped
19:11:14.547 [worker-akka.actor.default-dispatcher-23] INFO  a.a.LocalActorRef akka://worker/user/watcher/processing-watcher/graph/graph/$z - Stopped
19:11:14.547 [worker-akka.actor.default-dispatcher-23] INFO  a.a.LocalActorRef akka://worker/user/watcher/processing-watcher/graph/graph/$zb - Stopped
19:11:14.549 [worker-akka.actor.default-dispatcher-23] INFO  a.a.LocalActorRef akka://worker/user/watcher/processing-watcher/graph/graph/$~ - Stopped
19:11:14.565 [worker-akka.actor.default-dispatcher-23] INFO  a.a.LocalActorRef akka://worker/user/watcher/processing-watcher/graph/graph - Stopped
19:11:14.571 [worker-akka.actor.default-dispatcher-23] INFO  a.a.LocalActorRef akka://worker/user/watcher/processing-watcher/graph - Stopped
19:11:14.572 [worker-akka.actor.default-dispatcher-21] INFO  a.a.LocalActorRef akka://worker/user/watcher/processing-watcher - Stopped
19:11:14.573 [Curator-Framework-0] INFO  o.a.c.f.i.CuratorFrameworkImpl  - backgroundOperationsLoop exiting
19:11:14.579 [Curator-PathChildrenCache-0] ERROR o.a.c.f.r.c.PathChildrenCache  - 
java.lang.IllegalStateException: instance must be started before calling this method
	at org.apache.curator.shaded.com.google.common.base.Preconditions.checkState(Preconditions.java:444)
	at org.apache.curator.framework.imps.CuratorFrameworkImpl.getChildren(CuratorFrameworkImpl.java:456)
	at org.apache.curator.framework.recipes.cache.PathChildrenCache.refresh(PathChildrenCache.java:521)
	at org.apache.curator.framework.recipes.cache.RefreshOperation.invoke(RefreshOperation.java:35)
	at org.apache.curator.framework.recipes.cache.PathChildrenCache$9.run(PathChildrenCache.java:786)
	at java.util.concurrent.Executors$RunnableAdapter.call(Executors.java:511)
	at java.util.concurrent.FutureTask.run(FutureTask.java:266)
	at java.util.concurrent.Executors$RunnableAdapter.call(Executors.java:511)
	at java.util.concurrent.FutureTask.run(FutureTask.java:266)
	at java.util.concurrent.ThreadPoolExecutor.runWorker(ThreadPoolExecutor.java:1149)
	at java.util.concurrent.ThreadPoolExecutor$Worker.run(ThreadPoolExecutor.java:624)
	at java.lang.Thread.run(Thread.java:748)
19:11:14.580 [worker-akka.actor.default-dispatcher-6-EventThread] INFO  o.a.z.ClientCnxn  - EventThread shut down for session: 0x100015787a40005
19:11:14.580 [worker-akka.actor.default-dispatcher-21] INFO  o.a.z.ZooKeeper  - Session: 0x100015787a40005 closed
19:11:14.581 [worker-akka.actor.default-dispatcher-23] INFO  a.a.RepointableActorRef akka://worker/user/watcher - Stopped
19:11:14.590 [worker-akka.actor.default-dispatcher-23] INFO  a.r.RemoteActorRefProvider$RemotingTerminator akka://worker@flamestream-benchmarks-worker-5:5412/system/remoting-terminator - Shutting down remote daemon.
19:11:14.590 [worker-akka.actor.default-dispatcher-23] INFO  a.r.RemoteActorRefProvider$RemotingTerminator akka://worker@flamestream-benchmarks-worker-5:5412/system/remoting-terminator - Remote daemon shut down; proceeding with flushing remote transports.
19:11:15.856 [worker-akka.actor.default-dispatcher-21] INFO  a.r.RemoteActorRefProvider$RemotingTerminator akka://worker@flamestream-benchmarks-worker-5:5412/system/remoting-terminator - Remoting shut down.
Heap
 def new generation   total 460800K, used 323022K [0x00000000a2400000, 0x00000000c1800000, 0x00000000c1800000)
  eden space 409600K,  78% used [0x00000000a2400000, 0x00000000b5f4c518, 0x00000000bb400000)
  from space 51200K,   0% used [0x00000000bb400000, 0x00000000bb4275f0, 0x00000000be600000)
  to   space 51200K,   0% used [0x00000000be600000, 0x00000000be600000, 0x00000000c1800000)
 tenured generation   total 1024000K, used 56950K [0x00000000c1800000, 0x0000000100000000, 0x0000000100000000)
   the space 1024000K,   5% used [0x00000000c1800000, 0x00000000c4f9d990, 0x00000000c4f9da00, 0x0000000100000000)
 Metaspace       used 40766K, capacity 43600K, committed 43904K, reserved 1087488K
  class space    used 5337K, capacity 5657K, committed 5760K, reserved 1048576K
