18:11:23,458 |-INFO in ch.qos.logback.classic.LoggerContext[default] - Could NOT find resource [logback-test.xml]
18:11:23,458 |-INFO in ch.qos.logback.classic.LoggerContext[default] - Could NOT find resource [logback.groovy]
18:11:23,458 |-INFO in ch.qos.logback.classic.LoggerContext[default] - Found resource [logback.xml] at [jar:file:/root/flamestream/lib/flamestream-runtime-1.0-SNAPSHOT.jar!/logback.xml]
18:11:23,459 |-WARN in ch.qos.logback.classic.LoggerContext[default] - Resource [logback.xml] occurs multiple times on the classpath.
18:11:23,459 |-WARN in ch.qos.logback.classic.LoggerContext[default] - Resource [logback.xml] occurs at [jar:file:/root/flamestream/lib/flamestream-runtime-1.0-SNAPSHOT.jar!/logback.xml]
18:11:23,459 |-WARN in ch.qos.logback.classic.LoggerContext[default] - Resource [logback.xml] occurs at [jar:file:/root/flamestream/flamestream-runtime-1.0-SNAPSHOT.jar!/logback.xml]
18:11:23,479 |-INFO in ch.qos.logback.core.joran.spi.ConfigurationWatchList@3fb6a447 - URL [jar:file:/root/flamestream/lib/flamestream-runtime-1.0-SNAPSHOT.jar!/logback.xml] is not of type file
18:11:23,552 |-INFO in ch.qos.logback.classic.joran.action.ConfigurationAction - debug attribute not set
18:11:23,552 |-INFO in ch.qos.logback.core.joran.action.AppenderAction - About to instantiate appender of type [ch.qos.logback.core.ConsoleAppender]
18:11:23,570 |-INFO in ch.qos.logback.core.joran.action.AppenderAction - Naming appender as [STDOUT]
18:11:23,583 |-INFO in ch.qos.logback.core.joran.action.NestedComplexPropertyIA - Assuming default type [ch.qos.logback.classic.encoder.PatternLayoutEncoder] for [encoder] property
18:11:23,670 |-INFO in ch.qos.logback.core.joran.action.AppenderAction - About to instantiate appender of type [ch.qos.logback.core.rolling.RollingFileAppender]
18:11:23,675 |-INFO in ch.qos.logback.core.joran.action.AppenderAction - Naming appender as [FILE]
18:11:23,705 |-INFO in c.q.l.core.rolling.TimeBasedRollingPolicy@127618319 - No compression will be used
18:11:23,706 |-INFO in c.q.l.core.rolling.TimeBasedRollingPolicy@127618319 - Will use the pattern /tmp/application_%d{yyyy-MM-dd}.%i.log for the active file
18:11:23,709 |-INFO in ch.qos.logback.core.rolling.SizeAndTimeBasedFNATP@6b2fad11 - The date pattern is 'yyyy-MM-dd' from file name pattern '/tmp/application_%d{yyyy-MM-dd}.%i.log'.
18:11:23,709 |-INFO in ch.qos.logback.core.rolling.SizeAndTimeBasedFNATP@6b2fad11 - Roll-over at midnight.
18:11:23,714 |-INFO in ch.qos.logback.core.rolling.SizeAndTimeBasedFNATP@6b2fad11 - Setting initial period to Mon Jun 10 18:09:54 UTC 2019
18:11:23,714 |-WARN in ch.qos.logback.core.rolling.SizeAndTimeBasedFNATP@6b2fad11 - SizeAndTimeBasedFNATP is deprecated. Use SizeAndTimeBasedRollingPolicy instead
18:11:23,714 |-WARN in ch.qos.logback.core.rolling.SizeAndTimeBasedFNATP@6b2fad11 - For more information see http://logback.qos.ch/manual/appenders.html#SizeAndTimeBasedRollingPolicy
18:11:23,718 |-INFO in ch.qos.logback.core.joran.action.NestedComplexPropertyIA - Assuming default type [ch.qos.logback.classic.encoder.PatternLayoutEncoder] for [encoder] property
18:11:23,723 |-INFO in ch.qos.logback.core.rolling.RollingFileAppender[FILE] - Active log file name: /tmp/application.log
18:11:23,723 |-INFO in ch.qos.logback.core.rolling.RollingFileAppender[FILE] - File property is set to [/tmp/application.log]
18:11:23,724 |-INFO in ch.qos.logback.classic.joran.action.RootLoggerAction - Setting level of ROOT logger to WARN
18:11:23,724 |-INFO in ch.qos.logback.core.joran.action.AppenderRefAction - Attaching appender named [STDOUT] to Logger[ROOT]
18:11:23,726 |-INFO in ch.qos.logback.core.joran.action.AppenderRefAction - Attaching appender named [FILE] to Logger[ROOT]
18:11:23,726 |-INFO in ch.qos.logback.classic.joran.action.ConfigurationAction - End of configuration.
18:11:23,726 |-INFO in ch.qos.logback.classic.joran.JoranConfigurator@79698539 - Registering current configuration as safe fallback point

Ama winner
Ama winner
2019-06-10T18:11:25.320+0000: 2.044: [Full GC (Metadata GC Threshold) 2019-06-10T18:11:25.320+0000: 2.044: [Tenured: 0K->15240K(341376K), 0.0388434 secs] 117718K->15240K(494976K), [Metaspace: 20730K->20730K(1067008K)], 0.0389107 secs] [Times: user=0.04 sys=0.00, real=0.04 secs] 
18:11:50.148 [Curator-PathChildrenCache-1] WARN  o.a.c.u.ZKPaths  - The version of ZooKeeper being used doesn't support Container nodes. CreateMode.PERSISTENT will be used instead.
2019-06-10T18:11:52.500+0000: 29.224: [GC (Allocation Failure) 2019-06-10T18:11:52.500+0000: 29.224: [DefNew: 136576K->17024K(153600K), 0.0253356 secs] 151816K->52561K(494976K), 0.0254167 secs] [Times: user=0.02 sys=0.00, real=0.03 secs] 
2019-06-10T18:11:58.227+0000: 34.952: [GC (Allocation Failure) 2019-06-10T18:11:58.227+0000: 34.952: [DefNew: 153600K->272K(153600K), 0.0100973 secs] 189137K->43992K(494976K), 0.0101662 secs] [Times: user=0.01 sys=0.00, real=0.01 secs] 
2019-06-10T18:12:03.564+0000: 40.288: [GC (Allocation Failure) 2019-06-10T18:12:03.564+0000: 40.288: [DefNew: 136848K->326K(153600K), 0.0026055 secs] 180568K->44047K(494976K), 0.0026751 secs] [Times: user=0.01 sys=0.00, real=0.01 secs] 
2019-06-10T18:12:03.878+0000: 40.603: [Full GC (Metadata GC Threshold) 2019-06-10T18:12:03.878+0000: 40.603: [Tenured: 43720K->44045K(341376K), 0.0336415 secs] 54274K->44045K(494976K), [Metaspace: 34577K->34577K(1079296K)], 0.0337208 secs] [Times: user=0.04 sys=0.00, real=0.03 secs] 
2019-06-10T18:12:09.292+0000: 46.016: [GC (Allocation Failure) 2019-06-10T18:12:09.292+0000: 46.016: [DefNew: 136576K->52K(153600K), 0.0016881 secs] 180621K->44098K(494976K), 0.0017618 secs] [Times: user=0.01 sys=0.00, real=0.01 secs] 
2019-06-10T18:12:14.701+0000: 51.425: [GC (Allocation Failure) 2019-06-10T18:12:14.701+0000: 51.425: [DefNew: 136628K->52K(153600K), 0.0015933 secs] 180674K->44098K(494976K), 0.0016513 secs] [Times: user=0.00 sys=0.00, real=0.00 secs] 
18:12:25.776 [Curator-PathChildrenCache-0] ERROR o.a.c.f.r.c.PathChildrenCache  - 
java.lang.IllegalStateException: instance must be started before calling this method
	at org.apache.curator.shaded.com.google.common.base.Preconditions.checkState(Preconditions.java:444)
	at org.apache.curator.framework.imps.CuratorFrameworkImpl.getChildren(CuratorFrameworkImpl.java:456)
	at org.apache.curator.framework.recipes.cache.PathChildrenCache.refresh(PathChildrenCache.java:521)
	at org.apache.curator.framework.recipes.cache.RefreshOperation.invoke(RefreshOperation.java:35)
	at org.apache.curator.framework.recipes.cache.PathChildrenCache$9.run(PathChildrenCache.java:786)
	at java.util.concurrent.Executors$RunnableAdapter.call(Executors.java:511)
	at java.util.concurrent.FutureTask.run(FutureTask.java:266)
	at java.util.concurrent.Executors$RunnableAdapter.call(Executors.java:511)
	at java.util.concurrent.FutureTask.run(FutureTask.java:266)
	at java.util.concurrent.ThreadPoolExecutor.runWorker(ThreadPoolExecutor.java:1149)
	at java.util.concurrent.ThreadPoolExecutor$Worker.run(ThreadPoolExecutor.java:624)
	at java.lang.Thread.run(Thread.java:748)
2019-06-10T18:12:26.628+0000: 63.352: [GC (Allocation Failure) 2019-06-10T18:12:26.628+0000: 63.352: [DefNew: 136628K->995K(153600K), 0.0029863 secs] 180674K->45040K(494976K), 0.0030453 secs] [Times: user=0.01 sys=0.00, real=0.00 secs] 
Heap
 def new generation   total 153600K, used 9116K [0x00000000e0c00000, 0x00000000eb2a0000, 0x00000000eb2a0000)
  eden space 136576K,   5% used [0x00000000e0c00000, 0x00000000e13ee320, 0x00000000e9160000)
  from space 17024K,   5% used [0x00000000e9160000, 0x00000000e9258dd0, 0x00000000ea200000)
  to   space 17024K,   0% used [0x00000000ea200000, 0x00000000ea200000, 0x00000000eb2a0000)
 tenured generation   total 341376K, used 44045K [0x00000000eb2a0000, 0x0000000100000000, 0x0000000100000000)
   the space 341376K,  12% used [0x00000000eb2a0000, 0x00000000edda3578, 0x00000000edda3600, 0x0000000100000000)
 Metaspace       used 36012K, capacity 36858K, committed 37120K, reserved 1081344K
  class space    used 4856K, capacity 5073K, committed 5120K, reserved 1048576K
