09:37:45,624 |-INFO in ch.qos.logback.classic.LoggerContext[default] - Could NOT find resource [logback-test.xml]
09:37:45,624 |-INFO in ch.qos.logback.classic.LoggerContext[default] - Could NOT find resource [logback.groovy]
09:37:45,625 |-INFO in ch.qos.logback.classic.LoggerContext[default] - Found resource [logback.xml] at [jar:file:/root/flamestream/lib/flamestream-runtime-1.0-SNAPSHOT.jar!/logback.xml]
09:37:45,628 |-WARN in ch.qos.logback.classic.LoggerContext[default] - Resource [logback.xml] occurs multiple times on the classpath.
09:37:45,628 |-WARN in ch.qos.logback.classic.LoggerContext[default] - Resource [logback.xml] occurs at [jar:file:/root/flamestream/lib/flamestream-runtime-1.0-SNAPSHOT.jar!/logback.xml]
09:37:45,628 |-WARN in ch.qos.logback.classic.LoggerContext[default] - Resource [logback.xml] occurs at [jar:file:/root/flamestream/flamestream-runtime-1.0-SNAPSHOT.jar!/logback.xml]
09:37:45,648 |-INFO in ch.qos.logback.core.joran.spi.ConfigurationWatchList@3fb6a447 - URL [jar:file:/root/flamestream/lib/flamestream-runtime-1.0-SNAPSHOT.jar!/logback.xml] is not of type file
09:37:45,715 |-INFO in ch.qos.logback.classic.joran.action.ConfigurationAction - debug attribute not set
09:37:45,716 |-INFO in ch.qos.logback.core.joran.action.AppenderAction - About to instantiate appender of type [ch.qos.logback.core.ConsoleAppender]
09:37:45,732 |-INFO in ch.qos.logback.core.joran.action.AppenderAction - Naming appender as [STDOUT]
09:37:45,752 |-INFO in ch.qos.logback.core.joran.action.NestedComplexPropertyIA - Assuming default type [ch.qos.logback.classic.encoder.PatternLayoutEncoder] for [encoder] property
09:37:45,853 |-INFO in ch.qos.logback.core.joran.action.AppenderAction - About to instantiate appender of type [ch.qos.logback.core.rolling.RollingFileAppender]
09:37:45,857 |-INFO in ch.qos.logback.core.joran.action.AppenderAction - Naming appender as [FILE]
09:37:45,893 |-INFO in c.q.l.core.rolling.TimeBasedRollingPolicy@127618319 - No compression will be used
09:37:45,895 |-INFO in c.q.l.core.rolling.TimeBasedRollingPolicy@127618319 - Will use the pattern /tmp/application_%d{yyyy-MM-dd}.%i.log for the active file
09:37:45,897 |-INFO in ch.qos.logback.core.rolling.SizeAndTimeBasedFNATP@6b2fad11 - The date pattern is 'yyyy-MM-dd' from file name pattern '/tmp/application_%d{yyyy-MM-dd}.%i.log'.
09:37:45,897 |-INFO in ch.qos.logback.core.rolling.SizeAndTimeBasedFNATP@6b2fad11 - Roll-over at midnight.
09:37:45,902 |-INFO in ch.qos.logback.core.rolling.SizeAndTimeBasedFNATP@6b2fad11 - Setting initial period to Tue Jun 11 09:36:32 UTC 2019
09:37:45,903 |-WARN in ch.qos.logback.core.rolling.SizeAndTimeBasedFNATP@6b2fad11 - SizeAndTimeBasedFNATP is deprecated. Use SizeAndTimeBasedRollingPolicy instead
09:37:45,903 |-WARN in ch.qos.logback.core.rolling.SizeAndTimeBasedFNATP@6b2fad11 - For more information see http://logback.qos.ch/manual/appenders.html#SizeAndTimeBasedRollingPolicy
09:37:45,906 |-INFO in ch.qos.logback.core.joran.action.NestedComplexPropertyIA - Assuming default type [ch.qos.logback.classic.encoder.PatternLayoutEncoder] for [encoder] property
09:37:45,911 |-INFO in ch.qos.logback.core.rolling.RollingFileAppender[FILE] - Active log file name: /tmp/application.log
09:37:45,911 |-INFO in ch.qos.logback.core.rolling.RollingFileAppender[FILE] - File property is set to [/tmp/application.log]
09:37:45,912 |-INFO in ch.qos.logback.classic.joran.action.RootLoggerAction - Setting level of ROOT logger to WARN
09:37:45,912 |-INFO in ch.qos.logback.core.joran.action.AppenderRefAction - Attaching appender named [STDOUT] to Logger[ROOT]
09:37:45,914 |-INFO in ch.qos.logback.core.joran.action.AppenderRefAction - Attaching appender named [FILE] to Logger[ROOT]
09:37:45,914 |-INFO in ch.qos.logback.classic.joran.action.ConfigurationAction - End of configuration.
09:37:45,914 |-INFO in ch.qos.logback.classic.joran.JoranConfigurator@79698539 - Registering current configuration as safe fallback point

Ama winner
Ama winner
2019-06-11T09:37:47.183+0000: 1.739: [Full GC (Metadata GC Threshold) 2019-06-11T09:37:47.183+0000: 1.739: [Tenured: 0K->15241K(341376K), 0.0400273 secs] 117750K->15241K(494976K), [Metaspace: 20736K->20736K(1067008K)], 0.0400952 secs] [Times: user=0.04 sys=0.00, real=0.04 secs] 
09:38:09.051 [Curator-PathChildrenCache-2] WARN  o.a.c.u.ZKPaths  - The version of ZooKeeper being used doesn't support Container nodes. CreateMode.PERSISTENT will be used instead.
2019-06-11T09:38:12.865+0000: 27.421: [GC (Allocation Failure) 2019-06-11T09:38:12.865+0000: 27.421: [DefNew: 136576K->17023K(153600K), 0.0315216 secs] 151817K->51945K(494976K), 0.0315903 secs] [Times: user=0.02 sys=0.01, real=0.02 secs] 
2019-06-11T09:38:16.429+0000: 30.985: [GC (Allocation Failure) 2019-06-11T09:38:16.429+0000: 30.985: [DefNew: 153599K->1915K(153600K), 0.0148084 secs] 188521K->44322K(494976K), 0.0148824 secs] [Times: user=0.00 sys=0.01, real=0.01 secs] 
2019-06-11T09:38:16.883+0000: 31.438: [Full GC (Metadata GC Threshold) 2019-06-11T09:38:16.883+0000: 31.438: [Tenured: 42407K->42805K(341376K), 0.0351666 secs] 73671K->42805K(494976K), [Metaspace: 34593K->34593K(1079296K)], 0.0352378 secs] [Times: user=0.04 sys=0.00, real=0.04 secs] 
2019-06-11T09:38:19.495+0000: 34.050: [GC (Allocation Failure) 2019-06-11T09:38:19.495+0000: 34.050: [DefNew: 136576K->250K(153600K), 0.0024881 secs] 179381K->43055K(494976K), 0.0025478 secs] [Times: user=0.00 sys=0.00, real=0.01 secs] 
2019-06-11T09:38:22.655+0000: 37.210: [GC (Allocation Failure) 2019-06-11T09:38:22.655+0000: 37.210: [DefNew: 136826K->310K(153600K), 0.0021607 secs] 179631K->43116K(494976K), 0.0022170 secs] [Times: user=0.00 sys=0.00, real=0.00 secs] 
2019-06-11T09:38:27.282+0000: 41.838: [GC (Allocation Failure) 2019-06-11T09:38:27.282+0000: 41.838: [DefNew: 136886K->363K(153600K), 0.0023988 secs] 179692K->43168K(494976K), 0.0024574 secs] [Times: user=0.00 sys=0.00, real=0.00 secs] 
2019-06-11T09:38:31.413+0000: 45.969: [GC (Allocation Failure) 2019-06-11T09:38:31.413+0000: 45.969: [DefNew: 136939K->357K(153600K), 0.0023154 secs] 179744K->43163K(494976K), 0.0023743 secs] [Times: user=0.01 sys=0.00, real=0.00 secs] 
2019-06-11T09:38:36.093+0000: 50.648: [GC (Allocation Failure) 2019-06-11T09:38:36.093+0000: 50.648: [DefNew: 136933K->401K(153600K), 0.0024561 secs] 179739K->43206K(494976K), 0.0025159 secs] [Times: user=0.00 sys=0.00, real=0.00 secs] 
2019-06-11T09:38:39.966+0000: 54.521: [GC (Allocation Failure) 2019-06-11T09:38:39.966+0000: 54.521: [DefNew: 136977K->627K(153600K), 0.0025848 secs] 179782K->43432K(494976K), 0.0026432 secs] [Times: user=0.00 sys=0.00, real=0.00 secs] 
2019-06-11T09:38:43.889+0000: 58.445: [GC (Allocation Failure) 2019-06-11T09:38:43.889+0000: 58.445: [DefNew: 137203K->482K(153600K), 0.0026266 secs] 180008K->43287K(494976K), 0.0026980 secs] [Times: user=0.00 sys=0.00, real=0.00 secs] 
2019-06-11T09:38:47.565+0000: 62.121: [GC (Allocation Failure) 2019-06-11T09:38:47.565+0000: 62.121: [DefNew: 137058K->984K(153600K), 0.0030989 secs] 179863K->43789K(494976K), 0.0031608 secs] [Times: user=0.00 sys=0.00, real=0.00 secs] 
2019-06-11T09:38:51.147+0000: 65.702: [GC (Allocation Failure) 2019-06-11T09:38:51.147+0000: 65.702: [DefNew: 137560K->621K(153600K), 0.0028947 secs] 180365K->43426K(494976K), 0.0029592 secs] [Times: user=0.01 sys=0.00, real=0.00 secs] 
2019-06-11T09:38:55.490+0000: 70.045: [GC (Allocation Failure) 2019-06-11T09:38:55.490+0000: 70.045: [DefNew: 137197K->845K(153600K), 0.0031716 secs] 180002K->43650K(494976K), 0.0032315 secs] [Times: user=0.00 sys=0.01, real=0.00 secs] 
2019-06-11T09:38:58.958+0000: 73.513: [GC (Allocation Failure) 2019-06-11T09:38:58.958+0000: 73.513: [DefNew: 137421K->697K(153600K), 0.0027932 secs] 180226K->43502K(494976K), 0.0028515 secs] [Times: user=0.00 sys=0.00, real=0.00 secs] 
2019-06-11T09:39:02.954+0000: 77.510: [GC (Allocation Failure) 2019-06-11T09:39:02.954+0000: 77.510: [DefNew: 137273K->749K(153600K), 0.0027650 secs] 180078K->43554K(494976K), 0.0028263 secs] [Times: user=0.01 sys=0.00, real=0.00 secs] 
2019-06-11T09:39:06.460+0000: 81.016: [GC (Allocation Failure) 2019-06-11T09:39:06.460+0000: 81.016: [DefNew: 137325K->869K(153600K), 0.0031193 secs] 180130K->43674K(494976K), 0.0031752 secs] [Times: user=0.00 sys=0.00, real=0.00 secs] 
2019-06-11T09:39:10.068+0000: 84.624: [GC (Allocation Failure) 2019-06-11T09:39:10.068+0000: 84.624: [DefNew: 137445K->810K(153600K), 0.0031024 secs] 180250K->43615K(494976K), 0.0031640 secs] [Times: user=0.00 sys=0.00, real=0.00 secs] 
2019-06-11T09:39:13.977+0000: 88.533: [GC (Allocation Failure) 2019-06-11T09:39:13.977+0000: 88.533: [DefNew: 137386K->821K(153600K), 0.0031072 secs] 180191K->43626K(494976K), 0.0031661 secs] [Times: user=0.00 sys=0.00, real=0.00 secs] 
2019-06-11T09:39:17.062+0000: 91.618: [GC (Allocation Failure) 2019-06-11T09:39:17.063+0000: 91.618: [DefNew: 137397K->760K(153600K), 0.0029436 secs] 180202K->43644K(494976K), 0.0029949 secs] [Times: user=0.01 sys=0.00, real=0.01 secs] 
2019-06-11T09:39:19.798+0000: 94.354: [GC (Allocation Failure) 2019-06-11T09:39:19.798+0000: 94.354: [DefNew: 137336K->722K(153600K), 0.0029657 secs] 180220K->43670K(494976K), 0.0030236 secs] [Times: user=0.00 sys=0.00, real=0.00 secs] 
2019-06-11T09:39:24.728+0000: 99.284: [GC (Allocation Failure) 2019-06-11T09:39:24.728+0000: 99.284: [DefNew: 137298K->753K(153600K), 0.0029232 secs] 180246K->43772K(494976K), 0.0029981 secs] [Times: user=0.01 sys=0.00, real=0.00 secs] 
2019-06-11T09:39:28.419+0000: 102.974: [GC (Allocation Failure) 2019-06-11T09:39:28.419+0000: 102.974: [DefNew: 137329K->674K(153600K), 0.0028109 secs] 180348K->43714K(494976K), 0.0028721 secs] [Times: user=0.01 sys=0.00, real=0.00 secs] 
2019-06-11T09:39:31.643+0000: 106.198: [GC (Allocation Failure) 2019-06-11T09:39:31.643+0000: 106.198: [DefNew: 137250K->738K(153600K), 0.0029950 secs] 180290K->43817K(494976K), 0.0030548 secs] [Times: user=0.01 sys=0.00, real=0.01 secs] 
2019-06-11T09:39:36.574+0000: 111.130: [GC (Allocation Failure) 2019-06-11T09:39:36.574+0000: 111.130: [DefNew: 137314K->656K(153600K), 0.0028236 secs] 180393K->43766K(494976K), 0.0028948 secs] [Times: user=0.00 sys=0.00, real=0.01 secs] 
2019-06-11T09:39:40.503+0000: 115.059: [GC (Allocation Failure) 2019-06-11T09:39:40.503+0000: 115.059: [DefNew: 137232K->637K(153600K), 0.0028212 secs] 180342K->43784K(494976K), 0.0028865 secs] [Times: user=0.01 sys=0.00, real=0.01 secs] 
2019-06-11T09:39:44.557+0000: 119.112: [GC (Allocation Failure) 2019-06-11T09:39:44.557+0000: 119.112: [DefNew: 137213K->844K(153600K), 0.0029706 secs] 180360K->44063K(494976K), 0.0030451 secs] [Times: user=0.01 sys=0.00, real=0.01 secs] 
2019-06-11T09:39:47.720+0000: 122.276: [GC (Allocation Failure) 2019-06-11T09:39:47.720+0000: 122.276: [DefNew: 137420K->723K(153600K), 0.0027585 secs] 180639K->43987K(494976K), 0.0028198 secs] [Times: user=0.00 sys=0.00, real=0.00 secs] 
2019-06-11T09:39:52.452+0000: 127.007: [GC (Allocation Failure) 2019-06-11T09:39:52.452+0000: 127.007: [DefNew: 137299K->569K(153600K), 0.0027403 secs] 180563K->43905K(494976K), 0.0028266 secs] [Times: user=0.00 sys=0.00, real=0.00 secs] 
2019-06-11T09:39:56.803+0000: 131.358: [GC (Allocation Failure) 2019-06-11T09:39:56.803+0000: 131.358: [DefNew: 137145K->561K(153600K), 0.0027660 secs] 180481K->43938K(494976K), 0.0028268 secs] [Times: user=0.00 sys=0.00, real=0.01 secs] 
2019-06-11T09:40:00.104+0000: 134.660: [GC (Allocation Failure) 2019-06-11T09:40:00.104+0000: 134.660: [DefNew: 137137K->541K(153600K), 0.0024466 secs] 180514K->43962K(494976K), 0.0025094 secs] [Times: user=0.00 sys=0.00, real=0.01 secs] 
2019-06-11T09:40:04.147+0000: 138.703: [GC (Allocation Failure) 2019-06-11T09:40:04.147+0000: 138.703: [DefNew: 137117K->671K(153600K), 0.0027350 secs] 180538K->44119K(494976K), 0.0027945 secs] [Times: user=0.00 sys=0.00, real=0.00 secs] 
2019-06-11T09:40:08.108+0000: 142.664: [GC (Allocation Failure) 2019-06-11T09:40:08.108+0000: 142.664: [DefNew: 137247K->535K(153600K), 0.0024628 secs] 180695K->44008K(494976K), 0.0025267 secs] [Times: user=0.00 sys=0.00, real=0.00 secs] 
2019-06-11T09:40:12.262+0000: 146.818: [GC (Allocation Failure) 2019-06-11T09:40:12.262+0000: 146.818: [DefNew: 137111K->533K(153600K), 0.0024205 secs] 180584K->44034K(494976K), 0.0024935 secs] [Times: user=0.01 sys=0.00, real=0.00 secs] 
2019-06-11T09:40:16.208+0000: 150.763: [GC (Allocation Failure) 2019-06-11T09:40:16.208+0000: 150.763: [DefNew: 137109K->536K(153600K), 0.0025209 secs] 180610K->44056K(494976K), 0.0025788 secs] [Times: user=0.00 sys=0.00, real=0.00 secs] 
2019-06-11T09:40:19.765+0000: 154.320: [GC (Allocation Failure) 2019-06-11T09:40:19.765+0000: 154.320: [DefNew: 137112K->651K(153600K), 0.0026331 secs] 180632K->44195K(494976K), 0.0026846 secs] [Times: user=0.01 sys=0.00, real=0.01 secs] 
2019-06-11T09:40:24.230+0000: 158.786: [GC (Allocation Failure) 2019-06-11T09:40:24.230+0000: 158.786: [DefNew: 137227K->525K(153600K), 0.0024622 secs] 180771K->44095K(494976K), 0.0025221 secs] [Times: user=0.01 sys=0.00, real=0.00 secs] 
2019-06-11T09:40:28.846+0000: 163.402: [GC (Allocation Failure) 2019-06-11T09:40:28.846+0000: 163.402: [DefNew: 137101K->550K(153600K), 0.0025117 secs] 180671K->44139K(494976K), 0.0025707 secs] [Times: user=0.01 sys=0.00, real=0.00 secs] 
2019-06-11T09:40:33.761+0000: 168.316: [GC (Allocation Failure) 2019-06-11T09:40:33.761+0000: 168.316: [DefNew: 137126K->575K(153600K), 0.0027163 secs] 180715K->44186K(494976K), 0.0027803 secs] [Times: user=0.00 sys=0.00, real=0.00 secs] 
2019-06-11T09:40:37.391+0000: 171.946: [GC (Allocation Failure) 2019-06-11T09:40:37.391+0000: 171.946: [DefNew: 137151K->543K(153600K), 0.0026221 secs] 180762K->44185K(494976K), 0.0026895 secs] [Times: user=0.00 sys=0.00, real=0.00 secs] 
2019-06-11T09:40:41.346+0000: 175.901: [GC (Allocation Failure) 2019-06-11T09:40:41.346+0000: 175.901: [DefNew: 137119K->610K(153600K), 0.0026267 secs] 180761K->44270K(494976K), 0.0026848 secs] [Times: user=0.00 sys=0.00, real=0.00 secs] 
2019-06-11T09:40:44.758+0000: 179.314: [GC (Allocation Failure) 2019-06-11T09:40:44.758+0000: 179.314: [DefNew: 137186K->525K(153600K), 0.0024850 secs] 180846K->44210K(494976K), 0.0025534 secs] [Times: user=0.00 sys=0.00, real=0.00 secs] 
2019-06-11T09:40:47.833+0000: 182.389: [GC (Allocation Failure) 2019-06-11T09:40:47.833+0000: 182.389: [DefNew: 137101K->525K(153600K), 0.0025487 secs] 180786K->44241K(494976K), 0.0026228 secs] [Times: user=0.01 sys=0.00, real=0.00 secs] 
2019-06-11T09:40:53.383+0000: 187.939: [GC (Allocation Failure) 2019-06-11T09:40:53.383+0000: 187.939: [DefNew: 137101K->587K(153600K), 0.0026529 secs] 180817K->44325K(494976K), 0.0027136 secs] [Times: user=0.00 sys=0.00, real=0.01 secs] 
2019-06-11T09:40:58.267+0000: 192.823: [GC (Allocation Failure) 2019-06-11T09:40:58.267+0000: 192.823: [DefNew: 137163K->530K(153600K), 0.0024712 secs] 180901K->44299K(494976K), 0.0025339 secs] [Times: user=0.00 sys=0.00, real=0.00 secs] 
2019-06-11T09:41:02.116+0000: 196.672: [GC (Allocation Failure) 2019-06-11T09:41:02.116+0000: 196.672: [DefNew: 137106K->520K(153600K), 0.0025034 secs] 180875K->44317K(494976K), 0.0025643 secs] [Times: user=0.00 sys=0.00, real=0.01 secs] 
2019-06-11T09:41:06.169+0000: 200.724: [GC (Allocation Failure) 2019-06-11T09:41:06.169+0000: 200.724: [DefNew: 137096K->519K(153600K), 0.0025015 secs] 180893K->44341K(494976K), 0.0025757 secs] [Times: user=0.00 sys=0.00, real=0.00 secs] 
2019-06-11T09:41:10.228+0000: 204.783: [GC (Allocation Failure) 2019-06-11T09:41:10.228+0000: 204.783: [DefNew: 137095K->710K(153600K), 0.0029264 secs] 180917K->44552K(494976K), 0.0030024 secs] [Times: user=0.01 sys=0.00, real=0.00 secs] 
2019-06-11T09:41:15.701+0000: 210.257: [GC (Allocation Failure) 2019-06-11T09:41:15.701+0000: 210.257: [DefNew: 137286K->570K(153600K), 0.0026166 secs] 181128K->44437K(494976K), 0.0026718 secs] [Times: user=0.01 sys=0.00, real=0.00 secs] 
2019-06-11T09:41:18.950+0000: 213.506: [GC (Allocation Failure) 2019-06-11T09:41:18.950+0000: 213.506: [DefNew: 137146K->514K(153600K), 0.0026226 secs] 181013K->44401K(494976K), 0.0026848 secs] [Times: user=0.00 sys=0.00, real=0.00 secs] 
2019-06-11T09:41:24.324+0000: 218.880: [GC (Allocation Failure) 2019-06-11T09:41:24.324+0000: 218.880: [DefNew: 137090K->516K(153600K), 0.0024857 secs] 180977K->44425K(494976K), 0.0025454 secs] [Times: user=0.00 sys=0.00, real=0.01 secs] 
2019-06-11T09:41:28.193+0000: 222.748: [GC (Allocation Failure) 2019-06-11T09:41:28.193+0000: 222.748: [DefNew: 137092K->513K(153600K), 0.0024578 secs] 181001K->44441K(494976K), 0.0025157 secs] [Times: user=0.01 sys=0.00, real=0.00 secs] 
2019-06-11T09:41:31.179+0000: 225.735: [GC (Allocation Failure) 2019-06-11T09:41:31.179+0000: 225.735: [DefNew: 137089K->515K(153600K), 0.0025118 secs] 181017K->44468K(494976K), 0.0025826 secs] [Times: user=0.00 sys=0.00, real=0.00 secs] 
2019-06-11T09:41:35.582+0000: 230.137: [GC (Allocation Failure) 2019-06-11T09:41:35.582+0000: 230.137: [DefNew: 137091K->503K(153600K), 0.0024465 secs] 181044K->44484K(494976K), 0.0025065 secs] [Times: user=0.00 sys=0.00, real=0.00 secs] 
2019-06-11T09:41:40.457+0000: 235.012: [GC (Allocation Failure) 2019-06-11T09:41:40.457+0000: 235.012: [DefNew: 137079K->627K(153600K), 0.0026270 secs] 181060K->44624K(494976K), 0.0026872 secs] [Times: user=0.00 sys=0.00, real=0.01 secs] 
2019-06-11T09:41:45.104+0000: 239.659: [GC (Allocation Failure) 2019-06-11T09:41:45.104+0000: 239.659: [DefNew: 137203K->509K(153600K), 0.0024827 secs] 181200K->44525K(494976K), 0.0025441 secs] [Times: user=0.00 sys=0.00, real=0.01 secs] 
2019-06-11T09:41:49.441+0000: 243.996: [GC (Allocation Failure) 2019-06-11T09:41:49.441+0000: 243.996: [DefNew: 137085K->530K(153600K), 0.0025895 secs] 181101K->44572K(494976K), 0.0026519 secs] [Times: user=0.00 sys=0.00, real=0.00 secs] 
2019-06-11T09:41:54.035+0000: 248.591: [GC (Allocation Failure) 2019-06-11T09:41:54.035+0000: 248.591: [DefNew: 137106K->516K(153600K), 0.0025361 secs] 181148K->44583K(494976K), 0.0026049 secs] [Times: user=0.00 sys=0.00, real=0.01 secs] 
2019-06-11T09:41:58.766+0000: 253.322: [GC (Allocation Failure) 2019-06-11T09:41:58.766+0000: 253.322: [DefNew: 137092K->513K(153600K), 0.0025233 secs] 181159K->44602K(494976K), 0.0025865 secs] [Times: user=0.00 sys=0.01, real=0.00 secs] 
2019-06-11T09:42:02.802+0000: 257.358: [GC (Allocation Failure) 2019-06-11T09:42:02.802+0000: 257.358: [DefNew: 137089K->510K(153600K), 0.0026143 secs] 181178K->44627K(494976K), 0.0026775 secs] [Times: user=0.00 sys=0.00, real=0.01 secs] 
2019-06-11T09:42:05.982+0000: 260.538: [GC (Allocation Failure) 2019-06-11T09:42:05.982+0000: 260.538: [DefNew: 137086K->1589K(153600K), 0.0033197 secs] 181203K->45724K(494976K), 0.0033784 secs] [Times: user=0.00 sys=0.00, real=0.01 secs] 
2019-06-11T09:42:11.867+0000: 266.423: [GC (Allocation Failure) 2019-06-11T09:42:11.867+0000: 266.423: [DefNew: 138165K->624K(153600K), 0.0028033 secs] 182300K->44783K(494976K), 0.0028777 secs] [Times: user=0.00 sys=0.00, real=0.00 secs] 
2019-06-11T09:42:14.826+0000: 269.381: [GC (Allocation Failure) 2019-06-11T09:42:14.826+0000: 269.381: [DefNew: 137200K->531K(153600K), 0.0025411 secs] 181359K->44718K(494976K), 0.0026012 secs] [Times: user=0.00 sys=0.00, real=0.00 secs] 
2019-06-11T09:42:20.079+0000: 274.635: [GC (Allocation Failure) 2019-06-11T09:42:20.079+0000: 274.635: [DefNew: 137107K->581K(153600K), 0.0025605 secs] 181294K->44781K(494976K), 0.0026312 secs] [Times: user=0.01 sys=0.00, real=0.00 secs] 
2019-06-11T09:42:24.142+0000: 278.698: [GC (Allocation Failure) 2019-06-11T09:42:24.142+0000: 278.698: [DefNew: 137157K->637K(153600K), 0.0026779 secs] 181357K->44856K(494976K), 0.0027348 secs] [Times: user=0.00 sys=0.00, real=0.01 secs] 
2019-06-11T09:42:27.817+0000: 282.372: [GC (Allocation Failure) 2019-06-11T09:42:27.817+0000: 282.372: [DefNew: 137213K->523K(153600K), 0.0025407 secs] 181432K->44767K(494976K), 0.0025949 secs] [Times: user=0.00 sys=0.00, real=0.01 secs] 
09:42:37.583 [Curator-PathChildrenCache-0] ERROR o.a.c.f.r.c.PathChildrenCache  - 
java.lang.IllegalStateException: instance must be started before calling this method
	at org.apache.curator.shaded.com.google.common.base.Preconditions.checkState(Preconditions.java:444)
	at org.apache.curator.framework.imps.CuratorFrameworkImpl.getChildren(CuratorFrameworkImpl.java:456)
	at org.apache.curator.framework.recipes.cache.PathChildrenCache.refresh(PathChildrenCache.java:521)
	at org.apache.curator.framework.recipes.cache.RefreshOperation.invoke(RefreshOperation.java:35)
	at org.apache.curator.framework.recipes.cache.PathChildrenCache$9.run(PathChildrenCache.java:786)
	at java.util.concurrent.Executors$RunnableAdapter.call(Executors.java:511)
	at java.util.concurrent.FutureTask.run(FutureTask.java:266)
	at java.util.concurrent.Executors$RunnableAdapter.call(Executors.java:511)
	at java.util.concurrent.FutureTask.run(FutureTask.java:266)
	at java.util.concurrent.ThreadPoolExecutor.runWorker(ThreadPoolExecutor.java:1149)
	at java.util.concurrent.ThreadPoolExecutor$Worker.run(ThreadPoolExecutor.java:624)
	at java.lang.Thread.run(Thread.java:748)
Heap
 def new generation   total 153600K, used 39601K [0x00000000e0c00000, 0x00000000eb2a0000, 0x00000000eb2a0000)
  eden space 136576K,  28% used [0x00000000e0c00000, 0x00000000e3229ae8, 0x00000000e9160000)
  from space 17024K,   3% used [0x00000000e9160000, 0x00000000e91e2cc8, 0x00000000ea200000)
  to   space 17024K,   0% used [0x00000000ea200000, 0x00000000ea200000, 0x00000000eb2a0000)
 tenured generation   total 341376K, used 44243K [0x00000000eb2a0000, 0x0000000100000000, 0x0000000100000000)
   the space 341376K,  12% used [0x00000000eb2a0000, 0x00000000eddd4fc8, 0x00000000eddd5000, 0x0000000100000000)
 Metaspace       used 36270K, capacity 37172K, committed 37376K, reserved 1081344K
  class space    used 4864K, capacity 5072K, committed 5120K, reserved 1048576K
