17:51:53,634 |-INFO in ch.qos.logback.classic.LoggerContext[default] - Could NOT find resource [logback-test.xml]
17:51:53,634 |-INFO in ch.qos.logback.classic.LoggerContext[default] - Could NOT find resource [logback.groovy]
17:51:53,634 |-INFO in ch.qos.logback.classic.LoggerContext[default] - Found resource [logback.xml] at [jar:file:/root/flamestream/lib/flamestream-runtime-1.0-SNAPSHOT.jar!/logback.xml]
17:51:53,634 |-WARN in ch.qos.logback.classic.LoggerContext[default] - Resource [logback.xml] occurs multiple times on the classpath.
17:51:53,635 |-WARN in ch.qos.logback.classic.LoggerContext[default] - Resource [logback.xml] occurs at [jar:file:/root/flamestream/lib/flamestream-runtime-1.0-SNAPSHOT.jar!/logback.xml]
17:51:53,635 |-WARN in ch.qos.logback.classic.LoggerContext[default] - Resource [logback.xml] occurs at [jar:file:/root/flamestream/flamestream-runtime-1.0-SNAPSHOT.jar!/logback.xml]
17:51:53,659 |-INFO in ch.qos.logback.core.joran.spi.ConfigurationWatchList@3fb6a447 - URL [jar:file:/root/flamestream/lib/flamestream-runtime-1.0-SNAPSHOT.jar!/logback.xml] is not of type file
17:51:53,725 |-INFO in ch.qos.logback.classic.joran.action.ConfigurationAction - debug attribute not set
17:51:53,726 |-INFO in ch.qos.logback.core.joran.action.AppenderAction - About to instantiate appender of type [ch.qos.logback.core.ConsoleAppender]
17:51:53,744 |-INFO in ch.qos.logback.core.joran.action.AppenderAction - Naming appender as [STDOUT]
17:51:53,761 |-INFO in ch.qos.logback.core.joran.action.NestedComplexPropertyIA - Assuming default type [ch.qos.logback.classic.encoder.PatternLayoutEncoder] for [encoder] property
17:51:53,850 |-INFO in ch.qos.logback.core.joran.action.AppenderAction - About to instantiate appender of type [ch.qos.logback.core.rolling.RollingFileAppender]
17:51:53,855 |-INFO in ch.qos.logback.core.joran.action.AppenderAction - Naming appender as [FILE]
17:51:53,891 |-INFO in c.q.l.core.rolling.TimeBasedRollingPolicy@127618319 - No compression will be used
17:51:53,892 |-INFO in c.q.l.core.rolling.TimeBasedRollingPolicy@127618319 - Will use the pattern /tmp/application_%d{yyyy-MM-dd}.%i.log for the active file
17:51:53,895 |-INFO in ch.qos.logback.core.rolling.SizeAndTimeBasedFNATP@6b2fad11 - The date pattern is 'yyyy-MM-dd' from file name pattern '/tmp/application_%d{yyyy-MM-dd}.%i.log'.
17:51:53,895 |-INFO in ch.qos.logback.core.rolling.SizeAndTimeBasedFNATP@6b2fad11 - Roll-over at midnight.
17:51:53,900 |-INFO in ch.qos.logback.core.rolling.SizeAndTimeBasedFNATP@6b2fad11 - Setting initial period to Mon Jun 10 17:50:43 UTC 2019
17:51:53,900 |-WARN in ch.qos.logback.core.rolling.SizeAndTimeBasedFNATP@6b2fad11 - SizeAndTimeBasedFNATP is deprecated. Use SizeAndTimeBasedRollingPolicy instead
17:51:53,900 |-WARN in ch.qos.logback.core.rolling.SizeAndTimeBasedFNATP@6b2fad11 - For more information see http://logback.qos.ch/manual/appenders.html#SizeAndTimeBasedRollingPolicy
17:51:53,904 |-INFO in ch.qos.logback.core.joran.action.NestedComplexPropertyIA - Assuming default type [ch.qos.logback.classic.encoder.PatternLayoutEncoder] for [encoder] property
17:51:53,909 |-INFO in ch.qos.logback.core.rolling.RollingFileAppender[FILE] - Active log file name: /tmp/application.log
17:51:53,909 |-INFO in ch.qos.logback.core.rolling.RollingFileAppender[FILE] - File property is set to [/tmp/application.log]
17:51:53,910 |-INFO in ch.qos.logback.classic.joran.action.RootLoggerAction - Setting level of ROOT logger to WARN
17:51:53,910 |-INFO in ch.qos.logback.core.joran.action.AppenderRefAction - Attaching appender named [STDOUT] to Logger[ROOT]
17:51:53,912 |-INFO in ch.qos.logback.core.joran.action.AppenderRefAction - Attaching appender named [FILE] to Logger[ROOT]
17:51:53,912 |-INFO in ch.qos.logback.classic.joran.action.ConfigurationAction - End of configuration.
17:51:53,912 |-INFO in ch.qos.logback.classic.joran.JoranConfigurator@79698539 - Registering current configuration as safe fallback point

Ama winner
Ama winner
2019-06-10T17:51:55.172+0000: 1.722: [Full GC (Metadata GC Threshold) 2019-06-10T17:51:55.172+0000: 1.722: [Tenured: 0K->15241K(341376K), 0.0398270 secs] 114987K->15241K(494976K), [Metaspace: 20732K->20732K(1067008K)], 0.0398950 secs] [Times: user=0.03 sys=0.01, real=0.04 secs] 
17:52:13.823 [Curator-PathChildrenCache-2] WARN  o.a.c.u.ZKPaths  - The version of ZooKeeper being used doesn't support Container nodes. CreateMode.PERSISTENT will be used instead.
2019-06-10T17:52:16.282+0000: 22.832: [GC (Allocation Failure) 2019-06-10T17:52:16.282+0000: 22.832: [DefNew: 117854K->17023K(153600K), 0.0183474 secs] 133095K->33268K(494976K), 0.0184194 secs] [Times: user=0.02 sys=0.01, real=0.02 secs] 
2019-06-10T17:52:16.699+0000: 23.249: [Full GC (Metadata GC Threshold) 2019-06-10T17:52:16.699+0000: 23.249: [Tenured: 16244K->44776K(341376K), 0.0454517 secs] 69191K->44776K(494976K), [Metaspace: 34599K->34599K(1079296K)], 0.0455311 secs] [Times: user=0.04 sys=0.01, real=0.04 secs] 
2019-06-10T17:52:20.714+0000: 27.264: [GC (Allocation Failure) 2019-06-10T17:52:20.714+0000: 27.264: [DefNew: 136576K->172K(153600K), 0.0022963 secs] 181352K->44949K(494976K), 0.0023550 secs] [Times: user=0.00 sys=0.00, real=0.00 secs] 
2019-06-10T17:52:24.585+0000: 31.135: [GC (Allocation Failure) 2019-06-10T17:52:24.585+0000: 31.135: [DefNew: 136748K->172K(153600K), 0.0019553 secs] 181525K->44949K(494976K), 0.0020147 secs] [Times: user=0.00 sys=0.00, real=0.00 secs] 
2019-06-10T17:52:28.434+0000: 34.984: [GC (Allocation Failure) 2019-06-10T17:52:28.434+0000: 34.984: [DefNew: 136748K->182K(153600K), 0.0020793 secs] 181525K->44958K(494976K), 0.0021461 secs] [Times: user=0.00 sys=0.00, real=0.00 secs] 
2019-06-10T17:52:32.321+0000: 38.871: [GC (Allocation Failure) 2019-06-10T17:52:32.321+0000: 38.871: [DefNew: 136758K->177K(153600K), 0.0020224 secs] 181534K->44954K(494976K), 0.0020830 secs] [Times: user=0.00 sys=0.00, real=0.00 secs] 
2019-06-10T17:52:36.164+0000: 42.714: [GC (Allocation Failure) 2019-06-10T17:52:36.164+0000: 42.714: [DefNew: 136753K->189K(153600K), 0.0020559 secs] 181530K->44965K(494976K), 0.0021156 secs] [Times: user=0.01 sys=0.00, real=0.00 secs] 
2019-06-10T17:52:40.071+0000: 46.621: [GC (Allocation Failure) 2019-06-10T17:52:40.071+0000: 46.621: [DefNew: 136765K->187K(153600K), 0.0020661 secs] 181541K->44964K(494976K), 0.0021391 secs] [Times: user=0.00 sys=0.00, real=0.00 secs] 
2019-06-10T17:52:43.898+0000: 50.448: [GC (Allocation Failure) 2019-06-10T17:52:43.898+0000: 50.448: [DefNew: 136763K->186K(153600K), 0.0020571 secs] 181540K->44963K(494976K), 0.0021150 secs] [Times: user=0.01 sys=0.00, real=0.01 secs] 
2019-06-10T17:52:47.718+0000: 54.268: [GC (Allocation Failure) 2019-06-10T17:52:47.718+0000: 54.268: [DefNew: 136762K->184K(153600K), 0.0021198 secs] 181539K->44960K(494976K), 0.0021829 secs] [Times: user=0.00 sys=0.00, real=0.01 secs] 
17:52:54.606 [Curator-PathChildrenCache-0] ERROR o.a.c.f.r.c.PathChildrenCache  - 
java.lang.IllegalStateException: instance must be started before calling this method
	at org.apache.curator.shaded.com.google.common.base.Preconditions.checkState(Preconditions.java:444)
	at org.apache.curator.framework.imps.CuratorFrameworkImpl.getChildren(CuratorFrameworkImpl.java:456)
	at org.apache.curator.framework.recipes.cache.PathChildrenCache.refresh(PathChildrenCache.java:521)
	at org.apache.curator.framework.recipes.cache.RefreshOperation.invoke(RefreshOperation.java:35)
	at org.apache.curator.framework.recipes.cache.PathChildrenCache$9.run(PathChildrenCache.java:786)
	at java.util.concurrent.Executors$RunnableAdapter.call(Executors.java:511)
	at java.util.concurrent.FutureTask.run(FutureTask.java:266)
	at java.util.concurrent.Executors$RunnableAdapter.call(Executors.java:511)
	at java.util.concurrent.FutureTask.run(FutureTask.java:266)
	at java.util.concurrent.ThreadPoolExecutor.runWorker(ThreadPoolExecutor.java:1149)
	at java.util.concurrent.ThreadPoolExecutor$Worker.run(ThreadPoolExecutor.java:624)
	at java.lang.Thread.run(Thread.java:748)
Heap
 def new generation   total 153600K, used 108384K [0x00000000e0c00000, 0x00000000eb2a0000, 0x00000000eb2a0000)
  eden space 136576K,  79% used [0x00000000e0c00000, 0x00000000e75a9fe0, 0x00000000e9160000)
  from space 17024K,   1% used [0x00000000ea200000, 0x00000000ea22e068, 0x00000000eb2a0000)
  to   space 17024K,   0% used [0x00000000e9160000, 0x00000000e9160000, 0x00000000ea200000)
 tenured generation   total 341376K, used 44776K [0x00000000eb2a0000, 0x0000000100000000, 0x0000000100000000)
   the space 341376K,  13% used [0x00000000eb2a0000, 0x00000000ede5a2d8, 0x00000000ede5a400, 0x0000000100000000)
 Metaspace       used 36160K, capacity 37160K, committed 37376K, reserved 1081344K
  class space    used 4868K, capacity 5092K, committed 5120K, reserved 1048576K
