03:59:11,830 |-INFO in ch.qos.logback.classic.LoggerContext[default] - Could NOT find resource [logback-test.xml]
03:59:11,830 |-INFO in ch.qos.logback.classic.LoggerContext[default] - Could NOT find resource [logback.groovy]
03:59:11,831 |-INFO in ch.qos.logback.classic.LoggerContext[default] - Found resource [logback.xml] at [jar:file:/home/nikitasokolov/flamestream/lib/flamestream-runtime-1.0-SNAPSHOT.jar!/logback.xml]
03:59:11,831 |-WARN in ch.qos.logback.classic.LoggerContext[default] - Resource [logback.xml] occurs multiple times on the classpath.
03:59:11,831 |-WARN in ch.qos.logback.classic.LoggerContext[default] - Resource [logback.xml] occurs at [jar:file:/home/nikitasokolov/flamestream/lib/flamestream-runtime-1.0-SNAPSHOT.jar!/logback.xml]
03:59:11,831 |-WARN in ch.qos.logback.classic.LoggerContext[default] - Resource [logback.xml] occurs at [jar:file:/home/nikitasokolov/flamestream/flamestream-runtime-1.0-SNAPSHOT.jar!/logback.xml]
03:59:11,847 |-INFO in ch.qos.logback.core.joran.spi.ConfigurationWatchList@6108b2d7 - URL [jar:file:/home/nikitasokolov/flamestream/lib/flamestream-runtime-1.0-SNAPSHOT.jar!/logback.xml] is not of type file
03:59:11,899 |-INFO in ch.qos.logback.classic.joran.action.ConfigurationAction - debug attribute not set
03:59:11,900 |-INFO in ch.qos.logback.core.joran.action.AppenderAction - About to instantiate appender of type [ch.qos.logback.core.ConsoleAppender]
03:59:11,911 |-INFO in ch.qos.logback.core.joran.action.AppenderAction - Naming appender as [STDOUT]
03:59:11,920 |-INFO in ch.qos.logback.core.joran.action.NestedComplexPropertyIA - Assuming default type [ch.qos.logback.classic.encoder.PatternLayoutEncoder] for [encoder] property
03:59:11,973 |-INFO in ch.qos.logback.core.joran.action.AppenderAction - About to instantiate appender of type [ch.qos.logback.core.rolling.RollingFileAppender]
03:59:11,977 |-INFO in ch.qos.logback.core.joran.action.AppenderAction - Naming appender as [FILE]
03:59:11,999 |-INFO in c.q.l.core.rolling.TimeBasedRollingPolicy@357863579 - No compression will be used
03:59:12,001 |-INFO in c.q.l.core.rolling.TimeBasedRollingPolicy@357863579 - Will use the pattern /tmp/application_%d{yyyy-MM-dd}.%i.log for the active file
03:59:12,005 |-INFO in ch.qos.logback.core.rolling.SizeAndTimeBasedFNATP@6bf256fa - The date pattern is 'yyyy-MM-dd' from file name pattern '/tmp/application_%d{yyyy-MM-dd}.%i.log'.
03:59:12,005 |-INFO in ch.qos.logback.core.rolling.SizeAndTimeBasedFNATP@6bf256fa - Roll-over at midnight.
03:59:12,010 |-INFO in ch.qos.logback.core.rolling.SizeAndTimeBasedFNATP@6bf256fa - Setting initial period to Sun Jun 09 03:58:32 MSK 2019
03:59:12,010 |-WARN in ch.qos.logback.core.rolling.SizeAndTimeBasedFNATP@6bf256fa - SizeAndTimeBasedFNATP is deprecated. Use SizeAndTimeBasedRollingPolicy instead
03:59:12,010 |-WARN in ch.qos.logback.core.rolling.SizeAndTimeBasedFNATP@6bf256fa - For more information see http://logback.qos.ch/manual/appenders.html#SizeAndTimeBasedRollingPolicy
03:59:12,015 |-INFO in ch.qos.logback.core.joran.action.NestedComplexPropertyIA - Assuming default type [ch.qos.logback.classic.encoder.PatternLayoutEncoder] for [encoder] property
03:59:12,018 |-INFO in ch.qos.logback.core.rolling.RollingFileAppender[FILE] - Active log file name: /tmp/application.log
03:59:12,018 |-INFO in ch.qos.logback.core.rolling.RollingFileAppender[FILE] - File property is set to [/tmp/application.log]
03:59:12,019 |-INFO in ch.qos.logback.classic.joran.action.RootLoggerAction - Setting level of ROOT logger to WARN
03:59:12,019 |-INFO in ch.qos.logback.core.joran.action.AppenderRefAction - Attaching appender named [STDOUT] to Logger[ROOT]
03:59:12,019 |-INFO in ch.qos.logback.core.joran.action.AppenderRefAction - Attaching appender named [FILE] to Logger[ROOT]
03:59:12,020 |-INFO in ch.qos.logback.classic.joran.action.ConfigurationAction - End of configuration.
03:59:12,020 |-INFO in ch.qos.logback.classic.joran.JoranConfigurator@6cd8737 - Registering current configuration as safe fallback point

2019-06-09T03:59:13.004+0300: 1.372: [GC (Metadata GC Threshold) [PSYoungGen: 110722K->15833K(149504K)] 110722K->15913K(491008K), 0.0207265 secs] [Times: user=0.07 sys=0.04, real=0.02 secs] 
2019-06-09T03:59:13.025+0300: 1.392: [Full GC (Metadata GC Threshold) [PSYoungGen: 15833K->0K(149504K)] [ParOldGen: 80K->15078K(341504K)] 15913K->15078K(491008K), [Metaspace: 20800K->20800K(1067008K)], 0.0288665 secs] [Times: user=0.18 sys=0.00, real=0.03 secs] 
03:59:24.797 [Curator-PathChildrenCache-1] WARN  o.a.c.u.ZKPaths  - The version of ZooKeeper being used doesn't support Container nodes. CreateMode.PERSISTENT will be used instead.
2019-06-09T03:59:25.653+0300: 14.021: [GC (Metadata GC Threshold) [PSYoungGen: 124722K->15910K(149504K)] 139801K->50527K(491008K), 0.0279843 secs] [Times: user=0.23 sys=0.02, real=0.03 secs] 
2019-06-09T03:59:25.682+0300: 14.049: [Full GC (Metadata GC Threshold) [PSYoungGen: 15910K->0K(149504K)] [ParOldGen: 34617K->38881K(341504K)] 50527K->38881K(491008K), [Metaspace: 34567K->34567K(1079296K)], 0.0504653 secs] [Times: user=0.36 sys=0.00, real=0.05 secs] 
2019-06-09T03:59:27.278+0300: 15.645: [GC (Allocation Failure) [PSYoungGen: 128512K->576K(149504K)] 167393K->39465K(491008K), 0.0029233 secs] [Times: user=0.01 sys=0.00, real=0.00 secs] 
2019-06-09T03:59:28.392+0300: 16.759: [GC (Allocation Failure) [PSYoungGen: 129088K->672K(149504K)] 167977K->39569K(491008K), 0.0029012 secs] [Times: user=0.01 sys=0.01, real=0.00 secs] 
2019-06-09T03:59:29.706+0300: 18.074: [GC (Allocation Failure) [PSYoungGen: 129184K->608K(129536K)] 168081K->39513K(471040K), 0.0044841 secs] [Times: user=0.03 sys=0.01, real=0.01 secs] 
2019-06-09T03:59:30.791+0300: 19.159: [GC (Allocation Failure) [PSYoungGen: 129120K->704K(150016K)] 168025K->39617K(491520K), 0.0039848 secs] [Times: user=0.02 sys=0.01, real=0.00 secs] 
2019-06-09T03:59:31.766+0300: 20.134: [GC (Allocation Failure) [PSYoungGen: 129216K->640K(148992K)] 168129K->39561K(490496K), 0.0029518 secs] [Times: user=0.01 sys=0.00, real=0.00 secs] 
2019-06-09T03:59:32.747+0300: 21.115: [GC (Allocation Failure) [PSYoungGen: 129152K->704K(151552K)] 168073K->39625K(493056K), 0.0027943 secs] [Times: user=0.02 sys=0.00, real=0.01 secs] 
2019-06-09T03:59:33.461+0300: 21.829: [GC (Allocation Failure) [PSYoungGen: 132800K->992K(151040K)] 171721K->39913K(492544K), 0.0044209 secs] [Times: user=0.03 sys=0.01, real=0.00 secs] 
2019-06-09T03:59:34.969+0300: 23.337: [GC (Allocation Failure) [PSYoungGen: 133088K->736K(153600K)] 172009K->39657K(495104K), 0.0034669 secs] [Times: user=0.01 sys=0.01, real=0.01 secs] 
2019-06-09T03:59:35.890+0300: 24.258: [GC (Allocation Failure) [PSYoungGen: 136416K->1216K(152576K)] 175337K->40145K(494080K), 0.0666768 secs] [Times: user=0.01 sys=0.01, real=0.06 secs] 
2019-06-09T03:59:37.024+0300: 25.391: [GC (Allocation Failure) [PSYoungGen: 136896K->800K(155136K)] 175825K->39729K(496640K), 0.0035238 secs] [Times: user=0.01 sys=0.00, real=0.00 secs] 
2019-06-09T03:59:38.066+0300: 26.433: [GC (Allocation Failure) [PSYoungGen: 139552K->1312K(154112K)] 178481K->40241K(495616K), 0.0031123 secs] [Times: user=0.01 sys=0.00, real=0.00 secs] 
2019-06-09T03:59:39.638+0300: 28.006: [GC (Allocation Failure) [PSYoungGen: 140064K->768K(156672K)] 178993K->39705K(498176K), 0.0032878 secs] [Times: user=0.02 sys=0.00, real=0.00 secs] 
2019-06-09T03:59:40.689+0300: 29.057: [GC (Allocation Failure) [PSYoungGen: 142592K->768K(155648K)] 181529K->39705K(497152K), 0.0035362 secs] [Times: user=0.01 sys=0.00, real=0.01 secs] 
2019-06-09T03:59:42.191+0300: 30.558: [GC (Allocation Failure) [PSYoungGen: 142592K->800K(158208K)] 181529K->39737K(499712K), 0.0033273 secs] [Times: user=0.01 sys=0.00, real=0.00 secs] 
2019-06-09T03:59:43.480+0300: 31.848: [GC (Allocation Failure) [PSYoungGen: 145696K->832K(157184K)] 184633K->39769K(498688K), 0.0026932 secs] [Times: user=0.01 sys=0.00, real=0.00 secs] 
2019-06-09T03:59:45.348+0300: 33.715: [GC (Allocation Failure) [PSYoungGen: 145728K->544K(159232K)] 184665K->39737K(500736K), 0.0030214 secs] [Times: user=0.01 sys=0.00, real=0.01 secs] 
03:59:53.278 [Curator-PathChildrenCache-0] ERROR o.a.c.f.r.c.PathChildrenCache  - 
java.lang.IllegalStateException: instance must be started before calling this method
	at org.apache.curator.shaded.com.google.common.base.Preconditions.checkState(Preconditions.java:444)
	at org.apache.curator.framework.imps.CuratorFrameworkImpl.getChildren(CuratorFrameworkImpl.java:456)
	at org.apache.curator.framework.recipes.cache.PathChildrenCache.refresh(PathChildrenCache.java:521)
	at org.apache.curator.framework.recipes.cache.RefreshOperation.invoke(RefreshOperation.java:35)
	at org.apache.curator.framework.recipes.cache.PathChildrenCache$9.run(PathChildrenCache.java:786)
	at java.util.concurrent.Executors$RunnableAdapter.call(Executors.java:511)
	at java.util.concurrent.FutureTask.run(FutureTask.java:266)
	at java.util.concurrent.Executors$RunnableAdapter.call(Executors.java:511)
	at java.util.concurrent.FutureTask.run(FutureTask.java:266)
	at java.util.concurrent.ThreadPoolExecutor.runWorker(ThreadPoolExecutor.java:1149)
	at java.util.concurrent.ThreadPoolExecutor$Worker.run(ThreadPoolExecutor.java:624)
	at java.lang.Thread.run(Thread.java:748)
Heap
 PSYoungGen      total 159232K, used 73324K [0x00000000f5980000, 0x0000000100000000, 0x0000000100000000)
  eden space 147456K, 49% used [0x00000000f5980000,0x00000000fa093268,0x00000000fe980000)
  from space 11776K, 4% used [0x00000000ff480000,0x00000000ff508000,0x0000000100000000)
  to   space 11264K, 0% used [0x00000000fe980000,0x00000000fe980000,0x00000000ff480000)
 ParOldGen       total 341504K, used 39193K [0x00000000e0c00000, 0x00000000f5980000, 0x00000000f5980000)
  object space 341504K, 11% used [0x00000000e0c00000,0x00000000e3246728,0x00000000f5980000)
 Metaspace       used 35777K, capacity 36622K, committed 36952K, reserved 1081344K
  class space    used 4935K, capacity 5129K, committed 5248K, reserved 1048576K
