07:14:57,846 |-INFO in ch.qos.logback.classic.LoggerContext[default] - Could NOT find resource [logback-test.xml]
07:14:57,846 |-INFO in ch.qos.logback.classic.LoggerContext[default] - Could NOT find resource [logback.groovy]
07:14:57,847 |-INFO in ch.qos.logback.classic.LoggerContext[default] - Found resource [logback.xml] at [jar:file:/home/nikitasokolov/flamestream/lib/flamestream-runtime-1.0-SNAPSHOT.jar!/logback.xml]
07:14:57,847 |-WARN in ch.qos.logback.classic.LoggerContext[default] - Resource [logback.xml] occurs multiple times on the classpath.
07:14:57,847 |-WARN in ch.qos.logback.classic.LoggerContext[default] - Resource [logback.xml] occurs at [jar:file:/home/nikitasokolov/flamestream/lib/flamestream-runtime-1.0-SNAPSHOT.jar!/logback.xml]
07:14:57,847 |-WARN in ch.qos.logback.classic.LoggerContext[default] - Resource [logback.xml] occurs at [jar:file:/home/nikitasokolov/flamestream/flamestream-runtime-1.0-SNAPSHOT.jar!/logback.xml]
07:14:57,863 |-INFO in ch.qos.logback.core.joran.spi.ConfigurationWatchList@6108b2d7 - URL [jar:file:/home/nikitasokolov/flamestream/lib/flamestream-runtime-1.0-SNAPSHOT.jar!/logback.xml] is not of type file
07:14:57,913 |-INFO in ch.qos.logback.classic.joran.action.ConfigurationAction - debug attribute not set
07:14:57,913 |-INFO in ch.qos.logback.core.joran.action.AppenderAction - About to instantiate appender of type [ch.qos.logback.core.ConsoleAppender]
07:14:57,921 |-INFO in ch.qos.logback.core.joran.action.AppenderAction - Naming appender as [STDOUT]
07:14:57,929 |-INFO in ch.qos.logback.core.joran.action.NestedComplexPropertyIA - Assuming default type [ch.qos.logback.classic.encoder.PatternLayoutEncoder] for [encoder] property
07:14:57,988 |-INFO in ch.qos.logback.core.joran.action.AppenderAction - About to instantiate appender of type [ch.qos.logback.core.rolling.RollingFileAppender]
07:14:57,994 |-INFO in ch.qos.logback.core.joran.action.AppenderAction - Naming appender as [FILE]
07:14:58,015 |-INFO in c.q.l.core.rolling.TimeBasedRollingPolicy@357863579 - No compression will be used
07:14:58,017 |-INFO in c.q.l.core.rolling.TimeBasedRollingPolicy@357863579 - Will use the pattern /tmp/application_%d{yyyy-MM-dd}.%i.log for the active file
07:14:58,019 |-INFO in ch.qos.logback.core.rolling.SizeAndTimeBasedFNATP@6bf256fa - The date pattern is 'yyyy-MM-dd' from file name pattern '/tmp/application_%d{yyyy-MM-dd}.%i.log'.
07:14:58,019 |-INFO in ch.qos.logback.core.rolling.SizeAndTimeBasedFNATP@6bf256fa - Roll-over at midnight.
07:14:58,024 |-INFO in ch.qos.logback.core.rolling.SizeAndTimeBasedFNATP@6bf256fa - Setting initial period to Sun Jun 09 07:14:14 MSK 2019
07:14:58,024 |-WARN in ch.qos.logback.core.rolling.SizeAndTimeBasedFNATP@6bf256fa - SizeAndTimeBasedFNATP is deprecated. Use SizeAndTimeBasedRollingPolicy instead
07:14:58,024 |-WARN in ch.qos.logback.core.rolling.SizeAndTimeBasedFNATP@6bf256fa - For more information see http://logback.qos.ch/manual/appenders.html#SizeAndTimeBasedRollingPolicy
07:14:58,028 |-INFO in ch.qos.logback.core.joran.action.NestedComplexPropertyIA - Assuming default type [ch.qos.logback.classic.encoder.PatternLayoutEncoder] for [encoder] property
07:14:58,030 |-INFO in ch.qos.logback.core.rolling.RollingFileAppender[FILE] - Active log file name: /tmp/application.log
07:14:58,030 |-INFO in ch.qos.logback.core.rolling.RollingFileAppender[FILE] - File property is set to [/tmp/application.log]
07:14:58,031 |-INFO in ch.qos.logback.classic.joran.action.RootLoggerAction - Setting level of ROOT logger to WARN
07:14:58,031 |-INFO in ch.qos.logback.core.joran.action.AppenderRefAction - Attaching appender named [STDOUT] to Logger[ROOT]
07:14:58,032 |-INFO in ch.qos.logback.core.joran.action.AppenderRefAction - Attaching appender named [FILE] to Logger[ROOT]
07:14:58,032 |-INFO in ch.qos.logback.classic.joran.action.ConfigurationAction - End of configuration.
07:14:58,033 |-INFO in ch.qos.logback.classic.joran.JoranConfigurator@6cd8737 - Registering current configuration as safe fallback point

2019-06-09T07:14:59.005+0300: 1.360: [GC (Metadata GC Threshold) [PSYoungGen: 110721K->16076K(149504K)] 110721K->16156K(491008K), 0.0196416 secs] [Times: user=0.06 sys=0.03, real=0.02 secs] 
2019-06-09T07:14:59.024+0300: 1.379: [Full GC (Metadata GC Threshold) [PSYoungGen: 16076K->0K(149504K)] [ParOldGen: 80K->15078K(341504K)] 16156K->15078K(491008K), [Metaspace: 20800K->20800K(1067008K)], 0.0278758 secs] [Times: user=0.21 sys=0.01, real=0.03 secs] 
07:15:11.356 [Curator-PathChildrenCache-2] WARN  o.a.c.u.ZKPaths  - The version of ZooKeeper being used doesn't support Container nodes. CreateMode.PERSISTENT will be used instead.
2019-06-09T07:15:12.120+0300: 14.475: [GC (Metadata GC Threshold) [PSYoungGen: 127386K->16737K(149504K)] 142465K->51354K(491008K), 0.0278999 secs] [Times: user=0.23 sys=0.00, real=0.02 secs] 
2019-06-09T07:15:12.148+0300: 14.503: [Full GC (Metadata GC Threshold) [PSYoungGen: 16737K->0K(149504K)] [ParOldGen: 34617K->39792K(341504K)] 51354K->39792K(491008K), [Metaspace: 34497K->34492K(1079296K)], 0.0538945 secs] [Times: user=0.34 sys=0.02, real=0.06 secs] 
2019-06-09T07:15:14.494+0300: 16.849: [GC (Allocation Failure) [PSYoungGen: 128512K->640K(149504K)] 168304K->40440K(491008K), 0.0034485 secs] [Times: user=0.01 sys=0.00, real=0.00 secs] 
2019-06-09T07:15:16.680+0300: 19.035: [GC (Allocation Failure) [PSYoungGen: 129152K->640K(149504K)] 168952K->40448K(491008K), 0.0036569 secs] [Times: user=0.02 sys=0.00, real=0.00 secs] 
2019-06-09T07:15:18.232+0300: 20.587: [GC (Allocation Failure) [PSYoungGen: 129152K->704K(129536K)] 168960K->40512K(471040K), 0.0047065 secs] [Times: user=0.03 sys=0.00, real=0.00 secs] 
2019-06-09T07:15:20.216+0300: 22.571: [GC (Allocation Failure) [PSYoungGen: 129216K->608K(148992K)] 169024K->40416K(490496K), 0.0037413 secs] [Times: user=0.02 sys=0.00, real=0.01 secs] 
2019-06-09T07:15:22.038+0300: 24.393: [GC (Allocation Failure) [PSYoungGen: 127584K->864K(148480K)] 167392K->40680K(489984K), 0.0070990 secs] [Times: user=0.06 sys=0.00, real=0.00 secs] 
2019-06-09T07:15:23.562+0300: 25.917: [GC (Allocation Failure) [PSYoungGen: 127840K->864K(151040K)] 167656K->40688K(492544K), 0.0045795 secs] [Times: user=0.02 sys=0.01, real=0.00 secs] 
2019-06-09T07:15:25.380+0300: 27.735: [GC (Allocation Failure) [PSYoungGen: 131424K->960K(150016K)] 171248K->40792K(491520K), 0.0030071 secs] [Times: user=0.01 sys=0.00, real=0.00 secs] 
2019-06-09T07:15:26.725+0300: 29.080: [GC (Allocation Failure) [PSYoungGen: 131520K->896K(152576K)] 171352K->40736K(494080K), 0.0039324 secs] [Times: user=0.02 sys=0.00, real=0.00 secs] 
2019-06-09T07:15:28.178+0300: 30.533: [GC (Allocation Failure) [PSYoungGen: 135040K->864K(152064K)] 174880K->40704K(493568K), 0.0027169 secs] [Times: user=0.01 sys=0.00, real=0.00 secs] 
2019-06-09T07:15:29.745+0300: 32.100: [GC (Allocation Failure) [PSYoungGen: 135008K->896K(154624K)] 174848K->40736K(496128K), 0.0035151 secs] [Times: user=0.01 sys=0.01, real=0.00 secs] 
2019-06-09T07:15:32.022+0300: 34.377: [GC (Allocation Failure) [PSYoungGen: 138624K->1120K(153600K)] 178464K->40968K(495104K), 0.0026857 secs] [Times: user=0.01 sys=0.01, real=0.00 secs] 
2019-06-09T07:15:33.405+0300: 35.760: [GC (Allocation Failure) [PSYoungGen: 138848K->928K(156160K)] 178696K->40784K(497664K), 0.0032219 secs] [Times: user=0.00 sys=0.02, real=0.00 secs] 
2019-06-09T07:15:35.305+0300: 37.660: [GC (Allocation Failure) [PSYoungGen: 141728K->864K(155136K)] 181584K->40720K(496640K), 0.0044039 secs] [Times: user=0.02 sys=0.00, real=0.01 secs] 
07:15:46.304 [Curator-PathChildrenCache-0] ERROR o.a.c.f.r.c.PathChildrenCache  - 
java.lang.IllegalStateException: instance must be started before calling this method
	at org.apache.curator.shaded.com.google.common.base.Preconditions.checkState(Preconditions.java:444)
	at org.apache.curator.framework.imps.CuratorFrameworkImpl.getChildren(CuratorFrameworkImpl.java:456)
	at org.apache.curator.framework.recipes.cache.PathChildrenCache.refresh(PathChildrenCache.java:521)
	at org.apache.curator.framework.recipes.cache.RefreshOperation.invoke(RefreshOperation.java:35)
	at org.apache.curator.framework.recipes.cache.PathChildrenCache$9.run(PathChildrenCache.java:786)
	at java.util.concurrent.Executors$RunnableAdapter.call(Executors.java:511)
	at java.util.concurrent.FutureTask.run(FutureTask.java:266)
	at java.util.concurrent.Executors$RunnableAdapter.call(Executors.java:511)
	at java.util.concurrent.FutureTask.run(FutureTask.java:266)
	at java.util.concurrent.ThreadPoolExecutor.runWorker(ThreadPoolExecutor.java:1149)
	at java.util.concurrent.ThreadPoolExecutor$Worker.run(ThreadPoolExecutor.java:624)
	at java.lang.Thread.run(Thread.java:748)
Heap
 PSYoungGen      total 155136K, used 120730K [0x00000000f5980000, 0x0000000100000000, 0x0000000100000000)
  eden space 140800K, 85% used [0x00000000f5980000,0x00000000fce8eb58,0x00000000fe300000)
  from space 14336K, 6% used [0x00000000fe300000,0x00000000fe3d8090,0x00000000ff100000)
  to   space 13824K, 0% used [0x00000000ff280000,0x00000000ff280000,0x0000000100000000)
 ParOldGen       total 341504K, used 39856K [0x00000000e0c00000, 0x00000000f5980000, 0x00000000f5980000)
  object space 341504K, 11% used [0x00000000e0c00000,0x00000000e32ec058,0x00000000f5980000)
 Metaspace       used 35961K, capacity 36922K, committed 37208K, reserved 1081344K
  class space    used 4972K, capacity 5187K, committed 5248K, reserved 1048576K
