17:05:46,991 |-INFO in ch.qos.logback.classic.LoggerContext[default] - Could NOT find resource [logback-test.xml]
17:05:46,991 |-INFO in ch.qos.logback.classic.LoggerContext[default] - Could NOT find resource [logback.groovy]
17:05:46,991 |-INFO in ch.qos.logback.classic.LoggerContext[default] - Found resource [logback.xml] at [jar:file:/root/flamestream/lib/flamestream-runtime-1.0-SNAPSHOT.jar!/logback.xml]
17:05:46,992 |-WARN in ch.qos.logback.classic.LoggerContext[default] - Resource [logback.xml] occurs multiple times on the classpath.
17:05:46,992 |-WARN in ch.qos.logback.classic.LoggerContext[default] - Resource [logback.xml] occurs at [jar:file:/root/flamestream/lib/flamestream-runtime-1.0-SNAPSHOT.jar!/logback.xml]
17:05:46,992 |-WARN in ch.qos.logback.classic.LoggerContext[default] - Resource [logback.xml] occurs at [jar:file:/root/flamestream/flamestream-runtime-1.0-SNAPSHOT.jar!/logback.xml]
17:05:47,012 |-INFO in ch.qos.logback.core.joran.spi.ConfigurationWatchList@3fb6a447 - URL [jar:file:/root/flamestream/lib/flamestream-runtime-1.0-SNAPSHOT.jar!/logback.xml] is not of type file
17:05:47,079 |-INFO in ch.qos.logback.classic.joran.action.ConfigurationAction - debug attribute not set
17:05:47,080 |-INFO in ch.qos.logback.core.joran.action.AppenderAction - About to instantiate appender of type [ch.qos.logback.core.ConsoleAppender]
17:05:47,097 |-INFO in ch.qos.logback.core.joran.action.AppenderAction - Naming appender as [STDOUT]
17:05:47,110 |-INFO in ch.qos.logback.core.joran.action.NestedComplexPropertyIA - Assuming default type [ch.qos.logback.classic.encoder.PatternLayoutEncoder] for [encoder] property
17:05:47,214 |-INFO in ch.qos.logback.core.joran.action.AppenderAction - About to instantiate appender of type [ch.qos.logback.core.rolling.RollingFileAppender]
17:05:47,221 |-INFO in ch.qos.logback.core.joran.action.AppenderAction - Naming appender as [FILE]
17:05:47,255 |-INFO in c.q.l.core.rolling.TimeBasedRollingPolicy@127618319 - No compression will be used
17:05:47,256 |-INFO in c.q.l.core.rolling.TimeBasedRollingPolicy@127618319 - Will use the pattern /tmp/application_%d{yyyy-MM-dd}.%i.log for the active file
17:05:47,259 |-INFO in ch.qos.logback.core.rolling.SizeAndTimeBasedFNATP@6b2fad11 - The date pattern is 'yyyy-MM-dd' from file name pattern '/tmp/application_%d{yyyy-MM-dd}.%i.log'.
17:05:47,259 |-INFO in ch.qos.logback.core.rolling.SizeAndTimeBasedFNATP@6b2fad11 - Roll-over at midnight.
17:05:47,264 |-INFO in ch.qos.logback.core.rolling.SizeAndTimeBasedFNATP@6b2fad11 - Setting initial period to Mon Jun 10 17:04:18 UTC 2019
17:05:47,264 |-WARN in ch.qos.logback.core.rolling.SizeAndTimeBasedFNATP@6b2fad11 - SizeAndTimeBasedFNATP is deprecated. Use SizeAndTimeBasedRollingPolicy instead
17:05:47,264 |-WARN in ch.qos.logback.core.rolling.SizeAndTimeBasedFNATP@6b2fad11 - For more information see http://logback.qos.ch/manual/appenders.html#SizeAndTimeBasedRollingPolicy
17:05:47,269 |-INFO in ch.qos.logback.core.joran.action.NestedComplexPropertyIA - Assuming default type [ch.qos.logback.classic.encoder.PatternLayoutEncoder] for [encoder] property
17:05:47,274 |-INFO in ch.qos.logback.core.rolling.RollingFileAppender[FILE] - Active log file name: /tmp/application.log
17:05:47,274 |-INFO in ch.qos.logback.core.rolling.RollingFileAppender[FILE] - File property is set to [/tmp/application.log]
17:05:47,274 |-INFO in ch.qos.logback.classic.joran.action.RootLoggerAction - Setting level of ROOT logger to WARN
17:05:47,275 |-INFO in ch.qos.logback.core.joran.action.AppenderRefAction - Attaching appender named [STDOUT] to Logger[ROOT]
17:05:47,276 |-INFO in ch.qos.logback.core.joran.action.AppenderRefAction - Attaching appender named [FILE] to Logger[ROOT]
17:05:47,276 |-INFO in ch.qos.logback.classic.joran.action.ConfigurationAction - End of configuration.
17:05:47,277 |-INFO in ch.qos.logback.classic.joran.JoranConfigurator@79698539 - Registering current configuration as safe fallback point

Ama winner
Ama winner
2019-06-10T17:05:48.528+0000: 1.726: [Full GC (Metadata GC Threshold) 2019-06-10T17:05:48.528+0000: 1.726: [Tenured: 0K->15175K(341376K), 0.0345096 secs] 114923K->15175K(494976K), [Metaspace: 20731K->20731K(1067008K)], 0.0345732 secs] [Times: user=0.02 sys=0.01, real=0.03 secs] 
17:06:10.456 [Curator-PathChildrenCache-1] WARN  o.a.c.u.ZKPaths  - The version of ZooKeeper being used doesn't support Container nodes. CreateMode.PERSISTENT will be used instead.
2019-06-10T17:06:12.915+0000: 26.113: [GC (Allocation Failure) 2019-06-10T17:06:12.915+0000: 26.113: [DefNew: 136576K->17024K(153600K), 0.0262964 secs] 151751K->52375K(494976K), 0.0263792 secs] [Times: user=0.02 sys=0.01, real=0.03 secs] 
2019-06-10T17:06:14.837+0000: 28.034: [Full GC (Metadata GC Threshold) 2019-06-10T17:06:14.837+0000: 28.035: [Tenured: 35351K->44037K(341376K), 0.0447368 secs] 95948K->44037K(494976K), [Metaspace: 34602K->34602K(1079296K)], 0.0448072 secs] [Times: user=0.04 sys=0.00, real=0.05 secs] 
2019-06-10T17:06:20.960+0000: 34.158: [GC (Allocation Failure) 2019-06-10T17:06:20.960+0000: 34.158: [DefNew: 136576K->75K(153600K), 0.0019704 secs] 180613K->44113K(494976K), 0.0020365 secs] [Times: user=0.01 sys=0.00, real=0.00 secs] 
2019-06-10T17:06:27.087+0000: 40.284: [GC (Allocation Failure) 2019-06-10T17:06:27.087+0000: 40.284: [DefNew: 136651K->78K(153600K), 0.0017544 secs] 180689K->44115K(494976K), 0.0018088 secs] [Times: user=0.00 sys=0.00, real=0.00 secs] 
2019-06-10T17:06:33.148+0000: 46.346: [GC (Allocation Failure) 2019-06-10T17:06:33.148+0000: 46.346: [DefNew: 136654K->79K(153600K), 0.0019078 secs] 180691K->44116K(494976K), 0.0019659 secs] [Times: user=0.00 sys=0.00, real=0.00 secs] 
2019-06-10T17:06:39.292+0000: 52.490: [GC (Allocation Failure) 2019-06-10T17:06:39.292+0000: 52.490: [DefNew: 136655K->80K(153600K), 0.0018818 secs] 180692K->44117K(494976K), 0.0019387 secs] [Times: user=0.00 sys=0.00, real=0.00 secs] 
2019-06-10T17:06:45.536+0000: 58.734: [GC (Allocation Failure) 2019-06-10T17:06:45.536+0000: 58.734: [DefNew: 136656K->81K(153600K), 0.0019530 secs] 180693K->44118K(494976K), 0.0020104 secs] [Times: user=0.01 sys=0.00, real=0.01 secs] 
17:06:54.684 [Curator-PathChildrenCache-0] ERROR o.a.c.f.r.c.PathChildrenCache  - 
java.lang.IllegalStateException: instance must be started before calling this method
	at org.apache.curator.shaded.com.google.common.base.Preconditions.checkState(Preconditions.java:444)
	at org.apache.curator.framework.imps.CuratorFrameworkImpl.getChildren(CuratorFrameworkImpl.java:456)
	at org.apache.curator.framework.recipes.cache.PathChildrenCache.refresh(PathChildrenCache.java:521)
	at org.apache.curator.framework.recipes.cache.RefreshOperation.invoke(RefreshOperation.java:35)
	at org.apache.curator.framework.recipes.cache.PathChildrenCache$9.run(PathChildrenCache.java:786)
	at java.util.concurrent.Executors$RunnableAdapter.call(Executors.java:511)
	at java.util.concurrent.FutureTask.run(FutureTask.java:266)
	at java.util.concurrent.Executors$RunnableAdapter.call(Executors.java:511)
	at java.util.concurrent.FutureTask.run(FutureTask.java:266)
	at java.util.concurrent.ThreadPoolExecutor.runWorker(ThreadPoolExecutor.java:1149)
	at java.util.concurrent.ThreadPoolExecutor$Worker.run(ThreadPoolExecutor.java:624)
	at java.lang.Thread.run(Thread.java:748)
Heap
 def new generation   total 153600K, used 66278K [0x00000000e0c00000, 0x00000000eb2a0000, 0x00000000eb2a0000)
  eden space 136576K,  48% used [0x00000000e0c00000, 0x00000000e4ca5528, 0x00000000e9160000)
  from space 17024K,   0% used [0x00000000e9160000, 0x00000000e91744c8, 0x00000000ea200000)
  to   space 17024K,   0% used [0x00000000ea200000, 0x00000000ea200000, 0x00000000eb2a0000)
 tenured generation   total 341376K, used 44037K [0x00000000eb2a0000, 0x0000000100000000, 0x0000000100000000)
   the space 341376K,  12% used [0x00000000eb2a0000, 0x00000000edda1668, 0x00000000edda1800, 0x0000000100000000)
 Metaspace       used 36260K, capacity 37132K, committed 37376K, reserved 1081344K
  class space    used 4857K, capacity 5076K, committed 5120K, reserved 1048576K
