04:03:05,766 |-INFO in ch.qos.logback.classic.LoggerContext[default] - Could NOT find resource [logback-test.xml]
04:03:05,767 |-INFO in ch.qos.logback.classic.LoggerContext[default] - Could NOT find resource [logback.groovy]
04:03:05,767 |-INFO in ch.qos.logback.classic.LoggerContext[default] - Found resource [logback.xml] at [jar:file:/home/nikitasokolov/flamestream/lib/flamestream-runtime-1.0-SNAPSHOT.jar!/logback.xml]
04:03:05,767 |-WARN in ch.qos.logback.classic.LoggerContext[default] - Resource [logback.xml] occurs multiple times on the classpath.
04:03:05,768 |-WARN in ch.qos.logback.classic.LoggerContext[default] - Resource [logback.xml] occurs at [jar:file:/home/nikitasokolov/flamestream/lib/flamestream-runtime-1.0-SNAPSHOT.jar!/logback.xml]
04:03:05,768 |-WARN in ch.qos.logback.classic.LoggerContext[default] - Resource [logback.xml] occurs at [jar:file:/home/nikitasokolov/flamestream/flamestream-runtime-1.0-SNAPSHOT.jar!/logback.xml]
04:03:05,783 |-INFO in ch.qos.logback.core.joran.spi.ConfigurationWatchList@6108b2d7 - URL [jar:file:/home/nikitasokolov/flamestream/lib/flamestream-runtime-1.0-SNAPSHOT.jar!/logback.xml] is not of type file
04:03:05,833 |-INFO in ch.qos.logback.classic.joran.action.ConfigurationAction - debug attribute not set
04:03:05,834 |-INFO in ch.qos.logback.core.joran.action.AppenderAction - About to instantiate appender of type [ch.qos.logback.core.ConsoleAppender]
04:03:05,842 |-INFO in ch.qos.logback.core.joran.action.AppenderAction - Naming appender as [STDOUT]
04:03:05,849 |-INFO in ch.qos.logback.core.joran.action.NestedComplexPropertyIA - Assuming default type [ch.qos.logback.classic.encoder.PatternLayoutEncoder] for [encoder] property
04:03:05,902 |-INFO in ch.qos.logback.core.joran.action.AppenderAction - About to instantiate appender of type [ch.qos.logback.core.rolling.RollingFileAppender]
04:03:05,907 |-INFO in ch.qos.logback.core.joran.action.AppenderAction - Naming appender as [FILE]
04:03:05,930 |-INFO in c.q.l.core.rolling.TimeBasedRollingPolicy@357863579 - No compression will be used
04:03:05,931 |-INFO in c.q.l.core.rolling.TimeBasedRollingPolicy@357863579 - Will use the pattern /tmp/application_%d{yyyy-MM-dd}.%i.log for the active file
04:03:05,934 |-INFO in ch.qos.logback.core.rolling.SizeAndTimeBasedFNATP@6bf256fa - The date pattern is 'yyyy-MM-dd' from file name pattern '/tmp/application_%d{yyyy-MM-dd}.%i.log'.
04:03:05,934 |-INFO in ch.qos.logback.core.rolling.SizeAndTimeBasedFNATP@6bf256fa - Roll-over at midnight.
04:03:05,938 |-INFO in ch.qos.logback.core.rolling.SizeAndTimeBasedFNATP@6bf256fa - Setting initial period to Sun Jun 09 04:02:19 MSK 2019
04:03:05,938 |-WARN in ch.qos.logback.core.rolling.SizeAndTimeBasedFNATP@6bf256fa - SizeAndTimeBasedFNATP is deprecated. Use SizeAndTimeBasedRollingPolicy instead
04:03:05,938 |-WARN in ch.qos.logback.core.rolling.SizeAndTimeBasedFNATP@6bf256fa - For more information see http://logback.qos.ch/manual/appenders.html#SizeAndTimeBasedRollingPolicy
04:03:05,943 |-INFO in ch.qos.logback.core.joran.action.NestedComplexPropertyIA - Assuming default type [ch.qos.logback.classic.encoder.PatternLayoutEncoder] for [encoder] property
04:03:05,945 |-INFO in ch.qos.logback.core.rolling.RollingFileAppender[FILE] - Active log file name: /tmp/application.log
04:03:05,945 |-INFO in ch.qos.logback.core.rolling.RollingFileAppender[FILE] - File property is set to [/tmp/application.log]
04:03:05,946 |-INFO in ch.qos.logback.classic.joran.action.RootLoggerAction - Setting level of ROOT logger to WARN
04:03:05,946 |-INFO in ch.qos.logback.core.joran.action.AppenderRefAction - Attaching appender named [STDOUT] to Logger[ROOT]
04:03:05,947 |-INFO in ch.qos.logback.core.joran.action.AppenderRefAction - Attaching appender named [FILE] to Logger[ROOT]
04:03:05,947 |-INFO in ch.qos.logback.classic.joran.action.ConfigurationAction - End of configuration.
04:03:05,947 |-INFO in ch.qos.logback.classic.joran.JoranConfigurator@6cd8737 - Registering current configuration as safe fallback point

2019-06-09T04:03:06.933+0300: 1.370: [GC (Metadata GC Threshold) [PSYoungGen: 110722K->15960K(149504K)] 110722K->16040K(491008K), 0.0193979 secs] [Times: user=0.06 sys=0.04, real=0.02 secs] 
2019-06-09T04:03:06.952+0300: 1.389: [Full GC (Metadata GC Threshold) [PSYoungGen: 15960K->0K(149504K)] [ParOldGen: 80K->15078K(341504K)] 16040K->15078K(491008K), [Metaspace: 20806K->20806K(1067008K)], 0.0294427 secs] [Times: user=0.18 sys=0.02, real=0.03 secs] 
04:03:15.860 [Curator-PathChildrenCache-1] WARN  o.a.c.u.ZKPaths  - The version of ZooKeeper being used doesn't support Container nodes. CreateMode.PERSISTENT will be used instead.
2019-06-09T04:03:16.821+0300: 11.258: [GC (Metadata GC Threshold) [PSYoungGen: 124624K->20971K(149504K)] 139703K->50098K(491008K), 0.0249227 secs] [Times: user=0.28 sys=0.01, real=0.02 secs] 
2019-06-09T04:03:16.846+0300: 11.283: [Full GC (Metadata GC Threshold) [PSYoungGen: 20971K->0K(149504K)] [ParOldGen: 29126K->39123K(341504K)] 50098K->39123K(491008K), [Metaspace: 34566K->34566K(1079296K)], 0.0338778 secs] [Times: user=0.16 sys=0.01, real=0.04 secs] 
2019-06-09T04:03:21.049+0300: 15.610: [GC (Allocation Failure) [PSYoungGen: 128512K->512K(149504K)] 167635K->39643K(491008K), 0.1288966 secs] [Times: user=0.02 sys=0.01, real=0.14 secs] 
2019-06-09T04:03:25.976+0300: 20.414: [GC (Allocation Failure) [PSYoungGen: 129024K->576K(149504K)] 168155K->39715K(491008K), 0.0052281 secs] [Times: user=0.04 sys=0.00, real=0.01 secs] 
2019-06-09T04:03:30.880+0300: 25.318: [GC (Allocation Failure) [PSYoungGen: 129088K->512K(129536K)] 168227K->39659K(471040K), 0.0026461 secs] [Times: user=0.02 sys=0.00, real=0.00 secs] 
2019-06-09T04:03:35.819+0300: 30.256: [GC (Allocation Failure) [PSYoungGen: 129024K->512K(132608K)] 168171K->39667K(474112K), 0.0035640 secs] [Times: user=0.02 sys=0.01, real=0.00 secs] 
2019-06-09T04:03:39.378+0300: 33.815: [GC (Allocation Failure) [PSYoungGen: 93184K->608K(130560K)] 132339K->39771K(472064K), 0.0031120 secs] [Times: user=0.01 sys=0.00, real=0.00 secs] 
2019-06-09T04:03:42.976+0300: 37.413: [GC (Allocation Failure) [PSYoungGen: 93280K->416K(136704K)] 132443K->39587K(478208K), 0.0665223 secs] [Times: user=0.01 sys=0.00, real=0.07 secs] 
2019-06-09T04:03:46.864+0300: 41.301: [GC (Allocation Failure) [PSYoungGen: 101280K->608K(134656K)] 140451K->39787K(476160K), 0.0026552 secs] [Times: user=0.01 sys=0.01, real=0.00 secs] 
2019-06-09T04:03:50.783+0300: 45.220: [GC (Allocation Failure) [PSYoungGen: 101472K->608K(140288K)] 140651K->39795K(481792K), 0.0099009 secs] [Times: user=0.09 sys=0.01, real=0.01 secs] 
2019-06-09T04:03:55.072+0300: 49.509: [GC (Allocation Failure) [PSYoungGen: 108640K->576K(138240K)] 147827K->39771K(479744K), 0.0028320 secs] [Times: user=0.01 sys=0.01, real=0.00 secs] 
2019-06-09T04:03:59.123+0300: 53.560: [GC (Allocation Failure) [PSYoungGen: 108608K->576K(143360K)] 147803K->39771K(484864K), 0.0030742 secs] [Times: user=0.02 sys=0.01, real=0.00 secs] 
2019-06-09T04:04:03.584+0300: 58.022: [GC (Allocation Failure) [PSYoungGen: 115264K->608K(141824K)] 154459K->39811K(483328K), 0.0041959 secs] [Times: user=0.03 sys=0.00, real=0.00 secs] 
2019-06-09T04:04:08.119+0300: 62.556: [GC (Allocation Failure) [PSYoungGen: 115296K->983K(146432K)] 154499K->40195K(487936K), 0.0034874 secs] [Times: user=0.01 sys=0.00, real=0.00 secs] 
2019-06-09T04:04:14.061+0300: 68.498: [GC (Allocation Failure) [PSYoungGen: 121815K->704K(144896K)] 161027K->39923K(486400K), 0.0043685 secs] [Times: user=0.02 sys=0.01, real=0.00 secs] 
2019-06-09T04:04:19.919+0300: 74.356: [GC (Allocation Failure) [PSYoungGen: 121536K->768K(148992K)] 160755K->39995K(490496K), 0.0031715 secs] [Times: user=0.02 sys=0.00, real=0.00 secs] 
2019-06-09T04:04:26.150+0300: 80.588: [GC (Allocation Failure) [PSYoungGen: 127232K->672K(147968K)] 166459K->39907K(489472K), 0.0029647 secs] [Times: user=0.01 sys=0.00, real=0.00 secs] 
2019-06-09T04:04:32.232+0300: 86.675: [GC (Allocation Failure) [PSYoungGen: 127136K->480K(151552K)] 166371K->39995K(493056K), 0.0093998 secs] [Times: user=0.01 sys=0.00, real=0.01 secs] 
04:04:48.138 [Curator-PathChildrenCache-0] ERROR o.a.c.f.r.c.PathChildrenCache  - 
java.lang.IllegalStateException: instance must be started before calling this method
	at org.apache.curator.shaded.com.google.common.base.Preconditions.checkState(Preconditions.java:444)
	at org.apache.curator.framework.imps.CuratorFrameworkImpl.getChildren(CuratorFrameworkImpl.java:456)
	at org.apache.curator.framework.recipes.cache.PathChildrenCache.refresh(PathChildrenCache.java:521)
	at org.apache.curator.framework.recipes.cache.RefreshOperation.invoke(RefreshOperation.java:35)
	at org.apache.curator.framework.recipes.cache.PathChildrenCache$9.run(PathChildrenCache.java:786)
	at java.util.concurrent.Executors$RunnableAdapter.call(Executors.java:511)
	at java.util.concurrent.FutureTask.run(FutureTask.java:266)
	at java.util.concurrent.Executors$RunnableAdapter.call(Executors.java:511)
	at java.util.concurrent.FutureTask.run(FutureTask.java:266)
	at java.util.concurrent.ThreadPoolExecutor.runWorker(ThreadPoolExecutor.java:1149)
	at java.util.concurrent.ThreadPoolExecutor$Worker.run(ThreadPoolExecutor.java:624)
	at java.lang.Thread.run(Thread.java:748)
Heap
 PSYoungGen      total 151552K, used 106904K [0x00000000f5980000, 0x0000000100000000, 0x0000000100000000)
  eden space 131584K, 80% used [0x00000000f5980000,0x00000000fc16e0e0,0x00000000fda00000)
  from space 19968K, 2% used [0x00000000fec80000,0x00000000fecf8040,0x0000000100000000)
  to   space 18944K, 0% used [0x00000000fda00000,0x00000000fda00000,0x00000000fec80000)
 ParOldGen       total 341504K, used 39515K [0x00000000e0c00000, 0x00000000f5980000, 0x00000000f5980000)
  object space 341504K, 11% used [0x00000000e0c00000,0x00000000e3296f58,0x00000000f5980000)
 Metaspace       used 36234K, capacity 37030K, committed 37208K, reserved 1081344K
  class space    used 4979K, capacity 5161K, committed 5248K, reserved 1048576K
