20:12:21,794 |-INFO in ch.qos.logback.classic.LoggerContext[default] - Could NOT find resource [logback-test.xml]
20:12:21,795 |-INFO in ch.qos.logback.classic.LoggerContext[default] - Could NOT find resource [logback.groovy]
20:12:21,795 |-INFO in ch.qos.logback.classic.LoggerContext[default] - Found resource [logback.xml] at [jar:file:/root/flamestream/lib/flamestream-runtime-1.0-SNAPSHOT.jar!/logback.xml]
20:12:21,796 |-WARN in ch.qos.logback.classic.LoggerContext[default] - Resource [logback.xml] occurs multiple times on the classpath.
20:12:21,796 |-WARN in ch.qos.logback.classic.LoggerContext[default] - Resource [logback.xml] occurs at [jar:file:/root/flamestream/lib/flamestream-runtime-1.0-SNAPSHOT.jar!/logback.xml]
20:12:21,796 |-WARN in ch.qos.logback.classic.LoggerContext[default] - Resource [logback.xml] occurs at [jar:file:/root/flamestream/flamestream-runtime-1.0-SNAPSHOT.jar!/logback.xml]
20:12:21,815 |-INFO in ch.qos.logback.core.joran.spi.ConfigurationWatchList@3fb6a447 - URL [jar:file:/root/flamestream/lib/flamestream-runtime-1.0-SNAPSHOT.jar!/logback.xml] is not of type file
20:12:21,881 |-INFO in ch.qos.logback.classic.joran.action.ConfigurationAction - debug attribute not set
20:12:21,882 |-INFO in ch.qos.logback.core.joran.action.AppenderAction - About to instantiate appender of type [ch.qos.logback.core.ConsoleAppender]
20:12:21,897 |-INFO in ch.qos.logback.core.joran.action.AppenderAction - Naming appender as [STDOUT]
20:12:21,917 |-INFO in ch.qos.logback.core.joran.action.NestedComplexPropertyIA - Assuming default type [ch.qos.logback.classic.encoder.PatternLayoutEncoder] for [encoder] property
20:12:22,005 |-INFO in ch.qos.logback.core.joran.action.AppenderAction - About to instantiate appender of type [ch.qos.logback.core.rolling.RollingFileAppender]
20:12:22,009 |-INFO in ch.qos.logback.core.joran.action.AppenderAction - Naming appender as [FILE]
20:12:22,038 |-INFO in c.q.l.core.rolling.TimeBasedRollingPolicy@127618319 - No compression will be used
20:12:22,039 |-INFO in c.q.l.core.rolling.TimeBasedRollingPolicy@127618319 - Will use the pattern /tmp/application_%d{yyyy-MM-dd}.%i.log for the active file
20:12:22,042 |-INFO in ch.qos.logback.core.rolling.SizeAndTimeBasedFNATP@6b2fad11 - The date pattern is 'yyyy-MM-dd' from file name pattern '/tmp/application_%d{yyyy-MM-dd}.%i.log'.
20:12:22,042 |-INFO in ch.qos.logback.core.rolling.SizeAndTimeBasedFNATP@6b2fad11 - Roll-over at midnight.
20:12:22,047 |-INFO in ch.qos.logback.core.rolling.SizeAndTimeBasedFNATP@6b2fad11 - Setting initial period to Mon Jun 10 20:11:05 UTC 2019
20:12:22,047 |-WARN in ch.qos.logback.core.rolling.SizeAndTimeBasedFNATP@6b2fad11 - SizeAndTimeBasedFNATP is deprecated. Use SizeAndTimeBasedRollingPolicy instead
20:12:22,047 |-WARN in ch.qos.logback.core.rolling.SizeAndTimeBasedFNATP@6b2fad11 - For more information see http://logback.qos.ch/manual/appenders.html#SizeAndTimeBasedRollingPolicy
20:12:22,051 |-INFO in ch.qos.logback.core.joran.action.NestedComplexPropertyIA - Assuming default type [ch.qos.logback.classic.encoder.PatternLayoutEncoder] for [encoder] property
20:12:22,056 |-INFO in ch.qos.logback.core.rolling.RollingFileAppender[FILE] - Active log file name: /tmp/application.log
20:12:22,056 |-INFO in ch.qos.logback.core.rolling.RollingFileAppender[FILE] - File property is set to [/tmp/application.log]
20:12:22,057 |-INFO in ch.qos.logback.classic.joran.action.RootLoggerAction - Setting level of ROOT logger to WARN
20:12:22,057 |-INFO in ch.qos.logback.core.joran.action.AppenderRefAction - Attaching appender named [STDOUT] to Logger[ROOT]
20:12:22,059 |-INFO in ch.qos.logback.core.joran.action.AppenderRefAction - Attaching appender named [FILE] to Logger[ROOT]
20:12:22,059 |-INFO in ch.qos.logback.classic.joran.action.ConfigurationAction - End of configuration.
20:12:22,060 |-INFO in ch.qos.logback.classic.joran.JoranConfigurator@79698539 - Registering current configuration as safe fallback point

Ama winner
Ama winner
2019-06-10T20:12:23.360+0000: 1.751: [Full GC (Metadata GC Threshold) 2019-06-10T20:12:23.360+0000: 1.751: [Tenured: 0K->15240K(341376K), 0.0380883 secs] 117750K->15240K(494976K), [Metaspace: 20729K->20729K(1067008K)], 0.0381681 secs] [Times: user=0.04 sys=0.01, real=0.03 secs] 
20:12:41.093 [Curator-PathChildrenCache-2] WARN  o.a.c.u.ZKPaths  - The version of ZooKeeper being used doesn't support Container nodes. CreateMode.PERSISTENT will be used instead.
2019-06-10T20:12:43.195+0000: 21.586: [GC (Allocation Failure) 2019-06-10T20:12:43.195+0000: 21.586: [DefNew: 136576K->17024K(153600K), 0.0259901 secs] 151816K->52870K(494976K), 0.0260593 secs] [Times: user=0.02 sys=0.01, real=0.03 secs] 
2019-06-10T20:12:43.753+0000: 22.144: [Full GC (Metadata GC Threshold) 2019-06-10T20:12:43.753+0000: 22.144: [Tenured: 35846K->44466K(341376K), 0.0541022 secs] 74691K->44466K(494976K), [Metaspace: 34603K->34603K(1079296K)], 0.0541820 secs] [Times: user=0.05 sys=0.00, real=0.05 secs] 
2019-06-10T20:12:47.207+0000: 25.598: [GC (Allocation Failure) 2019-06-10T20:12:47.207+0000: 25.598: [DefNew: 136576K->166K(153600K), 0.0020421 secs] 181042K->44633K(494976K), 0.0021001 secs] [Times: user=0.00 sys=0.00, real=0.00 secs] 
2019-06-10T20:12:50.606+0000: 28.997: [GC (Allocation Failure) 2019-06-10T20:12:50.606+0000: 28.997: [DefNew: 136742K->181K(153600K), 0.0018447 secs] 181209K->44648K(494976K), 0.0019040 secs] [Times: user=0.00 sys=0.00, real=0.00 secs] 
2019-06-10T20:12:54.009+0000: 32.400: [GC (Allocation Failure) 2019-06-10T20:12:54.009+0000: 32.400: [DefNew: 136757K->196K(153600K), 0.0019164 secs] 181224K->44663K(494976K), 0.0019770 secs] [Times: user=0.00 sys=0.00, real=0.01 secs] 
2019-06-10T20:12:57.386+0000: 35.777: [GC (Allocation Failure) 2019-06-10T20:12:57.386+0000: 35.778: [DefNew: 136772K->181K(153600K), 0.0019163 secs] 181239K->44648K(494976K), 0.0019779 secs] [Times: user=0.00 sys=0.00, real=0.00 secs] 
2019-06-10T20:13:00.798+0000: 39.190: [GC (Allocation Failure) 2019-06-10T20:13:00.799+0000: 39.190: [DefNew: 136757K->182K(153600K), 0.0019376 secs] 181224K->44649K(494976K), 0.0019992 secs] [Times: user=0.00 sys=0.00, real=0.01 secs] 
2019-06-10T20:13:04.229+0000: 42.620: [GC (Allocation Failure) 2019-06-10T20:13:04.229+0000: 42.620: [DefNew: 136758K->186K(153600K), 0.0019213 secs] 181225K->44652K(494976K), 0.0019845 secs] [Times: user=0.00 sys=0.00, real=0.00 secs] 
2019-06-10T20:13:07.661+0000: 46.052: [GC (Allocation Failure) 2019-06-10T20:13:07.661+0000: 46.052: [DefNew: 136762K->180K(153600K), 0.0019093 secs] 181228K->44647K(494976K), 0.0019782 secs] [Times: user=0.01 sys=0.00, real=0.00 secs] 
2019-06-10T20:13:11.072+0000: 49.463: [GC (Allocation Failure) 2019-06-10T20:13:11.072+0000: 49.463: [DefNew: 136756K->181K(153600K), 0.0018415 secs] 181223K->44648K(494976K), 0.0019014 secs] [Times: user=0.01 sys=0.00, real=0.00 secs] 
20:13:23.957 [Curator-PathChildrenCache-0] ERROR o.a.c.f.r.c.PathChildrenCache  - 
java.lang.IllegalStateException: instance must be started before calling this method
	at org.apache.curator.shaded.com.google.common.base.Preconditions.checkState(Preconditions.java:444)
	at org.apache.curator.framework.imps.CuratorFrameworkImpl.getChildren(CuratorFrameworkImpl.java:456)
	at org.apache.curator.framework.recipes.cache.PathChildrenCache.refresh(PathChildrenCache.java:521)
	at org.apache.curator.framework.recipes.cache.RefreshOperation.invoke(RefreshOperation.java:35)
	at org.apache.curator.framework.recipes.cache.PathChildrenCache$9.run(PathChildrenCache.java:786)
	at java.util.concurrent.Executors$RunnableAdapter.call(Executors.java:511)
	at java.util.concurrent.FutureTask.run(FutureTask.java:266)
	at java.util.concurrent.Executors$RunnableAdapter.call(Executors.java:511)
	at java.util.concurrent.FutureTask.run(FutureTask.java:266)
	at java.util.concurrent.ThreadPoolExecutor.runWorker(ThreadPoolExecutor.java:1149)
	at java.util.concurrent.ThreadPoolExecutor$Worker.run(ThreadPoolExecutor.java:624)
	at java.lang.Thread.run(Thread.java:748)
Heap
 def new generation   total 153600K, used 126970K [0x00000000e0c00000, 0x00000000eb2a0000, 0x00000000eb2a0000)
  eden space 136576K,  92% used [0x00000000e0c00000, 0x00000000e87d1430, 0x00000000e9160000)
  from space 17024K,   1% used [0x00000000ea200000, 0x00000000ea22d788, 0x00000000eb2a0000)
  to   space 17024K,   0% used [0x00000000e9160000, 0x00000000e9160000, 0x00000000ea200000)
 tenured generation   total 341376K, used 44466K [0x00000000eb2a0000, 0x0000000100000000, 0x0000000100000000)
   the space 341376K,  13% used [0x00000000eb2a0000, 0x00000000ede0ca28, 0x00000000ede0cc00, 0x0000000100000000)
 Metaspace       used 36383K, capacity 37320K, committed 37504K, reserved 1081344K
  class space    used 4901K, capacity 5124K, committed 5248K, reserved 1048576K
