18:13:50,683 |-INFO in ch.qos.logback.classic.LoggerContext[default] - Could NOT find resource [logback-test.xml]
18:13:50,683 |-INFO in ch.qos.logback.classic.LoggerContext[default] - Could NOT find resource [logback.groovy]
18:13:50,683 |-INFO in ch.qos.logback.classic.LoggerContext[default] - Found resource [logback.xml] at [jar:file:/root/flamestream/lib/flamestream-runtime-1.0-SNAPSHOT.jar!/logback.xml]
18:13:50,684 |-WARN in ch.qos.logback.classic.LoggerContext[default] - Resource [logback.xml] occurs multiple times on the classpath.
18:13:50,686 |-WARN in ch.qos.logback.classic.LoggerContext[default] - Resource [logback.xml] occurs at [jar:file:/root/flamestream/lib/flamestream-runtime-1.0-SNAPSHOT.jar!/logback.xml]
18:13:50,686 |-WARN in ch.qos.logback.classic.LoggerContext[default] - Resource [logback.xml] occurs at [jar:file:/root/flamestream/flamestream-runtime-1.0-SNAPSHOT.jar!/logback.xml]
18:13:50,707 |-INFO in ch.qos.logback.core.joran.spi.ConfigurationWatchList@3fb6a447 - URL [jar:file:/root/flamestream/lib/flamestream-runtime-1.0-SNAPSHOT.jar!/logback.xml] is not of type file
18:13:50,774 |-INFO in ch.qos.logback.classic.joran.action.ConfigurationAction - debug attribute not set
18:13:50,775 |-INFO in ch.qos.logback.core.joran.action.AppenderAction - About to instantiate appender of type [ch.qos.logback.core.ConsoleAppender]
18:13:50,792 |-INFO in ch.qos.logback.core.joran.action.AppenderAction - Naming appender as [STDOUT]
18:13:50,804 |-INFO in ch.qos.logback.core.joran.action.NestedComplexPropertyIA - Assuming default type [ch.qos.logback.classic.encoder.PatternLayoutEncoder] for [encoder] property
18:13:50,905 |-INFO in ch.qos.logback.core.joran.action.AppenderAction - About to instantiate appender of type [ch.qos.logback.core.rolling.RollingFileAppender]
18:13:50,910 |-INFO in ch.qos.logback.core.joran.action.AppenderAction - Naming appender as [FILE]
18:13:50,947 |-INFO in c.q.l.core.rolling.TimeBasedRollingPolicy@127618319 - No compression will be used
18:13:50,948 |-INFO in c.q.l.core.rolling.TimeBasedRollingPolicy@127618319 - Will use the pattern /tmp/application_%d{yyyy-MM-dd}.%i.log for the active file
18:13:50,950 |-INFO in ch.qos.logback.core.rolling.SizeAndTimeBasedFNATP@6b2fad11 - The date pattern is 'yyyy-MM-dd' from file name pattern '/tmp/application_%d{yyyy-MM-dd}.%i.log'.
18:13:50,950 |-INFO in ch.qos.logback.core.rolling.SizeAndTimeBasedFNATP@6b2fad11 - Roll-over at midnight.
18:13:50,956 |-INFO in ch.qos.logback.core.rolling.SizeAndTimeBasedFNATP@6b2fad11 - Setting initial period to Mon Jun 10 18:12:30 UTC 2019
18:13:50,956 |-WARN in ch.qos.logback.core.rolling.SizeAndTimeBasedFNATP@6b2fad11 - SizeAndTimeBasedFNATP is deprecated. Use SizeAndTimeBasedRollingPolicy instead
18:13:50,956 |-WARN in ch.qos.logback.core.rolling.SizeAndTimeBasedFNATP@6b2fad11 - For more information see http://logback.qos.ch/manual/appenders.html#SizeAndTimeBasedRollingPolicy
18:13:50,960 |-INFO in ch.qos.logback.core.joran.action.NestedComplexPropertyIA - Assuming default type [ch.qos.logback.classic.encoder.PatternLayoutEncoder] for [encoder] property
18:13:50,964 |-INFO in ch.qos.logback.core.rolling.RollingFileAppender[FILE] - Active log file name: /tmp/application.log
18:13:50,964 |-INFO in ch.qos.logback.core.rolling.RollingFileAppender[FILE] - File property is set to [/tmp/application.log]
18:13:50,965 |-INFO in ch.qos.logback.classic.joran.action.RootLoggerAction - Setting level of ROOT logger to WARN
18:13:50,965 |-INFO in ch.qos.logback.core.joran.action.AppenderRefAction - Attaching appender named [STDOUT] to Logger[ROOT]
18:13:50,967 |-INFO in ch.qos.logback.core.joran.action.AppenderRefAction - Attaching appender named [FILE] to Logger[ROOT]
18:13:50,967 |-INFO in ch.qos.logback.classic.joran.action.ConfigurationAction - End of configuration.
18:13:50,968 |-INFO in ch.qos.logback.classic.joran.JoranConfigurator@79698539 - Registering current configuration as safe fallback point

Ama winner
Ama winner
2019-06-10T18:13:52.235+0000: 1.733: [Full GC (Metadata GC Threshold) 2019-06-10T18:13:52.235+0000: 1.733: [Tenured: 0K->15176K(341376K), 0.0397475 secs] 114988K->15176K(494976K), [Metaspace: 20738K->20738K(1067008K)], 0.0398139 secs] [Times: user=0.03 sys=0.00, real=0.04 secs] 
18:14:09.594 [Curator-PathChildrenCache-1] WARN  o.a.c.u.ZKPaths  - The version of ZooKeeper being used doesn't support Container nodes. CreateMode.PERSISTENT will be used instead.
2019-06-10T18:14:12.126+0000: 21.625: [GC (Allocation Failure) 2019-06-10T18:14:12.127+0000: 21.625: [DefNew: 136576K->17023K(153600K), 0.0255210 secs] 151752K->52343K(494976K), 0.0255894 secs] [Times: user=0.02 sys=0.01, real=0.03 secs] 
2019-06-10T18:14:13.242+0000: 22.741: [Full GC (Metadata GC Threshold) 2019-06-10T18:14:13.242+0000: 22.741: [Tenured: 35319K->43844K(341376K), 0.0475212 secs] 79967K->43844K(494976K), [Metaspace: 34592K->34592K(1079296K)], 0.0475971 secs] [Times: user=0.05 sys=0.01, real=0.05 secs] 
2019-06-10T18:14:19.047+0000: 28.545: [GC (Allocation Failure) 2019-06-10T18:14:19.047+0000: 28.545: [DefNew: 136576K->68K(153600K), 0.0018862 secs] 180420K->43913K(494976K), 0.0019455 secs] [Times: user=0.00 sys=0.00, real=0.01 secs] 
2019-06-10T18:14:24.771+0000: 34.270: [GC (Allocation Failure) 2019-06-10T18:14:24.771+0000: 34.270: [DefNew: 136644K->75K(153600K), 0.0017634 secs] 180489K->43919K(494976K), 0.0018298 secs] [Times: user=0.00 sys=0.00, real=0.00 secs] 
2019-06-10T18:14:30.530+0000: 40.028: [GC (Allocation Failure) 2019-06-10T18:14:30.530+0000: 40.028: [DefNew: 136651K->70K(153600K), 0.0018103 secs] 180495K->43915K(494976K), 0.0018705 secs] [Times: user=0.00 sys=0.00, real=0.00 secs] 
2019-06-10T18:14:36.280+0000: 45.778: [GC (Allocation Failure) 2019-06-10T18:14:36.280+0000: 45.778: [DefNew: 136646K->78K(153600K), 0.0017960 secs] 180491K->43922K(494976K), 0.0018583 secs] [Times: user=0.00 sys=0.00, real=0.00 secs] 
2019-06-10T18:14:47.328+0000: 56.826: [GC (Allocation Failure) 2019-06-10T18:14:47.328+0000: 56.826: [DefNew: 136654K->72K(153600K), 0.0018800 secs] 180498K->43916K(494976K), 0.0019372 secs] [Times: user=0.00 sys=0.00, real=0.00 secs] 
18:14:49.790 [Curator-PathChildrenCache-0] ERROR o.a.c.f.r.c.PathChildrenCache  - 
java.lang.IllegalStateException: instance must be started before calling this method
	at org.apache.curator.shaded.com.google.common.base.Preconditions.checkState(Preconditions.java:444)
	at org.apache.curator.framework.imps.CuratorFrameworkImpl.getChildren(CuratorFrameworkImpl.java:456)
	at org.apache.curator.framework.recipes.cache.PathChildrenCache.refresh(PathChildrenCache.java:521)
	at org.apache.curator.framework.recipes.cache.RefreshOperation.invoke(RefreshOperation.java:35)
	at org.apache.curator.framework.recipes.cache.PathChildrenCache$9.run(PathChildrenCache.java:786)
	at java.util.concurrent.Executors$RunnableAdapter.call(Executors.java:511)
	at java.util.concurrent.FutureTask.run(FutureTask.java:266)
	at java.util.concurrent.Executors$RunnableAdapter.call(Executors.java:511)
	at java.util.concurrent.FutureTask.run(FutureTask.java:266)
	at java.util.concurrent.ThreadPoolExecutor.runWorker(ThreadPoolExecutor.java:1149)
	at java.util.concurrent.ThreadPoolExecutor$Worker.run(ThreadPoolExecutor.java:624)
	at java.lang.Thread.run(Thread.java:748)
Heap
 def new generation   total 153600K, used 31321K [0x00000000e0c00000, 0x00000000eb2a0000, 0x00000000eb2a0000)
  eden space 136576K,  22% used [0x00000000e0c00000, 0x00000000e2a845c8, 0x00000000e9160000)
  from space 17024K,   0% used [0x00000000e9160000, 0x00000000e91721f8, 0x00000000ea200000)
  to   space 17024K,   0% used [0x00000000ea200000, 0x00000000ea200000, 0x00000000eb2a0000)
 tenured generation   total 341376K, used 43844K [0x00000000eb2a0000, 0x0000000100000000, 0x0000000100000000)
   the space 341376K,  12% used [0x00000000eb2a0000, 0x00000000edd711e0, 0x00000000edd71200, 0x0000000100000000)
 Metaspace       used 35887K, capacity 36768K, committed 37120K, reserved 1081344K
  class space    used 4824K, capacity 5042K, committed 5120K, reserved 1048576K
