08:37:29,268 |-INFO in ch.qos.logback.classic.LoggerContext[default] - Could NOT find resource [logback-test.xml]
08:37:29,268 |-INFO in ch.qos.logback.classic.LoggerContext[default] - Could NOT find resource [logback.groovy]
08:37:29,268 |-INFO in ch.qos.logback.classic.LoggerContext[default] - Found resource [logback.xml] at [jar:file:/home/nikitasokolov/flamestream/lib/flamestream-runtime-1.0-SNAPSHOT.jar!/logback.xml]
08:37:29,269 |-WARN in ch.qos.logback.classic.LoggerContext[default] - Resource [logback.xml] occurs multiple times on the classpath.
08:37:29,269 |-WARN in ch.qos.logback.classic.LoggerContext[default] - Resource [logback.xml] occurs at [jar:file:/home/nikitasokolov/flamestream/lib/flamestream-runtime-1.0-SNAPSHOT.jar!/logback.xml]
08:37:29,269 |-WARN in ch.qos.logback.classic.LoggerContext[default] - Resource [logback.xml] occurs at [jar:file:/home/nikitasokolov/flamestream/flamestream-runtime-1.0-SNAPSHOT.jar!/logback.xml]
08:37:29,286 |-INFO in ch.qos.logback.core.joran.spi.ConfigurationWatchList@6108b2d7 - URL [jar:file:/home/nikitasokolov/flamestream/lib/flamestream-runtime-1.0-SNAPSHOT.jar!/logback.xml] is not of type file
08:37:29,335 |-INFO in ch.qos.logback.classic.joran.action.ConfigurationAction - debug attribute not set
08:37:29,336 |-INFO in ch.qos.logback.core.joran.action.AppenderAction - About to instantiate appender of type [ch.qos.logback.core.ConsoleAppender]
08:37:29,343 |-INFO in ch.qos.logback.core.joran.action.AppenderAction - Naming appender as [STDOUT]
08:37:29,350 |-INFO in ch.qos.logback.core.joran.action.NestedComplexPropertyIA - Assuming default type [ch.qos.logback.classic.encoder.PatternLayoutEncoder] for [encoder] property
08:37:29,402 |-INFO in ch.qos.logback.core.joran.action.AppenderAction - About to instantiate appender of type [ch.qos.logback.core.rolling.RollingFileAppender]
08:37:29,407 |-INFO in ch.qos.logback.core.joran.action.AppenderAction - Naming appender as [FILE]
08:37:29,429 |-INFO in c.q.l.core.rolling.TimeBasedRollingPolicy@357863579 - No compression will be used
08:37:29,430 |-INFO in c.q.l.core.rolling.TimeBasedRollingPolicy@357863579 - Will use the pattern /tmp/application_%d{yyyy-MM-dd}.%i.log for the active file
08:37:29,433 |-INFO in ch.qos.logback.core.rolling.SizeAndTimeBasedFNATP@6bf256fa - The date pattern is 'yyyy-MM-dd' from file name pattern '/tmp/application_%d{yyyy-MM-dd}.%i.log'.
08:37:29,433 |-INFO in ch.qos.logback.core.rolling.SizeAndTimeBasedFNATP@6bf256fa - Roll-over at midnight.
08:37:29,436 |-INFO in ch.qos.logback.core.rolling.SizeAndTimeBasedFNATP@6bf256fa - Setting initial period to Sun Jun 09 08:36:41 MSK 2019
08:37:29,437 |-WARN in ch.qos.logback.core.rolling.SizeAndTimeBasedFNATP@6bf256fa - SizeAndTimeBasedFNATP is deprecated. Use SizeAndTimeBasedRollingPolicy instead
08:37:29,437 |-WARN in ch.qos.logback.core.rolling.SizeAndTimeBasedFNATP@6bf256fa - For more information see http://logback.qos.ch/manual/appenders.html#SizeAndTimeBasedRollingPolicy
08:37:29,441 |-INFO in ch.qos.logback.core.joran.action.NestedComplexPropertyIA - Assuming default type [ch.qos.logback.classic.encoder.PatternLayoutEncoder] for [encoder] property
08:37:29,443 |-INFO in ch.qos.logback.core.rolling.RollingFileAppender[FILE] - Active log file name: /tmp/application.log
08:37:29,443 |-INFO in ch.qos.logback.core.rolling.RollingFileAppender[FILE] - File property is set to [/tmp/application.log]
08:37:29,444 |-INFO in ch.qos.logback.classic.joran.action.RootLoggerAction - Setting level of ROOT logger to WARN
08:37:29,444 |-INFO in ch.qos.logback.core.joran.action.AppenderRefAction - Attaching appender named [STDOUT] to Logger[ROOT]
08:37:29,445 |-INFO in ch.qos.logback.core.joran.action.AppenderRefAction - Attaching appender named [FILE] to Logger[ROOT]
08:37:29,445 |-INFO in ch.qos.logback.classic.joran.action.ConfigurationAction - End of configuration.
08:37:29,445 |-INFO in ch.qos.logback.classic.joran.JoranConfigurator@6cd8737 - Registering current configuration as safe fallback point

2019-06-09T08:37:30.441+0300: 1.371: [GC (Metadata GC Threshold) [PSYoungGen: 110722K->15894K(149504K)] 110722K->15974K(491008K), 0.0231870 secs] [Times: user=0.09 sys=0.06, real=0.02 secs] 
2019-06-09T08:37:30.465+0300: 1.394: [Full GC (Metadata GC Threshold) [PSYoungGen: 15894K->0K(149504K)] [ParOldGen: 80K->15078K(341504K)] 15974K->15078K(491008K), [Metaspace: 20800K->20800K(1067008K)], 0.0284633 secs] [Times: user=0.18 sys=0.01, real=0.03 secs] 
08:37:38.045 [Curator-PathChildrenCache-1] WARN  o.a.c.u.ZKPaths  - The version of ZooKeeper being used doesn't support Container nodes. CreateMode.PERSISTENT will be used instead.
2019-06-09T08:37:39.013+0300: 9.942: [GC (Metadata GC Threshold) [PSYoungGen: 124526K->20971K(149504K)] 139605K->49970K(491008K), 0.0199057 secs] [Times: user=0.17 sys=0.06, real=0.02 secs] 
2019-06-09T08:37:39.033+0300: 9.962: [Full GC (Metadata GC Threshold) [PSYoungGen: 20971K->0K(149504K)] [ParOldGen: 28999K->38924K(341504K)] 49970K->38924K(491008K), [Metaspace: 34560K->34560K(1079296K)], 0.0400761 secs] [Times: user=0.16 sys=0.03, real=0.04 secs] 
2019-06-09T08:37:44.935+0300: 15.865: [GC (Allocation Failure) [PSYoungGen: 128512K->480K(149504K)] 167436K->39412K(491008K), 0.0038599 secs] [Times: user=0.03 sys=0.00, real=0.01 secs] 
2019-06-09T08:37:51.518+0300: 22.447: [GC (Allocation Failure) [PSYoungGen: 128992K->512K(149504K)] 167924K->39452K(491008K), 0.0063649 secs] [Times: user=0.05 sys=0.01, real=0.00 secs] 
2019-06-09T08:37:58.095+0300: 29.025: [GC (Allocation Failure) [PSYoungGen: 129024K->480K(129024K)] 167964K->39428K(470528K), 0.0034026 secs] [Times: user=0.02 sys=0.00, real=0.01 secs] 
2019-06-09T08:38:04.715+0300: 35.644: [GC (Allocation Failure) [PSYoungGen: 128992K->480K(132608K)] 167940K->39436K(474112K), 0.0054818 secs] [Times: user=0.04 sys=0.00, real=0.01 secs] 
2019-06-09T08:38:09.539+0300: 40.469: [GC (Allocation Failure) [PSYoungGen: 93152K->416K(130560K)] 132108K->39380K(472064K), 0.0028042 secs] [Times: user=0.02 sys=0.00, real=0.00 secs] 
2019-06-09T08:38:14.395+0300: 45.325: [GC (Allocation Failure) [PSYoungGen: 93088K->448K(136704K)] 132052K->39420K(478208K), 0.0128785 secs] [Times: user=0.13 sys=0.00, real=0.01 secs] 
2019-06-09T08:38:19.633+0300: 50.563: [GC (Allocation Failure) [PSYoungGen: 101824K->480K(135168K)] 140796K->39460K(476672K), 0.1407497 secs] [Times: user=0.01 sys=0.00, real=0.14 secs] 
2019-06-09T08:38:24.944+0300: 55.874: [GC (Allocation Failure) [PSYoungGen: 101856K->512K(140288K)] 140836K->39492K(481792K), 0.0058484 secs] [Times: user=0.04 sys=0.00, real=0.01 secs] 
2019-06-09T08:38:30.573+0300: 61.502: [GC (Allocation Failure) [PSYoungGen: 109056K->768K(138752K)] 148036K->39756K(480256K), 0.0028888 secs] [Times: user=0.02 sys=0.00, real=0.00 secs] 
2019-06-09T08:38:37.580+0300: 68.510: [GC (Allocation Failure) [PSYoungGen: 109312K->759K(143360K)] 148300K->39755K(484864K), 0.0043021 secs] [Times: user=0.03 sys=0.00, real=0.00 secs] 
2019-06-09T08:38:45.222+0300: 76.151: [GC (Allocation Failure) [PSYoungGen: 115447K->704K(141824K)] 154443K->39708K(483328K), 0.0037881 secs] [Times: user=0.01 sys=0.01, real=0.00 secs] 
2019-06-09T08:38:52.794+0300: 83.724: [GC (Allocation Failure) [PSYoungGen: 115392K->704K(146432K)] 154396K->39716K(487936K), 0.0032522 secs] [Times: user=0.02 sys=0.00, real=0.00 secs] 
08:39:10.590 [Curator-PathChildrenCache-0] ERROR o.a.c.f.r.c.PathChildrenCache  - 
java.lang.IllegalStateException: instance must be started before calling this method
	at org.apache.curator.shaded.com.google.common.base.Preconditions.checkState(Preconditions.java:444)
	at org.apache.curator.framework.imps.CuratorFrameworkImpl.getChildren(CuratorFrameworkImpl.java:456)
	at org.apache.curator.framework.recipes.cache.PathChildrenCache.refresh(PathChildrenCache.java:521)
	at org.apache.curator.framework.recipes.cache.RefreshOperation.invoke(RefreshOperation.java:35)
	at org.apache.curator.framework.recipes.cache.PathChildrenCache$9.run(PathChildrenCache.java:786)
	at java.util.concurrent.Executors$RunnableAdapter.call(Executors.java:511)
	at java.util.concurrent.FutureTask.run(FutureTask.java:266)
	at java.util.concurrent.Executors$RunnableAdapter.call(Executors.java:511)
	at java.util.concurrent.FutureTask.run(FutureTask.java:266)
	at java.util.concurrent.ThreadPoolExecutor.runWorker(ThreadPoolExecutor.java:1149)
	at java.util.concurrent.ThreadPoolExecutor$Worker.run(ThreadPoolExecutor.java:624)
	at java.lang.Thread.run(Thread.java:748)
Heap
 PSYoungGen      total 146432K, used 107893K [0x00000000f5980000, 0x0000000100000000, 0x0000000100000000)
  eden space 120832K, 88% used [0x00000000f5980000,0x00000000fc22d3c8,0x00000000fcf80000)
  from space 25600K, 2% used [0x00000000fe700000,0x00000000fe7b0080,0x0000000100000000)
  to   space 24064K, 0% used [0x00000000fcf80000,0x00000000fcf80000,0x00000000fe700000)
 ParOldGen       total 341504K, used 39012K [0x00000000e0c00000, 0x00000000f5980000, 0x00000000f5980000)
  object space 341504K, 11% used [0x00000000e0c00000,0x00000000e32190c8,0x00000000f5980000)
 Metaspace       used 36178K, capacity 37022K, committed 37208K, reserved 1081344K
  class space    used 4979K, capacity 5161K, committed 5248K, reserved 1048576K
