12:27:24,157 |-INFO in ch.qos.logback.classic.LoggerContext[default] - Could NOT find resource [logback-test.xml]
12:27:24,157 |-INFO in ch.qos.logback.classic.LoggerContext[default] - Could NOT find resource [logback.groovy]
12:27:24,157 |-INFO in ch.qos.logback.classic.LoggerContext[default] - Found resource [logback.xml] at [jar:file:/home/ubuntu/flamestream/lib/flamestream-runtime-1.0-SNAPSHOT.jar!/logback.xml]
12:27:24,158 |-WARN in ch.qos.logback.classic.LoggerContext[default] - Resource [logback.xml] occurs multiple times on the classpath.
12:27:24,158 |-WARN in ch.qos.logback.classic.LoggerContext[default] - Resource [logback.xml] occurs at [jar:file:/home/ubuntu/flamestream/flamestream-runtime-1.0-SNAPSHOT.jar!/logback.xml]
12:27:24,158 |-WARN in ch.qos.logback.classic.LoggerContext[default] - Resource [logback.xml] occurs at [jar:file:/home/ubuntu/flamestream/lib/flamestream-runtime-1.0-SNAPSHOT.jar!/logback.xml]
12:27:24,175 |-INFO in ch.qos.logback.core.joran.spi.ConfigurationWatchList@4678c730 - URL [jar:file:/home/ubuntu/flamestream/lib/flamestream-runtime-1.0-SNAPSHOT.jar!/logback.xml] is not of type file
12:27:24,237 |-INFO in ch.qos.logback.classic.joran.action.ConfigurationAction - debug attribute not set
12:27:24,237 |-INFO in ch.qos.logback.core.joran.action.AppenderAction - About to instantiate appender of type [ch.qos.logback.core.ConsoleAppender]
12:27:24,267 |-INFO in ch.qos.logback.core.joran.action.AppenderAction - Naming appender as [STDOUT]
12:27:24,283 |-INFO in ch.qos.logback.core.joran.action.NestedComplexPropertyIA - Assuming default type [ch.qos.logback.classic.encoder.PatternLayoutEncoder] for [encoder] property
12:27:24,378 |-INFO in ch.qos.logback.core.joran.action.AppenderAction - About to instantiate appender of type [ch.qos.logback.core.rolling.RollingFileAppender]
12:27:24,389 |-INFO in ch.qos.logback.core.joran.action.AppenderAction - Naming appender as [FILE]
12:27:24,423 |-INFO in c.q.l.core.rolling.TimeBasedRollingPolicy@1734853116 - No compression will be used
12:27:24,424 |-INFO in c.q.l.core.rolling.TimeBasedRollingPolicy@1734853116 - Will use the pattern /tmp/application_%d{yyyy-MM-dd}.%i.log for the active file
12:27:24,430 |-INFO in ch.qos.logback.core.rolling.SizeAndTimeBasedFNATP@29ee9faa - The date pattern is 'yyyy-MM-dd' from file name pattern '/tmp/application_%d{yyyy-MM-dd}.%i.log'.
12:27:24,430 |-INFO in ch.qos.logback.core.rolling.SizeAndTimeBasedFNATP@29ee9faa - Roll-over at midnight.
12:27:24,437 |-INFO in ch.qos.logback.core.rolling.SizeAndTimeBasedFNATP@29ee9faa - Setting initial period to Thu Oct 10 12:26:56 UTC 2019
12:27:24,437 |-WARN in ch.qos.logback.core.rolling.SizeAndTimeBasedFNATP@29ee9faa - SizeAndTimeBasedFNATP is deprecated. Use SizeAndTimeBasedRollingPolicy instead
12:27:24,437 |-WARN in ch.qos.logback.core.rolling.SizeAndTimeBasedFNATP@29ee9faa - For more information see http://logback.qos.ch/manual/appenders.html#SizeAndTimeBasedRollingPolicy
12:27:24,442 |-INFO in ch.qos.logback.core.joran.action.NestedComplexPropertyIA - Assuming default type [ch.qos.logback.classic.encoder.PatternLayoutEncoder] for [encoder] property
12:27:24,453 |-INFO in ch.qos.logback.core.rolling.RollingFileAppender[FILE] - Active log file name: /tmp/application.log
12:27:24,453 |-INFO in ch.qos.logback.core.rolling.RollingFileAppender[FILE] - File property is set to [/tmp/application.log]
12:27:24,455 |-INFO in ch.qos.logback.classic.joran.action.RootLoggerAction - Setting level of ROOT logger to INFO
12:27:24,455 |-INFO in ch.qos.logback.core.joran.action.AppenderRefAction - Attaching appender named [STDOUT] to Logger[ROOT]
12:27:24,456 |-INFO in ch.qos.logback.core.joran.action.AppenderRefAction - Attaching appender named [FILE] to Logger[ROOT]
12:27:24,456 |-INFO in ch.qos.logback.classic.joran.action.ConfigurationAction - End of configuration.
12:27:24,456 |-INFO in ch.qos.logback.classic.joran.JoranConfigurator@c038203 - Registering current configuration as safe fallback point

12:27:24.464 [main] INFO  c.s.f.r.WorkerApplication  - Starting worker with workerConfig 'WorkerConfig{id='flamestream-benchmarks-worker-11', localAddress=flamestream-benchmarks-worker-11/10.0.0.2:5412, zkString='flamestream-benchmarks-manager:12181', snapshotPath='/home/ubuntu/flamestream/data', guarantees=AT_MOST_ONCE}'
12:27:25.973 [worker-akka.actor.default-dispatcher-6] INFO  a.e.s.Slf4jLogger  - Slf4jLogger started
2019-10-10T12:27:26.130+0000: 2.333: [Full GC (Metadata GC Threshold) 2019-10-10T12:27:26.130+0000: 2.333: [Tenured: 0K->13624K(1024000K), 0.0515786 secs] 139464K->13624K(1484800K), [Metaspace: 20216K->20216K(1067008K)], 0.0516790 secs] [Times: user=0.04 sys=0.01, real=0.05 secs] 
12:27:26.290 [worker-akka.actor.default-dispatcher-6] WARN  a.r.RemoteActorRefProvider akka.remote.RemoteActorRefProvider - Using the 'remote' ActorRefProvider directly, which is a low-level layer. For most use cases, the 'cluster' abstraction on top of remoting is more suitable instead.
12:27:26.299 [worker-akka.actor.default-dispatcher-6] WARN  a.r.RemoteActorRefProvider akka.remote.RemoteActorRefProvider - Akka Cluster not in use - Using Akka Cluster is recommended if you need remote watch and deploy.
12:27:26.428 [worker-akka.actor.default-dispatcher-6] INFO  a.r.a.a.ArteryAeronUdpTransport(akka://worker) akka.remote.artery.aeron.ArteryAeronUdpTransport(akka://worker) - Started embedded media driver in directory [/dev/shm/aeron-flamestream-benchmarks-worker-11]
12:27:26.470 [worker-akka.actor.default-dispatcher-6] WARN  a.r.a.a.ArteryAeronUdpTransport(akka://worker) akka.remote.artery.aeron.ArteryAeronUdpTransport(akka://worker) - Aeron CnC version mismatch: compiled version = 15, file version = 16
12:27:26.760 [worker-akka.actor.default-dispatcher-6] INFO  a.r.a.a.ArteryAeronUdpTransport(akka://worker) akka.remote.artery.aeron.ArteryAeronUdpTransport(akka://worker) - Remoting started with transport [Artery aeron-udp]; listening on address [akka://worker@flamestream-benchmarks-worker-11:5412] and bound to [akka://worker@0.0.0.0:5412] with UID [-9078425707237992854]
12:27:27.312 [worker-akka.actor.default-dispatcher-6] WARN  a.s.Serialization(akka://worker) akka.serialization.Serialization(akka://worker) - Using serializer [com.romix.akka.serialization.kryo.KryoSerializer] for message [akka.actor.ActorSelectionMessage]. Note that this serializer is not implemented by Akka. It's not recommended to replace serializers for messages provided by Akka.
12:27:27.313 [worker-akka.actor.default-dispatcher-6] WARN  a.s.Serialization(akka://worker) akka.serialization.Serialization(akka://worker) - Using serializer [com.romix.akka.serialization.kryo.KryoSerializer] for message [akka.actor.ActorIdentity]. Note that this serializer is not implemented by Akka. It's not recommended to replace serializers for messages provided by Akka.
12:27:27.374 [worker-akka.actor.default-dispatcher-9] INFO  a.a.RepointableActorRef akka://worker/user/watcher - Starting...
12:27:27.512 [worker-akka.actor.default-dispatcher-6] INFO  o.a.c.u.Compatibility  - Running in ZooKeeper 3.4.x compatibility mode
12:27:27.544 [worker-akka.actor.default-dispatcher-6] INFO  o.a.c.f.i.CuratorFrameworkImpl  - Starting
12:27:27.555 [worker-akka.actor.default-dispatcher-6] INFO  o.a.z.ZooKeeper  - Client environment:zookeeper.version=3.4.14-4c25d480e66aadd371de8bd2fd8da255ac140bcf, built on 03/06/2019 16:18 GMT
12:27:27.555 [worker-akka.actor.default-dispatcher-6] INFO  o.a.z.ZooKeeper  - Client environment:host.name=flamestream-benchmarks-worker-11
12:27:27.556 [worker-akka.actor.default-dispatcher-6] INFO  o.a.z.ZooKeeper  - Client environment:java.version=1.8.0_222
12:27:27.556 [worker-akka.actor.default-dispatcher-6] INFO  o.a.z.ZooKeeper  - Client environment:java.vendor=Private Build
12:27:27.558 [worker-akka.actor.default-dispatcher-6] INFO  o.a.z.ZooKeeper  - Client environment:java.home=/usr/lib/jvm/java-8-openjdk-amd64/jre
12:27:27.559 [worker-akka.actor.default-dispatcher-6] INFO  o.a.z.ZooKeeper  - Client environment:java.class.path=lib/curator-framework-4.0.1.jar:lib/commons-csv-1.4.jar:lib/aeron-client-1.21.2.jar:lib/scala-library-2.12.9.jar:lib/asm-5.0.4.jar:lib/agrona-1.0.1.jar:lib/curator-recipes-4.0.1.jar:lib/akka-testkit_2.12-2.6.0-M6.jar:lib/flamestream-runtime-1.0-SNAPSHOT.jar:lib/slf4j-simple-2.0.0-alpha1.jar:lib/jsr305-3.0.2.jar:lib/trove4j-3.0.3.jar:lib/flamestream-core-1.0-SNAPSHOT.jar:lib/commons-io-2.4.jar:lib/minlog-1.3.0.jar:lib/kryonet-2.21.jar:lib/commons-1.4.9.jar:lib/jline-0.9.94.jar:lib/akka-remote_2.12-2.6.0-M6.jar:lib/leveldbjni-all-1.8.jar:lib/lz4-1.3.0.jar:lib/slf4j-api-1.7.24.jar:lib/scala-parser-combinators_2.12-1.1.2.jar:lib/flamestream-core-1.0-SNAPSHOT-tests.jar:lib/logback-core-1.2.3.jar:lib/netty-3.10.6.Final.jar:lib/protobuf-java-3.9.0.jar:lib/minlog-1.2.jar:lib/leveldb-api-0.7.jar:lib/jool-0.9.12.jar:lib/commons-cli-1.4.jar:lib/jblas-1.2.4.jar:lib/reflectasm-1.11.3.jar:lib/reflectasm-1.07-shaded.jar:lib/audience-annotations-0.5.0.jar:lib/jackson-annotations-2.9.6.jar:lib/commons-lang-2.6.jar:lib/ssl-config-core_2.12-0.3.8.jar:lib/annotations-13.0.jar:lib/logback-classic-1.2.3.jar:lib/guava-21.0.jar:lib/reactive-streams-1.0.2.jar:lib/spotbugs-annotations-3.1.9.jar:lib/leveldb-0.7.jar:lib/commons-pool2-2.4.2.jar:lib/rocksdbjni-5.5.1.jar:lib/jackson-core-2.9.9.jar:lib/jackson-databind-2.9.9.2.jar:lib/akka-protobuf-v3_2.12-2.6.0-M6.jar:lib/jackson-annotations-2.9.0.jar:lib/flamestream-examples-1.0-SNAPSHOT.jar:lib/objenesis-2.1.jar:lib/akka-kryo-serialization_2.12-0.5.2.jar:lib/scala-java8-compat_2.12-0.8.0.jar:lib/zookeeper-3.4.14.jar:lib/akka-slf4j_2.12-2.6.0-M6.jar:lib/kryo-4.0.0.jar:lib/akka-stream_2.12-2.6.0-M6.jar:lib/aeron-driver-1.21.2.jar:lib/config-1.3.1.jar:lib/annotations-12.0.jar:lib/jedis-2.9.0.jar:lib/jcommander-1.48.jar:lib/testng-6.10.jar:lib/akka-actor_2.12-2.6.0-M6.jar:lib/curator-client-4.0.1.jar:flamestream-runtime-1.0-SNAPSHOT.jar
12:27:27.559 [worker-akka.actor.default-dispatcher-6] INFO  o.a.z.ZooKeeper  - Client environment:java.library.path=/usr/java/packages/lib/amd64:/usr/lib/x86_64-linux-gnu/jni:/lib/x86_64-linux-gnu:/usr/lib/x86_64-linux-gnu:/usr/lib/jni:/lib:/usr/lib
12:27:27.559 [worker-akka.actor.default-dispatcher-6] INFO  o.a.z.ZooKeeper  - Client environment:java.io.tmpdir=/tmp
12:27:27.559 [worker-akka.actor.default-dispatcher-6] INFO  o.a.z.ZooKeeper  - Client environment:java.compiler=<NA>
12:27:27.559 [worker-akka.actor.default-dispatcher-6] INFO  o.a.z.ZooKeeper  - Client environment:os.name=Linux
12:27:27.560 [worker-akka.actor.default-dispatcher-6] INFO  o.a.z.ZooKeeper  - Client environment:os.arch=amd64
12:27:27.561 [worker-akka.actor.default-dispatcher-6] INFO  o.a.z.ZooKeeper  - Client environment:os.version=4.15.0-1040-gcp
12:27:27.563 [worker-akka.actor.default-dispatcher-6] INFO  o.a.z.ZooKeeper  - Client environment:user.name=ubuntu
12:27:27.563 [worker-akka.actor.default-dispatcher-6] INFO  o.a.z.ZooKeeper  - Client environment:user.home=/home/ubuntu
12:27:27.563 [worker-akka.actor.default-dispatcher-6] INFO  o.a.z.ZooKeeper  - Client environment:user.dir=/home/ubuntu/flamestream
12:27:27.565 [worker-akka.actor.default-dispatcher-6] INFO  o.a.z.ZooKeeper  - Initiating client connection, connectString=flamestream-benchmarks-manager:12181 sessionTimeout=60000 watcher=org.apache.curator.ConnectionState@652f61e2
12:27:27.597 [worker-akka.actor.default-dispatcher-6-SendThread(flamestream-benchmarks-manager:12181)] INFO  o.a.z.ClientCnxn  - Opening socket connection to server flamestream-benchmarks-manager/10.0.0.21:12181. Will not attempt to authenticate using SASL (unknown error)
12:27:27.600 [worker-akka.actor.default-dispatcher-6] INFO  o.a.c.f.i.CuratorFrameworkImpl  - Default schema
12:27:27.601 [worker-akka.actor.default-dispatcher-6-SendThread(flamestream-benchmarks-manager:12181)] INFO  o.a.z.ClientCnxn  - Socket connection established to flamestream-benchmarks-manager/10.0.0.21:12181, initiating session
12:27:27.612 [worker-akka.actor.default-dispatcher-6-SendThread(flamestream-benchmarks-manager:12181)] INFO  o.a.z.ClientCnxn  - Session establishment complete on server flamestream-benchmarks-manager/10.0.0.21:12181, sessionid = 0x100005c675e000b, negotiated timeout = 60000
12:27:27.620 [worker-akka.actor.default-dispatcher-6-EventThread] INFO  o.a.c.f.s.ConnectionStateManager  - State change: CONNECTED
12:27:27.625 [worker-akka.actor.default-dispatcher-9] INFO  a.a.RepointableActorRef akka://worker/user/watcher - Initializing rocksDB backend
2019-10-10T12:27:28.573+0000: 4.776: [Full GC (Metadata GC Threshold) 2019-10-10T12:27:28.573+0000: 4.776: [Tenured: 13624K->25940K(1024000K), 0.2094903 secs] 161114K->25940K(1484800K), [Metaspace: 33705K->33705K(1079296K)], 0.2095932 secs] [Times: user=0.15 sys=0.00, real=0.21 secs] 
12:27:28.926 [worker-akka.actor.default-dispatcher-6] INFO  a.a.LocalActorRef akka://worker/user/watcher/processing-watcher - Starting...
12:27:34.080 [worker-akka.actor.default-dispatcher-6] INFO  a.a.LocalActorRef akka://worker/user/watcher/processing-watcher/$a - Starting...
12:27:34.119 [worker-akka.actor.default-dispatcher-6] INFO  a.a.LocalActorRef akka://worker/user/watcher/processing-watcher/$a - Stopped
12:27:35.681 [worker-akka.actor.default-dispatcher-6] INFO  a.a.LocalActorRef akka://worker/user/watcher/processing-watcher/graph/graph - Starting...
12:27:39.242 [worker-akka.actor.default-dispatcher-12] INFO  a.a.LocalActorRef akka://worker/user/watcher/processing-watcher/graph/graph - Finishing constructor
12:27:39.246 [worker-akka.actor.default-dispatcher-12] INFO  a.a.LocalActorRef akka://worker/user/watcher/processing-watcher/graph/negotiator - Starting...
12:27:39.252 [worker-akka.actor.default-dispatcher-6] INFO  a.a.LocalActorRef akka://worker/user/watcher/processing-watcher/graph/edge - Starting...
12:27:39.255 [worker-akka.actor.default-dispatcher-12] INFO  a.a.LocalActorRef akka://worker/user/watcher/processing-watcher/graph - Starting FlameNode with config 'ClusterConfig{paths={flamestream-benchmarks-worker-1=akka://worker@flamestream-benchmarks-worker-1:5412/user/watcher/processing-watcher/graph, flamestream-benchmarks-worker-0=akka://worker@flamestream-benchmarks-worker-0:5412/user/watcher/processing-watcher/graph, flamestream-benchmarks-worker-9=akka://worker@flamestream-benchmarks-worker-9:5412/user/watcher/processing-watcher/graph, flamestream-benchmarks-worker-8=akka://worker@flamestream-benchmarks-worker-8:5412/user/watcher/processing-watcher/graph, flamestream-benchmarks-worker-7=akka://worker@flamestream-benchmarks-worker-7:5412/user/watcher/processing-watcher/graph, flamestream-benchmarks-worker-6=akka://worker@flamestream-benchmarks-worker-6:5412/user/watcher/processing-watcher/graph, flamestream-benchmarks-worker-5=akka://worker@flamestream-benchmarks-worker-5:5412/user/watcher/processing-watcher/graph, flamestream-benchmarks-worker-4=akka://worker@flamestream-benchmarks-worker-4:5412/user/watcher/processing-watcher/graph, flamestream-benchmarks-worker-3=akka://worker@flamestream-benchmarks-worker-3:5412/user/watcher/processing-watcher/graph, flamestream-benchmarks-worker-2=akka://worker@flamestream-benchmarks-worker-2:5412/user/watcher/processing-watcher/graph, flamestream-benchmarks-worker-14=akka://worker@flamestream-benchmarks-worker-14:5412/user/watcher/processing-watcher/graph, flamestream-benchmarks-worker-13=akka://worker@flamestream-benchmarks-worker-13:5412/user/watcher/processing-watcher/graph, flamestream-benchmarks-worker-12=akka://worker@flamestream-benchmarks-worker-12:5412/user/watcher/processing-watcher/graph, flamestream-benchmarks-worker-11=akka://worker@flamestream-benchmarks-worker-11:5412/user/watcher/processing-watcher/graph, flamestream-benchmarks-worker-10=akka://worker@flamestream-benchmarks-worker-10:5412/user/watcher/processing-watcher/graph}}'
12:27:39.306 [worker-akka.actor.default-dispatcher-10] INFO  a.a.LocalActorRef akka://worker/user/watcher/processing-watcher/graph/negotiator - Requesting ticket for the frontClass FlameSocketGraphDeployerFront@flamestream-benchmarks-worker-11
12:27:39.309 [worker-akka.actor.default-dispatcher-9] INFO  a.a.LocalActorRef akka://worker/user/watcher/processing-watcher/graph/graph - Received last commit 'LastCommit{globalTime=(0000000, min@min)}'
12:27:39.349 [worker-akka.actor.default-dispatcher-6] INFO  c.s.f.r.e.s.SocketRear  - FlameSocketGraphDeployerRear@flamestream-benchmarks-worker-11: connecting to flamestream-benchmarks-manager:5678
12:27:39.377 [worker-akka.actor.default-dispatcher-12] INFO  a.a.LocalActorRef akka://worker/user/watcher/processing-watcher/graph/edge/FlameSocketGraphDeployerFront - Starting...
12:27:39.382 [worker-akka.actor.default-dispatcher-6] INFO  c.s.f.r.e.s.SocketRear  - FlameSocketGraphDeployerRear@flamestream-benchmarks-worker-11: connected to flamestream-benchmarks-manager:5678
12:27:39.383 [worker-akka.actor.default-dispatcher-6] INFO  a.a.LocalActorRef akka://worker/user/watcher/processing-watcher/graph/edge/FlameSocketGraphDeployerRear - Starting...
12:27:39.389 [worker-akka.actor.default-dispatcher-13] INFO  a.a.LocalActorRef akka://worker/user/watcher/processing-watcher/graph/negotiator - Ticket for the frontClass received: FrontTicket{allowedTimestamp=(0000000, FlameSocketGraphDeployerFront@flamestream-benchmarks-worker-11)}
12:27:39.390 [worker-akka.actor.default-dispatcher-13] INFO  c.s.f.r.e.s.SocketFront  - FlameSocketGraphDeployerFront@flamestream-benchmarks-worker-11: connecting to flamestream-benchmarks-manager:4567
12:27:39.585 [worker-akka.actor.default-dispatcher-13] INFO  a.a.LocalActorRef akka://worker/user/watcher/processing-watcher/graph/graph/$a - Starting...
12:27:39.591 [worker-akka.actor.default-dispatcher-13] INFO  a.a.LocalActorRef akka://worker/user/watcher/processing-watcher/graph/graph/$b - Starting...
12:27:39.594 [worker-akka.actor.default-dispatcher-13] INFO  a.a.LocalActorRef akka://worker/user/watcher/processing-watcher/graph/graph/$c - Starting...
12:27:39.600 [worker-akka.actor.default-dispatcher-13] INFO  a.a.LocalActorRef akka://worker/user/watcher/processing-watcher/graph/graph/$d - Starting...
12:27:39.603 [worker-akka.actor.default-dispatcher-13] INFO  a.a.LocalActorRef akka://worker/user/watcher/processing-watcher/graph/graph/$e - Starting...
12:27:39.605 [worker-akka.actor.default-dispatcher-13] INFO  a.a.LocalActorRef akka://worker/user/watcher/processing-watcher/graph/graph/$f - Starting...
12:27:39.607 [worker-akka.actor.default-dispatcher-13] INFO  a.a.LocalActorRef akka://worker/user/watcher/processing-watcher/graph/graph/$g - Starting...
12:27:39.610 [worker-akka.actor.default-dispatcher-13] INFO  a.a.LocalActorRef akka://worker/user/watcher/processing-watcher/graph/graph/$h - Starting...
12:27:39.613 [worker-akka.actor.default-dispatcher-13] INFO  a.a.LocalActorRef akka://worker/user/watcher/processing-watcher/graph/graph/$i - Starting...
12:27:39.616 [worker-akka.actor.default-dispatcher-13] INFO  a.a.LocalActorRef akka://worker/user/watcher/processing-watcher/graph/graph/$j - Starting...
12:27:39.619 [worker-akka.actor.default-dispatcher-13] INFO  a.a.LocalActorRef akka://worker/user/watcher/processing-watcher/graph/graph/$k - Starting...
12:27:39.621 [worker-akka.actor.default-dispatcher-13] INFO  a.a.LocalActorRef akka://worker/user/watcher/processing-watcher/graph/graph/$l - Starting...
12:27:39.624 [worker-akka.actor.default-dispatcher-13] INFO  a.a.LocalActorRef akka://worker/user/watcher/processing-watcher/graph/graph/$m - Starting...
12:27:39.627 [worker-akka.actor.default-dispatcher-13] INFO  a.a.LocalActorRef akka://worker/user/watcher/processing-watcher/graph/graph/$n - Starting...
12:27:39.629 [worker-akka.actor.default-dispatcher-13] INFO  a.a.LocalActorRef akka://worker/user/watcher/processing-watcher/graph/graph/$o - Starting...
12:27:39.635 [worker-akka.actor.default-dispatcher-13] INFO  a.a.LocalActorRef akka://worker/user/watcher/processing-watcher/graph/graph/$p - Starting...
12:27:39.637 [worker-akka.actor.default-dispatcher-13] INFO  a.a.LocalActorRef akka://worker/user/watcher/processing-watcher/graph/graph/$q - Starting...
12:27:39.639 [worker-akka.actor.default-dispatcher-13] INFO  a.a.LocalActorRef akka://worker/user/watcher/processing-watcher/graph/graph/$r - Starting...
12:27:39.649 [worker-akka.actor.default-dispatcher-13] INFO  a.a.LocalActorRef akka://worker/user/watcher/processing-watcher/graph/graph/$s - Starting...
12:27:39.674 [worker-akka.actor.default-dispatcher-13] INFO  a.a.LocalActorRef akka://worker/user/watcher/processing-watcher/graph/graph/$t - Starting...
12:27:39.675 [worker-akka.actor.default-dispatcher-13] INFO  a.a.LocalActorRef akka://worker/user/watcher/processing-watcher/graph/graph/$u - Starting...
12:27:39.677 [worker-akka.actor.default-dispatcher-13] INFO  a.a.LocalActorRef akka://worker/user/watcher/processing-watcher/graph/graph/$v - Starting...
12:27:39.680 [worker-akka.actor.default-dispatcher-13] INFO  a.a.LocalActorRef akka://worker/user/watcher/processing-watcher/graph/graph/$w - Starting...
12:27:39.681 [worker-akka.actor.default-dispatcher-13] INFO  a.a.LocalActorRef akka://worker/user/watcher/processing-watcher/graph/graph/$x - Starting...
12:27:39.686 [worker-akka.actor.default-dispatcher-13] INFO  a.a.LocalActorRef akka://worker/user/watcher/processing-watcher/graph/graph/$y - Starting...
12:27:39.692 [worker-akka.actor.default-dispatcher-13] INFO  a.a.LocalActorRef akka://worker/user/watcher/processing-watcher/graph/graph/$z - Starting...
12:27:39.695 [worker-akka.actor.default-dispatcher-13] INFO  a.a.LocalActorRef akka://worker/user/watcher/processing-watcher/graph/graph/$A - Starting...
12:27:39.697 [worker-akka.actor.default-dispatcher-13] INFO  a.a.LocalActorRef akka://worker/user/watcher/processing-watcher/graph/graph/$s - Attached rear to graph (-9223372036854775808, min@min)
12:27:39.697 [worker-akka.actor.default-dispatcher-13] INFO  a.a.LocalActorRef akka://worker/user/watcher/processing-watcher/graph/graph/$C - Starting...
12:27:39.697 [worker-akka.actor.default-dispatcher-13] INFO  a.a.LocalActorRef akka://worker/user/watcher/processing-watcher/graph/graph/$D - Starting...
12:27:39.700 [worker-akka.actor.default-dispatcher-13] INFO  a.a.LocalActorRef akka://worker/user/watcher/processing-watcher/graph/graph/$B - Starting...
12:27:39.700 [worker-akka.actor.default-dispatcher-13] INFO  a.a.LocalActorRef akka://worker/user/watcher/processing-watcher/graph/graph/$G - Starting...
12:27:39.700 [worker-akka.actor.default-dispatcher-13] INFO  a.a.LocalActorRef akka://worker/user/watcher/processing-watcher/graph/graph/$H - Starting...
12:27:39.701 [worker-akka.actor.default-dispatcher-13] INFO  a.a.LocalActorRef akka://worker/user/watcher/processing-watcher/graph/graph/$E - Starting...
12:27:39.701 [worker-akka.actor.default-dispatcher-13] INFO  a.a.LocalActorRef akka://worker/user/watcher/processing-watcher/graph/graph/$F - Starting...
2019-10-10T12:27:52.080+0000: 28.283: [GC (Allocation Failure) 2019-10-10T12:27:52.080+0000: 28.283: [DefNew: 409600K->30642K(460800K), 0.0416602 secs] 435540K->56582K(1484800K), 0.0417893 secs] [Times: user=0.03 sys=0.01, real=0.04 secs] 
2019-10-10T12:27:59.560+0000: 35.763: [GC (Allocation Failure) 2019-10-10T12:27:59.560+0000: 35.763: [DefNew: 440242K->66K(460800K), 0.0328530 secs] 466182K->54168K(1484800K), 0.0329558 secs] [Times: user=0.01 sys=0.02, real=0.03 secs] 
2019-10-10T12:28:05.176+0000: 41.379: [GC (Allocation Failure) 2019-10-10T12:28:05.176+0000: 41.379: [DefNew: 409666K->145K(460800K), 0.0028479 secs] 463768K->54247K(1484800K), 0.0029407 secs] [Times: user=0.00 sys=0.00, real=0.01 secs] 
2019-10-10T12:28:10.041+0000: 46.244: [GC (Allocation Failure) 2019-10-10T12:28:10.041+0000: 46.244: [DefNew: 409745K->107K(460800K), 0.0029846 secs] 463847K->54209K(1484800K), 0.0031148 secs] [Times: user=0.00 sys=0.00, real=0.00 secs] 
2019-10-10T12:28:14.860+0000: 51.063: [GC (Allocation Failure) 2019-10-10T12:28:14.860+0000: 51.063: [DefNew: 409707K->184K(460800K), 0.0031163 secs] 463809K->54286K(1484800K), 0.0032188 secs] [Times: user=0.01 sys=0.00, real=0.00 secs] 
2019-10-10T12:28:19.508+0000: 55.711: [GC (Allocation Failure) 2019-10-10T12:28:19.508+0000: 55.711: [DefNew: 409784K->203K(460800K), 0.0033272 secs] 463886K->54305K(1484800K), 0.0034162 secs] [Times: user=0.00 sys=0.00, real=0.01 secs] 
2019-10-10T12:28:24.850+0000: 61.053: [GC (Allocation Failure) 2019-10-10T12:28:24.850+0000: 61.053: [DefNew: 409803K->286K(460800K), 0.0032659 secs] 463905K->54388K(1484800K), 0.0033631 secs] [Times: user=0.00 sys=0.00, real=0.00 secs] 
2019-10-10T12:28:32.165+0000: 68.368: [GC (Allocation Failure) 2019-10-10T12:28:32.165+0000: 68.368: [DefNew: 409886K->405K(460800K), 0.0039706 secs] 463988K->54507K(1484800K), 0.0040728 secs] [Times: user=0.01 sys=0.00, real=0.00 secs] 
2019-10-10T12:28:37.797+0000: 74.000: [GC (Allocation Failure) 2019-10-10T12:28:37.797+0000: 74.000: [DefNew: 410005K->387K(460800K), 0.0035897 secs] 464107K->54489K(1484800K), 0.0037048 secs] [Times: user=0.00 sys=0.00, real=0.01 secs] 
2019-10-10T12:28:43.456+0000: 79.659: [GC (Allocation Failure) 2019-10-10T12:28:43.457+0000: 79.659: [DefNew: 409987K->419K(460800K), 0.0036234 secs] 464089K->54521K(1484800K), 0.0037472 secs] [Times: user=0.00 sys=0.00, real=0.01 secs] 
2019-10-10T12:28:49.553+0000: 85.756: [GC (Allocation Failure) 2019-10-10T12:28:49.553+0000: 85.756: [DefNew: 410019K->347K(460800K), 0.0033347 secs] 464121K->54449K(1484800K), 0.0034370 secs] [Times: user=0.00 sys=0.00, real=0.00 secs] 
2019-10-10T12:28:55.128+0000: 91.331: [GC (Allocation Failure) 2019-10-10T12:28:55.128+0000: 91.331: [DefNew: 409947K->459K(460800K), 0.0038069 secs] 464049K->54561K(1484800K), 0.0039032 secs] [Times: user=0.00 sys=0.00, real=0.01 secs] 
2019-10-10T12:29:01.598+0000: 97.801: [GC (Allocation Failure) 2019-10-10T12:29:01.599+0000: 97.801: [DefNew: 410059K->520K(460800K), 0.0039803 secs] 464161K->54622K(1484800K), 0.0040785 secs] [Times: user=0.00 sys=0.00, real=0.00 secs] 
2019-10-10T12:29:07.195+0000: 103.398: [GC (Allocation Failure) 2019-10-10T12:29:07.195+0000: 103.398: [DefNew: 410120K->433K(460800K), 0.0038232 secs] 464222K->54535K(1484800K), 0.0039235 secs] [Times: user=0.00 sys=0.00, real=0.01 secs] 
2019-10-10T12:29:12.703+0000: 108.907: [GC (Allocation Failure) 2019-10-10T12:29:12.704+0000: 108.907: [DefNew: 410033K->426K(460800K), 0.0044017 secs] 464135K->54528K(1484800K), 0.0056649 secs] [Times: user=0.00 sys=0.01, real=0.00 secs] 
2019-10-10T12:29:18.149+0000: 114.352: [GC (Allocation Failure) 2019-10-10T12:29:18.149+0000: 114.352: [DefNew: 410026K->438K(460800K), 0.0037523 secs] 464128K->54540K(1484800K), 0.0038562 secs] [Times: user=0.01 sys=0.00, real=0.00 secs] 
2019-10-10T12:29:23.683+0000: 119.887: [GC (Allocation Failure) 2019-10-10T12:29:23.684+0000: 119.887: [DefNew: 410038K->440K(460800K), 0.0045658 secs] 464140K->54554K(1484800K), 0.0059560 secs] [Times: user=0.01 sys=0.00, real=0.00 secs] 
2019-10-10T12:29:30.433+0000: 126.635: [GC (Allocation Failure) 2019-10-10T12:29:30.433+0000: 126.636: [DefNew: 410040K->437K(460800K), 0.0038105 secs] 464154K->54557K(1484800K), 0.0039067 secs] [Times: user=0.01 sys=0.00, real=0.00 secs] 
2019-10-10T12:29:36.472+0000: 132.675: [GC (Allocation Failure) 2019-10-10T12:29:36.472+0000: 132.675: [DefNew: 410037K->346K(460800K), 0.0034716 secs] 464157K->54476K(1484800K), 0.0035735 secs] [Times: user=0.00 sys=0.00, real=0.00 secs] 
2019-10-10T12:29:41.758+0000: 137.962: [GC (Allocation Failure) 2019-10-10T12:29:41.759+0000: 137.962: [DefNew: 409946K->563K(460800K), 0.0042095 secs] 464076K->54694K(1484800K), 0.0057096 secs] [Times: user=0.01 sys=0.00, real=0.00 secs] 
2019-10-10T12:29:47.131+0000: 143.334: [GC (Allocation Failure) 2019-10-10T12:29:47.132+0000: 143.335: [DefNew: 410163K->360K(460800K), 0.0038663 secs] 464294K->54492K(1484800K), 0.0050815 secs] [Times: user=0.00 sys=0.00, real=0.00 secs] 
2019-10-10T12:29:52.910+0000: 149.115: [GC (Allocation Failure) 2019-10-10T12:29:52.912+0000: 149.115: [DefNew: 409960K->339K(460800K), 0.0040255 secs] 464092K->54541K(1484800K), 0.0053460 secs] [Times: user=0.01 sys=0.00, real=0.00 secs] 
2019-10-10T12:29:58.458+0000: 154.663: [GC (Allocation Failure) 2019-10-10T12:29:58.460+0000: 154.663: [DefNew: 409939K->338K(460800K), 0.0042225 secs] 464141K->54663K(1484800K), 0.0056159 secs] [Times: user=0.00 sys=0.00, real=0.00 secs] 
2019-10-10T12:30:04.059+0000: 160.262: [GC (Allocation Failure) 2019-10-10T12:30:04.059+0000: 160.262: [DefNew: 409938K->176K(460800K), 0.0029476 secs] 464263K->54502K(1484800K), 0.0030490 secs] [Times: user=0.00 sys=0.00, real=0.00 secs] 
2019-10-10T12:30:09.567+0000: 165.770: [GC (Allocation Failure) 2019-10-10T12:30:09.567+0000: 165.770: [DefNew: 409776K->224K(460800K), 0.0031084 secs] 464102K->54550K(1484800K), 0.0031947 secs] [Times: user=0.00 sys=0.00, real=0.01 secs] 
2019-10-10T12:30:14.975+0000: 171.179: [GC (Allocation Failure) 2019-10-10T12:30:14.976+0000: 171.179: [DefNew: 409824K->110K(460800K), 0.0029514 secs] 464150K->54439K(1484800K), 0.0044132 secs] [Times: user=0.01 sys=0.00, real=0.01 secs] 
2019-10-10T12:30:20.588+0000: 176.792: [GC (Allocation Failure) 2019-10-10T12:30:20.589+0000: 176.792: [DefNew: 409710K->112K(460800K), 0.0030081 secs] 464039K->54441K(1484800K), 0.0043293 secs] [Times: user=0.01 sys=0.00, real=0.01 secs] 
2019-10-10T12:30:26.171+0000: 182.373: [GC (Allocation Failure) 2019-10-10T12:30:26.171+0000: 182.373: [DefNew: 409712K->236K(460800K), 0.0031406 secs] 464041K->54566K(1484800K), 0.0032359 secs] [Times: user=0.00 sys=0.00, real=0.00 secs] 
2019-10-10T12:30:31.598+0000: 187.802: [GC (Allocation Failure) 2019-10-10T12:30:31.599+0000: 187.802: [DefNew: 409836K->293K(460800K), 0.0035814 secs] 464166K->54624K(1484800K), 0.0050467 secs] [Times: user=0.00 sys=0.00, real=0.00 secs] 
2019-10-10T12:30:36.924+0000: 193.127: [GC (Allocation Failure) 2019-10-10T12:30:36.924+0000: 193.127: [DefNew: 409893K->190K(460800K), 0.0029403 secs] 464224K->54521K(1484800K), 0.0030328 secs] [Times: user=0.00 sys=0.00, real=0.00 secs] 
2019-10-10T12:30:42.538+0000: 198.742: [GC (Allocation Failure) 2019-10-10T12:30:42.539+0000: 198.742: [DefNew: 409790K->151K(460800K), 0.0031790 secs] 464121K->54483K(1484800K), 0.0048871 secs] [Times: user=0.01 sys=0.00, real=0.00 secs] 
2019-10-10T12:30:47.987+0000: 204.190: [GC (Allocation Failure) 2019-10-10T12:30:47.988+0000: 204.190: [DefNew: 409751K->207K(460800K), 0.0030162 secs] 464083K->54539K(1484800K), 0.0031174 secs] [Times: user=0.01 sys=0.00, real=0.01 secs] 
2019-10-10T12:30:53.445+0000: 209.649: [GC (Allocation Failure) 2019-10-10T12:30:53.446+0000: 209.649: [DefNew: 409807K->268K(460800K), 0.0036100 secs] 464139K->54622K(1484800K), 0.0049589 secs] [Times: user=0.00 sys=0.00, real=0.01 secs] 
2019-10-10T12:30:58.923+0000: 215.126: [GC (Allocation Failure) 2019-10-10T12:30:58.923+0000: 215.126: [DefNew: 409868K->130K(460800K), 0.0028189 secs] 464222K->54485K(1484800K), 0.0029126 secs] [Times: user=0.01 sys=0.00, real=0.00 secs] 
2019-10-10T12:31:04.208+0000: 220.412: [GC (Allocation Failure) 2019-10-10T12:31:04.209+0000: 220.412: [DefNew: 409730K->371K(460800K), 0.0038618 secs] 464085K->54727K(1484800K), 0.0054368 secs] [Times: user=0.00 sys=0.00, real=0.01 secs] 
2019-10-10T12:31:09.968+0000: 226.171: [GC (Allocation Failure) 2019-10-10T12:31:09.968+0000: 226.171: [DefNew: 409971K->162K(460800K), 0.0029570 secs] 464327K->54517K(1484800K), 0.0030709 secs] [Times: user=0.00 sys=0.00, real=0.01 secs] 
2019-10-10T12:31:15.692+0000: 231.895: [GC (Allocation Failure) 2019-10-10T12:31:15.692+0000: 231.895: [DefNew: 409762K->203K(460800K), 0.0033844 secs] 464117K->54559K(1484800K), 0.0034727 secs] [Times: user=0.01 sys=0.00, real=0.00 secs] 
2019-10-10T12:31:21.301+0000: 237.504: [GC (Allocation Failure) 2019-10-10T12:31:21.301+0000: 237.504: [DefNew: 409803K->221K(460800K), 0.0032729 secs] 464159K->54577K(1484800K), 0.0035851 secs] [Times: user=0.01 sys=0.00, real=0.00 secs] 
2019-10-10T12:31:26.823+0000: 243.027: [GC (Allocation Failure) 2019-10-10T12:31:26.825+0000: 243.027: [DefNew: 409821K->232K(460800K), 0.0033463 secs] 464177K->54589K(1484800K), 0.0047194 secs] [Times: user=0.00 sys=0.00, real=0.00 secs] 
2019-10-10T12:31:32.174+0000: 248.378: [GC (Allocation Failure) 2019-10-10T12:31:32.175+0000: 248.378: [DefNew: 409832K->143K(460800K), 0.0031346 secs] 464189K->54501K(1484800K), 0.0047358 secs] [Times: user=0.00 sys=0.00, real=0.01 secs] 
2019-10-10T12:31:37.518+0000: 253.722: [GC (Allocation Failure) 2019-10-10T12:31:37.519+0000: 253.722: [DefNew: 409743K->175K(460800K), 0.0034635 secs] 464101K->54533K(1484800K), 0.0048637 secs] [Times: user=0.01 sys=0.00, real=0.00 secs] 
2019-10-10T12:31:43.171+0000: 259.374: [GC (Allocation Failure) 2019-10-10T12:31:43.171+0000: 259.374: [DefNew: 409775K->194K(460800K), 0.0029334 secs] 464133K->54552K(1484800K), 0.0030194 secs] [Times: user=0.01 sys=0.00, real=0.00 secs] 
2019-10-10T12:31:48.508+0000: 264.711: [GC (Allocation Failure) 2019-10-10T12:31:48.509+0000: 264.711: [DefNew: 409794K->130K(460800K), 0.0029163 secs] 464152K->54513K(1484800K), 0.0030042 secs] [Times: user=0.00 sys=0.00, real=0.01 secs] 
2019-10-10T12:31:54.149+0000: 270.352: [GC (Allocation Failure) 2019-10-10T12:31:54.149+0000: 270.352: [DefNew: 409730K->219K(460800K), 0.0031725 secs] 464113K->54621K(1484800K), 0.0032610 secs] [Times: user=0.00 sys=0.00, real=0.01 secs] 
2019-10-10T12:31:59.484+0000: 275.688: [GC (Allocation Failure) 2019-10-10T12:31:59.485+0000: 275.688: [DefNew: 409819K->225K(460800K), 0.0032436 secs] 464221K->54627K(1484800K), 0.0045317 secs] [Times: user=0.01 sys=0.01, real=0.00 secs] 
2019-10-10T12:32:04.845+0000: 281.048: [GC (Allocation Failure) 2019-10-10T12:32:04.845+0000: 281.048: [DefNew: 409825K->122K(460800K), 0.0028086 secs] 464227K->54524K(1484800K), 0.0028986 secs] [Times: user=0.00 sys=0.00, real=0.00 secs] 
2019-10-10T12:32:10.187+0000: 286.391: [GC (Allocation Failure) 2019-10-10T12:32:10.188+0000: 286.391: [DefNew: 409722K->223K(460800K), 0.0034788 secs] 464124K->54625K(1484800K), 0.0050339 secs] [Times: user=0.01 sys=0.00, real=0.01 secs] 
2019-10-10T12:32:15.434+0000: 291.638: [GC (Allocation Failure) 2019-10-10T12:32:15.435+0000: 291.638: [DefNew: 409823K->93K(460800K), 0.0032690 secs] 464225K->54497K(1484800K), 0.0049921 secs] [Times: user=0.00 sys=0.00, real=0.01 secs] 
2019-10-10T12:32:21.570+0000: 297.773: [GC (Allocation Failure) 2019-10-10T12:32:21.570+0000: 297.773: [DefNew: 409693K->95K(460800K), 0.0027359 secs] 464097K->54498K(1484800K), 0.0028382 secs] [Times: user=0.00 sys=0.00, real=0.00 secs] 
2019-10-10T12:32:27.059+0000: 303.262: [GC (Allocation Failure) 2019-10-10T12:32:27.059+0000: 303.262: [DefNew: 409695K->341K(460800K), 0.0040701 secs] 464098K->54744K(1484800K), 0.0041654 secs] [Times: user=0.01 sys=0.00, real=0.00 secs] 
2019-10-10T12:32:32.299+0000: 308.504: [GC (Allocation Failure) 2019-10-10T12:32:32.301+0000: 308.504: [DefNew: 409941K->372K(460800K), 0.0037784 secs] 464344K->54776K(1484800K), 0.0054138 secs] [Times: user=0.00 sys=0.00, real=0.00 secs] 
2019-10-10T12:32:37.675+0000: 313.880: [GC (Allocation Failure) 2019-10-10T12:32:37.677+0000: 313.880: [DefNew: 409972K->274K(460800K), 0.0035706 secs] 464376K->54678K(1484800K), 0.0049802 secs] [Times: user=0.01 sys=0.00, real=0.01 secs] 
2019-10-10T12:32:42.956+0000: 319.160: [GC (Allocation Failure) 2019-10-10T12:32:42.958+0000: 319.160: [DefNew: 409874K->210K(460800K), 0.0031412 secs] 464278K->54614K(1484800K), 0.0043881 secs] [Times: user=0.01 sys=0.01, real=0.01 secs] 
2019-10-10T12:32:48.293+0000: 324.496: [GC (Allocation Failure) 2019-10-10T12:32:48.293+0000: 324.496: [DefNew: 409810K->125K(460800K), 0.0028928 secs] 464214K->54529K(1484800K), 0.0029802 secs] [Times: user=0.00 sys=0.00, real=0.00 secs] 
2019-10-10T12:32:53.554+0000: 329.758: [GC (Allocation Failure) 2019-10-10T12:32:53.555+0000: 329.758: [DefNew: 409725K->233K(460800K), 0.0033699 secs] 464129K->54647K(1484800K), 0.0046925 secs] [Times: user=0.00 sys=0.01, real=0.01 secs] 
2019-10-10T12:32:59.293+0000: 335.496: [GC (Allocation Failure) 2019-10-10T12:32:59.293+0000: 335.496: [DefNew: 409833K->292K(460800K), 0.0035116 secs] 464247K->54707K(1484800K), 0.0036093 secs] [Times: user=0.00 sys=0.00, real=0.00 secs] 
2019-10-10T12:33:04.846+0000: 341.050: [GC (Allocation Failure) 2019-10-10T12:33:04.847+0000: 341.050: [DefNew: 409892K->307K(460800K), 0.0037093 secs] 464307K->54721K(1484800K), 0.0051334 secs] [Times: user=0.00 sys=0.00, real=0.01 secs] 
2019-10-10T12:33:10.082+0000: 346.286: [GC (Allocation Failure) 2019-10-10T12:33:10.083+0000: 346.286: [DefNew: 409907K->179K(460800K), 0.0034722 secs] 464321K->54594K(1484800K), 0.0052094 secs] [Times: user=0.00 sys=0.00, real=0.00 secs] 
2019-10-10T12:33:15.581+0000: 351.785: [GC (Allocation Failure) 2019-10-10T12:33:15.582+0000: 351.785: [DefNew: 409779K->295K(460800K), 0.0034613 secs] 464194K->54710K(1484800K), 0.0049621 secs] [Times: user=0.00 sys=0.00, real=0.00 secs] 
2019-10-10T12:33:20.873+0000: 357.076: [GC (Allocation Failure) 2019-10-10T12:33:20.873+0000: 357.076: [DefNew: 409895K->247K(460800K), 0.0032573 secs] 464310K->54662K(1484800K), 0.0033421 secs] [Times: user=0.01 sys=0.00, real=0.00 secs] 
2019-10-10T12:33:26.688+0000: 362.892: [GC (Allocation Failure) 2019-10-10T12:33:26.689+0000: 362.892: [DefNew: 409847K->149K(460800K), 0.0032531 secs] 464262K->54564K(1484800K), 0.0047146 secs] [Times: user=0.00 sys=0.00, real=0.01 secs] 
2019-10-10T12:33:32.246+0000: 368.449: [GC (Allocation Failure) 2019-10-10T12:33:32.246+0000: 368.449: [DefNew: 409749K->139K(460800K), 0.0028651 secs] 464164K->54554K(1484800K), 0.0029582 secs] [Times: user=0.00 sys=0.00, real=0.00 secs] 
2019-10-10T12:33:37.585+0000: 373.789: [GC (Allocation Failure) 2019-10-10T12:33:37.586+0000: 373.789: [DefNew: 409739K->193K(460800K), 0.0031787 secs] 464154K->54608K(1484800K), 0.0044608 secs] [Times: user=0.01 sys=0.00, real=0.01 secs] 
2019-10-10T12:33:42.903+0000: 379.106: [GC (Allocation Failure) 2019-10-10T12:33:42.903+0000: 379.106: [DefNew: 409793K->135K(460800K), 0.0027921 secs] 464208K->54552K(1484800K), 0.0028865 secs] [Times: user=0.00 sys=0.00, real=0.00 secs] 
2019-10-10T12:33:48.217+0000: 384.420: [GC (Allocation Failure) 2019-10-10T12:33:48.217+0000: 384.420: [DefNew: 409735K->111K(460800K), 0.0028715 secs] 464152K->54551K(1484800K), 0.0029609 secs] [Times: user=0.01 sys=0.00, real=0.01 secs] 
2019-10-10T12:33:53.598+0000: 389.802: [GC (Allocation Failure) 2019-10-10T12:33:53.599+0000: 389.802: [DefNew: 409711K->320K(460800K), 0.0036800 secs] 464151K->54767K(1484800K), 0.0052880 secs] [Times: user=0.00 sys=0.00, real=0.00 secs] 
2019-10-10T12:33:58.953+0000: 395.157: [GC (Allocation Failure) 2019-10-10T12:33:58.954+0000: 395.157: [DefNew: 409920K->237K(460800K), 0.0034182 secs] 464367K->54685K(1484800K), 0.0047220 secs] [Times: user=0.00 sys=0.00, real=0.01 secs] 
2019-10-10T12:34:04.278+0000: 400.482: [GC (Allocation Failure) 2019-10-10T12:34:04.279+0000: 400.482: [DefNew: 409837K->180K(460800K), 0.0033433 secs] 464285K->54628K(1484800K), 0.0046864 secs] [Times: user=0.01 sys=0.00, real=0.00 secs] 
2019-10-10T12:34:09.621+0000: 405.825: [GC (Allocation Failure) 2019-10-10T12:34:09.622+0000: 405.825: [DefNew: 409780K->245K(460800K), 0.0032862 secs] 464228K->54693K(1484800K), 0.0046004 secs] [Times: user=0.01 sys=0.00, real=0.00 secs] 
2019-10-10T12:34:14.817+0000: 411.021: [GC (Allocation Failure) 2019-10-10T12:34:14.818+0000: 411.021: [DefNew: 409845K->240K(460800K), 0.0035545 secs] 464293K->54688K(1484800K), 0.0048364 secs] [Times: user=0.01 sys=0.00, real=0.01 secs] 
2019-10-10T12:34:20.186+0000: 416.390: [GC (Allocation Failure) 2019-10-10T12:34:20.187+0000: 416.390: [DefNew: 409840K->178K(460800K), 0.0033713 secs] 464288K->54626K(1484800K), 0.0044767 secs] [Times: user=0.01 sys=0.00, real=0.01 secs] 
2019-10-10T12:34:25.384+0000: 421.588: [GC (Allocation Failure) 2019-10-10T12:34:25.385+0000: 421.588: [DefNew: 409778K->366K(460800K), 0.0035192 secs] 464226K->54815K(1484800K), 0.0048748 secs] [Times: user=0.00 sys=0.00, real=0.00 secs] 
2019-10-10T12:34:30.929+0000: 427.133: [GC (Allocation Failure) 2019-10-10T12:34:30.930+0000: 427.133: [DefNew: 409966K->128K(460800K), 0.0032355 secs] 464415K->54576K(1484800K), 0.0045444 secs] [Times: user=0.00 sys=0.00, real=0.01 secs] 
2019-10-10T12:34:36.490+0000: 432.694: [GC (Allocation Failure) 2019-10-10T12:34:36.491+0000: 432.694: [DefNew: 409728K->263K(460800K), 0.0032781 secs] 464176K->54711K(1484800K), 0.0045540 secs] [Times: user=0.01 sys=0.00, real=0.00 secs] 
2019-10-10T12:34:42.133+0000: 438.336: [GC (Allocation Failure) 2019-10-10T12:34:42.133+0000: 438.336: [DefNew: 409863K->238K(460800K), 0.0031023 secs] 464311K->54687K(1484800K), 0.0031946 secs] [Times: user=0.00 sys=0.00, real=0.00 secs] 
2019-10-10T12:34:47.342+0000: 443.547: [GC (Allocation Failure) 2019-10-10T12:34:47.344+0000: 443.547: [DefNew: 409838K->167K(460800K), 0.0034393 secs] 464287K->54631K(1484800K), 0.0049582 secs] [Times: user=0.01 sys=0.00, real=0.00 secs] 
2019-10-10T12:34:52.752+0000: 448.956: [GC (Allocation Failure) 2019-10-10T12:34:52.753+0000: 448.956: [DefNew: 409767K->240K(460800K), 0.0034015 secs] 464231K->54709K(1484800K), 0.0046033 secs] [Times: user=0.00 sys=0.00, real=0.00 secs] 
2019-10-10T12:34:58.040+0000: 454.242: [GC (Allocation Failure) 2019-10-10T12:34:58.040+0000: 454.242: [DefNew: 409840K->108K(460800K), 0.0027338 secs] 464309K->54577K(1484800K), 0.0028329 secs] [Times: user=0.00 sys=0.00, real=0.00 secs] 
2019-10-10T12:35:03.343+0000: 459.546: [GC (Allocation Failure) 2019-10-10T12:35:03.343+0000: 459.546: [DefNew: 409708K->170K(460800K), 0.0030389 secs] 464177K->54639K(1484800K), 0.0031448 secs] [Times: user=0.00 sys=0.00, real=0.00 secs] 
12:35:05.384 [worker-akka.actor.default-dispatcher-6] INFO  a.r.a.Association(akka://worker) akka.remote.artery.Association(akka://worker) - Stopping idle outbound stream [2] to [akka://worker@flamestream-benchmarks-worker-0:5412]
2019-10-10T12:35:09.699+0000: 465.902: [GC (Allocation Failure) 2019-10-10T12:35:09.699+0000: 465.902: [DefNew: 409770K->256K(460800K), 0.0031972 secs] 464239K->54725K(1484800K), 0.0033192 secs] [Times: user=0.00 sys=0.00, real=0.00 secs] 
2019-10-10T12:35:15.150+0000: 471.353: [GC (Allocation Failure) 2019-10-10T12:35:15.150+0000: 471.353: [DefNew: 409856K->209K(460800K), 0.0031307 secs] 464325K->54679K(1484800K), 0.0032449 secs] [Times: user=0.00 sys=0.00, real=0.00 secs] 
2019-10-10T12:35:20.540+0000: 476.744: [GC (Allocation Failure) 2019-10-10T12:35:20.542+0000: 476.744: [DefNew: 409809K->196K(460800K), 0.0032536 secs] 464279K->54665K(1484800K), 0.0045757 secs] [Times: user=0.00 sys=0.00, real=0.00 secs] 
2019-10-10T12:35:26.062+0000: 482.265: [GC (Allocation Failure) 2019-10-10T12:35:26.062+0000: 482.265: [DefNew: 409796K->287K(460800K), 0.0034540 secs] 464265K->54757K(1484800K), 0.0035503 secs] [Times: user=0.00 sys=0.00, real=0.00 secs] 
2019-10-10T12:35:31.435+0000: 487.640: [GC (Allocation Failure) 2019-10-10T12:35:31.437+0000: 487.640: [DefNew: 409887K->250K(460800K), 0.0038224 secs] 464357K->54720K(1484800K), 0.0056088 secs] [Times: user=0.00 sys=0.00, real=0.01 secs] 
2019-10-10T12:35:36.698+0000: 492.902: [GC (Allocation Failure) 2019-10-10T12:35:36.700+0000: 492.902: [DefNew: 409850K->203K(460800K), 0.0034560 secs] 464320K->54672K(1484800K), 0.0048407 secs] [Times: user=0.01 sys=0.00, real=0.00 secs] 
2019-10-10T12:35:42.054+0000: 498.257: [GC (Allocation Failure) 2019-10-10T12:35:42.054+0000: 498.257: [DefNew: 409803K->209K(460800K), 0.0030718 secs] 464272K->54698K(1484800K), 0.0031648 secs] [Times: user=0.01 sys=0.00, real=0.00 secs] 
2019-10-10T12:35:47.524+0000: 503.728: [GC (Allocation Failure) 2019-10-10T12:35:47.525+0000: 503.728: [DefNew: 409809K->183K(460800K), 0.0032447 secs] 464298K->54673K(1484800K), 0.0050029 secs] [Times: user=0.00 sys=0.00, real=0.00 secs] 
2019-10-10T12:35:53.183+0000: 509.386: [GC (Allocation Failure) 2019-10-10T12:35:53.183+0000: 509.386: [DefNew: 409783K->177K(460800K), 0.0029396 secs] 464273K->54672K(1484800K), 0.0030187 secs] [Times: user=0.00 sys=0.00, real=0.00 secs] 
2019-10-10T12:35:58.703+0000: 514.907: [GC (Allocation Failure) 2019-10-10T12:35:58.704+0000: 514.907: [DefNew: 409777K->368K(460800K), 0.0036966 secs] 464272K->54863K(1484800K), 0.0050702 secs] [Times: user=0.01 sys=0.00, real=0.00 secs] 
2019-10-10T12:36:04.240+0000: 520.443: [GC (Allocation Failure) 2019-10-10T12:36:04.240+0000: 520.443: [DefNew: 409968K->258K(460800K), 0.0032939 secs] 464463K->54753K(1484800K), 0.0033890 secs] [Times: user=0.00 sys=0.00, real=0.00 secs] 
2019-10-10T12:36:09.403+0000: 525.607: [GC (Allocation Failure) 2019-10-10T12:36:09.405+0000: 525.607: [DefNew: 409858K->217K(460800K), 0.0036131 secs] 464353K->54712K(1484800K), 0.0049840 secs] [Times: user=0.01 sys=0.00, real=0.00 secs] 
2019-10-10T12:36:14.724+0000: 530.928: [GC (Allocation Failure) 2019-10-10T12:36:14.726+0000: 530.929: [DefNew: 409817K->262K(460800K), 0.0035529 secs] 464312K->54758K(1484800K), 0.0049321 secs] [Times: user=0.01 sys=0.00, real=0.01 secs] 
2019-10-10T12:36:19.938+0000: 536.141: [GC (Allocation Failure) 2019-10-10T12:36:19.938+0000: 536.141: [DefNew: 409862K->199K(460800K), 0.0031618 secs] 464358K->54695K(1484800K), 0.0032493 secs] [Times: user=0.00 sys=0.00, real=0.00 secs] 
2019-10-10T12:36:25.309+0000: 541.513: [GC (Allocation Failure) 2019-10-10T12:36:25.310+0000: 541.513: [DefNew: 409799K->181K(460800K), 0.0034555 secs] 464295K->54677K(1484800K), 0.0051145 secs] [Times: user=0.00 sys=0.00, real=0.01 secs] 
2019-10-10T12:36:30.753+0000: 546.957: [GC (Allocation Failure) 2019-10-10T12:36:30.754+0000: 546.957: [DefNew: 409781K->94K(460800K), 0.0033629 secs] 464277K->54678K(1484800K), 0.0045933 secs] [Times: user=0.01 sys=0.00, real=0.01 secs] 
2019-10-10T12:36:36.230+0000: 552.432: [GC (Allocation Failure) 2019-10-10T12:36:36.230+0000: 552.432: [DefNew: 409694K->93K(460800K), 0.0027702 secs] 464278K->54677K(1484800K), 0.0028594 secs] [Times: user=0.01 sys=0.00, real=0.00 secs] 
2019-10-10T12:36:41.587+0000: 557.791: [GC (Allocation Failure) 2019-10-10T12:36:41.588+0000: 557.791: [DefNew: 409693K->201K(460800K), 0.0032562 secs] 464277K->54785K(1484800K), 0.0047678 secs] [Times: user=0.00 sys=0.00, real=0.01 secs] 
2019-10-10T12:36:46.989+0000: 563.192: [GC (Allocation Failure) 2019-10-10T12:36:46.990+0000: 563.192: [DefNew: 409801K->92K(460800K), 0.0028130 secs] 464385K->54677K(1484800K), 0.0029031 secs] [Times: user=0.01 sys=0.01, real=0.00 secs] 
2019-10-10T12:36:52.399+0000: 568.603: [GC (Allocation Failure) 2019-10-10T12:36:52.401+0000: 568.604: [DefNew: 409692K->92K(460800K), 0.0034173 secs] 464277K->54682K(1484800K), 0.0048632 secs] [Times: user=0.01 sys=0.00, real=0.00 secs] 
2019-10-10T12:36:57.752+0000: 573.957: [GC (Allocation Failure) 2019-10-10T12:36:57.754+0000: 573.957: [DefNew: 409692K->87K(460800K), 0.0028591 secs] 464282K->54677K(1484800K), 0.0045843 secs] [Times: user=0.00 sys=0.00, real=0.00 secs] 
2019-10-10T12:37:02.961+0000: 579.164: [GC (Allocation Failure) 2019-10-10T12:37:02.961+0000: 579.164: [DefNew: 409687K->233K(460800K), 0.0031924 secs] 464277K->54823K(1484800K), 0.0032976 secs] [Times: user=0.01 sys=0.00, real=0.00 secs] 
2019-10-10T12:37:08.098+0000: 584.302: [GC (Allocation Failure) 2019-10-10T12:37:08.099+0000: 584.302: [DefNew: 409833K->171K(460800K), 0.0031205 secs] 464423K->54762K(1484800K), 0.0046425 secs] [Times: user=0.00 sys=0.00, real=0.00 secs] 
2019-10-10T12:37:13.275+0000: 589.479: [GC (Allocation Failure) 2019-10-10T12:37:13.277+0000: 589.479: [DefNew: 409771K->240K(460800K), 0.0034677 secs] 464362K->54831K(1484800K), 0.0046508 secs] [Times: user=0.01 sys=0.00, real=0.01 secs] 
2019-10-10T12:37:18.478+0000: 594.682: [GC (Allocation Failure) 2019-10-10T12:37:18.480+0000: 594.683: [DefNew: 409840K->259K(460800K), 0.0035070 secs] 464431K->54850K(1484800K), 0.0048410 secs] [Times: user=0.01 sys=0.00, real=0.00 secs] 
2019-10-10T12:37:23.769+0000: 599.973: [GC (Allocation Failure) 2019-10-10T12:37:23.771+0000: 599.973: [DefNew: 409859K->155K(460800K), 0.0032816 secs] 464450K->54746K(1484800K), 0.0047573 secs] [Times: user=0.00 sys=0.00, real=0.01 secs] 
2019-10-10T12:37:29.364+0000: 605.569: [GC (Allocation Failure) 2019-10-10T12:37:29.366+0000: 605.569: [DefNew: 409755K->118K(460800K), 0.0031440 secs] 464346K->54709K(1484800K), 0.0045142 secs] [Times: user=0.01 sys=0.00, real=0.00 secs] 
2019-10-10T12:37:34.648+0000: 610.852: [GC (Allocation Failure) 2019-10-10T12:37:34.649+0000: 610.852: [DefNew: 409718K->214K(460800K), 0.0036538 secs] 464309K->54806K(1484800K), 0.0051925 secs] [Times: user=0.01 sys=0.00, real=0.01 secs] 
2019-10-10T12:37:39.946+0000: 616.149: [GC (Allocation Failure) 2019-10-10T12:37:39.946+0000: 616.149: [DefNew: 409814K->149K(460800K), 0.0030986 secs] 464406K->54740K(1484800K), 0.0031983 secs] [Times: user=0.00 sys=0.00, real=0.01 secs] 
2019-10-10T12:37:45.246+0000: 621.450: [GC (Allocation Failure) 2019-10-10T12:37:45.248+0000: 621.450: [DefNew: 409749K->201K(460800K), 0.0031768 secs] 464340K->54792K(1484800K), 0.0046184 secs] [Times: user=0.01 sys=0.00, real=0.01 secs] 
2019-10-10T12:37:50.657+0000: 626.861: [GC (Allocation Failure) 2019-10-10T12:37:50.658+0000: 626.861: [DefNew: 409801K->272K(460800K), 0.0034095 secs] 464392K->54868K(1484800K), 0.0048459 secs] [Times: user=0.01 sys=0.00, real=0.01 secs] 
2019-10-10T12:37:55.972+0000: 632.175: [GC (Allocation Failure) 2019-10-10T12:37:55.972+0000: 632.175: [DefNew: 409872K->136K(460800K), 0.0029839 secs] 464468K->54732K(1484800K), 0.0030926 secs] [Times: user=0.00 sys=0.00, real=0.00 secs] 
2019-10-10T12:38:01.351+0000: 637.556: [GC (Allocation Failure) 2019-10-10T12:38:01.353+0000: 637.556: [DefNew: 409736K->94K(460800K), 0.0031639 secs] 464332K->54690K(1484800K), 0.0047468 secs] [Times: user=0.01 sys=0.00, real=0.00 secs] 
2019-10-10T12:38:06.491+0000: 642.695: [GC (Allocation Failure) 2019-10-10T12:38:06.492+0000: 642.695: [DefNew: 409694K->126K(460800K), 0.0033232 secs] 464290K->54722K(1484800K), 0.0047843 secs] [Times: user=0.01 sys=0.00, real=0.00 secs] 
2019-10-10T12:38:11.758+0000: 647.961: [GC (Allocation Failure) 2019-10-10T12:38:11.758+0000: 647.961: [DefNew: 409726K->274K(460800K), 0.0032535 secs] 464322K->54871K(1484800K), 0.0033403 secs] [Times: user=0.00 sys=0.00, real=0.00 secs] 
2019-10-10T12:38:17.109+0000: 653.313: [GC (Allocation Failure) 2019-10-10T12:38:17.110+0000: 653.313: [DefNew: 409874K->184K(460800K), 0.0035377 secs] 464471K->54780K(1484800K), 0.0047722 secs] [Times: user=0.01 sys=0.00, real=0.01 secs] 
2019-10-10T12:38:22.347+0000: 658.551: [GC (Allocation Failure) 2019-10-10T12:38:22.348+0000: 658.551: [DefNew: 409784K->185K(460800K), 0.0032589 secs] 464380K->54785K(1484800K), 0.0046492 secs] [Times: user=0.00 sys=0.01, real=0.01 secs] 
2019-10-10T12:38:27.882+0000: 664.085: [GC (Allocation Failure) 2019-10-10T12:38:27.882+0000: 664.085: [DefNew: 409785K->121K(460800K), 0.0031855 secs] 464385K->54722K(1484800K), 0.0032812 secs] [Times: user=0.00 sys=0.00, real=0.00 secs] 
2019-10-10T12:38:33.395+0000: 669.600: [GC (Allocation Failure) 2019-10-10T12:38:33.397+0000: 669.600: [DefNew: 409721K->240K(460800K), 0.0034996 secs] 464322K->54840K(1484800K), 0.0051017 secs] [Times: user=0.00 sys=0.00, real=0.01 secs] 
2019-10-10T12:38:38.768+0000: 674.973: [GC (Allocation Failure) 2019-10-10T12:38:38.770+0000: 674.973: [DefNew: 409840K->96K(460800K), 0.0031906 secs] 464440K->54697K(1484800K), 0.0054186 secs] [Times: user=0.00 sys=0.00, real=0.01 secs] 
2019-10-10T12:38:44.012+0000: 680.216: [GC (Allocation Failure) 2019-10-10T12:38:44.014+0000: 680.216: [DefNew: 409696K->229K(460800K), 0.0034827 secs] 464297K->54830K(1484800K), 0.0053373 secs] [Times: user=0.01 sys=0.00, real=0.00 secs] 
2019-10-10T12:38:49.444+0000: 685.649: [GC (Allocation Failure) 2019-10-10T12:38:49.446+0000: 685.649: [DefNew: 409829K->180K(460800K), 0.0034053 secs] 464430K->54787K(1484800K), 0.0052546 secs] [Times: user=0.00 sys=0.00, real=0.01 secs] 
2019-10-10T12:38:54.931+0000: 691.135: [GC (Allocation Failure) 2019-10-10T12:38:54.932+0000: 691.135: [DefNew: 409780K->289K(460800K), 0.0034604 secs] 464387K->54897K(1484800K), 0.0048452 secs] [Times: user=0.00 sys=0.00, real=0.00 secs] 
2019-10-10T12:39:00.129+0000: 696.333: [GC (Allocation Failure) 2019-10-10T12:39:00.130+0000: 696.333: [DefNew: 409889K->295K(460800K), 0.0036883 secs] 464497K->54903K(1484800K), 0.0055200 secs] [Times: user=0.00 sys=0.00, real=0.01 secs] 
2019-10-10T12:39:05.539+0000: 701.743: [GC (Allocation Failure) 2019-10-10T12:39:05.540+0000: 701.743: [DefNew: 409895K->118K(460800K), 0.0030312 secs] 464503K->54726K(1484800K), 0.0042865 secs] [Times: user=0.00 sys=0.00, real=0.00 secs] 
2019-10-10T12:39:10.824+0000: 707.027: [GC (Allocation Failure) 2019-10-10T12:39:10.824+0000: 707.027: [DefNew: 409718K->93K(460800K), 0.0028280 secs] 464326K->54701K(1484800K), 0.0029380 secs] [Times: user=0.00 sys=0.00, real=0.00 secs] 
2019-10-10T12:39:16.070+0000: 712.274: [GC (Allocation Failure) 2019-10-10T12:39:16.071+0000: 712.274: [DefNew: 409693K->135K(460800K), 0.0032698 secs] 464301K->54743K(1484800K), 0.0045747 secs] [Times: user=0.00 sys=0.00, real=0.00 secs] 
2019-10-10T12:39:21.376+0000: 717.580: [GC (Allocation Failure) 2019-10-10T12:39:21.377+0000: 717.580: [DefNew: 409735K->108K(460800K), 0.0030647 secs] 464343K->54717K(1484800K), 0.0043466 secs] [Times: user=0.00 sys=0.00, real=0.01 secs] 
2019-10-10T12:39:26.704+0000: 722.909: [GC (Allocation Failure) 2019-10-10T12:39:26.706+0000: 722.909: [DefNew: 409708K->91K(460800K), 0.0029515 secs] 464317K->54699K(1484800K), 0.0044577 secs] [Times: user=0.00 sys=0.00, real=0.00 secs] 
2019-10-10T12:39:32.075+0000: 728.278: [GC (Allocation Failure) 2019-10-10T12:39:32.075+0000: 728.278: [DefNew: 409691K->99K(460800K), 0.0029196 secs] 464299K->54707K(1484800K), 0.0030092 secs] [Times: user=0.00 sys=0.00, real=0.01 secs] 
2019-10-10T12:39:37.294+0000: 733.498: [GC (Allocation Failure) 2019-10-10T12:39:37.295+0000: 733.498: [DefNew: 409699K->99K(460800K), 0.0030999 secs] 464307K->54707K(1484800K), 0.0042908 secs] [Times: user=0.00 sys=0.00, real=0.01 secs] 
2019-10-10T12:39:42.500+0000: 738.703: [GC (Allocation Failure) 2019-10-10T12:39:42.500+0000: 738.703: [DefNew: 409699K->194K(460800K), 0.0031902 secs] 464307K->54803K(1484800K), 0.0032761 secs] [Times: user=0.00 sys=0.00, real=0.00 secs] 
2019-10-10T12:39:47.897+0000: 744.101: [GC (Allocation Failure) 2019-10-10T12:39:47.898+0000: 744.101: [DefNew: 409794K->90K(460800K), 0.0030144 secs] 464403K->54707K(1484800K), 0.0044573 secs] [Times: user=0.00 sys=0.01, real=0.01 secs] 
2019-10-10T12:39:53.149+0000: 749.353: [GC (Allocation Failure) 2019-10-10T12:39:53.151+0000: 749.354: [DefNew: 409690K->90K(460800K), 0.0027898 secs] 464307K->54707K(1484800K), 0.0043493 secs] [Times: user=0.01 sys=0.00, real=0.01 secs] 
2019-10-10T12:39:58.431+0000: 754.635: [GC (Allocation Failure) 2019-10-10T12:39:58.432+0000: 754.635: [DefNew: 409690K->169K(460800K), 0.0033126 secs] 464307K->54785K(1484800K), 0.0046119 secs] [Times: user=0.00 sys=0.00, real=0.00 secs] 
2019-10-10T12:40:03.765+0000: 759.968: [GC (Allocation Failure) 2019-10-10T12:40:03.765+0000: 759.968: [DefNew: 409769K->91K(460800K), 0.0029115 secs] 464385K->54707K(1484800K), 0.0030037 secs] [Times: user=0.00 sys=0.00, real=0.00 secs] 
2019-10-10T12:40:09.133+0000: 765.337: [GC (Allocation Failure) 2019-10-10T12:40:09.135+0000: 765.338: [DefNew: 409691K->247K(460800K), 0.0035474 secs] 464307K->54863K(1484800K), 0.0049578 secs] [Times: user=0.00 sys=0.01, real=0.01 secs] 
2019-10-10T12:40:14.418+0000: 770.622: [GC (Allocation Failure) 2019-10-10T12:40:14.419+0000: 770.622: [DefNew: 409847K->108K(460800K), 0.0029964 secs] 464463K->54724K(1484800K), 0.0040177 secs] [Times: user=0.00 sys=0.00, real=0.00 secs] 
2019-10-10T12:40:19.753+0000: 775.957: [GC (Allocation Failure) 2019-10-10T12:40:19.755+0000: 775.957: [DefNew: 409708K->176K(460800K), 0.0034116 secs] 464324K->54792K(1484800K), 0.0047722 secs] [Times: user=0.00 sys=0.00, real=0.01 secs] 
2019-10-10T12:40:25.178+0000: 781.380: [GC (Allocation Failure) 2019-10-10T12:40:25.178+0000: 781.381: [DefNew: 409776K->92K(460800K), 0.0028004 secs] 464392K->54708K(1484800K), 0.0028973 secs] [Times: user=0.00 sys=0.00, real=0.00 secs] 
2019-10-10T12:40:30.648+0000: 786.852: [GC (Allocation Failure) 2019-10-10T12:40:30.649+0000: 786.852: [DefNew: 409692K->138K(460800K), 0.0034070 secs] 464308K->54754K(1484800K), 0.0047574 secs] [Times: user=0.00 sys=0.00, real=0.01 secs] 
2019-10-10T12:40:35.967+0000: 792.170: [GC (Allocation Failure) 2019-10-10T12:40:35.967+0000: 792.170: [DefNew: 409738K->309K(460800K), 0.0033891 secs] 464354K->54925K(1484800K), 0.0034816 secs] [Times: user=0.01 sys=0.00, real=0.01 secs] 
2019-10-10T12:40:41.190+0000: 797.394: [GC (Allocation Failure) 2019-10-10T12:40:41.191+0000: 797.394: [DefNew: 409909K->100K(460800K), 0.0029855 secs] 464525K->54716K(1484800K), 0.0043728 secs] [Times: user=0.00 sys=0.00, real=0.00 secs] 
2019-10-10T12:40:46.557+0000: 802.760: [GC (Allocation Failure) 2019-10-10T12:40:46.557+0000: 802.760: [DefNew: 409700K->101K(460800K), 0.0028123 secs] 464316K->54719K(1484800K), 0.0029155 secs] [Times: user=0.01 sys=0.00, real=0.01 secs] 
2019-10-10T12:40:51.775+0000: 807.979: [GC (Allocation Failure) 2019-10-10T12:40:51.776+0000: 807.979: [DefNew: 409701K->184K(460800K), 0.0032291 secs] 464319K->54809K(1484800K), 0.0048413 secs] [Times: user=0.01 sys=0.00, real=0.01 secs] 
2019-10-10T12:40:57.045+0000: 813.249: [GC (Allocation Failure) 2019-10-10T12:40:57.046+0000: 813.249: [DefNew: 409784K->254K(460800K), 0.0034018 secs] 464409K->54879K(1484800K), 0.0050739 secs] [Times: user=0.00 sys=0.00, real=0.01 secs] 
2019-10-10T12:41:02.304+0000: 818.508: [GC (Allocation Failure) 2019-10-10T12:41:02.306+0000: 818.508: [DefNew: 409854K->170K(460800K), 0.0035428 secs] 464479K->54795K(1484800K), 0.0048740 secs] [Times: user=0.00 sys=0.00, real=0.00 secs] 
2019-10-10T12:41:07.455+0000: 823.660: [GC (Allocation Failure) 2019-10-10T12:41:07.457+0000: 823.660: [DefNew: 409770K->141K(460800K), 0.0031884 secs] 464395K->54766K(1484800K), 0.0050969 secs] [Times: user=0.00 sys=0.00, real=0.01 secs] 
2019-10-10T12:41:12.721+0000: 828.925: [GC (Allocation Failure) 2019-10-10T12:41:12.722+0000: 828.925: [DefNew: 409741K->138K(460800K), 0.0031571 secs] 464366K->54763K(1484800K), 0.0044557 secs] [Times: user=0.01 sys=0.00, real=0.00 secs] 
2019-10-10T12:41:17.923+0000: 834.126: [GC (Allocation Failure) 2019-10-10T12:41:17.923+0000: 834.126: [DefNew: 409738K->88K(460800K), 0.0027969 secs] 464363K->54713K(1484800K), 0.0028983 secs] [Times: user=0.00 sys=0.00, real=0.00 secs] 
2019-10-10T12:41:23.335+0000: 839.539: [GC (Allocation Failure) 2019-10-10T12:41:23.336+0000: 839.539: [DefNew: 409688K->88K(460800K), 0.0029171 secs] 464313K->54713K(1484800K), 0.0042636 secs] [Times: user=0.01 sys=0.00, real=0.01 secs] 
2019-10-10T12:41:28.724+0000: 844.928: [GC (Allocation Failure) 2019-10-10T12:41:28.725+0000: 844.928: [DefNew: 409688K->91K(460800K), 0.0028247 secs] 464313K->54716K(1484800K), 0.0041777 secs] [Times: user=0.00 sys=0.00, real=0.00 secs] 
2019-10-10T12:41:34.043+0000: 850.246: [GC (Allocation Failure) 2019-10-10T12:41:34.043+0000: 850.246: [DefNew: 409691K->132K(460800K), 0.0029021 secs] 464316K->54758K(1484800K), 0.0030016 secs] [Times: user=0.00 sys=0.00, real=0.00 secs] 
2019-10-10T12:41:39.278+0000: 855.482: [GC (Allocation Failure) 2019-10-10T12:41:39.279+0000: 855.482: [DefNew: 409732K->224K(460800K), 0.0034853 secs] 464358K->54849K(1484800K), 0.0049861 secs] [Times: user=0.00 sys=0.00, real=0.00 secs] 
2019-10-10T12:41:44.768+0000: 860.973: [GC (Allocation Failure) 2019-10-10T12:41:44.770+0000: 860.973: [DefNew: 409824K->257K(460800K), 0.0035080 secs] 464449K->54883K(1484800K), 0.0050157 secs] [Times: user=0.01 sys=0.00, real=0.01 secs] 
2019-10-10T12:41:50.082+0000: 866.286: [GC (Allocation Failure) 2019-10-10T12:41:50.083+0000: 866.286: [DefNew: 409857K->91K(460800K), 0.0031372 secs] 464483K->54721K(1484800K), 0.0043360 secs] [Times: user=0.00 sys=0.00, real=0.00 secs] 
2019-10-10T12:41:55.416+0000: 871.619: [GC (Allocation Failure) 2019-10-10T12:41:55.416+0000: 871.619: [DefNew: 409691K->95K(460800K), 0.0027121 secs] 464321K->54726K(1484800K), 0.0027989 secs] [Times: user=0.01 sys=0.00, real=0.01 secs] 
2019-10-10T12:42:00.953+0000: 877.156: [GC (Allocation Failure) 2019-10-10T12:42:00.953+0000: 877.156: [DefNew: 409695K->92K(460800K), 0.0029536 secs] 464326K->54722K(1484800K), 0.0030498 secs] [Times: user=0.00 sys=0.00, real=0.00 secs] 
2019-10-10T12:42:06.315+0000: 882.519: [GC (Allocation Failure) 2019-10-10T12:42:06.316+0000: 882.519: [DefNew: 409692K->87K(460800K), 0.0027793 secs] 464322K->54718K(1484800K), 0.0041945 secs] [Times: user=0.01 sys=0.00, real=0.01 secs] 
2019-10-10T12:42:11.599+0000: 887.803: [GC (Allocation Failure) 2019-10-10T12:42:11.600+0000: 887.803: [DefNew: 409687K->88K(460800K), 0.0028003 secs] 464318K->54718K(1484800K), 0.0042964 secs] [Times: user=0.01 sys=0.00, real=0.00 secs] 
2019-10-10T12:42:16.953+0000: 893.155: [GC (Allocation Failure) 2019-10-10T12:42:16.953+0000: 893.155: [DefNew: 409688K->93K(460800K), 0.0029295 secs] 464318K->54723K(1484800K), 0.0030269 secs] [Times: user=0.00 sys=0.00, real=0.00 secs] 
2019-10-10T12:42:22.262+0000: 898.466: [GC (Allocation Failure) 2019-10-10T12:42:22.263+0000: 898.466: [DefNew: 409693K->118K(460800K), 0.0031595 secs] 464323K->54748K(1484800K), 0.0045602 secs] [Times: user=0.00 sys=0.00, real=0.00 secs] 
2019-10-10T12:42:27.629+0000: 903.833: [GC (Allocation Failure) 2019-10-10T12:42:27.631+0000: 903.833: [DefNew: 409718K->175K(460800K), 0.0033355 secs] 464348K->54805K(1484800K), 0.0047550 secs] [Times: user=0.00 sys=0.00, real=0.01 secs] 
2019-10-10T12:42:32.832+0000: 909.034: [GC (Allocation Failure) 2019-10-10T12:42:32.832+0000: 909.034: [DefNew: 409775K->190K(460800K), 0.0029816 secs] 464405K->54821K(1484800K), 0.0030663 secs] [Times: user=0.00 sys=0.00, real=0.00 secs] 
2019-10-10T12:42:37.968+0000: 914.172: [GC (Allocation Failure) 2019-10-10T12:42:37.970+0000: 914.172: [DefNew: 409790K->94K(460800K), 0.0030281 secs] 464421K->54725K(1484800K), 0.0044646 secs] [Times: user=0.01 sys=0.00, real=0.01 secs] 
2019-10-10T12:42:43.312+0000: 919.517: [GC (Allocation Failure) 2019-10-10T12:42:43.314+0000: 919.517: [DefNew: 409694K->94K(460800K), 0.0030613 secs] 464325K->54725K(1484800K), 0.0045151 secs] [Times: user=0.00 sys=0.00, real=0.00 secs] 
2019-10-10T12:42:48.517+0000: 924.722: [GC (Allocation Failure) 2019-10-10T12:42:48.519+0000: 924.722: [DefNew: 409694K->316K(460800K), 0.0037173 secs] 464325K->54953K(1484800K), 0.0053535 secs] [Times: user=0.00 sys=0.00, real=0.00 secs] 
2019-10-10T12:42:53.866+0000: 930.069: [GC (Allocation Failure) 2019-10-10T12:42:53.866+0000: 930.069: [DefNew: 409916K->133K(460800K), 0.0028775 secs] 464553K->54769K(1484800K), 0.0029742 secs] [Times: user=0.01 sys=0.00, real=0.00 secs] 
2019-10-10T12:42:59.212+0000: 935.415: [GC (Allocation Failure) 2019-10-10T12:42:59.212+0000: 935.415: [DefNew: 409733K->152K(460800K), 0.0028676 secs] 464369K->54789K(1484800K), 0.0029597 secs] [Times: user=0.01 sys=0.00, real=0.00 secs] 
2019-10-10T12:43:04.533+0000: 940.738: [GC (Allocation Failure) 2019-10-10T12:43:04.536+0000: 940.738: [DefNew: 409752K->227K(460800K), 0.0034424 secs] 464389K->54864K(1484800K), 0.0061759 secs] [Times: user=0.01 sys=0.00, real=0.01 secs] 
2019-10-10T12:43:09.875+0000: 946.079: [GC (Allocation Failure) 2019-10-10T12:43:09.876+0000: 946.079: [DefNew: 409827K->88K(460800K), 0.0029515 secs] 464464K->54724K(1484800K), 0.0046624 secs] [Times: user=0.00 sys=0.00, real=0.01 secs] 
2019-10-10T12:43:15.153+0000: 951.358: [GC (Allocation Failure) 2019-10-10T12:43:15.155+0000: 951.358: [DefNew: 409688K->88K(460800K), 0.0029108 secs] 464324K->54724K(1484800K), 0.0042671 secs] [Times: user=0.00 sys=0.00, real=0.01 secs] 
2019-10-10T12:43:20.425+0000: 956.629: [GC (Allocation Failure) 2019-10-10T12:43:20.427+0000: 956.630: [DefNew: 409688K->185K(460800K), 0.0035659 secs] 464324K->54822K(1484800K), 0.0051515 secs] [Times: user=0.01 sys=0.00, real=0.01 secs] 
2019-10-10T12:43:26.086+0000: 962.289: [GC (Allocation Failure) 2019-10-10T12:43:26.086+0000: 962.289: [DefNew: 409785K->111K(460800K), 0.0027883 secs] 464422K->54748K(1484800K), 0.0028817 secs] [Times: user=0.00 sys=0.01, real=0.00 secs] 
2019-10-10T12:43:31.437+0000: 967.641: [GC (Allocation Failure) 2019-10-10T12:43:31.438+0000: 967.641: [DefNew: 409711K->234K(460800K), 0.0035248 secs] 464348K->54871K(1484800K), 0.0049871 secs] [Times: user=0.01 sys=0.00, real=0.01 secs] 
2019-10-10T12:43:36.635+0000: 972.840: [GC (Allocation Failure) 2019-10-10T12:43:36.637+0000: 972.840: [DefNew: 409834K->177K(460800K), 0.0031206 secs] 464471K->54814K(1484800K), 0.0044241 secs] [Times: user=0.00 sys=0.00, real=0.01 secs] 
2019-10-10T12:43:41.890+0000: 978.095: [GC (Allocation Failure) 2019-10-10T12:43:41.892+0000: 978.095: [DefNew: 409777K->292K(460800K), 0.0036586 secs] 464414K->54929K(1484800K), 0.0054485 secs] [Times: user=0.00 sys=0.00, real=0.00 secs] 
2019-10-10T12:43:47.177+0000: 983.381: [GC (Allocation Failure) 2019-10-10T12:43:47.179+0000: 983.381: [DefNew: 409892K->208K(460800K), 0.0033850 secs] 464529K->54851K(1484800K), 0.0049287 secs] [Times: user=0.00 sys=0.00, real=0.01 secs] 
2019-10-10T12:43:52.395+0000: 988.599: [GC (Allocation Failure) 2019-10-10T12:43:52.397+0000: 988.599: [DefNew: 409808K->126K(460800K), 0.0031480 secs] 464451K->54769K(1484800K), 0.0045502 secs] [Times: user=0.01 sys=0.01, real=0.01 secs] 
2019-10-10T12:43:57.812+0000: 994.015: [GC (Allocation Failure) 2019-10-10T12:43:57.812+0000: 994.015: [DefNew: 409726K->192K(460800K), 0.0029735 secs] 464369K->54834K(1484800K), 0.0030744 secs] [Times: user=0.00 sys=0.00, real=0.00 secs] 
2019-10-10T12:44:03.136+0000: 999.340: [GC (Allocation Failure) 2019-10-10T12:44:03.137+0000: 999.340: [DefNew: 409792K->184K(460800K), 0.0035622 secs] 464434K->54827K(1484800K), 0.0046807 secs] [Times: user=0.00 sys=0.00, real=0.01 secs] 
2019-10-10T12:44:08.460+0000: 1004.664: [GC (Allocation Failure) 2019-10-10T12:44:08.461+0000: 1004.664: [DefNew: 409784K->323K(460800K), 0.0041488 secs] 464427K->54966K(1484800K), 0.0056198 secs] [Times: user=0.00 sys=0.00, real=0.00 secs] 
2019-10-10T12:44:13.989+0000: 1010.192: [GC (Allocation Failure) 2019-10-10T12:44:13.989+0000: 1010.192: [DefNew: 409923K->156K(460800K), 0.0030724 secs] 464566K->54799K(1484800K), 0.0031679 secs] [Times: user=0.00 sys=0.00, real=0.01 secs] 
2019-10-10T12:44:19.353+0000: 1015.558: [GC (Allocation Failure) 2019-10-10T12:44:19.355+0000: 1015.558: [DefNew: 409756K->92K(460800K), 0.0031547 secs] 464399K->54735K(1484800K), 0.0047991 secs] [Times: user=0.01 sys=0.00, real=0.01 secs] 
12:44:21.760 [Client] INFO  c.s.f.r.e.s.SocketRear  - FlameSocketGraphDeployerRear@flamestream-benchmarks-worker-11: has been disconnected from Connection 11
12:44:21.770 [Client] INFO  c.s.f.r.e.s.SocketFront  - FlameSocketGraphDeployerFront@flamestream-benchmarks-worker-11 has been disconnected from Connection 11
12:44:21.813 [worker-akka.actor.default-dispatcher-12] WARN  c.s.f.r.e.s.SocketRear  - FlameSocketGraphDeployerRear@flamestream-benchmarks-worker-11: writing to closed log
12:44:21.813 [worker-akka.actor.default-dispatcher-12] WARN  c.s.f.r.e.s.SocketRear  - FlameSocketGraphDeployerRear@flamestream-benchmarks-worker-11: writing to closed log
12:44:21.813 [worker-akka.actor.default-dispatcher-12] WARN  c.s.f.r.e.s.SocketRear  - FlameSocketGraphDeployerRear@flamestream-benchmarks-worker-11: writing to closed log
12:44:21.813 [worker-akka.actor.default-dispatcher-12] WARN  c.s.f.r.e.s.SocketRear  - FlameSocketGraphDeployerRear@flamestream-benchmarks-worker-11: writing to closed log
12:44:21.891 [worker-akka.actor.default-dispatcher-12] WARN  c.s.f.r.e.s.SocketRear  - FlameSocketGraphDeployerRear@flamestream-benchmarks-worker-11: writing to closed log
12:44:21.902 [worker-akka.actor.default-dispatcher-12] WARN  c.s.f.r.e.s.SocketRear  - FlameSocketGraphDeployerRear@flamestream-benchmarks-worker-11: writing to closed log
12:44:21.918 [worker-akka.actor.default-dispatcher-12] WARN  c.s.f.r.e.s.SocketRear  - FlameSocketGraphDeployerRear@flamestream-benchmarks-worker-11: writing to closed log
12:44:22.040 [worker-akka.actor.default-dispatcher-12] WARN  c.s.f.r.e.s.SocketRear  - FlameSocketGraphDeployerRear@flamestream-benchmarks-worker-11: writing to closed log
12:44:22.043 [worker-akka.actor.default-dispatcher-12] WARN  c.s.f.r.e.s.SocketRear  - FlameSocketGraphDeployerRear@flamestream-benchmarks-worker-11: writing to closed log
12:44:22.043 [worker-akka.actor.default-dispatcher-12] WARN  c.s.f.r.e.s.SocketRear  - FlameSocketGraphDeployerRear@flamestream-benchmarks-worker-11: writing to closed log
12:44:22.063 [worker-akka.actor.default-dispatcher-12] WARN  c.s.f.r.e.s.SocketRear  - FlameSocketGraphDeployerRear@flamestream-benchmarks-worker-11: writing to closed log
12:44:22.065 [worker-akka.actor.default-dispatcher-12] WARN  c.s.f.r.e.s.SocketRear  - FlameSocketGraphDeployerRear@flamestream-benchmarks-worker-11: writing to closed log
12:44:22.065 [worker-akka.actor.default-dispatcher-12] WARN  c.s.f.r.e.s.SocketRear  - FlameSocketGraphDeployerRear@flamestream-benchmarks-worker-11: writing to closed log
12:44:22.101 [worker-akka.actor.default-dispatcher-12] WARN  c.s.f.r.e.s.SocketRear  - FlameSocketGraphDeployerRear@flamestream-benchmarks-worker-11: writing to closed log
12:44:22.135 [worker-akka.actor.default-dispatcher-12] WARN  c.s.f.r.e.s.SocketRear  - FlameSocketGraphDeployerRear@flamestream-benchmarks-worker-11: writing to closed log
12:44:22.137 [worker-akka.actor.default-dispatcher-12] WARN  c.s.f.r.e.s.SocketRear  - FlameSocketGraphDeployerRear@flamestream-benchmarks-worker-11: writing to closed log
12:44:22.138 [worker-akka.actor.default-dispatcher-12] WARN  c.s.f.r.e.s.SocketRear  - FlameSocketGraphDeployerRear@flamestream-benchmarks-worker-11: writing to closed log
12:44:22.138 [worker-akka.actor.default-dispatcher-12] WARN  c.s.f.r.e.s.SocketRear  - FlameSocketGraphDeployerRear@flamestream-benchmarks-worker-11: writing to closed log
12:44:22.138 [worker-akka.actor.default-dispatcher-12] WARN  c.s.f.r.e.s.SocketRear  - FlameSocketGraphDeployerRear@flamestream-benchmarks-worker-11: writing to closed log
12:44:22.209 [worker-akka.actor.default-dispatcher-12] WARN  c.s.f.r.e.s.SocketRear  - FlameSocketGraphDeployerRear@flamestream-benchmarks-worker-11: writing to closed log
12:44:22.210 [worker-akka.actor.default-dispatcher-12] WARN  c.s.f.r.e.s.SocketRear  - FlameSocketGraphDeployerRear@flamestream-benchmarks-worker-11: writing to closed log
12:44:22.212 [worker-akka.actor.default-dispatcher-12] WARN  c.s.f.r.e.s.SocketRear  - FlameSocketGraphDeployerRear@flamestream-benchmarks-worker-11: writing to closed log
12:44:22.213 [worker-akka.actor.default-dispatcher-12] WARN  c.s.f.r.e.s.SocketRear  - FlameSocketGraphDeployerRear@flamestream-benchmarks-worker-11: writing to closed log
12:44:22.274 [worker-akka.actor.default-dispatcher-12] WARN  c.s.f.r.e.s.SocketRear  - FlameSocketGraphDeployerRear@flamestream-benchmarks-worker-11: writing to closed log
12:44:22.275 [worker-akka.actor.default-dispatcher-12] WARN  c.s.f.r.e.s.SocketRear  - FlameSocketGraphDeployerRear@flamestream-benchmarks-worker-11: writing to closed log
12:44:22.403 [worker-akka.actor.default-dispatcher-12] WARN  c.s.f.r.e.s.SocketRear  - FlameSocketGraphDeployerRear@flamestream-benchmarks-worker-11: writing to closed log
12:44:22.404 [worker-akka.actor.default-dispatcher-12] WARN  c.s.f.r.e.s.SocketRear  - FlameSocketGraphDeployerRear@flamestream-benchmarks-worker-11: writing to closed log
12:44:22.404 [worker-akka.actor.default-dispatcher-12] WARN  c.s.f.r.e.s.SocketRear  - FlameSocketGraphDeployerRear@flamestream-benchmarks-worker-11: writing to closed log
12:44:22.404 [worker-akka.actor.default-dispatcher-12] WARN  c.s.f.r.e.s.SocketRear  - FlameSocketGraphDeployerRear@flamestream-benchmarks-worker-11: writing to closed log
12:44:22.404 [worker-akka.actor.default-dispatcher-12] WARN  c.s.f.r.e.s.SocketRear  - FlameSocketGraphDeployerRear@flamestream-benchmarks-worker-11: writing to closed log
12:44:22.513 [worker-akka.actor.default-dispatcher-12] WARN  c.s.f.r.e.s.SocketRear  - FlameSocketGraphDeployerRear@flamestream-benchmarks-worker-11: writing to closed log
12:44:22.515 [worker-akka.actor.default-dispatcher-12] WARN  c.s.f.r.e.s.SocketRear  - FlameSocketGraphDeployerRear@flamestream-benchmarks-worker-11: writing to closed log
12:44:22.539 [worker-akka.actor.default-dispatcher-12] WARN  c.s.f.r.e.s.SocketRear  - FlameSocketGraphDeployerRear@flamestream-benchmarks-worker-11: writing to closed log
12:44:22.539 [worker-akka.actor.default-dispatcher-12] WARN  c.s.f.r.e.s.SocketRear  - FlameSocketGraphDeployerRear@flamestream-benchmarks-worker-11: writing to closed log
12:44:22.540 [worker-akka.actor.default-dispatcher-12] WARN  c.s.f.r.e.s.SocketRear  - FlameSocketGraphDeployerRear@flamestream-benchmarks-worker-11: writing to closed log
12:44:22.540 [worker-akka.actor.default-dispatcher-12] WARN  c.s.f.r.e.s.SocketRear  - FlameSocketGraphDeployerRear@flamestream-benchmarks-worker-11: writing to closed log
12:44:22.542 [worker-akka.actor.default-dispatcher-12] WARN  c.s.f.r.e.s.SocketRear  - FlameSocketGraphDeployerRear@flamestream-benchmarks-worker-11: writing to closed log
12:44:22.542 [worker-akka.actor.default-dispatcher-12] WARN  c.s.f.r.e.s.SocketRear  - FlameSocketGraphDeployerRear@flamestream-benchmarks-worker-11: writing to closed log
12:44:22.543 [worker-akka.actor.default-dispatcher-12] WARN  c.s.f.r.e.s.SocketRear  - FlameSocketGraphDeployerRear@flamestream-benchmarks-worker-11: writing to closed log
12:44:22.582 [worker-akka.actor.default-dispatcher-12] WARN  c.s.f.r.e.s.SocketRear  - FlameSocketGraphDeployerRear@flamestream-benchmarks-worker-11: writing to closed log
12:44:22.583 [worker-akka.actor.default-dispatcher-12] WARN  c.s.f.r.e.s.SocketRear  - FlameSocketGraphDeployerRear@flamestream-benchmarks-worker-11: writing to closed log
12:44:22.639 [worker-akka.actor.default-dispatcher-12] WARN  c.s.f.r.e.s.SocketRear  - FlameSocketGraphDeployerRear@flamestream-benchmarks-worker-11: writing to closed log
12:44:22.639 [worker-akka.actor.default-dispatcher-12] WARN  c.s.f.r.e.s.SocketRear  - FlameSocketGraphDeployerRear@flamestream-benchmarks-worker-11: writing to closed log
12:44:22.660 [worker-akka.actor.default-dispatcher-12] WARN  c.s.f.r.e.s.SocketRear  - FlameSocketGraphDeployerRear@flamestream-benchmarks-worker-11: writing to closed log
12:44:22.696 [worker-akka.actor.default-dispatcher-12] WARN  c.s.f.r.e.s.SocketRear  - FlameSocketGraphDeployerRear@flamestream-benchmarks-worker-11: writing to closed log
12:44:22.696 [worker-akka.actor.default-dispatcher-12] WARN  c.s.f.r.e.s.SocketRear  - FlameSocketGraphDeployerRear@flamestream-benchmarks-worker-11: writing to closed log
12:44:22.697 [worker-akka.actor.default-dispatcher-12] WARN  c.s.f.r.e.s.SocketRear  - FlameSocketGraphDeployerRear@flamestream-benchmarks-worker-11: writing to closed log
12:44:22.698 [worker-akka.actor.default-dispatcher-12] WARN  c.s.f.r.e.s.SocketRear  - FlameSocketGraphDeployerRear@flamestream-benchmarks-worker-11: writing to closed log
12:44:22.708 [worker-akka.actor.default-dispatcher-12] WARN  c.s.f.r.e.s.SocketRear  - FlameSocketGraphDeployerRear@flamestream-benchmarks-worker-11: writing to closed log
12:44:22.708 [worker-akka.actor.default-dispatcher-12] WARN  c.s.f.r.e.s.SocketRear  - FlameSocketGraphDeployerRear@flamestream-benchmarks-worker-11: writing to closed log
12:44:22.708 [worker-akka.actor.default-dispatcher-12] WARN  c.s.f.r.e.s.SocketRear  - FlameSocketGraphDeployerRear@flamestream-benchmarks-worker-11: writing to closed log
12:44:22.749 [worker-akka.actor.default-dispatcher-12] WARN  c.s.f.r.e.s.SocketRear  - FlameSocketGraphDeployerRear@flamestream-benchmarks-worker-11: writing to closed log
12:44:22.750 [worker-akka.actor.default-dispatcher-12] WARN  c.s.f.r.e.s.SocketRear  - FlameSocketGraphDeployerRear@flamestream-benchmarks-worker-11: writing to closed log
12:44:22.757 [worker-akka.actor.default-dispatcher-12] WARN  c.s.f.r.e.s.SocketRear  - FlameSocketGraphDeployerRear@flamestream-benchmarks-worker-11: writing to closed log
12:44:22.757 [worker-akka.actor.default-dispatcher-12] WARN  c.s.f.r.e.s.SocketRear  - FlameSocketGraphDeployerRear@flamestream-benchmarks-worker-11: writing to closed log
12:44:22.761 [worker-akka.actor.default-dispatcher-12] WARN  c.s.f.r.e.s.SocketRear  - FlameSocketGraphDeployerRear@flamestream-benchmarks-worker-11: writing to closed log
12:44:22.790 [worker-akka.actor.default-dispatcher-12] WARN  c.s.f.r.e.s.SocketRear  - FlameSocketGraphDeployerRear@flamestream-benchmarks-worker-11: writing to closed log
12:44:22.795 [worker-akka.actor.default-dispatcher-12] WARN  c.s.f.r.e.s.SocketRear  - FlameSocketGraphDeployerRear@flamestream-benchmarks-worker-11: writing to closed log
12:44:22.795 [worker-akka.actor.default-dispatcher-12] WARN  c.s.f.r.e.s.SocketRear  - FlameSocketGraphDeployerRear@flamestream-benchmarks-worker-11: writing to closed log
12:44:22.795 [worker-akka.actor.default-dispatcher-12] WARN  c.s.f.r.e.s.SocketRear  - FlameSocketGraphDeployerRear@flamestream-benchmarks-worker-11: writing to closed log
12:44:22.795 [worker-akka.actor.default-dispatcher-12] WARN  c.s.f.r.e.s.SocketRear  - FlameSocketGraphDeployerRear@flamestream-benchmarks-worker-11: writing to closed log
12:44:22.797 [worker-akka.actor.default-dispatcher-12] WARN  c.s.f.r.e.s.SocketRear  - FlameSocketGraphDeployerRear@flamestream-benchmarks-worker-11: writing to closed log
12:44:22.798 [worker-akka.actor.default-dispatcher-12] WARN  c.s.f.r.e.s.SocketRear  - FlameSocketGraphDeployerRear@flamestream-benchmarks-worker-11: writing to closed log
12:44:22.798 [worker-akka.actor.default-dispatcher-12] WARN  c.s.f.r.e.s.SocketRear  - FlameSocketGraphDeployerRear@flamestream-benchmarks-worker-11: writing to closed log
12:44:22.826 [worker-akka.actor.default-dispatcher-12] WARN  c.s.f.r.e.s.SocketRear  - FlameSocketGraphDeployerRear@flamestream-benchmarks-worker-11: writing to closed log
12:44:22.828 [worker-akka.actor.default-dispatcher-12] WARN  c.s.f.r.e.s.SocketRear  - FlameSocketGraphDeployerRear@flamestream-benchmarks-worker-11: writing to closed log
12:44:22.829 [worker-akka.actor.default-dispatcher-12] WARN  c.s.f.r.e.s.SocketRear  - FlameSocketGraphDeployerRear@flamestream-benchmarks-worker-11: writing to closed log
12:44:22.829 [worker-akka.actor.default-dispatcher-12] WARN  c.s.f.r.e.s.SocketRear  - FlameSocketGraphDeployerRear@flamestream-benchmarks-worker-11: writing to closed log
12:44:22.829 [worker-akka.actor.default-dispatcher-12] WARN  c.s.f.r.e.s.SocketRear  - FlameSocketGraphDeployerRear@flamestream-benchmarks-worker-11: writing to closed log
12:44:22.848 [worker-akka.actor.default-dispatcher-12] WARN  c.s.f.r.e.s.SocketRear  - FlameSocketGraphDeployerRear@flamestream-benchmarks-worker-11: writing to closed log
12:44:22.849 [worker-akka.actor.default-dispatcher-12] WARN  c.s.f.r.e.s.SocketRear  - FlameSocketGraphDeployerRear@flamestream-benchmarks-worker-11: writing to closed log
12:44:22.859 [worker-akka.actor.default-dispatcher-12] WARN  c.s.f.r.e.s.SocketRear  - FlameSocketGraphDeployerRear@flamestream-benchmarks-worker-11: writing to closed log
12:44:22.860 [worker-akka.actor.default-dispatcher-12] WARN  c.s.f.r.e.s.SocketRear  - FlameSocketGraphDeployerRear@flamestream-benchmarks-worker-11: writing to closed log
12:44:22.860 [worker-akka.actor.default-dispatcher-12] WARN  c.s.f.r.e.s.SocketRear  - FlameSocketGraphDeployerRear@flamestream-benchmarks-worker-11: writing to closed log
12:44:22.860 [worker-akka.actor.default-dispatcher-12] WARN  c.s.f.r.e.s.SocketRear  - FlameSocketGraphDeployerRear@flamestream-benchmarks-worker-11: writing to closed log
12:44:22.862 [worker-akka.actor.default-dispatcher-12] WARN  c.s.f.r.e.s.SocketRear  - FlameSocketGraphDeployerRear@flamestream-benchmarks-worker-11: writing to closed log
12:44:22.863 [worker-akka.actor.default-dispatcher-12] WARN  c.s.f.r.e.s.SocketRear  - FlameSocketGraphDeployerRear@flamestream-benchmarks-worker-11: writing to closed log
12:44:22.863 [worker-akka.actor.default-dispatcher-12] WARN  c.s.f.r.e.s.SocketRear  - FlameSocketGraphDeployerRear@flamestream-benchmarks-worker-11: writing to closed log
12:44:22.865 [worker-akka.actor.default-dispatcher-12] WARN  c.s.f.r.e.s.SocketRear  - FlameSocketGraphDeployerRear@flamestream-benchmarks-worker-11: writing to closed log
12:44:22.866 [worker-akka.actor.default-dispatcher-12] WARN  c.s.f.r.e.s.SocketRear  - FlameSocketGraphDeployerRear@flamestream-benchmarks-worker-11: writing to closed log
12:44:22.884 [worker-akka.actor.default-dispatcher-12] WARN  c.s.f.r.e.s.SocketRear  - FlameSocketGraphDeployerRear@flamestream-benchmarks-worker-11: writing to closed log
12:44:22.885 [worker-akka.actor.default-dispatcher-12] WARN  c.s.f.r.e.s.SocketRear  - FlameSocketGraphDeployerRear@flamestream-benchmarks-worker-11: writing to closed log
12:44:22.885 [worker-akka.actor.default-dispatcher-12] WARN  c.s.f.r.e.s.SocketRear  - FlameSocketGraphDeployerRear@flamestream-benchmarks-worker-11: writing to closed log
12:44:22.885 [worker-akka.actor.default-dispatcher-12] WARN  c.s.f.r.e.s.SocketRear  - FlameSocketGraphDeployerRear@flamestream-benchmarks-worker-11: writing to closed log
12:44:22.885 [worker-akka.actor.default-dispatcher-12] WARN  c.s.f.r.e.s.SocketRear  - FlameSocketGraphDeployerRear@flamestream-benchmarks-worker-11: writing to closed log
12:44:22.890 [worker-akka.actor.default-dispatcher-12] WARN  c.s.f.r.e.s.SocketRear  - FlameSocketGraphDeployerRear@flamestream-benchmarks-worker-11: writing to closed log
12:44:22.891 [worker-akka.actor.default-dispatcher-12] WARN  c.s.f.r.e.s.SocketRear  - FlameSocketGraphDeployerRear@flamestream-benchmarks-worker-11: writing to closed log
12:44:22.891 [worker-akka.actor.default-dispatcher-12] WARN  c.s.f.r.e.s.SocketRear  - FlameSocketGraphDeployerRear@flamestream-benchmarks-worker-11: writing to closed log
12:44:22.899 [worker-akka.actor.default-dispatcher-12] WARN  c.s.f.r.e.s.SocketRear  - FlameSocketGraphDeployerRear@flamestream-benchmarks-worker-11: writing to closed log
12:44:22.900 [worker-akka.actor.default-dispatcher-12] WARN  c.s.f.r.e.s.SocketRear  - FlameSocketGraphDeployerRear@flamestream-benchmarks-worker-11: writing to closed log
12:44:22.907 [worker-akka.actor.default-dispatcher-12] WARN  c.s.f.r.e.s.SocketRear  - FlameSocketGraphDeployerRear@flamestream-benchmarks-worker-11: writing to closed log
12:44:22.908 [worker-akka.actor.default-dispatcher-12] WARN  c.s.f.r.e.s.SocketRear  - FlameSocketGraphDeployerRear@flamestream-benchmarks-worker-11: writing to closed log
12:44:22.908 [worker-akka.actor.default-dispatcher-12] WARN  c.s.f.r.e.s.SocketRear  - FlameSocketGraphDeployerRear@flamestream-benchmarks-worker-11: writing to closed log
12:44:22.908 [worker-akka.actor.default-dispatcher-12] WARN  c.s.f.r.e.s.SocketRear  - FlameSocketGraphDeployerRear@flamestream-benchmarks-worker-11: writing to closed log
12:44:22.908 [worker-akka.actor.default-dispatcher-12] WARN  c.s.f.r.e.s.SocketRear  - FlameSocketGraphDeployerRear@flamestream-benchmarks-worker-11: writing to closed log
12:44:22.913 [worker-akka.actor.default-dispatcher-12] WARN  c.s.f.r.e.s.SocketRear  - FlameSocketGraphDeployerRear@flamestream-benchmarks-worker-11: writing to closed log
12:44:22.914 [worker-akka.actor.default-dispatcher-12] WARN  c.s.f.r.e.s.SocketRear  - FlameSocketGraphDeployerRear@flamestream-benchmarks-worker-11: writing to closed log
12:44:26.153 [worker-akka.actor.default-dispatcher-12] INFO  a.r.a.Association(akka://worker) akka.remote.artery.Association(akka://worker) - Association to [akka://worker@flamestream-benchmarks-worker-1:5412] having UID [2164622050406865559] has been stopped. All messages to this UID will be delivered to dead letters. Reason: ActorSystem terminated
12:44:26.243 [worker-akka.actor.default-dispatcher-12] INFO  a.r.a.Association(akka://worker) akka.remote.artery.Association(akka://worker) - Association to [akka://worker@flamestream-benchmarks-worker-2:5412] having UID [-4547469165035349574] has been stopped. All messages to this UID will be delivered to dead letters. Reason: ActorSystem terminated
12:44:26.413 [worker-akka.actor.default-dispatcher-12] INFO  a.r.a.Association(akka://worker) akka.remote.artery.Association(akka://worker) - Association to [akka://worker@flamestream-benchmarks-worker-4:5412] having UID [1879355718632016473] has been stopped. All messages to this UID will be delivered to dead letters. Reason: ActorSystem terminated
12:44:26.563 [worker-akka.actor.default-dispatcher-12] INFO  a.r.a.Association(akka://worker) akka.remote.artery.Association(akka://worker) - Association to [akka://worker@flamestream-benchmarks-worker-3:5412] having UID [5124950119994697808] has been stopped. All messages to this UID will be delivered to dead letters. Reason: ActorSystem terminated
12:44:26.932 [worker-akka.actor.default-dispatcher-12] INFO  a.r.a.Association(akka://worker) akka.remote.artery.Association(akka://worker) - Association to [akka://worker@flamestream-benchmarks-worker-0:5412] having UID [4919455313476746688] has been stopped. All messages to this UID will be delivered to dead letters. Reason: ActorSystem terminated
12:44:27.382 [worker-akka.actor.default-dispatcher-12] INFO  a.r.a.Association(akka://worker) akka.remote.artery.Association(akka://worker) - Association to [akka://worker@flamestream-benchmarks-worker-5:5412] having UID [508567141056831333] has been stopped. All messages to this UID will be delivered to dead letters. Reason: ActorSystem terminated
12:44:27.612 [worker-akka.actor.default-dispatcher-6] INFO  a.r.a.Association(akka://worker) akka.remote.artery.Association(akka://worker) - Association to [akka://worker@flamestream-benchmarks-worker-7:5412] having UID [5679006320686288223] has been stopped. All messages to this UID will be delivered to dead letters. Reason: ActorSystem terminated
12:44:27.640 [worker-akka.actor.default-dispatcher-9] INFO  a.a.LocalActorRef akka://worker/user/watcher/processing-watcher/graph/negotiator - Stopped
12:44:27.641 [worker-akka.actor.default-dispatcher-10] INFO  a.a.LocalActorRef akka://worker/user/watcher/processing-watcher/graph/graph/$A - Stopped
12:44:27.642 [worker-akka.actor.default-dispatcher-10] INFO  a.a.LocalActorRef akka://worker/user/watcher/processing-watcher/graph/graph/$B - Stopped
12:44:27.642 [worker-akka.actor.default-dispatcher-10] INFO  a.a.LocalActorRef akka://worker/user/watcher/processing-watcher/graph/graph/$C - Stopped
12:44:27.642 [worker-akka.actor.default-dispatcher-9] INFO  a.a.LocalActorRef akka://worker/user/watcher/processing-watcher/graph/graph/$D - Stopped
12:44:27.642 [worker-akka.actor.default-dispatcher-9] INFO  a.a.LocalActorRef akka://worker/user/watcher/processing-watcher/graph/graph/$E - Stopped
12:44:27.642 [worker-akka.actor.default-dispatcher-9] INFO  a.a.LocalActorRef akka://worker/user/watcher/processing-watcher/graph/graph/$F - Stopped
12:44:27.643 [worker-akka.actor.default-dispatcher-9] INFO  a.a.LocalActorRef akka://worker/user/watcher/processing-watcher/graph/graph/$G - Stopped
12:44:27.643 [worker-akka.actor.default-dispatcher-9] INFO  a.a.LocalActorRef akka://worker/user/watcher/processing-watcher/graph/graph/$H - Stopped
12:44:27.643 [worker-akka.actor.default-dispatcher-9] INFO  a.a.LocalActorRef akka://worker/user/watcher/processing-watcher/graph/graph/$a - Stopped
12:44:27.644 [worker-akka.actor.default-dispatcher-9] INFO  a.a.LocalActorRef akka://worker/user/watcher/processing-watcher/graph/graph/$b - Stopped
12:44:27.644 [worker-akka.actor.default-dispatcher-9] INFO  a.a.LocalActorRef akka://worker/user/watcher/processing-watcher/graph/graph/$c - Stopped
12:44:27.644 [worker-akka.actor.default-dispatcher-9] INFO  a.a.LocalActorRef akka://worker/user/watcher/processing-watcher/graph/graph/$d - Stopped
12:44:27.644 [worker-akka.actor.default-dispatcher-9] INFO  a.a.LocalActorRef akka://worker/user/watcher/processing-watcher/graph/graph/$e - Stopped
12:44:27.645 [worker-akka.actor.default-dispatcher-9] INFO  a.a.LocalActorRef akka://worker/user/watcher/processing-watcher/graph/graph/$f - Stopped
12:44:27.645 [worker-akka.actor.default-dispatcher-9] INFO  a.a.LocalActorRef akka://worker/user/watcher/processing-watcher/graph/graph/$g - Stopped
12:44:27.645 [worker-akka.actor.default-dispatcher-9] INFO  a.a.LocalActorRef akka://worker/user/watcher/processing-watcher/graph/graph/$h - Stopped
12:44:27.645 [worker-akka.actor.default-dispatcher-9] INFO  a.a.LocalActorRef akka://worker/user/watcher/processing-watcher/graph/graph/$i - Stopped
12:44:27.647 [worker-akka.actor.default-dispatcher-12] INFO  a.a.LocalActorRef akka://worker/user/watcher/processing-watcher/graph/graph/$j - Stopped
12:44:27.647 [worker-akka.actor.default-dispatcher-12] INFO  a.a.LocalActorRef akka://worker/user/watcher/processing-watcher/graph/graph/$k - Stopped
12:44:27.647 [worker-akka.actor.default-dispatcher-12] INFO  a.a.LocalActorRef akka://worker/user/watcher/processing-watcher/graph/graph/$l - Stopped
12:44:27.647 [worker-akka.actor.default-dispatcher-12] INFO  a.a.LocalActorRef akka://worker/user/watcher/processing-watcher/graph/graph/$m - Stopped
12:44:27.647 [worker-akka.actor.default-dispatcher-12] INFO  a.a.LocalActorRef akka://worker/user/watcher/processing-watcher/graph/graph/$n - Stopped
12:44:27.647 [worker-akka.actor.default-dispatcher-9] INFO  a.a.LocalActorRef akka://worker/user/watcher/processing-watcher/graph/graph/$o - Stopped
12:44:27.647 [worker-akka.actor.default-dispatcher-9] INFO  a.a.LocalActorRef akka://worker/user/watcher/processing-watcher/graph/graph/$p - Stopped
12:44:27.647 [worker-akka.actor.default-dispatcher-9] INFO  a.a.LocalActorRef akka://worker/user/watcher/processing-watcher/graph/graph/$q - Stopped
12:44:27.647 [worker-akka.actor.default-dispatcher-9] INFO  a.a.LocalActorRef akka://worker/user/watcher/processing-watcher/graph/graph/$r - Stopped
12:44:27.647 [worker-akka.actor.default-dispatcher-9] INFO  a.a.LocalActorRef akka://worker/user/watcher/processing-watcher/graph/graph/$s - Stopped
12:44:27.648 [worker-akka.actor.default-dispatcher-10] INFO  a.a.LocalActorRef akka://worker/user/watcher/processing-watcher/graph/graph/$t - Stopped
12:44:27.654 [worker-akka.actor.default-dispatcher-9] INFO  a.a.LocalActorRef akka://worker/user/watcher/processing-watcher/graph/edge/FlameSocketGraphDeployerFront - Stopped
12:44:27.657 [worker-akka.actor.default-dispatcher-6] INFO  a.a.LocalActorRef akka://worker/user/watcher/processing-watcher/graph/graph/$u - Stopped
12:44:27.660 [worker-akka.actor.default-dispatcher-13] INFO  a.a.LocalActorRef akka://worker/user/watcher/processing-watcher/graph/graph/$v - Stopped
12:44:27.661 [worker-akka.actor.default-dispatcher-13] INFO  a.a.LocalActorRef akka://worker/user/watcher/processing-watcher/graph/graph/$w - Stopped
12:44:27.661 [worker-akka.actor.default-dispatcher-13] INFO  a.a.LocalActorRef akka://worker/user/watcher/processing-watcher/graph/graph/$x - Stopped
12:44:27.663 [worker-akka.actor.default-dispatcher-13] INFO  a.a.LocalActorRef akka://worker/user/watcher/processing-watcher/graph/graph/$y - Stopped
12:44:27.663 [worker-akka.actor.default-dispatcher-13] INFO  a.a.LocalActorRef akka://worker/user/watcher/processing-watcher/graph/graph/$z - Stopped
12:44:27.666 [worker-akka.actor.default-dispatcher-18] INFO  a.a.LocalActorRef akka://worker/user/watcher/processing-watcher/graph/graph - Stopped
12:44:27.668 [worker-akka.actor.default-dispatcher-10] INFO  a.a.LocalActorRef akka://worker/user/watcher/processing-watcher/graph/edge/FlameSocketGraphDeployerRear - Stopped
12:44:27.668 [worker-akka.actor.default-dispatcher-10] INFO  a.a.LocalActorRef akka://worker/user/watcher/processing-watcher/graph/edge - Stopped
12:44:27.679 [worker-akka.actor.default-dispatcher-13] INFO  a.a.LocalActorRef akka://worker/user/watcher/processing-watcher/graph - Stopped
12:44:27.680 [worker-akka.actor.default-dispatcher-17] INFO  a.a.LocalActorRef akka://worker/user/watcher/processing-watcher - Stopped
12:44:27.681 [Curator-Framework-0] INFO  o.a.c.f.i.CuratorFrameworkImpl  - backgroundOperationsLoop exiting
12:44:27.692 [Curator-PathChildrenCache-0] ERROR o.a.c.f.r.c.PathChildrenCache  - 
java.lang.IllegalStateException: instance must be started before calling this method
	at org.apache.curator.shaded.com.google.common.base.Preconditions.checkState(Preconditions.java:444)
	at org.apache.curator.framework.imps.CuratorFrameworkImpl.getChildren(CuratorFrameworkImpl.java:456)
	at org.apache.curator.framework.recipes.cache.PathChildrenCache.refresh(PathChildrenCache.java:521)
	at org.apache.curator.framework.recipes.cache.RefreshOperation.invoke(RefreshOperation.java:35)
	at org.apache.curator.framework.recipes.cache.PathChildrenCache$9.run(PathChildrenCache.java:786)
	at java.util.concurrent.Executors$RunnableAdapter.call(Executors.java:511)
	at java.util.concurrent.FutureTask.run(FutureTask.java:266)
	at java.util.concurrent.Executors$RunnableAdapter.call(Executors.java:511)
	at java.util.concurrent.FutureTask.run(FutureTask.java:266)
	at java.util.concurrent.ThreadPoolExecutor.runWorker(ThreadPoolExecutor.java:1149)
	at java.util.concurrent.ThreadPoolExecutor$Worker.run(ThreadPoolExecutor.java:624)
	at java.lang.Thread.run(Thread.java:748)
12:44:27.692 [worker-akka.actor.default-dispatcher-6-EventThread] INFO  o.a.z.ClientCnxn  - EventThread shut down for session: 0x100005c675e000b
12:44:27.693 [worker-akka.actor.default-dispatcher-16] INFO  o.a.z.ZooKeeper  - Session: 0x100005c675e000b closed
12:44:27.693 [worker-akka.actor.default-dispatcher-18] INFO  a.a.RepointableActorRef akka://worker/user/watcher - Stopped
12:44:27.709 [worker-akka.actor.default-dispatcher-19] INFO  a.r.RemoteActorRefProvider$RemotingTerminator akka://worker@flamestream-benchmarks-worker-11:5412/system/remoting-terminator - Shutting down remote daemon.
12:44:27.711 [worker-akka.actor.default-dispatcher-19] INFO  a.r.RemoteActorRefProvider$RemotingTerminator akka://worker@flamestream-benchmarks-worker-11:5412/system/remoting-terminator - Remote daemon shut down; proceeding with flushing remote transports.
12:44:28.933 [worker-akka.actor.default-dispatcher-19] INFO  a.r.RemoteActorRefProvider$RemotingTerminator akka://worker@flamestream-benchmarks-worker-11:5412/system/remoting-terminator - Remoting shut down.
Heap
 def new generation   total 460800K, used 285879K [0x00000000a2400000, 0x00000000c1800000, 0x00000000c1800000)
  eden space 409600K,  69% used [0x00000000a2400000, 0x00000000b3b16a20, 0x00000000bb400000)
  from space 51200K,   0% used [0x00000000be600000, 0x00000000be617338, 0x00000000c1800000)
  to   space 51200K,   0% used [0x00000000bb400000, 0x00000000bb400000, 0x00000000be600000)
 tenured generation   total 1024000K, used 54643K [0x00000000c1800000, 0x0000000100000000, 0x0000000100000000)
   the space 1024000K,   5% used [0x00000000c1800000, 0x00000000c4d5cc88, 0x00000000c4d5ce00, 0x0000000100000000)
 Metaspace       used 40693K, capacity 43526K, committed 43648K, reserved 1087488K
  class space    used 5332K, capacity 5668K, committed 5760K, reserved 1048576K
