05:50:56,438 |-INFO in ch.qos.logback.classic.LoggerContext[default] - Could NOT find resource [logback-test.xml]
05:50:56,438 |-INFO in ch.qos.logback.classic.LoggerContext[default] - Could NOT find resource [logback.groovy]
05:50:56,438 |-INFO in ch.qos.logback.classic.LoggerContext[default] - Found resource [logback.xml] at [jar:file:/root/flamestream/lib/flamestream-runtime-1.0-SNAPSHOT.jar!/logback.xml]
05:50:56,438 |-WARN in ch.qos.logback.classic.LoggerContext[default] - Resource [logback.xml] occurs multiple times on the classpath.
05:50:56,439 |-WARN in ch.qos.logback.classic.LoggerContext[default] - Resource [logback.xml] occurs at [jar:file:/root/flamestream/lib/flamestream-runtime-1.0-SNAPSHOT.jar!/logback.xml]
05:50:56,441 |-WARN in ch.qos.logback.classic.LoggerContext[default] - Resource [logback.xml] occurs at [jar:file:/root/flamestream/flamestream-runtime-1.0-SNAPSHOT.jar!/logback.xml]
05:50:56,461 |-INFO in ch.qos.logback.core.joran.spi.ConfigurationWatchList@3fb6a447 - URL [jar:file:/root/flamestream/lib/flamestream-runtime-1.0-SNAPSHOT.jar!/logback.xml] is not of type file
05:50:56,533 |-INFO in ch.qos.logback.classic.joran.action.ConfigurationAction - debug attribute not set
05:50:56,533 |-INFO in ch.qos.logback.core.joran.action.AppenderAction - About to instantiate appender of type [ch.qos.logback.core.ConsoleAppender]
05:50:56,550 |-INFO in ch.qos.logback.core.joran.action.AppenderAction - Naming appender as [STDOUT]
05:50:56,568 |-INFO in ch.qos.logback.core.joran.action.NestedComplexPropertyIA - Assuming default type [ch.qos.logback.classic.encoder.PatternLayoutEncoder] for [encoder] property
05:50:56,651 |-INFO in ch.qos.logback.core.joran.action.AppenderAction - About to instantiate appender of type [ch.qos.logback.core.rolling.RollingFileAppender]
05:50:56,656 |-INFO in ch.qos.logback.core.joran.action.AppenderAction - Naming appender as [FILE]
05:50:56,687 |-INFO in c.q.l.core.rolling.TimeBasedRollingPolicy@127618319 - No compression will be used
05:50:56,688 |-INFO in c.q.l.core.rolling.TimeBasedRollingPolicy@127618319 - Will use the pattern /tmp/application_%d{yyyy-MM-dd}.%i.log for the active file
05:50:56,691 |-INFO in ch.qos.logback.core.rolling.SizeAndTimeBasedFNATP@6b2fad11 - The date pattern is 'yyyy-MM-dd' from file name pattern '/tmp/application_%d{yyyy-MM-dd}.%i.log'.
05:50:56,691 |-INFO in ch.qos.logback.core.rolling.SizeAndTimeBasedFNATP@6b2fad11 - Roll-over at midnight.
05:50:56,696 |-INFO in ch.qos.logback.core.rolling.SizeAndTimeBasedFNATP@6b2fad11 - Setting initial period to Tue Jun 11 05:49:32 UTC 2019
05:50:56,696 |-WARN in ch.qos.logback.core.rolling.SizeAndTimeBasedFNATP@6b2fad11 - SizeAndTimeBasedFNATP is deprecated. Use SizeAndTimeBasedRollingPolicy instead
05:50:56,696 |-WARN in ch.qos.logback.core.rolling.SizeAndTimeBasedFNATP@6b2fad11 - For more information see http://logback.qos.ch/manual/appenders.html#SizeAndTimeBasedRollingPolicy
05:50:56,700 |-INFO in ch.qos.logback.core.joran.action.NestedComplexPropertyIA - Assuming default type [ch.qos.logback.classic.encoder.PatternLayoutEncoder] for [encoder] property
05:50:56,705 |-INFO in ch.qos.logback.core.rolling.RollingFileAppender[FILE] - Active log file name: /tmp/application.log
05:50:56,705 |-INFO in ch.qos.logback.core.rolling.RollingFileAppender[FILE] - File property is set to [/tmp/application.log]
05:50:56,705 |-INFO in ch.qos.logback.classic.joran.action.RootLoggerAction - Setting level of ROOT logger to WARN
05:50:56,705 |-INFO in ch.qos.logback.core.joran.action.AppenderRefAction - Attaching appender named [STDOUT] to Logger[ROOT]
05:50:56,707 |-INFO in ch.qos.logback.core.joran.action.AppenderRefAction - Attaching appender named [FILE] to Logger[ROOT]
05:50:56,707 |-INFO in ch.qos.logback.classic.joran.action.ConfigurationAction - End of configuration.
05:50:56,708 |-INFO in ch.qos.logback.classic.joran.JoranConfigurator@79698539 - Registering current configuration as safe fallback point

Ama winner
Ama winner
2019-06-11T05:50:58.307+0000: 2.052: [Full GC (Metadata GC Threshold) 2019-06-11T05:50:58.307+0000: 2.052: [Tenured: 0K->15223K(341376K), 0.0437567 secs] 117718K->15223K(494976K), [Metaspace: 20728K->20728K(1067008K)], 0.0438209 secs] [Times: user=0.04 sys=0.00, real=0.05 secs] 
05:51:14.436 [Curator-PathChildrenCache-1] WARN  o.a.c.u.ZKPaths  - The version of ZooKeeper being used doesn't support Container nodes. CreateMode.PERSISTENT will be used instead.
2019-06-11T05:51:16.957+0000: 20.702: [GC (Allocation Failure) 2019-06-11T05:51:16.957+0000: 20.702: [DefNew: 136576K->17023K(153600K), 0.0281164 secs] 151799K->52685K(494976K), 0.0282150 secs] [Times: user=0.02 sys=0.01, real=0.03 secs] 
2019-06-11T05:51:18.360+0000: 22.105: [Full GC (Metadata GC Threshold) 2019-06-11T05:51:18.360+0000: 22.105: [Tenured: 35661K->43988K(341376K), 0.0412355 secs] 87153K->43988K(494976K), [Metaspace: 34513K->34513K(1079296K)], 0.0413121 secs] [Times: user=0.03 sys=0.00, real=0.04 secs] 
2019-06-11T05:51:24.897+0000: 28.642: [GC (Allocation Failure) 2019-06-11T05:51:24.897+0000: 28.642: [DefNew: 136576K->69K(153600K), 0.0018078 secs] 180564K->44057K(494976K), 0.0018690 secs] [Times: user=0.00 sys=0.00, real=0.00 secs] 
2019-06-11T05:51:31.360+0000: 35.105: [GC (Allocation Failure) 2019-06-11T05:51:31.360+0000: 35.105: [DefNew: 136645K->68K(153600K), 0.0016882 secs] 180633K->44057K(494976K), 0.0017428 secs] [Times: user=0.00 sys=0.00, real=0.00 secs] 
2019-06-11T05:51:37.937+0000: 41.682: [GC (Allocation Failure) 2019-06-11T05:51:37.937+0000: 41.682: [DefNew: 136644K->68K(153600K), 0.0017029 secs] 180633K->44057K(494976K), 0.0017731 secs] [Times: user=0.00 sys=0.00, real=0.00 secs] 
2019-06-11T05:51:44.562+0000: 48.306: [GC (Allocation Failure) 2019-06-11T05:51:44.562+0000: 48.307: [DefNew: 136644K->72K(153600K), 0.0017288 secs] 180633K->44060K(494976K), 0.0017883 secs] [Times: user=0.00 sys=0.00, real=0.01 secs] 
2019-06-11T05:51:51.228+0000: 54.973: [GC (Allocation Failure) 2019-06-11T05:51:51.228+0000: 54.973: [DefNew: 136648K->68K(153600K), 0.0017892 secs] 180636K->44056K(494976K), 0.0018479 secs] [Times: user=0.00 sys=0.00, real=0.00 secs] 
05:52:00.853 [Curator-PathChildrenCache-0] ERROR o.a.c.f.r.c.PathChildrenCache  - 
java.lang.IllegalStateException: instance must be started before calling this method
	at org.apache.curator.shaded.com.google.common.base.Preconditions.checkState(Preconditions.java:444)
	at org.apache.curator.framework.imps.CuratorFrameworkImpl.getChildren(CuratorFrameworkImpl.java:456)
	at org.apache.curator.framework.recipes.cache.PathChildrenCache.refresh(PathChildrenCache.java:521)
	at org.apache.curator.framework.recipes.cache.RefreshOperation.invoke(RefreshOperation.java:35)
	at org.apache.curator.framework.recipes.cache.PathChildrenCache$9.run(PathChildrenCache.java:786)
	at java.util.concurrent.Executors$RunnableAdapter.call(Executors.java:511)
	at java.util.concurrent.FutureTask.run(FutureTask.java:266)
	at java.util.concurrent.Executors$RunnableAdapter.call(Executors.java:511)
	at java.util.concurrent.FutureTask.run(FutureTask.java:266)
	at java.util.concurrent.ThreadPoolExecutor.runWorker(ThreadPoolExecutor.java:1149)
	at java.util.concurrent.ThreadPoolExecutor$Worker.run(ThreadPoolExecutor.java:624)
	at java.lang.Thread.run(Thread.java:748)
Heap
 def new generation   total 153600K, used 90473K [0x00000000e0c00000, 0x00000000eb2a0000, 0x00000000eb2a0000)
  eden space 136576K,  66% used [0x00000000e0c00000, 0x00000000e64494b8, 0x00000000e9160000)
  from space 17024K,   0% used [0x00000000e9160000, 0x00000000e9171070, 0x00000000ea200000)
  to   space 17024K,   0% used [0x00000000ea200000, 0x00000000ea200000, 0x00000000eb2a0000)
 tenured generation   total 341376K, used 43988K [0x00000000eb2a0000, 0x0000000100000000, 0x0000000100000000)
   the space 341376K,  12% used [0x00000000eb2a0000, 0x00000000edd95210, 0x00000000edd95400, 0x0000000100000000)
 Metaspace       used 36005K, capacity 36934K, committed 37120K, reserved 1081344K
  class space    used 4871K, capacity 5075K, committed 5120K, reserved 1048576K
