14:48:57,295 |-INFO in ch.qos.logback.classic.LoggerContext[default] - Could NOT find resource [logback-test.xml]
14:48:57,296 |-INFO in ch.qos.logback.classic.LoggerContext[default] - Could NOT find resource [logback.groovy]
14:48:57,296 |-INFO in ch.qos.logback.classic.LoggerContext[default] - Found resource [logback.xml] at [jar:file:/root/flamestream/lib/flamestream-runtime-1.0-SNAPSHOT.jar!/logback.xml]
14:48:57,296 |-WARN in ch.qos.logback.classic.LoggerContext[default] - Resource [logback.xml] occurs multiple times on the classpath.
14:48:57,296 |-WARN in ch.qos.logback.classic.LoggerContext[default] - Resource [logback.xml] occurs at [jar:file:/root/flamestream/lib/flamestream-runtime-1.0-SNAPSHOT.jar!/logback.xml]
14:48:57,296 |-WARN in ch.qos.logback.classic.LoggerContext[default] - Resource [logback.xml] occurs at [jar:file:/root/flamestream/flamestream-runtime-1.0-SNAPSHOT.jar!/logback.xml]
14:48:57,318 |-INFO in ch.qos.logback.core.joran.spi.ConfigurationWatchList@3fb6a447 - URL [jar:file:/root/flamestream/lib/flamestream-runtime-1.0-SNAPSHOT.jar!/logback.xml] is not of type file
14:48:57,391 |-INFO in ch.qos.logback.classic.joran.action.ConfigurationAction - debug attribute not set
14:48:57,391 |-INFO in ch.qos.logback.core.joran.action.AppenderAction - About to instantiate appender of type [ch.qos.logback.core.ConsoleAppender]
14:48:57,413 |-INFO in ch.qos.logback.core.joran.action.AppenderAction - Naming appender as [STDOUT]
14:48:57,432 |-INFO in ch.qos.logback.core.joran.action.NestedComplexPropertyIA - Assuming default type [ch.qos.logback.classic.encoder.PatternLayoutEncoder] for [encoder] property
14:48:57,517 |-INFO in ch.qos.logback.core.joran.action.AppenderAction - About to instantiate appender of type [ch.qos.logback.core.rolling.RollingFileAppender]
14:48:57,522 |-INFO in ch.qos.logback.core.joran.action.AppenderAction - Naming appender as [FILE]
14:48:57,555 |-INFO in c.q.l.core.rolling.TimeBasedRollingPolicy@127618319 - No compression will be used
14:48:57,556 |-INFO in c.q.l.core.rolling.TimeBasedRollingPolicy@127618319 - Will use the pattern /tmp/application_%d{yyyy-MM-dd}.%i.log for the active file
14:48:57,560 |-INFO in ch.qos.logback.core.rolling.SizeAndTimeBasedFNATP@6b2fad11 - The date pattern is 'yyyy-MM-dd' from file name pattern '/tmp/application_%d{yyyy-MM-dd}.%i.log'.
14:48:57,560 |-INFO in ch.qos.logback.core.rolling.SizeAndTimeBasedFNATP@6b2fad11 - Roll-over at midnight.
14:48:57,565 |-INFO in ch.qos.logback.core.rolling.SizeAndTimeBasedFNATP@6b2fad11 - Setting initial period to Mon Jun 10 14:47:41 UTC 2019
14:48:57,565 |-WARN in ch.qos.logback.core.rolling.SizeAndTimeBasedFNATP@6b2fad11 - SizeAndTimeBasedFNATP is deprecated. Use SizeAndTimeBasedRollingPolicy instead
14:48:57,565 |-WARN in ch.qos.logback.core.rolling.SizeAndTimeBasedFNATP@6b2fad11 - For more information see http://logback.qos.ch/manual/appenders.html#SizeAndTimeBasedRollingPolicy
14:48:57,569 |-INFO in ch.qos.logback.core.joran.action.NestedComplexPropertyIA - Assuming default type [ch.qos.logback.classic.encoder.PatternLayoutEncoder] for [encoder] property
14:48:57,574 |-INFO in ch.qos.logback.core.rolling.RollingFileAppender[FILE] - Active log file name: /tmp/application.log
14:48:57,574 |-INFO in ch.qos.logback.core.rolling.RollingFileAppender[FILE] - File property is set to [/tmp/application.log]
14:48:57,575 |-INFO in ch.qos.logback.classic.joran.action.RootLoggerAction - Setting level of ROOT logger to WARN
14:48:57,575 |-INFO in ch.qos.logback.core.joran.action.AppenderRefAction - Attaching appender named [STDOUT] to Logger[ROOT]
14:48:57,577 |-INFO in ch.qos.logback.core.joran.action.AppenderRefAction - Attaching appender named [FILE] to Logger[ROOT]
14:48:57,577 |-INFO in ch.qos.logback.classic.joran.action.ConfigurationAction - End of configuration.
14:48:57,577 |-INFO in ch.qos.logback.classic.joran.JoranConfigurator@79698539 - Registering current configuration as safe fallback point

Ama winner
Ama winner
2019-06-10T14:48:58.832+0000: 1.728: [Full GC (Metadata GC Threshold) 2019-06-10T14:48:58.832+0000: 1.728: [Tenured: 0K->15208K(341376K), 0.0350313 secs] 114924K->15208K(494976K), [Metaspace: 20728K->20728K(1067008K)], 0.0351154 secs] [Times: user=0.03 sys=0.00, real=0.04 secs] 
14:49:21.531 [Curator-PathChildrenCache-1] WARN  o.a.c.u.ZKPaths  - The version of ZooKeeper being used doesn't support Container nodes. CreateMode.PERSISTENT will be used instead.
2019-06-10T14:49:24.166+0000: 27.062: [GC (Allocation Failure) 2019-06-10T14:49:24.166+0000: 27.062: [DefNew: 135659K->16698K(153600K), 0.0263589 secs] 150868K->51438K(494976K), 0.0264385 secs] [Times: user=0.02 sys=0.01, real=0.02 secs] 
2019-06-10T14:49:25.720+0000: 28.616: [Full GC (Metadata GC Threshold) 2019-06-10T14:49:25.720+0000: 28.616: [Tenured: 34739K->43781K(341376K), 0.0618335 secs] 92425K->43781K(494976K), [Metaspace: 34590K->34590K(1079296K)], 0.0619084 secs] [Times: user=0.06 sys=0.00, real=0.06 secs] 
2019-06-10T14:49:31.869+0000: 34.764: [GC (Allocation Failure) 2019-06-10T14:49:31.869+0000: 34.765: [DefNew: 136576K->94K(153600K), 0.0021246 secs] 180357K->43876K(494976K), 0.0021856 secs] [Times: user=0.00 sys=0.00, real=0.00 secs] 
2019-06-10T14:49:37.864+0000: 40.760: [GC (Allocation Failure) 2019-06-10T14:49:37.864+0000: 40.760: [DefNew: 136670K->97K(153600K), 0.0019514 secs] 180452K->43878K(494976K), 0.0020104 secs] [Times: user=0.00 sys=0.00, real=0.01 secs] 
2019-06-10T14:49:43.708+0000: 46.604: [GC (Allocation Failure) 2019-06-10T14:49:43.708+0000: 46.604: [DefNew: 136673K->98K(153600K), 0.0019254 secs] 180454K->43879K(494976K), 0.0019827 secs] [Times: user=0.00 sys=0.00, real=0.00 secs] 
2019-06-10T14:49:49.610+0000: 52.506: [GC (Allocation Failure) 2019-06-10T14:49:49.610+0000: 52.506: [DefNew: 136674K->101K(153600K), 0.0019195 secs] 180455K->43882K(494976K), 0.0019775 secs] [Times: user=0.00 sys=0.00, real=0.00 secs] 
14:50:03.566 [Curator-PathChildrenCache-0] ERROR o.a.c.f.r.c.PathChildrenCache  - 
java.lang.IllegalStateException: instance must be started before calling this method
	at org.apache.curator.shaded.com.google.common.base.Preconditions.checkState(Preconditions.java:444)
	at org.apache.curator.framework.imps.CuratorFrameworkImpl.getChildren(CuratorFrameworkImpl.java:456)
	at org.apache.curator.framework.recipes.cache.PathChildrenCache.refresh(PathChildrenCache.java:521)
	at org.apache.curator.framework.recipes.cache.RefreshOperation.invoke(RefreshOperation.java:35)
	at org.apache.curator.framework.recipes.cache.PathChildrenCache$9.run(PathChildrenCache.java:786)
	at java.util.concurrent.Executors$RunnableAdapter.call(Executors.java:511)
	at java.util.concurrent.FutureTask.run(FutureTask.java:266)
	at java.util.concurrent.Executors$RunnableAdapter.call(Executors.java:511)
	at java.util.concurrent.FutureTask.run(FutureTask.java:266)
	at java.util.concurrent.ThreadPoolExecutor.runWorker(ThreadPoolExecutor.java:1149)
	at java.util.concurrent.ThreadPoolExecutor$Worker.run(ThreadPoolExecutor.java:624)
	at java.lang.Thread.run(Thread.java:748)
2019-06-10T14:50:03.827+0000: 66.723: [GC (Allocation Failure) 2019-06-10T14:50:03.828+0000: 66.723: [DefNew: 136677K->985K(153600K), 0.0034552 secs] 180458K->44766K(494976K), 0.0035213 secs] [Times: user=0.00 sys=0.00, real=0.00 secs] 
Heap
 def new generation   total 153600K, used 14585K [0x00000000e0c00000, 0x00000000eb2a0000, 0x00000000eb2a0000)
  eden space 136576K,   9% used [0x00000000e0c00000, 0x00000000e19481e8, 0x00000000e9160000)
  from space 17024K,   5% used [0x00000000e9160000, 0x00000000e9256458, 0x00000000ea200000)
  to   space 17024K,   0% used [0x00000000ea200000, 0x00000000ea200000, 0x00000000eb2a0000)
 tenured generation   total 341376K, used 43781K [0x00000000eb2a0000, 0x0000000100000000, 0x0000000100000000)
   the space 341376K,  12% used [0x00000000eb2a0000, 0x00000000edd61568, 0x00000000edd61600, 0x0000000100000000)
 Metaspace       used 36268K, capacity 37196K, committed 37376K, reserved 1081344K
  class space    used 4860K, capacity 5076K, committed 5120K, reserved 1048576K
