15:18:00,311 |-INFO in ch.qos.logback.classic.LoggerContext[default] - Could NOT find resource [logback-test.xml]
15:18:00,311 |-INFO in ch.qos.logback.classic.LoggerContext[default] - Could NOT find resource [logback.groovy]
15:18:00,311 |-INFO in ch.qos.logback.classic.LoggerContext[default] - Found resource [logback.xml] at [jar:file:/root/flamestream/lib/flamestream-runtime-1.0-SNAPSHOT.jar!/logback.xml]
15:18:00,312 |-WARN in ch.qos.logback.classic.LoggerContext[default] - Resource [logback.xml] occurs multiple times on the classpath.
15:18:00,312 |-WARN in ch.qos.logback.classic.LoggerContext[default] - Resource [logback.xml] occurs at [jar:file:/root/flamestream/lib/flamestream-runtime-1.0-SNAPSHOT.jar!/logback.xml]
15:18:00,312 |-WARN in ch.qos.logback.classic.LoggerContext[default] - Resource [logback.xml] occurs at [jar:file:/root/flamestream/flamestream-runtime-1.0-SNAPSHOT.jar!/logback.xml]
15:18:00,335 |-INFO in ch.qos.logback.core.joran.spi.ConfigurationWatchList@3fb6a447 - URL [jar:file:/root/flamestream/lib/flamestream-runtime-1.0-SNAPSHOT.jar!/logback.xml] is not of type file
15:18:00,403 |-INFO in ch.qos.logback.classic.joran.action.ConfigurationAction - debug attribute not set
15:18:00,404 |-INFO in ch.qos.logback.core.joran.action.AppenderAction - About to instantiate appender of type [ch.qos.logback.core.ConsoleAppender]
15:18:00,421 |-INFO in ch.qos.logback.core.joran.action.AppenderAction - Naming appender as [STDOUT]
15:18:00,435 |-INFO in ch.qos.logback.core.joran.action.NestedComplexPropertyIA - Assuming default type [ch.qos.logback.classic.encoder.PatternLayoutEncoder] for [encoder] property
15:18:00,536 |-INFO in ch.qos.logback.core.joran.action.AppenderAction - About to instantiate appender of type [ch.qos.logback.core.rolling.RollingFileAppender]
15:18:00,551 |-INFO in ch.qos.logback.core.joran.action.AppenderAction - Naming appender as [FILE]
15:18:00,581 |-INFO in c.q.l.core.rolling.TimeBasedRollingPolicy@127618319 - No compression will be used
15:18:00,582 |-INFO in c.q.l.core.rolling.TimeBasedRollingPolicy@127618319 - Will use the pattern /tmp/application_%d{yyyy-MM-dd}.%i.log for the active file
15:18:00,585 |-INFO in ch.qos.logback.core.rolling.SizeAndTimeBasedFNATP@6b2fad11 - The date pattern is 'yyyy-MM-dd' from file name pattern '/tmp/application_%d{yyyy-MM-dd}.%i.log'.
15:18:00,585 |-INFO in ch.qos.logback.core.rolling.SizeAndTimeBasedFNATP@6b2fad11 - Roll-over at midnight.
15:18:00,591 |-INFO in ch.qos.logback.core.rolling.SizeAndTimeBasedFNATP@6b2fad11 - Setting initial period to Mon Jun 10 15:16:39 UTC 2019
15:18:00,591 |-WARN in ch.qos.logback.core.rolling.SizeAndTimeBasedFNATP@6b2fad11 - SizeAndTimeBasedFNATP is deprecated. Use SizeAndTimeBasedRollingPolicy instead
15:18:00,591 |-WARN in ch.qos.logback.core.rolling.SizeAndTimeBasedFNATP@6b2fad11 - For more information see http://logback.qos.ch/manual/appenders.html#SizeAndTimeBasedRollingPolicy
15:18:00,595 |-INFO in ch.qos.logback.core.joran.action.NestedComplexPropertyIA - Assuming default type [ch.qos.logback.classic.encoder.PatternLayoutEncoder] for [encoder] property
15:18:00,600 |-INFO in ch.qos.logback.core.rolling.RollingFileAppender[FILE] - Active log file name: /tmp/application.log
15:18:00,600 |-INFO in ch.qos.logback.core.rolling.RollingFileAppender[FILE] - File property is set to [/tmp/application.log]
15:18:00,601 |-INFO in ch.qos.logback.classic.joran.action.RootLoggerAction - Setting level of ROOT logger to WARN
15:18:00,601 |-INFO in ch.qos.logback.core.joran.action.AppenderRefAction - Attaching appender named [STDOUT] to Logger[ROOT]
15:18:00,603 |-INFO in ch.qos.logback.core.joran.action.AppenderRefAction - Attaching appender named [FILE] to Logger[ROOT]
15:18:00,603 |-INFO in ch.qos.logback.classic.joran.action.ConfigurationAction - End of configuration.
15:18:00,604 |-INFO in ch.qos.logback.classic.joran.JoranConfigurator@79698539 - Registering current configuration as safe fallback point

Ama winner
Ama winner
2019-06-10T15:18:02.248+0000: 2.122: [Full GC (Metadata GC Threshold) 2019-06-10T15:18:02.248+0000: 2.122: [Tenured: 0K->15240K(341376K), 0.0368854 secs] 117782K->15240K(494976K), [Metaspace: 20735K->20735K(1067008K)], 0.0369534 secs] [Times: user=0.02 sys=0.01, real=0.04 secs] 
15:18:15.730 [Curator-PathChildrenCache-1] WARN  o.a.c.u.ZKPaths  - The version of ZooKeeper being used doesn't support Container nodes. CreateMode.PERSISTENT will be used instead.
2019-06-10T15:18:17.924+0000: 17.798: [GC (Allocation Failure) 2019-06-10T15:18:17.924+0000: 17.798: [DefNew: 136576K->17024K(153600K), 0.0268128 secs] 151816K->52627K(494976K), 0.0268825 secs] [Times: user=0.02 sys=0.01, real=0.03 secs] 
2019-06-10T15:18:19.523+0000: 19.397: [Full GC (Metadata GC Threshold) 2019-06-10T15:18:19.523+0000: 19.397: [Tenured: 35603K->44343K(341376K), 0.0428688 secs] 85639K->44343K(494976K), [Metaspace: 34597K->34597K(1079296K)], 0.0429435 secs] [Times: user=0.05 sys=0.00, real=0.04 secs] 
2019-06-10T15:18:26.137+0000: 26.010: [GC (Allocation Failure) 2019-06-10T15:18:26.137+0000: 26.010: [DefNew: 136576K->140K(153600K), 0.0018855 secs] 180919K->44483K(494976K), 0.0019442 secs] [Times: user=0.00 sys=0.00, real=0.00 secs] 
2019-06-10T15:18:32.669+0000: 32.542: [GC (Allocation Failure) 2019-06-10T15:18:32.669+0000: 32.542: [DefNew: 136716K->136K(153600K), 0.0017445 secs] 181059K->44479K(494976K), 0.0018051 secs] [Times: user=0.00 sys=0.00, real=0.00 secs] 
2019-06-10T15:18:39.366+0000: 39.240: [GC (Allocation Failure) 2019-06-10T15:18:39.366+0000: 39.240: [DefNew: 136712K->168K(153600K), 0.0018215 secs] 181055K->44511K(494976K), 0.0018823 secs] [Times: user=0.00 sys=0.00, real=0.00 secs] 
2019-06-10T15:18:46.072+0000: 45.945: [GC (Allocation Failure) 2019-06-10T15:18:46.072+0000: 45.945: [DefNew: 136744K->199K(153600K), 0.0019109 secs] 181087K->44542K(494976K), 0.0019791 secs] [Times: user=0.00 sys=0.00, real=0.00 secs] 
2019-06-10T15:18:52.789+0000: 52.662: [GC (Allocation Failure) 2019-06-10T15:18:52.789+0000: 52.662: [DefNew: 136775K->208K(153600K), 0.0018717 secs] 181118K->44551K(494976K), 0.0019303 secs] [Times: user=0.00 sys=0.00, real=0.00 secs] 
2019-06-10T15:19:02.141+0000: 62.015: [GC (Allocation Failure) 2019-06-10T15:19:02.141+0000: 62.015: [DefNew: 136784K->358K(153600K), 0.0022467 secs] 181127K->44701K(494976K), 0.0023110 secs] [Times: user=0.01 sys=0.00, real=0.00 secs] 
15:19:10.433 [Curator-PathChildrenCache-0] ERROR o.a.c.f.r.c.PathChildrenCache  - 
java.lang.IllegalStateException: instance must be started before calling this method
	at org.apache.curator.shaded.com.google.common.base.Preconditions.checkState(Preconditions.java:444)
	at org.apache.curator.framework.imps.CuratorFrameworkImpl.getChildren(CuratorFrameworkImpl.java:456)
	at org.apache.curator.framework.recipes.cache.PathChildrenCache.refresh(PathChildrenCache.java:521)
	at org.apache.curator.framework.recipes.cache.RefreshOperation.invoke(RefreshOperation.java:35)
	at org.apache.curator.framework.recipes.cache.PathChildrenCache$9.run(PathChildrenCache.java:786)
	at java.util.concurrent.Executors$RunnableAdapter.call(Executors.java:511)
	at java.util.concurrent.FutureTask.run(FutureTask.java:266)
	at java.util.concurrent.Executors$RunnableAdapter.call(Executors.java:511)
	at java.util.concurrent.FutureTask.run(FutureTask.java:266)
	at java.util.concurrent.ThreadPoolExecutor.runWorker(ThreadPoolExecutor.java:1149)
	at java.util.concurrent.ThreadPoolExecutor$Worker.run(ThreadPoolExecutor.java:624)
	at java.lang.Thread.run(Thread.java:748)
Heap
 def new generation   total 153600K, used 50744K [0x00000000e0c00000, 0x00000000eb2a0000, 0x00000000eb2a0000)
  eden space 136576K,  36% used [0x00000000e0c00000, 0x00000000e3d34648, 0x00000000e9160000)
  from space 17024K,   2% used [0x00000000ea200000, 0x00000000ea259aa0, 0x00000000eb2a0000)
  to   space 17024K,   0% used [0x00000000e9160000, 0x00000000e9160000, 0x00000000ea200000)
 tenured generation   total 341376K, used 44343K [0x00000000eb2a0000, 0x0000000100000000, 0x0000000100000000)
   the space 341376K,  12% used [0x00000000eb2a0000, 0x00000000eddedc98, 0x00000000eddede00, 0x0000000100000000)
 Metaspace       used 36143K, capacity 37096K, committed 37376K, reserved 1081344K
  class space    used 4876K, capacity 5092K, committed 5120K, reserved 1048576K
