11:51:07,700 |-INFO in ch.qos.logback.classic.LoggerContext[default] - Could NOT find resource [logback-test.xml]
11:51:07,700 |-INFO in ch.qos.logback.classic.LoggerContext[default] - Could NOT find resource [logback.groovy]
11:51:07,700 |-INFO in ch.qos.logback.classic.LoggerContext[default] - Found resource [logback.xml] at [jar:file:/home/nikitasokolov/flamestream/lib/flamestream-runtime-1.0-SNAPSHOT.jar!/logback.xml]
11:51:07,701 |-WARN in ch.qos.logback.classic.LoggerContext[default] - Resource [logback.xml] occurs multiple times on the classpath.
11:51:07,701 |-WARN in ch.qos.logback.classic.LoggerContext[default] - Resource [logback.xml] occurs at [jar:file:/home/nikitasokolov/flamestream/lib/flamestream-runtime-1.0-SNAPSHOT.jar!/logback.xml]
11:51:07,701 |-WARN in ch.qos.logback.classic.LoggerContext[default] - Resource [logback.xml] occurs at [jar:file:/home/nikitasokolov/flamestream/flamestream-runtime-1.0-SNAPSHOT.jar!/logback.xml]
11:51:07,717 |-INFO in ch.qos.logback.core.joran.spi.ConfigurationWatchList@6108b2d7 - URL [jar:file:/home/nikitasokolov/flamestream/lib/flamestream-runtime-1.0-SNAPSHOT.jar!/logback.xml] is not of type file
11:51:07,768 |-INFO in ch.qos.logback.classic.joran.action.ConfigurationAction - debug attribute not set
11:51:07,768 |-INFO in ch.qos.logback.core.joran.action.AppenderAction - About to instantiate appender of type [ch.qos.logback.core.ConsoleAppender]
11:51:07,776 |-INFO in ch.qos.logback.core.joran.action.AppenderAction - Naming appender as [STDOUT]
11:51:07,785 |-INFO in ch.qos.logback.core.joran.action.NestedComplexPropertyIA - Assuming default type [ch.qos.logback.classic.encoder.PatternLayoutEncoder] for [encoder] property
11:51:07,842 |-INFO in ch.qos.logback.core.joran.action.AppenderAction - About to instantiate appender of type [ch.qos.logback.core.rolling.RollingFileAppender]
11:51:07,848 |-INFO in ch.qos.logback.core.joran.action.AppenderAction - Naming appender as [FILE]
11:51:07,870 |-INFO in c.q.l.core.rolling.TimeBasedRollingPolicy@357863579 - No compression will be used
11:51:07,871 |-INFO in c.q.l.core.rolling.TimeBasedRollingPolicy@357863579 - Will use the pattern /tmp/application_%d{yyyy-MM-dd}.%i.log for the active file
11:51:07,874 |-INFO in ch.qos.logback.core.rolling.SizeAndTimeBasedFNATP@6bf256fa - The date pattern is 'yyyy-MM-dd' from file name pattern '/tmp/application_%d{yyyy-MM-dd}.%i.log'.
11:51:07,874 |-INFO in ch.qos.logback.core.rolling.SizeAndTimeBasedFNATP@6bf256fa - Roll-over at midnight.
11:51:07,878 |-INFO in ch.qos.logback.core.rolling.SizeAndTimeBasedFNATP@6bf256fa - Setting initial period to Sun Jun 09 11:50:23 MSK 2019
11:51:07,878 |-WARN in ch.qos.logback.core.rolling.SizeAndTimeBasedFNATP@6bf256fa - SizeAndTimeBasedFNATP is deprecated. Use SizeAndTimeBasedRollingPolicy instead
11:51:07,878 |-WARN in ch.qos.logback.core.rolling.SizeAndTimeBasedFNATP@6bf256fa - For more information see http://logback.qos.ch/manual/appenders.html#SizeAndTimeBasedRollingPolicy
11:51:07,883 |-INFO in ch.qos.logback.core.joran.action.NestedComplexPropertyIA - Assuming default type [ch.qos.logback.classic.encoder.PatternLayoutEncoder] for [encoder] property
11:51:07,886 |-INFO in ch.qos.logback.core.rolling.RollingFileAppender[FILE] - Active log file name: /tmp/application.log
11:51:07,886 |-INFO in ch.qos.logback.core.rolling.RollingFileAppender[FILE] - File property is set to [/tmp/application.log]
11:51:07,888 |-INFO in ch.qos.logback.classic.joran.action.RootLoggerAction - Setting level of ROOT logger to WARN
11:51:07,888 |-INFO in ch.qos.logback.core.joran.action.AppenderRefAction - Attaching appender named [STDOUT] to Logger[ROOT]
11:51:07,888 |-INFO in ch.qos.logback.core.joran.action.AppenderRefAction - Attaching appender named [FILE] to Logger[ROOT]
11:51:07,888 |-INFO in ch.qos.logback.classic.joran.action.ConfigurationAction - End of configuration.
11:51:07,889 |-INFO in ch.qos.logback.classic.joran.JoranConfigurator@6cd8737 - Registering current configuration as safe fallback point

2019-06-09T11:51:08.872+0300: 1.371: [GC (Metadata GC Threshold) [PSYoungGen: 110722K->15850K(149504K)] 110722K->15930K(491008K), 0.0192865 secs] [Times: user=0.05 sys=0.04, real=0.02 secs] 
2019-06-09T11:51:08.891+0300: 1.390: [Full GC (Metadata GC Threshold) [PSYoungGen: 15850K->0K(149504K)] [ParOldGen: 80K->15078K(341504K)] 15930K->15078K(491008K), [Metaspace: 20802K->20802K(1067008K)], 0.0285754 secs] [Times: user=0.18 sys=0.02, real=0.03 secs] 
11:51:21.155 [Curator-PathChildrenCache-2] WARN  o.a.c.u.ZKPaths  - The version of ZooKeeper being used doesn't support Container nodes. CreateMode.PERSISTENT will be used instead.
2019-06-09T11:51:21.830+0300: 14.329: [GC (Metadata GC Threshold) [PSYoungGen: 125134K->20987K(149504K)] 140212K->51040K(491008K), 0.0206938 secs] [Times: user=0.22 sys=0.03, real=0.02 secs] 
2019-06-09T11:51:21.851+0300: 14.350: [Full GC (Metadata GC Threshold) [PSYoungGen: 20987K->0K(149504K)] [ParOldGen: 30053K->39959K(341504K)] 51040K->39959K(491008K), [Metaspace: 34410K->34409K(1079296K)], 0.0340039 secs] [Times: user=0.13 sys=0.01, real=0.03 secs] 
2019-06-09T11:51:23.963+0300: 16.463: [GC (Allocation Failure) [PSYoungGen: 128512K->576K(149504K)] 168471K->40543K(491008K), 0.0039465 secs] [Times: user=0.02 sys=0.00, real=0.00 secs] 
2019-06-09T11:51:26.384+0300: 18.884: [GC (Allocation Failure) [PSYoungGen: 129088K->448K(149504K)] 169055K->40423K(491008K), 0.0036013 secs] [Times: user=0.01 sys=0.01, real=0.00 secs] 
2019-06-09T11:51:28.824+0300: 21.324: [GC (Allocation Failure) [PSYoungGen: 128960K->512K(129536K)] 168935K->40487K(471040K), 0.0033078 secs] [Times: user=0.02 sys=0.00, real=0.00 secs] 
2019-06-09T11:51:31.256+0300: 23.756: [GC (Allocation Failure) [PSYoungGen: 129024K->512K(132096K)] 168999K->40495K(473600K), 0.0050432 secs] [Times: user=0.04 sys=0.00, real=0.01 secs] 
2019-06-09T11:51:33.004+0300: 25.503: [GC (Allocation Failure) [PSYoungGen: 91648K->544K(129536K)] 131631K->40535K(471040K), 0.0034056 secs] [Times: user=0.01 sys=0.00, real=0.00 secs] 
2019-06-09T11:51:34.738+0300: 27.237: [GC (Allocation Failure) [PSYoungGen: 91680K->608K(136192K)] 131671K->40599K(477696K), 0.0041073 secs] [Times: user=0.01 sys=0.01, real=0.00 secs] 
2019-06-09T11:51:36.654+0300: 29.153: [GC (Allocation Failure) [PSYoungGen: 100448K->608K(134144K)] 140439K->40599K(475648K), 0.0031585 secs] [Times: user=0.01 sys=0.00, real=0.00 secs] 
2019-06-09T11:51:38.573+0300: 31.072: [GC (Allocation Failure) [PSYoungGen: 100448K->576K(139264K)] 140439K->40575K(480768K), 0.0035504 secs] [Times: user=0.00 sys=0.01, real=0.00 secs] 
2019-06-09T11:51:40.618+0300: 33.117: [GC (Allocation Failure) [PSYoungGen: 107072K->512K(137728K)] 147071K->40519K(479232K), 0.0111100 secs] [Times: user=0.10 sys=0.00, real=0.00 secs] 
2019-06-09T11:51:42.659+0300: 35.158: [GC (Allocation Failure) [PSYoungGen: 107008K->608K(142848K)] 147015K->40615K(484352K), 0.0044707 secs] [Times: user=0.02 sys=0.00, real=0.00 secs] 
2019-06-09T11:51:44.829+0300: 37.328: [GC (Allocation Failure) [PSYoungGen: 114272K->608K(141312K)] 154279K->40623K(482816K), 0.0027135 secs] [Times: user=0.01 sys=0.00, real=0.01 secs] 
11:51:55.172 [Curator-PathChildrenCache-0] ERROR o.a.c.f.r.c.PathChildrenCache  - 
java.lang.IllegalStateException: instance must be started before calling this method
	at org.apache.curator.shaded.com.google.common.base.Preconditions.checkState(Preconditions.java:444)
	at org.apache.curator.framework.imps.CuratorFrameworkImpl.getChildren(CuratorFrameworkImpl.java:456)
	at org.apache.curator.framework.recipes.cache.PathChildrenCache.refresh(PathChildrenCache.java:521)
	at org.apache.curator.framework.recipes.cache.RefreshOperation.invoke(RefreshOperation.java:35)
	at org.apache.curator.framework.recipes.cache.PathChildrenCache$9.run(PathChildrenCache.java:786)
	at java.util.concurrent.Executors$RunnableAdapter.call(Executors.java:511)
	at java.util.concurrent.FutureTask.run(FutureTask.java:266)
	at java.util.concurrent.Executors$RunnableAdapter.call(Executors.java:511)
	at java.util.concurrent.FutureTask.run(FutureTask.java:266)
	at java.util.concurrent.ThreadPoolExecutor.runWorker(ThreadPoolExecutor.java:1149)
	at java.util.concurrent.ThreadPoolExecutor$Worker.run(ThreadPoolExecutor.java:624)
	at java.lang.Thread.run(Thread.java:748)
Heap
 PSYoungGen      total 141312K, used 81584K [0x00000000f5980000, 0x0000000100000000, 0x0000000100000000)
  eden space 113664K, 71% used [0x00000000f5980000,0x00000000fa894040,0x00000000fc880000)
  from space 27648K, 2% used [0x00000000fc880000,0x00000000fc918050,0x00000000fe380000)
  to   space 26112K, 0% used [0x00000000fe680000,0x00000000fe680000,0x0000000100000000)
 ParOldGen       total 341504K, used 40015K [0x00000000e0c00000, 0x00000000f5980000, 0x00000000f5980000)
  object space 341504K, 11% used [0x00000000e0c00000,0x00000000e3313cb0,0x00000000f5980000)
 Metaspace       used 35949K, capacity 36905K, committed 37208K, reserved 1081344K
  class space    used 4978K, capacity 5197K, committed 5248K, reserved 1048576K
