13:33:14,048 |-INFO in ch.qos.logback.classic.LoggerContext[default] - Could NOT find resource [logback-test.xml]
13:33:14,048 |-INFO in ch.qos.logback.classic.LoggerContext[default] - Could NOT find resource [logback.groovy]
13:33:14,049 |-INFO in ch.qos.logback.classic.LoggerContext[default] - Found resource [logback.xml] at [jar:file:/root/flamestream/lib/flamestream-runtime-1.0-SNAPSHOT.jar!/logback.xml]
13:33:14,050 |-WARN in ch.qos.logback.classic.LoggerContext[default] - Resource [logback.xml] occurs multiple times on the classpath.
13:33:14,050 |-WARN in ch.qos.logback.classic.LoggerContext[default] - Resource [logback.xml] occurs at [jar:file:/root/flamestream/lib/flamestream-runtime-1.0-SNAPSHOT.jar!/logback.xml]
13:33:14,050 |-WARN in ch.qos.logback.classic.LoggerContext[default] - Resource [logback.xml] occurs at [jar:file:/root/flamestream/flamestream-runtime-1.0-SNAPSHOT.jar!/logback.xml]
13:33:14,071 |-INFO in ch.qos.logback.core.joran.spi.ConfigurationWatchList@3fb6a447 - URL [jar:file:/root/flamestream/lib/flamestream-runtime-1.0-SNAPSHOT.jar!/logback.xml] is not of type file
13:33:14,145 |-INFO in ch.qos.logback.classic.joran.action.ConfigurationAction - debug attribute not set
13:33:14,146 |-INFO in ch.qos.logback.core.joran.action.AppenderAction - About to instantiate appender of type [ch.qos.logback.core.ConsoleAppender]
13:33:14,165 |-INFO in ch.qos.logback.core.joran.action.AppenderAction - Naming appender as [STDOUT]
13:33:14,183 |-INFO in ch.qos.logback.core.joran.action.NestedComplexPropertyIA - Assuming default type [ch.qos.logback.classic.encoder.PatternLayoutEncoder] for [encoder] property
13:33:14,264 |-INFO in ch.qos.logback.core.joran.action.AppenderAction - About to instantiate appender of type [ch.qos.logback.core.rolling.RollingFileAppender]
13:33:14,273 |-INFO in ch.qos.logback.core.joran.action.AppenderAction - Naming appender as [FILE]
13:33:14,306 |-INFO in c.q.l.core.rolling.TimeBasedRollingPolicy@127618319 - No compression will be used
13:33:14,307 |-INFO in c.q.l.core.rolling.TimeBasedRollingPolicy@127618319 - Will use the pattern /tmp/application_%d{yyyy-MM-dd}.%i.log for the active file
13:33:14,310 |-INFO in ch.qos.logback.core.rolling.SizeAndTimeBasedFNATP@6b2fad11 - The date pattern is 'yyyy-MM-dd' from file name pattern '/tmp/application_%d{yyyy-MM-dd}.%i.log'.
13:33:14,310 |-INFO in ch.qos.logback.core.rolling.SizeAndTimeBasedFNATP@6b2fad11 - Roll-over at midnight.
13:33:14,315 |-INFO in ch.qos.logback.core.rolling.SizeAndTimeBasedFNATP@6b2fad11 - Setting initial period to Mon Jun 10 13:31:53 UTC 2019
13:33:14,315 |-WARN in ch.qos.logback.core.rolling.SizeAndTimeBasedFNATP@6b2fad11 - SizeAndTimeBasedFNATP is deprecated. Use SizeAndTimeBasedRollingPolicy instead
13:33:14,315 |-WARN in ch.qos.logback.core.rolling.SizeAndTimeBasedFNATP@6b2fad11 - For more information see http://logback.qos.ch/manual/appenders.html#SizeAndTimeBasedRollingPolicy
13:33:14,319 |-INFO in ch.qos.logback.core.joran.action.NestedComplexPropertyIA - Assuming default type [ch.qos.logback.classic.encoder.PatternLayoutEncoder] for [encoder] property
13:33:14,325 |-INFO in ch.qos.logback.core.rolling.RollingFileAppender[FILE] - Active log file name: /tmp/application.log
13:33:14,325 |-INFO in ch.qos.logback.core.rolling.RollingFileAppender[FILE] - File property is set to [/tmp/application.log]
13:33:14,326 |-INFO in ch.qos.logback.classic.joran.action.RootLoggerAction - Setting level of ROOT logger to WARN
13:33:14,326 |-INFO in ch.qos.logback.core.joran.action.AppenderRefAction - Attaching appender named [STDOUT] to Logger[ROOT]
13:33:14,328 |-INFO in ch.qos.logback.core.joran.action.AppenderRefAction - Attaching appender named [FILE] to Logger[ROOT]
13:33:14,328 |-INFO in ch.qos.logback.classic.joran.action.ConfigurationAction - End of configuration.
13:33:14,328 |-INFO in ch.qos.logback.classic.joran.JoranConfigurator@79698539 - Registering current configuration as safe fallback point

Ama winner
Ama winner
2019-06-10T13:33:15.648+0000: 1.791: [Full GC (Metadata GC Threshold) 2019-06-10T13:33:15.648+0000: 1.791: [Tenured: 0K->15143K(341376K), 0.0396623 secs] 114924K->15143K(494976K), [Metaspace: 20730K->20730K(1067008K)], 0.0397304 secs] [Times: user=0.04 sys=0.00, real=0.04 secs] 
13:33:39.101 [Curator-PathChildrenCache-1] WARN  o.a.c.u.ZKPaths  - The version of ZooKeeper being used doesn't support Container nodes. CreateMode.PERSISTENT will be used instead.
2019-06-10T13:33:41.469+0000: 27.611: [GC (Allocation Failure) 2019-06-10T13:33:41.469+0000: 27.611: [DefNew: 136576K->17023K(153600K), 0.0265511 secs] 151719K->52683K(494976K), 0.0266301 secs] [Times: user=0.02 sys=0.02, real=0.02 secs] 
2019-06-10T13:33:42.214+0000: 28.356: [Full GC (Metadata GC Threshold) 2019-06-10T13:33:42.214+0000: 28.356: [Tenured: 35659K->44380K(341376K), 0.0389085 secs] 71478K->44380K(494976K), [Metaspace: 34581K->34581K(1079296K)], 0.0389868 secs] [Times: user=0.04 sys=0.01, real=0.04 secs] 
2019-06-10T13:33:47.998+0000: 34.141: [GC (Allocation Failure) 2019-06-10T13:33:47.998+0000: 34.141: [DefNew: 136576K->153K(153600K), 0.0021642 secs] 180956K->44534K(494976K), 0.0022274 secs] [Times: user=0.00 sys=0.00, real=0.00 secs] 
2019-06-10T13:33:53.617+0000: 39.759: [GC (Allocation Failure) 2019-06-10T13:33:53.617+0000: 39.759: [DefNew: 136729K->153K(153600K), 0.0019032 secs] 181110K->44534K(494976K), 0.0019610 secs] [Times: user=0.00 sys=0.00, real=0.00 secs] 
2019-06-10T13:33:59.264+0000: 45.406: [GC (Allocation Failure) 2019-06-10T13:33:59.264+0000: 45.406: [DefNew: 136729K->154K(153600K), 0.0019061 secs] 181110K->44535K(494976K), 0.0019669 secs] [Times: user=0.01 sys=0.00, real=0.00 secs] 
2019-06-10T13:34:04.993+0000: 51.135: [GC (Allocation Failure) 2019-06-10T13:34:04.993+0000: 51.135: [DefNew: 136730K->155K(153600K), 0.0019287 secs] 181111K->44536K(494976K), 0.0020004 secs] [Times: user=0.00 sys=0.00, real=0.00 secs] 
2019-06-10T13:34:13.416+0000: 59.559: [GC (Allocation Failure) 2019-06-10T13:34:13.416+0000: 59.559: [DefNew: 136731K->156K(153600K), 0.0020797 secs] 181112K->44537K(494976K), 0.0021406 secs] [Times: user=0.00 sys=0.00, real=0.01 secs] 
13:34:16.639 [Curator-PathChildrenCache-0] ERROR o.a.c.f.r.c.PathChildrenCache  - 
java.lang.IllegalStateException: instance must be started before calling this method
	at org.apache.curator.shaded.com.google.common.base.Preconditions.checkState(Preconditions.java:444)
	at org.apache.curator.framework.imps.CuratorFrameworkImpl.getChildren(CuratorFrameworkImpl.java:456)
	at org.apache.curator.framework.recipes.cache.PathChildrenCache.refresh(PathChildrenCache.java:521)
	at org.apache.curator.framework.recipes.cache.RefreshOperation.invoke(RefreshOperation.java:35)
	at org.apache.curator.framework.recipes.cache.PathChildrenCache$9.run(PathChildrenCache.java:786)
	at java.util.concurrent.Executors$RunnableAdapter.call(Executors.java:511)
	at java.util.concurrent.FutureTask.run(FutureTask.java:266)
	at java.util.concurrent.Executors$RunnableAdapter.call(Executors.java:511)
	at java.util.concurrent.FutureTask.run(FutureTask.java:266)
	at java.util.concurrent.ThreadPoolExecutor.runWorker(ThreadPoolExecutor.java:1149)
	at java.util.concurrent.ThreadPoolExecutor$Worker.run(ThreadPoolExecutor.java:624)
	at java.lang.Thread.run(Thread.java:748)
Heap
 def new generation   total 153600K, used 45653K [0x00000000e0c00000, 0x00000000eb2a0000, 0x00000000eb2a0000)
  eden space 136576K,  33% used [0x00000000e0c00000, 0x00000000e386e388, 0x00000000e9160000)
  from space 17024K,   0% used [0x00000000e9160000, 0x00000000e91873c8, 0x00000000ea200000)
  to   space 17024K,   0% used [0x00000000ea200000, 0x00000000ea200000, 0x00000000eb2a0000)
 tenured generation   total 341376K, used 44380K [0x00000000eb2a0000, 0x0000000100000000, 0x0000000100000000)
   the space 341376K,  13% used [0x00000000eb2a0000, 0x00000000eddf73d0, 0x00000000eddf7400, 0x0000000100000000)
 Metaspace       used 36370K, capacity 37232K, committed 37376K, reserved 1081344K
  class space    used 4886K, capacity 5082K, committed 5120K, reserved 1048576K
