15:24:27,596 |-INFO in ch.qos.logback.classic.LoggerContext[default] - Could NOT find resource [logback-test.xml]
15:24:27,596 |-INFO in ch.qos.logback.classic.LoggerContext[default] - Could NOT find resource [logback.groovy]
15:24:27,596 |-INFO in ch.qos.logback.classic.LoggerContext[default] - Found resource [logback.xml] at [jar:file:/root/flamestream/lib/flamestream-runtime-1.0-SNAPSHOT.jar!/logback.xml]
15:24:27,597 |-WARN in ch.qos.logback.classic.LoggerContext[default] - Resource [logback.xml] occurs multiple times on the classpath.
15:24:27,597 |-WARN in ch.qos.logback.classic.LoggerContext[default] - Resource [logback.xml] occurs at [jar:file:/root/flamestream/lib/flamestream-runtime-1.0-SNAPSHOT.jar!/logback.xml]
15:24:27,597 |-WARN in ch.qos.logback.classic.LoggerContext[default] - Resource [logback.xml] occurs at [jar:file:/root/flamestream/flamestream-runtime-1.0-SNAPSHOT.jar!/logback.xml]
15:24:27,616 |-INFO in ch.qos.logback.core.joran.spi.ConfigurationWatchList@3fb6a447 - URL [jar:file:/root/flamestream/lib/flamestream-runtime-1.0-SNAPSHOT.jar!/logback.xml] is not of type file
15:24:27,681 |-INFO in ch.qos.logback.classic.joran.action.ConfigurationAction - debug attribute not set
15:24:27,682 |-INFO in ch.qos.logback.core.joran.action.AppenderAction - About to instantiate appender of type [ch.qos.logback.core.ConsoleAppender]
15:24:27,698 |-INFO in ch.qos.logback.core.joran.action.AppenderAction - Naming appender as [STDOUT]
15:24:27,716 |-INFO in ch.qos.logback.core.joran.action.NestedComplexPropertyIA - Assuming default type [ch.qos.logback.classic.encoder.PatternLayoutEncoder] for [encoder] property
15:24:27,803 |-INFO in ch.qos.logback.core.joran.action.AppenderAction - About to instantiate appender of type [ch.qos.logback.core.rolling.RollingFileAppender]
15:24:27,808 |-INFO in ch.qos.logback.core.joran.action.AppenderAction - Naming appender as [FILE]
15:24:27,838 |-INFO in c.q.l.core.rolling.TimeBasedRollingPolicy@127618319 - No compression will be used
15:24:27,839 |-INFO in c.q.l.core.rolling.TimeBasedRollingPolicy@127618319 - Will use the pattern /tmp/application_%d{yyyy-MM-dd}.%i.log for the active file
15:24:27,842 |-INFO in ch.qos.logback.core.rolling.SizeAndTimeBasedFNATP@6b2fad11 - The date pattern is 'yyyy-MM-dd' from file name pattern '/tmp/application_%d{yyyy-MM-dd}.%i.log'.
15:24:27,842 |-INFO in ch.qos.logback.core.rolling.SizeAndTimeBasedFNATP@6b2fad11 - Roll-over at midnight.
15:24:27,847 |-INFO in ch.qos.logback.core.rolling.SizeAndTimeBasedFNATP@6b2fad11 - Setting initial period to Mon Jun 10 15:23:04 UTC 2019
15:24:27,847 |-WARN in ch.qos.logback.core.rolling.SizeAndTimeBasedFNATP@6b2fad11 - SizeAndTimeBasedFNATP is deprecated. Use SizeAndTimeBasedRollingPolicy instead
15:24:27,847 |-WARN in ch.qos.logback.core.rolling.SizeAndTimeBasedFNATP@6b2fad11 - For more information see http://logback.qos.ch/manual/appenders.html#SizeAndTimeBasedRollingPolicy
15:24:27,851 |-INFO in ch.qos.logback.core.joran.action.NestedComplexPropertyIA - Assuming default type [ch.qos.logback.classic.encoder.PatternLayoutEncoder] for [encoder] property
15:24:27,856 |-INFO in ch.qos.logback.core.rolling.RollingFileAppender[FILE] - Active log file name: /tmp/application.log
15:24:27,856 |-INFO in ch.qos.logback.core.rolling.RollingFileAppender[FILE] - File property is set to [/tmp/application.log]
15:24:27,856 |-INFO in ch.qos.logback.classic.joran.action.RootLoggerAction - Setting level of ROOT logger to WARN
15:24:27,857 |-INFO in ch.qos.logback.core.joran.action.AppenderRefAction - Attaching appender named [STDOUT] to Logger[ROOT]
15:24:27,859 |-INFO in ch.qos.logback.core.joran.action.AppenderRefAction - Attaching appender named [FILE] to Logger[ROOT]
15:24:27,859 |-INFO in ch.qos.logback.classic.joran.action.ConfigurationAction - End of configuration.
15:24:27,859 |-INFO in ch.qos.logback.classic.joran.JoranConfigurator@79698539 - Registering current configuration as safe fallback point

Ama winner
Ama winner
2019-06-10T15:24:29.137+0000: 1.726: [Full GC (Metadata GC Threshold) 2019-06-10T15:24:29.137+0000: 1.726: [Tenured: 0K->15144K(341376K), 0.0395346 secs] 114987K->15144K(494976K), [Metaspace: 20731K->20731K(1067008K)], 0.0396031 secs] [Times: user=0.03 sys=0.00, real=0.04 secs] 
15:24:42.909 [Curator-PathChildrenCache-2] WARN  o.a.c.u.ZKPaths  - The version of ZooKeeper being used doesn't support Container nodes. CreateMode.PERSISTENT will be used instead.
2019-06-10T15:24:44.999+0000: 17.588: [GC (Allocation Failure) 2019-06-10T15:24:44.999+0000: 17.588: [DefNew: 136576K->17024K(153600K), 0.0271990 secs] 151720K->52878K(494976K), 0.0272708 secs] [Times: user=0.02 sys=0.02, real=0.02 secs] 
2019-06-10T15:24:45.600+0000: 18.189: [Full GC (Metadata GC Threshold) 2019-06-10T15:24:45.600+0000: 18.189: [Tenured: 35854K->44609K(341376K), 0.0444097 secs] 74180K->44609K(494976K), [Metaspace: 34606K->34606K(1079296K)], 0.0444865 secs] [Times: user=0.04 sys=0.00, real=0.04 secs] 
2019-06-10T15:24:48.093+0000: 20.681: [GC (Allocation Failure) 2019-06-10T15:24:48.093+0000: 20.681: [DefNew: 136576K->186K(153600K), 0.0021484 secs] 181185K->44795K(494976K), 0.0022141 secs] [Times: user=0.00 sys=0.00, real=0.00 secs] 
2019-06-10T15:24:50.172+0000: 22.760: [GC (Allocation Failure) 2019-06-10T15:24:50.172+0000: 22.760: [DefNew: 136762K->199K(153600K), 0.0019650 secs] 181371K->44809K(494976K), 0.0020239 secs] [Times: user=0.00 sys=0.00, real=0.00 secs] 
2019-06-10T15:24:52.346+0000: 24.934: [GC (Allocation Failure) 2019-06-10T15:24:52.346+0000: 24.934: [DefNew: 136775K->205K(153600K), 0.0020683 secs] 181385K->44814K(494976K), 0.0021291 secs] [Times: user=0.00 sys=0.00, real=0.00 secs] 
2019-06-10T15:24:54.553+0000: 27.142: [GC (Allocation Failure) 2019-06-10T15:24:54.553+0000: 27.142: [DefNew: 136781K->209K(153600K), 0.0020829 secs] 181390K->44818K(494976K), 0.0021438 secs] [Times: user=0.00 sys=0.00, real=0.00 secs] 
2019-06-10T15:24:56.772+0000: 29.361: [GC (Allocation Failure) 2019-06-10T15:24:56.772+0000: 29.361: [DefNew: 136785K->218K(153600K), 0.0020497 secs] 181394K->44828K(494976K), 0.0021160 secs] [Times: user=0.00 sys=0.00, real=0.00 secs] 
15:25:09.374 [Curator-PathChildrenCache-0] ERROR o.a.c.f.r.c.PathChildrenCache  - 
java.lang.IllegalStateException: instance must be started before calling this method
	at org.apache.curator.shaded.com.google.common.base.Preconditions.checkState(Preconditions.java:444)
	at org.apache.curator.framework.imps.CuratorFrameworkImpl.getChildren(CuratorFrameworkImpl.java:456)
	at org.apache.curator.framework.recipes.cache.PathChildrenCache.refresh(PathChildrenCache.java:521)
	at org.apache.curator.framework.recipes.cache.RefreshOperation.invoke(RefreshOperation.java:35)
	at org.apache.curator.framework.recipes.cache.PathChildrenCache$9.run(PathChildrenCache.java:786)
	at java.util.concurrent.Executors$RunnableAdapter.call(Executors.java:511)
	at java.util.concurrent.FutureTask.run(FutureTask.java:266)
	at java.util.concurrent.Executors$RunnableAdapter.call(Executors.java:511)
	at java.util.concurrent.FutureTask.run(FutureTask.java:266)
	at java.util.concurrent.ThreadPoolExecutor.runWorker(ThreadPoolExecutor.java:1149)
	at java.util.concurrent.ThreadPoolExecutor$Worker.run(ThreadPoolExecutor.java:624)
	at java.lang.Thread.run(Thread.java:748)
2019-06-10T15:25:09.777+0000: 42.365: [GC (Allocation Failure) 2019-06-10T15:25:09.777+0000: 42.365: [DefNew: 136794K->799K(153600K), 0.0032923 secs] 181404K->45408K(494976K), 0.0033556 secs] [Times: user=0.01 sys=0.00, real=0.01 secs] 
Heap
 def new generation   total 153600K, used 7097K [0x00000000e0c00000, 0x00000000eb2a0000, 0x00000000eb2a0000)
  eden space 136576K,   4% used [0x00000000e0c00000, 0x00000000e12267b8, 0x00000000e9160000)
  from space 17024K,   4% used [0x00000000ea200000, 0x00000000ea2c7c80, 0x00000000eb2a0000)
  to   space 17024K,   0% used [0x00000000e9160000, 0x00000000e9160000, 0x00000000ea200000)
 tenured generation   total 341376K, used 44609K [0x00000000eb2a0000, 0x0000000100000000, 0x0000000100000000)
   the space 341376K,  13% used [0x00000000eb2a0000, 0x00000000ede30568, 0x00000000ede30600, 0x0000000100000000)
 Metaspace       used 36023K, capacity 36940K, committed 37120K, reserved 1081344K
  class space    used 4858K, capacity 5060K, committed 5120K, reserved 1048576K
