17:08:18,463 |-INFO in ch.qos.logback.classic.LoggerContext[default] - Could NOT find resource [logback-test.xml]
17:08:18,463 |-INFO in ch.qos.logback.classic.LoggerContext[default] - Could NOT find resource [logback.groovy]
17:08:18,464 |-INFO in ch.qos.logback.classic.LoggerContext[default] - Found resource [logback.xml] at [jar:file:/root/flamestream/lib/flamestream-runtime-1.0-SNAPSHOT.jar!/logback.xml]
17:08:18,464 |-WARN in ch.qos.logback.classic.LoggerContext[default] - Resource [logback.xml] occurs multiple times on the classpath.
17:08:18,465 |-WARN in ch.qos.logback.classic.LoggerContext[default] - Resource [logback.xml] occurs at [jar:file:/root/flamestream/lib/flamestream-runtime-1.0-SNAPSHOT.jar!/logback.xml]
17:08:18,465 |-WARN in ch.qos.logback.classic.LoggerContext[default] - Resource [logback.xml] occurs at [jar:file:/root/flamestream/flamestream-runtime-1.0-SNAPSHOT.jar!/logback.xml]
17:08:18,485 |-INFO in ch.qos.logback.core.joran.spi.ConfigurationWatchList@3fb6a447 - URL [jar:file:/root/flamestream/lib/flamestream-runtime-1.0-SNAPSHOT.jar!/logback.xml] is not of type file
17:08:18,549 |-INFO in ch.qos.logback.classic.joran.action.ConfigurationAction - debug attribute not set
17:08:18,550 |-INFO in ch.qos.logback.core.joran.action.AppenderAction - About to instantiate appender of type [ch.qos.logback.core.ConsoleAppender]
17:08:18,567 |-INFO in ch.qos.logback.core.joran.action.AppenderAction - Naming appender as [STDOUT]
17:08:18,585 |-INFO in ch.qos.logback.core.joran.action.NestedComplexPropertyIA - Assuming default type [ch.qos.logback.classic.encoder.PatternLayoutEncoder] for [encoder] property
17:08:18,691 |-INFO in ch.qos.logback.core.joran.action.AppenderAction - About to instantiate appender of type [ch.qos.logback.core.rolling.RollingFileAppender]
17:08:18,696 |-INFO in ch.qos.logback.core.joran.action.AppenderAction - Naming appender as [FILE]
17:08:18,734 |-INFO in c.q.l.core.rolling.TimeBasedRollingPolicy@127618319 - No compression will be used
17:08:18,735 |-INFO in c.q.l.core.rolling.TimeBasedRollingPolicy@127618319 - Will use the pattern /tmp/application_%d{yyyy-MM-dd}.%i.log for the active file
17:08:18,738 |-INFO in ch.qos.logback.core.rolling.SizeAndTimeBasedFNATP@6b2fad11 - The date pattern is 'yyyy-MM-dd' from file name pattern '/tmp/application_%d{yyyy-MM-dd}.%i.log'.
17:08:18,738 |-INFO in ch.qos.logback.core.rolling.SizeAndTimeBasedFNATP@6b2fad11 - Roll-over at midnight.
17:08:18,743 |-INFO in ch.qos.logback.core.rolling.SizeAndTimeBasedFNATP@6b2fad11 - Setting initial period to Mon Jun 10 17:06:55 UTC 2019
17:08:18,743 |-WARN in ch.qos.logback.core.rolling.SizeAndTimeBasedFNATP@6b2fad11 - SizeAndTimeBasedFNATP is deprecated. Use SizeAndTimeBasedRollingPolicy instead
17:08:18,743 |-WARN in ch.qos.logback.core.rolling.SizeAndTimeBasedFNATP@6b2fad11 - For more information see http://logback.qos.ch/manual/appenders.html#SizeAndTimeBasedRollingPolicy
17:08:18,747 |-INFO in ch.qos.logback.core.joran.action.NestedComplexPropertyIA - Assuming default type [ch.qos.logback.classic.encoder.PatternLayoutEncoder] for [encoder] property
17:08:18,752 |-INFO in ch.qos.logback.core.rolling.RollingFileAppender[FILE] - Active log file name: /tmp/application.log
17:08:18,752 |-INFO in ch.qos.logback.core.rolling.RollingFileAppender[FILE] - File property is set to [/tmp/application.log]
17:08:18,753 |-INFO in ch.qos.logback.classic.joran.action.RootLoggerAction - Setting level of ROOT logger to WARN
17:08:18,753 |-INFO in ch.qos.logback.core.joran.action.AppenderRefAction - Attaching appender named [STDOUT] to Logger[ROOT]
17:08:18,755 |-INFO in ch.qos.logback.core.joran.action.AppenderRefAction - Attaching appender named [FILE] to Logger[ROOT]
17:08:18,755 |-INFO in ch.qos.logback.classic.joran.action.ConfigurationAction - End of configuration.
17:08:18,756 |-INFO in ch.qos.logback.classic.joran.JoranConfigurator@79698539 - Registering current configuration as safe fallback point

Ama winner
Ama winner
2019-06-10T17:08:20.080+0000: 1.805: [Full GC (Metadata GC Threshold) 2019-06-10T17:08:20.081+0000: 1.805: [Tenured: 0K->15177K(341376K), 0.0406198 secs] 114987K->15177K(494976K), [Metaspace: 20733K->20733K(1067008K)], 0.0406893 secs] [Times: user=0.04 sys=0.00, real=0.04 secs] 
17:08:36.301 [Curator-PathChildrenCache-1] WARN  o.a.c.u.ZKPaths  - The version of ZooKeeper being used doesn't support Container nodes. CreateMode.PERSISTENT will be used instead.
2019-06-10T17:08:38.726+0000: 20.450: [GC (Allocation Failure) 2019-06-10T17:08:38.726+0000: 20.450: [DefNew: 117915K->16508K(153600K), 0.0198709 secs] 133092K->31686K(494976K), 0.0199413 secs] [Times: user=0.02 sys=0.00, real=0.02 secs] 
2019-06-10T17:08:40.938+0000: 22.663: [Full GC (Metadata GC Threshold) 2019-06-10T17:08:40.938+0000: 22.663: [Tenured: 15177K->43368K(341376K), 0.0526888 secs] 96426K->43368K(494976K), [Metaspace: 34588K->34588K(1079296K)], 0.0527714 secs] [Times: user=0.05 sys=0.01, real=0.06 secs] 
2019-06-10T17:08:47.450+0000: 29.175: [GC (Allocation Failure) 2019-06-10T17:08:47.450+0000: 29.175: [DefNew: 136576K->61K(153600K), 0.0018980 secs] 179944K->43430K(494976K), 0.0019574 secs] [Times: user=0.00 sys=0.00, real=0.01 secs] 
2019-06-10T17:08:53.975+0000: 35.699: [GC (Allocation Failure) 2019-06-10T17:08:53.975+0000: 35.699: [DefNew: 136637K->61K(153600K), 0.0017552 secs] 180006K->43430K(494976K), 0.0018190 secs] [Times: user=0.00 sys=0.00, real=0.00 secs] 
2019-06-10T17:09:00.501+0000: 42.225: [GC (Allocation Failure) 2019-06-10T17:09:00.501+0000: 42.225: [DefNew: 136637K->63K(153600K), 0.0017674 secs] 180006K->43432K(494976K), 0.0018296 secs] [Times: user=0.00 sys=0.00, real=0.00 secs] 
2019-06-10T17:09:07.151+0000: 48.876: [GC (Allocation Failure) 2019-06-10T17:09:07.151+0000: 48.876: [DefNew: 136639K->62K(153600K), 0.0017303 secs] 180008K->43431K(494976K), 0.0017944 secs] [Times: user=0.00 sys=0.00, real=0.00 secs] 
2019-06-10T17:09:13.779+0000: 55.503: [GC (Allocation Failure) 2019-06-10T17:09:13.779+0000: 55.503: [DefNew: 136638K->64K(153600K), 0.0017440 secs] 180007K->43433K(494976K), 0.0018044 secs] [Times: user=0.00 sys=0.00, real=0.00 secs] 
17:09:26.520 [Curator-PathChildrenCache-0] ERROR o.a.c.f.r.c.PathChildrenCache  - 
java.lang.IllegalStateException: instance must be started before calling this method
	at org.apache.curator.shaded.com.google.common.base.Preconditions.checkState(Preconditions.java:444)
	at org.apache.curator.framework.imps.CuratorFrameworkImpl.getChildren(CuratorFrameworkImpl.java:456)
	at org.apache.curator.framework.recipes.cache.PathChildrenCache.refresh(PathChildrenCache.java:521)
	at org.apache.curator.framework.recipes.cache.RefreshOperation.invoke(RefreshOperation.java:35)
	at org.apache.curator.framework.recipes.cache.PathChildrenCache$9.run(PathChildrenCache.java:786)
	at java.util.concurrent.Executors$RunnableAdapter.call(Executors.java:511)
	at java.util.concurrent.FutureTask.run(FutureTask.java:266)
	at java.util.concurrent.Executors$RunnableAdapter.call(Executors.java:511)
	at java.util.concurrent.FutureTask.run(FutureTask.java:266)
	at java.util.concurrent.ThreadPoolExecutor.runWorker(ThreadPoolExecutor.java:1149)
	at java.util.concurrent.ThreadPoolExecutor$Worker.run(ThreadPoolExecutor.java:624)
	at java.lang.Thread.run(Thread.java:748)
Heap
 def new generation   total 153600K, used 95241K [0x00000000e0c00000, 0x00000000eb2a0000, 0x00000000eb2a0000)
  eden space 136576K,  69% used [0x00000000e0c00000, 0x00000000e68f25e8, 0x00000000e9160000)
  from space 17024K,   0% used [0x00000000e9160000, 0x00000000e9170048, 0x00000000ea200000)
  to   space 17024K,   0% used [0x00000000ea200000, 0x00000000ea200000, 0x00000000eb2a0000)
 tenured generation   total 341376K, used 43368K [0x00000000eb2a0000, 0x0000000100000000, 0x0000000100000000)
   the space 341376K,  12% used [0x00000000eb2a0000, 0x00000000edcfa3f0, 0x00000000edcfa400, 0x0000000100000000)
 Metaspace       used 36076K, capacity 36998K, committed 37120K, reserved 1081344K
  class space    used 4870K, capacity 5075K, committed 5120K, reserved 1048576K
