18:13:51,346 |-INFO in ch.qos.logback.classic.LoggerContext[default] - Could NOT find resource [logback-test.xml]
18:13:51,346 |-INFO in ch.qos.logback.classic.LoggerContext[default] - Could NOT find resource [logback.groovy]
18:13:51,346 |-INFO in ch.qos.logback.classic.LoggerContext[default] - Found resource [logback.xml] at [jar:file:/root/flamestream/lib/flamestream-runtime-1.0-SNAPSHOT.jar!/logback.xml]
18:13:51,347 |-WARN in ch.qos.logback.classic.LoggerContext[default] - Resource [logback.xml] occurs multiple times on the classpath.
18:13:51,347 |-WARN in ch.qos.logback.classic.LoggerContext[default] - Resource [logback.xml] occurs at [jar:file:/root/flamestream/lib/flamestream-runtime-1.0-SNAPSHOT.jar!/logback.xml]
18:13:51,347 |-WARN in ch.qos.logback.classic.LoggerContext[default] - Resource [logback.xml] occurs at [jar:file:/root/flamestream/flamestream-runtime-1.0-SNAPSHOT.jar!/logback.xml]
18:13:51,367 |-INFO in ch.qos.logback.core.joran.spi.ConfigurationWatchList@3fb6a447 - URL [jar:file:/root/flamestream/lib/flamestream-runtime-1.0-SNAPSHOT.jar!/logback.xml] is not of type file
18:13:51,436 |-INFO in ch.qos.logback.classic.joran.action.ConfigurationAction - debug attribute not set
18:13:51,437 |-INFO in ch.qos.logback.core.joran.action.AppenderAction - About to instantiate appender of type [ch.qos.logback.core.ConsoleAppender]
18:13:51,459 |-INFO in ch.qos.logback.core.joran.action.AppenderAction - Naming appender as [STDOUT]
18:13:51,473 |-INFO in ch.qos.logback.core.joran.action.NestedComplexPropertyIA - Assuming default type [ch.qos.logback.classic.encoder.PatternLayoutEncoder] for [encoder] property
18:13:51,560 |-INFO in ch.qos.logback.core.joran.action.AppenderAction - About to instantiate appender of type [ch.qos.logback.core.rolling.RollingFileAppender]
18:13:51,565 |-INFO in ch.qos.logback.core.joran.action.AppenderAction - Naming appender as [FILE]
18:13:51,598 |-INFO in c.q.l.core.rolling.TimeBasedRollingPolicy@127618319 - No compression will be used
18:13:51,599 |-INFO in c.q.l.core.rolling.TimeBasedRollingPolicy@127618319 - Will use the pattern /tmp/application_%d{yyyy-MM-dd}.%i.log for the active file
18:13:51,602 |-INFO in ch.qos.logback.core.rolling.SizeAndTimeBasedFNATP@6b2fad11 - The date pattern is 'yyyy-MM-dd' from file name pattern '/tmp/application_%d{yyyy-MM-dd}.%i.log'.
18:13:51,602 |-INFO in ch.qos.logback.core.rolling.SizeAndTimeBasedFNATP@6b2fad11 - Roll-over at midnight.
18:13:51,607 |-INFO in ch.qos.logback.core.rolling.SizeAndTimeBasedFNATP@6b2fad11 - Setting initial period to Mon Jun 10 18:12:26 UTC 2019
18:13:51,607 |-WARN in ch.qos.logback.core.rolling.SizeAndTimeBasedFNATP@6b2fad11 - SizeAndTimeBasedFNATP is deprecated. Use SizeAndTimeBasedRollingPolicy instead
18:13:51,607 |-WARN in ch.qos.logback.core.rolling.SizeAndTimeBasedFNATP@6b2fad11 - For more information see http://logback.qos.ch/manual/appenders.html#SizeAndTimeBasedRollingPolicy
18:13:51,611 |-INFO in ch.qos.logback.core.joran.action.NestedComplexPropertyIA - Assuming default type [ch.qos.logback.classic.encoder.PatternLayoutEncoder] for [encoder] property
18:13:51,616 |-INFO in ch.qos.logback.core.rolling.RollingFileAppender[FILE] - Active log file name: /tmp/application.log
18:13:51,616 |-INFO in ch.qos.logback.core.rolling.RollingFileAppender[FILE] - File property is set to [/tmp/application.log]
18:13:51,617 |-INFO in ch.qos.logback.classic.joran.action.RootLoggerAction - Setting level of ROOT logger to WARN
18:13:51,617 |-INFO in ch.qos.logback.core.joran.action.AppenderRefAction - Attaching appender named [STDOUT] to Logger[ROOT]
18:13:51,619 |-INFO in ch.qos.logback.core.joran.action.AppenderRefAction - Attaching appender named [FILE] to Logger[ROOT]
18:13:51,619 |-INFO in ch.qos.logback.classic.joran.action.ConfigurationAction - End of configuration.
18:13:51,620 |-INFO in ch.qos.logback.classic.joran.JoranConfigurator@79698539 - Registering current configuration as safe fallback point

Ama winner
Ama winner
2019-06-10T18:13:53.212+0000: 2.048: [Full GC (Metadata GC Threshold) 2019-06-10T18:13:53.212+0000: 2.048: [Tenured: 0K->15143K(341376K), 0.0408094 secs] 117719K->15143K(494976K), [Metaspace: 20737K->20737K(1067008K)], 0.0408789 secs] [Times: user=0.04 sys=0.00, real=0.04 secs] 
18:14:09.585 [Curator-PathChildrenCache-1] WARN  o.a.c.u.ZKPaths  - The version of ZooKeeper being used doesn't support Container nodes. CreateMode.PERSISTENT will be used instead.
2019-06-10T18:14:12.354+0000: 21.191: [GC (Allocation Failure) 2019-06-10T18:14:12.354+0000: 21.191: [DefNew: 136576K->17023K(153600K), 0.0270109 secs] 151719K->52693K(494976K), 0.0270849 secs] [Times: user=0.02 sys=0.02, real=0.02 secs] 
2019-06-10T18:14:13.642+0000: 22.478: [Full GC (Metadata GC Threshold) 2019-06-10T18:14:13.642+0000: 22.478: [Tenured: 35669K->44286K(341376K), 0.0415599 secs] 87142K->44286K(494976K), [Metaspace: 34621K->34621K(1079296K)], 0.0416356 secs] [Times: user=0.05 sys=0.00, real=0.04 secs] 
2019-06-10T18:14:19.417+0000: 28.253: [GC (Allocation Failure) 2019-06-10T18:14:19.417+0000: 28.253: [DefNew: 136576K->65K(153600K), 0.0018242 secs] 180862K->44352K(494976K), 0.0018930 secs] [Times: user=0.00 sys=0.00, real=0.00 secs] 
2019-06-10T18:14:25.128+0000: 33.964: [GC (Allocation Failure) 2019-06-10T18:14:25.128+0000: 33.964: [DefNew: 136641K->67K(153600K), 0.0017078 secs] 180928K->44354K(494976K), 0.0017618 secs] [Times: user=0.00 sys=0.00, real=0.00 secs] 
2019-06-10T18:14:30.841+0000: 39.677: [GC (Allocation Failure) 2019-06-10T18:14:30.841+0000: 39.677: [DefNew: 136643K->71K(153600K), 0.0018276 secs] 180930K->44358K(494976K), 0.0018892 secs] [Times: user=0.00 sys=0.00, real=0.00 secs] 
2019-06-10T18:14:36.582+0000: 45.418: [GC (Allocation Failure) 2019-06-10T18:14:36.582+0000: 45.418: [DefNew: 136647K->74K(153600K), 0.0018048 secs] 180934K->44360K(494976K), 0.0018637 secs] [Times: user=0.00 sys=0.00, real=0.00 secs] 
2019-06-10T18:14:48.736+0000: 57.572: [GC (Allocation Failure) 2019-06-10T18:14:48.736+0000: 57.572: [DefNew: 136650K->70K(153600K), 0.0016854 secs] 180936K->44357K(494976K), 0.0017468 secs] [Times: user=0.00 sys=0.00, real=0.00 secs] 
18:14:50.113 [Curator-PathChildrenCache-0] ERROR o.a.c.f.r.c.PathChildrenCache  - 
java.lang.IllegalStateException: instance must be started before calling this method
	at org.apache.curator.shaded.com.google.common.base.Preconditions.checkState(Preconditions.java:444)
	at org.apache.curator.framework.imps.CuratorFrameworkImpl.getChildren(CuratorFrameworkImpl.java:456)
	at org.apache.curator.framework.recipes.cache.PathChildrenCache.refresh(PathChildrenCache.java:521)
	at org.apache.curator.framework.recipes.cache.RefreshOperation.invoke(RefreshOperation.java:35)
	at org.apache.curator.framework.recipes.cache.PathChildrenCache$9.run(PathChildrenCache.java:786)
	at java.util.concurrent.Executors$RunnableAdapter.call(Executors.java:511)
	at java.util.concurrent.FutureTask.run(FutureTask.java:266)
	at java.util.concurrent.Executors$RunnableAdapter.call(Executors.java:511)
	at java.util.concurrent.FutureTask.run(FutureTask.java:266)
	at java.util.concurrent.ThreadPoolExecutor.runWorker(ThreadPoolExecutor.java:1149)
	at java.util.concurrent.ThreadPoolExecutor$Worker.run(ThreadPoolExecutor.java:624)
	at java.lang.Thread.run(Thread.java:748)
Heap
 def new generation   total 153600K, used 25294K [0x00000000e0c00000, 0x00000000eb2a0000, 0x00000000eb2a0000)
  eden space 136576K,  18% used [0x00000000e0c00000, 0x00000000e24a2010, 0x00000000e9160000)
  from space 17024K,   0% used [0x00000000e9160000, 0x00000000e9171a30, 0x00000000ea200000)
  to   space 17024K,   0% used [0x00000000ea200000, 0x00000000ea200000, 0x00000000eb2a0000)
 tenured generation   total 341376K, used 44286K [0x00000000eb2a0000, 0x0000000100000000, 0x0000000100000000)
   the space 341376K,  12% used [0x00000000eb2a0000, 0x00000000edddfa38, 0x00000000edddfc00, 0x0000000100000000)
 Metaspace       used 35818K, capacity 36718K, committed 36864K, reserved 1081344K
  class space    used 4830K, capacity 5055K, committed 5120K, reserved 1048576K
