14:38:16,772 |-INFO in ch.qos.logback.classic.LoggerContext[default] - Could NOT find resource [logback-test.xml]
14:38:16,772 |-INFO in ch.qos.logback.classic.LoggerContext[default] - Could NOT find resource [logback.groovy]
14:38:16,772 |-INFO in ch.qos.logback.classic.LoggerContext[default] - Found resource [logback.xml] at [jar:file:/root/flamestream/lib/flamestream-runtime-1.0-SNAPSHOT.jar!/logback.xml]
14:38:16,773 |-WARN in ch.qos.logback.classic.LoggerContext[default] - Resource [logback.xml] occurs multiple times on the classpath.
14:38:16,778 |-WARN in ch.qos.logback.classic.LoggerContext[default] - Resource [logback.xml] occurs at [jar:file:/root/flamestream/lib/flamestream-runtime-1.0-SNAPSHOT.jar!/logback.xml]
14:38:16,778 |-WARN in ch.qos.logback.classic.LoggerContext[default] - Resource [logback.xml] occurs at [jar:file:/root/flamestream/flamestream-runtime-1.0-SNAPSHOT.jar!/logback.xml]
14:38:16,797 |-INFO in ch.qos.logback.core.joran.spi.ConfigurationWatchList@3fb6a447 - URL [jar:file:/root/flamestream/lib/flamestream-runtime-1.0-SNAPSHOT.jar!/logback.xml] is not of type file
14:38:16,863 |-INFO in ch.qos.logback.classic.joran.action.ConfigurationAction - debug attribute not set
14:38:16,864 |-INFO in ch.qos.logback.core.joran.action.AppenderAction - About to instantiate appender of type [ch.qos.logback.core.ConsoleAppender]
14:38:16,880 |-INFO in ch.qos.logback.core.joran.action.AppenderAction - Naming appender as [STDOUT]
14:38:16,893 |-INFO in ch.qos.logback.core.joran.action.NestedComplexPropertyIA - Assuming default type [ch.qos.logback.classic.encoder.PatternLayoutEncoder] for [encoder] property
14:38:16,996 |-INFO in ch.qos.logback.core.joran.action.AppenderAction - About to instantiate appender of type [ch.qos.logback.core.rolling.RollingFileAppender]
14:38:17,007 |-INFO in ch.qos.logback.core.joran.action.AppenderAction - Naming appender as [FILE]
14:38:17,033 |-INFO in c.q.l.core.rolling.TimeBasedRollingPolicy@127618319 - No compression will be used
14:38:17,034 |-INFO in c.q.l.core.rolling.TimeBasedRollingPolicy@127618319 - Will use the pattern /tmp/application_%d{yyyy-MM-dd}.%i.log for the active file
14:38:17,037 |-INFO in ch.qos.logback.core.rolling.SizeAndTimeBasedFNATP@6b2fad11 - The date pattern is 'yyyy-MM-dd' from file name pattern '/tmp/application_%d{yyyy-MM-dd}.%i.log'.
14:38:17,037 |-INFO in ch.qos.logback.core.rolling.SizeAndTimeBasedFNATP@6b2fad11 - Roll-over at midnight.
14:38:17,042 |-INFO in ch.qos.logback.core.rolling.SizeAndTimeBasedFNATP@6b2fad11 - Setting initial period to Mon Jun 10 14:36:49 UTC 2019
14:38:17,042 |-WARN in ch.qos.logback.core.rolling.SizeAndTimeBasedFNATP@6b2fad11 - SizeAndTimeBasedFNATP is deprecated. Use SizeAndTimeBasedRollingPolicy instead
14:38:17,042 |-WARN in ch.qos.logback.core.rolling.SizeAndTimeBasedFNATP@6b2fad11 - For more information see http://logback.qos.ch/manual/appenders.html#SizeAndTimeBasedRollingPolicy
14:38:17,047 |-INFO in ch.qos.logback.core.joran.action.NestedComplexPropertyIA - Assuming default type [ch.qos.logback.classic.encoder.PatternLayoutEncoder] for [encoder] property
14:38:17,051 |-INFO in ch.qos.logback.core.rolling.RollingFileAppender[FILE] - Active log file name: /tmp/application.log
14:38:17,051 |-INFO in ch.qos.logback.core.rolling.RollingFileAppender[FILE] - File property is set to [/tmp/application.log]
14:38:17,052 |-INFO in ch.qos.logback.classic.joran.action.RootLoggerAction - Setting level of ROOT logger to WARN
14:38:17,052 |-INFO in ch.qos.logback.core.joran.action.AppenderRefAction - Attaching appender named [STDOUT] to Logger[ROOT]
14:38:17,053 |-INFO in ch.qos.logback.core.joran.action.AppenderRefAction - Attaching appender named [FILE] to Logger[ROOT]
14:38:17,053 |-INFO in ch.qos.logback.classic.joran.action.ConfigurationAction - End of configuration.
14:38:17,054 |-INFO in ch.qos.logback.classic.joran.JoranConfigurator@79698539 - Registering current configuration as safe fallback point

Ama winner
Ama winner
2019-06-10T14:38:18.310+0000: 1.719: [Full GC (Metadata GC Threshold) 2019-06-10T14:38:18.310+0000: 1.719: [Tenured: 0K->15175K(341376K), 0.0406320 secs] 114988K->15175K(494976K), [Metaspace: 20732K->20732K(1067008K)], 0.0406997 secs] [Times: user=0.04 sys=0.00, real=0.04 secs] 
14:38:36.551 [Curator-PathChildrenCache-2] WARN  o.a.c.u.ZKPaths  - The version of ZooKeeper being used doesn't support Container nodes. CreateMode.PERSISTENT will be used instead.
2019-06-10T14:38:39.055+0000: 22.464: [GC (GCLocker Initiated GC) 2019-06-10T14:38:39.055+0000: 22.464: [DefNew: 123968K->17023K(153600K), 0.0183678 secs] 158674K->52778K(494976K), 0.0184406 secs] [Times: user=0.02 sys=0.00, real=0.02 secs] 
2019-06-10T14:38:39.560+0000: 22.969: [Full GC (Metadata GC Threshold) 2019-06-10T14:38:39.560+0000: 22.969: [Tenured: 35754K->44802K(341376K), 0.0756929 secs] 70509K->44802K(494976K), [Metaspace: 34631K->34631K(1079296K)], 0.0757714 secs] [Times: user=0.07 sys=0.01, real=0.07 secs] 
2019-06-10T14:38:41.634+0000: 25.043: [GC (Allocation Failure) 2019-06-10T14:38:41.634+0000: 25.043: [DefNew: 136576K->484K(153600K), 0.0029024 secs] 181378K->45286K(494976K), 0.0029635 secs] [Times: user=0.00 sys=0.00, real=0.00 secs] 
2019-06-10T14:38:43.345+0000: 26.754: [GC (Allocation Failure) 2019-06-10T14:38:43.345+0000: 26.754: [DefNew: 137060K->320K(153600K), 0.0022444 secs] 181862K->45123K(494976K), 0.0023122 secs] [Times: user=0.00 sys=0.00, real=0.00 secs] 
2019-06-10T14:38:44.752+0000: 28.161: [GC (Allocation Failure) 2019-06-10T14:38:44.752+0000: 28.161: [DefNew: 136896K->345K(153600K), 0.0022107 secs] 181699K->45147K(494976K), 0.0022681 secs] [Times: user=0.00 sys=0.00, real=0.00 secs] 
2019-06-10T14:38:46.165+0000: 29.574: [GC (Allocation Failure) 2019-06-10T14:38:46.165+0000: 29.574: [DefNew: 136921K->318K(153600K), 0.0023160 secs] 181723K->45120K(494976K), 0.0023793 secs] [Times: user=0.01 sys=0.00, real=0.01 secs] 
2019-06-10T14:38:47.701+0000: 31.110: [GC (Allocation Failure) 2019-06-10T14:38:47.701+0000: 31.110: [DefNew: 136894K->329K(153600K), 0.0022453 secs] 181696K->45132K(494976K), 0.0022981 secs] [Times: user=0.01 sys=0.00, real=0.00 secs] 
14:38:57.616 [Curator-PathChildrenCache-0] ERROR o.a.c.f.r.c.PathChildrenCache  - 
java.lang.IllegalStateException: instance must be started before calling this method
	at org.apache.curator.shaded.com.google.common.base.Preconditions.checkState(Preconditions.java:444)
	at org.apache.curator.framework.imps.CuratorFrameworkImpl.getChildren(CuratorFrameworkImpl.java:456)
	at org.apache.curator.framework.recipes.cache.PathChildrenCache.refresh(PathChildrenCache.java:521)
	at org.apache.curator.framework.recipes.cache.RefreshOperation.invoke(RefreshOperation.java:35)
	at org.apache.curator.framework.recipes.cache.PathChildrenCache$9.run(PathChildrenCache.java:786)
	at java.util.concurrent.Executors$RunnableAdapter.call(Executors.java:511)
	at java.util.concurrent.FutureTask.run(FutureTask.java:266)
	at java.util.concurrent.Executors$RunnableAdapter.call(Executors.java:511)
	at java.util.concurrent.FutureTask.run(FutureTask.java:266)
	at java.util.concurrent.ThreadPoolExecutor.runWorker(ThreadPoolExecutor.java:1149)
	at java.util.concurrent.ThreadPoolExecutor$Worker.run(ThreadPoolExecutor.java:624)
	at java.lang.Thread.run(Thread.java:748)
Heap
 def new generation   total 153600K, used 85067K [0x00000000e0c00000, 0x00000000eb2a0000, 0x00000000eb2a0000)
  eden space 136576K,  62% used [0x00000000e0c00000, 0x00000000e5ec04d0, 0x00000000e9160000)
  from space 17024K,   1% used [0x00000000e9160000, 0x00000000e91b2788, 0x00000000ea200000)
  to   space 17024K,   0% used [0x00000000ea200000, 0x00000000ea200000, 0x00000000eb2a0000)
 tenured generation   total 341376K, used 44802K [0x00000000eb2a0000, 0x0000000100000000, 0x0000000100000000)
   the space 341376K,  13% used [0x00000000eb2a0000, 0x00000000ede608c0, 0x00000000ede60a00, 0x0000000100000000)
 Metaspace       used 36148K, capacity 37172K, committed 37376K, reserved 1081344K
  class space    used 4863K, capacity 5094K, committed 5120K, reserved 1048576K
