01:36:12,472 |-INFO in ch.qos.logback.classic.LoggerContext[default] - Could NOT find resource [logback-test.xml]
01:36:12,472 |-INFO in ch.qos.logback.classic.LoggerContext[default] - Could NOT find resource [logback.groovy]
01:36:12,472 |-INFO in ch.qos.logback.classic.LoggerContext[default] - Found resource [logback.xml] at [jar:file:/home/nikitasokolov/flamestream/lib/flamestream-runtime-1.0-SNAPSHOT.jar!/logback.xml]
01:36:12,473 |-WARN in ch.qos.logback.classic.LoggerContext[default] - Resource [logback.xml] occurs multiple times on the classpath.
01:36:12,473 |-WARN in ch.qos.logback.classic.LoggerContext[default] - Resource [logback.xml] occurs at [jar:file:/home/nikitasokolov/flamestream/lib/flamestream-runtime-1.0-SNAPSHOT.jar!/logback.xml]
01:36:12,473 |-WARN in ch.qos.logback.classic.LoggerContext[default] - Resource [logback.xml] occurs at [jar:file:/home/nikitasokolov/flamestream/flamestream-runtime-1.0-SNAPSHOT.jar!/logback.xml]
01:36:12,489 |-INFO in ch.qos.logback.core.joran.spi.ConfigurationWatchList@6bf256fa - URL [jar:file:/home/nikitasokolov/flamestream/lib/flamestream-runtime-1.0-SNAPSHOT.jar!/logback.xml] is not of type file
01:36:12,541 |-INFO in ch.qos.logback.classic.joran.action.ConfigurationAction - debug attribute not set
01:36:12,542 |-INFO in ch.qos.logback.core.joran.action.AppenderAction - About to instantiate appender of type [ch.qos.logback.core.ConsoleAppender]
01:36:12,549 |-INFO in ch.qos.logback.core.joran.action.AppenderAction - Naming appender as [STDOUT]
01:36:12,556 |-INFO in ch.qos.logback.core.joran.action.NestedComplexPropertyIA - Assuming default type [ch.qos.logback.classic.encoder.PatternLayoutEncoder] for [encoder] property
01:36:12,615 |-INFO in ch.qos.logback.core.joran.action.AppenderAction - About to instantiate appender of type [ch.qos.logback.core.rolling.RollingFileAppender]
01:36:12,620 |-INFO in ch.qos.logback.core.joran.action.AppenderAction - Naming appender as [FILE]
01:36:12,643 |-INFO in c.q.l.core.rolling.TimeBasedRollingPolicy@114132791 - No compression will be used
01:36:12,644 |-INFO in c.q.l.core.rolling.TimeBasedRollingPolicy@114132791 - Will use the pattern /tmp/application_%d{yyyy-MM-dd}.%i.log for the active file
01:36:12,647 |-INFO in ch.qos.logback.core.rolling.SizeAndTimeBasedFNATP@22f71333 - The date pattern is 'yyyy-MM-dd' from file name pattern '/tmp/application_%d{yyyy-MM-dd}.%i.log'.
01:36:12,647 |-INFO in ch.qos.logback.core.rolling.SizeAndTimeBasedFNATP@22f71333 - Roll-over at midnight.
01:36:12,652 |-INFO in ch.qos.logback.core.rolling.SizeAndTimeBasedFNATP@22f71333 - Setting initial period to Thu Jun 06 22:00:24 MSK 2019
01:36:12,652 |-WARN in ch.qos.logback.core.rolling.SizeAndTimeBasedFNATP@22f71333 - SizeAndTimeBasedFNATP is deprecated. Use SizeAndTimeBasedRollingPolicy instead
01:36:12,652 |-WARN in ch.qos.logback.core.rolling.SizeAndTimeBasedFNATP@22f71333 - For more information see http://logback.qos.ch/manual/appenders.html#SizeAndTimeBasedRollingPolicy
01:36:12,655 |-INFO in ch.qos.logback.core.joran.action.NestedComplexPropertyIA - Assuming default type [ch.qos.logback.classic.encoder.PatternLayoutEncoder] for [encoder] property
01:36:12,659 |-INFO in ch.qos.logback.core.rolling.RollingFileAppender[FILE] - Active log file name: /tmp/application.log
01:36:12,659 |-INFO in ch.qos.logback.core.rolling.RollingFileAppender[FILE] - File property is set to [/tmp/application.log]
01:36:12,660 |-ERROR in ch.qos.logback.core.rolling.RollingFileAppender[FILE] - openFile(/tmp/application.log,true) call failed. java.io.FileNotFoundException: /tmp/application.log (Permission denied)
	at java.io.FileNotFoundException: /tmp/application.log (Permission denied)
	at 	at java.io.FileOutputStream.open0(Native Method)
	at 	at java.io.FileOutputStream.open(FileOutputStream.java:270)
	at 	at java.io.FileOutputStream.<init>(FileOutputStream.java:213)
	at 	at ch.qos.logback.core.recovery.ResilientFileOutputStream.<init>(ResilientFileOutputStream.java:26)
	at 	at ch.qos.logback.core.FileAppender.openFile(FileAppender.java:204)
	at 	at ch.qos.logback.core.FileAppender.start(FileAppender.java:127)
	at 	at ch.qos.logback.core.rolling.RollingFileAppender.start(RollingFileAppender.java:100)
	at 	at ch.qos.logback.core.joran.action.AppenderAction.end(AppenderAction.java:90)
	at 	at ch.qos.logback.core.joran.spi.Interpreter.callEndAction(Interpreter.java:309)
	at 	at ch.qos.logback.core.joran.spi.Interpreter.endElement(Interpreter.java:193)
	at 	at ch.qos.logback.core.joran.spi.Interpreter.endElement(Interpreter.java:179)
	at 	at ch.qos.logback.core.joran.spi.EventPlayer.play(EventPlayer.java:62)
	at 	at ch.qos.logback.core.joran.GenericConfigurator.doConfigure(GenericConfigurator.java:165)
	at 	at ch.qos.logback.core.joran.GenericConfigurator.doConfigure(GenericConfigurator.java:152)
	at 	at ch.qos.logback.core.joran.GenericConfigurator.doConfigure(GenericConfigurator.java:110)
	at 	at ch.qos.logback.core.joran.GenericConfigurator.doConfigure(GenericConfigurator.java:53)
	at 	at ch.qos.logback.classic.util.ContextInitializer.configureByResource(ContextInitializer.java:75)
	at 	at ch.qos.logback.classic.util.ContextInitializer.autoConfig(ContextInitializer.java:150)
	at 	at org.slf4j.impl.StaticLoggerBinder.init(StaticLoggerBinder.java:84)
	at 	at org.slf4j.impl.StaticLoggerBinder.<clinit>(StaticLoggerBinder.java:55)
	at 	at org.slf4j.LoggerFactory.bind(LoggerFactory.java:150)
	at 	at org.slf4j.LoggerFactory.performInitialization(LoggerFactory.java:124)
	at 	at org.slf4j.LoggerFactory.getILoggerFactory(LoggerFactory.java:412)
	at 	at org.slf4j.LoggerFactory.getLogger(LoggerFactory.java:357)
	at 	at org.slf4j.LoggerFactory.getLogger(LoggerFactory.java:383)
	at 	at com.spbsu.flamestream.runtime.WorkerApplication.<init>(WorkerApplication.java:26)
	at 	at com.spbsu.flamestream.runtime.WorkerApplication.main(WorkerApplication.java:68)
01:36:12,660 |-INFO in ch.qos.logback.classic.joran.action.RootLoggerAction - Setting level of ROOT logger to WARN
01:36:12,660 |-INFO in ch.qos.logback.core.joran.action.AppenderRefAction - Attaching appender named [STDOUT] to Logger[ROOT]
01:36:12,660 |-INFO in ch.qos.logback.core.joran.action.AppenderRefAction - Attaching appender named [FILE] to Logger[ROOT]
01:36:12,661 |-INFO in ch.qos.logback.classic.joran.action.ConfigurationAction - End of configuration.
01:36:12,661 |-INFO in ch.qos.logback.classic.joran.JoranConfigurator@3498ed - Registering current configuration as safe fallback point

2019-06-09T01:36:13.672+0300: 1.396: [GC (Metadata GC Threshold) [PSYoungGen: 97866K->15910K(149504K)] 97866K->15990K(491008K), 0.0177868 secs] [Times: user=0.07 sys=0.04, real=0.02 secs] 
2019-06-09T01:36:13.690+0300: 1.414: [Full GC (Metadata GC Threshold) [PSYoungGen: 15910K->0K(149504K)] [ParOldGen: 80K->15081K(341504K)] 15990K->15081K(491008K), [Metaspace: 20804K->20804K(1067008K)], 0.0256589 secs] [Times: user=0.15 sys=0.02, real=0.03 secs] 
01:36:22.486 [Curator-PathChildrenCache-2] WARN  o.a.c.u.ZKPaths  - The version of ZooKeeper being used doesn't support Container nodes. CreateMode.PERSISTENT will be used instead.
2019-06-09T01:36:23.156+0300: 10.880: [GC (Metadata GC Threshold) [PSYoungGen: 127100K->20987K(149504K)] 142182K->50988K(491008K), 0.0164587 secs] [Times: user=0.19 sys=0.01, real=0.01 secs] 
2019-06-09T01:36:23.173+0300: 10.896: [Full GC (Metadata GC Threshold) [PSYoungGen: 20987K->0K(149504K)] [ParOldGen: 30000K->39987K(341504K)] 50988K->39987K(491008K), [Metaspace: 34437K->34435K(1079296K)], 0.0315912 secs] [Times: user=0.15 sys=0.00, real=0.04 secs] 
2019-06-09T01:36:25.546+0300: 13.270: [GC (Allocation Failure) [PSYoungGen: 128512K->704K(149504K)] 168499K->40699K(491008K), 0.0026314 secs] [Times: user=0.01 sys=0.00, real=0.00 secs] 
2019-06-09T01:36:27.389+0300: 15.112: [GC (Allocation Failure) [PSYoungGen: 129216K->736K(149504K)] 169211K->40739K(491008K), 0.0020976 secs] [Times: user=0.01 sys=0.00, real=0.00 secs] 
2019-06-09T01:36:28.971+0300: 16.695: [GC (Allocation Failure) [PSYoungGen: 129248K->736K(129536K)] 169251K->40747K(471040K), 0.0034304 secs] [Times: user=0.01 sys=0.01, real=0.01 secs] 
2019-06-09T01:36:30.645+0300: 18.368: [GC (Allocation Failure) [PSYoungGen: 129248K->736K(132096K)] 169259K->40747K(473600K), 0.0040768 secs] [Times: user=0.03 sys=0.00, real=0.00 secs] 
2019-06-09T01:36:31.788+0300: 19.512: [GC (Allocation Failure) [PSYoungGen: 91872K->800K(129536K)] 131883K->40811K(471040K), 0.0033247 secs] [Times: user=0.02 sys=0.00, real=0.00 secs] 
2019-06-09T01:36:33.020+0300: 20.743: [GC (Allocation Failure) [PSYoungGen: 91936K->800K(136192K)] 131947K->40811K(477696K), 0.0690076 secs] [Times: user=0.01 sys=0.00, real=0.07 secs] 
2019-06-09T01:36:33.998+0300: 21.721: [GC (Allocation Failure) [PSYoungGen: 100640K->704K(134144K)] 140651K->40715K(475648K), 0.0023928 secs] [Times: user=0.01 sys=0.00, real=0.00 secs] 
2019-06-09T01:36:34.987+0300: 22.710: [GC (Allocation Failure) [PSYoungGen: 100544K->768K(139264K)] 140555K->40787K(480768K), 0.0026151 secs] [Times: user=0.02 sys=0.00, real=0.00 secs] 
2019-06-09T01:36:36.363+0300: 24.086: [GC (Allocation Failure) [PSYoungGen: 107264K->736K(137728K)] 147283K->40763K(479232K), 0.0029257 secs] [Times: user=0.01 sys=0.00, real=0.00 secs] 
2019-06-09T01:36:37.658+0300: 25.382: [GC (Allocation Failure) [PSYoungGen: 107232K->832K(142848K)] 147259K->40867K(484352K), 0.0035336 secs] [Times: user=0.02 sys=0.01, real=0.00 secs] 
2019-06-09T01:36:38.785+0300: 26.509: [GC (Allocation Failure) [PSYoungGen: 114496K->928K(141312K)] 154531K->40963K(482816K), 0.1378953 secs] [Times: user=0.03 sys=0.01, real=0.14 secs] 
2019-06-09T01:36:40.191+0300: 27.915: [GC (Allocation Failure) [PSYoungGen: 114592K->928K(145920K)] 154627K->40963K(487424K), 0.0030717 secs] [Times: user=0.02 sys=0.00, real=0.01 secs] 
2019-06-09T01:36:41.326+0300: 29.049: [GC (Allocation Failure) [PSYoungGen: 120736K->1024K(144384K)] 160771K->41059K(485888K), 0.0032709 secs] [Times: user=0.01 sys=0.00, real=0.00 secs] 
2019-06-09T01:36:42.286+0300: 30.009: [GC (Allocation Failure) [PSYoungGen: 120832K->896K(148480K)] 160867K->40939K(489984K), 0.0023348 secs] [Times: user=0.01 sys=0.00, real=0.00 secs] 
2019-06-09T01:36:43.612+0300: 31.335: [GC (Allocation Failure) [PSYoungGen: 126336K->928K(147456K)] 166379K->40979K(488960K), 0.0040155 secs] [Times: user=0.02 sys=0.00, real=0.01 secs] 
2019-06-09T01:36:44.847+0300: 32.570: [GC (Allocation Failure) [PSYoungGen: 126368K->512K(151040K)] 166419K->40963K(492544K), 0.0024215 secs] [Times: user=0.01 sys=0.00, real=0.00 secs] 
2019-06-09T01:36:46.835+0300: 34.559: [GC (Allocation Failure) [PSYoungGen: 131072K->576K(150016K)] 171523K->41123K(491520K), 0.0025016 secs] [Times: user=0.01 sys=0.00, real=0.00 secs] 
2019-06-09T01:36:48.684+0300: 36.408: [GC (Allocation Failure) [PSYoungGen: 131136K->608K(153600K)] 171683K->41179K(495104K), 0.0034864 secs] [Times: user=0.03 sys=0.00, real=0.00 secs] 
2019-06-09T01:36:51.584+0300: 39.308: [GC (Allocation Failure) [PSYoungGen: 136288K->576K(152576K)] 176859K->41163K(494080K), 0.0037659 secs] [Times: user=0.01 sys=0.00, real=0.00 secs] 
01:36:59.109 [Curator-PathChildrenCache-0] ERROR o.a.c.f.r.c.PathChildrenCache  - 
java.lang.IllegalStateException: instance must be started before calling this method
	at org.apache.curator.shaded.com.google.common.base.Preconditions.checkState(Preconditions.java:444)
	at org.apache.curator.framework.imps.CuratorFrameworkImpl.getChildren(CuratorFrameworkImpl.java:456)
	at org.apache.curator.framework.recipes.cache.PathChildrenCache.refresh(PathChildrenCache.java:521)
	at org.apache.curator.framework.recipes.cache.RefreshOperation.invoke(RefreshOperation.java:35)
	at org.apache.curator.framework.recipes.cache.PathChildrenCache$9.run(PathChildrenCache.java:786)
	at java.util.concurrent.Executors$RunnableAdapter.call(Executors.java:511)
	at java.util.concurrent.FutureTask.run(FutureTask.java:266)
	at java.util.concurrent.Executors$RunnableAdapter.call(Executors.java:511)
	at java.util.concurrent.FutureTask.run(FutureTask.java:266)
	at java.util.concurrent.ThreadPoolExecutor.runWorker(ThreadPoolExecutor.java:1149)
	at java.util.concurrent.ThreadPoolExecutor$Worker.run(ThreadPoolExecutor.java:624)
	at java.lang.Thread.run(Thread.java:748)
01:36:59.200 [worker-akka.actor.default-dispatcher-4] ERROR c.s.f.r.WorkerApplication  - Something went wrong during trace flush
java.nio.file.AccessDeniedException: /tmp/trace.csv
	at sun.nio.fs.UnixException.translateToIOException(UnixException.java:84)
	at sun.nio.fs.UnixException.rethrowAsIOException(UnixException.java:102)
	at sun.nio.fs.UnixException.rethrowAsIOException(UnixException.java:107)
	at sun.nio.fs.UnixFileSystemProvider.newByteChannel(UnixFileSystemProvider.java:214)
	at java.nio.file.spi.FileSystemProvider.newOutputStream(FileSystemProvider.java:434)
	at java.nio.file.Files.newOutputStream(Files.java:216)
	at java.nio.file.Files.newBufferedWriter(Files.java:2860)
	at java.nio.file.Files.newBufferedWriter(Files.java:2896)
	at com.spbsu.flamestream.runtime.utils.tracing.Tracing.flush(Tracing.java:35)
	at com.spbsu.flamestream.runtime.WorkerApplication.lambda$run$0(WorkerApplication.java:109)
	at akka.actor.ActorSystemImpl$TerminationCallbacks$$anonfun$addRec$1$1.applyOrElse(ActorSystem.scala:1036)
	at akka.actor.ActorSystemImpl$TerminationCallbacks$$anonfun$addRec$1$1.applyOrElse(ActorSystem.scala:1036)
	at scala.concurrent.Future$$anonfun$andThen$1.apply(Future.scala:436)
	at scala.concurrent.Future$$anonfun$andThen$1.apply(Future.scala:435)
	at scala.concurrent.impl.CallbackRunnable.run(Promise.scala:36)
	at akka.dispatch.BatchingExecutor$AbstractBatch.processBatch(BatchingExecutor.scala:55)
	at akka.dispatch.BatchingExecutor$BlockableBatch$$anonfun$run$1.apply$mcV$sp(BatchingExecutor.scala:91)
	at akka.dispatch.BatchingExecutor$BlockableBatch$$anonfun$run$1.apply(BatchingExecutor.scala:91)
	at akka.dispatch.BatchingExecutor$BlockableBatch$$anonfun$run$1.apply(BatchingExecutor.scala:91)
	at scala.concurrent.BlockContext$.withBlockContext(BlockContext.scala:72)
	at akka.dispatch.BatchingExecutor$BlockableBatch.run(BatchingExecutor.scala:90)
	at akka.dispatch.TaskInvocation.run(AbstractDispatcher.scala:40)
	at akka.dispatch.ForkJoinExecutorConfigurator$AkkaForkJoinTask.exec(ForkJoinExecutorConfigurator.scala:44)
	at akka.dispatch.forkjoin.ForkJoinTask.doExec(ForkJoinTask.java:260)
	at akka.dispatch.forkjoin.ForkJoinPool$WorkQueue.runTask(ForkJoinPool.java:1339)
	at akka.dispatch.forkjoin.ForkJoinPool.runWorker(ForkJoinPool.java:1979)
	at akka.dispatch.forkjoin.ForkJoinWorkerThread.run(ForkJoinWorkerThread.java:107)
Heap
 PSYoungGen      total 152576K, used 30930K [0x00000000f5980000, 0x0000000100000000, 0x0000000100000000)
  eden space 135680K, 22% used [0x00000000f5980000,0x00000000f77247e8,0x00000000fde00000)
  from space 16896K, 3% used [0x00000000fde00000,0x00000000fde90030,0x00000000fee80000)
  to   space 15872K, 0% used [0x00000000ff080000,0x00000000ff080000,0x0000000100000000)
 ParOldGen       total 341504K, used 40587K [0x00000000e0c00000, 0x00000000f5980000, 0x00000000f5980000)
  object space 341504K, 11% used [0x00000000e0c00000,0x00000000e33a2fc8,0x00000000f5980000)
 Metaspace       used 36134K, capacity 37080K, committed 37208K, reserved 1081344K
  class space    used 4984K, capacity 5188K, committed 5248K, reserved 1048576K
