18:21:25,438 |-INFO in ch.qos.logback.classic.LoggerContext[default] - Could NOT find resource [logback-test.xml]
18:21:25,438 |-INFO in ch.qos.logback.classic.LoggerContext[default] - Could NOT find resource [logback.groovy]
18:21:25,438 |-INFO in ch.qos.logback.classic.LoggerContext[default] - Found resource [logback.xml] at [jar:file:/root/flamestream/lib/flamestream-runtime-1.0-SNAPSHOT.jar!/logback.xml]
18:21:25,439 |-WARN in ch.qos.logback.classic.LoggerContext[default] - Resource [logback.xml] occurs multiple times on the classpath.
18:21:25,439 |-WARN in ch.qos.logback.classic.LoggerContext[default] - Resource [logback.xml] occurs at [jar:file:/root/flamestream/lib/flamestream-runtime-1.0-SNAPSHOT.jar!/logback.xml]
18:21:25,439 |-WARN in ch.qos.logback.classic.LoggerContext[default] - Resource [logback.xml] occurs at [jar:file:/root/flamestream/flamestream-runtime-1.0-SNAPSHOT.jar!/logback.xml]
18:21:25,459 |-INFO in ch.qos.logback.core.joran.spi.ConfigurationWatchList@3fb6a447 - URL [jar:file:/root/flamestream/lib/flamestream-runtime-1.0-SNAPSHOT.jar!/logback.xml] is not of type file
18:21:25,525 |-INFO in ch.qos.logback.classic.joran.action.ConfigurationAction - debug attribute not set
18:21:25,526 |-INFO in ch.qos.logback.core.joran.action.AppenderAction - About to instantiate appender of type [ch.qos.logback.core.ConsoleAppender]
18:21:25,542 |-INFO in ch.qos.logback.core.joran.action.AppenderAction - Naming appender as [STDOUT]
18:21:25,561 |-INFO in ch.qos.logback.core.joran.action.NestedComplexPropertyIA - Assuming default type [ch.qos.logback.classic.encoder.PatternLayoutEncoder] for [encoder] property
18:21:25,661 |-INFO in ch.qos.logback.core.joran.action.AppenderAction - About to instantiate appender of type [ch.qos.logback.core.rolling.RollingFileAppender]
18:21:25,666 |-INFO in ch.qos.logback.core.joran.action.AppenderAction - Naming appender as [FILE]
18:21:25,696 |-INFO in c.q.l.core.rolling.TimeBasedRollingPolicy@127618319 - No compression will be used
18:21:25,697 |-INFO in c.q.l.core.rolling.TimeBasedRollingPolicy@127618319 - Will use the pattern /tmp/application_%d{yyyy-MM-dd}.%i.log for the active file
18:21:25,700 |-INFO in ch.qos.logback.core.rolling.SizeAndTimeBasedFNATP@6b2fad11 - The date pattern is 'yyyy-MM-dd' from file name pattern '/tmp/application_%d{yyyy-MM-dd}.%i.log'.
18:21:25,700 |-INFO in ch.qos.logback.core.rolling.SizeAndTimeBasedFNATP@6b2fad11 - Roll-over at midnight.
18:21:25,705 |-INFO in ch.qos.logback.core.rolling.SizeAndTimeBasedFNATP@6b2fad11 - Setting initial period to Mon Jun 10 18:19:32 UTC 2019
18:21:25,705 |-WARN in ch.qos.logback.core.rolling.SizeAndTimeBasedFNATP@6b2fad11 - SizeAndTimeBasedFNATP is deprecated. Use SizeAndTimeBasedRollingPolicy instead
18:21:25,705 |-WARN in ch.qos.logback.core.rolling.SizeAndTimeBasedFNATP@6b2fad11 - For more information see http://logback.qos.ch/manual/appenders.html#SizeAndTimeBasedRollingPolicy
18:21:25,709 |-INFO in ch.qos.logback.core.joran.action.NestedComplexPropertyIA - Assuming default type [ch.qos.logback.classic.encoder.PatternLayoutEncoder] for [encoder] property
18:21:25,714 |-INFO in ch.qos.logback.core.rolling.RollingFileAppender[FILE] - Active log file name: /tmp/application.log
18:21:25,714 |-INFO in ch.qos.logback.core.rolling.RollingFileAppender[FILE] - File property is set to [/tmp/application.log]
18:21:25,715 |-INFO in ch.qos.logback.classic.joran.action.RootLoggerAction - Setting level of ROOT logger to WARN
18:21:25,715 |-INFO in ch.qos.logback.core.joran.action.AppenderRefAction - Attaching appender named [STDOUT] to Logger[ROOT]
18:21:25,717 |-INFO in ch.qos.logback.core.joran.action.AppenderRefAction - Attaching appender named [FILE] to Logger[ROOT]
18:21:25,717 |-INFO in ch.qos.logback.classic.joran.action.ConfigurationAction - End of configuration.
18:21:25,717 |-INFO in ch.qos.logback.classic.joran.JoranConfigurator@79698539 - Registering current configuration as safe fallback point

Ama winner
Ama winner
2019-06-10T18:21:27.041+0000: 1.790: [Full GC (Metadata GC Threshold) 2019-06-10T18:21:27.041+0000: 1.790: [Tenured: 0K->15176K(341376K), 0.0399707 secs] 117751K->15176K(494976K), [Metaspace: 20734K->20734K(1067008K)], 0.0400402 secs] [Times: user=0.04 sys=0.00, real=0.04 secs] 
18:21:41.921 [Curator-PathChildrenCache-1] WARN  o.a.c.u.ZKPaths  - The version of ZooKeeper being used doesn't support Container nodes. CreateMode.PERSISTENT will be used instead.
2019-06-10T18:21:44.241+0000: 18.989: [GC (Allocation Failure) 2019-06-10T18:21:44.241+0000: 18.989: [DefNew: 119175K->17023K(153600K), 0.0182856 secs] 134352K->32739K(494976K), 0.0183556 secs] [Times: user=0.02 sys=0.00, real=0.02 secs] 
2019-06-10T18:21:46.600+0000: 21.348: [Full GC (Metadata GC Threshold) 2019-06-10T18:21:46.600+0000: 21.348: [Tenured: 15715K->43810K(341376K), 0.0555788 secs] 102918K->43810K(494976K), [Metaspace: 34596K->34596K(1079296K)], 0.0556557 secs] [Times: user=0.04 sys=0.02, real=0.06 secs] 
2019-06-10T18:21:53.634+0000: 28.383: [GC (Allocation Failure) 2019-06-10T18:21:53.634+0000: 28.383: [DefNew: 136576K->62K(153600K), 0.0019160 secs] 180386K->43872K(494976K), 0.0019770 secs] [Times: user=0.00 sys=0.00, real=0.00 secs] 
2019-06-10T18:22:00.822+0000: 35.571: [GC (Allocation Failure) 2019-06-10T18:22:00.822+0000: 35.571: [DefNew: 136638K->58K(153600K), 0.0017227 secs] 180448K->43868K(494976K), 0.0018118 secs] [Times: user=0.00 sys=0.00, real=0.01 secs] 
2019-06-10T18:22:08.011+0000: 42.760: [GC (Allocation Failure) 2019-06-10T18:22:08.012+0000: 42.760: [DefNew: 136634K->66K(153600K), 0.0017609 secs] 180444K->43876K(494976K), 0.0018218 secs] [Times: user=0.00 sys=0.00, real=0.00 secs] 
2019-06-10T18:22:15.226+0000: 49.974: [GC (Allocation Failure) 2019-06-10T18:22:15.226+0000: 49.974: [DefNew: 136642K->63K(153600K), 0.0017436 secs] 180452K->43873K(494976K), 0.0018007 secs] [Times: user=0.01 sys=0.00, real=0.00 secs] 
2019-06-10T18:22:22.387+0000: 57.135: [GC (Allocation Failure) 2019-06-10T18:22:22.387+0000: 57.135: [DefNew: 136639K->59K(153600K), 0.0016985 secs] 180449K->43869K(494976K), 0.0017602 secs] [Times: user=0.00 sys=0.00, real=0.00 secs] 
18:22:43.010 [Curator-PathChildrenCache-0] ERROR o.a.c.f.r.c.PathChildrenCache  - 
java.lang.IllegalStateException: instance must be started before calling this method
	at org.apache.curator.shaded.com.google.common.base.Preconditions.checkState(Preconditions.java:444)
	at org.apache.curator.framework.imps.CuratorFrameworkImpl.getChildren(CuratorFrameworkImpl.java:456)
	at org.apache.curator.framework.recipes.cache.PathChildrenCache.refresh(PathChildrenCache.java:521)
	at org.apache.curator.framework.recipes.cache.RefreshOperation.invoke(RefreshOperation.java:35)
	at org.apache.curator.framework.recipes.cache.PathChildrenCache$9.run(PathChildrenCache.java:786)
	at java.util.concurrent.Executors$RunnableAdapter.call(Executors.java:511)
	at java.util.concurrent.FutureTask.run(FutureTask.java:266)
	at java.util.concurrent.Executors$RunnableAdapter.call(Executors.java:511)
	at java.util.concurrent.FutureTask.run(FutureTask.java:266)
	at java.util.concurrent.ThreadPoolExecutor.runWorker(ThreadPoolExecutor.java:1149)
	at java.util.concurrent.ThreadPoolExecutor$Worker.run(ThreadPoolExecutor.java:624)
	at java.lang.Thread.run(Thread.java:748)
Heap
 def new generation   total 153600K, used 128618K [0x00000000e0c00000, 0x00000000eb2a0000, 0x00000000eb2a0000)
  eden space 136576K,  94% used [0x00000000e0c00000, 0x00000000e898bcb0, 0x00000000e9160000)
  from space 17024K,   0% used [0x00000000e9160000, 0x00000000e916ee20, 0x00000000ea200000)
  to   space 17024K,   0% used [0x00000000ea200000, 0x00000000ea200000, 0x00000000eb2a0000)
 tenured generation   total 341376K, used 43810K [0x00000000eb2a0000, 0x0000000100000000, 0x0000000100000000)
   the space 341376K,  12% used [0x00000000eb2a0000, 0x00000000edd688a0, 0x00000000edd68a00, 0x0000000100000000)
 Metaspace       used 36177K, capacity 37062K, committed 37376K, reserved 1081344K
  class space    used 4872K, capacity 5075K, committed 5120K, reserved 1048576K
