05:48:31,344 |-INFO in ch.qos.logback.classic.LoggerContext[default] - Could NOT find resource [logback-test.xml]
05:48:31,344 |-INFO in ch.qos.logback.classic.LoggerContext[default] - Could NOT find resource [logback.groovy]
05:48:31,344 |-INFO in ch.qos.logback.classic.LoggerContext[default] - Found resource [logback.xml] at [jar:file:/root/flamestream/lib/flamestream-runtime-1.0-SNAPSHOT.jar!/logback.xml]
05:48:31,345 |-WARN in ch.qos.logback.classic.LoggerContext[default] - Resource [logback.xml] occurs multiple times on the classpath.
05:48:31,345 |-WARN in ch.qos.logback.classic.LoggerContext[default] - Resource [logback.xml] occurs at [jar:file:/root/flamestream/lib/flamestream-runtime-1.0-SNAPSHOT.jar!/logback.xml]
05:48:31,345 |-WARN in ch.qos.logback.classic.LoggerContext[default] - Resource [logback.xml] occurs at [jar:file:/root/flamestream/flamestream-runtime-1.0-SNAPSHOT.jar!/logback.xml]
05:48:31,363 |-INFO in ch.qos.logback.core.joran.spi.ConfigurationWatchList@3fb6a447 - URL [jar:file:/root/flamestream/lib/flamestream-runtime-1.0-SNAPSHOT.jar!/logback.xml] is not of type file
05:48:31,434 |-INFO in ch.qos.logback.classic.joran.action.ConfigurationAction - debug attribute not set
05:48:31,435 |-INFO in ch.qos.logback.core.joran.action.AppenderAction - About to instantiate appender of type [ch.qos.logback.core.ConsoleAppender]
05:48:31,453 |-INFO in ch.qos.logback.core.joran.action.AppenderAction - Naming appender as [STDOUT]
05:48:31,467 |-INFO in ch.qos.logback.core.joran.action.NestedComplexPropertyIA - Assuming default type [ch.qos.logback.classic.encoder.PatternLayoutEncoder] for [encoder] property
05:48:31,552 |-INFO in ch.qos.logback.core.joran.action.AppenderAction - About to instantiate appender of type [ch.qos.logback.core.rolling.RollingFileAppender]
05:48:31,557 |-INFO in ch.qos.logback.core.joran.action.AppenderAction - Naming appender as [FILE]
05:48:31,589 |-INFO in c.q.l.core.rolling.TimeBasedRollingPolicy@127618319 - No compression will be used
05:48:31,590 |-INFO in c.q.l.core.rolling.TimeBasedRollingPolicy@127618319 - Will use the pattern /tmp/application_%d{yyyy-MM-dd}.%i.log for the active file
05:48:31,593 |-INFO in ch.qos.logback.core.rolling.SizeAndTimeBasedFNATP@6b2fad11 - The date pattern is 'yyyy-MM-dd' from file name pattern '/tmp/application_%d{yyyy-MM-dd}.%i.log'.
05:48:31,593 |-INFO in ch.qos.logback.core.rolling.SizeAndTimeBasedFNATP@6b2fad11 - Roll-over at midnight.
05:48:31,598 |-INFO in ch.qos.logback.core.rolling.SizeAndTimeBasedFNATP@6b2fad11 - Setting initial period to Tue Jun 11 05:47:16 UTC 2019
05:48:31,598 |-WARN in ch.qos.logback.core.rolling.SizeAndTimeBasedFNATP@6b2fad11 - SizeAndTimeBasedFNATP is deprecated. Use SizeAndTimeBasedRollingPolicy instead
05:48:31,598 |-WARN in ch.qos.logback.core.rolling.SizeAndTimeBasedFNATP@6b2fad11 - For more information see http://logback.qos.ch/manual/appenders.html#SizeAndTimeBasedRollingPolicy
05:48:31,602 |-INFO in ch.qos.logback.core.joran.action.NestedComplexPropertyIA - Assuming default type [ch.qos.logback.classic.encoder.PatternLayoutEncoder] for [encoder] property
05:48:31,607 |-INFO in ch.qos.logback.core.rolling.RollingFileAppender[FILE] - Active log file name: /tmp/application.log
05:48:31,607 |-INFO in ch.qos.logback.core.rolling.RollingFileAppender[FILE] - File property is set to [/tmp/application.log]
05:48:31,608 |-INFO in ch.qos.logback.classic.joran.action.RootLoggerAction - Setting level of ROOT logger to WARN
05:48:31,608 |-INFO in ch.qos.logback.core.joran.action.AppenderRefAction - Attaching appender named [STDOUT] to Logger[ROOT]
05:48:31,610 |-INFO in ch.qos.logback.core.joran.action.AppenderRefAction - Attaching appender named [FILE] to Logger[ROOT]
05:48:31,610 |-INFO in ch.qos.logback.classic.joran.action.ConfigurationAction - End of configuration.
05:48:31,610 |-INFO in ch.qos.logback.classic.joran.JoranConfigurator@79698539 - Registering current configuration as safe fallback point

Ama winner
Ama winner
2019-06-11T05:48:32.913+0000: 1.756: [Full GC (Metadata GC Threshold) 2019-06-11T05:48:32.913+0000: 1.756: [Tenured: 0K->15241K(341376K), 0.0397315 secs] 114923K->15241K(494976K), [Metaspace: 20736K->20736K(1067008K)], 0.0398020 secs] [Times: user=0.04 sys=0.00, real=0.04 secs] 
05:48:48.635 [Curator-PathChildrenCache-1] WARN  o.a.c.u.ZKPaths  - The version of ZooKeeper being used doesn't support Container nodes. CreateMode.PERSISTENT will be used instead.
2019-06-11T05:48:50.804+0000: 19.647: [GC (Allocation Failure) 2019-06-11T05:48:50.804+0000: 19.647: [DefNew: 136576K->17023K(153600K), 0.0291938 secs] 151817K->52710K(494976K), 0.0292658 secs] [Times: user=0.01 sys=0.02, real=0.03 secs] 
2019-06-11T05:48:53.531+0000: 22.374: [Full GC (Metadata GC Threshold) 2019-06-11T05:48:53.531+0000: 22.374: [Tenured: 35686K->44190K(341376K), 0.0484981 secs] 112130K->44190K(494976K), [Metaspace: 34600K->34600K(1079296K)], 0.0485808 secs] [Times: user=0.05 sys=0.01, real=0.05 secs] 
2019-06-11T05:48:59.587+0000: 28.430: [GC (Allocation Failure) 2019-06-11T05:48:59.587+0000: 28.430: [DefNew: 136576K->58K(153600K), 0.0017290 secs] 180766K->44248K(494976K), 0.0017874 secs] [Times: user=0.00 sys=0.00, real=0.00 secs] 
2019-06-11T05:49:05.748+0000: 34.591: [GC (Allocation Failure) 2019-06-11T05:49:05.748+0000: 34.591: [DefNew: 136634K->96K(153600K), 0.0017354 secs] 180824K->44287K(494976K), 0.0018136 secs] [Times: user=0.00 sys=0.00, real=0.00 secs] 
2019-06-11T05:49:11.939+0000: 40.782: [GC (Allocation Failure) 2019-06-11T05:49:11.940+0000: 40.782: [DefNew: 136672K->157K(153600K), 0.0018037 secs] 180863K->44348K(494976K), 0.0018868 secs] [Times: user=0.00 sys=0.00, real=0.00 secs] 
2019-06-11T05:49:18.175+0000: 47.018: [GC (Allocation Failure) 2019-06-11T05:49:18.175+0000: 47.018: [DefNew: 136733K->158K(153600K), 0.0017924 secs] 180924K->44348K(494976K), 0.0018547 secs] [Times: user=0.00 sys=0.00, real=0.01 secs] 
2019-06-11T05:49:28.456+0000: 57.298: [GC (Allocation Failure) 2019-06-11T05:49:28.456+0000: 57.298: [DefNew: 136734K->158K(153600K), 0.0018390 secs] 180924K->44348K(494976K), 0.0018981 secs] [Times: user=0.00 sys=0.00, real=0.01 secs] 
05:49:33.982 [Curator-PathChildrenCache-0] ERROR o.a.c.f.r.c.PathChildrenCache  - 
java.lang.IllegalStateException: instance must be started before calling this method
	at org.apache.curator.shaded.com.google.common.base.Preconditions.checkState(Preconditions.java:444)
	at org.apache.curator.framework.imps.CuratorFrameworkImpl.getChildren(CuratorFrameworkImpl.java:456)
	at org.apache.curator.framework.recipes.cache.PathChildrenCache.refresh(PathChildrenCache.java:521)
	at org.apache.curator.framework.recipes.cache.RefreshOperation.invoke(RefreshOperation.java:35)
	at org.apache.curator.framework.recipes.cache.PathChildrenCache$9.run(PathChildrenCache.java:786)
	at java.util.concurrent.Executors$RunnableAdapter.call(Executors.java:511)
	at java.util.concurrent.FutureTask.run(FutureTask.java:266)
	at java.util.concurrent.Executors$RunnableAdapter.call(Executors.java:511)
	at java.util.concurrent.FutureTask.run(FutureTask.java:266)
	at java.util.concurrent.ThreadPoolExecutor.runWorker(ThreadPoolExecutor.java:1149)
	at java.util.concurrent.ThreadPoolExecutor$Worker.run(ThreadPoolExecutor.java:624)
	at java.lang.Thread.run(Thread.java:748)
Heap
 def new generation   total 153600K, used 33268K [0x00000000e0c00000, 0x00000000eb2a0000, 0x00000000eb2a0000)
  eden space 136576K,  24% used [0x00000000e0c00000, 0x00000000e2c559b8, 0x00000000e9160000)
  from space 17024K,   0% used [0x00000000e9160000, 0x00000000e9187828, 0x00000000ea200000)
  to   space 17024K,   0% used [0x00000000ea200000, 0x00000000ea200000, 0x00000000eb2a0000)
 tenured generation   total 341376K, used 44190K [0x00000000eb2a0000, 0x0000000100000000, 0x0000000100000000)
   the space 341376K,  12% used [0x00000000eb2a0000, 0x00000000eddc7960, 0x00000000eddc7a00, 0x0000000100000000)
 Metaspace       used 36048K, capacity 36928K, committed 37120K, reserved 1081344K
  class space    used 4870K, capacity 5074K, committed 5120K, reserved 1048576K
