17:54:08,418 |-INFO in ch.qos.logback.classic.LoggerContext[default] - Could NOT find resource [logback-test.xml]
17:54:08,418 |-INFO in ch.qos.logback.classic.LoggerContext[default] - Could NOT find resource [logback.groovy]
17:54:08,419 |-INFO in ch.qos.logback.classic.LoggerContext[default] - Found resource [logback.xml] at [jar:file:/home/nikitasokolov/flamestream/lib/flamestream-runtime-1.0-SNAPSHOT.jar!/logback.xml]
17:54:08,419 |-WARN in ch.qos.logback.classic.LoggerContext[default] - Resource [logback.xml] occurs multiple times on the classpath.
17:54:08,419 |-WARN in ch.qos.logback.classic.LoggerContext[default] - Resource [logback.xml] occurs at [jar:file:/home/nikitasokolov/flamestream/lib/flamestream-runtime-1.0-SNAPSHOT.jar!/logback.xml]
17:54:08,419 |-WARN in ch.qos.logback.classic.LoggerContext[default] - Resource [logback.xml] occurs at [jar:file:/home/nikitasokolov/flamestream/flamestream-runtime-1.0-SNAPSHOT.jar!/logback.xml]
17:54:08,435 |-INFO in ch.qos.logback.core.joran.spi.ConfigurationWatchList@6108b2d7 - URL [jar:file:/home/nikitasokolov/flamestream/lib/flamestream-runtime-1.0-SNAPSHOT.jar!/logback.xml] is not of type file
17:54:08,485 |-INFO in ch.qos.logback.classic.joran.action.ConfigurationAction - debug attribute not set
17:54:08,486 |-INFO in ch.qos.logback.core.joran.action.AppenderAction - About to instantiate appender of type [ch.qos.logback.core.ConsoleAppender]
17:54:08,493 |-INFO in ch.qos.logback.core.joran.action.AppenderAction - Naming appender as [STDOUT]
17:54:08,501 |-INFO in ch.qos.logback.core.joran.action.NestedComplexPropertyIA - Assuming default type [ch.qos.logback.classic.encoder.PatternLayoutEncoder] for [encoder] property
17:54:08,561 |-INFO in ch.qos.logback.core.joran.action.AppenderAction - About to instantiate appender of type [ch.qos.logback.core.rolling.RollingFileAppender]
17:54:08,566 |-INFO in ch.qos.logback.core.joran.action.AppenderAction - Naming appender as [FILE]
17:54:08,589 |-INFO in c.q.l.core.rolling.TimeBasedRollingPolicy@357863579 - No compression will be used
17:54:08,591 |-INFO in c.q.l.core.rolling.TimeBasedRollingPolicy@357863579 - Will use the pattern /tmp/application_%d{yyyy-MM-dd}.%i.log for the active file
17:54:08,593 |-INFO in ch.qos.logback.core.rolling.SizeAndTimeBasedFNATP@6bf256fa - The date pattern is 'yyyy-MM-dd' from file name pattern '/tmp/application_%d{yyyy-MM-dd}.%i.log'.
17:54:08,593 |-INFO in ch.qos.logback.core.rolling.SizeAndTimeBasedFNATP@6bf256fa - Roll-over at midnight.
17:54:08,597 |-INFO in ch.qos.logback.core.rolling.SizeAndTimeBasedFNATP@6bf256fa - Setting initial period to Sun Jun 09 17:53:30 MSK 2019
17:54:08,597 |-WARN in ch.qos.logback.core.rolling.SizeAndTimeBasedFNATP@6bf256fa - SizeAndTimeBasedFNATP is deprecated. Use SizeAndTimeBasedRollingPolicy instead
17:54:08,597 |-WARN in ch.qos.logback.core.rolling.SizeAndTimeBasedFNATP@6bf256fa - For more information see http://logback.qos.ch/manual/appenders.html#SizeAndTimeBasedRollingPolicy
17:54:08,602 |-INFO in ch.qos.logback.core.joran.action.NestedComplexPropertyIA - Assuming default type [ch.qos.logback.classic.encoder.PatternLayoutEncoder] for [encoder] property
17:54:08,604 |-INFO in ch.qos.logback.core.rolling.RollingFileAppender[FILE] - Active log file name: /tmp/application.log
17:54:08,604 |-INFO in ch.qos.logback.core.rolling.RollingFileAppender[FILE] - File property is set to [/tmp/application.log]
17:54:08,605 |-INFO in ch.qos.logback.classic.joran.action.RootLoggerAction - Setting level of ROOT logger to WARN
17:54:08,605 |-INFO in ch.qos.logback.core.joran.action.AppenderRefAction - Attaching appender named [STDOUT] to Logger[ROOT]
17:54:08,605 |-INFO in ch.qos.logback.core.joran.action.AppenderRefAction - Attaching appender named [FILE] to Logger[ROOT]
17:54:08,605 |-INFO in ch.qos.logback.classic.joran.action.ConfigurationAction - End of configuration.
17:54:08,606 |-INFO in ch.qos.logback.classic.joran.JoranConfigurator@6cd8737 - Registering current configuration as safe fallback point

2019-06-09T17:54:09.589+0300: 1.368: [GC (Metadata GC Threshold) [PSYoungGen: 108152K->15857K(149504K)] 108152K->15937K(491008K), 0.0236140 secs] [Times: user=0.11 sys=0.01, real=0.03 secs] 
2019-06-09T17:54:09.613+0300: 1.392: [Full GC (Metadata GC Threshold) [PSYoungGen: 15857K->0K(149504K)] [ParOldGen: 80K->15078K(341504K)] 15937K->15078K(491008K), [Metaspace: 20802K->20802K(1067008K)], 0.0246451 secs] [Times: user=0.16 sys=0.00, real=0.03 secs] 
17:54:17.237 [Curator-PathChildrenCache-1] WARN  o.a.c.u.ZKPaths  - The version of ZooKeeper being used doesn't support Container nodes. CreateMode.PERSISTENT will be used instead.
2019-06-09T17:54:18.340+0300: 10.118: [GC (Allocation Failure) [PSYoungGen: 128512K->20987K(149504K)] 143590K->49791K(491008K), 0.0193627 secs] [Times: user=0.21 sys=0.02, real=0.02 secs] 
2019-06-09T17:54:18.506+0300: 10.285: [GC (Metadata GC Threshold) [PSYoungGen: 33363K->20971K(149504K)] 62167K->49983K(491008K), 0.0104153 secs] [Times: user=0.13 sys=0.00, real=0.01 secs] 
2019-06-09T17:54:18.517+0300: 10.295: [Full GC (Metadata GC Threshold) [PSYoungGen: 20971K->0K(149504K)] [ParOldGen: 29012K->38835K(341504K)] 49983K->38835K(491008K), [Metaspace: 34573K->34573K(1079296K)], 0.0473920 secs] [Times: user=0.23 sys=0.02, real=0.05 secs] 
2019-06-09T17:54:20.459+0300: 12.238: [GC (Allocation Failure) [PSYoungGen: 128512K->320K(149504K)] 167347K->39163K(491008K), 0.0025694 secs] [Times: user=0.01 sys=0.00, real=0.00 secs] 
2019-06-09T17:54:22.685+0300: 14.464: [GC (Allocation Failure) [PSYoungGen: 128832K->384K(129024K)] 167675K->39235K(470528K), 0.0026323 secs] [Times: user=0.02 sys=0.00, real=0.00 secs] 
2019-06-09T17:54:25.066+0300: 16.844: [GC (Allocation Failure) [PSYoungGen: 128896K->448K(130048K)] 167747K->39307K(471552K), 0.0043679 secs] [Times: user=0.02 sys=0.01, real=0.01 secs] 
2019-06-09T17:54:26.732+0300: 18.510: [GC (Allocation Failure) [PSYoungGen: 89536K->416K(129536K)] 128395K->39275K(471040K), 0.0028777 secs] [Times: user=0.01 sys=0.00, real=0.00 secs] 
2019-06-09T17:54:28.400+0300: 20.179: [GC (Allocation Failure) [PSYoungGen: 89504K->352K(132608K)] 128363K->39211K(474112K), 0.0029788 secs] [Times: user=0.01 sys=0.00, real=0.00 secs] 
2019-06-09T17:54:30.161+0300: 21.939: [GC (Allocation Failure) [PSYoungGen: 94048K->416K(131584K)] 132907K->39275K(473088K), 0.0038453 secs] [Times: user=0.02 sys=0.01, real=0.00 secs] 
17:54:40.090 [Curator-PathChildrenCache-0] ERROR o.a.c.f.r.c.PathChildrenCache  - 
java.lang.IllegalStateException: instance must be started before calling this method
	at org.apache.curator.shaded.com.google.common.base.Preconditions.checkState(Preconditions.java:444)
	at org.apache.curator.framework.imps.CuratorFrameworkImpl.getChildren(CuratorFrameworkImpl.java:456)
	at org.apache.curator.framework.recipes.cache.PathChildrenCache.refresh(PathChildrenCache.java:521)
	at org.apache.curator.framework.recipes.cache.RefreshOperation.invoke(RefreshOperation.java:35)
	at org.apache.curator.framework.recipes.cache.PathChildrenCache$9.run(PathChildrenCache.java:786)
	at java.util.concurrent.Executors$RunnableAdapter.call(Executors.java:511)
	at java.util.concurrent.FutureTask.run(FutureTask.java:266)
	at java.util.concurrent.Executors$RunnableAdapter.call(Executors.java:511)
	at java.util.concurrent.FutureTask.run(FutureTask.java:266)
	at java.util.concurrent.ThreadPoolExecutor.runWorker(ThreadPoolExecutor.java:1149)
	at java.util.concurrent.ThreadPoolExecutor$Worker.run(ThreadPoolExecutor.java:624)
	at java.lang.Thread.run(Thread.java:748)
Heap
 PSYoungGen      total 131584K, used 15083K [0x00000000f5980000, 0x0000000100000000, 0x0000000100000000)
  eden space 93696K, 15% used [0x00000000f5980000,0x00000000f67d2f60,0x00000000fb500000)
  from space 37888K, 1% used [0x00000000fb500000,0x00000000fb568020,0x00000000fda00000)
  to   space 36352K, 0% used [0x00000000fdc80000,0x00000000fdc80000,0x0000000100000000)
 ParOldGen       total 341504K, used 38859K [0x00000000e0c00000, 0x00000000f5980000, 0x00000000f5980000)
  object space 341504K, 11% used [0x00000000e0c00000,0x00000000e31f2cd0,0x00000000f5980000)
 Metaspace       used 35590K, capacity 36478K, committed 36696K, reserved 1081344K
  class space    used 4936K, capacity 5129K, committed 5248K, reserved 1048576K
