15:39:17,367 |-INFO in ch.qos.logback.classic.LoggerContext[default] - Could NOT find resource [logback-test.xml]
15:39:17,367 |-INFO in ch.qos.logback.classic.LoggerContext[default] - Could NOT find resource [logback.groovy]
15:39:17,367 |-INFO in ch.qos.logback.classic.LoggerContext[default] - Found resource [logback.xml] at [jar:file:/root/flamestream/lib/flamestream-runtime-1.0-SNAPSHOT.jar!/logback.xml]
15:39:17,368 |-WARN in ch.qos.logback.classic.LoggerContext[default] - Resource [logback.xml] occurs multiple times on the classpath.
15:39:17,368 |-WARN in ch.qos.logback.classic.LoggerContext[default] - Resource [logback.xml] occurs at [jar:file:/root/flamestream/lib/flamestream-runtime-1.0-SNAPSHOT.jar!/logback.xml]
15:39:17,368 |-WARN in ch.qos.logback.classic.LoggerContext[default] - Resource [logback.xml] occurs at [jar:file:/root/flamestream/flamestream-runtime-1.0-SNAPSHOT.jar!/logback.xml]
15:39:17,388 |-INFO in ch.qos.logback.core.joran.spi.ConfigurationWatchList@3fb6a447 - URL [jar:file:/root/flamestream/lib/flamestream-runtime-1.0-SNAPSHOT.jar!/logback.xml] is not of type file
15:39:17,461 |-INFO in ch.qos.logback.classic.joran.action.ConfigurationAction - debug attribute not set
15:39:17,462 |-INFO in ch.qos.logback.core.joran.action.AppenderAction - About to instantiate appender of type [ch.qos.logback.core.ConsoleAppender]
15:39:17,477 |-INFO in ch.qos.logback.core.joran.action.AppenderAction - Naming appender as [STDOUT]
15:39:17,497 |-INFO in ch.qos.logback.core.joran.action.NestedComplexPropertyIA - Assuming default type [ch.qos.logback.classic.encoder.PatternLayoutEncoder] for [encoder] property
15:39:17,578 |-INFO in ch.qos.logback.core.joran.action.AppenderAction - About to instantiate appender of type [ch.qos.logback.core.rolling.RollingFileAppender]
15:39:17,584 |-INFO in ch.qos.logback.core.joran.action.AppenderAction - Naming appender as [FILE]
15:39:17,616 |-INFO in c.q.l.core.rolling.TimeBasedRollingPolicy@127618319 - No compression will be used
15:39:17,618 |-INFO in c.q.l.core.rolling.TimeBasedRollingPolicy@127618319 - Will use the pattern /tmp/application_%d{yyyy-MM-dd}.%i.log for the active file
15:39:17,621 |-INFO in ch.qos.logback.core.rolling.SizeAndTimeBasedFNATP@6b2fad11 - The date pattern is 'yyyy-MM-dd' from file name pattern '/tmp/application_%d{yyyy-MM-dd}.%i.log'.
15:39:17,621 |-INFO in ch.qos.logback.core.rolling.SizeAndTimeBasedFNATP@6b2fad11 - Roll-over at midnight.
15:39:17,626 |-INFO in ch.qos.logback.core.rolling.SizeAndTimeBasedFNATP@6b2fad11 - Setting initial period to Mon Jun 10 15:37:57 UTC 2019
15:39:17,626 |-WARN in ch.qos.logback.core.rolling.SizeAndTimeBasedFNATP@6b2fad11 - SizeAndTimeBasedFNATP is deprecated. Use SizeAndTimeBasedRollingPolicy instead
15:39:17,626 |-WARN in ch.qos.logback.core.rolling.SizeAndTimeBasedFNATP@6b2fad11 - For more information see http://logback.qos.ch/manual/appenders.html#SizeAndTimeBasedRollingPolicy
15:39:17,630 |-INFO in ch.qos.logback.core.joran.action.NestedComplexPropertyIA - Assuming default type [ch.qos.logback.classic.encoder.PatternLayoutEncoder] for [encoder] property
15:39:17,635 |-INFO in ch.qos.logback.core.rolling.RollingFileAppender[FILE] - Active log file name: /tmp/application.log
15:39:17,635 |-INFO in ch.qos.logback.core.rolling.RollingFileAppender[FILE] - File property is set to [/tmp/application.log]
15:39:17,636 |-INFO in ch.qos.logback.classic.joran.action.RootLoggerAction - Setting level of ROOT logger to WARN
15:39:17,636 |-INFO in ch.qos.logback.core.joran.action.AppenderRefAction - Attaching appender named [STDOUT] to Logger[ROOT]
15:39:17,638 |-INFO in ch.qos.logback.core.joran.action.AppenderRefAction - Attaching appender named [FILE] to Logger[ROOT]
15:39:17,638 |-INFO in ch.qos.logback.classic.joran.action.ConfigurationAction - End of configuration.
15:39:17,638 |-INFO in ch.qos.logback.classic.joran.JoranConfigurator@79698539 - Registering current configuration as safe fallback point

Ama winner
Ama winner
2019-06-10T15:39:18.998+0000: 1.824: [Full GC (Metadata GC Threshold) 2019-06-10T15:39:18.998+0000: 1.824: [Tenured: 0K->15177K(341376K), 0.0429043 secs] 114924K->15177K(494976K), [Metaspace: 20732K->20732K(1067008K)], 0.0429718 secs] [Times: user=0.04 sys=0.01, real=0.04 secs] 
15:39:30.981 [Curator-PathChildrenCache-1] WARN  o.a.c.u.ZKPaths  - The version of ZooKeeper being used doesn't support Container nodes. CreateMode.PERSISTENT will be used instead.
2019-06-10T15:39:33.317+0000: 16.143: [GC (Allocation Failure) 2019-06-10T15:39:33.317+0000: 16.143: [DefNew: 136576K->17023K(153600K), 0.0256839 secs] 151753K->52236K(494976K), 0.0257690 secs] [Times: user=0.02 sys=0.01, real=0.03 secs] 
2019-06-10T15:39:34.357+0000: 17.183: [Full GC (Metadata GC Threshold) 2019-06-10T15:39:34.357+0000: 17.183: [Tenured: 35212K->43640K(341376K), 0.0410405 secs] 74182K->43640K(494976K), [Metaspace: 34571K->34571K(1079296K)], 0.0411180 secs] [Times: user=0.04 sys=0.00, real=0.04 secs] 
2019-06-10T15:39:41.344+0000: 24.170: [GC (Allocation Failure) 2019-06-10T15:39:41.344+0000: 24.170: [DefNew: 136576K->79K(153600K), 0.0019367 secs] 180216K->43719K(494976K), 0.0019951 secs] [Times: user=0.01 sys=0.00, real=0.00 secs] 
2019-06-10T15:39:48.340+0000: 31.166: [GC (Allocation Failure) 2019-06-10T15:39:48.340+0000: 31.166: [DefNew: 136655K->79K(153600K), 0.0018224 secs] 180295K->43720K(494976K), 0.0018830 secs] [Times: user=0.00 sys=0.00, real=0.00 secs] 
2019-06-10T15:39:55.364+0000: 38.190: [GC (Allocation Failure) 2019-06-10T15:39:55.364+0000: 38.190: [DefNew: 136655K->85K(153600K), 0.0018347 secs] 180296K->43725K(494976K), 0.0018995 secs] [Times: user=0.00 sys=0.00, real=0.00 secs] 
2019-06-10T15:40:02.423+0000: 45.249: [GC (Allocation Failure) 2019-06-10T15:40:02.423+0000: 45.249: [DefNew: 136661K->78K(153600K), 0.0017890 secs] 180301K->43718K(494976K), 0.0018605 secs] [Times: user=0.00 sys=0.00, real=0.00 secs] 
2019-06-10T15:40:09.519+0000: 52.345: [GC (Allocation Failure) 2019-06-10T15:40:09.519+0000: 52.345: [DefNew: 136654K->77K(153600K), 0.0019425 secs] 180294K->43718K(494976K), 0.0020031 secs] [Times: user=0.01 sys=0.00, real=0.00 secs] 
2019-06-10T15:40:24.280+0000: 67.106: [GC (Allocation Failure) 2019-06-10T15:40:24.280+0000: 67.106: [DefNew: 136653K->434K(153600K), 0.0023531 secs] 180294K->44075K(494976K), 0.0024148 secs] [Times: user=0.00 sys=0.00, real=0.00 secs] 
15:40:24.598 [Curator-PathChildrenCache-0] ERROR o.a.c.f.r.c.PathChildrenCache  - 
java.lang.IllegalStateException: instance must be started before calling this method
	at org.apache.curator.shaded.com.google.common.base.Preconditions.checkState(Preconditions.java:444)
	at org.apache.curator.framework.imps.CuratorFrameworkImpl.getChildren(CuratorFrameworkImpl.java:456)
	at org.apache.curator.framework.recipes.cache.PathChildrenCache.refresh(PathChildrenCache.java:521)
	at org.apache.curator.framework.recipes.cache.RefreshOperation.invoke(RefreshOperation.java:35)
	at org.apache.curator.framework.recipes.cache.PathChildrenCache$9.run(PathChildrenCache.java:786)
	at java.util.concurrent.Executors$RunnableAdapter.call(Executors.java:511)
	at java.util.concurrent.FutureTask.run(FutureTask.java:266)
	at java.util.concurrent.Executors$RunnableAdapter.call(Executors.java:511)
	at java.util.concurrent.FutureTask.run(FutureTask.java:266)
	at java.util.concurrent.ThreadPoolExecutor.runWorker(ThreadPoolExecutor.java:1149)
	at java.util.concurrent.ThreadPoolExecutor$Worker.run(ThreadPoolExecutor.java:624)
	at java.lang.Thread.run(Thread.java:748)
Heap
 def new generation   total 153600K, used 19437K [0x00000000e0c00000, 0x00000000eb2a0000, 0x00000000eb2a0000)
  eden space 136576K,  13% used [0x00000000e0c00000, 0x00000000e1e8eb60, 0x00000000e9160000)
  from space 17024K,   2% used [0x00000000ea200000, 0x00000000ea26cbf0, 0x00000000eb2a0000)
  to   space 17024K,   0% used [0x00000000e9160000, 0x00000000e9160000, 0x00000000ea200000)
 tenured generation   total 341376K, used 43640K [0x00000000eb2a0000, 0x0000000100000000, 0x0000000100000000)
   the space 341376K,  12% used [0x00000000eb2a0000, 0x00000000edd3e280, 0x00000000edd3e400, 0x0000000100000000)
 Metaspace       used 36129K, capacity 36998K, committed 37120K, reserved 1081344K
  class space    used 4871K, capacity 5075K, committed 5120K, reserved 1048576K
