04:29:20,618 |-INFO in ch.qos.logback.classic.LoggerContext[default] - Could NOT find resource [logback-test.xml]
04:29:20,619 |-INFO in ch.qos.logback.classic.LoggerContext[default] - Could NOT find resource [logback.groovy]
04:29:20,619 |-INFO in ch.qos.logback.classic.LoggerContext[default] - Found resource [logback.xml] at [jar:file:/home/nikitasokolov/flamestream/lib/flamestream-runtime-1.0-SNAPSHOT.jar!/logback.xml]
04:29:20,619 |-WARN in ch.qos.logback.classic.LoggerContext[default] - Resource [logback.xml] occurs multiple times on the classpath.
04:29:20,620 |-WARN in ch.qos.logback.classic.LoggerContext[default] - Resource [logback.xml] occurs at [jar:file:/home/nikitasokolov/flamestream/lib/flamestream-runtime-1.0-SNAPSHOT.jar!/logback.xml]
04:29:20,620 |-WARN in ch.qos.logback.classic.LoggerContext[default] - Resource [logback.xml] occurs at [jar:file:/home/nikitasokolov/flamestream/flamestream-runtime-1.0-SNAPSHOT.jar!/logback.xml]
04:29:20,636 |-INFO in ch.qos.logback.core.joran.spi.ConfigurationWatchList@6108b2d7 - URL [jar:file:/home/nikitasokolov/flamestream/lib/flamestream-runtime-1.0-SNAPSHOT.jar!/logback.xml] is not of type file
04:29:20,688 |-INFO in ch.qos.logback.classic.joran.action.ConfigurationAction - debug attribute not set
04:29:20,689 |-INFO in ch.qos.logback.core.joran.action.AppenderAction - About to instantiate appender of type [ch.qos.logback.core.ConsoleAppender]
04:29:20,700 |-INFO in ch.qos.logback.core.joran.action.AppenderAction - Naming appender as [STDOUT]
04:29:20,710 |-INFO in ch.qos.logback.core.joran.action.NestedComplexPropertyIA - Assuming default type [ch.qos.logback.classic.encoder.PatternLayoutEncoder] for [encoder] property
04:29:20,771 |-INFO in ch.qos.logback.core.joran.action.AppenderAction - About to instantiate appender of type [ch.qos.logback.core.rolling.RollingFileAppender]
04:29:20,777 |-INFO in ch.qos.logback.core.joran.action.AppenderAction - Naming appender as [FILE]
04:29:20,799 |-INFO in c.q.l.core.rolling.TimeBasedRollingPolicy@357863579 - No compression will be used
04:29:20,801 |-INFO in c.q.l.core.rolling.TimeBasedRollingPolicy@357863579 - Will use the pattern /tmp/application_%d{yyyy-MM-dd}.%i.log for the active file
04:29:20,803 |-INFO in ch.qos.logback.core.rolling.SizeAndTimeBasedFNATP@6bf256fa - The date pattern is 'yyyy-MM-dd' from file name pattern '/tmp/application_%d{yyyy-MM-dd}.%i.log'.
04:29:20,803 |-INFO in ch.qos.logback.core.rolling.SizeAndTimeBasedFNATP@6bf256fa - Roll-over at midnight.
04:29:20,807 |-INFO in ch.qos.logback.core.rolling.SizeAndTimeBasedFNATP@6bf256fa - Setting initial period to Sun Jun 09 04:28:44 MSK 2019
04:29:20,807 |-WARN in ch.qos.logback.core.rolling.SizeAndTimeBasedFNATP@6bf256fa - SizeAndTimeBasedFNATP is deprecated. Use SizeAndTimeBasedRollingPolicy instead
04:29:20,807 |-WARN in ch.qos.logback.core.rolling.SizeAndTimeBasedFNATP@6bf256fa - For more information see http://logback.qos.ch/manual/appenders.html#SizeAndTimeBasedRollingPolicy
04:29:20,812 |-INFO in ch.qos.logback.core.joran.action.NestedComplexPropertyIA - Assuming default type [ch.qos.logback.classic.encoder.PatternLayoutEncoder] for [encoder] property
04:29:20,815 |-INFO in ch.qos.logback.core.rolling.RollingFileAppender[FILE] - Active log file name: /tmp/application.log
04:29:20,815 |-INFO in ch.qos.logback.core.rolling.RollingFileAppender[FILE] - File property is set to [/tmp/application.log]
04:29:20,816 |-INFO in ch.qos.logback.classic.joran.action.RootLoggerAction - Setting level of ROOT logger to WARN
04:29:20,816 |-INFO in ch.qos.logback.core.joran.action.AppenderRefAction - Attaching appender named [STDOUT] to Logger[ROOT]
04:29:20,816 |-INFO in ch.qos.logback.core.joran.action.AppenderRefAction - Attaching appender named [FILE] to Logger[ROOT]
04:29:20,816 |-INFO in ch.qos.logback.classic.joran.action.ConfigurationAction - End of configuration.
04:29:20,817 |-INFO in ch.qos.logback.classic.joran.JoranConfigurator@6cd8737 - Registering current configuration as safe fallback point

2019-06-09T04:29:21.811+0300: 1.402: [GC (Metadata GC Threshold) [PSYoungGen: 108152K->15889K(149504K)] 108152K->15969K(491008K), 0.0229581 secs] [Times: user=0.10 sys=0.03, real=0.02 secs] 
2019-06-09T04:29:21.834+0300: 1.425: [Full GC (Metadata GC Threshold) [PSYoungGen: 15889K->0K(149504K)] [ParOldGen: 80K->15078K(341504K)] 15969K->15078K(491008K), [Metaspace: 20802K->20802K(1067008K)], 0.0274838 secs] [Times: user=0.16 sys=0.01, real=0.03 secs] 
04:29:29.332 [Curator-PathChildrenCache-1] WARN  o.a.c.u.ZKPaths  - The version of ZooKeeper being used doesn't support Container nodes. CreateMode.PERSISTENT will be used instead.
2019-06-09T04:29:30.339+0300: 9.930: [GC (Metadata GC Threshold) [PSYoungGen: 124421K->15879K(149504K)] 139499K->50497K(491008K), 0.0274109 secs] [Times: user=0.21 sys=0.03, real=0.02 secs] 
2019-06-09T04:29:30.367+0300: 9.958: [Full GC (Metadata GC Threshold) [PSYoungGen: 15879K->0K(149504K)] [ParOldGen: 34617K->39072K(341504K)] 50497K->39072K(491008K), [Metaspace: 34572K->34572K(1079296K)], 0.0360977 secs] [Times: user=0.20 sys=0.00, real=0.04 secs] 
2019-06-09T04:29:33.376+0300: 12.967: [GC (Allocation Failure) [PSYoungGen: 128512K->448K(149504K)] 167584K->39528K(491008K), 0.0044037 secs] [Times: user=0.01 sys=0.03, real=0.01 secs] 
2019-06-09T04:29:36.830+0300: 16.421: [GC (Allocation Failure) [PSYoungGen: 128960K->480K(149504K)] 168040K->39560K(491008K), 0.0061876 secs] [Times: user=0.06 sys=0.00, real=0.00 secs] 
2019-06-09T04:29:40.300+0300: 19.890: [GC (Allocation Failure) [PSYoungGen: 128992K->544K(129536K)] 168072K->39632K(471040K), 0.0035783 secs] [Times: user=0.01 sys=0.01, real=0.00 secs] 
2019-06-09T04:29:43.770+0300: 23.361: [GC (Allocation Failure) [PSYoungGen: 129056K->608K(150016K)] 168144K->39704K(491520K), 0.0029377 secs] [Times: user=0.01 sys=0.00, real=0.00 secs] 
2019-06-09T04:29:47.253+0300: 26.843: [GC (Allocation Failure) [PSYoungGen: 129120K->576K(148992K)] 168216K->39680K(490496K), 0.0049110 secs] [Times: user=0.03 sys=0.01, real=0.00 secs] 
2019-06-09T04:29:50.695+0300: 30.285: [GC (Allocation Failure) [PSYoungGen: 129088K->672K(151552K)] 168192K->39784K(493056K), 0.0033448 secs] [Times: user=0.01 sys=0.00, real=0.01 secs] 
2019-06-09T04:29:54.321+0300: 33.911: [GC (Allocation Failure) [PSYoungGen: 132768K->672K(151040K)] 171880K->39792K(492544K), 0.0029844 secs] [Times: user=0.02 sys=0.00, real=0.00 secs] 
2019-06-09T04:29:57.932+0300: 37.523: [GC (Allocation Failure) [PSYoungGen: 132768K->704K(153600K)] 171888K->39832K(495104K), 0.0042790 secs] [Times: user=0.03 sys=0.00, real=0.00 secs] 
2019-06-09T04:30:01.642+0300: 41.232: [GC (Allocation Failure) [PSYoungGen: 136384K->736K(152576K)] 175512K->39864K(494080K), 0.0032134 secs] [Times: user=0.01 sys=0.00, real=0.00 secs] 
2019-06-09T04:30:05.327+0300: 44.917: [GC (Allocation Failure) [PSYoungGen: 136416K->640K(155136K)] 175544K->39776K(496640K), 0.0030874 secs] [Times: user=0.02 sys=0.00, real=0.01 secs] 
2019-06-09T04:30:09.125+0300: 48.716: [GC (Allocation Failure) [PSYoungGen: 139392K->672K(154112K)] 178528K->39808K(495616K), 0.0029465 secs] [Times: user=0.00 sys=0.01, real=0.00 secs] 
2019-06-09T04:30:12.901+0300: 52.492: [GC (Allocation Failure) [PSYoungGen: 139424K->736K(156672K)] 178560K->39872K(498176K), 0.0036157 secs] [Times: user=0.00 sys=0.02, real=0.00 secs] 
2019-06-09T04:30:16.765+0300: 56.356: [GC (Allocation Failure) [PSYoungGen: 142560K->736K(155648K)] 181696K->39880K(497152K), 0.0049998 secs] [Times: user=0.02 sys=0.01, real=0.01 secs] 
2019-06-09T04:30:20.648+0300: 60.239: [GC (Allocation Failure) [PSYoungGen: 142560K->672K(158208K)] 181704K->39816K(499712K), 0.0029748 secs] [Times: user=0.01 sys=0.01, real=0.01 secs] 
2019-06-09T04:30:25.156+0300: 64.747: [GC (Allocation Failure) [PSYoungGen: 145568K->1047K(157184K)] 184712K->40200K(498688K), 0.0032168 secs] [Times: user=0.01 sys=0.00, real=0.01 secs] 
04:30:34.370 [Curator-PathChildrenCache-0] ERROR o.a.c.f.r.c.PathChildrenCache  - 
java.lang.IllegalStateException: instance must be started before calling this method
	at org.apache.curator.shaded.com.google.common.base.Preconditions.checkState(Preconditions.java:444)
	at org.apache.curator.framework.imps.CuratorFrameworkImpl.getChildren(CuratorFrameworkImpl.java:456)
	at org.apache.curator.framework.recipes.cache.PathChildrenCache.refresh(PathChildrenCache.java:521)
	at org.apache.curator.framework.recipes.cache.RefreshOperation.invoke(RefreshOperation.java:35)
	at org.apache.curator.framework.recipes.cache.PathChildrenCache$9.run(PathChildrenCache.java:786)
	at java.util.concurrent.Executors$RunnableAdapter.call(Executors.java:511)
	at java.util.concurrent.FutureTask.run(FutureTask.java:266)
	at java.util.concurrent.Executors$RunnableAdapter.call(Executors.java:511)
	at java.util.concurrent.FutureTask.run(FutureTask.java:266)
	at java.util.concurrent.ThreadPoolExecutor.runWorker(ThreadPoolExecutor.java:1149)
	at java.util.concurrent.ThreadPoolExecutor$Worker.run(ThreadPoolExecutor.java:624)
	at java.lang.Thread.run(Thread.java:748)
Heap
 PSYoungGen      total 157184K, used 55159K [0x00000000f5980000, 0x0000000100000000, 0x0000000100000000)
  eden space 144896K, 37% used [0x00000000f5980000,0x00000000f8e580d8,0x00000000fe700000)
  from space 12288K, 8% used [0x00000000fe700000,0x00000000fe805d50,0x00000000ff300000)
  to   space 11776K, 0% used [0x00000000ff480000,0x00000000ff480000,0x0000000100000000)
 ParOldGen       total 341504K, used 39152K [0x00000000e0c00000, 0x00000000f5980000, 0x00000000f5980000)
  object space 341504K, 11% used [0x00000000e0c00000,0x00000000e323c368,0x00000000f5980000)
 Metaspace       used 36135K, capacity 36966K, committed 37208K, reserved 1081344K
  class space    used 4979K, capacity 5161K, committed 5248K, reserved 1048576K
