06:07:02,207 |-INFO in ch.qos.logback.classic.LoggerContext[default] - Could NOT find resource [logback-test.xml]
06:07:02,208 |-INFO in ch.qos.logback.classic.LoggerContext[default] - Could NOT find resource [logback.groovy]
06:07:02,208 |-INFO in ch.qos.logback.classic.LoggerContext[default] - Found resource [logback.xml] at [jar:file:/home/nikitasokolov/flamestream/lib/flamestream-runtime-1.0-SNAPSHOT.jar!/logback.xml]
06:07:02,208 |-WARN in ch.qos.logback.classic.LoggerContext[default] - Resource [logback.xml] occurs multiple times on the classpath.
06:07:02,209 |-WARN in ch.qos.logback.classic.LoggerContext[default] - Resource [logback.xml] occurs at [jar:file:/home/nikitasokolov/flamestream/lib/flamestream-runtime-1.0-SNAPSHOT.jar!/logback.xml]
06:07:02,209 |-WARN in ch.qos.logback.classic.LoggerContext[default] - Resource [logback.xml] occurs at [jar:file:/home/nikitasokolov/flamestream/flamestream-runtime-1.0-SNAPSHOT.jar!/logback.xml]
06:07:02,225 |-INFO in ch.qos.logback.core.joran.spi.ConfigurationWatchList@6108b2d7 - URL [jar:file:/home/nikitasokolov/flamestream/lib/flamestream-runtime-1.0-SNAPSHOT.jar!/logback.xml] is not of type file
06:07:02,276 |-INFO in ch.qos.logback.classic.joran.action.ConfigurationAction - debug attribute not set
06:07:02,277 |-INFO in ch.qos.logback.core.joran.action.AppenderAction - About to instantiate appender of type [ch.qos.logback.core.ConsoleAppender]
06:07:02,285 |-INFO in ch.qos.logback.core.joran.action.AppenderAction - Naming appender as [STDOUT]
06:07:02,294 |-INFO in ch.qos.logback.core.joran.action.NestedComplexPropertyIA - Assuming default type [ch.qos.logback.classic.encoder.PatternLayoutEncoder] for [encoder] property
06:07:02,351 |-INFO in ch.qos.logback.core.joran.action.AppenderAction - About to instantiate appender of type [ch.qos.logback.core.rolling.RollingFileAppender]
06:07:02,357 |-INFO in ch.qos.logback.core.joran.action.AppenderAction - Naming appender as [FILE]
06:07:02,379 |-INFO in c.q.l.core.rolling.TimeBasedRollingPolicy@357863579 - No compression will be used
06:07:02,380 |-INFO in c.q.l.core.rolling.TimeBasedRollingPolicy@357863579 - Will use the pattern /tmp/application_%d{yyyy-MM-dd}.%i.log for the active file
06:07:02,383 |-INFO in ch.qos.logback.core.rolling.SizeAndTimeBasedFNATP@6bf256fa - The date pattern is 'yyyy-MM-dd' from file name pattern '/tmp/application_%d{yyyy-MM-dd}.%i.log'.
06:07:02,383 |-INFO in ch.qos.logback.core.rolling.SizeAndTimeBasedFNATP@6bf256fa - Roll-over at midnight.
06:07:02,387 |-INFO in ch.qos.logback.core.rolling.SizeAndTimeBasedFNATP@6bf256fa - Setting initial period to Sun Jun 09 06:06:17 MSK 2019
06:07:02,388 |-WARN in ch.qos.logback.core.rolling.SizeAndTimeBasedFNATP@6bf256fa - SizeAndTimeBasedFNATP is deprecated. Use SizeAndTimeBasedRollingPolicy instead
06:07:02,388 |-WARN in ch.qos.logback.core.rolling.SizeAndTimeBasedFNATP@6bf256fa - For more information see http://logback.qos.ch/manual/appenders.html#SizeAndTimeBasedRollingPolicy
06:07:02,392 |-INFO in ch.qos.logback.core.joran.action.NestedComplexPropertyIA - Assuming default type [ch.qos.logback.classic.encoder.PatternLayoutEncoder] for [encoder] property
06:07:02,395 |-INFO in ch.qos.logback.core.rolling.RollingFileAppender[FILE] - Active log file name: /tmp/application.log
06:07:02,395 |-INFO in ch.qos.logback.core.rolling.RollingFileAppender[FILE] - File property is set to [/tmp/application.log]
06:07:02,396 |-INFO in ch.qos.logback.classic.joran.action.RootLoggerAction - Setting level of ROOT logger to WARN
06:07:02,396 |-INFO in ch.qos.logback.core.joran.action.AppenderRefAction - Attaching appender named [STDOUT] to Logger[ROOT]
06:07:02,396 |-INFO in ch.qos.logback.core.joran.action.AppenderRefAction - Attaching appender named [FILE] to Logger[ROOT]
06:07:02,396 |-INFO in ch.qos.logback.classic.joran.action.ConfigurationAction - End of configuration.
06:07:02,397 |-INFO in ch.qos.logback.classic.joran.JoranConfigurator@6cd8737 - Registering current configuration as safe fallback point

2019-06-09T06:07:03.367+0300: 1.363: [GC (Metadata GC Threshold) [PSYoungGen: 110722K->15858K(149504K)] 110722K->15938K(491008K), 0.0187247 secs] [Times: user=0.04 sys=0.02, real=0.02 secs] 
2019-06-09T06:07:03.385+0300: 1.382: [Full GC (Metadata GC Threshold) [PSYoungGen: 15858K->0K(149504K)] [ParOldGen: 80K->15078K(341504K)] 15938K->15078K(491008K), [Metaspace: 20802K->20802K(1067008K)], 0.0278930 secs] [Times: user=0.15 sys=0.03, real=0.03 secs] 
06:07:11.040 [Curator-PathChildrenCache-1] WARN  o.a.c.u.ZKPaths  - The version of ZooKeeper being used doesn't support Container nodes. CreateMode.PERSISTENT will be used instead.
2019-06-09T06:07:11.985+0300: 9.981: [GC (Metadata GC Threshold) [PSYoungGen: 126190K->20991K(149504K)] 141268K->50015K(491008K), 0.0226704 secs] [Times: user=0.22 sys=0.05, real=0.02 secs] 
2019-06-09T06:07:12.008+0300: 10.004: [Full GC (Metadata GC Threshold) [PSYoungGen: 20991K->0K(149504K)] [ParOldGen: 29023K->38997K(341504K)] 50015K->38997K(491008K), [Metaspace: 34561K->34561K(1079296K)], 0.0361698 secs] [Times: user=0.17 sys=0.02, real=0.04 secs] 
2019-06-09T06:07:13.963+0300: 11.959: [GC (Allocation Failure) [PSYoungGen: 128512K->544K(149504K)] 167509K->39549K(491008K), 0.0036007 secs] [Times: user=0.01 sys=0.01, real=0.00 secs] 
2019-06-09T06:07:16.423+0300: 14.420: [GC (Allocation Failure) [PSYoungGen: 129056K->576K(149504K)] 168061K->39589K(491008K), 0.0033388 secs] [Times: user=0.02 sys=0.01, real=0.00 secs] 
2019-06-09T06:07:18.526+0300: 16.522: [GC (Allocation Failure) [PSYoungGen: 129088K->896K(129536K)] 168101K->39917K(471040K), 0.0046643 secs] [Times: user=0.03 sys=0.01, real=0.01 secs] 
2019-06-09T06:07:19.969+0300: 17.965: [GC (Allocation Failure) [PSYoungGen: 129408K->672K(133120K)] 168429K->39693K(474624K), 0.0037913 secs] [Times: user=0.02 sys=0.01, real=0.01 secs] 
2019-06-09T06:07:21.095+0300: 19.091: [GC (Allocation Failure) [PSYoungGen: 93856K->704K(130560K)] 132877K->39725K(472064K), 0.0023994 secs] [Times: user=0.01 sys=0.00, real=0.00 secs] 
2019-06-09T06:07:22.057+0300: 20.054: [GC (Allocation Failure) [PSYoungGen: 93888K->736K(136704K)] 132909K->39765K(478208K), 0.0588102 secs] [Times: user=0.02 sys=0.01, real=0.06 secs] 
2019-06-09T06:07:23.167+0300: 21.164: [GC (Allocation Failure) [PSYoungGen: 102112K->672K(135168K)] 141141K->39701K(476672K), 0.0027237 secs] [Times: user=0.02 sys=0.00, real=0.01 secs] 
2019-06-09T06:07:24.237+0300: 22.233: [GC (Allocation Failure) [PSYoungGen: 102048K->800K(140288K)] 141077K->39829K(481792K), 0.0030179 secs] [Times: user=0.00 sys=0.01, real=0.01 secs] 
2019-06-09T06:07:25.590+0300: 23.587: [GC (Allocation Failure) [PSYoungGen: 109344K->736K(138752K)] 148373K->39773K(480256K), 0.0107958 secs] [Times: user=0.12 sys=0.01, real=0.01 secs] 
2019-06-09T06:07:26.898+0300: 24.895: [GC (Allocation Failure) [PSYoungGen: 109280K->704K(143360K)] 148317K->39749K(484864K), 0.0049220 secs] [Times: user=0.03 sys=0.00, real=0.00 secs] 
2019-06-09T06:07:28.081+0300: 26.077: [GC (Allocation Failure) [PSYoungGen: 115392K->832K(141824K)] 154437K->39877K(483328K), 0.0029318 secs] [Times: user=0.02 sys=0.01, real=0.00 secs] 
2019-06-09T06:07:29.539+0300: 27.535: [GC (Allocation Failure) [PSYoungGen: 115520K->832K(146432K)] 154565K->39877K(487936K), 0.0033884 secs] [Times: user=0.01 sys=0.00, real=0.00 secs] 
2019-06-09T06:07:30.951+0300: 28.948: [GC (Allocation Failure) [PSYoungGen: 121664K->832K(144896K)] 160709K->39886K(486400K), 0.0041981 secs] [Times: user=0.03 sys=0.00, real=0.00 secs] 
2019-06-09T06:07:32.209+0300: 30.206: [GC (Allocation Failure) [PSYoungGen: 121664K->960K(148992K)] 160718K->40022K(490496K), 0.0033379 secs] [Times: user=0.01 sys=0.00, real=0.01 secs] 
2019-06-09T06:07:33.946+0300: 31.943: [GC (Allocation Failure) [PSYoungGen: 127424K->800K(147968K)] 166486K->39862K(489472K), 0.0043324 secs] [Times: user=0.03 sys=0.00, real=0.01 secs] 
2019-06-09T06:07:36.018+0300: 34.014: [GC (Allocation Failure) [PSYoungGen: 127264K->704K(151552K)] 166326K->40046K(493056K), 0.0050183 secs] [Times: user=0.04 sys=0.00, real=0.00 secs] 
06:07:44.417 [Curator-PathChildrenCache-0] ERROR o.a.c.f.r.c.PathChildrenCache  - 
java.lang.IllegalStateException: instance must be started before calling this method
	at org.apache.curator.shaded.com.google.common.base.Preconditions.checkState(Preconditions.java:444)
	at org.apache.curator.framework.imps.CuratorFrameworkImpl.getChildren(CuratorFrameworkImpl.java:456)
	at org.apache.curator.framework.recipes.cache.PathChildrenCache.refresh(PathChildrenCache.java:521)
	at org.apache.curator.framework.recipes.cache.RefreshOperation.invoke(RefreshOperation.java:35)
	at org.apache.curator.framework.recipes.cache.PathChildrenCache$9.run(PathChildrenCache.java:786)
	at java.util.concurrent.Executors$RunnableAdapter.call(Executors.java:511)
	at java.util.concurrent.FutureTask.run(FutureTask.java:266)
	at java.util.concurrent.Executors$RunnableAdapter.call(Executors.java:511)
	at java.util.concurrent.FutureTask.run(FutureTask.java:266)
	at java.util.concurrent.ThreadPoolExecutor.runWorker(ThreadPoolExecutor.java:1149)
	at java.util.concurrent.ThreadPoolExecutor$Worker.run(ThreadPoolExecutor.java:624)
	at java.lang.Thread.run(Thread.java:748)
Heap
 PSYoungGen      total 151552K, used 119129K [0x00000000f5980000, 0x0000000100000000, 0x0000000100000000)
  eden space 131584K, 90% used [0x00000000f5980000,0x00000000fcd26708,0x00000000fda00000)
  from space 19968K, 3% used [0x00000000fec80000,0x00000000fed300a0,0x0000000100000000)
  to   space 18944K, 0% used [0x00000000fda00000,0x00000000fda00000,0x00000000fec80000)
 ParOldGen       total 341504K, used 39341K [0x00000000e0c00000, 0x00000000f5980000, 0x00000000f5980000)
  object space 341504K, 11% used [0x00000000e0c00000,0x00000000e326b760,0x00000000f5980000)
 Metaspace       used 35761K, capacity 36614K, committed 36952K, reserved 1081344K
  class space    used 4935K, capacity 5129K, committed 5248K, reserved 1048576K
