12:27:24,255 |-INFO in ch.qos.logback.classic.LoggerContext[default] - Could NOT find resource [logback-test.xml]
12:27:24,255 |-INFO in ch.qos.logback.classic.LoggerContext[default] - Could NOT find resource [logback.groovy]
12:27:24,255 |-INFO in ch.qos.logback.classic.LoggerContext[default] - Found resource [logback.xml] at [jar:file:/home/ubuntu/flamestream/lib/flamestream-runtime-1.0-SNAPSHOT.jar!/logback.xml]
12:27:24,259 |-WARN in ch.qos.logback.classic.LoggerContext[default] - Resource [logback.xml] occurs multiple times on the classpath.
12:27:24,259 |-WARN in ch.qos.logback.classic.LoggerContext[default] - Resource [logback.xml] occurs at [jar:file:/home/ubuntu/flamestream/flamestream-runtime-1.0-SNAPSHOT.jar!/logback.xml]
12:27:24,259 |-WARN in ch.qos.logback.classic.LoggerContext[default] - Resource [logback.xml] occurs at [jar:file:/home/ubuntu/flamestream/lib/flamestream-runtime-1.0-SNAPSHOT.jar!/logback.xml]
12:27:24,278 |-INFO in ch.qos.logback.core.joran.spi.ConfigurationWatchList@4678c730 - URL [jar:file:/home/ubuntu/flamestream/lib/flamestream-runtime-1.0-SNAPSHOT.jar!/logback.xml] is not of type file
12:27:24,348 |-INFO in ch.qos.logback.classic.joran.action.ConfigurationAction - debug attribute not set
12:27:24,348 |-INFO in ch.qos.logback.core.joran.action.AppenderAction - About to instantiate appender of type [ch.qos.logback.core.ConsoleAppender]
12:27:24,373 |-INFO in ch.qos.logback.core.joran.action.AppenderAction - Naming appender as [STDOUT]
12:27:24,392 |-INFO in ch.qos.logback.core.joran.action.NestedComplexPropertyIA - Assuming default type [ch.qos.logback.classic.encoder.PatternLayoutEncoder] for [encoder] property
12:27:24,493 |-INFO in ch.qos.logback.core.joran.action.AppenderAction - About to instantiate appender of type [ch.qos.logback.core.rolling.RollingFileAppender]
12:27:24,497 |-INFO in ch.qos.logback.core.joran.action.AppenderAction - Naming appender as [FILE]
12:27:24,541 |-INFO in c.q.l.core.rolling.TimeBasedRollingPolicy@1734853116 - No compression will be used
12:27:24,542 |-INFO in c.q.l.core.rolling.TimeBasedRollingPolicy@1734853116 - Will use the pattern /tmp/application_%d{yyyy-MM-dd}.%i.log for the active file
12:27:24,548 |-INFO in ch.qos.logback.core.rolling.SizeAndTimeBasedFNATP@29ee9faa - The date pattern is 'yyyy-MM-dd' from file name pattern '/tmp/application_%d{yyyy-MM-dd}.%i.log'.
12:27:24,548 |-INFO in ch.qos.logback.core.rolling.SizeAndTimeBasedFNATP@29ee9faa - Roll-over at midnight.
12:27:24,555 |-INFO in ch.qos.logback.core.rolling.SizeAndTimeBasedFNATP@29ee9faa - Setting initial period to Thu Oct 10 12:26:56 UTC 2019
12:27:24,555 |-WARN in ch.qos.logback.core.rolling.SizeAndTimeBasedFNATP@29ee9faa - SizeAndTimeBasedFNATP is deprecated. Use SizeAndTimeBasedRollingPolicy instead
12:27:24,555 |-WARN in ch.qos.logback.core.rolling.SizeAndTimeBasedFNATP@29ee9faa - For more information see http://logback.qos.ch/manual/appenders.html#SizeAndTimeBasedRollingPolicy
12:27:24,560 |-INFO in ch.qos.logback.core.joran.action.NestedComplexPropertyIA - Assuming default type [ch.qos.logback.classic.encoder.PatternLayoutEncoder] for [encoder] property
12:27:24,565 |-INFO in ch.qos.logback.core.rolling.RollingFileAppender[FILE] - Active log file name: /tmp/application.log
12:27:24,565 |-INFO in ch.qos.logback.core.rolling.RollingFileAppender[FILE] - File property is set to [/tmp/application.log]
12:27:24,566 |-INFO in ch.qos.logback.classic.joran.action.RootLoggerAction - Setting level of ROOT logger to INFO
12:27:24,567 |-INFO in ch.qos.logback.core.joran.action.AppenderRefAction - Attaching appender named [STDOUT] to Logger[ROOT]
12:27:24,567 |-INFO in ch.qos.logback.core.joran.action.AppenderRefAction - Attaching appender named [FILE] to Logger[ROOT]
12:27:24,567 |-INFO in ch.qos.logback.classic.joran.action.ConfigurationAction - End of configuration.
12:27:24,568 |-INFO in ch.qos.logback.classic.joran.JoranConfigurator@c038203 - Registering current configuration as safe fallback point

12:27:24.576 [main] INFO  c.s.f.r.WorkerApplication  - Starting worker with workerConfig 'WorkerConfig{id='flamestream-benchmarks-worker-12', localAddress=flamestream-benchmarks-worker-12/10.0.0.11:5412, zkString='flamestream-benchmarks-manager:12181', snapshotPath='/home/ubuntu/flamestream/data', guarantees=AT_MOST_ONCE}'
12:27:26.109 [worker-akka.actor.default-dispatcher-6] INFO  a.e.s.Slf4jLogger  - Slf4jLogger started
2019-10-10T12:27:26.279+0000: 2.396: [Full GC (Metadata GC Threshold) 2019-10-10T12:27:26.279+0000: 2.396: [Tenured: 0K->13629K(1024000K), 0.0537865 secs] 139464K->13629K(1484800K), [Metaspace: 20199K->20199K(1067008K)], 0.0538831 secs] [Times: user=0.04 sys=0.02, real=0.06 secs] 
12:27:26.445 [worker-akka.actor.default-dispatcher-6] WARN  a.r.RemoteActorRefProvider akka.remote.RemoteActorRefProvider - Using the 'remote' ActorRefProvider directly, which is a low-level layer. For most use cases, the 'cluster' abstraction on top of remoting is more suitable instead.
12:27:26.453 [worker-akka.actor.default-dispatcher-6] WARN  a.r.RemoteActorRefProvider akka.remote.RemoteActorRefProvider - Akka Cluster not in use - Using Akka Cluster is recommended if you need remote watch and deploy.
12:27:26.579 [worker-akka.actor.default-dispatcher-6] INFO  a.r.a.a.ArteryAeronUdpTransport(akka://worker) akka.remote.artery.aeron.ArteryAeronUdpTransport(akka://worker) - Started embedded media driver in directory [/dev/shm/aeron-flamestream-benchmarks-worker-12]
12:27:26.631 [worker-akka.actor.default-dispatcher-6] WARN  a.r.a.a.ArteryAeronUdpTransport(akka://worker) akka.remote.artery.aeron.ArteryAeronUdpTransport(akka://worker) - Aeron CnC version mismatch: compiled version = 15, file version = 16
12:27:26.933 [worker-akka.actor.default-dispatcher-6] INFO  a.r.a.a.ArteryAeronUdpTransport(akka://worker) akka.remote.artery.aeron.ArteryAeronUdpTransport(akka://worker) - Remoting started with transport [Artery aeron-udp]; listening on address [akka://worker@flamestream-benchmarks-worker-12:5412] and bound to [akka://worker@0.0.0.0:5412] with UID [-9115780351407770291]
12:27:27.555 [worker-akka.actor.default-dispatcher-6] WARN  a.s.Serialization(akka://worker) akka.serialization.Serialization(akka://worker) - Using serializer [com.romix.akka.serialization.kryo.KryoSerializer] for message [akka.actor.ActorSelectionMessage]. Note that this serializer is not implemented by Akka. It's not recommended to replace serializers for messages provided by Akka.
12:27:27.556 [worker-akka.actor.default-dispatcher-6] WARN  a.s.Serialization(akka://worker) akka.serialization.Serialization(akka://worker) - Using serializer [com.romix.akka.serialization.kryo.KryoSerializer] for message [akka.actor.ActorIdentity]. Note that this serializer is not implemented by Akka. It's not recommended to replace serializers for messages provided by Akka.
12:27:27.621 [worker-akka.actor.default-dispatcher-9] INFO  a.a.RepointableActorRef akka://worker/user/watcher - Starting...
12:27:27.786 [worker-akka.actor.default-dispatcher-6] INFO  o.a.c.u.Compatibility  - Running in ZooKeeper 3.4.x compatibility mode
12:27:27.854 [worker-akka.actor.default-dispatcher-6] INFO  o.a.c.f.i.CuratorFrameworkImpl  - Starting
12:27:27.881 [worker-akka.actor.default-dispatcher-6] INFO  o.a.z.ZooKeeper  - Client environment:zookeeper.version=3.4.14-4c25d480e66aadd371de8bd2fd8da255ac140bcf, built on 03/06/2019 16:18 GMT
12:27:27.882 [worker-akka.actor.default-dispatcher-6] INFO  o.a.z.ZooKeeper  - Client environment:host.name=flamestream-benchmarks-worker-12
12:27:27.883 [worker-akka.actor.default-dispatcher-6] INFO  o.a.z.ZooKeeper  - Client environment:java.version=1.8.0_222
12:27:27.883 [worker-akka.actor.default-dispatcher-6] INFO  o.a.z.ZooKeeper  - Client environment:java.vendor=Private Build
12:27:27.885 [worker-akka.actor.default-dispatcher-6] INFO  o.a.z.ZooKeeper  - Client environment:java.home=/usr/lib/jvm/java-8-openjdk-amd64/jre
12:27:27.887 [worker-akka.actor.default-dispatcher-6] INFO  o.a.z.ZooKeeper  - Client environment:java.class.path=lib/curator-framework-4.0.1.jar:lib/commons-csv-1.4.jar:lib/aeron-client-1.21.2.jar:lib/scala-library-2.12.9.jar:lib/asm-5.0.4.jar:lib/agrona-1.0.1.jar:lib/curator-recipes-4.0.1.jar:lib/akka-testkit_2.12-2.6.0-M6.jar:lib/flamestream-runtime-1.0-SNAPSHOT.jar:lib/slf4j-simple-2.0.0-alpha1.jar:lib/jsr305-3.0.2.jar:lib/trove4j-3.0.3.jar:lib/flamestream-core-1.0-SNAPSHOT.jar:lib/commons-io-2.4.jar:lib/minlog-1.3.0.jar:lib/kryonet-2.21.jar:lib/commons-1.4.9.jar:lib/jline-0.9.94.jar:lib/akka-remote_2.12-2.6.0-M6.jar:lib/leveldbjni-all-1.8.jar:lib/lz4-1.3.0.jar:lib/slf4j-api-1.7.24.jar:lib/scala-parser-combinators_2.12-1.1.2.jar:lib/flamestream-core-1.0-SNAPSHOT-tests.jar:lib/logback-core-1.2.3.jar:lib/netty-3.10.6.Final.jar:lib/protobuf-java-3.9.0.jar:lib/minlog-1.2.jar:lib/leveldb-api-0.7.jar:lib/jool-0.9.12.jar:lib/commons-cli-1.4.jar:lib/jblas-1.2.4.jar:lib/reflectasm-1.11.3.jar:lib/reflectasm-1.07-shaded.jar:lib/audience-annotations-0.5.0.jar:lib/jackson-annotations-2.9.6.jar:lib/commons-lang-2.6.jar:lib/ssl-config-core_2.12-0.3.8.jar:lib/annotations-13.0.jar:lib/logback-classic-1.2.3.jar:lib/guava-21.0.jar:lib/reactive-streams-1.0.2.jar:lib/spotbugs-annotations-3.1.9.jar:lib/leveldb-0.7.jar:lib/commons-pool2-2.4.2.jar:lib/rocksdbjni-5.5.1.jar:lib/jackson-core-2.9.9.jar:lib/jackson-databind-2.9.9.2.jar:lib/akka-protobuf-v3_2.12-2.6.0-M6.jar:lib/jackson-annotations-2.9.0.jar:lib/flamestream-examples-1.0-SNAPSHOT.jar:lib/objenesis-2.1.jar:lib/akka-kryo-serialization_2.12-0.5.2.jar:lib/scala-java8-compat_2.12-0.8.0.jar:lib/zookeeper-3.4.14.jar:lib/akka-slf4j_2.12-2.6.0-M6.jar:lib/kryo-4.0.0.jar:lib/akka-stream_2.12-2.6.0-M6.jar:lib/aeron-driver-1.21.2.jar:lib/config-1.3.1.jar:lib/annotations-12.0.jar:lib/jedis-2.9.0.jar:lib/jcommander-1.48.jar:lib/testng-6.10.jar:lib/akka-actor_2.12-2.6.0-M6.jar:lib/curator-client-4.0.1.jar:flamestream-runtime-1.0-SNAPSHOT.jar
12:27:27.890 [worker-akka.actor.default-dispatcher-6] INFO  o.a.z.ZooKeeper  - Client environment:java.library.path=/usr/java/packages/lib/amd64:/usr/lib/x86_64-linux-gnu/jni:/lib/x86_64-linux-gnu:/usr/lib/x86_64-linux-gnu:/usr/lib/jni:/lib:/usr/lib
12:27:27.891 [worker-akka.actor.default-dispatcher-6] INFO  o.a.z.ZooKeeper  - Client environment:java.io.tmpdir=/tmp
12:27:27.891 [worker-akka.actor.default-dispatcher-6] INFO  o.a.z.ZooKeeper  - Client environment:java.compiler=<NA>
12:27:27.891 [worker-akka.actor.default-dispatcher-6] INFO  o.a.z.ZooKeeper  - Client environment:os.name=Linux
12:27:27.892 [worker-akka.actor.default-dispatcher-6] INFO  o.a.z.ZooKeeper  - Client environment:os.arch=amd64
12:27:27.892 [worker-akka.actor.default-dispatcher-6] INFO  o.a.z.ZooKeeper  - Client environment:os.version=4.15.0-1040-gcp
12:27:27.892 [worker-akka.actor.default-dispatcher-6] INFO  o.a.z.ZooKeeper  - Client environment:user.name=ubuntu
12:27:27.892 [worker-akka.actor.default-dispatcher-6] INFO  o.a.z.ZooKeeper  - Client environment:user.home=/home/ubuntu
12:27:27.893 [worker-akka.actor.default-dispatcher-6] INFO  o.a.z.ZooKeeper  - Client environment:user.dir=/home/ubuntu/flamestream
12:27:27.897 [worker-akka.actor.default-dispatcher-6] INFO  o.a.z.ZooKeeper  - Initiating client connection, connectString=flamestream-benchmarks-manager:12181 sessionTimeout=60000 watcher=org.apache.curator.ConnectionState@bd23c93
12:27:27.974 [worker-akka.actor.default-dispatcher-6-SendThread(flamestream-benchmarks-manager:12181)] INFO  o.a.z.ClientCnxn  - Opening socket connection to server flamestream-benchmarks-manager/10.0.0.21:12181. Will not attempt to authenticate using SASL (unknown error)
12:27:27.979 [worker-akka.actor.default-dispatcher-6] INFO  o.a.c.f.i.CuratorFrameworkImpl  - Default schema
12:27:27.985 [worker-akka.actor.default-dispatcher-6-SendThread(flamestream-benchmarks-manager:12181)] INFO  o.a.z.ClientCnxn  - Socket connection established to flamestream-benchmarks-manager/10.0.0.21:12181, initiating session
12:27:28.000 [worker-akka.actor.default-dispatcher-6-SendThread(flamestream-benchmarks-manager:12181)] INFO  o.a.z.ClientCnxn  - Session establishment complete on server flamestream-benchmarks-manager/10.0.0.21:12181, sessionid = 0x100005c675e000c, negotiated timeout = 60000
12:27:28.012 [worker-akka.actor.default-dispatcher-6-EventThread] INFO  o.a.c.f.s.ConnectionStateManager  - State change: CONNECTED
12:27:28.016 [worker-akka.actor.default-dispatcher-9] INFO  a.a.RepointableActorRef akka://worker/user/watcher - Initializing rocksDB backend
2019-10-10T12:27:29.265+0000: 5.382: [Full GC (Metadata GC Threshold) 2019-10-10T12:27:29.265+0000: 5.382: [Tenured: 13629K->25947K(1024000K), 0.1468978 secs] 161119K->25947K(1484800K), [Metaspace: 33690K->33690K(1079296K)], 0.1470006 secs] [Times: user=0.14 sys=0.02, real=0.15 secs] 
12:27:29.519 [worker-akka.actor.default-dispatcher-6] INFO  a.a.LocalActorRef akka://worker/user/watcher/processing-watcher - Starting...
12:27:34.083 [worker-akka.actor.default-dispatcher-10] INFO  a.a.LocalActorRef akka://worker/user/watcher/processing-watcher/$a - Starting...
12:27:34.129 [worker-akka.actor.default-dispatcher-6] INFO  a.a.LocalActorRef akka://worker/user/watcher/processing-watcher/$a - Stopped
12:27:35.777 [worker-akka.actor.default-dispatcher-6] INFO  a.a.LocalActorRef akka://worker/user/watcher/processing-watcher/graph/graph - Starting...
12:27:39.747 [worker-akka.actor.default-dispatcher-6] INFO  a.a.LocalActorRef akka://worker/user/watcher/processing-watcher/graph/graph - Finishing constructor
12:27:39.751 [worker-akka.actor.default-dispatcher-9] INFO  a.a.LocalActorRef akka://worker/user/watcher/processing-watcher/graph/negotiator - Starting...
12:27:39.756 [worker-akka.actor.default-dispatcher-9] INFO  a.a.LocalActorRef akka://worker/user/watcher/processing-watcher/graph/edge - Starting...
12:27:39.759 [worker-akka.actor.default-dispatcher-6] INFO  a.a.LocalActorRef akka://worker/user/watcher/processing-watcher/graph - Starting FlameNode with config 'ClusterConfig{paths={flamestream-benchmarks-worker-1=akka://worker@flamestream-benchmarks-worker-1:5412/user/watcher/processing-watcher/graph, flamestream-benchmarks-worker-0=akka://worker@flamestream-benchmarks-worker-0:5412/user/watcher/processing-watcher/graph, flamestream-benchmarks-worker-9=akka://worker@flamestream-benchmarks-worker-9:5412/user/watcher/processing-watcher/graph, flamestream-benchmarks-worker-8=akka://worker@flamestream-benchmarks-worker-8:5412/user/watcher/processing-watcher/graph, flamestream-benchmarks-worker-7=akka://worker@flamestream-benchmarks-worker-7:5412/user/watcher/processing-watcher/graph, flamestream-benchmarks-worker-6=akka://worker@flamestream-benchmarks-worker-6:5412/user/watcher/processing-watcher/graph, flamestream-benchmarks-worker-5=akka://worker@flamestream-benchmarks-worker-5:5412/user/watcher/processing-watcher/graph, flamestream-benchmarks-worker-4=akka://worker@flamestream-benchmarks-worker-4:5412/user/watcher/processing-watcher/graph, flamestream-benchmarks-worker-3=akka://worker@flamestream-benchmarks-worker-3:5412/user/watcher/processing-watcher/graph, flamestream-benchmarks-worker-2=akka://worker@flamestream-benchmarks-worker-2:5412/user/watcher/processing-watcher/graph, flamestream-benchmarks-worker-14=akka://worker@flamestream-benchmarks-worker-14:5412/user/watcher/processing-watcher/graph, flamestream-benchmarks-worker-13=akka://worker@flamestream-benchmarks-worker-13:5412/user/watcher/processing-watcher/graph, flamestream-benchmarks-worker-12=akka://worker@flamestream-benchmarks-worker-12:5412/user/watcher/processing-watcher/graph, flamestream-benchmarks-worker-11=akka://worker@flamestream-benchmarks-worker-11:5412/user/watcher/processing-watcher/graph, flamestream-benchmarks-worker-10=akka://worker@flamestream-benchmarks-worker-10:5412/user/watcher/processing-watcher/graph}}'
12:27:39.788 [worker-akka.actor.default-dispatcher-6] INFO  a.a.LocalActorRef akka://worker/user/watcher/processing-watcher/graph/negotiator - Requesting ticket for the frontClass FlameSocketGraphDeployerFront@flamestream-benchmarks-worker-12
12:27:39.824 [worker-akka.actor.default-dispatcher-13] INFO  a.a.LocalActorRef akka://worker/user/watcher/processing-watcher/graph/graph - Received last commit 'LastCommit{globalTime=(0000000, min@min)}'
12:27:39.855 [worker-akka.actor.default-dispatcher-13] INFO  a.a.LocalActorRef akka://worker/user/watcher/processing-watcher/graph/edge/FlameSocketGraphDeployerFront - Starting...
12:27:39.856 [worker-akka.actor.default-dispatcher-10] INFO  c.s.f.r.e.s.SocketRear  - FlameSocketGraphDeployerRear@flamestream-benchmarks-worker-12: connecting to flamestream-benchmarks-manager:5678
12:27:39.874 [worker-akka.actor.default-dispatcher-10] INFO  c.s.f.r.e.s.SocketRear  - FlameSocketGraphDeployerRear@flamestream-benchmarks-worker-12: connected to flamestream-benchmarks-manager:5678
12:27:39.875 [worker-akka.actor.default-dispatcher-9] INFO  a.a.LocalActorRef akka://worker/user/watcher/processing-watcher/graph/edge/FlameSocketGraphDeployerRear - Starting...
12:27:39.892 [worker-akka.actor.default-dispatcher-10] INFO  a.a.LocalActorRef akka://worker/user/watcher/processing-watcher/graph/negotiator - Ticket for the frontClass received: FrontTicket{allowedTimestamp=(0000000, FlameSocketGraphDeployerFront@flamestream-benchmarks-worker-12)}
12:27:39.894 [worker-akka.actor.default-dispatcher-10] INFO  c.s.f.r.e.s.SocketFront  - FlameSocketGraphDeployerFront@flamestream-benchmarks-worker-12: connecting to flamestream-benchmarks-manager:4567
12:27:40.110 [worker-akka.actor.default-dispatcher-10] INFO  a.a.LocalActorRef akka://worker/user/watcher/processing-watcher/graph/graph/$a - Starting...
12:27:40.118 [worker-akka.actor.default-dispatcher-10] INFO  a.a.LocalActorRef akka://worker/user/watcher/processing-watcher/graph/graph/$b - Starting...
12:27:40.120 [worker-akka.actor.default-dispatcher-10] INFO  a.a.LocalActorRef akka://worker/user/watcher/processing-watcher/graph/graph/$c - Starting...
12:27:40.126 [worker-akka.actor.default-dispatcher-10] INFO  a.a.LocalActorRef akka://worker/user/watcher/processing-watcher/graph/graph/$d - Starting...
12:27:40.129 [worker-akka.actor.default-dispatcher-10] INFO  a.a.LocalActorRef akka://worker/user/watcher/processing-watcher/graph/graph/$e - Starting...
12:27:40.140 [worker-akka.actor.default-dispatcher-10] INFO  a.a.LocalActorRef akka://worker/user/watcher/processing-watcher/graph/graph/$f - Starting...
12:27:40.147 [worker-akka.actor.default-dispatcher-10] INFO  a.a.LocalActorRef akka://worker/user/watcher/processing-watcher/graph/graph/$g - Starting...
12:27:40.167 [worker-akka.actor.default-dispatcher-10] INFO  a.a.LocalActorRef akka://worker/user/watcher/processing-watcher/graph/graph/$g - Attached rear to graph (-9223372036854775808, min@min)
12:27:40.171 [worker-akka.actor.default-dispatcher-10] INFO  a.a.LocalActorRef akka://worker/user/watcher/processing-watcher/graph/graph/$h - Starting...
12:27:40.178 [worker-akka.actor.default-dispatcher-10] INFO  a.a.LocalActorRef akka://worker/user/watcher/processing-watcher/graph/graph/$i - Starting...
12:27:40.179 [worker-akka.actor.default-dispatcher-10] INFO  a.a.LocalActorRef akka://worker/user/watcher/processing-watcher/graph/graph/$j - Starting...
12:27:40.182 [worker-akka.actor.default-dispatcher-10] INFO  a.a.LocalActorRef akka://worker/user/watcher/processing-watcher/graph/graph/$k - Starting...
12:27:40.192 [worker-akka.actor.default-dispatcher-10] INFO  a.a.LocalActorRef akka://worker/user/watcher/processing-watcher/graph/graph/$l - Starting...
12:27:40.193 [worker-akka.actor.default-dispatcher-9] INFO  a.a.LocalActorRef akka://worker/user/watcher/processing-watcher/graph/graph/$m - Starting...
12:27:40.195 [worker-akka.actor.default-dispatcher-10] INFO  a.a.LocalActorRef akka://worker/user/watcher/processing-watcher/graph/graph/$n - Starting...
12:27:40.201 [worker-akka.actor.default-dispatcher-9] INFO  a.a.LocalActorRef akka://worker/user/watcher/processing-watcher/graph/graph/$o - Starting...
12:27:40.208 [worker-akka.actor.default-dispatcher-9] INFO  a.a.LocalActorRef akka://worker/user/watcher/processing-watcher/graph/graph/$q - Starting...
12:27:40.208 [worker-akka.actor.default-dispatcher-9] INFO  a.a.LocalActorRef akka://worker/user/watcher/processing-watcher/graph/graph/$p - Starting...
12:27:40.208 [worker-akka.actor.default-dispatcher-9] INFO  a.a.LocalActorRef akka://worker/user/watcher/processing-watcher/graph/graph/$r - Starting...
12:27:40.211 [worker-akka.actor.default-dispatcher-9] INFO  a.a.LocalActorRef akka://worker/user/watcher/processing-watcher/graph/graph/$t - Starting...
12:27:40.211 [worker-akka.actor.default-dispatcher-9] INFO  a.a.LocalActorRef akka://worker/user/watcher/processing-watcher/graph/graph/$s - Starting...
12:27:40.211 [worker-akka.actor.default-dispatcher-9] INFO  a.a.LocalActorRef akka://worker/user/watcher/processing-watcher/graph/graph/$u - Starting...
12:27:40.211 [worker-akka.actor.default-dispatcher-9] INFO  a.a.LocalActorRef akka://worker/user/watcher/processing-watcher/graph/graph/$v - Starting...
12:27:40.216 [worker-akka.actor.default-dispatcher-9] INFO  a.a.LocalActorRef akka://worker/user/watcher/processing-watcher/graph/graph/$x - Starting...
12:27:40.217 [worker-akka.actor.default-dispatcher-9] INFO  a.a.LocalActorRef akka://worker/user/watcher/processing-watcher/graph/graph/$w - Starting...
12:27:40.223 [worker-akka.actor.default-dispatcher-9] INFO  a.a.LocalActorRef akka://worker/user/watcher/processing-watcher/graph/graph/$z - Starting...
12:27:40.223 [worker-akka.actor.default-dispatcher-9] INFO  a.a.LocalActorRef akka://worker/user/watcher/processing-watcher/graph/graph/$y - Starting...
12:27:40.223 [worker-akka.actor.default-dispatcher-9] INFO  a.a.LocalActorRef akka://worker/user/watcher/processing-watcher/graph/graph/$A - Starting...
12:27:40.223 [worker-akka.actor.default-dispatcher-9] INFO  a.a.LocalActorRef akka://worker/user/watcher/processing-watcher/graph/graph/$B - Starting...
12:27:40.223 [worker-akka.actor.default-dispatcher-9] INFO  a.a.LocalActorRef akka://worker/user/watcher/processing-watcher/graph/graph/$C - Starting...
12:27:40.223 [worker-akka.actor.default-dispatcher-9] INFO  a.a.LocalActorRef akka://worker/user/watcher/processing-watcher/graph/graph/$D - Starting...
12:27:40.227 [worker-akka.actor.default-dispatcher-10] INFO  a.a.LocalActorRef akka://worker/user/watcher/processing-watcher/graph/graph/$E - Starting...
12:27:40.230 [worker-akka.actor.default-dispatcher-10] INFO  a.a.LocalActorRef akka://worker/user/watcher/processing-watcher/graph/graph/$G - Starting...
12:27:40.230 [worker-akka.actor.default-dispatcher-10] INFO  a.a.LocalActorRef akka://worker/user/watcher/processing-watcher/graph/graph/$F - Starting...
12:27:40.236 [worker-akka.actor.default-dispatcher-10] INFO  a.a.LocalActorRef akka://worker/user/watcher/processing-watcher/graph/graph/$H - Starting...
2019-10-10T12:27:52.373+0000: 28.490: [GC (Allocation Failure) 2019-10-10T12:27:52.373+0000: 28.490: [DefNew: 409600K->30572K(460800K), 0.0717760 secs] 435547K->56520K(1484800K), 0.0718766 secs] [Times: user=0.04 sys=0.03, real=0.07 secs] 
2019-10-10T12:27:59.849+0000: 35.966: [GC (Allocation Failure) 2019-10-10T12:27:59.849+0000: 35.967: [DefNew: 440172K->82K(460800K), 0.0333420 secs] 466120K->54125K(1484800K), 0.0334425 secs] [Times: user=0.02 sys=0.01, real=0.04 secs] 
2019-10-10T12:28:05.444+0000: 41.562: [GC (Allocation Failure) 2019-10-10T12:28:05.444+0000: 41.562: [DefNew: 409682K->349K(460800K), 0.0034810 secs] 463725K->54392K(1484800K), 0.0035811 secs] [Times: user=0.01 sys=0.00, real=0.00 secs] 
2019-10-10T12:28:10.307+0000: 46.425: [GC (Allocation Failure) 2019-10-10T12:28:10.308+0000: 46.425: [DefNew: 409949K->199K(460800K), 0.0031307 secs] 463992K->54242K(1484800K), 0.0032201 secs] [Times: user=0.01 sys=0.00, real=0.00 secs] 
2019-10-10T12:28:15.193+0000: 51.310: [GC (Allocation Failure) 2019-10-10T12:28:15.193+0000: 51.310: [DefNew: 409799K->165K(460800K), 0.0030570 secs] 463842K->54208K(1484800K), 0.0031528 secs] [Times: user=0.01 sys=0.00, real=0.00 secs] 
2019-10-10T12:28:19.953+0000: 56.071: [GC (Allocation Failure) 2019-10-10T12:28:19.953+0000: 56.071: [DefNew: 409765K->104K(460800K), 0.0028749 secs] 463808K->54147K(1484800K), 0.0029731 secs] [Times: user=0.00 sys=0.00, real=0.00 secs] 
2019-10-10T12:28:25.785+0000: 61.904: [GC (Allocation Failure) 2019-10-10T12:28:25.787+0000: 61.904: [DefNew: 409704K->360K(460800K), 0.0037309 secs] 463747K->54403K(1484800K), 0.0052989 secs] [Times: user=0.00 sys=0.01, real=0.00 secs] 
2019-10-10T12:28:32.842+0000: 68.959: [GC (Allocation Failure) 2019-10-10T12:28:32.842+0000: 68.959: [DefNew: 409960K->467K(460800K), 0.0047943 secs] 464003K->54509K(1484800K), 0.0048933 secs] [Times: user=0.01 sys=0.00, real=0.00 secs] 
2019-10-10T12:28:38.448+0000: 74.565: [GC (Allocation Failure) 2019-10-10T12:28:38.448+0000: 74.565: [DefNew: 410067K->365K(460800K), 0.0036815 secs] 464109K->54408K(1484800K), 0.0037801 secs] [Times: user=0.00 sys=0.00, real=0.01 secs] 
2019-10-10T12:28:44.296+0000: 80.414: [GC (Allocation Failure) 2019-10-10T12:28:44.296+0000: 80.414: [DefNew: 409965K->301K(460800K), 0.0033229 secs] 464008K->54344K(1484800K), 0.0034163 secs] [Times: user=0.00 sys=0.00, real=0.01 secs] 
2019-10-10T12:28:50.283+0000: 86.400: [GC (Allocation Failure) 2019-10-10T12:28:50.283+0000: 86.400: [DefNew: 409901K->490K(460800K), 0.0038660 secs] 463944K->54533K(1484800K), 0.0039676 secs] [Times: user=0.01 sys=0.00, real=0.00 secs] 
2019-10-10T12:28:56.150+0000: 92.268: [GC (Allocation Failure) 2019-10-10T12:28:56.151+0000: 92.269: [DefNew: 410090K->289K(460800K), 0.0035710 secs] 464133K->54332K(1484800K), 0.0051753 secs] [Times: user=0.00 sys=0.00, real=0.01 secs] 
2019-10-10T12:29:02.512+0000: 98.629: [GC (Allocation Failure) 2019-10-10T12:29:02.512+0000: 98.629: [DefNew: 409889K->442K(460800K), 0.0037490 secs] 463932K->54485K(1484800K), 0.0038404 secs] [Times: user=0.00 sys=0.00, real=0.00 secs] 
2019-10-10T12:29:08.131+0000: 104.248: [GC (Allocation Failure) 2019-10-10T12:29:08.131+0000: 104.249: [DefNew: 410042K->399K(460800K), 0.0037510 secs] 464085K->54442K(1484800K), 0.0038566 secs] [Times: user=0.01 sys=0.00, real=0.01 secs] 
2019-10-10T12:29:13.722+0000: 109.839: [GC (Allocation Failure) 2019-10-10T12:29:13.722+0000: 109.839: [DefNew: 409999K->338K(460800K), 0.0035254 secs] 464042K->54381K(1484800K), 0.0036185 secs] [Times: user=0.00 sys=0.00, real=0.00 secs] 
2019-10-10T12:29:19.051+0000: 115.170: [GC (Allocation Failure) 2019-10-10T12:29:19.053+0000: 115.170: [DefNew: 409938K->299K(460800K), 0.0037808 secs] 463981K->54342K(1484800K), 0.0051579 secs] [Times: user=0.00 sys=0.01, real=0.01 secs] 
2019-10-10T12:29:24.547+0000: 120.664: [GC (Allocation Failure) 2019-10-10T12:29:24.547+0000: 120.664: [DefNew: 409899K->296K(460800K), 0.0034320 secs] 463942K->54370K(1484800K), 0.0035318 secs] [Times: user=0.01 sys=0.00, real=0.00 secs] 
2019-10-10T12:29:31.234+0000: 127.352: [GC (Allocation Failure) 2019-10-10T12:29:31.234+0000: 127.352: [DefNew: 409896K->414K(460800K), 0.0036659 secs] 463970K->54492K(1484800K), 0.0037591 secs] [Times: user=0.00 sys=0.00, real=0.00 secs] 
2019-10-10T12:29:37.108+0000: 133.227: [GC (Allocation Failure) 2019-10-10T12:29:37.110+0000: 133.227: [DefNew: 410014K->512K(460800K), 0.0039299 secs] 464092K->54591K(1484800K), 0.0052899 secs] [Times: user=0.01 sys=0.00, real=0.01 secs] 
2019-10-10T12:29:42.390+0000: 138.508: [GC (Allocation Failure) 2019-10-10T12:29:42.390+0000: 138.508: [DefNew: 410112K->335K(460800K), 0.0033482 secs] 464191K->54414K(1484800K), 0.0034432 secs] [Times: user=0.01 sys=0.00, real=0.01 secs] 
2019-10-10T12:29:47.681+0000: 143.800: [GC (Allocation Failure) 2019-10-10T12:29:47.682+0000: 143.800: [DefNew: 409935K->508K(460800K), 0.0039193 secs] 464014K->54587K(1484800K), 0.0054445 secs] [Times: user=0.00 sys=0.00, real=0.00 secs] 
2019-10-10T12:29:53.612+0000: 149.730: [GC (Allocation Failure) 2019-10-10T12:29:53.613+0000: 149.730: [DefNew: 410108K->489K(460800K), 0.0042249 secs] 464187K->54675K(1484800K), 0.0043166 secs] [Times: user=0.01 sys=0.00, real=0.00 secs] 
2019-10-10T12:29:59.010+0000: 155.127: [GC (Allocation Failure) 2019-10-10T12:29:59.010+0000: 155.128: [DefNew: 410089K->164K(460800K), 0.0033388 secs] 464275K->54413K(1484800K), 0.0034520 secs] [Times: user=0.01 sys=0.00, real=0.01 secs] 
2019-10-10T12:30:04.595+0000: 160.712: [GC (Allocation Failure) 2019-10-10T12:30:04.595+0000: 160.712: [DefNew: 409764K->311K(460800K), 0.0033597 secs] 464013K->54561K(1484800K), 0.0034731 secs] [Times: user=0.01 sys=0.00, real=0.00 secs] 
2019-10-10T12:30:10.107+0000: 166.225: [GC (Allocation Failure) 2019-10-10T12:30:10.108+0000: 166.225: [DefNew: 409911K->315K(460800K), 0.0035246 secs] 464161K->54565K(1484800K), 0.0049408 secs] [Times: user=0.00 sys=0.00, real=0.01 secs] 
2019-10-10T12:30:15.609+0000: 171.726: [GC (Allocation Failure) 2019-10-10T12:30:15.609+0000: 171.726: [DefNew: 409915K->245K(460800K), 0.0031164 secs] 464165K->54496K(1484800K), 0.0032138 secs] [Times: user=0.01 sys=0.00, real=0.01 secs] 
2019-10-10T12:30:21.168+0000: 177.286: [GC (Allocation Failure) 2019-10-10T12:30:21.169+0000: 177.286: [DefNew: 409845K->163K(460800K), 0.0031655 secs] 464096K->54415K(1484800K), 0.0046140 secs] [Times: user=0.00 sys=0.00, real=0.01 secs] 
2019-10-10T12:30:26.889+0000: 183.008: [GC (Allocation Failure) 2019-10-10T12:30:26.890+0000: 183.008: [DefNew: 409763K->218K(460800K), 0.0032353 secs] 464015K->54473K(1484800K), 0.0042752 secs] [Times: user=0.01 sys=0.00, real=0.01 secs] 
2019-10-10T12:30:32.319+0000: 188.436: [GC (Allocation Failure) 2019-10-10T12:30:32.319+0000: 188.436: [DefNew: 409818K->289K(460800K), 0.0032228 secs] 464073K->54544K(1484800K), 0.0033146 secs] [Times: user=0.01 sys=0.00, real=0.01 secs] 
2019-10-10T12:30:37.729+0000: 193.848: [GC (Allocation Failure) 2019-10-10T12:30:37.731+0000: 193.848: [DefNew: 409889K->257K(460800K), 0.0035965 secs] 464144K->54513K(1484800K), 0.0049819 secs] [Times: user=0.01 sys=0.00, real=0.01 secs] 
2019-10-10T12:30:43.364+0000: 199.482: [GC (Allocation Failure) 2019-10-10T12:30:43.364+0000: 199.482: [DefNew: 409857K->283K(460800K), 0.0033115 secs] 464113K->54539K(1484800K), 0.0034302 secs] [Times: user=0.00 sys=0.00, real=0.00 secs] 
2019-10-10T12:30:48.865+0000: 204.984: [GC (Allocation Failure) 2019-10-10T12:30:48.866+0000: 204.984: [DefNew: 409883K->274K(460800K), 0.0035840 secs] 464139K->54563K(1484800K), 0.0048774 secs] [Times: user=0.00 sys=0.00, real=0.00 secs] 
2019-10-10T12:30:54.453+0000: 210.570: [GC (Allocation Failure) 2019-10-10T12:30:54.453+0000: 210.570: [DefNew: 409874K->237K(460800K), 0.0033262 secs] 464163K->54569K(1484800K), 0.0034148 secs] [Times: user=0.00 sys=0.00, real=0.00 secs] 
2019-10-10T12:30:59.826+0000: 215.944: [GC (Allocation Failure) 2019-10-10T12:30:59.827+0000: 215.945: [DefNew: 409837K->205K(460800K), 0.0031599 secs] 464169K->54538K(1484800K), 0.0044057 secs] [Times: user=0.00 sys=0.00, real=0.00 secs] 
2019-10-10T12:31:05.280+0000: 221.398: [GC (Allocation Failure) 2019-10-10T12:31:05.281+0000: 221.399: [DefNew: 409805K->194K(460800K), 0.0032360 secs] 464138K->54527K(1484800K), 0.0046538 secs] [Times: user=0.01 sys=0.00, real=0.00 secs] 
2019-10-10T12:31:10.995+0000: 227.114: [GC (Allocation Failure) 2019-10-10T12:31:10.997+0000: 227.114: [DefNew: 409794K->162K(460800K), 0.0030829 secs] 464127K->54494K(1484800K), 0.0046697 secs] [Times: user=0.01 sys=0.00, real=0.01 secs] 
2019-10-10T12:31:16.719+0000: 232.836: [GC (Allocation Failure) 2019-10-10T12:31:16.719+0000: 232.836: [DefNew: 409762K->286K(460800K), 0.0027910 secs] 464094K->54618K(1484800K), 0.0028844 secs] [Times: user=0.00 sys=0.00, real=0.01 secs] 
2019-10-10T12:31:22.471+0000: 238.589: [GC (Allocation Failure) 2019-10-10T12:31:22.471+0000: 238.589: [DefNew: 409886K->282K(460800K), 0.0027903 secs] 464218K->54615K(1484800K), 0.0029156 secs] [Times: user=0.00 sys=0.00, real=0.01 secs] 
2019-10-10T12:31:28.170+0000: 244.289: [GC (Allocation Failure) 2019-10-10T12:31:28.171+0000: 244.289: [DefNew: 409882K->639K(460800K), 0.0042938 secs] 464215K->54972K(1484800K), 0.0061070 secs] [Times: user=0.00 sys=0.01, real=0.01 secs] 
2019-10-10T12:31:33.470+0000: 249.589: [GC (Allocation Failure) 2019-10-10T12:31:33.472+0000: 249.589: [DefNew: 410239K->315K(460800K), 0.0030473 secs] 464572K->54648K(1484800K), 0.0044527 secs] [Times: user=0.00 sys=0.00, real=0.01 secs] 
2019-10-10T12:31:39.139+0000: 255.257: [GC (Allocation Failure) 2019-10-10T12:31:39.140+0000: 255.257: [DefNew: 409915K->304K(460800K), 0.0032488 secs] 464248K->54637K(1484800K), 0.0046435 secs] [Times: user=0.00 sys=0.00, real=0.01 secs] 
2019-10-10T12:31:44.585+0000: 260.703: [GC (Allocation Failure) 2019-10-10T12:31:44.585+0000: 260.703: [DefNew: 409904K->369K(460800K), 0.0030821 secs] 464237K->54702K(1484800K), 0.0031725 secs] [Times: user=0.00 sys=0.00, real=0.00 secs] 
2019-10-10T12:31:50.107+0000: 266.226: [GC (Allocation Failure) 2019-10-10T12:31:50.109+0000: 266.226: [DefNew: 409969K->415K(460800K), 0.0039041 secs] 464302K->54803K(1484800K), 0.0056571 secs] [Times: user=0.00 sys=0.00, real=0.01 secs] 
2019-10-10T12:31:55.759+0000: 271.876: [GC (Allocation Failure) 2019-10-10T12:31:55.759+0000: 271.876: [DefNew: 410015K->235K(460800K), 0.0030736 secs] 464403K->54637K(1484800K), 0.0031534 secs] [Times: user=0.00 sys=0.00, real=0.01 secs] 
2019-10-10T12:32:00.991+0000: 277.108: [GC (Allocation Failure) 2019-10-10T12:32:00.991+0000: 277.108: [DefNew: 409835K->285K(460800K), 0.0029826 secs] 464237K->54688K(1484800K), 0.0030980 secs] [Times: user=0.01 sys=0.00, real=0.01 secs] 
2019-10-10T12:32:06.424+0000: 282.541: [GC (Allocation Failure) 2019-10-10T12:32:06.424+0000: 282.541: [DefNew: 409885K->235K(460800K), 0.0027974 secs] 464288K->54638K(1484800K), 0.0028985 secs] [Times: user=0.00 sys=0.01, real=0.00 secs] 
2019-10-10T12:32:11.842+0000: 287.961: [GC (Allocation Failure) 2019-10-10T12:32:11.843+0000: 287.961: [DefNew: 409835K->250K(460800K), 0.0030684 secs] 464238K->54653K(1484800K), 0.0043873 secs] [Times: user=0.00 sys=0.00, real=0.00 secs] 
2019-10-10T12:32:17.227+0000: 293.346: [GC (Allocation Failure) 2019-10-10T12:32:17.228+0000: 293.346: [DefNew: 409850K->235K(460800K), 0.0031173 secs] 464253K->54638K(1484800K), 0.0044764 secs] [Times: user=0.00 sys=0.00, real=0.01 secs] 
2019-10-10T12:32:23.431+0000: 299.549: [GC (Allocation Failure) 2019-10-10T12:32:23.431+0000: 299.549: [DefNew: 409835K->261K(460800K), 0.0028931 secs] 464238K->54664K(1484800K), 0.0030354 secs] [Times: user=0.00 sys=0.01, real=0.01 secs] 
2019-10-10T12:32:28.821+0000: 304.939: [GC (Allocation Failure) 2019-10-10T12:32:28.822+0000: 304.939: [DefNew: 409861K->254K(460800K), 0.0030128 secs] 464264K->54658K(1484800K), 0.0043409 secs] [Times: user=0.00 sys=0.00, real=0.00 secs] 
2019-10-10T12:32:34.157+0000: 310.276: [GC (Allocation Failure) 2019-10-10T12:32:34.159+0000: 310.276: [DefNew: 409854K->348K(460800K), 0.0034257 secs] 464258K->54752K(1484800K), 0.0051792 secs] [Times: user=0.00 sys=0.00, real=0.01 secs] 
2019-10-10T12:32:39.584+0000: 315.703: [GC (Allocation Failure) 2019-10-10T12:32:39.586+0000: 315.703: [DefNew: 409948K->155K(460800K), 0.0033294 secs] 464352K->54689K(1484800K), 0.0046625 secs] [Times: user=0.01 sys=0.00, real=0.00 secs] 
2019-10-10T12:32:44.923+0000: 321.042: [GC (Allocation Failure) 2019-10-10T12:32:44.924+0000: 321.042: [DefNew: 409755K->235K(460800K), 0.0031106 secs] 464289K->54769K(1484800K), 0.0043950 secs] [Times: user=0.00 sys=0.00, real=0.00 secs] 
2019-10-10T12:32:50.308+0000: 326.425: [GC (Allocation Failure) 2019-10-10T12:32:50.308+0000: 326.425: [DefNew: 409835K->160K(460800K), 0.0029781 secs] 464369K->54716K(1484800K), 0.0030740 secs] [Times: user=0.00 sys=0.00, real=0.00 secs] 
2019-10-10T12:32:55.644+0000: 331.763: [GC (Allocation Failure) 2019-10-10T12:32:55.646+0000: 331.763: [DefNew: 409760K->196K(460800K), 0.0032390 secs] 464316K->54752K(1484800K), 0.0046569 secs] [Times: user=0.00 sys=0.00, real=0.00 secs] 
2019-10-10T12:33:01.575+0000: 337.693: [GC (Allocation Failure) 2019-10-10T12:33:01.575+0000: 337.693: [DefNew: 409796K->256K(460800K), 0.0030740 secs] 464352K->54812K(1484800K), 0.0031768 secs] [Times: user=0.00 sys=0.00, real=0.00 secs] 
2019-10-10T12:33:06.946+0000: 343.065: [GC (Allocation Failure) 2019-10-10T12:33:06.947+0000: 343.065: [DefNew: 409856K->377K(460800K), 0.0037816 secs] 464412K->54933K(1484800K), 0.0055045 secs] [Times: user=0.00 sys=0.00, real=0.00 secs] 
2019-10-10T12:33:12.460+0000: 348.578: [GC (Allocation Failure) 2019-10-10T12:33:12.460+0000: 348.578: [DefNew: 409977K->263K(460800K), 0.0032015 secs] 464533K->54819K(1484800K), 0.0032971 secs] [Times: user=0.00 sys=0.00, real=0.00 secs] 
2019-10-10T12:33:17.836+0000: 353.954: [GC (Allocation Failure) 2019-10-10T12:33:17.836+0000: 353.954: [DefNew: 409863K->289K(460800K), 0.0033235 secs] 464419K->54845K(1484800K), 0.0034159 secs] [Times: user=0.01 sys=0.00, real=0.01 secs] 
2019-10-10T12:33:23.275+0000: 359.393: [GC (Allocation Failure) 2019-10-10T12:33:23.276+0000: 359.393: [DefNew: 409889K->340K(460800K), 0.0035298 secs] 464445K->54896K(1484800K), 0.0046929 secs] [Times: user=0.01 sys=0.00, real=0.00 secs] 
2019-10-10T12:33:29.152+0000: 365.271: [GC (Allocation Failure) 2019-10-10T12:33:29.154+0000: 365.271: [DefNew: 409940K->373K(460800K), 0.0040023 secs] 464496K->54929K(1484800K), 0.0055691 secs] [Times: user=0.00 sys=0.00, real=0.00 secs] 
2019-10-10T12:33:34.646+0000: 370.765: [GC (Allocation Failure) 2019-10-10T12:33:34.648+0000: 370.765: [DefNew: 409973K->168K(460800K), 0.0029559 secs] 464529K->54724K(1484800K), 0.0042952 secs] [Times: user=0.00 sys=0.00, real=0.00 secs] 
2019-10-10T12:33:39.984+0000: 376.102: [GC (Allocation Failure) 2019-10-10T12:33:39.985+0000: 376.102: [DefNew: 409768K->146K(460800K), 0.0029757 secs] 464324K->54702K(1484800K), 0.0042866 secs] [Times: user=0.00 sys=0.00, real=0.00 secs] 
2019-10-10T12:33:45.484+0000: 381.601: [GC (Allocation Failure) 2019-10-10T12:33:45.484+0000: 381.601: [DefNew: 409746K->171K(460800K), 0.0028200 secs] 464302K->54727K(1484800K), 0.0029240 secs] [Times: user=0.01 sys=0.00, real=0.00 secs] 
2019-10-10T12:33:50.844+0000: 386.963: [GC (Allocation Failure) 2019-10-10T12:33:50.845+0000: 386.963: [DefNew: 409771K->417K(460800K), 0.0038484 secs] 464327K->54993K(1484800K), 0.0049565 secs] [Times: user=0.01 sys=0.00, real=0.00 secs] 
2019-10-10T12:33:56.355+0000: 392.472: [GC (Allocation Failure) 2019-10-10T12:33:56.355+0000: 392.472: [DefNew: 410017K->197K(460800K), 0.0032848 secs] 464593K->54772K(1484800K), 0.0033750 secs] [Times: user=0.00 sys=0.00, real=0.00 secs] 
2019-10-10T12:34:01.657+0000: 397.775: [GC (Allocation Failure) 2019-10-10T12:34:01.658+0000: 397.775: [DefNew: 409797K->95K(460800K), 0.0029574 secs] 464372K->54702K(1484800K), 0.0042802 secs] [Times: user=0.00 sys=0.00, real=0.01 secs] 
2019-10-10T12:34:07.174+0000: 403.293: [GC (Allocation Failure) 2019-10-10T12:34:07.175+0000: 403.293: [DefNew: 409695K->95K(460800K), 0.0031827 secs] 464302K->54703K(1484800K), 0.0047125 secs] [Times: user=0.00 sys=0.00, real=0.00 secs] 
2019-10-10T12:34:12.342+0000: 408.461: [GC (Allocation Failure) 2019-10-10T12:34:12.344+0000: 408.461: [DefNew: 409695K->301K(460800K), 0.0033841 secs] 464303K->54909K(1484800K), 0.0048270 secs] [Times: user=0.00 sys=0.00, real=0.00 secs] 
2019-10-10T12:34:17.841+0000: 413.959: [GC (Allocation Failure) 2019-10-10T12:34:17.842+0000: 413.959: [DefNew: 409901K->120K(460800K), 0.0029654 secs] 464509K->54728K(1484800K), 0.0044124 secs] [Times: user=0.00 sys=0.00, real=0.00 secs] 
2019-10-10T12:34:22.982+0000: 419.101: [GC (Allocation Failure) 2019-10-10T12:34:22.984+0000: 419.101: [DefNew: 409720K->305K(460800K), 0.0035760 secs] 464328K->54913K(1484800K), 0.0047674 secs] [Times: user=0.01 sys=0.00, real=0.00 secs] 
2019-10-10T12:34:28.442+0000: 424.559: [GC (Allocation Failure) 2019-10-10T12:34:28.442+0000: 424.559: [DefNew: 409905K->222K(460800K), 0.0033267 secs] 464513K->54830K(1484800K), 0.0034352 secs] [Times: user=0.01 sys=0.00, real=0.00 secs] 
2019-10-10T12:34:34.005+0000: 430.123: [GC (Allocation Failure) 2019-10-10T12:34:34.006+0000: 430.123: [DefNew: 409822K->261K(460800K), 0.0035878 secs] 464430K->54869K(1484800K), 0.0049307 secs] [Times: user=0.01 sys=0.00, real=0.00 secs] 
2019-10-10T12:34:39.608+0000: 435.725: [GC (Allocation Failure) 2019-10-10T12:34:39.608+0000: 435.725: [DefNew: 409861K->204K(460800K), 0.0031303 secs] 464469K->54812K(1484800K), 0.0032251 secs] [Times: user=0.01 sys=0.01, real=0.00 secs] 
2019-10-10T12:34:45.070+0000: 441.189: [GC (Allocation Failure) 2019-10-10T12:34:45.071+0000: 441.189: [DefNew: 409804K->118K(460800K), 0.0031160 secs] 464412K->54727K(1484800K), 0.0047475 secs] [Times: user=0.01 sys=0.00, real=0.01 secs] 
2019-10-10T12:34:50.496+0000: 446.613: [GC (Allocation Failure) 2019-10-10T12:34:50.496+0000: 446.613: [DefNew: 409718K->237K(460800K), 0.0035473 secs] 464327K->54857K(1484800K), 0.0036766 secs] [Times: user=0.00 sys=0.00, real=0.01 secs] 
2019-10-10T12:34:55.890+0000: 452.009: [GC (Allocation Failure) 2019-10-10T12:34:55.892+0000: 452.009: [DefNew: 409837K->106K(460800K), 0.0029838 secs] 464457K->54726K(1484800K), 0.0045878 secs] [Times: user=0.01 sys=0.00, real=0.01 secs] 
2019-10-10T12:35:01.248+0000: 457.366: [GC (Allocation Failure) 2019-10-10T12:35:01.249+0000: 457.366: [DefNew: 409706K->370K(460800K), 0.0037261 secs] 464326K->54991K(1484800K), 0.0052437 secs] [Times: user=0.00 sys=0.00, real=0.01 secs] 
12:35:05.403 [worker-akka.actor.default-dispatcher-9] INFO  a.r.a.Association(akka://worker) akka.remote.artery.Association(akka://worker) - Stopping idle outbound stream [2] to [akka://worker@flamestream-benchmarks-worker-0:5412]
2019-10-10T12:35:07.524+0000: 463.641: [GC (Allocation Failure) 2019-10-10T12:35:07.524+0000: 463.641: [DefNew: 409970K->399K(460800K), 0.0117601 secs] 464591K->55019K(1484800K), 0.0118605 secs] [Times: user=0.01 sys=0.00, real=0.01 secs] 
2019-10-10T12:35:13.165+0000: 469.284: [GC (Allocation Failure) 2019-10-10T12:35:13.166+0000: 469.284: [DefNew: 409999K->172K(460800K), 0.0034024 secs] 464619K->54792K(1484800K), 0.0047630 secs] [Times: user=0.00 sys=0.00, real=0.00 secs] 
2019-10-10T12:35:18.595+0000: 474.714: [GC (Allocation Failure) 2019-10-10T12:35:18.596+0000: 474.714: [DefNew: 409772K->405K(460800K), 0.0039346 secs] 464392K->55025K(1484800K), 0.0053796 secs] [Times: user=0.00 sys=0.00, real=0.01 secs] 
2019-10-10T12:35:24.111+0000: 480.228: [GC (Allocation Failure) 2019-10-10T12:35:24.111+0000: 480.228: [DefNew: 410005K->167K(460800K), 0.0030050 secs] 464625K->54788K(1484800K), 0.0031097 secs] [Times: user=0.00 sys=0.00, real=0.01 secs] 
2019-10-10T12:35:29.669+0000: 485.786: [GC (Allocation Failure) 2019-10-10T12:35:29.669+0000: 485.786: [DefNew: 409767K->386K(460800K), 0.0038143 secs] 464388K->55007K(1484800K), 0.0039115 secs] [Times: user=0.00 sys=0.00, real=0.01 secs] 
2019-10-10T12:35:34.948+0000: 491.066: [GC (Allocation Failure) 2019-10-10T12:35:34.949+0000: 491.066: [DefNew: 409986K->215K(460800K), 0.0034641 secs] 464607K->54836K(1484800K), 0.0046759 secs] [Times: user=0.00 sys=0.00, real=0.01 secs] 
2019-10-10T12:35:40.287+0000: 496.404: [GC (Allocation Failure) 2019-10-10T12:35:40.287+0000: 496.404: [DefNew: 409815K->177K(460800K), 0.0030419 secs] 464436K->54798K(1484800K), 0.0031350 secs] [Times: user=0.00 sys=0.00, real=0.00 secs] 
2019-10-10T12:35:45.794+0000: 501.913: [GC (Allocation Failure) 2019-10-10T12:35:45.795+0000: 501.913: [DefNew: 409777K->175K(460800K), 0.0033534 secs] 464398K->54796K(1484800K), 0.0048237 secs] [Times: user=0.01 sys=0.00, real=0.00 secs] 
2019-10-10T12:35:51.498+0000: 507.615: [GC (Allocation Failure) 2019-10-10T12:35:51.498+0000: 507.615: [DefNew: 409775K->155K(460800K), 0.0031751 secs] 464396K->54795K(1484800K), 0.0032756 secs] [Times: user=0.01 sys=0.00, real=0.01 secs] 
2019-10-10T12:35:56.987+0000: 513.104: [GC (Allocation Failure) 2019-10-10T12:35:56.987+0000: 513.104: [DefNew: 409755K->222K(460800K), 0.0032765 secs] 464395K->54862K(1484800K), 0.0033876 secs] [Times: user=0.00 sys=0.00, real=0.00 secs] 
2019-10-10T12:36:02.545+0000: 518.662: [GC (Allocation Failure) 2019-10-10T12:36:02.545+0000: 518.662: [DefNew: 409822K->156K(460800K), 0.0031227 secs] 464462K->54796K(1484800K), 0.0032305 secs] [Times: user=0.00 sys=0.00, real=0.00 secs] 
2019-10-10T12:36:07.990+0000: 524.109: [GC (Allocation Failure) 2019-10-10T12:36:07.991+0000: 524.109: [DefNew: 409756K->215K(460800K), 0.0035162 secs] 464396K->54855K(1484800K), 0.0047755 secs] [Times: user=0.00 sys=0.00, real=0.01 secs] 
2019-10-10T12:36:13.305+0000: 529.422: [GC (Allocation Failure) 2019-10-10T12:36:13.305+0000: 529.422: [DefNew: 409815K->155K(460800K), 0.0030110 secs] 464455K->54796K(1484800K), 0.0031089 secs] [Times: user=0.00 sys=0.00, real=0.00 secs] 
2019-10-10T12:36:18.607+0000: 534.726: [GC (Allocation Failure) 2019-10-10T12:36:18.608+0000: 534.726: [DefNew: 409755K->157K(460800K), 0.0034982 secs] 464396K->54798K(1484800K), 0.0050423 secs] [Times: user=0.00 sys=0.00, real=0.01 secs] 
2019-10-10T12:36:23.924+0000: 540.041: [GC (Allocation Failure) 2019-10-10T12:36:23.924+0000: 540.041: [DefNew: 409757K->201K(460800K), 0.0031514 secs] 464398K->54841K(1484800K), 0.0032457 secs] [Times: user=0.00 sys=0.00, real=0.00 secs] 
2019-10-10T12:36:29.407+0000: 545.524: [GC (Allocation Failure) 2019-10-10T12:36:29.407+0000: 545.525: [DefNew: 409801K->135K(460800K), 0.0033501 secs] 464441K->54822K(1484800K), 0.0034595 secs] [Times: user=0.00 sys=0.00, real=0.00 secs] 
2019-10-10T12:36:35.046+0000: 551.166: [GC (Allocation Failure) 2019-10-10T12:36:35.048+0000: 551.166: [DefNew: 409735K->107K(460800K), 0.0035129 secs] 464422K->54804K(1484800K), 0.0054027 secs] [Times: user=0.00 sys=0.00, real=0.01 secs] 
2019-10-10T12:36:40.372+0000: 556.490: [GC (Allocation Failure) 2019-10-10T12:36:40.372+0000: 556.490: [DefNew: 409707K->108K(460800K), 0.0027939 secs] 464404K->54806K(1484800K), 0.0028904 secs] [Times: user=0.00 sys=0.00, real=0.00 secs] 
2019-10-10T12:36:45.755+0000: 561.874: [GC (Allocation Failure) 2019-10-10T12:36:45.756+0000: 561.874: [DefNew: 409708K->107K(460800K), 0.0027565 secs] 464406K->54804K(1484800K), 0.0042382 secs] [Times: user=0.00 sys=0.00, real=0.00 secs] 
2019-10-10T12:36:51.267+0000: 567.384: [GC (Allocation Failure) 2019-10-10T12:36:51.267+0000: 567.384: [DefNew: 409707K->91K(460800K), 0.0028867 secs] 464404K->54805K(1484800K), 0.0029816 secs] [Times: user=0.01 sys=0.00, real=0.00 secs] 
2019-10-10T12:36:56.740+0000: 572.857: [GC (Allocation Failure) 2019-10-10T12:36:56.740+0000: 572.857: [DefNew: 409691K->90K(460800K), 0.0027418 secs] 464405K->54804K(1484800K), 0.0028321 secs] [Times: user=0.00 sys=0.00, real=0.00 secs] 
2019-10-10T12:37:01.982+0000: 578.101: [GC (Allocation Failure) 2019-10-10T12:37:01.984+0000: 578.101: [DefNew: 409690K->231K(460800K), 0.0037010 secs] 464404K->54945K(1484800K), 0.0051557 secs] [Times: user=0.00 sys=0.01, real=0.00 secs] 
2019-10-10T12:37:07.190+0000: 583.309: [GC (Allocation Failure) 2019-10-10T12:37:07.192+0000: 583.309: [DefNew: 409831K->92K(460800K), 0.0028782 secs] 464545K->54806K(1484800K), 0.0042793 secs] [Times: user=0.00 sys=0.01, real=0.01 secs] 
2019-10-10T12:37:12.465+0000: 588.584: [GC (Allocation Failure) 2019-10-10T12:37:12.466+0000: 588.584: [DefNew: 409692K->342K(460800K), 0.0036516 secs] 464406K->55056K(1484800K), 0.0051653 secs] [Times: user=0.01 sys=0.00, real=0.00 secs] 
2019-10-10T12:37:17.719+0000: 593.838: [GC (Allocation Failure) 2019-10-10T12:37:17.720+0000: 593.838: [DefNew: 409942K->130K(460800K), 0.0032686 secs] 464656K->54844K(1484800K), 0.0046086 secs] [Times: user=0.00 sys=0.00, real=0.01 secs] 
2019-10-10T12:37:23.032+0000: 599.151: [GC (Allocation Failure) 2019-10-10T12:37:23.034+0000: 599.152: [DefNew: 409730K->210K(460800K), 0.0035429 secs] 464444K->54924K(1484800K), 0.0051786 secs] [Times: user=0.00 sys=0.00, real=0.00 secs] 
2019-10-10T12:37:28.709+0000: 604.827: [GC (Allocation Failure) 2019-10-10T12:37:28.709+0000: 604.827: [DefNew: 409810K->213K(460800K), 0.0031835 secs] 464524K->54927K(1484800K), 0.0032849 secs] [Times: user=0.00 sys=0.00, real=0.01 secs] 
2019-10-10T12:37:34.018+0000: 610.137: [GC (Allocation Failure) 2019-10-10T12:37:34.019+0000: 610.137: [DefNew: 409813K->280K(460800K), 0.0033903 secs] 464527K->54994K(1484800K), 0.0049556 secs] [Times: user=0.00 sys=0.00, real=0.01 secs] 
2019-10-10T12:37:39.438+0000: 615.556: [GC (Allocation Failure) 2019-10-10T12:37:39.439+0000: 615.556: [DefNew: 409880K->239K(460800K), 0.0032213 secs] 464594K->54953K(1484800K), 0.0033178 secs] [Times: user=0.00 sys=0.00, real=0.01 secs] 
2019-10-10T12:37:44.818+0000: 620.936: [GC (Allocation Failure) 2019-10-10T12:37:44.818+0000: 620.936: [DefNew: 409839K->100K(460800K), 0.0028311 secs] 464553K->54814K(1484800K), 0.0029236 secs] [Times: user=0.01 sys=0.00, real=0.01 secs] 
2019-10-10T12:37:50.288+0000: 626.407: [GC (Allocation Failure) 2019-10-10T12:37:50.290+0000: 626.407: [DefNew: 409700K->255K(460800K), 0.0034037 secs] 464414K->54978K(1484800K), 0.0052571 secs] [Times: user=0.00 sys=0.00, real=0.01 secs] 
2019-10-10T12:37:55.665+0000: 631.782: [GC (Allocation Failure) 2019-10-10T12:37:55.665+0000: 631.782: [DefNew: 409855K->92K(460800K), 0.0027922 secs] 464578K->54814K(1484800K), 0.0028927 secs] [Times: user=0.01 sys=0.00, real=0.00 secs] 
2019-10-10T12:38:01.087+0000: 637.205: [GC (Allocation Failure) 2019-10-10T12:38:01.088+0000: 637.205: [DefNew: 409692K->93K(460800K), 0.0029132 secs] 464414K->54816K(1484800K), 0.0042799 secs] [Times: user=0.00 sys=0.00, real=0.00 secs] 
2019-10-10T12:38:06.296+0000: 642.414: [GC (Allocation Failure) 2019-10-10T12:38:06.297+0000: 642.414: [DefNew: 409693K->264K(460800K), 0.0033090 secs] 464416K->54987K(1484800K), 0.0034012 secs] [Times: user=0.01 sys=0.00, real=0.01 secs] 
2019-10-10T12:38:11.618+0000: 647.737: [GC (Allocation Failure) 2019-10-10T12:38:11.620+0000: 647.737: [DefNew: 409864K->93K(460800K), 0.0029491 secs] 464587K->54815K(1484800K), 0.0044320 secs] [Times: user=0.00 sys=0.00, real=0.01 secs] 
2019-10-10T12:38:17.033+0000: 653.151: [GC (Allocation Failure) 2019-10-10T12:38:17.034+0000: 653.151: [DefNew: 409693K->371K(460800K), 0.0038078 secs] 464415K->55094K(1484800K), 0.0051713 secs] [Times: user=0.01 sys=0.00, real=0.00 secs] 
2019-10-10T12:38:22.337+0000: 658.455: [GC (Allocation Failure) 2019-10-10T12:38:22.337+0000: 658.455: [DefNew: 409971K->174K(460800K), 0.0028557 secs] 464694K->54897K(1484800K), 0.0029499 secs] [Times: user=0.01 sys=0.00, real=0.01 secs] 
2019-10-10T12:38:27.876+0000: 663.995: [GC (Allocation Failure) 2019-10-10T12:38:27.878+0000: 663.995: [DefNew: 409774K->265K(460800K), 0.0036142 secs] 464497K->54988K(1484800K), 0.0049570 secs] [Times: user=0.01 sys=0.00, real=0.01 secs] 
2019-10-10T12:38:33.414+0000: 669.532: [GC (Allocation Failure) 2019-10-10T12:38:33.414+0000: 669.532: [DefNew: 409865K->188K(460800K), 0.0031770 secs] 464588K->54911K(1484800K), 0.0033209 secs] [Times: user=0.00 sys=0.00, real=0.00 secs] 
2019-10-10T12:38:38.828+0000: 674.947: [GC (Allocation Failure) 2019-10-10T12:38:38.830+0000: 674.947: [DefNew: 409788K->285K(460800K), 0.0035027 secs] 464511K->55007K(1484800K), 0.0048486 secs] [Times: user=0.01 sys=0.00, real=0.01 secs] 
2019-10-10T12:38:44.134+0000: 680.252: [GC (Allocation Failure) 2019-10-10T12:38:44.135+0000: 680.252: [DefNew: 409885K->103K(460800K), 0.0029675 secs] 464607K->54826K(1484800K), 0.0042502 secs] [Times: user=0.00 sys=0.00, real=0.00 secs] 
2019-10-10T12:38:49.669+0000: 685.786: [GC (Allocation Failure) 2019-10-10T12:38:49.669+0000: 685.786: [DefNew: 409703K->178K(460800K), 0.0032061 secs] 464426K->54910K(1484800K), 0.0033220 secs] [Times: user=0.01 sys=0.00, real=0.01 secs] 
2019-10-10T12:38:55.186+0000: 691.306: [GC (Allocation Failure) 2019-10-10T12:38:55.188+0000: 691.306: [DefNew: 409778K->216K(460800K), 0.0036626 secs] 464510K->54948K(1484800K), 0.0054649 secs] [Times: user=0.00 sys=0.00, real=0.01 secs] 
2019-10-10T12:39:00.428+0000: 696.546: [GC (Allocation Failure) 2019-10-10T12:39:00.429+0000: 696.547: [DefNew: 409816K->93K(460800K), 0.0029993 secs] 464548K->54825K(1484800K), 0.0043271 secs] [Times: user=0.01 sys=0.00, real=0.01 secs] 
2019-10-10T12:39:05.849+0000: 701.968: [GC (Allocation Failure) 2019-10-10T12:39:05.850+0000: 701.968: [DefNew: 409693K->93K(460800K), 0.0029715 secs] 464425K->54826K(1484800K), 0.0041799 secs] [Times: user=0.00 sys=0.00, real=0.01 secs] 
2019-10-10T12:39:11.193+0000: 707.312: [GC (Allocation Failure) 2019-10-10T12:39:11.194+0000: 707.312: [DefNew: 409693K->275K(460800K), 0.0033252 secs] 464426K->55008K(1484800K), 0.0047598 secs] [Times: user=0.01 sys=0.00, real=0.00 secs] 
2019-10-10T12:39:16.472+0000: 712.590: [GC (Allocation Failure) 2019-10-10T12:39:16.473+0000: 712.590: [DefNew: 409875K->167K(460800K), 0.0031800 secs] 464608K->54899K(1484800K), 0.0046444 secs] [Times: user=0.00 sys=0.00, real=0.00 secs] 
2019-10-10T12:39:21.825+0000: 717.943: [GC (Allocation Failure) 2019-10-10T12:39:21.826+0000: 717.943: [DefNew: 409767K->367K(460800K), 0.0037121 secs] 464499K->55099K(1484800K), 0.0049809 secs] [Times: user=0.00 sys=0.00, real=0.00 secs] 
2019-10-10T12:39:27.278+0000: 723.395: [GC (Allocation Failure) 2019-10-10T12:39:27.278+0000: 723.395: [DefNew: 409967K->98K(460800K), 0.0029554 secs] 464699K->54830K(1484800K), 0.0030476 secs] [Times: user=0.00 sys=0.00, real=0.01 secs] 
2019-10-10T12:39:32.709+0000: 728.827: [GC (Allocation Failure) 2019-10-10T12:39:32.710+0000: 728.828: [DefNew: 409698K->132K(460800K), 0.0031145 secs] 464430K->54865K(1484800K), 0.0043218 secs] [Times: user=0.00 sys=0.00, real=0.01 secs] 
2019-10-10T12:39:37.979+0000: 734.098: [GC (Allocation Failure) 2019-10-10T12:39:37.980+0000: 734.098: [DefNew: 409732K->137K(460800K), 0.0032004 secs] 464465K->54870K(1484800K), 0.0046285 secs] [Times: user=0.00 sys=0.00, real=0.01 secs] 
2019-10-10T12:39:43.266+0000: 739.384: [GC (Allocation Failure) 2019-10-10T12:39:43.266+0000: 739.384: [DefNew: 409737K->103K(460800K), 0.0029766 secs] 464470K->54836K(1484800K), 0.0030704 secs] [Times: user=0.00 sys=0.00, real=0.00 secs] 
2019-10-10T12:39:48.713+0000: 744.832: [GC (Allocation Failure) 2019-10-10T12:39:48.715+0000: 744.832: [DefNew: 409703K->168K(460800K), 0.0032441 secs] 464436K->54911K(1484800K), 0.0045282 secs] [Times: user=0.00 sys=0.00, real=0.00 secs] 
2019-10-10T12:39:54.042+0000: 750.161: [GC (Allocation Failure) 2019-10-10T12:39:54.044+0000: 750.161: [DefNew: 409768K->133K(460800K), 0.0030677 secs] 464511K->54876K(1484800K), 0.0046813 secs] [Times: user=0.00 sys=0.00, real=0.00 secs] 
2019-10-10T12:39:59.374+0000: 755.492: [GC (Allocation Failure) 2019-10-10T12:39:59.374+0000: 755.492: [DefNew: 409733K->128K(460800K), 0.0030491 secs] 464476K->54871K(1484800K), 0.0031414 secs] [Times: user=0.00 sys=0.00, real=0.00 secs] 
2019-10-10T12:40:04.788+0000: 760.905: [GC (Allocation Failure) 2019-10-10T12:40:04.788+0000: 760.905: [DefNew: 409728K->246K(460800K), 0.0032253 secs] 464471K->54989K(1484800K), 0.0033182 secs] [Times: user=0.01 sys=0.00, real=0.00 secs] 
2019-10-10T12:40:10.156+0000: 766.274: [GC (Allocation Failure) 2019-10-10T12:40:10.157+0000: 766.274: [DefNew: 409846K->232K(460800K), 0.0033954 secs] 464589K->54975K(1484800K), 0.0046693 secs] [Times: user=0.00 sys=0.00, real=0.01 secs] 
2019-10-10T12:40:15.586+0000: 771.704: [GC (Allocation Failure) 2019-10-10T12:40:15.587+0000: 771.704: [DefNew: 409832K->88K(460800K), 0.0028463 secs] 464575K->54831K(1484800K), 0.0039306 secs] [Times: user=0.00 sys=0.00, real=0.00 secs] 
2019-10-10T12:40:20.879+0000: 776.998: [GC (Allocation Failure) 2019-10-10T12:40:20.881+0000: 776.998: [DefNew: 409688K->288K(460800K), 0.0034204 secs] 464431K->55030K(1484800K), 0.0048532 secs] [Times: user=0.00 sys=0.00, real=0.00 secs] 
2019-10-10T12:40:26.381+0000: 782.498: [GC (Allocation Failure) 2019-10-10T12:40:26.381+0000: 782.498: [DefNew: 409888K->233K(460800K), 0.0031437 secs] 464630K->54976K(1484800K), 0.0032373 secs] [Times: user=0.00 sys=0.00, real=0.00 secs] 
2019-10-10T12:40:31.868+0000: 787.985: [GC (Allocation Failure) 2019-10-10T12:40:31.868+0000: 787.985: [DefNew: 409833K->185K(460800K), 0.0030933 secs] 464576K->54928K(1484800K), 0.0031818 secs] [Times: user=0.00 sys=0.00, real=0.00 secs] 
2019-10-10T12:40:37.210+0000: 793.329: [GC (Allocation Failure) 2019-10-10T12:40:37.211+0000: 793.329: [DefNew: 409785K->271K(460800K), 0.0034664 secs] 464528K->55014K(1484800K), 0.0048861 secs] [Times: user=0.00 sys=0.01, real=0.01 secs] 
2019-10-10T12:40:42.518+0000: 798.636: [GC (Allocation Failure) 2019-10-10T12:40:42.519+0000: 798.637: [DefNew: 409871K->235K(460800K), 0.0034563 secs] 464614K->54978K(1484800K), 0.0047831 secs] [Times: user=0.01 sys=0.00, real=0.01 secs] 
2019-10-10T12:40:47.949+0000: 804.069: [GC (Allocation Failure) 2019-10-10T12:40:47.951+0000: 804.069: [DefNew: 409835K->362K(460800K), 0.0038805 secs] 464578K->55111K(1484800K), 0.0056760 secs] [Times: user=0.00 sys=0.00, real=0.01 secs] 
2019-10-10T12:40:53.165+0000: 809.284: [GC (Allocation Failure) 2019-10-10T12:40:53.166+0000: 809.284: [DefNew: 409962K->248K(460800K), 0.0033369 secs] 464711K->54997K(1484800K), 0.0048300 secs] [Times: user=0.01 sys=0.00, real=0.00 secs] 
2019-10-10T12:40:58.475+0000: 814.593: [GC (Allocation Failure) 2019-10-10T12:40:58.475+0000: 814.593: [DefNew: 409848K->198K(460800K), 0.0031211 secs] 464597K->54947K(1484800K), 0.0032115 secs] [Times: user=0.00 sys=0.00, real=0.00 secs] 
2019-10-10T12:41:03.750+0000: 819.868: [GC (Allocation Failure) 2019-10-10T12:41:03.750+0000: 819.868: [DefNew: 409798K->219K(460800K), 0.0031122 secs] 464547K->54968K(1484800K), 0.0032111 secs] [Times: user=0.00 sys=0.00, real=0.01 secs] 
2019-10-10T12:41:09.115+0000: 825.234: [GC (Allocation Failure) 2019-10-10T12:41:09.116+0000: 825.234: [DefNew: 409819K->122K(460800K), 0.0029959 secs] 464568K->54871K(1484800K), 0.0044075 secs] [Times: user=0.00 sys=0.00, real=0.01 secs] 
2019-10-10T12:41:14.263+0000: 830.381: [GC (Allocation Failure) 2019-10-10T12:41:14.264+0000: 830.382: [DefNew: 409722K->134K(460800K), 0.0030934 secs] 464471K->54883K(1484800K), 0.0047377 secs] [Times: user=0.00 sys=0.00, real=0.00 secs] 
2019-10-10T12:41:19.571+0000: 835.690: [GC (Allocation Failure) 2019-10-10T12:41:19.572+0000: 835.690: [DefNew: 409734K->89K(460800K), 0.0029184 secs] 464483K->54838K(1484800K), 0.0045057 secs] [Times: user=0.00 sys=0.00, real=0.01 secs] 
2019-10-10T12:41:25.115+0000: 841.233: [GC (Allocation Failure) 2019-10-10T12:41:25.116+0000: 841.233: [DefNew: 409689K->90K(460800K), 0.0028428 secs] 464438K->54839K(1484800K), 0.0041338 secs] [Times: user=0.00 sys=0.00, real=0.00 secs] 
2019-10-10T12:41:30.523+0000: 846.640: [GC (Allocation Failure) 2019-10-10T12:41:30.523+0000: 846.640: [DefNew: 409690K->110K(460800K), 0.0028683 secs] 464439K->54859K(1484800K), 0.0029531 secs] [Times: user=0.00 sys=0.00, real=0.00 secs] 
2019-10-10T12:41:35.826+0000: 851.945: [GC (Allocation Failure) 2019-10-10T12:41:35.827+0000: 851.945: [DefNew: 409710K->166K(460800K), 0.0029990 secs] 464459K->54916K(1484800K), 0.0040857 secs] [Times: user=0.00 sys=0.01, real=0.00 secs] 
2019-10-10T12:41:41.125+0000: 857.243: [GC (Allocation Failure) 2019-10-10T12:41:41.126+0000: 857.243: [DefNew: 409766K->215K(460800K), 0.0031680 secs] 464516K->54964K(1484800K), 0.0043633 secs] [Times: user=0.00 sys=0.00, real=0.00 secs] 
2019-10-10T12:41:46.735+0000: 862.852: [GC (Allocation Failure) 2019-10-10T12:41:46.735+0000: 862.853: [DefNew: 409815K->431K(460800K), 0.0043082 secs] 464564K->55181K(1484800K), 0.0044075 secs] [Times: user=0.00 sys=0.00, real=0.01 secs] 
2019-10-10T12:41:51.988+0000: 868.107: [GC (Allocation Failure) 2019-10-10T12:41:51.989+0000: 868.107: [DefNew: 410031K->91K(460800K), 0.0031111 secs] 464781K->54847K(1484800K), 0.0045086 secs] [Times: user=0.00 sys=0.00, real=0.01 secs] 
2019-10-10T12:41:57.513+0000: 873.630: [GC (Allocation Failure) 2019-10-10T12:41:57.513+0000: 873.630: [DefNew: 409691K->89K(460800K), 0.0028654 secs] 464447K->54845K(1484800K), 0.0029635 secs] [Times: user=0.01 sys=0.00, real=0.00 secs] 
2019-10-10T12:42:03.048+0000: 879.165: [GC (Allocation Failure) 2019-10-10T12:42:03.048+0000: 879.165: [DefNew: 409689K->377K(460800K), 0.0039909 secs] 464445K->55134K(1484800K), 0.0043885 secs] [Times: user=0.00 sys=0.00, real=0.01 secs] 
2019-10-10T12:42:08.354+0000: 884.471: [GC (Allocation Failure) 2019-10-10T12:42:08.354+0000: 884.471: [DefNew: 409977K->303K(460800K), 0.0033793 secs] 464734K->55059K(1484800K), 0.0034710 secs] [Times: user=0.00 sys=0.00, real=0.00 secs] 
2019-10-10T12:42:13.757+0000: 889.876: [GC (Allocation Failure) 2019-10-10T12:42:13.759+0000: 889.876: [DefNew: 409903K->91K(460800K), 0.0030523 secs] 464659K->54847K(1484800K), 0.0046108 secs] [Times: user=0.00 sys=0.00, real=0.01 secs] 
2019-10-10T12:42:19.096+0000: 895.215: [GC (Allocation Failure) 2019-10-10T12:42:19.098+0000: 895.215: [DefNew: 409691K->324K(460800K), 0.0036203 secs] 464447K->55080K(1484800K), 0.0050458 secs] [Times: user=0.01 sys=0.00, real=0.01 secs] 
2019-10-10T12:42:24.447+0000: 900.564: [GC (Allocation Failure) 2019-10-10T12:42:24.447+0000: 900.564: [DefNew: 409924K->90K(460800K), 0.0029772 secs] 464680K->54846K(1484800K), 0.0030728 secs] [Times: user=0.01 sys=0.00, real=0.00 secs] 
2019-10-10T12:42:29.848+0000: 905.967: [GC (Allocation Failure) 2019-10-10T12:42:29.850+0000: 905.967: [DefNew: 409690K->96K(460800K), 0.0033866 secs] 464446K->54852K(1484800K), 0.0049653 secs] [Times: user=0.00 sys=0.00, real=0.01 secs] 
2019-10-10T12:42:35.048+0000: 911.167: [GC (Allocation Failure) 2019-10-10T12:42:35.049+0000: 911.167: [DefNew: 409696K->130K(460800K), 0.0032058 secs] 464452K->54887K(1484800K), 0.0046008 secs] [Times: user=0.00 sys=0.00, real=0.01 secs] 
2019-10-10T12:42:40.412+0000: 916.530: [GC (Allocation Failure) 2019-10-10T12:42:40.412+0000: 916.530: [DefNew: 409730K->214K(460800K), 0.0031367 secs] 464487K->54970K(1484800K), 0.0032294 secs] [Times: user=0.00 sys=0.00, real=0.00 secs] 
2019-10-10T12:42:45.732+0000: 921.850: [GC (Allocation Failure) 2019-10-10T12:42:45.733+0000: 921.850: [DefNew: 409814K->250K(460800K), 0.0034430 secs] 464570K->55007K(1484800K), 0.0047067 secs] [Times: user=0.01 sys=0.00, real=0.00 secs] 
2019-10-10T12:42:50.981+0000: 927.100: [GC (Allocation Failure) 2019-10-10T12:42:50.983+0000: 927.100: [DefNew: 409850K->115K(460800K), 0.0030462 secs] 464607K->54878K(1484800K), 0.0048182 secs] [Times: user=0.01 sys=0.00, real=0.00 secs] 
2019-10-10T12:42:56.441+0000: 932.559: [GC (Allocation Failure) 2019-10-10T12:42:56.441+0000: 932.559: [DefNew: 409715K->384K(460800K), 0.0035200 secs] 464478K->55147K(1484800K), 0.0036183 secs] [Times: user=0.00 sys=0.00, real=0.00 secs] 
2019-10-10T12:43:01.927+0000: 938.045: [GC (Allocation Failure) 2019-10-10T12:43:01.928+0000: 938.045: [DefNew: 409984K->200K(460800K), 0.0033399 secs] 464747K->54963K(1484800K), 0.0034270 secs] [Times: user=0.01 sys=0.00, real=0.00 secs] 
2019-10-10T12:43:07.324+0000: 943.441: [GC (Allocation Failure) 2019-10-10T12:43:07.324+0000: 943.441: [DefNew: 409800K->152K(460800K), 0.0028861 secs] 464563K->54915K(1484800K), 0.0029781 secs] [Times: user=0.00 sys=0.00, real=0.00 secs] 
2019-10-10T12:43:12.673+0000: 948.791: [GC (Allocation Failure) 2019-10-10T12:43:12.674+0000: 948.791: [DefNew: 409752K->88K(460800K), 0.0029467 secs] 464515K->54851K(1484800K), 0.0043531 secs] [Times: user=0.00 sys=0.00, real=0.00 secs] 
2019-10-10T12:43:17.998+0000: 954.117: [GC (Allocation Failure) 2019-10-10T12:43:17.999+0000: 954.117: [DefNew: 409688K->119K(460800K), 0.0031835 secs] 464451K->54882K(1484800K), 0.0047470 secs] [Times: user=0.00 sys=0.00, real=0.01 secs] 
2019-10-10T12:43:23.409+0000: 959.526: [GC (Allocation Failure) 2019-10-10T12:43:23.409+0000: 959.526: [DefNew: 409719K->371K(460800K), 0.0034255 secs] 464482K->55134K(1484800K), 0.0035256 secs] [Times: user=0.00 sys=0.00, real=0.01 secs] 
2019-10-10T12:43:29.004+0000: 965.122: [GC (Allocation Failure) 2019-10-10T12:43:29.005+0000: 965.123: [DefNew: 409971K->130K(460800K), 0.0030532 secs] 464734K->54893K(1484800K), 0.0042561 secs] [Times: user=0.01 sys=0.00, real=0.00 secs] 
2019-10-10T12:43:34.345+0000: 970.463: [GC (Allocation Failure) 2019-10-10T12:43:34.346+0000: 970.463: [DefNew: 409730K->204K(460800K), 0.0032721 secs] 464493K->54967K(1484800K), 0.0043087 secs] [Times: user=0.01 sys=0.00, real=0.00 secs] 
2019-10-10T12:43:39.648+0000: 975.766: [GC (Allocation Failure) 2019-10-10T12:43:39.649+0000: 975.766: [DefNew: 409804K->103K(460800K), 0.0031510 secs] 464567K->54866K(1484800K), 0.0044390 secs] [Times: user=0.00 sys=0.00, real=0.01 secs] 
2019-10-10T12:43:44.849+0000: 980.968: [GC (Allocation Failure) 2019-10-10T12:43:44.851+0000: 980.968: [DefNew: 409703K->252K(460800K), 0.0034102 secs] 464466K->55016K(1484800K), 0.0049883 secs] [Times: user=0.01 sys=0.00, real=0.01 secs] 
2019-10-10T12:43:50.283+0000: 986.401: [GC (Allocation Failure) 2019-10-10T12:43:50.283+0000: 986.401: [DefNew: 409852K->105K(460800K), 0.0028910 secs] 464616K->54874K(1484800K), 0.0029777 secs] [Times: user=0.00 sys=0.00, real=0.00 secs] 
2019-10-10T12:43:55.699+0000: 991.817: [GC (Allocation Failure) 2019-10-10T12:43:55.700+0000: 991.817: [DefNew: 409705K->237K(460800K), 0.0033263 secs] 464474K->55006K(1484800K), 0.0044807 secs] [Times: user=0.00 sys=0.00, real=0.01 secs] 
2019-10-10T12:44:01.049+0000: 997.168: [GC (Allocation Failure) 2019-10-10T12:44:01.050+0000: 997.168: [DefNew: 409837K->279K(460800K), 0.0035634 secs] 464606K->55048K(1484800K), 0.0048749 secs] [Times: user=0.00 sys=0.00, real=0.01 secs] 
2019-10-10T12:44:06.476+0000: 1002.593: [GC (Allocation Failure) 2019-10-10T12:44:06.476+0000: 1002.593: [DefNew: 409879K->87K(460800K), 0.0026478 secs] 464648K->54856K(1484800K), 0.0027305 secs] [Times: user=0.00 sys=0.01, real=0.00 secs] 
2019-10-10T12:44:11.910+0000: 1008.028: [GC (Allocation Failure) 2019-10-10T12:44:11.911+0000: 1008.028: [DefNew: 409687K->312K(460800K), 0.0034062 secs] 464456K->55081K(1484800K), 0.0044646 secs] [Times: user=0.00 sys=0.00, real=0.01 secs] 
2019-10-10T12:44:17.432+0000: 1013.549: [GC (Allocation Failure) 2019-10-10T12:44:17.432+0000: 1013.549: [DefNew: 409912K->97K(460800K), 0.0029748 secs] 464681K->54867K(1484800K), 0.0030782 secs] [Times: user=0.00 sys=0.00, real=0.00 secs] 
12:44:21.757 [Client] INFO  c.s.f.r.e.s.SocketRear  - FlameSocketGraphDeployerRear@flamestream-benchmarks-worker-12: has been disconnected from Connection 14
12:44:21.769 [Client] INFO  c.s.f.r.e.s.SocketFront  - FlameSocketGraphDeployerFront@flamestream-benchmarks-worker-12 has been disconnected from Connection 15
12:44:21.826 [worker-akka.actor.default-dispatcher-10] WARN  c.s.f.r.e.s.SocketRear  - FlameSocketGraphDeployerRear@flamestream-benchmarks-worker-12: writing to closed log
12:44:21.826 [worker-akka.actor.default-dispatcher-10] WARN  c.s.f.r.e.s.SocketRear  - FlameSocketGraphDeployerRear@flamestream-benchmarks-worker-12: writing to closed log
12:44:21.826 [worker-akka.actor.default-dispatcher-10] WARN  c.s.f.r.e.s.SocketRear  - FlameSocketGraphDeployerRear@flamestream-benchmarks-worker-12: writing to closed log
12:44:21.826 [worker-akka.actor.default-dispatcher-10] WARN  c.s.f.r.e.s.SocketRear  - FlameSocketGraphDeployerRear@flamestream-benchmarks-worker-12: writing to closed log
12:44:21.834 [worker-akka.actor.default-dispatcher-10] WARN  c.s.f.r.e.s.SocketRear  - FlameSocketGraphDeployerRear@flamestream-benchmarks-worker-12: writing to closed log
12:44:21.893 [worker-akka.actor.default-dispatcher-10] WARN  c.s.f.r.e.s.SocketRear  - FlameSocketGraphDeployerRear@flamestream-benchmarks-worker-12: writing to closed log
12:44:21.906 [worker-akka.actor.default-dispatcher-10] WARN  c.s.f.r.e.s.SocketRear  - FlameSocketGraphDeployerRear@flamestream-benchmarks-worker-12: writing to closed log
12:44:21.927 [worker-akka.actor.default-dispatcher-10] WARN  c.s.f.r.e.s.SocketRear  - FlameSocketGraphDeployerRear@flamestream-benchmarks-worker-12: writing to closed log
12:44:21.977 [worker-akka.actor.default-dispatcher-10] WARN  c.s.f.r.e.s.SocketRear  - FlameSocketGraphDeployerRear@flamestream-benchmarks-worker-12: writing to closed log
12:44:21.992 [worker-akka.actor.default-dispatcher-10] WARN  c.s.f.r.e.s.SocketRear  - FlameSocketGraphDeployerRear@flamestream-benchmarks-worker-12: writing to closed log
12:44:21.996 [worker-akka.actor.default-dispatcher-10] WARN  c.s.f.r.e.s.SocketRear  - FlameSocketGraphDeployerRear@flamestream-benchmarks-worker-12: writing to closed log
12:44:22.046 [worker-akka.actor.default-dispatcher-10] WARN  c.s.f.r.e.s.SocketRear  - FlameSocketGraphDeployerRear@flamestream-benchmarks-worker-12: writing to closed log
12:44:22.046 [worker-akka.actor.default-dispatcher-10] WARN  c.s.f.r.e.s.SocketRear  - FlameSocketGraphDeployerRear@flamestream-benchmarks-worker-12: writing to closed log
12:44:22.047 [worker-akka.actor.default-dispatcher-10] WARN  c.s.f.r.e.s.SocketRear  - FlameSocketGraphDeployerRear@flamestream-benchmarks-worker-12: writing to closed log
12:44:22.064 [worker-akka.actor.default-dispatcher-10] WARN  c.s.f.r.e.s.SocketRear  - FlameSocketGraphDeployerRear@flamestream-benchmarks-worker-12: writing to closed log
12:44:22.064 [worker-akka.actor.default-dispatcher-10] WARN  c.s.f.r.e.s.SocketRear  - FlameSocketGraphDeployerRear@flamestream-benchmarks-worker-12: writing to closed log
12:44:22.066 [worker-akka.actor.default-dispatcher-10] WARN  c.s.f.r.e.s.SocketRear  - FlameSocketGraphDeployerRear@flamestream-benchmarks-worker-12: writing to closed log
12:44:22.101 [worker-akka.actor.default-dispatcher-10] WARN  c.s.f.r.e.s.SocketRear  - FlameSocketGraphDeployerRear@flamestream-benchmarks-worker-12: writing to closed log
12:44:22.138 [worker-akka.actor.default-dispatcher-10] WARN  c.s.f.r.e.s.SocketRear  - FlameSocketGraphDeployerRear@flamestream-benchmarks-worker-12: writing to closed log
12:44:22.138 [worker-akka.actor.default-dispatcher-10] WARN  c.s.f.r.e.s.SocketRear  - FlameSocketGraphDeployerRear@flamestream-benchmarks-worker-12: writing to closed log
12:44:22.139 [worker-akka.actor.default-dispatcher-10] WARN  c.s.f.r.e.s.SocketRear  - FlameSocketGraphDeployerRear@flamestream-benchmarks-worker-12: writing to closed log
12:44:22.139 [worker-akka.actor.default-dispatcher-10] WARN  c.s.f.r.e.s.SocketRear  - FlameSocketGraphDeployerRear@flamestream-benchmarks-worker-12: writing to closed log
12:44:22.139 [worker-akka.actor.default-dispatcher-10] WARN  c.s.f.r.e.s.SocketRear  - FlameSocketGraphDeployerRear@flamestream-benchmarks-worker-12: writing to closed log
12:44:22.194 [worker-akka.actor.default-dispatcher-10] WARN  c.s.f.r.e.s.SocketRear  - FlameSocketGraphDeployerRear@flamestream-benchmarks-worker-12: writing to closed log
12:44:22.194 [worker-akka.actor.default-dispatcher-10] WARN  c.s.f.r.e.s.SocketRear  - FlameSocketGraphDeployerRear@flamestream-benchmarks-worker-12: writing to closed log
12:44:22.195 [worker-akka.actor.default-dispatcher-10] WARN  c.s.f.r.e.s.SocketRear  - FlameSocketGraphDeployerRear@flamestream-benchmarks-worker-12: writing to closed log
12:44:22.196 [worker-akka.actor.default-dispatcher-10] WARN  c.s.f.r.e.s.SocketRear  - FlameSocketGraphDeployerRear@flamestream-benchmarks-worker-12: writing to closed log
12:44:22.385 [worker-akka.actor.default-dispatcher-10] WARN  c.s.f.r.e.s.SocketRear  - FlameSocketGraphDeployerRear@flamestream-benchmarks-worker-12: writing to closed log
12:44:22.387 [worker-akka.actor.default-dispatcher-10] WARN  c.s.f.r.e.s.SocketRear  - FlameSocketGraphDeployerRear@flamestream-benchmarks-worker-12: writing to closed log
12:44:22.387 [worker-akka.actor.default-dispatcher-10] WARN  c.s.f.r.e.s.SocketRear  - FlameSocketGraphDeployerRear@flamestream-benchmarks-worker-12: writing to closed log
12:44:22.387 [worker-akka.actor.default-dispatcher-10] WARN  c.s.f.r.e.s.SocketRear  - FlameSocketGraphDeployerRear@flamestream-benchmarks-worker-12: writing to closed log
12:44:22.388 [worker-akka.actor.default-dispatcher-10] WARN  c.s.f.r.e.s.SocketRear  - FlameSocketGraphDeployerRear@flamestream-benchmarks-worker-12: writing to closed log
12:44:22.389 [worker-akka.actor.default-dispatcher-10] WARN  c.s.f.r.e.s.SocketRear  - FlameSocketGraphDeployerRear@flamestream-benchmarks-worker-12: writing to closed log
12:44:22.389 [worker-akka.actor.default-dispatcher-10] WARN  c.s.f.r.e.s.SocketRear  - FlameSocketGraphDeployerRear@flamestream-benchmarks-worker-12: writing to closed log
12:44:22.444 [worker-akka.actor.default-dispatcher-10] WARN  c.s.f.r.e.s.SocketRear  - FlameSocketGraphDeployerRear@flamestream-benchmarks-worker-12: writing to closed log
12:44:22.446 [worker-akka.actor.default-dispatcher-10] WARN  c.s.f.r.e.s.SocketRear  - FlameSocketGraphDeployerRear@flamestream-benchmarks-worker-12: writing to closed log
12:44:22.538 [worker-akka.actor.default-dispatcher-10] WARN  c.s.f.r.e.s.SocketRear  - FlameSocketGraphDeployerRear@flamestream-benchmarks-worker-12: writing to closed log
12:44:22.539 [worker-akka.actor.default-dispatcher-10] WARN  c.s.f.r.e.s.SocketRear  - FlameSocketGraphDeployerRear@flamestream-benchmarks-worker-12: writing to closed log
12:44:22.540 [worker-akka.actor.default-dispatcher-10] WARN  c.s.f.r.e.s.SocketRear  - FlameSocketGraphDeployerRear@flamestream-benchmarks-worker-12: writing to closed log
12:44:22.541 [worker-akka.actor.default-dispatcher-10] WARN  c.s.f.r.e.s.SocketRear  - FlameSocketGraphDeployerRear@flamestream-benchmarks-worker-12: writing to closed log
12:44:22.541 [worker-akka.actor.default-dispatcher-10] WARN  c.s.f.r.e.s.SocketRear  - FlameSocketGraphDeployerRear@flamestream-benchmarks-worker-12: writing to closed log
12:44:22.541 [worker-akka.actor.default-dispatcher-10] WARN  c.s.f.r.e.s.SocketRear  - FlameSocketGraphDeployerRear@flamestream-benchmarks-worker-12: writing to closed log
12:44:22.542 [worker-akka.actor.default-dispatcher-10] WARN  c.s.f.r.e.s.SocketRear  - FlameSocketGraphDeployerRear@flamestream-benchmarks-worker-12: writing to closed log
12:44:22.580 [worker-akka.actor.default-dispatcher-10] WARN  c.s.f.r.e.s.SocketRear  - FlameSocketGraphDeployerRear@flamestream-benchmarks-worker-12: writing to closed log
12:44:22.583 [worker-akka.actor.default-dispatcher-10] WARN  c.s.f.r.e.s.SocketRear  - FlameSocketGraphDeployerRear@flamestream-benchmarks-worker-12: writing to closed log
12:44:22.641 [worker-akka.actor.default-dispatcher-10] WARN  c.s.f.r.e.s.SocketRear  - FlameSocketGraphDeployerRear@flamestream-benchmarks-worker-12: writing to closed log
12:44:22.641 [worker-akka.actor.default-dispatcher-10] WARN  c.s.f.r.e.s.SocketRear  - FlameSocketGraphDeployerRear@flamestream-benchmarks-worker-12: writing to closed log
12:44:22.663 [worker-akka.actor.default-dispatcher-10] WARN  c.s.f.r.e.s.SocketRear  - FlameSocketGraphDeployerRear@flamestream-benchmarks-worker-12: writing to closed log
12:44:22.696 [worker-akka.actor.default-dispatcher-10] WARN  c.s.f.r.e.s.SocketRear  - FlameSocketGraphDeployerRear@flamestream-benchmarks-worker-12: writing to closed log
12:44:22.697 [worker-akka.actor.default-dispatcher-10] WARN  c.s.f.r.e.s.SocketRear  - FlameSocketGraphDeployerRear@flamestream-benchmarks-worker-12: writing to closed log
12:44:22.698 [worker-akka.actor.default-dispatcher-10] WARN  c.s.f.r.e.s.SocketRear  - FlameSocketGraphDeployerRear@flamestream-benchmarks-worker-12: writing to closed log
12:44:22.698 [worker-akka.actor.default-dispatcher-10] WARN  c.s.f.r.e.s.SocketRear  - FlameSocketGraphDeployerRear@flamestream-benchmarks-worker-12: writing to closed log
12:44:22.714 [worker-akka.actor.default-dispatcher-10] WARN  c.s.f.r.e.s.SocketRear  - FlameSocketGraphDeployerRear@flamestream-benchmarks-worker-12: writing to closed log
12:44:22.714 [worker-akka.actor.default-dispatcher-10] WARN  c.s.f.r.e.s.SocketRear  - FlameSocketGraphDeployerRear@flamestream-benchmarks-worker-12: writing to closed log
12:44:22.714 [worker-akka.actor.default-dispatcher-10] WARN  c.s.f.r.e.s.SocketRear  - FlameSocketGraphDeployerRear@flamestream-benchmarks-worker-12: writing to closed log
12:44:22.746 [worker-akka.actor.default-dispatcher-10] WARN  c.s.f.r.e.s.SocketRear  - FlameSocketGraphDeployerRear@flamestream-benchmarks-worker-12: writing to closed log
12:44:22.748 [worker-akka.actor.default-dispatcher-10] WARN  c.s.f.r.e.s.SocketRear  - FlameSocketGraphDeployerRear@flamestream-benchmarks-worker-12: writing to closed log
12:44:22.776 [worker-akka.actor.default-dispatcher-10] WARN  c.s.f.r.e.s.SocketRear  - FlameSocketGraphDeployerRear@flamestream-benchmarks-worker-12: writing to closed log
12:44:22.778 [worker-akka.actor.default-dispatcher-10] WARN  c.s.f.r.e.s.SocketRear  - FlameSocketGraphDeployerRear@flamestream-benchmarks-worker-12: writing to closed log
12:44:22.778 [worker-akka.actor.default-dispatcher-10] WARN  c.s.f.r.e.s.SocketRear  - FlameSocketGraphDeployerRear@flamestream-benchmarks-worker-12: writing to closed log
12:44:22.790 [worker-akka.actor.default-dispatcher-10] WARN  c.s.f.r.e.s.SocketRear  - FlameSocketGraphDeployerRear@flamestream-benchmarks-worker-12: writing to closed log
12:44:22.797 [worker-akka.actor.default-dispatcher-10] WARN  c.s.f.r.e.s.SocketRear  - FlameSocketGraphDeployerRear@flamestream-benchmarks-worker-12: writing to closed log
12:44:22.798 [worker-akka.actor.default-dispatcher-10] WARN  c.s.f.r.e.s.SocketRear  - FlameSocketGraphDeployerRear@flamestream-benchmarks-worker-12: writing to closed log
12:44:22.798 [worker-akka.actor.default-dispatcher-10] WARN  c.s.f.r.e.s.SocketRear  - FlameSocketGraphDeployerRear@flamestream-benchmarks-worker-12: writing to closed log
12:44:22.798 [worker-akka.actor.default-dispatcher-10] WARN  c.s.f.r.e.s.SocketRear  - FlameSocketGraphDeployerRear@flamestream-benchmarks-worker-12: writing to closed log
12:44:22.798 [worker-akka.actor.default-dispatcher-10] WARN  c.s.f.r.e.s.SocketRear  - FlameSocketGraphDeployerRear@flamestream-benchmarks-worker-12: writing to closed log
12:44:22.798 [worker-akka.actor.default-dispatcher-10] WARN  c.s.f.r.e.s.SocketRear  - FlameSocketGraphDeployerRear@flamestream-benchmarks-worker-12: writing to closed log
12:44:22.798 [worker-akka.actor.default-dispatcher-10] WARN  c.s.f.r.e.s.SocketRear  - FlameSocketGraphDeployerRear@flamestream-benchmarks-worker-12: writing to closed log
12:44:22.819 [worker-akka.actor.default-dispatcher-10] WARN  c.s.f.r.e.s.SocketRear  - FlameSocketGraphDeployerRear@flamestream-benchmarks-worker-12: writing to closed log
12:44:22.821 [worker-akka.actor.default-dispatcher-10] WARN  c.s.f.r.e.s.SocketRear  - FlameSocketGraphDeployerRear@flamestream-benchmarks-worker-12: writing to closed log
12:44:22.821 [worker-akka.actor.default-dispatcher-10] WARN  c.s.f.r.e.s.SocketRear  - FlameSocketGraphDeployerRear@flamestream-benchmarks-worker-12: writing to closed log
12:44:22.821 [worker-akka.actor.default-dispatcher-10] WARN  c.s.f.r.e.s.SocketRear  - FlameSocketGraphDeployerRear@flamestream-benchmarks-worker-12: writing to closed log
12:44:22.821 [worker-akka.actor.default-dispatcher-10] WARN  c.s.f.r.e.s.SocketRear  - FlameSocketGraphDeployerRear@flamestream-benchmarks-worker-12: writing to closed log
12:44:22.849 [worker-akka.actor.default-dispatcher-10] WARN  c.s.f.r.e.s.SocketRear  - FlameSocketGraphDeployerRear@flamestream-benchmarks-worker-12: writing to closed log
12:44:22.850 [worker-akka.actor.default-dispatcher-10] WARN  c.s.f.r.e.s.SocketRear  - FlameSocketGraphDeployerRear@flamestream-benchmarks-worker-12: writing to closed log
12:44:22.856 [worker-akka.actor.default-dispatcher-10] WARN  c.s.f.r.e.s.SocketRear  - FlameSocketGraphDeployerRear@flamestream-benchmarks-worker-12: writing to closed log
12:44:22.858 [worker-akka.actor.default-dispatcher-10] WARN  c.s.f.r.e.s.SocketRear  - FlameSocketGraphDeployerRear@flamestream-benchmarks-worker-12: writing to closed log
12:44:22.858 [worker-akka.actor.default-dispatcher-10] WARN  c.s.f.r.e.s.SocketRear  - FlameSocketGraphDeployerRear@flamestream-benchmarks-worker-12: writing to closed log
12:44:22.858 [worker-akka.actor.default-dispatcher-10] WARN  c.s.f.r.e.s.SocketRear  - FlameSocketGraphDeployerRear@flamestream-benchmarks-worker-12: writing to closed log
12:44:22.862 [worker-akka.actor.default-dispatcher-10] WARN  c.s.f.r.e.s.SocketRear  - FlameSocketGraphDeployerRear@flamestream-benchmarks-worker-12: writing to closed log
12:44:22.863 [worker-akka.actor.default-dispatcher-10] WARN  c.s.f.r.e.s.SocketRear  - FlameSocketGraphDeployerRear@flamestream-benchmarks-worker-12: writing to closed log
12:44:22.863 [worker-akka.actor.default-dispatcher-10] WARN  c.s.f.r.e.s.SocketRear  - FlameSocketGraphDeployerRear@flamestream-benchmarks-worker-12: writing to closed log
12:44:22.867 [worker-akka.actor.default-dispatcher-10] WARN  c.s.f.r.e.s.SocketRear  - FlameSocketGraphDeployerRear@flamestream-benchmarks-worker-12: writing to closed log
12:44:22.868 [worker-akka.actor.default-dispatcher-10] WARN  c.s.f.r.e.s.SocketRear  - FlameSocketGraphDeployerRear@flamestream-benchmarks-worker-12: writing to closed log
12:44:22.883 [worker-akka.actor.default-dispatcher-10] WARN  c.s.f.r.e.s.SocketRear  - FlameSocketGraphDeployerRear@flamestream-benchmarks-worker-12: writing to closed log
12:44:22.884 [worker-akka.actor.default-dispatcher-10] WARN  c.s.f.r.e.s.SocketRear  - FlameSocketGraphDeployerRear@flamestream-benchmarks-worker-12: writing to closed log
12:44:22.884 [worker-akka.actor.default-dispatcher-10] WARN  c.s.f.r.e.s.SocketRear  - FlameSocketGraphDeployerRear@flamestream-benchmarks-worker-12: writing to closed log
12:44:22.884 [worker-akka.actor.default-dispatcher-10] WARN  c.s.f.r.e.s.SocketRear  - FlameSocketGraphDeployerRear@flamestream-benchmarks-worker-12: writing to closed log
12:44:22.884 [worker-akka.actor.default-dispatcher-10] WARN  c.s.f.r.e.s.SocketRear  - FlameSocketGraphDeployerRear@flamestream-benchmarks-worker-12: writing to closed log
12:44:22.890 [worker-akka.actor.default-dispatcher-10] WARN  c.s.f.r.e.s.SocketRear  - FlameSocketGraphDeployerRear@flamestream-benchmarks-worker-12: writing to closed log
12:44:22.890 [worker-akka.actor.default-dispatcher-10] WARN  c.s.f.r.e.s.SocketRear  - FlameSocketGraphDeployerRear@flamestream-benchmarks-worker-12: writing to closed log
12:44:22.891 [worker-akka.actor.default-dispatcher-10] WARN  c.s.f.r.e.s.SocketRear  - FlameSocketGraphDeployerRear@flamestream-benchmarks-worker-12: writing to closed log
12:44:22.898 [worker-akka.actor.default-dispatcher-10] WARN  c.s.f.r.e.s.SocketRear  - FlameSocketGraphDeployerRear@flamestream-benchmarks-worker-12: writing to closed log
12:44:22.900 [worker-akka.actor.default-dispatcher-10] WARN  c.s.f.r.e.s.SocketRear  - FlameSocketGraphDeployerRear@flamestream-benchmarks-worker-12: writing to closed log
12:44:22.906 [worker-akka.actor.default-dispatcher-10] WARN  c.s.f.r.e.s.SocketRear  - FlameSocketGraphDeployerRear@flamestream-benchmarks-worker-12: writing to closed log
12:44:22.907 [worker-akka.actor.default-dispatcher-10] WARN  c.s.f.r.e.s.SocketRear  - FlameSocketGraphDeployerRear@flamestream-benchmarks-worker-12: writing to closed log
12:44:22.907 [worker-akka.actor.default-dispatcher-10] WARN  c.s.f.r.e.s.SocketRear  - FlameSocketGraphDeployerRear@flamestream-benchmarks-worker-12: writing to closed log
12:44:22.907 [worker-akka.actor.default-dispatcher-10] WARN  c.s.f.r.e.s.SocketRear  - FlameSocketGraphDeployerRear@flamestream-benchmarks-worker-12: writing to closed log
12:44:22.907 [worker-akka.actor.default-dispatcher-10] WARN  c.s.f.r.e.s.SocketRear  - FlameSocketGraphDeployerRear@flamestream-benchmarks-worker-12: writing to closed log
12:44:22.913 [worker-akka.actor.default-dispatcher-10] WARN  c.s.f.r.e.s.SocketRear  - FlameSocketGraphDeployerRear@flamestream-benchmarks-worker-12: writing to closed log
12:44:22.913 [worker-akka.actor.default-dispatcher-10] WARN  c.s.f.r.e.s.SocketRear  - FlameSocketGraphDeployerRear@flamestream-benchmarks-worker-12: writing to closed log
12:44:26.134 [worker-akka.actor.default-dispatcher-10] INFO  a.r.a.Association(akka://worker) akka.remote.artery.Association(akka://worker) - Association to [akka://worker@flamestream-benchmarks-worker-1:5412] having UID [2164622050406865559] has been stopped. All messages to this UID will be delivered to dead letters. Reason: ActorSystem terminated
12:44:26.243 [worker-akka.actor.default-dispatcher-10] INFO  a.r.a.Association(akka://worker) akka.remote.artery.Association(akka://worker) - Association to [akka://worker@flamestream-benchmarks-worker-2:5412] having UID [-4547469165035349574] has been stopped. All messages to this UID will be delivered to dead letters. Reason: ActorSystem terminated
12:44:26.423 [worker-akka.actor.default-dispatcher-10] INFO  a.r.a.Association(akka://worker) akka.remote.artery.Association(akka://worker) - Association to [akka://worker@flamestream-benchmarks-worker-4:5412] having UID [1879355718632016473] has been stopped. All messages to this UID will be delivered to dead letters. Reason: ActorSystem terminated
12:44:26.563 [worker-akka.actor.default-dispatcher-10] INFO  a.r.a.Association(akka://worker) akka.remote.artery.Association(akka://worker) - Association to [akka://worker@flamestream-benchmarks-worker-3:5412] having UID [5124950119994697808] has been stopped. All messages to this UID will be delivered to dead letters. Reason: ActorSystem terminated
12:44:26.953 [worker-akka.actor.default-dispatcher-10] INFO  a.r.a.Association(akka://worker) akka.remote.artery.Association(akka://worker) - Association to [akka://worker@flamestream-benchmarks-worker-0:5412] having UID [4919455313476746688] has been stopped. All messages to this UID will be delivered to dead letters. Reason: ActorSystem terminated
12:44:27.373 [worker-akka.actor.default-dispatcher-10] INFO  a.r.a.Association(akka://worker) akka.remote.artery.Association(akka://worker) - Association to [akka://worker@flamestream-benchmarks-worker-5:5412] having UID [508567141056831333] has been stopped. All messages to this UID will be delivered to dead letters. Reason: ActorSystem terminated
12:44:27.612 [worker-akka.actor.default-dispatcher-10] INFO  a.r.a.Association(akka://worker) akka.remote.artery.Association(akka://worker) - Association to [akka://worker@flamestream-benchmarks-worker-7:5412] having UID [5679006320686288223] has been stopped. All messages to this UID will be delivered to dead letters. Reason: ActorSystem terminated
12:44:27.722 [worker-akka.actor.default-dispatcher-10] INFO  a.r.a.Association(akka://worker) akka.remote.artery.Association(akka://worker) - Association to [akka://worker@flamestream-benchmarks-worker-6:5412] having UID [-2053581586228574010] has been stopped. All messages to this UID will be delivered to dead letters. Reason: ActorSystem terminated
2019-10-10T12:44:27.743+0000: 1023.860: [GC (Allocation Failure) 2019-10-10T12:44:27.743+0000: 1023.860: [DefNew: 409697K->149K(460800K), 0.0033744 secs] 464467K->54918K(1484800K), 0.0034702 secs] [Times: user=0.00 sys=0.00, real=0.00 secs] 
12:44:27.838 [worker-akka.actor.default-dispatcher-12] INFO  a.a.LocalActorRef akka://worker/user/watcher/processing-watcher/graph/negotiator - Stopped
12:44:27.839 [worker-akka.actor.default-dispatcher-6] INFO  a.a.LocalActorRef akka://worker/user/watcher/processing-watcher/graph/graph/$A - Stopped
12:44:27.840 [worker-akka.actor.default-dispatcher-12] INFO  a.a.LocalActorRef akka://worker/user/watcher/processing-watcher/graph/graph/$B - Stopped
12:44:27.840 [worker-akka.actor.default-dispatcher-12] INFO  a.a.LocalActorRef akka://worker/user/watcher/processing-watcher/graph/graph/$C - Stopped
12:44:27.841 [worker-akka.actor.default-dispatcher-12] INFO  a.a.LocalActorRef akka://worker/user/watcher/processing-watcher/graph/graph/$D - Stopped
12:44:27.841 [worker-akka.actor.default-dispatcher-12] INFO  a.a.LocalActorRef akka://worker/user/watcher/processing-watcher/graph/graph/$E - Stopped
12:44:27.841 [worker-akka.actor.default-dispatcher-12] INFO  a.a.LocalActorRef akka://worker/user/watcher/processing-watcher/graph/graph/$F - Stopped
12:44:27.841 [worker-akka.actor.default-dispatcher-12] INFO  a.a.LocalActorRef akka://worker/user/watcher/processing-watcher/graph/graph/$G - Stopped
12:44:27.842 [worker-akka.actor.default-dispatcher-12] INFO  a.a.LocalActorRef akka://worker/user/watcher/processing-watcher/graph/graph/$H - Stopped
12:44:27.842 [worker-akka.actor.default-dispatcher-12] INFO  a.a.LocalActorRef akka://worker/user/watcher/processing-watcher/graph/graph/$a - Stopped
12:44:27.843 [worker-akka.actor.default-dispatcher-10] INFO  a.a.LocalActorRef akka://worker/user/watcher/processing-watcher/graph/graph/$b - Stopped
12:44:27.844 [worker-akka.actor.default-dispatcher-10] INFO  a.a.LocalActorRef akka://worker/user/watcher/processing-watcher/graph/graph/$c - Stopped
12:44:27.844 [worker-akka.actor.default-dispatcher-10] INFO  a.a.LocalActorRef akka://worker/user/watcher/processing-watcher/graph/graph/$d - Stopped
12:44:27.844 [worker-akka.actor.default-dispatcher-10] INFO  a.a.LocalActorRef akka://worker/user/watcher/processing-watcher/graph/graph/$e - Stopped
12:44:27.846 [worker-akka.actor.default-dispatcher-10] INFO  a.a.LocalActorRef akka://worker/user/watcher/processing-watcher/graph/graph/$f - Stopped
12:44:27.847 [worker-akka.actor.default-dispatcher-10] INFO  a.a.LocalActorRef akka://worker/user/watcher/processing-watcher/graph/graph/$g - Stopped
12:44:27.847 [worker-akka.actor.default-dispatcher-10] INFO  a.a.LocalActorRef akka://worker/user/watcher/processing-watcher/graph/graph/$h - Stopped
12:44:27.849 [worker-akka.actor.default-dispatcher-10] INFO  a.a.LocalActorRef akka://worker/user/watcher/processing-watcher/graph/graph/$i - Stopped
12:44:27.850 [worker-akka.actor.default-dispatcher-10] INFO  a.a.LocalActorRef akka://worker/user/watcher/processing-watcher/graph/graph/$j - Stopped
12:44:27.851 [worker-akka.actor.default-dispatcher-12] INFO  a.a.LocalActorRef akka://worker/user/watcher/processing-watcher/graph/edge/FlameSocketGraphDeployerFront - Stopped
12:44:27.857 [worker-akka.actor.default-dispatcher-13] INFO  a.a.LocalActorRef akka://worker/user/watcher/processing-watcher/graph/graph/$k - Stopped
12:44:27.860 [worker-akka.actor.default-dispatcher-13] INFO  a.a.LocalActorRef akka://worker/user/watcher/processing-watcher/graph/graph/$l - Stopped
12:44:27.865 [worker-akka.actor.default-dispatcher-18] INFO  a.a.LocalActorRef akka://worker/user/watcher/processing-watcher/graph/graph/$m - Stopped
12:44:27.865 [worker-akka.actor.default-dispatcher-18] INFO  a.a.LocalActorRef akka://worker/user/watcher/processing-watcher/graph/edge/FlameSocketGraphDeployerRear - Stopped
12:44:27.866 [worker-akka.actor.default-dispatcher-6] INFO  a.a.LocalActorRef akka://worker/user/watcher/processing-watcher/graph/edge - Stopped
12:44:27.867 [worker-akka.actor.default-dispatcher-16] INFO  a.a.LocalActorRef akka://worker/user/watcher/processing-watcher/graph/graph/$n - Stopped
12:44:27.867 [worker-akka.actor.default-dispatcher-16] INFO  a.a.LocalActorRef akka://worker/user/watcher/processing-watcher/graph/graph/$o - Stopped
12:44:27.868 [worker-akka.actor.default-dispatcher-16] INFO  a.a.LocalActorRef akka://worker/user/watcher/processing-watcher/graph/graph/$p - Stopped
12:44:27.868 [worker-akka.actor.default-dispatcher-16] INFO  a.a.LocalActorRef akka://worker/user/watcher/processing-watcher/graph/graph/$q - Stopped
12:44:27.868 [worker-akka.actor.default-dispatcher-16] INFO  a.a.LocalActorRef akka://worker/user/watcher/processing-watcher/graph/graph/$r - Stopped
12:44:27.868 [worker-akka.actor.default-dispatcher-16] INFO  a.a.LocalActorRef akka://worker/user/watcher/processing-watcher/graph/graph/$s - Stopped
12:44:27.868 [worker-akka.actor.default-dispatcher-16] INFO  a.a.LocalActorRef akka://worker/user/watcher/processing-watcher/graph/graph/$t - Stopped
12:44:27.868 [worker-akka.actor.default-dispatcher-16] INFO  a.a.LocalActorRef akka://worker/user/watcher/processing-watcher/graph/graph/$u - Stopped
12:44:27.869 [worker-akka.actor.default-dispatcher-16] INFO  a.a.LocalActorRef akka://worker/user/watcher/processing-watcher/graph/graph/$v - Stopped
12:44:27.870 [worker-akka.actor.default-dispatcher-18] INFO  a.a.LocalActorRef akka://worker/user/watcher/processing-watcher/graph/graph/$w - Stopped
12:44:27.870 [worker-akka.actor.default-dispatcher-18] INFO  a.a.LocalActorRef akka://worker/user/watcher/processing-watcher/graph/graph/$x - Stopped
12:44:27.870 [worker-akka.actor.default-dispatcher-18] INFO  a.a.LocalActorRef akka://worker/user/watcher/processing-watcher/graph/graph/$y - Stopped
12:44:27.870 [worker-akka.actor.default-dispatcher-18] INFO  a.a.LocalActorRef akka://worker/user/watcher/processing-watcher/graph/graph/$z - Stopped
12:44:27.880 [worker-akka.actor.default-dispatcher-19] INFO  a.a.LocalActorRef akka://worker/user/watcher/processing-watcher/graph/graph - Stopped
12:44:27.892 [worker-akka.actor.default-dispatcher-19] INFO  a.a.LocalActorRef akka://worker/user/watcher/processing-watcher/graph - Stopped
12:44:27.893 [worker-akka.actor.default-dispatcher-13] INFO  a.a.LocalActorRef akka://worker/user/watcher/processing-watcher - Stopped
12:44:27.895 [Curator-Framework-0] INFO  o.a.c.f.i.CuratorFrameworkImpl  - backgroundOperationsLoop exiting
12:44:27.905 [worker-akka.actor.default-dispatcher-6-EventThread] INFO  o.a.z.ClientCnxn  - EventThread shut down for session: 0x100005c675e000c
12:44:27.905 [worker-akka.actor.default-dispatcher-16] INFO  o.a.z.ZooKeeper  - Session: 0x100005c675e000c closed
12:44:27.907 [worker-akka.actor.default-dispatcher-13] INFO  a.a.RepointableActorRef akka://worker/user/watcher - Stopped
12:44:27.912 [Curator-PathChildrenCache-0] ERROR o.a.c.f.r.c.PathChildrenCache  - 
java.lang.IllegalStateException: instance must be started before calling this method
	at org.apache.curator.shaded.com.google.common.base.Preconditions.checkState(Preconditions.java:444)
	at org.apache.curator.framework.imps.CuratorFrameworkImpl.getChildren(CuratorFrameworkImpl.java:456)
	at org.apache.curator.framework.recipes.cache.PathChildrenCache.refresh(PathChildrenCache.java:521)
	at org.apache.curator.framework.recipes.cache.RefreshOperation.invoke(RefreshOperation.java:35)
	at org.apache.curator.framework.recipes.cache.PathChildrenCache$9.run(PathChildrenCache.java:786)
	at java.util.concurrent.Executors$RunnableAdapter.call(Executors.java:511)
	at java.util.concurrent.FutureTask.run(FutureTask.java:266)
	at java.util.concurrent.Executors$RunnableAdapter.call(Executors.java:511)
	at java.util.concurrent.FutureTask.run(FutureTask.java:266)
	at java.util.concurrent.ThreadPoolExecutor.runWorker(ThreadPoolExecutor.java:1149)
	at java.util.concurrent.ThreadPoolExecutor$Worker.run(ThreadPoolExecutor.java:624)
	at java.lang.Thread.run(Thread.java:748)
12:44:27.919 [worker-akka.actor.default-dispatcher-16] INFO  a.r.RemoteActorRefProvider$RemotingTerminator akka://worker@flamestream-benchmarks-worker-12:5412/system/remoting-terminator - Shutting down remote daemon.
12:44:27.920 [worker-akka.actor.default-dispatcher-16] INFO  a.r.RemoteActorRefProvider$RemotingTerminator akka://worker@flamestream-benchmarks-worker-12:5412/system/remoting-terminator - Remote daemon shut down; proceeding with flushing remote transports.
12:44:29.160 [worker-akka.actor.default-dispatcher-16] INFO  a.r.RemoteActorRefProvider$RemotingTerminator akka://worker@flamestream-benchmarks-worker-12:5412/system/remoting-terminator - Remoting shut down.
Heap
 def new generation   total 460800K, used 25530K [0x00000000a2400000, 0x00000000c1800000, 0x00000000c1800000)
  eden space 409600K,   6% used [0x00000000a2400000, 0x00000000a3cc93b8, 0x00000000bb400000)
  from space 51200K,   0% used [0x00000000bb400000, 0x00000000bb425608, 0x00000000be600000)
  to   space 51200K,   0% used [0x00000000be600000, 0x00000000be600000, 0x00000000c1800000)
 tenured generation   total 1024000K, used 54769K [0x00000000c1800000, 0x0000000100000000, 0x0000000100000000)
   the space 1024000K,   5% used [0x00000000c1800000, 0x00000000c4d7c598, 0x00000000c4d7c600, 0x0000000100000000)
 Metaspace       used 40754K, capacity 43602K, committed 43904K, reserved 1087488K
  class space    used 5334K, capacity 5670K, committed 5760K, reserved 1048576K
