08:25:02,789 |-INFO in ch.qos.logback.classic.LoggerContext[default] - Could NOT find resource [logback-test.xml]
08:25:02,790 |-INFO in ch.qos.logback.classic.LoggerContext[default] - Could NOT find resource [logback.groovy]
08:25:02,790 |-INFO in ch.qos.logback.classic.LoggerContext[default] - Found resource [logback.xml] at [jar:file:/root/flamestream/lib/flamestream-runtime-1.0-SNAPSHOT.jar!/logback.xml]
08:25:02,791 |-WARN in ch.qos.logback.classic.LoggerContext[default] - Resource [logback.xml] occurs multiple times on the classpath.
08:25:02,791 |-WARN in ch.qos.logback.classic.LoggerContext[default] - Resource [logback.xml] occurs at [jar:file:/root/flamestream/lib/flamestream-runtime-1.0-SNAPSHOT.jar!/logback.xml]
08:25:02,791 |-WARN in ch.qos.logback.classic.LoggerContext[default] - Resource [logback.xml] occurs at [jar:file:/root/flamestream/flamestream-runtime-1.0-SNAPSHOT.jar!/logback.xml]
08:25:02,810 |-INFO in ch.qos.logback.core.joran.spi.ConfigurationWatchList@3fb6a447 - URL [jar:file:/root/flamestream/lib/flamestream-runtime-1.0-SNAPSHOT.jar!/logback.xml] is not of type file
08:25:02,883 |-INFO in ch.qos.logback.classic.joran.action.ConfigurationAction - debug attribute not set
08:25:02,883 |-INFO in ch.qos.logback.core.joran.action.AppenderAction - About to instantiate appender of type [ch.qos.logback.core.ConsoleAppender]
08:25:02,903 |-INFO in ch.qos.logback.core.joran.action.AppenderAction - Naming appender as [STDOUT]
08:25:02,921 |-INFO in ch.qos.logback.core.joran.action.NestedComplexPropertyIA - Assuming default type [ch.qos.logback.classic.encoder.PatternLayoutEncoder] for [encoder] property
08:25:03,007 |-INFO in ch.qos.logback.core.joran.action.AppenderAction - About to instantiate appender of type [ch.qos.logback.core.rolling.RollingFileAppender]
08:25:03,012 |-INFO in ch.qos.logback.core.joran.action.AppenderAction - Naming appender as [FILE]
08:25:03,042 |-INFO in c.q.l.core.rolling.TimeBasedRollingPolicy@127618319 - No compression will be used
08:25:03,043 |-INFO in c.q.l.core.rolling.TimeBasedRollingPolicy@127618319 - Will use the pattern /tmp/application_%d{yyyy-MM-dd}.%i.log for the active file
08:25:03,046 |-INFO in ch.qos.logback.core.rolling.SizeAndTimeBasedFNATP@6b2fad11 - The date pattern is 'yyyy-MM-dd' from file name pattern '/tmp/application_%d{yyyy-MM-dd}.%i.log'.
08:25:03,046 |-INFO in ch.qos.logback.core.rolling.SizeAndTimeBasedFNATP@6b2fad11 - Roll-over at midnight.
08:25:03,052 |-INFO in ch.qos.logback.core.rolling.SizeAndTimeBasedFNATP@6b2fad11 - Setting initial period to Tue Jun 11 08:23:45 UTC 2019
08:25:03,052 |-WARN in ch.qos.logback.core.rolling.SizeAndTimeBasedFNATP@6b2fad11 - SizeAndTimeBasedFNATP is deprecated. Use SizeAndTimeBasedRollingPolicy instead
08:25:03,052 |-WARN in ch.qos.logback.core.rolling.SizeAndTimeBasedFNATP@6b2fad11 - For more information see http://logback.qos.ch/manual/appenders.html#SizeAndTimeBasedRollingPolicy
08:25:03,056 |-INFO in ch.qos.logback.core.joran.action.NestedComplexPropertyIA - Assuming default type [ch.qos.logback.classic.encoder.PatternLayoutEncoder] for [encoder] property
08:25:03,061 |-INFO in ch.qos.logback.core.rolling.RollingFileAppender[FILE] - Active log file name: /tmp/application.log
08:25:03,061 |-INFO in ch.qos.logback.core.rolling.RollingFileAppender[FILE] - File property is set to [/tmp/application.log]
08:25:03,061 |-INFO in ch.qos.logback.classic.joran.action.RootLoggerAction - Setting level of ROOT logger to WARN
08:25:03,062 |-INFO in ch.qos.logback.core.joran.action.AppenderRefAction - Attaching appender named [STDOUT] to Logger[ROOT]
08:25:03,064 |-INFO in ch.qos.logback.core.joran.action.AppenderRefAction - Attaching appender named [FILE] to Logger[ROOT]
08:25:03,064 |-INFO in ch.qos.logback.classic.joran.action.ConfigurationAction - End of configuration.
08:25:03,064 |-INFO in ch.qos.logback.classic.joran.JoranConfigurator@79698539 - Registering current configuration as safe fallback point

Ama winner
Ama winner
2019-06-11T08:25:04.348+0000: 1.751: [Full GC (Metadata GC Threshold) 2019-06-11T08:25:04.348+0000: 1.751: [Tenured: 0K->15175K(341376K), 0.0390479 secs] 114923K->15175K(494976K), [Metaspace: 20732K->20732K(1067008K)], 0.0391116 secs] [Times: user=0.04 sys=0.00, real=0.04 secs] 
08:25:16.788 [Curator-PathChildrenCache-1] WARN  o.a.c.u.ZKPaths  - The version of ZooKeeper being used doesn't support Container nodes. CreateMode.PERSISTENT will be used instead.
2019-06-11T08:25:19.011+0000: 16.414: [GC (Allocation Failure) 2019-06-11T08:25:19.011+0000: 16.414: [DefNew: 136576K->17023K(153600K), 0.0260093 secs] 151751K->52405K(494976K), 0.0260744 secs] [Times: user=0.02 sys=0.00, real=0.02 secs] 
2019-06-11T08:25:25.138+0000: 22.541: [GC (Allocation Failure) 2019-06-11T08:25:25.138+0000: 22.541: [DefNew: 153599K->110K(153600K), 0.0098479 secs] 188981K->43496K(494976K), 0.0099186 secs] [Times: user=0.01 sys=0.00, real=0.01 secs] 
2019-06-11T08:25:31.279+0000: 28.682: [GC (Allocation Failure) 2019-06-11T08:25:31.279+0000: 28.682: [DefNew: 136686K->110K(153600K), 0.0026842 secs] 180072K->43496K(494976K), 0.0027585 secs] [Times: user=0.01 sys=0.00, real=0.01 secs] 
2019-06-11T08:25:31.455+0000: 28.858: [Full GC (Metadata GC Threshold) 2019-06-11T08:25:31.455+0000: 28.858: [Tenured: 43385K->43493K(341376K), 0.0303597 secs] 50213K->43493K(494976K), [Metaspace: 34629K->34629K(1079296K)], 0.0304447 secs] [Times: user=0.03 sys=0.00, real=0.03 secs] 
2019-06-11T08:25:37.708+0000: 35.111: [GC (Allocation Failure) 2019-06-11T08:25:37.708+0000: 35.111: [DefNew: 136576K->47K(153600K), 0.0016778 secs] 180069K->43540K(494976K), 0.0017468 secs] [Times: user=0.01 sys=0.00, real=0.00 secs] 
2019-06-11T08:25:43.972+0000: 41.375: [GC (Allocation Failure) 2019-06-11T08:25:43.972+0000: 41.375: [DefNew: 136623K->51K(153600K), 0.0015097 secs] 180116K->43544K(494976K), 0.0015678 secs] [Times: user=0.01 sys=0.00, real=0.00 secs] 
2019-06-11T08:25:50.274+0000: 47.677: [GC (Allocation Failure) 2019-06-11T08:25:50.274+0000: 47.677: [DefNew: 136627K->54K(153600K), 0.0016532 secs] 180120K->43547K(494976K), 0.0017111 secs] [Times: user=0.00 sys=0.00, real=0.00 secs] 
08:26:01.069 [Curator-PathChildrenCache-0] ERROR o.a.c.f.r.c.PathChildrenCache  - 
java.lang.IllegalStateException: instance must be started before calling this method
	at org.apache.curator.shaded.com.google.common.base.Preconditions.checkState(Preconditions.java:444)
	at org.apache.curator.framework.imps.CuratorFrameworkImpl.getChildren(CuratorFrameworkImpl.java:456)
	at org.apache.curator.framework.recipes.cache.PathChildrenCache.refresh(PathChildrenCache.java:521)
	at org.apache.curator.framework.recipes.cache.RefreshOperation.invoke(RefreshOperation.java:35)
	at org.apache.curator.framework.recipes.cache.PathChildrenCache$9.run(PathChildrenCache.java:786)
	at java.util.concurrent.Executors$RunnableAdapter.call(Executors.java:511)
	at java.util.concurrent.FutureTask.run(FutureTask.java:266)
	at java.util.concurrent.Executors$RunnableAdapter.call(Executors.java:511)
	at java.util.concurrent.FutureTask.run(FutureTask.java:266)
	at java.util.concurrent.ThreadPoolExecutor.runWorker(ThreadPoolExecutor.java:1149)
	at java.util.concurrent.ThreadPoolExecutor$Worker.run(ThreadPoolExecutor.java:624)
	at java.lang.Thread.run(Thread.java:748)
Heap
 def new generation   total 153600K, used 85819K [0x00000000e0c00000, 0x00000000eb2a0000, 0x00000000eb2a0000)
  eden space 136576K,  62% used [0x00000000e0c00000, 0x00000000e5fc1250, 0x00000000e9160000)
  from space 17024K,   0% used [0x00000000e9160000, 0x00000000e916d9e0, 0x00000000ea200000)
  to   space 17024K,   0% used [0x00000000ea200000, 0x00000000ea200000, 0x00000000eb2a0000)
 tenured generation   total 341376K, used 43493K [0x00000000eb2a0000, 0x0000000100000000, 0x0000000100000000)
   the space 341376K,  12% used [0x00000000eb2a0000, 0x00000000edd19470, 0x00000000edd19600, 0x0000000100000000)
 Metaspace       used 35914K, capacity 36788K, committed 37120K, reserved 1081344K
  class space    used 4851K, capacity 5072K, committed 5120K, reserved 1048576K
