19:40:02,325 |-INFO in ch.qos.logback.classic.LoggerContext[default] - Could NOT find resource [logback-test.xml]
19:40:02,325 |-INFO in ch.qos.logback.classic.LoggerContext[default] - Could NOT find resource [logback.groovy]
19:40:02,325 |-INFO in ch.qos.logback.classic.LoggerContext[default] - Found resource [logback.xml] at [jar:file:/root/flamestream/lib/flamestream-runtime-1.0-SNAPSHOT.jar!/logback.xml]
19:40:02,325 |-WARN in ch.qos.logback.classic.LoggerContext[default] - Resource [logback.xml] occurs multiple times on the classpath.
19:40:02,326 |-WARN in ch.qos.logback.classic.LoggerContext[default] - Resource [logback.xml] occurs at [jar:file:/root/flamestream/lib/flamestream-runtime-1.0-SNAPSHOT.jar!/logback.xml]
19:40:02,326 |-WARN in ch.qos.logback.classic.LoggerContext[default] - Resource [logback.xml] occurs at [jar:file:/root/flamestream/flamestream-runtime-1.0-SNAPSHOT.jar!/logback.xml]
19:40:02,349 |-INFO in ch.qos.logback.core.joran.spi.ConfigurationWatchList@3fb6a447 - URL [jar:file:/root/flamestream/lib/flamestream-runtime-1.0-SNAPSHOT.jar!/logback.xml] is not of type file
19:40:02,420 |-INFO in ch.qos.logback.classic.joran.action.ConfigurationAction - debug attribute not set
19:40:02,421 |-INFO in ch.qos.logback.core.joran.action.AppenderAction - About to instantiate appender of type [ch.qos.logback.core.ConsoleAppender]
19:40:02,437 |-INFO in ch.qos.logback.core.joran.action.AppenderAction - Naming appender as [STDOUT]
19:40:02,455 |-INFO in ch.qos.logback.core.joran.action.NestedComplexPropertyIA - Assuming default type [ch.qos.logback.classic.encoder.PatternLayoutEncoder] for [encoder] property
19:40:02,537 |-INFO in ch.qos.logback.core.joran.action.AppenderAction - About to instantiate appender of type [ch.qos.logback.core.rolling.RollingFileAppender]
19:40:02,542 |-INFO in ch.qos.logback.core.joran.action.AppenderAction - Naming appender as [FILE]
19:40:02,573 |-INFO in c.q.l.core.rolling.TimeBasedRollingPolicy@127618319 - No compression will be used
19:40:02,575 |-INFO in c.q.l.core.rolling.TimeBasedRollingPolicy@127618319 - Will use the pattern /tmp/application_%d{yyyy-MM-dd}.%i.log for the active file
19:40:02,577 |-INFO in ch.qos.logback.core.rolling.SizeAndTimeBasedFNATP@6b2fad11 - The date pattern is 'yyyy-MM-dd' from file name pattern '/tmp/application_%d{yyyy-MM-dd}.%i.log'.
19:40:02,577 |-INFO in ch.qos.logback.core.rolling.SizeAndTimeBasedFNATP@6b2fad11 - Roll-over at midnight.
19:40:02,583 |-INFO in ch.qos.logback.core.rolling.SizeAndTimeBasedFNATP@6b2fad11 - Setting initial period to Mon Jun 10 19:38:39 UTC 2019
19:40:02,583 |-WARN in ch.qos.logback.core.rolling.SizeAndTimeBasedFNATP@6b2fad11 - SizeAndTimeBasedFNATP is deprecated. Use SizeAndTimeBasedRollingPolicy instead
19:40:02,583 |-WARN in ch.qos.logback.core.rolling.SizeAndTimeBasedFNATP@6b2fad11 - For more information see http://logback.qos.ch/manual/appenders.html#SizeAndTimeBasedRollingPolicy
19:40:02,587 |-INFO in ch.qos.logback.core.joran.action.NestedComplexPropertyIA - Assuming default type [ch.qos.logback.classic.encoder.PatternLayoutEncoder] for [encoder] property
19:40:02,591 |-INFO in ch.qos.logback.core.rolling.RollingFileAppender[FILE] - Active log file name: /tmp/application.log
19:40:02,591 |-INFO in ch.qos.logback.core.rolling.RollingFileAppender[FILE] - File property is set to [/tmp/application.log]
19:40:02,592 |-INFO in ch.qos.logback.classic.joran.action.RootLoggerAction - Setting level of ROOT logger to WARN
19:40:02,592 |-INFO in ch.qos.logback.core.joran.action.AppenderRefAction - Attaching appender named [STDOUT] to Logger[ROOT]
19:40:02,594 |-INFO in ch.qos.logback.core.joran.action.AppenderRefAction - Attaching appender named [FILE] to Logger[ROOT]
19:40:02,594 |-INFO in ch.qos.logback.classic.joran.action.ConfigurationAction - End of configuration.
19:40:02,595 |-INFO in ch.qos.logback.classic.joran.JoranConfigurator@79698539 - Registering current configuration as safe fallback point

Ama winner
Ama winner
2019-06-10T19:40:03.882+0000: 1.735: [Full GC (Metadata GC Threshold) 2019-06-10T19:40:03.882+0000: 1.735: [Tenured: 0K->15241K(341376K), 0.0392537 secs] 114988K->15241K(494976K), [Metaspace: 20740K->20740K(1067008K)], 0.0393203 secs] [Times: user=0.03 sys=0.01, real=0.03 secs] 
19:40:15.868 [Curator-PathChildrenCache-1] WARN  o.a.c.u.ZKPaths  - The version of ZooKeeper being used doesn't support Container nodes. CreateMode.PERSISTENT will be used instead.
2019-06-10T19:40:18.126+0000: 15.979: [GC (Allocation Failure) 2019-06-10T19:40:18.126+0000: 15.979: [DefNew: 136576K->17023K(153600K), 0.0249870 secs] 151817K->52722K(494976K), 0.0250662 secs] [Times: user=0.01 sys=0.01, real=0.03 secs] 
2019-06-10T19:40:19.634+0000: 17.487: [Full GC (Metadata GC Threshold) 2019-06-10T19:40:19.634+0000: 17.487: [Tenured: 35698K->44269K(341376K), 0.0564788 secs] 83154K->44269K(494976K), [Metaspace: 34586K->34586K(1079296K)], 0.0565597 secs] [Times: user=0.05 sys=0.00, real=0.06 secs] 
2019-06-10T19:40:26.517+0000: 24.370: [GC (Allocation Failure) 2019-06-10T19:40:26.517+0000: 24.370: [DefNew: 136576K->102K(153600K), 0.0017691 secs] 180845K->44371K(494976K), 0.0018369 secs] [Times: user=0.00 sys=0.00, real=0.00 secs] 
2019-06-10T19:40:33.447+0000: 31.300: [GC (Allocation Failure) 2019-06-10T19:40:33.447+0000: 31.300: [DefNew: 136678K->135K(153600K), 0.0016340 secs] 180947K->44405K(494976K), 0.0016890 secs] [Times: user=0.00 sys=0.01, real=0.00 secs] 
2019-06-10T19:40:40.426+0000: 38.279: [GC (Allocation Failure) 2019-06-10T19:40:40.426+0000: 38.279: [DefNew: 136711K->165K(153600K), 0.0017770 secs] 180981K->44435K(494976K), 0.0018376 secs] [Times: user=0.00 sys=0.00, real=0.00 secs] 
2019-06-10T19:40:47.458+0000: 45.310: [GC (Allocation Failure) 2019-06-10T19:40:47.458+0000: 45.310: [DefNew: 136741K->203K(153600K), 0.0017737 secs] 181011K->44472K(494976K), 0.0018331 secs] [Times: user=0.00 sys=0.00, real=0.00 secs] 
2019-06-10T19:40:54.466+0000: 52.319: [GC (Allocation Failure) 2019-06-10T19:40:54.466+0000: 52.319: [DefNew: 136779K->198K(153600K), 0.0018405 secs] 181048K->44467K(494976K), 0.0019012 secs] [Times: user=0.00 sys=0.00, real=0.00 secs] 
19:41:01.448 [Curator-PathChildrenCache-0] ERROR o.a.c.f.r.c.PathChildrenCache  - 
java.lang.IllegalStateException: instance must be started before calling this method
	at org.apache.curator.shaded.com.google.common.base.Preconditions.checkState(Preconditions.java:444)
	at org.apache.curator.framework.imps.CuratorFrameworkImpl.getChildren(CuratorFrameworkImpl.java:456)
	at org.apache.curator.framework.recipes.cache.PathChildrenCache.refresh(PathChildrenCache.java:521)
	at org.apache.curator.framework.recipes.cache.RefreshOperation.invoke(RefreshOperation.java:35)
	at org.apache.curator.framework.recipes.cache.PathChildrenCache$9.run(PathChildrenCache.java:786)
	at java.util.concurrent.Executors$RunnableAdapter.call(Executors.java:511)
	at java.util.concurrent.FutureTask.run(FutureTask.java:266)
	at java.util.concurrent.Executors$RunnableAdapter.call(Executors.java:511)
	at java.util.concurrent.FutureTask.run(FutureTask.java:266)
	at java.util.concurrent.ThreadPoolExecutor.runWorker(ThreadPoolExecutor.java:1149)
	at java.util.concurrent.ThreadPoolExecutor$Worker.run(ThreadPoolExecutor.java:624)
	at java.lang.Thread.run(Thread.java:748)
Heap
 def new generation   total 153600K, used 56022K [0x00000000e0c00000, 0x00000000eb2a0000, 0x00000000eb2a0000)
  eden space 136576K,  40% used [0x00000000e0c00000, 0x00000000e4284040, 0x00000000e9160000)
  from space 17024K,   1% used [0x00000000e9160000, 0x00000000e9191858, 0x00000000ea200000)
  to   space 17024K,   0% used [0x00000000ea200000, 0x00000000ea200000, 0x00000000eb2a0000)
 tenured generation   total 341376K, used 44269K [0x00000000eb2a0000, 0x0000000100000000, 0x0000000100000000)
   the space 341376K,  12% used [0x00000000eb2a0000, 0x00000000edddb4f8, 0x00000000edddb600, 0x0000000100000000)
 Metaspace       used 35731K, capacity 36640K, committed 36864K, reserved 1081344K
  class space    used 4830K, capacity 5042K, committed 5120K, reserved 1048576K
