15:26:23,104 |-INFO in ch.qos.logback.classic.LoggerContext[default] - Could NOT find resource [logback-test.xml]
15:26:23,104 |-INFO in ch.qos.logback.classic.LoggerContext[default] - Could NOT find resource [logback.groovy]
15:26:23,105 |-INFO in ch.qos.logback.classic.LoggerContext[default] - Found resource [logback.xml] at [jar:file:/root/flamestream/lib/flamestream-runtime-1.0-SNAPSHOT.jar!/logback.xml]
15:26:23,106 |-WARN in ch.qos.logback.classic.LoggerContext[default] - Resource [logback.xml] occurs multiple times on the classpath.
15:26:23,106 |-WARN in ch.qos.logback.classic.LoggerContext[default] - Resource [logback.xml] occurs at [jar:file:/root/flamestream/lib/flamestream-runtime-1.0-SNAPSHOT.jar!/logback.xml]
15:26:23,106 |-WARN in ch.qos.logback.classic.LoggerContext[default] - Resource [logback.xml] occurs at [jar:file:/root/flamestream/flamestream-runtime-1.0-SNAPSHOT.jar!/logback.xml]
15:26:23,125 |-INFO in ch.qos.logback.core.joran.spi.ConfigurationWatchList@3fb6a447 - URL [jar:file:/root/flamestream/lib/flamestream-runtime-1.0-SNAPSHOT.jar!/logback.xml] is not of type file
15:26:23,197 |-INFO in ch.qos.logback.classic.joran.action.ConfigurationAction - debug attribute not set
15:26:23,198 |-INFO in ch.qos.logback.core.joran.action.AppenderAction - About to instantiate appender of type [ch.qos.logback.core.ConsoleAppender]
15:26:23,212 |-INFO in ch.qos.logback.core.joran.action.AppenderAction - Naming appender as [STDOUT]
15:26:23,230 |-INFO in ch.qos.logback.core.joran.action.NestedComplexPropertyIA - Assuming default type [ch.qos.logback.classic.encoder.PatternLayoutEncoder] for [encoder] property
15:26:23,313 |-INFO in ch.qos.logback.core.joran.action.AppenderAction - About to instantiate appender of type [ch.qos.logback.core.rolling.RollingFileAppender]
15:26:23,320 |-INFO in ch.qos.logback.core.joran.action.AppenderAction - Naming appender as [FILE]
15:26:23,352 |-INFO in c.q.l.core.rolling.TimeBasedRollingPolicy@127618319 - No compression will be used
15:26:23,353 |-INFO in c.q.l.core.rolling.TimeBasedRollingPolicy@127618319 - Will use the pattern /tmp/application_%d{yyyy-MM-dd}.%i.log for the active file
15:26:23,356 |-INFO in ch.qos.logback.core.rolling.SizeAndTimeBasedFNATP@6b2fad11 - The date pattern is 'yyyy-MM-dd' from file name pattern '/tmp/application_%d{yyyy-MM-dd}.%i.log'.
15:26:23,356 |-INFO in ch.qos.logback.core.rolling.SizeAndTimeBasedFNATP@6b2fad11 - Roll-over at midnight.
15:26:23,361 |-INFO in ch.qos.logback.core.rolling.SizeAndTimeBasedFNATP@6b2fad11 - Setting initial period to Mon Jun 10 15:25:09 UTC 2019
15:26:23,361 |-WARN in ch.qos.logback.core.rolling.SizeAndTimeBasedFNATP@6b2fad11 - SizeAndTimeBasedFNATP is deprecated. Use SizeAndTimeBasedRollingPolicy instead
15:26:23,361 |-WARN in ch.qos.logback.core.rolling.SizeAndTimeBasedFNATP@6b2fad11 - For more information see http://logback.qos.ch/manual/appenders.html#SizeAndTimeBasedRollingPolicy
15:26:23,365 |-INFO in ch.qos.logback.core.joran.action.NestedComplexPropertyIA - Assuming default type [ch.qos.logback.classic.encoder.PatternLayoutEncoder] for [encoder] property
15:26:23,370 |-INFO in ch.qos.logback.core.rolling.RollingFileAppender[FILE] - Active log file name: /tmp/application.log
15:26:23,370 |-INFO in ch.qos.logback.core.rolling.RollingFileAppender[FILE] - File property is set to [/tmp/application.log]
15:26:23,371 |-INFO in ch.qos.logback.classic.joran.action.RootLoggerAction - Setting level of ROOT logger to WARN
15:26:23,371 |-INFO in ch.qos.logback.core.joran.action.AppenderRefAction - Attaching appender named [STDOUT] to Logger[ROOT]
15:26:23,373 |-INFO in ch.qos.logback.core.joran.action.AppenderRefAction - Attaching appender named [FILE] to Logger[ROOT]
15:26:23,373 |-INFO in ch.qos.logback.classic.joran.action.ConfigurationAction - End of configuration.
15:26:23,374 |-INFO in ch.qos.logback.classic.joran.JoranConfigurator@79698539 - Registering current configuration as safe fallback point

Ama winner
Ama winner
2019-06-10T15:26:24.673+0000: 1.758: [Full GC (Metadata GC Threshold) 2019-06-10T15:26:24.673+0000: 1.758: [Tenured: 0K->15176K(341376K), 0.0388476 secs] 117752K->15176K(494976K), [Metaspace: 20736K->20736K(1067008K)], 0.0389168 secs] [Times: user=0.04 sys=0.00, real=0.04 secs] 
15:26:38.107 [Curator-PathChildrenCache-2] WARN  o.a.c.u.ZKPaths  - The version of ZooKeeper being used doesn't support Container nodes. CreateMode.PERSISTENT will be used instead.
2019-06-10T15:26:40.102+0000: 17.187: [GC (Allocation Failure) 2019-06-10T15:26:40.102+0000: 17.187: [DefNew: 136576K->17024K(153600K), 0.0275327 secs] 151752K->52550K(494976K), 0.0276008 secs] [Times: user=0.02 sys=0.02, real=0.03 secs] 
2019-06-10T15:26:40.952+0000: 18.037: [Full GC (Metadata GC Threshold) 2019-06-10T15:26:40.952+0000: 18.037: [Tenured: 35526K->44121K(341376K), 0.0367707 secs] 76260K->44121K(494976K), [Metaspace: 34641K->34641K(1079296K)], 0.0368454 secs] [Times: user=0.04 sys=0.00, real=0.04 secs] 
2019-06-10T15:26:43.738+0000: 20.823: [GC (Allocation Failure) 2019-06-10T15:26:43.738+0000: 20.823: [DefNew: 136576K->244K(153600K), 0.0022282 secs] 180697K->44365K(494976K), 0.0022969 secs] [Times: user=0.00 sys=0.00, real=0.00 secs] 
2019-06-10T15:26:46.586+0000: 23.671: [GC (Allocation Failure) 2019-06-10T15:26:46.586+0000: 23.671: [DefNew: 136820K->277K(153600K), 0.0021949 secs] 180941K->44398K(494976K), 0.0022509 secs] [Times: user=0.00 sys=0.00, real=0.00 secs] 
2019-06-10T15:26:49.484+0000: 26.569: [GC (Allocation Failure) 2019-06-10T15:26:49.484+0000: 26.569: [DefNew: 136853K->284K(153600K), 0.0022165 secs] 180974K->44405K(494976K), 0.0022731 secs] [Times: user=0.00 sys=0.00, real=0.01 secs] 
2019-06-10T15:26:52.364+0000: 29.449: [GC (Allocation Failure) 2019-06-10T15:26:52.365+0000: 29.449: [DefNew: 136860K->287K(153600K), 0.0022248 secs] 180981K->44408K(494976K), 0.0022805 secs] [Times: user=0.00 sys=0.00, real=0.01 secs] 
2019-06-10T15:26:55.299+0000: 32.384: [GC (Allocation Failure) 2019-06-10T15:26:55.299+0000: 32.384: [DefNew: 136863K->287K(153600K), 0.0022223 secs] 180984K->44408K(494976K), 0.0022764 secs] [Times: user=0.00 sys=0.00, real=0.00 secs] 
15:27:03.760 [Curator-PathChildrenCache-0] ERROR o.a.c.f.r.c.PathChildrenCache  - 
java.lang.IllegalStateException: instance must be started before calling this method
	at org.apache.curator.shaded.com.google.common.base.Preconditions.checkState(Preconditions.java:444)
	at org.apache.curator.framework.imps.CuratorFrameworkImpl.getChildren(CuratorFrameworkImpl.java:456)
	at org.apache.curator.framework.recipes.cache.PathChildrenCache.refresh(PathChildrenCache.java:521)
	at org.apache.curator.framework.recipes.cache.RefreshOperation.invoke(RefreshOperation.java:35)
	at org.apache.curator.framework.recipes.cache.PathChildrenCache$9.run(PathChildrenCache.java:786)
	at java.util.concurrent.Executors$RunnableAdapter.call(Executors.java:511)
	at java.util.concurrent.FutureTask.run(FutureTask.java:266)
	at java.util.concurrent.Executors$RunnableAdapter.call(Executors.java:511)
	at java.util.concurrent.FutureTask.run(FutureTask.java:266)
	at java.util.concurrent.ThreadPoolExecutor.runWorker(ThreadPoolExecutor.java:1149)
	at java.util.concurrent.ThreadPoolExecutor$Worker.run(ThreadPoolExecutor.java:624)
	at java.lang.Thread.run(Thread.java:748)
2019-06-10T15:27:03.784+0000: 40.869: [GC (Allocation Failure) 2019-06-10T15:27:03.784+0000: 40.869: [DefNew: 136863K->647K(153600K), 0.0038298 secs] 180984K->44768K(494976K), 0.0039176 secs] [Times: user=0.00 sys=0.00, real=0.01 secs] 
Heap
 def new generation   total 153600K, used 15274K [0x00000000e0c00000, 0x00000000eb2a0000, 0x00000000eb2a0000)
  eden space 136576K,  10% used [0x00000000e0c00000, 0x00000000e1a48d60, 0x00000000e9160000)
  from space 17024K,   3% used [0x00000000ea200000, 0x00000000ea2a1c40, 0x00000000eb2a0000)
  to   space 17024K,   0% used [0x00000000e9160000, 0x00000000e9160000, 0x00000000ea200000)
 tenured generation   total 341376K, used 44121K [0x00000000eb2a0000, 0x0000000100000000, 0x0000000100000000)
   the space 341376K,  12% used [0x00000000eb2a0000, 0x00000000eddb64b0, 0x00000000eddb6600, 0x0000000100000000)
 Metaspace       used 35989K, capacity 36948K, committed 37120K, reserved 1081344K
  class space    used 4862K, capacity 5062K, committed 5120K, reserved 1048576K
