08:24:57,527 |-INFO in ch.qos.logback.classic.LoggerContext[default] - Could NOT find resource [logback-test.xml]
08:24:57,527 |-INFO in ch.qos.logback.classic.LoggerContext[default] - Could NOT find resource [logback.groovy]
08:24:57,527 |-INFO in ch.qos.logback.classic.LoggerContext[default] - Found resource [logback.xml] at [jar:file:/root/flamestream/lib/flamestream-runtime-1.0-SNAPSHOT.jar!/logback.xml]
08:24:57,528 |-WARN in ch.qos.logback.classic.LoggerContext[default] - Resource [logback.xml] occurs multiple times on the classpath.
08:24:57,528 |-WARN in ch.qos.logback.classic.LoggerContext[default] - Resource [logback.xml] occurs at [jar:file:/root/flamestream/lib/flamestream-runtime-1.0-SNAPSHOT.jar!/logback.xml]
08:24:57,528 |-WARN in ch.qos.logback.classic.LoggerContext[default] - Resource [logback.xml] occurs at [jar:file:/root/flamestream/flamestream-runtime-1.0-SNAPSHOT.jar!/logback.xml]
08:24:57,548 |-INFO in ch.qos.logback.core.joran.spi.ConfigurationWatchList@3fb6a447 - URL [jar:file:/root/flamestream/lib/flamestream-runtime-1.0-SNAPSHOT.jar!/logback.xml] is not of type file
08:24:57,615 |-INFO in ch.qos.logback.classic.joran.action.ConfigurationAction - debug attribute not set
08:24:57,616 |-INFO in ch.qos.logback.core.joran.action.AppenderAction - About to instantiate appender of type [ch.qos.logback.core.ConsoleAppender]
08:24:57,632 |-INFO in ch.qos.logback.core.joran.action.AppenderAction - Naming appender as [STDOUT]
08:24:57,650 |-INFO in ch.qos.logback.core.joran.action.NestedComplexPropertyIA - Assuming default type [ch.qos.logback.classic.encoder.PatternLayoutEncoder] for [encoder] property
08:24:57,739 |-INFO in ch.qos.logback.core.joran.action.AppenderAction - About to instantiate appender of type [ch.qos.logback.core.rolling.RollingFileAppender]
08:24:57,744 |-INFO in ch.qos.logback.core.joran.action.AppenderAction - Naming appender as [FILE]
08:24:57,774 |-INFO in c.q.l.core.rolling.TimeBasedRollingPolicy@127618319 - No compression will be used
08:24:57,776 |-INFO in c.q.l.core.rolling.TimeBasedRollingPolicy@127618319 - Will use the pattern /tmp/application_%d{yyyy-MM-dd}.%i.log for the active file
08:24:57,779 |-INFO in ch.qos.logback.core.rolling.SizeAndTimeBasedFNATP@6b2fad11 - The date pattern is 'yyyy-MM-dd' from file name pattern '/tmp/application_%d{yyyy-MM-dd}.%i.log'.
08:24:57,779 |-INFO in ch.qos.logback.core.rolling.SizeAndTimeBasedFNATP@6b2fad11 - Roll-over at midnight.
08:24:57,784 |-INFO in ch.qos.logback.core.rolling.SizeAndTimeBasedFNATP@6b2fad11 - Setting initial period to Tue Jun 11 08:23:41 UTC 2019
08:24:57,784 |-WARN in ch.qos.logback.core.rolling.SizeAndTimeBasedFNATP@6b2fad11 - SizeAndTimeBasedFNATP is deprecated. Use SizeAndTimeBasedRollingPolicy instead
08:24:57,784 |-WARN in ch.qos.logback.core.rolling.SizeAndTimeBasedFNATP@6b2fad11 - For more information see http://logback.qos.ch/manual/appenders.html#SizeAndTimeBasedRollingPolicy
08:24:57,788 |-INFO in ch.qos.logback.core.joran.action.NestedComplexPropertyIA - Assuming default type [ch.qos.logback.classic.encoder.PatternLayoutEncoder] for [encoder] property
08:24:57,793 |-INFO in ch.qos.logback.core.rolling.RollingFileAppender[FILE] - Active log file name: /tmp/application.log
08:24:57,793 |-INFO in ch.qos.logback.core.rolling.RollingFileAppender[FILE] - File property is set to [/tmp/application.log]
08:24:57,793 |-INFO in ch.qos.logback.classic.joran.action.RootLoggerAction - Setting level of ROOT logger to WARN
08:24:57,793 |-INFO in ch.qos.logback.core.joran.action.AppenderRefAction - Attaching appender named [STDOUT] to Logger[ROOT]
08:24:57,795 |-INFO in ch.qos.logback.core.joran.action.AppenderRefAction - Attaching appender named [FILE] to Logger[ROOT]
08:24:57,795 |-INFO in ch.qos.logback.classic.joran.action.ConfigurationAction - End of configuration.
08:24:57,796 |-INFO in ch.qos.logback.classic.joran.JoranConfigurator@79698539 - Registering current configuration as safe fallback point

Ama winner
Ama winner
2019-06-11T08:24:59.451+0000: 2.109: [Full GC (Metadata GC Threshold) 2019-06-11T08:24:59.451+0000: 2.109: [Tenured: 0K->15241K(341376K), 0.0398985 secs] 117655K->15241K(494976K), [Metaspace: 20740K->20740K(1067008K)], 0.0399692 secs] [Times: user=0.04 sys=0.01, real=0.04 secs] 
08:25:16.784 [Curator-PathChildrenCache-1] WARN  o.a.c.u.ZKPaths  - The version of ZooKeeper being used doesn't support Container nodes. CreateMode.PERSISTENT will be used instead.
2019-06-11T08:25:19.225+0000: 21.883: [GC (Allocation Failure) 2019-06-11T08:25:19.225+0000: 21.883: [DefNew: 136576K->17023K(153600K), 0.0274358 secs] 151817K->52736K(494976K), 0.0275071 secs] [Times: user=0.02 sys=0.01, real=0.03 secs] 
2019-06-11T08:25:21.445+0000: 24.103: [Full GC (Metadata GC Threshold) 2019-06-11T08:25:21.445+0000: 24.103: [Tenured: 35712K->44116K(341376K), 0.0457433 secs] 108091K->44116K(494976K), [Metaspace: 34529K->34529K(1079296K)], 0.0458197 secs] [Times: user=0.05 sys=0.00, real=0.05 secs] 
2019-06-11T08:25:27.452+0000: 30.110: [GC (Allocation Failure) 2019-06-11T08:25:27.452+0000: 30.110: [DefNew: 136576K->90K(153600K), 0.0017834 secs] 180692K->44207K(494976K), 0.0018418 secs] [Times: user=0.00 sys=0.00, real=0.00 secs] 
2019-06-11T08:25:33.624+0000: 36.282: [GC (Allocation Failure) 2019-06-11T08:25:33.624+0000: 36.282: [DefNew: 136666K->127K(153600K), 0.0017889 secs] 180783K->44244K(494976K), 0.0018548 secs] [Times: user=0.00 sys=0.00, real=0.00 secs] 
2019-06-11T08:25:39.759+0000: 42.418: [GC (Allocation Failure) 2019-06-11T08:25:39.759+0000: 42.418: [DefNew: 136703K->157K(153600K), 0.0018224 secs] 180820K->44273K(494976K), 0.0018817 secs] [Times: user=0.00 sys=0.00, real=0.00 secs] 
2019-06-11T08:25:45.962+0000: 48.620: [GC (Allocation Failure) 2019-06-11T08:25:45.962+0000: 48.620: [DefNew: 136733K->163K(153600K), 0.0017593 secs] 180849K->44280K(494976K), 0.0018185 secs] [Times: user=0.00 sys=0.00, real=0.00 secs] 
2019-06-11T08:25:55.236+0000: 57.894: [GC (Allocation Failure) 2019-06-11T08:25:55.236+0000: 57.894: [DefNew: 136739K->159K(153600K), 0.0019043 secs] 180856K->44275K(494976K), 0.0019700 secs] [Times: user=0.00 sys=0.00, real=0.01 secs] 
08:26:00.319 [Curator-PathChildrenCache-0] ERROR o.a.c.f.r.c.PathChildrenCache  - 
java.lang.IllegalStateException: instance must be started before calling this method
	at org.apache.curator.shaded.com.google.common.base.Preconditions.checkState(Preconditions.java:444)
	at org.apache.curator.framework.imps.CuratorFrameworkImpl.getChildren(CuratorFrameworkImpl.java:456)
	at org.apache.curator.framework.recipes.cache.PathChildrenCache.refresh(PathChildrenCache.java:521)
	at org.apache.curator.framework.recipes.cache.RefreshOperation.invoke(RefreshOperation.java:35)
	at org.apache.curator.framework.recipes.cache.PathChildrenCache$9.run(PathChildrenCache.java:786)
	at java.util.concurrent.Executors$RunnableAdapter.call(Executors.java:511)
	at java.util.concurrent.FutureTask.run(FutureTask.java:266)
	at java.util.concurrent.Executors$RunnableAdapter.call(Executors.java:511)
	at java.util.concurrent.FutureTask.run(FutureTask.java:266)
	at java.util.concurrent.ThreadPoolExecutor.runWorker(ThreadPoolExecutor.java:1149)
	at java.util.concurrent.ThreadPoolExecutor$Worker.run(ThreadPoolExecutor.java:624)
	at java.lang.Thread.run(Thread.java:748)
Heap
 def new generation   total 153600K, used 45690K [0x00000000e0c00000, 0x00000000eb2a0000, 0x00000000eb2a0000)
  eden space 136576K,  33% used [0x00000000e0c00000, 0x00000000e3876cb8, 0x00000000e9160000)
  from space 17024K,   0% used [0x00000000e9160000, 0x00000000e9187d48, 0x00000000ea200000)
  to   space 17024K,   0% used [0x00000000ea200000, 0x00000000ea200000, 0x00000000eb2a0000)
 tenured generation   total 341376K, used 44116K [0x00000000eb2a0000, 0x0000000100000000, 0x0000000100000000)
   the space 341376K,  12% used [0x00000000eb2a0000, 0x00000000eddb5270, 0x00000000eddb5400, 0x0000000100000000)
 Metaspace       used 36052K, capacity 36960K, committed 37120K, reserved 1081344K
  class space    used 4868K, capacity 5080K, committed 5120K, reserved 1048576K
