05:31:17,676 |-INFO in ch.qos.logback.classic.LoggerContext[default] - Could NOT find resource [logback-test.xml]
05:31:17,676 |-INFO in ch.qos.logback.classic.LoggerContext[default] - Could NOT find resource [logback.groovy]
05:31:17,676 |-INFO in ch.qos.logback.classic.LoggerContext[default] - Found resource [logback.xml] at [jar:file:/root/flamestream/lib/flamestream-runtime-1.0-SNAPSHOT.jar!/logback.xml]
05:31:17,677 |-WARN in ch.qos.logback.classic.LoggerContext[default] - Resource [logback.xml] occurs multiple times on the classpath.
05:31:17,677 |-WARN in ch.qos.logback.classic.LoggerContext[default] - Resource [logback.xml] occurs at [jar:file:/root/flamestream/lib/flamestream-runtime-1.0-SNAPSHOT.jar!/logback.xml]
05:31:17,677 |-WARN in ch.qos.logback.classic.LoggerContext[default] - Resource [logback.xml] occurs at [jar:file:/root/flamestream/flamestream-runtime-1.0-SNAPSHOT.jar!/logback.xml]
05:31:17,696 |-INFO in ch.qos.logback.core.joran.spi.ConfigurationWatchList@3fb6a447 - URL [jar:file:/root/flamestream/lib/flamestream-runtime-1.0-SNAPSHOT.jar!/logback.xml] is not of type file
05:31:17,760 |-INFO in ch.qos.logback.classic.joran.action.ConfigurationAction - debug attribute not set
05:31:17,766 |-INFO in ch.qos.logback.core.joran.action.AppenderAction - About to instantiate appender of type [ch.qos.logback.core.ConsoleAppender]
05:31:17,776 |-INFO in ch.qos.logback.core.joran.action.AppenderAction - Naming appender as [STDOUT]
05:31:17,787 |-INFO in ch.qos.logback.core.joran.action.NestedComplexPropertyIA - Assuming default type [ch.qos.logback.classic.encoder.PatternLayoutEncoder] for [encoder] property
05:31:17,885 |-INFO in ch.qos.logback.core.joran.action.AppenderAction - About to instantiate appender of type [ch.qos.logback.core.rolling.RollingFileAppender]
05:31:17,896 |-INFO in ch.qos.logback.core.joran.action.AppenderAction - Naming appender as [FILE]
05:31:17,928 |-INFO in c.q.l.core.rolling.TimeBasedRollingPolicy@127618319 - No compression will be used
05:31:17,929 |-INFO in c.q.l.core.rolling.TimeBasedRollingPolicy@127618319 - Will use the pattern /tmp/application_%d{yyyy-MM-dd}.%i.log for the active file
05:31:17,932 |-INFO in ch.qos.logback.core.rolling.SizeAndTimeBasedFNATP@6b2fad11 - The date pattern is 'yyyy-MM-dd' from file name pattern '/tmp/application_%d{yyyy-MM-dd}.%i.log'.
05:31:17,932 |-INFO in ch.qos.logback.core.rolling.SizeAndTimeBasedFNATP@6b2fad11 - Roll-over at midnight.
05:31:17,937 |-INFO in ch.qos.logback.core.rolling.SizeAndTimeBasedFNATP@6b2fad11 - Setting initial period to Tue Jun 11 05:29:59 UTC 2019
05:31:17,937 |-WARN in ch.qos.logback.core.rolling.SizeAndTimeBasedFNATP@6b2fad11 - SizeAndTimeBasedFNATP is deprecated. Use SizeAndTimeBasedRollingPolicy instead
05:31:17,937 |-WARN in ch.qos.logback.core.rolling.SizeAndTimeBasedFNATP@6b2fad11 - For more information see http://logback.qos.ch/manual/appenders.html#SizeAndTimeBasedRollingPolicy
05:31:17,941 |-INFO in ch.qos.logback.core.joran.action.NestedComplexPropertyIA - Assuming default type [ch.qos.logback.classic.encoder.PatternLayoutEncoder] for [encoder] property
05:31:17,946 |-INFO in ch.qos.logback.core.rolling.RollingFileAppender[FILE] - Active log file name: /tmp/application.log
05:31:17,946 |-INFO in ch.qos.logback.core.rolling.RollingFileAppender[FILE] - File property is set to [/tmp/application.log]
05:31:17,947 |-INFO in ch.qos.logback.classic.joran.action.RootLoggerAction - Setting level of ROOT logger to WARN
05:31:17,947 |-INFO in ch.qos.logback.core.joran.action.AppenderRefAction - Attaching appender named [STDOUT] to Logger[ROOT]
05:31:17,949 |-INFO in ch.qos.logback.core.joran.action.AppenderRefAction - Attaching appender named [FILE] to Logger[ROOT]
05:31:17,949 |-INFO in ch.qos.logback.classic.joran.action.ConfigurationAction - End of configuration.
05:31:17,950 |-INFO in ch.qos.logback.classic.joran.JoranConfigurator@79698539 - Registering current configuration as safe fallback point

Ama winner
Ama winner
2019-06-11T05:31:19.585+0000: 2.095: [Full GC (Metadata GC Threshold) 2019-06-11T05:31:19.585+0000: 2.095: [Tenured: 0K->15242K(341376K), 0.0389383 secs] 120546K->15242K(494976K), [Metaspace: 20735K->20735K(1067008K)], 0.0389962 secs] [Times: user=0.04 sys=0.00, real=0.04 secs] 
05:31:36.130 [Curator-PathChildrenCache-1] WARN  o.a.c.u.ZKPaths  - The version of ZooKeeper being used doesn't support Container nodes. CreateMode.PERSISTENT will be used instead.
2019-06-11T05:31:38.173+0000: 20.683: [GC (Allocation Failure) 2019-06-11T05:31:38.173+0000: 20.683: [DefNew: 136576K->17023K(153600K), 0.0255655 secs] 151818K->52439K(494976K), 0.0256344 secs] [Times: user=0.02 sys=0.00, real=0.02 secs] 
2019-06-11T05:31:40.772+0000: 23.281: [Full GC (Metadata GC Threshold) 2019-06-11T05:31:40.772+0000: 23.281: [Tenured: 35415K->43760K(341376K), 0.0441569 secs] 98209K->43760K(494976K), [Metaspace: 34583K->34583K(1079296K)], 0.0442322 secs] [Times: user=0.04 sys=0.00, real=0.04 secs] 
2019-06-11T05:31:47.964+0000: 30.473: [GC (Allocation Failure) 2019-06-11T05:31:47.964+0000: 30.473: [DefNew: 136576K->94K(153600K), 0.0017715 secs] 180336K->43854K(494976K), 0.0018279 secs] [Times: user=0.00 sys=0.00, real=0.00 secs] 
2019-06-11T05:31:55.011+0000: 37.520: [GC (Allocation Failure) 2019-06-11T05:31:55.011+0000: 37.520: [DefNew: 136670K->125K(153600K), 0.0016754 secs] 180430K->43885K(494976K), 0.0017408 secs] [Times: user=0.00 sys=0.00, real=0.00 secs] 
2019-06-11T05:32:02.233+0000: 44.743: [GC (Allocation Failure) 2019-06-11T05:32:02.233+0000: 44.743: [DefNew: 136701K->156K(153600K), 0.0017179 secs] 180461K->43916K(494976K), 0.0017867 secs] [Times: user=0.00 sys=0.00, real=0.00 secs] 
2019-06-11T05:32:09.510+0000: 52.020: [GC (Allocation Failure) 2019-06-11T05:32:09.510+0000: 52.020: [DefNew: 136732K->159K(153600K), 0.0017840 secs] 180492K->43919K(494976K), 0.0018533 secs] [Times: user=0.00 sys=0.01, real=0.00 secs] 
2019-06-11T05:32:16.807+0000: 59.316: [GC (Allocation Failure) 2019-06-11T05:32:16.807+0000: 59.317: [DefNew: 136735K->160K(153600K), 0.0016847 secs] 180495K->43920K(494976K), 0.0017428 secs] [Times: user=0.00 sys=0.00, real=0.00 secs] 
05:32:31.619 [Curator-PathChildrenCache-0] ERROR o.a.c.f.r.c.PathChildrenCache  - 
java.lang.IllegalStateException: instance must be started before calling this method
	at org.apache.curator.shaded.com.google.common.base.Preconditions.checkState(Preconditions.java:444)
	at org.apache.curator.framework.imps.CuratorFrameworkImpl.getChildren(CuratorFrameworkImpl.java:456)
	at org.apache.curator.framework.recipes.cache.PathChildrenCache.refresh(PathChildrenCache.java:521)
	at org.apache.curator.framework.recipes.cache.RefreshOperation.invoke(RefreshOperation.java:35)
	at org.apache.curator.framework.recipes.cache.PathChildrenCache$9.run(PathChildrenCache.java:786)
	at java.util.concurrent.Executors$RunnableAdapter.call(Executors.java:511)
	at java.util.concurrent.FutureTask.run(FutureTask.java:266)
	at java.util.concurrent.Executors$RunnableAdapter.call(Executors.java:511)
	at java.util.concurrent.FutureTask.run(FutureTask.java:266)
	at java.util.concurrent.ThreadPoolExecutor.runWorker(ThreadPoolExecutor.java:1149)
	at java.util.concurrent.ThreadPoolExecutor$Worker.run(ThreadPoolExecutor.java:624)
	at java.lang.Thread.run(Thread.java:748)
Heap
 def new generation   total 153600K, used 104741K [0x00000000e0c00000, 0x00000000eb2a0000, 0x00000000eb2a0000)
  eden space 136576K,  76% used [0x00000000e0c00000, 0x00000000e7221420, 0x00000000e9160000)
  from space 17024K,   0% used [0x00000000e9160000, 0x00000000e9188150, 0x00000000ea200000)
  to   space 17024K,   0% used [0x00000000ea200000, 0x00000000ea200000, 0x00000000eb2a0000)
 tenured generation   total 341376K, used 43760K [0x00000000eb2a0000, 0x0000000100000000, 0x0000000100000000)
   the space 341376K,  12% used [0x00000000eb2a0000, 0x00000000edd5c008, 0x00000000edd5c200, 0x0000000100000000)
 Metaspace       used 36023K, capacity 36922K, committed 37120K, reserved 1081344K
  class space    used 4872K, capacity 5073K, committed 5120K, reserved 1048576K
