00:34:14,942 |-INFO in ch.qos.logback.classic.LoggerContext[default] - Could NOT find resource [logback-test.xml]
00:34:14,942 |-INFO in ch.qos.logback.classic.LoggerContext[default] - Could NOT find resource [logback.groovy]
00:34:14,943 |-INFO in ch.qos.logback.classic.LoggerContext[default] - Found resource [logback.xml] at [jar:file:/home/nikitasokolov/flamestream/lib/flamestream-runtime-1.0-SNAPSHOT.jar!/logback.xml]
00:34:14,943 |-WARN in ch.qos.logback.classic.LoggerContext[default] - Resource [logback.xml] occurs multiple times on the classpath.
00:34:14,944 |-WARN in ch.qos.logback.classic.LoggerContext[default] - Resource [logback.xml] occurs at [jar:file:/home/nikitasokolov/flamestream/lib/flamestream-runtime-1.0-SNAPSHOT.jar!/logback.xml]
00:34:14,944 |-WARN in ch.qos.logback.classic.LoggerContext[default] - Resource [logback.xml] occurs at [jar:file:/home/nikitasokolov/flamestream/flamestream-runtime-1.0-SNAPSHOT.jar!/logback.xml]
00:34:14,959 |-INFO in ch.qos.logback.core.joran.spi.ConfigurationWatchList@6108b2d7 - URL [jar:file:/home/nikitasokolov/flamestream/lib/flamestream-runtime-1.0-SNAPSHOT.jar!/logback.xml] is not of type file
00:34:15,008 |-INFO in ch.qos.logback.classic.joran.action.ConfigurationAction - debug attribute not set
00:34:15,009 |-INFO in ch.qos.logback.core.joran.action.AppenderAction - About to instantiate appender of type [ch.qos.logback.core.ConsoleAppender]
00:34:15,016 |-INFO in ch.qos.logback.core.joran.action.AppenderAction - Naming appender as [STDOUT]
00:34:15,025 |-INFO in ch.qos.logback.core.joran.action.NestedComplexPropertyIA - Assuming default type [ch.qos.logback.classic.encoder.PatternLayoutEncoder] for [encoder] property
00:34:15,078 |-INFO in ch.qos.logback.core.joran.action.AppenderAction - About to instantiate appender of type [ch.qos.logback.core.rolling.RollingFileAppender]
00:34:15,083 |-INFO in ch.qos.logback.core.joran.action.AppenderAction - Naming appender as [FILE]
00:34:15,104 |-INFO in c.q.l.core.rolling.TimeBasedRollingPolicy@357863579 - No compression will be used
00:34:15,105 |-INFO in c.q.l.core.rolling.TimeBasedRollingPolicy@357863579 - Will use the pattern /tmp/application_%d{yyyy-MM-dd}.%i.log for the active file
00:34:15,108 |-INFO in ch.qos.logback.core.rolling.SizeAndTimeBasedFNATP@6bf256fa - The date pattern is 'yyyy-MM-dd' from file name pattern '/tmp/application_%d{yyyy-MM-dd}.%i.log'.
00:34:15,108 |-INFO in ch.qos.logback.core.rolling.SizeAndTimeBasedFNATP@6bf256fa - Roll-over at midnight.
00:34:15,112 |-INFO in ch.qos.logback.core.rolling.SizeAndTimeBasedFNATP@6bf256fa - Setting initial period to Sun Jun 09 00:33:31 MSK 2019
00:34:15,112 |-WARN in ch.qos.logback.core.rolling.SizeAndTimeBasedFNATP@6bf256fa - SizeAndTimeBasedFNATP is deprecated. Use SizeAndTimeBasedRollingPolicy instead
00:34:15,112 |-WARN in ch.qos.logback.core.rolling.SizeAndTimeBasedFNATP@6bf256fa - For more information see http://logback.qos.ch/manual/appenders.html#SizeAndTimeBasedRollingPolicy
00:34:15,117 |-INFO in ch.qos.logback.core.joran.action.NestedComplexPropertyIA - Assuming default type [ch.qos.logback.classic.encoder.PatternLayoutEncoder] for [encoder] property
00:34:15,119 |-INFO in ch.qos.logback.core.rolling.RollingFileAppender[FILE] - Active log file name: /tmp/application.log
00:34:15,119 |-INFO in ch.qos.logback.core.rolling.RollingFileAppender[FILE] - File property is set to [/tmp/application.log]
00:34:15,120 |-INFO in ch.qos.logback.classic.joran.action.RootLoggerAction - Setting level of ROOT logger to WARN
00:34:15,121 |-INFO in ch.qos.logback.core.joran.action.AppenderRefAction - Attaching appender named [STDOUT] to Logger[ROOT]
00:34:15,121 |-INFO in ch.qos.logback.core.joran.action.AppenderRefAction - Attaching appender named [FILE] to Logger[ROOT]
00:34:15,121 |-INFO in ch.qos.logback.classic.joran.action.ConfigurationAction - End of configuration.
00:34:15,122 |-INFO in ch.qos.logback.classic.joran.JoranConfigurator@6cd8737 - Registering current configuration as safe fallback point

2019-06-09T00:34:16.125+0300: 1.378: [GC (Metadata GC Threshold) [PSYoungGen: 108152K->15855K(149504K)] 108152K->15935K(491008K), 0.0199672 secs] [Times: user=0.08 sys=0.03, real=0.02 secs] 
2019-06-09T00:34:16.145+0300: 1.398: [Full GC (Metadata GC Threshold) [PSYoungGen: 15855K->0K(149504K)] [ParOldGen: 80K->14981K(341504K)] 15935K->14981K(491008K), [Metaspace: 20800K->20800K(1067008K)], 0.0291010 secs] [Times: user=0.19 sys=0.00, real=0.03 secs] 
00:34:23.399 [Curator-PathChildrenCache-1] WARN  o.a.c.u.ZKPaths  - The version of ZooKeeper being used doesn't support Container nodes. CreateMode.PERSISTENT will be used instead.
2019-06-09T00:34:24.309+0300: 9.562: [GC (Metadata GC Threshold) [PSYoungGen: 127651K->16015K(149504K)] 142632K->50536K(491008K), 0.0331865 secs] [Times: user=0.29 sys=0.02, real=0.04 secs] 
2019-06-09T00:34:24.342+0300: 9.595: [Full GC (Metadata GC Threshold) [PSYoungGen: 16015K->0K(149504K)] [ParOldGen: 34521K->38848K(341504K)] 50536K->38848K(491008K), [Metaspace: 34575K->34575K(1079296K)], 0.0497994 secs] [Times: user=0.36 sys=0.01, real=0.05 secs] 
2019-06-09T00:34:25.964+0300: 11.217: [GC (Allocation Failure) [PSYoungGen: 128512K->672K(149504K)] 167360K->39528K(491008K), 0.0041307 secs] [Times: user=0.02 sys=0.01, real=0.00 secs] 
2019-06-09T00:34:27.347+0300: 12.600: [GC (Allocation Failure) [PSYoungGen: 129184K->704K(149504K)] 168040K->39568K(491008K), 0.0030309 secs] [Times: user=0.01 sys=0.00, real=0.01 secs] 
2019-06-09T00:34:28.929+0300: 14.182: [GC (Allocation Failure) [PSYoungGen: 129216K->672K(129536K)] 168080K->39544K(471040K), 0.0755567 secs] [Times: user=0.00 sys=0.02, real=0.08 secs] 
2019-06-09T00:34:30.086+0300: 15.339: [GC (Allocation Failure) [PSYoungGen: 129184K->768K(150016K)] 168056K->39648K(491520K), 0.0038678 secs] [Times: user=0.03 sys=0.01, real=0.01 secs] 
2019-06-09T00:34:30.969+0300: 16.222: [GC (Allocation Failure) [PSYoungGen: 129280K->640K(148992K)] 168160K->39520K(490496K), 0.0029831 secs] [Times: user=0.01 sys=0.00, real=0.01 secs] 
2019-06-09T00:34:32.159+0300: 17.412: [GC (Allocation Failure) [PSYoungGen: 129152K->832K(151552K)] 168032K->39712K(493056K), 0.0028386 secs] [Times: user=0.01 sys=0.01, real=0.00 secs] 
2019-06-09T00:34:33.030+0300: 18.283: [GC (Allocation Failure) [PSYoungGen: 132416K->992K(150528K)] 171296K->39872K(492032K), 0.0028983 secs] [Times: user=0.01 sys=0.00, real=0.00 secs] 
2019-06-09T00:34:34.270+0300: 19.523: [GC (Allocation Failure) [PSYoungGen: 132576K->1696K(153600K)] 171456K->40576K(495104K), 0.0567214 secs] [Times: user=0.02 sys=0.00, real=0.05 secs] 
2019-06-09T00:34:35.289+0300: 20.542: [GC (Allocation Failure) [PSYoungGen: 137376K->768K(152576K)] 176256K->39648K(494080K), 0.0066920 secs] [Times: user=0.05 sys=0.01, real=0.01 secs] 
2019-06-09T00:34:36.499+0300: 21.752: [GC (Allocation Failure) [PSYoungGen: 136448K->928K(155136K)] 175328K->39816K(496640K), 0.0040640 secs] [Times: user=0.02 sys=0.00, real=0.00 secs] 
2019-06-09T00:34:37.607+0300: 22.860: [GC (Allocation Failure) [PSYoungGen: 139680K->864K(154112K)] 178568K->39760K(495616K), 0.0033239 secs] [Times: user=0.02 sys=0.00, real=0.01 secs] 
2019-06-09T00:34:38.619+0300: 23.872: [GC (Allocation Failure) [PSYoungGen: 139616K->928K(156672K)] 178512K->39824K(498176K), 0.0027897 secs] [Times: user=0.01 sys=0.00, real=0.00 secs] 
2019-06-09T00:34:39.503+0300: 24.756: [GC (Allocation Failure) [PSYoungGen: 142752K->832K(155648K)] 181648K->39736K(497152K), 0.1082619 secs] [Times: user=0.01 sys=0.01, real=0.11 secs] 
2019-06-09T00:34:40.828+0300: 26.081: [GC (Allocation Failure) [PSYoungGen: 142656K->864K(157696K)] 181560K->39768K(499200K), 0.0027853 secs] [Times: user=0.02 sys=0.00, real=0.01 secs] 
2019-06-09T00:34:41.995+0300: 27.248: [GC (Allocation Failure) [PSYoungGen: 145248K->864K(157184K)] 184152K->39768K(498688K), 0.0034579 secs] [Times: user=0.02 sys=0.00, real=0.01 secs] 
2019-06-09T00:34:43.306+0300: 28.559: [GC (Allocation Failure) [PSYoungGen: 145248K->608K(159232K)] 184152K->39792K(500736K), 0.0050269 secs] [Times: user=0.03 sys=0.00, real=0.01 secs] 
2019-06-09T00:34:44.948+0300: 30.201: [GC (Allocation Failure) [PSYoungGen: 148064K->480K(158720K)] 187248K->39752K(500224K), 0.0671633 secs] [Times: user=0.03 sys=0.01, real=0.07 secs] 
00:34:52.488 [Curator-PathChildrenCache-0] ERROR o.a.c.f.r.c.PathChildrenCache  - 
java.lang.IllegalStateException: instance must be started before calling this method
	at org.apache.curator.shaded.com.google.common.base.Preconditions.checkState(Preconditions.java:444)
	at org.apache.curator.framework.imps.CuratorFrameworkImpl.getChildren(CuratorFrameworkImpl.java:456)
	at org.apache.curator.framework.recipes.cache.PathChildrenCache.refresh(PathChildrenCache.java:521)
	at org.apache.curator.framework.recipes.cache.RefreshOperation.invoke(RefreshOperation.java:35)
	at org.apache.curator.framework.recipes.cache.PathChildrenCache$9.run(PathChildrenCache.java:786)
	at java.util.concurrent.Executors$RunnableAdapter.call(Executors.java:511)
	at java.util.concurrent.FutureTask.run(FutureTask.java:266)
	at java.util.concurrent.Executors$RunnableAdapter.call(Executors.java:511)
	at java.util.concurrent.FutureTask.run(FutureTask.java:266)
	at java.util.concurrent.ThreadPoolExecutor.runWorker(ThreadPoolExecutor.java:1149)
	at java.util.concurrent.ThreadPoolExecutor$Worker.run(ThreadPoolExecutor.java:624)
	at java.lang.Thread.run(Thread.java:748)
Heap
 PSYoungGen      total 158720K, used 65109K [0x00000000f5980000, 0x0000000100000000, 0x0000000100000000)
  eden space 147456K, 43% used [0x00000000f5980000,0x00000000f989d5b8,0x00000000fe980000)
  from space 11264K, 4% used [0x00000000fe980000,0x00000000fe9f8000,0x00000000ff480000)
  to   space 10752K, 0% used [0x00000000ff580000,0x00000000ff580000,0x0000000100000000)
 ParOldGen       total 341504K, used 39272K [0x00000000e0c00000, 0x00000000f5980000, 0x00000000f5980000)
  object space 341504K, 11% used [0x00000000e0c00000,0x00000000e325a1b0,0x00000000f5980000)
 Metaspace       used 35786K, capacity 36622K, committed 36952K, reserved 1081344K
  class space    used 4935K, capacity 5129K, committed 5248K, reserved 1048576K
