23:55:14,718 |-INFO in ch.qos.logback.classic.LoggerContext[default] - Could NOT find resource [logback-test.xml]
23:55:14,718 |-INFO in ch.qos.logback.classic.LoggerContext[default] - Could NOT find resource [logback.groovy]
23:55:14,718 |-INFO in ch.qos.logback.classic.LoggerContext[default] - Found resource [logback.xml] at [jar:file:/home/nikitasokolov/flamestream/lib/flamestream-runtime-1.0-SNAPSHOT.jar!/logback.xml]
23:55:14,719 |-WARN in ch.qos.logback.classic.LoggerContext[default] - Resource [logback.xml] occurs multiple times on the classpath.
23:55:14,719 |-WARN in ch.qos.logback.classic.LoggerContext[default] - Resource [logback.xml] occurs at [jar:file:/home/nikitasokolov/flamestream/lib/flamestream-runtime-1.0-SNAPSHOT.jar!/logback.xml]
23:55:14,719 |-WARN in ch.qos.logback.classic.LoggerContext[default] - Resource [logback.xml] occurs at [jar:file:/home/nikitasokolov/flamestream/flamestream-runtime-1.0-SNAPSHOT.jar!/logback.xml]
23:55:14,736 |-INFO in ch.qos.logback.core.joran.spi.ConfigurationWatchList@6bf256fa - URL [jar:file:/home/nikitasokolov/flamestream/lib/flamestream-runtime-1.0-SNAPSHOT.jar!/logback.xml] is not of type file
23:55:14,789 |-INFO in ch.qos.logback.classic.joran.action.ConfigurationAction - debug attribute not set
23:55:14,790 |-INFO in ch.qos.logback.core.joran.action.AppenderAction - About to instantiate appender of type [ch.qos.logback.core.ConsoleAppender]
23:55:14,797 |-INFO in ch.qos.logback.core.joran.action.AppenderAction - Naming appender as [STDOUT]
23:55:14,805 |-INFO in ch.qos.logback.core.joran.action.NestedComplexPropertyIA - Assuming default type [ch.qos.logback.classic.encoder.PatternLayoutEncoder] for [encoder] property
23:55:14,872 |-INFO in ch.qos.logback.core.joran.action.AppenderAction - About to instantiate appender of type [ch.qos.logback.core.rolling.RollingFileAppender]
23:55:14,879 |-INFO in ch.qos.logback.core.joran.action.AppenderAction - Naming appender as [FILE]
23:55:14,901 |-INFO in c.q.l.core.rolling.TimeBasedRollingPolicy@114132791 - No compression will be used
23:55:14,903 |-INFO in c.q.l.core.rolling.TimeBasedRollingPolicy@114132791 - Will use the pattern /tmp/application_%d{yyyy-MM-dd}.%i.log for the active file
23:55:14,906 |-INFO in ch.qos.logback.core.rolling.SizeAndTimeBasedFNATP@22f71333 - The date pattern is 'yyyy-MM-dd' from file name pattern '/tmp/application_%d{yyyy-MM-dd}.%i.log'.
23:55:14,906 |-INFO in ch.qos.logback.core.rolling.SizeAndTimeBasedFNATP@22f71333 - Roll-over at midnight.
23:55:14,910 |-INFO in ch.qos.logback.core.rolling.SizeAndTimeBasedFNATP@22f71333 - Setting initial period to Thu Jun 06 22:00:24 MSK 2019
23:55:14,910 |-WARN in ch.qos.logback.core.rolling.SizeAndTimeBasedFNATP@22f71333 - SizeAndTimeBasedFNATP is deprecated. Use SizeAndTimeBasedRollingPolicy instead
23:55:14,910 |-WARN in ch.qos.logback.core.rolling.SizeAndTimeBasedFNATP@22f71333 - For more information see http://logback.qos.ch/manual/appenders.html#SizeAndTimeBasedRollingPolicy
23:55:14,913 |-INFO in ch.qos.logback.core.joran.action.NestedComplexPropertyIA - Assuming default type [ch.qos.logback.classic.encoder.PatternLayoutEncoder] for [encoder] property
23:55:14,916 |-INFO in ch.qos.logback.core.rolling.RollingFileAppender[FILE] - Active log file name: /tmp/application.log
23:55:14,916 |-INFO in ch.qos.logback.core.rolling.RollingFileAppender[FILE] - File property is set to [/tmp/application.log]
23:55:14,917 |-ERROR in ch.qos.logback.core.rolling.RollingFileAppender[FILE] - openFile(/tmp/application.log,true) call failed. java.io.FileNotFoundException: /tmp/application.log (Permission denied)
	at java.io.FileNotFoundException: /tmp/application.log (Permission denied)
	at 	at java.io.FileOutputStream.open0(Native Method)
	at 	at java.io.FileOutputStream.open(FileOutputStream.java:270)
	at 	at java.io.FileOutputStream.<init>(FileOutputStream.java:213)
	at 	at ch.qos.logback.core.recovery.ResilientFileOutputStream.<init>(ResilientFileOutputStream.java:26)
	at 	at ch.qos.logback.core.FileAppender.openFile(FileAppender.java:204)
	at 	at ch.qos.logback.core.FileAppender.start(FileAppender.java:127)
	at 	at ch.qos.logback.core.rolling.RollingFileAppender.start(RollingFileAppender.java:100)
	at 	at ch.qos.logback.core.joran.action.AppenderAction.end(AppenderAction.java:90)
	at 	at ch.qos.logback.core.joran.spi.Interpreter.callEndAction(Interpreter.java:309)
	at 	at ch.qos.logback.core.joran.spi.Interpreter.endElement(Interpreter.java:193)
	at 	at ch.qos.logback.core.joran.spi.Interpreter.endElement(Interpreter.java:179)
	at 	at ch.qos.logback.core.joran.spi.EventPlayer.play(EventPlayer.java:62)
	at 	at ch.qos.logback.core.joran.GenericConfigurator.doConfigure(GenericConfigurator.java:165)
	at 	at ch.qos.logback.core.joran.GenericConfigurator.doConfigure(GenericConfigurator.java:152)
	at 	at ch.qos.logback.core.joran.GenericConfigurator.doConfigure(GenericConfigurator.java:110)
	at 	at ch.qos.logback.core.joran.GenericConfigurator.doConfigure(GenericConfigurator.java:53)
	at 	at ch.qos.logback.classic.util.ContextInitializer.configureByResource(ContextInitializer.java:75)
	at 	at ch.qos.logback.classic.util.ContextInitializer.autoConfig(ContextInitializer.java:150)
	at 	at org.slf4j.impl.StaticLoggerBinder.init(StaticLoggerBinder.java:84)
	at 	at org.slf4j.impl.StaticLoggerBinder.<clinit>(StaticLoggerBinder.java:55)
	at 	at org.slf4j.LoggerFactory.bind(LoggerFactory.java:150)
	at 	at org.slf4j.LoggerFactory.performInitialization(LoggerFactory.java:124)
	at 	at org.slf4j.LoggerFactory.getILoggerFactory(LoggerFactory.java:412)
	at 	at org.slf4j.LoggerFactory.getLogger(LoggerFactory.java:357)
	at 	at org.slf4j.LoggerFactory.getLogger(LoggerFactory.java:383)
	at 	at com.spbsu.flamestream.runtime.WorkerApplication.<init>(WorkerApplication.java:26)
	at 	at com.spbsu.flamestream.runtime.WorkerApplication.main(WorkerApplication.java:68)
23:55:14,917 |-INFO in ch.qos.logback.classic.joran.action.RootLoggerAction - Setting level of ROOT logger to WARN
23:55:14,917 |-INFO in ch.qos.logback.core.joran.action.AppenderRefAction - Attaching appender named [STDOUT] to Logger[ROOT]
23:55:14,918 |-INFO in ch.qos.logback.core.joran.action.AppenderRefAction - Attaching appender named [FILE] to Logger[ROOT]
23:55:14,918 |-INFO in ch.qos.logback.classic.joran.action.ConfigurationAction - End of configuration.
23:55:14,919 |-INFO in ch.qos.logback.classic.joran.JoranConfigurator@3498ed - Registering current configuration as safe fallback point

2019-06-08T23:55:15.936+0300: 1.424: [GC (Metadata GC Threshold) [PSYoungGen: 97865K->15912K(149504K)] 97865K->15992K(491008K), 0.0215309 secs] [Times: user=0.12 sys=0.03, real=0.02 secs] 
2019-06-08T23:55:15.958+0300: 1.446: [Full GC (Metadata GC Threshold) [PSYoungGen: 15912K->0K(149504K)] [ParOldGen: 80K->15081K(341504K)] 15992K->15081K(491008K), [Metaspace: 20803K->20803K(1067008K)], 0.0241891 secs] [Times: user=0.16 sys=0.01, real=0.03 secs] 
23:55:26.901 [Curator-PathChildrenCache-2] WARN  o.a.c.u.ZKPaths  - The version of ZooKeeper being used doesn't support Container nodes. CreateMode.PERSISTENT will be used instead.
2019-06-08T23:55:27.534+0300: 13.022: [GC (Allocation Failure) [PSYoungGen: 128512K->20971K(149504K)] 143593K->50913K(491008K), 0.0202232 secs] [Times: user=0.20 sys=0.02, real=0.02 secs] 
2019-06-08T23:55:27.610+0300: 13.098: [GC (Metadata GC Threshold) [PSYoungGen: 32009K->20971K(149504K)] 61951K->51117K(491008K), 0.0104761 secs] [Times: user=0.11 sys=0.00, real=0.01 secs] 
2019-06-08T23:55:27.621+0300: 13.109: [Full GC (Metadata GC Threshold) [PSYoungGen: 20971K->0K(149504K)] [ParOldGen: 30145K->39548K(341504K)] 51117K->39548K(491008K), [Metaspace: 34479K->34479K(1079296K)], 0.0489226 secs] [Times: user=0.16 sys=0.02, real=0.05 secs] 
2019-06-08T23:55:30.282+0300: 15.771: [GC (Allocation Failure) [PSYoungGen: 128512K->608K(149504K)] 168060K->40156K(491008K), 0.0034557 secs] [Times: user=0.02 sys=0.00, real=0.00 secs] 
2019-06-08T23:55:33.292+0300: 18.780: [GC (Allocation Failure) [PSYoungGen: 129120K->576K(129536K)] 168668K->40124K(471040K), 0.0032695 secs] [Times: user=0.01 sys=0.00, real=0.01 secs] 
2019-06-08T23:55:36.286+0300: 21.774: [GC (Allocation Failure) [PSYoungGen: 129088K->736K(128512K)] 168636K->40292K(470016K), 0.0043931 secs] [Times: user=0.03 sys=0.01, real=0.00 secs] 
2019-06-08T23:55:38.337+0300: 23.826: [GC (Allocation Failure) [PSYoungGen: 88288K->736K(129024K)] 127844K->40300K(470528K), 0.0649082 secs] [Times: user=0.01 sys=0.00, real=0.07 secs] 
2019-06-08T23:55:40.392+0300: 25.881: [GC (Allocation Failure) [PSYoungGen: 88288K->480K(132096K)] 127852K->40452K(473600K), 0.0022511 secs] [Times: user=0.01 sys=0.00, real=0.01 secs] 
2019-06-08T23:55:42.597+0300: 28.086: [GC (Allocation Failure) [PSYoungGen: 92640K->320K(130560K)] 132612K->40500K(472064K), 0.0086919 secs] [Times: user=0.06 sys=0.02, real=0.01 secs] 
2019-06-08T23:55:44.796+0300: 30.284: [GC (Allocation Failure) [PSYoungGen: 92480K->352K(134656K)] 132660K->40564K(476160K), 0.0041663 secs] [Times: user=0.03 sys=0.00, real=0.00 secs] 
2019-06-08T23:55:47.122+0300: 32.610: [GC (Allocation Failure) [PSYoungGen: 98144K->320K(133632K)] 138356K->40540K(475136K), 0.0026715 secs] [Times: user=0.01 sys=0.00, real=0.01 secs] 
2019-06-08T23:55:49.454+0300: 34.942: [GC (Allocation Failure) [PSYoungGen: 98112K->384K(137728K)] 138332K->40612K(479232K), 0.0026304 secs] [Times: user=0.01 sys=0.01, real=0.00 secs] 
2019-06-08T23:55:51.920+0300: 37.408: [GC (Allocation Failure) [PSYoungGen: 103808K->352K(136192K)] 144036K->40580K(477696K), 0.0030254 secs] [Times: user=0.00 sys=0.01, real=0.01 secs] 
2019-06-08T23:55:54.360+0300: 39.848: [GC (Allocation Failure) [PSYoungGen: 103776K->288K(140800K)] 144004K->40516K(482304K), 0.0038619 secs] [Times: user=0.02 sys=0.00, real=0.01 secs] 
2019-06-08T23:55:56.973+0300: 42.461: [GC (Allocation Failure) [PSYoungGen: 109856K->320K(139264K)] 150084K->40548K(480768K), 0.0039284 secs] [Times: user=0.02 sys=0.01, real=0.01 secs] 
2019-06-08T23:55:59.589+0300: 45.077: [GC (Allocation Failure) [PSYoungGen: 109888K->352K(143872K)] 150116K->40580K(485376K), 0.0026674 secs] [Times: user=0.01 sys=0.01, real=0.00 secs] 
2019-06-08T23:56:02.341+0300: 47.829: [GC (Allocation Failure) [PSYoungGen: 116064K->320K(142336K)] 156292K->40548K(483840K), 0.0038703 secs] [Times: user=0.02 sys=0.00, real=0.01 secs] 
2019-06-08T23:56:05.104+0300: 50.593: [GC (Allocation Failure) [PSYoungGen: 116032K->320K(146944K)] 156260K->40548K(488448K), 0.0031472 secs] [Times: user=0.01 sys=0.01, real=0.00 secs] 
2019-06-08T23:56:08.010+0300: 53.499: [GC (Allocation Failure) [PSYoungGen: 122176K->352K(145408K)] 162404K->40588K(486912K), 0.0023556 secs] [Times: user=0.01 sys=0.00, real=0.00 secs] 
2019-06-08T23:56:10.922+0300: 56.411: [GC (Allocation Failure) [PSYoungGen: 122208K->384K(150016K)] 162444K->40628K(491520K), 0.0021889 secs] [Times: user=0.01 sys=0.00, real=0.00 secs] 
2019-06-08T23:56:13.977+0300: 59.465: [GC (Allocation Failure) [PSYoungGen: 128384K->384K(148480K)] 168628K->40628K(489984K), 0.0031096 secs] [Times: user=0.01 sys=0.00, real=0.00 secs] 
2019-06-08T23:56:17.101+0300: 62.590: [GC (Allocation Failure) [PSYoungGen: 128384K->855K(152576K)] 168628K->41107K(494080K), 0.0036860 secs] [Times: user=0.01 sys=0.00, real=0.01 secs] 
2019-06-08T23:56:21.115+0300: 66.603: [GC (Allocation Failure) [PSYoungGen: 133975K->544K(151040K)] 174227K->40804K(492544K), 0.0975500 secs] [Times: user=0.01 sys=0.00, real=0.09 secs] 
23:56:35.611 [Curator-PathChildrenCache-0] ERROR o.a.c.f.r.c.PathChildrenCache  - 
java.lang.IllegalStateException: instance must be started before calling this method
	at org.apache.curator.shaded.com.google.common.base.Preconditions.checkState(Preconditions.java:444)
	at org.apache.curator.framework.imps.CuratorFrameworkImpl.getChildren(CuratorFrameworkImpl.java:456)
	at org.apache.curator.framework.recipes.cache.PathChildrenCache.refresh(PathChildrenCache.java:521)
	at org.apache.curator.framework.recipes.cache.RefreshOperation.invoke(RefreshOperation.java:35)
	at org.apache.curator.framework.recipes.cache.PathChildrenCache$9.run(PathChildrenCache.java:786)
	at java.util.concurrent.Executors$RunnableAdapter.call(Executors.java:511)
	at java.util.concurrent.FutureTask.run(FutureTask.java:266)
	at java.util.concurrent.Executors$RunnableAdapter.call(Executors.java:511)
	at java.util.concurrent.FutureTask.run(FutureTask.java:266)
	at java.util.concurrent.ThreadPoolExecutor.runWorker(ThreadPoolExecutor.java:1149)
	at java.util.concurrent.ThreadPoolExecutor$Worker.run(ThreadPoolExecutor.java:624)
	at java.lang.Thread.run(Thread.java:748)
23:56:35.704 [worker-akka.actor.default-dispatcher-11] ERROR c.s.f.r.WorkerApplication  - Something went wrong during trace flush
java.nio.file.AccessDeniedException: /tmp/trace.csv
	at sun.nio.fs.UnixException.translateToIOException(UnixException.java:84)
	at sun.nio.fs.UnixException.rethrowAsIOException(UnixException.java:102)
	at sun.nio.fs.UnixException.rethrowAsIOException(UnixException.java:107)
	at sun.nio.fs.UnixFileSystemProvider.newByteChannel(UnixFileSystemProvider.java:214)
	at java.nio.file.spi.FileSystemProvider.newOutputStream(FileSystemProvider.java:434)
	at java.nio.file.Files.newOutputStream(Files.java:216)
	at java.nio.file.Files.newBufferedWriter(Files.java:2860)
	at java.nio.file.Files.newBufferedWriter(Files.java:2896)
	at com.spbsu.flamestream.runtime.utils.tracing.Tracing.flush(Tracing.java:35)
	at com.spbsu.flamestream.runtime.WorkerApplication.lambda$run$0(WorkerApplication.java:109)
	at akka.actor.ActorSystemImpl$TerminationCallbacks$$anonfun$addRec$1$1.applyOrElse(ActorSystem.scala:1036)
	at akka.actor.ActorSystemImpl$TerminationCallbacks$$anonfun$addRec$1$1.applyOrElse(ActorSystem.scala:1036)
	at scala.concurrent.Future$$anonfun$andThen$1.apply(Future.scala:436)
	at scala.concurrent.Future$$anonfun$andThen$1.apply(Future.scala:435)
	at scala.concurrent.impl.CallbackRunnable.run(Promise.scala:36)
	at akka.dispatch.BatchingExecutor$AbstractBatch.processBatch(BatchingExecutor.scala:55)
	at akka.dispatch.BatchingExecutor$BlockableBatch$$anonfun$run$1.apply$mcV$sp(BatchingExecutor.scala:91)
	at akka.dispatch.BatchingExecutor$BlockableBatch$$anonfun$run$1.apply(BatchingExecutor.scala:91)
	at akka.dispatch.BatchingExecutor$BlockableBatch$$anonfun$run$1.apply(BatchingExecutor.scala:91)
	at scala.concurrent.BlockContext$.withBlockContext(BlockContext.scala:72)
	at akka.dispatch.BatchingExecutor$BlockableBatch.run(BatchingExecutor.scala:90)
	at akka.dispatch.TaskInvocation.run(AbstractDispatcher.scala:40)
	at akka.dispatch.ForkJoinExecutorConfigurator$AkkaForkJoinTask.exec(ForkJoinExecutorConfigurator.scala:44)
	at akka.dispatch.forkjoin.ForkJoinTask.doExec(ForkJoinTask.java:260)
	at akka.dispatch.forkjoin.ForkJoinPool$WorkQueue.runTask(ForkJoinPool.java:1339)
	at akka.dispatch.forkjoin.ForkJoinPool.runWorker(ForkJoinPool.java:1979)
	at akka.dispatch.forkjoin.ForkJoinWorkerThread.run(ForkJoinWorkerThread.java:107)
Heap
 PSYoungGen      total 151040K, used 107518K [0x00000000f5980000, 0x0000000100000000, 0x0000000100000000)
  eden space 133120K, 80% used [0x00000000f5980000,0x00000000fc1f7a38,0x00000000fdb80000)
  from space 17920K, 3% used [0x00000000fdb80000,0x00000000fdc08070,0x00000000fed00000)
  to   space 16896K, 0% used [0x00000000fef80000,0x00000000fef80000,0x0000000100000000)
 ParOldGen       total 341504K, used 40260K [0x00000000e0c00000, 0x00000000f5980000, 0x00000000f5980000)
  object space 341504K, 11% used [0x00000000e0c00000,0x00000000e3351120,0x00000000f5980000)
 Metaspace       used 36471K, capacity 37424K, committed 37720K, reserved 1081344K
  class space    used 5026K, capacity 5220K, committed 5248K, reserved 1048576K
