19:40:02,151 |-INFO in ch.qos.logback.classic.LoggerContext[default] - Could NOT find resource [logback-test.xml]
19:40:02,151 |-INFO in ch.qos.logback.classic.LoggerContext[default] - Could NOT find resource [logback.groovy]
19:40:02,151 |-INFO in ch.qos.logback.classic.LoggerContext[default] - Found resource [logback.xml] at [jar:file:/root/flamestream/lib/flamestream-runtime-1.0-SNAPSHOT.jar!/logback.xml]
19:40:02,152 |-WARN in ch.qos.logback.classic.LoggerContext[default] - Resource [logback.xml] occurs multiple times on the classpath.
19:40:02,153 |-WARN in ch.qos.logback.classic.LoggerContext[default] - Resource [logback.xml] occurs at [jar:file:/root/flamestream/lib/flamestream-runtime-1.0-SNAPSHOT.jar!/logback.xml]
19:40:02,153 |-WARN in ch.qos.logback.classic.LoggerContext[default] - Resource [logback.xml] occurs at [jar:file:/root/flamestream/flamestream-runtime-1.0-SNAPSHOT.jar!/logback.xml]
19:40:02,175 |-INFO in ch.qos.logback.core.joran.spi.ConfigurationWatchList@3fb6a447 - URL [jar:file:/root/flamestream/lib/flamestream-runtime-1.0-SNAPSHOT.jar!/logback.xml] is not of type file
19:40:02,243 |-INFO in ch.qos.logback.classic.joran.action.ConfigurationAction - debug attribute not set
19:40:02,243 |-INFO in ch.qos.logback.core.joran.action.AppenderAction - About to instantiate appender of type [ch.qos.logback.core.ConsoleAppender]
19:40:02,259 |-INFO in ch.qos.logback.core.joran.action.AppenderAction - Naming appender as [STDOUT]
19:40:02,279 |-INFO in ch.qos.logback.core.joran.action.NestedComplexPropertyIA - Assuming default type [ch.qos.logback.classic.encoder.PatternLayoutEncoder] for [encoder] property
19:40:02,364 |-INFO in ch.qos.logback.core.joran.action.AppenderAction - About to instantiate appender of type [ch.qos.logback.core.rolling.RollingFileAppender]
19:40:02,373 |-INFO in ch.qos.logback.core.joran.action.AppenderAction - Naming appender as [FILE]
19:40:02,404 |-INFO in c.q.l.core.rolling.TimeBasedRollingPolicy@127618319 - No compression will be used
19:40:02,405 |-INFO in c.q.l.core.rolling.TimeBasedRollingPolicy@127618319 - Will use the pattern /tmp/application_%d{yyyy-MM-dd}.%i.log for the active file
19:40:02,408 |-INFO in ch.qos.logback.core.rolling.SizeAndTimeBasedFNATP@6b2fad11 - The date pattern is 'yyyy-MM-dd' from file name pattern '/tmp/application_%d{yyyy-MM-dd}.%i.log'.
19:40:02,408 |-INFO in ch.qos.logback.core.rolling.SizeAndTimeBasedFNATP@6b2fad11 - Roll-over at midnight.
19:40:02,413 |-INFO in ch.qos.logback.core.rolling.SizeAndTimeBasedFNATP@6b2fad11 - Setting initial period to Mon Jun 10 19:38:39 UTC 2019
19:40:02,413 |-WARN in ch.qos.logback.core.rolling.SizeAndTimeBasedFNATP@6b2fad11 - SizeAndTimeBasedFNATP is deprecated. Use SizeAndTimeBasedRollingPolicy instead
19:40:02,413 |-WARN in ch.qos.logback.core.rolling.SizeAndTimeBasedFNATP@6b2fad11 - For more information see http://logback.qos.ch/manual/appenders.html#SizeAndTimeBasedRollingPolicy
19:40:02,418 |-INFO in ch.qos.logback.core.joran.action.NestedComplexPropertyIA - Assuming default type [ch.qos.logback.classic.encoder.PatternLayoutEncoder] for [encoder] property
19:40:02,422 |-INFO in ch.qos.logback.core.rolling.RollingFileAppender[FILE] - Active log file name: /tmp/application.log
19:40:02,422 |-INFO in ch.qos.logback.core.rolling.RollingFileAppender[FILE] - File property is set to [/tmp/application.log]
19:40:02,423 |-INFO in ch.qos.logback.classic.joran.action.RootLoggerAction - Setting level of ROOT logger to WARN
19:40:02,423 |-INFO in ch.qos.logback.core.joran.action.AppenderRefAction - Attaching appender named [STDOUT] to Logger[ROOT]
19:40:02,424 |-INFO in ch.qos.logback.core.joran.action.AppenderRefAction - Attaching appender named [FILE] to Logger[ROOT]
19:40:02,424 |-INFO in ch.qos.logback.classic.joran.action.ConfigurationAction - End of configuration.
19:40:02,426 |-INFO in ch.qos.logback.classic.joran.JoranConfigurator@79698539 - Registering current configuration as safe fallback point

Ama winner
Ama winner
2019-06-10T19:40:03.743+0000: 1.786: [Full GC (Metadata GC Threshold) 2019-06-10T19:40:03.743+0000: 1.786: [Tenured: 0K->15210K(341376K), 0.0416426 secs] 114987K->15210K(494976K), [Metaspace: 20743K->20743K(1067008K)], 0.0417105 secs] [Times: user=0.04 sys=0.00, real=0.05 secs] 
19:40:15.870 [Curator-PathChildrenCache-1] WARN  o.a.c.u.ZKPaths  - The version of ZooKeeper being used doesn't support Container nodes. CreateMode.PERSISTENT will be used instead.
2019-06-10T19:40:18.294+0000: 16.337: [GC (Allocation Failure) 2019-06-10T19:40:18.294+0000: 16.337: [DefNew: 136576K->17023K(153600K), 0.0248797 secs] 151786K->52748K(494976K), 0.0249515 secs] [Times: user=0.02 sys=0.01, real=0.03 secs] 
2019-06-10T19:40:21.810+0000: 19.853: [Full GC (Metadata GC Threshold) 2019-06-10T19:40:21.810+0000: 19.853: [Tenured: 35724K->44379K(341376K), 0.0495748 secs] 120678K->44379K(494976K), [Metaspace: 34585K->34585K(1079296K)], 0.0496731 secs] [Times: user=0.04 sys=0.00, real=0.05 secs] 
2019-06-10T19:40:28.623+0000: 26.666: [GC (Allocation Failure) 2019-06-10T19:40:28.623+0000: 26.666: [DefNew: 136576K->57K(153600K), 0.0017956 secs] 180955K->44436K(494976K), 0.0018582 secs] [Times: user=0.01 sys=0.00, real=0.01 secs] 
2019-06-10T19:40:35.383+0000: 33.426: [GC (Allocation Failure) 2019-06-10T19:40:35.383+0000: 33.426: [DefNew: 136633K->55K(153600K), 0.0016380 secs] 181012K->44434K(494976K), 0.0016935 secs] [Times: user=0.00 sys=0.00, real=0.01 secs] 
2019-06-10T19:40:42.292+0000: 40.335: [GC (Allocation Failure) 2019-06-10T19:40:42.292+0000: 40.335: [DefNew: 136631K->56K(153600K), 0.0017112 secs] 181010K->44436K(494976K), 0.0017713 secs] [Times: user=0.00 sys=0.00, real=0.00 secs] 
2019-06-10T19:40:49.226+0000: 47.269: [GC (Allocation Failure) 2019-06-10T19:40:49.226+0000: 47.269: [DefNew: 136632K->62K(153600K), 0.0016932 secs] 181012K->44441K(494976K), 0.0017521 secs] [Times: user=0.00 sys=0.00, real=0.00 secs] 
2019-06-10T19:40:59.664+0000: 57.707: [GC (Allocation Failure) 2019-06-10T19:40:59.664+0000: 57.707: [DefNew: 136638K->57K(153600K), 0.0016868 secs] 181017K->44436K(494976K), 0.0017456 secs] [Times: user=0.00 sys=0.00, real=0.00 secs] 
19:41:01.373 [Curator-PathChildrenCache-0] ERROR o.a.c.f.r.c.PathChildrenCache  - 
java.lang.IllegalStateException: instance must be started before calling this method
	at org.apache.curator.shaded.com.google.common.base.Preconditions.checkState(Preconditions.java:444)
	at org.apache.curator.framework.imps.CuratorFrameworkImpl.getChildren(CuratorFrameworkImpl.java:456)
	at org.apache.curator.framework.recipes.cache.PathChildrenCache.refresh(PathChildrenCache.java:521)
	at org.apache.curator.framework.recipes.cache.RefreshOperation.invoke(RefreshOperation.java:35)
	at org.apache.curator.framework.recipes.cache.PathChildrenCache$9.run(PathChildrenCache.java:786)
	at java.util.concurrent.Executors$RunnableAdapter.call(Executors.java:511)
	at java.util.concurrent.FutureTask.run(FutureTask.java:266)
	at java.util.concurrent.Executors$RunnableAdapter.call(Executors.java:511)
	at java.util.concurrent.FutureTask.run(FutureTask.java:266)
	at java.util.concurrent.ThreadPoolExecutor.runWorker(ThreadPoolExecutor.java:1149)
	at java.util.concurrent.ThreadPoolExecutor$Worker.run(ThreadPoolExecutor.java:624)
	at java.lang.Thread.run(Thread.java:748)
Heap
 def new generation   total 153600K, used 24907K [0x00000000e0c00000, 0x00000000eb2a0000, 0x00000000eb2a0000)
  eden space 136576K,  18% used [0x00000000e0c00000, 0x00000000e2444b40, 0x00000000e9160000)
  from space 17024K,   0% used [0x00000000e9160000, 0x00000000e916e478, 0x00000000ea200000)
  to   space 17024K,   0% used [0x00000000ea200000, 0x00000000ea200000, 0x00000000eb2a0000)
 tenured generation   total 341376K, used 44379K [0x00000000eb2a0000, 0x0000000100000000, 0x0000000100000000)
   the space 341376K,  13% used [0x00000000eb2a0000, 0x00000000eddf6d58, 0x00000000eddf6e00, 0x0000000100000000)
 Metaspace       used 35688K, capacity 36576K, committed 36864K, reserved 1081344K
  class space    used 4825K, capacity 5042K, committed 5120K, reserved 1048576K
