19:37:35,913 |-INFO in ch.qos.logback.classic.LoggerContext[default] - Could NOT find resource [logback-test.xml]
19:37:35,913 |-INFO in ch.qos.logback.classic.LoggerContext[default] - Could NOT find resource [logback.groovy]
19:37:35,914 |-INFO in ch.qos.logback.classic.LoggerContext[default] - Found resource [logback.xml] at [jar:file:/root/flamestream/lib/flamestream-runtime-1.0-SNAPSHOT.jar!/logback.xml]
19:37:35,914 |-WARN in ch.qos.logback.classic.LoggerContext[default] - Resource [logback.xml] occurs multiple times on the classpath.
19:37:35,915 |-WARN in ch.qos.logback.classic.LoggerContext[default] - Resource [logback.xml] occurs at [jar:file:/root/flamestream/lib/flamestream-runtime-1.0-SNAPSHOT.jar!/logback.xml]
19:37:35,915 |-WARN in ch.qos.logback.classic.LoggerContext[default] - Resource [logback.xml] occurs at [jar:file:/root/flamestream/flamestream-runtime-1.0-SNAPSHOT.jar!/logback.xml]
19:37:35,935 |-INFO in ch.qos.logback.core.joran.spi.ConfigurationWatchList@3fb6a447 - URL [jar:file:/root/flamestream/lib/flamestream-runtime-1.0-SNAPSHOT.jar!/logback.xml] is not of type file
19:37:36,005 |-INFO in ch.qos.logback.classic.joran.action.ConfigurationAction - debug attribute not set
19:37:36,006 |-INFO in ch.qos.logback.core.joran.action.AppenderAction - About to instantiate appender of type [ch.qos.logback.core.ConsoleAppender]
19:37:36,026 |-INFO in ch.qos.logback.core.joran.action.AppenderAction - Naming appender as [STDOUT]
19:37:36,040 |-INFO in ch.qos.logback.core.joran.action.NestedComplexPropertyIA - Assuming default type [ch.qos.logback.classic.encoder.PatternLayoutEncoder] for [encoder] property
19:37:36,126 |-INFO in ch.qos.logback.core.joran.action.AppenderAction - About to instantiate appender of type [ch.qos.logback.core.rolling.RollingFileAppender]
19:37:36,131 |-INFO in ch.qos.logback.core.joran.action.AppenderAction - Naming appender as [FILE]
19:37:36,162 |-INFO in c.q.l.core.rolling.TimeBasedRollingPolicy@127618319 - No compression will be used
19:37:36,163 |-INFO in c.q.l.core.rolling.TimeBasedRollingPolicy@127618319 - Will use the pattern /tmp/application_%d{yyyy-MM-dd}.%i.log for the active file
19:37:36,166 |-INFO in ch.qos.logback.core.rolling.SizeAndTimeBasedFNATP@6b2fad11 - The date pattern is 'yyyy-MM-dd' from file name pattern '/tmp/application_%d{yyyy-MM-dd}.%i.log'.
19:37:36,166 |-INFO in ch.qos.logback.core.rolling.SizeAndTimeBasedFNATP@6b2fad11 - Roll-over at midnight.
19:37:36,171 |-INFO in ch.qos.logback.core.rolling.SizeAndTimeBasedFNATP@6b2fad11 - Setting initial period to Mon Jun 10 19:35:59 UTC 2019
19:37:36,171 |-WARN in ch.qos.logback.core.rolling.SizeAndTimeBasedFNATP@6b2fad11 - SizeAndTimeBasedFNATP is deprecated. Use SizeAndTimeBasedRollingPolicy instead
19:37:36,171 |-WARN in ch.qos.logback.core.rolling.SizeAndTimeBasedFNATP@6b2fad11 - For more information see http://logback.qos.ch/manual/appenders.html#SizeAndTimeBasedRollingPolicy
19:37:36,175 |-INFO in ch.qos.logback.core.joran.action.NestedComplexPropertyIA - Assuming default type [ch.qos.logback.classic.encoder.PatternLayoutEncoder] for [encoder] property
19:37:36,180 |-INFO in ch.qos.logback.core.rolling.RollingFileAppender[FILE] - Active log file name: /tmp/application.log
19:37:36,180 |-INFO in ch.qos.logback.core.rolling.RollingFileAppender[FILE] - File property is set to [/tmp/application.log]
19:37:36,181 |-INFO in ch.qos.logback.classic.joran.action.RootLoggerAction - Setting level of ROOT logger to WARN
19:37:36,181 |-INFO in ch.qos.logback.core.joran.action.AppenderRefAction - Attaching appender named [STDOUT] to Logger[ROOT]
19:37:36,183 |-INFO in ch.qos.logback.core.joran.action.AppenderRefAction - Attaching appender named [FILE] to Logger[ROOT]
19:37:36,183 |-INFO in ch.qos.logback.classic.joran.action.ConfigurationAction - End of configuration.
19:37:36,183 |-INFO in ch.qos.logback.classic.joran.JoranConfigurator@79698539 - Registering current configuration as safe fallback point

Ama winner
Ama winner
2019-06-10T19:37:37.471+0000: 1.743: [Full GC (Metadata GC Threshold) 2019-06-10T19:37:37.471+0000: 1.743: [Tenured: 0K->15176K(341376K), 0.0359322 secs] 115051K->15176K(494976K), [Metaspace: 20731K->20731K(1067008K)], 0.0359984 secs] [Times: user=0.04 sys=0.00, real=0.04 secs] 
19:37:56.372 [Curator-PathChildrenCache-1] WARN  o.a.c.u.ZKPaths  - The version of ZooKeeper being used doesn't support Container nodes. CreateMode.PERSISTENT will be used instead.
2019-06-10T19:37:58.750+0000: 23.022: [GC (Allocation Failure) 2019-06-10T19:37:58.750+0000: 23.022: [DefNew: 136576K->17023K(153600K), 0.0284184 secs] 151752K->52551K(494976K), 0.0284890 secs] [Times: user=0.02 sys=0.01, real=0.03 secs] 
2019-06-10T19:38:01.035+0000: 25.306: [Full GC (Metadata GC Threshold) 2019-06-10T19:38:01.035+0000: 25.307: [Tenured: 35527K->43987K(341376K), 0.0459825 secs] 104728K->43987K(494976K), [Metaspace: 34621K->34621K(1079296K)], 0.0460620 secs] [Times: user=0.05 sys=0.00, real=0.05 secs] 
2019-06-10T19:38:07.193+0000: 31.465: [GC (Allocation Failure) 2019-06-10T19:38:07.193+0000: 31.465: [DefNew: 136576K->79K(153600K), 0.0018671 secs] 180563K->44067K(494976K), 0.0019228 secs] [Times: user=0.00 sys=0.00, real=0.00 secs] 
2019-06-10T19:38:13.389+0000: 37.661: [GC (Allocation Failure) 2019-06-10T19:38:13.389+0000: 37.661: [DefNew: 136655K->78K(153600K), 0.0018734 secs] 180643K->44066K(494976K), 0.0019477 secs] [Times: user=0.01 sys=0.00, real=0.00 secs] 
2019-06-10T19:38:19.698+0000: 43.970: [GC (Allocation Failure) 2019-06-10T19:38:19.698+0000: 43.970: [DefNew: 136654K->80K(153600K), 0.0018540 secs] 180642K->44068K(494976K), 0.0019130 secs] [Times: user=0.01 sys=0.00, real=0.00 secs] 
2019-06-10T19:38:26.050+0000: 50.322: [GC (Allocation Failure) 2019-06-10T19:38:26.050+0000: 50.322: [DefNew: 136656K->84K(153600K), 0.0018746 secs] 180644K->44072K(494976K), 0.0019315 secs] [Times: user=0.00 sys=0.00, real=0.00 secs] 
2019-06-10T19:38:37.149+0000: 61.421: [GC (Allocation Failure) 2019-06-10T19:38:37.149+0000: 61.421: [DefNew: 136660K->64K(153600K), 0.0017606 secs] 180648K->44052K(494976K), 0.0018163 secs] [Times: user=0.00 sys=0.00, real=0.00 secs] 
19:38:38.758 [Curator-PathChildrenCache-0] ERROR o.a.c.f.r.c.PathChildrenCache  - 
java.lang.IllegalStateException: instance must be started before calling this method
	at org.apache.curator.shaded.com.google.common.base.Preconditions.checkState(Preconditions.java:444)
	at org.apache.curator.framework.imps.CuratorFrameworkImpl.getChildren(CuratorFrameworkImpl.java:456)
	at org.apache.curator.framework.recipes.cache.PathChildrenCache.refresh(PathChildrenCache.java:521)
	at org.apache.curator.framework.recipes.cache.RefreshOperation.invoke(RefreshOperation.java:35)
	at org.apache.curator.framework.recipes.cache.PathChildrenCache$9.run(PathChildrenCache.java:786)
	at java.util.concurrent.Executors$RunnableAdapter.call(Executors.java:511)
	at java.util.concurrent.FutureTask.run(FutureTask.java:266)
	at java.util.concurrent.Executors$RunnableAdapter.call(Executors.java:511)
	at java.util.concurrent.FutureTask.run(FutureTask.java:266)
	at java.util.concurrent.ThreadPoolExecutor.runWorker(ThreadPoolExecutor.java:1149)
	at java.util.concurrent.ThreadPoolExecutor$Worker.run(ThreadPoolExecutor.java:624)
	at java.lang.Thread.run(Thread.java:748)
Heap
 def new generation   total 153600K, used 37529K [0x00000000e0c00000, 0x00000000eb2a0000, 0x00000000eb2a0000)
  eden space 136576K,  27% used [0x00000000e0c00000, 0x00000000e3096310, 0x00000000e9160000)
  from space 17024K,   0% used [0x00000000e9160000, 0x00000000e9170188, 0x00000000ea200000)
  to   space 17024K,   0% used [0x00000000ea200000, 0x00000000ea200000, 0x00000000eb2a0000)
 tenured generation   total 341376K, used 43987K [0x00000000eb2a0000, 0x0000000100000000, 0x0000000100000000)
   the space 341376K,  12% used [0x00000000eb2a0000, 0x00000000edd94f38, 0x00000000edd95000, 0x0000000100000000)
 Metaspace       used 36256K, capacity 37138K, committed 37376K, reserved 1081344K
  class space    used 4870K, capacity 5077K, committed 5120K, reserved 1048576K
