05:07:12,766 |-INFO in ch.qos.logback.classic.LoggerContext[default] - Could NOT find resource [logback-test.xml]
05:07:12,766 |-INFO in ch.qos.logback.classic.LoggerContext[default] - Could NOT find resource [logback.groovy]
05:07:12,766 |-INFO in ch.qos.logback.classic.LoggerContext[default] - Found resource [logback.xml] at [jar:file:/home/nikitasokolov/flamestream/lib/flamestream-runtime-1.0-SNAPSHOT.jar!/logback.xml]
05:07:12,767 |-WARN in ch.qos.logback.classic.LoggerContext[default] - Resource [logback.xml] occurs multiple times on the classpath.
05:07:12,767 |-WARN in ch.qos.logback.classic.LoggerContext[default] - Resource [logback.xml] occurs at [jar:file:/home/nikitasokolov/flamestream/lib/flamestream-runtime-1.0-SNAPSHOT.jar!/logback.xml]
05:07:12,767 |-WARN in ch.qos.logback.classic.LoggerContext[default] - Resource [logback.xml] occurs at [jar:file:/home/nikitasokolov/flamestream/flamestream-runtime-1.0-SNAPSHOT.jar!/logback.xml]
05:07:12,783 |-INFO in ch.qos.logback.core.joran.spi.ConfigurationWatchList@6108b2d7 - URL [jar:file:/home/nikitasokolov/flamestream/lib/flamestream-runtime-1.0-SNAPSHOT.jar!/logback.xml] is not of type file
05:07:12,833 |-INFO in ch.qos.logback.classic.joran.action.ConfigurationAction - debug attribute not set
05:07:12,834 |-INFO in ch.qos.logback.core.joran.action.AppenderAction - About to instantiate appender of type [ch.qos.logback.core.ConsoleAppender]
05:07:12,842 |-INFO in ch.qos.logback.core.joran.action.AppenderAction - Naming appender as [STDOUT]
05:07:12,850 |-INFO in ch.qos.logback.core.joran.action.NestedComplexPropertyIA - Assuming default type [ch.qos.logback.classic.encoder.PatternLayoutEncoder] for [encoder] property
05:07:12,903 |-INFO in ch.qos.logback.core.joran.action.AppenderAction - About to instantiate appender of type [ch.qos.logback.core.rolling.RollingFileAppender]
05:07:12,908 |-INFO in ch.qos.logback.core.joran.action.AppenderAction - Naming appender as [FILE]
05:07:12,930 |-INFO in c.q.l.core.rolling.TimeBasedRollingPolicy@357863579 - No compression will be used
05:07:12,932 |-INFO in c.q.l.core.rolling.TimeBasedRollingPolicy@357863579 - Will use the pattern /tmp/application_%d{yyyy-MM-dd}.%i.log for the active file
05:07:12,934 |-INFO in ch.qos.logback.core.rolling.SizeAndTimeBasedFNATP@6bf256fa - The date pattern is 'yyyy-MM-dd' from file name pattern '/tmp/application_%d{yyyy-MM-dd}.%i.log'.
05:07:12,934 |-INFO in ch.qos.logback.core.rolling.SizeAndTimeBasedFNATP@6bf256fa - Roll-over at midnight.
05:07:12,938 |-INFO in ch.qos.logback.core.rolling.SizeAndTimeBasedFNATP@6bf256fa - Setting initial period to Sun Jun 09 05:06:33 MSK 2019
05:07:12,938 |-WARN in ch.qos.logback.core.rolling.SizeAndTimeBasedFNATP@6bf256fa - SizeAndTimeBasedFNATP is deprecated. Use SizeAndTimeBasedRollingPolicy instead
05:07:12,938 |-WARN in ch.qos.logback.core.rolling.SizeAndTimeBasedFNATP@6bf256fa - For more information see http://logback.qos.ch/manual/appenders.html#SizeAndTimeBasedRollingPolicy
05:07:12,943 |-INFO in ch.qos.logback.core.joran.action.NestedComplexPropertyIA - Assuming default type [ch.qos.logback.classic.encoder.PatternLayoutEncoder] for [encoder] property
05:07:12,945 |-INFO in ch.qos.logback.core.rolling.RollingFileAppender[FILE] - Active log file name: /tmp/application.log
05:07:12,945 |-INFO in ch.qos.logback.core.rolling.RollingFileAppender[FILE] - File property is set to [/tmp/application.log]
05:07:12,946 |-INFO in ch.qos.logback.classic.joran.action.RootLoggerAction - Setting level of ROOT logger to WARN
05:07:12,946 |-INFO in ch.qos.logback.core.joran.action.AppenderRefAction - Attaching appender named [STDOUT] to Logger[ROOT]
05:07:12,947 |-INFO in ch.qos.logback.core.joran.action.AppenderRefAction - Attaching appender named [FILE] to Logger[ROOT]
05:07:12,947 |-INFO in ch.qos.logback.classic.joran.action.ConfigurationAction - End of configuration.
05:07:12,947 |-INFO in ch.qos.logback.classic.joran.JoranConfigurator@6cd8737 - Registering current configuration as safe fallback point

2019-06-09T05:07:13.944+0300: 1.370: [GC (Metadata GC Threshold) [PSYoungGen: 110722K->15954K(149504K)] 110722K->16034K(491008K), 0.0260701 secs] [Times: user=0.12 sys=0.04, real=0.03 secs] 
2019-06-09T05:07:13.971+0300: 1.396: [Full GC (Metadata GC Threshold) [PSYoungGen: 15954K->0K(149504K)] [ParOldGen: 80K->15086K(341504K)] 16034K->15086K(491008K), [Metaspace: 20803K->20803K(1067008K)], 0.0295508 secs] [Times: user=0.18 sys=0.01, real=0.03 secs] 
05:07:25.447 [Curator-PathChildrenCache-2] WARN  o.a.c.u.ZKPaths  - The version of ZooKeeper being used doesn't support Container nodes. CreateMode.PERSISTENT will be used instead.
2019-06-09T05:07:26.161+0300: 13.586: [GC (Metadata GC Threshold) [PSYoungGen: 127759K->20991K(149504K)] 142845K->51149K(491008K), 0.0241335 secs] [Times: user=0.24 sys=0.05, real=0.02 secs] 
2019-06-09T05:07:26.185+0300: 13.610: [Full GC (Metadata GC Threshold) [PSYoungGen: 20991K->0K(149504K)] [ParOldGen: 30157K->40144K(341504K)] 51149K->40144K(491008K), [Metaspace: 34481K->34479K(1079296K)], 0.0386111 secs] [Times: user=0.16 sys=0.01, real=0.04 secs] 
2019-06-09T05:07:27.997+0300: 15.422: [GC (Allocation Failure) [PSYoungGen: 128512K->704K(149504K)] 168656K->40856K(491008K), 0.0032866 secs] [Times: user=0.00 sys=0.02, real=0.01 secs] 
2019-06-09T05:07:29.240+0300: 16.665: [GC (Allocation Failure) [PSYoungGen: 129216K->608K(149504K)] 169368K->40768K(491008K), 0.0033041 secs] [Times: user=0.01 sys=0.00, real=0.00 secs] 
2019-06-09T05:07:30.283+0300: 17.708: [GC (Allocation Failure) [PSYoungGen: 129120K->576K(129536K)] 169280K->40744K(471040K), 0.0037177 secs] [Times: user=0.03 sys=0.00, real=0.00 secs] 
2019-06-09T05:07:31.385+0300: 18.811: [GC (Allocation Failure) [PSYoungGen: 129088K->736K(131584K)] 169256K->40912K(473088K), 0.0042151 secs] [Times: user=0.02 sys=0.00, real=0.00 secs] 
2019-06-09T05:07:32.138+0300: 19.563: [GC (Allocation Failure) [PSYoungGen: 91360K->704K(129536K)] 131536K->40880K(471040K), 0.0099221 secs] [Times: user=0.09 sys=0.01, real=0.00 secs] 
2019-06-09T05:07:32.780+0300: 20.205: [GC (Allocation Failure) [PSYoungGen: 91328K->736K(136192K)] 131504K->40912K(477696K), 0.0034152 secs] [Times: user=0.02 sys=0.00, real=0.00 secs] 
2019-06-09T05:07:33.488+0300: 20.913: [GC (Allocation Failure) [PSYoungGen: 100576K->1216K(134144K)] 140752K->41392K(475648K), 0.0038789 secs] [Times: user=0.02 sys=0.00, real=0.01 secs] 
2019-06-09T05:07:34.648+0300: 22.073: [GC (Allocation Failure) [PSYoungGen: 101056K->736K(139264K)] 141232K->40912K(480768K), 0.0032782 secs] [Times: user=0.01 sys=0.00, real=0.01 secs] 
2019-06-09T05:07:35.299+0300: 22.725: [GC (Allocation Failure) [PSYoungGen: 107232K->736K(137728K)] 147408K->40912K(479232K), 0.0027940 secs] [Times: user=0.02 sys=0.01, real=0.00 secs] 
2019-06-09T05:07:36.713+0300: 24.138: [GC (Allocation Failure) [PSYoungGen: 107232K->864K(142848K)] 147408K->41040K(484352K), 0.0024902 secs] [Times: user=0.02 sys=0.00, real=0.00 secs] 
2019-06-09T05:07:37.810+0300: 25.235: [GC (Allocation Failure) [PSYoungGen: 114528K->800K(141312K)] 154704K->40984K(482816K), 0.0049040 secs] [Times: user=0.03 sys=0.00, real=0.00 secs] 
2019-06-09T05:07:38.853+0300: 26.279: [GC (Allocation Failure) [PSYoungGen: 114464K->1536K(145920K)] 154648K->41720K(487424K), 0.0035037 secs] [Times: user=0.01 sys=0.01, real=0.00 secs] 
2019-06-09T05:07:39.966+0300: 27.392: [GC (Allocation Failure) [PSYoungGen: 121344K->800K(144384K)] 161528K->40992K(485888K), 0.0030655 secs] [Times: user=0.01 sys=0.00, real=0.01 secs] 
2019-06-09T05:07:41.323+0300: 28.749: [GC (Allocation Failure) [PSYoungGen: 120608K->672K(148480K)] 160800K->40864K(489984K), 0.0024654 secs] [Times: user=0.02 sys=0.00, real=0.00 secs] 
2019-06-09T05:07:42.146+0300: 29.572: [GC (Allocation Failure) [PSYoungGen: 126112K->672K(147456K)] 166304K->40872K(488960K), 0.0031392 secs] [Times: user=0.01 sys=0.00, real=0.00 secs] 
2019-06-09T05:07:43.673+0300: 31.098: [GC (Allocation Failure) [PSYoungGen: 126112K->512K(151040K)] 166312K->41000K(492544K), 0.0028964 secs] [Times: user=0.01 sys=0.00, real=0.00 secs] 
2019-06-09T05:07:44.894+0300: 32.319: [GC (Allocation Failure) [PSYoungGen: 131072K->448K(150016K)] 171560K->41016K(491520K), 0.0031251 secs] [Times: user=0.02 sys=0.00, real=0.00 secs] 
2019-06-09T05:07:51.951+0300: 39.377: [GC (Allocation Failure) [PSYoungGen: 131008K->416K(153600K)] 171576K->41064K(495104K), 0.0024913 secs] [Times: user=0.01 sys=0.00, real=0.00 secs] 
05:07:52.002 [Curator-PathChildrenCache-0] ERROR o.a.c.f.r.c.PathChildrenCache  - 
java.lang.IllegalStateException: instance must be started before calling this method
	at org.apache.curator.shaded.com.google.common.base.Preconditions.checkState(Preconditions.java:444)
	at org.apache.curator.framework.imps.CuratorFrameworkImpl.getChildren(CuratorFrameworkImpl.java:456)
	at org.apache.curator.framework.recipes.cache.PathChildrenCache.refresh(PathChildrenCache.java:521)
	at org.apache.curator.framework.recipes.cache.RefreshOperation.invoke(RefreshOperation.java:35)
	at org.apache.curator.framework.recipes.cache.PathChildrenCache$9.run(PathChildrenCache.java:786)
	at java.util.concurrent.Executors$RunnableAdapter.call(Executors.java:511)
	at java.util.concurrent.FutureTask.run(FutureTask.java:266)
	at java.util.concurrent.Executors$RunnableAdapter.call(Executors.java:511)
	at java.util.concurrent.FutureTask.run(FutureTask.java:266)
	at java.util.concurrent.ThreadPoolExecutor.runWorker(ThreadPoolExecutor.java:1149)
	at java.util.concurrent.ThreadPoolExecutor$Worker.run(ThreadPoolExecutor.java:624)
	at java.lang.Thread.run(Thread.java:748)
Heap
 PSYoungGen      total 153600K, used 13712K [0x00000000f5980000, 0x0000000100000000, 0x0000000100000000)
  eden space 135680K, 9% used [0x00000000f5980000,0x00000000f667c088,0x00000000fde00000)
  from space 17920K, 2% used [0x00000000fee80000,0x00000000feee8000,0x0000000100000000)
  to   space 16896K, 0% used [0x00000000fde00000,0x00000000fde00000,0x00000000fee80000)
 ParOldGen       total 341504K, used 40648K [0x00000000e0c00000, 0x00000000f5980000, 0x00000000f5980000)
  object space 341504K, 11% used [0x00000000e0c00000,0x00000000e33b20b0,0x00000000f5980000)
 Metaspace       used 35977K, capacity 36930K, committed 37208K, reserved 1081344K
  class space    used 4972K, capacity 5187K, committed 5248K, reserved 1048576K
