18:53:46,301 |-INFO in ch.qos.logback.classic.LoggerContext[default] - Could NOT find resource [logback-test.xml]
18:53:46,301 |-INFO in ch.qos.logback.classic.LoggerContext[default] - Could NOT find resource [logback.groovy]
18:53:46,301 |-INFO in ch.qos.logback.classic.LoggerContext[default] - Found resource [logback.xml] at [jar:file:/home/ubuntu/flamestream/lib/flamestream-runtime-1.0-SNAPSHOT.jar!/logback.xml]
18:53:46,302 |-WARN in ch.qos.logback.classic.LoggerContext[default] - Resource [logback.xml] occurs multiple times on the classpath.
18:53:46,302 |-WARN in ch.qos.logback.classic.LoggerContext[default] - Resource [logback.xml] occurs at [jar:file:/home/ubuntu/flamestream/flamestream-runtime-1.0-SNAPSHOT.jar!/logback.xml]
18:53:46,302 |-WARN in ch.qos.logback.classic.LoggerContext[default] - Resource [logback.xml] occurs at [jar:file:/home/ubuntu/flamestream/lib/flamestream-runtime-1.0-SNAPSHOT.jar!/logback.xml]
18:53:46,331 |-INFO in ch.qos.logback.core.joran.spi.ConfigurationWatchList@4678c730 - URL [jar:file:/home/ubuntu/flamestream/lib/flamestream-runtime-1.0-SNAPSHOT.jar!/logback.xml] is not of type file
18:53:46,395 |-INFO in ch.qos.logback.classic.joran.action.ConfigurationAction - debug attribute not set
18:53:46,398 |-INFO in ch.qos.logback.core.joran.action.AppenderAction - About to instantiate appender of type [ch.qos.logback.core.ConsoleAppender]
18:53:46,418 |-INFO in ch.qos.logback.core.joran.action.AppenderAction - Naming appender as [STDOUT]
18:53:46,434 |-INFO in ch.qos.logback.core.joran.action.NestedComplexPropertyIA - Assuming default type [ch.qos.logback.classic.encoder.PatternLayoutEncoder] for [encoder] property
18:53:46,524 |-INFO in ch.qos.logback.core.joran.action.AppenderAction - About to instantiate appender of type [ch.qos.logback.core.rolling.RollingFileAppender]
18:53:46,528 |-INFO in ch.qos.logback.core.joran.action.AppenderAction - Naming appender as [FILE]
18:53:46,566 |-INFO in c.q.l.core.rolling.TimeBasedRollingPolicy@1734853116 - No compression will be used
18:53:46,567 |-INFO in c.q.l.core.rolling.TimeBasedRollingPolicy@1734853116 - Will use the pattern /tmp/application_%d{yyyy-MM-dd}.%i.log for the active file
18:53:46,569 |-INFO in ch.qos.logback.core.rolling.SizeAndTimeBasedFNATP@29ee9faa - The date pattern is 'yyyy-MM-dd' from file name pattern '/tmp/application_%d{yyyy-MM-dd}.%i.log'.
18:53:46,569 |-INFO in ch.qos.logback.core.rolling.SizeAndTimeBasedFNATP@29ee9faa - Roll-over at midnight.
18:53:46,578 |-INFO in ch.qos.logback.core.rolling.SizeAndTimeBasedFNATP@29ee9faa - Setting initial period to Sat Sep 28 18:51:59 UTC 2019
18:53:46,578 |-WARN in ch.qos.logback.core.rolling.SizeAndTimeBasedFNATP@29ee9faa - SizeAndTimeBasedFNATP is deprecated. Use SizeAndTimeBasedRollingPolicy instead
18:53:46,578 |-WARN in ch.qos.logback.core.rolling.SizeAndTimeBasedFNATP@29ee9faa - For more information see http://logback.qos.ch/manual/appenders.html#SizeAndTimeBasedRollingPolicy
18:53:46,584 |-INFO in ch.qos.logback.core.joran.action.NestedComplexPropertyIA - Assuming default type [ch.qos.logback.classic.encoder.PatternLayoutEncoder] for [encoder] property
18:53:46,594 |-INFO in ch.qos.logback.core.rolling.RollingFileAppender[FILE] - Active log file name: /tmp/application.log
18:53:46,594 |-INFO in ch.qos.logback.core.rolling.RollingFileAppender[FILE] - File property is set to [/tmp/application.log]
18:53:46,595 |-INFO in ch.qos.logback.classic.joran.action.RootLoggerAction - Setting level of ROOT logger to INFO
18:53:46,595 |-INFO in ch.qos.logback.core.joran.action.AppenderRefAction - Attaching appender named [STDOUT] to Logger[ROOT]
18:53:46,596 |-INFO in ch.qos.logback.core.joran.action.AppenderRefAction - Attaching appender named [FILE] to Logger[ROOT]
18:53:46,596 |-INFO in ch.qos.logback.classic.joran.action.ConfigurationAction - End of configuration.
18:53:46,597 |-INFO in ch.qos.logback.classic.joran.JoranConfigurator@c038203 - Registering current configuration as safe fallback point

18:53:46.604 [main] INFO  c.s.f.r.WorkerApplication  - Starting worker with workerConfig 'WorkerConfig{id='flamestream-benchmarks-worker-4', localAddress=flamestream-benchmarks-worker-4/10.0.0.14:5412, zkString='flamestream-benchmarks-manager:12181', snapshotPath='/home/ubuntu/flamestream/data', guarantees=AT_MOST_ONCE}'
18:53:48.052 [worker-akka.actor.default-dispatcher-6] INFO  a.e.s.Slf4jLogger  - Slf4jLogger started
2019-09-28T18:53:48.199+0000: 2.233: [Full GC (Metadata GC Threshold) 2019-09-28T18:53:48.199+0000: 2.233: [Tenured: 0K->13625K(1024000K), 0.0508470 secs] 139471K->13625K(1484800K), [Metaspace: 20214K->20214K(1067008K)], 0.0509373 secs] [Times: user=0.04 sys=0.01, real=0.06 secs] 
18:53:48.355 [worker-akka.actor.default-dispatcher-6] WARN  a.r.RemoteActorRefProvider akka.remote.RemoteActorRefProvider - Using the 'remote' ActorRefProvider directly, which is a low-level layer. For most use cases, the 'cluster' abstraction on top of remoting is more suitable instead.
18:53:48.360 [worker-akka.actor.default-dispatcher-6] WARN  a.r.RemoteActorRefProvider akka.remote.RemoteActorRefProvider - Akka Cluster not in use - Using Akka Cluster is recommended if you need remote watch and deploy.
18:53:48.478 [worker-akka.actor.default-dispatcher-6] INFO  a.r.a.a.ArteryAeronUdpTransport(akka://worker) akka.remote.artery.aeron.ArteryAeronUdpTransport(akka://worker) - Started embedded media driver in directory [/dev/shm/aeron-flamestream-benchmarks-worker-4]
18:53:48.513 [worker-akka.actor.default-dispatcher-6] WARN  a.r.a.a.ArteryAeronUdpTransport(akka://worker) akka.remote.artery.aeron.ArteryAeronUdpTransport(akka://worker) - Aeron CnC version mismatch: compiled version = 15, file version = 16
18:53:48.771 [worker-akka.actor.default-dispatcher-6] INFO  a.r.a.a.ArteryAeronUdpTransport(akka://worker) akka.remote.artery.aeron.ArteryAeronUdpTransport(akka://worker) - Remoting started with transport [Artery aeron-udp]; listening on address [akka://worker@flamestream-benchmarks-worker-4:5412] and bound to [akka://worker@0.0.0.0:5412] with UID [1738623144942720681]
18:53:49.273 [worker-akka.actor.default-dispatcher-6] WARN  a.s.Serialization(akka://worker) akka.serialization.Serialization(akka://worker) - Using serializer [com.romix.akka.serialization.kryo.KryoSerializer] for message [akka.actor.ActorSelectionMessage]. Note that this serializer is not implemented by Akka. It's not recommended to replace serializers for messages provided by Akka.
18:53:49.274 [worker-akka.actor.default-dispatcher-6] WARN  a.s.Serialization(akka://worker) akka.serialization.Serialization(akka://worker) - Using serializer [com.romix.akka.serialization.kryo.KryoSerializer] for message [akka.actor.ActorIdentity]. Note that this serializer is not implemented by Akka. It's not recommended to replace serializers for messages provided by Akka.
18:53:49.331 [worker-akka.actor.default-dispatcher-9] INFO  a.a.RepointableActorRef akka://worker/user/watcher - Starting...
18:53:49.444 [worker-akka.actor.default-dispatcher-6] INFO  o.a.c.u.Compatibility  - Running in ZooKeeper 3.4.x compatibility mode
18:53:49.471 [worker-akka.actor.default-dispatcher-6] INFO  o.a.c.f.i.CuratorFrameworkImpl  - Starting
18:53:49.480 [worker-akka.actor.default-dispatcher-6] INFO  o.a.z.ZooKeeper  - Client environment:zookeeper.version=3.4.14-4c25d480e66aadd371de8bd2fd8da255ac140bcf, built on 03/06/2019 16:18 GMT
18:53:49.481 [worker-akka.actor.default-dispatcher-6] INFO  o.a.z.ZooKeeper  - Client environment:host.name=flamestream-benchmarks-worker-4
18:53:49.482 [worker-akka.actor.default-dispatcher-6] INFO  o.a.z.ZooKeeper  - Client environment:java.version=1.8.0_222
18:53:49.482 [worker-akka.actor.default-dispatcher-6] INFO  o.a.z.ZooKeeper  - Client environment:java.vendor=Private Build
18:53:49.483 [worker-akka.actor.default-dispatcher-6] INFO  o.a.z.ZooKeeper  - Client environment:java.home=/usr/lib/jvm/java-8-openjdk-amd64/jre
18:53:49.485 [worker-akka.actor.default-dispatcher-6] INFO  o.a.z.ZooKeeper  - Client environment:java.class.path=lib/curator-framework-4.0.1.jar:lib/commons-csv-1.4.jar:lib/aeron-client-1.21.2.jar:lib/scala-library-2.12.9.jar:lib/asm-5.0.4.jar:lib/agrona-1.0.1.jar:lib/curator-recipes-4.0.1.jar:lib/akka-testkit_2.12-2.6.0-M6.jar:lib/flamestream-runtime-1.0-SNAPSHOT.jar:lib/jsr305-3.0.2.jar:lib/trove4j-3.0.3.jar:lib/flamestream-core-1.0-SNAPSHOT.jar:lib/commons-io-2.4.jar:lib/minlog-1.3.0.jar:lib/kryonet-2.21.jar:lib/commons-1.4.9.jar:lib/jline-0.9.94.jar:lib/akka-remote_2.12-2.6.0-M6.jar:lib/leveldbjni-all-1.8.jar:lib/lz4-1.3.0.jar:lib/slf4j-api-1.7.24.jar:lib/scala-parser-combinators_2.12-1.1.2.jar:lib/flamestream-core-1.0-SNAPSHOT-tests.jar:lib/logback-core-1.2.3.jar:lib/netty-3.10.6.Final.jar:lib/protobuf-java-3.9.0.jar:lib/minlog-1.2.jar:lib/leveldb-api-0.7.jar:lib/jool-0.9.12.jar:lib/commons-cli-1.4.jar:lib/jblas-1.2.4.jar:lib/reflectasm-1.11.3.jar:lib/reflectasm-1.07-shaded.jar:lib/audience-annotations-0.5.0.jar:lib/jackson-annotations-2.9.6.jar:lib/commons-lang-2.6.jar:lib/ssl-config-core_2.12-0.3.8.jar:lib/annotations-13.0.jar:lib/logback-classic-1.2.3.jar:lib/guava-21.0.jar:lib/reactive-streams-1.0.2.jar:lib/spotbugs-annotations-3.1.9.jar:lib/leveldb-0.7.jar:lib/commons-pool2-2.4.2.jar:lib/rocksdbjni-5.5.1.jar:lib/jackson-core-2.9.9.jar:lib/jackson-databind-2.9.9.2.jar:lib/akka-protobuf-v3_2.12-2.6.0-M6.jar:lib/jackson-annotations-2.9.0.jar:lib/flamestream-examples-1.0-SNAPSHOT.jar:lib/objenesis-2.1.jar:lib/akka-kryo-serialization_2.12-0.5.2.jar:lib/scala-java8-compat_2.12-0.8.0.jar:lib/zookeeper-3.4.14.jar:lib/akka-slf4j_2.12-2.6.0-M6.jar:lib/kryo-4.0.0.jar:lib/akka-stream_2.12-2.6.0-M6.jar:lib/slf4j-simple-2.0.0-alpha0.jar:lib/aeron-driver-1.21.2.jar:lib/config-1.3.1.jar:lib/annotations-12.0.jar:lib/jedis-2.9.0.jar:lib/jcommander-1.48.jar:lib/testng-6.10.jar:lib/akka-actor_2.12-2.6.0-M6.jar:lib/curator-client-4.0.1.jar:flamestream-runtime-1.0-SNAPSHOT.jar
18:53:49.487 [worker-akka.actor.default-dispatcher-6] INFO  o.a.z.ZooKeeper  - Client environment:java.library.path=/usr/java/packages/lib/amd64:/usr/lib/x86_64-linux-gnu/jni:/lib/x86_64-linux-gnu:/usr/lib/x86_64-linux-gnu:/usr/lib/jni:/lib:/usr/lib
18:53:49.487 [worker-akka.actor.default-dispatcher-6] INFO  o.a.z.ZooKeeper  - Client environment:java.io.tmpdir=/tmp
18:53:49.487 [worker-akka.actor.default-dispatcher-6] INFO  o.a.z.ZooKeeper  - Client environment:java.compiler=<NA>
18:53:49.487 [worker-akka.actor.default-dispatcher-6] INFO  o.a.z.ZooKeeper  - Client environment:os.name=Linux
18:53:49.487 [worker-akka.actor.default-dispatcher-6] INFO  o.a.z.ZooKeeper  - Client environment:os.arch=amd64
18:53:49.487 [worker-akka.actor.default-dispatcher-6] INFO  o.a.z.ZooKeeper  - Client environment:os.version=4.15.0-1040-gcp
18:53:49.488 [worker-akka.actor.default-dispatcher-6] INFO  o.a.z.ZooKeeper  - Client environment:user.name=ubuntu
18:53:49.488 [worker-akka.actor.default-dispatcher-6] INFO  o.a.z.ZooKeeper  - Client environment:user.home=/home/ubuntu
18:53:49.488 [worker-akka.actor.default-dispatcher-6] INFO  o.a.z.ZooKeeper  - Client environment:user.dir=/home/ubuntu/flamestream
18:53:49.490 [worker-akka.actor.default-dispatcher-6] INFO  o.a.z.ZooKeeper  - Initiating client connection, connectString=flamestream-benchmarks-manager:12181 sessionTimeout=60000 watcher=org.apache.curator.ConnectionState@652f61e2
18:53:49.517 [worker-akka.actor.default-dispatcher-6-SendThread(flamestream-benchmarks-manager:12181)] INFO  o.a.z.ClientCnxn  - Opening socket connection to server flamestream-benchmarks-manager/10.0.0.2:12181. Will not attempt to authenticate using SASL (unknown error)
18:53:49.519 [worker-akka.actor.default-dispatcher-6] INFO  o.a.c.f.i.CuratorFrameworkImpl  - Default schema
18:53:49.521 [worker-akka.actor.default-dispatcher-6-SendThread(flamestream-benchmarks-manager:12181)] INFO  o.a.z.ClientCnxn  - Socket connection established to flamestream-benchmarks-manager/10.0.0.2:12181, initiating session
18:53:49.530 [worker-akka.actor.default-dispatcher-6-SendThread(flamestream-benchmarks-manager:12181)] INFO  o.a.z.ClientCnxn  - Session establishment complete on server flamestream-benchmarks-manager/10.0.0.2:12181, sessionid = 0x100015787a40004, negotiated timeout = 60000
18:53:49.536 [worker-akka.actor.default-dispatcher-6-EventThread] INFO  o.a.c.f.s.ConnectionStateManager  - State change: CONNECTED
18:53:49.541 [worker-akka.actor.default-dispatcher-9] INFO  a.a.RepointableActorRef akka://worker/user/watcher - Initializing rocksDB backend
2019-09-28T18:53:50.163+0000: 4.197: [Full GC (Metadata GC Threshold) 2019-09-28T18:53:50.163+0000: 4.197: [Tenured: 13625K->25937K(1024000K), 0.0722928 secs] 161115K->25937K(1484800K), [Metaspace: 33695K->33695K(1079296K)], 0.0724059 secs] [Times: user=0.07 sys=0.00, real=0.07 secs] 
18:53:50.315 [worker-akka.actor.default-dispatcher-6] INFO  a.a.LocalActorRef akka://worker/user/watcher/processing-watcher - Starting...
18:54:00.534 [Curator-PathChildrenCache-1] WARN  o.a.c.u.ZKPaths  - The version of ZooKeeper being used doesn't support Container nodes. CreateMode.PERSISTENT will be used instead.
18:54:00.620 [worker-akka.actor.default-dispatcher-10] INFO  a.a.LocalActorRef akka://worker/user/watcher/processing-watcher/$a - Starting...
18:54:00.650 [worker-akka.actor.default-dispatcher-6] INFO  a.a.LocalActorRef akka://worker/user/watcher/processing-watcher/$a - Stopped
18:54:03.493 [worker-akka.actor.default-dispatcher-9] INFO  a.a.LocalActorRef akka://worker/user/watcher/processing-watcher/graph/graph - Starting...
18:54:11.273 [worker-akka.actor.default-dispatcher-9] INFO  a.a.LocalActorRef akka://worker/user/watcher/processing-watcher/graph/graph - Finishing constructor
18:54:11.281 [worker-akka.actor.default-dispatcher-6] INFO  a.a.LocalActorRef akka://worker/user/watcher/processing-watcher/graph/negotiator - Starting...
18:54:11.285 [worker-akka.actor.default-dispatcher-6] INFO  a.a.LocalActorRef akka://worker/user/watcher/processing-watcher/graph/edge - Starting...
18:54:11.287 [worker-akka.actor.default-dispatcher-9] INFO  a.a.LocalActorRef akka://worker/user/watcher/processing-watcher/graph - Starting FlameNode with config 'ClusterConfig{paths={flamestream-benchmarks-worker-1=akka://worker@flamestream-benchmarks-worker-1:5412/user/watcher/processing-watcher/graph, flamestream-benchmarks-worker-0=akka://worker@flamestream-benchmarks-worker-0:5412/user/watcher/processing-watcher/graph, flamestream-benchmarks-worker-9=akka://worker@flamestream-benchmarks-worker-9:5412/user/watcher/processing-watcher/graph, flamestream-benchmarks-worker-8=akka://worker@flamestream-benchmarks-worker-8:5412/user/watcher/processing-watcher/graph, flamestream-benchmarks-worker-7=akka://worker@flamestream-benchmarks-worker-7:5412/user/watcher/processing-watcher/graph, flamestream-benchmarks-worker-6=akka://worker@flamestream-benchmarks-worker-6:5412/user/watcher/processing-watcher/graph, flamestream-benchmarks-worker-5=akka://worker@flamestream-benchmarks-worker-5:5412/user/watcher/processing-watcher/graph, flamestream-benchmarks-worker-4=akka://worker@flamestream-benchmarks-worker-4:5412/user/watcher/processing-watcher/graph, flamestream-benchmarks-worker-3=akka://worker@flamestream-benchmarks-worker-3:5412/user/watcher/processing-watcher/graph, flamestream-benchmarks-worker-2=akka://worker@flamestream-benchmarks-worker-2:5412/user/watcher/processing-watcher/graph, flamestream-benchmarks-worker-14=akka://worker@flamestream-benchmarks-worker-14:5412/user/watcher/processing-watcher/graph, flamestream-benchmarks-worker-13=akka://worker@flamestream-benchmarks-worker-13:5412/user/watcher/processing-watcher/graph, flamestream-benchmarks-worker-12=akka://worker@flamestream-benchmarks-worker-12:5412/user/watcher/processing-watcher/graph, flamestream-benchmarks-worker-11=akka://worker@flamestream-benchmarks-worker-11:5412/user/watcher/processing-watcher/graph, flamestream-benchmarks-worker-10=akka://worker@flamestream-benchmarks-worker-10:5412/user/watcher/processing-watcher/graph}}'
18:54:11.297 [worker-akka.actor.default-dispatcher-9] INFO  a.a.LocalActorRef akka://worker/user/watcher/processing-watcher/graph/negotiator - Requesting ticket for the frontClass FlameSocketGraphDeployerFront@flamestream-benchmarks-worker-4
18:54:11.341 [worker-akka.actor.default-dispatcher-9] INFO  a.a.LocalActorRef akka://worker/user/watcher/processing-watcher/graph/graph - Received last commit 'LastCommit{globalTime=(0000000, min@min)}'
18:54:11.379 [worker-akka.actor.default-dispatcher-12] INFO  c.s.f.r.e.s.SocketRear  - FlameSocketGraphDeployerRear@flamestream-benchmarks-worker-4: connecting to flamestream-benchmarks-manager:5678
18:54:11.381 [worker-akka.actor.default-dispatcher-9] INFO  a.a.LocalActorRef akka://worker/user/watcher/processing-watcher/graph/edge/FlameSocketGraphDeployerFront - Starting...
18:54:11.406 [worker-akka.actor.default-dispatcher-12] INFO  c.s.f.r.e.s.SocketRear  - FlameSocketGraphDeployerRear@flamestream-benchmarks-worker-4: connected to flamestream-benchmarks-manager:5678
18:54:11.407 [worker-akka.actor.default-dispatcher-6] INFO  a.a.LocalActorRef akka://worker/user/watcher/processing-watcher/graph/edge/FlameSocketGraphDeployerRear - Starting...
18:54:11.409 [worker-akka.actor.default-dispatcher-12] INFO  a.a.LocalActorRef akka://worker/user/watcher/processing-watcher/graph/negotiator - Ticket for the frontClass received: FrontTicket{allowedTimestamp=(0000000, FlameSocketGraphDeployerFront@flamestream-benchmarks-worker-4)}
18:54:11.410 [worker-akka.actor.default-dispatcher-12] INFO  c.s.f.r.e.s.SocketFront  - FlameSocketGraphDeployerFront@flamestream-benchmarks-worker-4: connecting to flamestream-benchmarks-manager:4567
18:54:11.680 [worker-akka.actor.default-dispatcher-12] INFO  a.a.LocalActorRef akka://worker/user/watcher/processing-watcher/graph/graph/$a - Starting...
18:54:11.682 [worker-akka.actor.default-dispatcher-12] INFO  a.a.LocalActorRef akka://worker/user/watcher/processing-watcher/graph/graph/$b - Starting...
18:54:11.684 [worker-akka.actor.default-dispatcher-12] INFO  a.a.LocalActorRef akka://worker/user/watcher/processing-watcher/graph/graph/$c - Starting...
18:54:11.687 [worker-akka.actor.default-dispatcher-12] INFO  a.a.LocalActorRef akka://worker/user/watcher/processing-watcher/graph/graph/$d - Starting...
18:54:11.688 [worker-akka.actor.default-dispatcher-12] INFO  a.a.LocalActorRef akka://worker/user/watcher/processing-watcher/graph/graph/$e - Starting...
18:54:11.689 [worker-akka.actor.default-dispatcher-12] INFO  a.a.LocalActorRef akka://worker/user/watcher/processing-watcher/graph/graph/$f - Starting...
18:54:11.690 [worker-akka.actor.default-dispatcher-12] INFO  a.a.LocalActorRef akka://worker/user/watcher/processing-watcher/graph/graph/$g - Starting...
18:54:11.692 [worker-akka.actor.default-dispatcher-12] INFO  a.a.LocalActorRef akka://worker/user/watcher/processing-watcher/graph/graph/$h - Starting...
18:54:11.694 [worker-akka.actor.default-dispatcher-12] INFO  a.a.LocalActorRef akka://worker/user/watcher/processing-watcher/graph/graph/$i - Starting...
18:54:11.695 [worker-akka.actor.default-dispatcher-12] INFO  a.a.LocalActorRef akka://worker/user/watcher/processing-watcher/graph/graph/$j - Starting...
18:54:11.696 [worker-akka.actor.default-dispatcher-12] INFO  a.a.LocalActorRef akka://worker/user/watcher/processing-watcher/graph/graph/$k - Starting...
18:54:11.698 [worker-akka.actor.default-dispatcher-12] INFO  a.a.LocalActorRef akka://worker/user/watcher/processing-watcher/graph/graph/$l - Starting...
18:54:11.699 [worker-akka.actor.default-dispatcher-12] INFO  a.a.LocalActorRef akka://worker/user/watcher/processing-watcher/graph/graph/$m - Starting...
18:54:11.704 [worker-akka.actor.default-dispatcher-12] INFO  a.a.LocalActorRef akka://worker/user/watcher/processing-watcher/graph/graph/$n - Starting...
18:54:11.705 [worker-akka.actor.default-dispatcher-12] INFO  a.a.LocalActorRef akka://worker/user/watcher/processing-watcher/graph/graph/$o - Starting...
18:54:11.708 [worker-akka.actor.default-dispatcher-12] INFO  a.a.LocalActorRef akka://worker/user/watcher/processing-watcher/graph/graph/$p - Starting...
18:54:11.709 [worker-akka.actor.default-dispatcher-12] INFO  a.a.LocalActorRef akka://worker/user/watcher/processing-watcher/graph/graph/$q - Starting...
18:54:11.711 [worker-akka.actor.default-dispatcher-12] INFO  a.a.LocalActorRef akka://worker/user/watcher/processing-watcher/graph/graph/$r - Starting...
18:54:11.712 [worker-akka.actor.default-dispatcher-12] INFO  a.a.LocalActorRef akka://worker/user/watcher/processing-watcher/graph/graph/$s - Starting...
18:54:11.713 [worker-akka.actor.default-dispatcher-12] INFO  a.a.LocalActorRef akka://worker/user/watcher/processing-watcher/graph/graph/$t - Starting...
18:54:11.714 [worker-akka.actor.default-dispatcher-12] INFO  a.a.LocalActorRef akka://worker/user/watcher/processing-watcher/graph/graph/$u - Starting...
18:54:11.716 [worker-akka.actor.default-dispatcher-12] INFO  a.a.LocalActorRef akka://worker/user/watcher/processing-watcher/graph/graph/$v - Starting...
18:54:11.717 [worker-akka.actor.default-dispatcher-12] INFO  a.a.LocalActorRef akka://worker/user/watcher/processing-watcher/graph/graph/$w - Starting...
18:54:11.719 [worker-akka.actor.default-dispatcher-12] INFO  a.a.LocalActorRef akka://worker/user/watcher/processing-watcher/graph/graph/$x - Starting...
18:54:11.720 [worker-akka.actor.default-dispatcher-12] INFO  a.a.LocalActorRef akka://worker/user/watcher/processing-watcher/graph/graph/$y - Starting...
18:54:11.721 [worker-akka.actor.default-dispatcher-12] INFO  a.a.LocalActorRef akka://worker/user/watcher/processing-watcher/graph/graph/$z - Starting...
18:54:11.723 [worker-akka.actor.default-dispatcher-12] INFO  a.a.LocalActorRef akka://worker/user/watcher/processing-watcher/graph/graph/$A - Starting...
18:54:11.724 [worker-akka.actor.default-dispatcher-12] INFO  a.a.LocalActorRef akka://worker/user/watcher/processing-watcher/graph/graph/$B - Starting...
18:54:11.725 [worker-akka.actor.default-dispatcher-12] INFO  a.a.LocalActorRef akka://worker/user/watcher/processing-watcher/graph/graph/$C - Starting...
18:54:11.726 [worker-akka.actor.default-dispatcher-12] INFO  a.a.LocalActorRef akka://worker/user/watcher/processing-watcher/graph/graph/$D - Starting...
18:54:11.727 [worker-akka.actor.default-dispatcher-12] INFO  a.a.LocalActorRef akka://worker/user/watcher/processing-watcher/graph/graph/$E - Starting...
18:54:11.728 [worker-akka.actor.default-dispatcher-12] INFO  a.a.LocalActorRef akka://worker/user/watcher/processing-watcher/graph/graph/$F - Starting...
18:54:11.729 [worker-akka.actor.default-dispatcher-12] INFO  a.a.LocalActorRef akka://worker/user/watcher/processing-watcher/graph/graph/$G - Starting...
18:54:11.730 [worker-akka.actor.default-dispatcher-12] INFO  a.a.LocalActorRef akka://worker/user/watcher/processing-watcher/graph/graph/$H - Starting...
18:54:11.731 [worker-akka.actor.default-dispatcher-12] INFO  a.a.LocalActorRef akka://worker/user/watcher/processing-watcher/graph/graph/$I - Starting...
18:54:11.732 [worker-akka.actor.default-dispatcher-12] INFO  a.a.LocalActorRef akka://worker/user/watcher/processing-watcher/graph/graph/$J - Starting...
18:54:11.734 [worker-akka.actor.default-dispatcher-12] INFO  a.a.LocalActorRef akka://worker/user/watcher/processing-watcher/graph/graph/$K - Starting...
18:54:11.735 [worker-akka.actor.default-dispatcher-12] INFO  a.a.LocalActorRef akka://worker/user/watcher/processing-watcher/graph/graph/$L - Starting...
18:54:11.736 [worker-akka.actor.default-dispatcher-12] INFO  a.a.LocalActorRef akka://worker/user/watcher/processing-watcher/graph/graph/$M - Starting...
18:54:11.738 [worker-akka.actor.default-dispatcher-12] INFO  a.a.LocalActorRef akka://worker/user/watcher/processing-watcher/graph/graph/$N - Starting...
18:54:11.739 [worker-akka.actor.default-dispatcher-12] INFO  a.a.LocalActorRef akka://worker/user/watcher/processing-watcher/graph/graph/$O - Starting...
18:54:11.740 [worker-akka.actor.default-dispatcher-12] INFO  a.a.LocalActorRef akka://worker/user/watcher/processing-watcher/graph/graph/$P - Starting...
18:54:11.741 [worker-akka.actor.default-dispatcher-12] INFO  a.a.LocalActorRef akka://worker/user/watcher/processing-watcher/graph/graph/$Q - Starting...
18:54:11.742 [worker-akka.actor.default-dispatcher-12] INFO  a.a.LocalActorRef akka://worker/user/watcher/processing-watcher/graph/graph/$R - Starting...
18:54:11.743 [worker-akka.actor.default-dispatcher-12] INFO  a.a.LocalActorRef akka://worker/user/watcher/processing-watcher/graph/graph/$S - Starting...
18:54:11.744 [worker-akka.actor.default-dispatcher-12] INFO  a.a.LocalActorRef akka://worker/user/watcher/processing-watcher/graph/graph/$T - Starting...
18:54:11.745 [worker-akka.actor.default-dispatcher-12] INFO  a.a.LocalActorRef akka://worker/user/watcher/processing-watcher/graph/graph/$U - Starting...
18:54:11.746 [worker-akka.actor.default-dispatcher-12] INFO  a.a.LocalActorRef akka://worker/user/watcher/processing-watcher/graph/graph/$V - Starting...
18:54:11.747 [worker-akka.actor.default-dispatcher-12] INFO  a.a.LocalActorRef akka://worker/user/watcher/processing-watcher/graph/graph/$W - Starting...
18:54:11.748 [worker-akka.actor.default-dispatcher-12] INFO  a.a.LocalActorRef akka://worker/user/watcher/processing-watcher/graph/graph/$X - Starting...
18:54:11.749 [worker-akka.actor.default-dispatcher-12] INFO  a.a.LocalActorRef akka://worker/user/watcher/processing-watcher/graph/graph/$Y - Starting...
18:54:11.750 [worker-akka.actor.default-dispatcher-12] INFO  a.a.LocalActorRef akka://worker/user/watcher/processing-watcher/graph/graph/$Z - Starting...
18:54:11.751 [worker-akka.actor.default-dispatcher-12] INFO  a.a.LocalActorRef akka://worker/user/watcher/processing-watcher/graph/graph/$0 - Starting...
18:54:11.751 [worker-akka.actor.default-dispatcher-12] INFO  a.a.LocalActorRef akka://worker/user/watcher/processing-watcher/graph/graph/$1 - Starting...
18:54:11.752 [worker-akka.actor.default-dispatcher-12] INFO  a.a.LocalActorRef akka://worker/user/watcher/processing-watcher/graph/graph/$2 - Starting...
18:54:11.753 [worker-akka.actor.default-dispatcher-12] INFO  a.a.LocalActorRef akka://worker/user/watcher/processing-watcher/graph/graph/$3 - Starting...
18:54:11.754 [worker-akka.actor.default-dispatcher-12] INFO  a.a.LocalActorRef akka://worker/user/watcher/processing-watcher/graph/graph/$4 - Starting...
18:54:11.755 [worker-akka.actor.default-dispatcher-12] INFO  a.a.LocalActorRef akka://worker/user/watcher/processing-watcher/graph/graph/$5 - Starting...
18:54:11.756 [worker-akka.actor.default-dispatcher-12] INFO  a.a.LocalActorRef akka://worker/user/watcher/processing-watcher/graph/graph/$6 - Starting...
18:54:11.757 [worker-akka.actor.default-dispatcher-12] INFO  a.a.LocalActorRef akka://worker/user/watcher/processing-watcher/graph/graph/$7 - Starting...
18:54:11.758 [worker-akka.actor.default-dispatcher-12] INFO  a.a.LocalActorRef akka://worker/user/watcher/processing-watcher/graph/graph/$8 - Starting...
18:54:11.759 [worker-akka.actor.default-dispatcher-12] INFO  a.a.LocalActorRef akka://worker/user/watcher/processing-watcher/graph/graph/$9 - Starting...
18:54:11.765 [worker-akka.actor.default-dispatcher-12] INFO  a.a.LocalActorRef akka://worker/user/watcher/processing-watcher/graph/graph/$+ - Starting...
18:54:11.783 [worker-akka.actor.default-dispatcher-12] INFO  a.a.LocalActorRef akka://worker/user/watcher/processing-watcher/graph/graph/$~ - Starting...
18:54:11.786 [worker-akka.actor.default-dispatcher-12] INFO  a.a.LocalActorRef akka://worker/user/watcher/processing-watcher/graph/graph/$ab - Starting...
18:54:11.801 [worker-akka.actor.default-dispatcher-12] INFO  a.a.LocalActorRef akka://worker/user/watcher/processing-watcher/graph/graph/$+ - Attached rear to graph (-9223372036854775808, min@min)
18:54:11.801 [worker-akka.actor.default-dispatcher-12] INFO  a.a.LocalActorRef akka://worker/user/watcher/processing-watcher/graph/graph/$bb - Starting...
18:54:11.802 [worker-akka.actor.default-dispatcher-12] INFO  a.a.LocalActorRef akka://worker/user/watcher/processing-watcher/graph/graph/$cb - Starting...
18:54:11.802 [worker-akka.actor.default-dispatcher-12] INFO  a.a.LocalActorRef akka://worker/user/watcher/processing-watcher/graph/graph/$db - Starting...
18:54:11.802 [worker-akka.actor.default-dispatcher-12] INFO  a.a.LocalActorRef akka://worker/user/watcher/processing-watcher/graph/graph/$eb - Starting...
18:54:11.802 [worker-akka.actor.default-dispatcher-6] INFO  a.a.LocalActorRef akka://worker/user/watcher/processing-watcher/graph/graph/$fb - Starting...
18:54:11.802 [worker-akka.actor.default-dispatcher-6] INFO  a.a.LocalActorRef akka://worker/user/watcher/processing-watcher/graph/graph/$gb - Starting...
18:54:11.802 [worker-akka.actor.default-dispatcher-6] INFO  a.a.LocalActorRef akka://worker/user/watcher/processing-watcher/graph/graph/$hb - Starting...
18:54:11.802 [worker-akka.actor.default-dispatcher-6] INFO  a.a.LocalActorRef akka://worker/user/watcher/processing-watcher/graph/graph/$ib - Starting...
18:54:11.802 [worker-akka.actor.default-dispatcher-6] INFO  a.a.LocalActorRef akka://worker/user/watcher/processing-watcher/graph/graph/$jb - Starting...
18:54:11.802 [worker-akka.actor.default-dispatcher-6] INFO  a.a.LocalActorRef akka://worker/user/watcher/processing-watcher/graph/graph/$kb - Starting...
18:54:11.802 [worker-akka.actor.default-dispatcher-6] INFO  a.a.LocalActorRef akka://worker/user/watcher/processing-watcher/graph/graph/$lb - Starting...
18:54:11.802 [worker-akka.actor.default-dispatcher-6] INFO  a.a.LocalActorRef akka://worker/user/watcher/processing-watcher/graph/graph/$mb - Starting...
18:54:11.803 [worker-akka.actor.default-dispatcher-6] INFO  a.a.LocalActorRef akka://worker/user/watcher/processing-watcher/graph/graph/$nb - Starting...
18:54:11.803 [worker-akka.actor.default-dispatcher-6] INFO  a.a.LocalActorRef akka://worker/user/watcher/processing-watcher/graph/graph/$ob - Starting...
18:54:11.803 [worker-akka.actor.default-dispatcher-6] INFO  a.a.LocalActorRef akka://worker/user/watcher/processing-watcher/graph/graph/$pb - Starting...
18:54:11.803 [worker-akka.actor.default-dispatcher-6] INFO  a.a.LocalActorRef akka://worker/user/watcher/processing-watcher/graph/graph/$qb - Starting...
18:54:11.803 [worker-akka.actor.default-dispatcher-6] INFO  a.a.LocalActorRef akka://worker/user/watcher/processing-watcher/graph/graph/$rb - Starting...
18:54:11.803 [worker-akka.actor.default-dispatcher-6] INFO  a.a.LocalActorRef akka://worker/user/watcher/processing-watcher/graph/graph/$sb - Starting...
18:54:11.803 [worker-akka.actor.default-dispatcher-6] INFO  a.a.LocalActorRef akka://worker/user/watcher/processing-watcher/graph/graph/$tb - Starting...
18:54:11.803 [worker-akka.actor.default-dispatcher-9] INFO  a.a.LocalActorRef akka://worker/user/watcher/processing-watcher/graph/graph/$ub - Starting...
18:54:11.803 [worker-akka.actor.default-dispatcher-9] INFO  a.a.LocalActorRef akka://worker/user/watcher/processing-watcher/graph/graph/$vb - Starting...
18:54:11.805 [worker-akka.actor.default-dispatcher-12] INFO  a.a.LocalActorRef akka://worker/user/watcher/processing-watcher/graph/graph/$xb - Starting...
18:54:11.805 [worker-akka.actor.default-dispatcher-12] INFO  a.a.LocalActorRef akka://worker/user/watcher/processing-watcher/graph/graph/$yb - Starting...
18:54:11.805 [worker-akka.actor.default-dispatcher-12] INFO  a.a.LocalActorRef akka://worker/user/watcher/processing-watcher/graph/graph/$zb - Starting...
18:54:11.805 [worker-akka.actor.default-dispatcher-12] INFO  a.a.LocalActorRef akka://worker/user/watcher/processing-watcher/graph/graph/$Ab - Starting...
18:54:11.805 [worker-akka.actor.default-dispatcher-12] INFO  a.a.LocalActorRef akka://worker/user/watcher/processing-watcher/graph/graph/$Bb - Starting...
18:54:11.808 [worker-akka.actor.default-dispatcher-6] INFO  a.a.LocalActorRef akka://worker/user/watcher/processing-watcher/graph/graph/$Cb - Starting...
18:54:11.808 [worker-akka.actor.default-dispatcher-6] INFO  a.a.LocalActorRef akka://worker/user/watcher/processing-watcher/graph/graph/$Db - Starting...
18:54:11.808 [worker-akka.actor.default-dispatcher-6] INFO  a.a.LocalActorRef akka://worker/user/watcher/processing-watcher/graph/graph/$Eb - Starting...
18:54:11.808 [worker-akka.actor.default-dispatcher-6] INFO  a.a.LocalActorRef akka://worker/user/watcher/processing-watcher/graph/graph/$Fb - Starting...
18:54:11.809 [worker-akka.actor.default-dispatcher-6] INFO  a.a.LocalActorRef akka://worker/user/watcher/processing-watcher/graph/graph/$Gb - Starting...
18:54:11.812 [worker-akka.actor.default-dispatcher-12] INFO  a.a.LocalActorRef akka://worker/user/watcher/processing-watcher/graph/graph/$Hb - Starting...
18:54:11.813 [worker-akka.actor.default-dispatcher-12] INFO  a.a.LocalActorRef akka://worker/user/watcher/processing-watcher/graph/graph/$Ib - Starting...
18:54:11.814 [worker-akka.actor.default-dispatcher-12] INFO  a.a.LocalActorRef akka://worker/user/watcher/processing-watcher/graph/graph/$Jb - Starting...
18:54:11.816 [worker-akka.actor.default-dispatcher-12] INFO  a.a.LocalActorRef akka://worker/user/watcher/processing-watcher/graph/graph/$Kb - Starting...
18:54:11.817 [worker-akka.actor.default-dispatcher-12] INFO  a.a.LocalActorRef akka://worker/user/watcher/processing-watcher/graph/graph/$Lb - Starting...
18:54:11.818 [worker-akka.actor.default-dispatcher-12] INFO  a.a.LocalActorRef akka://worker/user/watcher/processing-watcher/graph/graph/$wb - Starting...
18:54:11.819 [worker-akka.actor.default-dispatcher-12] INFO  a.a.LocalActorRef akka://worker/user/watcher/processing-watcher/graph/graph/$Mb - Starting...
18:54:11.819 [worker-akka.actor.default-dispatcher-12] INFO  a.a.LocalActorRef akka://worker/user/watcher/processing-watcher/graph/graph/$Nb - Starting...
2019-09-28T18:54:24.725+0000: 38.759: [GC (Allocation Failure) 2019-09-28T18:54:24.725+0000: 38.760: [DefNew: 409600K->32326K(460800K), 0.0493788 secs] 435537K->58263K(1484800K), 0.0494766 secs] [Times: user=0.04 sys=0.01, real=0.05 secs] 
2019-09-28T18:54:34.610+0000: 48.645: [GC (Allocation Failure) 2019-09-28T18:54:34.610+0000: 48.645: [DefNew: 441926K->1094K(460800K), 0.0359773 secs] 467863K->55979K(1484800K), 0.0360690 secs] [Times: user=0.01 sys=0.03, real=0.03 secs] 
2019-09-28T18:54:41.478+0000: 55.513: [GC (Allocation Failure) 2019-09-28T18:54:41.478+0000: 55.513: [DefNew: 410694K->1275K(460800K), 0.0052352 secs] 465579K->56161K(1484800K), 0.0053252 secs] [Times: user=0.01 sys=0.00, real=0.01 secs] 
2019-09-28T18:54:46.864+0000: 60.900: [GC (Allocation Failure) 2019-09-28T18:54:46.865+0000: 60.900: [DefNew: 410875K->1355K(460800K), 0.0054366 secs] 465761K->56241K(1484800K), 0.0068446 secs] [Times: user=0.00 sys=0.00, real=0.01 secs] 
2019-09-28T18:54:54.826+0000: 68.861: [GC (Allocation Failure) 2019-09-28T18:54:54.826+0000: 68.861: [DefNew: 410955K->1914K(460800K), 0.0063794 secs] 465841K->56799K(1484800K), 0.0064931 secs] [Times: user=0.01 sys=0.00, real=0.01 secs] 
2019-09-28T18:55:01.700+0000: 75.734: [GC (Allocation Failure) 2019-09-28T18:55:01.700+0000: 75.734: [DefNew: 411514K->1652K(460800K), 0.0045020 secs] 466399K->56537K(1484800K), 0.0045957 secs] [Times: user=0.00 sys=0.00, real=0.01 secs] 
2019-09-28T18:55:08.890+0000: 82.925: [GC (Allocation Failure) 2019-09-28T18:55:08.890+0000: 82.925: [DefNew: 411252K->1709K(460800K), 0.0044718 secs] 466137K->56594K(1484800K), 0.0045622 secs] [Times: user=0.00 sys=0.00, real=0.00 secs] 
2019-09-28T18:55:16.670+0000: 90.705: [GC (Allocation Failure) 2019-09-28T18:55:16.670+0000: 90.705: [DefNew: 411309K->1689K(460800K), 0.0042336 secs] 466194K->56575K(1484800K), 0.0043236 secs] [Times: user=0.01 sys=0.00, real=0.00 secs] 
2019-09-28T18:55:23.936+0000: 97.970: [GC (Allocation Failure) 2019-09-28T18:55:23.936+0000: 97.970: [DefNew: 411289K->1651K(460800K), 0.0042242 secs] 466175K->56536K(1484800K), 0.0043310 secs] [Times: user=0.01 sys=0.00, real=0.00 secs] 
2019-09-28T18:55:31.209+0000: 105.244: [GC (Allocation Failure) 2019-09-28T18:55:31.209+0000: 105.244: [DefNew: 411251K->1715K(460800K), 0.0044587 secs] 466136K->56600K(1484800K), 0.0045546 secs] [Times: user=0.01 sys=0.00, real=0.00 secs] 
2019-09-28T18:55:38.991+0000: 113.025: [GC (Allocation Failure) 2019-09-28T18:55:38.991+0000: 113.025: [DefNew: 411315K->1674K(460800K), 0.0043227 secs] 466200K->56560K(1484800K), 0.0044112 secs] [Times: user=0.00 sys=0.00, real=0.00 secs] 
2019-09-28T18:55:46.157+0000: 120.192: [GC (Allocation Failure) 2019-09-28T18:55:46.157+0000: 120.192: [DefNew: 411274K->1659K(460800K), 0.0044954 secs] 466160K->56545K(1484800K), 0.0045921 secs] [Times: user=0.00 sys=0.00, real=0.01 secs] 
2019-09-28T18:55:53.360+0000: 127.395: [GC (Allocation Failure) 2019-09-28T18:55:53.360+0000: 127.395: [DefNew: 411259K->1733K(460800K), 0.0047853 secs] 466145K->56618K(1484800K), 0.0048879 secs] [Times: user=0.00 sys=0.00, real=0.01 secs] 
2019-09-28T18:56:00.664+0000: 134.699: [GC (Allocation Failure) 2019-09-28T18:56:00.664+0000: 134.699: [DefNew: 411333K->1755K(460800K), 0.0046676 secs] 466218K->56640K(1484800K), 0.0047809 secs] [Times: user=0.00 sys=0.00, real=0.01 secs] 
2019-09-28T18:56:08.411+0000: 142.445: [GC (Allocation Failure) 2019-09-28T18:56:08.411+0000: 142.445: [DefNew: 411355K->1739K(460800K), 0.0044267 secs] 466240K->56624K(1484800K), 0.0045296 secs] [Times: user=0.01 sys=0.00, real=0.00 secs] 
2019-09-28T18:56:15.742+0000: 149.776: [GC (Allocation Failure) 2019-09-28T18:56:15.742+0000: 149.776: [DefNew: 411339K->1734K(460800K), 0.0044711 secs] 466224K->56619K(1484800K), 0.0045567 secs] [Times: user=0.00 sys=0.00, real=0.00 secs] 
2019-09-28T18:56:23.097+0000: 157.132: [GC (Allocation Failure) 2019-09-28T18:56:23.097+0000: 157.132: [DefNew: 411334K->1533K(460800K), 0.0045581 secs] 466219K->56619K(1484800K), 0.0046772 secs] [Times: user=0.00 sys=0.00, real=0.01 secs] 
2019-09-28T18:56:30.948+0000: 164.983: [GC (Allocation Failure) 2019-09-28T18:56:30.948+0000: 164.983: [DefNew: 411133K->1355K(460800K), 0.0043427 secs] 466219K->56621K(1484800K), 0.0044305 secs] [Times: user=0.00 sys=0.00, real=0.01 secs] 
2019-09-28T18:56:38.218+0000: 172.253: [GC (Allocation Failure) 2019-09-28T18:56:38.218+0000: 172.253: [DefNew: 410955K->1257K(460800K), 0.0042976 secs] 466221K->56658K(1484800K), 0.0043869 secs] [Times: user=0.00 sys=0.00, real=0.01 secs] 
2019-09-28T18:56:45.514+0000: 179.549: [GC (Allocation Failure) 2019-09-28T18:56:45.514+0000: 179.549: [DefNew: 410857K->277K(460800K), 0.0044889 secs] 466258K->56677K(1484800K), 0.0045993 secs] [Times: user=0.01 sys=0.00, real=0.00 secs] 
2019-09-28T18:56:53.310+0000: 187.345: [GC (Allocation Failure) 2019-09-28T18:56:53.310+0000: 187.345: [DefNew: 409877K->267K(460800K), 0.0034103 secs] 466277K->56668K(1484800K), 0.0035244 secs] [Times: user=0.00 sys=0.00, real=0.00 secs] 
2019-09-28T18:57:00.602+0000: 194.636: [GC (Allocation Failure) 2019-09-28T18:57:00.602+0000: 194.636: [DefNew: 409867K->266K(460800K), 0.0026586 secs] 466268K->56667K(1484800K), 0.0027493 secs] [Times: user=0.00 sys=0.00, real=0.00 secs] 
2019-09-28T18:57:07.928+0000: 201.962: [GC (Allocation Failure) 2019-09-28T18:57:07.928+0000: 201.962: [DefNew: 409866K->295K(460800K), 0.0028117 secs] 466267K->56697K(1484800K), 0.0029086 secs] [Times: user=0.00 sys=0.00, real=0.01 secs] 
2019-09-28T18:57:15.755+0000: 209.790: [GC (Allocation Failure) 2019-09-28T18:57:15.755+0000: 209.790: [DefNew: 409895K->278K(460800K), 0.0028721 secs] 466297K->56680K(1484800K), 0.0029775 secs] [Times: user=0.00 sys=0.00, real=0.00 secs] 
2019-09-28T18:57:23.069+0000: 217.104: [GC (Allocation Failure) 2019-09-28T18:57:23.070+0000: 217.104: [DefNew: 409878K->328K(460800K), 0.0027697 secs] 466280K->56730K(1484800K), 0.0028446 secs] [Times: user=0.00 sys=0.00, real=0.00 secs] 
2019-09-28T18:57:30.350+0000: 224.385: [GC (Allocation Failure) 2019-09-28T18:57:30.350+0000: 224.385: [DefNew: 409928K->279K(460800K), 0.0028329 secs] 466330K->56681K(1484800K), 0.0029274 secs] [Times: user=0.00 sys=0.00, real=0.00 secs] 
2019-09-28T18:57:38.229+0000: 232.263: [GC (Allocation Failure) 2019-09-28T18:57:38.229+0000: 232.263: [DefNew: 409879K->289K(460800K), 0.0026909 secs] 466281K->56691K(1484800K), 0.0027909 secs] [Times: user=0.00 sys=0.00, real=0.01 secs] 
2019-09-28T18:57:45.516+0000: 239.550: [GC (Allocation Failure) 2019-09-28T18:57:45.516+0000: 239.550: [DefNew: 409889K->255K(460800K), 0.0030531 secs] 466291K->56738K(1484800K), 0.0031429 secs] [Times: user=0.00 sys=0.00, real=0.00 secs] 
2019-09-28T18:57:52.801+0000: 246.835: [GC (Allocation Failure) 2019-09-28T18:57:52.801+0000: 246.835: [DefNew: 409855K->226K(460800K), 0.0028457 secs] 466338K->56710K(1484800K), 0.0029286 secs] [Times: user=0.00 sys=0.00, real=0.01 secs] 
2019-09-28T18:58:00.599+0000: 254.634: [GC (Allocation Failure) 2019-09-28T18:58:00.600+0000: 254.634: [DefNew: 409826K->259K(460800K), 0.0028207 secs] 466310K->56744K(1484800K), 0.0029245 secs] [Times: user=0.01 sys=0.00, real=0.01 secs] 
2019-09-28T18:58:07.899+0000: 261.933: [GC (Allocation Failure) 2019-09-28T18:58:07.899+0000: 261.933: [DefNew: 409859K->266K(460800K), 0.0027899 secs] 466344K->56750K(1484800K), 0.0028750 secs] [Times: user=0.00 sys=0.00, real=0.01 secs] 
2019-09-28T18:58:15.324+0000: 269.358: [GC (Allocation Failure) 2019-09-28T18:58:15.324+0000: 269.358: [DefNew: 409866K->227K(460800K), 0.0027412 secs] 466350K->56711K(1484800K), 0.0028269 secs] [Times: user=0.00 sys=0.00, real=0.00 secs] 
2019-09-28T18:58:23.020+0000: 277.055: [GC (Allocation Failure) 2019-09-28T18:58:23.020+0000: 277.055: [DefNew: 409827K->226K(460800K), 0.0027576 secs] 466311K->56710K(1484800K), 0.0028418 secs] [Times: user=0.00 sys=0.00, real=0.01 secs] 
2019-09-28T18:58:30.351+0000: 284.385: [GC (Allocation Failure) 2019-09-28T18:58:30.351+0000: 284.386: [DefNew: 409826K->228K(460800K), 0.0027588 secs] 466310K->56713K(1484800K), 0.0028395 secs] [Times: user=0.00 sys=0.00, real=0.00 secs] 
2019-09-28T18:58:38.204+0000: 292.238: [GC (Allocation Failure) 2019-09-28T18:58:38.204+0000: 292.238: [DefNew: 409828K->229K(460800K), 0.0027894 secs] 466313K->56713K(1484800K), 0.0028849 secs] [Times: user=0.00 sys=0.00, real=0.00 secs] 
2019-09-28T18:58:45.538+0000: 299.572: [GC (Allocation Failure) 2019-09-28T18:58:45.538+0000: 299.572: [DefNew: 409829K->179K(460800K), 0.0028269 secs] 466313K->56711K(1484800K), 0.0029168 secs] [Times: user=0.00 sys=0.00, real=0.00 secs] 
2019-09-28T18:58:52.810+0000: 306.844: [GC (Allocation Failure) 2019-09-28T18:58:52.810+0000: 306.845: [DefNew: 409779K->266K(460800K), 0.0031165 secs] 466311K->56798K(1484800K), 0.0031993 secs] [Times: user=0.00 sys=0.00, real=0.00 secs] 
2019-09-28T18:59:00.638+0000: 314.672: [GC (Allocation Failure) 2019-09-28T18:59:00.638+0000: 314.673: [DefNew: 409866K->311K(460800K), 0.0028622 secs] 466398K->56843K(1484800K), 0.0029598 secs] [Times: user=0.00 sys=0.00, real=0.01 secs] 
2019-09-28T18:59:07.973+0000: 322.007: [GC (Allocation Failure) 2019-09-28T18:59:07.973+0000: 322.007: [DefNew: 409911K->345K(460800K), 0.0029666 secs] 466443K->56877K(1484800K), 0.0030596 secs] [Times: user=0.00 sys=0.00, real=0.00 secs] 
2019-09-28T18:59:15.336+0000: 329.370: [GC (Allocation Failure) 2019-09-28T18:59:15.336+0000: 329.370: [DefNew: 409945K->307K(460800K), 0.0028581 secs] 466477K->56844K(1484800K), 0.0029494 secs] [Times: user=0.00 sys=0.00, real=0.00 secs] 
2019-09-28T18:59:23.146+0000: 337.181: [GC (Allocation Failure) 2019-09-28T18:59:23.146+0000: 337.181: [DefNew: 409907K->307K(460800K), 0.0027597 secs] 466444K->56844K(1484800K), 0.0028516 secs] [Times: user=0.00 sys=0.00, real=0.01 secs] 
2019-09-28T18:59:30.414+0000: 344.448: [GC (Allocation Failure) 2019-09-28T18:59:30.414+0000: 344.448: [DefNew: 409907K->429K(460800K), 0.0029432 secs] 466444K->56965K(1484800K), 0.0030338 secs] [Times: user=0.00 sys=0.01, real=0.00 secs] 
2019-09-28T18:59:37.699+0000: 351.733: [GC (Allocation Failure) 2019-09-28T18:59:37.699+0000: 351.733: [DefNew: 410029K->309K(460800K), 0.0027446 secs] 466565K->56846K(1484800K), 0.0028312 secs] [Times: user=0.01 sys=0.00, real=0.01 secs] 
2019-09-28T18:59:45.560+0000: 359.594: [GC (Allocation Failure) 2019-09-28T18:59:45.560+0000: 359.594: [DefNew: 409909K->273K(460800K), 0.0028282 secs] 466446K->56847K(1484800K), 0.0029159 secs] [Times: user=0.01 sys=0.00, real=0.01 secs] 
2019-09-28T18:59:52.852+0000: 366.886: [GC (Allocation Failure) 2019-09-28T18:59:52.852+0000: 366.886: [DefNew: 409873K->291K(460800K), 0.0028884 secs] 466447K->56865K(1484800K), 0.0029804 secs] [Times: user=0.00 sys=0.00, real=0.00 secs] 
2019-09-28T19:00:00.157+0000: 374.191: [GC (Allocation Failure) 2019-09-28T19:00:00.157+0000: 374.191: [DefNew: 409891K->292K(460800K), 0.0028901 secs] 466465K->56867K(1484800K), 0.0029771 secs] [Times: user=0.00 sys=0.00, real=0.00 secs] 
2019-09-28T19:00:07.979+0000: 382.013: [GC (Allocation Failure) 2019-09-28T19:00:07.979+0000: 382.013: [DefNew: 409892K->289K(460800K), 0.0027496 secs] 466467K->56864K(1484800K), 0.0028784 secs] [Times: user=0.01 sys=0.00, real=0.01 secs] 
2019-09-28T19:00:15.275+0000: 389.310: [GC (Allocation Failure) 2019-09-28T19:00:15.275+0000: 389.310: [DefNew: 409889K->344K(460800K), 0.0028339 secs] 466464K->56918K(1484800K), 0.0029202 secs] [Times: user=0.00 sys=0.00, real=0.00 secs] 
2019-09-28T19:00:22.595+0000: 396.629: [GC (Allocation Failure) 2019-09-28T19:00:22.595+0000: 396.629: [DefNew: 409944K->293K(460800K), 0.0027941 secs] 466518K->56868K(1484800K), 0.0028801 secs] [Times: user=0.00 sys=0.00, real=0.00 secs] 
2019-09-28T19:00:30.407+0000: 404.441: [GC (Allocation Failure) 2019-09-28T19:00:30.407+0000: 404.441: [DefNew: 409893K->326K(460800K), 0.0029116 secs] 466468K->56900K(1484800K), 0.0029899 secs] [Times: user=0.01 sys=0.00, real=0.01 secs] 
2019-09-28T19:00:37.723+0000: 411.757: [GC (Allocation Failure) 2019-09-28T19:00:37.723+0000: 411.757: [DefNew: 409926K->291K(460800K), 0.0028646 secs] 466500K->56865K(1484800K), 0.0029505 secs] [Times: user=0.00 sys=0.00, real=0.00 secs] 
2019-09-28T19:00:44.982+0000: 419.016: [GC (Allocation Failure) 2019-09-28T19:00:44.982+0000: 419.016: [DefNew: 409891K->280K(460800K), 0.0027936 secs] 466465K->56888K(1484800K), 0.0029016 secs] [Times: user=0.00 sys=0.00, real=0.00 secs] 
2019-09-28T19:00:52.765+0000: 426.799: [GC (Allocation Failure) 2019-09-28T19:00:52.765+0000: 426.799: [DefNew: 409880K->279K(460800K), 0.0033241 secs] 466488K->56986K(1484800K), 0.0034121 secs] [Times: user=0.00 sys=0.00, real=0.00 secs] 
2019-09-28T19:01:00.047+0000: 434.081: [GC (Allocation Failure) 2019-09-28T19:01:00.047+0000: 434.082: [DefNew: 409879K->257K(460800K), 0.0026881 secs] 466586K->56964K(1484800K), 0.0027678 secs] [Times: user=0.00 sys=0.00, real=0.01 secs] 
2019-09-28T19:01:07.380+0000: 441.414: [GC (Allocation Failure) 2019-09-28T19:01:07.380+0000: 441.414: [DefNew: 409857K->246K(460800K), 0.0027526 secs] 466564K->56953K(1484800K), 0.0028453 secs] [Times: user=0.00 sys=0.00, real=0.01 secs] 
2019-09-28T19:01:15.200+0000: 449.234: [GC (Allocation Failure) 2019-09-28T19:01:15.200+0000: 449.235: [DefNew: 409846K->205K(460800K), 0.0027571 secs] 466553K->56912K(1484800K), 0.0028430 secs] [Times: user=0.00 sys=0.00, real=0.01 secs] 
2019-09-28T19:01:22.517+0000: 456.552: [GC (Allocation Failure) 2019-09-28T19:01:22.517+0000: 456.552: [DefNew: 409805K->178K(460800K), 0.0026155 secs] 466512K->56885K(1484800K), 0.0027046 secs] [Times: user=0.00 sys=0.00, real=0.00 secs] 
2019-09-28T19:01:29.780+0000: 463.814: [GC (Allocation Failure) 2019-09-28T19:01:29.780+0000: 463.814: [DefNew: 409778K->168K(460800K), 0.0026892 secs] 466485K->56877K(1484800K), 0.0027669 secs] [Times: user=0.00 sys=0.00, real=0.01 secs] 
19:01:31.899 [worker-akka.actor.default-dispatcher-6] INFO  a.r.a.Association(akka://worker) akka.remote.artery.Association(akka://worker) - Stopping idle outbound stream [2] to [akka://worker@flamestream-benchmarks-worker-0:5412]
2019-09-28T19:01:37.515+0000: 471.549: [GC (Allocation Failure) 2019-09-28T19:01:37.515+0000: 471.549: [DefNew: 409768K->287K(460800K), 0.0031637 secs] 466477K->56996K(1484800K), 0.0032718 secs] [Times: user=0.00 sys=0.00, real=0.00 secs] 
2019-09-28T19:01:44.819+0000: 478.853: [GC (Allocation Failure) 2019-09-28T19:01:44.819+0000: 478.853: [DefNew: 409887K->206K(460800K), 0.0030212 secs] 466596K->56934K(1484800K), 0.0031105 secs] [Times: user=0.00 sys=0.00, real=0.01 secs] 
2019-09-28T19:01:52.141+0000: 486.175: [GC (Allocation Failure) 2019-09-28T19:01:52.141+0000: 486.175: [DefNew: 409806K->249K(460800K), 0.0031955 secs] 466534K->56977K(1484800K), 0.0033016 secs] [Times: user=0.00 sys=0.00, real=0.01 secs] 
2019-09-28T19:01:59.929+0000: 493.964: [GC (Allocation Failure) 2019-09-28T19:01:59.929+0000: 493.964: [DefNew: 409849K->216K(460800K), 0.0028062 secs] 466577K->56944K(1484800K), 0.0028867 secs] [Times: user=0.00 sys=0.00, real=0.00 secs] 
2019-09-28T19:02:07.299+0000: 501.333: [GC (Allocation Failure) 2019-09-28T19:02:07.299+0000: 501.333: [DefNew: 409816K->216K(460800K), 0.0030520 secs] 466544K->56944K(1484800K), 0.0031652 secs] [Times: user=0.00 sys=0.00, real=0.01 secs] 
2019-09-28T19:02:14.572+0000: 508.606: [GC (Allocation Failure) 2019-09-28T19:02:14.572+0000: 508.606: [DefNew: 409816K->218K(460800K), 0.0029029 secs] 466544K->56946K(1484800K), 0.0029928 secs] [Times: user=0.00 sys=0.00, real=0.00 secs] 
2019-09-28T19:02:22.416+0000: 516.451: [GC (Allocation Failure) 2019-09-28T19:02:22.416+0000: 516.451: [DefNew: 409818K->230K(460800K), 0.0030057 secs] 466546K->56959K(1484800K), 0.0031122 secs] [Times: user=0.01 sys=0.00, real=0.00 secs] 
2019-09-28T19:02:29.723+0000: 523.757: [GC (Allocation Failure) 2019-09-28T19:02:29.723+0000: 523.757: [DefNew: 409830K->216K(460800K), 0.0028502 secs] 466559K->56945K(1484800K), 0.0029420 secs] [Times: user=0.00 sys=0.00, real=0.00 secs] 
2019-09-28T19:02:37.059+0000: 531.093: [GC (Allocation Failure) 2019-09-28T19:02:37.059+0000: 531.093: [DefNew: 409816K->230K(460800K), 0.0028894 secs] 466545K->56959K(1484800K), 0.0029739 secs] [Times: user=0.00 sys=0.00, real=0.01 secs] 
2019-09-28T19:02:44.811+0000: 538.845: [GC (Allocation Failure) 2019-09-28T19:02:44.811+0000: 538.845: [DefNew: 409830K->208K(460800K), 0.0030183 secs] 466559K->56949K(1484800K), 0.0031085 secs] [Times: user=0.00 sys=0.00, real=0.00 secs] 
2019-09-28T19:02:52.210+0000: 546.245: [GC (Allocation Failure) 2019-09-28T19:02:52.210+0000: 546.245: [DefNew: 409808K->226K(460800K), 0.0032350 secs] 466549K->56967K(1484800K), 0.0033321 secs] [Times: user=0.00 sys=0.01, real=0.00 secs] 
2019-09-28T19:03:00.018+0000: 554.053: [GC (Allocation Failure) 2019-09-28T19:03:00.019+0000: 554.053: [DefNew: 409826K->226K(460800K), 0.0029721 secs] 466567K->56967K(1484800K), 0.0030691 secs] [Times: user=0.01 sys=0.00, real=0.01 secs] 
2019-09-28T19:03:07.341+0000: 561.375: [GC (Allocation Failure) 2019-09-28T19:03:07.341+0000: 561.375: [DefNew: 409826K->221K(460800K), 0.0030832 secs] 466567K->56963K(1484800K), 0.0031717 secs] [Times: user=0.00 sys=0.00, real=0.01 secs] 
2019-09-28T19:03:14.612+0000: 568.647: [GC (Allocation Failure) 2019-09-28T19:03:14.613+0000: 568.647: [DefNew: 409821K->250K(460800K), 0.0029840 secs] 466563K->56992K(1484800K), 0.0030705 secs] [Times: user=0.00 sys=0.00, real=0.00 secs] 
2019-09-28T19:03:22.486+0000: 576.521: [GC (Allocation Failure) 2019-09-28T19:03:22.487+0000: 576.521: [DefNew: 409850K->250K(460800K), 0.0031528 secs] 466592K->56992K(1484800K), 0.0032567 secs] [Times: user=0.00 sys=0.00, real=0.01 secs] 
2019-09-28T19:03:29.758+0000: 583.792: [GC (Allocation Failure) 2019-09-28T19:03:29.758+0000: 583.792: [DefNew: 409850K->187K(460800K), 0.0031118 secs] 466592K->56985K(1484800K), 0.0032016 secs] [Times: user=0.00 sys=0.00, real=0.00 secs] 
2019-09-28T19:03:37.211+0000: 591.245: [GC (Allocation Failure) 2019-09-28T19:03:37.211+0000: 591.245: [DefNew: 409787K->164K(460800K), 0.0027009 secs] 466585K->56963K(1484800K), 0.0028088 secs] [Times: user=0.00 sys=0.00, real=0.00 secs] 
2019-09-28T19:03:44.904+0000: 598.938: [GC (Allocation Failure) 2019-09-28T19:03:44.904+0000: 598.938: [DefNew: 409764K->200K(460800K), 0.0028500 secs] 466563K->57009K(1484800K), 0.0029401 secs] [Times: user=0.00 sys=0.00, real=0.00 secs] 
2019-09-28T19:03:52.306+0000: 606.340: [GC (Allocation Failure) 2019-09-28T19:03:52.306+0000: 606.340: [DefNew: 409800K->163K(460800K), 0.0027517 secs] 466609K->56972K(1484800K), 0.0028596 secs] [Times: user=0.01 sys=0.00, real=0.00 secs] 
2019-09-28T19:03:59.553+0000: 613.587: [GC (Allocation Failure) 2019-09-28T19:03:59.553+0000: 613.587: [DefNew: 409763K->165K(460800K), 0.0027084 secs] 466572K->56974K(1484800K), 0.0028109 secs] [Times: user=0.00 sys=0.00, real=0.00 secs] 
2019-09-28T19:04:07.409+0000: 621.443: [GC (Allocation Failure) 2019-09-28T19:04:07.409+0000: 621.443: [DefNew: 409765K->165K(460800K), 0.0026378 secs] 466574K->56974K(1484800K), 0.0027359 secs] [Times: user=0.00 sys=0.00, real=0.00 secs] 
2019-09-28T19:04:14.758+0000: 628.793: [GC (Allocation Failure) 2019-09-28T19:04:14.758+0000: 628.793: [DefNew: 409765K->172K(460800K), 0.0026755 secs] 466574K->56981K(1484800K), 0.0027880 secs] [Times: user=0.00 sys=0.00, real=0.01 secs] 
2019-09-28T19:04:22.573+0000: 636.607: [GC (Allocation Failure) 2019-09-28T19:04:22.573+0000: 636.607: [DefNew: 409772K->164K(460800K), 0.0026859 secs] 466581K->56973K(1484800K), 0.0027720 secs] [Times: user=0.01 sys=0.00, real=0.00 secs] 
2019-09-28T19:04:29.864+0000: 643.899: [GC (Allocation Failure) 2019-09-28T19:04:29.864+0000: 643.899: [DefNew: 409764K->165K(460800K), 0.0026917 secs] 466573K->56974K(1484800K), 0.0027712 secs] [Times: user=0.01 sys=0.00, real=0.00 secs] 
2019-09-28T19:04:37.164+0000: 651.199: [GC (Allocation Failure) 2019-09-28T19:04:37.164+0000: 651.199: [DefNew: 409765K->163K(460800K), 0.0027188 secs] 466574K->56973K(1484800K), 0.0028053 secs] [Times: user=0.01 sys=0.00, real=0.00 secs] 
2019-09-28T19:04:44.973+0000: 659.008: [GC (Allocation Failure) 2019-09-28T19:04:44.974+0000: 659.008: [DefNew: 409763K->146K(460800K), 0.0026172 secs] 466573K->56973K(1484800K), 0.0027105 secs] [Times: user=0.00 sys=0.00, real=0.00 secs] 
2019-09-28T19:04:52.219+0000: 666.254: [GC (Allocation Failure) 2019-09-28T19:04:52.219+0000: 666.254: [DefNew: 409746K->165K(460800K), 0.0028722 secs] 466573K->56992K(1484800K), 0.0029572 secs] [Times: user=0.00 sys=0.00, real=0.01 secs] 
2019-09-28T19:04:59.733+0000: 673.768: [GC (Allocation Failure) 2019-09-28T19:04:59.733+0000: 673.768: [DefNew: 409765K->214K(460800K), 0.0027358 secs] 466592K->57041K(1484800K), 0.0028119 secs] [Times: user=0.01 sys=0.00, real=0.00 secs] 
2019-09-28T19:05:07.560+0000: 681.594: [GC (Allocation Failure) 2019-09-28T19:05:07.560+0000: 681.594: [DefNew: 409814K->185K(460800K), 0.0027000 secs] 466641K->57012K(1484800K), 0.0027854 secs] [Times: user=0.00 sys=0.00, real=0.01 secs] 
2019-09-28T19:05:14.894+0000: 688.928: [GC (Allocation Failure) 2019-09-28T19:05:14.894+0000: 688.928: [DefNew: 409785K->217K(460800K), 0.0027008 secs] 466612K->57044K(1484800K), 0.0027945 secs] [Times: user=0.01 sys=0.00, real=0.00 secs] 
2019-09-28T19:05:22.175+0000: 696.209: [GC (Allocation Failure) 2019-09-28T19:05:22.175+0000: 696.209: [DefNew: 409817K->166K(460800K), 0.0027418 secs] 466644K->56993K(1484800K), 0.0028279 secs] [Times: user=0.00 sys=0.00, real=0.00 secs] 
2019-09-28T19:05:30.011+0000: 704.045: [GC (Allocation Failure) 2019-09-28T19:05:30.011+0000: 704.045: [DefNew: 409766K->190K(460800K), 0.0027205 secs] 466593K->57018K(1484800K), 0.0028115 secs] [Times: user=0.00 sys=0.00, real=0.00 secs] 
2019-09-28T19:05:37.257+0000: 711.291: [GC (Allocation Failure) 2019-09-28T19:05:37.257+0000: 711.291: [DefNew: 409790K->165K(460800K), 0.0026055 secs] 466618K->56992K(1484800K), 0.0026778 secs] [Times: user=0.00 sys=0.00, real=0.00 secs] 
2019-09-28T19:05:45.214+0000: 719.249: [GC (Allocation Failure) 2019-09-28T19:05:45.214+0000: 719.249: [DefNew: 409765K->159K(460800K), 0.0027791 secs] 466592K->56996K(1484800K), 0.0028733 secs] [Times: user=0.00 sys=0.00, real=0.00 secs] 
2019-09-28T19:05:52.481+0000: 726.515: [GC (Allocation Failure) 2019-09-28T19:05:52.481+0000: 726.515: [DefNew: 409759K->178K(460800K), 0.0028782 secs] 466596K->57015K(1484800K), 0.0029654 secs] [Times: user=0.01 sys=0.00, real=0.01 secs] 
2019-09-28T19:05:59.779+0000: 733.813: [GC (Allocation Failure) 2019-09-28T19:05:59.779+0000: 733.813: [DefNew: 409778K->163K(460800K), 0.0026853 secs] 466615K->56999K(1484800K), 0.0027754 secs] [Times: user=0.00 sys=0.00, real=0.01 secs] 
2019-09-28T19:06:07.588+0000: 741.623: [GC (Allocation Failure) 2019-09-28T19:06:07.588+0000: 741.623: [DefNew: 409763K->177K(460800K), 0.0028176 secs] 466599K->57014K(1484800K), 0.0029010 secs] [Times: user=0.00 sys=0.00, real=0.01 secs] 
2019-09-28T19:06:14.889+0000: 748.924: [GC (Allocation Failure) 2019-09-28T19:06:14.890+0000: 748.924: [DefNew: 409777K->220K(460800K), 0.0027747 secs] 466614K->57057K(1484800K), 0.0028619 secs] [Times: user=0.00 sys=0.00, real=0.00 secs] 
2019-09-28T19:06:22.241+0000: 756.275: [GC (Allocation Failure) 2019-09-28T19:06:22.241+0000: 756.275: [DefNew: 409820K->163K(460800K), 0.0026028 secs] 466657K->57000K(1484800K), 0.0026945 secs] [Times: user=0.00 sys=0.00, real=0.01 secs] 
2019-09-28T19:06:30.060+0000: 764.095: [GC (Allocation Failure) 2019-09-28T19:06:30.060+0000: 764.095: [DefNew: 409763K->207K(460800K), 0.0026783 secs] 466600K->57044K(1484800K), 0.0027600 secs] [Times: user=0.00 sys=0.00, real=0.01 secs] 
2019-09-28T19:06:37.364+0000: 771.399: [GC (Allocation Failure) 2019-09-28T19:06:37.364+0000: 771.399: [DefNew: 409807K->164K(460800K), 0.0027391 secs] 466644K->57001K(1484800K), 0.0028240 secs] [Times: user=0.00 sys=0.00, real=0.00 secs] 
2019-09-28T19:06:44.540+0000: 778.574: [GC (Allocation Failure) 2019-09-28T19:06:44.540+0000: 778.574: [DefNew: 409764K->187K(460800K), 0.0028198 secs] 466601K->57042K(1484800K), 0.0029157 secs] [Times: user=0.01 sys=0.00, real=0.01 secs] 
2019-09-28T19:06:52.018+0000: 786.053: [GC (Allocation Failure) 2019-09-28T19:06:52.019+0000: 786.053: [DefNew: 409787K->158K(460800K), 0.0026320 secs] 466642K->57013K(1484800K), 0.0027239 secs] [Times: user=0.01 sys=0.00, real=0.01 secs] 
2019-09-28T19:06:59.579+0000: 793.614: [GC (Allocation Failure) 2019-09-28T19:06:59.580+0000: 793.614: [DefNew: 409758K->158K(460800K), 0.0026644 secs] 466613K->57013K(1484800K), 0.0027750 secs] [Times: user=0.00 sys=0.00, real=0.01 secs] 
2019-09-28T19:07:06.844+0000: 800.878: [GC (Allocation Failure) 2019-09-28T19:07:06.844+0000: 800.878: [DefNew: 409758K->157K(460800K), 0.0026028 secs] 466613K->57013K(1484800K), 0.0026796 secs] [Times: user=0.01 sys=0.00, real=0.00 secs] 
2019-09-28T19:07:14.089+0000: 808.124: [GC (Allocation Failure) 2019-09-28T19:07:14.089+0000: 808.124: [DefNew: 409757K->158K(460800K), 0.0025663 secs] 466613K->57013K(1484800K), 0.0026511 secs] [Times: user=0.00 sys=0.00, real=0.00 secs] 
2019-09-28T19:07:21.916+0000: 815.950: [GC (Allocation Failure) 2019-09-28T19:07:21.916+0000: 815.950: [DefNew: 409758K->169K(460800K), 0.0028527 secs] 466613K->57025K(1484800K), 0.0029476 secs] [Times: user=0.01 sys=0.00, real=0.00 secs] 
2019-09-28T19:07:29.219+0000: 823.253: [GC (Allocation Failure) 2019-09-28T19:07:29.219+0000: 823.253: [DefNew: 409769K->163K(460800K), 0.0028448 secs] 466625K->57018K(1484800K), 0.0029321 secs] [Times: user=0.00 sys=0.00, real=0.01 secs] 
2019-09-28T19:07:36.494+0000: 830.528: [GC (Allocation Failure) 2019-09-28T19:07:36.494+0000: 830.528: [DefNew: 409763K->157K(460800K), 0.0025685 secs] 466618K->57013K(1484800K), 0.0026476 secs] [Times: user=0.00 sys=0.00, real=0.00 secs] 
2019-09-28T19:07:44.280+0000: 838.315: [GC (Allocation Failure) 2019-09-28T19:07:44.280+0000: 838.315: [DefNew: 409757K->149K(460800K), 0.0025601 secs] 466613K->57013K(1484800K), 0.0026484 secs] [Times: user=0.01 sys=0.00, real=0.01 secs] 
2019-09-28T19:07:51.608+0000: 845.642: [GC (Allocation Failure) 2019-09-28T19:07:51.608+0000: 845.642: [DefNew: 409749K->181K(460800K), 0.0028479 secs] 466613K->57045K(1484800K), 0.0029305 secs] [Times: user=0.00 sys=0.00, real=0.01 secs] 
2019-09-28T19:07:58.826+0000: 852.861: [GC (Allocation Failure) 2019-09-28T19:07:58.826+0000: 852.861: [DefNew: 409781K->188K(460800K), 0.0028296 secs] 466645K->57052K(1484800K), 0.0029201 secs] [Times: user=0.00 sys=0.00, real=0.01 secs] 
2019-09-28T19:08:06.666+0000: 860.701: [GC (Allocation Failure) 2019-09-28T19:08:06.666+0000: 860.701: [DefNew: 409788K->208K(460800K), 0.0026582 secs] 466652K->57072K(1484800K), 0.0027546 secs] [Times: user=0.01 sys=0.00, real=0.00 secs] 
2019-09-28T19:08:13.949+0000: 867.983: [GC (Allocation Failure) 2019-09-28T19:08:13.949+0000: 867.983: [DefNew: 409808K->158K(460800K), 0.0025337 secs] 466672K->57022K(1484800K), 0.0026173 secs] [Times: user=0.00 sys=0.00, real=0.01 secs] 
2019-09-28T19:08:21.204+0000: 875.238: [GC (Allocation Failure) 2019-09-28T19:08:21.204+0000: 875.238: [DefNew: 409758K->176K(460800K), 0.0026281 secs] 466622K->57040K(1484800K), 0.0027132 secs] [Times: user=0.01 sys=0.00, real=0.00 secs] 
2019-09-28T19:08:29.112+0000: 883.146: [GC (Allocation Failure) 2019-09-28T19:08:29.112+0000: 883.146: [DefNew: 409776K->187K(460800K), 0.0027707 secs] 466640K->57051K(1484800K), 0.0028596 secs] [Times: user=0.00 sys=0.00, real=0.00 secs] 
2019-09-28T19:08:36.418+0000: 890.452: [GC (Allocation Failure) 2019-09-28T19:08:36.418+0000: 890.452: [DefNew: 409787K->157K(460800K), 0.0025409 secs] 466651K->57021K(1484800K), 0.0026284 secs] [Times: user=0.00 sys=0.00, real=0.00 secs] 
2019-09-28T19:08:43.745+0000: 897.779: [GC (Allocation Failure) 2019-09-28T19:08:43.745+0000: 897.779: [DefNew: 409757K->211K(460800K), 0.0028155 secs] 466621K->57087K(1484800K), 0.0028925 secs] [Times: user=0.00 sys=0.00, real=0.00 secs] 
2019-09-28T19:08:51.528+0000: 905.562: [GC (Allocation Failure) 2019-09-28T19:08:51.528+0000: 905.562: [DefNew: 409811K->179K(460800K), 0.0027347 secs] 466687K->57055K(1484800K), 0.0028242 secs] [Times: user=0.00 sys=0.00, real=0.01 secs] 
2019-09-28T19:08:58.816+0000: 912.850: [GC (Allocation Failure) 2019-09-28T19:08:58.816+0000: 912.850: [DefNew: 409779K->204K(460800K), 0.0028540 secs] 466655K->57080K(1484800K), 0.0029418 secs] [Times: user=0.00 sys=0.00, real=0.00 secs] 
2019-09-28T19:09:06.097+0000: 920.131: [GC (Allocation Failure) 2019-09-28T19:09:06.097+0000: 920.131: [DefNew: 409804K->189K(460800K), 0.0027115 secs] 466680K->57065K(1484800K), 0.0029002 secs] [Times: user=0.01 sys=0.00, real=0.00 secs] 
2019-09-28T19:09:13.975+0000: 928.009: [GC (Allocation Failure) 2019-09-28T19:09:13.975+0000: 928.009: [DefNew: 409789K->155K(460800K), 0.0026915 secs] 466665K->57031K(1484800K), 0.0027815 secs] [Times: user=0.01 sys=0.00, real=0.00 secs] 
2019-09-28T19:09:21.290+0000: 935.324: [GC (Allocation Failure) 2019-09-28T19:09:21.290+0000: 935.324: [DefNew: 409755K->153K(460800K), 0.0025552 secs] 466631K->57029K(1484800K), 0.0026412 secs] [Times: user=0.00 sys=0.00, real=0.00 secs] 
2019-09-28T19:09:28.578+0000: 942.613: [GC (Allocation Failure) 2019-09-28T19:09:28.578+0000: 942.613: [DefNew: 409753K->190K(460800K), 0.0027058 secs] 466629K->57066K(1484800K), 0.0027862 secs] [Times: user=0.00 sys=0.00, real=0.01 secs] 
2019-09-28T19:09:36.418+0000: 950.452: [GC (Allocation Failure) 2019-09-28T19:09:36.418+0000: 950.452: [DefNew: 409790K->153K(460800K), 0.0025258 secs] 466666K->57030K(1484800K), 0.0026359 secs] [Times: user=0.01 sys=0.00, real=0.00 secs] 
2019-09-28T19:09:43.675+0000: 957.709: [GC (Allocation Failure) 2019-09-28T19:09:43.675+0000: 957.709: [DefNew: 409753K->164K(460800K), 0.0028028 secs] 466630K->57048K(1484800K), 0.0028783 secs] [Times: user=0.01 sys=0.00, real=0.00 secs] 
2019-09-28T19:09:50.965+0000: 965.000: [GC (Allocation Failure) 2019-09-28T19:09:50.965+0000: 965.000: [DefNew: 409764K->153K(460800K), 0.0026124 secs] 466648K->57038K(1484800K), 0.0027030 secs] [Times: user=0.01 sys=0.00, real=0.00 secs] 
2019-09-28T19:09:58.780+0000: 972.814: [GC (Allocation Failure) 2019-09-28T19:09:58.780+0000: 972.814: [DefNew: 409753K->154K(460800K), 0.0028014 secs] 466638K->57038K(1484800K), 0.0028876 secs] [Times: user=0.01 sys=0.00, real=0.01 secs] 
2019-09-28T19:10:06.158+0000: 980.192: [GC (Allocation Failure) 2019-09-28T19:10:06.158+0000: 980.192: [DefNew: 409754K->181K(460800K), 0.0026644 secs] 466638K->57066K(1484800K), 0.0027538 secs] [Times: user=0.01 sys=0.01, real=0.00 secs] 
2019-09-28T19:10:13.998+0000: 988.033: [GC (Allocation Failure) 2019-09-28T19:10:13.999+0000: 988.033: [DefNew: 409781K->154K(460800K), 0.0026188 secs] 466666K->57038K(1484800K), 0.0027144 secs] [Times: user=0.00 sys=0.00, real=0.01 secs] 
2019-09-28T19:10:21.324+0000: 995.358: [GC (Allocation Failure) 2019-09-28T19:10:21.324+0000: 995.358: [DefNew: 409754K->154K(460800K), 0.0027736 secs] 466638K->57039K(1484800K), 0.0028636 secs] [Times: user=0.00 sys=0.00, real=0.00 secs] 
2019-09-28T19:10:28.626+0000: 1002.660: [GC (Allocation Failure) 2019-09-28T19:10:28.626+0000: 1002.660: [DefNew: 409754K->156K(460800K), 0.0026472 secs] 466639K->57041K(1484800K), 0.0027375 secs] [Times: user=0.00 sys=0.00, real=0.00 secs] 
2019-09-28T19:10:36.402+0000: 1010.437: [GC (Allocation Failure) 2019-09-28T19:10:36.402+0000: 1010.437: [DefNew: 409756K->155K(460800K), 0.0025744 secs] 466641K->57039K(1484800K), 0.0026619 secs] [Times: user=0.00 sys=0.00, real=0.00 secs] 
2019-09-28T19:10:43.684+0000: 1017.718: [GC (Allocation Failure) 2019-09-28T19:10:43.684+0000: 1017.718: [DefNew: 409755K->171K(460800K), 0.0027228 secs] 466639K->57064K(1484800K), 0.0028033 secs] [Times: user=0.00 sys=0.00, real=0.00 secs] 
2019-09-28T19:10:50.968+0000: 1025.002: [GC (Allocation Failure) 2019-09-28T19:10:50.968+0000: 1025.002: [DefNew: 409771K->162K(460800K), 0.0026843 secs] 466664K->57055K(1484800K), 0.0027638 secs] [Times: user=0.00 sys=0.00, real=0.01 secs] 
19:10:55.520 [Client] INFO  c.s.f.r.e.s.SocketRear  - FlameSocketGraphDeployerRear@flamestream-benchmarks-worker-4: has been disconnected from Connection 8
19:10:55.525 [Client] INFO  c.s.f.r.e.s.SocketFront  - FlameSocketGraphDeployerFront@flamestream-benchmarks-worker-4 has been disconnected from Connection 8
19:10:55.534 [worker-akka.actor.default-dispatcher-6] WARN  c.s.f.r.e.s.SocketRear  - FlameSocketGraphDeployerRear@flamestream-benchmarks-worker-4: writing to closed log
19:11:13.889 [worker-akka.actor.default-dispatcher-9] INFO  a.a.LocalActorRef akka://worker/user/watcher/processing-watcher/graph/edge/FlameSocketGraphDeployerRear - Stopped
19:11:13.895 [worker-akka.actor.default-dispatcher-9] INFO  a.a.LocalActorRef akka://worker/user/watcher/processing-watcher/graph/negotiator - Stopped
19:11:13.905 [worker-akka.actor.default-dispatcher-14] INFO  a.a.LocalActorRef akka://worker/user/watcher/processing-watcher/graph/graph/$+ - Stopped
19:11:13.910 [worker-akka.actor.default-dispatcher-12] INFO  a.a.LocalActorRef akka://worker/user/watcher/processing-watcher/graph/edge/FlameSocketGraphDeployerFront - Stopped
19:11:13.911 [worker-akka.actor.default-dispatcher-10] INFO  a.a.LocalActorRef akka://worker/user/watcher/processing-watcher/graph/edge - Stopped
19:11:13.912 [worker-akka.actor.default-dispatcher-18] INFO  a.a.LocalActorRef akka://worker/user/watcher/processing-watcher/graph/graph/$0 - Stopped
19:11:13.912 [worker-akka.actor.default-dispatcher-18] INFO  a.a.LocalActorRef akka://worker/user/watcher/processing-watcher/graph/graph/$1 - Stopped
19:11:13.912 [worker-akka.actor.default-dispatcher-18] INFO  a.a.LocalActorRef akka://worker/user/watcher/processing-watcher/graph/graph/$2 - Stopped
19:11:13.912 [worker-akka.actor.default-dispatcher-18] INFO  a.a.LocalActorRef akka://worker/user/watcher/processing-watcher/graph/graph/$3 - Stopped
19:11:13.915 [worker-akka.actor.default-dispatcher-20] INFO  a.a.LocalActorRef akka://worker/user/watcher/processing-watcher/graph/graph/$4 - Stopped
19:11:13.915 [worker-akka.actor.default-dispatcher-20] INFO  a.a.LocalActorRef akka://worker/user/watcher/processing-watcher/graph/graph/$5 - Stopped
19:11:13.915 [worker-akka.actor.default-dispatcher-20] INFO  a.a.LocalActorRef akka://worker/user/watcher/processing-watcher/graph/graph/$6 - Stopped
19:11:13.915 [worker-akka.actor.default-dispatcher-20] INFO  a.a.LocalActorRef akka://worker/user/watcher/processing-watcher/graph/graph/$7 - Stopped
19:11:13.915 [worker-akka.actor.default-dispatcher-20] INFO  a.a.LocalActorRef akka://worker/user/watcher/processing-watcher/graph/graph/$8 - Stopped
19:11:13.915 [worker-akka.actor.default-dispatcher-18] INFO  a.a.LocalActorRef akka://worker/user/watcher/processing-watcher/graph/graph/$9 - Stopped
19:11:13.915 [worker-akka.actor.default-dispatcher-18] INFO  a.a.LocalActorRef akka://worker/user/watcher/processing-watcher/graph/graph/$A - Stopped
19:11:13.915 [worker-akka.actor.default-dispatcher-18] INFO  a.a.LocalActorRef akka://worker/user/watcher/processing-watcher/graph/graph/$Ab - Stopped
19:11:13.915 [worker-akka.actor.default-dispatcher-18] INFO  a.a.LocalActorRef akka://worker/user/watcher/processing-watcher/graph/graph/$B - Stopped
19:11:13.915 [worker-akka.actor.default-dispatcher-18] INFO  a.a.LocalActorRef akka://worker/user/watcher/processing-watcher/graph/graph/$Bb - Stopped
19:11:13.916 [worker-akka.actor.default-dispatcher-18] INFO  a.a.LocalActorRef akka://worker/user/watcher/processing-watcher/graph/graph/$C - Stopped
19:11:13.916 [worker-akka.actor.default-dispatcher-18] INFO  a.a.LocalActorRef akka://worker/user/watcher/processing-watcher/graph/graph/$Cb - Stopped
19:11:13.931 [worker-akka.actor.default-dispatcher-20] INFO  a.a.LocalActorRef akka://worker/user/watcher/processing-watcher/graph/graph/$D - Stopped
19:11:13.931 [worker-akka.actor.default-dispatcher-20] INFO  a.a.LocalActorRef akka://worker/user/watcher/processing-watcher/graph/graph/$Db - Stopped
19:11:13.931 [worker-akka.actor.default-dispatcher-20] INFO  a.a.LocalActorRef akka://worker/user/watcher/processing-watcher/graph/graph/$E - Stopped
19:11:13.931 [worker-akka.actor.default-dispatcher-20] INFO  a.a.LocalActorRef akka://worker/user/watcher/processing-watcher/graph/graph/$Eb - Stopped
19:11:13.931 [worker-akka.actor.default-dispatcher-20] INFO  a.a.LocalActorRef akka://worker/user/watcher/processing-watcher/graph/graph/$F - Stopped
19:11:13.932 [worker-akka.actor.default-dispatcher-19] INFO  a.a.LocalActorRef akka://worker/user/watcher/processing-watcher/graph/graph/$Fb - Stopped
19:11:13.932 [worker-akka.actor.default-dispatcher-19] INFO  a.a.LocalActorRef akka://worker/user/watcher/processing-watcher/graph/graph/$G - Stopped
19:11:13.932 [worker-akka.actor.default-dispatcher-19] INFO  a.a.LocalActorRef akka://worker/user/watcher/processing-watcher/graph/graph/$Gb - Stopped
19:11:13.932 [worker-akka.actor.default-dispatcher-19] INFO  a.a.LocalActorRef akka://worker/user/watcher/processing-watcher/graph/graph/$H - Stopped
19:11:13.932 [worker-akka.actor.default-dispatcher-19] INFO  a.a.LocalActorRef akka://worker/user/watcher/processing-watcher/graph/graph/$Hb - Stopped
19:11:13.932 [worker-akka.actor.default-dispatcher-19] INFO  a.a.LocalActorRef akka://worker/user/watcher/processing-watcher/graph/graph/$I - Stopped
19:11:13.932 [worker-akka.actor.default-dispatcher-19] INFO  a.a.LocalActorRef akka://worker/user/watcher/processing-watcher/graph/graph/$Ib - Stopped
19:11:13.932 [worker-akka.actor.default-dispatcher-19] INFO  a.a.LocalActorRef akka://worker/user/watcher/processing-watcher/graph/graph/$J - Stopped
19:11:13.932 [worker-akka.actor.default-dispatcher-19] INFO  a.a.LocalActorRef akka://worker/user/watcher/processing-watcher/graph/graph/$Jb - Stopped
19:11:13.932 [worker-akka.actor.default-dispatcher-19] INFO  a.a.LocalActorRef akka://worker/user/watcher/processing-watcher/graph/graph/$K - Stopped
19:11:13.932 [worker-akka.actor.default-dispatcher-12] INFO  a.a.LocalActorRef akka://worker/user/watcher/processing-watcher/graph/graph/$Kb - Stopped
19:11:13.933 [worker-akka.actor.default-dispatcher-12] INFO  a.a.LocalActorRef akka://worker/user/watcher/processing-watcher/graph/graph/$L - Stopped
19:11:13.933 [worker-akka.actor.default-dispatcher-12] INFO  a.a.LocalActorRef akka://worker/user/watcher/processing-watcher/graph/graph/$Lb - Stopped
19:11:13.933 [worker-akka.actor.default-dispatcher-12] INFO  a.a.LocalActorRef akka://worker/user/watcher/processing-watcher/graph/graph/$M - Stopped
19:11:13.933 [worker-akka.actor.default-dispatcher-12] INFO  a.a.LocalActorRef akka://worker/user/watcher/processing-watcher/graph/graph/$Mb - Stopped
19:11:13.933 [worker-akka.actor.default-dispatcher-12] INFO  a.a.LocalActorRef akka://worker/user/watcher/processing-watcher/graph/graph/$N - Stopped
19:11:13.933 [worker-akka.actor.default-dispatcher-12] INFO  a.a.LocalActorRef akka://worker/user/watcher/processing-watcher/graph/graph/$Nb - Stopped
19:11:13.933 [worker-akka.actor.default-dispatcher-12] INFO  a.a.LocalActorRef akka://worker/user/watcher/processing-watcher/graph/graph/$O - Stopped
19:11:13.933 [worker-akka.actor.default-dispatcher-12] INFO  a.a.LocalActorRef akka://worker/user/watcher/processing-watcher/graph/graph/$P - Stopped
19:11:13.933 [worker-akka.actor.default-dispatcher-12] INFO  a.a.LocalActorRef akka://worker/user/watcher/processing-watcher/graph/graph/$Q - Stopped
19:11:13.933 [worker-akka.actor.default-dispatcher-12] INFO  a.a.LocalActorRef akka://worker/user/watcher/processing-watcher/graph/graph/$R - Stopped
19:11:13.933 [worker-akka.actor.default-dispatcher-12] INFO  a.a.LocalActorRef akka://worker/user/watcher/processing-watcher/graph/graph/$S - Stopped
19:11:13.933 [worker-akka.actor.default-dispatcher-12] INFO  a.a.LocalActorRef akka://worker/user/watcher/processing-watcher/graph/graph/$T - Stopped
19:11:13.933 [worker-akka.actor.default-dispatcher-12] INFO  a.a.LocalActorRef akka://worker/user/watcher/processing-watcher/graph/graph/$U - Stopped
19:11:13.933 [worker-akka.actor.default-dispatcher-12] INFO  a.a.LocalActorRef akka://worker/user/watcher/processing-watcher/graph/graph/$V - Stopped
19:11:13.941 [worker-akka.actor.default-dispatcher-20] INFO  a.a.LocalActorRef akka://worker/user/watcher/processing-watcher/graph/graph/$W - Stopped
19:11:13.942 [worker-akka.actor.default-dispatcher-20] INFO  a.a.LocalActorRef akka://worker/user/watcher/processing-watcher/graph/graph/$X - Stopped
19:11:13.943 [worker-akka.actor.default-dispatcher-20] INFO  a.a.LocalActorRef akka://worker/user/watcher/processing-watcher/graph/graph/$Y - Stopped
19:11:13.944 [worker-akka.actor.default-dispatcher-20] INFO  a.a.LocalActorRef akka://worker/user/watcher/processing-watcher/graph/graph/$Z - Stopped
19:11:13.945 [worker-akka.actor.default-dispatcher-20] INFO  a.a.LocalActorRef akka://worker/user/watcher/processing-watcher/graph/graph/$a - Stopped
19:11:13.946 [worker-akka.actor.default-dispatcher-20] INFO  a.a.LocalActorRef akka://worker/user/watcher/processing-watcher/graph/graph/$ab - Stopped
19:11:13.947 [worker-akka.actor.default-dispatcher-20] INFO  a.a.LocalActorRef akka://worker/user/watcher/processing-watcher/graph/graph/$b - Stopped
19:11:13.948 [worker-akka.actor.default-dispatcher-20] INFO  a.a.LocalActorRef akka://worker/user/watcher/processing-watcher/graph/graph/$bb - Stopped
19:11:13.948 [worker-akka.actor.default-dispatcher-20] INFO  a.a.LocalActorRef akka://worker/user/watcher/processing-watcher/graph/graph/$c - Stopped
19:11:13.949 [worker-akka.actor.default-dispatcher-20] INFO  a.a.LocalActorRef akka://worker/user/watcher/processing-watcher/graph/graph/$cb - Stopped
19:11:13.950 [worker-akka.actor.default-dispatcher-20] INFO  a.a.LocalActorRef akka://worker/user/watcher/processing-watcher/graph/graph/$d - Stopped
19:11:13.951 [worker-akka.actor.default-dispatcher-20] INFO  a.a.LocalActorRef akka://worker/user/watcher/processing-watcher/graph/graph/$db - Stopped
19:11:13.952 [worker-akka.actor.default-dispatcher-20] INFO  a.a.LocalActorRef akka://worker/user/watcher/processing-watcher/graph/graph/$e - Stopped
19:11:13.953 [worker-akka.actor.default-dispatcher-20] INFO  a.a.LocalActorRef akka://worker/user/watcher/processing-watcher/graph/graph/$eb - Stopped
19:11:13.953 [worker-akka.actor.default-dispatcher-20] INFO  a.a.LocalActorRef akka://worker/user/watcher/processing-watcher/graph/graph/$f - Stopped
19:11:13.954 [worker-akka.actor.default-dispatcher-20] INFO  a.a.LocalActorRef akka://worker/user/watcher/processing-watcher/graph/graph/$fb - Stopped
19:11:13.955 [worker-akka.actor.default-dispatcher-20] INFO  a.a.LocalActorRef akka://worker/user/watcher/processing-watcher/graph/graph/$g - Stopped
19:11:13.955 [worker-akka.actor.default-dispatcher-20] INFO  a.a.LocalActorRef akka://worker/user/watcher/processing-watcher/graph/graph/$gb - Stopped
19:11:13.956 [worker-akka.actor.default-dispatcher-20] INFO  a.a.LocalActorRef akka://worker/user/watcher/processing-watcher/graph/graph/$h - Stopped
19:11:13.957 [worker-akka.actor.default-dispatcher-20] INFO  a.a.LocalActorRef akka://worker/user/watcher/processing-watcher/graph/graph/$hb - Stopped
19:11:13.957 [worker-akka.actor.default-dispatcher-20] INFO  a.a.LocalActorRef akka://worker/user/watcher/processing-watcher/graph/graph/$i - Stopped
19:11:13.958 [worker-akka.actor.default-dispatcher-20] INFO  a.a.LocalActorRef akka://worker/user/watcher/processing-watcher/graph/graph/$ib - Stopped
19:11:13.959 [worker-akka.actor.default-dispatcher-20] INFO  a.a.LocalActorRef akka://worker/user/watcher/processing-watcher/graph/graph/$j - Stopped
19:11:13.959 [worker-akka.actor.default-dispatcher-20] INFO  a.a.LocalActorRef akka://worker/user/watcher/processing-watcher/graph/graph/$jb - Stopped
19:11:13.960 [worker-akka.actor.default-dispatcher-20] INFO  a.a.LocalActorRef akka://worker/user/watcher/processing-watcher/graph/graph/$k - Stopped
19:11:13.961 [worker-akka.actor.default-dispatcher-20] INFO  a.a.LocalActorRef akka://worker/user/watcher/processing-watcher/graph/graph/$kb - Stopped
19:11:13.961 [worker-akka.actor.default-dispatcher-20] INFO  a.a.LocalActorRef akka://worker/user/watcher/processing-watcher/graph/graph/$l - Stopped
19:11:13.962 [worker-akka.actor.default-dispatcher-20] INFO  a.a.LocalActorRef akka://worker/user/watcher/processing-watcher/graph/graph/$lb - Stopped
19:11:13.963 [worker-akka.actor.default-dispatcher-20] INFO  a.a.LocalActorRef akka://worker/user/watcher/processing-watcher/graph/graph/$m - Stopped
19:11:13.964 [worker-akka.actor.default-dispatcher-20] INFO  a.a.LocalActorRef akka://worker/user/watcher/processing-watcher/graph/graph/$mb - Stopped
19:11:13.964 [worker-akka.actor.default-dispatcher-20] INFO  a.a.LocalActorRef akka://worker/user/watcher/processing-watcher/graph/graph/$n - Stopped
19:11:13.965 [worker-akka.actor.default-dispatcher-20] INFO  a.a.LocalActorRef akka://worker/user/watcher/processing-watcher/graph/graph/$nb - Stopped
19:11:13.966 [worker-akka.actor.default-dispatcher-20] INFO  a.a.LocalActorRef akka://worker/user/watcher/processing-watcher/graph/graph/$o - Stopped
19:11:13.967 [worker-akka.actor.default-dispatcher-20] INFO  a.a.LocalActorRef akka://worker/user/watcher/processing-watcher/graph/graph/$ob - Stopped
19:11:13.968 [worker-akka.actor.default-dispatcher-20] INFO  a.a.LocalActorRef akka://worker/user/watcher/processing-watcher/graph/graph/$p - Stopped
19:11:13.969 [worker-akka.actor.default-dispatcher-20] INFO  a.a.LocalActorRef akka://worker/user/watcher/processing-watcher/graph/graph/$pb - Stopped
19:11:13.970 [worker-akka.actor.default-dispatcher-20] INFO  a.a.LocalActorRef akka://worker/user/watcher/processing-watcher/graph/graph/$q - Stopped
19:11:13.970 [worker-akka.actor.default-dispatcher-20] INFO  a.a.LocalActorRef akka://worker/user/watcher/processing-watcher/graph/graph/$qb - Stopped
19:11:13.971 [worker-akka.actor.default-dispatcher-20] INFO  a.a.LocalActorRef akka://worker/user/watcher/processing-watcher/graph/graph/$r - Stopped
19:11:13.972 [worker-akka.actor.default-dispatcher-20] INFO  a.a.LocalActorRef akka://worker/user/watcher/processing-watcher/graph/graph/$rb - Stopped
19:11:13.972 [worker-akka.actor.default-dispatcher-20] INFO  a.a.LocalActorRef akka://worker/user/watcher/processing-watcher/graph/graph/$s - Stopped
19:11:13.974 [worker-akka.actor.default-dispatcher-20] INFO  a.a.LocalActorRef akka://worker/user/watcher/processing-watcher/graph/graph/$sb - Stopped
19:11:13.974 [worker-akka.actor.default-dispatcher-20] INFO  a.a.LocalActorRef akka://worker/user/watcher/processing-watcher/graph/graph/$t - Stopped
19:11:13.974 [worker-akka.actor.default-dispatcher-20] INFO  a.a.LocalActorRef akka://worker/user/watcher/processing-watcher/graph/graph/$tb - Stopped
19:11:13.976 [worker-akka.actor.default-dispatcher-20] INFO  a.a.LocalActorRef akka://worker/user/watcher/processing-watcher/graph/graph/$u - Stopped
19:11:13.977 [worker-akka.actor.default-dispatcher-20] INFO  a.a.LocalActorRef akka://worker/user/watcher/processing-watcher/graph/graph/$ub - Stopped
19:11:13.977 [worker-akka.actor.default-dispatcher-20] INFO  a.a.LocalActorRef akka://worker/user/watcher/processing-watcher/graph/graph/$v - Stopped
19:11:13.978 [worker-akka.actor.default-dispatcher-20] INFO  a.a.LocalActorRef akka://worker/user/watcher/processing-watcher/graph/graph/$vb - Stopped
19:11:13.978 [worker-akka.actor.default-dispatcher-20] INFO  a.a.LocalActorRef akka://worker/user/watcher/processing-watcher/graph/graph/$w - Stopped
19:11:13.979 [worker-akka.actor.default-dispatcher-20] INFO  a.a.LocalActorRef akka://worker/user/watcher/processing-watcher/graph/graph/$wb - Stopped
19:11:13.980 [worker-akka.actor.default-dispatcher-20] INFO  a.a.LocalActorRef akka://worker/user/watcher/processing-watcher/graph/graph/$x - Stopped
19:11:13.982 [worker-akka.actor.default-dispatcher-20] INFO  a.a.LocalActorRef akka://worker/user/watcher/processing-watcher/graph/graph/$xb - Stopped
19:11:13.982 [worker-akka.actor.default-dispatcher-20] INFO  a.a.LocalActorRef akka://worker/user/watcher/processing-watcher/graph/graph/$y - Stopped
19:11:13.983 [worker-akka.actor.default-dispatcher-20] INFO  a.a.LocalActorRef akka://worker/user/watcher/processing-watcher/graph/graph/$yb - Stopped
19:11:13.983 [worker-akka.actor.default-dispatcher-20] INFO  a.a.LocalActorRef akka://worker/user/watcher/processing-watcher/graph/graph/$z - Stopped
19:11:13.984 [worker-akka.actor.default-dispatcher-20] INFO  a.a.LocalActorRef akka://worker/user/watcher/processing-watcher/graph/graph/$zb - Stopped
19:11:13.985 [worker-akka.actor.default-dispatcher-20] INFO  a.a.LocalActorRef akka://worker/user/watcher/processing-watcher/graph/graph/$~ - Stopped
19:11:14.010 [worker-akka.actor.default-dispatcher-20] INFO  a.a.LocalActorRef akka://worker/user/watcher/processing-watcher/graph/graph - Stopped
19:11:14.016 [worker-akka.actor.default-dispatcher-20] INFO  a.a.LocalActorRef akka://worker/user/watcher/processing-watcher/graph - Stopped
19:11:14.017 [worker-akka.actor.default-dispatcher-9] INFO  a.a.LocalActorRef akka://worker/user/watcher/processing-watcher - Stopped
19:11:14.018 [Curator-Framework-0] INFO  o.a.c.f.i.CuratorFrameworkImpl  - backgroundOperationsLoop exiting
19:11:14.028 [worker-akka.actor.default-dispatcher-6-EventThread] INFO  o.a.z.ClientCnxn  - EventThread shut down for session: 0x100015787a40004
19:11:14.028 [worker-akka.actor.default-dispatcher-20] INFO  o.a.z.ZooKeeper  - Session: 0x100015787a40004 closed
19:11:14.029 [worker-akka.actor.default-dispatcher-9] INFO  a.a.RepointableActorRef akka://worker/user/watcher - Stopped
19:11:14.037 [Curator-PathChildrenCache-0] ERROR o.a.c.f.r.c.PathChildrenCache  - 
java.lang.IllegalStateException: instance must be started before calling this method
	at org.apache.curator.shaded.com.google.common.base.Preconditions.checkState(Preconditions.java:444)
	at org.apache.curator.framework.imps.CuratorFrameworkImpl.getChildren(CuratorFrameworkImpl.java:456)
	at org.apache.curator.framework.recipes.cache.PathChildrenCache.refresh(PathChildrenCache.java:521)
	at org.apache.curator.framework.recipes.cache.RefreshOperation.invoke(RefreshOperation.java:35)
	at org.apache.curator.framework.recipes.cache.PathChildrenCache$9.run(PathChildrenCache.java:786)
	at java.util.concurrent.Executors$RunnableAdapter.call(Executors.java:511)
	at java.util.concurrent.FutureTask.run(FutureTask.java:266)
	at java.util.concurrent.Executors$RunnableAdapter.call(Executors.java:511)
	at java.util.concurrent.FutureTask.run(FutureTask.java:266)
	at java.util.concurrent.ThreadPoolExecutor.runWorker(ThreadPoolExecutor.java:1149)
	at java.util.concurrent.ThreadPoolExecutor$Worker.run(ThreadPoolExecutor.java:624)
	at java.lang.Thread.run(Thread.java:748)
19:11:14.041 [worker-akka.actor.default-dispatcher-9] INFO  a.r.RemoteActorRefProvider$RemotingTerminator akka://worker@flamestream-benchmarks-worker-4:5412/system/remoting-terminator - Shutting down remote daemon.
19:11:14.041 [worker-akka.actor.default-dispatcher-9] INFO  a.r.RemoteActorRefProvider$RemotingTerminator akka://worker@flamestream-benchmarks-worker-4:5412/system/remoting-terminator - Remote daemon shut down; proceeding with flushing remote transports.
19:11:15.282 [worker-akka.actor.default-dispatcher-9] INFO  a.r.RemoteActorRefProvider$RemotingTerminator akka://worker@flamestream-benchmarks-worker-4:5412/system/remoting-terminator - Remoting shut down.
Heap
 def new generation   total 460800K, used 278086K [0x00000000a2400000, 0x00000000c1800000, 0x00000000c1800000)
  eden space 409600K,  67% used [0x00000000a2400000, 0x00000000b3369150, 0x00000000bb400000)
  from space 51200K,   0% used [0x00000000be600000, 0x00000000be628860, 0x00000000c1800000)
  to   space 51200K,   0% used [0x00000000bb400000, 0x00000000bb400000, 0x00000000be600000)
 tenured generation   total 1024000K, used 56893K [0x00000000c1800000, 0x0000000100000000, 0x0000000100000000)
   the space 1024000K,   5% used [0x00000000c1800000, 0x00000000c4f8f6a0, 0x00000000c4f8f800, 0x0000000100000000)
 Metaspace       used 40757K, capacity 43544K, committed 43648K, reserved 1087488K
  class space    used 5339K, capacity 5659K, committed 5760K, reserved 1048576K
