13:11:51,796 |-INFO in ch.qos.logback.classic.LoggerContext[default] - Could NOT find resource [logback-test.xml]
13:11:51,796 |-INFO in ch.qos.logback.classic.LoggerContext[default] - Could NOT find resource [logback.groovy]
13:11:51,796 |-INFO in ch.qos.logback.classic.LoggerContext[default] - Found resource [logback.xml] at [jar:file:/root/flamestream/lib/flamestream-runtime-1.0-SNAPSHOT.jar!/logback.xml]
13:11:51,796 |-WARN in ch.qos.logback.classic.LoggerContext[default] - Resource [logback.xml] occurs multiple times on the classpath.
13:11:51,796 |-WARN in ch.qos.logback.classic.LoggerContext[default] - Resource [logback.xml] occurs at [jar:file:/root/flamestream/lib/flamestream-runtime-1.0-SNAPSHOT.jar!/logback.xml]
13:11:51,797 |-WARN in ch.qos.logback.classic.LoggerContext[default] - Resource [logback.xml] occurs at [jar:file:/root/flamestream/flamestream-runtime-1.0-SNAPSHOT.jar!/logback.xml]
13:11:51,820 |-INFO in ch.qos.logback.core.joran.spi.ConfigurationWatchList@3fb6a447 - URL [jar:file:/root/flamestream/lib/flamestream-runtime-1.0-SNAPSHOT.jar!/logback.xml] is not of type file
13:11:51,887 |-INFO in ch.qos.logback.classic.joran.action.ConfigurationAction - debug attribute not set
13:11:51,888 |-INFO in ch.qos.logback.core.joran.action.AppenderAction - About to instantiate appender of type [ch.qos.logback.core.ConsoleAppender]
13:11:51,904 |-INFO in ch.qos.logback.core.joran.action.AppenderAction - Naming appender as [STDOUT]
13:11:51,922 |-INFO in ch.qos.logback.core.joran.action.NestedComplexPropertyIA - Assuming default type [ch.qos.logback.classic.encoder.PatternLayoutEncoder] for [encoder] property
13:11:52,007 |-INFO in ch.qos.logback.core.joran.action.AppenderAction - About to instantiate appender of type [ch.qos.logback.core.rolling.RollingFileAppender]
13:11:52,012 |-INFO in ch.qos.logback.core.joran.action.AppenderAction - Naming appender as [FILE]
13:11:52,043 |-INFO in c.q.l.core.rolling.TimeBasedRollingPolicy@127618319 - No compression will be used
13:11:52,044 |-INFO in c.q.l.core.rolling.TimeBasedRollingPolicy@127618319 - Will use the pattern /tmp/application_%d{yyyy-MM-dd}.%i.log for the active file
13:11:52,047 |-INFO in ch.qos.logback.core.rolling.SizeAndTimeBasedFNATP@6b2fad11 - The date pattern is 'yyyy-MM-dd' from file name pattern '/tmp/application_%d{yyyy-MM-dd}.%i.log'.
13:11:52,047 |-INFO in ch.qos.logback.core.rolling.SizeAndTimeBasedFNATP@6b2fad11 - Roll-over at midnight.
13:11:52,052 |-INFO in ch.qos.logback.core.rolling.SizeAndTimeBasedFNATP@6b2fad11 - Setting initial period to Mon Jun 10 13:10:25 UTC 2019
13:11:52,052 |-WARN in ch.qos.logback.core.rolling.SizeAndTimeBasedFNATP@6b2fad11 - SizeAndTimeBasedFNATP is deprecated. Use SizeAndTimeBasedRollingPolicy instead
13:11:52,052 |-WARN in ch.qos.logback.core.rolling.SizeAndTimeBasedFNATP@6b2fad11 - For more information see http://logback.qos.ch/manual/appenders.html#SizeAndTimeBasedRollingPolicy
13:11:52,056 |-INFO in ch.qos.logback.core.joran.action.NestedComplexPropertyIA - Assuming default type [ch.qos.logback.classic.encoder.PatternLayoutEncoder] for [encoder] property
13:11:52,061 |-INFO in ch.qos.logback.core.rolling.RollingFileAppender[FILE] - Active log file name: /tmp/application.log
13:11:52,061 |-INFO in ch.qos.logback.core.rolling.RollingFileAppender[FILE] - File property is set to [/tmp/application.log]
13:11:52,062 |-INFO in ch.qos.logback.classic.joran.action.RootLoggerAction - Setting level of ROOT logger to WARN
13:11:52,062 |-INFO in ch.qos.logback.core.joran.action.AppenderRefAction - Attaching appender named [STDOUT] to Logger[ROOT]
13:11:52,064 |-INFO in ch.qos.logback.core.joran.action.AppenderRefAction - Attaching appender named [FILE] to Logger[ROOT]
13:11:52,064 |-INFO in ch.qos.logback.classic.joran.action.ConfigurationAction - End of configuration.
13:11:52,064 |-INFO in ch.qos.logback.classic.joran.JoranConfigurator@79698539 - Registering current configuration as safe fallback point

Ama winner
Ama winner
2019-06-10T13:11:53.373+0000: 1.759: [Full GC (Metadata GC Threshold) 2019-06-10T13:11:53.373+0000: 1.759: [Tenured: 0K->15144K(341376K), 0.0367967 secs] 114923K->15144K(494976K), [Metaspace: 20732K->20732K(1067008K)], 0.0368636 secs] [Times: user=0.04 sys=0.00, real=0.04 secs] 
13:12:13.030 [Curator-PathChildrenCache-1] WARN  o.a.c.u.ZKPaths  - The version of ZooKeeper being used doesn't support Container nodes. CreateMode.PERSISTENT will be used instead.
2019-06-10T13:12:15.127+0000: 23.513: [GC (Allocation Failure) 2019-06-10T13:12:15.127+0000: 23.513: [DefNew: 136576K->17024K(153600K), 0.0255097 secs] 151720K->52423K(494976K), 0.0255815 secs] [Times: user=0.02 sys=0.01, real=0.02 secs] 
2019-06-10T13:12:18.637+0000: 27.023: [Full GC (Metadata GC Threshold) 2019-06-10T13:12:18.637+0000: 27.023: [Tenured: 35399K->44216K(341376K), 0.0549197 secs] 105978K->44216K(494976K), [Metaspace: 34599K->34599K(1079296K)], 0.0550091 secs] [Times: user=0.06 sys=0.00, real=0.06 secs] 
2019-06-10T13:12:27.709+0000: 36.095: [GC (Allocation Failure) 2019-06-10T13:12:27.709+0000: 36.095: [DefNew: 136576K->67K(153600K), 0.0019409 secs] 180792K->44283K(494976K), 0.0020033 secs] [Times: user=0.00 sys=0.00, real=0.00 secs] 
2019-06-10T13:12:36.581+0000: 44.967: [GC (Allocation Failure) 2019-06-10T13:12:36.581+0000: 44.967: [DefNew: 136643K->75K(153600K), 0.0018571 secs] 180859K->44292K(494976K), 0.0019234 secs] [Times: user=0.00 sys=0.01, real=0.00 secs] 
2019-06-10T13:12:45.592+0000: 53.978: [GC (Allocation Failure) 2019-06-10T13:12:45.592+0000: 53.978: [DefNew: 136651K->70K(153600K), 0.0017974 secs] 180868K->44286K(494976K), 0.0018538 secs] [Times: user=0.00 sys=0.00, real=0.00 secs] 
2019-06-10T13:12:54.635+0000: 63.021: [GC (Allocation Failure) 2019-06-10T13:12:54.635+0000: 63.021: [DefNew: 136646K->368K(153600K), 0.0022022 secs] 180862K->44585K(494976K), 0.0022658 secs] [Times: user=0.00 sys=0.00, real=0.01 secs] 
2019-06-10T13:13:05.547+0000: 73.933: [GC (Allocation Failure) 2019-06-10T13:13:05.547+0000: 73.933: [DefNew: 136944K->170K(153600K), 0.0021642 secs] 181161K->44386K(494976K), 0.0022292 secs] [Times: user=0.00 sys=0.00, real=0.00 secs] 
2019-06-10T13:13:16.540+0000: 84.926: [GC (Allocation Failure) 2019-06-10T13:13:16.540+0000: 84.926: [DefNew: 136746K->174K(153600K), 0.0021663 secs] 180962K->44391K(494976K), 0.0022289 secs] [Times: user=0.00 sys=0.00, real=0.00 secs] 
13:13:30.475 [Curator-PathChildrenCache-0] ERROR o.a.c.f.r.c.PathChildrenCache  - 
java.lang.IllegalStateException: instance must be started before calling this method
	at org.apache.curator.shaded.com.google.common.base.Preconditions.checkState(Preconditions.java:444)
	at org.apache.curator.framework.imps.CuratorFrameworkImpl.getChildren(CuratorFrameworkImpl.java:456)
	at org.apache.curator.framework.recipes.cache.PathChildrenCache.refresh(PathChildrenCache.java:521)
	at org.apache.curator.framework.recipes.cache.RefreshOperation.invoke(RefreshOperation.java:35)
	at org.apache.curator.framework.recipes.cache.PathChildrenCache$9.run(PathChildrenCache.java:786)
	at java.util.concurrent.Executors$RunnableAdapter.call(Executors.java:511)
	at java.util.concurrent.FutureTask.run(FutureTask.java:266)
	at java.util.concurrent.Executors$RunnableAdapter.call(Executors.java:511)
	at java.util.concurrent.FutureTask.run(FutureTask.java:266)
	at java.util.concurrent.ThreadPoolExecutor.runWorker(ThreadPoolExecutor.java:1149)
	at java.util.concurrent.ThreadPoolExecutor$Worker.run(ThreadPoolExecutor.java:624)
	at java.lang.Thread.run(Thread.java:748)
Heap
 def new generation   total 153600K, used 62942K [0x00000000e0c00000, 0x00000000eb2a0000, 0x00000000eb2a0000)
  eden space 136576K,  45% used [0x00000000e0c00000, 0x00000000e494c068, 0x00000000e9160000)
  from space 17024K,   1% used [0x00000000ea200000, 0x00000000ea22bb18, 0x00000000eb2a0000)
  to   space 17024K,   0% used [0x00000000e9160000, 0x00000000e9160000, 0x00000000ea200000)
 tenured generation   total 341376K, used 44216K [0x00000000eb2a0000, 0x0000000100000000, 0x0000000100000000)
   the space 341376K,  12% used [0x00000000eb2a0000, 0x00000000eddce110, 0x00000000eddce200, 0x0000000100000000)
 Metaspace       used 36130K, capacity 37072K, committed 37376K, reserved 1081344K
  class space    used 4856K, capacity 5076K, committed 5120K, reserved 1048576K
