15:13:14,946 |-INFO in ch.qos.logback.classic.LoggerContext[default] - Could NOT find resource [logback-test.xml]
15:13:14,946 |-INFO in ch.qos.logback.classic.LoggerContext[default] - Could NOT find resource [logback.groovy]
15:13:14,946 |-INFO in ch.qos.logback.classic.LoggerContext[default] - Found resource [logback.xml] at [jar:file:/root/flamestream/lib/flamestream-runtime-1.0-SNAPSHOT.jar!/logback.xml]
15:13:14,946 |-WARN in ch.qos.logback.classic.LoggerContext[default] - Resource [logback.xml] occurs multiple times on the classpath.
15:13:14,946 |-WARN in ch.qos.logback.classic.LoggerContext[default] - Resource [logback.xml] occurs at [jar:file:/root/flamestream/lib/flamestream-runtime-1.0-SNAPSHOT.jar!/logback.xml]
15:13:14,946 |-WARN in ch.qos.logback.classic.LoggerContext[default] - Resource [logback.xml] occurs at [jar:file:/root/flamestream/flamestream-runtime-1.0-SNAPSHOT.jar!/logback.xml]
15:13:14,971 |-INFO in ch.qos.logback.core.joran.spi.ConfigurationWatchList@3fb6a447 - URL [jar:file:/root/flamestream/lib/flamestream-runtime-1.0-SNAPSHOT.jar!/logback.xml] is not of type file
15:13:15,049 |-INFO in ch.qos.logback.classic.joran.action.ConfigurationAction - debug attribute not set
15:13:15,050 |-INFO in ch.qos.logback.core.joran.action.AppenderAction - About to instantiate appender of type [ch.qos.logback.core.ConsoleAppender]
15:13:15,062 |-INFO in ch.qos.logback.core.joran.action.AppenderAction - Naming appender as [STDOUT]
15:13:15,082 |-INFO in ch.qos.logback.core.joran.action.NestedComplexPropertyIA - Assuming default type [ch.qos.logback.classic.encoder.PatternLayoutEncoder] for [encoder] property
15:13:15,167 |-INFO in ch.qos.logback.core.joran.action.AppenderAction - About to instantiate appender of type [ch.qos.logback.core.rolling.RollingFileAppender]
15:13:15,172 |-INFO in ch.qos.logback.core.joran.action.AppenderAction - Naming appender as [FILE]
15:13:15,205 |-INFO in c.q.l.core.rolling.TimeBasedRollingPolicy@127618319 - No compression will be used
15:13:15,206 |-INFO in c.q.l.core.rolling.TimeBasedRollingPolicy@127618319 - Will use the pattern /tmp/application_%d{yyyy-MM-dd}.%i.log for the active file
15:13:15,209 |-INFO in ch.qos.logback.core.rolling.SizeAndTimeBasedFNATP@6b2fad11 - The date pattern is 'yyyy-MM-dd' from file name pattern '/tmp/application_%d{yyyy-MM-dd}.%i.log'.
15:13:15,209 |-INFO in ch.qos.logback.core.rolling.SizeAndTimeBasedFNATP@6b2fad11 - Roll-over at midnight.
15:13:15,214 |-INFO in ch.qos.logback.core.rolling.SizeAndTimeBasedFNATP@6b2fad11 - Setting initial period to Mon Jun 10 15:11:47 UTC 2019
15:13:15,214 |-WARN in ch.qos.logback.core.rolling.SizeAndTimeBasedFNATP@6b2fad11 - SizeAndTimeBasedFNATP is deprecated. Use SizeAndTimeBasedRollingPolicy instead
15:13:15,214 |-WARN in ch.qos.logback.core.rolling.SizeAndTimeBasedFNATP@6b2fad11 - For more information see http://logback.qos.ch/manual/appenders.html#SizeAndTimeBasedRollingPolicy
15:13:15,218 |-INFO in ch.qos.logback.core.joran.action.NestedComplexPropertyIA - Assuming default type [ch.qos.logback.classic.encoder.PatternLayoutEncoder] for [encoder] property
15:13:15,223 |-INFO in ch.qos.logback.core.rolling.RollingFileAppender[FILE] - Active log file name: /tmp/application.log
15:13:15,223 |-INFO in ch.qos.logback.core.rolling.RollingFileAppender[FILE] - File property is set to [/tmp/application.log]
15:13:15,224 |-INFO in ch.qos.logback.classic.joran.action.RootLoggerAction - Setting level of ROOT logger to WARN
15:13:15,224 |-INFO in ch.qos.logback.core.joran.action.AppenderRefAction - Attaching appender named [STDOUT] to Logger[ROOT]
15:13:15,226 |-INFO in ch.qos.logback.core.joran.action.AppenderRefAction - Attaching appender named [FILE] to Logger[ROOT]
15:13:15,226 |-INFO in ch.qos.logback.classic.joran.action.ConfigurationAction - End of configuration.
15:13:15,227 |-INFO in ch.qos.logback.classic.joran.JoranConfigurator@79698539 - Registering current configuration as safe fallback point

Ama winner
Ama winner
2019-06-10T15:13:16.527+0000: 1.764: [Full GC (Metadata GC Threshold) 2019-06-10T15:13:16.527+0000: 1.764: [Tenured: 0K->15240K(341376K), 0.0368450 secs] 114988K->15240K(494976K), [Metaspace: 20733K->20733K(1067008K)], 0.0369152 secs] [Times: user=0.03 sys=0.00, real=0.04 secs] 
15:13:35.314 [Curator-PathChildrenCache-1] WARN  o.a.c.u.ZKPaths  - The version of ZooKeeper being used doesn't support Container nodes. CreateMode.PERSISTENT will be used instead.
2019-06-10T15:13:37.513+0000: 22.750: [GC (Allocation Failure) 2019-06-10T15:13:37.513+0000: 22.750: [DefNew: 136576K->17023K(153600K), 0.0263686 secs] 151816K->52895K(494976K), 0.0264542 secs] [Times: user=0.03 sys=0.00, real=0.03 secs] 
2019-06-10T15:13:39.949+0000: 25.187: [Full GC (Metadata GC Threshold) 2019-06-10T15:13:39.950+0000: 25.187: [Tenured: 35871K->44765K(341376K), 0.0476388 secs] 108024K->44765K(494976K), [Metaspace: 34607K->34607K(1079296K)], 0.0477176 secs] [Times: user=0.05 sys=0.01, real=0.05 secs] 
2019-06-10T15:13:46.082+0000: 31.319: [GC (Allocation Failure) 2019-06-10T15:13:46.082+0000: 31.319: [DefNew: 136576K->59K(153600K), 0.0018326 secs] 181341K->44824K(494976K), 0.0019036 secs] [Times: user=0.00 sys=0.00, real=0.00 secs] 
2019-06-10T15:13:52.097+0000: 37.334: [GC (Allocation Failure) 2019-06-10T15:13:52.097+0000: 37.334: [DefNew: 136635K->92K(153600K), 0.0017326 secs] 181400K->44858K(494976K), 0.0017954 secs] [Times: user=0.00 sys=0.00, real=0.00 secs] 
2019-06-10T15:13:58.063+0000: 43.301: [GC (Allocation Failure) 2019-06-10T15:13:58.063+0000: 43.301: [DefNew: 136668K->132K(153600K), 0.0017667 secs] 181434K->44897K(494976K), 0.0018264 secs] [Times: user=0.00 sys=0.00, real=0.00 secs] 
2019-06-10T15:14:04.128+0000: 49.366: [GC (Allocation Failure) 2019-06-10T15:14:04.128+0000: 49.366: [DefNew: 136708K->126K(153600K), 0.0018408 secs] 181473K->44891K(494976K), 0.0019098 secs] [Times: user=0.00 sys=0.00, real=0.00 secs] 
2019-06-10T15:14:10.589+0000: 55.827: [GC (Allocation Failure) 2019-06-10T15:14:10.589+0000: 55.827: [DefNew: 136702K->123K(153600K), 0.0017650 secs] 181467K->44888K(494976K), 0.0018256 secs] [Times: user=0.00 sys=0.00, real=0.01 secs] 
15:14:16.442 [Curator-PathChildrenCache-0] ERROR o.a.c.f.r.c.PathChildrenCache  - 
java.lang.IllegalStateException: instance must be started before calling this method
	at org.apache.curator.shaded.com.google.common.base.Preconditions.checkState(Preconditions.java:444)
	at org.apache.curator.framework.imps.CuratorFrameworkImpl.getChildren(CuratorFrameworkImpl.java:456)
	at org.apache.curator.framework.recipes.cache.PathChildrenCache.refresh(PathChildrenCache.java:521)
	at org.apache.curator.framework.recipes.cache.RefreshOperation.invoke(RefreshOperation.java:35)
	at org.apache.curator.framework.recipes.cache.PathChildrenCache$9.run(PathChildrenCache.java:786)
	at java.util.concurrent.Executors$RunnableAdapter.call(Executors.java:511)
	at java.util.concurrent.FutureTask.run(FutureTask.java:266)
	at java.util.concurrent.Executors$RunnableAdapter.call(Executors.java:511)
	at java.util.concurrent.FutureTask.run(FutureTask.java:266)
	at java.util.concurrent.ThreadPoolExecutor.runWorker(ThreadPoolExecutor.java:1149)
	at java.util.concurrent.ThreadPoolExecutor$Worker.run(ThreadPoolExecutor.java:624)
	at java.lang.Thread.run(Thread.java:748)
Heap
 def new generation   total 153600K, used 48986K [0x00000000e0c00000, 0x00000000eb2a0000, 0x00000000eb2a0000)
  eden space 136576K,  35% used [0x00000000e0c00000, 0x00000000e3bb7eb8, 0x00000000e9160000)
  from space 17024K,   0% used [0x00000000e9160000, 0x00000000e917ec58, 0x00000000ea200000)
  to   space 17024K,   0% used [0x00000000ea200000, 0x00000000ea200000, 0x00000000eb2a0000)
 tenured generation   total 341376K, used 44765K [0x00000000eb2a0000, 0x0000000100000000, 0x0000000100000000)
   the space 341376K,  13% used [0x00000000eb2a0000, 0x00000000ede57500, 0x00000000ede57600, 0x0000000100000000)
 Metaspace       used 35691K, capacity 36548K, committed 36864K, reserved 1081344K
  class space    used 4813K, capacity 5010K, committed 5120K, reserved 1048576K
