15:56:28,503 |-INFO in ch.qos.logback.classic.LoggerContext[default] - Could NOT find resource [logback-test.xml]
15:56:28,503 |-INFO in ch.qos.logback.classic.LoggerContext[default] - Could NOT find resource [logback.groovy]
15:56:28,503 |-INFO in ch.qos.logback.classic.LoggerContext[default] - Found resource [logback.xml] at [jar:file:/home/nikitasokolov/flamestream/lib/flamestream-runtime-1.0-SNAPSHOT.jar!/logback.xml]
15:56:28,503 |-WARN in ch.qos.logback.classic.LoggerContext[default] - Resource [logback.xml] occurs multiple times on the classpath.
15:56:28,504 |-WARN in ch.qos.logback.classic.LoggerContext[default] - Resource [logback.xml] occurs at [jar:file:/home/nikitasokolov/flamestream/lib/flamestream-runtime-1.0-SNAPSHOT.jar!/logback.xml]
15:56:28,504 |-WARN in ch.qos.logback.classic.LoggerContext[default] - Resource [logback.xml] occurs at [jar:file:/home/nikitasokolov/flamestream/flamestream-runtime-1.0-SNAPSHOT.jar!/logback.xml]
15:56:28,520 |-INFO in ch.qos.logback.core.joran.spi.ConfigurationWatchList@6108b2d7 - URL [jar:file:/home/nikitasokolov/flamestream/lib/flamestream-runtime-1.0-SNAPSHOT.jar!/logback.xml] is not of type file
15:56:28,570 |-INFO in ch.qos.logback.classic.joran.action.ConfigurationAction - debug attribute not set
15:56:28,571 |-INFO in ch.qos.logback.core.joran.action.AppenderAction - About to instantiate appender of type [ch.qos.logback.core.ConsoleAppender]
15:56:28,579 |-INFO in ch.qos.logback.core.joran.action.AppenderAction - Naming appender as [STDOUT]
15:56:28,588 |-INFO in ch.qos.logback.core.joran.action.NestedComplexPropertyIA - Assuming default type [ch.qos.logback.classic.encoder.PatternLayoutEncoder] for [encoder] property
15:56:28,645 |-INFO in ch.qos.logback.core.joran.action.AppenderAction - About to instantiate appender of type [ch.qos.logback.core.rolling.RollingFileAppender]
15:56:28,651 |-INFO in ch.qos.logback.core.joran.action.AppenderAction - Naming appender as [FILE]
15:56:28,672 |-INFO in c.q.l.core.rolling.TimeBasedRollingPolicy@357863579 - No compression will be used
15:56:28,674 |-INFO in c.q.l.core.rolling.TimeBasedRollingPolicy@357863579 - Will use the pattern /tmp/application_%d{yyyy-MM-dd}.%i.log for the active file
15:56:28,676 |-INFO in ch.qos.logback.core.rolling.SizeAndTimeBasedFNATP@6bf256fa - The date pattern is 'yyyy-MM-dd' from file name pattern '/tmp/application_%d{yyyy-MM-dd}.%i.log'.
15:56:28,676 |-INFO in ch.qos.logback.core.rolling.SizeAndTimeBasedFNATP@6bf256fa - Roll-over at midnight.
15:56:28,680 |-INFO in ch.qos.logback.core.rolling.SizeAndTimeBasedFNATP@6bf256fa - Setting initial period to Sun Jun 09 15:55:38 MSK 2019
15:56:28,681 |-WARN in ch.qos.logback.core.rolling.SizeAndTimeBasedFNATP@6bf256fa - SizeAndTimeBasedFNATP is deprecated. Use SizeAndTimeBasedRollingPolicy instead
15:56:28,681 |-WARN in ch.qos.logback.core.rolling.SizeAndTimeBasedFNATP@6bf256fa - For more information see http://logback.qos.ch/manual/appenders.html#SizeAndTimeBasedRollingPolicy
15:56:28,685 |-INFO in ch.qos.logback.core.joran.action.NestedComplexPropertyIA - Assuming default type [ch.qos.logback.classic.encoder.PatternLayoutEncoder] for [encoder] property
15:56:28,688 |-INFO in ch.qos.logback.core.rolling.RollingFileAppender[FILE] - Active log file name: /tmp/application.log
15:56:28,688 |-INFO in ch.qos.logback.core.rolling.RollingFileAppender[FILE] - File property is set to [/tmp/application.log]
15:56:28,689 |-INFO in ch.qos.logback.classic.joran.action.RootLoggerAction - Setting level of ROOT logger to WARN
15:56:28,689 |-INFO in ch.qos.logback.core.joran.action.AppenderRefAction - Attaching appender named [STDOUT] to Logger[ROOT]
15:56:28,690 |-INFO in ch.qos.logback.core.joran.action.AppenderRefAction - Attaching appender named [FILE] to Logger[ROOT]
15:56:28,690 |-INFO in ch.qos.logback.classic.joran.action.ConfigurationAction - End of configuration.
15:56:28,690 |-INFO in ch.qos.logback.classic.joran.JoranConfigurator@6cd8737 - Registering current configuration as safe fallback point

2019-06-09T15:56:29.721+0300: 1.415: [GC (Metadata GC Threshold) [PSYoungGen: 105581K->15806K(149504K)] 105581K->15886K(491008K), 0.0311606 secs] [Times: user=0.18 sys=0.05, real=0.03 secs] 
2019-06-09T15:56:29.753+0300: 1.446: [Full GC (Metadata GC Threshold) [PSYoungGen: 15806K->0K(149504K)] [ParOldGen: 80K->14981K(341504K)] 15886K->14981K(491008K), [Metaspace: 20800K->20800K(1067008K)], 0.0259031 secs] [Times: user=0.14 sys=0.03, real=0.03 secs] 
15:56:38.262 [Curator-PathChildrenCache-2] WARN  o.a.c.u.ZKPaths  - The version of ZooKeeper being used doesn't support Container nodes. CreateMode.PERSISTENT will be used instead.
2019-06-09T15:56:39.022+0300: 10.715: [GC (Metadata GC Threshold) [PSYoungGen: 125242K->16599K(149504K)] 140224K->51120K(491008K), 0.0273746 secs] [Times: user=0.22 sys=0.02, real=0.02 secs] 
2019-06-09T15:56:39.049+0300: 10.743: [Full GC (Metadata GC Threshold) [PSYoungGen: 16599K->0K(149504K)] [ParOldGen: 34520K->39579K(341504K)] 51120K->39579K(491008K), [Metaspace: 34469K->34467K(1079296K)], 0.0388390 secs] [Times: user=0.23 sys=0.01, real=0.04 secs] 
2019-06-09T15:56:48.029+0300: 19.722: [GC (Allocation Failure) [PSYoungGen: 128512K->384K(149504K)] 168091K->39971K(491008K), 0.0046932 secs] [Times: user=0.00 sys=0.03, real=0.01 secs] 
2019-06-09T15:56:58.236+0300: 29.930: [GC (Allocation Failure) [PSYoungGen: 128896K->320K(149504K)] 168483K->39915K(491008K), 0.0054818 secs] [Times: user=0.04 sys=0.00, real=0.01 secs] 
2019-06-09T15:57:08.455+0300: 40.149: [GC (Allocation Failure) [PSYoungGen: 128832K->480K(129024K)] 168427K->40083K(470528K), 0.0043249 secs] [Times: user=0.03 sys=0.00, real=0.01 secs] 
2019-06-09T15:57:18.815+0300: 50.509: [GC (Allocation Failure) [PSYoungGen: 128992K->416K(149504K)] 168595K->40027K(491008K), 0.0036341 secs] [Times: user=0.01 sys=0.01, real=0.01 secs] 
2019-06-09T15:57:29.058+0300: 60.752: [GC (Allocation Failure) [PSYoungGen: 127904K->448K(148480K)] 167515K->40067K(489984K), 0.0047906 secs] [Times: user=0.02 sys=0.01, real=0.00 secs] 
2019-06-09T15:57:41.635+0300: 73.329: [GC (Allocation Failure) [PSYoungGen: 127936K->727K(151040K)] 167555K->40347K(492544K), 0.0062214 secs] [Times: user=0.04 sys=0.00, real=0.01 secs] 
15:57:54.630 [Curator-PathChildrenCache-0] ERROR o.a.c.f.r.c.PathChildrenCache  - 
java.lang.IllegalStateException: instance must be started before calling this method
	at org.apache.curator.shaded.com.google.common.base.Preconditions.checkState(Preconditions.java:444)
	at org.apache.curator.framework.imps.CuratorFrameworkImpl.getChildren(CuratorFrameworkImpl.java:456)
	at org.apache.curator.framework.recipes.cache.PathChildrenCache.refresh(PathChildrenCache.java:521)
	at org.apache.curator.framework.recipes.cache.RefreshOperation.invoke(RefreshOperation.java:35)
	at org.apache.curator.framework.recipes.cache.PathChildrenCache$9.run(PathChildrenCache.java:786)
	at java.util.concurrent.Executors$RunnableAdapter.call(Executors.java:511)
	at java.util.concurrent.FutureTask.run(FutureTask.java:266)
	at java.util.concurrent.Executors$RunnableAdapter.call(Executors.java:511)
	at java.util.concurrent.FutureTask.run(FutureTask.java:266)
	at java.util.concurrent.ThreadPoolExecutor.runWorker(ThreadPoolExecutor.java:1149)
	at java.util.concurrent.ThreadPoolExecutor$Worker.run(ThreadPoolExecutor.java:624)
	at java.lang.Thread.run(Thread.java:748)
Heap
 PSYoungGen      total 151040K, used 31699K [0x00000000f5980000, 0x0000000100000000, 0x0000000100000000)
  eden space 130560K, 23% used [0x00000000f5980000,0x00000000f77bf158,0x00000000fd900000)
  from space 20480K, 3% used [0x00000000fec00000,0x00000000fecb5cd0,0x0000000100000000)
  to   space 19456K, 0% used [0x00000000fd900000,0x00000000fd900000,0x00000000fec00000)
 ParOldGen       total 341504K, used 39619K [0x00000000e0c00000, 0x00000000f5980000, 0x00000000f5980000)
  object space 341504K, 11% used [0x00000000e0c00000,0x00000000e32b0f78,0x00000000f5980000)
 Metaspace       used 36287K, capacity 37266K, committed 37464K, reserved 1081344K
  class space    used 5016K, capacity 5219K, committed 5248K, reserved 1048576K
