03:56:41,567 |-INFO in ch.qos.logback.classic.LoggerContext[default] - Could NOT find resource [logback-test.xml]
03:56:41,567 |-INFO in ch.qos.logback.classic.LoggerContext[default] - Could NOT find resource [logback.groovy]
03:56:41,568 |-INFO in ch.qos.logback.classic.LoggerContext[default] - Found resource [logback.xml] at [jar:file:/home/nikitasokolov/flamestream/lib/flamestream-runtime-1.0-SNAPSHOT.jar!/logback.xml]
03:56:41,568 |-WARN in ch.qos.logback.classic.LoggerContext[default] - Resource [logback.xml] occurs multiple times on the classpath.
03:56:41,568 |-WARN in ch.qos.logback.classic.LoggerContext[default] - Resource [logback.xml] occurs at [jar:file:/home/nikitasokolov/flamestream/lib/flamestream-runtime-1.0-SNAPSHOT.jar!/logback.xml]
03:56:41,568 |-WARN in ch.qos.logback.classic.LoggerContext[default] - Resource [logback.xml] occurs at [jar:file:/home/nikitasokolov/flamestream/flamestream-runtime-1.0-SNAPSHOT.jar!/logback.xml]
03:56:41,584 |-INFO in ch.qos.logback.core.joran.spi.ConfigurationWatchList@6bf256fa - URL [jar:file:/home/nikitasokolov/flamestream/lib/flamestream-runtime-1.0-SNAPSHOT.jar!/logback.xml] is not of type file
03:56:41,636 |-INFO in ch.qos.logback.classic.joran.action.ConfigurationAction - debug attribute not set
03:56:41,636 |-INFO in ch.qos.logback.core.joran.action.AppenderAction - About to instantiate appender of type [ch.qos.logback.core.ConsoleAppender]
03:56:41,644 |-INFO in ch.qos.logback.core.joran.action.AppenderAction - Naming appender as [STDOUT]
03:56:41,651 |-INFO in ch.qos.logback.core.joran.action.NestedComplexPropertyIA - Assuming default type [ch.qos.logback.classic.encoder.PatternLayoutEncoder] for [encoder] property
03:56:41,706 |-INFO in ch.qos.logback.core.joran.action.AppenderAction - About to instantiate appender of type [ch.qos.logback.core.rolling.RollingFileAppender]
03:56:41,711 |-INFO in ch.qos.logback.core.joran.action.AppenderAction - Naming appender as [FILE]
03:56:41,734 |-INFO in c.q.l.core.rolling.TimeBasedRollingPolicy@114132791 - No compression will be used
03:56:41,735 |-INFO in c.q.l.core.rolling.TimeBasedRollingPolicy@114132791 - Will use the pattern /tmp/application_%d{yyyy-MM-dd}.%i.log for the active file
03:56:41,738 |-INFO in ch.qos.logback.core.rolling.SizeAndTimeBasedFNATP@22f71333 - The date pattern is 'yyyy-MM-dd' from file name pattern '/tmp/application_%d{yyyy-MM-dd}.%i.log'.
03:56:41,738 |-INFO in ch.qos.logback.core.rolling.SizeAndTimeBasedFNATP@22f71333 - Roll-over at midnight.
03:56:41,742 |-INFO in ch.qos.logback.core.rolling.SizeAndTimeBasedFNATP@22f71333 - Setting initial period to Thu Jun 06 22:00:24 MSK 2019
03:56:41,742 |-WARN in ch.qos.logback.core.rolling.SizeAndTimeBasedFNATP@22f71333 - SizeAndTimeBasedFNATP is deprecated. Use SizeAndTimeBasedRollingPolicy instead
03:56:41,742 |-WARN in ch.qos.logback.core.rolling.SizeAndTimeBasedFNATP@22f71333 - For more information see http://logback.qos.ch/manual/appenders.html#SizeAndTimeBasedRollingPolicy
03:56:41,746 |-INFO in ch.qos.logback.core.joran.action.NestedComplexPropertyIA - Assuming default type [ch.qos.logback.classic.encoder.PatternLayoutEncoder] for [encoder] property
03:56:41,748 |-INFO in ch.qos.logback.core.rolling.RollingFileAppender[FILE] - Active log file name: /tmp/application.log
03:56:41,748 |-INFO in ch.qos.logback.core.rolling.RollingFileAppender[FILE] - File property is set to [/tmp/application.log]
03:56:41,749 |-ERROR in ch.qos.logback.core.rolling.RollingFileAppender[FILE] - openFile(/tmp/application.log,true) call failed. java.io.FileNotFoundException: /tmp/application.log (Permission denied)
	at java.io.FileNotFoundException: /tmp/application.log (Permission denied)
	at 	at java.io.FileOutputStream.open0(Native Method)
	at 	at java.io.FileOutputStream.open(FileOutputStream.java:270)
	at 	at java.io.FileOutputStream.<init>(FileOutputStream.java:213)
	at 	at ch.qos.logback.core.recovery.ResilientFileOutputStream.<init>(ResilientFileOutputStream.java:26)
	at 	at ch.qos.logback.core.FileAppender.openFile(FileAppender.java:204)
	at 	at ch.qos.logback.core.FileAppender.start(FileAppender.java:127)
	at 	at ch.qos.logback.core.rolling.RollingFileAppender.start(RollingFileAppender.java:100)
	at 	at ch.qos.logback.core.joran.action.AppenderAction.end(AppenderAction.java:90)
	at 	at ch.qos.logback.core.joran.spi.Interpreter.callEndAction(Interpreter.java:309)
	at 	at ch.qos.logback.core.joran.spi.Interpreter.endElement(Interpreter.java:193)
	at 	at ch.qos.logback.core.joran.spi.Interpreter.endElement(Interpreter.java:179)
	at 	at ch.qos.logback.core.joran.spi.EventPlayer.play(EventPlayer.java:62)
	at 	at ch.qos.logback.core.joran.GenericConfigurator.doConfigure(GenericConfigurator.java:165)
	at 	at ch.qos.logback.core.joran.GenericConfigurator.doConfigure(GenericConfigurator.java:152)
	at 	at ch.qos.logback.core.joran.GenericConfigurator.doConfigure(GenericConfigurator.java:110)
	at 	at ch.qos.logback.core.joran.GenericConfigurator.doConfigure(GenericConfigurator.java:53)
	at 	at ch.qos.logback.classic.util.ContextInitializer.configureByResource(ContextInitializer.java:75)
	at 	at ch.qos.logback.classic.util.ContextInitializer.autoConfig(ContextInitializer.java:150)
	at 	at org.slf4j.impl.StaticLoggerBinder.init(StaticLoggerBinder.java:84)
	at 	at org.slf4j.impl.StaticLoggerBinder.<clinit>(StaticLoggerBinder.java:55)
	at 	at org.slf4j.LoggerFactory.bind(LoggerFactory.java:150)
	at 	at org.slf4j.LoggerFactory.performInitialization(LoggerFactory.java:124)
	at 	at org.slf4j.LoggerFactory.getILoggerFactory(LoggerFactory.java:412)
	at 	at org.slf4j.LoggerFactory.getLogger(LoggerFactory.java:357)
	at 	at org.slf4j.LoggerFactory.getLogger(LoggerFactory.java:383)
	at 	at com.spbsu.flamestream.runtime.WorkerApplication.<init>(WorkerApplication.java:26)
	at 	at com.spbsu.flamestream.runtime.WorkerApplication.main(WorkerApplication.java:68)
03:56:41,750 |-INFO in ch.qos.logback.classic.joran.action.RootLoggerAction - Setting level of ROOT logger to WARN
03:56:41,750 |-INFO in ch.qos.logback.core.joran.action.AppenderRefAction - Attaching appender named [STDOUT] to Logger[ROOT]
03:56:41,750 |-INFO in ch.qos.logback.core.joran.action.AppenderRefAction - Attaching appender named [FILE] to Logger[ROOT]
03:56:41,750 |-INFO in ch.qos.logback.classic.joran.action.ConfigurationAction - End of configuration.
03:56:41,751 |-INFO in ch.qos.logback.classic.joran.JoranConfigurator@3498ed - Registering current configuration as safe fallback point

2019-06-09T03:56:42.805+0300: 1.435: [GC (Metadata GC Threshold) [PSYoungGen: 95231K->15872K(149504K)] 95231K->15952K(491008K), 0.0225852 secs] [Times: user=0.10 sys=0.03, real=0.02 secs] 
2019-06-09T03:56:42.827+0300: 1.458: [Full GC (Metadata GC Threshold) [PSYoungGen: 15872K->0K(149504K)] [ParOldGen: 80K->14984K(341504K)] 15952K->14984K(491008K), [Metaspace: 20808K->20808K(1067008K)], 0.0251313 secs] [Times: user=0.15 sys=0.02, real=0.02 secs] 
03:56:54.399 [Curator-PathChildrenCache-1] WARN  o.a.c.u.ZKPaths  - The version of ZooKeeper being used doesn't support Container nodes. CreateMode.PERSISTENT will be used instead.
2019-06-09T03:56:55.004+0300: 13.634: [GC (Allocation Failure) [PSYoungGen: 128512K->20971K(149504K)] 143496K->49965K(491008K), 0.0196160 secs] [Times: user=0.21 sys=0.01, real=0.02 secs] 
2019-06-09T03:56:55.195+0300: 13.826: [GC (Metadata GC Threshold) [PSYoungGen: 32321K->20971K(149504K)] 61314K->50197K(491008K), 0.0093444 secs] [Times: user=0.11 sys=0.00, real=0.01 secs] 
2019-06-09T03:56:55.205+0300: 13.835: [Full GC (Metadata GC Threshold) [PSYoungGen: 20971K->0K(149504K)] [ParOldGen: 29226K->39061K(341504K)] 50197K->39061K(491008K), [Metaspace: 34543K->34543K(1079296K)], 0.0329857 secs] [Times: user=0.15 sys=0.01, real=0.03 secs] 
2019-06-09T03:56:57.289+0300: 15.919: [GC (Allocation Failure) [PSYoungGen: 128512K->576K(149504K)] 167573K->39645K(491008K), 0.0043156 secs] [Times: user=0.00 sys=0.02, real=0.00 secs] 
2019-06-09T03:56:58.895+0300: 17.526: [GC (Allocation Failure) [PSYoungGen: 129088K->704K(129536K)] 168157K->39781K(471040K), 0.0025217 secs] [Times: user=0.01 sys=0.00, real=0.00 secs] 
2019-06-09T03:57:00.342+0300: 18.972: [GC (Allocation Failure) [PSYoungGen: 129216K->1152K(130048K)] 168293K->40237K(471552K), 0.0035409 secs] [Times: user=0.02 sys=0.01, real=0.01 secs] 
2019-06-09T03:57:01.288+0300: 19.919: [GC (Allocation Failure) [PSYoungGen: 90240K->1024K(129536K)] 129325K->40117K(471040K), 0.0034550 secs] [Times: user=0.02 sys=0.00, real=0.00 secs] 
2019-06-09T03:57:02.036+0300: 20.666: [GC (Allocation Failure) [PSYoungGen: 90112K->960K(132608K)] 129205K->40061K(474112K), 0.0023867 secs] [Times: user=0.02 sys=0.00, real=0.00 secs] 
2019-06-09T03:57:02.832+0300: 21.463: [GC (Allocation Failure) [PSYoungGen: 94656K->992K(131584K)] 133757K->40101K(473088K), 0.0024964 secs] [Times: user=0.01 sys=0.00, real=0.01 secs] 
2019-06-09T03:57:03.919+0300: 22.550: [GC (Allocation Failure) [PSYoungGen: 94688K->1056K(135680K)] 133797K->40173K(477184K), 0.0063096 secs] [Times: user=0.06 sys=0.01, real=0.01 secs] 
2019-06-09T03:57:04.612+0300: 23.243: [GC (Allocation Failure) [PSYoungGen: 100384K->992K(134144K)] 139501K->40109K(475648K), 0.0036877 secs] [Times: user=0.03 sys=0.00, real=0.01 secs] 
2019-06-09T03:57:05.386+0300: 24.017: [GC (Allocation Failure) [PSYoungGen: 100320K->1184K(138752K)] 139437K->40309K(480256K), 0.0686610 secs] [Times: user=0.01 sys=0.00, real=0.07 secs] 
2019-06-09T03:57:06.529+0300: 25.159: [GC (Allocation Failure) [PSYoungGen: 106656K->1184K(137216K)] 145781K->40317K(478720K), 0.0026133 secs] [Times: user=0.01 sys=0.00, real=0.00 secs] 
2019-06-09T03:57:07.279+0300: 25.909: [GC (Allocation Failure) [PSYoungGen: 106656K->1184K(141824K)] 145789K->40317K(483328K), 0.0028829 secs] [Times: user=0.02 sys=0.00, real=0.00 secs] 
2019-06-09T03:57:08.275+0300: 26.905: [GC (Allocation Failure) [PSYoungGen: 112800K->1184K(140288K)] 151933K->40325K(481792K), 0.0023438 secs] [Times: user=0.01 sys=0.00, real=0.00 secs] 
2019-06-09T03:57:09.219+0300: 27.849: [GC (Allocation Failure) [PSYoungGen: 112800K->1184K(144896K)] 151941K->40333K(486400K), 0.0036079 secs] [Times: user=0.02 sys=0.00, real=0.01 secs] 
2019-06-09T03:57:10.255+0300: 28.885: [GC (Allocation Failure) [PSYoungGen: 118944K->1152K(143360K)] 158093K->40301K(484864K), 0.0036265 secs] [Times: user=0.02 sys=0.00, real=0.00 secs] 
2019-06-09T03:57:11.125+0300: 29.756: [GC (Allocation Failure) [PSYoungGen: 118912K->1216K(147456K)] 158061K->40373K(488960K), 0.0739667 secs] [Times: user=0.02 sys=0.00, real=0.07 secs] 
2019-06-09T03:57:12.443+0300: 31.073: [GC (Allocation Failure) [PSYoungGen: 124608K->896K(146432K)] 163765K->40397K(487936K), 0.0030489 secs] [Times: user=0.01 sys=0.00, real=0.00 secs] 
2019-06-09T03:57:13.539+0300: 32.170: [GC (Allocation Failure) [PSYoungGen: 124288K->768K(150016K)] 163789K->40405K(491520K), 0.0024015 secs] [Times: user=0.01 sys=0.00, real=0.00 secs] 
2019-06-09T03:57:14.645+0300: 33.275: [GC (Allocation Failure) [PSYoungGen: 129280K->640K(148992K)] 168917K->40485K(490496K), 0.0029335 secs] [Times: user=0.01 sys=0.00, real=0.00 secs] 
2019-06-09T03:57:16.614+0300: 35.245: [GC (Allocation Failure) [PSYoungGen: 129152K->608K(152576K)] 168997K->40581K(494080K), 0.0738667 secs] [Times: user=0.01 sys=0.01, real=0.07 secs] 
03:57:24.039 [Curator-PathChildrenCache-0] ERROR o.a.c.f.r.c.PathChildrenCache  - 
java.lang.IllegalStateException: instance must be started before calling this method
	at org.apache.curator.shaded.com.google.common.base.Preconditions.checkState(Preconditions.java:444)
	at org.apache.curator.framework.imps.CuratorFrameworkImpl.getChildren(CuratorFrameworkImpl.java:456)
	at org.apache.curator.framework.recipes.cache.PathChildrenCache.refresh(PathChildrenCache.java:521)
	at org.apache.curator.framework.recipes.cache.RefreshOperation.invoke(RefreshOperation.java:35)
	at org.apache.curator.framework.recipes.cache.PathChildrenCache$9.run(PathChildrenCache.java:786)
	at java.util.concurrent.Executors$RunnableAdapter.call(Executors.java:511)
	at java.util.concurrent.FutureTask.run(FutureTask.java:266)
	at java.util.concurrent.Executors$RunnableAdapter.call(Executors.java:511)
	at java.util.concurrent.FutureTask.run(FutureTask.java:266)
	at java.util.concurrent.ThreadPoolExecutor.runWorker(ThreadPoolExecutor.java:1149)
	at java.util.concurrent.ThreadPoolExecutor$Worker.run(ThreadPoolExecutor.java:624)
	at java.lang.Thread.run(Thread.java:748)
03:57:24.136 [worker-akka.actor.default-dispatcher-2] ERROR c.s.f.r.WorkerApplication  - Something went wrong during trace flush
java.nio.file.AccessDeniedException: /tmp/trace.csv
	at sun.nio.fs.UnixException.translateToIOException(UnixException.java:84)
	at sun.nio.fs.UnixException.rethrowAsIOException(UnixException.java:102)
	at sun.nio.fs.UnixException.rethrowAsIOException(UnixException.java:107)
	at sun.nio.fs.UnixFileSystemProvider.newByteChannel(UnixFileSystemProvider.java:214)
	at java.nio.file.spi.FileSystemProvider.newOutputStream(FileSystemProvider.java:434)
	at java.nio.file.Files.newOutputStream(Files.java:216)
	at java.nio.file.Files.newBufferedWriter(Files.java:2860)
	at java.nio.file.Files.newBufferedWriter(Files.java:2896)
	at com.spbsu.flamestream.runtime.utils.tracing.Tracing.flush(Tracing.java:35)
	at com.spbsu.flamestream.runtime.WorkerApplication.lambda$run$0(WorkerApplication.java:109)
	at akka.actor.ActorSystemImpl$TerminationCallbacks$$anonfun$addRec$1$1.applyOrElse(ActorSystem.scala:1036)
	at akka.actor.ActorSystemImpl$TerminationCallbacks$$anonfun$addRec$1$1.applyOrElse(ActorSystem.scala:1036)
	at scala.concurrent.Future$$anonfun$andThen$1.apply(Future.scala:436)
	at scala.concurrent.Future$$anonfun$andThen$1.apply(Future.scala:435)
	at scala.concurrent.impl.CallbackRunnable.run(Promise.scala:36)
	at akka.dispatch.BatchingExecutor$AbstractBatch.processBatch(BatchingExecutor.scala:55)
	at akka.dispatch.BatchingExecutor$BlockableBatch$$anonfun$run$1.apply$mcV$sp(BatchingExecutor.scala:91)
	at akka.dispatch.BatchingExecutor$BlockableBatch$$anonfun$run$1.apply(BatchingExecutor.scala:91)
	at akka.dispatch.BatchingExecutor$BlockableBatch$$anonfun$run$1.apply(BatchingExecutor.scala:91)
	at scala.concurrent.BlockContext$.withBlockContext(BlockContext.scala:72)
	at akka.dispatch.BatchingExecutor$BlockableBatch.run(BatchingExecutor.scala:90)
	at akka.dispatch.TaskInvocation.run(AbstractDispatcher.scala:40)
	at akka.dispatch.ForkJoinExecutorConfigurator$AkkaForkJoinTask.exec(ForkJoinExecutorConfigurator.scala:44)
	at akka.dispatch.forkjoin.ForkJoinTask.doExec(ForkJoinTask.java:260)
	at akka.dispatch.forkjoin.ForkJoinPool$WorkQueue.runTask(ForkJoinPool.java:1339)
	at akka.dispatch.forkjoin.ForkJoinPool.runWorker(ForkJoinPool.java:1979)
	at akka.dispatch.forkjoin.ForkJoinWorkerThread.run(ForkJoinWorkerThread.java:107)
Heap
 PSYoungGen      total 152576K, used 112795K [0x00000000f5980000, 0x0000000100000000, 0x0000000100000000)
  eden space 133632K, 83% used [0x00000000f5980000,0x00000000fc70ecc0,0x00000000fdc00000)
  from space 18944K, 3% used [0x00000000fed80000,0x00000000fee18040,0x0000000100000000)
  to   space 17920K, 0% used [0x00000000fdc00000,0x00000000fdc00000,0x00000000fed80000)
 ParOldGen       total 341504K, used 39973K [0x00000000e0c00000, 0x00000000f5980000, 0x00000000f5980000)
  object space 341504K, 11% used [0x00000000e0c00000,0x00000000e3309788,0x00000000f5980000)
 Metaspace       used 35911K, capacity 36768K, committed 36952K, reserved 1081344K
  class space    used 4947K, capacity 5130K, committed 5248K, reserved 1048576K
