07:37:30,965 |-INFO in ch.qos.logback.classic.LoggerContext[default] - Could NOT find resource [logback-test.xml]
07:37:30,966 |-INFO in ch.qos.logback.classic.LoggerContext[default] - Could NOT find resource [logback.groovy]
07:37:30,966 |-INFO in ch.qos.logback.classic.LoggerContext[default] - Found resource [logback.xml] at [jar:file:/root/flamestream/lib/flamestream-runtime-1.0-SNAPSHOT.jar!/logback.xml]
07:37:30,966 |-WARN in ch.qos.logback.classic.LoggerContext[default] - Resource [logback.xml] occurs multiple times on the classpath.
07:37:30,967 |-WARN in ch.qos.logback.classic.LoggerContext[default] - Resource [logback.xml] occurs at [jar:file:/root/flamestream/lib/flamestream-runtime-1.0-SNAPSHOT.jar!/logback.xml]
07:37:30,967 |-WARN in ch.qos.logback.classic.LoggerContext[default] - Resource [logback.xml] occurs at [jar:file:/root/flamestream/flamestream-runtime-1.0-SNAPSHOT.jar!/logback.xml]
07:37:30,987 |-INFO in ch.qos.logback.core.joran.spi.ConfigurationWatchList@3fb6a447 - URL [jar:file:/root/flamestream/lib/flamestream-runtime-1.0-SNAPSHOT.jar!/logback.xml] is not of type file
07:37:31,053 |-INFO in ch.qos.logback.classic.joran.action.ConfigurationAction - debug attribute not set
07:37:31,054 |-INFO in ch.qos.logback.core.joran.action.AppenderAction - About to instantiate appender of type [ch.qos.logback.core.ConsoleAppender]
07:37:31,071 |-INFO in ch.qos.logback.core.joran.action.AppenderAction - Naming appender as [STDOUT]
07:37:31,084 |-INFO in ch.qos.logback.core.joran.action.NestedComplexPropertyIA - Assuming default type [ch.qos.logback.classic.encoder.PatternLayoutEncoder] for [encoder] property
07:37:31,192 |-INFO in ch.qos.logback.core.joran.action.AppenderAction - About to instantiate appender of type [ch.qos.logback.core.rolling.RollingFileAppender]
07:37:31,203 |-INFO in ch.qos.logback.core.joran.action.AppenderAction - Naming appender as [FILE]
07:37:31,231 |-INFO in c.q.l.core.rolling.TimeBasedRollingPolicy@127618319 - No compression will be used
07:37:31,232 |-INFO in c.q.l.core.rolling.TimeBasedRollingPolicy@127618319 - Will use the pattern /tmp/application_%d{yyyy-MM-dd}.%i.log for the active file
07:37:31,235 |-INFO in ch.qos.logback.core.rolling.SizeAndTimeBasedFNATP@6b2fad11 - The date pattern is 'yyyy-MM-dd' from file name pattern '/tmp/application_%d{yyyy-MM-dd}.%i.log'.
07:37:31,235 |-INFO in ch.qos.logback.core.rolling.SizeAndTimeBasedFNATP@6b2fad11 - Roll-over at midnight.
07:37:31,241 |-INFO in ch.qos.logback.core.rolling.SizeAndTimeBasedFNATP@6b2fad11 - Setting initial period to Tue Jun 11 07:36:05 UTC 2019
07:37:31,241 |-WARN in ch.qos.logback.core.rolling.SizeAndTimeBasedFNATP@6b2fad11 - SizeAndTimeBasedFNATP is deprecated. Use SizeAndTimeBasedRollingPolicy instead
07:37:31,241 |-WARN in ch.qos.logback.core.rolling.SizeAndTimeBasedFNATP@6b2fad11 - For more information see http://logback.qos.ch/manual/appenders.html#SizeAndTimeBasedRollingPolicy
07:37:31,245 |-INFO in ch.qos.logback.core.joran.action.NestedComplexPropertyIA - Assuming default type [ch.qos.logback.classic.encoder.PatternLayoutEncoder] for [encoder] property
07:37:31,249 |-INFO in ch.qos.logback.core.rolling.RollingFileAppender[FILE] - Active log file name: /tmp/application.log
07:37:31,249 |-INFO in ch.qos.logback.core.rolling.RollingFileAppender[FILE] - File property is set to [/tmp/application.log]
07:37:31,250 |-INFO in ch.qos.logback.classic.joran.action.RootLoggerAction - Setting level of ROOT logger to WARN
07:37:31,250 |-INFO in ch.qos.logback.core.joran.action.AppenderRefAction - Attaching appender named [STDOUT] to Logger[ROOT]
07:37:31,251 |-INFO in ch.qos.logback.core.joran.action.AppenderRefAction - Attaching appender named [FILE] to Logger[ROOT]
07:37:31,252 |-INFO in ch.qos.logback.classic.joran.action.ConfigurationAction - End of configuration.
07:37:31,252 |-INFO in ch.qos.logback.classic.joran.JoranConfigurator@79698539 - Registering current configuration as safe fallback point

Ama winner
Ama winner
2019-06-11T07:37:32.570+0000: 1.795: [Full GC (Metadata GC Threshold) 2019-06-11T07:37:32.570+0000: 1.795: [Tenured: 0K->15177K(341376K), 0.0343589 secs] 114923K->15177K(494976K), [Metaspace: 20737K->20737K(1067008K)], 0.0344267 secs] [Times: user=0.03 sys=0.00, real=0.04 secs] 
07:37:50.431 [Curator-PathChildrenCache-1] WARN  o.a.c.u.ZKPaths  - The version of ZooKeeper being used doesn't support Container nodes. CreateMode.PERSISTENT will be used instead.
2019-06-11T07:37:52.847+0000: 22.072: [GC (Allocation Failure) 2019-06-11T07:37:52.847+0000: 22.072: [DefNew: 136576K->17023K(153600K), 0.0274882 secs] 151753K->52373K(494976K), 0.0275674 secs] [Times: user=0.02 sys=0.01, real=0.03 secs] 
2019-06-11T07:37:54.903+0000: 24.128: [Full GC (Metadata GC Threshold) 2019-06-11T07:37:54.903+0000: 24.128: [Tenured: 35349K->43475K(341376K), 0.0449144 secs] 104852K->43475K(494976K), [Metaspace: 34591K->34591K(1079296K)], 0.0449940 secs] [Times: user=0.04 sys=0.00, real=0.04 secs] 
2019-06-11T07:38:00.273+0000: 29.498: [GC (Allocation Failure) 2019-06-11T07:38:00.273+0000: 29.498: [DefNew: 136576K->61K(153600K), 0.0018424 secs] 180051K->43537K(494976K), 0.0019025 secs] [Times: user=0.01 sys=0.00, real=0.00 secs] 
2019-06-11T07:38:05.771+0000: 34.996: [GC (Allocation Failure) 2019-06-11T07:38:05.771+0000: 34.996: [DefNew: 136637K->64K(153600K), 0.0016970 secs] 180113K->43539K(494976K), 0.0017711 secs] [Times: user=0.00 sys=0.00, real=0.00 secs] 
2019-06-11T07:38:11.303+0000: 40.528: [GC (Allocation Failure) 2019-06-11T07:38:11.303+0000: 40.528: [DefNew: 136640K->61K(153600K), 0.0017000 secs] 180115K->43536K(494976K), 0.0017599 secs] [Times: user=0.00 sys=0.00, real=0.00 secs] 
2019-06-11T07:38:16.837+0000: 46.062: [GC (Allocation Failure) 2019-06-11T07:38:16.837+0000: 46.062: [DefNew: 136637K->61K(153600K), 0.0016513 secs] 180112K->43536K(494976K), 0.0017080 secs] [Times: user=0.00 sys=0.00, real=0.01 secs] 
2019-06-11T07:38:26.137+0000: 55.362: [GC (Allocation Failure) 2019-06-11T07:38:26.137+0000: 55.362: [DefNew: 136637K->61K(153600K), 0.0017725 secs] 180112K->43537K(494976K), 0.0018356 secs] [Times: user=0.01 sys=0.00, real=0.00 secs] 
07:38:32.257 [Curator-PathChildrenCache-0] ERROR o.a.c.f.r.c.PathChildrenCache  - 
java.lang.IllegalStateException: instance must be started before calling this method
	at org.apache.curator.shaded.com.google.common.base.Preconditions.checkState(Preconditions.java:444)
	at org.apache.curator.framework.imps.CuratorFrameworkImpl.getChildren(CuratorFrameworkImpl.java:456)
	at org.apache.curator.framework.recipes.cache.PathChildrenCache.refresh(PathChildrenCache.java:521)
	at org.apache.curator.framework.recipes.cache.RefreshOperation.invoke(RefreshOperation.java:35)
	at org.apache.curator.framework.recipes.cache.PathChildrenCache$9.run(PathChildrenCache.java:786)
	at java.util.concurrent.Executors$RunnableAdapter.call(Executors.java:511)
	at java.util.concurrent.FutureTask.run(FutureTask.java:266)
	at java.util.concurrent.Executors$RunnableAdapter.call(Executors.java:511)
	at java.util.concurrent.FutureTask.run(FutureTask.java:266)
	at java.util.concurrent.ThreadPoolExecutor.runWorker(ThreadPoolExecutor.java:1149)
	at java.util.concurrent.ThreadPoolExecutor$Worker.run(ThreadPoolExecutor.java:624)
	at java.lang.Thread.run(Thread.java:748)
Heap
 def new generation   total 153600K, used 63459K [0x00000000e0c00000, 0x00000000eb2a0000, 0x00000000eb2a0000)
  eden space 136576K,  46% used [0x00000000e0c00000, 0x00000000e49e99d8, 0x00000000e9160000)
  from space 17024K,   0% used [0x00000000e9160000, 0x00000000e916f5e0, 0x00000000ea200000)
  to   space 17024K,   0% used [0x00000000ea200000, 0x00000000ea200000, 0x00000000eb2a0000)
 tenured generation   total 341376K, used 43475K [0x00000000eb2a0000, 0x0000000100000000, 0x0000000100000000)
   the space 341376K,  12% used [0x00000000eb2a0000, 0x00000000edd14eb8, 0x00000000edd15000, 0x0000000100000000)
 Metaspace       used 35965K, capacity 36832K, committed 37120K, reserved 1081344K
  class space    used 4838K, capacity 5042K, committed 5120K, reserved 1048576K
