09:37:45,633 |-INFO in ch.qos.logback.classic.LoggerContext[default] - Could NOT find resource [logback-test.xml]
09:37:45,633 |-INFO in ch.qos.logback.classic.LoggerContext[default] - Could NOT find resource [logback.groovy]
09:37:45,633 |-INFO in ch.qos.logback.classic.LoggerContext[default] - Found resource [logback.xml] at [jar:file:/root/flamestream/lib/flamestream-runtime-1.0-SNAPSHOT.jar!/logback.xml]
09:37:45,634 |-WARN in ch.qos.logback.classic.LoggerContext[default] - Resource [logback.xml] occurs multiple times on the classpath.
09:37:45,634 |-WARN in ch.qos.logback.classic.LoggerContext[default] - Resource [logback.xml] occurs at [jar:file:/root/flamestream/lib/flamestream-runtime-1.0-SNAPSHOT.jar!/logback.xml]
09:37:45,634 |-WARN in ch.qos.logback.classic.LoggerContext[default] - Resource [logback.xml] occurs at [jar:file:/root/flamestream/flamestream-runtime-1.0-SNAPSHOT.jar!/logback.xml]
09:37:45,654 |-INFO in ch.qos.logback.core.joran.spi.ConfigurationWatchList@3fb6a447 - URL [jar:file:/root/flamestream/lib/flamestream-runtime-1.0-SNAPSHOT.jar!/logback.xml] is not of type file
09:37:45,728 |-INFO in ch.qos.logback.classic.joran.action.ConfigurationAction - debug attribute not set
09:37:45,728 |-INFO in ch.qos.logback.core.joran.action.AppenderAction - About to instantiate appender of type [ch.qos.logback.core.ConsoleAppender]
09:37:45,742 |-INFO in ch.qos.logback.core.joran.action.AppenderAction - Naming appender as [STDOUT]
09:37:45,760 |-INFO in ch.qos.logback.core.joran.action.NestedComplexPropertyIA - Assuming default type [ch.qos.logback.classic.encoder.PatternLayoutEncoder] for [encoder] property
09:37:45,845 |-INFO in ch.qos.logback.core.joran.action.AppenderAction - About to instantiate appender of type [ch.qos.logback.core.rolling.RollingFileAppender]
09:37:45,852 |-INFO in ch.qos.logback.core.joran.action.AppenderAction - Naming appender as [FILE]
09:37:45,882 |-INFO in c.q.l.core.rolling.TimeBasedRollingPolicy@127618319 - No compression will be used
09:37:45,883 |-INFO in c.q.l.core.rolling.TimeBasedRollingPolicy@127618319 - Will use the pattern /tmp/application_%d{yyyy-MM-dd}.%i.log for the active file
09:37:45,886 |-INFO in ch.qos.logback.core.rolling.SizeAndTimeBasedFNATP@6b2fad11 - The date pattern is 'yyyy-MM-dd' from file name pattern '/tmp/application_%d{yyyy-MM-dd}.%i.log'.
09:37:45,886 |-INFO in ch.qos.logback.core.rolling.SizeAndTimeBasedFNATP@6b2fad11 - Roll-over at midnight.
09:37:45,891 |-INFO in ch.qos.logback.core.rolling.SizeAndTimeBasedFNATP@6b2fad11 - Setting initial period to Tue Jun 11 09:36:31 UTC 2019
09:37:45,891 |-WARN in ch.qos.logback.core.rolling.SizeAndTimeBasedFNATP@6b2fad11 - SizeAndTimeBasedFNATP is deprecated. Use SizeAndTimeBasedRollingPolicy instead
09:37:45,891 |-WARN in ch.qos.logback.core.rolling.SizeAndTimeBasedFNATP@6b2fad11 - For more information see http://logback.qos.ch/manual/appenders.html#SizeAndTimeBasedRollingPolicy
09:37:45,895 |-INFO in ch.qos.logback.core.joran.action.NestedComplexPropertyIA - Assuming default type [ch.qos.logback.classic.encoder.PatternLayoutEncoder] for [encoder] property
09:37:45,900 |-INFO in ch.qos.logback.core.rolling.RollingFileAppender[FILE] - Active log file name: /tmp/application.log
09:37:45,900 |-INFO in ch.qos.logback.core.rolling.RollingFileAppender[FILE] - File property is set to [/tmp/application.log]
09:37:45,900 |-INFO in ch.qos.logback.classic.joran.action.RootLoggerAction - Setting level of ROOT logger to WARN
09:37:45,900 |-INFO in ch.qos.logback.core.joran.action.AppenderRefAction - Attaching appender named [STDOUT] to Logger[ROOT]
09:37:45,902 |-INFO in ch.qos.logback.core.joran.action.AppenderRefAction - Attaching appender named [FILE] to Logger[ROOT]
09:37:45,902 |-INFO in ch.qos.logback.classic.joran.action.ConfigurationAction - End of configuration.
09:37:45,903 |-INFO in ch.qos.logback.classic.joran.JoranConfigurator@79698539 - Registering current configuration as safe fallback point

Ama winner
Ama winner
2019-06-11T09:37:47.177+0000: 1.728: [Full GC (Metadata GC Threshold) 2019-06-11T09:37:47.177+0000: 1.728: [Tenured: 0K->15209K(341376K), 0.0389663 secs] 114923K->15209K(494976K), [Metaspace: 20741K->20741K(1067008K)], 0.0390370 secs] [Times: user=0.03 sys=0.00, real=0.04 secs] 
09:38:09.120 [Curator-PathChildrenCache-3] WARN  o.a.c.u.ZKPaths  - The version of ZooKeeper being used doesn't support Container nodes. CreateMode.PERSISTENT will be used instead.
2019-06-11T09:38:11.564+0000: 26.115: [GC (Allocation Failure) 2019-06-11T09:38:11.564+0000: 26.115: [DefNew: 136576K->17023K(153600K), 0.0253972 secs] 151785K->52956K(494976K), 0.0254603 secs] [Times: user=0.02 sys=0.00, real=0.03 secs] 
2019-06-11T09:38:11.860+0000: 26.411: [Full GC (Metadata GC Threshold) 2019-06-11T09:38:11.860+0000: 26.411: [Tenured: 35932K->44495K(341376K), 0.0368347 secs] 63816K->44495K(494976K), [Metaspace: 34460K->34460K(1079296K)], 0.0369056 secs] [Times: user=0.04 sys=0.00, real=0.04 secs] 
2019-06-11T09:38:16.428+0000: 30.979: [GC (Allocation Failure) 2019-06-11T09:38:16.428+0000: 30.979: [DefNew: 136576K->1592K(153600K), 0.0054853 secs] 181071K->46087K(494976K), 0.0055538 secs] [Times: user=0.01 sys=0.00, real=0.00 secs] 
2019-06-11T09:38:18.497+0000: 33.048: [GC (Allocation Failure) 2019-06-11T09:38:18.497+0000: 33.048: [DefNew: 138168K->972K(153600K), 0.0050670 secs] 182663K->45468K(494976K), 0.0051434 secs] [Times: user=0.00 sys=0.00, real=0.00 secs] 
2019-06-11T09:38:21.247+0000: 35.798: [GC (Allocation Failure) 2019-06-11T09:38:21.247+0000: 35.798: [DefNew: 137548K->739K(153600K), 0.0032863 secs] 182044K->45234K(494976K), 0.0033432 secs] [Times: user=0.00 sys=0.00, real=0.00 secs] 
2019-06-11T09:38:25.809+0000: 40.361: [GC (Allocation Failure) 2019-06-11T09:38:25.809+0000: 40.361: [DefNew: 137315K->1181K(153600K), 0.0039183 secs] 181810K->45676K(494976K), 0.0039739 secs] [Times: user=0.01 sys=0.00, real=0.01 secs] 
2019-06-11T09:38:29.868+0000: 44.419: [GC (Allocation Failure) 2019-06-11T09:38:29.868+0000: 44.419: [DefNew: 137757K->1662K(153600K), 0.0047383 secs] 182252K->46158K(494976K), 0.0048053 secs] [Times: user=0.01 sys=0.00, real=0.00 secs] 
2019-06-11T09:38:34.185+0000: 48.737: [GC (Allocation Failure) 2019-06-11T09:38:34.185+0000: 48.737: [DefNew: 138238K->2002K(153600K), 0.0053267 secs] 182734K->46497K(494976K), 0.0054023 secs] [Times: user=0.01 sys=0.00, real=0.00 secs] 
2019-06-11T09:38:38.488+0000: 53.039: [GC (Allocation Failure) 2019-06-11T09:38:38.488+0000: 53.039: [DefNew: 138578K->2042K(153600K), 0.0055321 secs] 183073K->46537K(494976K), 0.0055905 secs] [Times: user=0.00 sys=0.00, real=0.01 secs] 
2019-06-11T09:38:41.969+0000: 56.520: [GC (Allocation Failure) 2019-06-11T09:38:41.969+0000: 56.520: [DefNew: 138618K->2114K(153600K), 0.0057679 secs] 183113K->46609K(494976K), 0.0058291 secs] [Times: user=0.01 sys=0.00, real=0.01 secs] 
2019-06-11T09:38:45.593+0000: 60.144: [GC (Allocation Failure) 2019-06-11T09:38:45.593+0000: 60.144: [DefNew: 138690K->2388K(153600K), 0.0057486 secs] 183185K->46883K(494976K), 0.0058081 secs] [Times: user=0.01 sys=0.00, real=0.01 secs] 
2019-06-11T09:38:50.046+0000: 64.598: [GC (Allocation Failure) 2019-06-11T09:38:50.047+0000: 64.598: [DefNew: 138964K->2353K(153600K), 0.0052656 secs] 183459K->46848K(494976K), 0.0053191 secs] [Times: user=0.01 sys=0.00, real=0.00 secs] 
2019-06-11T09:38:53.773+0000: 68.324: [GC (Allocation Failure) 2019-06-11T09:38:53.773+0000: 68.324: [DefNew: 138929K->2278K(153600K), 0.0054472 secs] 183424K->46773K(494976K), 0.0055041 secs] [Times: user=0.00 sys=0.00, real=0.01 secs] 
2019-06-11T09:38:57.498+0000: 72.049: [GC (Allocation Failure) 2019-06-11T09:38:57.498+0000: 72.049: [DefNew: 138854K->2492K(153600K), 0.0056487 secs] 183349K->46987K(494976K), 0.0057049 secs] [Times: user=0.00 sys=0.00, real=0.00 secs] 
2019-06-11T09:39:01.107+0000: 75.658: [GC (Allocation Failure) 2019-06-11T09:39:01.107+0000: 75.658: [DefNew: 139068K->2612K(153600K), 0.0057690 secs] 183563K->47107K(494976K), 0.0058272 secs] [Times: user=0.00 sys=0.00, real=0.00 secs] 
2019-06-11T09:39:05.061+0000: 79.612: [GC (Allocation Failure) 2019-06-11T09:39:05.061+0000: 79.612: [DefNew: 139188K->2481K(153600K), 0.0065652 secs] 183683K->46976K(494976K), 0.0066402 secs] [Times: user=0.01 sys=0.00, real=0.01 secs] 
2019-06-11T09:39:08.602+0000: 83.153: [GC (Allocation Failure) 2019-06-11T09:39:08.602+0000: 83.153: [DefNew: 139057K->2033K(153600K), 0.0050084 secs] 183552K->46528K(494976K), 0.0050662 secs] [Times: user=0.01 sys=0.00, real=0.01 secs] 
2019-06-11T09:39:12.078+0000: 86.629: [GC (Allocation Failure) 2019-06-11T09:39:12.078+0000: 86.629: [DefNew: 138609K->1441K(153600K), 0.0044470 secs] 183104K->46219K(494976K), 0.0045052 secs] [Times: user=0.01 sys=0.00, real=0.00 secs] 
2019-06-11T09:39:16.200+0000: 90.751: [GC (Allocation Failure) 2019-06-11T09:39:16.200+0000: 90.751: [DefNew: 138017K->1000K(153600K), 0.0038858 secs] 182795K->46070K(494976K), 0.0039441 secs] [Times: user=0.00 sys=0.00, real=0.00 secs] 
2019-06-11T09:39:18.999+0000: 93.551: [GC (Allocation Failure) 2019-06-11T09:39:18.999+0000: 93.551: [DefNew: 137576K->984K(153600K), 0.0033997 secs] 182646K->46091K(494976K), 0.0034636 secs] [Times: user=0.01 sys=0.00, real=0.00 secs] 
2019-06-11T09:39:22.956+0000: 97.507: [GC (Allocation Failure) 2019-06-11T09:39:22.956+0000: 97.507: [DefNew: 137560K->982K(153600K), 0.0035338 secs] 182667K->46121K(494976K), 0.0035864 secs] [Times: user=0.00 sys=0.00, real=0.00 secs] 
2019-06-11T09:39:27.261+0000: 101.812: [GC (Allocation Failure) 2019-06-11T09:39:27.261+0000: 101.812: [DefNew: 137558K->1109K(153600K), 0.0037114 secs] 182697K->46288K(494976K), 0.0037779 secs] [Times: user=0.00 sys=0.00, real=0.00 secs] 
2019-06-11T09:39:30.207+0000: 104.759: [GC (Allocation Failure) 2019-06-11T09:39:30.207+0000: 104.759: [DefNew: 137685K->1363K(153600K), 0.0043047 secs] 182864K->46573K(494976K), 0.0043606 secs] [Times: user=0.00 sys=0.00, real=0.00 secs] 
2019-06-11T09:39:34.650+0000: 109.201: [GC (Allocation Failure) 2019-06-11T09:39:34.650+0000: 109.202: [DefNew: 137939K->1468K(153600K), 0.0041051 secs] 183149K->46712K(494976K), 0.0041780 secs] [Times: user=0.00 sys=0.00, real=0.01 secs] 
2019-06-11T09:39:39.404+0000: 113.955: [GC (Allocation Failure) 2019-06-11T09:39:39.404+0000: 113.955: [DefNew: 138044K->1194K(153600K), 0.0038774 secs] 183288K->46465K(494976K), 0.0039372 secs] [Times: user=0.01 sys=0.00, real=0.01 secs] 
2019-06-11T09:39:43.026+0000: 117.578: [GC (Allocation Failure) 2019-06-11T09:39:43.027+0000: 117.578: [DefNew: 137770K->1215K(153600K), 0.0038134 secs] 183041K->46524K(494976K), 0.0038735 secs] [Times: user=0.01 sys=0.00, real=0.00 secs] 
2019-06-11T09:39:47.040+0000: 121.592: [GC (Allocation Failure) 2019-06-11T09:39:47.040+0000: 121.592: [DefNew: 137791K->1122K(153600K), 0.0039976 secs] 183100K->46543K(494976K), 0.0040591 secs] [Times: user=0.00 sys=0.00, real=0.00 secs] 
2019-06-11T09:39:50.354+0000: 124.906: [GC (Allocation Failure) 2019-06-11T09:39:50.355+0000: 124.906: [DefNew: 137698K->1289K(153600K), 0.0039248 secs] 183119K->46795K(494976K), 0.0051911 secs] [Times: user=0.00 sys=0.00, real=0.00 secs] 
2019-06-11T09:39:55.456+0000: 130.007: [GC (Allocation Failure) 2019-06-11T09:39:55.456+0000: 130.007: [DefNew: 137865K->905K(153600K), 0.0034731 secs] 183371K->46447K(494976K), 0.0035426 secs] [Times: user=0.00 sys=0.00, real=0.00 secs] 
2019-06-11T09:39:58.849+0000: 133.400: [GC (Allocation Failure) 2019-06-11T09:39:58.849+0000: 133.400: [DefNew: 137481K->1091K(153600K), 0.0038613 secs] 183023K->46706K(494976K), 0.0039209 secs] [Times: user=0.01 sys=0.00, real=0.00 secs] 
2019-06-11T09:40:02.403+0000: 136.955: [GC (Allocation Failure) 2019-06-11T09:40:02.403+0000: 136.955: [DefNew: 137667K->1419K(153600K), 0.0038343 secs] 183282K->47061K(494976K), 0.0038948 secs] [Times: user=0.00 sys=0.00, real=0.01 secs] 
2019-06-11T09:40:06.019+0000: 140.571: [GC (Allocation Failure) 2019-06-11T09:40:06.019+0000: 140.571: [DefNew: 137995K->1180K(153600K), 0.0038584 secs] 183637K->46841K(494976K), 0.0039206 secs] [Times: user=0.00 sys=0.00, real=0.00 secs] 
2019-06-11T09:40:09.808+0000: 144.359: [GC (Allocation Failure) 2019-06-11T09:40:09.808+0000: 144.359: [DefNew: 137756K->1454K(153600K), 0.0041046 secs] 183417K->47142K(494976K), 0.0041746 secs] [Times: user=0.00 sys=0.00, real=0.00 secs] 
2019-06-11T09:40:14.800+0000: 149.351: [GC (Allocation Failure) 2019-06-11T09:40:14.800+0000: 149.351: [DefNew: 138030K->1315K(153600K), 0.0040920 secs] 183718K->47030K(494976K), 0.0041529 secs] [Times: user=0.00 sys=0.00, real=0.00 secs] 
2019-06-11T09:40:19.046+0000: 153.597: [GC (Allocation Failure) 2019-06-11T09:40:19.046+0000: 153.597: [DefNew: 137891K->1349K(153600K), 0.0039805 secs] 183606K->47083K(494976K), 0.0040365 secs] [Times: user=0.01 sys=0.00, real=0.00 secs] 
2019-06-11T09:40:23.307+0000: 157.858: [GC (Allocation Failure) 2019-06-11T09:40:23.307+0000: 157.858: [DefNew: 137925K->1323K(153600K), 0.0041298 secs] 183659K->47081K(494976K), 0.0041833 secs] [Times: user=0.01 sys=0.00, real=0.00 secs] 
2019-06-11T09:40:26.436+0000: 160.987: [GC (Allocation Failure) 2019-06-11T09:40:26.436+0000: 160.987: [DefNew: 137899K->1249K(153600K), 0.0042314 secs] 183657K->47037K(494976K), 0.0043032 secs] [Times: user=0.00 sys=0.00, real=0.00 secs] 
2019-06-11T09:40:31.691+0000: 166.242: [GC (Allocation Failure) 2019-06-11T09:40:31.691+0000: 166.242: [DefNew: 137825K->1284K(153600K), 0.0039698 secs] 183613K->47096K(494976K), 0.0040305 secs] [Times: user=0.01 sys=0.00, real=0.01 secs] 
2019-06-11T09:40:35.584+0000: 170.136: [GC (Allocation Failure) 2019-06-11T09:40:35.584+0000: 170.136: [DefNew: 137860K->1300K(153600K), 0.0040447 secs] 183672K->47132K(494976K), 0.0041142 secs] [Times: user=0.00 sys=0.00, real=0.01 secs] 
2019-06-11T09:40:39.988+0000: 174.539: [GC (Allocation Failure) 2019-06-11T09:40:39.988+0000: 174.539: [DefNew: 137876K->1540K(153600K), 0.0042233 secs] 183708K->47399K(494976K), 0.0042960 secs] [Times: user=0.00 sys=0.00, real=0.00 secs] 
2019-06-11T09:40:43.368+0000: 177.919: [GC (Allocation Failure) 2019-06-11T09:40:43.368+0000: 177.919: [DefNew: 138116K->1400K(153600K), 0.0043197 secs] 183975K->47278K(494976K), 0.0043834 secs] [Times: user=0.01 sys=0.00, real=0.00 secs] 
2019-06-11T09:40:47.015+0000: 181.566: [GC (Allocation Failure) 2019-06-11T09:40:47.015+0000: 181.566: [DefNew: 137976K->1448K(153600K), 0.0041298 secs] 183854K->47349K(494976K), 0.0041894 secs] [Times: user=0.00 sys=0.00, real=0.00 secs] 
2019-06-11T09:40:51.314+0000: 185.865: [GC (Allocation Failure) 2019-06-11T09:40:51.314+0000: 185.865: [DefNew: 138024K->1344K(153600K), 0.0042779 secs] 183925K->47289K(494976K), 0.0043321 secs] [Times: user=0.00 sys=0.00, real=0.00 secs] 
2019-06-11T09:40:56.812+0000: 191.363: [GC (Allocation Failure) 2019-06-11T09:40:56.812+0000: 191.363: [DefNew: 137920K->1271K(153600K), 0.0038193 secs] 183865K->47235K(494976K), 0.0038770 secs] [Times: user=0.00 sys=0.00, real=0.01 secs] 
2019-06-11T09:41:01.101+0000: 195.652: [GC (Allocation Failure) 2019-06-11T09:41:01.101+0000: 195.652: [DefNew: 137847K->1542K(153600K), 0.0044514 secs] 183811K->47535K(494976K), 0.0045240 secs] [Times: user=0.00 sys=0.01, real=0.01 secs] 
2019-06-11T09:41:03.832+0000: 198.384: [GC (Allocation Failure) 2019-06-11T09:41:03.832+0000: 198.384: [DefNew: 138118K->1212K(153600K), 0.0038675 secs] 184111K->47228K(494976K), 0.0039322 secs] [Times: user=0.00 sys=0.00, real=0.01 secs] 
2019-06-11T09:41:07.682+0000: 202.233: [GC (Allocation Failure) 2019-06-11T09:41:07.682+0000: 202.233: [DefNew: 137788K->1780K(153600K), 0.0046447 secs] 183804K->47820K(494976K), 0.0047065 secs] [Times: user=0.00 sys=0.00, real=0.01 secs] 
2019-06-11T09:41:11.944+0000: 206.495: [GC (Allocation Failure) 2019-06-11T09:41:11.944+0000: 206.495: [DefNew: 138356K->1808K(153600K), 0.0045785 secs] 184396K->47871K(494976K), 0.0046378 secs] [Times: user=0.00 sys=0.00, real=0.01 secs] 
2019-06-11T09:41:17.991+0000: 212.542: [GC (Allocation Failure) 2019-06-11T09:41:17.991+0000: 212.542: [DefNew: 138384K->1484K(153600K), 0.0041844 secs] 184447K->47571K(494976K), 0.0042432 secs] [Times: user=0.00 sys=0.00, real=0.01 secs] 
2019-06-11T09:41:22.568+0000: 217.120: [GC (Allocation Failure) 2019-06-11T09:41:22.569+0000: 217.120: [DefNew: 138060K->1644K(153600K), 0.0044739 secs] 184147K->47751K(494976K), 0.0045378 secs] [Times: user=0.00 sys=0.00, real=0.00 secs] 
2019-06-11T09:41:26.482+0000: 221.033: [GC (Allocation Failure) 2019-06-11T09:41:26.482+0000: 221.033: [DefNew: 138220K->1516K(153600K), 0.0042841 secs] 184327K->47645K(494976K), 0.0043391 secs] [Times: user=0.01 sys=0.00, real=0.01 secs] 
2019-06-11T09:41:30.634+0000: 225.185: [GC (Allocation Failure) 2019-06-11T09:41:30.634+0000: 225.185: [DefNew: 138092K->1546K(153600K), 0.0043445 secs] 184221K->47695K(494976K), 0.0043997 secs] [Times: user=0.00 sys=0.00, real=0.00 secs] 
2019-06-11T09:41:33.974+0000: 228.525: [GC (Allocation Failure) 2019-06-11T09:41:33.974+0000: 228.525: [DefNew: 138122K->1483K(153600K), 0.0041450 secs] 184271K->47658K(494976K), 0.0042017 secs] [Times: user=0.00 sys=0.00, real=0.00 secs] 
2019-06-11T09:41:38.411+0000: 232.962: [GC (Allocation Failure) 2019-06-11T09:41:38.411+0000: 232.962: [DefNew: 138059K->1542K(153600K), 0.0044738 secs] 184234K->47736K(494976K), 0.0045321 secs] [Times: user=0.01 sys=0.00, real=0.01 secs] 
2019-06-11T09:41:43.378+0000: 237.929: [GC (Allocation Failure) 2019-06-11T09:41:43.378+0000: 237.929: [DefNew: 138118K->1570K(153600K), 0.0042381 secs] 184312K->47790K(494976K), 0.0042957 secs] [Times: user=0.01 sys=0.00, real=0.00 secs] 
2019-06-11T09:41:47.632+0000: 242.183: [GC (Allocation Failure) 2019-06-11T09:41:47.632+0000: 242.183: [DefNew: 138146K->1890K(153600K), 0.0047054 secs] 184366K->48127K(494976K), 0.0047637 secs] [Times: user=0.01 sys=0.00, real=0.01 secs] 
2019-06-11T09:41:52.436+0000: 246.987: [GC (Allocation Failure) 2019-06-11T09:41:52.436+0000: 246.987: [DefNew: 138466K->1629K(153600K), 0.0044328 secs] 184703K->47890K(494976K), 0.0044950 secs] [Times: user=0.01 sys=0.00, real=0.00 secs] 
2019-06-11T09:41:56.980+0000: 251.531: [GC (Allocation Failure) 2019-06-11T09:41:56.980+0000: 251.531: [DefNew: 138205K->1533K(153600K), 0.0041401 secs] 184466K->47821K(494976K), 0.0042133 secs] [Times: user=0.01 sys=0.00, real=0.00 secs] 
2019-06-11T09:42:00.692+0000: 255.243: [GC (Allocation Failure) 2019-06-11T09:42:00.692+0000: 255.243: [DefNew: 138109K->1650K(153600K), 0.0044708 secs] 184397K->47960K(494976K), 0.0045317 secs] [Times: user=0.01 sys=0.00, real=0.01 secs] 
2019-06-11T09:42:05.194+0000: 259.746: [GC (Allocation Failure) 2019-06-11T09:42:05.194+0000: 259.746: [DefNew: 138226K->1945K(153600K), 0.0046127 secs] 184536K->48283K(494976K), 0.0046729 secs] [Times: user=0.00 sys=0.00, real=0.00 secs] 
2019-06-11T09:42:09.222+0000: 263.773: [GC (Allocation Failure) 2019-06-11T09:42:09.222+0000: 263.773: [DefNew: 138521K->1726K(153600K), 0.0044668 secs] 184859K->48083K(494976K), 0.0045407 secs] [Times: user=0.00 sys=0.00, real=0.01 secs] 
2019-06-11T09:42:12.932+0000: 267.483: [GC (Allocation Failure) 2019-06-11T09:42:12.932+0000: 267.483: [DefNew: 138302K->1822K(153600K), 0.0042864 secs] 184659K->48202K(494976K), 0.0043438 secs] [Times: user=0.00 sys=0.00, real=0.01 secs] 
2019-06-11T09:42:18.648+0000: 273.199: [GC (Allocation Failure) 2019-06-11T09:42:18.648+0000: 273.199: [DefNew: 138398K->1552K(153600K), 0.0042585 secs] 184778K->47953K(494976K), 0.0043156 secs] [Times: user=0.01 sys=0.00, real=0.00 secs] 
2019-06-11T09:42:23.171+0000: 277.722: [GC (Allocation Failure) 2019-06-11T09:42:23.171+0000: 277.723: [DefNew: 138128K->820K(153600K), 0.0030607 secs] 184529K->47245K(494976K), 0.0031405 secs] [Times: user=0.00 sys=0.00, real=0.01 secs] 
2019-06-11T09:42:27.131+0000: 281.683: [GC (Allocation Failure) 2019-06-11T09:42:27.131+0000: 281.683: [DefNew: 137396K->386K(153600K), 0.0023890 secs] 183821K->46827K(494976K), 0.0024469 secs] [Times: user=0.01 sys=0.00, real=0.01 secs] 
09:42:37.558 [Curator-PathChildrenCache-0] ERROR o.a.c.f.r.c.PathChildrenCache  - 
java.lang.IllegalStateException: instance must be started before calling this method
	at org.apache.curator.shaded.com.google.common.base.Preconditions.checkState(Preconditions.java:444)
	at org.apache.curator.framework.imps.CuratorFrameworkImpl.getChildren(CuratorFrameworkImpl.java:456)
	at org.apache.curator.framework.recipes.cache.PathChildrenCache.refresh(PathChildrenCache.java:521)
	at org.apache.curator.framework.recipes.cache.RefreshOperation.invoke(RefreshOperation.java:35)
	at org.apache.curator.framework.recipes.cache.PathChildrenCache$9.run(PathChildrenCache.java:786)
	at java.util.concurrent.Executors$RunnableAdapter.call(Executors.java:511)
	at java.util.concurrent.FutureTask.run(FutureTask.java:266)
	at java.util.concurrent.Executors$RunnableAdapter.call(Executors.java:511)
	at java.util.concurrent.FutureTask.run(FutureTask.java:266)
	at java.util.concurrent.ThreadPoolExecutor.runWorker(ThreadPoolExecutor.java:1149)
	at java.util.concurrent.ThreadPoolExecutor$Worker.run(ThreadPoolExecutor.java:624)
	at java.lang.Thread.run(Thread.java:748)
Heap
 def new generation   total 153600K, used 41666K [0x00000000e0c00000, 0x00000000eb2a0000, 0x00000000eb2a0000)
  eden space 136576K,  30% used [0x00000000e0c00000, 0x00000000e344ff80, 0x00000000e9160000)
  from space 17024K,   2% used [0x00000000e9160000, 0x00000000e91c0b10, 0x00000000ea200000)
  to   space 17024K,   0% used [0x00000000ea200000, 0x00000000ea200000, 0x00000000eb2a0000)
 tenured generation   total 341376K, used 46440K [0x00000000eb2a0000, 0x0000000100000000, 0x0000000100000000)
   the space 341376K,  13% used [0x00000000eb2a0000, 0x00000000edffa138, 0x00000000edffa200, 0x0000000100000000)
 Metaspace       used 36536K, capacity 37510K, committed 37760K, reserved 1081344K
  class space    used 4910K, capacity 5125K, committed 5248K, reserved 1048576K
