01:23:42,279 |-INFO in ch.qos.logback.classic.LoggerContext[default] - Could NOT find resource [logback-test.xml]
01:23:42,279 |-INFO in ch.qos.logback.classic.LoggerContext[default] - Could NOT find resource [logback.groovy]
01:23:42,279 |-INFO in ch.qos.logback.classic.LoggerContext[default] - Found resource [logback.xml] at [jar:file:/home/nikitasokolov/flamestream/lib/flamestream-runtime-1.0-SNAPSHOT.jar!/logback.xml]
01:23:42,280 |-WARN in ch.qos.logback.classic.LoggerContext[default] - Resource [logback.xml] occurs multiple times on the classpath.
01:23:42,280 |-WARN in ch.qos.logback.classic.LoggerContext[default] - Resource [logback.xml] occurs at [jar:file:/home/nikitasokolov/flamestream/lib/flamestream-runtime-1.0-SNAPSHOT.jar!/logback.xml]
01:23:42,280 |-WARN in ch.qos.logback.classic.LoggerContext[default] - Resource [logback.xml] occurs at [jar:file:/home/nikitasokolov/flamestream/flamestream-runtime-1.0-SNAPSHOT.jar!/logback.xml]
01:23:42,296 |-INFO in ch.qos.logback.core.joran.spi.ConfigurationWatchList@6bf256fa - URL [jar:file:/home/nikitasokolov/flamestream/lib/flamestream-runtime-1.0-SNAPSHOT.jar!/logback.xml] is not of type file
01:23:42,350 |-INFO in ch.qos.logback.classic.joran.action.ConfigurationAction - debug attribute not set
01:23:42,350 |-INFO in ch.qos.logback.core.joran.action.AppenderAction - About to instantiate appender of type [ch.qos.logback.core.ConsoleAppender]
01:23:42,358 |-INFO in ch.qos.logback.core.joran.action.AppenderAction - Naming appender as [STDOUT]
01:23:42,365 |-INFO in ch.qos.logback.core.joran.action.NestedComplexPropertyIA - Assuming default type [ch.qos.logback.classic.encoder.PatternLayoutEncoder] for [encoder] property
01:23:42,433 |-INFO in ch.qos.logback.core.joran.action.AppenderAction - About to instantiate appender of type [ch.qos.logback.core.rolling.RollingFileAppender]
01:23:42,439 |-INFO in ch.qos.logback.core.joran.action.AppenderAction - Naming appender as [FILE]
01:23:42,462 |-INFO in c.q.l.core.rolling.TimeBasedRollingPolicy@114132791 - No compression will be used
01:23:42,464 |-INFO in c.q.l.core.rolling.TimeBasedRollingPolicy@114132791 - Will use the pattern /tmp/application_%d{yyyy-MM-dd}.%i.log for the active file
01:23:42,467 |-INFO in ch.qos.logback.core.rolling.SizeAndTimeBasedFNATP@22f71333 - The date pattern is 'yyyy-MM-dd' from file name pattern '/tmp/application_%d{yyyy-MM-dd}.%i.log'.
01:23:42,467 |-INFO in ch.qos.logback.core.rolling.SizeAndTimeBasedFNATP@22f71333 - Roll-over at midnight.
01:23:42,471 |-INFO in ch.qos.logback.core.rolling.SizeAndTimeBasedFNATP@22f71333 - Setting initial period to Thu Jun 06 22:00:24 MSK 2019
01:23:42,471 |-WARN in ch.qos.logback.core.rolling.SizeAndTimeBasedFNATP@22f71333 - SizeAndTimeBasedFNATP is deprecated. Use SizeAndTimeBasedRollingPolicy instead
01:23:42,471 |-WARN in ch.qos.logback.core.rolling.SizeAndTimeBasedFNATP@22f71333 - For more information see http://logback.qos.ch/manual/appenders.html#SizeAndTimeBasedRollingPolicy
01:23:42,475 |-INFO in ch.qos.logback.core.joran.action.NestedComplexPropertyIA - Assuming default type [ch.qos.logback.classic.encoder.PatternLayoutEncoder] for [encoder] property
01:23:42,477 |-INFO in ch.qos.logback.core.rolling.RollingFileAppender[FILE] - Active log file name: /tmp/application.log
01:23:42,477 |-INFO in ch.qos.logback.core.rolling.RollingFileAppender[FILE] - File property is set to [/tmp/application.log]
01:23:42,478 |-ERROR in ch.qos.logback.core.rolling.RollingFileAppender[FILE] - openFile(/tmp/application.log,true) call failed. java.io.FileNotFoundException: /tmp/application.log (Permission denied)
	at java.io.FileNotFoundException: /tmp/application.log (Permission denied)
	at 	at java.io.FileOutputStream.open0(Native Method)
	at 	at java.io.FileOutputStream.open(FileOutputStream.java:270)
	at 	at java.io.FileOutputStream.<init>(FileOutputStream.java:213)
	at 	at ch.qos.logback.core.recovery.ResilientFileOutputStream.<init>(ResilientFileOutputStream.java:26)
	at 	at ch.qos.logback.core.FileAppender.openFile(FileAppender.java:204)
	at 	at ch.qos.logback.core.FileAppender.start(FileAppender.java:127)
	at 	at ch.qos.logback.core.rolling.RollingFileAppender.start(RollingFileAppender.java:100)
	at 	at ch.qos.logback.core.joran.action.AppenderAction.end(AppenderAction.java:90)
	at 	at ch.qos.logback.core.joran.spi.Interpreter.callEndAction(Interpreter.java:309)
	at 	at ch.qos.logback.core.joran.spi.Interpreter.endElement(Interpreter.java:193)
	at 	at ch.qos.logback.core.joran.spi.Interpreter.endElement(Interpreter.java:179)
	at 	at ch.qos.logback.core.joran.spi.EventPlayer.play(EventPlayer.java:62)
	at 	at ch.qos.logback.core.joran.GenericConfigurator.doConfigure(GenericConfigurator.java:165)
	at 	at ch.qos.logback.core.joran.GenericConfigurator.doConfigure(GenericConfigurator.java:152)
	at 	at ch.qos.logback.core.joran.GenericConfigurator.doConfigure(GenericConfigurator.java:110)
	at 	at ch.qos.logback.core.joran.GenericConfigurator.doConfigure(GenericConfigurator.java:53)
	at 	at ch.qos.logback.classic.util.ContextInitializer.configureByResource(ContextInitializer.java:75)
	at 	at ch.qos.logback.classic.util.ContextInitializer.autoConfig(ContextInitializer.java:150)
	at 	at org.slf4j.impl.StaticLoggerBinder.init(StaticLoggerBinder.java:84)
	at 	at org.slf4j.impl.StaticLoggerBinder.<clinit>(StaticLoggerBinder.java:55)
	at 	at org.slf4j.LoggerFactory.bind(LoggerFactory.java:150)
	at 	at org.slf4j.LoggerFactory.performInitialization(LoggerFactory.java:124)
	at 	at org.slf4j.LoggerFactory.getILoggerFactory(LoggerFactory.java:412)
	at 	at org.slf4j.LoggerFactory.getLogger(LoggerFactory.java:357)
	at 	at org.slf4j.LoggerFactory.getLogger(LoggerFactory.java:383)
	at 	at com.spbsu.flamestream.runtime.WorkerApplication.<init>(WorkerApplication.java:26)
	at 	at com.spbsu.flamestream.runtime.WorkerApplication.main(WorkerApplication.java:68)
01:23:42,479 |-INFO in ch.qos.logback.classic.joran.action.RootLoggerAction - Setting level of ROOT logger to WARN
01:23:42,479 |-INFO in ch.qos.logback.core.joran.action.AppenderRefAction - Attaching appender named [STDOUT] to Logger[ROOT]
01:23:42,479 |-INFO in ch.qos.logback.core.joran.action.AppenderRefAction - Attaching appender named [FILE] to Logger[ROOT]
01:23:42,479 |-INFO in ch.qos.logback.classic.joran.action.ConfigurationAction - End of configuration.
01:23:42,480 |-INFO in ch.qos.logback.classic.joran.JoranConfigurator@3498ed - Registering current configuration as safe fallback point

2019-06-09T01:23:43.488+0300: 1.405: [GC (Metadata GC Threshold) [PSYoungGen: 97917K->15936K(149504K)] 97917K->16016K(491008K), 0.0223394 secs] [Times: user=0.12 sys=0.02, real=0.02 secs] 
2019-06-09T01:23:43.510+0300: 1.428: [Full GC (Metadata GC Threshold) [PSYoungGen: 15936K->0K(149504K)] [ParOldGen: 80K->15081K(341504K)] 16016K->15081K(491008K), [Metaspace: 20804K->20804K(1067008K)], 0.0247772 secs] [Times: user=0.16 sys=0.01, real=0.03 secs] 
01:23:51.800 [Curator-PathChildrenCache-2] WARN  o.a.c.u.ZKPaths  - The version of ZooKeeper being used doesn't support Container nodes. CreateMode.PERSISTENT will be used instead.
2019-06-09T01:23:52.465+0300: 10.383: [GC (Allocation Failure) [PSYoungGen: 128512K->20971K(149504K)] 143593K->51029K(491008K), 0.0220589 secs] [Times: user=0.21 sys=0.01, real=0.02 secs] 
2019-06-09T01:23:52.527+0300: 10.444: [GC (Metadata GC Threshold) [PSYoungGen: 32630K->20987K(149504K)] 62688K->51197K(491008K), 0.0098378 secs] [Times: user=0.10 sys=0.00, real=0.01 secs] 
2019-06-09T01:23:52.537+0300: 10.454: [Full GC (Metadata GC Threshold) [PSYoungGen: 20987K->0K(149504K)] [ParOldGen: 30209K->36011K(341504K)] 51197K->36011K(491008K), [Metaspace: 34474K->34472K(1079296K)], 0.0326208 secs] [Times: user=0.15 sys=0.01, real=0.03 secs] 
2019-06-09T01:23:55.176+0300: 13.093: [GC (Allocation Failure) [PSYoungGen: 128512K->672K(149504K)] 164523K->36683K(491008K), 0.0038856 secs] [Times: user=0.02 sys=0.00, real=0.00 secs] 
2019-06-09T01:23:57.926+0300: 15.843: [GC (Allocation Failure) [PSYoungGen: 129184K->704K(129536K)] 165195K->36723K(471040K), 0.0025505 secs] [Times: user=0.01 sys=0.00, real=0.00 secs] 
2019-06-09T01:24:00.104+0300: 18.021: [GC (Allocation Failure) [PSYoungGen: 129216K->800K(128512K)] 165235K->36827K(470016K), 0.0032377 secs] [Times: user=0.01 sys=0.00, real=0.00 secs] 
2019-06-09T01:24:01.940+0300: 19.857: [GC (Allocation Failure) [PSYoungGen: 88352K->832K(129024K)] 124379K->36867K(470528K), 0.0029070 secs] [Times: user=0.01 sys=0.00, real=0.01 secs] 
2019-06-09T01:24:03.723+0300: 21.667: [GC (Allocation Failure) [PSYoungGen: 88384K->672K(132096K)] 124419K->37140K(473600K), 0.0293199 secs] [Times: user=0.02 sys=0.01, real=0.02 secs] 
2019-06-09T01:24:05.582+0300: 23.499: [GC (Allocation Failure) [PSYoungGen: 92832K->416K(130560K)] 129300K->36996K(472064K), 0.0028306 secs] [Times: user=0.02 sys=0.01, real=0.01 secs] 
2019-06-09T01:24:07.225+0300: 25.142: [GC (Allocation Failure) [PSYoungGen: 92576K->288K(134656K)] 129156K->37076K(476160K), 0.0026446 secs] [Times: user=0.02 sys=0.00, real=0.00 secs] 
2019-06-09T01:24:08.814+0300: 26.732: [GC (Allocation Failure) [PSYoungGen: 97568K->256K(133120K)] 134356K->37100K(474624K), 0.0686789 secs] [Times: user=0.01 sys=0.00, real=0.07 secs] 
2019-06-09T01:24:10.638+0300: 28.555: [GC (Allocation Failure) [PSYoungGen: 97536K->352K(137728K)] 134380K->37196K(479232K), 0.0041121 secs] [Times: user=0.03 sys=0.00, real=0.01 secs] 
2019-06-09T01:24:12.155+0300: 30.073: [GC (Allocation Failure) [PSYoungGen: 103776K->416K(136192K)] 140620K->37260K(477696K), 0.0025286 secs] [Times: user=0.02 sys=0.00, real=0.00 secs] 
2019-06-09T01:24:14.011+0300: 31.929: [GC (Allocation Failure) [PSYoungGen: 103840K->288K(140800K)] 140684K->37132K(482304K), 0.0711753 secs] [Times: user=0.01 sys=0.01, real=0.08 secs] 
2019-06-09T01:24:15.867+0300: 33.785: [GC (Allocation Failure) [PSYoungGen: 109856K->384K(139264K)] 146700K->37228K(480768K), 0.0028359 secs] [Times: user=0.01 sys=0.00, real=0.00 secs] 
2019-06-09T01:24:17.602+0300: 35.520: [GC (Allocation Failure) [PSYoungGen: 109952K->384K(143872K)] 146796K->37236K(485376K), 0.0030543 secs] [Times: user=0.01 sys=0.00, real=0.00 secs] 
2019-06-09T01:24:19.552+0300: 37.470: [GC (Allocation Failure) [PSYoungGen: 116096K->448K(142336K)] 152948K->37300K(483840K), 0.0748919 secs] [Times: user=0.01 sys=0.00, real=0.08 secs] 
2019-06-09T01:24:21.186+0300: 39.103: [GC (Allocation Failure) [PSYoungGen: 116160K->416K(146944K)] 153012K->37268K(488448K), 0.0088150 secs] [Times: user=0.08 sys=0.01, real=0.01 secs] 
2019-06-09T01:24:23.412+0300: 41.329: [GC (Allocation Failure) [PSYoungGen: 122272K->416K(145408K)] 159124K->37268K(486912K), 0.0032337 secs] [Times: user=0.02 sys=0.00, real=0.01 secs] 
2019-06-09T01:24:25.195+0300: 43.122: [GC (Allocation Failure) [PSYoungGen: 122272K->416K(150016K)] 159124K->37268K(491520K), 0.0167976 secs] [Times: user=0.06 sys=0.00, real=0.01 secs] 
2019-06-09T01:24:27.383+0300: 45.300: [GC (Allocation Failure) [PSYoungGen: 128416K->448K(148480K)] 165268K->37300K(489984K), 0.0032331 secs] [Times: user=0.01 sys=0.01, real=0.00 secs] 
2019-06-09T01:24:29.436+0300: 47.354: [GC (Allocation Failure) [PSYoungGen: 128448K->320K(152576K)] 165300K->37180K(494080K), 0.0025443 secs] [Times: user=0.01 sys=0.00, real=0.00 secs] 
2019-06-09T01:24:32.243+0300: 50.160: [GC (Allocation Failure) [PSYoungGen: 133440K->320K(151040K)] 170300K->37180K(492544K), 0.0037696 secs] [Times: user=0.01 sys=0.00, real=0.00 secs] 
01:24:40.954 [Curator-PathChildrenCache-0] ERROR o.a.c.f.r.c.PathChildrenCache  - 
java.lang.IllegalStateException: instance must be started before calling this method
	at org.apache.curator.shaded.com.google.common.base.Preconditions.checkState(Preconditions.java:444)
	at org.apache.curator.framework.imps.CuratorFrameworkImpl.getChildren(CuratorFrameworkImpl.java:456)
	at org.apache.curator.framework.recipes.cache.PathChildrenCache.refresh(PathChildrenCache.java:521)
	at org.apache.curator.framework.recipes.cache.RefreshOperation.invoke(RefreshOperation.java:35)
	at org.apache.curator.framework.recipes.cache.PathChildrenCache$9.run(PathChildrenCache.java:786)
	at java.util.concurrent.Executors$RunnableAdapter.call(Executors.java:511)
	at java.util.concurrent.FutureTask.run(FutureTask.java:266)
	at java.util.concurrent.Executors$RunnableAdapter.call(Executors.java:511)
	at java.util.concurrent.FutureTask.run(FutureTask.java:266)
	at java.util.concurrent.ThreadPoolExecutor.runWorker(ThreadPoolExecutor.java:1149)
	at java.util.concurrent.ThreadPoolExecutor$Worker.run(ThreadPoolExecutor.java:624)
	at java.lang.Thread.run(Thread.java:748)
01:24:41.045 [worker-akka.actor.default-dispatcher-10] ERROR c.s.f.r.WorkerApplication  - Something went wrong during trace flush
java.nio.file.AccessDeniedException: /tmp/trace.csv
	at sun.nio.fs.UnixException.translateToIOException(UnixException.java:84)
	at sun.nio.fs.UnixException.rethrowAsIOException(UnixException.java:102)
	at sun.nio.fs.UnixException.rethrowAsIOException(UnixException.java:107)
	at sun.nio.fs.UnixFileSystemProvider.newByteChannel(UnixFileSystemProvider.java:214)
	at java.nio.file.spi.FileSystemProvider.newOutputStream(FileSystemProvider.java:434)
	at java.nio.file.Files.newOutputStream(Files.java:216)
	at java.nio.file.Files.newBufferedWriter(Files.java:2860)
	at java.nio.file.Files.newBufferedWriter(Files.java:2896)
	at com.spbsu.flamestream.runtime.utils.tracing.Tracing.flush(Tracing.java:35)
	at com.spbsu.flamestream.runtime.WorkerApplication.lambda$run$0(WorkerApplication.java:109)
	at akka.actor.ActorSystemImpl$TerminationCallbacks$$anonfun$addRec$1$1.applyOrElse(ActorSystem.scala:1036)
	at akka.actor.ActorSystemImpl$TerminationCallbacks$$anonfun$addRec$1$1.applyOrElse(ActorSystem.scala:1036)
	at scala.concurrent.Future$$anonfun$andThen$1.apply(Future.scala:436)
	at scala.concurrent.Future$$anonfun$andThen$1.apply(Future.scala:435)
	at scala.concurrent.impl.CallbackRunnable.run(Promise.scala:36)
	at akka.dispatch.BatchingExecutor$AbstractBatch.processBatch(BatchingExecutor.scala:55)
	at akka.dispatch.BatchingExecutor$BlockableBatch$$anonfun$run$1.apply$mcV$sp(BatchingExecutor.scala:91)
	at akka.dispatch.BatchingExecutor$BlockableBatch$$anonfun$run$1.apply(BatchingExecutor.scala:91)
	at akka.dispatch.BatchingExecutor$BlockableBatch$$anonfun$run$1.apply(BatchingExecutor.scala:91)
	at scala.concurrent.BlockContext$.withBlockContext(BlockContext.scala:72)
	at akka.dispatch.BatchingExecutor$BlockableBatch.run(BatchingExecutor.scala:90)
	at akka.dispatch.TaskInvocation.run(AbstractDispatcher.scala:40)
	at akka.dispatch.ForkJoinExecutorConfigurator$AkkaForkJoinTask.exec(ForkJoinExecutorConfigurator.scala:44)
	at akka.dispatch.forkjoin.ForkJoinTask.doExec(ForkJoinTask.java:260)
	at akka.dispatch.forkjoin.ForkJoinPool$WorkQueue.runTask(ForkJoinPool.java:1339)
	at akka.dispatch.forkjoin.ForkJoinPool.runWorker(ForkJoinPool.java:1979)
	at akka.dispatch.forkjoin.ForkJoinWorkerThread.run(ForkJoinWorkerThread.java:107)
Heap
 PSYoungGen      total 151040K, used 16003K [0x00000000f5980000, 0x0000000100000000, 0x0000000100000000)
  eden space 133120K, 11% used [0x00000000f5980000,0x00000000f68d0fa8,0x00000000fdb80000)
  from space 17920K, 1% used [0x00000000fdb80000,0x00000000fdbd0020,0x00000000fed00000)
  to   space 16896K, 0% used [0x00000000fef80000,0x00000000fef80000,0x0000000100000000)
 ParOldGen       total 341504K, used 36860K [0x00000000e0c00000, 0x00000000f5980000, 0x00000000f5980000)
  object space 341504K, 10% used [0x00000000e0c00000,0x00000000e2fff010,0x00000000f5980000)
 Metaspace       used 36177K, capacity 37123K, committed 37208K, reserved 1081344K
  class space    used 4989K, capacity 5196K, committed 5248K, reserved 1048576K
