08:25:39,265 |-INFO in ch.qos.logback.classic.LoggerContext[default] - Could NOT find resource [logback-test.xml]
08:25:39,265 |-INFO in ch.qos.logback.classic.LoggerContext[default] - Could NOT find resource [logback.groovy]
08:25:39,265 |-INFO in ch.qos.logback.classic.LoggerContext[default] - Found resource [logback.xml] at [jar:file:/home/nikitasokolov/flamestream/lib/flamestream-runtime-1.0-SNAPSHOT.jar!/logback.xml]
08:25:39,265 |-WARN in ch.qos.logback.classic.LoggerContext[default] - Resource [logback.xml] occurs multiple times on the classpath.
08:25:39,266 |-WARN in ch.qos.logback.classic.LoggerContext[default] - Resource [logback.xml] occurs at [jar:file:/home/nikitasokolov/flamestream/lib/flamestream-runtime-1.0-SNAPSHOT.jar!/logback.xml]
08:25:39,266 |-WARN in ch.qos.logback.classic.LoggerContext[default] - Resource [logback.xml] occurs at [jar:file:/home/nikitasokolov/flamestream/flamestream-runtime-1.0-SNAPSHOT.jar!/logback.xml]
08:25:39,282 |-INFO in ch.qos.logback.core.joran.spi.ConfigurationWatchList@6108b2d7 - URL [jar:file:/home/nikitasokolov/flamestream/lib/flamestream-runtime-1.0-SNAPSHOT.jar!/logback.xml] is not of type file
08:25:39,332 |-INFO in ch.qos.logback.classic.joran.action.ConfigurationAction - debug attribute not set
08:25:39,333 |-INFO in ch.qos.logback.core.joran.action.AppenderAction - About to instantiate appender of type [ch.qos.logback.core.ConsoleAppender]
08:25:39,341 |-INFO in ch.qos.logback.core.joran.action.AppenderAction - Naming appender as [STDOUT]
08:25:39,349 |-INFO in ch.qos.logback.core.joran.action.NestedComplexPropertyIA - Assuming default type [ch.qos.logback.classic.encoder.PatternLayoutEncoder] for [encoder] property
08:25:39,405 |-INFO in ch.qos.logback.core.joran.action.AppenderAction - About to instantiate appender of type [ch.qos.logback.core.rolling.RollingFileAppender]
08:25:39,410 |-INFO in ch.qos.logback.core.joran.action.AppenderAction - Naming appender as [FILE]
08:25:39,433 |-INFO in c.q.l.core.rolling.TimeBasedRollingPolicy@357863579 - No compression will be used
08:25:39,434 |-INFO in c.q.l.core.rolling.TimeBasedRollingPolicy@357863579 - Will use the pattern /tmp/application_%d{yyyy-MM-dd}.%i.log for the active file
08:25:39,437 |-INFO in ch.qos.logback.core.rolling.SizeAndTimeBasedFNATP@6bf256fa - The date pattern is 'yyyy-MM-dd' from file name pattern '/tmp/application_%d{yyyy-MM-dd}.%i.log'.
08:25:39,437 |-INFO in ch.qos.logback.core.rolling.SizeAndTimeBasedFNATP@6bf256fa - Roll-over at midnight.
08:25:39,441 |-INFO in ch.qos.logback.core.rolling.SizeAndTimeBasedFNATP@6bf256fa - Setting initial period to Sun Jun 09 08:24:53 MSK 2019
08:25:39,441 |-WARN in ch.qos.logback.core.rolling.SizeAndTimeBasedFNATP@6bf256fa - SizeAndTimeBasedFNATP is deprecated. Use SizeAndTimeBasedRollingPolicy instead
08:25:39,441 |-WARN in ch.qos.logback.core.rolling.SizeAndTimeBasedFNATP@6bf256fa - For more information see http://logback.qos.ch/manual/appenders.html#SizeAndTimeBasedRollingPolicy
08:25:39,445 |-INFO in ch.qos.logback.core.joran.action.NestedComplexPropertyIA - Assuming default type [ch.qos.logback.classic.encoder.PatternLayoutEncoder] for [encoder] property
08:25:39,448 |-INFO in ch.qos.logback.core.rolling.RollingFileAppender[FILE] - Active log file name: /tmp/application.log
08:25:39,448 |-INFO in ch.qos.logback.core.rolling.RollingFileAppender[FILE] - File property is set to [/tmp/application.log]
08:25:39,449 |-INFO in ch.qos.logback.classic.joran.action.RootLoggerAction - Setting level of ROOT logger to WARN
08:25:39,449 |-INFO in ch.qos.logback.core.joran.action.AppenderRefAction - Attaching appender named [STDOUT] to Logger[ROOT]
08:25:39,449 |-INFO in ch.qos.logback.core.joran.action.AppenderRefAction - Attaching appender named [FILE] to Logger[ROOT]
08:25:39,449 |-INFO in ch.qos.logback.classic.joran.action.ConfigurationAction - End of configuration.
08:25:39,450 |-INFO in ch.qos.logback.classic.joran.JoranConfigurator@6cd8737 - Registering current configuration as safe fallback point

2019-06-09T08:25:40.446+0300: 1.375: [GC (Metadata GC Threshold) [PSYoungGen: 105581K->15842K(149504K)] 105581K->15922K(491008K), 0.0213286 secs] [Times: user=0.11 sys=0.02, real=0.02 secs] 
2019-06-09T08:25:40.467+0300: 1.396: [Full GC (Metadata GC Threshold) [PSYoungGen: 15842K->0K(149504K)] [ParOldGen: 80K->14981K(341504K)] 15922K->14981K(491008K), [Metaspace: 20800K->20800K(1067008K)], 0.0285407 secs] [Times: user=0.18 sys=0.01, real=0.03 secs] 
08:25:49.110 [Curator-PathChildrenCache-1] WARN  o.a.c.u.ZKPaths  - The version of ZooKeeper being used doesn't support Container nodes. CreateMode.PERSISTENT will be used instead.
2019-06-09T08:25:49.955+0300: 10.884: [GC (Metadata GC Threshold) [PSYoungGen: 126945K->15730K(149504K)] 141927K->50250K(491008K), 0.0326549 secs] [Times: user=0.26 sys=0.01, real=0.03 secs] 
2019-06-09T08:25:49.988+0300: 10.917: [Full GC (Metadata GC Threshold) [PSYoungGen: 15730K->0K(149504K)] [ParOldGen: 34520K->38671K(341504K)] 50250K->38671K(491008K), [Metaspace: 34555K->34555K(1079296K)], 0.0356902 secs] [Times: user=0.21 sys=0.01, real=0.04 secs] 
2019-06-09T08:25:51.986+0300: 12.915: [GC (Allocation Failure) [PSYoungGen: 128512K->544K(149504K)] 167183K->39215K(491008K), 0.0036779 secs] [Times: user=0.02 sys=0.00, real=0.00 secs] 
2019-06-09T08:25:54.276+0300: 15.205: [GC (Allocation Failure) [PSYoungGen: 129056K->480K(149504K)] 167727K->39159K(491008K), 0.0549286 secs] [Times: user=0.03 sys=0.00, real=0.06 secs] 
2019-06-09T08:25:55.923+0300: 16.852: [GC (Allocation Failure) [PSYoungGen: 128992K->544K(129536K)] 167671K->39231K(471040K), 0.0040344 secs] [Times: user=0.02 sys=0.01, real=0.00 secs] 
2019-06-09T08:25:58.134+0300: 19.063: [GC (Allocation Failure) [PSYoungGen: 129056K->512K(150016K)] 167743K->39207K(491520K), 0.0025949 secs] [Times: user=0.02 sys=0.00, real=0.00 secs] 
2019-06-09T08:25:59.918+0300: 20.847: [GC (Allocation Failure) [PSYoungGen: 129024K->448K(148992K)] 167719K->39143K(490496K), 0.0030506 secs] [Times: user=0.01 sys=0.00, real=0.00 secs] 
2019-06-09T08:26:01.468+0300: 22.397: [GC (Allocation Failure) [PSYoungGen: 128960K->448K(151552K)] 167655K->39143K(493056K), 0.0030850 secs] [Times: user=0.02 sys=0.00, real=0.01 secs] 
2019-06-09T08:26:03.011+0300: 23.940: [GC (Allocation Failure) [PSYoungGen: 132544K->640K(151040K)] 171239K->39343K(492544K), 0.0024517 secs] [Times: user=0.01 sys=0.00, real=0.00 secs] 
2019-06-09T08:26:04.552+0300: 25.481: [GC (Allocation Failure) [PSYoungGen: 132736K->672K(153600K)] 171439K->39375K(495104K), 0.0031826 secs] [Times: user=0.01 sys=0.00, real=0.00 secs] 
2019-06-09T08:26:06.239+0300: 27.168: [GC (Allocation Failure) [PSYoungGen: 136352K->544K(152576K)] 175055K->39255K(494080K), 0.0041581 secs] [Times: user=0.03 sys=0.00, real=0.00 secs] 
2019-06-09T08:26:08.418+0300: 29.347: [GC (Allocation Failure) [PSYoungGen: 136224K->608K(155136K)] 174935K->39327K(496640K), 0.0036211 secs] [Times: user=0.01 sys=0.00, real=0.00 secs] 
2019-06-09T08:26:10.066+0300: 30.995: [GC (Allocation Failure) [PSYoungGen: 139360K->512K(154112K)] 178079K->39239K(495616K), 0.0032636 secs] [Times: user=0.02 sys=0.00, real=0.00 secs] 
2019-06-09T08:26:11.894+0300: 32.823: [GC (Allocation Failure) [PSYoungGen: 139264K->512K(156672K)] 177991K->39239K(498176K), 0.0585791 secs] [Times: user=0.02 sys=0.00, real=0.06 secs] 
08:26:23.868 [Curator-PathChildrenCache-0] ERROR o.a.c.f.r.c.PathChildrenCache  - 
java.lang.IllegalStateException: instance must be started before calling this method
	at org.apache.curator.shaded.com.google.common.base.Preconditions.checkState(Preconditions.java:444)
	at org.apache.curator.framework.imps.CuratorFrameworkImpl.getChildren(CuratorFrameworkImpl.java:456)
	at org.apache.curator.framework.recipes.cache.PathChildrenCache.refresh(PathChildrenCache.java:521)
	at org.apache.curator.framework.recipes.cache.RefreshOperation.invoke(RefreshOperation.java:35)
	at org.apache.curator.framework.recipes.cache.PathChildrenCache$9.run(PathChildrenCache.java:786)
	at java.util.concurrent.Executors$RunnableAdapter.call(Executors.java:511)
	at java.util.concurrent.FutureTask.run(FutureTask.java:266)
	at java.util.concurrent.Executors$RunnableAdapter.call(Executors.java:511)
	at java.util.concurrent.FutureTask.run(FutureTask.java:266)
	at java.util.concurrent.ThreadPoolExecutor.runWorker(ThreadPoolExecutor.java:1149)
	at java.util.concurrent.ThreadPoolExecutor$Worker.run(ThreadPoolExecutor.java:624)
	at java.lang.Thread.run(Thread.java:748)
Heap
 PSYoungGen      total 156672K, used 108954K [0x00000000f5980000, 0x0000000100000000, 0x0000000100000000)
  eden space 141824K, 76% used [0x00000000f5980000,0x00000000fc3668d8,0x00000000fe400000)
  from space 14848K, 3% used [0x00000000ff180000,0x00000000ff200000,0x0000000100000000)
  to   space 13824K, 0% used [0x00000000fe400000,0x00000000fe400000,0x00000000ff180000)
 ParOldGen       total 341504K, used 38727K [0x00000000e0c00000, 0x00000000f5980000, 0x00000000f5980000)
  object space 341504K, 11% used [0x00000000e0c00000,0x00000000e31d1f00,0x00000000f5980000)
 Metaspace       used 35753K, capacity 36614K, committed 36952K, reserved 1081344K
  class space    used 4935K, capacity 5129K, committed 5248K, reserved 1048576K
