12:27:23,070 |-INFO in ch.qos.logback.classic.LoggerContext[default] - Could NOT find resource [logback-test.xml]
12:27:23,070 |-INFO in ch.qos.logback.classic.LoggerContext[default] - Could NOT find resource [logback.groovy]
12:27:23,071 |-INFO in ch.qos.logback.classic.LoggerContext[default] - Found resource [logback.xml] at [jar:file:/home/ubuntu/flamestream/lib/flamestream-runtime-1.0-SNAPSHOT.jar!/logback.xml]
12:27:23,075 |-WARN in ch.qos.logback.classic.LoggerContext[default] - Resource [logback.xml] occurs multiple times on the classpath.
12:27:23,075 |-WARN in ch.qos.logback.classic.LoggerContext[default] - Resource [logback.xml] occurs at [jar:file:/home/ubuntu/flamestream/flamestream-runtime-1.0-SNAPSHOT.jar!/logback.xml]
12:27:23,075 |-WARN in ch.qos.logback.classic.LoggerContext[default] - Resource [logback.xml] occurs at [jar:file:/home/ubuntu/flamestream/lib/flamestream-runtime-1.0-SNAPSHOT.jar!/logback.xml]
12:27:23,091 |-INFO in ch.qos.logback.core.joran.spi.ConfigurationWatchList@4678c730 - URL [jar:file:/home/ubuntu/flamestream/lib/flamestream-runtime-1.0-SNAPSHOT.jar!/logback.xml] is not of type file
12:27:23,150 |-INFO in ch.qos.logback.classic.joran.action.ConfigurationAction - debug attribute not set
12:27:23,150 |-INFO in ch.qos.logback.core.joran.action.AppenderAction - About to instantiate appender of type [ch.qos.logback.core.ConsoleAppender]
12:27:23,170 |-INFO in ch.qos.logback.core.joran.action.AppenderAction - Naming appender as [STDOUT]
12:27:23,192 |-INFO in ch.qos.logback.core.joran.action.NestedComplexPropertyIA - Assuming default type [ch.qos.logback.classic.encoder.PatternLayoutEncoder] for [encoder] property
12:27:23,282 |-INFO in ch.qos.logback.core.joran.action.AppenderAction - About to instantiate appender of type [ch.qos.logback.core.rolling.RollingFileAppender]
12:27:23,290 |-INFO in ch.qos.logback.core.joran.action.AppenderAction - Naming appender as [FILE]
12:27:23,328 |-INFO in c.q.l.core.rolling.TimeBasedRollingPolicy@1734853116 - No compression will be used
12:27:23,330 |-INFO in c.q.l.core.rolling.TimeBasedRollingPolicy@1734853116 - Will use the pattern /tmp/application_%d{yyyy-MM-dd}.%i.log for the active file
12:27:23,345 |-INFO in ch.qos.logback.core.rolling.SizeAndTimeBasedFNATP@29ee9faa - The date pattern is 'yyyy-MM-dd' from file name pattern '/tmp/application_%d{yyyy-MM-dd}.%i.log'.
12:27:23,345 |-INFO in ch.qos.logback.core.rolling.SizeAndTimeBasedFNATP@29ee9faa - Roll-over at midnight.
12:27:23,352 |-INFO in ch.qos.logback.core.rolling.SizeAndTimeBasedFNATP@29ee9faa - Setting initial period to Thu Oct 10 12:26:55 UTC 2019
12:27:23,352 |-WARN in ch.qos.logback.core.rolling.SizeAndTimeBasedFNATP@29ee9faa - SizeAndTimeBasedFNATP is deprecated. Use SizeAndTimeBasedRollingPolicy instead
12:27:23,352 |-WARN in ch.qos.logback.core.rolling.SizeAndTimeBasedFNATP@29ee9faa - For more information see http://logback.qos.ch/manual/appenders.html#SizeAndTimeBasedRollingPolicy
12:27:23,358 |-INFO in ch.qos.logback.core.joran.action.NestedComplexPropertyIA - Assuming default type [ch.qos.logback.classic.encoder.PatternLayoutEncoder] for [encoder] property
12:27:23,365 |-INFO in ch.qos.logback.core.rolling.RollingFileAppender[FILE] - Active log file name: /tmp/application.log
12:27:23,365 |-INFO in ch.qos.logback.core.rolling.RollingFileAppender[FILE] - File property is set to [/tmp/application.log]
12:27:23,366 |-INFO in ch.qos.logback.classic.joran.action.RootLoggerAction - Setting level of ROOT logger to INFO
12:27:23,366 |-INFO in ch.qos.logback.core.joran.action.AppenderRefAction - Attaching appender named [STDOUT] to Logger[ROOT]
12:27:23,367 |-INFO in ch.qos.logback.core.joran.action.AppenderRefAction - Attaching appender named [FILE] to Logger[ROOT]
12:27:23,367 |-INFO in ch.qos.logback.classic.joran.action.ConfigurationAction - End of configuration.
12:27:23,367 |-INFO in ch.qos.logback.classic.joran.JoranConfigurator@c038203 - Registering current configuration as safe fallback point

12:27:23.373 [main] INFO  c.s.f.r.WorkerApplication  - Starting worker with workerConfig 'WorkerConfig{id='flamestream-benchmarks-worker-8', localAddress=flamestream-benchmarks-worker-8/10.0.0.18:5412, zkString='flamestream-benchmarks-manager:12181', snapshotPath='/home/ubuntu/flamestream/data', guarantees=AT_MOST_ONCE}'
12:27:24.778 [worker-akka.actor.default-dispatcher-6] INFO  a.e.s.Slf4jLogger  - Slf4jLogger started
2019-10-10T12:27:24.924+0000: 2.185: [Full GC (Metadata GC Threshold) 2019-10-10T12:27:24.924+0000: 2.185: [Tenured: 0K->13624K(1024000K), 0.0495770 secs] 139464K->13624K(1484800K), [Metaspace: 20213K->20213K(1067008K)], 0.0496663 secs] [Times: user=0.05 sys=0.01, real=0.05 secs] 
12:27:25.076 [worker-akka.actor.default-dispatcher-6] WARN  a.r.RemoteActorRefProvider akka.remote.RemoteActorRefProvider - Using the 'remote' ActorRefProvider directly, which is a low-level layer. For most use cases, the 'cluster' abstraction on top of remoting is more suitable instead.
12:27:25.080 [worker-akka.actor.default-dispatcher-6] WARN  a.r.RemoteActorRefProvider akka.remote.RemoteActorRefProvider - Akka Cluster not in use - Using Akka Cluster is recommended if you need remote watch and deploy.
12:27:25.199 [worker-akka.actor.default-dispatcher-6] INFO  a.r.a.a.ArteryAeronUdpTransport(akka://worker) akka.remote.artery.aeron.ArteryAeronUdpTransport(akka://worker) - Started embedded media driver in directory [/dev/shm/aeron-flamestream-benchmarks-worker-8]
12:27:25.239 [worker-akka.actor.default-dispatcher-6] WARN  a.r.a.a.ArteryAeronUdpTransport(akka://worker) akka.remote.artery.aeron.ArteryAeronUdpTransport(akka://worker) - Aeron CnC version mismatch: compiled version = 15, file version = 16
12:27:25.512 [worker-akka.actor.default-dispatcher-6] INFO  a.r.a.a.ArteryAeronUdpTransport(akka://worker) akka.remote.artery.aeron.ArteryAeronUdpTransport(akka://worker) - Remoting started with transport [Artery aeron-udp]; listening on address [akka://worker@flamestream-benchmarks-worker-8:5412] and bound to [akka://worker@0.0.0.0:5412] with UID [5408297631112359368]
12:27:25.990 [worker-akka.actor.default-dispatcher-6] WARN  a.s.Serialization(akka://worker) akka.serialization.Serialization(akka://worker) - Using serializer [com.romix.akka.serialization.kryo.KryoSerializer] for message [akka.actor.ActorSelectionMessage]. Note that this serializer is not implemented by Akka. It's not recommended to replace serializers for messages provided by Akka.
12:27:25.991 [worker-akka.actor.default-dispatcher-6] WARN  a.s.Serialization(akka://worker) akka.serialization.Serialization(akka://worker) - Using serializer [com.romix.akka.serialization.kryo.KryoSerializer] for message [akka.actor.ActorIdentity]. Note that this serializer is not implemented by Akka. It's not recommended to replace serializers for messages provided by Akka.
12:27:26.044 [worker-akka.actor.default-dispatcher-9] INFO  a.a.RepointableActorRef akka://worker/user/watcher - Starting...
12:27:26.156 [worker-akka.actor.default-dispatcher-6] INFO  o.a.c.u.Compatibility  - Running in ZooKeeper 3.4.x compatibility mode
12:27:26.186 [worker-akka.actor.default-dispatcher-6] INFO  o.a.c.f.i.CuratorFrameworkImpl  - Starting
12:27:26.198 [worker-akka.actor.default-dispatcher-6] INFO  o.a.z.ZooKeeper  - Client environment:zookeeper.version=3.4.14-4c25d480e66aadd371de8bd2fd8da255ac140bcf, built on 03/06/2019 16:18 GMT
12:27:26.199 [worker-akka.actor.default-dispatcher-6] INFO  o.a.z.ZooKeeper  - Client environment:host.name=flamestream-benchmarks-worker-8
12:27:26.199 [worker-akka.actor.default-dispatcher-6] INFO  o.a.z.ZooKeeper  - Client environment:java.version=1.8.0_222
12:27:26.199 [worker-akka.actor.default-dispatcher-6] INFO  o.a.z.ZooKeeper  - Client environment:java.vendor=Private Build
12:27:26.200 [worker-akka.actor.default-dispatcher-6] INFO  o.a.z.ZooKeeper  - Client environment:java.home=/usr/lib/jvm/java-8-openjdk-amd64/jre
12:27:26.201 [worker-akka.actor.default-dispatcher-6] INFO  o.a.z.ZooKeeper  - Client environment:java.class.path=lib/curator-framework-4.0.1.jar:lib/commons-csv-1.4.jar:lib/aeron-client-1.21.2.jar:lib/scala-library-2.12.9.jar:lib/asm-5.0.4.jar:lib/agrona-1.0.1.jar:lib/curator-recipes-4.0.1.jar:lib/akka-testkit_2.12-2.6.0-M6.jar:lib/flamestream-runtime-1.0-SNAPSHOT.jar:lib/slf4j-simple-2.0.0-alpha1.jar:lib/jsr305-3.0.2.jar:lib/trove4j-3.0.3.jar:lib/flamestream-core-1.0-SNAPSHOT.jar:lib/commons-io-2.4.jar:lib/minlog-1.3.0.jar:lib/kryonet-2.21.jar:lib/commons-1.4.9.jar:lib/jline-0.9.94.jar:lib/akka-remote_2.12-2.6.0-M6.jar:lib/leveldbjni-all-1.8.jar:lib/lz4-1.3.0.jar:lib/slf4j-api-1.7.24.jar:lib/scala-parser-combinators_2.12-1.1.2.jar:lib/flamestream-core-1.0-SNAPSHOT-tests.jar:lib/logback-core-1.2.3.jar:lib/netty-3.10.6.Final.jar:lib/protobuf-java-3.9.0.jar:lib/minlog-1.2.jar:lib/leveldb-api-0.7.jar:lib/jool-0.9.12.jar:lib/commons-cli-1.4.jar:lib/jblas-1.2.4.jar:lib/reflectasm-1.11.3.jar:lib/reflectasm-1.07-shaded.jar:lib/audience-annotations-0.5.0.jar:lib/jackson-annotations-2.9.6.jar:lib/commons-lang-2.6.jar:lib/ssl-config-core_2.12-0.3.8.jar:lib/annotations-13.0.jar:lib/logback-classic-1.2.3.jar:lib/guava-21.0.jar:lib/reactive-streams-1.0.2.jar:lib/spotbugs-annotations-3.1.9.jar:lib/leveldb-0.7.jar:lib/commons-pool2-2.4.2.jar:lib/rocksdbjni-5.5.1.jar:lib/jackson-core-2.9.9.jar:lib/jackson-databind-2.9.9.2.jar:lib/akka-protobuf-v3_2.12-2.6.0-M6.jar:lib/jackson-annotations-2.9.0.jar:lib/flamestream-examples-1.0-SNAPSHOT.jar:lib/objenesis-2.1.jar:lib/akka-kryo-serialization_2.12-0.5.2.jar:lib/scala-java8-compat_2.12-0.8.0.jar:lib/zookeeper-3.4.14.jar:lib/akka-slf4j_2.12-2.6.0-M6.jar:lib/kryo-4.0.0.jar:lib/akka-stream_2.12-2.6.0-M6.jar:lib/aeron-driver-1.21.2.jar:lib/config-1.3.1.jar:lib/annotations-12.0.jar:lib/jedis-2.9.0.jar:lib/jcommander-1.48.jar:lib/testng-6.10.jar:lib/akka-actor_2.12-2.6.0-M6.jar:lib/curator-client-4.0.1.jar:flamestream-runtime-1.0-SNAPSHOT.jar
12:27:26.201 [worker-akka.actor.default-dispatcher-6] INFO  o.a.z.ZooKeeper  - Client environment:java.library.path=/usr/java/packages/lib/amd64:/usr/lib/x86_64-linux-gnu/jni:/lib/x86_64-linux-gnu:/usr/lib/x86_64-linux-gnu:/usr/lib/jni:/lib:/usr/lib
12:27:26.201 [worker-akka.actor.default-dispatcher-6] INFO  o.a.z.ZooKeeper  - Client environment:java.io.tmpdir=/tmp
12:27:26.201 [worker-akka.actor.default-dispatcher-6] INFO  o.a.z.ZooKeeper  - Client environment:java.compiler=<NA>
12:27:26.202 [worker-akka.actor.default-dispatcher-6] INFO  o.a.z.ZooKeeper  - Client environment:os.name=Linux
12:27:26.205 [worker-akka.actor.default-dispatcher-6] INFO  o.a.z.ZooKeeper  - Client environment:os.arch=amd64
12:27:26.205 [worker-akka.actor.default-dispatcher-6] INFO  o.a.z.ZooKeeper  - Client environment:os.version=4.15.0-1040-gcp
12:27:26.205 [worker-akka.actor.default-dispatcher-6] INFO  o.a.z.ZooKeeper  - Client environment:user.name=ubuntu
12:27:26.206 [worker-akka.actor.default-dispatcher-6] INFO  o.a.z.ZooKeeper  - Client environment:user.home=/home/ubuntu
12:27:26.206 [worker-akka.actor.default-dispatcher-6] INFO  o.a.z.ZooKeeper  - Client environment:user.dir=/home/ubuntu/flamestream
12:27:26.208 [worker-akka.actor.default-dispatcher-6] INFO  o.a.z.ZooKeeper  - Initiating client connection, connectString=flamestream-benchmarks-manager:12181 sessionTimeout=60000 watcher=org.apache.curator.ConnectionState@3c5e82fa
12:27:26.241 [worker-akka.actor.default-dispatcher-6-SendThread(flamestream-benchmarks-manager:12181)] INFO  o.a.z.ClientCnxn  - Opening socket connection to server flamestream-benchmarks-manager/10.0.0.21:12181. Will not attempt to authenticate using SASL (unknown error)
12:27:26.243 [worker-akka.actor.default-dispatcher-6] INFO  o.a.c.f.i.CuratorFrameworkImpl  - Default schema
12:27:26.245 [worker-akka.actor.default-dispatcher-6-SendThread(flamestream-benchmarks-manager:12181)] INFO  o.a.z.ClientCnxn  - Socket connection established to flamestream-benchmarks-manager/10.0.0.21:12181, initiating session
12:27:26.254 [worker-akka.actor.default-dispatcher-6-SendThread(flamestream-benchmarks-manager:12181)] INFO  o.a.z.ClientCnxn  - Session establishment complete on server flamestream-benchmarks-manager/10.0.0.21:12181, sessionid = 0x100005c675e0005, negotiated timeout = 60000
12:27:26.266 [worker-akka.actor.default-dispatcher-6-EventThread] INFO  o.a.c.f.s.ConnectionStateManager  - State change: CONNECTED
12:27:26.269 [worker-akka.actor.default-dispatcher-9] INFO  a.a.RepointableActorRef akka://worker/user/watcher - Initializing rocksDB backend
2019-10-10T12:27:27.100+0000: 4.360: [Full GC (Metadata GC Threshold) 2019-10-10T12:27:27.100+0000: 4.360: [Tenured: 13624K->25909K(1024000K), 0.0704403 secs] 161146K->25909K(1484800K), [Metaspace: 33684K->33684K(1079296K)], 0.0705503 secs] [Times: user=0.07 sys=0.00, real=0.07 secs] 
12:27:27.281 [worker-akka.actor.default-dispatcher-6] INFO  a.a.LocalActorRef akka://worker/user/watcher/processing-watcher - Starting...
12:27:34.045 [worker-akka.actor.default-dispatcher-10] INFO  a.a.LocalActorRef akka://worker/user/watcher/processing-watcher/$a - Starting...
12:27:34.080 [worker-akka.actor.default-dispatcher-10] INFO  a.a.LocalActorRef akka://worker/user/watcher/processing-watcher/$a - Stopped
12:27:35.756 [worker-akka.actor.default-dispatcher-10] INFO  a.a.LocalActorRef akka://worker/user/watcher/processing-watcher/graph/graph - Starting...
12:27:38.129 [worker-akka.actor.default-dispatcher-12] INFO  a.a.LocalActorRef akka://worker/user/watcher/processing-watcher/graph/graph - Finishing constructor
12:27:38.129 [worker-akka.actor.default-dispatcher-12] INFO  a.a.LocalActorRef akka://worker/user/watcher/processing-watcher/graph/negotiator - Starting...
12:27:38.134 [worker-akka.actor.default-dispatcher-10] INFO  a.a.LocalActorRef akka://worker/user/watcher/processing-watcher/graph/edge - Starting...
12:27:38.138 [worker-akka.actor.default-dispatcher-12] INFO  a.a.LocalActorRef akka://worker/user/watcher/processing-watcher/graph - Starting FlameNode with config 'ClusterConfig{paths={flamestream-benchmarks-worker-1=akka://worker@flamestream-benchmarks-worker-1:5412/user/watcher/processing-watcher/graph, flamestream-benchmarks-worker-0=akka://worker@flamestream-benchmarks-worker-0:5412/user/watcher/processing-watcher/graph, flamestream-benchmarks-worker-9=akka://worker@flamestream-benchmarks-worker-9:5412/user/watcher/processing-watcher/graph, flamestream-benchmarks-worker-8=akka://worker@flamestream-benchmarks-worker-8:5412/user/watcher/processing-watcher/graph, flamestream-benchmarks-worker-7=akka://worker@flamestream-benchmarks-worker-7:5412/user/watcher/processing-watcher/graph, flamestream-benchmarks-worker-6=akka://worker@flamestream-benchmarks-worker-6:5412/user/watcher/processing-watcher/graph, flamestream-benchmarks-worker-5=akka://worker@flamestream-benchmarks-worker-5:5412/user/watcher/processing-watcher/graph, flamestream-benchmarks-worker-4=akka://worker@flamestream-benchmarks-worker-4:5412/user/watcher/processing-watcher/graph, flamestream-benchmarks-worker-3=akka://worker@flamestream-benchmarks-worker-3:5412/user/watcher/processing-watcher/graph, flamestream-benchmarks-worker-2=akka://worker@flamestream-benchmarks-worker-2:5412/user/watcher/processing-watcher/graph, flamestream-benchmarks-worker-14=akka://worker@flamestream-benchmarks-worker-14:5412/user/watcher/processing-watcher/graph, flamestream-benchmarks-worker-13=akka://worker@flamestream-benchmarks-worker-13:5412/user/watcher/processing-watcher/graph, flamestream-benchmarks-worker-12=akka://worker@flamestream-benchmarks-worker-12:5412/user/watcher/processing-watcher/graph, flamestream-benchmarks-worker-11=akka://worker@flamestream-benchmarks-worker-11:5412/user/watcher/processing-watcher/graph, flamestream-benchmarks-worker-10=akka://worker@flamestream-benchmarks-worker-10:5412/user/watcher/processing-watcher/graph}}'
12:27:38.157 [worker-akka.actor.default-dispatcher-6] INFO  a.a.LocalActorRef akka://worker/user/watcher/processing-watcher/graph/negotiator - Requesting ticket for the frontClass FlameSocketGraphDeployerFront@flamestream-benchmarks-worker-8
12:27:38.199 [worker-akka.actor.default-dispatcher-12] INFO  a.a.LocalActorRef akka://worker/user/watcher/processing-watcher/graph/graph - Received last commit 'LastCommit{globalTime=(0000000, min@min)}'
12:27:38.227 [worker-akka.actor.default-dispatcher-6] INFO  c.s.f.r.e.s.SocketRear  - FlameSocketGraphDeployerRear@flamestream-benchmarks-worker-8: connecting to flamestream-benchmarks-manager:5678
12:27:38.250 [worker-akka.actor.default-dispatcher-10] INFO  a.a.LocalActorRef akka://worker/user/watcher/processing-watcher/graph/edge/FlameSocketGraphDeployerFront - Starting...
12:27:38.260 [worker-akka.actor.default-dispatcher-6] INFO  c.s.f.r.e.s.SocketRear  - FlameSocketGraphDeployerRear@flamestream-benchmarks-worker-8: connected to flamestream-benchmarks-manager:5678
12:27:38.261 [worker-akka.actor.default-dispatcher-6] INFO  a.a.LocalActorRef akka://worker/user/watcher/processing-watcher/graph/edge/FlameSocketGraphDeployerRear - Starting...
12:27:38.264 [worker-akka.actor.default-dispatcher-6] INFO  a.a.LocalActorRef akka://worker/user/watcher/processing-watcher/graph/negotiator - Ticket for the frontClass received: FrontTicket{allowedTimestamp=(0000000, FlameSocketGraphDeployerFront@flamestream-benchmarks-worker-8)}
12:27:38.265 [worker-akka.actor.default-dispatcher-6] INFO  c.s.f.r.e.s.SocketFront  - FlameSocketGraphDeployerFront@flamestream-benchmarks-worker-8: connecting to flamestream-benchmarks-manager:4567
12:27:38.430 [worker-akka.actor.default-dispatcher-6] INFO  a.a.LocalActorRef akka://worker/user/watcher/processing-watcher/graph/graph/$a - Starting...
12:27:38.435 [worker-akka.actor.default-dispatcher-6] INFO  a.a.LocalActorRef akka://worker/user/watcher/processing-watcher/graph/graph/$b - Starting...
12:27:38.445 [worker-akka.actor.default-dispatcher-6] INFO  a.a.LocalActorRef akka://worker/user/watcher/processing-watcher/graph/graph/$c - Starting...
12:27:38.467 [worker-akka.actor.default-dispatcher-6] INFO  a.a.LocalActorRef akka://worker/user/watcher/processing-watcher/graph/graph/$d - Starting...
12:27:38.471 [worker-akka.actor.default-dispatcher-6] INFO  a.a.LocalActorRef akka://worker/user/watcher/processing-watcher/graph/graph/$e - Starting...
12:27:38.479 [worker-akka.actor.default-dispatcher-6] INFO  a.a.LocalActorRef akka://worker/user/watcher/processing-watcher/graph/graph/$f - Starting...
12:27:38.482 [worker-akka.actor.default-dispatcher-6] INFO  a.a.LocalActorRef akka://worker/user/watcher/processing-watcher/graph/graph/$g - Starting...
12:27:38.484 [worker-akka.actor.default-dispatcher-6] INFO  a.a.LocalActorRef akka://worker/user/watcher/processing-watcher/graph/graph/$h - Starting...
12:27:38.498 [worker-akka.actor.default-dispatcher-6] INFO  a.a.LocalActorRef akka://worker/user/watcher/processing-watcher/graph/graph/$c - Attached rear to graph (-9223372036854775808, min@min)
12:27:38.499 [worker-akka.actor.default-dispatcher-6] INFO  a.a.LocalActorRef akka://worker/user/watcher/processing-watcher/graph/graph/$j - Starting...
12:27:38.501 [worker-akka.actor.default-dispatcher-6] INFO  a.a.LocalActorRef akka://worker/user/watcher/processing-watcher/graph/graph/$k - Starting...
12:27:38.501 [worker-akka.actor.default-dispatcher-6] INFO  a.a.LocalActorRef akka://worker/user/watcher/processing-watcher/graph/graph/$i - Starting...
12:27:38.501 [worker-akka.actor.default-dispatcher-6] INFO  a.a.LocalActorRef akka://worker/user/watcher/processing-watcher/graph/graph/$m - Starting...
12:27:38.502 [worker-akka.actor.default-dispatcher-12] INFO  a.a.LocalActorRef akka://worker/user/watcher/processing-watcher/graph/graph/$n - Starting...
12:27:38.502 [worker-akka.actor.default-dispatcher-12] INFO  a.a.LocalActorRef akka://worker/user/watcher/processing-watcher/graph/graph/$o - Starting...
12:27:38.502 [worker-akka.actor.default-dispatcher-12] INFO  a.a.LocalActorRef akka://worker/user/watcher/processing-watcher/graph/graph/$p - Starting...
12:27:38.506 [worker-akka.actor.default-dispatcher-6] INFO  a.a.LocalActorRef akka://worker/user/watcher/processing-watcher/graph/graph/$l - Starting...
12:27:38.507 [worker-akka.actor.default-dispatcher-6] INFO  a.a.LocalActorRef akka://worker/user/watcher/processing-watcher/graph/graph/$r - Starting...
12:27:38.507 [worker-akka.actor.default-dispatcher-6] INFO  a.a.LocalActorRef akka://worker/user/watcher/processing-watcher/graph/graph/$s - Starting...
12:27:38.507 [worker-akka.actor.default-dispatcher-6] INFO  a.a.LocalActorRef akka://worker/user/watcher/processing-watcher/graph/graph/$t - Starting...
12:27:38.507 [worker-akka.actor.default-dispatcher-6] INFO  a.a.LocalActorRef akka://worker/user/watcher/processing-watcher/graph/graph/$u - Starting...
12:27:38.514 [worker-akka.actor.default-dispatcher-12] INFO  a.a.LocalActorRef akka://worker/user/watcher/processing-watcher/graph/graph/$v - Starting...
12:27:38.514 [worker-akka.actor.default-dispatcher-12] INFO  a.a.LocalActorRef akka://worker/user/watcher/processing-watcher/graph/graph/$w - Starting...
12:27:38.515 [worker-akka.actor.default-dispatcher-12] INFO  a.a.LocalActorRef akka://worker/user/watcher/processing-watcher/graph/graph/$x - Starting...
12:27:38.515 [worker-akka.actor.default-dispatcher-12] INFO  a.a.LocalActorRef akka://worker/user/watcher/processing-watcher/graph/graph/$y - Starting...
12:27:38.515 [worker-akka.actor.default-dispatcher-12] INFO  a.a.LocalActorRef akka://worker/user/watcher/processing-watcher/graph/graph/$z - Starting...
12:27:38.515 [worker-akka.actor.default-dispatcher-12] INFO  a.a.LocalActorRef akka://worker/user/watcher/processing-watcher/graph/graph/$q - Starting...
12:27:38.515 [worker-akka.actor.default-dispatcher-12] INFO  a.a.LocalActorRef akka://worker/user/watcher/processing-watcher/graph/graph/$B - Starting...
12:27:38.515 [worker-akka.actor.default-dispatcher-12] INFO  a.a.LocalActorRef akka://worker/user/watcher/processing-watcher/graph/graph/$C - Starting...
12:27:38.515 [worker-akka.actor.default-dispatcher-12] INFO  a.a.LocalActorRef akka://worker/user/watcher/processing-watcher/graph/graph/$D - Starting...
12:27:38.516 [worker-akka.actor.default-dispatcher-12] INFO  a.a.LocalActorRef akka://worker/user/watcher/processing-watcher/graph/graph/$A - Starting...
12:27:38.516 [worker-akka.actor.default-dispatcher-10] INFO  a.a.LocalActorRef akka://worker/user/watcher/processing-watcher/graph/graph/$F - Starting...
12:27:38.516 [worker-akka.actor.default-dispatcher-10] INFO  a.a.LocalActorRef akka://worker/user/watcher/processing-watcher/graph/graph/$G - Starting...
12:27:38.516 [worker-akka.actor.default-dispatcher-10] INFO  a.a.LocalActorRef akka://worker/user/watcher/processing-watcher/graph/graph/$H - Starting...
12:27:38.520 [worker-akka.actor.default-dispatcher-6] INFO  a.a.LocalActorRef akka://worker/user/watcher/processing-watcher/graph/graph/$E - Starting...
2019-10-10T12:27:52.155+0000: 29.415: [GC (Allocation Failure) 2019-10-10T12:27:52.155+0000: 29.415: [DefNew: 409600K->30637K(460800K), 0.0412278 secs] 435509K->56546K(1484800K), 0.0413409 secs] [Times: user=0.02 sys=0.03, real=0.05 secs] 
2019-10-10T12:27:59.694+0000: 36.954: [GC (Allocation Failure) 2019-10-10T12:27:59.694+0000: 36.955: [DefNew: 440237K->248K(460800K), 0.0313345 secs] 466146K->54299K(1484800K), 0.0314259 secs] [Times: user=0.02 sys=0.02, real=0.03 secs] 
2019-10-10T12:28:05.307+0000: 42.567: [GC (Allocation Failure) 2019-10-10T12:28:05.307+0000: 42.567: [DefNew: 409848K->68K(460800K), 0.0027488 secs] 463899K->54118K(1484800K), 0.0028343 secs] [Times: user=0.01 sys=0.00, real=0.01 secs] 
2019-10-10T12:28:10.096+0000: 47.357: [GC (Allocation Failure) 2019-10-10T12:28:10.096+0000: 47.357: [DefNew: 409668K->209K(460800K), 0.0029250 secs] 463718K->54259K(1484800K), 0.0030103 secs] [Times: user=0.00 sys=0.00, real=0.00 secs] 
2019-10-10T12:28:14.915+0000: 52.176: [GC (Allocation Failure) 2019-10-10T12:28:14.915+0000: 52.176: [DefNew: 409809K->91K(460800K), 0.0026241 secs] 463859K->54142K(1484800K), 0.0027349 secs] [Times: user=0.00 sys=0.00, real=0.00 secs] 
2019-10-10T12:28:19.553+0000: 56.814: [GC (Allocation Failure) 2019-10-10T12:28:19.553+0000: 56.814: [DefNew: 409691K->193K(460800K), 0.0029860 secs] 463742K->54244K(1484800K), 0.0030807 secs] [Times: user=0.00 sys=0.00, real=0.01 secs] 
2019-10-10T12:28:25.044+0000: 62.306: [GC (Allocation Failure) 2019-10-10T12:28:25.045+0000: 62.306: [DefNew: 409793K->332K(460800K), 0.0033865 secs] 463844K->54382K(1484800K), 0.0048864 secs] [Times: user=0.00 sys=0.00, real=0.01 secs] 
2019-10-10T12:28:32.451+0000: 69.712: [GC (Allocation Failure) 2019-10-10T12:28:32.451+0000: 69.712: [DefNew: 409932K->430K(460800K), 0.0038185 secs] 463982K->54480K(1484800K), 0.0039216 secs] [Times: user=0.00 sys=0.00, real=0.01 secs] 
2019-10-10T12:28:38.029+0000: 75.291: [GC (Allocation Failure) 2019-10-10T12:28:38.030+0000: 75.291: [DefNew: 410030K->279K(460800K), 0.0036062 secs] 464080K->54330K(1484800K), 0.0051484 secs] [Times: user=0.00 sys=0.00, real=0.00 secs] 
2019-10-10T12:28:43.748+0000: 81.010: [GC (Allocation Failure) 2019-10-10T12:28:43.749+0000: 81.010: [DefNew: 409879K->615K(460800K), 0.0042216 secs] 463930K->54665K(1484800K), 0.0056926 secs] [Times: user=0.01 sys=0.00, real=0.00 secs] 
2019-10-10T12:28:49.704+0000: 86.964: [GC (Allocation Failure) 2019-10-10T12:28:49.704+0000: 86.964: [DefNew: 410215K->292K(460800K), 0.0032044 secs] 464265K->54342K(1484800K), 0.0032879 secs] [Times: user=0.00 sys=0.00, real=0.01 secs] 
2019-10-10T12:28:55.285+0000: 92.546: [GC (Allocation Failure) 2019-10-10T12:28:55.285+0000: 92.546: [DefNew: 409892K->287K(460800K), 0.0032244 secs] 463942K->54337K(1484800K), 0.0033111 secs] [Times: user=0.01 sys=0.00, real=0.01 secs] 
2019-10-10T12:29:01.748+0000: 99.008: [GC (Allocation Failure) 2019-10-10T12:29:01.748+0000: 99.008: [DefNew: 409887K->285K(460800K), 0.0029867 secs] 463937K->54335K(1484800K), 0.0030703 secs] [Times: user=0.00 sys=0.00, real=0.00 secs] 
2019-10-10T12:29:07.369+0000: 104.630: [GC (Allocation Failure) 2019-10-10T12:29:07.369+0000: 104.630: [DefNew: 409885K->298K(460800K), 0.0033235 secs] 463935K->54348K(1484800K), 0.0034119 secs] [Times: user=0.01 sys=0.00, real=0.00 secs] 
2019-10-10T12:29:12.883+0000: 110.145: [GC (Allocation Failure) 2019-10-10T12:29:12.885+0000: 110.145: [DefNew: 409898K->520K(460800K), 0.0039235 secs] 463948K->54570K(1484800K), 0.0056829 secs] [Times: user=0.01 sys=0.00, real=0.01 secs] 
2019-10-10T12:29:18.346+0000: 115.607: [GC (Allocation Failure) 2019-10-10T12:29:18.347+0000: 115.607: [DefNew: 410120K->288K(460800K), 0.0032330 secs] 464170K->54339K(1484800K), 0.0033262 secs] [Times: user=0.00 sys=0.00, real=0.01 secs] 
2019-10-10T12:29:23.869+0000: 121.131: [GC (Allocation Failure) 2019-10-10T12:29:23.870+0000: 121.131: [DefNew: 409888K->281K(460800K), 0.0033020 secs] 463939K->54349K(1484800K), 0.0046950 secs] [Times: user=0.00 sys=0.00, real=0.00 secs] 
2019-10-10T12:29:30.617+0000: 127.878: [GC (Allocation Failure) 2019-10-10T12:29:30.617+0000: 127.878: [DefNew: 409881K->341K(460800K), 0.0034952 secs] 463949K->54416K(1484800K), 0.0035873 secs] [Times: user=0.00 sys=0.00, real=0.00 secs] 
2019-10-10T12:29:36.606+0000: 133.867: [GC (Allocation Failure) 2019-10-10T12:29:36.606+0000: 133.867: [DefNew: 409941K->443K(460800K), 0.0034922 secs] 464016K->54532K(1484800K), 0.0035843 secs] [Times: user=0.00 sys=0.00, real=0.01 secs] 
2019-10-10T12:29:41.868+0000: 139.130: [GC (Allocation Failure) 2019-10-10T12:29:41.870+0000: 139.130: [DefNew: 410043K->519K(460800K), 0.0037093 secs] 464132K->54609K(1484800K), 0.0052870 secs] [Times: user=0.01 sys=0.00, real=0.00 secs] 
2019-10-10T12:29:47.225+0000: 144.486: [GC (Allocation Failure) 2019-10-10T12:29:47.225+0000: 144.486: [DefNew: 410119K->405K(460800K), 0.0035848 secs] 464209K->54501K(1484800K), 0.0036936 secs] [Times: user=0.01 sys=0.00, real=0.01 secs] 
2019-10-10T12:29:52.996+0000: 150.258: [GC (Allocation Failure) 2019-10-10T12:29:52.997+0000: 150.258: [DefNew: 410005K->232K(460800K), 0.0034981 secs] 464101K->54422K(1484800K), 0.0047503 secs] [Times: user=0.00 sys=0.00, real=0.00 secs] 
2019-10-10T12:29:58.522+0000: 155.784: [GC (Allocation Failure) 2019-10-10T12:29:58.524+0000: 155.784: [DefNew: 409832K->171K(460800K), 0.0033545 secs] 464022K->54418K(1484800K), 0.0048945 secs] [Times: user=0.01 sys=0.00, real=0.01 secs] 
2019-10-10T12:30:04.137+0000: 161.397: [GC (Allocation Failure) 2019-10-10T12:30:04.137+0000: 161.397: [DefNew: 409771K->171K(460800K), 0.0027888 secs] 464018K->54419K(1484800K), 0.0028737 secs] [Times: user=0.00 sys=0.00, real=0.00 secs] 
2019-10-10T12:30:09.599+0000: 166.860: [GC (Allocation Failure) 2019-10-10T12:30:09.600+0000: 166.861: [DefNew: 409771K->356K(460800K), 0.0032950 secs] 464019K->54605K(1484800K), 0.0047262 secs] [Times: user=0.00 sys=0.00, real=0.00 secs] 
2019-10-10T12:30:15.033+0000: 172.295: [GC (Allocation Failure) 2019-10-10T12:30:15.034+0000: 172.295: [DefNew: 409956K->354K(460800K), 0.0036147 secs] 464205K->54610K(1484800K), 0.0050660 secs] [Times: user=0.00 sys=0.00, real=0.01 secs] 
2019-10-10T12:30:20.643+0000: 177.905: [GC (Allocation Failure) 2019-10-10T12:30:20.645+0000: 177.905: [DefNew: 409954K->245K(460800K), 0.0033954 secs] 464210K->54501K(1484800K), 0.0049802 secs] [Times: user=0.00 sys=0.00, real=0.01 secs] 
2019-10-10T12:30:26.312+0000: 183.572: [GC (Allocation Failure) 2019-10-10T12:30:26.312+0000: 183.572: [DefNew: 409845K->492K(460800K), 0.0036481 secs] 464101K->54749K(1484800K), 0.0037312 secs] [Times: user=0.00 sys=0.00, real=0.01 secs] 
2019-10-10T12:30:31.718+0000: 188.980: [GC (Allocation Failure) 2019-10-10T12:30:31.720+0000: 188.980: [DefNew: 410092K->296K(460800K), 0.0032146 secs] 464349K->54553K(1484800K), 0.0049562 secs] [Times: user=0.00 sys=0.00, real=0.00 secs] 
2019-10-10T12:30:37.098+0000: 194.359: [GC (Allocation Failure) 2019-10-10T12:30:37.099+0000: 194.359: [DefNew: 409896K->201K(460800K), 0.0029163 secs] 464153K->54459K(1484800K), 0.0043114 secs] [Times: user=0.00 sys=0.00, real=0.00 secs] 
2019-10-10T12:30:42.691+0000: 199.952: [GC (Allocation Failure) 2019-10-10T12:30:42.692+0000: 199.952: [DefNew: 409801K->252K(460800K), 0.0031539 secs] 464059K->54510K(1484800K), 0.0044192 secs] [Times: user=0.00 sys=0.00, real=0.01 secs] 
2019-10-10T12:30:48.086+0000: 205.348: [GC (Allocation Failure) 2019-10-10T12:30:48.087+0000: 205.348: [DefNew: 409852K->350K(460800K), 0.0032502 secs] 464110K->54608K(1484800K), 0.0046665 secs] [Times: user=0.00 sys=0.00, real=0.01 secs] 
2019-10-10T12:30:53.589+0000: 210.850: [GC (Allocation Failure) 2019-10-10T12:30:53.590+0000: 210.851: [DefNew: 409950K->122K(460800K), 0.0032161 secs] 464208K->54458K(1484800K), 0.0046211 secs] [Times: user=0.01 sys=0.00, real=0.00 secs] 
2019-10-10T12:30:58.991+0000: 216.252: [GC (Allocation Failure) 2019-10-10T12:30:58.991+0000: 216.252: [DefNew: 409722K->120K(460800K), 0.0027101 secs] 464058K->54458K(1484800K), 0.0027895 secs] [Times: user=0.00 sys=0.00, real=0.00 secs] 
2019-10-10T12:31:04.199+0000: 221.461: [GC (Allocation Failure) 2019-10-10T12:31:04.200+0000: 221.461: [DefNew: 409720K->121K(460800K), 0.0031433 secs] 464058K->54458K(1484800K), 0.0046694 secs] [Times: user=0.00 sys=0.00, real=0.00 secs] 
2019-10-10T12:31:09.973+0000: 227.235: [GC (Allocation Failure) 2019-10-10T12:31:09.975+0000: 227.235: [DefNew: 409721K->124K(460800K), 0.0028433 secs] 464058K->54461K(1484800K), 0.0041385 secs] [Times: user=0.00 sys=0.00, real=0.01 secs] 
2019-10-10T12:31:15.689+0000: 232.949: [GC (Allocation Failure) 2019-10-10T12:31:15.689+0000: 232.949: [DefNew: 409724K->252K(460800K), 0.0031056 secs] 464061K->54590K(1484800K), 0.0031973 secs] [Times: user=0.00 sys=0.00, real=0.00 secs] 
2019-10-10T12:31:21.339+0000: 238.600: [GC (Allocation Failure) 2019-10-10T12:31:21.339+0000: 238.600: [DefNew: 409852K->131K(460800K), 0.0028670 secs] 464190K->54469K(1484800K), 0.0029671 secs] [Times: user=0.01 sys=0.00, real=0.00 secs] 
2019-10-10T12:31:26.874+0000: 244.136: [GC (Allocation Failure) 2019-10-10T12:31:26.876+0000: 244.136: [DefNew: 409731K->135K(460800K), 0.0031040 secs] 464069K->54472K(1484800K), 0.0044436 secs] [Times: user=0.01 sys=0.00, real=0.01 secs] 
2019-10-10T12:31:32.234+0000: 249.495: [GC (Allocation Failure) 2019-10-10T12:31:32.234+0000: 249.495: [DefNew: 409735K->140K(460800K), 0.0028715 secs] 464072K->54479K(1484800K), 0.0029533 secs] [Times: user=0.00 sys=0.00, real=0.01 secs] 
2019-10-10T12:31:37.598+0000: 254.860: [GC (Allocation Failure) 2019-10-10T12:31:37.600+0000: 254.860: [DefNew: 409740K->198K(460800K), 0.0030461 secs] 464079K->54538K(1484800K), 0.0045648 secs] [Times: user=0.00 sys=0.00, real=0.00 secs] 
2019-10-10T12:31:43.237+0000: 260.497: [GC (Allocation Failure) 2019-10-10T12:31:43.237+0000: 260.497: [DefNew: 409798K->175K(460800K), 0.0028606 secs] 464138K->54515K(1484800K), 0.0029583 secs] [Times: user=0.00 sys=0.00, real=0.00 secs] 
2019-10-10T12:31:48.648+0000: 265.909: [GC (Allocation Failure) 2019-10-10T12:31:48.648+0000: 265.909: [DefNew: 409775K->339K(460800K), 0.0032194 secs] 464115K->54704K(1484800K), 0.0033036 secs] [Times: user=0.00 sys=0.00, real=0.00 secs] 
2019-10-10T12:31:54.269+0000: 271.530: [GC (Allocation Failure) 2019-10-10T12:31:54.270+0000: 271.530: [DefNew: 409939K->100K(460800K), 0.0026181 secs] 464304K->54476K(1484800K), 0.0026951 secs] [Times: user=0.00 sys=0.00, real=0.00 secs] 
2019-10-10T12:31:59.572+0000: 276.832: [GC (Allocation Failure) 2019-10-10T12:31:59.572+0000: 276.832: [DefNew: 409700K->103K(460800K), 0.0026231 secs] 464076K->54479K(1484800K), 0.0027115 secs] [Times: user=0.00 sys=0.00, real=0.00 secs] 
2019-10-10T12:32:04.902+0000: 282.164: [GC (Allocation Failure) 2019-10-10T12:32:04.903+0000: 282.164: [DefNew: 409703K->102K(460800K), 0.0028452 secs] 464079K->54478K(1484800K), 0.0042675 secs] [Times: user=0.00 sys=0.00, real=0.00 secs] 
2019-10-10T12:32:10.246+0000: 287.507: [GC (Allocation Failure) 2019-10-10T12:32:10.246+0000: 287.507: [DefNew: 409702K->220K(460800K), 0.0029626 secs] 464078K->54597K(1484800K), 0.0030560 secs] [Times: user=0.01 sys=0.00, real=0.01 secs] 
2019-10-10T12:32:15.486+0000: 292.748: [GC (Allocation Failure) 2019-10-10T12:32:15.487+0000: 292.748: [DefNew: 409820K->137K(460800K), 0.0030822 secs] 464197K->54514K(1484800K), 0.0047297 secs] [Times: user=0.00 sys=0.00, real=0.01 secs] 
2019-10-10T12:32:21.622+0000: 298.883: [GC (Allocation Failure) 2019-10-10T12:32:21.622+0000: 298.883: [DefNew: 409737K->196K(460800K), 0.0028243 secs] 464114K->54573K(1484800K), 0.0029103 secs] [Times: user=0.00 sys=0.00, real=0.00 secs] 
2019-10-10T12:32:27.141+0000: 304.402: [GC (Allocation Failure) 2019-10-10T12:32:27.141+0000: 304.402: [DefNew: 409796K->167K(460800K), 0.0031677 secs] 464173K->54543K(1484800K), 0.0032637 secs] [Times: user=0.01 sys=0.00, real=0.00 secs] 
2019-10-10T12:32:32.380+0000: 309.642: [GC (Allocation Failure) 2019-10-10T12:32:32.382+0000: 309.642: [DefNew: 409767K->362K(460800K), 0.0034875 secs] 464143K->54739K(1484800K), 0.0050040 secs] [Times: user=0.00 sys=0.00, real=0.00 secs] 
2019-10-10T12:32:37.763+0000: 315.025: [GC (Allocation Failure) 2019-10-10T12:32:37.765+0000: 315.026: [DefNew: 409962K->146K(460800K), 0.0032605 secs] 464339K->54524K(1484800K), 0.0048313 secs] [Times: user=0.01 sys=0.00, real=0.01 secs] 
2019-10-10T12:32:43.036+0000: 320.298: [GC (Allocation Failure) 2019-10-10T12:32:43.037+0000: 320.298: [DefNew: 409746K->120K(460800K), 0.0029076 secs] 464124K->54498K(1484800K), 0.0045165 secs] [Times: user=0.00 sys=0.00, real=0.00 secs] 
2019-10-10T12:32:48.359+0000: 325.621: [GC (Allocation Failure) 2019-10-10T12:32:48.361+0000: 325.621: [DefNew: 409720K->98K(460800K), 0.0029742 secs] 464098K->54488K(1484800K), 0.0049016 secs] [Times: user=0.00 sys=0.00, real=0.00 secs] 
2019-10-10T12:32:53.611+0000: 330.873: [GC (Allocation Failure) 2019-10-10T12:32:53.613+0000: 330.874: [DefNew: 409698K->190K(460800K), 0.0030212 secs] 464088K->54586K(1484800K), 0.0047672 secs] [Times: user=0.01 sys=0.00, real=0.01 secs] 
2019-10-10T12:32:59.327+0000: 336.587: [GC (Allocation Failure) 2019-10-10T12:32:59.327+0000: 336.587: [DefNew: 409790K->93K(460800K), 0.0026955 secs] 464186K->54489K(1484800K), 0.0027735 secs] [Times: user=0.00 sys=0.00, real=0.01 secs] 
2019-10-10T12:33:04.889+0000: 342.151: [GC (Allocation Failure) 2019-10-10T12:33:04.891+0000: 342.151: [DefNew: 409693K->98K(460800K), 0.0028503 secs] 464089K->54494K(1484800K), 0.0041651 secs] [Times: user=0.00 sys=0.00, real=0.00 secs] 
2019-10-10T12:33:10.170+0000: 347.430: [GC (Allocation Failure) 2019-10-10T12:33:10.170+0000: 347.430: [DefNew: 409698K->92K(460800K), 0.0026153 secs] 464094K->54488K(1484800K), 0.0027034 secs] [Times: user=0.00 sys=0.00, real=0.00 secs] 
2019-10-10T12:33:15.630+0000: 352.892: [GC (Allocation Failure) 2019-10-10T12:33:15.631+0000: 352.892: [DefNew: 409692K->122K(460800K), 0.0030397 secs] 464088K->54518K(1484800K), 0.0046140 secs] [Times: user=0.00 sys=0.00, real=0.00 secs] 
2019-10-10T12:33:20.892+0000: 358.153: [GC (Allocation Failure) 2019-10-10T12:33:20.893+0000: 358.153: [DefNew: 409722K->91K(460800K), 0.0026813 secs] 464118K->54488K(1484800K), 0.0040742 secs] [Times: user=0.00 sys=0.00, real=0.01 secs] 
2019-10-10T12:33:26.676+0000: 363.936: [GC (Allocation Failure) 2019-10-10T12:33:26.676+0000: 363.936: [DefNew: 409691K->94K(460800K), 0.0026923 secs] 464088K->54491K(1484800K), 0.0027717 secs] [Times: user=0.01 sys=0.00, real=0.00 secs] 
2019-10-10T12:33:32.246+0000: 369.507: [GC (Allocation Failure) 2019-10-10T12:33:32.246+0000: 369.507: [DefNew: 409694K->107K(460800K), 0.0027691 secs] 464091K->54503K(1484800K), 0.0028663 secs] [Times: user=0.01 sys=0.00, real=0.01 secs] 
2019-10-10T12:33:37.547+0000: 374.809: [GC (Allocation Failure) 2019-10-10T12:33:37.549+0000: 374.809: [DefNew: 409707K->424K(460800K), 0.0039537 secs] 464103K->54821K(1484800K), 0.0053385 secs] [Times: user=0.01 sys=0.00, real=0.00 secs] 
2019-10-10T12:33:42.833+0000: 380.095: [GC (Allocation Failure) 2019-10-10T12:33:42.835+0000: 380.095: [DefNew: 410024K->97K(460800K), 0.0029787 secs] 464421K->54493K(1484800K), 0.0048032 secs] [Times: user=0.00 sys=0.00, real=0.01 secs] 
2019-10-10T12:33:48.186+0000: 385.448: [GC (Allocation Failure) 2019-10-10T12:33:48.188+0000: 385.448: [DefNew: 409697K->163K(460800K), 0.0028844 secs] 464093K->54568K(1484800K), 0.0041664 secs] [Times: user=0.00 sys=0.01, real=0.01 secs] 
2019-10-10T12:33:53.592+0000: 390.854: [GC (Allocation Failure) 2019-10-10T12:33:53.593+0000: 390.854: [DefNew: 409763K->151K(460800K), 0.0029179 secs] 464168K->54557K(1484800K), 0.0043414 secs] [Times: user=0.00 sys=0.00, real=0.01 secs] 
2019-10-10T12:33:58.965+0000: 396.225: [GC (Allocation Failure) 2019-10-10T12:33:58.965+0000: 396.225: [DefNew: 409751K->202K(460800K), 0.0030460 secs] 464157K->54608K(1484800K), 0.0031366 secs] [Times: user=0.00 sys=0.00, real=0.01 secs] 
2019-10-10T12:34:04.296+0000: 401.556: [GC (Allocation Failure) 2019-10-10T12:34:04.296+0000: 401.556: [DefNew: 409802K->186K(460800K), 0.0028892 secs] 464208K->54592K(1484800K), 0.0029756 secs] [Times: user=0.00 sys=0.00, real=0.00 secs] 
2019-10-10T12:34:09.634+0000: 406.896: [GC (Allocation Failure) 2019-10-10T12:34:09.635+0000: 406.896: [DefNew: 409786K->96K(460800K), 0.0027562 secs] 464192K->54502K(1484800K), 0.0042073 secs] [Times: user=0.00 sys=0.00, real=0.01 secs] 
2019-10-10T12:34:14.800+0000: 412.061: [GC (Allocation Failure) 2019-10-10T12:34:14.801+0000: 412.061: [DefNew: 409696K->130K(460800K), 0.0027048 secs] 464102K->54536K(1484800K), 0.0040077 secs] [Times: user=0.00 sys=0.00, real=0.00 secs] 
2019-10-10T12:34:20.169+0000: 417.431: [GC (Allocation Failure) 2019-10-10T12:34:20.170+0000: 417.431: [DefNew: 409730K->236K(460800K), 0.0030663 secs] 464136K->54642K(1484800K), 0.0044359 secs] [Times: user=0.00 sys=0.00, real=0.00 secs] 
2019-10-10T12:34:25.364+0000: 422.626: [GC (Allocation Failure) 2019-10-10T12:34:25.365+0000: 422.626: [DefNew: 409836K->248K(460800K), 0.0033282 secs] 464242K->54654K(1484800K), 0.0047080 secs] [Times: user=0.00 sys=0.00, real=0.01 secs] 
2019-10-10T12:34:30.915+0000: 428.177: [GC (Allocation Failure) 2019-10-10T12:34:30.916+0000: 428.177: [DefNew: 409848K->151K(460800K), 0.0030400 secs] 464254K->54557K(1484800K), 0.0045012 secs] [Times: user=0.01 sys=0.00, real=0.01 secs] 
2019-10-10T12:34:36.462+0000: 433.722: [GC (Allocation Failure) 2019-10-10T12:34:36.462+0000: 433.722: [DefNew: 409751K->253K(460800K), 0.0031442 secs] 464157K->54659K(1484800K), 0.0032595 secs] [Times: user=0.00 sys=0.00, real=0.00 secs] 
2019-10-10T12:34:42.072+0000: 439.335: [GC (Allocation Failure) 2019-10-10T12:34:42.074+0000: 439.335: [DefNew: 409853K->102K(460800K), 0.0027219 secs] 464259K->54507K(1484800K), 0.0043210 secs] [Times: user=0.01 sys=0.00, real=0.01 secs] 
2019-10-10T12:34:47.280+0000: 444.542: [GC (Allocation Failure) 2019-10-10T12:34:47.282+0000: 444.542: [DefNew: 409702K->192K(460800K), 0.0030397 secs] 464107K->54603K(1484800K), 0.0049161 secs] [Times: user=0.00 sys=0.00, real=0.00 secs] 
2019-10-10T12:34:52.677+0000: 449.938: [GC (Allocation Failure) 2019-10-10T12:34:52.678+0000: 449.938: [DefNew: 409792K->98K(460800K), 0.0028114 secs] 464203K->54509K(1484800K), 0.0041278 secs] [Times: user=0.00 sys=0.00, real=0.00 secs] 
2019-10-10T12:34:57.950+0000: 455.211: [GC (Allocation Failure) 2019-10-10T12:34:57.951+0000: 455.211: [DefNew: 409698K->106K(460800K), 0.0027988 secs] 464109K->54517K(1484800K), 0.0040872 secs] [Times: user=0.00 sys=0.00, real=0.00 secs] 
2019-10-10T12:35:03.230+0000: 460.490: [GC (Allocation Failure) 2019-10-10T12:35:03.230+0000: 460.490: [DefNew: 409706K->100K(460800K), 0.0026958 secs] 464117K->54512K(1484800K), 0.0027733 secs] [Times: user=0.00 sys=0.00, real=0.00 secs] 
12:35:05.329 [worker-akka.actor.default-dispatcher-10] INFO  a.r.a.Association(akka://worker) akka.remote.artery.Association(akka://worker) - Stopping idle outbound stream [2] to [akka://worker@flamestream-benchmarks-worker-0:5412]
2019-10-10T12:35:09.617+0000: 466.878: [GC (Allocation Failure) 2019-10-10T12:35:09.617+0000: 466.878: [DefNew: 409700K->248K(460800K), 0.0032258 secs] 464112K->54660K(1484800K), 0.0033148 secs] [Times: user=0.01 sys=0.00, real=0.00 secs] 
2019-10-10T12:35:15.109+0000: 472.371: [GC (Allocation Failure) 2019-10-10T12:35:15.111+0000: 472.371: [DefNew: 409848K->155K(460800K), 0.0030282 secs] 464260K->54567K(1484800K), 0.0044594 secs] [Times: user=0.00 sys=0.00, real=0.00 secs] 
2019-10-10T12:35:20.456+0000: 477.718: [GC (Allocation Failure) 2019-10-10T12:35:20.458+0000: 477.719: [DefNew: 409755K->158K(460800K), 0.0033865 secs] 464167K->54570K(1484800K), 0.0050627 secs] [Times: user=0.00 sys=0.00, real=0.00 secs] 
2019-10-10T12:35:25.972+0000: 483.234: [GC (Allocation Failure) 2019-10-10T12:35:25.974+0000: 483.234: [DefNew: 409758K->213K(460800K), 0.0032692 secs] 464170K->54625K(1484800K), 0.0046207 secs] [Times: user=0.00 sys=0.00, real=0.01 secs] 
2019-10-10T12:35:31.364+0000: 488.625: [GC (Allocation Failure) 2019-10-10T12:35:31.364+0000: 488.625: [DefNew: 409813K->152K(460800K), 0.0030889 secs] 464225K->54572K(1484800K), 0.0032283 secs] [Times: user=0.00 sys=0.00, real=0.01 secs] 
2019-10-10T12:35:36.591+0000: 493.854: [GC (Allocation Failure) 2019-10-10T12:35:36.593+0000: 493.854: [DefNew: 409752K->188K(460800K), 0.0033643 secs] 464172K->54608K(1484800K), 0.0051196 secs] [Times: user=0.00 sys=0.00, real=0.01 secs] 
2019-10-10T12:35:41.877+0000: 499.139: [GC (Allocation Failure) 2019-10-10T12:35:41.879+0000: 499.139: [DefNew: 409788K->177K(460800K), 0.0034488 secs] 464208K->54598K(1484800K), 0.0049803 secs] [Times: user=0.00 sys=0.00, real=0.00 secs] 
2019-10-10T12:35:47.370+0000: 504.630: [GC (Allocation Failure) 2019-10-10T12:35:47.370+0000: 504.630: [DefNew: 409777K->150K(460800K), 0.0028682 secs] 464198K->54572K(1484800K), 0.0029641 secs] [Times: user=0.00 sys=0.00, real=0.00 secs] 
2019-10-10T12:35:53.055+0000: 510.316: [GC (Allocation Failure) 2019-10-10T12:35:53.056+0000: 510.316: [DefNew: 409750K->221K(460800K), 0.0032666 secs] 464172K->54648K(1484800K), 0.0046076 secs] [Times: user=0.00 sys=0.00, real=0.01 secs] 
2019-10-10T12:35:58.617+0000: 515.878: [GC (Allocation Failure) 2019-10-10T12:35:58.618+0000: 515.879: [DefNew: 409821K->144K(460800K), 0.0029996 secs] 464248K->54571K(1484800K), 0.0043295 secs] [Times: user=0.01 sys=0.00, real=0.00 secs] 
2019-10-10T12:36:04.155+0000: 521.416: [GC (Allocation Failure) 2019-10-10T12:36:04.155+0000: 521.416: [DefNew: 409744K->367K(460800K), 0.0035708 secs] 464171K->54794K(1484800K), 0.0036831 secs] [Times: user=0.01 sys=0.00, real=0.00 secs] 
2019-10-10T12:36:09.287+0000: 526.548: [GC (Allocation Failure) 2019-10-10T12:36:09.288+0000: 526.549: [DefNew: 409967K->147K(460800K), 0.0033765 secs] 464394K->54574K(1484800K), 0.0047990 secs] [Times: user=0.01 sys=0.00, real=0.01 secs] 
2019-10-10T12:36:14.598+0000: 531.860: [GC (Allocation Failure) 2019-10-10T12:36:14.599+0000: 531.860: [DefNew: 409747K->293K(460800K), 0.0032941 secs] 464174K->54720K(1484800K), 0.0045999 secs] [Times: user=0.00 sys=0.00, real=0.00 secs] 
2019-10-10T12:36:19.816+0000: 537.077: [GC (Allocation Failure) 2019-10-10T12:36:19.817+0000: 537.077: [DefNew: 409893K->309K(460800K), 0.0036966 secs] 464320K->54736K(1484800K), 0.0050132 secs] [Times: user=0.00 sys=0.00, real=0.00 secs] 
2019-10-10T12:36:25.126+0000: 542.387: [GC (Allocation Failure) 2019-10-10T12:36:25.126+0000: 542.387: [DefNew: 409909K->335K(460800K), 0.0035100 secs] 464336K->54762K(1484800K), 0.0035863 secs] [Times: user=0.01 sys=0.00, real=0.01 secs] 
2019-10-10T12:36:30.569+0000: 547.831: [GC (Allocation Failure) 2019-10-10T12:36:30.571+0000: 547.831: [DefNew: 409935K->92K(460800K), 0.0034786 secs] 464362K->54576K(1484800K), 0.0049797 secs] [Times: user=0.01 sys=0.00, real=0.00 secs] 
2019-10-10T12:36:36.085+0000: 553.347: [GC (Allocation Failure) 2019-10-10T12:36:36.087+0000: 553.347: [DefNew: 409692K->92K(460800K), 0.0026778 secs] 464176K->54577K(1484800K), 0.0042646 secs] [Times: user=0.00 sys=0.00, real=0.01 secs] 
2019-10-10T12:36:41.433+0000: 558.695: [GC (Allocation Failure) 2019-10-10T12:36:41.435+0000: 558.695: [DefNew: 409692K->256K(460800K), 0.0032420 secs] 464177K->54741K(1484800K), 0.0046530 secs] [Times: user=0.00 sys=0.00, real=0.01 secs] 
2019-10-10T12:36:46.854+0000: 564.116: [GC (Allocation Failure) 2019-10-10T12:36:46.856+0000: 564.116: [DefNew: 409856K->106K(460800K), 0.0030152 secs] 464341K->54596K(1484800K), 0.0047752 secs] [Times: user=0.00 sys=0.00, real=0.01 secs] 
2019-10-10T12:36:52.230+0000: 569.491: [GC (Allocation Failure) 2019-10-10T12:36:52.230+0000: 569.491: [DefNew: 409706K->105K(460800K), 0.0026766 secs] 464196K->54595K(1484800K), 0.0027543 secs] [Times: user=0.01 sys=0.00, real=0.00 secs] 
2019-10-10T12:36:57.556+0000: 574.818: [GC (Allocation Failure) 2019-10-10T12:36:57.557+0000: 574.818: [DefNew: 409705K->225K(460800K), 0.0034862 secs] 464195K->54715K(1484800K), 0.0050361 secs] [Times: user=0.00 sys=0.00, real=0.00 secs] 
2019-10-10T12:37:02.736+0000: 579.998: [GC (Allocation Failure) 2019-10-10T12:37:02.737+0000: 579.998: [DefNew: 409825K->248K(460800K), 0.0031537 secs] 464315K->54738K(1484800K), 0.0045140 secs] [Times: user=0.00 sys=0.00, real=0.00 secs] 
2019-10-10T12:37:07.893+0000: 585.155: [GC (Allocation Failure) 2019-10-10T12:37:07.895+0000: 585.155: [DefNew: 409848K->88K(460800K), 0.0026435 secs] 464338K->54579K(1484800K), 0.0040970 secs] [Times: user=0.00 sys=0.00, real=0.01 secs] 
2019-10-10T12:37:13.067+0000: 590.327: [GC (Allocation Failure) 2019-10-10T12:37:13.067+0000: 590.327: [DefNew: 409688K->149K(460800K), 0.0028279 secs] 464179K->54640K(1484800K), 0.0029396 secs] [Times: user=0.01 sys=0.00, real=0.01 secs] 
2019-10-10T12:37:18.271+0000: 595.533: [GC (Allocation Failure) 2019-10-10T12:37:18.272+0000: 595.533: [DefNew: 409749K->241K(460800K), 0.0031724 secs] 464240K->54732K(1484800K), 0.0045422 secs] [Times: user=0.00 sys=0.00, real=0.01 secs] 
2019-10-10T12:37:23.553+0000: 600.813: [GC (Allocation Failure) 2019-10-10T12:37:23.553+0000: 600.813: [DefNew: 409841K->90K(460800K), 0.0027102 secs] 464332K->54581K(1484800K), 0.0028192 secs] [Times: user=0.00 sys=0.00, real=0.01 secs] 
2019-10-10T12:37:29.225+0000: 606.485: [GC (Allocation Failure) 2019-10-10T12:37:29.225+0000: 606.485: [DefNew: 409690K->118K(460800K), 0.0028145 secs] 464181K->54609K(1484800K), 0.0029061 secs] [Times: user=0.00 sys=0.00, real=0.01 secs] 
2019-10-10T12:37:34.521+0000: 611.783: [GC (Allocation Failure) 2019-10-10T12:37:34.523+0000: 611.783: [DefNew: 409718K->177K(460800K), 0.0032009 secs] 464209K->54668K(1484800K), 0.0046624 secs] [Times: user=0.01 sys=0.00, real=0.00 secs] 
2019-10-10T12:37:39.848+0000: 617.111: [GC (Allocation Failure) 2019-10-10T12:37:39.850+0000: 617.111: [DefNew: 409777K->144K(460800K), 0.0027982 secs] 464268K->54635K(1484800K), 0.0053477 secs] [Times: user=0.00 sys=0.00, real=0.00 secs] 
2019-10-10T12:37:45.185+0000: 622.446: [GC (Allocation Failure) 2019-10-10T12:37:45.185+0000: 622.446: [DefNew: 409744K->160K(460800K), 0.0029630 secs] 464235K->54651K(1484800K), 0.0030725 secs] [Times: user=0.01 sys=0.00, real=0.01 secs] 
2019-10-10T12:37:50.602+0000: 627.864: [GC (Allocation Failure) 2019-10-10T12:37:50.603+0000: 627.864: [DefNew: 409760K->122K(460800K), 0.0028754 secs] 464251K->54618K(1484800K), 0.0044627 secs] [Times: user=0.00 sys=0.00, real=0.00 secs] 
2019-10-10T12:37:55.907+0000: 633.169: [GC (Allocation Failure) 2019-10-10T12:37:55.909+0000: 633.169: [DefNew: 409722K->120K(460800K), 0.0028841 secs] 464218K->54615K(1484800K), 0.0043227 secs] [Times: user=0.00 sys=0.00, real=0.00 secs] 
2019-10-10T12:38:01.245+0000: 638.506: [GC (Allocation Failure) 2019-10-10T12:38:01.245+0000: 638.506: [DefNew: 409720K->176K(460800K), 0.0027855 secs] 464215K->54672K(1484800K), 0.0028724 secs] [Times: user=0.00 sys=0.00, real=0.01 secs] 
2019-10-10T12:38:06.383+0000: 643.645: [GC (Allocation Failure) 2019-10-10T12:38:06.385+0000: 643.645: [DefNew: 409776K->121K(460800K), 0.0031979 secs] 464272K->54617K(1484800K), 0.0046727 secs] [Times: user=0.00 sys=0.00, real=0.01 secs] 
2019-10-10T12:38:11.651+0000: 648.913: [GC (Allocation Failure) 2019-10-10T12:38:11.652+0000: 648.913: [DefNew: 409721K->127K(460800K), 0.0028168 secs] 464217K->54622K(1484800K), 0.0044445 secs] [Times: user=0.01 sys=0.00, real=0.01 secs] 
2019-10-10T12:38:17.006+0000: 654.267: [GC (Allocation Failure) 2019-10-10T12:38:17.006+0000: 654.267: [DefNew: 409727K->141K(460800K), 0.0028385 secs] 464222K->54636K(1484800K), 0.0029301 secs] [Times: user=0.00 sys=0.00, real=0.01 secs] 
2019-10-10T12:38:22.233+0000: 659.495: [GC (Allocation Failure) 2019-10-10T12:38:22.234+0000: 659.495: [DefNew: 409741K->132K(460800K), 0.0030552 secs] 464236K->54628K(1484800K), 0.0044824 secs] [Times: user=0.00 sys=0.00, real=0.01 secs] 
2019-10-10T12:38:27.776+0000: 665.038: [GC (Allocation Failure) 2019-10-10T12:38:27.777+0000: 665.038: [DefNew: 409732K->142K(460800K), 0.0032415 secs] 464228K->54637K(1484800K), 0.0049495 secs] [Times: user=0.01 sys=0.00, real=0.00 secs] 
2019-10-10T12:38:33.267+0000: 670.528: [GC (Allocation Failure) 2019-10-10T12:38:33.267+0000: 670.528: [DefNew: 409742K->132K(460800K), 0.0026013 secs] 464237K->54627K(1484800K), 0.0026768 secs] [Times: user=0.00 sys=0.00, real=0.00 secs] 
2019-10-10T12:38:38.636+0000: 675.898: [GC (Allocation Failure) 2019-10-10T12:38:38.638+0000: 675.898: [DefNew: 409732K->127K(460800K), 0.0027905 secs] 464227K->54622K(1484800K), 0.0042330 secs] [Times: user=0.00 sys=0.00, real=0.00 secs] 
2019-10-10T12:38:43.887+0000: 681.148: [GC (Allocation Failure) 2019-10-10T12:38:43.888+0000: 681.148: [DefNew: 409727K->128K(460800K), 0.0027910 secs] 464222K->54624K(1484800K), 0.0042815 secs] [Times: user=0.00 sys=0.00, real=0.01 secs] 
2019-10-10T12:38:49.318+0000: 686.578: [GC (Allocation Failure) 2019-10-10T12:38:49.318+0000: 686.578: [DefNew: 409728K->121K(460800K), 0.0028439 secs] 464224K->54623K(1484800K), 0.0029405 secs] [Times: user=0.01 sys=0.00, real=0.00 secs] 
2019-10-10T12:38:54.717+0000: 691.979: [GC (Allocation Failure) 2019-10-10T12:38:54.719+0000: 691.979: [DefNew: 409721K->121K(460800K), 0.0027027 secs] 464223K->54623K(1484800K), 0.0042757 secs] [Times: user=0.00 sys=0.00, real=0.00 secs] 
2019-10-10T12:38:59.847+0000: 697.108: [GC (Allocation Failure) 2019-10-10T12:38:59.848+0000: 697.109: [DefNew: 409721K->89K(460800K), 0.0031427 secs] 464223K->54624K(1484800K), 0.0045754 secs] [Times: user=0.00 sys=0.00, real=0.01 secs] 
2019-10-10T12:39:05.095+0000: 702.356: [GC (Allocation Failure) 2019-10-10T12:39:05.095+0000: 702.356: [DefNew: 409689K->89K(460800K), 0.0027480 secs] 464224K->54624K(1484800K), 0.0028345 secs] [Times: user=0.00 sys=0.00, real=0.00 secs] 
2019-10-10T12:39:10.337+0000: 707.598: [GC (Allocation Failure) 2019-10-10T12:39:10.338+0000: 707.598: [DefNew: 409689K->133K(460800K), 0.0031300 secs] 464224K->54668K(1484800K), 0.0043624 secs] [Times: user=0.00 sys=0.00, real=0.00 secs] 
2019-10-10T12:39:15.541+0000: 712.803: [GC (Allocation Failure) 2019-10-10T12:39:15.543+0000: 712.803: [DefNew: 409733K->204K(460800K), 0.0030866 secs] 464268K->54739K(1484800K), 0.0047362 secs] [Times: user=0.00 sys=0.00, real=0.00 secs] 
2019-10-10T12:39:20.753+0000: 718.014: [GC (Allocation Failure) 2019-10-10T12:39:20.754+0000: 718.014: [DefNew: 409804K->94K(460800K), 0.0027203 secs] 464339K->54628K(1484800K), 0.0041835 secs] [Times: user=0.01 sys=0.00, real=0.01 secs] 
2019-10-10T12:39:26.054+0000: 723.316: [GC (Allocation Failure) 2019-10-10T12:39:26.055+0000: 723.316: [DefNew: 409694K->126K(460800K), 0.0028633 secs] 464228K->54660K(1484800K), 0.0043521 secs] [Times: user=0.00 sys=0.00, real=0.01 secs] 
2019-10-10T12:39:31.427+0000: 728.689: [GC (Allocation Failure) 2019-10-10T12:39:31.428+0000: 728.689: [DefNew: 409726K->176K(460800K), 0.0030039 secs] 464260K->54711K(1484800K), 0.0045099 secs] [Times: user=0.01 sys=0.00, real=0.01 secs] 
2019-10-10T12:39:36.634+0000: 733.896: [GC (Allocation Failure) 2019-10-10T12:39:36.635+0000: 733.896: [DefNew: 409776K->174K(460800K), 0.0028758 secs] 464311K->54709K(1484800K), 0.0042364 secs] [Times: user=0.00 sys=0.00, real=0.01 secs] 
2019-10-10T12:39:41.773+0000: 739.035: [GC (Allocation Failure) 2019-10-10T12:39:41.774+0000: 739.035: [DefNew: 409774K->144K(460800K), 0.0028421 secs] 464309K->54679K(1484800K), 0.0045352 secs] [Times: user=0.00 sys=0.00, real=0.01 secs] 
2019-10-10T12:39:47.113+0000: 744.373: [GC (Allocation Failure) 2019-10-10T12:39:47.113+0000: 744.373: [DefNew: 409744K->137K(460800K), 0.0027367 secs] 464279K->54679K(1484800K), 0.0028271 secs] [Times: user=0.01 sys=0.00, real=0.01 secs] 
2019-10-10T12:39:52.328+0000: 749.590: [GC (Allocation Failure) 2019-10-10T12:39:52.329+0000: 749.590: [DefNew: 409737K->137K(460800K), 0.0032390 secs] 464279K->54678K(1484800K), 0.0047937 secs] [Times: user=0.01 sys=0.00, real=0.00 secs] 
2019-10-10T12:39:57.588+0000: 754.849: [GC (Allocation Failure) 2019-10-10T12:39:57.589+0000: 754.850: [DefNew: 409737K->137K(460800K), 0.0029301 secs] 464278K->54679K(1484800K), 0.0044650 secs] [Times: user=0.00 sys=0.00, real=0.00 secs] 
2019-10-10T12:40:02.887+0000: 760.148: [GC (Allocation Failure) 2019-10-10T12:40:02.888+0000: 760.148: [DefNew: 409737K->184K(460800K), 0.0028149 secs] 464279K->54726K(1484800K), 0.0029002 secs] [Times: user=0.00 sys=0.00, real=0.00 secs] 
2019-10-10T12:40:08.235+0000: 765.496: [GC (Allocation Failure) 2019-10-10T12:40:08.235+0000: 765.496: [DefNew: 409784K->142K(460800K), 0.0026761 secs] 464326K->54684K(1484800K), 0.0027605 secs] [Times: user=0.00 sys=0.00, real=0.00 secs] 
2019-10-10T12:40:13.474+0000: 770.736: [GC (Allocation Failure) 2019-10-10T12:40:13.475+0000: 770.736: [DefNew: 409742K->140K(460800K), 0.0030103 secs] 464284K->54682K(1484800K), 0.0044134 secs] [Times: user=0.01 sys=0.00, real=0.01 secs] 
2019-10-10T12:40:18.800+0000: 776.062: [GC (Allocation Failure) 2019-10-10T12:40:18.801+0000: 776.062: [DefNew: 409740K->178K(460800K), 0.0029510 secs] 464282K->54720K(1484800K), 0.0044573 secs] [Times: user=0.01 sys=0.00, real=0.00 secs] 
2019-10-10T12:40:24.130+0000: 781.392: [GC (Allocation Failure) 2019-10-10T12:40:24.131+0000: 781.392: [DefNew: 409778K->201K(460800K), 0.0030475 secs] 464320K->54743K(1484800K), 0.0045384 secs] [Times: user=0.01 sys=0.00, real=0.00 secs] 
2019-10-10T12:40:29.611+0000: 786.873: [GC (Allocation Failure) 2019-10-10T12:40:29.612+0000: 786.873: [DefNew: 409801K->190K(460800K), 0.0031839 secs] 464343K->54732K(1484800K), 0.0048801 secs] [Times: user=0.01 sys=0.00, real=0.01 secs] 
2019-10-10T12:40:34.855+0000: 792.117: [GC (Allocation Failure) 2019-10-10T12:40:34.856+0000: 792.117: [DefNew: 409790K->162K(460800K), 0.0031605 secs] 464332K->54703K(1484800K), 0.0047209 secs] [Times: user=0.00 sys=0.00, real=0.01 secs] 
2019-10-10T12:40:40.143+0000: 797.404: [GC (Allocation Failure) 2019-10-10T12:40:40.143+0000: 797.404: [DefNew: 409762K->160K(460800K), 0.0028059 secs] 464303K->54702K(1484800K), 0.0028792 secs] [Times: user=0.00 sys=0.01, real=0.00 secs] 
2019-10-10T12:40:45.478+0000: 802.740: [GC (Allocation Failure) 2019-10-10T12:40:45.480+0000: 802.740: [DefNew: 409760K->315K(460800K), 0.0032071 secs] 464302K->54894K(1484800K), 0.0046587 secs] [Times: user=0.00 sys=0.00, real=0.00 secs] 
2019-10-10T12:40:50.668+0000: 807.930: [GC (Allocation Failure) 2019-10-10T12:40:50.669+0000: 807.930: [DefNew: 409915K->105K(460800K), 0.0028602 secs] 464494K->54701K(1484800K), 0.0042713 secs] [Times: user=0.01 sys=0.00, real=0.00 secs] 
2019-10-10T12:40:55.960+0000: 813.222: [GC (Allocation Failure) 2019-10-10T12:40:55.962+0000: 813.222: [DefNew: 409705K->267K(460800K), 0.0034032 secs] 464301K->54864K(1484800K), 0.0048949 secs] [Times: user=0.00 sys=0.00, real=0.00 secs] 
2019-10-10T12:41:01.130+0000: 818.391: [GC (Allocation Failure) 2019-10-10T12:41:01.130+0000: 818.391: [DefNew: 409867K->106K(460800K), 0.0026637 secs] 464464K->54703K(1484800K), 0.0027514 secs] [Times: user=0.00 sys=0.00, real=0.00 secs] 
2019-10-10T12:41:06.400+0000: 823.660: [GC (Allocation Failure) 2019-10-10T12:41:06.400+0000: 823.660: [DefNew: 409706K->343K(460800K), 0.0032126 secs] 464303K->54940K(1484800K), 0.0032921 secs] [Times: user=0.00 sys=0.00, real=0.00 secs] 
2019-10-10T12:41:11.692+0000: 828.954: [GC (Allocation Failure) 2019-10-10T12:41:11.693+0000: 828.954: [DefNew: 409943K->145K(460800K), 0.0028494 secs] 464540K->54742K(1484800K), 0.0043565 secs] [Times: user=0.01 sys=0.00, real=0.01 secs] 
2019-10-10T12:41:16.841+0000: 834.103: [GC (Allocation Failure) 2019-10-10T12:41:16.843+0000: 834.103: [DefNew: 409745K->168K(460800K), 0.0028959 secs] 464342K->54764K(1484800K), 0.0042149 secs] [Times: user=0.00 sys=0.00, real=0.00 secs] 
2019-10-10T12:41:22.126+0000: 839.386: [GC (Allocation Failure) 2019-10-10T12:41:22.126+0000: 839.386: [DefNew: 409768K->105K(460800K), 0.0026108 secs] 464364K->54702K(1484800K), 0.0026958 secs] [Times: user=0.00 sys=0.00, real=0.01 secs] 
2019-10-10T12:41:27.669+0000: 844.930: [GC (Allocation Failure) 2019-10-10T12:41:27.670+0000: 844.930: [DefNew: 409705K->180K(460800K), 0.0029517 secs] 464302K->54777K(1484800K), 0.0042519 secs] [Times: user=0.01 sys=0.00, real=0.00 secs] 
2019-10-10T12:41:32.987+0000: 850.249: [GC (Allocation Failure) 2019-10-10T12:41:32.988+0000: 850.249: [DefNew: 409780K->110K(460800K), 0.0029071 secs] 464377K->54706K(1484800K), 0.0041137 secs] [Times: user=0.00 sys=0.00, real=0.00 secs] 
2019-10-10T12:41:38.123+0000: 855.385: [GC (Allocation Failure) 2019-10-10T12:41:38.124+0000: 855.385: [DefNew: 409710K->110K(460800K), 0.0027270 secs] 464306K->54707K(1484800K), 0.0041332 secs] [Times: user=0.01 sys=0.00, real=0.01 secs] 
2019-10-10T12:41:43.510+0000: 860.771: [GC (Allocation Failure) 2019-10-10T12:41:43.511+0000: 860.772: [DefNew: 409710K->166K(460800K), 0.0029195 secs] 464307K->54763K(1484800K), 0.0044500 secs] [Times: user=0.01 sys=0.00, real=0.00 secs] 
2019-10-10T12:41:48.979+0000: 866.241: [GC (Allocation Failure) 2019-10-10T12:41:48.980+0000: 866.241: [DefNew: 409766K->210K(460800K), 0.0030115 secs] 464363K->54829K(1484800K), 0.0043836 secs] [Times: user=0.01 sys=0.00, real=0.00 secs] 
2019-10-10T12:41:54.223+0000: 871.485: [GC (Allocation Failure) 2019-10-10T12:41:54.224+0000: 871.485: [DefNew: 409810K->94K(460800K), 0.0029661 secs] 464429K->54713K(1484800K), 0.0046069 secs] [Times: user=0.01 sys=0.00, real=0.01 secs] 
2019-10-10T12:41:59.800+0000: 877.062: [GC (Allocation Failure) 2019-10-10T12:41:59.801+0000: 877.062: [DefNew: 409694K->85K(460800K), 0.0028788 secs] 464313K->54705K(1484800K), 0.0042817 secs] [Times: user=0.00 sys=0.00, real=0.00 secs] 
2019-10-10T12:42:05.131+0000: 882.392: [GC (Allocation Failure) 2019-10-10T12:42:05.131+0000: 882.392: [DefNew: 409685K->90K(460800K), 0.0026080 secs] 464305K->54709K(1484800K), 0.0026859 secs] [Times: user=0.00 sys=0.00, real=0.00 secs] 
2019-10-10T12:42:10.474+0000: 887.736: [GC (Allocation Failure) 2019-10-10T12:42:10.476+0000: 887.736: [DefNew: 409690K->183K(460800K), 0.0030168 secs] 464309K->54802K(1484800K), 0.0045204 secs] [Times: user=0.00 sys=0.00, real=0.01 secs] 
2019-10-10T12:42:15.777+0000: 893.039: [GC (Allocation Failure) 2019-10-10T12:42:15.779+0000: 893.039: [DefNew: 409783K->95K(460800K), 0.0029545 secs] 464402K->54714K(1484800K), 0.0042971 secs] [Times: user=0.01 sys=0.00, real=0.00 secs] 
2019-10-10T12:42:21.049+0000: 898.311: [GC (Allocation Failure) 2019-10-10T12:42:21.050+0000: 898.311: [DefNew: 409695K->88K(460800K), 0.0027666 secs] 464314K->54707K(1484800K), 0.0043159 secs] [Times: user=0.00 sys=0.00, real=0.00 secs] 
2019-10-10T12:42:26.379+0000: 903.641: [GC (Allocation Failure) 2019-10-10T12:42:26.381+0000: 903.641: [DefNew: 409688K->203K(460800K), 0.0032399 secs] 464307K->54822K(1484800K), 0.0046878 secs] [Times: user=0.01 sys=0.00, real=0.00 secs] 
2019-10-10T12:42:31.657+0000: 908.919: [GC (Allocation Failure) 2019-10-10T12:42:31.659+0000: 908.919: [DefNew: 409803K->94K(460800K), 0.0029873 secs] 464422K->54713K(1484800K), 0.0043675 secs] [Times: user=0.01 sys=0.00, real=0.00 secs] 
2019-10-10T12:42:36.783+0000: 914.045: [GC (Allocation Failure) 2019-10-10T12:42:36.785+0000: 914.045: [DefNew: 409694K->95K(460800K), 0.0030086 secs] 464313K->54714K(1484800K), 0.0044376 secs] [Times: user=0.00 sys=0.00, real=0.01 secs] 
2019-10-10T12:42:42.079+0000: 919.341: [GC (Allocation Failure) 2019-10-10T12:42:42.080+0000: 919.341: [DefNew: 409695K->201K(460800K), 0.0032390 secs] 464314K->54820K(1484800K), 0.0046217 secs] [Times: user=0.00 sys=0.00, real=0.00 secs] 
2019-10-10T12:42:47.340+0000: 924.602: [GC (Allocation Failure) 2019-10-10T12:42:47.342+0000: 924.602: [DefNew: 409801K->90K(460800K), 0.0028632 secs] 464420K->54714K(1484800K), 0.0047575 secs] [Times: user=0.00 sys=0.00, real=0.00 secs] 
2019-10-10T12:42:52.667+0000: 929.929: [GC (Allocation Failure) 2019-10-10T12:42:52.669+0000: 929.929: [DefNew: 409690K->155K(460800K), 0.0030666 secs] 464314K->54778K(1484800K), 0.0048972 secs] [Times: user=0.00 sys=0.00, real=0.01 secs] 
2019-10-10T12:42:58.022+0000: 935.285: [GC (Allocation Failure) 2019-10-10T12:42:58.024+0000: 935.285: [DefNew: 409755K->97K(460800K), 0.0032123 secs] 464378K->54720K(1484800K), 0.0050135 secs] [Times: user=0.00 sys=0.00, real=0.01 secs] 
2019-10-10T12:43:03.419+0000: 940.681: [GC (Allocation Failure) 2019-10-10T12:43:03.420+0000: 940.681: [DefNew: 409697K->176K(460800K), 0.0031773 secs] 464320K->54800K(1484800K), 0.0045994 secs] [Times: user=0.00 sys=0.00, real=0.00 secs] 
2019-10-10T12:43:08.724+0000: 945.985: [GC (Allocation Failure) 2019-10-10T12:43:08.725+0000: 945.985: [DefNew: 409776K->130K(460800K), 0.0029775 secs] 464400K->54754K(1484800K), 0.0035152 secs] [Times: user=0.00 sys=0.00, real=0.01 secs] 
2019-10-10T12:43:14.042+0000: 951.304: [GC (Allocation Failure) 2019-10-10T12:43:14.044+0000: 951.304: [DefNew: 409730K->91K(460800K), 0.0027886 secs] 464354K->54715K(1484800K), 0.0042083 secs] [Times: user=0.00 sys=0.00, real=0.00 secs] 
2019-10-10T12:43:19.287+0000: 956.549: [GC (Allocation Failure) 2019-10-10T12:43:19.288+0000: 956.549: [DefNew: 409691K->215K(460800K), 0.0033062 secs] 464315K->54838K(1484800K), 0.0047290 secs] [Times: user=0.01 sys=0.00, real=0.01 secs] 
2019-10-10T12:43:24.832+0000: 962.094: [GC (Allocation Failure) 2019-10-10T12:43:24.833+0000: 962.094: [DefNew: 409815K->92K(460800K), 0.0029799 secs] 464438K->54716K(1484800K), 0.0043807 secs] [Times: user=0.01 sys=0.00, real=0.01 secs] 
2019-10-10T12:43:30.300+0000: 967.560: [GC (Allocation Failure) 2019-10-10T12:43:30.300+0000: 967.560: [DefNew: 409692K->96K(460800K), 0.0026828 secs] 464316K->54720K(1484800K), 0.0027744 secs] [Times: user=0.00 sys=0.00, real=0.00 secs] 
2019-10-10T12:43:35.558+0000: 972.820: [GC (Allocation Failure) 2019-10-10T12:43:35.560+0000: 972.820: [DefNew: 409696K->95K(460800K), 0.0026601 secs] 464320K->54719K(1484800K), 0.0038906 secs] [Times: user=0.01 sys=0.00, real=0.00 secs] 
2019-10-10T12:43:40.801+0000: 978.062: [GC (Allocation Failure) 2019-10-10T12:43:40.802+0000: 978.063: [DefNew: 409695K->97K(460800K), 0.0028701 secs] 464319K->54721K(1484800K), 0.0042647 secs] [Times: user=0.01 sys=0.00, real=0.00 secs] 
2019-10-10T12:43:45.932+0000: 983.194: [GC (Allocation Failure) 2019-10-10T12:43:45.934+0000: 983.194: [DefNew: 409697K->106K(460800K), 0.0028904 secs] 464321K->54736K(1484800K), 0.0042646 secs] [Times: user=0.00 sys=0.00, real=0.01 secs] 
2019-10-10T12:43:51.340+0000: 988.601: [GC (Allocation Failure) 2019-10-10T12:43:51.340+0000: 988.601: [DefNew: 409706K->124K(460800K), 0.0027986 secs] 464336K->54755K(1484800K), 0.0028857 secs] [Times: user=0.00 sys=0.00, real=0.00 secs] 
2019-10-10T12:43:56.726+0000: 993.988: [GC (Allocation Failure) 2019-10-10T12:43:56.728+0000: 993.988: [DefNew: 409724K->111K(460800K), 0.0028731 secs] 464355K->54742K(1484800K), 0.0047996 secs] [Times: user=0.00 sys=0.00, real=0.01 secs] 
2019-10-10T12:44:01.979+0000: 999.240: [GC (Allocation Failure) 2019-10-10T12:44:01.979+0000: 999.240: [DefNew: 409711K->87K(460800K), 0.0025659 secs] 464342K->54719K(1484800K), 0.0026490 secs] [Times: user=0.01 sys=0.00, real=0.00 secs] 
2019-10-10T12:44:07.324+0000: 1004.585: [GC (Allocation Failure) 2019-10-10T12:44:07.324+0000: 1004.585: [DefNew: 409687K->245K(460800K), 0.0029731 secs] 464319K->54877K(1484800K), 0.0030476 secs] [Times: user=0.00 sys=0.00, real=0.01 secs] 
2019-10-10T12:44:12.746+0000: 1010.008: [GC (Allocation Failure) 2019-10-10T12:44:12.748+0000: 1010.008: [DefNew: 409845K->134K(460800K), 0.0028344 secs] 464477K->54765K(1484800K), 0.0044330 secs] [Times: user=0.00 sys=0.00, real=0.01 secs] 
2019-10-10T12:44:18.204+0000: 1015.466: [GC (Allocation Failure) 2019-10-10T12:44:18.205+0000: 1015.466: [DefNew: 409734K->159K(460800K), 0.0030822 secs] 464365K->54791K(1484800K), 0.0046351 secs] [Times: user=0.01 sys=0.00, real=0.01 secs] 
12:44:21.762 [Client] INFO  c.s.f.r.e.s.SocketRear  - FlameSocketGraphDeployerRear@flamestream-benchmarks-worker-8: has been disconnected from Connection 5
12:44:21.771 [Client] INFO  c.s.f.r.e.s.SocketFront  - FlameSocketGraphDeployerFront@flamestream-benchmarks-worker-8 has been disconnected from Connection 5
12:44:21.776 [worker-akka.actor.default-dispatcher-6] WARN  c.s.f.r.e.s.SocketRear  - FlameSocketGraphDeployerRear@flamestream-benchmarks-worker-8: writing to closed log
12:44:21.778 [worker-akka.actor.default-dispatcher-6] WARN  c.s.f.r.e.s.SocketRear  - FlameSocketGraphDeployerRear@flamestream-benchmarks-worker-8: writing to closed log
12:44:21.795 [worker-akka.actor.default-dispatcher-6] WARN  c.s.f.r.e.s.SocketRear  - FlameSocketGraphDeployerRear@flamestream-benchmarks-worker-8: writing to closed log
12:44:21.795 [worker-akka.actor.default-dispatcher-6] WARN  c.s.f.r.e.s.SocketRear  - FlameSocketGraphDeployerRear@flamestream-benchmarks-worker-8: writing to closed log
12:44:21.828 [worker-akka.actor.default-dispatcher-6] WARN  c.s.f.r.e.s.SocketRear  - FlameSocketGraphDeployerRear@flamestream-benchmarks-worker-8: writing to closed log
12:44:21.845 [worker-akka.actor.default-dispatcher-6] WARN  c.s.f.r.e.s.SocketRear  - FlameSocketGraphDeployerRear@flamestream-benchmarks-worker-8: writing to closed log
12:44:21.847 [worker-akka.actor.default-dispatcher-6] WARN  c.s.f.r.e.s.SocketRear  - FlameSocketGraphDeployerRear@flamestream-benchmarks-worker-8: writing to closed log
12:44:21.854 [worker-akka.actor.default-dispatcher-6] WARN  c.s.f.r.e.s.SocketRear  - FlameSocketGraphDeployerRear@flamestream-benchmarks-worker-8: writing to closed log
12:44:21.898 [worker-akka.actor.default-dispatcher-6] WARN  c.s.f.r.e.s.SocketRear  - FlameSocketGraphDeployerRear@flamestream-benchmarks-worker-8: writing to closed log
12:44:21.915 [worker-akka.actor.default-dispatcher-6] WARN  c.s.f.r.e.s.SocketRear  - FlameSocketGraphDeployerRear@flamestream-benchmarks-worker-8: writing to closed log
12:44:21.943 [worker-akka.actor.default-dispatcher-6] WARN  c.s.f.r.e.s.SocketRear  - FlameSocketGraphDeployerRear@flamestream-benchmarks-worker-8: writing to closed log
12:44:22.006 [worker-akka.actor.default-dispatcher-6] WARN  c.s.f.r.e.s.SocketRear  - FlameSocketGraphDeployerRear@flamestream-benchmarks-worker-8: writing to closed log
12:44:22.006 [worker-akka.actor.default-dispatcher-6] WARN  c.s.f.r.e.s.SocketRear  - FlameSocketGraphDeployerRear@flamestream-benchmarks-worker-8: writing to closed log
12:44:22.006 [worker-akka.actor.default-dispatcher-6] WARN  c.s.f.r.e.s.SocketRear  - FlameSocketGraphDeployerRear@flamestream-benchmarks-worker-8: writing to closed log
12:44:22.061 [worker-akka.actor.default-dispatcher-6] WARN  c.s.f.r.e.s.SocketRear  - FlameSocketGraphDeployerRear@flamestream-benchmarks-worker-8: writing to closed log
12:44:22.063 [worker-akka.actor.default-dispatcher-6] WARN  c.s.f.r.e.s.SocketRear  - FlameSocketGraphDeployerRear@flamestream-benchmarks-worker-8: writing to closed log
12:44:22.063 [worker-akka.actor.default-dispatcher-6] WARN  c.s.f.r.e.s.SocketRear  - FlameSocketGraphDeployerRear@flamestream-benchmarks-worker-8: writing to closed log
12:44:22.120 [worker-akka.actor.default-dispatcher-6] WARN  c.s.f.r.e.s.SocketRear  - FlameSocketGraphDeployerRear@flamestream-benchmarks-worker-8: writing to closed log
12:44:22.122 [worker-akka.actor.default-dispatcher-6] WARN  c.s.f.r.e.s.SocketRear  - FlameSocketGraphDeployerRear@flamestream-benchmarks-worker-8: writing to closed log
12:44:22.123 [worker-akka.actor.default-dispatcher-6] WARN  c.s.f.r.e.s.SocketRear  - FlameSocketGraphDeployerRear@flamestream-benchmarks-worker-8: writing to closed log
12:44:22.123 [worker-akka.actor.default-dispatcher-6] WARN  c.s.f.r.e.s.SocketRear  - FlameSocketGraphDeployerRear@flamestream-benchmarks-worker-8: writing to closed log
12:44:22.123 [worker-akka.actor.default-dispatcher-6] WARN  c.s.f.r.e.s.SocketRear  - FlameSocketGraphDeployerRear@flamestream-benchmarks-worker-8: writing to closed log
12:44:22.124 [worker-akka.actor.default-dispatcher-6] WARN  c.s.f.r.e.s.SocketRear  - FlameSocketGraphDeployerRear@flamestream-benchmarks-worker-8: writing to closed log
12:44:22.185 [worker-akka.actor.default-dispatcher-6] WARN  c.s.f.r.e.s.SocketRear  - FlameSocketGraphDeployerRear@flamestream-benchmarks-worker-8: writing to closed log
12:44:22.185 [worker-akka.actor.default-dispatcher-6] WARN  c.s.f.r.e.s.SocketRear  - FlameSocketGraphDeployerRear@flamestream-benchmarks-worker-8: writing to closed log
12:44:22.187 [worker-akka.actor.default-dispatcher-6] WARN  c.s.f.r.e.s.SocketRear  - FlameSocketGraphDeployerRear@flamestream-benchmarks-worker-8: writing to closed log
12:44:22.188 [worker-akka.actor.default-dispatcher-6] WARN  c.s.f.r.e.s.SocketRear  - FlameSocketGraphDeployerRear@flamestream-benchmarks-worker-8: writing to closed log
12:44:22.297 [worker-akka.actor.default-dispatcher-6] WARN  c.s.f.r.e.s.SocketRear  - FlameSocketGraphDeployerRear@flamestream-benchmarks-worker-8: writing to closed log
12:44:22.298 [worker-akka.actor.default-dispatcher-6] WARN  c.s.f.r.e.s.SocketRear  - FlameSocketGraphDeployerRear@flamestream-benchmarks-worker-8: writing to closed log
12:44:22.396 [worker-akka.actor.default-dispatcher-6] WARN  c.s.f.r.e.s.SocketRear  - FlameSocketGraphDeployerRear@flamestream-benchmarks-worker-8: writing to closed log
12:44:22.397 [worker-akka.actor.default-dispatcher-6] WARN  c.s.f.r.e.s.SocketRear  - FlameSocketGraphDeployerRear@flamestream-benchmarks-worker-8: writing to closed log
12:44:22.398 [worker-akka.actor.default-dispatcher-6] WARN  c.s.f.r.e.s.SocketRear  - FlameSocketGraphDeployerRear@flamestream-benchmarks-worker-8: writing to closed log
12:44:22.398 [worker-akka.actor.default-dispatcher-6] WARN  c.s.f.r.e.s.SocketRear  - FlameSocketGraphDeployerRear@flamestream-benchmarks-worker-8: writing to closed log
12:44:22.398 [worker-akka.actor.default-dispatcher-6] WARN  c.s.f.r.e.s.SocketRear  - FlameSocketGraphDeployerRear@flamestream-benchmarks-worker-8: writing to closed log
12:44:22.514 [worker-akka.actor.default-dispatcher-6] WARN  c.s.f.r.e.s.SocketRear  - FlameSocketGraphDeployerRear@flamestream-benchmarks-worker-8: writing to closed log
12:44:22.515 [worker-akka.actor.default-dispatcher-6] WARN  c.s.f.r.e.s.SocketRear  - FlameSocketGraphDeployerRear@flamestream-benchmarks-worker-8: writing to closed log
12:44:22.538 [worker-akka.actor.default-dispatcher-6] WARN  c.s.f.r.e.s.SocketRear  - FlameSocketGraphDeployerRear@flamestream-benchmarks-worker-8: writing to closed log
12:44:22.538 [worker-akka.actor.default-dispatcher-6] WARN  c.s.f.r.e.s.SocketRear  - FlameSocketGraphDeployerRear@flamestream-benchmarks-worker-8: writing to closed log
12:44:22.539 [worker-akka.actor.default-dispatcher-6] WARN  c.s.f.r.e.s.SocketRear  - FlameSocketGraphDeployerRear@flamestream-benchmarks-worker-8: writing to closed log
12:44:22.540 [worker-akka.actor.default-dispatcher-6] WARN  c.s.f.r.e.s.SocketRear  - FlameSocketGraphDeployerRear@flamestream-benchmarks-worker-8: writing to closed log
12:44:22.541 [worker-akka.actor.default-dispatcher-6] WARN  c.s.f.r.e.s.SocketRear  - FlameSocketGraphDeployerRear@flamestream-benchmarks-worker-8: writing to closed log
12:44:22.541 [worker-akka.actor.default-dispatcher-6] WARN  c.s.f.r.e.s.SocketRear  - FlameSocketGraphDeployerRear@flamestream-benchmarks-worker-8: writing to closed log
12:44:22.541 [worker-akka.actor.default-dispatcher-6] WARN  c.s.f.r.e.s.SocketRear  - FlameSocketGraphDeployerRear@flamestream-benchmarks-worker-8: writing to closed log
12:44:22.576 [worker-akka.actor.default-dispatcher-6] WARN  c.s.f.r.e.s.SocketRear  - FlameSocketGraphDeployerRear@flamestream-benchmarks-worker-8: writing to closed log
12:44:22.578 [worker-akka.actor.default-dispatcher-6] WARN  c.s.f.r.e.s.SocketRear  - FlameSocketGraphDeployerRear@flamestream-benchmarks-worker-8: writing to closed log
12:44:22.628 [worker-akka.actor.default-dispatcher-6] WARN  c.s.f.r.e.s.SocketRear  - FlameSocketGraphDeployerRear@flamestream-benchmarks-worker-8: writing to closed log
12:44:22.628 [worker-akka.actor.default-dispatcher-6] WARN  c.s.f.r.e.s.SocketRear  - FlameSocketGraphDeployerRear@flamestream-benchmarks-worker-8: writing to closed log
12:44:22.667 [worker-akka.actor.default-dispatcher-6] WARN  c.s.f.r.e.s.SocketRear  - FlameSocketGraphDeployerRear@flamestream-benchmarks-worker-8: writing to closed log
12:44:22.677 [worker-akka.actor.default-dispatcher-6] WARN  c.s.f.r.e.s.SocketRear  - FlameSocketGraphDeployerRear@flamestream-benchmarks-worker-8: writing to closed log
12:44:22.679 [worker-akka.actor.default-dispatcher-6] WARN  c.s.f.r.e.s.SocketRear  - FlameSocketGraphDeployerRear@flamestream-benchmarks-worker-8: writing to closed log
12:44:22.679 [worker-akka.actor.default-dispatcher-6] WARN  c.s.f.r.e.s.SocketRear  - FlameSocketGraphDeployerRear@flamestream-benchmarks-worker-8: writing to closed log
12:44:22.679 [worker-akka.actor.default-dispatcher-6] WARN  c.s.f.r.e.s.SocketRear  - FlameSocketGraphDeployerRear@flamestream-benchmarks-worker-8: writing to closed log
12:44:22.713 [worker-akka.actor.default-dispatcher-6] WARN  c.s.f.r.e.s.SocketRear  - FlameSocketGraphDeployerRear@flamestream-benchmarks-worker-8: writing to closed log
12:44:22.714 [worker-akka.actor.default-dispatcher-6] WARN  c.s.f.r.e.s.SocketRear  - FlameSocketGraphDeployerRear@flamestream-benchmarks-worker-8: writing to closed log
12:44:22.715 [worker-akka.actor.default-dispatcher-6] WARN  c.s.f.r.e.s.SocketRear  - FlameSocketGraphDeployerRear@flamestream-benchmarks-worker-8: writing to closed log
12:44:22.746 [worker-akka.actor.default-dispatcher-6] WARN  c.s.f.r.e.s.SocketRear  - FlameSocketGraphDeployerRear@flamestream-benchmarks-worker-8: writing to closed log
12:44:22.748 [worker-akka.actor.default-dispatcher-6] WARN  c.s.f.r.e.s.SocketRear  - FlameSocketGraphDeployerRear@flamestream-benchmarks-worker-8: writing to closed log
12:44:22.757 [worker-akka.actor.default-dispatcher-6] WARN  c.s.f.r.e.s.SocketRear  - FlameSocketGraphDeployerRear@flamestream-benchmarks-worker-8: writing to closed log
12:44:22.757 [worker-akka.actor.default-dispatcher-6] WARN  c.s.f.r.e.s.SocketRear  - FlameSocketGraphDeployerRear@flamestream-benchmarks-worker-8: writing to closed log
12:44:22.760 [worker-akka.actor.default-dispatcher-6] WARN  c.s.f.r.e.s.SocketRear  - FlameSocketGraphDeployerRear@flamestream-benchmarks-worker-8: writing to closed log
12:44:22.791 [worker-akka.actor.default-dispatcher-6] WARN  c.s.f.r.e.s.SocketRear  - FlameSocketGraphDeployerRear@flamestream-benchmarks-worker-8: writing to closed log
12:44:22.793 [worker-akka.actor.default-dispatcher-6] WARN  c.s.f.r.e.s.SocketRear  - FlameSocketGraphDeployerRear@flamestream-benchmarks-worker-8: writing to closed log
12:44:22.793 [worker-akka.actor.default-dispatcher-6] WARN  c.s.f.r.e.s.SocketRear  - FlameSocketGraphDeployerRear@flamestream-benchmarks-worker-8: writing to closed log
12:44:22.793 [worker-akka.actor.default-dispatcher-6] WARN  c.s.f.r.e.s.SocketRear  - FlameSocketGraphDeployerRear@flamestream-benchmarks-worker-8: writing to closed log
12:44:22.793 [worker-akka.actor.default-dispatcher-6] WARN  c.s.f.r.e.s.SocketRear  - FlameSocketGraphDeployerRear@flamestream-benchmarks-worker-8: writing to closed log
12:44:22.793 [worker-akka.actor.default-dispatcher-6] WARN  c.s.f.r.e.s.SocketRear  - FlameSocketGraphDeployerRear@flamestream-benchmarks-worker-8: writing to closed log
12:44:22.794 [worker-akka.actor.default-dispatcher-6] WARN  c.s.f.r.e.s.SocketRear  - FlameSocketGraphDeployerRear@flamestream-benchmarks-worker-8: writing to closed log
12:44:22.794 [worker-akka.actor.default-dispatcher-6] WARN  c.s.f.r.e.s.SocketRear  - FlameSocketGraphDeployerRear@flamestream-benchmarks-worker-8: writing to closed log
12:44:22.804 [worker-akka.actor.default-dispatcher-6] WARN  c.s.f.r.e.s.SocketRear  - FlameSocketGraphDeployerRear@flamestream-benchmarks-worker-8: writing to closed log
12:44:22.805 [worker-akka.actor.default-dispatcher-6] WARN  c.s.f.r.e.s.SocketRear  - FlameSocketGraphDeployerRear@flamestream-benchmarks-worker-8: writing to closed log
12:44:22.807 [worker-akka.actor.default-dispatcher-6] WARN  c.s.f.r.e.s.SocketRear  - FlameSocketGraphDeployerRear@flamestream-benchmarks-worker-8: writing to closed log
12:44:22.808 [worker-akka.actor.default-dispatcher-6] WARN  c.s.f.r.e.s.SocketRear  - FlameSocketGraphDeployerRear@flamestream-benchmarks-worker-8: writing to closed log
12:44:22.808 [worker-akka.actor.default-dispatcher-6] WARN  c.s.f.r.e.s.SocketRear  - FlameSocketGraphDeployerRear@flamestream-benchmarks-worker-8: writing to closed log
12:44:22.851 [worker-akka.actor.default-dispatcher-6] WARN  c.s.f.r.e.s.SocketRear  - FlameSocketGraphDeployerRear@flamestream-benchmarks-worker-8: writing to closed log
12:44:22.853 [worker-akka.actor.default-dispatcher-6] WARN  c.s.f.r.e.s.SocketRear  - FlameSocketGraphDeployerRear@flamestream-benchmarks-worker-8: writing to closed log
12:44:22.859 [worker-akka.actor.default-dispatcher-6] WARN  c.s.f.r.e.s.SocketRear  - FlameSocketGraphDeployerRear@flamestream-benchmarks-worker-8: writing to closed log
12:44:22.860 [worker-akka.actor.default-dispatcher-6] WARN  c.s.f.r.e.s.SocketRear  - FlameSocketGraphDeployerRear@flamestream-benchmarks-worker-8: writing to closed log
12:44:22.860 [worker-akka.actor.default-dispatcher-6] WARN  c.s.f.r.e.s.SocketRear  - FlameSocketGraphDeployerRear@flamestream-benchmarks-worker-8: writing to closed log
12:44:22.862 [worker-akka.actor.default-dispatcher-6] WARN  c.s.f.r.e.s.SocketRear  - FlameSocketGraphDeployerRear@flamestream-benchmarks-worker-8: writing to closed log
12:44:22.872 [worker-akka.actor.default-dispatcher-6] WARN  c.s.f.r.e.s.SocketRear  - FlameSocketGraphDeployerRear@flamestream-benchmarks-worker-8: writing to closed log
12:44:22.873 [worker-akka.actor.default-dispatcher-6] WARN  c.s.f.r.e.s.SocketRear  - FlameSocketGraphDeployerRear@flamestream-benchmarks-worker-8: writing to closed log
12:44:22.874 [worker-akka.actor.default-dispatcher-6] WARN  c.s.f.r.e.s.SocketRear  - FlameSocketGraphDeployerRear@flamestream-benchmarks-worker-8: writing to closed log
12:44:22.874 [worker-akka.actor.default-dispatcher-6] WARN  c.s.f.r.e.s.SocketRear  - FlameSocketGraphDeployerRear@flamestream-benchmarks-worker-8: writing to closed log
12:44:22.874 [worker-akka.actor.default-dispatcher-6] WARN  c.s.f.r.e.s.SocketRear  - FlameSocketGraphDeployerRear@flamestream-benchmarks-worker-8: writing to closed log
12:44:22.884 [worker-akka.actor.default-dispatcher-6] WARN  c.s.f.r.e.s.SocketRear  - FlameSocketGraphDeployerRear@flamestream-benchmarks-worker-8: writing to closed log
12:44:22.884 [worker-akka.actor.default-dispatcher-6] WARN  c.s.f.r.e.s.SocketRear  - FlameSocketGraphDeployerRear@flamestream-benchmarks-worker-8: writing to closed log
12:44:22.885 [worker-akka.actor.default-dispatcher-6] WARN  c.s.f.r.e.s.SocketRear  - FlameSocketGraphDeployerRear@flamestream-benchmarks-worker-8: writing to closed log
12:44:22.885 [worker-akka.actor.default-dispatcher-6] WARN  c.s.f.r.e.s.SocketRear  - FlameSocketGraphDeployerRear@flamestream-benchmarks-worker-8: writing to closed log
12:44:22.885 [worker-akka.actor.default-dispatcher-6] WARN  c.s.f.r.e.s.SocketRear  - FlameSocketGraphDeployerRear@flamestream-benchmarks-worker-8: writing to closed log
12:44:22.890 [worker-akka.actor.default-dispatcher-6] WARN  c.s.f.r.e.s.SocketRear  - FlameSocketGraphDeployerRear@flamestream-benchmarks-worker-8: writing to closed log
12:44:22.890 [worker-akka.actor.default-dispatcher-6] WARN  c.s.f.r.e.s.SocketRear  - FlameSocketGraphDeployerRear@flamestream-benchmarks-worker-8: writing to closed log
12:44:22.891 [worker-akka.actor.default-dispatcher-6] WARN  c.s.f.r.e.s.SocketRear  - FlameSocketGraphDeployerRear@flamestream-benchmarks-worker-8: writing to closed log
12:44:22.898 [worker-akka.actor.default-dispatcher-6] WARN  c.s.f.r.e.s.SocketRear  - FlameSocketGraphDeployerRear@flamestream-benchmarks-worker-8: writing to closed log
12:44:22.898 [worker-akka.actor.default-dispatcher-6] WARN  c.s.f.r.e.s.SocketRear  - FlameSocketGraphDeployerRear@flamestream-benchmarks-worker-8: writing to closed log
12:44:22.907 [worker-akka.actor.default-dispatcher-6] WARN  c.s.f.r.e.s.SocketRear  - FlameSocketGraphDeployerRear@flamestream-benchmarks-worker-8: writing to closed log
12:44:22.907 [worker-akka.actor.default-dispatcher-6] WARN  c.s.f.r.e.s.SocketRear  - FlameSocketGraphDeployerRear@flamestream-benchmarks-worker-8: writing to closed log
12:44:22.908 [worker-akka.actor.default-dispatcher-6] WARN  c.s.f.r.e.s.SocketRear  - FlameSocketGraphDeployerRear@flamestream-benchmarks-worker-8: writing to closed log
12:44:22.908 [worker-akka.actor.default-dispatcher-6] WARN  c.s.f.r.e.s.SocketRear  - FlameSocketGraphDeployerRear@flamestream-benchmarks-worker-8: writing to closed log
12:44:22.908 [worker-akka.actor.default-dispatcher-6] WARN  c.s.f.r.e.s.SocketRear  - FlameSocketGraphDeployerRear@flamestream-benchmarks-worker-8: writing to closed log
12:44:22.913 [worker-akka.actor.default-dispatcher-6] WARN  c.s.f.r.e.s.SocketRear  - FlameSocketGraphDeployerRear@flamestream-benchmarks-worker-8: writing to closed log
12:44:22.913 [worker-akka.actor.default-dispatcher-6] WARN  c.s.f.r.e.s.SocketRear  - FlameSocketGraphDeployerRear@flamestream-benchmarks-worker-8: writing to closed log
12:44:26.139 [worker-akka.actor.default-dispatcher-6] INFO  a.r.a.Association(akka://worker) akka.remote.artery.Association(akka://worker) - Association to [akka://worker@flamestream-benchmarks-worker-1:5412] having UID [2164622050406865559] has been stopped. All messages to this UID will be delivered to dead letters. Reason: ActorSystem terminated
12:44:26.239 [worker-akka.actor.default-dispatcher-6] INFO  a.r.a.Association(akka://worker) akka.remote.artery.Association(akka://worker) - Association to [akka://worker@flamestream-benchmarks-worker-2:5412] having UID [-4547469165035349574] has been stopped. All messages to this UID will be delivered to dead letters. Reason: ActorSystem terminated
12:44:26.419 [worker-akka.actor.default-dispatcher-6] INFO  a.r.a.Association(akka://worker) akka.remote.artery.Association(akka://worker) - Association to [akka://worker@flamestream-benchmarks-worker-4:5412] having UID [1879355718632016473] has been stopped. All messages to this UID will be delivered to dead letters. Reason: ActorSystem terminated
12:44:26.569 [worker-akka.actor.default-dispatcher-6] INFO  a.r.a.Association(akka://worker) akka.remote.artery.Association(akka://worker) - Association to [akka://worker@flamestream-benchmarks-worker-3:5412] having UID [5124950119994697808] has been stopped. All messages to this UID will be delivered to dead letters. Reason: ActorSystem terminated
12:44:26.850 [worker-akka.actor.default-dispatcher-14] INFO  a.a.LocalActorRef akka://worker/user/watcher/processing-watcher/graph/edge/FlameSocketGraphDeployerFront - Stopped
12:44:26.851 [worker-akka.actor.default-dispatcher-13] INFO  a.a.LocalActorRef akka://worker/user/watcher/processing-watcher/graph/graph/$A - Stopped
12:44:26.852 [worker-akka.actor.default-dispatcher-14] INFO  a.a.LocalActorRef akka://worker/user/watcher/processing-watcher/graph/graph/$B - Stopped
12:44:26.852 [worker-akka.actor.default-dispatcher-14] INFO  a.a.LocalActorRef akka://worker/user/watcher/processing-watcher/graph/graph/$C - Stopped
12:44:26.852 [worker-akka.actor.default-dispatcher-14] INFO  a.a.LocalActorRef akka://worker/user/watcher/processing-watcher/graph/graph/$D - Stopped
12:44:26.852 [worker-akka.actor.default-dispatcher-14] INFO  a.a.LocalActorRef akka://worker/user/watcher/processing-watcher/graph/graph/$E - Stopped
12:44:26.852 [worker-akka.actor.default-dispatcher-14] INFO  a.a.LocalActorRef akka://worker/user/watcher/processing-watcher/graph/graph/$F - Stopped
12:44:26.852 [worker-akka.actor.default-dispatcher-14] INFO  a.a.LocalActorRef akka://worker/user/watcher/processing-watcher/graph/graph/$G - Stopped
12:44:26.853 [worker-akka.actor.default-dispatcher-14] INFO  a.a.LocalActorRef akka://worker/user/watcher/processing-watcher/graph/graph/$H - Stopped
12:44:26.853 [worker-akka.actor.default-dispatcher-14] INFO  a.a.LocalActorRef akka://worker/user/watcher/processing-watcher/graph/graph/$a - Stopped
12:44:26.853 [worker-akka.actor.default-dispatcher-14] INFO  a.a.LocalActorRef akka://worker/user/watcher/processing-watcher/graph/graph/$b - Stopped
12:44:26.853 [worker-akka.actor.default-dispatcher-14] INFO  a.a.LocalActorRef akka://worker/user/watcher/processing-watcher/graph/graph/$c - Stopped
12:44:26.853 [worker-akka.actor.default-dispatcher-14] INFO  a.a.LocalActorRef akka://worker/user/watcher/processing-watcher/graph/graph/$d - Stopped
12:44:26.853 [worker-akka.actor.default-dispatcher-14] INFO  a.a.LocalActorRef akka://worker/user/watcher/processing-watcher/graph/graph/$e - Stopped
12:44:26.854 [worker-akka.actor.default-dispatcher-14] INFO  a.a.LocalActorRef akka://worker/user/watcher/processing-watcher/graph/graph/$f - Stopped
12:44:26.854 [worker-akka.actor.default-dispatcher-14] INFO  a.a.LocalActorRef akka://worker/user/watcher/processing-watcher/graph/graph/$g - Stopped
12:44:26.854 [worker-akka.actor.default-dispatcher-14] INFO  a.a.LocalActorRef akka://worker/user/watcher/processing-watcher/graph/graph/$h - Stopped
12:44:26.854 [worker-akka.actor.default-dispatcher-14] INFO  a.a.LocalActorRef akka://worker/user/watcher/processing-watcher/graph/graph/$i - Stopped
12:44:26.855 [worker-akka.actor.default-dispatcher-14] INFO  a.a.LocalActorRef akka://worker/user/watcher/processing-watcher/graph/graph/$j - Stopped
12:44:26.855 [worker-akka.actor.default-dispatcher-14] INFO  a.a.LocalActorRef akka://worker/user/watcher/processing-watcher/graph/graph/$k - Stopped
12:44:26.857 [worker-akka.actor.default-dispatcher-14] INFO  a.a.LocalActorRef akka://worker/user/watcher/processing-watcher/graph/graph/$l - Stopped
12:44:26.858 [worker-akka.actor.default-dispatcher-14] INFO  a.a.LocalActorRef akka://worker/user/watcher/processing-watcher/graph/graph/$m - Stopped
12:44:26.859 [worker-akka.actor.default-dispatcher-14] INFO  a.a.LocalActorRef akka://worker/user/watcher/processing-watcher/graph/graph/$n - Stopped
12:44:26.860 [worker-akka.actor.default-dispatcher-14] INFO  a.a.LocalActorRef akka://worker/user/watcher/processing-watcher/graph/graph/$o - Stopped
12:44:26.860 [worker-akka.actor.default-dispatcher-6] INFO  a.a.LocalActorRef akka://worker/user/watcher/processing-watcher/graph/graph/$p - Stopped
12:44:26.877 [worker-akka.actor.default-dispatcher-9] INFO  a.a.LocalActorRef akka://worker/user/watcher/processing-watcher/graph/edge/FlameSocketGraphDeployerRear - Stopped
12:44:26.878 [worker-akka.actor.default-dispatcher-9] INFO  a.a.LocalActorRef akka://worker/user/watcher/processing-watcher/graph/graph/$q - Stopped
12:44:26.878 [worker-akka.actor.default-dispatcher-9] INFO  a.a.LocalActorRef akka://worker/user/watcher/processing-watcher/graph/graph/$r - Stopped
12:44:26.878 [worker-akka.actor.default-dispatcher-9] INFO  a.a.LocalActorRef akka://worker/user/watcher/processing-watcher/graph/graph/$s - Stopped
12:44:26.878 [worker-akka.actor.default-dispatcher-9] INFO  a.a.LocalActorRef akka://worker/user/watcher/processing-watcher/graph/graph/$t - Stopped
12:44:26.878 [worker-akka.actor.default-dispatcher-9] INFO  a.a.LocalActorRef akka://worker/user/watcher/processing-watcher/graph/graph/$u - Stopped
12:44:26.878 [worker-akka.actor.default-dispatcher-9] INFO  a.a.LocalActorRef akka://worker/user/watcher/processing-watcher/graph/graph/$v - Stopped
12:44:26.878 [worker-akka.actor.default-dispatcher-9] INFO  a.a.LocalActorRef akka://worker/user/watcher/processing-watcher/graph/graph/$w - Stopped
12:44:26.878 [worker-akka.actor.default-dispatcher-9] INFO  a.a.LocalActorRef akka://worker/user/watcher/processing-watcher/graph/graph/$x - Stopped
12:44:26.884 [worker-akka.actor.default-dispatcher-9] INFO  a.a.LocalActorRef akka://worker/user/watcher/processing-watcher/graph/graph/$y - Stopped
12:44:26.885 [worker-akka.actor.default-dispatcher-12] INFO  a.a.LocalActorRef akka://worker/user/watcher/processing-watcher/graph/graph/$z - Stopped
12:44:26.885 [worker-akka.actor.default-dispatcher-12] INFO  a.a.LocalActorRef akka://worker/user/watcher/processing-watcher/graph/edge - Stopped
12:44:26.885 [worker-akka.actor.default-dispatcher-12] INFO  a.a.LocalActorRef akka://worker/user/watcher/processing-watcher/graph/negotiator - Stopped
12:44:26.885 [worker-akka.actor.default-dispatcher-12] INFO  a.a.LocalActorRef akka://worker/user/watcher/processing-watcher/graph/graph - Stopped
12:44:26.885 [worker-akka.actor.default-dispatcher-12] INFO  a.a.LocalActorRef akka://worker/user/watcher/processing-watcher/graph - Stopped
12:44:26.886 [worker-akka.actor.default-dispatcher-6] INFO  a.a.LocalActorRef akka://worker/user/watcher/processing-watcher - Stopped
12:44:26.887 [Curator-Framework-0] INFO  o.a.c.f.i.CuratorFrameworkImpl  - backgroundOperationsLoop exiting
12:44:26.896 [worker-akka.actor.default-dispatcher-6-EventThread] INFO  o.a.z.ClientCnxn  - EventThread shut down for session: 0x100005c675e0005
12:44:26.896 [worker-akka.actor.default-dispatcher-12] INFO  o.a.z.ZooKeeper  - Session: 0x100005c675e0005 closed
12:44:26.897 [Curator-PathChildrenCache-0] ERROR o.a.c.f.r.c.PathChildrenCache  - 
java.lang.IllegalStateException: instance must be started before calling this method
	at org.apache.curator.shaded.com.google.common.base.Preconditions.checkState(Preconditions.java:444)
	at org.apache.curator.framework.imps.CuratorFrameworkImpl.getChildren(CuratorFrameworkImpl.java:456)
	at org.apache.curator.framework.recipes.cache.PathChildrenCache.refresh(PathChildrenCache.java:521)
	at org.apache.curator.framework.recipes.cache.RefreshOperation.invoke(RefreshOperation.java:35)
	at org.apache.curator.framework.recipes.cache.PathChildrenCache$9.run(PathChildrenCache.java:786)
	at java.util.concurrent.Executors$RunnableAdapter.call(Executors.java:511)
	at java.util.concurrent.FutureTask.run(FutureTask.java:266)
	at java.util.concurrent.Executors$RunnableAdapter.call(Executors.java:511)
	at java.util.concurrent.FutureTask.run(FutureTask.java:266)
	at java.util.concurrent.ThreadPoolExecutor.runWorker(ThreadPoolExecutor.java:1149)
	at java.util.concurrent.ThreadPoolExecutor$Worker.run(ThreadPoolExecutor.java:624)
	at java.lang.Thread.run(Thread.java:748)
12:44:26.898 [worker-akka.actor.default-dispatcher-20] INFO  a.a.RepointableActorRef akka://worker/user/watcher - Stopped
12:44:26.907 [worker-akka.actor.default-dispatcher-12] INFO  a.r.RemoteActorRefProvider$RemotingTerminator akka://worker@flamestream-benchmarks-worker-8:5412/system/remoting-terminator - Shutting down remote daemon.
12:44:26.907 [worker-akka.actor.default-dispatcher-12] INFO  a.r.RemoteActorRefProvider$RemotingTerminator akka://worker@flamestream-benchmarks-worker-8:5412/system/remoting-terminator - Remote daemon shut down; proceeding with flushing remote transports.
12:44:28.103 [worker-akka.actor.default-dispatcher-12] INFO  a.r.RemoteActorRefProvider$RemotingTerminator akka://worker@flamestream-benchmarks-worker-8:5412/system/remoting-terminator - Remoting shut down.
Heap
 def new generation   total 460800K, used 369094K [0x00000000a2400000, 0x00000000c1800000, 0x00000000c1800000)
  eden space 409600K,  90% used [0x00000000a2400000, 0x00000000b8c49a70, 0x00000000bb400000)
  from space 51200K,   0% used [0x00000000be600000, 0x00000000be627e20, 0x00000000c1800000)
  to   space 51200K,   0% used [0x00000000bb400000, 0x00000000bb400000, 0x00000000be600000)
 tenured generation   total 1024000K, used 54631K [0x00000000c1800000, 0x0000000100000000, 0x0000000100000000)
   the space 1024000K,   5% used [0x00000000c1800000, 0x00000000c4d59e50, 0x00000000c4d5a000, 0x0000000100000000)
 Metaspace       used 40627K, capacity 43434K, committed 43648K, reserved 1087488K
  class space    used 5333K, capacity 5665K, committed 5760K, reserved 1048576K
