14:48:57,207 |-INFO in ch.qos.logback.classic.LoggerContext[default] - Could NOT find resource [logback-test.xml]
14:48:57,207 |-INFO in ch.qos.logback.classic.LoggerContext[default] - Could NOT find resource [logback.groovy]
14:48:57,207 |-INFO in ch.qos.logback.classic.LoggerContext[default] - Found resource [logback.xml] at [jar:file:/root/flamestream/lib/flamestream-runtime-1.0-SNAPSHOT.jar!/logback.xml]
14:48:57,208 |-WARN in ch.qos.logback.classic.LoggerContext[default] - Resource [logback.xml] occurs multiple times on the classpath.
14:48:57,208 |-WARN in ch.qos.logback.classic.LoggerContext[default] - Resource [logback.xml] occurs at [jar:file:/root/flamestream/lib/flamestream-runtime-1.0-SNAPSHOT.jar!/logback.xml]
14:48:57,208 |-WARN in ch.qos.logback.classic.LoggerContext[default] - Resource [logback.xml] occurs at [jar:file:/root/flamestream/flamestream-runtime-1.0-SNAPSHOT.jar!/logback.xml]
14:48:57,228 |-INFO in ch.qos.logback.core.joran.spi.ConfigurationWatchList@3fb6a447 - URL [jar:file:/root/flamestream/lib/flamestream-runtime-1.0-SNAPSHOT.jar!/logback.xml] is not of type file
14:48:57,301 |-INFO in ch.qos.logback.classic.joran.action.ConfigurationAction - debug attribute not set
14:48:57,302 |-INFO in ch.qos.logback.core.joran.action.AppenderAction - About to instantiate appender of type [ch.qos.logback.core.ConsoleAppender]
14:48:57,321 |-INFO in ch.qos.logback.core.joran.action.AppenderAction - Naming appender as [STDOUT]
14:48:57,339 |-INFO in ch.qos.logback.core.joran.action.NestedComplexPropertyIA - Assuming default type [ch.qos.logback.classic.encoder.PatternLayoutEncoder] for [encoder] property
14:48:57,428 |-INFO in ch.qos.logback.core.joran.action.AppenderAction - About to instantiate appender of type [ch.qos.logback.core.rolling.RollingFileAppender]
14:48:57,433 |-INFO in ch.qos.logback.core.joran.action.AppenderAction - Naming appender as [FILE]
14:48:57,463 |-INFO in c.q.l.core.rolling.TimeBasedRollingPolicy@127618319 - No compression will be used
14:48:57,464 |-INFO in c.q.l.core.rolling.TimeBasedRollingPolicy@127618319 - Will use the pattern /tmp/application_%d{yyyy-MM-dd}.%i.log for the active file
14:48:57,467 |-INFO in ch.qos.logback.core.rolling.SizeAndTimeBasedFNATP@6b2fad11 - The date pattern is 'yyyy-MM-dd' from file name pattern '/tmp/application_%d{yyyy-MM-dd}.%i.log'.
14:48:57,467 |-INFO in ch.qos.logback.core.rolling.SizeAndTimeBasedFNATP@6b2fad11 - Roll-over at midnight.
14:48:57,473 |-INFO in ch.qos.logback.core.rolling.SizeAndTimeBasedFNATP@6b2fad11 - Setting initial period to Mon Jun 10 14:47:41 UTC 2019
14:48:57,473 |-WARN in ch.qos.logback.core.rolling.SizeAndTimeBasedFNATP@6b2fad11 - SizeAndTimeBasedFNATP is deprecated. Use SizeAndTimeBasedRollingPolicy instead
14:48:57,473 |-WARN in ch.qos.logback.core.rolling.SizeAndTimeBasedFNATP@6b2fad11 - For more information see http://logback.qos.ch/manual/appenders.html#SizeAndTimeBasedRollingPolicy
14:48:57,476 |-INFO in ch.qos.logback.core.joran.action.NestedComplexPropertyIA - Assuming default type [ch.qos.logback.classic.encoder.PatternLayoutEncoder] for [encoder] property
14:48:57,481 |-INFO in ch.qos.logback.core.rolling.RollingFileAppender[FILE] - Active log file name: /tmp/application.log
14:48:57,481 |-INFO in ch.qos.logback.core.rolling.RollingFileAppender[FILE] - File property is set to [/tmp/application.log]
14:48:57,482 |-INFO in ch.qos.logback.classic.joran.action.RootLoggerAction - Setting level of ROOT logger to WARN
14:48:57,482 |-INFO in ch.qos.logback.core.joran.action.AppenderRefAction - Attaching appender named [STDOUT] to Logger[ROOT]
14:48:57,484 |-INFO in ch.qos.logback.core.joran.action.AppenderRefAction - Attaching appender named [FILE] to Logger[ROOT]
14:48:57,484 |-INFO in ch.qos.logback.classic.joran.action.ConfigurationAction - End of configuration.
14:48:57,485 |-INFO in ch.qos.logback.classic.joran.JoranConfigurator@79698539 - Registering current configuration as safe fallback point

Ama winner
Ama winner
2019-06-10T14:48:58.785+0000: 1.769: [Full GC (Metadata GC Threshold) 2019-06-10T14:48:58.785+0000: 1.769: [Tenured: 0K->15208K(341376K), 0.0394807 secs] 114923K->15208K(494976K), [Metaspace: 20737K->20737K(1067008K)], 0.0395492 secs] [Times: user=0.04 sys=0.00, real=0.04 secs] 
14:49:21.542 [Curator-PathChildrenCache-1] WARN  o.a.c.u.ZKPaths  - The version of ZooKeeper being used doesn't support Container nodes. CreateMode.PERSISTENT will be used instead.
2019-06-10T14:49:23.507+0000: 26.491: [GC (Allocation Failure) 2019-06-10T14:49:23.507+0000: 26.491: [DefNew: 136576K->17023K(153600K), 0.0255163 secs] 151784K->52458K(494976K), 0.0255852 secs] [Times: user=0.01 sys=0.01, real=0.03 secs] 
2019-06-10T14:49:25.192+0000: 28.176: [Full GC (Metadata GC Threshold) 2019-06-10T14:49:25.192+0000: 28.176: [Tenured: 35435K->44243K(341376K), 0.0411760 secs] 81323K->44243K(494976K), [Metaspace: 34614K->34614K(1079296K)], 0.0412843 secs] [Times: user=0.04 sys=0.00, real=0.04 secs] 
2019-06-10T14:49:30.857+0000: 33.841: [GC (Allocation Failure) 2019-06-10T14:49:30.857+0000: 33.841: [DefNew: 136576K->135K(153600K), 0.0021033 secs] 180819K->44379K(494976K), 0.0021636 secs] [Times: user=0.00 sys=0.00, real=0.00 secs] 
2019-06-10T14:49:36.547+0000: 39.531: [GC (Allocation Failure) 2019-06-10T14:49:36.547+0000: 39.531: [DefNew: 136711K->138K(153600K), 0.0019575 secs] 180955K->44381K(494976K), 0.0020299 secs] [Times: user=0.00 sys=0.00, real=0.01 secs] 
2019-06-10T14:49:42.278+0000: 45.262: [GC (Allocation Failure) 2019-06-10T14:49:42.278+0000: 45.262: [DefNew: 136714K->137K(153600K), 0.0019152 secs] 180957K->44380K(494976K), 0.0019753 secs] [Times: user=0.00 sys=0.00, real=0.00 secs] 
2019-06-10T14:49:47.900+0000: 50.884: [GC (Allocation Failure) 2019-06-10T14:49:47.900+0000: 50.884: [DefNew: 136713K->139K(153600K), 0.0020008 secs] 180956K->44383K(494976K), 0.0020689 secs] [Times: user=0.00 sys=0.00, real=0.00 secs] 
2019-06-10T14:49:57.711+0000: 60.695: [GC (Allocation Failure) 2019-06-10T14:49:57.711+0000: 60.695: [DefNew: 136715K->139K(153600K), 0.0020414 secs] 180959K->44383K(494976K), 0.0021038 secs] [Times: user=0.00 sys=0.00, real=0.00 secs] 
14:50:03.451 [Curator-PathChildrenCache-0] ERROR o.a.c.f.r.c.PathChildrenCache  - 
java.lang.IllegalStateException: instance must be started before calling this method
	at org.apache.curator.shaded.com.google.common.base.Preconditions.checkState(Preconditions.java:444)
	at org.apache.curator.framework.imps.CuratorFrameworkImpl.getChildren(CuratorFrameworkImpl.java:456)
	at org.apache.curator.framework.recipes.cache.PathChildrenCache.refresh(PathChildrenCache.java:521)
	at org.apache.curator.framework.recipes.cache.RefreshOperation.invoke(RefreshOperation.java:35)
	at org.apache.curator.framework.recipes.cache.PathChildrenCache$9.run(PathChildrenCache.java:786)
	at java.util.concurrent.Executors$RunnableAdapter.call(Executors.java:511)
	at java.util.concurrent.FutureTask.run(FutureTask.java:266)
	at java.util.concurrent.Executors$RunnableAdapter.call(Executors.java:511)
	at java.util.concurrent.FutureTask.run(FutureTask.java:266)
	at java.util.concurrent.ThreadPoolExecutor.runWorker(ThreadPoolExecutor.java:1149)
	at java.util.concurrent.ThreadPoolExecutor$Worker.run(ThreadPoolExecutor.java:624)
	at java.lang.Thread.run(Thread.java:748)
Heap
 def new generation   total 153600K, used 48838K [0x00000000e0c00000, 0x00000000eb2a0000, 0x00000000eb2a0000)
  eden space 136576K,  35% used [0x00000000e0c00000, 0x00000000e3b8ec60, 0x00000000e9160000)
  from space 17024K,   0% used [0x00000000e9160000, 0x00000000e9182e40, 0x00000000ea200000)
  to   space 17024K,   0% used [0x00000000ea200000, 0x00000000ea200000, 0x00000000eb2a0000)
 tenured generation   total 341376K, used 44243K [0x00000000eb2a0000, 0x0000000100000000, 0x0000000100000000)
   the space 341376K,  12% used [0x00000000eb2a0000, 0x00000000eddd4e88, 0x00000000eddd5000, 0x0000000100000000)
 Metaspace       used 36205K, capacity 37158K, committed 37376K, reserved 1081344K
  class space    used 4867K, capacity 5081K, committed 5120K, reserved 1048576K
