19:47:46,861 |-INFO in ch.qos.logback.classic.LoggerContext[default] - Could NOT find resource [logback-test.xml]
19:47:46,861 |-INFO in ch.qos.logback.classic.LoggerContext[default] - Could NOT find resource [logback.groovy]
19:47:46,862 |-INFO in ch.qos.logback.classic.LoggerContext[default] - Found resource [logback.xml] at [jar:file:/root/flamestream/lib/flamestream-runtime-1.0-SNAPSHOT.jar!/logback.xml]
19:47:46,862 |-WARN in ch.qos.logback.classic.LoggerContext[default] - Resource [logback.xml] occurs multiple times on the classpath.
19:47:46,862 |-WARN in ch.qos.logback.classic.LoggerContext[default] - Resource [logback.xml] occurs at [jar:file:/root/flamestream/lib/flamestream-runtime-1.0-SNAPSHOT.jar!/logback.xml]
19:47:46,862 |-WARN in ch.qos.logback.classic.LoggerContext[default] - Resource [logback.xml] occurs at [jar:file:/root/flamestream/flamestream-runtime-1.0-SNAPSHOT.jar!/logback.xml]
19:47:46,883 |-INFO in ch.qos.logback.core.joran.spi.ConfigurationWatchList@3fb6a447 - URL [jar:file:/root/flamestream/lib/flamestream-runtime-1.0-SNAPSHOT.jar!/logback.xml] is not of type file
19:47:46,949 |-INFO in ch.qos.logback.classic.joran.action.ConfigurationAction - debug attribute not set
19:47:46,950 |-INFO in ch.qos.logback.core.joran.action.AppenderAction - About to instantiate appender of type [ch.qos.logback.core.ConsoleAppender]
19:47:46,966 |-INFO in ch.qos.logback.core.joran.action.AppenderAction - Naming appender as [STDOUT]
19:47:46,984 |-INFO in ch.qos.logback.core.joran.action.NestedComplexPropertyIA - Assuming default type [ch.qos.logback.classic.encoder.PatternLayoutEncoder] for [encoder] property
19:47:47,068 |-INFO in ch.qos.logback.core.joran.action.AppenderAction - About to instantiate appender of type [ch.qos.logback.core.rolling.RollingFileAppender]
19:47:47,073 |-INFO in ch.qos.logback.core.joran.action.AppenderAction - Naming appender as [FILE]
19:47:47,103 |-INFO in c.q.l.core.rolling.TimeBasedRollingPolicy@127618319 - No compression will be used
19:47:47,105 |-INFO in c.q.l.core.rolling.TimeBasedRollingPolicy@127618319 - Will use the pattern /tmp/application_%d{yyyy-MM-dd}.%i.log for the active file
19:47:47,108 |-INFO in ch.qos.logback.core.rolling.SizeAndTimeBasedFNATP@6b2fad11 - The date pattern is 'yyyy-MM-dd' from file name pattern '/tmp/application_%d{yyyy-MM-dd}.%i.log'.
19:47:47,108 |-INFO in ch.qos.logback.core.rolling.SizeAndTimeBasedFNATP@6b2fad11 - Roll-over at midnight.
19:47:47,113 |-INFO in ch.qos.logback.core.rolling.SizeAndTimeBasedFNATP@6b2fad11 - Setting initial period to Mon Jun 10 19:46:19 UTC 2019
19:47:47,113 |-WARN in ch.qos.logback.core.rolling.SizeAndTimeBasedFNATP@6b2fad11 - SizeAndTimeBasedFNATP is deprecated. Use SizeAndTimeBasedRollingPolicy instead
19:47:47,113 |-WARN in ch.qos.logback.core.rolling.SizeAndTimeBasedFNATP@6b2fad11 - For more information see http://logback.qos.ch/manual/appenders.html#SizeAndTimeBasedRollingPolicy
19:47:47,116 |-INFO in ch.qos.logback.core.joran.action.NestedComplexPropertyIA - Assuming default type [ch.qos.logback.classic.encoder.PatternLayoutEncoder] for [encoder] property
19:47:47,121 |-INFO in ch.qos.logback.core.rolling.RollingFileAppender[FILE] - Active log file name: /tmp/application.log
19:47:47,121 |-INFO in ch.qos.logback.core.rolling.RollingFileAppender[FILE] - File property is set to [/tmp/application.log]
19:47:47,122 |-INFO in ch.qos.logback.classic.joran.action.RootLoggerAction - Setting level of ROOT logger to WARN
19:47:47,122 |-INFO in ch.qos.logback.core.joran.action.AppenderRefAction - Attaching appender named [STDOUT] to Logger[ROOT]
19:47:47,124 |-INFO in ch.qos.logback.core.joran.action.AppenderRefAction - Attaching appender named [FILE] to Logger[ROOT]
19:47:47,124 |-INFO in ch.qos.logback.classic.joran.action.ConfigurationAction - End of configuration.
19:47:47,125 |-INFO in ch.qos.logback.classic.joran.JoranConfigurator@79698539 - Registering current configuration as safe fallback point

Ama winner
Ama winner
2019-06-10T19:47:48.469+0000: 1.796: [Full GC (Metadata GC Threshold) 2019-06-10T19:47:48.469+0000: 1.796: [Tenured: 0K->15241K(341376K), 0.0364829 secs] 114986K->15241K(494976K), [Metaspace: 20745K->20745K(1067008K)], 0.0365513 secs] [Times: user=0.03 sys=0.01, real=0.04 secs] 
19:48:10.859 [Curator-PathChildrenCache-1] WARN  o.a.c.u.ZKPaths  - The version of ZooKeeper being used doesn't support Container nodes. CreateMode.PERSISTENT will be used instead.
2019-06-10T19:48:13.348+0000: 26.675: [GC (Allocation Failure) 2019-06-10T19:48:13.348+0000: 26.675: [DefNew: 136576K->17024K(153600K), 0.0282778 secs] 151817K->52784K(494976K), 0.0283525 secs] [Times: user=0.02 sys=0.02, real=0.03 secs] 
2019-06-10T19:48:15.992+0000: 29.319: [Full GC (Metadata GC Threshold) 2019-06-10T19:48:15.992+0000: 29.319: [Tenured: 35760K->44370K(341376K), 0.0634737 secs] 102914K->44370K(494976K), [Metaspace: 34593K->34593K(1079296K)], 0.0635653 secs] [Times: user=0.06 sys=0.00, real=0.06 secs] 
2019-06-10T19:48:23.744+0000: 37.071: [GC (Allocation Failure) 2019-06-10T19:48:23.744+0000: 37.071: [DefNew: 136576K->63K(153600K), 0.0017426 secs] 180946K->44434K(494976K), 0.0018046 secs] [Times: user=0.00 sys=0.00, real=0.00 secs] 
2019-06-10T19:48:31.572+0000: 44.899: [GC (Allocation Failure) 2019-06-10T19:48:31.572+0000: 44.899: [DefNew: 136639K->93K(153600K), 0.0016388 secs] 181010K->44464K(494976K), 0.0016988 secs] [Times: user=0.00 sys=0.00, real=0.00 secs] 
2019-06-10T19:48:39.416+0000: 52.743: [GC (Allocation Failure) 2019-06-10T19:48:39.416+0000: 52.743: [DefNew: 136669K->93K(153600K), 0.0017226 secs] 181040K->44464K(494976K), 0.0017824 secs] [Times: user=0.01 sys=0.00, real=0.00 secs] 
2019-06-10T19:48:47.262+0000: 60.589: [GC (Allocation Failure) 2019-06-10T19:48:47.263+0000: 60.589: [DefNew: 136669K->93K(153600K), 0.0017962 secs] 181040K->44464K(494976K), 0.0018875 secs] [Times: user=0.00 sys=0.00, real=0.00 secs] 
2019-06-10T19:48:55.812+0000: 69.139: [GC (Allocation Failure) 2019-06-10T19:48:55.812+0000: 69.139: [DefNew: 136669K->421K(153600K), 0.0021904 secs] 181040K->44792K(494976K), 0.0022543 secs] [Times: user=0.00 sys=0.00, real=0.00 secs] 
2019-06-10T19:49:16.267+0000: 89.594: [GC (Allocation Failure) 2019-06-10T19:49:16.267+0000: 89.594: [DefNew: 136997K->174K(153600K), 0.0020433 secs] 181368K->44545K(494976K), 0.0021075 secs] [Times: user=0.01 sys=0.00, real=0.00 secs] 
19:49:19.948 [Curator-PathChildrenCache-0] ERROR o.a.c.f.r.c.PathChildrenCache  - 
java.lang.IllegalStateException: instance must be started before calling this method
	at org.apache.curator.shaded.com.google.common.base.Preconditions.checkState(Preconditions.java:444)
	at org.apache.curator.framework.imps.CuratorFrameworkImpl.getChildren(CuratorFrameworkImpl.java:456)
	at org.apache.curator.framework.recipes.cache.PathChildrenCache.refresh(PathChildrenCache.java:521)
	at org.apache.curator.framework.recipes.cache.RefreshOperation.invoke(RefreshOperation.java:35)
	at org.apache.curator.framework.recipes.cache.PathChildrenCache$9.run(PathChildrenCache.java:786)
	at java.util.concurrent.Executors$RunnableAdapter.call(Executors.java:511)
	at java.util.concurrent.FutureTask.run(FutureTask.java:266)
	at java.util.concurrent.Executors$RunnableAdapter.call(Executors.java:511)
	at java.util.concurrent.FutureTask.run(FutureTask.java:266)
	at java.util.concurrent.ThreadPoolExecutor.runWorker(ThreadPoolExecutor.java:1149)
	at java.util.concurrent.ThreadPoolExecutor$Worker.run(ThreadPoolExecutor.java:624)
	at java.lang.Thread.run(Thread.java:748)
Heap
 def new generation   total 153600K, used 38978K [0x00000000e0c00000, 0x00000000eb2a0000, 0x00000000eb2a0000)
  eden space 136576K,  28% used [0x00000000e0c00000, 0x00000000e31e4ff0, 0x00000000e9160000)
  from space 17024K,   1% used [0x00000000ea200000, 0x00000000ea22ba70, 0x00000000eb2a0000)
  to   space 17024K,   0% used [0x00000000e9160000, 0x00000000e9160000, 0x00000000ea200000)
 tenured generation   total 341376K, used 44370K [0x00000000eb2a0000, 0x0000000100000000, 0x0000000100000000)
   the space 341376K,  12% used [0x00000000eb2a0000, 0x00000000eddf4bf0, 0x00000000eddf4c00, 0x0000000100000000)
 Metaspace       used 36203K, capacity 37062K, committed 37376K, reserved 1081344K
  class space    used 4871K, capacity 5075K, committed 5120K, reserved 1048576K
