08:09:29,126 |-INFO in ch.qos.logback.classic.LoggerContext[default] - Could NOT find resource [logback-test.xml]
08:09:29,126 |-INFO in ch.qos.logback.classic.LoggerContext[default] - Could NOT find resource [logback.groovy]
08:09:29,127 |-INFO in ch.qos.logback.classic.LoggerContext[default] - Found resource [logback.xml] at [jar:file:/home/nikitasokolov/flamestream/lib/flamestream-runtime-1.0-SNAPSHOT.jar!/logback.xml]
08:09:29,127 |-WARN in ch.qos.logback.classic.LoggerContext[default] - Resource [logback.xml] occurs multiple times on the classpath.
08:09:29,127 |-WARN in ch.qos.logback.classic.LoggerContext[default] - Resource [logback.xml] occurs at [jar:file:/home/nikitasokolov/flamestream/lib/flamestream-runtime-1.0-SNAPSHOT.jar!/logback.xml]
08:09:29,127 |-WARN in ch.qos.logback.classic.LoggerContext[default] - Resource [logback.xml] occurs at [jar:file:/home/nikitasokolov/flamestream/flamestream-runtime-1.0-SNAPSHOT.jar!/logback.xml]
08:09:29,143 |-INFO in ch.qos.logback.core.joran.spi.ConfigurationWatchList@6108b2d7 - URL [jar:file:/home/nikitasokolov/flamestream/lib/flamestream-runtime-1.0-SNAPSHOT.jar!/logback.xml] is not of type file
08:09:29,192 |-INFO in ch.qos.logback.classic.joran.action.ConfigurationAction - debug attribute not set
08:09:29,192 |-INFO in ch.qos.logback.core.joran.action.AppenderAction - About to instantiate appender of type [ch.qos.logback.core.ConsoleAppender]
08:09:29,200 |-INFO in ch.qos.logback.core.joran.action.AppenderAction - Naming appender as [STDOUT]
08:09:29,208 |-INFO in ch.qos.logback.core.joran.action.NestedComplexPropertyIA - Assuming default type [ch.qos.logback.classic.encoder.PatternLayoutEncoder] for [encoder] property
08:09:29,261 |-INFO in ch.qos.logback.core.joran.action.AppenderAction - About to instantiate appender of type [ch.qos.logback.core.rolling.RollingFileAppender]
08:09:29,266 |-INFO in ch.qos.logback.core.joran.action.AppenderAction - Naming appender as [FILE]
08:09:29,287 |-INFO in c.q.l.core.rolling.TimeBasedRollingPolicy@357863579 - No compression will be used
08:09:29,288 |-INFO in c.q.l.core.rolling.TimeBasedRollingPolicy@357863579 - Will use the pattern /tmp/application_%d{yyyy-MM-dd}.%i.log for the active file
08:09:29,291 |-INFO in ch.qos.logback.core.rolling.SizeAndTimeBasedFNATP@6bf256fa - The date pattern is 'yyyy-MM-dd' from file name pattern '/tmp/application_%d{yyyy-MM-dd}.%i.log'.
08:09:29,291 |-INFO in ch.qos.logback.core.rolling.SizeAndTimeBasedFNATP@6bf256fa - Roll-over at midnight.
08:09:29,295 |-INFO in ch.qos.logback.core.rolling.SizeAndTimeBasedFNATP@6bf256fa - Setting initial period to Sun Jun 09 08:08:35 MSK 2019
08:09:29,295 |-WARN in ch.qos.logback.core.rolling.SizeAndTimeBasedFNATP@6bf256fa - SizeAndTimeBasedFNATP is deprecated. Use SizeAndTimeBasedRollingPolicy instead
08:09:29,295 |-WARN in ch.qos.logback.core.rolling.SizeAndTimeBasedFNATP@6bf256fa - For more information see http://logback.qos.ch/manual/appenders.html#SizeAndTimeBasedRollingPolicy
08:09:29,300 |-INFO in ch.qos.logback.core.joran.action.NestedComplexPropertyIA - Assuming default type [ch.qos.logback.classic.encoder.PatternLayoutEncoder] for [encoder] property
08:09:29,302 |-INFO in ch.qos.logback.core.rolling.RollingFileAppender[FILE] - Active log file name: /tmp/application.log
08:09:29,302 |-INFO in ch.qos.logback.core.rolling.RollingFileAppender[FILE] - File property is set to [/tmp/application.log]
08:09:29,303 |-INFO in ch.qos.logback.classic.joran.action.RootLoggerAction - Setting level of ROOT logger to WARN
08:09:29,303 |-INFO in ch.qos.logback.core.joran.action.AppenderRefAction - Attaching appender named [STDOUT] to Logger[ROOT]
08:09:29,304 |-INFO in ch.qos.logback.core.joran.action.AppenderRefAction - Attaching appender named [FILE] to Logger[ROOT]
08:09:29,304 |-INFO in ch.qos.logback.classic.joran.action.ConfigurationAction - End of configuration.
08:09:29,304 |-INFO in ch.qos.logback.classic.joran.JoranConfigurator@6cd8737 - Registering current configuration as safe fallback point

2019-06-09T08:09:30.302+0300: 1.377: [GC (Metadata GC Threshold) [PSYoungGen: 110722K->15894K(149504K)] 110722K->15974K(491008K), 0.0207794 secs] [Times: user=0.10 sys=0.02, real=0.02 secs] 
2019-06-09T08:09:30.323+0300: 1.398: [Full GC (Metadata GC Threshold) [PSYoungGen: 15894K->0K(149504K)] [ParOldGen: 80K->15077K(341504K)] 15974K->15077K(491008K), [Metaspace: 20799K->20799K(1067008K)], 0.0290365 secs] [Times: user=0.20 sys=0.01, real=0.03 secs] 
08:09:42.835 [Curator-PathChildrenCache-1] WARN  o.a.c.u.ZKPaths  - The version of ZooKeeper being used doesn't support Container nodes. CreateMode.PERSISTENT will be used instead.
2019-06-09T08:09:43.781+0300: 14.856: [GC (Metadata GC Threshold) [PSYoungGen: 125828K->20971K(149504K)] 140906K->49898K(491008K), 0.0230835 secs] [Times: user=0.25 sys=0.04, real=0.02 secs] 
2019-06-09T08:09:43.804+0300: 14.879: [Full GC (Metadata GC Threshold) [PSYoungGen: 20971K->0K(149504K)] [ParOldGen: 28927K->38958K(341504K)] 49898K->38958K(491008K), [Metaspace: 34541K->34541K(1079296K)], 0.0386407 secs] [Times: user=0.20 sys=0.01, real=0.04 secs] 
2019-06-09T08:09:46.314+0300: 17.389: [GC (Allocation Failure) [PSYoungGen: 128512K->480K(149504K)] 167470K->39446K(491008K), 0.0044596 secs] [Times: user=0.02 sys=0.00, real=0.01 secs] 
2019-06-09T08:09:49.312+0300: 20.387: [GC (Allocation Failure) [PSYoungGen: 128992K->480K(149504K)] 167958K->39454K(491008K), 0.0065749 secs] [Times: user=0.06 sys=0.00, real=0.01 secs] 
2019-06-09T08:09:52.393+0300: 23.468: [GC (Allocation Failure) [PSYoungGen: 128992K->512K(129024K)] 167966K->39486K(470528K), 0.0037325 secs] [Times: user=0.00 sys=0.03, real=0.00 secs] 
2019-06-09T08:09:55.485+0300: 26.560: [GC (Allocation Failure) [PSYoungGen: 129024K->416K(133120K)] 167998K->39398K(474624K), 0.0029452 secs] [Times: user=0.01 sys=0.00, real=0.00 secs] 
2019-06-09T08:09:57.729+0300: 28.804: [GC (Allocation Failure) [PSYoungGen: 93600K->416K(130560K)] 132582K->39406K(472064K), 0.0060257 secs] [Times: user=0.04 sys=0.01, real=0.01 secs] 
2019-06-09T08:09:59.995+0300: 31.070: [GC (Allocation Failure) [PSYoungGen: 93600K->512K(136704K)] 132590K->39510K(478208K), 0.0037848 secs] [Times: user=0.01 sys=0.00, real=0.01 secs] 
2019-06-09T08:10:02.461+0300: 33.536: [GC (Allocation Failure) [PSYoungGen: 101888K->480K(135168K)] 140886K->39486K(476672K), 0.0038239 secs] [Times: user=0.01 sys=0.00, real=0.00 secs] 
2019-06-09T08:10:04.883+0300: 35.958: [GC (Allocation Failure) [PSYoungGen: 101856K->448K(140288K)] 140862K->39462K(481792K), 0.0029175 secs] [Times: user=0.01 sys=0.01, real=0.00 secs] 
2019-06-09T08:10:07.513+0300: 38.588: [GC (Allocation Failure) [PSYoungGen: 108992K->480K(138752K)] 148006K->39494K(480256K), 0.0047899 secs] [Times: user=0.03 sys=0.00, real=0.01 secs] 
2019-06-09T08:10:10.155+0300: 41.230: [GC (Allocation Failure) [PSYoungGen: 109024K->480K(143360K)] 148038K->39494K(484864K), 0.0072707 secs] [Times: user=0.02 sys=0.02, real=0.01 secs] 
2019-06-09T08:10:12.959+0300: 44.034: [GC (Allocation Failure) [PSYoungGen: 115168K->416K(141824K)] 154182K->39438K(483328K), 0.0031998 secs] [Times: user=0.01 sys=0.00, real=0.00 secs] 
2019-06-09T08:10:15.716+0300: 46.791: [GC (Allocation Failure) [PSYoungGen: 115104K->352K(146432K)] 154126K->39374K(487936K), 0.0530095 secs] [Times: user=0.03 sys=0.00, real=0.05 secs] 
2019-06-09T08:10:18.657+0300: 49.732: [GC (Allocation Failure) [PSYoungGen: 121184K->512K(144896K)] 160206K->39534K(486400K), 0.0027011 secs] [Times: user=0.02 sys=0.00, real=0.01 secs] 
2019-06-09T08:10:21.598+0300: 52.673: [GC (Allocation Failure) [PSYoungGen: 121344K->448K(148992K)] 160366K->39470K(490496K), 0.0032031 secs] [Times: user=0.02 sys=0.01, real=0.00 secs] 
08:10:32.646 [Curator-PathChildrenCache-0] ERROR o.a.c.f.r.c.PathChildrenCache  - 
java.lang.IllegalStateException: instance must be started before calling this method
	at org.apache.curator.shaded.com.google.common.base.Preconditions.checkState(Preconditions.java:444)
	at org.apache.curator.framework.imps.CuratorFrameworkImpl.getChildren(CuratorFrameworkImpl.java:456)
	at org.apache.curator.framework.recipes.cache.PathChildrenCache.refresh(PathChildrenCache.java:521)
	at org.apache.curator.framework.recipes.cache.RefreshOperation.invoke(RefreshOperation.java:35)
	at org.apache.curator.framework.recipes.cache.PathChildrenCache$9.run(PathChildrenCache.java:786)
	at java.util.concurrent.Executors$RunnableAdapter.call(Executors.java:511)
	at java.util.concurrent.FutureTask.run(FutureTask.java:266)
	at java.util.concurrent.Executors$RunnableAdapter.call(Executors.java:511)
	at java.util.concurrent.FutureTask.run(FutureTask.java:266)
	at java.util.concurrent.ThreadPoolExecutor.runWorker(ThreadPoolExecutor.java:1149)
	at java.util.concurrent.ThreadPoolExecutor$Worker.run(ThreadPoolExecutor.java:624)
	at java.lang.Thread.run(Thread.java:748)
Heap
 PSYoungGen      total 148992K, used 105539K [0x00000000f5980000, 0x0000000100000000, 0x0000000100000000)
  eden space 126464K, 83% used [0x00000000f5980000,0x00000000fc020fa8,0x00000000fd500000)
  from space 22528K, 1% used [0x00000000fea00000,0x00000000fea70000,0x0000000100000000)
  to   space 21504K, 0% used [0x00000000fd500000,0x00000000fd500000,0x00000000fea00000)
 ParOldGen       total 341504K, used 39022K [0x00000000e0c00000, 0x00000000f5980000, 0x00000000f5980000)
  object space 341504K, 11% used [0x00000000e0c00000,0x00000000e321b9b8,0x00000000f5980000)
 Metaspace       used 36083K, capacity 36894K, committed 37208K, reserved 1081344K
  class space    used 4979K, capacity 5161K, committed 5248K, reserved 1048576K
