05:48:31,370 |-INFO in ch.qos.logback.classic.LoggerContext[default] - Could NOT find resource [logback-test.xml]
05:48:31,370 |-INFO in ch.qos.logback.classic.LoggerContext[default] - Could NOT find resource [logback.groovy]
05:48:31,370 |-INFO in ch.qos.logback.classic.LoggerContext[default] - Found resource [logback.xml] at [jar:file:/root/flamestream/lib/flamestream-runtime-1.0-SNAPSHOT.jar!/logback.xml]
05:48:31,373 |-WARN in ch.qos.logback.classic.LoggerContext[default] - Resource [logback.xml] occurs multiple times on the classpath.
05:48:31,373 |-WARN in ch.qos.logback.classic.LoggerContext[default] - Resource [logback.xml] occurs at [jar:file:/root/flamestream/lib/flamestream-runtime-1.0-SNAPSHOT.jar!/logback.xml]
05:48:31,373 |-WARN in ch.qos.logback.classic.LoggerContext[default] - Resource [logback.xml] occurs at [jar:file:/root/flamestream/flamestream-runtime-1.0-SNAPSHOT.jar!/logback.xml]
05:48:31,393 |-INFO in ch.qos.logback.core.joran.spi.ConfigurationWatchList@3fb6a447 - URL [jar:file:/root/flamestream/lib/flamestream-runtime-1.0-SNAPSHOT.jar!/logback.xml] is not of type file
05:48:31,462 |-INFO in ch.qos.logback.classic.joran.action.ConfigurationAction - debug attribute not set
05:48:31,463 |-INFO in ch.qos.logback.core.joran.action.AppenderAction - About to instantiate appender of type [ch.qos.logback.core.ConsoleAppender]
05:48:31,483 |-INFO in ch.qos.logback.core.joran.action.AppenderAction - Naming appender as [STDOUT]
05:48:31,498 |-INFO in ch.qos.logback.core.joran.action.NestedComplexPropertyIA - Assuming default type [ch.qos.logback.classic.encoder.PatternLayoutEncoder] for [encoder] property
05:48:31,574 |-INFO in ch.qos.logback.core.joran.action.AppenderAction - About to instantiate appender of type [ch.qos.logback.core.rolling.RollingFileAppender]
05:48:31,581 |-INFO in ch.qos.logback.core.joran.action.AppenderAction - Naming appender as [FILE]
05:48:31,611 |-INFO in c.q.l.core.rolling.TimeBasedRollingPolicy@127618319 - No compression will be used
05:48:31,612 |-INFO in c.q.l.core.rolling.TimeBasedRollingPolicy@127618319 - Will use the pattern /tmp/application_%d{yyyy-MM-dd}.%i.log for the active file
05:48:31,615 |-INFO in ch.qos.logback.core.rolling.SizeAndTimeBasedFNATP@6b2fad11 - The date pattern is 'yyyy-MM-dd' from file name pattern '/tmp/application_%d{yyyy-MM-dd}.%i.log'.
05:48:31,615 |-INFO in ch.qos.logback.core.rolling.SizeAndTimeBasedFNATP@6b2fad11 - Roll-over at midnight.
05:48:31,620 |-INFO in ch.qos.logback.core.rolling.SizeAndTimeBasedFNATP@6b2fad11 - Setting initial period to Tue Jun 11 05:47:16 UTC 2019
05:48:31,620 |-WARN in ch.qos.logback.core.rolling.SizeAndTimeBasedFNATP@6b2fad11 - SizeAndTimeBasedFNATP is deprecated. Use SizeAndTimeBasedRollingPolicy instead
05:48:31,620 |-WARN in ch.qos.logback.core.rolling.SizeAndTimeBasedFNATP@6b2fad11 - For more information see http://logback.qos.ch/manual/appenders.html#SizeAndTimeBasedRollingPolicy
05:48:31,624 |-INFO in ch.qos.logback.core.joran.action.NestedComplexPropertyIA - Assuming default type [ch.qos.logback.classic.encoder.PatternLayoutEncoder] for [encoder] property
05:48:31,628 |-INFO in ch.qos.logback.core.rolling.RollingFileAppender[FILE] - Active log file name: /tmp/application.log
05:48:31,628 |-INFO in ch.qos.logback.core.rolling.RollingFileAppender[FILE] - File property is set to [/tmp/application.log]
05:48:31,629 |-INFO in ch.qos.logback.classic.joran.action.RootLoggerAction - Setting level of ROOT logger to WARN
05:48:31,629 |-INFO in ch.qos.logback.core.joran.action.AppenderRefAction - Attaching appender named [STDOUT] to Logger[ROOT]
05:48:31,631 |-INFO in ch.qos.logback.core.joran.action.AppenderRefAction - Attaching appender named [FILE] to Logger[ROOT]
05:48:31,631 |-INFO in ch.qos.logback.classic.joran.action.ConfigurationAction - End of configuration.
05:48:31,631 |-INFO in ch.qos.logback.classic.joran.JoranConfigurator@79698539 - Registering current configuration as safe fallback point

Ama winner
Ama winner
2019-06-11T05:48:32.899+0000: 1.705: [Full GC (Metadata GC Threshold) 2019-06-11T05:48:32.899+0000: 1.705: [Tenured: 0K->15177K(341376K), 0.0403925 secs] 114923K->15177K(494976K), [Metaspace: 20729K->20729K(1067008K)], 0.0404738 secs] [Times: user=0.03 sys=0.01, real=0.04 secs] 
05:48:48.629 [Curator-PathChildrenCache-1] WARN  o.a.c.u.ZKPaths  - The version of ZooKeeper being used doesn't support Container nodes. CreateMode.PERSISTENT will be used instead.
2019-06-11T05:48:50.777+0000: 19.583: [GC (Allocation Failure) 2019-06-11T05:48:50.777+0000: 19.584: [DefNew: 136576K->17023K(153600K), 0.0257764 secs] 151753K->52521K(494976K), 0.0258493 secs] [Times: user=0.01 sys=0.00, real=0.02 secs] 
2019-06-11T05:48:55.067+0000: 23.874: [Full GC (Metadata GC Threshold) 2019-06-11T05:48:55.067+0000: 23.874: [Tenured: 35497K->43847K(341376K), 0.0556378 secs] 146701K->43847K(494976K), [Metaspace: 34630K->34630K(1079296K)], 0.0557150 secs] [Times: user=0.06 sys=0.00, real=0.05 secs] 
2019-06-11T05:49:01.186+0000: 29.993: [GC (Allocation Failure) 2019-06-11T05:49:01.186+0000: 29.993: [DefNew: 136576K->55K(153600K), 0.0017594 secs] 180423K->43902K(494976K), 0.0018362 secs] [Times: user=0.00 sys=0.00, real=0.01 secs] 
2019-06-11T05:49:07.316+0000: 36.123: [GC (Allocation Failure) 2019-06-11T05:49:07.316+0000: 36.123: [DefNew: 136631K->55K(153600K), 0.0016767 secs] 180478K->43902K(494976K), 0.0017411 secs] [Times: user=0.00 sys=0.00, real=0.00 secs] 
2019-06-11T05:49:13.423+0000: 42.229: [GC (Allocation Failure) 2019-06-11T05:49:13.423+0000: 42.229: [DefNew: 136631K->54K(153600K), 0.0016729 secs] 180478K->43901K(494976K), 0.0017349 secs] [Times: user=0.00 sys=0.00, real=0.00 secs] 
2019-06-11T05:49:19.533+0000: 48.340: [GC (Allocation Failure) 2019-06-11T05:49:19.533+0000: 48.340: [DefNew: 136630K->54K(153600K), 0.0016811 secs] 180477K->43902K(494976K), 0.0017459 secs] [Times: user=0.00 sys=0.00, real=0.01 secs] 
05:49:32.526 [Curator-PathChildrenCache-0] ERROR o.a.c.f.r.c.PathChildrenCache  - 
java.lang.IllegalStateException: instance must be started before calling this method
	at org.apache.curator.shaded.com.google.common.base.Preconditions.checkState(Preconditions.java:444)
	at org.apache.curator.framework.imps.CuratorFrameworkImpl.getChildren(CuratorFrameworkImpl.java:456)
	at org.apache.curator.framework.recipes.cache.PathChildrenCache.refresh(PathChildrenCache.java:521)
	at org.apache.curator.framework.recipes.cache.RefreshOperation.invoke(RefreshOperation.java:35)
	at org.apache.curator.framework.recipes.cache.PathChildrenCache$9.run(PathChildrenCache.java:786)
	at java.util.concurrent.Executors$RunnableAdapter.call(Executors.java:511)
	at java.util.concurrent.FutureTask.run(FutureTask.java:266)
	at java.util.concurrent.Executors$RunnableAdapter.call(Executors.java:511)
	at java.util.concurrent.FutureTask.run(FutureTask.java:266)
	at java.util.concurrent.ThreadPoolExecutor.runWorker(ThreadPoolExecutor.java:1149)
	at java.util.concurrent.ThreadPoolExecutor$Worker.run(ThreadPoolExecutor.java:624)
	at java.lang.Thread.run(Thread.java:748)
2019-06-11T05:49:32.596+0000: 61.403: [GC (Allocation Failure) 2019-06-11T05:49:32.596+0000: 61.403: [DefNew: 136630K->852K(153600K), 0.0030325 secs] 180478K->44699K(494976K), 0.0031076 secs] [Times: user=0.01 sys=0.00, real=0.00 secs] 
Heap
 def new generation   total 153600K, used 11791K [0x00000000e0c00000, 0x00000000eb2a0000, 0x00000000eb2a0000)
  eden space 136576K,   8% used [0x00000000e0c00000, 0x00000000e16aee28, 0x00000000e9160000)
  from space 17024K,   5% used [0x00000000e9160000, 0x00000000e92350d8, 0x00000000ea200000)
  to   space 17024K,   0% used [0x00000000ea200000, 0x00000000ea200000, 0x00000000eb2a0000)
 tenured generation   total 341376K, used 43847K [0x00000000eb2a0000, 0x0000000100000000, 0x0000000100000000)
   the space 341376K,  12% used [0x00000000eb2a0000, 0x00000000edd71d70, 0x00000000edd71e00, 0x0000000100000000)
 Metaspace       used 36101K, capacity 36998K, committed 37120K, reserved 1081344K
  class space    used 4863K, capacity 5075K, committed 5120K, reserved 1048576K
