19:47:51,314 |-INFO in ch.qos.logback.classic.LoggerContext[default] - Could NOT find resource [logback-test.xml]
19:47:51,314 |-INFO in ch.qos.logback.classic.LoggerContext[default] - Could NOT find resource [logback.groovy]
19:47:51,314 |-INFO in ch.qos.logback.classic.LoggerContext[default] - Found resource [logback.xml] at [jar:file:/root/flamestream/lib/flamestream-runtime-1.0-SNAPSHOT.jar!/logback.xml]
19:47:51,315 |-WARN in ch.qos.logback.classic.LoggerContext[default] - Resource [logback.xml] occurs multiple times on the classpath.
19:47:51,315 |-WARN in ch.qos.logback.classic.LoggerContext[default] - Resource [logback.xml] occurs at [jar:file:/root/flamestream/lib/flamestream-runtime-1.0-SNAPSHOT.jar!/logback.xml]
19:47:51,315 |-WARN in ch.qos.logback.classic.LoggerContext[default] - Resource [logback.xml] occurs at [jar:file:/root/flamestream/flamestream-runtime-1.0-SNAPSHOT.jar!/logback.xml]
19:47:51,334 |-INFO in ch.qos.logback.core.joran.spi.ConfigurationWatchList@3fb6a447 - URL [jar:file:/root/flamestream/lib/flamestream-runtime-1.0-SNAPSHOT.jar!/logback.xml] is not of type file
19:47:51,407 |-INFO in ch.qos.logback.classic.joran.action.ConfigurationAction - debug attribute not set
19:47:51,407 |-INFO in ch.qos.logback.core.joran.action.AppenderAction - About to instantiate appender of type [ch.qos.logback.core.ConsoleAppender]
19:47:51,422 |-INFO in ch.qos.logback.core.joran.action.AppenderAction - Naming appender as [STDOUT]
19:47:51,439 |-INFO in ch.qos.logback.core.joran.action.NestedComplexPropertyIA - Assuming default type [ch.qos.logback.classic.encoder.PatternLayoutEncoder] for [encoder] property
19:47:51,527 |-INFO in ch.qos.logback.core.joran.action.AppenderAction - About to instantiate appender of type [ch.qos.logback.core.rolling.RollingFileAppender]
19:47:51,531 |-INFO in ch.qos.logback.core.joran.action.AppenderAction - Naming appender as [FILE]
19:47:51,563 |-INFO in c.q.l.core.rolling.TimeBasedRollingPolicy@127618319 - No compression will be used
19:47:51,565 |-INFO in c.q.l.core.rolling.TimeBasedRollingPolicy@127618319 - Will use the pattern /tmp/application_%d{yyyy-MM-dd}.%i.log for the active file
19:47:51,568 |-INFO in ch.qos.logback.core.rolling.SizeAndTimeBasedFNATP@6b2fad11 - The date pattern is 'yyyy-MM-dd' from file name pattern '/tmp/application_%d{yyyy-MM-dd}.%i.log'.
19:47:51,568 |-INFO in ch.qos.logback.core.rolling.SizeAndTimeBasedFNATP@6b2fad11 - Roll-over at midnight.
19:47:51,573 |-INFO in ch.qos.logback.core.rolling.SizeAndTimeBasedFNATP@6b2fad11 - Setting initial period to Mon Jun 10 19:46:20 UTC 2019
19:47:51,573 |-WARN in ch.qos.logback.core.rolling.SizeAndTimeBasedFNATP@6b2fad11 - SizeAndTimeBasedFNATP is deprecated. Use SizeAndTimeBasedRollingPolicy instead
19:47:51,573 |-WARN in ch.qos.logback.core.rolling.SizeAndTimeBasedFNATP@6b2fad11 - For more information see http://logback.qos.ch/manual/appenders.html#SizeAndTimeBasedRollingPolicy
19:47:51,577 |-INFO in ch.qos.logback.core.joran.action.NestedComplexPropertyIA - Assuming default type [ch.qos.logback.classic.encoder.PatternLayoutEncoder] for [encoder] property
19:47:51,582 |-INFO in ch.qos.logback.core.rolling.RollingFileAppender[FILE] - Active log file name: /tmp/application.log
19:47:51,582 |-INFO in ch.qos.logback.core.rolling.RollingFileAppender[FILE] - File property is set to [/tmp/application.log]
19:47:51,582 |-INFO in ch.qos.logback.classic.joran.action.RootLoggerAction - Setting level of ROOT logger to WARN
19:47:51,582 |-INFO in ch.qos.logback.core.joran.action.AppenderRefAction - Attaching appender named [STDOUT] to Logger[ROOT]
19:47:51,584 |-INFO in ch.qos.logback.core.joran.action.AppenderRefAction - Attaching appender named [FILE] to Logger[ROOT]
19:47:51,584 |-INFO in ch.qos.logback.classic.joran.action.ConfigurationAction - End of configuration.
19:47:51,585 |-INFO in ch.qos.logback.classic.joran.JoranConfigurator@79698539 - Registering current configuration as safe fallback point

Ama winner
Ama winner
2019-06-10T19:47:52.845+0000: 1.719: [Full GC (Metadata GC Threshold) 2019-06-10T19:47:52.845+0000: 1.719: [Tenured: 0K->15240K(341376K), 0.0392846 secs] 114988K->15240K(494976K), [Metaspace: 20736K->20736K(1067008K)], 0.0393531 secs] [Times: user=0.03 sys=0.01, real=0.04 secs] 
19:48:10.866 [Curator-PathChildrenCache-1] WARN  o.a.c.u.ZKPaths  - The version of ZooKeeper being used doesn't support Container nodes. CreateMode.PERSISTENT will be used instead.
2019-06-10T19:48:13.339+0000: 22.212: [GC (Allocation Failure) 2019-06-10T19:48:13.339+0000: 22.212: [DefNew: 136576K->17024K(153600K), 0.0293129 secs] 151816K->52619K(494976K), 0.0293959 secs] [Times: user=0.02 sys=0.01, real=0.03 secs] 
2019-06-10T19:48:21.161+0000: 30.034: [GC (Allocation Failure) 2019-06-10T19:48:21.161+0000: 30.034: [DefNew: 153600K->339K(153600K), 0.0099674 secs] 189195K->44048K(494976K), 0.0100317 secs] [Times: user=0.01 sys=0.00, real=0.02 secs] 
2019-06-10T19:48:24.650+0000: 33.524: [Full GC (Metadata GC Threshold) 2019-06-10T19:48:24.651+0000: 33.524: [Tenured: 43709K->44030K(341376K), 0.0447744 secs] 106345K->44030K(494976K), [Metaspace: 34634K->34634K(1079296K)], 0.0458834 secs] [Times: user=0.04 sys=0.01, real=0.05 secs] 
2019-06-10T19:48:32.328+0000: 41.201: [GC (Allocation Failure) 2019-06-10T19:48:32.328+0000: 41.201: [DefNew: 136576K->113K(153600K), 0.0017819 secs] 180606K->44143K(494976K), 0.0018468 secs] [Times: user=0.00 sys=0.00, real=0.00 secs] 
2019-06-10T19:48:40.101+0000: 48.975: [GC (Allocation Failure) 2019-06-10T19:48:40.101+0000: 48.975: [DefNew: 136689K->117K(153600K), 0.0017285 secs] 180719K->44147K(494976K), 0.0017992 secs] [Times: user=0.01 sys=0.00, real=0.01 secs] 
2019-06-10T19:48:47.909+0000: 56.782: [GC (Allocation Failure) 2019-06-10T19:48:47.909+0000: 56.782: [DefNew: 136693K->113K(153600K), 0.0016840 secs] 180723K->44143K(494976K), 0.0017452 secs] [Times: user=0.00 sys=0.00, real=0.01 secs] 
2019-06-10T19:48:56.304+0000: 65.178: [GC (Allocation Failure) 2019-06-10T19:48:56.304+0000: 65.178: [DefNew: 136689K->442K(153600K), 0.0021110 secs] 180719K->44472K(494976K), 0.0021758 secs] [Times: user=0.01 sys=0.00, real=0.00 secs] 
2019-06-10T19:49:17.652+0000: 86.525: [GC (Allocation Failure) 2019-06-10T19:49:17.652+0000: 86.525: [DefNew: 137018K->201K(153600K), 0.0020025 secs] 181048K->44232K(494976K), 0.0020653 secs] [Times: user=0.00 sys=0.00, real=0.00 secs] 
19:49:20.930 [Curator-PathChildrenCache-0] ERROR o.a.c.f.r.c.PathChildrenCache  - 
java.lang.IllegalStateException: instance must be started before calling this method
	at org.apache.curator.shaded.com.google.common.base.Preconditions.checkState(Preconditions.java:444)
	at org.apache.curator.framework.imps.CuratorFrameworkImpl.getChildren(CuratorFrameworkImpl.java:456)
	at org.apache.curator.framework.recipes.cache.PathChildrenCache.refresh(PathChildrenCache.java:521)
	at org.apache.curator.framework.recipes.cache.RefreshOperation.invoke(RefreshOperation.java:35)
	at org.apache.curator.framework.recipes.cache.PathChildrenCache$9.run(PathChildrenCache.java:786)
	at java.util.concurrent.Executors$RunnableAdapter.call(Executors.java:511)
	at java.util.concurrent.FutureTask.run(FutureTask.java:266)
	at java.util.concurrent.Executors$RunnableAdapter.call(Executors.java:511)
	at java.util.concurrent.FutureTask.run(FutureTask.java:266)
	at java.util.concurrent.ThreadPoolExecutor.runWorker(ThreadPoolExecutor.java:1149)
	at java.util.concurrent.ThreadPoolExecutor$Worker.run(ThreadPoolExecutor.java:624)
	at java.lang.Thread.run(Thread.java:748)
19:49:21.457 [worker-akka.actor.default-dispatcher-14] ERROR a.r.a.Association(akka://worker) akka.remote.artery.Association(akka://worker) - Outbound control stream to [akka://worker@10.0.0.111:5412] failed after shutdown. 
akka.remote.artery.Association$OutboundStreamStopQuarantinedSignal$: 
19:49:21.459 [worker-akka.actor.default-dispatcher-14] ERROR a.r.a.Association(akka://worker) akka.remote.artery.Association(akka://worker) - Outbound message stream to [akka://worker@10.0.0.111:5412] failed after shutdown. 
akka.remote.artery.Association$OutboundStreamStopQuarantinedSignal$: 
Heap
 def new generation   total 153600K, used 24808K [0x00000000e0c00000, 0x00000000eb2a0000, 0x00000000eb2a0000)
  eden space 136576K,  18% used [0x00000000e0c00000, 0x00000000e2407a08, 0x00000000e9160000)
  from space 17024K,   1% used [0x00000000ea200000, 0x00000000ea2327b0, 0x00000000eb2a0000)
  to   space 17024K,   0% used [0x00000000e9160000, 0x00000000e9160000, 0x00000000ea200000)
 tenured generation   total 341376K, used 44030K [0x00000000eb2a0000, 0x0000000100000000, 0x0000000100000000)
   the space 341376K,  12% used [0x00000000eb2a0000, 0x00000000edd9f868, 0x00000000edd9fa00, 0x0000000100000000)
 Metaspace       used 36054K, capacity 36998K, committed 37120K, reserved 1081344K
  class space    used 4880K, capacity 5075K, committed 5120K, reserved 1048576K
