23:03:43,087 |-INFO in ch.qos.logback.classic.LoggerContext[default] - Could NOT find resource [logback-test.xml]
23:03:43,087 |-INFO in ch.qos.logback.classic.LoggerContext[default] - Could NOT find resource [logback.groovy]
23:03:43,087 |-INFO in ch.qos.logback.classic.LoggerContext[default] - Found resource [logback.xml] at [jar:file:/home/nikitasokolov/flamestream/lib/flamestream-runtime-1.0-SNAPSHOT.jar!/logback.xml]
23:03:43,088 |-WARN in ch.qos.logback.classic.LoggerContext[default] - Resource [logback.xml] occurs multiple times on the classpath.
23:03:43,088 |-WARN in ch.qos.logback.classic.LoggerContext[default] - Resource [logback.xml] occurs at [jar:file:/home/nikitasokolov/flamestream/lib/flamestream-runtime-1.0-SNAPSHOT.jar!/logback.xml]
23:03:43,088 |-WARN in ch.qos.logback.classic.LoggerContext[default] - Resource [logback.xml] occurs at [jar:file:/home/nikitasokolov/flamestream/flamestream-runtime-1.0-SNAPSHOT.jar!/logback.xml]
23:03:43,105 |-INFO in ch.qos.logback.core.joran.spi.ConfigurationWatchList@6bf256fa - URL [jar:file:/home/nikitasokolov/flamestream/lib/flamestream-runtime-1.0-SNAPSHOT.jar!/logback.xml] is not of type file
23:03:43,157 |-INFO in ch.qos.logback.classic.joran.action.ConfigurationAction - debug attribute not set
23:03:43,158 |-INFO in ch.qos.logback.core.joran.action.AppenderAction - About to instantiate appender of type [ch.qos.logback.core.ConsoleAppender]
23:03:43,165 |-INFO in ch.qos.logback.core.joran.action.AppenderAction - Naming appender as [STDOUT]
23:03:43,172 |-INFO in ch.qos.logback.core.joran.action.NestedComplexPropertyIA - Assuming default type [ch.qos.logback.classic.encoder.PatternLayoutEncoder] for [encoder] property
23:03:43,231 |-INFO in ch.qos.logback.core.joran.action.AppenderAction - About to instantiate appender of type [ch.qos.logback.core.rolling.RollingFileAppender]
23:03:43,237 |-INFO in ch.qos.logback.core.joran.action.AppenderAction - Naming appender as [FILE]
23:03:43,259 |-INFO in c.q.l.core.rolling.TimeBasedRollingPolicy@114132791 - No compression will be used
23:03:43,261 |-INFO in c.q.l.core.rolling.TimeBasedRollingPolicy@114132791 - Will use the pattern /tmp/application_%d{yyyy-MM-dd}.%i.log for the active file
23:03:43,263 |-INFO in ch.qos.logback.core.rolling.SizeAndTimeBasedFNATP@22f71333 - The date pattern is 'yyyy-MM-dd' from file name pattern '/tmp/application_%d{yyyy-MM-dd}.%i.log'.
23:03:43,263 |-INFO in ch.qos.logback.core.rolling.SizeAndTimeBasedFNATP@22f71333 - Roll-over at midnight.
23:03:43,268 |-INFO in ch.qos.logback.core.rolling.SizeAndTimeBasedFNATP@22f71333 - Setting initial period to Thu Jun 06 22:00:24 MSK 2019
23:03:43,268 |-WARN in ch.qos.logback.core.rolling.SizeAndTimeBasedFNATP@22f71333 - SizeAndTimeBasedFNATP is deprecated. Use SizeAndTimeBasedRollingPolicy instead
23:03:43,268 |-WARN in ch.qos.logback.core.rolling.SizeAndTimeBasedFNATP@22f71333 - For more information see http://logback.qos.ch/manual/appenders.html#SizeAndTimeBasedRollingPolicy
23:03:43,272 |-INFO in ch.qos.logback.core.joran.action.NestedComplexPropertyIA - Assuming default type [ch.qos.logback.classic.encoder.PatternLayoutEncoder] for [encoder] property
23:03:43,274 |-INFO in ch.qos.logback.core.rolling.RollingFileAppender[FILE] - Active log file name: /tmp/application.log
23:03:43,274 |-INFO in ch.qos.logback.core.rolling.RollingFileAppender[FILE] - File property is set to [/tmp/application.log]
23:03:43,275 |-ERROR in ch.qos.logback.core.rolling.RollingFileAppender[FILE] - openFile(/tmp/application.log,true) call failed. java.io.FileNotFoundException: /tmp/application.log (Permission denied)
	at java.io.FileNotFoundException: /tmp/application.log (Permission denied)
	at 	at java.io.FileOutputStream.open0(Native Method)
	at 	at java.io.FileOutputStream.open(FileOutputStream.java:270)
	at 	at java.io.FileOutputStream.<init>(FileOutputStream.java:213)
	at 	at ch.qos.logback.core.recovery.ResilientFileOutputStream.<init>(ResilientFileOutputStream.java:26)
	at 	at ch.qos.logback.core.FileAppender.openFile(FileAppender.java:204)
	at 	at ch.qos.logback.core.FileAppender.start(FileAppender.java:127)
	at 	at ch.qos.logback.core.rolling.RollingFileAppender.start(RollingFileAppender.java:100)
	at 	at ch.qos.logback.core.joran.action.AppenderAction.end(AppenderAction.java:90)
	at 	at ch.qos.logback.core.joran.spi.Interpreter.callEndAction(Interpreter.java:309)
	at 	at ch.qos.logback.core.joran.spi.Interpreter.endElement(Interpreter.java:193)
	at 	at ch.qos.logback.core.joran.spi.Interpreter.endElement(Interpreter.java:179)
	at 	at ch.qos.logback.core.joran.spi.EventPlayer.play(EventPlayer.java:62)
	at 	at ch.qos.logback.core.joran.GenericConfigurator.doConfigure(GenericConfigurator.java:165)
	at 	at ch.qos.logback.core.joran.GenericConfigurator.doConfigure(GenericConfigurator.java:152)
	at 	at ch.qos.logback.core.joran.GenericConfigurator.doConfigure(GenericConfigurator.java:110)
	at 	at ch.qos.logback.core.joran.GenericConfigurator.doConfigure(GenericConfigurator.java:53)
	at 	at ch.qos.logback.classic.util.ContextInitializer.configureByResource(ContextInitializer.java:75)
	at 	at ch.qos.logback.classic.util.ContextInitializer.autoConfig(ContextInitializer.java:150)
	at 	at org.slf4j.impl.StaticLoggerBinder.init(StaticLoggerBinder.java:84)
	at 	at org.slf4j.impl.StaticLoggerBinder.<clinit>(StaticLoggerBinder.java:55)
	at 	at org.slf4j.LoggerFactory.bind(LoggerFactory.java:150)
	at 	at org.slf4j.LoggerFactory.performInitialization(LoggerFactory.java:124)
	at 	at org.slf4j.LoggerFactory.getILoggerFactory(LoggerFactory.java:412)
	at 	at org.slf4j.LoggerFactory.getLogger(LoggerFactory.java:357)
	at 	at org.slf4j.LoggerFactory.getLogger(LoggerFactory.java:383)
	at 	at com.spbsu.flamestream.runtime.WorkerApplication.<init>(WorkerApplication.java:26)
	at 	at com.spbsu.flamestream.runtime.WorkerApplication.main(WorkerApplication.java:68)
23:03:43,275 |-INFO in ch.qos.logback.classic.joran.action.RootLoggerAction - Setting level of ROOT logger to WARN
23:03:43,275 |-INFO in ch.qos.logback.core.joran.action.AppenderRefAction - Attaching appender named [STDOUT] to Logger[ROOT]
23:03:43,276 |-INFO in ch.qos.logback.core.joran.action.AppenderRefAction - Attaching appender named [FILE] to Logger[ROOT]
23:03:43,276 |-INFO in ch.qos.logback.classic.joran.action.ConfigurationAction - End of configuration.
23:03:43,277 |-INFO in ch.qos.logback.classic.joran.JoranConfigurator@3498ed - Registering current configuration as safe fallback point

2019-06-08T23:03:44.290+0300: 1.407: [GC (Metadata GC Threshold) [PSYoungGen: 97801K->15852K(149504K)] 97801K->15932K(491008K), 0.0168715 secs] [Times: user=0.05 sys=0.02, real=0.02 secs] 
2019-06-08T23:03:44.307+0300: 1.424: [Full GC (Metadata GC Threshold) [PSYoungGen: 15852K->0K(149504K)] [ParOldGen: 80K->14984K(341504K)] 15932K->14984K(491008K), [Metaspace: 20808K->20808K(1067008K)], 0.0307461 secs] [Times: user=0.19 sys=0.01, real=0.03 secs] 
23:03:52.594 [Curator-PathChildrenCache-2] WARN  o.a.c.u.ZKPaths  - The version of ZooKeeper being used doesn't support Container nodes. CreateMode.PERSISTENT will be used instead.
2019-06-08T23:03:53.184+0300: 10.300: [GC (Allocation Failure) [PSYoungGen: 128512K->16714K(149504K)] 143496K->51237K(491008K), 0.0253859 secs] [Times: user=0.19 sys=0.02, real=0.02 secs] 
2019-06-08T23:03:53.284+0300: 10.400: [GC (Metadata GC Threshold) [PSYoungGen: 26482K->6462K(149504K)] 61005K->40993K(491008K), 0.0043063 secs] [Times: user=0.03 sys=0.00, real=0.00 secs] 
2019-06-08T23:03:53.288+0300: 10.405: [Full GC (Metadata GC Threshold) [PSYoungGen: 6462K->0K(149504K)] [ParOldGen: 34531K->30071K(341504K)] 40993K->30071K(491008K), [Metaspace: 34434K->34434K(1079296K)], 0.0307706 secs] [Times: user=0.18 sys=0.01, real=0.03 secs] 
2019-06-08T23:03:55.445+0300: 12.561: [GC (Allocation Failure) [PSYoungGen: 128512K->672K(149504K)] 158583K->30743K(491008K), 0.0025235 secs] [Times: user=0.00 sys=0.01, real=0.00 secs] 
2019-06-08T23:03:56.933+0300: 14.049: [GC (Allocation Failure) [PSYoungGen: 129184K->704K(129536K)] 159255K->30783K(471040K), 0.0021542 secs] [Times: user=0.02 sys=0.00, real=0.01 secs] 
2019-06-08T23:03:58.749+0300: 15.866: [GC (Allocation Failure) [PSYoungGen: 129216K->608K(148480K)] 159295K->30695K(489984K), 0.0033908 secs] [Times: user=0.02 sys=0.00, real=0.00 secs] 
2019-06-08T23:04:00.568+0300: 17.685: [GC (Allocation Failure) [PSYoungGen: 126560K->608K(147968K)] 156647K->30703K(489472K), 0.0034456 secs] [Times: user=0.01 sys=0.00, real=0.00 secs] 
2019-06-08T23:04:02.380+0300: 19.497: [GC (Allocation Failure) [PSYoungGen: 126560K->736K(150016K)] 156655K->30839K(491520K), 0.0050668 secs] [Times: user=0.04 sys=0.01, real=0.01 secs] 
2019-06-08T23:04:04.218+0300: 21.335: [GC (Allocation Failure) [PSYoungGen: 129248K->672K(148992K)] 159351K->30783K(490496K), 0.0035284 secs] [Times: user=0.02 sys=0.00, real=0.00 secs] 
2019-06-08T23:04:06.074+0300: 23.190: [GC (Allocation Failure) [PSYoungGen: 129184K->608K(151552K)] 159295K->30727K(493056K), 0.0029930 secs] [Times: user=0.01 sys=0.00, real=0.01 secs] 
2019-06-08T23:04:07.984+0300: 25.100: [GC (Allocation Failure) [PSYoungGen: 132192K->736K(150528K)] 162311K->30855K(492032K), 0.0028296 secs] [Times: user=0.00 sys=0.01, real=0.00 secs] 
2019-06-08T23:04:09.899+0300: 27.015: [GC (Allocation Failure) [PSYoungGen: 132320K->704K(153088K)] 162439K->30823K(494592K), 0.0594277 secs] [Times: user=0.03 sys=0.01, real=0.06 secs] 
2019-06-08T23:04:11.855+0300: 28.971: [GC (Allocation Failure) [PSYoungGen: 135360K->640K(152064K)] 165479K->30767K(493568K), 0.0029677 secs] [Times: user=0.01 sys=0.00, real=0.00 secs] 
2019-06-08T23:04:13.803+0300: 30.919: [GC (Allocation Failure) [PSYoungGen: 135296K->704K(154624K)] 165423K->30839K(496128K), 0.0024328 secs] [Times: user=0.01 sys=0.00, real=0.00 secs] 
2019-06-08T23:04:15.810+0300: 32.927: [GC (Allocation Failure) [PSYoungGen: 138944K->992K(154112K)] 169079K->31136K(495616K), 0.0026090 secs] [Times: user=0.01 sys=0.00, real=0.00 secs] 
2019-06-08T23:04:17.802+0300: 34.919: [GC (Allocation Failure) [PSYoungGen: 139232K->960K(156160K)] 169376K->31112K(497664K), 0.0029064 secs] [Times: user=0.02 sys=0.00, real=0.00 secs] 
2019-06-08T23:04:19.856+0300: 36.973: [GC (Allocation Failure) [PSYoungGen: 142272K->960K(155648K)] 172424K->31120K(497152K), 0.0030130 secs] [Times: user=0.01 sys=0.01, real=0.00 secs] 
2019-06-08T23:04:21.913+0300: 39.029: [GC (Allocation Failure) [PSYoungGen: 142272K->992K(158208K)] 172432K->31160K(499712K), 0.0129376 secs] [Times: user=0.09 sys=0.06, real=0.02 secs] 
2019-06-08T23:04:24.033+0300: 41.150: [GC (Allocation Failure) [PSYoungGen: 145888K->736K(157184K)] 176056K->31320K(498688K), 0.0024020 secs] [Times: user=0.01 sys=0.00, real=0.01 secs] 
2019-06-08T23:04:26.119+0300: 43.235: [GC (Allocation Failure) [PSYoungGen: 145632K->768K(159232K)] 176216K->31400K(500736K), 0.0031396 secs] [Times: user=0.01 sys=0.00, real=0.00 secs] 
2019-06-08T23:04:28.272+0300: 45.388: [GC (Allocation Failure) [PSYoungGen: 148224K->736K(158720K)] 178856K->31400K(500224K), 0.0025919 secs] [Times: user=0.00 sys=0.00, real=0.01 secs] 
23:04:34.746 [Curator-PathChildrenCache-0] ERROR o.a.c.f.r.c.PathChildrenCache  - 
java.lang.IllegalStateException: instance must be started before calling this method
	at org.apache.curator.shaded.com.google.common.base.Preconditions.checkState(Preconditions.java:444)
	at org.apache.curator.framework.imps.CuratorFrameworkImpl.getChildren(CuratorFrameworkImpl.java:456)
	at org.apache.curator.framework.recipes.cache.PathChildrenCache.refresh(PathChildrenCache.java:521)
	at org.apache.curator.framework.recipes.cache.RefreshOperation.invoke(RefreshOperation.java:35)
	at org.apache.curator.framework.recipes.cache.PathChildrenCache$9.run(PathChildrenCache.java:786)
	at java.util.concurrent.Executors$RunnableAdapter.call(Executors.java:511)
	at java.util.concurrent.FutureTask.run(FutureTask.java:266)
	at java.util.concurrent.Executors$RunnableAdapter.call(Executors.java:511)
	at java.util.concurrent.FutureTask.run(FutureTask.java:266)
	at java.util.concurrent.ThreadPoolExecutor.runWorker(ThreadPoolExecutor.java:1149)
	at java.util.concurrent.ThreadPoolExecutor$Worker.run(ThreadPoolExecutor.java:624)
	at java.lang.Thread.run(Thread.java:748)
23:04:34.842 [worker-akka.actor.default-dispatcher-4] ERROR c.s.f.r.WorkerApplication  - Something went wrong during trace flush
java.nio.file.AccessDeniedException: /tmp/trace.csv
	at sun.nio.fs.UnixException.translateToIOException(UnixException.java:84)
	at sun.nio.fs.UnixException.rethrowAsIOException(UnixException.java:102)
	at sun.nio.fs.UnixException.rethrowAsIOException(UnixException.java:107)
	at sun.nio.fs.UnixFileSystemProvider.newByteChannel(UnixFileSystemProvider.java:214)
	at java.nio.file.spi.FileSystemProvider.newOutputStream(FileSystemProvider.java:434)
	at java.nio.file.Files.newOutputStream(Files.java:216)
	at java.nio.file.Files.newBufferedWriter(Files.java:2860)
	at java.nio.file.Files.newBufferedWriter(Files.java:2896)
	at com.spbsu.flamestream.runtime.utils.tracing.Tracing.flush(Tracing.java:35)
	at com.spbsu.flamestream.runtime.WorkerApplication.lambda$run$0(WorkerApplication.java:109)
	at akka.actor.ActorSystemImpl$TerminationCallbacks$$anonfun$addRec$1$1.applyOrElse(ActorSystem.scala:1036)
	at akka.actor.ActorSystemImpl$TerminationCallbacks$$anonfun$addRec$1$1.applyOrElse(ActorSystem.scala:1036)
	at scala.concurrent.Future$$anonfun$andThen$1.apply(Future.scala:436)
	at scala.concurrent.Future$$anonfun$andThen$1.apply(Future.scala:435)
	at scala.concurrent.impl.CallbackRunnable.run(Promise.scala:36)
	at akka.dispatch.BatchingExecutor$AbstractBatch.processBatch(BatchingExecutor.scala:55)
	at akka.dispatch.BatchingExecutor$BlockableBatch$$anonfun$run$1.apply$mcV$sp(BatchingExecutor.scala:91)
	at akka.dispatch.BatchingExecutor$BlockableBatch$$anonfun$run$1.apply(BatchingExecutor.scala:91)
	at akka.dispatch.BatchingExecutor$BlockableBatch$$anonfun$run$1.apply(BatchingExecutor.scala:91)
	at scala.concurrent.BlockContext$.withBlockContext(BlockContext.scala:72)
	at akka.dispatch.BatchingExecutor$BlockableBatch.run(BatchingExecutor.scala:90)
	at akka.dispatch.TaskInvocation.run(AbstractDispatcher.scala:40)
	at akka.dispatch.ForkJoinExecutorConfigurator$AkkaForkJoinTask.exec(ForkJoinExecutorConfigurator.scala:44)
	at akka.dispatch.forkjoin.ForkJoinTask.doExec(ForkJoinTask.java:260)
	at akka.dispatch.forkjoin.ForkJoinPool$WorkQueue.runTask(ForkJoinPool.java:1339)
	at akka.dispatch.forkjoin.ForkJoinPool.runWorker(ForkJoinPool.java:1979)
	at akka.dispatch.forkjoin.ForkJoinWorkerThread.run(ForkJoinWorkerThread.java:107)
Heap
 PSYoungGen      total 158720K, used 119082K [0x00000000f5980000, 0x0000000100000000, 0x0000000100000000)
  eden space 147456K, 80% used [0x00000000f5980000,0x00000000fcd127b8,0x00000000fe980000)
  from space 11264K, 6% used [0x00000000fe980000,0x00000000fea380c0,0x00000000ff480000)
  to   space 10240K, 0% used [0x00000000ff600000,0x00000000ff600000,0x0000000100000000)
 ParOldGen       total 341504K, used 30663K [0x00000000e0c00000, 0x00000000f5980000, 0x00000000f5980000)
  object space 341504K, 8% used [0x00000000e0c00000,0x00000000e29f1f70,0x00000000f5980000)
 Metaspace       used 36130K, capacity 37072K, committed 37208K, reserved 1081344K
  class space    used 4984K, capacity 5188K, committed 5248K, reserved 1048576K
