13:23:13,097 |-INFO in ch.qos.logback.classic.LoggerContext[default] - Could NOT find resource [logback-test.xml]
13:23:13,097 |-INFO in ch.qos.logback.classic.LoggerContext[default] - Could NOT find resource [logback.groovy]
13:23:13,098 |-INFO in ch.qos.logback.classic.LoggerContext[default] - Found resource [logback.xml] at [jar:file:/root/flamestream/lib/flamestream-runtime-1.0-SNAPSHOT.jar!/logback.xml]
13:23:13,098 |-WARN in ch.qos.logback.classic.LoggerContext[default] - Resource [logback.xml] occurs multiple times on the classpath.
13:23:13,098 |-WARN in ch.qos.logback.classic.LoggerContext[default] - Resource [logback.xml] occurs at [jar:file:/root/flamestream/lib/flamestream-runtime-1.0-SNAPSHOT.jar!/logback.xml]
13:23:13,098 |-WARN in ch.qos.logback.classic.LoggerContext[default] - Resource [logback.xml] occurs at [jar:file:/root/flamestream/flamestream-runtime-1.0-SNAPSHOT.jar!/logback.xml]
13:23:13,121 |-INFO in ch.qos.logback.core.joran.spi.ConfigurationWatchList@3fb6a447 - URL [jar:file:/root/flamestream/lib/flamestream-runtime-1.0-SNAPSHOT.jar!/logback.xml] is not of type file
13:23:13,193 |-INFO in ch.qos.logback.classic.joran.action.ConfigurationAction - debug attribute not set
13:23:13,193 |-INFO in ch.qos.logback.core.joran.action.AppenderAction - About to instantiate appender of type [ch.qos.logback.core.ConsoleAppender]
13:23:13,208 |-INFO in ch.qos.logback.core.joran.action.AppenderAction - Naming appender as [STDOUT]
13:23:13,225 |-INFO in ch.qos.logback.core.joran.action.NestedComplexPropertyIA - Assuming default type [ch.qos.logback.classic.encoder.PatternLayoutEncoder] for [encoder] property
13:23:13,306 |-INFO in ch.qos.logback.core.joran.action.AppenderAction - About to instantiate appender of type [ch.qos.logback.core.rolling.RollingFileAppender]
13:23:13,311 |-INFO in ch.qos.logback.core.joran.action.AppenderAction - Naming appender as [FILE]
13:23:13,342 |-INFO in c.q.l.core.rolling.TimeBasedRollingPolicy@127618319 - No compression will be used
13:23:13,344 |-INFO in c.q.l.core.rolling.TimeBasedRollingPolicy@127618319 - Will use the pattern /tmp/application_%d{yyyy-MM-dd}.%i.log for the active file
13:23:13,347 |-INFO in ch.qos.logback.core.rolling.SizeAndTimeBasedFNATP@6b2fad11 - The date pattern is 'yyyy-MM-dd' from file name pattern '/tmp/application_%d{yyyy-MM-dd}.%i.log'.
13:23:13,347 |-INFO in ch.qos.logback.core.rolling.SizeAndTimeBasedFNATP@6b2fad11 - Roll-over at midnight.
13:23:13,352 |-INFO in ch.qos.logback.core.rolling.SizeAndTimeBasedFNATP@6b2fad11 - Setting initial period to Mon Jun 10 13:22:04 UTC 2019
13:23:13,352 |-WARN in ch.qos.logback.core.rolling.SizeAndTimeBasedFNATP@6b2fad11 - SizeAndTimeBasedFNATP is deprecated. Use SizeAndTimeBasedRollingPolicy instead
13:23:13,352 |-WARN in ch.qos.logback.core.rolling.SizeAndTimeBasedFNATP@6b2fad11 - For more information see http://logback.qos.ch/manual/appenders.html#SizeAndTimeBasedRollingPolicy
13:23:13,356 |-INFO in ch.qos.logback.core.joran.action.NestedComplexPropertyIA - Assuming default type [ch.qos.logback.classic.encoder.PatternLayoutEncoder] for [encoder] property
13:23:13,361 |-INFO in ch.qos.logback.core.rolling.RollingFileAppender[FILE] - Active log file name: /tmp/application.log
13:23:13,361 |-INFO in ch.qos.logback.core.rolling.RollingFileAppender[FILE] - File property is set to [/tmp/application.log]
13:23:13,361 |-INFO in ch.qos.logback.classic.joran.action.RootLoggerAction - Setting level of ROOT logger to WARN
13:23:13,362 |-INFO in ch.qos.logback.core.joran.action.AppenderRefAction - Attaching appender named [STDOUT] to Logger[ROOT]
13:23:13,364 |-INFO in ch.qos.logback.core.joran.action.AppenderRefAction - Attaching appender named [FILE] to Logger[ROOT]
13:23:13,364 |-INFO in ch.qos.logback.classic.joran.action.ConfigurationAction - End of configuration.
13:23:13,364 |-INFO in ch.qos.logback.classic.joran.JoranConfigurator@79698539 - Registering current configuration as safe fallback point

Ama winner
Ama winner
2019-06-10T13:23:14.638+0000: 1.720: [Full GC (Metadata GC Threshold) 2019-06-10T13:23:14.638+0000: 1.720: [Tenured: 0K->15241K(341376K), 0.0352655 secs] 117751K->15241K(494976K), [Metaspace: 20739K->20739K(1067008K)], 0.0353352 secs] [Times: user=0.03 sys=0.01, real=0.03 secs] 
13:23:32.645 [Curator-PathChildrenCache-1] WARN  o.a.c.u.ZKPaths  - The version of ZooKeeper being used doesn't support Container nodes. CreateMode.PERSISTENT will be used instead.
2019-06-10T13:23:35.174+0000: 22.256: [GC (Allocation Failure) 2019-06-10T13:23:35.174+0000: 22.256: [DefNew: 136576K->17023K(153600K), 0.0255768 secs] 151817K->52727K(494976K), 0.0256488 secs] [Times: user=0.02 sys=0.00, real=0.03 secs] 
2019-06-10T13:23:38.402+0000: 25.485: [Full GC (Metadata GC Threshold) 2019-06-10T13:23:38.402+0000: 25.485: [Tenured: 35703K->44371K(341376K), 0.0506225 secs] 117209K->44371K(494976K), [Metaspace: 34608K->34608K(1079296K)], 0.0506968 secs] [Times: user=0.04 sys=0.01, real=0.05 secs] 
2019-06-10T13:23:45.581+0000: 32.664: [GC (Allocation Failure) 2019-06-10T13:23:45.582+0000: 32.664: [DefNew: 136576K->58K(153600K), 0.0018530 secs] 180947K->44429K(494976K), 0.0031727 secs] [Times: user=0.00 sys=0.00, real=0.00 secs] 
2019-06-10T13:23:52.774+0000: 39.857: [GC (Allocation Failure) 2019-06-10T13:23:52.774+0000: 39.857: [DefNew: 136634K->127K(153600K), 0.0017251 secs] 181005K->44498K(494976K), 0.0017857 secs] [Times: user=0.00 sys=0.00, real=0.01 secs] 
2019-06-10T13:24:00.034+0000: 47.117: [GC (Allocation Failure) 2019-06-10T13:24:00.034+0000: 47.117: [DefNew: 136703K->126K(153600K), 0.0017583 secs] 181074K->44497K(494976K), 0.0018297 secs] [Times: user=0.00 sys=0.00, real=0.01 secs] 
2019-06-10T13:24:07.357+0000: 54.439: [GC (Allocation Failure) 2019-06-10T13:24:07.357+0000: 54.439: [DefNew: 136702K->128K(153600K), 0.0017840 secs] 181073K->44499K(494976K), 0.0018443 secs] [Times: user=0.00 sys=0.00, real=0.00 secs] 
2019-06-10T13:24:14.628+0000: 61.710: [GC (Allocation Failure) 2019-06-10T13:24:14.628+0000: 61.710: [DefNew: 136704K->126K(153600K), 0.0017717 secs] 181075K->44497K(494976K), 0.0018320 secs] [Times: user=0.00 sys=0.00, real=0.00 secs] 
2019-06-10T13:24:32.713+0000: 79.795: [GC (Allocation Failure) 2019-06-10T13:24:32.713+0000: 79.795: [DefNew: 136702K->904K(153600K), 0.0036218 secs] 181073K->45275K(494976K), 0.0036840 secs] [Times: user=0.00 sys=0.00, real=0.01 secs] 
13:24:32.729 [Curator-PathChildrenCache-0] ERROR o.a.c.f.r.c.PathChildrenCache  - 
java.lang.IllegalStateException: instance must be started before calling this method
	at org.apache.curator.shaded.com.google.common.base.Preconditions.checkState(Preconditions.java:444)
	at org.apache.curator.framework.imps.CuratorFrameworkImpl.getChildren(CuratorFrameworkImpl.java:456)
	at org.apache.curator.framework.recipes.cache.PathChildrenCache.refresh(PathChildrenCache.java:521)
	at org.apache.curator.framework.recipes.cache.RefreshOperation.invoke(RefreshOperation.java:35)
	at org.apache.curator.framework.recipes.cache.PathChildrenCache$9.run(PathChildrenCache.java:786)
	at java.util.concurrent.Executors$RunnableAdapter.call(Executors.java:511)
	at java.util.concurrent.FutureTask.run(FutureTask.java:266)
	at java.util.concurrent.Executors$RunnableAdapter.call(Executors.java:511)
	at java.util.concurrent.FutureTask.run(FutureTask.java:266)
	at java.util.concurrent.ThreadPoolExecutor.runWorker(ThreadPoolExecutor.java:1149)
	at java.util.concurrent.ThreadPoolExecutor$Worker.run(ThreadPoolExecutor.java:624)
	at java.lang.Thread.run(Thread.java:748)
Heap
 def new generation   total 153600K, used 15901K [0x00000000e0c00000, 0x00000000eb2a0000, 0x00000000eb2a0000)
  eden space 136576K,  10% used [0x00000000e0c00000, 0x00000000e1aa5518, 0x00000000e9160000)
  from space 17024K,   5% used [0x00000000ea200000, 0x00000000ea2e21f8, 0x00000000eb2a0000)
  to   space 17024K,   0% used [0x00000000e9160000, 0x00000000e9160000, 0x00000000ea200000)
 tenured generation   total 341376K, used 44371K [0x00000000eb2a0000, 0x0000000100000000, 0x0000000100000000)
   the space 341376K,  12% used [0x00000000eb2a0000, 0x00000000eddf4c48, 0x00000000eddf4e00, 0x0000000100000000)
 Metaspace       used 36168K, capacity 37060K, committed 37376K, reserved 1081344K
  class space    used 4860K, capacity 5074K, committed 5120K, reserved 1048576K
