15:13:16,638 |-INFO in ch.qos.logback.classic.LoggerContext[default] - Could NOT find resource [logback-test.xml]
15:13:16,638 |-INFO in ch.qos.logback.classic.LoggerContext[default] - Could NOT find resource [logback.groovy]
15:13:16,643 |-INFO in ch.qos.logback.classic.LoggerContext[default] - Found resource [logback.xml] at [jar:file:/root/flamestream/lib/flamestream-runtime-1.0-SNAPSHOT.jar!/logback.xml]
15:13:16,644 |-WARN in ch.qos.logback.classic.LoggerContext[default] - Resource [logback.xml] occurs multiple times on the classpath.
15:13:16,644 |-WARN in ch.qos.logback.classic.LoggerContext[default] - Resource [logback.xml] occurs at [jar:file:/root/flamestream/lib/flamestream-runtime-1.0-SNAPSHOT.jar!/logback.xml]
15:13:16,644 |-WARN in ch.qos.logback.classic.LoggerContext[default] - Resource [logback.xml] occurs at [jar:file:/root/flamestream/flamestream-runtime-1.0-SNAPSHOT.jar!/logback.xml]
15:13:16,664 |-INFO in ch.qos.logback.core.joran.spi.ConfigurationWatchList@3fb6a447 - URL [jar:file:/root/flamestream/lib/flamestream-runtime-1.0-SNAPSHOT.jar!/logback.xml] is not of type file
15:13:16,736 |-INFO in ch.qos.logback.classic.joran.action.ConfigurationAction - debug attribute not set
15:13:16,737 |-INFO in ch.qos.logback.core.joran.action.AppenderAction - About to instantiate appender of type [ch.qos.logback.core.ConsoleAppender]
15:13:16,753 |-INFO in ch.qos.logback.core.joran.action.AppenderAction - Naming appender as [STDOUT]
15:13:16,772 |-INFO in ch.qos.logback.core.joran.action.NestedComplexPropertyIA - Assuming default type [ch.qos.logback.classic.encoder.PatternLayoutEncoder] for [encoder] property
15:13:16,857 |-INFO in ch.qos.logback.core.joran.action.AppenderAction - About to instantiate appender of type [ch.qos.logback.core.rolling.RollingFileAppender]
15:13:16,862 |-INFO in ch.qos.logback.core.joran.action.AppenderAction - Naming appender as [FILE]
15:13:16,895 |-INFO in c.q.l.core.rolling.TimeBasedRollingPolicy@127618319 - No compression will be used
15:13:16,896 |-INFO in c.q.l.core.rolling.TimeBasedRollingPolicy@127618319 - Will use the pattern /tmp/application_%d{yyyy-MM-dd}.%i.log for the active file
15:13:16,899 |-INFO in ch.qos.logback.core.rolling.SizeAndTimeBasedFNATP@6b2fad11 - The date pattern is 'yyyy-MM-dd' from file name pattern '/tmp/application_%d{yyyy-MM-dd}.%i.log'.
15:13:16,899 |-INFO in ch.qos.logback.core.rolling.SizeAndTimeBasedFNATP@6b2fad11 - Roll-over at midnight.
15:13:16,904 |-INFO in ch.qos.logback.core.rolling.SizeAndTimeBasedFNATP@6b2fad11 - Setting initial period to Mon Jun 10 15:11:47 UTC 2019
15:13:16,904 |-WARN in ch.qos.logback.core.rolling.SizeAndTimeBasedFNATP@6b2fad11 - SizeAndTimeBasedFNATP is deprecated. Use SizeAndTimeBasedRollingPolicy instead
15:13:16,904 |-WARN in ch.qos.logback.core.rolling.SizeAndTimeBasedFNATP@6b2fad11 - For more information see http://logback.qos.ch/manual/appenders.html#SizeAndTimeBasedRollingPolicy
15:13:16,908 |-INFO in ch.qos.logback.core.joran.action.NestedComplexPropertyIA - Assuming default type [ch.qos.logback.classic.encoder.PatternLayoutEncoder] for [encoder] property
15:13:16,913 |-INFO in ch.qos.logback.core.rolling.RollingFileAppender[FILE] - Active log file name: /tmp/application.log
15:13:16,913 |-INFO in ch.qos.logback.core.rolling.RollingFileAppender[FILE] - File property is set to [/tmp/application.log]
15:13:16,914 |-INFO in ch.qos.logback.classic.joran.action.RootLoggerAction - Setting level of ROOT logger to WARN
15:13:16,914 |-INFO in ch.qos.logback.core.joran.action.AppenderRefAction - Attaching appender named [STDOUT] to Logger[ROOT]
15:13:16,916 |-INFO in ch.qos.logback.core.joran.action.AppenderRefAction - Attaching appender named [FILE] to Logger[ROOT]
15:13:16,916 |-INFO in ch.qos.logback.classic.joran.action.ConfigurationAction - End of configuration.
15:13:16,916 |-INFO in ch.qos.logback.classic.joran.JoranConfigurator@79698539 - Registering current configuration as safe fallback point

Ama winner
Ama winner
2019-06-10T15:13:18.235+0000: 1.776: [Full GC (Metadata GC Threshold) 2019-06-10T15:13:18.235+0000: 1.776: [Tenured: 0K->15141K(341376K), 0.0406295 secs] 114988K->15141K(494976K), [Metaspace: 20730K->20730K(1067008K)], 0.0406974 secs] [Times: user=0.04 sys=0.00, real=0.04 secs] 
15:13:35.374 [Curator-PathChildrenCache-1] WARN  o.a.c.u.ZKPaths  - The version of ZooKeeper being used doesn't support Container nodes. CreateMode.PERSISTENT will be used instead.
2019-06-10T15:13:37.507+0000: 21.048: [GC (Allocation Failure) 2019-06-10T15:13:37.507+0000: 21.048: [DefNew: 136576K->17023K(153600K), 0.0257564 secs] 151717K->52646K(494976K), 0.0258369 secs] [Times: user=0.02 sys=0.01, real=0.02 secs] 
2019-06-10T15:13:38.417+0000: 21.958: [Full GC (Metadata GC Threshold) 2019-06-10T15:13:38.417+0000: 21.958: [Tenured: 35622K->44402K(341376K), 0.0387274 secs] 75385K->44402K(494976K), [Metaspace: 34596K->34596K(1079296K)], 0.0388019 secs] [Times: user=0.04 sys=0.00, real=0.04 secs] 
2019-06-10T15:13:44.631+0000: 28.172: [GC (Allocation Failure) 2019-06-10T15:13:44.631+0000: 28.172: [DefNew: 136576K->92K(153600K), 0.0019815 secs] 180978K->44495K(494976K), 0.0020518 secs] [Times: user=0.00 sys=0.00, real=0.00 secs] 
2019-06-10T15:13:50.793+0000: 34.334: [GC (Allocation Failure) 2019-06-10T15:13:50.793+0000: 34.334: [DefNew: 136668K->96K(153600K), 0.0017623 secs] 181071K->44499K(494976K), 0.0018381 secs] [Times: user=0.00 sys=0.00, real=0.01 secs] 
2019-06-10T15:13:56.924+0000: 40.465: [GC (Allocation Failure) 2019-06-10T15:13:56.924+0000: 40.465: [DefNew: 136672K->95K(153600K), 0.0018123 secs] 181075K->44497K(494976K), 0.0018738 secs] [Times: user=0.00 sys=0.00, real=0.00 secs] 
2019-06-10T15:14:03.074+0000: 46.615: [GC (Allocation Failure) 2019-06-10T15:14:03.074+0000: 46.615: [DefNew: 136671K->96K(153600K), 0.0018809 secs] 181073K->44499K(494976K), 0.0019394 secs] [Times: user=0.00 sys=0.00, real=0.01 secs] 
2019-06-10T15:14:09.406+0000: 52.947: [GC (Allocation Failure) 2019-06-10T15:14:09.406+0000: 52.947: [DefNew: 136672K->97K(153600K), 0.0018725 secs] 181075K->44500K(494976K), 0.0019345 secs] [Times: user=0.00 sys=0.00, real=0.00 secs] 
15:14:17.160 [Curator-PathChildrenCache-0] ERROR o.a.c.f.r.c.PathChildrenCache  - 
java.lang.IllegalStateException: instance must be started before calling this method
	at org.apache.curator.shaded.com.google.common.base.Preconditions.checkState(Preconditions.java:444)
	at org.apache.curator.framework.imps.CuratorFrameworkImpl.getChildren(CuratorFrameworkImpl.java:456)
	at org.apache.curator.framework.recipes.cache.PathChildrenCache.refresh(PathChildrenCache.java:521)
	at org.apache.curator.framework.recipes.cache.RefreshOperation.invoke(RefreshOperation.java:35)
	at org.apache.curator.framework.recipes.cache.PathChildrenCache$9.run(PathChildrenCache.java:786)
	at java.util.concurrent.Executors$RunnableAdapter.call(Executors.java:511)
	at java.util.concurrent.FutureTask.run(FutureTask.java:266)
	at java.util.concurrent.Executors$RunnableAdapter.call(Executors.java:511)
	at java.util.concurrent.FutureTask.run(FutureTask.java:266)
	at java.util.concurrent.ThreadPoolExecutor.runWorker(ThreadPoolExecutor.java:1149)
	at java.util.concurrent.ThreadPoolExecutor$Worker.run(ThreadPoolExecutor.java:624)
	at java.lang.Thread.run(Thread.java:748)
Heap
 def new generation   total 153600K, used 66008K [0x00000000e0c00000, 0x00000000eb2a0000, 0x00000000eb2a0000)
  eden space 136576K,  48% used [0x00000000e0c00000, 0x00000000e4c5db20, 0x00000000e9160000)
  from space 17024K,   0% used [0x00000000e9160000, 0x00000000e9178760, 0x00000000ea200000)
  to   space 17024K,   0% used [0x00000000ea200000, 0x00000000ea200000, 0x00000000eb2a0000)
 tenured generation   total 341376K, used 44402K [0x00000000eb2a0000, 0x0000000100000000, 0x0000000100000000)
   the space 341376K,  13% used [0x00000000eb2a0000, 0x00000000eddfca50, 0x00000000eddfcc00, 0x0000000100000000)
 Metaspace       used 35857K, capacity 36776K, committed 37120K, reserved 1081344K
  class space    used 4831K, capacity 5054K, committed 5120K, reserved 1048576K
