22:56:57,253 |-INFO in ch.qos.logback.classic.LoggerContext[default] - Could NOT find resource [logback-test.xml]
22:56:57,253 |-INFO in ch.qos.logback.classic.LoggerContext[default] - Could NOT find resource [logback.groovy]
22:56:57,254 |-INFO in ch.qos.logback.classic.LoggerContext[default] - Found resource [logback.xml] at [jar:file:/home/nikitasokolov/flamestream/lib/flamestream-runtime-1.0-SNAPSHOT.jar!/logback.xml]
22:56:57,254 |-WARN in ch.qos.logback.classic.LoggerContext[default] - Resource [logback.xml] occurs multiple times on the classpath.
22:56:57,255 |-WARN in ch.qos.logback.classic.LoggerContext[default] - Resource [logback.xml] occurs at [jar:file:/home/nikitasokolov/flamestream/lib/flamestream-runtime-1.0-SNAPSHOT.jar!/logback.xml]
22:56:57,255 |-WARN in ch.qos.logback.classic.LoggerContext[default] - Resource [logback.xml] occurs at [jar:file:/home/nikitasokolov/flamestream/flamestream-runtime-1.0-SNAPSHOT.jar!/logback.xml]
22:56:57,271 |-INFO in ch.qos.logback.core.joran.spi.ConfigurationWatchList@6bf256fa - URL [jar:file:/home/nikitasokolov/flamestream/lib/flamestream-runtime-1.0-SNAPSHOT.jar!/logback.xml] is not of type file
22:56:57,323 |-INFO in ch.qos.logback.classic.joran.action.ConfigurationAction - debug attribute not set
22:56:57,323 |-INFO in ch.qos.logback.core.joran.action.AppenderAction - About to instantiate appender of type [ch.qos.logback.core.ConsoleAppender]
22:56:57,331 |-INFO in ch.qos.logback.core.joran.action.AppenderAction - Naming appender as [STDOUT]
22:56:57,339 |-INFO in ch.qos.logback.core.joran.action.NestedComplexPropertyIA - Assuming default type [ch.qos.logback.classic.encoder.PatternLayoutEncoder] for [encoder] property
22:56:57,397 |-INFO in ch.qos.logback.core.joran.action.AppenderAction - About to instantiate appender of type [ch.qos.logback.core.rolling.RollingFileAppender]
22:56:57,403 |-INFO in ch.qos.logback.core.joran.action.AppenderAction - Naming appender as [FILE]
22:56:57,427 |-INFO in c.q.l.core.rolling.TimeBasedRollingPolicy@114132791 - No compression will be used
22:56:57,429 |-INFO in c.q.l.core.rolling.TimeBasedRollingPolicy@114132791 - Will use the pattern /tmp/application_%d{yyyy-MM-dd}.%i.log for the active file
22:56:57,431 |-INFO in ch.qos.logback.core.rolling.SizeAndTimeBasedFNATP@22f71333 - The date pattern is 'yyyy-MM-dd' from file name pattern '/tmp/application_%d{yyyy-MM-dd}.%i.log'.
22:56:57,431 |-INFO in ch.qos.logback.core.rolling.SizeAndTimeBasedFNATP@22f71333 - Roll-over at midnight.
22:56:57,436 |-INFO in ch.qos.logback.core.rolling.SizeAndTimeBasedFNATP@22f71333 - Setting initial period to Thu Jun 06 22:00:24 MSK 2019
22:56:57,436 |-WARN in ch.qos.logback.core.rolling.SizeAndTimeBasedFNATP@22f71333 - SizeAndTimeBasedFNATP is deprecated. Use SizeAndTimeBasedRollingPolicy instead
22:56:57,436 |-WARN in ch.qos.logback.core.rolling.SizeAndTimeBasedFNATP@22f71333 - For more information see http://logback.qos.ch/manual/appenders.html#SizeAndTimeBasedRollingPolicy
22:56:57,439 |-INFO in ch.qos.logback.core.joran.action.NestedComplexPropertyIA - Assuming default type [ch.qos.logback.classic.encoder.PatternLayoutEncoder] for [encoder] property
22:56:57,442 |-INFO in ch.qos.logback.core.rolling.RollingFileAppender[FILE] - Active log file name: /tmp/application.log
22:56:57,442 |-INFO in ch.qos.logback.core.rolling.RollingFileAppender[FILE] - File property is set to [/tmp/application.log]
22:56:57,443 |-ERROR in ch.qos.logback.core.rolling.RollingFileAppender[FILE] - openFile(/tmp/application.log,true) call failed. java.io.FileNotFoundException: /tmp/application.log (Permission denied)
	at java.io.FileNotFoundException: /tmp/application.log (Permission denied)
	at 	at java.io.FileOutputStream.open0(Native Method)
	at 	at java.io.FileOutputStream.open(FileOutputStream.java:270)
	at 	at java.io.FileOutputStream.<init>(FileOutputStream.java:213)
	at 	at ch.qos.logback.core.recovery.ResilientFileOutputStream.<init>(ResilientFileOutputStream.java:26)
	at 	at ch.qos.logback.core.FileAppender.openFile(FileAppender.java:204)
	at 	at ch.qos.logback.core.FileAppender.start(FileAppender.java:127)
	at 	at ch.qos.logback.core.rolling.RollingFileAppender.start(RollingFileAppender.java:100)
	at 	at ch.qos.logback.core.joran.action.AppenderAction.end(AppenderAction.java:90)
	at 	at ch.qos.logback.core.joran.spi.Interpreter.callEndAction(Interpreter.java:309)
	at 	at ch.qos.logback.core.joran.spi.Interpreter.endElement(Interpreter.java:193)
	at 	at ch.qos.logback.core.joran.spi.Interpreter.endElement(Interpreter.java:179)
	at 	at ch.qos.logback.core.joran.spi.EventPlayer.play(EventPlayer.java:62)
	at 	at ch.qos.logback.core.joran.GenericConfigurator.doConfigure(GenericConfigurator.java:165)
	at 	at ch.qos.logback.core.joran.GenericConfigurator.doConfigure(GenericConfigurator.java:152)
	at 	at ch.qos.logback.core.joran.GenericConfigurator.doConfigure(GenericConfigurator.java:110)
	at 	at ch.qos.logback.core.joran.GenericConfigurator.doConfigure(GenericConfigurator.java:53)
	at 	at ch.qos.logback.classic.util.ContextInitializer.configureByResource(ContextInitializer.java:75)
	at 	at ch.qos.logback.classic.util.ContextInitializer.autoConfig(ContextInitializer.java:150)
	at 	at org.slf4j.impl.StaticLoggerBinder.init(StaticLoggerBinder.java:84)
	at 	at org.slf4j.impl.StaticLoggerBinder.<clinit>(StaticLoggerBinder.java:55)
	at 	at org.slf4j.LoggerFactory.bind(LoggerFactory.java:150)
	at 	at org.slf4j.LoggerFactory.performInitialization(LoggerFactory.java:124)
	at 	at org.slf4j.LoggerFactory.getILoggerFactory(LoggerFactory.java:412)
	at 	at org.slf4j.LoggerFactory.getLogger(LoggerFactory.java:357)
	at 	at org.slf4j.LoggerFactory.getLogger(LoggerFactory.java:383)
	at 	at com.spbsu.flamestream.runtime.WorkerApplication.<init>(WorkerApplication.java:26)
	at 	at com.spbsu.flamestream.runtime.WorkerApplication.main(WorkerApplication.java:68)
22:56:57,443 |-INFO in ch.qos.logback.classic.joran.action.RootLoggerAction - Setting level of ROOT logger to WARN
22:56:57,443 |-INFO in ch.qos.logback.core.joran.action.AppenderRefAction - Attaching appender named [STDOUT] to Logger[ROOT]
22:56:57,444 |-INFO in ch.qos.logback.core.joran.action.AppenderRefAction - Attaching appender named [FILE] to Logger[ROOT]
22:56:57,444 |-INFO in ch.qos.logback.classic.joran.action.ConfigurationAction - End of configuration.
22:56:57,444 |-INFO in ch.qos.logback.classic.joran.JoranConfigurator@3498ed - Registering current configuration as safe fallback point

2019-06-08T22:56:58.451+0300: 1.387: [GC (Metadata GC Threshold) [PSYoungGen: 97866K->15878K(149504K)] 97866K->15958K(491008K), 0.0197638 secs] [Times: user=0.08 sys=0.02, real=0.02 secs] 
2019-06-08T22:56:58.471+0300: 1.407: [Full GC (Metadata GC Threshold) [PSYoungGen: 15878K->0K(149504K)] [ParOldGen: 80K->15081K(341504K)] 15958K->15081K(491008K), [Metaspace: 20803K->20803K(1067008K)], 0.0352505 secs] [Times: user=0.20 sys=0.00, real=0.04 secs] 
22:57:05.821 [Curator-PathChildrenCache-2] WARN  o.a.c.u.ZKPaths  - The version of ZooKeeper being used doesn't support Container nodes. CreateMode.PERSISTENT will be used instead.
2019-06-08T22:57:06.408+0300: 9.344: [GC (Allocation Failure) [PSYoungGen: 128512K->16727K(149504K)] 143593K->51347K(491008K), 0.0390007 secs] [Times: user=0.22 sys=0.02, real=0.04 secs] 
2019-06-08T22:57:06.546+0300: 9.482: [GC (Metadata GC Threshold) [PSYoungGen: 29932K->6354K(149504K)] 64552K->40982K(491008K), 0.0038096 secs] [Times: user=0.02 sys=0.00, real=0.00 secs] 
2019-06-08T22:57:06.550+0300: 9.485: [Full GC (Metadata GC Threshold) [PSYoungGen: 6354K->0K(149504K)] [ParOldGen: 34628K->29980K(341504K)] 40982K->29980K(491008K), [Metaspace: 34437K->34435K(1079296K)], 0.0455414 secs] [Times: user=0.22 sys=0.01, real=0.05 secs] 
2019-06-08T22:57:08.655+0300: 11.591: [GC (Allocation Failure) [PSYoungGen: 128512K->608K(149504K)] 158492K->30588K(491008K), 0.0030476 secs] [Times: user=0.02 sys=0.00, real=0.00 secs] 
2019-06-08T22:57:10.887+0300: 13.823: [GC (Allocation Failure) [PSYoungGen: 129120K->576K(129536K)] 159100K->30564K(471040K), 0.0567227 secs] [Times: user=0.02 sys=0.00, real=0.06 secs] 
2019-06-08T22:57:13.135+0300: 16.071: [GC (Allocation Failure) [PSYoungGen: 129088K->608K(148480K)] 159076K->30604K(489984K), 0.0029804 secs] [Times: user=0.02 sys=0.00, real=0.00 secs] 
2019-06-08T22:57:15.343+0300: 18.279: [GC (Allocation Failure) [PSYoungGen: 126560K->608K(147968K)] 156556K->30604K(489472K), 0.0051124 secs] [Times: user=0.05 sys=0.00, real=0.00 secs] 
2019-06-08T22:57:17.555+0300: 20.491: [GC (Allocation Failure) [PSYoungGen: 126560K->512K(150016K)] 156556K->30508K(491520K), 0.0026203 secs] [Times: user=0.01 sys=0.00, real=0.00 secs] 
2019-06-08T22:57:19.820+0300: 22.756: [GC (Allocation Failure) [PSYoungGen: 129024K->576K(148992K)] 159020K->30580K(490496K), 0.0031455 secs] [Times: user=0.02 sys=0.00, real=0.01 secs] 
2019-06-08T22:57:22.094+0300: 25.030: [GC (Allocation Failure) [PSYoungGen: 129088K->640K(151552K)] 159092K->30652K(493056K), 0.0038994 secs] [Times: user=0.03 sys=0.01, real=0.00 secs] 
2019-06-08T22:57:24.428+0300: 27.364: [GC (Allocation Failure) [PSYoungGen: 132224K->576K(150528K)] 162236K->30588K(492032K), 0.0045731 secs] [Times: user=0.02 sys=0.00, real=0.00 secs] 
2019-06-08T22:57:26.736+0300: 29.672: [GC (Allocation Failure) [PSYoungGen: 132160K->640K(153088K)] 162172K->30660K(494592K), 0.0034305 secs] [Times: user=0.01 sys=0.01, real=0.00 secs] 
2019-06-08T22:57:29.123+0300: 32.059: [GC (Allocation Failure) [PSYoungGen: 135296K->704K(152064K)] 165316K->30724K(493568K), 0.0038112 secs] [Times: user=0.02 sys=0.00, real=0.00 secs] 
2019-06-08T22:57:31.507+0300: 34.443: [GC (Allocation Failure) [PSYoungGen: 135360K->768K(154624K)] 165380K->30796K(496128K), 0.0029251 secs] [Times: user=0.01 sys=0.00, real=0.00 secs] 
2019-06-08T22:57:33.959+0300: 36.895: [GC (Allocation Failure) [PSYoungGen: 139008K->768K(154112K)] 169036K->30804K(495616K), 0.0027123 secs] [Times: user=0.02 sys=0.00, real=0.01 secs] 
2019-06-08T22:57:36.385+0300: 39.321: [GC (Allocation Failure) [PSYoungGen: 139008K->928K(156672K)] 169044K->30972K(498176K), 0.0039759 secs] [Times: user=0.01 sys=0.01, real=0.00 secs] 
2019-06-08T22:57:38.891+0300: 41.826: [GC (Allocation Failure) [PSYoungGen: 142752K->864K(155648K)] 172796K->30916K(497152K), 0.0041364 secs] [Times: user=0.02 sys=0.01, real=0.01 secs] 
2019-06-08T22:57:41.426+0300: 44.362: [GC (Allocation Failure) [PSYoungGen: 142688K->864K(158208K)] 172740K->30924K(499712K), 0.0727833 secs] [Times: user=0.02 sys=0.00, real=0.07 secs] 
2019-06-08T22:57:43.981+0300: 46.917: [GC (Allocation Failure) [PSYoungGen: 145760K->576K(157184K)] 175820K->31020K(498688K), 0.0028280 secs] [Times: user=0.01 sys=0.00, real=0.01 secs] 
2019-06-08T22:57:46.570+0300: 49.506: [GC (Allocation Failure) [PSYoungGen: 145472K->576K(159232K)] 175916K->31060K(500736K), 0.0028125 secs] [Times: user=0.01 sys=0.00, real=0.00 secs] 
2019-06-08T22:57:49.171+0300: 52.107: [GC (Allocation Failure) [PSYoungGen: 148032K->480K(158720K)] 178516K->30996K(500224K), 0.0720864 secs] [Times: user=0.00 sys=0.00, real=0.08 secs] 
22:58:00.354 [Curator-PathChildrenCache-0] ERROR o.a.c.f.r.c.PathChildrenCache  - 
java.lang.IllegalStateException: instance must be started before calling this method
	at org.apache.curator.shaded.com.google.common.base.Preconditions.checkState(Preconditions.java:444)
	at org.apache.curator.framework.imps.CuratorFrameworkImpl.getChildren(CuratorFrameworkImpl.java:456)
	at org.apache.curator.framework.recipes.cache.PathChildrenCache.refresh(PathChildrenCache.java:521)
	at org.apache.curator.framework.recipes.cache.RefreshOperation.invoke(RefreshOperation.java:35)
	at org.apache.curator.framework.recipes.cache.PathChildrenCache$9.run(PathChildrenCache.java:786)
	at java.util.concurrent.Executors$RunnableAdapter.call(Executors.java:511)
	at java.util.concurrent.FutureTask.run(FutureTask.java:266)
	at java.util.concurrent.Executors$RunnableAdapter.call(Executors.java:511)
	at java.util.concurrent.FutureTask.run(FutureTask.java:266)
	at java.util.concurrent.ThreadPoolExecutor.runWorker(ThreadPoolExecutor.java:1149)
	at java.util.concurrent.ThreadPoolExecutor$Worker.run(ThreadPoolExecutor.java:624)
	at java.lang.Thread.run(Thread.java:748)
22:58:00.446 [worker-akka.actor.default-dispatcher-8] ERROR c.s.f.r.WorkerApplication  - Something went wrong during trace flush
java.nio.file.AccessDeniedException: /tmp/trace.csv
	at sun.nio.fs.UnixException.translateToIOException(UnixException.java:84)
	at sun.nio.fs.UnixException.rethrowAsIOException(UnixException.java:102)
	at sun.nio.fs.UnixException.rethrowAsIOException(UnixException.java:107)
	at sun.nio.fs.UnixFileSystemProvider.newByteChannel(UnixFileSystemProvider.java:214)
	at java.nio.file.spi.FileSystemProvider.newOutputStream(FileSystemProvider.java:434)
	at java.nio.file.Files.newOutputStream(Files.java:216)
	at java.nio.file.Files.newBufferedWriter(Files.java:2860)
	at java.nio.file.Files.newBufferedWriter(Files.java:2896)
	at com.spbsu.flamestream.runtime.utils.tracing.Tracing.flush(Tracing.java:35)
	at com.spbsu.flamestream.runtime.WorkerApplication.lambda$run$0(WorkerApplication.java:109)
	at akka.actor.ActorSystemImpl$TerminationCallbacks$$anonfun$addRec$1$1.applyOrElse(ActorSystem.scala:1036)
	at akka.actor.ActorSystemImpl$TerminationCallbacks$$anonfun$addRec$1$1.applyOrElse(ActorSystem.scala:1036)
	at scala.concurrent.Future$$anonfun$andThen$1.apply(Future.scala:436)
	at scala.concurrent.Future$$anonfun$andThen$1.apply(Future.scala:435)
	at scala.concurrent.impl.CallbackRunnable.run(Promise.scala:36)
	at akka.dispatch.BatchingExecutor$AbstractBatch.processBatch(BatchingExecutor.scala:55)
	at akka.dispatch.BatchingExecutor$BlockableBatch$$anonfun$run$1.apply$mcV$sp(BatchingExecutor.scala:91)
	at akka.dispatch.BatchingExecutor$BlockableBatch$$anonfun$run$1.apply(BatchingExecutor.scala:91)
	at akka.dispatch.BatchingExecutor$BlockableBatch$$anonfun$run$1.apply(BatchingExecutor.scala:91)
	at scala.concurrent.BlockContext$.withBlockContext(BlockContext.scala:72)
	at akka.dispatch.BatchingExecutor$BlockableBatch.run(BatchingExecutor.scala:90)
	at akka.dispatch.TaskInvocation.run(AbstractDispatcher.scala:40)
	at akka.dispatch.ForkJoinExecutorConfigurator$AkkaForkJoinTask.exec(ForkJoinExecutorConfigurator.scala:44)
	at akka.dispatch.forkjoin.ForkJoinTask.doExec(ForkJoinTask.java:260)
	at akka.dispatch.forkjoin.ForkJoinPool$WorkQueue.runTask(ForkJoinPool.java:1339)
	at akka.dispatch.forkjoin.ForkJoinPool.runWorker(ForkJoinPool.java:1979)
	at akka.dispatch.forkjoin.ForkJoinWorkerThread.run(ForkJoinWorkerThread.java:107)
Heap
 PSYoungGen      total 158720K, used 122510K [0x00000000f5980000, 0x0000000100000000, 0x0000000100000000)
  eden space 147456K, 82% used [0x00000000f5980000,0x00000000fd0abaa0,0x00000000fe980000)
  from space 11264K, 4% used [0x00000000fe980000,0x00000000fe9f8070,0x00000000ff480000)
  to   space 10752K, 0% used [0x00000000ff580000,0x00000000ff580000,0x0000000100000000)
 ParOldGen       total 341504K, used 30516K [0x00000000e0c00000, 0x00000000f5980000, 0x00000000f5980000)
  object space 341504K, 8% used [0x00000000e0c00000,0x00000000e29cd170,0x00000000f5980000)
 Metaspace       used 36465K, capacity 37488K, committed 37720K, reserved 1081344K
  class space    used 5026K, capacity 5220K, committed 5248K, reserved 1048576K
