07:40:00,729 |-INFO in ch.qos.logback.classic.LoggerContext[default] - Could NOT find resource [logback-test.xml]
07:40:00,733 |-INFO in ch.qos.logback.classic.LoggerContext[default] - Could NOT find resource [logback.groovy]
07:40:00,734 |-INFO in ch.qos.logback.classic.LoggerContext[default] - Found resource [logback.xml] at [jar:file:/root/flamestream/lib/flamestream-runtime-1.0-SNAPSHOT.jar!/logback.xml]
07:40:00,734 |-WARN in ch.qos.logback.classic.LoggerContext[default] - Resource [logback.xml] occurs multiple times on the classpath.
07:40:00,735 |-WARN in ch.qos.logback.classic.LoggerContext[default] - Resource [logback.xml] occurs at [jar:file:/root/flamestream/lib/flamestream-runtime-1.0-SNAPSHOT.jar!/logback.xml]
07:40:00,735 |-WARN in ch.qos.logback.classic.LoggerContext[default] - Resource [logback.xml] occurs at [jar:file:/root/flamestream/flamestream-runtime-1.0-SNAPSHOT.jar!/logback.xml]
07:40:00,754 |-INFO in ch.qos.logback.core.joran.spi.ConfigurationWatchList@3fb6a447 - URL [jar:file:/root/flamestream/lib/flamestream-runtime-1.0-SNAPSHOT.jar!/logback.xml] is not of type file
07:40:00,825 |-INFO in ch.qos.logback.classic.joran.action.ConfigurationAction - debug attribute not set
07:40:00,826 |-INFO in ch.qos.logback.core.joran.action.AppenderAction - About to instantiate appender of type [ch.qos.logback.core.ConsoleAppender]
07:40:00,842 |-INFO in ch.qos.logback.core.joran.action.AppenderAction - Naming appender as [STDOUT]
07:40:00,858 |-INFO in ch.qos.logback.core.joran.action.NestedComplexPropertyIA - Assuming default type [ch.qos.logback.classic.encoder.PatternLayoutEncoder] for [encoder] property
07:40:00,944 |-INFO in ch.qos.logback.core.joran.action.AppenderAction - About to instantiate appender of type [ch.qos.logback.core.rolling.RollingFileAppender]
07:40:00,948 |-INFO in ch.qos.logback.core.joran.action.AppenderAction - Naming appender as [FILE]
07:40:00,980 |-INFO in c.q.l.core.rolling.TimeBasedRollingPolicy@127618319 - No compression will be used
07:40:00,981 |-INFO in c.q.l.core.rolling.TimeBasedRollingPolicy@127618319 - Will use the pattern /tmp/application_%d{yyyy-MM-dd}.%i.log for the active file
07:40:00,984 |-INFO in ch.qos.logback.core.rolling.SizeAndTimeBasedFNATP@6b2fad11 - The date pattern is 'yyyy-MM-dd' from file name pattern '/tmp/application_%d{yyyy-MM-dd}.%i.log'.
07:40:00,984 |-INFO in ch.qos.logback.core.rolling.SizeAndTimeBasedFNATP@6b2fad11 - Roll-over at midnight.
07:40:00,989 |-INFO in ch.qos.logback.core.rolling.SizeAndTimeBasedFNATP@6b2fad11 - Setting initial period to Tue Jun 11 07:38:32 UTC 2019
07:40:00,989 |-WARN in ch.qos.logback.core.rolling.SizeAndTimeBasedFNATP@6b2fad11 - SizeAndTimeBasedFNATP is deprecated. Use SizeAndTimeBasedRollingPolicy instead
07:40:00,989 |-WARN in ch.qos.logback.core.rolling.SizeAndTimeBasedFNATP@6b2fad11 - For more information see http://logback.qos.ch/manual/appenders.html#SizeAndTimeBasedRollingPolicy
07:40:00,993 |-INFO in ch.qos.logback.core.joran.action.NestedComplexPropertyIA - Assuming default type [ch.qos.logback.classic.encoder.PatternLayoutEncoder] for [encoder] property
07:40:00,998 |-INFO in ch.qos.logback.core.rolling.RollingFileAppender[FILE] - Active log file name: /tmp/application.log
07:40:00,998 |-INFO in ch.qos.logback.core.rolling.RollingFileAppender[FILE] - File property is set to [/tmp/application.log]
07:40:00,999 |-INFO in ch.qos.logback.classic.joran.action.RootLoggerAction - Setting level of ROOT logger to WARN
07:40:00,999 |-INFO in ch.qos.logback.core.joran.action.AppenderRefAction - Attaching appender named [STDOUT] to Logger[ROOT]
07:40:01,001 |-INFO in ch.qos.logback.core.joran.action.AppenderRefAction - Attaching appender named [FILE] to Logger[ROOT]
07:40:01,001 |-INFO in ch.qos.logback.classic.joran.action.ConfigurationAction - End of configuration.
07:40:01,001 |-INFO in ch.qos.logback.classic.joran.JoranConfigurator@79698539 - Registering current configuration as safe fallback point

Ama winner
Ama winner
2019-06-11T07:40:02.335+0000: 1.788: [Full GC (Metadata GC Threshold) 2019-06-11T07:40:02.335+0000: 1.788: [Tenured: 0K->15241K(341376K), 0.0429953 secs] 117750K->15241K(494976K), [Metaspace: 20742K->20742K(1067008K)], 0.0430649 secs] [Times: user=0.04 sys=0.00, real=0.05 secs] 
07:40:18.908 [Curator-PathChildrenCache-1] WARN  o.a.c.u.ZKPaths  - The version of ZooKeeper being used doesn't support Container nodes. CreateMode.PERSISTENT will be used instead.
2019-06-11T07:40:21.333+0000: 20.786: [GC (Allocation Failure) 2019-06-11T07:40:21.333+0000: 20.786: [DefNew: 136576K->17024K(153600K), 0.0270775 secs] 151817K->52521K(494976K), 0.0271481 secs] [Times: user=0.03 sys=0.00, real=0.03 secs] 
2019-06-11T07:40:23.466+0000: 22.919: [Full GC (Metadata GC Threshold) 2019-06-11T07:40:23.467+0000: 22.919: [Tenured: 35497K->44054K(341376K), 0.0516104 secs] 106371K->44054K(494976K), [Metaspace: 34609K->34609K(1079296K)], 0.0516855 secs] [Times: user=0.05 sys=0.00, real=0.05 secs] 
2019-06-11T07:40:29.385+0000: 28.837: [GC (Allocation Failure) 2019-06-11T07:40:29.385+0000: 28.837: [DefNew: 136576K->76K(153600K), 0.0019377 secs] 180630K->44131K(494976K), 0.0019931 secs] [Times: user=0.00 sys=0.00, real=0.01 secs] 
2019-06-11T07:40:35.290+0000: 34.743: [GC (Allocation Failure) 2019-06-11T07:40:35.290+0000: 34.743: [DefNew: 136652K->80K(153600K), 0.0017584 secs] 180707K->44134K(494976K), 0.0018092 secs] [Times: user=0.00 sys=0.00, real=0.00 secs] 
2019-06-11T07:40:41.271+0000: 40.723: [GC (Allocation Failure) 2019-06-11T07:40:41.271+0000: 40.723: [DefNew: 136656K->79K(153600K), 0.0017241 secs] 180710K->44133K(494976K), 0.0017801 secs] [Times: user=0.00 sys=0.00, real=0.00 secs] 
2019-06-11T07:40:47.283+0000: 46.735: [GC (Allocation Failure) 2019-06-11T07:40:47.283+0000: 46.735: [DefNew: 136655K->79K(153600K), 0.0018420 secs] 180709K->44134K(494976K), 0.0018964 secs] [Times: user=0.00 sys=0.00, real=0.00 secs] 
2019-06-11T07:40:53.340+0000: 52.792: [GC (Allocation Failure) 2019-06-11T07:40:53.340+0000: 52.792: [DefNew: 136655K->84K(153600K), 0.0018421 secs] 180710K->44138K(494976K), 0.0019008 secs] [Times: user=0.00 sys=0.00, real=0.00 secs] 
07:41:01.478 [Curator-PathChildrenCache-0] ERROR o.a.c.f.r.c.PathChildrenCache  - 
java.lang.IllegalStateException: instance must be started before calling this method
	at org.apache.curator.shaded.com.google.common.base.Preconditions.checkState(Preconditions.java:444)
	at org.apache.curator.framework.imps.CuratorFrameworkImpl.getChildren(CuratorFrameworkImpl.java:456)
	at org.apache.curator.framework.recipes.cache.PathChildrenCache.refresh(PathChildrenCache.java:521)
	at org.apache.curator.framework.recipes.cache.RefreshOperation.invoke(RefreshOperation.java:35)
	at org.apache.curator.framework.recipes.cache.PathChildrenCache$9.run(PathChildrenCache.java:786)
	at java.util.concurrent.Executors$RunnableAdapter.call(Executors.java:511)
	at java.util.concurrent.FutureTask.run(FutureTask.java:266)
	at java.util.concurrent.Executors$RunnableAdapter.call(Executors.java:511)
	at java.util.concurrent.FutureTask.run(FutureTask.java:266)
	at java.util.concurrent.ThreadPoolExecutor.runWorker(ThreadPoolExecutor.java:1149)
	at java.util.concurrent.ThreadPoolExecutor$Worker.run(ThreadPoolExecutor.java:624)
	at java.lang.Thread.run(Thread.java:748)
Heap
 def new generation   total 153600K, used 84390K [0x00000000e0c00000, 0x00000000eb2a0000, 0x00000000eb2a0000)
  eden space 136576K,  61% used [0x00000000e0c00000, 0x00000000e5e54858, 0x00000000e9160000)
  from space 17024K,   0% used [0x00000000e9160000, 0x00000000e91750d0, 0x00000000ea200000)
  to   space 17024K,   0% used [0x00000000ea200000, 0x00000000ea200000, 0x00000000eb2a0000)
 tenured generation   total 341376K, used 44054K [0x00000000eb2a0000, 0x0000000100000000, 0x0000000100000000)
   the space 341376K,  12% used [0x00000000eb2a0000, 0x00000000edda59a0, 0x00000000edda5a00, 0x0000000100000000)
 Metaspace       used 36066K, capacity 36978K, committed 37120K, reserved 1081344K
  class space    used 4835K, capacity 5045K, committed 5120K, reserved 1048576K
