16:20:50,193 |-INFO in ch.qos.logback.classic.LoggerContext[default] - Could NOT find resource [logback-test.xml]
16:20:50,193 |-INFO in ch.qos.logback.classic.LoggerContext[default] - Could NOT find resource [logback.groovy]
16:20:50,193 |-INFO in ch.qos.logback.classic.LoggerContext[default] - Found resource [logback.xml] at [jar:file:/root/flamestream/lib/flamestream-runtime-1.0-SNAPSHOT.jar!/logback.xml]
16:20:50,194 |-WARN in ch.qos.logback.classic.LoggerContext[default] - Resource [logback.xml] occurs multiple times on the classpath.
16:20:50,194 |-WARN in ch.qos.logback.classic.LoggerContext[default] - Resource [logback.xml] occurs at [jar:file:/root/flamestream/lib/flamestream-runtime-1.0-SNAPSHOT.jar!/logback.xml]
16:20:50,194 |-WARN in ch.qos.logback.classic.LoggerContext[default] - Resource [logback.xml] occurs at [jar:file:/root/flamestream/flamestream-runtime-1.0-SNAPSHOT.jar!/logback.xml]
16:20:50,215 |-INFO in ch.qos.logback.core.joran.spi.ConfigurationWatchList@3fb6a447 - URL [jar:file:/root/flamestream/lib/flamestream-runtime-1.0-SNAPSHOT.jar!/logback.xml] is not of type file
16:20:50,281 |-INFO in ch.qos.logback.classic.joran.action.ConfigurationAction - debug attribute not set
16:20:50,281 |-INFO in ch.qos.logback.core.joran.action.AppenderAction - About to instantiate appender of type [ch.qos.logback.core.ConsoleAppender]
16:20:50,296 |-INFO in ch.qos.logback.core.joran.action.AppenderAction - Naming appender as [STDOUT]
16:20:50,311 |-INFO in ch.qos.logback.core.joran.action.NestedComplexPropertyIA - Assuming default type [ch.qos.logback.classic.encoder.PatternLayoutEncoder] for [encoder] property
16:20:50,410 |-INFO in ch.qos.logback.core.joran.action.AppenderAction - About to instantiate appender of type [ch.qos.logback.core.rolling.RollingFileAppender]
16:20:50,418 |-INFO in ch.qos.logback.core.joran.action.AppenderAction - Naming appender as [FILE]
16:20:50,454 |-INFO in c.q.l.core.rolling.TimeBasedRollingPolicy@127618319 - No compression will be used
16:20:50,455 |-INFO in c.q.l.core.rolling.TimeBasedRollingPolicy@127618319 - Will use the pattern /tmp/application_%d{yyyy-MM-dd}.%i.log for the active file
16:20:50,458 |-INFO in ch.qos.logback.core.rolling.SizeAndTimeBasedFNATP@6b2fad11 - The date pattern is 'yyyy-MM-dd' from file name pattern '/tmp/application_%d{yyyy-MM-dd}.%i.log'.
16:20:50,458 |-INFO in ch.qos.logback.core.rolling.SizeAndTimeBasedFNATP@6b2fad11 - Roll-over at midnight.
16:20:50,463 |-INFO in ch.qos.logback.core.rolling.SizeAndTimeBasedFNATP@6b2fad11 - Setting initial period to Mon Jun 10 16:19:24 UTC 2019
16:20:50,463 |-WARN in ch.qos.logback.core.rolling.SizeAndTimeBasedFNATP@6b2fad11 - SizeAndTimeBasedFNATP is deprecated. Use SizeAndTimeBasedRollingPolicy instead
16:20:50,463 |-WARN in ch.qos.logback.core.rolling.SizeAndTimeBasedFNATP@6b2fad11 - For more information see http://logback.qos.ch/manual/appenders.html#SizeAndTimeBasedRollingPolicy
16:20:50,467 |-INFO in ch.qos.logback.core.joran.action.NestedComplexPropertyIA - Assuming default type [ch.qos.logback.classic.encoder.PatternLayoutEncoder] for [encoder] property
16:20:50,472 |-INFO in ch.qos.logback.core.rolling.RollingFileAppender[FILE] - Active log file name: /tmp/application.log
16:20:50,472 |-INFO in ch.qos.logback.core.rolling.RollingFileAppender[FILE] - File property is set to [/tmp/application.log]
16:20:50,473 |-INFO in ch.qos.logback.classic.joran.action.RootLoggerAction - Setting level of ROOT logger to WARN
16:20:50,473 |-INFO in ch.qos.logback.core.joran.action.AppenderRefAction - Attaching appender named [STDOUT] to Logger[ROOT]
16:20:50,473 |-INFO in ch.qos.logback.core.joran.action.AppenderRefAction - Attaching appender named [FILE] to Logger[ROOT]
16:20:50,473 |-INFO in ch.qos.logback.classic.joran.action.ConfigurationAction - End of configuration.
16:20:50,474 |-INFO in ch.qos.logback.classic.joran.JoranConfigurator@79698539 - Registering current configuration as safe fallback point

Ama winner
Ama winner
2019-06-10T16:20:51.765+0000: 1.752: [Full GC (Metadata GC Threshold) 2019-06-10T16:20:51.765+0000: 1.752: [Tenured: 0K->15241K(341376K), 0.0360420 secs] 117750K->15241K(494976K), [Metaspace: 20735K->20735K(1067008K)], 0.0361066 secs] [Times: user=0.03 sys=0.00, real=0.04 secs] 
16:21:07.889 [Curator-PathChildrenCache-1] WARN  o.a.c.u.ZKPaths  - The version of ZooKeeper being used doesn't support Container nodes. CreateMode.PERSISTENT will be used instead.
2019-06-10T16:21:10.287+0000: 20.275: [GC (Allocation Failure) 2019-06-10T16:21:10.287+0000: 20.275: [DefNew: 136576K->17024K(153600K), 0.0263863 secs] 151817K->52692K(494976K), 0.0264629 secs] [Times: user=0.03 sys=0.00, real=0.02 secs] 
2019-06-10T16:21:11.589+0000: 21.577: [Full GC (Metadata GC Threshold) 2019-06-10T16:21:11.589+0000: 21.577: [Tenured: 35668K->44309K(341376K), 0.0384942 secs] 82428K->44309K(494976K), [Metaspace: 34578K->34578K(1079296K)], 0.0385788 secs] [Times: user=0.03 sys=0.01, real=0.04 secs] 
2019-06-10T16:21:18.111+0000: 28.098: [GC (Allocation Failure) 2019-06-10T16:21:18.111+0000: 28.098: [DefNew: 136576K->74K(153600K), 0.0018358 secs] 180885K->44383K(494976K), 0.0018958 secs] [Times: user=0.00 sys=0.00, real=0.00 secs] 
2019-06-10T16:21:24.687+0000: 34.674: [GC (Allocation Failure) 2019-06-10T16:21:24.687+0000: 34.674: [DefNew: 136650K->71K(153600K), 0.0016838 secs] 180959K->44381K(494976K), 0.0017452 secs] [Times: user=0.00 sys=0.00, real=0.00 secs] 
2019-06-10T16:21:31.283+0000: 41.271: [GC (Allocation Failure) 2019-06-10T16:21:31.283+0000: 41.271: [DefNew: 136647K->74K(153600K), 0.0016483 secs] 180957K->44383K(494976K), 0.0017095 secs] [Times: user=0.00 sys=0.00, real=0.00 secs] 
2019-06-10T16:21:37.949+0000: 47.936: [GC (Allocation Failure) 2019-06-10T16:21:37.949+0000: 47.936: [DefNew: 136650K->74K(153600K), 0.0017962 secs] 180959K->44383K(494976K), 0.0018680 secs] [Times: user=0.00 sys=0.00, real=0.00 secs] 
2019-06-10T16:21:44.606+0000: 54.594: [GC (Allocation Failure) 2019-06-10T16:21:44.606+0000: 54.594: [DefNew: 136650K->74K(153600K), 0.0017578 secs] 180959K->44383K(494976K), 0.0018183 secs] [Times: user=0.00 sys=0.00, real=0.01 secs] 
16:21:58.893 [Curator-PathChildrenCache-0] ERROR o.a.c.f.r.c.PathChildrenCache  - 
java.lang.IllegalStateException: instance must be started before calling this method
	at org.apache.curator.shaded.com.google.common.base.Preconditions.checkState(Preconditions.java:444)
	at org.apache.curator.framework.imps.CuratorFrameworkImpl.getChildren(CuratorFrameworkImpl.java:456)
	at org.apache.curator.framework.recipes.cache.PathChildrenCache.refresh(PathChildrenCache.java:521)
	at org.apache.curator.framework.recipes.cache.RefreshOperation.invoke(RefreshOperation.java:35)
	at org.apache.curator.framework.recipes.cache.PathChildrenCache$9.run(PathChildrenCache.java:786)
	at java.util.concurrent.Executors$RunnableAdapter.call(Executors.java:511)
	at java.util.concurrent.FutureTask.run(FutureTask.java:266)
	at java.util.concurrent.Executors$RunnableAdapter.call(Executors.java:511)
	at java.util.concurrent.FutureTask.run(FutureTask.java:266)
	at java.util.concurrent.ThreadPoolExecutor.runWorker(ThreadPoolExecutor.java:1149)
	at java.util.concurrent.ThreadPoolExecutor$Worker.run(ThreadPoolExecutor.java:624)
	at java.lang.Thread.run(Thread.java:748)
Heap
 def new generation   total 153600K, used 104720K [0x00000000e0c00000, 0x00000000eb2a0000, 0x00000000eb2a0000)
  eden space 136576K,  76% used [0x00000000e0c00000, 0x00000000e72317e8, 0x00000000e9160000)
  from space 17024K,   0% used [0x00000000e9160000, 0x00000000e91729b8, 0x00000000ea200000)
  to   space 17024K,   0% used [0x00000000ea200000, 0x00000000ea200000, 0x00000000eb2a0000)
 tenured generation   total 341376K, used 44309K [0x00000000eb2a0000, 0x0000000100000000, 0x0000000100000000)
   the space 341376K,  12% used [0x00000000eb2a0000, 0x00000000edde5540, 0x00000000edde5600, 0x0000000100000000)
 Metaspace       used 36094K, capacity 36998K, committed 37120K, reserved 1081344K
  class space    used 4868K, capacity 5075K, committed 5120K, reserved 1048576K
