16:43:51,985 |-INFO in ch.qos.logback.classic.LoggerContext[default] - Could NOT find resource [logback-test.xml]
16:43:51,985 |-INFO in ch.qos.logback.classic.LoggerContext[default] - Could NOT find resource [logback.groovy]
16:43:51,990 |-INFO in ch.qos.logback.classic.LoggerContext[default] - Found resource [logback.xml] at [jar:file:/root/flamestream/lib/flamestream-runtime-1.0-SNAPSHOT.jar!/logback.xml]
16:43:51,991 |-WARN in ch.qos.logback.classic.LoggerContext[default] - Resource [logback.xml] occurs multiple times on the classpath.
16:43:51,991 |-WARN in ch.qos.logback.classic.LoggerContext[default] - Resource [logback.xml] occurs at [jar:file:/root/flamestream/lib/flamestream-runtime-1.0-SNAPSHOT.jar!/logback.xml]
16:43:51,991 |-WARN in ch.qos.logback.classic.LoggerContext[default] - Resource [logback.xml] occurs at [jar:file:/root/flamestream/flamestream-runtime-1.0-SNAPSHOT.jar!/logback.xml]
16:43:52,010 |-INFO in ch.qos.logback.core.joran.spi.ConfigurationWatchList@3fb6a447 - URL [jar:file:/root/flamestream/lib/flamestream-runtime-1.0-SNAPSHOT.jar!/logback.xml] is not of type file
16:43:52,076 |-INFO in ch.qos.logback.classic.joran.action.ConfigurationAction - debug attribute not set
16:43:52,076 |-INFO in ch.qos.logback.core.joran.action.AppenderAction - About to instantiate appender of type [ch.qos.logback.core.ConsoleAppender]
16:43:52,093 |-INFO in ch.qos.logback.core.joran.action.AppenderAction - Naming appender as [STDOUT]
16:43:52,111 |-INFO in ch.qos.logback.core.joran.action.NestedComplexPropertyIA - Assuming default type [ch.qos.logback.classic.encoder.PatternLayoutEncoder] for [encoder] property
16:43:52,194 |-INFO in ch.qos.logback.core.joran.action.AppenderAction - About to instantiate appender of type [ch.qos.logback.core.rolling.RollingFileAppender]
16:43:52,205 |-INFO in ch.qos.logback.core.joran.action.AppenderAction - Naming appender as [FILE]
16:43:52,232 |-INFO in c.q.l.core.rolling.TimeBasedRollingPolicy@127618319 - No compression will be used
16:43:52,234 |-INFO in c.q.l.core.rolling.TimeBasedRollingPolicy@127618319 - Will use the pattern /tmp/application_%d{yyyy-MM-dd}.%i.log for the active file
16:43:52,236 |-INFO in ch.qos.logback.core.rolling.SizeAndTimeBasedFNATP@6b2fad11 - The date pattern is 'yyyy-MM-dd' from file name pattern '/tmp/application_%d{yyyy-MM-dd}.%i.log'.
16:43:52,236 |-INFO in ch.qos.logback.core.rolling.SizeAndTimeBasedFNATP@6b2fad11 - Roll-over at midnight.
16:43:52,242 |-INFO in ch.qos.logback.core.rolling.SizeAndTimeBasedFNATP@6b2fad11 - Setting initial period to Mon Jun 10 16:42:24 UTC 2019
16:43:52,242 |-WARN in ch.qos.logback.core.rolling.SizeAndTimeBasedFNATP@6b2fad11 - SizeAndTimeBasedFNATP is deprecated. Use SizeAndTimeBasedRollingPolicy instead
16:43:52,242 |-WARN in ch.qos.logback.core.rolling.SizeAndTimeBasedFNATP@6b2fad11 - For more information see http://logback.qos.ch/manual/appenders.html#SizeAndTimeBasedRollingPolicy
16:43:52,246 |-INFO in ch.qos.logback.core.joran.action.NestedComplexPropertyIA - Assuming default type [ch.qos.logback.classic.encoder.PatternLayoutEncoder] for [encoder] property
16:43:52,251 |-INFO in ch.qos.logback.core.rolling.RollingFileAppender[FILE] - Active log file name: /tmp/application.log
16:43:52,251 |-INFO in ch.qos.logback.core.rolling.RollingFileAppender[FILE] - File property is set to [/tmp/application.log]
16:43:52,252 |-INFO in ch.qos.logback.classic.joran.action.RootLoggerAction - Setting level of ROOT logger to WARN
16:43:52,252 |-INFO in ch.qos.logback.core.joran.action.AppenderRefAction - Attaching appender named [STDOUT] to Logger[ROOT]
16:43:52,254 |-INFO in ch.qos.logback.core.joran.action.AppenderRefAction - Attaching appender named [FILE] to Logger[ROOT]
16:43:52,254 |-INFO in ch.qos.logback.classic.joran.action.ConfigurationAction - End of configuration.
16:43:52,254 |-INFO in ch.qos.logback.classic.joran.JoranConfigurator@79698539 - Registering current configuration as safe fallback point

Ama winner
Ama winner
2019-06-10T16:43:53.566+0000: 1.762: [Full GC (Metadata GC Threshold) 2019-06-10T16:43:53.566+0000: 1.762: [Tenured: 0K->15208K(341376K), 0.0406549 secs] 114987K->15208K(494976K), [Metaspace: 20726K->20726K(1067008K)], 0.0407251 secs] [Times: user=0.04 sys=0.00, real=0.04 secs] 
16:44:11.456 [Curator-PathChildrenCache-2] WARN  o.a.c.u.ZKPaths  - The version of ZooKeeper being used doesn't support Container nodes. CreateMode.PERSISTENT will be used instead.
2019-06-10T16:44:13.580+0000: 21.775: [GC (Allocation Failure) 2019-06-10T16:44:13.580+0000: 21.775: [DefNew: 118932K->17023K(153600K), 0.0180309 secs] 134140K->33342K(494976K), 0.0180973 secs] [Times: user=0.02 sys=0.01, real=0.02 secs] 
2019-06-10T16:44:14.086+0000: 22.282: [Full GC (Metadata GC Threshold) 2019-06-10T16:44:14.086+0000: 22.282: [Tenured: 16318K->44994K(341376K), 0.0438861 secs] 70626K->44994K(494976K), [Metaspace: 34569K->34569K(1079296K)], 0.0439596 secs] [Times: user=0.04 sys=0.00, real=0.04 secs] 
2019-06-10T16:44:18.576+0000: 26.771: [GC (Allocation Failure) 2019-06-10T16:44:18.576+0000: 26.771: [DefNew: 136576K->222K(153600K), 0.0023982 secs] 181570K->45217K(494976K), 0.0024627 secs] [Times: user=0.00 sys=0.00, real=0.00 secs] 
2019-06-10T16:44:22.920+0000: 31.115: [GC (Allocation Failure) 2019-06-10T16:44:22.920+0000: 31.115: [DefNew: 136798K->261K(153600K), 0.0021031 secs] 181793K->45255K(494976K), 0.0021621 secs] [Times: user=0.00 sys=0.00, real=0.00 secs] 
2019-06-10T16:44:27.306+0000: 35.502: [GC (Allocation Failure) 2019-06-10T16:44:27.306+0000: 35.502: [DefNew: 136837K->287K(153600K), 0.0021196 secs] 181831K->45282K(494976K), 0.0021805 secs] [Times: user=0.00 sys=0.00, real=0.00 secs] 
2019-06-10T16:44:31.637+0000: 39.833: [GC (Allocation Failure) 2019-06-10T16:44:31.637+0000: 39.833: [DefNew: 136863K->322K(153600K), 0.0021708 secs] 181858K->45317K(494976K), 0.0022427 secs] [Times: user=0.00 sys=0.00, real=0.00 secs] 
2019-06-10T16:44:35.998+0000: 44.193: [GC (Allocation Failure) 2019-06-10T16:44:35.998+0000: 44.193: [DefNew: 136898K->321K(153600K), 0.0021826 secs] 181893K->45315K(494976K), 0.0022443 secs] [Times: user=0.00 sys=0.00, real=0.00 secs] 
2019-06-10T16:44:40.320+0000: 48.516: [GC (Allocation Failure) 2019-06-10T16:44:40.320+0000: 48.516: [DefNew: 136897K->336K(153600K), 0.0022305 secs] 181891K->45331K(494976K), 0.0022911 secs] [Times: user=0.00 sys=0.00, real=0.00 secs] 
2019-06-10T16:44:44.637+0000: 52.833: [GC (Allocation Failure) 2019-06-10T16:44:44.637+0000: 52.833: [DefNew: 136912K->325K(153600K), 0.0021611 secs] 181907K->45320K(494976K), 0.0022292 secs] [Times: user=0.00 sys=0.00, real=0.00 secs] 
2019-06-10T16:44:48.916+0000: 57.111: [GC (Allocation Failure) 2019-06-10T16:44:48.916+0000: 57.111: [DefNew: 136901K->320K(153600K), 0.0021985 secs] 181896K->45315K(494976K), 0.0022586 secs] [Times: user=0.00 sys=0.00, real=0.00 secs] 
16:44:59.570 [Curator-PathChildrenCache-0] ERROR o.a.c.f.r.c.PathChildrenCache  - 
java.lang.IllegalStateException: instance must be started before calling this method
	at org.apache.curator.shaded.com.google.common.base.Preconditions.checkState(Preconditions.java:444)
	at org.apache.curator.framework.imps.CuratorFrameworkImpl.getChildren(CuratorFrameworkImpl.java:456)
	at org.apache.curator.framework.recipes.cache.PathChildrenCache.refresh(PathChildrenCache.java:521)
	at org.apache.curator.framework.recipes.cache.RefreshOperation.invoke(RefreshOperation.java:35)
	at org.apache.curator.framework.recipes.cache.PathChildrenCache$9.run(PathChildrenCache.java:786)
	at java.util.concurrent.Executors$RunnableAdapter.call(Executors.java:511)
	at java.util.concurrent.FutureTask.run(FutureTask.java:266)
	at java.util.concurrent.Executors$RunnableAdapter.call(Executors.java:511)
	at java.util.concurrent.FutureTask.run(FutureTask.java:266)
	at java.util.concurrent.ThreadPoolExecutor.runWorker(ThreadPoolExecutor.java:1149)
	at java.util.concurrent.ThreadPoolExecutor$Worker.run(ThreadPoolExecutor.java:624)
	at java.lang.Thread.run(Thread.java:748)
Heap
 def new generation   total 153600K, used 106429K [0x00000000e0c00000, 0x00000000eb2a0000, 0x00000000eb2a0000)
  eden space 136576K,  77% used [0x00000000e0c00000, 0x00000000e739f108, 0x00000000e9160000)
  from space 17024K,   1% used [0x00000000ea200000, 0x00000000ea2503a0, 0x00000000eb2a0000)
  to   space 17024K,   0% used [0x00000000e9160000, 0x00000000e9160000, 0x00000000ea200000)
 tenured generation   total 341376K, used 44994K [0x00000000eb2a0000, 0x0000000100000000, 0x0000000100000000)
   the space 341376K,  13% used [0x00000000eb2a0000, 0x00000000ede90af0, 0x00000000ede90c00, 0x0000000100000000)
 Metaspace       used 36215K, capacity 37186K, committed 37504K, reserved 1081344K
  class space    used 4902K, capacity 5123K, committed 5248K, reserved 1048576K
