04:56:50,133 |-INFO in ch.qos.logback.classic.LoggerContext[default] - Could NOT find resource [logback-test.xml]
04:56:50,133 |-INFO in ch.qos.logback.classic.LoggerContext[default] - Could NOT find resource [logback.groovy]
04:56:50,133 |-INFO in ch.qos.logback.classic.LoggerContext[default] - Found resource [logback.xml] at [jar:file:/home/nikitasokolov/flamestream/lib/flamestream-runtime-1.0-SNAPSHOT.jar!/logback.xml]
04:56:50,133 |-WARN in ch.qos.logback.classic.LoggerContext[default] - Resource [logback.xml] occurs multiple times on the classpath.
04:56:50,134 |-WARN in ch.qos.logback.classic.LoggerContext[default] - Resource [logback.xml] occurs at [jar:file:/home/nikitasokolov/flamestream/lib/flamestream-runtime-1.0-SNAPSHOT.jar!/logback.xml]
04:56:50,134 |-WARN in ch.qos.logback.classic.LoggerContext[default] - Resource [logback.xml] occurs at [jar:file:/home/nikitasokolov/flamestream/flamestream-runtime-1.0-SNAPSHOT.jar!/logback.xml]
04:56:50,149 |-INFO in ch.qos.logback.core.joran.spi.ConfigurationWatchList@6108b2d7 - URL [jar:file:/home/nikitasokolov/flamestream/lib/flamestream-runtime-1.0-SNAPSHOT.jar!/logback.xml] is not of type file
04:56:50,199 |-INFO in ch.qos.logback.classic.joran.action.ConfigurationAction - debug attribute not set
04:56:50,200 |-INFO in ch.qos.logback.core.joran.action.AppenderAction - About to instantiate appender of type [ch.qos.logback.core.ConsoleAppender]
04:56:50,211 |-INFO in ch.qos.logback.core.joran.action.AppenderAction - Naming appender as [STDOUT]
04:56:50,219 |-INFO in ch.qos.logback.core.joran.action.NestedComplexPropertyIA - Assuming default type [ch.qos.logback.classic.encoder.PatternLayoutEncoder] for [encoder] property
04:56:50,277 |-INFO in ch.qos.logback.core.joran.action.AppenderAction - About to instantiate appender of type [ch.qos.logback.core.rolling.RollingFileAppender]
04:56:50,283 |-INFO in ch.qos.logback.core.joran.action.AppenderAction - Naming appender as [FILE]
04:56:50,306 |-INFO in c.q.l.core.rolling.TimeBasedRollingPolicy@357863579 - No compression will be used
04:56:50,308 |-INFO in c.q.l.core.rolling.TimeBasedRollingPolicy@357863579 - Will use the pattern /tmp/application_%d{yyyy-MM-dd}.%i.log for the active file
04:56:50,310 |-INFO in ch.qos.logback.core.rolling.SizeAndTimeBasedFNATP@6bf256fa - The date pattern is 'yyyy-MM-dd' from file name pattern '/tmp/application_%d{yyyy-MM-dd}.%i.log'.
04:56:50,310 |-INFO in ch.qos.logback.core.rolling.SizeAndTimeBasedFNATP@6bf256fa - Roll-over at midnight.
04:56:50,315 |-INFO in ch.qos.logback.core.rolling.SizeAndTimeBasedFNATP@6bf256fa - Setting initial period to Sun Jun 09 04:56:10 MSK 2019
04:56:50,315 |-WARN in ch.qos.logback.core.rolling.SizeAndTimeBasedFNATP@6bf256fa - SizeAndTimeBasedFNATP is deprecated. Use SizeAndTimeBasedRollingPolicy instead
04:56:50,315 |-WARN in ch.qos.logback.core.rolling.SizeAndTimeBasedFNATP@6bf256fa - For more information see http://logback.qos.ch/manual/appenders.html#SizeAndTimeBasedRollingPolicy
04:56:50,319 |-INFO in ch.qos.logback.core.joran.action.NestedComplexPropertyIA - Assuming default type [ch.qos.logback.classic.encoder.PatternLayoutEncoder] for [encoder] property
04:56:50,323 |-INFO in ch.qos.logback.core.rolling.RollingFileAppender[FILE] - Active log file name: /tmp/application.log
04:56:50,323 |-INFO in ch.qos.logback.core.rolling.RollingFileAppender[FILE] - File property is set to [/tmp/application.log]
04:56:50,324 |-INFO in ch.qos.logback.classic.joran.action.RootLoggerAction - Setting level of ROOT logger to WARN
04:56:50,324 |-INFO in ch.qos.logback.core.joran.action.AppenderRefAction - Attaching appender named [STDOUT] to Logger[ROOT]
04:56:50,325 |-INFO in ch.qos.logback.core.joran.action.AppenderRefAction - Attaching appender named [FILE] to Logger[ROOT]
04:56:50,325 |-INFO in ch.qos.logback.classic.joran.action.ConfigurationAction - End of configuration.
04:56:50,326 |-INFO in ch.qos.logback.classic.joran.JoranConfigurator@6cd8737 - Registering current configuration as safe fallback point

2019-06-09T04:56:51.334+0300: 1.411: [GC (Metadata GC Threshold) [PSYoungGen: 108152K->15806K(149504K)] 108152K->15886K(491008K), 0.0249282 secs] [Times: user=0.09 sys=0.02, real=0.03 secs] 
2019-06-09T04:56:51.359+0300: 1.436: [Full GC (Metadata GC Threshold) [PSYoungGen: 15806K->0K(149504K)] [ParOldGen: 80K->14982K(341504K)] 15886K->14982K(491008K), [Metaspace: 20805K->20805K(1067008K)], 0.0256799 secs] [Times: user=0.16 sys=0.00, real=0.02 secs] 
04:56:59.556 [Curator-PathChildrenCache-1] WARN  o.a.c.u.ZKPaths  - The version of ZooKeeper being used doesn't support Container nodes. CreateMode.PERSISTENT will be used instead.
2019-06-09T04:57:00.438+0300: 10.515: [GC (Metadata GC Threshold) [PSYoungGen: 128009K->15989K(149504K)] 142991K->50510K(491008K), 0.0316695 secs] [Times: user=0.28 sys=0.02, real=0.03 secs] 
2019-06-09T04:57:00.470+0300: 10.547: [Full GC (Metadata GC Threshold) [PSYoungGen: 15989K->0K(149504K)] [ParOldGen: 34521K->38991K(341504K)] 50510K->38991K(491008K), [Metaspace: 34565K->34565K(1079296K)], 0.0383959 secs] [Times: user=0.24 sys=0.00, real=0.03 secs] 
2019-06-09T04:57:02.777+0300: 12.853: [GC (Allocation Failure) [PSYoungGen: 128512K->640K(149504K)] 167503K->39639K(491008K), 0.0036447 secs] [Times: user=0.01 sys=0.01, real=0.01 secs] 
2019-06-09T04:57:05.132+0300: 15.208: [GC (Allocation Failure) [PSYoungGen: 129152K->608K(149504K)] 168151K->39615K(491008K), 0.0029522 secs] [Times: user=0.02 sys=0.00, real=0.00 secs] 
2019-06-09T04:57:06.990+0300: 17.066: [GC (Allocation Failure) [PSYoungGen: 129120K->672K(129536K)] 168127K->39687K(471040K), 0.0061107 secs] [Times: user=0.05 sys=0.01, real=0.00 secs] 
2019-06-09T04:57:08.998+0300: 19.075: [GC (Allocation Failure) [PSYoungGen: 129184K->960K(150016K)] 168199K->39975K(491520K), 0.0026764 secs] [Times: user=0.01 sys=0.00, real=0.00 secs] 
2019-06-09T04:57:10.655+0300: 20.732: [GC (Allocation Failure) [PSYoungGen: 129472K->672K(148992K)] 168487K->39687K(490496K), 0.0050513 secs] [Times: user=0.04 sys=0.00, real=0.01 secs] 
2019-06-09T04:57:12.432+0300: 22.509: [GC (Allocation Failure) [PSYoungGen: 129184K->672K(151552K)] 168199K->39695K(493056K), 0.0033202 secs] [Times: user=0.02 sys=0.00, real=0.00 secs] 
2019-06-09T04:57:13.846+0300: 23.922: [GC (Allocation Failure) [PSYoungGen: 132768K->576K(151040K)] 171791K->39607K(492544K), 0.0030053 secs] [Times: user=0.01 sys=0.00, real=0.00 secs] 
2019-06-09T04:57:15.924+0300: 26.000: [GC (Allocation Failure) [PSYoungGen: 132672K->768K(153088K)] 171703K->39807K(494592K), 0.0766241 secs] [Times: user=0.02 sys=0.00, real=0.08 secs] 
2019-06-09T04:57:17.431+0300: 27.507: [GC (Allocation Failure) [PSYoungGen: 135936K->736K(152576K)] 174975K->39775K(494080K), 0.0038677 secs] [Times: user=0.02 sys=0.01, real=0.00 secs] 
2019-06-09T04:57:18.999+0300: 29.076: [GC (Allocation Failure) [PSYoungGen: 135904K->800K(154624K)] 174943K->39839K(496128K), 0.0038162 secs] [Times: user=0.01 sys=0.00, real=0.00 secs] 
2019-06-09T04:57:20.818+0300: 30.894: [GC (Allocation Failure) [PSYoungGen: 139040K->736K(154112K)] 178079K->39783K(495616K), 0.0030069 secs] [Times: user=0.02 sys=0.00, real=0.00 secs] 
2019-06-09T04:57:22.526+0300: 32.603: [GC (Allocation Failure) [PSYoungGen: 138976K->576K(156160K)] 178023K->39631K(497664K), 0.0028709 secs] [Times: user=0.01 sys=0.00, real=0.00 secs] 
2019-06-09T04:57:24.352+0300: 34.429: [GC (Allocation Failure) [PSYoungGen: 141888K->576K(155648K)] 180943K->39631K(497152K), 0.0033425 secs] [Times: user=0.02 sys=0.00, real=0.00 secs] 
2019-06-09T04:57:26.729+0300: 36.805: [GC (Allocation Failure) [PSYoungGen: 141888K->672K(157696K)] 180943K->39727K(499200K), 0.1266118 secs] [Times: user=0.02 sys=0.00, real=0.13 secs] 
2019-06-09T04:57:29.026+0300: 39.102: [GC (Allocation Failure) [PSYoungGen: 145056K->736K(157184K)] 184111K->39791K(498688K), 0.0028215 secs] [Times: user=0.01 sys=0.00, real=0.00 secs] 
04:57:38.752 [Curator-PathChildrenCache-0] ERROR o.a.c.f.r.c.PathChildrenCache  - 
java.lang.IllegalStateException: instance must be started before calling this method
	at org.apache.curator.shaded.com.google.common.base.Preconditions.checkState(Preconditions.java:444)
	at org.apache.curator.framework.imps.CuratorFrameworkImpl.getChildren(CuratorFrameworkImpl.java:456)
	at org.apache.curator.framework.recipes.cache.PathChildrenCache.refresh(PathChildrenCache.java:521)
	at org.apache.curator.framework.recipes.cache.RefreshOperation.invoke(RefreshOperation.java:35)
	at org.apache.curator.framework.recipes.cache.PathChildrenCache$9.run(PathChildrenCache.java:786)
	at java.util.concurrent.Executors$RunnableAdapter.call(Executors.java:511)
	at java.util.concurrent.FutureTask.run(FutureTask.java:266)
	at java.util.concurrent.Executors$RunnableAdapter.call(Executors.java:511)
	at java.util.concurrent.FutureTask.run(FutureTask.java:266)
	at java.util.concurrent.ThreadPoolExecutor.runWorker(ThreadPoolExecutor.java:1149)
	at java.util.concurrent.ThreadPoolExecutor$Worker.run(ThreadPoolExecutor.java:624)
	at java.lang.Thread.run(Thread.java:748)
Heap
 PSYoungGen      total 157184K, used 87600K [0x00000000f5980000, 0x0000000100000000, 0x0000000100000000)
  eden space 144384K, 60% used [0x00000000f5980000,0x00000000fae54058,0x00000000fe680000)
  from space 12800K, 5% used [0x00000000fe680000,0x00000000fe738020,0x00000000ff300000)
  to   space 11776K, 0% used [0x00000000ff480000,0x00000000ff480000,0x0000000100000000)
 ParOldGen       total 341504K, used 39055K [0x00000000e0c00000, 0x00000000f5980000, 0x00000000f5980000)
  object space 341504K, 11% used [0x00000000e0c00000,0x00000000e3223c78,0x00000000f5980000)
 Metaspace       used 35774K, capacity 36622K, committed 36952K, reserved 1081344K
  class space    used 4935K, capacity 5129K, committed 5248K, reserved 1048576K
