08:24:57,609 |-INFO in ch.qos.logback.classic.LoggerContext[default] - Could NOT find resource [logback-test.xml]
08:24:57,609 |-INFO in ch.qos.logback.classic.LoggerContext[default] - Could NOT find resource [logback.groovy]
08:24:57,610 |-INFO in ch.qos.logback.classic.LoggerContext[default] - Found resource [logback.xml] at [jar:file:/root/flamestream/lib/flamestream-runtime-1.0-SNAPSHOT.jar!/logback.xml]
08:24:57,611 |-WARN in ch.qos.logback.classic.LoggerContext[default] - Resource [logback.xml] occurs multiple times on the classpath.
08:24:57,611 |-WARN in ch.qos.logback.classic.LoggerContext[default] - Resource [logback.xml] occurs at [jar:file:/root/flamestream/lib/flamestream-runtime-1.0-SNAPSHOT.jar!/logback.xml]
08:24:57,611 |-WARN in ch.qos.logback.classic.LoggerContext[default] - Resource [logback.xml] occurs at [jar:file:/root/flamestream/flamestream-runtime-1.0-SNAPSHOT.jar!/logback.xml]
08:24:57,630 |-INFO in ch.qos.logback.core.joran.spi.ConfigurationWatchList@3fb6a447 - URL [jar:file:/root/flamestream/lib/flamestream-runtime-1.0-SNAPSHOT.jar!/logback.xml] is not of type file
08:24:57,701 |-INFO in ch.qos.logback.classic.joran.action.ConfigurationAction - debug attribute not set
08:24:57,702 |-INFO in ch.qos.logback.core.joran.action.AppenderAction - About to instantiate appender of type [ch.qos.logback.core.ConsoleAppender]
08:24:57,719 |-INFO in ch.qos.logback.core.joran.action.AppenderAction - Naming appender as [STDOUT]
08:24:57,740 |-INFO in ch.qos.logback.core.joran.action.NestedComplexPropertyIA - Assuming default type [ch.qos.logback.classic.encoder.PatternLayoutEncoder] for [encoder] property
08:24:57,817 |-INFO in ch.qos.logback.core.joran.action.AppenderAction - About to instantiate appender of type [ch.qos.logback.core.rolling.RollingFileAppender]
08:24:57,822 |-INFO in ch.qos.logback.core.joran.action.AppenderAction - Naming appender as [FILE]
08:24:57,855 |-INFO in c.q.l.core.rolling.TimeBasedRollingPolicy@127618319 - No compression will be used
08:24:57,856 |-INFO in c.q.l.core.rolling.TimeBasedRollingPolicy@127618319 - Will use the pattern /tmp/application_%d{yyyy-MM-dd}.%i.log for the active file
08:24:57,859 |-INFO in ch.qos.logback.core.rolling.SizeAndTimeBasedFNATP@6b2fad11 - The date pattern is 'yyyy-MM-dd' from file name pattern '/tmp/application_%d{yyyy-MM-dd}.%i.log'.
08:24:57,859 |-INFO in ch.qos.logback.core.rolling.SizeAndTimeBasedFNATP@6b2fad11 - Roll-over at midnight.
08:24:57,864 |-INFO in ch.qos.logback.core.rolling.SizeAndTimeBasedFNATP@6b2fad11 - Setting initial period to Tue Jun 11 08:23:41 UTC 2019
08:24:57,865 |-WARN in ch.qos.logback.core.rolling.SizeAndTimeBasedFNATP@6b2fad11 - SizeAndTimeBasedFNATP is deprecated. Use SizeAndTimeBasedRollingPolicy instead
08:24:57,865 |-WARN in ch.qos.logback.core.rolling.SizeAndTimeBasedFNATP@6b2fad11 - For more information see http://logback.qos.ch/manual/appenders.html#SizeAndTimeBasedRollingPolicy
08:24:57,869 |-INFO in ch.qos.logback.core.joran.action.NestedComplexPropertyIA - Assuming default type [ch.qos.logback.classic.encoder.PatternLayoutEncoder] for [encoder] property
08:24:57,873 |-INFO in ch.qos.logback.core.rolling.RollingFileAppender[FILE] - Active log file name: /tmp/application.log
08:24:57,873 |-INFO in ch.qos.logback.core.rolling.RollingFileAppender[FILE] - File property is set to [/tmp/application.log]
08:24:57,874 |-INFO in ch.qos.logback.classic.joran.action.RootLoggerAction - Setting level of ROOT logger to WARN
08:24:57,874 |-INFO in ch.qos.logback.core.joran.action.AppenderRefAction - Attaching appender named [STDOUT] to Logger[ROOT]
08:24:57,876 |-INFO in ch.qos.logback.core.joran.action.AppenderRefAction - Attaching appender named [FILE] to Logger[ROOT]
08:24:57,876 |-INFO in ch.qos.logback.classic.joran.action.ConfigurationAction - End of configuration.
08:24:57,877 |-INFO in ch.qos.logback.classic.joran.JoranConfigurator@79698539 - Registering current configuration as safe fallback point

Ama winner
Ama winner
2019-06-11T08:24:59.209+0000: 1.785: [Full GC (Metadata GC Threshold) 2019-06-11T08:24:59.209+0000: 1.785: [Tenured: 0K->15176K(341376K), 0.0405243 secs] 114987K->15176K(494976K), [Metaspace: 20731K->20731K(1067008K)], 0.0405921 secs] [Times: user=0.04 sys=0.00, real=0.04 secs] 
08:25:16.782 [Curator-PathChildrenCache-1] WARN  o.a.c.u.ZKPaths  - The version of ZooKeeper being used doesn't support Container nodes. CreateMode.PERSISTENT will be used instead.
2019-06-11T08:25:18.769+0000: 21.346: [GC (Allocation Failure) 2019-06-11T08:25:18.769+0000: 21.346: [DefNew: 136576K->17023K(153600K), 0.0286014 secs] 151752K->52490K(494976K), 0.0286805 secs] [Times: user=0.02 sys=0.01, real=0.03 secs] 
2019-06-11T08:25:22.449+0000: 25.026: [Full GC (Metadata GC Threshold) 2019-06-11T08:25:22.449+0000: 25.026: [Tenured: 35466K->44008K(341376K), 0.0865029 secs] 134510K->44008K(494976K), [Metaspace: 34603K->34603K(1079296K)], 0.0865748 secs] [Times: user=0.08 sys=0.00, real=0.08 secs] 
2019-06-11T08:25:28.468+0000: 31.044: [GC (Allocation Failure) 2019-06-11T08:25:28.468+0000: 31.044: [DefNew: 136576K->108K(153600K), 0.0018863 secs] 180584K->44116K(494976K), 0.0019395 secs] [Times: user=0.00 sys=0.00, real=0.00 secs] 
2019-06-11T08:25:34.448+0000: 37.025: [GC (Allocation Failure) 2019-06-11T08:25:34.449+0000: 37.025: [DefNew: 136684K->106K(153600K), 0.0018076 secs] 180692K->44114K(494976K), 0.0018682 secs] [Times: user=0.01 sys=0.00, real=0.00 secs] 
2019-06-11T08:25:40.545+0000: 43.121: [GC (Allocation Failure) 2019-06-11T08:25:40.545+0000: 43.122: [DefNew: 136682K->105K(153600K), 0.0018129 secs] 180690K->44113K(494976K), 0.0018844 secs] [Times: user=0.00 sys=0.00, real=0.01 secs] 
2019-06-11T08:25:46.607+0000: 49.184: [GC (Allocation Failure) 2019-06-11T08:25:46.607+0000: 49.184: [DefNew: 136681K->105K(153600K), 0.0018253 secs] 180689K->44114K(494976K), 0.0018840 secs] [Times: user=0.01 sys=0.00, real=0.00 secs] 
2019-06-11T08:25:57.800+0000: 60.377: [GC (Allocation Failure) 2019-06-11T08:25:57.800+0000: 60.377: [DefNew: 136681K->92K(153600K), 0.0023590 secs] 180690K->44101K(494976K), 0.0024212 secs] [Times: user=0.00 sys=0.00, real=0.00 secs] 
08:26:00.332 [Curator-PathChildrenCache-0] ERROR o.a.c.f.r.c.PathChildrenCache  - 
java.lang.IllegalStateException: instance must be started before calling this method
	at org.apache.curator.shaded.com.google.common.base.Preconditions.checkState(Preconditions.java:444)
	at org.apache.curator.framework.imps.CuratorFrameworkImpl.getChildren(CuratorFrameworkImpl.java:456)
	at org.apache.curator.framework.recipes.cache.PathChildrenCache.refresh(PathChildrenCache.java:521)
	at org.apache.curator.framework.recipes.cache.RefreshOperation.invoke(RefreshOperation.java:35)
	at org.apache.curator.framework.recipes.cache.PathChildrenCache$9.run(PathChildrenCache.java:786)
	at java.util.concurrent.Executors$RunnableAdapter.call(Executors.java:511)
	at java.util.concurrent.FutureTask.run(FutureTask.java:266)
	at java.util.concurrent.Executors$RunnableAdapter.call(Executors.java:511)
	at java.util.concurrent.FutureTask.run(FutureTask.java:266)
	at java.util.concurrent.ThreadPoolExecutor.runWorker(ThreadPoolExecutor.java:1149)
	at java.util.concurrent.ThreadPoolExecutor$Worker.run(ThreadPoolExecutor.java:624)
	at java.lang.Thread.run(Thread.java:748)
Heap
 def new generation   total 153600K, used 33308K [0x00000000e0c00000, 0x00000000eb2a0000, 0x00000000eb2a0000)
  eden space 136576K,  24% used [0x00000000e0c00000, 0x00000000e2c6fd68, 0x00000000e9160000)
  from space 17024K,   0% used [0x00000000e9160000, 0x00000000e91772f0, 0x00000000ea200000)
  to   space 17024K,   0% used [0x00000000ea200000, 0x00000000ea200000, 0x00000000eb2a0000)
 tenured generation   total 341376K, used 44008K [0x00000000eb2a0000, 0x0000000100000000, 0x0000000100000000)
   the space 341376K,  12% used [0x00000000eb2a0000, 0x00000000edd9a188, 0x00000000edd9a200, 0x0000000100000000)
 Metaspace       used 36067K, capacity 36936K, committed 37120K, reserved 1081344K
  class space    used 4870K, capacity 5076K, committed 5120K, reserved 1048576K
