18:53:49,258 |-INFO in ch.qos.logback.classic.LoggerContext[default] - Could NOT find resource [logback-test.xml]
18:53:49,261 |-INFO in ch.qos.logback.classic.LoggerContext[default] - Could NOT find resource [logback.groovy]
18:53:49,262 |-INFO in ch.qos.logback.classic.LoggerContext[default] - Found resource [logback.xml] at [jar:file:/home/ubuntu/flamestream/lib/flamestream-runtime-1.0-SNAPSHOT.jar!/logback.xml]
18:53:49,262 |-WARN in ch.qos.logback.classic.LoggerContext[default] - Resource [logback.xml] occurs multiple times on the classpath.
18:53:49,262 |-WARN in ch.qos.logback.classic.LoggerContext[default] - Resource [logback.xml] occurs at [jar:file:/home/ubuntu/flamestream/flamestream-runtime-1.0-SNAPSHOT.jar!/logback.xml]
18:53:49,262 |-WARN in ch.qos.logback.classic.LoggerContext[default] - Resource [logback.xml] occurs at [jar:file:/home/ubuntu/flamestream/lib/flamestream-runtime-1.0-SNAPSHOT.jar!/logback.xml]
18:53:49,282 |-INFO in ch.qos.logback.core.joran.spi.ConfigurationWatchList@4678c730 - URL [jar:file:/home/ubuntu/flamestream/lib/flamestream-runtime-1.0-SNAPSHOT.jar!/logback.xml] is not of type file
18:53:49,356 |-INFO in ch.qos.logback.classic.joran.action.ConfigurationAction - debug attribute not set
18:53:49,359 |-INFO in ch.qos.logback.core.joran.action.AppenderAction - About to instantiate appender of type [ch.qos.logback.core.ConsoleAppender]
18:53:49,370 |-INFO in ch.qos.logback.core.joran.action.AppenderAction - Naming appender as [STDOUT]
18:53:49,388 |-INFO in ch.qos.logback.core.joran.action.NestedComplexPropertyIA - Assuming default type [ch.qos.logback.classic.encoder.PatternLayoutEncoder] for [encoder] property
18:53:49,465 |-INFO in ch.qos.logback.core.joran.action.AppenderAction - About to instantiate appender of type [ch.qos.logback.core.rolling.RollingFileAppender]
18:53:49,471 |-INFO in ch.qos.logback.core.joran.action.AppenderAction - Naming appender as [FILE]
18:53:49,519 |-INFO in c.q.l.core.rolling.TimeBasedRollingPolicy@1734853116 - No compression will be used
18:53:49,520 |-INFO in c.q.l.core.rolling.TimeBasedRollingPolicy@1734853116 - Will use the pattern /tmp/application_%d{yyyy-MM-dd}.%i.log for the active file
18:53:49,529 |-INFO in ch.qos.logback.core.rolling.SizeAndTimeBasedFNATP@29ee9faa - The date pattern is 'yyyy-MM-dd' from file name pattern '/tmp/application_%d{yyyy-MM-dd}.%i.log'.
18:53:49,529 |-INFO in ch.qos.logback.core.rolling.SizeAndTimeBasedFNATP@29ee9faa - Roll-over at midnight.
18:53:49,534 |-INFO in ch.qos.logback.core.rolling.SizeAndTimeBasedFNATP@29ee9faa - Setting initial period to Sat Sep 28 18:52:01 UTC 2019
18:53:49,534 |-WARN in ch.qos.logback.core.rolling.SizeAndTimeBasedFNATP@29ee9faa - SizeAndTimeBasedFNATP is deprecated. Use SizeAndTimeBasedRollingPolicy instead
18:53:49,534 |-WARN in ch.qos.logback.core.rolling.SizeAndTimeBasedFNATP@29ee9faa - For more information see http://logback.qos.ch/manual/appenders.html#SizeAndTimeBasedRollingPolicy
18:53:49,542 |-INFO in ch.qos.logback.core.joran.action.NestedComplexPropertyIA - Assuming default type [ch.qos.logback.classic.encoder.PatternLayoutEncoder] for [encoder] property
18:53:49,549 |-INFO in ch.qos.logback.core.rolling.RollingFileAppender[FILE] - Active log file name: /tmp/application.log
18:53:49,549 |-INFO in ch.qos.logback.core.rolling.RollingFileAppender[FILE] - File property is set to [/tmp/application.log]
18:53:49,555 |-INFO in ch.qos.logback.classic.joran.action.RootLoggerAction - Setting level of ROOT logger to INFO
18:53:49,555 |-INFO in ch.qos.logback.core.joran.action.AppenderRefAction - Attaching appender named [STDOUT] to Logger[ROOT]
18:53:49,555 |-INFO in ch.qos.logback.core.joran.action.AppenderRefAction - Attaching appender named [FILE] to Logger[ROOT]
18:53:49,555 |-INFO in ch.qos.logback.classic.joran.action.ConfigurationAction - End of configuration.
18:53:49,556 |-INFO in ch.qos.logback.classic.joran.JoranConfigurator@c038203 - Registering current configuration as safe fallback point

18:53:49.572 [main] INFO  c.s.f.r.WorkerApplication  - Starting worker with workerConfig 'WorkerConfig{id='flamestream-benchmarks-worker-12', localAddress=flamestream-benchmarks-worker-12/10.0.0.10:5412, zkString='flamestream-benchmarks-manager:12181', snapshotPath='/home/ubuntu/flamestream/data', guarantees=AT_MOST_ONCE}'
18:53:50.940 [worker-akka.actor.default-dispatcher-6] INFO  a.e.s.Slf4jLogger  - Slf4jLogger started
2019-09-28T18:53:51.082+0000: 2.149: [Full GC (Metadata GC Threshold) 2019-09-28T18:53:51.082+0000: 2.149: [Tenured: 0K->13626K(1024000K), 0.0491959 secs] 139471K->13626K(1484800K), [Metaspace: 20223K->20223K(1067008K)], 0.0492866 secs] [Times: user=0.05 sys=0.01, real=0.05 secs] 
18:53:51.229 [worker-akka.actor.default-dispatcher-6] WARN  a.r.RemoteActorRefProvider akka.remote.RemoteActorRefProvider - Using the 'remote' ActorRefProvider directly, which is a low-level layer. For most use cases, the 'cluster' abstraction on top of remoting is more suitable instead.
18:53:51.235 [worker-akka.actor.default-dispatcher-6] WARN  a.r.RemoteActorRefProvider akka.remote.RemoteActorRefProvider - Akka Cluster not in use - Using Akka Cluster is recommended if you need remote watch and deploy.
18:53:51.342 [worker-akka.actor.default-dispatcher-6] INFO  a.r.a.a.ArteryAeronUdpTransport(akka://worker) akka.remote.artery.aeron.ArteryAeronUdpTransport(akka://worker) - Started embedded media driver in directory [/dev/shm/aeron-flamestream-benchmarks-worker-12]
18:53:51.371 [worker-akka.actor.default-dispatcher-6] WARN  a.r.a.a.ArteryAeronUdpTransport(akka://worker) akka.remote.artery.aeron.ArteryAeronUdpTransport(akka://worker) - Aeron CnC version mismatch: compiled version = 15, file version = 16
18:53:51.620 [worker-akka.actor.default-dispatcher-6] INFO  a.r.a.a.ArteryAeronUdpTransport(akka://worker) akka.remote.artery.aeron.ArteryAeronUdpTransport(akka://worker) - Remoting started with transport [Artery aeron-udp]; listening on address [akka://worker@flamestream-benchmarks-worker-12:5412] and bound to [akka://worker@0.0.0.0:5412] with UID [7720351413601791188]
18:53:52.184 [worker-akka.actor.default-dispatcher-6] WARN  a.s.Serialization(akka://worker) akka.serialization.Serialization(akka://worker) - Using serializer [com.romix.akka.serialization.kryo.KryoSerializer] for message [akka.actor.ActorSelectionMessage]. Note that this serializer is not implemented by Akka. It's not recommended to replace serializers for messages provided by Akka.
18:53:52.185 [worker-akka.actor.default-dispatcher-6] WARN  a.s.Serialization(akka://worker) akka.serialization.Serialization(akka://worker) - Using serializer [com.romix.akka.serialization.kryo.KryoSerializer] for message [akka.actor.ActorIdentity]. Note that this serializer is not implemented by Akka. It's not recommended to replace serializers for messages provided by Akka.
18:53:52.235 [worker-akka.actor.default-dispatcher-9] INFO  a.a.RepointableActorRef akka://worker/user/watcher - Starting...
18:53:52.379 [worker-akka.actor.default-dispatcher-6] INFO  o.a.c.u.Compatibility  - Running in ZooKeeper 3.4.x compatibility mode
18:53:52.440 [worker-akka.actor.default-dispatcher-6] INFO  o.a.c.f.i.CuratorFrameworkImpl  - Starting
18:53:52.466 [worker-akka.actor.default-dispatcher-6] INFO  o.a.z.ZooKeeper  - Client environment:zookeeper.version=3.4.14-4c25d480e66aadd371de8bd2fd8da255ac140bcf, built on 03/06/2019 16:18 GMT
18:53:52.468 [worker-akka.actor.default-dispatcher-6] INFO  o.a.z.ZooKeeper  - Client environment:host.name=flamestream-benchmarks-worker-12
18:53:52.469 [worker-akka.actor.default-dispatcher-6] INFO  o.a.z.ZooKeeper  - Client environment:java.version=1.8.0_222
18:53:52.470 [worker-akka.actor.default-dispatcher-6] INFO  o.a.z.ZooKeeper  - Client environment:java.vendor=Private Build
18:53:52.472 [worker-akka.actor.default-dispatcher-6] INFO  o.a.z.ZooKeeper  - Client environment:java.home=/usr/lib/jvm/java-8-openjdk-amd64/jre
18:53:52.475 [worker-akka.actor.default-dispatcher-6] INFO  o.a.z.ZooKeeper  - Client environment:java.class.path=lib/curator-framework-4.0.1.jar:lib/commons-csv-1.4.jar:lib/aeron-client-1.21.2.jar:lib/scala-library-2.12.9.jar:lib/asm-5.0.4.jar:lib/agrona-1.0.1.jar:lib/curator-recipes-4.0.1.jar:lib/akka-testkit_2.12-2.6.0-M6.jar:lib/flamestream-runtime-1.0-SNAPSHOT.jar:lib/jsr305-3.0.2.jar:lib/trove4j-3.0.3.jar:lib/flamestream-core-1.0-SNAPSHOT.jar:lib/commons-io-2.4.jar:lib/minlog-1.3.0.jar:lib/kryonet-2.21.jar:lib/commons-1.4.9.jar:lib/jline-0.9.94.jar:lib/akka-remote_2.12-2.6.0-M6.jar:lib/leveldbjni-all-1.8.jar:lib/lz4-1.3.0.jar:lib/slf4j-api-1.7.24.jar:lib/scala-parser-combinators_2.12-1.1.2.jar:lib/flamestream-core-1.0-SNAPSHOT-tests.jar:lib/logback-core-1.2.3.jar:lib/netty-3.10.6.Final.jar:lib/protobuf-java-3.9.0.jar:lib/minlog-1.2.jar:lib/leveldb-api-0.7.jar:lib/jool-0.9.12.jar:lib/commons-cli-1.4.jar:lib/jblas-1.2.4.jar:lib/reflectasm-1.11.3.jar:lib/reflectasm-1.07-shaded.jar:lib/audience-annotations-0.5.0.jar:lib/jackson-annotations-2.9.6.jar:lib/commons-lang-2.6.jar:lib/ssl-config-core_2.12-0.3.8.jar:lib/annotations-13.0.jar:lib/logback-classic-1.2.3.jar:lib/guava-21.0.jar:lib/reactive-streams-1.0.2.jar:lib/spotbugs-annotations-3.1.9.jar:lib/leveldb-0.7.jar:lib/commons-pool2-2.4.2.jar:lib/rocksdbjni-5.5.1.jar:lib/jackson-core-2.9.9.jar:lib/jackson-databind-2.9.9.2.jar:lib/akka-protobuf-v3_2.12-2.6.0-M6.jar:lib/jackson-annotations-2.9.0.jar:lib/flamestream-examples-1.0-SNAPSHOT.jar:lib/objenesis-2.1.jar:lib/akka-kryo-serialization_2.12-0.5.2.jar:lib/scala-java8-compat_2.12-0.8.0.jar:lib/zookeeper-3.4.14.jar:lib/akka-slf4j_2.12-2.6.0-M6.jar:lib/kryo-4.0.0.jar:lib/akka-stream_2.12-2.6.0-M6.jar:lib/slf4j-simple-2.0.0-alpha0.jar:lib/aeron-driver-1.21.2.jar:lib/config-1.3.1.jar:lib/annotations-12.0.jar:lib/jedis-2.9.0.jar:lib/jcommander-1.48.jar:lib/testng-6.10.jar:lib/akka-actor_2.12-2.6.0-M6.jar:lib/curator-client-4.0.1.jar:flamestream-runtime-1.0-SNAPSHOT.jar
18:53:52.475 [worker-akka.actor.default-dispatcher-6] INFO  o.a.z.ZooKeeper  - Client environment:java.library.path=/usr/java/packages/lib/amd64:/usr/lib/x86_64-linux-gnu/jni:/lib/x86_64-linux-gnu:/usr/lib/x86_64-linux-gnu:/usr/lib/jni:/lib:/usr/lib
18:53:52.476 [worker-akka.actor.default-dispatcher-6] INFO  o.a.z.ZooKeeper  - Client environment:java.io.tmpdir=/tmp
18:53:52.476 [worker-akka.actor.default-dispatcher-6] INFO  o.a.z.ZooKeeper  - Client environment:java.compiler=<NA>
18:53:52.477 [worker-akka.actor.default-dispatcher-6] INFO  o.a.z.ZooKeeper  - Client environment:os.name=Linux
18:53:52.477 [worker-akka.actor.default-dispatcher-6] INFO  o.a.z.ZooKeeper  - Client environment:os.arch=amd64
18:53:52.477 [worker-akka.actor.default-dispatcher-6] INFO  o.a.z.ZooKeeper  - Client environment:os.version=4.15.0-1040-gcp
18:53:52.477 [worker-akka.actor.default-dispatcher-6] INFO  o.a.z.ZooKeeper  - Client environment:user.name=ubuntu
18:53:52.477 [worker-akka.actor.default-dispatcher-6] INFO  o.a.z.ZooKeeper  - Client environment:user.home=/home/ubuntu
18:53:52.478 [worker-akka.actor.default-dispatcher-6] INFO  o.a.z.ZooKeeper  - Client environment:user.dir=/home/ubuntu/flamestream
18:53:52.482 [worker-akka.actor.default-dispatcher-6] INFO  o.a.z.ZooKeeper  - Initiating client connection, connectString=flamestream-benchmarks-manager:12181 sessionTimeout=60000 watcher=org.apache.curator.ConnectionState@bd23c93
18:53:52.538 [worker-akka.actor.default-dispatcher-6-SendThread(flamestream-benchmarks-manager:12181)] INFO  o.a.z.ClientCnxn  - Opening socket connection to server flamestream-benchmarks-manager/10.0.0.2:12181. Will not attempt to authenticate using SASL (unknown error)
18:53:52.542 [worker-akka.actor.default-dispatcher-6] INFO  o.a.c.f.i.CuratorFrameworkImpl  - Default schema
18:53:52.549 [worker-akka.actor.default-dispatcher-6-SendThread(flamestream-benchmarks-manager:12181)] INFO  o.a.z.ClientCnxn  - Socket connection established to flamestream-benchmarks-manager/10.0.0.2:12181, initiating session
18:53:52.562 [worker-akka.actor.default-dispatcher-6-SendThread(flamestream-benchmarks-manager:12181)] INFO  o.a.z.ClientCnxn  - Session establishment complete on server flamestream-benchmarks-manager/10.0.0.2:12181, sessionid = 0x100015787a4000e, negotiated timeout = 60000
18:53:52.572 [worker-akka.actor.default-dispatcher-6-EventThread] INFO  o.a.c.f.s.ConnectionStateManager  - State change: CONNECTED
18:53:52.575 [worker-akka.actor.default-dispatcher-9] INFO  a.a.RepointableActorRef akka://worker/user/watcher - Initializing rocksDB backend
2019-09-28T18:53:53.643+0000: 4.710: [Full GC (Metadata GC Threshold) 2019-09-28T18:53:53.643+0000: 4.710: [Tenured: 13626K->25927K(1024000K), 0.1337162 secs] 161115K->25927K(1484800K), [Metaspace: 33688K->33688K(1079296K)], 0.1338153 secs] [Times: user=0.13 sys=0.01, real=0.13 secs] 
18:53:53.858 [worker-akka.actor.default-dispatcher-6] INFO  a.a.LocalActorRef akka://worker/user/watcher/processing-watcher - Starting...
18:54:00.667 [worker-akka.actor.default-dispatcher-6] INFO  a.a.LocalActorRef akka://worker/user/watcher/processing-watcher/$a - Starting...
18:54:00.712 [worker-akka.actor.default-dispatcher-6] INFO  a.a.LocalActorRef akka://worker/user/watcher/processing-watcher/$a - Stopped
18:54:03.418 [worker-akka.actor.default-dispatcher-12] INFO  a.a.LocalActorRef akka://worker/user/watcher/processing-watcher/graph/graph - Starting...
18:54:12.927 [worker-akka.actor.default-dispatcher-6] INFO  a.a.LocalActorRef akka://worker/user/watcher/processing-watcher/graph/graph - Finishing constructor
18:54:12.933 [worker-akka.actor.default-dispatcher-12] INFO  a.a.LocalActorRef akka://worker/user/watcher/processing-watcher/graph/negotiator - Starting...
18:54:12.941 [worker-akka.actor.default-dispatcher-6] INFO  a.a.LocalActorRef akka://worker/user/watcher/processing-watcher/graph/edge - Starting...
18:54:12.943 [worker-akka.actor.default-dispatcher-6] INFO  a.a.LocalActorRef akka://worker/user/watcher/processing-watcher/graph - Starting FlameNode with config 'ClusterConfig{paths={flamestream-benchmarks-worker-1=akka://worker@flamestream-benchmarks-worker-1:5412/user/watcher/processing-watcher/graph, flamestream-benchmarks-worker-0=akka://worker@flamestream-benchmarks-worker-0:5412/user/watcher/processing-watcher/graph, flamestream-benchmarks-worker-9=akka://worker@flamestream-benchmarks-worker-9:5412/user/watcher/processing-watcher/graph, flamestream-benchmarks-worker-8=akka://worker@flamestream-benchmarks-worker-8:5412/user/watcher/processing-watcher/graph, flamestream-benchmarks-worker-7=akka://worker@flamestream-benchmarks-worker-7:5412/user/watcher/processing-watcher/graph, flamestream-benchmarks-worker-6=akka://worker@flamestream-benchmarks-worker-6:5412/user/watcher/processing-watcher/graph, flamestream-benchmarks-worker-5=akka://worker@flamestream-benchmarks-worker-5:5412/user/watcher/processing-watcher/graph, flamestream-benchmarks-worker-4=akka://worker@flamestream-benchmarks-worker-4:5412/user/watcher/processing-watcher/graph, flamestream-benchmarks-worker-3=akka://worker@flamestream-benchmarks-worker-3:5412/user/watcher/processing-watcher/graph, flamestream-benchmarks-worker-2=akka://worker@flamestream-benchmarks-worker-2:5412/user/watcher/processing-watcher/graph, flamestream-benchmarks-worker-14=akka://worker@flamestream-benchmarks-worker-14:5412/user/watcher/processing-watcher/graph, flamestream-benchmarks-worker-13=akka://worker@flamestream-benchmarks-worker-13:5412/user/watcher/processing-watcher/graph, flamestream-benchmarks-worker-12=akka://worker@flamestream-benchmarks-worker-12:5412/user/watcher/processing-watcher/graph, flamestream-benchmarks-worker-11=akka://worker@flamestream-benchmarks-worker-11:5412/user/watcher/processing-watcher/graph, flamestream-benchmarks-worker-10=akka://worker@flamestream-benchmarks-worker-10:5412/user/watcher/processing-watcher/graph}}'
18:54:12.975 [worker-akka.actor.default-dispatcher-6] INFO  a.a.LocalActorRef akka://worker/user/watcher/processing-watcher/graph/negotiator - Requesting ticket for the frontClass FlameSocketGraphDeployerFront@flamestream-benchmarks-worker-12
18:54:13.018 [worker-akka.actor.default-dispatcher-9] INFO  a.a.LocalActorRef akka://worker/user/watcher/processing-watcher/graph/graph - Received last commit 'LastCommit{globalTime=(0000000, min@min)}'
18:54:13.026 [worker-akka.actor.default-dispatcher-10] INFO  c.s.f.r.e.s.SocketRear  - FlameSocketGraphDeployerRear@flamestream-benchmarks-worker-12: connecting to flamestream-benchmarks-manager:5678
18:54:13.048 [worker-akka.actor.default-dispatcher-9] INFO  a.a.LocalActorRef akka://worker/user/watcher/processing-watcher/graph/edge/FlameSocketGraphDeployerFront - Starting...
18:54:13.049 [worker-akka.actor.default-dispatcher-10] INFO  c.s.f.r.e.s.SocketRear  - FlameSocketGraphDeployerRear@flamestream-benchmarks-worker-12: connected to flamestream-benchmarks-manager:5678
18:54:13.050 [worker-akka.actor.default-dispatcher-10] INFO  a.a.LocalActorRef akka://worker/user/watcher/processing-watcher/graph/edge/FlameSocketGraphDeployerRear - Starting...
18:54:13.087 [worker-akka.actor.default-dispatcher-12] INFO  a.a.LocalActorRef akka://worker/user/watcher/processing-watcher/graph/negotiator - Ticket for the frontClass received: FrontTicket{allowedTimestamp=(0000000, FlameSocketGraphDeployerFront@flamestream-benchmarks-worker-12)}
18:54:13.088 [worker-akka.actor.default-dispatcher-12] INFO  c.s.f.r.e.s.SocketFront  - FlameSocketGraphDeployerFront@flamestream-benchmarks-worker-12: connecting to flamestream-benchmarks-manager:4567
18:54:13.358 [worker-akka.actor.default-dispatcher-12] INFO  a.a.LocalActorRef akka://worker/user/watcher/processing-watcher/graph/graph/$a - Starting...
18:54:13.361 [worker-akka.actor.default-dispatcher-12] INFO  a.a.LocalActorRef akka://worker/user/watcher/processing-watcher/graph/graph/$b - Starting...
18:54:13.364 [worker-akka.actor.default-dispatcher-12] INFO  a.a.LocalActorRef akka://worker/user/watcher/processing-watcher/graph/graph/$c - Starting...
18:54:13.367 [worker-akka.actor.default-dispatcher-12] INFO  a.a.LocalActorRef akka://worker/user/watcher/processing-watcher/graph/graph/$d - Starting...
18:54:13.368 [worker-akka.actor.default-dispatcher-12] INFO  a.a.LocalActorRef akka://worker/user/watcher/processing-watcher/graph/graph/$e - Starting...
18:54:13.370 [worker-akka.actor.default-dispatcher-12] INFO  a.a.LocalActorRef akka://worker/user/watcher/processing-watcher/graph/graph/$f - Starting...
18:54:13.371 [worker-akka.actor.default-dispatcher-12] INFO  a.a.LocalActorRef akka://worker/user/watcher/processing-watcher/graph/graph/$g - Starting...
18:54:13.374 [worker-akka.actor.default-dispatcher-12] INFO  a.a.LocalActorRef akka://worker/user/watcher/processing-watcher/graph/graph/$h - Starting...
18:54:13.375 [worker-akka.actor.default-dispatcher-12] INFO  a.a.LocalActorRef akka://worker/user/watcher/processing-watcher/graph/graph/$i - Starting...
18:54:13.376 [worker-akka.actor.default-dispatcher-12] INFO  a.a.LocalActorRef akka://worker/user/watcher/processing-watcher/graph/graph/$j - Starting...
18:54:13.378 [worker-akka.actor.default-dispatcher-12] INFO  a.a.LocalActorRef akka://worker/user/watcher/processing-watcher/graph/graph/$k - Starting...
18:54:13.379 [worker-akka.actor.default-dispatcher-12] INFO  a.a.LocalActorRef akka://worker/user/watcher/processing-watcher/graph/graph/$l - Starting...
18:54:13.380 [worker-akka.actor.default-dispatcher-12] INFO  a.a.LocalActorRef akka://worker/user/watcher/processing-watcher/graph/graph/$m - Starting...
18:54:13.381 [worker-akka.actor.default-dispatcher-12] INFO  a.a.LocalActorRef akka://worker/user/watcher/processing-watcher/graph/graph/$n - Starting...
18:54:13.383 [worker-akka.actor.default-dispatcher-12] INFO  a.a.LocalActorRef akka://worker/user/watcher/processing-watcher/graph/graph/$o - Starting...
18:54:13.386 [worker-akka.actor.default-dispatcher-12] INFO  a.a.LocalActorRef akka://worker/user/watcher/processing-watcher/graph/graph/$p - Starting...
18:54:13.387 [worker-akka.actor.default-dispatcher-12] INFO  a.a.LocalActorRef akka://worker/user/watcher/processing-watcher/graph/graph/$q - Starting...
18:54:13.390 [worker-akka.actor.default-dispatcher-12] INFO  a.a.LocalActorRef akka://worker/user/watcher/processing-watcher/graph/graph/$r - Starting...
18:54:13.400 [worker-akka.actor.default-dispatcher-12] INFO  a.a.LocalActorRef akka://worker/user/watcher/processing-watcher/graph/graph/$s - Starting...
18:54:13.423 [worker-akka.actor.default-dispatcher-12] INFO  a.a.LocalActorRef akka://worker/user/watcher/processing-watcher/graph/graph/$s - Attached rear to graph (-9223372036854775808, min@min)
18:54:13.426 [worker-akka.actor.default-dispatcher-12] INFO  a.a.LocalActorRef akka://worker/user/watcher/processing-watcher/graph/graph/$t - Starting...
18:54:13.428 [worker-akka.actor.default-dispatcher-12] INFO  a.a.LocalActorRef akka://worker/user/watcher/processing-watcher/graph/graph/$v - Starting...
18:54:13.429 [worker-akka.actor.default-dispatcher-12] INFO  a.a.LocalActorRef akka://worker/user/watcher/processing-watcher/graph/graph/$u - Starting...
18:54:13.431 [worker-akka.actor.default-dispatcher-12] INFO  a.a.LocalActorRef akka://worker/user/watcher/processing-watcher/graph/graph/$w - Starting...
18:54:13.432 [worker-akka.actor.default-dispatcher-12] INFO  a.a.LocalActorRef akka://worker/user/watcher/processing-watcher/graph/graph/$x - Starting...
18:54:13.433 [worker-akka.actor.default-dispatcher-12] INFO  a.a.LocalActorRef akka://worker/user/watcher/processing-watcher/graph/graph/$y - Starting...
18:54:13.434 [worker-akka.actor.default-dispatcher-12] INFO  a.a.LocalActorRef akka://worker/user/watcher/processing-watcher/graph/graph/$z - Starting...
18:54:13.435 [worker-akka.actor.default-dispatcher-12] INFO  a.a.LocalActorRef akka://worker/user/watcher/processing-watcher/graph/graph/$A - Starting...
18:54:13.436 [worker-akka.actor.default-dispatcher-12] INFO  a.a.LocalActorRef akka://worker/user/watcher/processing-watcher/graph/graph/$B - Starting...
18:54:13.437 [worker-akka.actor.default-dispatcher-12] INFO  a.a.LocalActorRef akka://worker/user/watcher/processing-watcher/graph/graph/$C - Starting...
18:54:13.438 [worker-akka.actor.default-dispatcher-12] INFO  a.a.LocalActorRef akka://worker/user/watcher/processing-watcher/graph/graph/$D - Starting...
18:54:13.438 [worker-akka.actor.default-dispatcher-12] INFO  a.a.LocalActorRef akka://worker/user/watcher/processing-watcher/graph/graph/$E - Starting...
18:54:13.439 [worker-akka.actor.default-dispatcher-12] INFO  a.a.LocalActorRef akka://worker/user/watcher/processing-watcher/graph/graph/$F - Starting...
18:54:13.440 [worker-akka.actor.default-dispatcher-12] INFO  a.a.LocalActorRef akka://worker/user/watcher/processing-watcher/graph/graph/$G - Starting...
18:54:13.442 [worker-akka.actor.default-dispatcher-12] INFO  a.a.LocalActorRef akka://worker/user/watcher/processing-watcher/graph/graph/$I - Starting...
18:54:13.442 [worker-akka.actor.default-dispatcher-12] INFO  a.a.LocalActorRef akka://worker/user/watcher/processing-watcher/graph/graph/$H - Starting...
18:54:13.443 [worker-akka.actor.default-dispatcher-12] INFO  a.a.LocalActorRef akka://worker/user/watcher/processing-watcher/graph/graph/$J - Starting...
18:54:13.444 [worker-akka.actor.default-dispatcher-12] INFO  a.a.LocalActorRef akka://worker/user/watcher/processing-watcher/graph/graph/$K - Starting...
18:54:13.445 [worker-akka.actor.default-dispatcher-12] INFO  a.a.LocalActorRef akka://worker/user/watcher/processing-watcher/graph/graph/$L - Starting...
18:54:13.445 [worker-akka.actor.default-dispatcher-12] INFO  a.a.LocalActorRef akka://worker/user/watcher/processing-watcher/graph/graph/$M - Starting...
18:54:13.446 [worker-akka.actor.default-dispatcher-12] INFO  a.a.LocalActorRef akka://worker/user/watcher/processing-watcher/graph/graph/$N - Starting...
18:54:13.447 [worker-akka.actor.default-dispatcher-12] INFO  a.a.LocalActorRef akka://worker/user/watcher/processing-watcher/graph/graph/$P - Starting...
18:54:13.448 [worker-akka.actor.default-dispatcher-12] INFO  a.a.LocalActorRef akka://worker/user/watcher/processing-watcher/graph/graph/$O - Starting...
18:54:13.449 [worker-akka.actor.default-dispatcher-12] INFO  a.a.LocalActorRef akka://worker/user/watcher/processing-watcher/graph/graph/$R - Starting...
18:54:13.449 [worker-akka.actor.default-dispatcher-12] INFO  a.a.LocalActorRef akka://worker/user/watcher/processing-watcher/graph/graph/$Q - Starting...
18:54:13.450 [worker-akka.actor.default-dispatcher-12] INFO  a.a.LocalActorRef akka://worker/user/watcher/processing-watcher/graph/graph/$S - Starting...
18:54:13.451 [worker-akka.actor.default-dispatcher-12] INFO  a.a.LocalActorRef akka://worker/user/watcher/processing-watcher/graph/graph/$T - Starting...
18:54:13.453 [worker-akka.actor.default-dispatcher-12] INFO  a.a.LocalActorRef akka://worker/user/watcher/processing-watcher/graph/graph/$U - Starting...
18:54:13.454 [worker-akka.actor.default-dispatcher-12] INFO  a.a.LocalActorRef akka://worker/user/watcher/processing-watcher/graph/graph/$V - Starting...
18:54:13.456 [worker-akka.actor.default-dispatcher-12] INFO  a.a.LocalActorRef akka://worker/user/watcher/processing-watcher/graph/graph/$X - Starting...
18:54:13.457 [worker-akka.actor.default-dispatcher-10] INFO  a.a.LocalActorRef akka://worker/user/watcher/processing-watcher/graph/graph/$W - Starting...
18:54:13.457 [worker-akka.actor.default-dispatcher-10] INFO  a.a.LocalActorRef akka://worker/user/watcher/processing-watcher/graph/graph/$Y - Starting...
18:54:13.457 [worker-akka.actor.default-dispatcher-10] INFO  a.a.LocalActorRef akka://worker/user/watcher/processing-watcher/graph/graph/$Z - Starting...
18:54:13.457 [worker-akka.actor.default-dispatcher-10] INFO  a.a.LocalActorRef akka://worker/user/watcher/processing-watcher/graph/graph/$0 - Starting...
18:54:13.458 [worker-akka.actor.default-dispatcher-12] INFO  a.a.LocalActorRef akka://worker/user/watcher/processing-watcher/graph/graph/$1 - Starting...
18:54:13.459 [worker-akka.actor.default-dispatcher-12] INFO  a.a.LocalActorRef akka://worker/user/watcher/processing-watcher/graph/graph/$2 - Starting...
18:54:13.460 [worker-akka.actor.default-dispatcher-12] INFO  a.a.LocalActorRef akka://worker/user/watcher/processing-watcher/graph/graph/$3 - Starting...
18:54:13.461 [worker-akka.actor.default-dispatcher-12] INFO  a.a.LocalActorRef akka://worker/user/watcher/processing-watcher/graph/graph/$5 - Starting...
18:54:13.462 [worker-akka.actor.default-dispatcher-12] INFO  a.a.LocalActorRef akka://worker/user/watcher/processing-watcher/graph/graph/$4 - Starting...
18:54:13.464 [worker-akka.actor.default-dispatcher-12] INFO  a.a.LocalActorRef akka://worker/user/watcher/processing-watcher/graph/graph/$6 - Starting...
18:54:13.465 [worker-akka.actor.default-dispatcher-10] INFO  a.a.LocalActorRef akka://worker/user/watcher/processing-watcher/graph/graph/$7 - Starting...
18:54:13.466 [worker-akka.actor.default-dispatcher-10] INFO  a.a.LocalActorRef akka://worker/user/watcher/processing-watcher/graph/graph/$8 - Starting...
18:54:13.466 [worker-akka.actor.default-dispatcher-10] INFO  a.a.LocalActorRef akka://worker/user/watcher/processing-watcher/graph/graph/$9 - Starting...
18:54:13.466 [worker-akka.actor.default-dispatcher-10] INFO  a.a.LocalActorRef akka://worker/user/watcher/processing-watcher/graph/graph/$+ - Starting...
18:54:13.466 [worker-akka.actor.default-dispatcher-10] INFO  a.a.LocalActorRef akka://worker/user/watcher/processing-watcher/graph/graph/$~ - Starting...
18:54:13.467 [worker-akka.actor.default-dispatcher-12] INFO  a.a.LocalActorRef akka://worker/user/watcher/processing-watcher/graph/graph/$ab - Starting...
18:54:13.468 [worker-akka.actor.default-dispatcher-12] INFO  a.a.LocalActorRef akka://worker/user/watcher/processing-watcher/graph/graph/$bb - Starting...
18:54:13.469 [worker-akka.actor.default-dispatcher-12] INFO  a.a.LocalActorRef akka://worker/user/watcher/processing-watcher/graph/graph/$db - Starting...
18:54:13.471 [worker-akka.actor.default-dispatcher-12] INFO  a.a.LocalActorRef akka://worker/user/watcher/processing-watcher/graph/graph/$eb - Starting...
18:54:13.472 [worker-akka.actor.default-dispatcher-12] INFO  a.a.LocalActorRef akka://worker/user/watcher/processing-watcher/graph/graph/$fb - Starting...
18:54:13.474 [worker-akka.actor.default-dispatcher-12] INFO  a.a.LocalActorRef akka://worker/user/watcher/processing-watcher/graph/graph/$cb - Starting...
18:54:13.475 [worker-akka.actor.default-dispatcher-12] INFO  a.a.LocalActorRef akka://worker/user/watcher/processing-watcher/graph/graph/$gb - Starting...
18:54:13.476 [worker-akka.actor.default-dispatcher-12] INFO  a.a.LocalActorRef akka://worker/user/watcher/processing-watcher/graph/graph/$hb - Starting...
18:54:13.478 [worker-akka.actor.default-dispatcher-12] INFO  a.a.LocalActorRef akka://worker/user/watcher/processing-watcher/graph/graph/$ib - Starting...
18:54:13.479 [worker-akka.actor.default-dispatcher-12] INFO  a.a.LocalActorRef akka://worker/user/watcher/processing-watcher/graph/graph/$jb - Starting...
18:54:13.480 [worker-akka.actor.default-dispatcher-12] INFO  a.a.LocalActorRef akka://worker/user/watcher/processing-watcher/graph/graph/$kb - Starting...
18:54:13.482 [worker-akka.actor.default-dispatcher-12] INFO  a.a.LocalActorRef akka://worker/user/watcher/processing-watcher/graph/graph/$lb - Starting...
18:54:13.484 [worker-akka.actor.default-dispatcher-10] INFO  a.a.LocalActorRef akka://worker/user/watcher/processing-watcher/graph/graph/$mb - Starting...
18:54:13.484 [worker-akka.actor.default-dispatcher-10] INFO  a.a.LocalActorRef akka://worker/user/watcher/processing-watcher/graph/graph/$nb - Starting...
18:54:13.484 [worker-akka.actor.default-dispatcher-10] INFO  a.a.LocalActorRef akka://worker/user/watcher/processing-watcher/graph/graph/$ob - Starting...
18:54:13.484 [worker-akka.actor.default-dispatcher-10] INFO  a.a.LocalActorRef akka://worker/user/watcher/processing-watcher/graph/graph/$pb - Starting...
18:54:13.485 [worker-akka.actor.default-dispatcher-10] INFO  a.a.LocalActorRef akka://worker/user/watcher/processing-watcher/graph/graph/$qb - Starting...
18:54:13.485 [worker-akka.actor.default-dispatcher-10] INFO  a.a.LocalActorRef akka://worker/user/watcher/processing-watcher/graph/graph/$rb - Starting...
18:54:13.485 [worker-akka.actor.default-dispatcher-12] INFO  a.a.LocalActorRef akka://worker/user/watcher/processing-watcher/graph/graph/$sb - Starting...
18:54:13.486 [worker-akka.actor.default-dispatcher-12] INFO  a.a.LocalActorRef akka://worker/user/watcher/processing-watcher/graph/graph/$tb - Starting...
18:54:13.487 [worker-akka.actor.default-dispatcher-12] INFO  a.a.LocalActorRef akka://worker/user/watcher/processing-watcher/graph/graph/$ub - Starting...
18:54:13.488 [worker-akka.actor.default-dispatcher-12] INFO  a.a.LocalActorRef akka://worker/user/watcher/processing-watcher/graph/graph/$vb - Starting...
18:54:13.489 [worker-akka.actor.default-dispatcher-12] INFO  a.a.LocalActorRef akka://worker/user/watcher/processing-watcher/graph/graph/$wb - Starting...
18:54:13.491 [worker-akka.actor.default-dispatcher-12] INFO  a.a.LocalActorRef akka://worker/user/watcher/processing-watcher/graph/graph/$xb - Starting...
18:54:13.493 [worker-akka.actor.default-dispatcher-10] INFO  a.a.LocalActorRef akka://worker/user/watcher/processing-watcher/graph/graph/$yb - Starting...
18:54:13.493 [worker-akka.actor.default-dispatcher-10] INFO  a.a.LocalActorRef akka://worker/user/watcher/processing-watcher/graph/graph/$zb - Starting...
18:54:13.493 [worker-akka.actor.default-dispatcher-10] INFO  a.a.LocalActorRef akka://worker/user/watcher/processing-watcher/graph/graph/$Ab - Starting...
18:54:13.493 [worker-akka.actor.default-dispatcher-10] INFO  a.a.LocalActorRef akka://worker/user/watcher/processing-watcher/graph/graph/$Bb - Starting...
18:54:13.493 [worker-akka.actor.default-dispatcher-10] INFO  a.a.LocalActorRef akka://worker/user/watcher/processing-watcher/graph/graph/$Cb - Starting...
18:54:13.493 [worker-akka.actor.default-dispatcher-12] INFO  a.a.LocalActorRef akka://worker/user/watcher/processing-watcher/graph/graph/$Db - Starting...
18:54:13.494 [worker-akka.actor.default-dispatcher-12] INFO  a.a.LocalActorRef akka://worker/user/watcher/processing-watcher/graph/graph/$Eb - Starting...
18:54:13.496 [worker-akka.actor.default-dispatcher-12] INFO  a.a.LocalActorRef akka://worker/user/watcher/processing-watcher/graph/graph/$Fb - Starting...
18:54:13.497 [worker-akka.actor.default-dispatcher-12] INFO  a.a.LocalActorRef akka://worker/user/watcher/processing-watcher/graph/graph/$Gb - Starting...
18:54:13.498 [worker-akka.actor.default-dispatcher-12] INFO  a.a.LocalActorRef akka://worker/user/watcher/processing-watcher/graph/graph/$Hb - Starting...
18:54:13.499 [worker-akka.actor.default-dispatcher-12] INFO  a.a.LocalActorRef akka://worker/user/watcher/processing-watcher/graph/graph/$Ib - Starting...
18:54:13.501 [worker-akka.actor.default-dispatcher-10] INFO  a.a.LocalActorRef akka://worker/user/watcher/processing-watcher/graph/graph/$Kb - Starting...
18:54:13.501 [worker-akka.actor.default-dispatcher-10] INFO  a.a.LocalActorRef akka://worker/user/watcher/processing-watcher/graph/graph/$Jb - Starting...
18:54:13.501 [worker-akka.actor.default-dispatcher-10] INFO  a.a.LocalActorRef akka://worker/user/watcher/processing-watcher/graph/graph/$Lb - Starting...
18:54:13.501 [worker-akka.actor.default-dispatcher-10] INFO  a.a.LocalActorRef akka://worker/user/watcher/processing-watcher/graph/graph/$Mb - Starting...
18:54:13.501 [worker-akka.actor.default-dispatcher-10] INFO  a.a.LocalActorRef akka://worker/user/watcher/processing-watcher/graph/graph/$Nb - Starting...
2019-09-28T18:54:24.655+0000: 35.722: [GC (Allocation Failure) 2019-09-28T18:54:24.655+0000: 35.722: [DefNew: 409600K->32136K(460800K), 0.0997676 secs] 435527K->58063K(1484800K), 0.0998683 secs] [Times: user=0.08 sys=0.02, real=0.10 secs] 
2019-09-28T18:54:34.593+0000: 45.660: [GC (Allocation Failure) 2019-09-28T18:54:34.593+0000: 45.660: [DefNew: 441736K->1162K(460800K), 0.0515376 secs] 467663K->55940K(1484800K), 0.0516352 secs] [Times: user=0.02 sys=0.03, real=0.06 secs] 
2019-09-28T18:54:41.359+0000: 52.425: [GC (Allocation Failure) 2019-09-28T18:54:41.359+0000: 52.425: [DefNew: 410762K->1756K(460800K), 0.0090670 secs] 465540K->56533K(1484800K), 0.0091946 secs] [Times: user=0.01 sys=0.00, real=0.01 secs] 
2019-09-28T18:54:46.684+0000: 57.752: [GC (Allocation Failure) 2019-09-28T18:54:46.686+0000: 57.752: [DefNew: 411356K->1328K(460800K), 0.0049738 secs] 466133K->56105K(1484800K), 0.0061603 secs] [Times: user=0.00 sys=0.00, real=0.00 secs] 
2019-09-28T18:54:53.933+0000: 65.000: [GC (Allocation Failure) 2019-09-28T18:54:53.933+0000: 65.000: [DefNew: 410928K->2092K(460800K), 0.0138381 secs] 465705K->56869K(1484800K), 0.0139451 secs] [Times: user=0.01 sys=0.00, real=0.02 secs] 
2019-09-28T18:55:00.790+0000: 71.856: [GC (Allocation Failure) 2019-09-28T18:55:00.790+0000: 71.856: [DefNew: 411692K->1697K(460800K), 0.0043874 secs] 466469K->56474K(1484800K), 0.0044790 secs] [Times: user=0.01 sys=0.00, real=0.00 secs] 
2019-09-28T18:55:08.270+0000: 79.337: [GC (Allocation Failure) 2019-09-28T18:55:08.270+0000: 79.337: [DefNew: 411297K->1714K(460800K), 0.0045166 secs] 466074K->56491K(1484800K), 0.0046030 secs] [Times: user=0.00 sys=0.00, real=0.01 secs] 
2019-09-28T18:55:15.556+0000: 86.622: [GC (Allocation Failure) 2019-09-28T18:55:15.556+0000: 86.622: [DefNew: 411314K->1719K(460800K), 0.0044935 secs] 466091K->56496K(1484800K), 0.0045820 secs] [Times: user=0.00 sys=0.00, real=0.00 secs] 
2019-09-28T18:55:22.743+0000: 93.810: [GC (Allocation Failure) 2019-09-28T18:55:22.743+0000: 93.810: [DefNew: 411319K->1728K(460800K), 0.0043636 secs] 466096K->56505K(1484800K), 0.0044581 secs] [Times: user=0.00 sys=0.00, real=0.00 secs] 
2019-09-28T18:55:29.966+0000: 101.033: [GC (Allocation Failure) 2019-09-28T18:55:29.966+0000: 101.033: [DefNew: 411328K->1732K(460800K), 0.0044951 secs] 466105K->56510K(1484800K), 0.0045807 secs] [Times: user=0.01 sys=0.00, real=0.00 secs] 
2019-09-28T18:55:37.664+0000: 108.730: [GC (Allocation Failure) 2019-09-28T18:55:37.664+0000: 108.730: [DefNew: 411332K->1709K(460800K), 0.0042607 secs] 466110K->56487K(1484800K), 0.0043621 secs] [Times: user=0.00 sys=0.00, real=0.00 secs] 
2019-09-28T18:55:44.891+0000: 115.957: [GC (Allocation Failure) 2019-09-28T18:55:44.891+0000: 115.957: [DefNew: 411309K->1783K(460800K), 0.0044726 secs] 466087K->56560K(1484800K), 0.0045647 secs] [Times: user=0.01 sys=0.00, real=0.01 secs] 
2019-09-28T18:55:52.409+0000: 123.476: [GC (Allocation Failure) 2019-09-28T18:55:52.409+0000: 123.476: [DefNew: 411383K->1866K(460800K), 0.0065960 secs] 466160K->56643K(1484800K), 0.0067159 secs] [Times: user=0.01 sys=0.00, real=0.01 secs] 
2019-09-28T18:55:59.373+0000: 130.439: [GC (Allocation Failure) 2019-09-28T18:55:59.373+0000: 130.439: [DefNew: 411466K->1804K(460800K), 0.0043940 secs] 466243K->56581K(1484800K), 0.0044843 secs] [Times: user=0.01 sys=0.00, real=0.01 secs] 
2019-09-28T18:56:07.137+0000: 138.204: [GC (Allocation Failure) 2019-09-28T18:56:07.137+0000: 138.204: [DefNew: 411404K->1799K(460800K), 0.0043960 secs] 466181K->56576K(1484800K), 0.0044891 secs] [Times: user=0.01 sys=0.00, real=0.00 secs] 
2019-09-28T18:56:14.453+0000: 145.520: [GC (Allocation Failure) 2019-09-28T18:56:14.453+0000: 145.520: [DefNew: 411399K->1852K(460800K), 0.0046214 secs] 466176K->56630K(1484800K), 0.0047503 secs] [Times: user=0.00 sys=0.00, real=0.01 secs] 
2019-09-28T18:56:21.697+0000: 152.764: [GC (Allocation Failure) 2019-09-28T18:56:21.697+0000: 152.764: [DefNew: 411452K->1532K(460800K), 0.0048880 secs] 466230K->56582K(1484800K), 0.0049949 secs] [Times: user=0.01 sys=0.00, real=0.00 secs] 
2019-09-28T18:56:29.561+0000: 160.628: [GC (Allocation Failure) 2019-09-28T18:56:29.561+0000: 160.628: [DefNew: 411132K->1422K(460800K), 0.0044319 secs] 466182K->56580K(1484800K), 0.0045226 secs] [Times: user=0.01 sys=0.00, real=0.01 secs] 
2019-09-28T18:56:36.914+0000: 167.981: [GC (Allocation Failure) 2019-09-28T18:56:36.915+0000: 167.981: [DefNew: 411022K->1466K(460800K), 0.0045831 secs] 466180K->56699K(1484800K), 0.0046704 secs] [Times: user=0.00 sys=0.00, real=0.00 secs] 
2019-09-28T18:56:44.183+0000: 175.249: [GC (Allocation Failure) 2019-09-28T18:56:44.183+0000: 175.249: [DefNew: 411066K->250K(460800K), 0.0046143 secs] 466299K->56588K(1484800K), 0.0046988 secs] [Times: user=0.00 sys=0.00, real=0.00 secs] 
2019-09-28T18:56:51.919+0000: 182.986: [GC (Allocation Failure) 2019-09-28T18:56:51.919+0000: 182.986: [DefNew: 409850K->288K(460800K), 0.0029480 secs] 466188K->56629K(1484800K), 0.0030333 secs] [Times: user=0.00 sys=0.00, real=0.00 secs] 
2019-09-28T18:56:59.227+0000: 190.294: [GC (Allocation Failure) 2019-09-28T18:56:59.228+0000: 190.294: [DefNew: 409888K->327K(460800K), 0.0029359 secs] 466229K->56672K(1484800K), 0.0030250 secs] [Times: user=0.00 sys=0.00, real=0.00 secs] 
2019-09-28T18:57:06.433+0000: 197.499: [GC (Allocation Failure) 2019-09-28T18:57:06.433+0000: 197.499: [DefNew: 409927K->335K(460800K), 0.0029226 secs] 466272K->56681K(1484800K), 0.0030111 secs] [Times: user=0.00 sys=0.00, real=0.01 secs] 
2019-09-28T18:57:14.313+0000: 205.379: [GC (Allocation Failure) 2019-09-28T18:57:14.313+0000: 205.379: [DefNew: 409935K->286K(460800K), 0.0027754 secs] 466281K->56632K(1484800K), 0.0028715 secs] [Times: user=0.00 sys=0.00, real=0.01 secs] 
2019-09-28T18:57:21.596+0000: 212.663: [GC (Allocation Failure) 2019-09-28T18:57:21.596+0000: 212.663: [DefNew: 409886K->313K(460800K), 0.0028137 secs] 466232K->56659K(1484800K), 0.0028974 secs] [Times: user=0.00 sys=0.00, real=0.00 secs] 
2019-09-28T18:57:28.878+0000: 219.945: [GC (Allocation Failure) 2019-09-28T18:57:28.878+0000: 219.945: [DefNew: 409913K->298K(460800K), 0.0028254 secs] 466259K->56644K(1484800K), 0.0029135 secs] [Times: user=0.00 sys=0.00, real=0.00 secs] 
2019-09-28T18:57:36.635+0000: 227.701: [GC (Allocation Failure) 2019-09-28T18:57:36.635+0000: 227.701: [DefNew: 409898K->282K(460800K), 0.0026214 secs] 466244K->56629K(1484800K), 0.0027025 secs] [Times: user=0.01 sys=0.00, real=0.00 secs] 
2019-09-28T18:57:43.938+0000: 235.005: [GC (Allocation Failure) 2019-09-28T18:57:43.938+0000: 235.005: [DefNew: 409882K->191K(460800K), 0.0028490 secs] 466229K->56630K(1484800K), 0.0029691 secs] [Times: user=0.00 sys=0.00, real=0.00 secs] 
2019-09-28T18:57:51.106+0000: 242.173: [GC (Allocation Failure) 2019-09-28T18:57:51.106+0000: 242.173: [DefNew: 409791K->224K(460800K), 0.0029479 secs] 466230K->56664K(1484800K), 0.0030324 secs] [Times: user=0.00 sys=0.00, real=0.00 secs] 
2019-09-28T18:57:58.357+0000: 249.423: [GC (Allocation Failure) 2019-09-28T18:57:58.357+0000: 249.423: [DefNew: 409824K->265K(460800K), 0.0027904 secs] 466264K->56705K(1484800K), 0.0028774 secs] [Times: user=0.01 sys=0.00, real=0.00 secs] 
2019-09-28T18:58:06.161+0000: 257.228: [GC (Allocation Failure) 2019-09-28T18:58:06.161+0000: 257.228: [DefNew: 409865K->271K(460800K), 0.0028782 secs] 466305K->56711K(1484800K), 0.0029663 secs] [Times: user=0.01 sys=0.00, real=0.01 secs] 
2019-09-28T18:58:13.418+0000: 264.485: [GC (Allocation Failure) 2019-09-28T18:58:13.418+0000: 264.485: [DefNew: 409871K->226K(460800K), 0.0027588 secs] 466311K->56670K(1484800K), 0.0028512 secs] [Times: user=0.00 sys=0.00, real=0.00 secs] 
2019-09-28T18:58:20.700+0000: 271.767: [GC (Allocation Failure) 2019-09-28T18:58:20.700+0000: 271.767: [DefNew: 409826K->277K(460800K), 0.0028635 secs] 466270K->56722K(1484800K), 0.0029523 secs] [Times: user=0.00 sys=0.00, real=0.01 secs] 
2019-09-28T18:58:28.552+0000: 279.619: [GC (Allocation Failure) 2019-09-28T18:58:28.553+0000: 279.619: [DefNew: 409877K->226K(460800K), 0.0028285 secs] 466322K->56671K(1484800K), 0.0029063 secs] [Times: user=0.00 sys=0.00, real=0.01 secs] 
2019-09-28T18:58:35.859+0000: 286.926: [GC (Allocation Failure) 2019-09-28T18:58:35.859+0000: 286.926: [DefNew: 409826K->305K(460800K), 0.0027865 secs] 466271K->56749K(1484800K), 0.0028725 secs] [Times: user=0.00 sys=0.00, real=0.00 secs] 
2019-09-28T18:58:43.105+0000: 294.172: [GC (Allocation Failure) 2019-09-28T18:58:43.105+0000: 294.172: [DefNew: 409905K->215K(460800K), 0.0029523 secs] 466349K->56706K(1484800K), 0.0030485 secs] [Times: user=0.01 sys=0.00, real=0.00 secs] 
2019-09-28T18:58:50.890+0000: 301.956: [GC (Allocation Failure) 2019-09-28T18:58:50.890+0000: 301.956: [DefNew: 409815K->248K(460800K), 0.0029063 secs] 466306K->56740K(1484800K), 0.0030069 secs] [Times: user=0.00 sys=0.01, real=0.00 secs] 
2019-09-28T18:58:58.179+0000: 309.246: [GC (Allocation Failure) 2019-09-28T18:58:58.179+0000: 309.246: [DefNew: 409848K->245K(460800K), 0.0027376 secs] 466340K->56737K(1484800K), 0.0028178 secs] [Times: user=0.00 sys=0.00, real=0.00 secs] 
2019-09-28T18:59:05.484+0000: 316.550: [GC (Allocation Failure) 2019-09-28T18:59:05.484+0000: 316.551: [DefNew: 409845K->216K(460800K), 0.0027283 secs] 466337K->56708K(1484800K), 0.0028131 secs] [Times: user=0.01 sys=0.00, real=0.00 secs] 
2019-09-28T18:59:13.364+0000: 324.431: [GC (Allocation Failure) 2019-09-28T18:59:13.364+0000: 324.431: [DefNew: 409816K->267K(460800K), 0.0030664 secs] 466308K->56758K(1484800K), 0.0031573 secs] [Times: user=0.00 sys=0.00, real=0.00 secs] 
2019-09-28T18:59:20.629+0000: 331.696: [GC (Allocation Failure) 2019-09-28T18:59:20.629+0000: 331.696: [DefNew: 409867K->215K(460800K), 0.0025972 secs] 466358K->56707K(1484800K), 0.0026926 secs] [Times: user=0.00 sys=0.00, real=0.00 secs] 
2019-09-28T18:59:27.921+0000: 338.988: [GC (Allocation Failure) 2019-09-28T18:59:27.921+0000: 338.988: [DefNew: 409815K->280K(460800K), 0.0027250 secs] 466307K->56772K(1484800K), 0.0028071 secs] [Times: user=0.01 sys=0.00, real=0.01 secs] 
2019-09-28T18:59:35.678+0000: 346.744: [GC (Allocation Failure) 2019-09-28T18:59:35.678+0000: 346.744: [DefNew: 409880K->215K(460800K), 0.0026750 secs] 466372K->56708K(1484800K), 0.0027596 secs] [Times: user=0.00 sys=0.00, real=0.00 secs] 
2019-09-28T18:59:42.945+0000: 354.012: [GC (Allocation Failure) 2019-09-28T18:59:42.945+0000: 354.012: [DefNew: 409815K->208K(460800K), 0.0027386 secs] 466308K->56722K(1484800K), 0.0028271 secs] [Times: user=0.00 sys=0.00, real=0.00 secs] 
2019-09-28T18:59:50.264+0000: 361.331: [GC (Allocation Failure) 2019-09-28T18:59:50.264+0000: 361.331: [DefNew: 409808K->194K(460800K), 0.0028272 secs] 466322K->56726K(1484800K), 0.0029225 secs] [Times: user=0.01 sys=0.00, real=0.00 secs] 
2019-09-28T18:59:57.481+0000: 368.548: [GC (Allocation Failure) 2019-09-28T18:59:57.481+0000: 368.548: [DefNew: 409794K->187K(460800K), 0.0026396 secs] 466326K->56720K(1484800K), 0.0027257 secs] [Times: user=0.01 sys=0.00, real=0.01 secs] 
2019-09-28T19:00:05.201+0000: 376.268: [GC (Allocation Failure) 2019-09-28T19:00:05.201+0000: 376.268: [DefNew: 409787K->186K(460800K), 0.0028028 secs] 466320K->56719K(1484800K), 0.0029113 secs] [Times: user=0.00 sys=0.00, real=0.01 secs] 
2019-09-28T19:00:12.401+0000: 383.468: [GC (Allocation Failure) 2019-09-28T19:00:12.402+0000: 383.468: [DefNew: 409786K->190K(460800K), 0.0025935 secs] 466319K->56723K(1484800K), 0.0026792 secs] [Times: user=0.00 sys=0.00, real=0.01 secs] 
2019-09-28T19:00:19.700+0000: 390.767: [GC (Allocation Failure) 2019-09-28T19:00:19.700+0000: 390.767: [DefNew: 409790K->250K(460800K), 0.0027323 secs] 466323K->56783K(1484800K), 0.0028218 secs] [Times: user=0.00 sys=0.00, real=0.01 secs] 
2019-09-28T19:00:27.510+0000: 398.577: [GC (Allocation Failure) 2019-09-28T19:00:27.510+0000: 398.577: [DefNew: 409850K->177K(460800K), 0.0026582 secs] 466383K->56730K(1484800K), 0.0027401 secs] [Times: user=0.00 sys=0.00, real=0.00 secs] 
2019-09-28T19:00:34.760+0000: 405.826: [GC (Allocation Failure) 2019-09-28T19:00:34.760+0000: 405.826: [DefNew: 409777K->224K(460800K), 0.0028281 secs] 466330K->56777K(1484800K), 0.0029164 secs] [Times: user=0.00 sys=0.00, real=0.01 secs] 
2019-09-28T19:00:42.039+0000: 413.106: [GC (Allocation Failure) 2019-09-28T19:00:42.039+0000: 413.106: [DefNew: 409824K->170K(460800K), 0.0027567 secs] 466377K->56725K(1484800K), 0.0028381 secs] [Times: user=0.00 sys=0.00, real=0.00 secs] 
2019-09-28T19:00:49.841+0000: 420.907: [GC (Allocation Failure) 2019-09-28T19:00:49.841+0000: 420.907: [DefNew: 409770K->155K(460800K), 0.0027084 secs] 466325K->56724K(1484800K), 0.0027997 secs] [Times: user=0.01 sys=0.00, real=0.01 secs] 
2019-09-28T19:00:57.097+0000: 428.164: [GC (Allocation Failure) 2019-09-28T19:00:57.097+0000: 428.164: [DefNew: 409755K->172K(460800K), 0.0029162 secs] 466324K->56742K(1484800K), 0.0030038 secs] [Times: user=0.00 sys=0.00, real=0.00 secs] 
2019-09-28T19:01:04.345+0000: 435.412: [GC (Allocation Failure) 2019-09-28T19:01:04.345+0000: 435.412: [DefNew: 409772K->191K(460800K), 0.0025975 secs] 466342K->56761K(1484800K), 0.0026830 secs] [Times: user=0.01 sys=0.00, real=0.00 secs] 
2019-09-28T19:01:11.660+0000: 442.727: [GC (Allocation Failure) 2019-09-28T19:01:11.660+0000: 442.727: [DefNew: 409791K->171K(460800K), 0.0027260 secs] 466361K->56741K(1484800K), 0.0028017 secs] [Times: user=0.00 sys=0.00, real=0.01 secs] 
2019-09-28T19:01:19.390+0000: 450.456: [GC (Allocation Failure) 2019-09-28T19:01:19.390+0000: 450.456: [DefNew: 409771K->184K(460800K), 0.0026802 secs] 466341K->56755K(1484800K), 0.0027684 secs] [Times: user=0.00 sys=0.00, real=0.00 secs] 
2019-09-28T19:01:26.693+0000: 457.760: [GC (Allocation Failure) 2019-09-28T19:01:26.693+0000: 457.760: [DefNew: 409784K->251K(460800K), 0.0028677 secs] 466355K->56821K(1484800K), 0.0029616 secs] [Times: user=0.01 sys=0.00, real=0.01 secs] 
19:01:31.967 [worker-akka.actor.default-dispatcher-12] INFO  a.r.a.Association(akka://worker) akka.remote.artery.Association(akka://worker) - Stopping idle outbound stream [2] to [akka://worker@flamestream-benchmarks-worker-0:5412]
2019-09-28T19:01:34.168+0000: 465.235: [GC (Allocation Failure) 2019-09-28T19:01:34.168+0000: 465.235: [DefNew: 409851K->324K(460800K), 0.0031913 secs] 466421K->56894K(1484800K), 0.0032811 secs] [Times: user=0.00 sys=0.00, real=0.00 secs] 
2019-09-28T19:01:41.783+0000: 472.849: [GC (Allocation Failure) 2019-09-28T19:01:41.783+0000: 472.849: [DefNew: 409924K->233K(460800K), 0.0030292 secs] 466494K->56805K(1484800K), 0.0031136 secs] [Times: user=0.00 sys=0.00, real=0.00 secs] 
2019-09-28T19:01:49.114+0000: 480.181: [GC (Allocation Failure) 2019-09-28T19:01:49.114+0000: 480.181: [DefNew: 409833K->257K(460800K), 0.0029544 secs] 466405K->56840K(1484800K), 0.0030558 secs] [Times: user=0.00 sys=0.00, real=0.00 secs] 
2019-09-28T19:01:56.199+0000: 487.266: [GC (Allocation Failure) 2019-09-28T19:01:56.200+0000: 487.266: [DefNew: 409857K->237K(460800K), 0.0031039 secs] 466440K->56820K(1484800K), 0.0031893 secs] [Times: user=0.00 sys=0.00, real=0.01 secs] 
2019-09-28T19:02:04.171+0000: 495.238: [GC (Allocation Failure) 2019-09-28T19:02:04.171+0000: 495.238: [DefNew: 409837K->232K(460800K), 0.0028847 secs] 466420K->56819K(1484800K), 0.0029712 secs] [Times: user=0.00 sys=0.01, real=0.00 secs] 
2019-09-28T19:02:11.439+0000: 502.506: [GC (Allocation Failure) 2019-09-28T19:02:11.439+0000: 502.506: [DefNew: 409832K->233K(460800K), 0.0032758 secs] 466419K->56820K(1484800K), 0.0033747 secs] [Times: user=0.00 sys=0.00, real=0.01 secs] 
2019-09-28T19:02:18.718+0000: 509.784: [GC (Allocation Failure) 2019-09-28T19:02:18.718+0000: 509.784: [DefNew: 409833K->276K(460800K), 0.0031352 secs] 466420K->56862K(1484800K), 0.0032305 secs] [Times: user=0.00 sys=0.00, real=0.00 secs] 
2019-09-28T19:02:26.497+0000: 517.564: [GC (Allocation Failure) 2019-09-28T19:02:26.497+0000: 517.564: [DefNew: 409876K->233K(460800K), 0.0030222 secs] 466462K->56820K(1484800K), 0.0031079 secs] [Times: user=0.00 sys=0.00, real=0.00 secs] 
2019-09-28T19:02:33.786+0000: 524.853: [GC (Allocation Failure) 2019-09-28T19:02:33.787+0000: 524.853: [DefNew: 409833K->294K(460800K), 0.0030561 secs] 466420K->56880K(1484800K), 0.0031468 secs] [Times: user=0.00 sys=0.01, real=0.00 secs] 
2019-09-28T19:02:41.025+0000: 532.092: [GC (Allocation Failure) 2019-09-28T19:02:41.025+0000: 532.092: [DefNew: 409894K->265K(460800K), 0.0031615 secs] 466480K->56853K(1484800K), 0.0032488 secs] [Times: user=0.00 sys=0.00, real=0.00 secs] 
2019-09-28T19:02:48.792+0000: 539.859: [GC (Allocation Failure) 2019-09-28T19:02:48.792+0000: 539.859: [DefNew: 409865K->216K(460800K), 0.0030890 secs] 466453K->56820K(1484800K), 0.0031817 secs] [Times: user=0.00 sys=0.00, real=0.01 secs] 
2019-09-28T19:02:56.001+0000: 547.068: [GC (Allocation Failure) 2019-09-28T19:02:56.001+0000: 547.068: [DefNew: 409816K->230K(460800K), 0.0030582 secs] 466420K->56834K(1484800K), 0.0031578 secs] [Times: user=0.00 sys=0.00, real=0.01 secs] 
2019-09-28T19:03:03.407+0000: 554.474: [GC (Allocation Failure) 2019-09-28T19:03:03.407+0000: 554.474: [DefNew: 409830K->292K(460800K), 0.0030299 secs] 466434K->56897K(1484800K), 0.0031362 secs] [Times: user=0.01 sys=0.00, real=0.00 secs] 
2019-09-28T19:03:11.186+0000: 562.253: [GC (Allocation Failure) 2019-09-28T19:03:11.187+0000: 562.253: [DefNew: 409892K->230K(460800K), 0.0028741 secs] 466497K->56836K(1484800K), 0.0029684 secs] [Times: user=0.00 sys=0.00, real=0.00 secs] 
2019-09-28T19:03:18.493+0000: 569.559: [GC (Allocation Failure) 2019-09-28T19:03:18.493+0000: 569.559: [DefNew: 409830K->257K(460800K), 0.0030370 secs] 466436K->56863K(1484800K), 0.0031139 secs] [Times: user=0.00 sys=0.00, real=0.01 secs] 
2019-09-28T19:03:25.802+0000: 576.869: [GC (Allocation Failure) 2019-09-28T19:03:25.802+0000: 576.869: [DefNew: 409857K->289K(460800K), 0.0032325 secs] 466463K->56932K(1484800K), 0.0033294 secs] [Times: user=0.00 sys=0.00, real=0.01 secs] 
2019-09-28T19:03:33.520+0000: 584.587: [GC (Allocation Failure) 2019-09-28T19:03:33.520+0000: 584.587: [DefNew: 409889K->173K(460800K), 0.0027116 secs] 466532K->56836K(1484800K), 0.0027965 secs] [Times: user=0.01 sys=0.00, real=0.01 secs] 
2019-09-28T19:03:40.811+0000: 591.877: [GC (Allocation Failure) 2019-09-28T19:03:40.811+0000: 591.877: [DefNew: 409773K->235K(460800K), 0.0028732 secs] 466436K->56902K(1484800K), 0.0029598 secs] [Times: user=0.00 sys=0.00, real=0.00 secs] 
2019-09-28T19:03:48.078+0000: 599.144: [GC (Allocation Failure) 2019-09-28T19:03:48.078+0000: 599.144: [DefNew: 409835K->155K(460800K), 0.0026739 secs] 466502K->56837K(1484800K), 0.0027464 secs] [Times: user=0.00 sys=0.00, real=0.00 secs] 
2019-09-28T19:03:55.343+0000: 606.410: [GC (Allocation Failure) 2019-09-28T19:03:55.343+0000: 606.410: [DefNew: 409755K->208K(460800K), 0.0028217 secs] 466437K->56890K(1484800K), 0.0029146 secs] [Times: user=0.00 sys=0.00, real=0.00 secs] 
2019-09-28T19:04:03.145+0000: 614.212: [GC (Allocation Failure) 2019-09-28T19:04:03.145+0000: 614.212: [DefNew: 409808K->166K(460800K), 0.0026207 secs] 466490K->56849K(1484800K), 0.0027001 secs] [Times: user=0.00 sys=0.00, real=0.00 secs] 
2019-09-28T19:04:10.384+0000: 621.450: [GC (Allocation Failure) 2019-09-28T19:04:10.384+0000: 621.450: [DefNew: 409766K->167K(460800K), 0.0027353 secs] 466449K->56850K(1484800K), 0.0028203 secs] [Times: user=0.00 sys=0.00, real=0.00 secs] 
2019-09-28T19:04:17.681+0000: 628.747: [GC (Allocation Failure) 2019-09-28T19:04:17.681+0000: 628.747: [DefNew: 409767K->265K(460800K), 0.0028106 secs] 466450K->56949K(1484800K), 0.0028855 secs] [Times: user=0.00 sys=0.00, real=0.01 secs] 
2019-09-28T19:04:25.507+0000: 636.574: [GC (Allocation Failure) 2019-09-28T19:04:25.507+0000: 636.574: [DefNew: 409865K->193K(460800K), 0.0027860 secs] 466549K->56876K(1484800K), 0.0028901 secs] [Times: user=0.01 sys=0.00, real=0.00 secs] 
2019-09-28T19:04:32.764+0000: 643.831: [GC (Allocation Failure) 2019-09-28T19:04:32.765+0000: 643.831: [DefNew: 409793K->263K(460800K), 0.0028411 secs] 466476K->56947K(1484800K), 0.0029641 secs] [Times: user=0.00 sys=0.00, real=0.00 secs] 
2019-09-28T19:04:40.022+0000: 651.088: [GC (Allocation Failure) 2019-09-28T19:04:40.022+0000: 651.088: [DefNew: 409863K->262K(460800K), 0.0026743 secs] 466547K->56945K(1484800K), 0.0027619 secs] [Times: user=0.01 sys=0.00, real=0.01 secs] 
2019-09-28T19:04:47.797+0000: 658.864: [GC (Allocation Failure) 2019-09-28T19:04:47.797+0000: 658.864: [DefNew: 409862K->249K(460800K), 0.0028331 secs] 466545K->56946K(1484800K), 0.0029225 secs] [Times: user=0.00 sys=0.00, real=0.00 secs] 
2019-09-28T19:04:55.055+0000: 666.121: [GC (Allocation Failure) 2019-09-28T19:04:55.055+0000: 666.121: [DefNew: 409849K->263K(460800K), 0.0031061 secs] 466546K->56960K(1484800K), 0.0032030 secs] [Times: user=0.01 sys=0.00, real=0.00 secs] 
2019-09-28T19:05:02.545+0000: 673.612: [GC (Allocation Failure) 2019-09-28T19:05:02.545+0000: 673.612: [DefNew: 409863K->284K(460800K), 0.0028830 secs] 466560K->56982K(1484800K), 0.0029757 secs] [Times: user=0.01 sys=0.00, real=0.00 secs] 
2019-09-28T19:05:10.340+0000: 681.407: [GC (Allocation Failure) 2019-09-28T19:05:10.341+0000: 681.407: [DefNew: 409884K->298K(460800K), 0.0027947 secs] 466582K->56997K(1484800K), 0.0028937 secs] [Times: user=0.00 sys=0.00, real=0.01 secs] 
2019-09-28T19:05:17.609+0000: 688.676: [GC (Allocation Failure) 2019-09-28T19:05:17.609+0000: 688.676: [DefNew: 409898K->289K(460800K), 0.0027391 secs] 466597K->56988K(1484800K), 0.0028219 secs] [Times: user=0.00 sys=0.00, real=0.00 secs] 
2019-09-28T19:05:24.844+0000: 695.910: [GC (Allocation Failure) 2019-09-28T19:05:24.844+0000: 695.911: [DefNew: 409889K->268K(460800K), 0.0028531 secs] 466588K->56967K(1484800K), 0.0029378 secs] [Times: user=0.00 sys=0.00, real=0.00 secs] 
2019-09-28T19:05:32.660+0000: 703.727: [GC (Allocation Failure) 2019-09-28T19:05:32.661+0000: 703.727: [DefNew: 409868K->259K(460800K), 0.0027896 secs] 466567K->56960K(1484800K), 0.0028725 secs] [Times: user=0.01 sys=0.00, real=0.01 secs] 
2019-09-28T19:05:39.994+0000: 711.061: [GC (Allocation Failure) 2019-09-28T19:05:39.994+0000: 711.061: [DefNew: 409859K->258K(460800K), 0.0028130 secs] 466560K->56959K(1484800K), 0.0029009 secs] [Times: user=0.00 sys=0.00, real=0.01 secs] 
2019-09-28T19:05:47.229+0000: 718.296: [GC (Allocation Failure) 2019-09-28T19:05:47.229+0000: 718.296: [DefNew: 409858K->289K(460800K), 0.0029276 secs] 466559K->57000K(1484800K), 0.0030160 secs] [Times: user=0.00 sys=0.00, real=0.00 secs] 
2019-09-28T19:05:54.977+0000: 726.044: [GC (Allocation Failure) 2019-09-28T19:05:54.977+0000: 726.044: [DefNew: 409889K->264K(460800K), 0.0030048 secs] 466600K->56975K(1484800K), 0.0031113 secs] [Times: user=0.00 sys=0.00, real=0.00 secs] 
2019-09-28T19:06:02.231+0000: 733.297: [GC (Allocation Failure) 2019-09-28T19:06:02.231+0000: 733.297: [DefNew: 409864K->306K(460800K), 0.0027988 secs] 466575K->57017K(1484800K), 0.0028896 secs] [Times: user=0.00 sys=0.00, real=0.00 secs] 
2019-09-28T19:06:09.472+0000: 740.539: [GC (Allocation Failure) 2019-09-28T19:06:09.472+0000: 740.539: [DefNew: 409906K->256K(460800K), 0.0025998 secs] 466617K->56968K(1484800K), 0.0026870 secs] [Times: user=0.00 sys=0.00, real=0.01 secs] 
2019-09-28T19:06:16.754+0000: 747.821: [GC (Allocation Failure) 2019-09-28T19:06:16.754+0000: 747.821: [DefNew: 409856K->272K(460800K), 0.0026940 secs] 466568K->56984K(1484800K), 0.0027799 secs] [Times: user=0.00 sys=0.00, real=0.01 secs] 
2019-09-28T19:06:24.589+0000: 755.655: [GC (Allocation Failure) 2019-09-28T19:06:24.589+0000: 755.655: [DefNew: 409872K->174K(460800K), 0.0028176 secs] 466584K->56983K(1484800K), 0.0029038 secs] [Times: user=0.00 sys=0.00, real=0.00 secs] 
2019-09-28T19:06:31.882+0000: 762.949: [GC (Allocation Failure) 2019-09-28T19:06:31.882+0000: 762.949: [DefNew: 409774K->158K(460800K), 0.0026537 secs] 466583K->56968K(1484800K), 0.0027627 secs] [Times: user=0.00 sys=0.00, real=0.00 secs] 
2019-09-28T19:06:39.147+0000: 770.214: [GC (Allocation Failure) 2019-09-28T19:06:39.147+0000: 770.214: [DefNew: 409758K->158K(460800K), 0.0028014 secs] 466568K->56968K(1484800K), 0.0028939 secs] [Times: user=0.01 sys=0.00, real=0.00 secs] 
2019-09-28T19:06:46.953+0000: 778.019: [GC (Allocation Failure) 2019-09-28T19:06:46.953+0000: 778.019: [DefNew: 409758K->147K(460800K), 0.0026793 secs] 466568K->56968K(1484800K), 0.0027667 secs] [Times: user=0.00 sys=0.00, real=0.01 secs] 
2019-09-28T19:06:54.219+0000: 785.285: [GC (Allocation Failure) 2019-09-28T19:06:54.219+0000: 785.286: [DefNew: 409747K->155K(460800K), 0.0027935 secs] 466568K->56977K(1484800K), 0.0028805 secs] [Times: user=0.01 sys=0.00, real=0.00 secs] 
2019-09-28T19:07:01.592+0000: 792.658: [GC (Allocation Failure) 2019-09-28T19:07:01.592+0000: 792.658: [DefNew: 409755K->156K(460800K), 0.0026643 secs] 466577K->56977K(1484800K), 0.0027547 secs] [Times: user=0.00 sys=0.00, real=0.01 secs] 
2019-09-28T19:07:09.303+0000: 800.369: [GC (Allocation Failure) 2019-09-28T19:07:09.303+0000: 800.369: [DefNew: 409756K->156K(460800K), 0.0026707 secs] 466577K->56977K(1484800K), 0.0027594 secs] [Times: user=0.01 sys=0.01, real=0.00 secs] 
2019-09-28T19:07:16.599+0000: 807.665: [GC (Allocation Failure) 2019-09-28T19:07:16.599+0000: 807.665: [DefNew: 409756K->202K(460800K), 0.0026180 secs] 466577K->57024K(1484800K), 0.0027070 secs] [Times: user=0.00 sys=0.00, real=0.00 secs] 
2019-09-28T19:07:23.797+0000: 814.864: [GC (Allocation Failure) 2019-09-28T19:07:23.797+0000: 814.864: [DefNew: 409802K->207K(460800K), 0.0028013 secs] 466624K->57029K(1484800K), 0.0028771 secs] [Times: user=0.00 sys=0.00, real=0.00 secs] 
2019-09-28T19:07:31.605+0000: 822.672: [GC (Allocation Failure) 2019-09-28T19:07:31.606+0000: 822.672: [DefNew: 409807K->156K(460800K), 0.0026427 secs] 466629K->56978K(1484800K), 0.0027353 secs] [Times: user=0.00 sys=0.00, real=0.00 secs] 
2019-09-28T19:07:38.886+0000: 829.952: [GC (Allocation Failure) 2019-09-28T19:07:38.886+0000: 829.953: [DefNew: 409756K->217K(460800K), 0.0027209 secs] 466578K->57039K(1484800K), 0.0028102 secs] [Times: user=0.01 sys=0.00, real=0.00 secs] 
2019-09-28T19:07:46.170+0000: 837.236: [GC (Allocation Failure) 2019-09-28T19:07:46.170+0000: 837.236: [DefNew: 409817K->203K(460800K), 0.0031944 secs] 466639K->57034K(1484800K), 0.0032877 secs] [Times: user=0.00 sys=0.00, real=0.00 secs] 
2019-09-28T19:07:53.336+0000: 844.403: [GC (Allocation Failure) 2019-09-28T19:07:53.336+0000: 844.403: [DefNew: 409803K->205K(460800K), 0.0028711 secs] 466634K->57036K(1484800K), 0.0029595 secs] [Times: user=0.01 sys=0.00, real=0.00 secs] 
2019-09-28T19:08:01.116+0000: 852.182: [GC (Allocation Failure) 2019-09-28T19:08:01.116+0000: 852.182: [DefNew: 409805K->180K(460800K), 0.0026890 secs] 466636K->57011K(1484800K), 0.0027868 secs] [Times: user=0.00 sys=0.00, real=0.00 secs] 
2019-09-28T19:08:08.403+0000: 859.470: [GC (Allocation Failure) 2019-09-28T19:08:08.403+0000: 859.470: [DefNew: 409780K->237K(460800K), 0.0028324 secs] 466611K->57068K(1484800K), 0.0029242 secs] [Times: user=0.00 sys=0.00, real=0.00 secs] 
2019-09-28T19:08:15.633+0000: 866.700: [GC (Allocation Failure) 2019-09-28T19:08:15.633+0000: 866.700: [DefNew: 409837K->179K(460800K), 0.0027402 secs] 466668K->57010K(1484800K), 0.0028311 secs] [Times: user=0.00 sys=0.00, real=0.01 secs] 
2019-09-28T19:08:23.421+0000: 874.488: [GC (Allocation Failure) 2019-09-28T19:08:23.421+0000: 874.488: [DefNew: 409779K->156K(460800K), 0.0026585 secs] 466610K->56988K(1484800K), 0.0027473 secs] [Times: user=0.01 sys=0.00, real=0.01 secs] 
2019-09-28T19:08:30.754+0000: 881.821: [GC (Allocation Failure) 2019-09-28T19:08:30.755+0000: 881.821: [DefNew: 409756K->198K(460800K), 0.0025700 secs] 466588K->57029K(1484800K), 0.0026670 secs] [Times: user=0.00 sys=0.00, real=0.00 secs] 
2019-09-28T19:08:38.041+0000: 889.107: [GC (Allocation Failure) 2019-09-28T19:08:38.041+0000: 889.107: [DefNew: 409798K->217K(460800K), 0.0029466 secs] 466629K->57048K(1484800K), 0.0030503 secs] [Times: user=0.00 sys=0.00, real=0.01 secs] 
2019-09-28T19:08:45.805+0000: 896.871: [GC (Allocation Failure) 2019-09-28T19:08:45.805+0000: 896.871: [DefNew: 409817K->148K(460800K), 0.0029917 secs] 466648K->56987K(1484800K), 0.0030802 secs] [Times: user=0.00 sys=0.00, real=0.00 secs] 
2019-09-28T19:08:53.040+0000: 904.107: [GC (Allocation Failure) 2019-09-28T19:08:53.040+0000: 904.107: [DefNew: 409748K->157K(460800K), 0.0027706 secs] 466587K->56997K(1484800K), 0.0028682 secs] [Times: user=0.00 sys=0.00, real=0.01 secs] 
2019-09-28T19:09:00.313+0000: 911.380: [GC (Allocation Failure) 2019-09-28T19:09:00.313+0000: 911.380: [DefNew: 409757K->157K(460800K), 0.0028188 secs] 466597K->56996K(1484800K), 0.0029048 secs] [Times: user=0.00 sys=0.00, real=0.01 secs] 
2019-09-28T19:09:07.771+0000: 918.838: [GC (Allocation Failure) 2019-09-28T19:09:07.771+0000: 918.838: [DefNew: 409757K->159K(460800K), 0.0025147 secs] 466596K->56999K(1484800K), 0.0025980 secs] [Times: user=0.00 sys=0.00, real=0.00 secs] 
2019-09-28T19:09:15.429+0000: 926.496: [GC (Allocation Failure) 2019-09-28T19:09:15.429+0000: 926.496: [DefNew: 409759K->159K(460800K), 0.0026454 secs] 466599K->56998K(1484800K), 0.0027554 secs] [Times: user=0.00 sys=0.00, real=0.00 secs] 
2019-09-28T19:09:22.662+0000: 933.729: [GC (Allocation Failure) 2019-09-28T19:09:22.663+0000: 933.729: [DefNew: 409759K->158K(460800K), 0.0026768 secs] 466598K->56997K(1484800K), 0.0027574 secs] [Times: user=0.01 sys=0.00, real=0.00 secs] 
2019-09-28T19:09:29.965+0000: 941.032: [GC (Allocation Failure) 2019-09-28T19:09:29.965+0000: 941.032: [DefNew: 409758K->159K(460800K), 0.0026428 secs] 466597K->56998K(1484800K), 0.0027381 secs] [Times: user=0.00 sys=0.00, real=0.00 secs] 
2019-09-28T19:09:37.783+0000: 948.850: [GC (Allocation Failure) 2019-09-28T19:09:37.783+0000: 948.850: [DefNew: 409759K->210K(460800K), 0.0028368 secs] 466598K->57049K(1484800K), 0.0029273 secs] [Times: user=0.01 sys=0.00, real=0.00 secs] 
2019-09-28T19:09:45.021+0000: 956.088: [GC (Allocation Failure) 2019-09-28T19:09:45.021+0000: 956.088: [DefNew: 409810K->147K(460800K), 0.0026723 secs] 466649K->56997K(1484800K), 0.0027759 secs] [Times: user=0.00 sys=0.00, real=0.01 secs] 
2019-09-28T19:09:52.309+0000: 963.375: [GC (Allocation Failure) 2019-09-28T19:09:52.309+0000: 963.375: [DefNew: 409747K->184K(460800K), 0.0026884 secs] 466597K->57034K(1484800K), 0.0027743 secs] [Times: user=0.00 sys=0.00, real=0.00 secs] 
2019-09-28T19:10:00.040+0000: 971.107: [GC (Allocation Failure) 2019-09-28T19:10:00.040+0000: 971.107: [DefNew: 409784K->178K(460800K), 0.0027230 secs] 466634K->57028K(1484800K), 0.0028095 secs] [Times: user=0.01 sys=0.00, real=0.01 secs] 
2019-09-28T19:10:07.374+0000: 978.441: [GC (Allocation Failure) 2019-09-28T19:10:07.374+0000: 978.441: [DefNew: 409778K->192K(460800K), 0.0026386 secs] 466628K->57042K(1484800K), 0.0027258 secs] [Times: user=0.01 sys=0.01, real=0.00 secs] 
2019-09-28T19:10:14.605+0000: 985.672: [GC (Allocation Failure) 2019-09-28T19:10:14.605+0000: 985.672: [DefNew: 409792K->199K(460800K), 0.0026642 secs] 466642K->57050K(1484800K), 0.0027545 secs] [Times: user=0.00 sys=0.00, real=0.00 secs] 
2019-09-28T19:10:22.391+0000: 993.458: [GC (Allocation Failure) 2019-09-28T19:10:22.391+0000: 993.458: [DefNew: 409799K->166K(460800K), 0.0026418 secs] 466650K->57016K(1484800K), 0.0027356 secs] [Times: user=0.00 sys=0.00, real=0.00 secs] 
2019-09-28T19:10:29.673+0000: 1000.739: [GC (Allocation Failure) 2019-09-28T19:10:29.673+0000: 1000.739: [DefNew: 409766K->245K(460800K), 0.0027831 secs] 466616K->57095K(1484800K), 0.0028711 secs] [Times: user=0.00 sys=0.00, real=0.01 secs] 
2019-09-28T19:10:36.909+0000: 1007.975: [GC (Allocation Failure) 2019-09-28T19:10:36.909+0000: 1007.975: [DefNew: 409845K->198K(460800K), 0.0027531 secs] 466695K->57049K(1484800K), 0.0028460 secs] [Times: user=0.00 sys=0.00, real=0.00 secs] 
2019-09-28T19:10:44.608+0000: 1015.675: [GC (Allocation Failure) 2019-09-28T19:10:44.608+0000: 1015.675: [DefNew: 409798K->149K(460800K), 0.0026811 secs] 466649K->57010K(1484800K), 0.0027628 secs] [Times: user=0.00 sys=0.00, real=0.00 secs] 
2019-09-28T19:10:51.958+0000: 1023.025: [GC (Allocation Failure) 2019-09-28T19:10:51.958+0000: 1023.025: [DefNew: 409749K->290K(460800K), 0.0029771 secs] 466610K->57150K(1484800K), 0.0030647 secs] [Times: user=0.00 sys=0.00, real=0.00 secs] 
19:10:55.517 [Client] INFO  c.s.f.r.e.s.SocketRear  - FlameSocketGraphDeployerRear@flamestream-benchmarks-worker-12: has been disconnected from Connection 13
19:10:55.523 [Client] INFO  c.s.f.r.e.s.SocketFront  - FlameSocketGraphDeployerFront@flamestream-benchmarks-worker-12 has been disconnected from Connection 13
19:11:14.758 [worker-akka.actor.default-dispatcher-10] INFO  a.r.a.Association(akka://worker) akka.remote.artery.Association(akka://worker) - Association to [akka://worker@flamestream-benchmarks-worker-0:5412] having UID [8671737266674996310] has been stopped. All messages to this UID will be delivered to dead letters. Reason: ActorSystem terminated
19:11:14.763 [worker-akka.actor.default-dispatcher-10] INFO  a.r.a.Association(akka://worker) akka.remote.artery.Association(akka://worker) - Association to [akka://worker@flamestream-benchmarks-worker-2:5412] having UID [-1357220282590935731] has been stopped. All messages to this UID will be delivered to dead letters. Reason: ActorSystem terminated
19:11:14.806 [worker-akka.actor.default-dispatcher-10] INFO  a.r.a.Association(akka://worker) akka.remote.artery.Association(akka://worker) - Association to [akka://worker@flamestream-benchmarks-worker-1:5412] having UID [9003752637410361599] has been stopped. All messages to this UID will be delivered to dead letters. Reason: ActorSystem terminated
19:11:15.026 [worker-akka.actor.default-dispatcher-10] INFO  a.r.a.Association(akka://worker) akka.remote.artery.Association(akka://worker) - Association to [akka://worker@flamestream-benchmarks-worker-3:5412] having UID [2415480863962131759] has been stopped. All messages to this UID will be delivered to dead letters. Reason: ActorSystem terminated
19:11:15.075 [worker-akka.actor.default-dispatcher-10] INFO  a.r.a.Association(akka://worker) akka.remote.artery.Association(akka://worker) - Association to [akka://worker@flamestream-benchmarks-worker-4:5412] having UID [1738623144942720681] has been stopped. All messages to this UID will be delivered to dead letters. Reason: ActorSystem terminated
19:11:15.625 [worker-akka.actor.default-dispatcher-10] INFO  a.r.a.Association(akka://worker) akka.remote.artery.Association(akka://worker) - Association to [akka://worker@flamestream-benchmarks-worker-5:5412] having UID [4535857925252804459] has been stopped. All messages to this UID will be delivered to dead letters. Reason: ActorSystem terminated
19:11:15.667 [worker-akka.actor.default-dispatcher-6] INFO  a.a.LocalActorRef akka://worker/user/watcher/processing-watcher/graph/edge/FlameSocketGraphDeployerRear - Stopped
19:11:15.672 [worker-akka.actor.default-dispatcher-6] INFO  a.a.LocalActorRef akka://worker/user/watcher/processing-watcher/graph/negotiator - Stopped
19:11:15.686 [worker-akka.actor.default-dispatcher-9] INFO  a.a.LocalActorRef akka://worker/user/watcher/processing-watcher/graph/graph/$+ - Stopped
19:11:15.686 [worker-akka.actor.default-dispatcher-9] INFO  a.a.LocalActorRef akka://worker/user/watcher/processing-watcher/graph/edge/FlameSocketGraphDeployerFront - Stopped
19:11:15.695 [worker-akka.actor.default-dispatcher-12] INFO  a.a.LocalActorRef akka://worker/user/watcher/processing-watcher/graph/edge - Stopped
19:11:15.705 [worker-akka.actor.default-dispatcher-19] INFO  a.a.LocalActorRef akka://worker/user/watcher/processing-watcher/graph/graph/$0 - Stopped
19:11:15.705 [worker-akka.actor.default-dispatcher-19] INFO  a.a.LocalActorRef akka://worker/user/watcher/processing-watcher/graph/graph/$1 - Stopped
19:11:15.705 [worker-akka.actor.default-dispatcher-19] INFO  a.a.LocalActorRef akka://worker/user/watcher/processing-watcher/graph/graph/$2 - Stopped
19:11:15.705 [worker-akka.actor.default-dispatcher-19] INFO  a.a.LocalActorRef akka://worker/user/watcher/processing-watcher/graph/graph/$3 - Stopped
19:11:15.705 [worker-akka.actor.default-dispatcher-19] INFO  a.a.LocalActorRef akka://worker/user/watcher/processing-watcher/graph/graph/$4 - Stopped
19:11:15.705 [worker-akka.actor.default-dispatcher-13] INFO  a.a.LocalActorRef akka://worker/user/watcher/processing-watcher/graph/graph/$5 - Stopped
19:11:15.705 [worker-akka.actor.default-dispatcher-13] INFO  a.a.LocalActorRef akka://worker/user/watcher/processing-watcher/graph/graph/$6 - Stopped
19:11:15.705 [worker-akka.actor.default-dispatcher-13] INFO  a.a.LocalActorRef akka://worker/user/watcher/processing-watcher/graph/graph/$7 - Stopped
19:11:15.705 [worker-akka.actor.default-dispatcher-13] INFO  a.a.LocalActorRef akka://worker/user/watcher/processing-watcher/graph/graph/$8 - Stopped
19:11:15.705 [worker-akka.actor.default-dispatcher-13] INFO  a.a.LocalActorRef akka://worker/user/watcher/processing-watcher/graph/graph/$9 - Stopped
19:11:15.705 [worker-akka.actor.default-dispatcher-13] INFO  a.a.LocalActorRef akka://worker/user/watcher/processing-watcher/graph/graph/$A - Stopped
19:11:15.706 [worker-akka.actor.default-dispatcher-13] INFO  a.a.LocalActorRef akka://worker/user/watcher/processing-watcher/graph/graph/$Ab - Stopped
19:11:15.706 [worker-akka.actor.default-dispatcher-13] INFO  a.a.LocalActorRef akka://worker/user/watcher/processing-watcher/graph/graph/$B - Stopped
19:11:15.706 [worker-akka.actor.default-dispatcher-13] INFO  a.a.LocalActorRef akka://worker/user/watcher/processing-watcher/graph/graph/$Bb - Stopped
19:11:15.706 [worker-akka.actor.default-dispatcher-13] INFO  a.a.LocalActorRef akka://worker/user/watcher/processing-watcher/graph/graph/$C - Stopped
19:11:15.706 [worker-akka.actor.default-dispatcher-13] INFO  a.a.LocalActorRef akka://worker/user/watcher/processing-watcher/graph/graph/$Cb - Stopped
19:11:15.706 [worker-akka.actor.default-dispatcher-13] INFO  a.a.LocalActorRef akka://worker/user/watcher/processing-watcher/graph/graph/$D - Stopped
19:11:15.706 [worker-akka.actor.default-dispatcher-13] INFO  a.a.LocalActorRef akka://worker/user/watcher/processing-watcher/graph/graph/$Db - Stopped
19:11:15.706 [worker-akka.actor.default-dispatcher-13] INFO  a.a.LocalActorRef akka://worker/user/watcher/processing-watcher/graph/graph/$E - Stopped
19:11:15.706 [worker-akka.actor.default-dispatcher-13] INFO  a.a.LocalActorRef akka://worker/user/watcher/processing-watcher/graph/graph/$Eb - Stopped
19:11:15.706 [worker-akka.actor.default-dispatcher-13] INFO  a.a.LocalActorRef akka://worker/user/watcher/processing-watcher/graph/graph/$F - Stopped
19:11:15.709 [worker-akka.actor.default-dispatcher-20] INFO  a.a.LocalActorRef akka://worker/user/watcher/processing-watcher/graph/graph/$Fb - Stopped
19:11:15.711 [worker-akka.actor.default-dispatcher-20] INFO  a.a.LocalActorRef akka://worker/user/watcher/processing-watcher/graph/graph/$G - Stopped
19:11:15.712 [worker-akka.actor.default-dispatcher-20] INFO  a.a.LocalActorRef akka://worker/user/watcher/processing-watcher/graph/graph/$Gb - Stopped
19:11:15.713 [worker-akka.actor.default-dispatcher-20] INFO  a.a.LocalActorRef akka://worker/user/watcher/processing-watcher/graph/graph/$H - Stopped
19:11:15.714 [worker-akka.actor.default-dispatcher-20] INFO  a.a.LocalActorRef akka://worker/user/watcher/processing-watcher/graph/graph/$Hb - Stopped
19:11:15.717 [worker-akka.actor.default-dispatcher-20] INFO  a.a.LocalActorRef akka://worker/user/watcher/processing-watcher/graph/graph/$I - Stopped
19:11:15.718 [worker-akka.actor.default-dispatcher-20] INFO  a.a.LocalActorRef akka://worker/user/watcher/processing-watcher/graph/graph/$Ib - Stopped
19:11:15.719 [worker-akka.actor.default-dispatcher-20] INFO  a.a.LocalActorRef akka://worker/user/watcher/processing-watcher/graph/graph/$J - Stopped
19:11:15.720 [worker-akka.actor.default-dispatcher-20] INFO  a.a.LocalActorRef akka://worker/user/watcher/processing-watcher/graph/graph/$Jb - Stopped
19:11:15.721 [worker-akka.actor.default-dispatcher-20] INFO  a.a.LocalActorRef akka://worker/user/watcher/processing-watcher/graph/graph/$K - Stopped
19:11:15.722 [worker-akka.actor.default-dispatcher-20] INFO  a.a.LocalActorRef akka://worker/user/watcher/processing-watcher/graph/graph/$Kb - Stopped
19:11:15.723 [worker-akka.actor.default-dispatcher-20] INFO  a.a.LocalActorRef akka://worker/user/watcher/processing-watcher/graph/graph/$L - Stopped
19:11:15.724 [worker-akka.actor.default-dispatcher-20] INFO  a.a.LocalActorRef akka://worker/user/watcher/processing-watcher/graph/graph/$Lb - Stopped
19:11:15.725 [worker-akka.actor.default-dispatcher-20] INFO  a.a.LocalActorRef akka://worker/user/watcher/processing-watcher/graph/graph/$M - Stopped
19:11:15.726 [worker-akka.actor.default-dispatcher-20] INFO  a.a.LocalActorRef akka://worker/user/watcher/processing-watcher/graph/graph/$Mb - Stopped
19:11:15.729 [worker-akka.actor.default-dispatcher-20] INFO  a.a.LocalActorRef akka://worker/user/watcher/processing-watcher/graph/graph/$N - Stopped
19:11:15.730 [worker-akka.actor.default-dispatcher-20] INFO  a.a.LocalActorRef akka://worker/user/watcher/processing-watcher/graph/graph/$Nb - Stopped
19:11:15.730 [worker-akka.actor.default-dispatcher-20] INFO  a.a.LocalActorRef akka://worker/user/watcher/processing-watcher/graph/graph/$O - Stopped
19:11:15.731 [worker-akka.actor.default-dispatcher-20] INFO  a.a.LocalActorRef akka://worker/user/watcher/processing-watcher/graph/graph/$P - Stopped
19:11:15.734 [worker-akka.actor.default-dispatcher-20] INFO  a.a.LocalActorRef akka://worker/user/watcher/processing-watcher/graph/graph/$Q - Stopped
19:11:15.734 [worker-akka.actor.default-dispatcher-20] INFO  a.a.LocalActorRef akka://worker/user/watcher/processing-watcher/graph/graph/$R - Stopped
19:11:15.734 [worker-akka.actor.default-dispatcher-20] INFO  a.a.LocalActorRef akka://worker/user/watcher/processing-watcher/graph/graph/$S - Stopped
19:11:15.735 [worker-akka.actor.default-dispatcher-20] INFO  a.r.a.Association(akka://worker) akka.remote.artery.Association(akka://worker) - Association to [akka://worker@flamestream-benchmarks-worker-6:5412] having UID [-6933879671519471457] has been stopped. All messages to this UID will be delivered to dead letters. Reason: ActorSystem terminated
19:11:15.736 [worker-akka.actor.default-dispatcher-20] INFO  a.a.LocalActorRef akka://worker/user/watcher/processing-watcher/graph/graph/$T - Stopped
19:11:15.738 [worker-akka.actor.default-dispatcher-20] INFO  a.a.LocalActorRef akka://worker/user/watcher/processing-watcher/graph/graph/$U - Stopped
19:11:15.738 [worker-akka.actor.default-dispatcher-20] INFO  a.a.LocalActorRef akka://worker/user/watcher/processing-watcher/graph/graph/$V - Stopped
19:11:15.739 [worker-akka.actor.default-dispatcher-20] INFO  a.a.LocalActorRef akka://worker/user/watcher/processing-watcher/graph/graph/$W - Stopped
19:11:15.741 [worker-akka.actor.default-dispatcher-20] INFO  a.a.LocalActorRef akka://worker/user/watcher/processing-watcher/graph/graph/$X - Stopped
19:11:15.743 [worker-akka.actor.default-dispatcher-20] INFO  a.a.LocalActorRef akka://worker/user/watcher/processing-watcher/graph/graph/$Y - Stopped
19:11:15.743 [worker-akka.actor.default-dispatcher-20] INFO  a.a.LocalActorRef akka://worker/user/watcher/processing-watcher/graph/graph/$Z - Stopped
19:11:15.743 [worker-akka.actor.default-dispatcher-20] INFO  a.a.LocalActorRef akka://worker/user/watcher/processing-watcher/graph/graph/$a - Stopped
19:11:15.744 [worker-akka.actor.default-dispatcher-20] INFO  a.a.LocalActorRef akka://worker/user/watcher/processing-watcher/graph/graph/$ab - Stopped
19:11:15.746 [worker-akka.actor.default-dispatcher-20] INFO  a.a.LocalActorRef akka://worker/user/watcher/processing-watcher/graph/graph/$b - Stopped
19:11:15.747 [worker-akka.actor.default-dispatcher-20] INFO  a.a.LocalActorRef akka://worker/user/watcher/processing-watcher/graph/graph/$bb - Stopped
19:11:15.748 [worker-akka.actor.default-dispatcher-20] INFO  a.a.LocalActorRef akka://worker/user/watcher/processing-watcher/graph/graph/$c - Stopped
19:11:15.749 [worker-akka.actor.default-dispatcher-20] INFO  a.a.LocalActorRef akka://worker/user/watcher/processing-watcher/graph/graph/$cb - Stopped
19:11:15.749 [worker-akka.actor.default-dispatcher-20] INFO  a.a.LocalActorRef akka://worker/user/watcher/processing-watcher/graph/graph/$d - Stopped
19:11:15.751 [worker-akka.actor.default-dispatcher-20] INFO  a.a.LocalActorRef akka://worker/user/watcher/processing-watcher/graph/graph/$db - Stopped
19:11:15.752 [worker-akka.actor.default-dispatcher-20] INFO  a.a.LocalActorRef akka://worker/user/watcher/processing-watcher/graph/graph/$e - Stopped
19:11:15.753 [worker-akka.actor.default-dispatcher-20] INFO  a.a.LocalActorRef akka://worker/user/watcher/processing-watcher/graph/graph/$eb - Stopped
19:11:15.754 [worker-akka.actor.default-dispatcher-20] INFO  a.a.LocalActorRef akka://worker/user/watcher/processing-watcher/graph/graph/$f - Stopped
19:11:15.755 [worker-akka.actor.default-dispatcher-20] INFO  a.a.LocalActorRef akka://worker/user/watcher/processing-watcher/graph/graph/$fb - Stopped
19:11:15.756 [worker-akka.actor.default-dispatcher-20] INFO  a.a.LocalActorRef akka://worker/user/watcher/processing-watcher/graph/graph/$g - Stopped
19:11:15.756 [worker-akka.actor.default-dispatcher-20] INFO  a.a.LocalActorRef akka://worker/user/watcher/processing-watcher/graph/graph/$gb - Stopped
19:11:15.757 [worker-akka.actor.default-dispatcher-20] INFO  a.a.LocalActorRef akka://worker/user/watcher/processing-watcher/graph/graph/$h - Stopped
19:11:15.758 [worker-akka.actor.default-dispatcher-20] INFO  a.a.LocalActorRef akka://worker/user/watcher/processing-watcher/graph/graph/$hb - Stopped
19:11:15.758 [worker-akka.actor.default-dispatcher-20] INFO  a.a.LocalActorRef akka://worker/user/watcher/processing-watcher/graph/graph/$i - Stopped
19:11:15.759 [worker-akka.actor.default-dispatcher-20] INFO  a.a.LocalActorRef akka://worker/user/watcher/processing-watcher/graph/graph/$ib - Stopped
19:11:15.760 [worker-akka.actor.default-dispatcher-20] INFO  a.a.LocalActorRef akka://worker/user/watcher/processing-watcher/graph/graph/$j - Stopped
19:11:15.760 [worker-akka.actor.default-dispatcher-20] INFO  a.a.LocalActorRef akka://worker/user/watcher/processing-watcher/graph/graph/$jb - Stopped
19:11:15.761 [worker-akka.actor.default-dispatcher-20] INFO  a.a.LocalActorRef akka://worker/user/watcher/processing-watcher/graph/graph/$k - Stopped
19:11:15.762 [worker-akka.actor.default-dispatcher-20] INFO  a.a.LocalActorRef akka://worker/user/watcher/processing-watcher/graph/graph/$kb - Stopped
19:11:15.762 [worker-akka.actor.default-dispatcher-20] INFO  a.a.LocalActorRef akka://worker/user/watcher/processing-watcher/graph/graph/$l - Stopped
19:11:15.763 [worker-akka.actor.default-dispatcher-20] INFO  a.a.LocalActorRef akka://worker/user/watcher/processing-watcher/graph/graph/$lb - Stopped
19:11:15.765 [worker-akka.actor.default-dispatcher-20] INFO  a.a.LocalActorRef akka://worker/user/watcher/processing-watcher/graph/graph/$m - Stopped
19:11:15.766 [worker-akka.actor.default-dispatcher-20] INFO  a.a.LocalActorRef akka://worker/user/watcher/processing-watcher/graph/graph/$mb - Stopped
19:11:15.766 [worker-akka.actor.default-dispatcher-20] INFO  a.a.LocalActorRef akka://worker/user/watcher/processing-watcher/graph/graph/$n - Stopped
19:11:15.767 [worker-akka.actor.default-dispatcher-20] INFO  a.a.LocalActorRef akka://worker/user/watcher/processing-watcher/graph/graph/$nb - Stopped
19:11:15.768 [worker-akka.actor.default-dispatcher-20] INFO  a.a.LocalActorRef akka://worker/user/watcher/processing-watcher/graph/graph/$o - Stopped
19:11:15.769 [worker-akka.actor.default-dispatcher-20] INFO  a.a.LocalActorRef akka://worker/user/watcher/processing-watcher/graph/graph/$ob - Stopped
19:11:15.770 [worker-akka.actor.default-dispatcher-20] INFO  a.a.LocalActorRef akka://worker/user/watcher/processing-watcher/graph/graph/$p - Stopped
19:11:15.771 [worker-akka.actor.default-dispatcher-20] INFO  a.a.LocalActorRef akka://worker/user/watcher/processing-watcher/graph/graph/$pb - Stopped
19:11:15.771 [worker-akka.actor.default-dispatcher-20] INFO  a.a.LocalActorRef akka://worker/user/watcher/processing-watcher/graph/graph/$q - Stopped
19:11:15.772 [worker-akka.actor.default-dispatcher-20] INFO  a.a.LocalActorRef akka://worker/user/watcher/processing-watcher/graph/graph/$qb - Stopped
19:11:15.773 [worker-akka.actor.default-dispatcher-20] INFO  a.a.LocalActorRef akka://worker/user/watcher/processing-watcher/graph/graph/$r - Stopped
19:11:15.773 [worker-akka.actor.default-dispatcher-20] INFO  a.a.LocalActorRef akka://worker/user/watcher/processing-watcher/graph/graph/$rb - Stopped
19:11:15.774 [worker-akka.actor.default-dispatcher-20] INFO  a.a.LocalActorRef akka://worker/user/watcher/processing-watcher/graph/graph/$s - Stopped
19:11:15.775 [worker-akka.actor.default-dispatcher-20] INFO  a.a.LocalActorRef akka://worker/user/watcher/processing-watcher/graph/graph/$sb - Stopped
19:11:15.775 [worker-akka.actor.default-dispatcher-20] INFO  a.a.LocalActorRef akka://worker/user/watcher/processing-watcher/graph/graph/$t - Stopped
19:11:15.777 [worker-akka.actor.default-dispatcher-20] INFO  a.a.LocalActorRef akka://worker/user/watcher/processing-watcher/graph/graph/$tb - Stopped
19:11:15.779 [worker-akka.actor.default-dispatcher-20] INFO  a.a.LocalActorRef akka://worker/user/watcher/processing-watcher/graph/graph/$u - Stopped
19:11:15.780 [worker-akka.actor.default-dispatcher-20] INFO  a.a.LocalActorRef akka://worker/user/watcher/processing-watcher/graph/graph/$ub - Stopped
19:11:15.781 [worker-akka.actor.default-dispatcher-20] INFO  a.a.LocalActorRef akka://worker/user/watcher/processing-watcher/graph/graph/$v - Stopped
19:11:15.783 [worker-akka.actor.default-dispatcher-20] INFO  a.a.LocalActorRef akka://worker/user/watcher/processing-watcher/graph/graph/$vb - Stopped
19:11:15.784 [worker-akka.actor.default-dispatcher-20] INFO  a.a.LocalActorRef akka://worker/user/watcher/processing-watcher/graph/graph/$w - Stopped
19:11:15.785 [worker-akka.actor.default-dispatcher-20] INFO  a.a.LocalActorRef akka://worker/user/watcher/processing-watcher/graph/graph/$wb - Stopped
19:11:15.786 [worker-akka.actor.default-dispatcher-20] INFO  a.a.LocalActorRef akka://worker/user/watcher/processing-watcher/graph/graph/$x - Stopped
19:11:15.787 [worker-akka.actor.default-dispatcher-20] INFO  a.a.LocalActorRef akka://worker/user/watcher/processing-watcher/graph/graph/$xb - Stopped
19:11:15.788 [worker-akka.actor.default-dispatcher-20] INFO  a.a.LocalActorRef akka://worker/user/watcher/processing-watcher/graph/graph/$y - Stopped
19:11:15.788 [worker-akka.actor.default-dispatcher-20] INFO  a.a.LocalActorRef akka://worker/user/watcher/processing-watcher/graph/graph/$yb - Stopped
19:11:15.789 [worker-akka.actor.default-dispatcher-20] INFO  a.a.LocalActorRef akka://worker/user/watcher/processing-watcher/graph/graph/$z - Stopped
19:11:15.790 [worker-akka.actor.default-dispatcher-20] INFO  a.a.LocalActorRef akka://worker/user/watcher/processing-watcher/graph/graph/$zb - Stopped
19:11:15.791 [worker-akka.actor.default-dispatcher-20] INFO  a.a.LocalActorRef akka://worker/user/watcher/processing-watcher/graph/graph/$~ - Stopped
19:11:15.807 [worker-akka.actor.default-dispatcher-20] INFO  a.a.LocalActorRef akka://worker/user/watcher/processing-watcher/graph/graph - Stopped
19:11:15.813 [worker-akka.actor.default-dispatcher-20] INFO  a.a.LocalActorRef akka://worker/user/watcher/processing-watcher/graph - Stopped
19:11:15.814 [worker-akka.actor.default-dispatcher-12] INFO  a.a.LocalActorRef akka://worker/user/watcher/processing-watcher - Stopped
19:11:15.816 [Curator-Framework-0] INFO  o.a.c.f.i.CuratorFrameworkImpl  - backgroundOperationsLoop exiting
19:11:15.824 [Curator-PathChildrenCache-0] ERROR o.a.c.f.r.c.PathChildrenCache  - 
java.lang.IllegalStateException: instance must be started before calling this method
	at org.apache.curator.shaded.com.google.common.base.Preconditions.checkState(Preconditions.java:444)
	at org.apache.curator.framework.imps.CuratorFrameworkImpl.getChildren(CuratorFrameworkImpl.java:456)
	at org.apache.curator.framework.recipes.cache.PathChildrenCache.refresh(PathChildrenCache.java:521)
	at org.apache.curator.framework.recipes.cache.RefreshOperation.invoke(RefreshOperation.java:35)
	at org.apache.curator.framework.recipes.cache.PathChildrenCache$9.run(PathChildrenCache.java:786)
	at java.util.concurrent.Executors$RunnableAdapter.call(Executors.java:511)
	at java.util.concurrent.FutureTask.run(FutureTask.java:266)
	at java.util.concurrent.Executors$RunnableAdapter.call(Executors.java:511)
	at java.util.concurrent.FutureTask.run(FutureTask.java:266)
	at java.util.concurrent.ThreadPoolExecutor.runWorker(ThreadPoolExecutor.java:1149)
	at java.util.concurrent.ThreadPoolExecutor$Worker.run(ThreadPoolExecutor.java:624)
	at java.lang.Thread.run(Thread.java:748)
19:11:15.825 [worker-akka.actor.default-dispatcher-6-EventThread] INFO  o.a.z.ClientCnxn  - EventThread shut down for session: 0x100015787a4000e
19:11:15.826 [worker-akka.actor.default-dispatcher-12] INFO  o.a.z.ZooKeeper  - Session: 0x100015787a4000e closed
19:11:15.827 [worker-akka.actor.default-dispatcher-20] INFO  a.a.RepointableActorRef akka://worker/user/watcher - Stopped
19:11:15.838 [worker-akka.actor.default-dispatcher-12] INFO  a.r.RemoteActorRefProvider$RemotingTerminator akka://worker@flamestream-benchmarks-worker-12:5412/system/remoting-terminator - Shutting down remote daemon.
19:11:15.839 [worker-akka.actor.default-dispatcher-12] INFO  a.r.RemoteActorRefProvider$RemotingTerminator akka://worker@flamestream-benchmarks-worker-12:5412/system/remoting-terminator - Remote daemon shut down; proceeding with flushing remote transports.
19:11:17.122 [worker-akka.actor.default-dispatcher-12] INFO  a.r.RemoteActorRefProvider$RemotingTerminator akka://worker@flamestream-benchmarks-worker-12:5412/system/remoting-terminator - Remoting shut down.
Heap
 def new generation   total 460800K, used 248475K [0x00000000a2400000, 0x00000000c1800000, 0x00000000c1800000)
  eden space 409600K,  60% used [0x00000000a2400000, 0x00000000b165e650, 0x00000000bb400000)
  from space 51200K,   0% used [0x00000000bb400000, 0x00000000bb448888, 0x00000000be600000)
  to   space 51200K,   0% used [0x00000000be600000, 0x00000000be600000, 0x00000000c1800000)
 tenured generation   total 1024000K, used 56860K [0x00000000c1800000, 0x0000000100000000, 0x0000000100000000)
   the space 1024000K,   5% used [0x00000000c1800000, 0x00000000c4f87300, 0x00000000c4f87400, 0x0000000100000000)
 Metaspace       used 40744K, capacity 43584K, committed 43904K, reserved 1087488K
  class space    used 5330K, capacity 5665K, committed 5760K, reserved 1048576K
