17:05:48,394 |-INFO in ch.qos.logback.classic.LoggerContext[default] - Could NOT find resource [logback-test.xml]
17:05:48,394 |-INFO in ch.qos.logback.classic.LoggerContext[default] - Could NOT find resource [logback.groovy]
17:05:48,395 |-INFO in ch.qos.logback.classic.LoggerContext[default] - Found resource [logback.xml] at [jar:file:/root/flamestream/lib/flamestream-runtime-1.0-SNAPSHOT.jar!/logback.xml]
17:05:48,395 |-WARN in ch.qos.logback.classic.LoggerContext[default] - Resource [logback.xml] occurs multiple times on the classpath.
17:05:48,396 |-WARN in ch.qos.logback.classic.LoggerContext[default] - Resource [logback.xml] occurs at [jar:file:/root/flamestream/lib/flamestream-runtime-1.0-SNAPSHOT.jar!/logback.xml]
17:05:48,396 |-WARN in ch.qos.logback.classic.LoggerContext[default] - Resource [logback.xml] occurs at [jar:file:/root/flamestream/flamestream-runtime-1.0-SNAPSHOT.jar!/logback.xml]
17:05:48,416 |-INFO in ch.qos.logback.core.joran.spi.ConfigurationWatchList@3fb6a447 - URL [jar:file:/root/flamestream/lib/flamestream-runtime-1.0-SNAPSHOT.jar!/logback.xml] is not of type file
17:05:48,491 |-INFO in ch.qos.logback.classic.joran.action.ConfigurationAction - debug attribute not set
17:05:48,492 |-INFO in ch.qos.logback.core.joran.action.AppenderAction - About to instantiate appender of type [ch.qos.logback.core.ConsoleAppender]
17:05:48,506 |-INFO in ch.qos.logback.core.joran.action.AppenderAction - Naming appender as [STDOUT]
17:05:48,524 |-INFO in ch.qos.logback.core.joran.action.NestedComplexPropertyIA - Assuming default type [ch.qos.logback.classic.encoder.PatternLayoutEncoder] for [encoder] property
17:05:48,608 |-INFO in ch.qos.logback.core.joran.action.AppenderAction - About to instantiate appender of type [ch.qos.logback.core.rolling.RollingFileAppender]
17:05:48,614 |-INFO in ch.qos.logback.core.joran.action.AppenderAction - Naming appender as [FILE]
17:05:48,646 |-INFO in c.q.l.core.rolling.TimeBasedRollingPolicy@127618319 - No compression will be used
17:05:48,647 |-INFO in c.q.l.core.rolling.TimeBasedRollingPolicy@127618319 - Will use the pattern /tmp/application_%d{yyyy-MM-dd}.%i.log for the active file
17:05:48,650 |-INFO in ch.qos.logback.core.rolling.SizeAndTimeBasedFNATP@6b2fad11 - The date pattern is 'yyyy-MM-dd' from file name pattern '/tmp/application_%d{yyyy-MM-dd}.%i.log'.
17:05:48,650 |-INFO in ch.qos.logback.core.rolling.SizeAndTimeBasedFNATP@6b2fad11 - Roll-over at midnight.
17:05:48,655 |-INFO in ch.qos.logback.core.rolling.SizeAndTimeBasedFNATP@6b2fad11 - Setting initial period to Mon Jun 10 17:04:18 UTC 2019
17:05:48,655 |-WARN in ch.qos.logback.core.rolling.SizeAndTimeBasedFNATP@6b2fad11 - SizeAndTimeBasedFNATP is deprecated. Use SizeAndTimeBasedRollingPolicy instead
17:05:48,655 |-WARN in ch.qos.logback.core.rolling.SizeAndTimeBasedFNATP@6b2fad11 - For more information see http://logback.qos.ch/manual/appenders.html#SizeAndTimeBasedRollingPolicy
17:05:48,659 |-INFO in ch.qos.logback.core.joran.action.NestedComplexPropertyIA - Assuming default type [ch.qos.logback.classic.encoder.PatternLayoutEncoder] for [encoder] property
17:05:48,664 |-INFO in ch.qos.logback.core.rolling.RollingFileAppender[FILE] - Active log file name: /tmp/application.log
17:05:48,664 |-INFO in ch.qos.logback.core.rolling.RollingFileAppender[FILE] - File property is set to [/tmp/application.log]
17:05:48,665 |-INFO in ch.qos.logback.classic.joran.action.RootLoggerAction - Setting level of ROOT logger to WARN
17:05:48,665 |-INFO in ch.qos.logback.core.joran.action.AppenderRefAction - Attaching appender named [STDOUT] to Logger[ROOT]
17:05:48,667 |-INFO in ch.qos.logback.core.joran.action.AppenderRefAction - Attaching appender named [FILE] to Logger[ROOT]
17:05:48,667 |-INFO in ch.qos.logback.classic.joran.action.ConfigurationAction - End of configuration.
17:05:48,667 |-INFO in ch.qos.logback.classic.joran.JoranConfigurator@79698539 - Registering current configuration as safe fallback point

Ama winner
Ama winner
2019-06-10T17:05:49.979+0000: 1.773: [Full GC (Metadata GC Threshold) 2019-06-10T17:05:49.979+0000: 1.773: [Tenured: 0K->15144K(341376K), 0.0432001 secs] 114988K->15144K(494976K), [Metaspace: 20736K->20736K(1067008K)], 0.0432705 secs] [Times: user=0.04 sys=0.01, real=0.04 secs] 
17:06:10.449 [Curator-PathChildrenCache-1] WARN  o.a.c.u.ZKPaths  - The version of ZooKeeper being used doesn't support Container nodes. CreateMode.PERSISTENT will be used instead.
2019-06-10T17:06:12.644+0000: 24.437: [GC (Allocation Failure) 2019-06-10T17:06:12.644+0000: 24.438: [DefNew: 118489K->16483K(153600K), 0.0211700 secs] 133633K->31628K(494976K), 0.0212579 secs] [Times: user=0.02 sys=0.00, real=0.02 secs] 
2019-06-10T17:06:14.479+0000: 26.273: [Full GC (Metadata GC Threshold) 2019-06-10T17:06:14.479+0000: 26.273: [Tenured: 15144K->43389K(341376K), 0.0541257 secs] 91282K->43389K(494976K), [Metaspace: 34621K->34621K(1079296K)], 0.0542122 secs] [Times: user=0.06 sys=0.00, real=0.06 secs] 
2019-06-10T17:06:20.728+0000: 32.522: [GC (Allocation Failure) 2019-06-10T17:06:20.728+0000: 32.522: [DefNew: 136576K->61K(153600K), 0.0018778 secs] 179965K->43450K(494976K), 0.0019364 secs] [Times: user=0.00 sys=0.00, real=0.00 secs] 
2019-06-10T17:06:26.936+0000: 38.730: [GC (Allocation Failure) 2019-06-10T17:06:26.936+0000: 38.730: [DefNew: 136637K->62K(153600K), 0.0016787 secs] 180026K->43451K(494976K), 0.0017423 secs] [Times: user=0.00 sys=0.00, real=0.00 secs] 
2019-06-10T17:06:33.203+0000: 44.996: [GC (Allocation Failure) 2019-06-10T17:06:33.203+0000: 44.996: [DefNew: 136638K->63K(153600K), 0.0017930 secs] 180027K->43452K(494976K), 0.0018551 secs] [Times: user=0.00 sys=0.00, real=0.01 secs] 
2019-06-10T17:06:39.478+0000: 51.272: [GC (Allocation Failure) 2019-06-10T17:06:39.478+0000: 51.272: [DefNew: 136639K->63K(153600K), 0.0017246 secs] 180028K->43452K(494976K), 0.0017931 secs] [Times: user=0.00 sys=0.00, real=0.00 secs] 
2019-06-10T17:06:46.406+0000: 58.200: [GC (Allocation Failure) 2019-06-10T17:06:46.406+0000: 58.200: [DefNew: 136639K->63K(153600K), 0.0018738 secs] 180028K->43452K(494976K), 0.0019364 secs] [Times: user=0.00 sys=0.00, real=0.00 secs] 
17:06:55.147 [Curator-PathChildrenCache-0] ERROR o.a.c.f.r.c.PathChildrenCache  - 
java.lang.IllegalStateException: instance must be started before calling this method
	at org.apache.curator.shaded.com.google.common.base.Preconditions.checkState(Preconditions.java:444)
	at org.apache.curator.framework.imps.CuratorFrameworkImpl.getChildren(CuratorFrameworkImpl.java:456)
	at org.apache.curator.framework.recipes.cache.PathChildrenCache.refresh(PathChildrenCache.java:521)
	at org.apache.curator.framework.recipes.cache.RefreshOperation.invoke(RefreshOperation.java:35)
	at org.apache.curator.framework.recipes.cache.PathChildrenCache$9.run(PathChildrenCache.java:786)
	at java.util.concurrent.Executors$RunnableAdapter.call(Executors.java:511)
	at java.util.concurrent.FutureTask.run(FutureTask.java:266)
	at java.util.concurrent.Executors$RunnableAdapter.call(Executors.java:511)
	at java.util.concurrent.FutureTask.run(FutureTask.java:266)
	at java.util.concurrent.ThreadPoolExecutor.runWorker(ThreadPoolExecutor.java:1149)
	at java.util.concurrent.ThreadPoolExecutor$Worker.run(ThreadPoolExecutor.java:624)
	at java.lang.Thread.run(Thread.java:748)
Heap
 def new generation   total 153600K, used 53087K [0x00000000e0c00000, 0x00000000eb2a0000, 0x00000000eb2a0000)
  eden space 136576K,  38% used [0x00000000e0c00000, 0x00000000e3fc7e10, 0x00000000e9160000)
  from space 17024K,   0% used [0x00000000e9160000, 0x00000000e916fea8, 0x00000000ea200000)
  to   space 17024K,   0% used [0x00000000ea200000, 0x00000000ea200000, 0x00000000eb2a0000)
 tenured generation   total 341376K, used 43389K [0x00000000eb2a0000, 0x0000000100000000, 0x0000000100000000)
   the space 341376K,  12% used [0x00000000eb2a0000, 0x00000000edcff438, 0x00000000edcff600, 0x0000000100000000)
 Metaspace       used 36170K, capacity 37070K, committed 37376K, reserved 1081344K
  class space    used 4877K, capacity 5087K, committed 5120K, reserved 1048576K
