19:50:45,889 |-INFO in ch.qos.logback.classic.LoggerContext[default] - Could NOT find resource [logback-test.xml]
19:50:45,889 |-INFO in ch.qos.logback.classic.LoggerContext[default] - Could NOT find resource [logback.groovy]
19:50:45,890 |-INFO in ch.qos.logback.classic.LoggerContext[default] - Found resource [logback.xml] at [jar:file:/root/flamestream/lib/flamestream-runtime-1.0-SNAPSHOT.jar!/logback.xml]
19:50:45,890 |-WARN in ch.qos.logback.classic.LoggerContext[default] - Resource [logback.xml] occurs multiple times on the classpath.
19:50:45,890 |-WARN in ch.qos.logback.classic.LoggerContext[default] - Resource [logback.xml] occurs at [jar:file:/root/flamestream/lib/flamestream-runtime-1.0-SNAPSHOT.jar!/logback.xml]
19:50:45,890 |-WARN in ch.qos.logback.classic.LoggerContext[default] - Resource [logback.xml] occurs at [jar:file:/root/flamestream/flamestream-runtime-1.0-SNAPSHOT.jar!/logback.xml]
19:50:45,913 |-INFO in ch.qos.logback.core.joran.spi.ConfigurationWatchList@3fb6a447 - URL [jar:file:/root/flamestream/lib/flamestream-runtime-1.0-SNAPSHOT.jar!/logback.xml] is not of type file
19:50:45,987 |-INFO in ch.qos.logback.classic.joran.action.ConfigurationAction - debug attribute not set
19:50:45,991 |-INFO in ch.qos.logback.core.joran.action.AppenderAction - About to instantiate appender of type [ch.qos.logback.core.ConsoleAppender]
19:50:46,008 |-INFO in ch.qos.logback.core.joran.action.AppenderAction - Naming appender as [STDOUT]
19:50:46,026 |-INFO in ch.qos.logback.core.joran.action.NestedComplexPropertyIA - Assuming default type [ch.qos.logback.classic.encoder.PatternLayoutEncoder] for [encoder] property
19:50:46,106 |-INFO in ch.qos.logback.core.joran.action.AppenderAction - About to instantiate appender of type [ch.qos.logback.core.rolling.RollingFileAppender]
19:50:46,115 |-INFO in ch.qos.logback.core.joran.action.AppenderAction - Naming appender as [FILE]
19:50:46,146 |-INFO in c.q.l.core.rolling.TimeBasedRollingPolicy@127618319 - No compression will be used
19:50:46,147 |-INFO in c.q.l.core.rolling.TimeBasedRollingPolicy@127618319 - Will use the pattern /tmp/application_%d{yyyy-MM-dd}.%i.log for the active file
19:50:46,150 |-INFO in ch.qos.logback.core.rolling.SizeAndTimeBasedFNATP@6b2fad11 - The date pattern is 'yyyy-MM-dd' from file name pattern '/tmp/application_%d{yyyy-MM-dd}.%i.log'.
19:50:46,150 |-INFO in ch.qos.logback.core.rolling.SizeAndTimeBasedFNATP@6b2fad11 - Roll-over at midnight.
19:50:46,156 |-INFO in ch.qos.logback.core.rolling.SizeAndTimeBasedFNATP@6b2fad11 - Setting initial period to Mon Jun 10 19:49:19 UTC 2019
19:50:46,156 |-WARN in ch.qos.logback.core.rolling.SizeAndTimeBasedFNATP@6b2fad11 - SizeAndTimeBasedFNATP is deprecated. Use SizeAndTimeBasedRollingPolicy instead
19:50:46,156 |-WARN in ch.qos.logback.core.rolling.SizeAndTimeBasedFNATP@6b2fad11 - For more information see http://logback.qos.ch/manual/appenders.html#SizeAndTimeBasedRollingPolicy
19:50:46,159 |-INFO in ch.qos.logback.core.joran.action.NestedComplexPropertyIA - Assuming default type [ch.qos.logback.classic.encoder.PatternLayoutEncoder] for [encoder] property
19:50:46,164 |-INFO in ch.qos.logback.core.rolling.RollingFileAppender[FILE] - Active log file name: /tmp/application.log
19:50:46,164 |-INFO in ch.qos.logback.core.rolling.RollingFileAppender[FILE] - File property is set to [/tmp/application.log]
19:50:46,165 |-INFO in ch.qos.logback.classic.joran.action.RootLoggerAction - Setting level of ROOT logger to WARN
19:50:46,165 |-INFO in ch.qos.logback.core.joran.action.AppenderRefAction - Attaching appender named [STDOUT] to Logger[ROOT]
19:50:46,167 |-INFO in ch.qos.logback.core.joran.action.AppenderRefAction - Attaching appender named [FILE] to Logger[ROOT]
19:50:46,167 |-INFO in ch.qos.logback.classic.joran.action.ConfigurationAction - End of configuration.
19:50:46,168 |-INFO in ch.qos.logback.classic.joran.JoranConfigurator@79698539 - Registering current configuration as safe fallback point

Ama winner
Ama winner
2019-06-10T19:50:47.800+0000: 2.099: [Full GC (Metadata GC Threshold) 2019-06-10T19:50:47.800+0000: 2.099: [Tenured: 0K->15144K(341376K), 0.0351127 secs] 117782K->15144K(494976K), [Metaspace: 20742K->20742K(1067008K)], 0.0351796 secs] [Times: user=0.04 sys=0.00, real=0.04 secs] 
19:51:09.871 [Curator-PathChildrenCache-1] WARN  o.a.c.u.ZKPaths  - The version of ZooKeeper being used doesn't support Container nodes. CreateMode.PERSISTENT will be used instead.
2019-06-10T19:51:12.326+0000: 26.624: [GC (Allocation Failure) 2019-06-10T19:51:12.326+0000: 26.624: [DefNew: 136576K->17023K(153600K), 0.0259639 secs] 151720K->52818K(494976K), 0.0260384 secs] [Times: user=0.01 sys=0.01, real=0.03 secs] 
2019-06-10T19:51:14.621+0000: 28.920: [Full GC (Metadata GC Threshold) 2019-06-10T19:51:14.621+0000: 28.920: [Tenured: 35794K->44463K(341376K), 0.0504045 secs] 95076K->44463K(494976K), [Metaspace: 34597K->34597K(1079296K)], 0.0504976 secs] [Times: user=0.05 sys=0.00, real=0.05 secs] 
2019-06-10T19:51:22.998+0000: 37.296: [GC (Allocation Failure) 2019-06-10T19:51:22.998+0000: 37.296: [DefNew: 136576K->59K(153600K), 0.0018258 secs] 181039K->44522K(494976K), 0.0018875 secs] [Times: user=0.01 sys=0.00, real=0.00 secs] 
2019-06-10T19:51:31.346+0000: 45.645: [GC (Allocation Failure) 2019-06-10T19:51:31.346+0000: 45.645: [DefNew: 136635K->61K(153600K), 0.0017358 secs] 181098K->44524K(494976K), 0.0018059 secs] [Times: user=0.00 sys=0.00, real=0.01 secs] 
2019-06-10T19:51:39.757+0000: 54.056: [GC (Allocation Failure) 2019-06-10T19:51:39.758+0000: 54.056: [DefNew: 136637K->62K(153600K), 0.0017712 secs] 181100K->44525K(494976K), 0.0018295 secs] [Times: user=0.00 sys=0.00, real=0.00 secs] 
2019-06-10T19:51:48.075+0000: 62.374: [GC (Allocation Failure) 2019-06-10T19:51:48.075+0000: 62.374: [DefNew: 136638K->353K(153600K), 0.0020994 secs] 181101K->44817K(494976K), 0.0021676 secs] [Times: user=0.00 sys=0.00, real=0.00 secs] 
2019-06-10T19:51:57.779+0000: 72.078: [GC (Allocation Failure) 2019-06-10T19:51:57.780+0000: 72.078: [DefNew: 136929K->137K(153600K), 0.0020239 secs] 181393K->44600K(494976K), 0.0020893 secs] [Times: user=0.00 sys=0.01, real=0.00 secs] 
2019-06-10T19:52:17.371+0000: 91.669: [GC (Allocation Failure) 2019-06-10T19:52:17.371+0000: 91.669: [DefNew: 136713K->137K(153600K), 0.0020576 secs] 181176K->44601K(494976K), 0.0021447 secs] [Times: user=0.00 sys=0.01, real=0.00 secs] 
19:52:18.664 [Curator-PathChildrenCache-0] ERROR o.a.c.f.r.c.PathChildrenCache  - 
java.lang.IllegalStateException: instance must be started before calling this method
	at org.apache.curator.shaded.com.google.common.base.Preconditions.checkState(Preconditions.java:444)
	at org.apache.curator.framework.imps.CuratorFrameworkImpl.getChildren(CuratorFrameworkImpl.java:456)
	at org.apache.curator.framework.recipes.cache.PathChildrenCache.refresh(PathChildrenCache.java:521)
	at org.apache.curator.framework.recipes.cache.RefreshOperation.invoke(RefreshOperation.java:35)
	at org.apache.curator.framework.recipes.cache.PathChildrenCache$9.run(PathChildrenCache.java:786)
	at java.util.concurrent.Executors$RunnableAdapter.call(Executors.java:511)
	at java.util.concurrent.FutureTask.run(FutureTask.java:266)
	at java.util.concurrent.Executors$RunnableAdapter.call(Executors.java:511)
	at java.util.concurrent.FutureTask.run(FutureTask.java:266)
	at java.util.concurrent.ThreadPoolExecutor.runWorker(ThreadPoolExecutor.java:1149)
	at java.util.concurrent.ThreadPoolExecutor$Worker.run(ThreadPoolExecutor.java:624)
	at java.lang.Thread.run(Thread.java:748)
Heap
 def new generation   total 153600K, used 26894K [0x00000000e0c00000, 0x00000000eb2a0000, 0x00000000eb2a0000)
  eden space 136576K,  19% used [0x00000000e0c00000, 0x00000000e26210c8, 0x00000000e9160000)
  from space 17024K,   0% used [0x00000000ea200000, 0x00000000ea2227a0, 0x00000000eb2a0000)
  to   space 17024K,   0% used [0x00000000e9160000, 0x00000000e9160000, 0x00000000ea200000)
 tenured generation   total 341376K, used 44463K [0x00000000eb2a0000, 0x0000000100000000, 0x0000000100000000)
   the space 341376K,  13% used [0x00000000eb2a0000, 0x00000000ede0bcc0, 0x00000000ede0be00, 0x0000000100000000)
 Metaspace       used 36082K, capacity 36998K, committed 37120K, reserved 1081344K
  class space    used 4868K, capacity 5075K, committed 5120K, reserved 1048576K
