15:15:51,157 |-INFO in ch.qos.logback.classic.LoggerContext[default] - Could NOT find resource [logback-test.xml]
15:15:51,157 |-INFO in ch.qos.logback.classic.LoggerContext[default] - Could NOT find resource [logback.groovy]
15:15:51,157 |-INFO in ch.qos.logback.classic.LoggerContext[default] - Found resource [logback.xml] at [jar:file:/home/nikitasokolov/flamestream/lib/flamestream-runtime-1.0-SNAPSHOT.jar!/logback.xml]
15:15:51,158 |-WARN in ch.qos.logback.classic.LoggerContext[default] - Resource [logback.xml] occurs multiple times on the classpath.
15:15:51,158 |-WARN in ch.qos.logback.classic.LoggerContext[default] - Resource [logback.xml] occurs at [jar:file:/home/nikitasokolov/flamestream/lib/flamestream-runtime-1.0-SNAPSHOT.jar!/logback.xml]
15:15:51,158 |-WARN in ch.qos.logback.classic.LoggerContext[default] - Resource [logback.xml] occurs at [jar:file:/home/nikitasokolov/flamestream/flamestream-runtime-1.0-SNAPSHOT.jar!/logback.xml]
15:15:51,174 |-INFO in ch.qos.logback.core.joran.spi.ConfigurationWatchList@6108b2d7 - URL [jar:file:/home/nikitasokolov/flamestream/lib/flamestream-runtime-1.0-SNAPSHOT.jar!/logback.xml] is not of type file
15:15:51,227 |-INFO in ch.qos.logback.classic.joran.action.ConfigurationAction - debug attribute not set
15:15:51,228 |-INFO in ch.qos.logback.core.joran.action.AppenderAction - About to instantiate appender of type [ch.qos.logback.core.ConsoleAppender]
15:15:51,236 |-INFO in ch.qos.logback.core.joran.action.AppenderAction - Naming appender as [STDOUT]
15:15:51,244 |-INFO in ch.qos.logback.core.joran.action.NestedComplexPropertyIA - Assuming default type [ch.qos.logback.classic.encoder.PatternLayoutEncoder] for [encoder] property
15:15:51,302 |-INFO in ch.qos.logback.core.joran.action.AppenderAction - About to instantiate appender of type [ch.qos.logback.core.rolling.RollingFileAppender]
15:15:51,308 |-INFO in ch.qos.logback.core.joran.action.AppenderAction - Naming appender as [FILE]
15:15:51,330 |-INFO in c.q.l.core.rolling.TimeBasedRollingPolicy@357863579 - No compression will be used
15:15:51,331 |-INFO in c.q.l.core.rolling.TimeBasedRollingPolicy@357863579 - Will use the pattern /tmp/application_%d{yyyy-MM-dd}.%i.log for the active file
15:15:51,334 |-INFO in ch.qos.logback.core.rolling.SizeAndTimeBasedFNATP@6bf256fa - The date pattern is 'yyyy-MM-dd' from file name pattern '/tmp/application_%d{yyyy-MM-dd}.%i.log'.
15:15:51,334 |-INFO in ch.qos.logback.core.rolling.SizeAndTimeBasedFNATP@6bf256fa - Roll-over at midnight.
15:15:51,338 |-INFO in ch.qos.logback.core.rolling.SizeAndTimeBasedFNATP@6bf256fa - Setting initial period to Sun Jun 09 15:15:05 MSK 2019
15:15:51,339 |-WARN in ch.qos.logback.core.rolling.SizeAndTimeBasedFNATP@6bf256fa - SizeAndTimeBasedFNATP is deprecated. Use SizeAndTimeBasedRollingPolicy instead
15:15:51,339 |-WARN in ch.qos.logback.core.rolling.SizeAndTimeBasedFNATP@6bf256fa - For more information see http://logback.qos.ch/manual/appenders.html#SizeAndTimeBasedRollingPolicy
15:15:51,343 |-INFO in ch.qos.logback.core.joran.action.NestedComplexPropertyIA - Assuming default type [ch.qos.logback.classic.encoder.PatternLayoutEncoder] for [encoder] property
15:15:51,346 |-INFO in ch.qos.logback.core.rolling.RollingFileAppender[FILE] - Active log file name: /tmp/application.log
15:15:51,346 |-INFO in ch.qos.logback.core.rolling.RollingFileAppender[FILE] - File property is set to [/tmp/application.log]
15:15:51,347 |-INFO in ch.qos.logback.classic.joran.action.RootLoggerAction - Setting level of ROOT logger to WARN
15:15:51,347 |-INFO in ch.qos.logback.core.joran.action.AppenderRefAction - Attaching appender named [STDOUT] to Logger[ROOT]
15:15:51,347 |-INFO in ch.qos.logback.core.joran.action.AppenderRefAction - Attaching appender named [FILE] to Logger[ROOT]
15:15:51,347 |-INFO in ch.qos.logback.classic.joran.action.ConfigurationAction - End of configuration.
15:15:51,348 |-INFO in ch.qos.logback.classic.joran.JoranConfigurator@6cd8737 - Registering current configuration as safe fallback point

2019-06-09T15:15:52.349+0300: 1.396: [GC (Metadata GC Threshold) [PSYoungGen: 105581K->15858K(149504K)] 105581K->15938K(491008K), 0.0199134 secs] [Times: user=0.08 sys=0.01, real=0.02 secs] 
2019-06-09T15:15:52.369+0300: 1.416: [Full GC (Metadata GC Threshold) [PSYoungGen: 15858K->0K(149504K)] [ParOldGen: 80K->14981K(341504K)] 15938K->14981K(491008K), [Metaspace: 20802K->20802K(1067008K)], 0.0280701 secs] [Times: user=0.18 sys=0.01, real=0.03 secs] 
15:16:03.816 [Curator-PathChildrenCache-2] WARN  o.a.c.u.ZKPaths  - The version of ZooKeeper being used doesn't support Container nodes. CreateMode.PERSISTENT will be used instead.
2019-06-09T15:16:04.532+0300: 13.579: [GC (Metadata GC Threshold) [PSYoungGen: 125660K->16471K(149504K)] 140642K->50992K(491008K), 0.0335723 secs] [Times: user=0.28 sys=0.02, real=0.03 secs] 
2019-06-09T15:16:04.565+0300: 13.613: [Full GC (Metadata GC Threshold) [PSYoungGen: 16471K->0K(149504K)] [ParOldGen: 34520K->39538K(341504K)] 50992K->39538K(491008K), [Metaspace: 34472K->34470K(1079296K)], 0.0357988 secs] [Times: user=0.22 sys=0.00, real=0.04 secs] 
2019-06-09T15:16:08.553+0300: 17.600: [GC (Allocation Failure) [PSYoungGen: 128512K->480K(149504K)] 168050K->40026K(491008K), 0.0047092 secs] [Times: user=0.01 sys=0.01, real=0.01 secs] 
2019-06-09T15:16:13.058+0300: 22.105: [GC (Allocation Failure) [PSYoungGen: 128992K->416K(149504K)] 168538K->39970K(491008K), 0.0049361 secs] [Times: user=0.03 sys=0.00, real=0.00 secs] 
2019-06-09T15:16:17.596+0300: 26.643: [GC (Allocation Failure) [PSYoungGen: 128928K->448K(129024K)] 168482K->40010K(470528K), 0.0032895 secs] [Times: user=0.02 sys=0.00, real=0.01 secs] 
2019-06-09T15:16:22.130+0300: 31.178: [GC (Allocation Failure) [PSYoungGen: 128960K->416K(149504K)] 168522K->39986K(491008K), 0.0038872 secs] [Times: user=0.02 sys=0.00, real=0.00 secs] 
2019-06-09T15:16:26.626+0300: 35.674: [GC (Allocation Failure) [PSYoungGen: 127904K->576K(148480K)] 167474K->40154K(489984K), 0.0047971 secs] [Times: user=0.02 sys=0.01, real=0.01 secs] 
2019-06-09T15:16:31.153+0300: 40.200: [GC (Allocation Failure) [PSYoungGen: 128064K->512K(151040K)] 167642K->40098K(492544K), 0.0033220 secs] [Times: user=0.01 sys=0.00, real=0.00 secs] 
2019-06-09T15:16:35.843+0300: 44.890: [GC (Allocation Failure) [PSYoungGen: 131584K->544K(150528K)] 171170K->40130K(492032K), 0.0049513 secs] [Times: user=0.03 sys=0.00, real=0.00 secs] 
15:16:43.635 [Curator-PathChildrenCache-0] ERROR o.a.c.f.r.c.PathChildrenCache  - 
java.lang.IllegalStateException: instance must be started before calling this method
	at org.apache.curator.shaded.com.google.common.base.Preconditions.checkState(Preconditions.java:444)
	at org.apache.curator.framework.imps.CuratorFrameworkImpl.getChildren(CuratorFrameworkImpl.java:456)
	at org.apache.curator.framework.recipes.cache.PathChildrenCache.refresh(PathChildrenCache.java:521)
	at org.apache.curator.framework.recipes.cache.RefreshOperation.invoke(RefreshOperation.java:35)
	at org.apache.curator.framework.recipes.cache.PathChildrenCache$9.run(PathChildrenCache.java:786)
	at java.util.concurrent.Executors$RunnableAdapter.call(Executors.java:511)
	at java.util.concurrent.FutureTask.run(FutureTask.java:266)
	at java.util.concurrent.Executors$RunnableAdapter.call(Executors.java:511)
	at java.util.concurrent.FutureTask.run(FutureTask.java:266)
	at java.util.concurrent.ThreadPoolExecutor.runWorker(ThreadPoolExecutor.java:1149)
	at java.util.concurrent.ThreadPoolExecutor$Worker.run(ThreadPoolExecutor.java:624)
	at java.lang.Thread.run(Thread.java:748)
Heap
 PSYoungGen      total 150528K, used 43416K [0x00000000f5980000, 0x0000000100000000, 0x0000000100000000)
  eden space 131072K, 32% used [0x00000000f5980000,0x00000000f835e2b0,0x00000000fd980000)
  from space 19456K, 2% used [0x00000000fd980000,0x00000000fda08040,0x00000000fec80000)
  to   space 18432K, 0% used [0x00000000fee00000,0x00000000fee00000,0x0000000100000000)
 ParOldGen       total 341504K, used 39586K [0x00000000e0c00000, 0x00000000f5980000, 0x00000000f5980000)
  object space 341504K, 11% used [0x00000000e0c00000,0x00000000e32a8ad8,0x00000000f5980000)
 Metaspace       used 35903K, capacity 36850K, committed 36952K, reserved 1081344K
  class space    used 4972K, capacity 5187K, committed 5248K, reserved 1048576K
