18:53:49,355 |-INFO in ch.qos.logback.classic.LoggerContext[default] - Could NOT find resource [logback-test.xml]
18:53:49,355 |-INFO in ch.qos.logback.classic.LoggerContext[default] - Could NOT find resource [logback.groovy]
18:53:49,356 |-INFO in ch.qos.logback.classic.LoggerContext[default] - Found resource [logback.xml] at [jar:file:/home/ubuntu/flamestream/lib/flamestream-runtime-1.0-SNAPSHOT.jar!/logback.xml]
18:53:49,356 |-WARN in ch.qos.logback.classic.LoggerContext[default] - Resource [logback.xml] occurs multiple times on the classpath.
18:53:49,356 |-WARN in ch.qos.logback.classic.LoggerContext[default] - Resource [logback.xml] occurs at [jar:file:/home/ubuntu/flamestream/flamestream-runtime-1.0-SNAPSHOT.jar!/logback.xml]
18:53:49,356 |-WARN in ch.qos.logback.classic.LoggerContext[default] - Resource [logback.xml] occurs at [jar:file:/home/ubuntu/flamestream/lib/flamestream-runtime-1.0-SNAPSHOT.jar!/logback.xml]
18:53:49,371 |-INFO in ch.qos.logback.core.joran.spi.ConfigurationWatchList@4678c730 - URL [jar:file:/home/ubuntu/flamestream/lib/flamestream-runtime-1.0-SNAPSHOT.jar!/logback.xml] is not of type file
18:53:49,443 |-INFO in ch.qos.logback.classic.joran.action.ConfigurationAction - debug attribute not set
18:53:49,444 |-INFO in ch.qos.logback.core.joran.action.AppenderAction - About to instantiate appender of type [ch.qos.logback.core.ConsoleAppender]
18:53:49,459 |-INFO in ch.qos.logback.core.joran.action.AppenderAction - Naming appender as [STDOUT]
18:53:49,471 |-INFO in ch.qos.logback.core.joran.action.NestedComplexPropertyIA - Assuming default type [ch.qos.logback.classic.encoder.PatternLayoutEncoder] for [encoder] property
18:53:49,544 |-INFO in ch.qos.logback.core.joran.action.AppenderAction - About to instantiate appender of type [ch.qos.logback.core.rolling.RollingFileAppender]
18:53:49,551 |-INFO in ch.qos.logback.core.joran.action.AppenderAction - Naming appender as [FILE]
18:53:49,585 |-INFO in c.q.l.core.rolling.TimeBasedRollingPolicy@1734853116 - No compression will be used
18:53:49,586 |-INFO in c.q.l.core.rolling.TimeBasedRollingPolicy@1734853116 - Will use the pattern /tmp/application_%d{yyyy-MM-dd}.%i.log for the active file
18:53:49,595 |-INFO in ch.qos.logback.core.rolling.SizeAndTimeBasedFNATP@29ee9faa - The date pattern is 'yyyy-MM-dd' from file name pattern '/tmp/application_%d{yyyy-MM-dd}.%i.log'.
18:53:49,595 |-INFO in ch.qos.logback.core.rolling.SizeAndTimeBasedFNATP@29ee9faa - Roll-over at midnight.
18:53:49,600 |-INFO in ch.qos.logback.core.rolling.SizeAndTimeBasedFNATP@29ee9faa - Setting initial period to Sat Sep 28 18:52:01 UTC 2019
18:53:49,600 |-WARN in ch.qos.logback.core.rolling.SizeAndTimeBasedFNATP@29ee9faa - SizeAndTimeBasedFNATP is deprecated. Use SizeAndTimeBasedRollingPolicy instead
18:53:49,600 |-WARN in ch.qos.logback.core.rolling.SizeAndTimeBasedFNATP@29ee9faa - For more information see http://logback.qos.ch/manual/appenders.html#SizeAndTimeBasedRollingPolicy
18:53:49,604 |-INFO in ch.qos.logback.core.joran.action.NestedComplexPropertyIA - Assuming default type [ch.qos.logback.classic.encoder.PatternLayoutEncoder] for [encoder] property
18:53:49,610 |-INFO in ch.qos.logback.core.rolling.RollingFileAppender[FILE] - Active log file name: /tmp/application.log
18:53:49,610 |-INFO in ch.qos.logback.core.rolling.RollingFileAppender[FILE] - File property is set to [/tmp/application.log]
18:53:49,611 |-INFO in ch.qos.logback.classic.joran.action.RootLoggerAction - Setting level of ROOT logger to INFO
18:53:49,611 |-INFO in ch.qos.logback.core.joran.action.AppenderRefAction - Attaching appender named [STDOUT] to Logger[ROOT]
18:53:49,611 |-INFO in ch.qos.logback.core.joran.action.AppenderRefAction - Attaching appender named [FILE] to Logger[ROOT]
18:53:49,612 |-INFO in ch.qos.logback.classic.joran.action.ConfigurationAction - End of configuration.
18:53:49,612 |-INFO in ch.qos.logback.classic.joran.JoranConfigurator@c038203 - Registering current configuration as safe fallback point

18:53:49.619 [main] INFO  c.s.f.r.WorkerApplication  - Starting worker with workerConfig 'WorkerConfig{id='flamestream-benchmarks-worker-14', localAddress=flamestream-benchmarks-worker-14/10.0.0.3:5412, zkString='flamestream-benchmarks-manager:12181', snapshotPath='/home/ubuntu/flamestream/data', guarantees=AT_MOST_ONCE}'
18:53:50.880 [worker-akka.actor.default-dispatcher-6] INFO  a.e.s.Slf4jLogger  - Slf4jLogger started
2019-09-28T18:53:51.009+0000: 1.962: [Full GC (Metadata GC Threshold) 2019-09-28T18:53:51.009+0000: 1.962: [Tenured: 0K->13624K(1024000K), 0.0438205 secs] 139456K->13624K(1484800K), [Metaspace: 20203K->20203K(1067008K)], 0.0438939 secs] [Times: user=0.03 sys=0.01, real=0.04 secs] 
18:53:51.161 [worker-akka.actor.default-dispatcher-6] WARN  a.r.RemoteActorRefProvider akka.remote.RemoteActorRefProvider - Using the 'remote' ActorRefProvider directly, which is a low-level layer. For most use cases, the 'cluster' abstraction on top of remoting is more suitable instead.
18:53:51.166 [worker-akka.actor.default-dispatcher-6] WARN  a.r.RemoteActorRefProvider akka.remote.RemoteActorRefProvider - Akka Cluster not in use - Using Akka Cluster is recommended if you need remote watch and deploy.
18:53:51.262 [worker-akka.actor.default-dispatcher-6] INFO  a.r.a.a.ArteryAeronUdpTransport(akka://worker) akka.remote.artery.aeron.ArteryAeronUdpTransport(akka://worker) - Started embedded media driver in directory [/dev/shm/aeron-flamestream-benchmarks-worker-14]
18:53:51.284 [worker-akka.actor.default-dispatcher-6] WARN  a.r.a.a.ArteryAeronUdpTransport(akka://worker) akka.remote.artery.aeron.ArteryAeronUdpTransport(akka://worker) - Aeron CnC version mismatch: compiled version = 15, file version = 16
18:53:51.511 [worker-akka.actor.default-dispatcher-6] INFO  a.r.a.a.ArteryAeronUdpTransport(akka://worker) akka.remote.artery.aeron.ArteryAeronUdpTransport(akka://worker) - Remoting started with transport [Artery aeron-udp]; listening on address [akka://worker@flamestream-benchmarks-worker-14:5412] and bound to [akka://worker@0.0.0.0:5412] with UID [1010295604338085965]
18:53:52.019 [worker-akka.actor.default-dispatcher-6] WARN  a.s.Serialization(akka://worker) akka.serialization.Serialization(akka://worker) - Using serializer [com.romix.akka.serialization.kryo.KryoSerializer] for message [akka.actor.ActorSelectionMessage]. Note that this serializer is not implemented by Akka. It's not recommended to replace serializers for messages provided by Akka.
18:53:52.020 [worker-akka.actor.default-dispatcher-6] WARN  a.s.Serialization(akka://worker) akka.serialization.Serialization(akka://worker) - Using serializer [com.romix.akka.serialization.kryo.KryoSerializer] for message [akka.actor.ActorIdentity]. Note that this serializer is not implemented by Akka. It's not recommended to replace serializers for messages provided by Akka.
18:53:52.055 [worker-akka.actor.default-dispatcher-9] INFO  a.a.RepointableActorRef akka://worker/user/watcher - Starting...
18:53:52.185 [worker-akka.actor.default-dispatcher-6] INFO  o.a.c.u.Compatibility  - Running in ZooKeeper 3.4.x compatibility mode
18:53:52.240 [worker-akka.actor.default-dispatcher-6] INFO  o.a.c.f.i.CuratorFrameworkImpl  - Starting
18:53:52.260 [worker-akka.actor.default-dispatcher-6] INFO  o.a.z.ZooKeeper  - Client environment:zookeeper.version=3.4.14-4c25d480e66aadd371de8bd2fd8da255ac140bcf, built on 03/06/2019 16:18 GMT
18:53:52.261 [worker-akka.actor.default-dispatcher-6] INFO  o.a.z.ZooKeeper  - Client environment:host.name=flamestream-benchmarks-worker-14
18:53:52.261 [worker-akka.actor.default-dispatcher-6] INFO  o.a.z.ZooKeeper  - Client environment:java.version=1.8.0_222
18:53:52.261 [worker-akka.actor.default-dispatcher-6] INFO  o.a.z.ZooKeeper  - Client environment:java.vendor=Private Build
18:53:52.263 [worker-akka.actor.default-dispatcher-6] INFO  o.a.z.ZooKeeper  - Client environment:java.home=/usr/lib/jvm/java-8-openjdk-amd64/jre
18:53:52.264 [worker-akka.actor.default-dispatcher-6] INFO  o.a.z.ZooKeeper  - Client environment:java.class.path=lib/curator-framework-4.0.1.jar:lib/commons-csv-1.4.jar:lib/aeron-client-1.21.2.jar:lib/scala-library-2.12.9.jar:lib/asm-5.0.4.jar:lib/agrona-1.0.1.jar:lib/curator-recipes-4.0.1.jar:lib/akka-testkit_2.12-2.6.0-M6.jar:lib/flamestream-runtime-1.0-SNAPSHOT.jar:lib/jsr305-3.0.2.jar:lib/trove4j-3.0.3.jar:lib/flamestream-core-1.0-SNAPSHOT.jar:lib/commons-io-2.4.jar:lib/minlog-1.3.0.jar:lib/kryonet-2.21.jar:lib/commons-1.4.9.jar:lib/jline-0.9.94.jar:lib/akka-remote_2.12-2.6.0-M6.jar:lib/leveldbjni-all-1.8.jar:lib/lz4-1.3.0.jar:lib/slf4j-api-1.7.24.jar:lib/scala-parser-combinators_2.12-1.1.2.jar:lib/flamestream-core-1.0-SNAPSHOT-tests.jar:lib/logback-core-1.2.3.jar:lib/netty-3.10.6.Final.jar:lib/protobuf-java-3.9.0.jar:lib/minlog-1.2.jar:lib/leveldb-api-0.7.jar:lib/jool-0.9.12.jar:lib/commons-cli-1.4.jar:lib/jblas-1.2.4.jar:lib/reflectasm-1.11.3.jar:lib/reflectasm-1.07-shaded.jar:lib/audience-annotations-0.5.0.jar:lib/jackson-annotations-2.9.6.jar:lib/commons-lang-2.6.jar:lib/ssl-config-core_2.12-0.3.8.jar:lib/annotations-13.0.jar:lib/logback-classic-1.2.3.jar:lib/guava-21.0.jar:lib/reactive-streams-1.0.2.jar:lib/spotbugs-annotations-3.1.9.jar:lib/leveldb-0.7.jar:lib/commons-pool2-2.4.2.jar:lib/rocksdbjni-5.5.1.jar:lib/jackson-core-2.9.9.jar:lib/jackson-databind-2.9.9.2.jar:lib/akka-protobuf-v3_2.12-2.6.0-M6.jar:lib/jackson-annotations-2.9.0.jar:lib/flamestream-examples-1.0-SNAPSHOT.jar:lib/objenesis-2.1.jar:lib/akka-kryo-serialization_2.12-0.5.2.jar:lib/scala-java8-compat_2.12-0.8.0.jar:lib/zookeeper-3.4.14.jar:lib/akka-slf4j_2.12-2.6.0-M6.jar:lib/kryo-4.0.0.jar:lib/akka-stream_2.12-2.6.0-M6.jar:lib/slf4j-simple-2.0.0-alpha0.jar:lib/aeron-driver-1.21.2.jar:lib/config-1.3.1.jar:lib/annotations-12.0.jar:lib/jedis-2.9.0.jar:lib/jcommander-1.48.jar:lib/testng-6.10.jar:lib/akka-actor_2.12-2.6.0-M6.jar:lib/curator-client-4.0.1.jar:flamestream-runtime-1.0-SNAPSHOT.jar
18:53:52.265 [worker-akka.actor.default-dispatcher-6] INFO  o.a.z.ZooKeeper  - Client environment:java.library.path=/usr/java/packages/lib/amd64:/usr/lib/x86_64-linux-gnu/jni:/lib/x86_64-linux-gnu:/usr/lib/x86_64-linux-gnu:/usr/lib/jni:/lib:/usr/lib
18:53:52.268 [worker-akka.actor.default-dispatcher-6] INFO  o.a.z.ZooKeeper  - Client environment:java.io.tmpdir=/tmp
18:53:52.268 [worker-akka.actor.default-dispatcher-6] INFO  o.a.z.ZooKeeper  - Client environment:java.compiler=<NA>
18:53:52.268 [worker-akka.actor.default-dispatcher-6] INFO  o.a.z.ZooKeeper  - Client environment:os.name=Linux
18:53:52.269 [worker-akka.actor.default-dispatcher-6] INFO  o.a.z.ZooKeeper  - Client environment:os.arch=amd64
18:53:52.269 [worker-akka.actor.default-dispatcher-6] INFO  o.a.z.ZooKeeper  - Client environment:os.version=4.15.0-1040-gcp
18:53:52.270 [worker-akka.actor.default-dispatcher-6] INFO  o.a.z.ZooKeeper  - Client environment:user.name=ubuntu
18:53:52.270 [worker-akka.actor.default-dispatcher-6] INFO  o.a.z.ZooKeeper  - Client environment:user.home=/home/ubuntu
18:53:52.270 [worker-akka.actor.default-dispatcher-6] INFO  o.a.z.ZooKeeper  - Client environment:user.dir=/home/ubuntu/flamestream
18:53:52.273 [worker-akka.actor.default-dispatcher-6] INFO  o.a.z.ZooKeeper  - Initiating client connection, connectString=flamestream-benchmarks-manager:12181 sessionTimeout=60000 watcher=org.apache.curator.ConnectionState@3a9e132e
18:53:52.316 [worker-akka.actor.default-dispatcher-6-SendThread(flamestream-benchmarks-manager:12181)] INFO  o.a.z.ClientCnxn  - Opening socket connection to server flamestream-benchmarks-manager/10.0.0.2:12181. Will not attempt to authenticate using SASL (unknown error)
18:53:52.318 [worker-akka.actor.default-dispatcher-6] INFO  o.a.c.f.i.CuratorFrameworkImpl  - Default schema
18:53:52.323 [worker-akka.actor.default-dispatcher-6-SendThread(flamestream-benchmarks-manager:12181)] INFO  o.a.z.ClientCnxn  - Socket connection established to flamestream-benchmarks-manager/10.0.0.2:12181, initiating session
18:53:52.333 [worker-akka.actor.default-dispatcher-6-SendThread(flamestream-benchmarks-manager:12181)] INFO  o.a.z.ClientCnxn  - Session establishment complete on server flamestream-benchmarks-manager/10.0.0.2:12181, sessionid = 0x100015787a4000c, negotiated timeout = 60000
18:53:52.339 [worker-akka.actor.default-dispatcher-6-EventThread] INFO  o.a.c.f.s.ConnectionStateManager  - State change: CONNECTED
18:53:52.344 [worker-akka.actor.default-dispatcher-9] INFO  a.a.RepointableActorRef akka://worker/user/watcher - Initializing rocksDB backend
2019-09-28T18:53:53.269+0000: 4.221: [Full GC (Metadata GC Threshold) 2019-09-28T18:53:53.269+0000: 4.221: [Tenured: 13624K->25928K(1024000K), 0.2010309 secs] 161114K->25928K(1484800K), [Metaspace: 33693K->33693K(1079296K)], 0.2011252 secs] [Times: user=0.11 sys=0.01, real=0.20 secs] 
18:53:53.546 [worker-akka.actor.default-dispatcher-6] INFO  a.a.LocalActorRef akka://worker/user/watcher/processing-watcher - Starting...
18:54:00.532 [Curator-PathChildrenCache-1] WARN  o.a.c.u.ZKPaths  - The version of ZooKeeper being used doesn't support Container nodes. CreateMode.PERSISTENT will be used instead.
18:54:00.644 [worker-akka.actor.default-dispatcher-10] INFO  a.a.LocalActorRef akka://worker/user/watcher/processing-watcher/$a - Starting...
18:54:00.667 [worker-akka.actor.default-dispatcher-6] INFO  a.a.LocalActorRef akka://worker/user/watcher/processing-watcher/$a - Stopped
18:54:03.260 [worker-akka.actor.default-dispatcher-12] INFO  a.a.LocalActorRef akka://worker/user/watcher/processing-watcher/graph/graph - Starting...
18:54:12.492 [worker-akka.actor.default-dispatcher-9] INFO  a.a.LocalActorRef akka://worker/user/watcher/processing-watcher/graph/graph - Finishing constructor
18:54:12.496 [worker-akka.actor.default-dispatcher-12] INFO  a.a.LocalActorRef akka://worker/user/watcher/processing-watcher/graph/edge - Starting...
18:54:12.497 [worker-akka.actor.default-dispatcher-12] INFO  a.a.LocalActorRef akka://worker/user/watcher/processing-watcher/graph - Starting FlameNode with config 'ClusterConfig{paths={flamestream-benchmarks-worker-1=akka://worker@flamestream-benchmarks-worker-1:5412/user/watcher/processing-watcher/graph, flamestream-benchmarks-worker-0=akka://worker@flamestream-benchmarks-worker-0:5412/user/watcher/processing-watcher/graph, flamestream-benchmarks-worker-9=akka://worker@flamestream-benchmarks-worker-9:5412/user/watcher/processing-watcher/graph, flamestream-benchmarks-worker-8=akka://worker@flamestream-benchmarks-worker-8:5412/user/watcher/processing-watcher/graph, flamestream-benchmarks-worker-7=akka://worker@flamestream-benchmarks-worker-7:5412/user/watcher/processing-watcher/graph, flamestream-benchmarks-worker-6=akka://worker@flamestream-benchmarks-worker-6:5412/user/watcher/processing-watcher/graph, flamestream-benchmarks-worker-5=akka://worker@flamestream-benchmarks-worker-5:5412/user/watcher/processing-watcher/graph, flamestream-benchmarks-worker-4=akka://worker@flamestream-benchmarks-worker-4:5412/user/watcher/processing-watcher/graph, flamestream-benchmarks-worker-3=akka://worker@flamestream-benchmarks-worker-3:5412/user/watcher/processing-watcher/graph, flamestream-benchmarks-worker-2=akka://worker@flamestream-benchmarks-worker-2:5412/user/watcher/processing-watcher/graph, flamestream-benchmarks-worker-14=akka://worker@flamestream-benchmarks-worker-14:5412/user/watcher/processing-watcher/graph, flamestream-benchmarks-worker-13=akka://worker@flamestream-benchmarks-worker-13:5412/user/watcher/processing-watcher/graph, flamestream-benchmarks-worker-12=akka://worker@flamestream-benchmarks-worker-12:5412/user/watcher/processing-watcher/graph, flamestream-benchmarks-worker-11=akka://worker@flamestream-benchmarks-worker-11:5412/user/watcher/processing-watcher/graph, flamestream-benchmarks-worker-10=akka://worker@flamestream-benchmarks-worker-10:5412/user/watcher/processing-watcher/graph}}'
18:54:12.501 [worker-akka.actor.default-dispatcher-9] INFO  a.a.LocalActorRef akka://worker/user/watcher/processing-watcher/graph/negotiator - Starting...
18:54:12.517 [worker-akka.actor.default-dispatcher-10] INFO  a.a.LocalActorRef akka://worker/user/watcher/processing-watcher/graph/negotiator - Requesting ticket for the frontClass FlameSocketGraphDeployerFront@flamestream-benchmarks-worker-14
18:54:12.542 [worker-akka.actor.default-dispatcher-10] INFO  a.a.LocalActorRef akka://worker/user/watcher/processing-watcher/graph/graph - Received last commit 'LastCommit{globalTime=(0000000, min@min)}'
18:54:12.557 [worker-akka.actor.default-dispatcher-9] INFO  c.s.f.r.e.s.SocketRear  - FlameSocketGraphDeployerRear@flamestream-benchmarks-worker-14: connecting to flamestream-benchmarks-manager:5678
18:54:12.566 [worker-akka.actor.default-dispatcher-10] INFO  a.a.LocalActorRef akka://worker/user/watcher/processing-watcher/graph/edge/FlameSocketGraphDeployerFront - Starting...
18:54:12.596 [worker-akka.actor.default-dispatcher-12] INFO  a.a.LocalActorRef akka://worker/user/watcher/processing-watcher/graph/negotiator - Ticket for the frontClass received: FrontTicket{allowedTimestamp=(0000000, FlameSocketGraphDeployerFront@flamestream-benchmarks-worker-14)}
18:54:12.596 [worker-akka.actor.default-dispatcher-12] INFO  c.s.f.r.e.s.SocketFront  - FlameSocketGraphDeployerFront@flamestream-benchmarks-worker-14: connecting to flamestream-benchmarks-manager:4567
18:54:12.618 [worker-akka.actor.default-dispatcher-9] INFO  c.s.f.r.e.s.SocketRear  - FlameSocketGraphDeployerRear@flamestream-benchmarks-worker-14: connected to flamestream-benchmarks-manager:5678
18:54:12.619 [worker-akka.actor.default-dispatcher-9] INFO  a.a.LocalActorRef akka://worker/user/watcher/processing-watcher/graph/edge/FlameSocketGraphDeployerRear - Starting...
18:54:12.827 [worker-akka.actor.default-dispatcher-12] INFO  a.a.LocalActorRef akka://worker/user/watcher/processing-watcher/graph/graph/$a - Starting...
18:54:12.828 [worker-akka.actor.default-dispatcher-12] INFO  a.a.LocalActorRef akka://worker/user/watcher/processing-watcher/graph/graph/$b - Starting...
18:54:12.829 [worker-akka.actor.default-dispatcher-12] INFO  a.a.LocalActorRef akka://worker/user/watcher/processing-watcher/graph/graph/$c - Starting...
18:54:12.831 [worker-akka.actor.default-dispatcher-12] INFO  a.a.LocalActorRef akka://worker/user/watcher/processing-watcher/graph/graph/$d - Starting...
18:54:12.833 [worker-akka.actor.default-dispatcher-12] INFO  a.a.LocalActorRef akka://worker/user/watcher/processing-watcher/graph/graph/$e - Starting...
18:54:12.834 [worker-akka.actor.default-dispatcher-12] INFO  a.a.LocalActorRef akka://worker/user/watcher/processing-watcher/graph/graph/$f - Starting...
18:54:12.836 [worker-akka.actor.default-dispatcher-12] INFO  a.a.LocalActorRef akka://worker/user/watcher/processing-watcher/graph/graph/$g - Starting...
18:54:12.838 [worker-akka.actor.default-dispatcher-12] INFO  a.a.LocalActorRef akka://worker/user/watcher/processing-watcher/graph/graph/$h - Starting...
18:54:12.839 [worker-akka.actor.default-dispatcher-12] INFO  a.a.LocalActorRef akka://worker/user/watcher/processing-watcher/graph/graph/$i - Starting...
18:54:12.840 [worker-akka.actor.default-dispatcher-12] INFO  a.a.LocalActorRef akka://worker/user/watcher/processing-watcher/graph/graph/$j - Starting...
18:54:12.842 [worker-akka.actor.default-dispatcher-12] INFO  a.a.LocalActorRef akka://worker/user/watcher/processing-watcher/graph/graph/$k - Starting...
18:54:12.843 [worker-akka.actor.default-dispatcher-12] INFO  a.a.LocalActorRef akka://worker/user/watcher/processing-watcher/graph/graph/$l - Starting...
18:54:12.844 [worker-akka.actor.default-dispatcher-12] INFO  a.a.LocalActorRef akka://worker/user/watcher/processing-watcher/graph/graph/$m - Starting...
18:54:12.846 [worker-akka.actor.default-dispatcher-12] INFO  a.a.LocalActorRef akka://worker/user/watcher/processing-watcher/graph/graph/$n - Starting...
18:54:12.847 [worker-akka.actor.default-dispatcher-12] INFO  a.a.LocalActorRef akka://worker/user/watcher/processing-watcher/graph/graph/$o - Starting...
18:54:12.850 [worker-akka.actor.default-dispatcher-12] INFO  a.a.LocalActorRef akka://worker/user/watcher/processing-watcher/graph/graph/$p - Starting...
18:54:12.851 [worker-akka.actor.default-dispatcher-12] INFO  a.a.LocalActorRef akka://worker/user/watcher/processing-watcher/graph/graph/$q - Starting...
18:54:12.852 [worker-akka.actor.default-dispatcher-12] INFO  a.a.LocalActorRef akka://worker/user/watcher/processing-watcher/graph/graph/$r - Starting...
18:54:12.854 [worker-akka.actor.default-dispatcher-12] INFO  a.a.LocalActorRef akka://worker/user/watcher/processing-watcher/graph/graph/$s - Starting...
18:54:12.854 [worker-akka.actor.default-dispatcher-12] INFO  a.a.LocalActorRef akka://worker/user/watcher/processing-watcher/graph/graph/$t - Starting...
18:54:12.855 [worker-akka.actor.default-dispatcher-12] INFO  a.a.LocalActorRef akka://worker/user/watcher/processing-watcher/graph/graph/$u - Starting...
18:54:12.857 [worker-akka.actor.default-dispatcher-12] INFO  a.a.LocalActorRef akka://worker/user/watcher/processing-watcher/graph/graph/$v - Starting...
18:54:12.858 [worker-akka.actor.default-dispatcher-12] INFO  a.a.LocalActorRef akka://worker/user/watcher/processing-watcher/graph/graph/$w - Starting...
18:54:12.859 [worker-akka.actor.default-dispatcher-12] INFO  a.a.LocalActorRef akka://worker/user/watcher/processing-watcher/graph/graph/$x - Starting...
18:54:12.861 [worker-akka.actor.default-dispatcher-12] INFO  a.a.LocalActorRef akka://worker/user/watcher/processing-watcher/graph/graph/$y - Starting...
18:54:12.862 [worker-akka.actor.default-dispatcher-12] INFO  a.a.LocalActorRef akka://worker/user/watcher/processing-watcher/graph/graph/$z - Starting...
18:54:12.864 [worker-akka.actor.default-dispatcher-12] INFO  a.a.LocalActorRef akka://worker/user/watcher/processing-watcher/graph/graph/$A - Starting...
18:54:12.865 [worker-akka.actor.default-dispatcher-12] INFO  a.a.LocalActorRef akka://worker/user/watcher/processing-watcher/graph/graph/$B - Starting...
18:54:12.866 [worker-akka.actor.default-dispatcher-12] INFO  a.a.LocalActorRef akka://worker/user/watcher/processing-watcher/graph/graph/$C - Starting...
18:54:12.868 [worker-akka.actor.default-dispatcher-12] INFO  a.a.LocalActorRef akka://worker/user/watcher/processing-watcher/graph/graph/$D - Starting...
18:54:12.869 [worker-akka.actor.default-dispatcher-12] INFO  a.a.LocalActorRef akka://worker/user/watcher/processing-watcher/graph/graph/$E - Starting...
18:54:12.870 [worker-akka.actor.default-dispatcher-12] INFO  a.a.LocalActorRef akka://worker/user/watcher/processing-watcher/graph/graph/$F - Starting...
18:54:12.872 [worker-akka.actor.default-dispatcher-12] INFO  a.a.LocalActorRef akka://worker/user/watcher/processing-watcher/graph/graph/$G - Starting...
18:54:12.874 [worker-akka.actor.default-dispatcher-12] INFO  a.a.LocalActorRef akka://worker/user/watcher/processing-watcher/graph/graph/$H - Starting...
18:54:12.875 [worker-akka.actor.default-dispatcher-12] INFO  a.a.LocalActorRef akka://worker/user/watcher/processing-watcher/graph/graph/$I - Starting...
18:54:12.878 [worker-akka.actor.default-dispatcher-12] INFO  a.a.LocalActorRef akka://worker/user/watcher/processing-watcher/graph/graph/$J - Starting...
18:54:12.879 [worker-akka.actor.default-dispatcher-12] INFO  a.a.LocalActorRef akka://worker/user/watcher/processing-watcher/graph/graph/$K - Starting...
18:54:12.880 [worker-akka.actor.default-dispatcher-12] INFO  a.a.LocalActorRef akka://worker/user/watcher/processing-watcher/graph/graph/$L - Starting...
18:54:12.881 [worker-akka.actor.default-dispatcher-12] INFO  a.a.LocalActorRef akka://worker/user/watcher/processing-watcher/graph/graph/$M - Starting...
18:54:12.889 [worker-akka.actor.default-dispatcher-12] INFO  a.a.LocalActorRef akka://worker/user/watcher/processing-watcher/graph/graph/$N - Starting...
18:54:12.910 [worker-akka.actor.default-dispatcher-12] INFO  a.a.LocalActorRef akka://worker/user/watcher/processing-watcher/graph/graph/$O - Starting...
18:54:12.911 [worker-akka.actor.default-dispatcher-12] INFO  a.a.LocalActorRef akka://worker/user/watcher/processing-watcher/graph/graph/$P - Starting...
18:54:12.912 [worker-akka.actor.default-dispatcher-12] INFO  a.a.LocalActorRef akka://worker/user/watcher/processing-watcher/graph/graph/$N - Attached rear to graph (-9223372036854775808, min@min)
18:54:12.913 [worker-akka.actor.default-dispatcher-12] INFO  a.a.LocalActorRef akka://worker/user/watcher/processing-watcher/graph/graph/$Q - Starting...
18:54:12.913 [worker-akka.actor.default-dispatcher-12] INFO  a.a.LocalActorRef akka://worker/user/watcher/processing-watcher/graph/graph/$R - Starting...
18:54:12.914 [worker-akka.actor.default-dispatcher-12] INFO  a.a.LocalActorRef akka://worker/user/watcher/processing-watcher/graph/graph/$S - Starting...
18:54:12.915 [worker-akka.actor.default-dispatcher-12] INFO  a.a.LocalActorRef akka://worker/user/watcher/processing-watcher/graph/graph/$T - Starting...
18:54:12.916 [worker-akka.actor.default-dispatcher-12] INFO  a.a.LocalActorRef akka://worker/user/watcher/processing-watcher/graph/graph/$U - Starting...
18:54:12.917 [worker-akka.actor.default-dispatcher-12] INFO  a.a.LocalActorRef akka://worker/user/watcher/processing-watcher/graph/graph/$V - Starting...
18:54:12.918 [worker-akka.actor.default-dispatcher-12] INFO  a.a.LocalActorRef akka://worker/user/watcher/processing-watcher/graph/graph/$W - Starting...
18:54:12.919 [worker-akka.actor.default-dispatcher-12] INFO  a.a.LocalActorRef akka://worker/user/watcher/processing-watcher/graph/graph/$X - Starting...
18:54:12.919 [worker-akka.actor.default-dispatcher-12] INFO  a.a.LocalActorRef akka://worker/user/watcher/processing-watcher/graph/graph/$Z - Starting...
18:54:12.920 [worker-akka.actor.default-dispatcher-12] INFO  a.a.LocalActorRef akka://worker/user/watcher/processing-watcher/graph/graph/$Y - Starting...
18:54:12.921 [worker-akka.actor.default-dispatcher-12] INFO  a.a.LocalActorRef akka://worker/user/watcher/processing-watcher/graph/graph/$0 - Starting...
18:54:12.922 [worker-akka.actor.default-dispatcher-12] INFO  a.a.LocalActorRef akka://worker/user/watcher/processing-watcher/graph/graph/$2 - Starting...
18:54:12.923 [worker-akka.actor.default-dispatcher-12] INFO  a.a.LocalActorRef akka://worker/user/watcher/processing-watcher/graph/graph/$1 - Starting...
18:54:12.923 [worker-akka.actor.default-dispatcher-12] INFO  a.a.LocalActorRef akka://worker/user/watcher/processing-watcher/graph/graph/$3 - Starting...
18:54:12.924 [worker-akka.actor.default-dispatcher-12] INFO  a.a.LocalActorRef akka://worker/user/watcher/processing-watcher/graph/graph/$5 - Starting...
18:54:12.925 [worker-akka.actor.default-dispatcher-12] INFO  a.a.LocalActorRef akka://worker/user/watcher/processing-watcher/graph/graph/$6 - Starting...
18:54:12.927 [worker-akka.actor.default-dispatcher-12] INFO  a.a.LocalActorRef akka://worker/user/watcher/processing-watcher/graph/graph/$4 - Starting...
18:54:12.927 [worker-akka.actor.default-dispatcher-12] INFO  a.a.LocalActorRef akka://worker/user/watcher/processing-watcher/graph/graph/$7 - Starting...
18:54:12.928 [worker-akka.actor.default-dispatcher-12] INFO  a.a.LocalActorRef akka://worker/user/watcher/processing-watcher/graph/graph/$8 - Starting...
18:54:12.929 [worker-akka.actor.default-dispatcher-12] INFO  a.a.LocalActorRef akka://worker/user/watcher/processing-watcher/graph/graph/$9 - Starting...
18:54:12.931 [worker-akka.actor.default-dispatcher-10] INFO  a.a.LocalActorRef akka://worker/user/watcher/processing-watcher/graph/graph/$~ - Starting...
18:54:12.931 [worker-akka.actor.default-dispatcher-10] INFO  a.a.LocalActorRef akka://worker/user/watcher/processing-watcher/graph/graph/$+ - Starting...
18:54:12.931 [worker-akka.actor.default-dispatcher-10] INFO  a.a.LocalActorRef akka://worker/user/watcher/processing-watcher/graph/graph/$bb - Starting...
18:54:12.931 [worker-akka.actor.default-dispatcher-10] INFO  a.a.LocalActorRef akka://worker/user/watcher/processing-watcher/graph/graph/$cb - Starting...
18:54:12.931 [worker-akka.actor.default-dispatcher-10] INFO  a.a.LocalActorRef akka://worker/user/watcher/processing-watcher/graph/graph/$ab - Starting...
18:54:12.931 [worker-akka.actor.default-dispatcher-10] INFO  a.a.LocalActorRef akka://worker/user/watcher/processing-watcher/graph/graph/$eb - Starting...
18:54:12.933 [worker-akka.actor.default-dispatcher-12] INFO  a.a.LocalActorRef akka://worker/user/watcher/processing-watcher/graph/graph/$db - Starting...
18:54:12.934 [worker-akka.actor.default-dispatcher-12] INFO  a.a.LocalActorRef akka://worker/user/watcher/processing-watcher/graph/graph/$fb - Starting...
18:54:12.934 [worker-akka.actor.default-dispatcher-12] INFO  a.a.LocalActorRef akka://worker/user/watcher/processing-watcher/graph/graph/$gb - Starting...
18:54:12.935 [worker-akka.actor.default-dispatcher-12] INFO  a.a.LocalActorRef akka://worker/user/watcher/processing-watcher/graph/graph/$hb - Starting...
18:54:12.936 [worker-akka.actor.default-dispatcher-12] INFO  a.a.LocalActorRef akka://worker/user/watcher/processing-watcher/graph/graph/$ib - Starting...
18:54:12.937 [worker-akka.actor.default-dispatcher-12] INFO  a.a.LocalActorRef akka://worker/user/watcher/processing-watcher/graph/graph/$kb - Starting...
18:54:12.939 [worker-akka.actor.default-dispatcher-12] INFO  a.a.LocalActorRef akka://worker/user/watcher/processing-watcher/graph/graph/$jb - Starting...
18:54:12.940 [worker-akka.actor.default-dispatcher-12] INFO  a.a.LocalActorRef akka://worker/user/watcher/processing-watcher/graph/graph/$lb - Starting...
18:54:12.942 [worker-akka.actor.default-dispatcher-9] INFO  a.a.LocalActorRef akka://worker/user/watcher/processing-watcher/graph/graph/$mb - Starting...
18:54:12.942 [worker-akka.actor.default-dispatcher-9] INFO  a.a.LocalActorRef akka://worker/user/watcher/processing-watcher/graph/graph/$ob - Starting...
18:54:12.943 [worker-akka.actor.default-dispatcher-9] INFO  a.a.LocalActorRef akka://worker/user/watcher/processing-watcher/graph/graph/$nb - Starting...
18:54:12.943 [worker-akka.actor.default-dispatcher-9] INFO  a.a.LocalActorRef akka://worker/user/watcher/processing-watcher/graph/graph/$pb - Starting...
18:54:12.943 [worker-akka.actor.default-dispatcher-9] INFO  a.a.LocalActorRef akka://worker/user/watcher/processing-watcher/graph/graph/$qb - Starting...
18:54:12.943 [worker-akka.actor.default-dispatcher-9] INFO  a.a.LocalActorRef akka://worker/user/watcher/processing-watcher/graph/graph/$rb - Starting...
18:54:12.943 [worker-akka.actor.default-dispatcher-9] INFO  a.a.LocalActorRef akka://worker/user/watcher/processing-watcher/graph/graph/$sb - Starting...
18:54:12.943 [worker-akka.actor.default-dispatcher-9] INFO  a.a.LocalActorRef akka://worker/user/watcher/processing-watcher/graph/graph/$ub - Starting...
18:54:12.944 [worker-akka.actor.default-dispatcher-12] INFO  a.a.LocalActorRef akka://worker/user/watcher/processing-watcher/graph/graph/$tb - Starting...
18:54:12.945 [worker-akka.actor.default-dispatcher-12] INFO  a.a.LocalActorRef akka://worker/user/watcher/processing-watcher/graph/graph/$vb - Starting...
18:54:12.946 [worker-akka.actor.default-dispatcher-12] INFO  a.a.LocalActorRef akka://worker/user/watcher/processing-watcher/graph/graph/$wb - Starting...
18:54:12.947 [worker-akka.actor.default-dispatcher-12] INFO  a.a.LocalActorRef akka://worker/user/watcher/processing-watcher/graph/graph/$xb - Starting...
18:54:12.948 [worker-akka.actor.default-dispatcher-12] INFO  a.a.LocalActorRef akka://worker/user/watcher/processing-watcher/graph/graph/$yb - Starting...
18:54:12.948 [worker-akka.actor.default-dispatcher-12] INFO  a.a.LocalActorRef akka://worker/user/watcher/processing-watcher/graph/graph/$zb - Starting...
18:54:12.949 [worker-akka.actor.default-dispatcher-12] INFO  a.a.LocalActorRef akka://worker/user/watcher/processing-watcher/graph/graph/$Ab - Starting...
18:54:12.951 [worker-akka.actor.default-dispatcher-12] INFO  a.a.LocalActorRef akka://worker/user/watcher/processing-watcher/graph/graph/$Bb - Starting...
18:54:12.952 [worker-akka.actor.default-dispatcher-10] INFO  a.a.LocalActorRef akka://worker/user/watcher/processing-watcher/graph/graph/$Cb - Starting...
18:54:12.952 [worker-akka.actor.default-dispatcher-10] INFO  a.a.LocalActorRef akka://worker/user/watcher/processing-watcher/graph/graph/$Db - Starting...
18:54:12.952 [worker-akka.actor.default-dispatcher-10] INFO  a.a.LocalActorRef akka://worker/user/watcher/processing-watcher/graph/graph/$Eb - Starting...
18:54:12.953 [worker-akka.actor.default-dispatcher-10] INFO  a.a.LocalActorRef akka://worker/user/watcher/processing-watcher/graph/graph/$Fb - Starting...
18:54:12.953 [worker-akka.actor.default-dispatcher-10] INFO  a.a.LocalActorRef akka://worker/user/watcher/processing-watcher/graph/graph/$Gb - Starting...
18:54:12.953 [worker-akka.actor.default-dispatcher-10] INFO  a.a.LocalActorRef akka://worker/user/watcher/processing-watcher/graph/graph/$Hb - Starting...
18:54:12.954 [worker-akka.actor.default-dispatcher-10] INFO  a.a.LocalActorRef akka://worker/user/watcher/processing-watcher/graph/graph/$Ib - Starting...
18:54:12.955 [worker-akka.actor.default-dispatcher-10] INFO  a.a.LocalActorRef akka://worker/user/watcher/processing-watcher/graph/graph/$Jb - Starting...
18:54:12.956 [worker-akka.actor.default-dispatcher-10] INFO  a.a.LocalActorRef akka://worker/user/watcher/processing-watcher/graph/graph/$Kb - Starting...
18:54:12.957 [worker-akka.actor.default-dispatcher-10] INFO  a.a.LocalActorRef akka://worker/user/watcher/processing-watcher/graph/graph/$Lb - Starting...
18:54:12.957 [worker-akka.actor.default-dispatcher-10] INFO  a.a.LocalActorRef akka://worker/user/watcher/processing-watcher/graph/graph/$Mb - Starting...
18:54:12.958 [worker-akka.actor.default-dispatcher-10] INFO  a.a.LocalActorRef akka://worker/user/watcher/processing-watcher/graph/graph/$Nb - Starting...
2019-09-28T18:54:24.660+0000: 35.612: [GC (Allocation Failure) 2019-09-28T18:54:24.660+0000: 35.612: [DefNew: 409600K->32401K(460800K), 0.0473887 secs] 435528K->58330K(1484800K), 0.0474736 secs] [Times: user=0.02 sys=0.02, real=0.05 secs] 
2019-09-28T18:54:34.629+0000: 45.582: [GC (Allocation Failure) 2019-09-28T18:54:34.630+0000: 45.582: [DefNew: 442001K->1081K(460800K), 0.0407562 secs] 467930K->56099K(1484800K), 0.0408376 secs] [Times: user=0.03 sys=0.01, real=0.04 secs] 
2019-09-28T18:54:41.452+0000: 52.404: [GC (Allocation Failure) 2019-09-28T18:54:41.452+0000: 52.404: [DefNew: 410681K->1161K(460800K), 0.0044665 secs] 465699K->56179K(1484800K), 0.0045381 secs] [Times: user=0.01 sys=0.00, real=0.00 secs] 
2019-09-28T18:54:46.553+0000: 57.506: [GC (Allocation Failure) 2019-09-28T18:54:46.554+0000: 57.506: [DefNew: 410761K->1318K(460800K), 0.0049297 secs] 465779K->56336K(1484800K), 0.0059063 secs] [Times: user=0.01 sys=0.00, real=0.00 secs] 
2019-09-28T18:54:54.090+0000: 65.043: [GC (Allocation Failure) 2019-09-28T18:54:54.090+0000: 65.043: [DefNew: 410918K->1881K(460800K), 0.0108631 secs] 465936K->56899K(1484800K), 0.0109442 secs] [Times: user=0.01 sys=0.00, real=0.01 secs] 
2019-09-28T18:55:01.285+0000: 72.238: [GC (Allocation Failure) 2019-09-28T18:55:01.286+0000: 72.238: [DefNew: 411481K->1580K(460800K), 0.0043307 secs] 466499K->56598K(1484800K), 0.0044297 secs] [Times: user=0.01 sys=0.00, real=0.01 secs] 
2019-09-28T18:55:08.454+0000: 79.407: [GC (Allocation Failure) 2019-09-28T18:55:08.455+0000: 79.407: [DefNew: 411180K->1586K(460800K), 0.0039871 secs] 466198K->56604K(1484800K), 0.0040888 secs] [Times: user=0.00 sys=0.00, real=0.00 secs] 
2019-09-28T18:55:15.749+0000: 86.701: [GC (Allocation Failure) 2019-09-28T18:55:15.749+0000: 86.701: [DefNew: 411186K->1622K(460800K), 0.0040278 secs] 466204K->56640K(1484800K), 0.0041012 secs] [Times: user=0.00 sys=0.00, real=0.00 secs] 
2019-09-28T18:55:22.951+0000: 93.903: [GC (Allocation Failure) 2019-09-28T18:55:22.951+0000: 93.903: [DefNew: 411222K->1582K(460800K), 0.0040402 secs] 466240K->56600K(1484800K), 0.0041118 secs] [Times: user=0.00 sys=0.00, real=0.00 secs] 
2019-09-28T18:55:30.691+0000: 101.643: [GC (Allocation Failure) 2019-09-28T18:55:30.691+0000: 101.643: [DefNew: 411182K->1615K(460800K), 0.0039247 secs] 466200K->56633K(1484800K), 0.0040027 secs] [Times: user=0.00 sys=0.00, real=0.00 secs] 
2019-09-28T18:55:37.937+0000: 108.889: [GC (Allocation Failure) 2019-09-28T18:55:37.937+0000: 108.889: [DefNew: 411215K->1566K(460800K), 0.0038677 secs] 466233K->56584K(1484800K), 0.0039454 secs] [Times: user=0.00 sys=0.00, real=0.01 secs] 
2019-09-28T18:55:45.154+0000: 116.106: [GC (Allocation Failure) 2019-09-28T18:55:45.154+0000: 116.106: [DefNew: 411166K->1600K(460800K), 0.0039057 secs] 466184K->56618K(1484800K), 0.0039819 secs] [Times: user=0.01 sys=0.00, real=0.00 secs] 
2019-09-28T18:55:52.740+0000: 123.693: [GC (Allocation Failure) 2019-09-28T18:55:52.740+0000: 123.693: [DefNew: 411200K->1738K(460800K), 0.0043883 secs] 466218K->56756K(1484800K), 0.0044668 secs] [Times: user=0.00 sys=0.00, real=0.00 secs] 
2019-09-28T18:56:00.088+0000: 131.041: [GC (Allocation Failure) 2019-09-28T18:56:00.088+0000: 131.041: [DefNew: 411338K->1663K(460800K), 0.0041104 secs] 466356K->56681K(1484800K), 0.0041917 secs] [Times: user=0.01 sys=0.00, real=0.00 secs] 
2019-09-28T18:56:07.308+0000: 138.261: [GC (Allocation Failure) 2019-09-28T18:56:07.308+0000: 138.261: [DefNew: 411263K->1659K(460800K), 0.0039957 secs] 466281K->56677K(1484800K), 0.0040807 secs] [Times: user=0.01 sys=0.00, real=0.00 secs] 
2019-09-28T18:56:14.606+0000: 145.559: [GC (Allocation Failure) 2019-09-28T18:56:14.606+0000: 145.559: [DefNew: 411259K->1736K(460800K), 0.0042291 secs] 466277K->56754K(1484800K), 0.0043028 secs] [Times: user=0.01 sys=0.00, real=0.01 secs] 
2019-09-28T18:56:22.423+0000: 153.376: [GC (Allocation Failure) 2019-09-28T18:56:22.423+0000: 153.376: [DefNew: 411336K->1469K(460800K), 0.0042176 secs] 466354K->56673K(1484800K), 0.0042912 secs] [Times: user=0.01 sys=0.00, real=0.00 secs] 
2019-09-28T18:56:29.694+0000: 160.646: [GC (Allocation Failure) 2019-09-28T18:56:29.694+0000: 160.646: [DefNew: 411069K->1386K(460800K), 0.0039522 secs] 466273K->56673K(1484800K), 0.0040222 secs] [Times: user=0.00 sys=0.00, real=0.00 secs] 
2019-09-28T18:56:37.061+0000: 168.014: [GC (Allocation Failure) 2019-09-28T18:56:37.061+0000: 168.014: [DefNew: 410986K->1360K(460800K), 0.0039187 secs] 466273K->56719K(1484800K), 0.0039958 secs] [Times: user=0.00 sys=0.00, real=0.00 secs] 
2019-09-28T18:56:44.843+0000: 175.795: [GC (Allocation Failure) 2019-09-28T18:56:44.843+0000: 175.795: [DefNew: 410960K->235K(460800K), 0.0044978 secs] 466319K->56682K(1484800K), 0.0045842 secs] [Times: user=0.01 sys=0.00, real=0.00 secs] 
2019-09-28T18:56:52.080+0000: 183.032: [GC (Allocation Failure) 2019-09-28T18:56:52.080+0000: 183.032: [DefNew: 409835K->277K(460800K), 0.0027299 secs] 466282K->56724K(1484800K), 0.0028115 secs] [Times: user=0.00 sys=0.00, real=0.01 secs] 
2019-09-28T18:56:59.380+0000: 190.332: [GC (Allocation Failure) 2019-09-28T18:56:59.380+0000: 190.332: [DefNew: 409877K->265K(460800K), 0.0028100 secs] 466324K->56713K(1484800K), 0.0029079 secs] [Times: user=0.00 sys=0.00, real=0.01 secs] 
2019-09-28T18:57:06.634+0000: 197.587: [GC (Allocation Failure) 2019-09-28T18:57:06.634+0000: 197.587: [DefNew: 409865K->264K(460800K), 0.0024240 secs] 466313K->56713K(1484800K), 0.0024950 secs] [Times: user=0.00 sys=0.00, real=0.00 secs] 
2019-09-28T18:57:14.434+0000: 205.387: [GC (Allocation Failure) 2019-09-28T18:57:14.435+0000: 205.387: [DefNew: 409864K->263K(460800K), 0.0024545 secs] 466313K->56712K(1484800K), 0.0025333 secs] [Times: user=0.00 sys=0.00, real=0.00 secs] 
2019-09-28T18:57:21.676+0000: 212.628: [GC (Allocation Failure) 2019-09-28T18:57:21.676+0000: 212.628: [DefNew: 409863K->291K(460800K), 0.0025905 secs] 466312K->56741K(1484800K), 0.0026622 secs] [Times: user=0.01 sys=0.00, real=0.00 secs] 
2019-09-28T18:57:28.957+0000: 219.909: [GC (Allocation Failure) 2019-09-28T18:57:28.957+0000: 219.909: [DefNew: 409891K->270K(460800K), 0.0025748 secs] 466341K->56720K(1484800K), 0.0026401 secs] [Times: user=0.00 sys=0.00, real=0.00 secs] 
2019-09-28T18:57:36.747+0000: 227.699: [GC (Allocation Failure) 2019-09-28T18:57:36.747+0000: 227.699: [DefNew: 409870K->264K(460800K), 0.0026076 secs] 466320K->56714K(1484800K), 0.0026858 secs] [Times: user=0.00 sys=0.00, real=0.01 secs] 
2019-09-28T18:57:44.046+0000: 234.998: [GC (Allocation Failure) 2019-09-28T18:57:44.046+0000: 234.998: [DefNew: 409864K->178K(460800K), 0.0028627 secs] 466314K->56714K(1484800K), 0.0029628 secs] [Times: user=0.01 sys=0.00, real=0.01 secs] 
2019-09-28T18:57:51.259+0000: 242.211: [GC (Allocation Failure) 2019-09-28T18:57:51.259+0000: 242.211: [DefNew: 409778K->203K(460800K), 0.0024395 secs] 466314K->56739K(1484800K), 0.0025206 secs] [Times: user=0.00 sys=0.00, real=0.01 secs] 
2019-09-28T18:57:58.976+0000: 249.929: [GC (Allocation Failure) 2019-09-28T18:57:58.976+0000: 249.929: [DefNew: 409803K->216K(460800K), 0.0025794 secs] 466339K->56752K(1484800K), 0.0026575 secs] [Times: user=0.00 sys=0.01, real=0.00 secs] 
2019-09-28T18:58:06.247+0000: 257.199: [GC (Allocation Failure) 2019-09-28T18:58:06.247+0000: 257.199: [DefNew: 409816K->215K(460800K), 0.0025861 secs] 466352K->56751K(1484800K), 0.0026628 secs] [Times: user=0.00 sys=0.00, real=0.01 secs] 
2019-09-28T18:58:13.485+0000: 264.437: [GC (Allocation Failure) 2019-09-28T18:58:13.485+0000: 264.437: [DefNew: 409815K->216K(460800K), 0.0026530 secs] 466351K->56753K(1484800K), 0.0027299 secs] [Times: user=0.00 sys=0.00, real=0.00 secs] 
2019-09-28T18:58:20.777+0000: 271.729: [GC (Allocation Failure) 2019-09-28T18:58:20.777+0000: 271.729: [DefNew: 409816K->217K(460800K), 0.0025560 secs] 466353K->56754K(1484800K), 0.0026256 secs] [Times: user=0.01 sys=0.00, real=0.00 secs] 
2019-09-28T18:58:28.603+0000: 279.556: [GC (Allocation Failure) 2019-09-28T18:58:28.603+0000: 279.556: [DefNew: 409817K->215K(460800K), 0.0024896 secs] 466354K->56752K(1484800K), 0.0025779 secs] [Times: user=0.00 sys=0.00, real=0.00 secs] 
2019-09-28T18:58:35.905+0000: 286.857: [GC (Allocation Failure) 2019-09-28T18:58:35.905+0000: 286.857: [DefNew: 409815K->256K(460800K), 0.0026743 secs] 466352K->56793K(1484800K), 0.0027604 secs] [Times: user=0.00 sys=0.00, real=0.00 secs] 
2019-09-28T18:58:43.134+0000: 294.086: [GC (Allocation Failure) 2019-09-28T18:58:43.134+0000: 294.086: [DefNew: 409856K->177K(460800K), 0.0026393 secs] 466393K->56753K(1484800K), 0.0027131 secs] [Times: user=0.00 sys=0.00, real=0.00 secs] 
2019-09-28T18:58:50.905+0000: 301.857: [GC (Allocation Failure) 2019-09-28T18:58:50.905+0000: 301.857: [DefNew: 409777K->272K(460800K), 0.0026255 secs] 466353K->56848K(1484800K), 0.0027009 secs] [Times: user=0.00 sys=0.00, real=0.00 secs] 
2019-09-28T18:58:58.195+0000: 309.147: [GC (Allocation Failure) 2019-09-28T18:58:58.195+0000: 309.147: [DefNew: 409872K->236K(460800K), 0.0027028 secs] 466448K->56812K(1484800K), 0.0027832 secs] [Times: user=0.01 sys=0.00, real=0.00 secs] 
2019-09-28T18:59:05.481+0000: 316.434: [GC (Allocation Failure) 2019-09-28T18:59:05.482+0000: 316.434: [DefNew: 409836K->281K(460800K), 0.0025940 secs] 466412K->56857K(1484800K), 0.0026726 secs] [Times: user=0.00 sys=0.00, real=0.00 secs] 
2019-09-28T18:59:13.319+0000: 324.271: [GC (Allocation Failure) 2019-09-28T18:59:13.319+0000: 324.271: [DefNew: 409881K->267K(460800K), 0.0026664 secs] 466457K->56843K(1484800K), 0.0027444 secs] [Times: user=0.00 sys=0.00, real=0.01 secs] 
2019-09-28T18:59:20.589+0000: 331.541: [GC (Allocation Failure) 2019-09-28T18:59:20.589+0000: 331.541: [DefNew: 409867K->210K(460800K), 0.0024786 secs] 466443K->56787K(1484800K), 0.0025545 secs] [Times: user=0.00 sys=0.00, real=0.00 secs] 
2019-09-28T18:59:27.875+0000: 338.828: [GC (Allocation Failure) 2019-09-28T18:59:27.875+0000: 338.828: [DefNew: 409810K->286K(460800K), 0.0026088 secs] 466387K->56863K(1484800K), 0.0026792 secs] [Times: user=0.00 sys=0.00, real=0.00 secs] 
2019-09-28T18:59:35.645+0000: 346.597: [GC (Allocation Failure) 2019-09-28T18:59:35.645+0000: 346.597: [DefNew: 409886K->242K(460800K), 0.0025913 secs] 466463K->56819K(1484800K), 0.0026587 secs] [Times: user=0.00 sys=0.00, real=0.00 secs] 
2019-09-28T18:59:42.911+0000: 353.864: [GC (Allocation Failure) 2019-09-28T18:59:42.911+0000: 353.864: [DefNew: 409842K->183K(460800K), 0.0025514 secs] 466419K->56786K(1484800K), 0.0026419 secs] [Times: user=0.00 sys=0.00, real=0.00 secs] 
2019-09-28T18:59:50.194+0000: 361.147: [GC (Allocation Failure) 2019-09-28T18:59:50.194+0000: 361.147: [DefNew: 409783K->173K(460800K), 0.0027625 secs] 466386K->56788K(1484800K), 0.0028579 secs] [Times: user=0.00 sys=0.00, real=0.00 secs] 
2019-09-28T18:59:57.340+0000: 368.292: [GC (Allocation Failure) 2019-09-28T18:59:57.340+0000: 368.292: [DefNew: 409773K->184K(460800K), 0.0024757 secs] 466388K->56799K(1484800K), 0.0025686 secs] [Times: user=0.00 sys=0.00, real=0.01 secs] 
2019-09-28T19:00:05.113+0000: 376.065: [GC (Allocation Failure) 2019-09-28T19:00:05.113+0000: 376.065: [DefNew: 409784K->184K(460800K), 0.0024994 secs] 466399K->56799K(1484800K), 0.0025752 secs] [Times: user=0.00 sys=0.00, real=0.00 secs] 
2019-09-28T19:00:12.376+0000: 383.328: [GC (Allocation Failure) 2019-09-28T19:00:12.376+0000: 383.328: [DefNew: 409784K->183K(460800K), 0.0025859 secs] 466399K->56799K(1484800K), 0.0026818 secs] [Times: user=0.00 sys=0.00, real=0.00 secs] 
2019-09-28T19:00:19.652+0000: 390.604: [GC (Allocation Failure) 2019-09-28T19:00:19.652+0000: 390.604: [DefNew: 409783K->183K(460800K), 0.0024848 secs] 466399K->56798K(1484800K), 0.0025597 secs] [Times: user=0.01 sys=0.00, real=0.00 secs] 
2019-09-28T19:00:27.448+0000: 398.400: [GC (Allocation Failure) 2019-09-28T19:00:27.448+0000: 398.400: [DefNew: 409783K->236K(460800K), 0.0025410 secs] 466398K->56852K(1484800K), 0.0026168 secs] [Times: user=0.00 sys=0.00, real=0.01 secs] 
2019-09-28T19:00:34.715+0000: 405.667: [GC (Allocation Failure) 2019-09-28T19:00:34.715+0000: 405.667: [DefNew: 409836K->184K(460800K), 0.0025633 secs] 466452K->56799K(1484800K), 0.0026371 secs] [Times: user=0.01 sys=0.00, real=0.00 secs] 
2019-09-28T19:00:41.975+0000: 412.927: [GC (Allocation Failure) 2019-09-28T19:00:41.975+0000: 412.927: [DefNew: 409784K->171K(460800K), 0.0026613 secs] 466399K->56802K(1484800K), 0.0027374 secs] [Times: user=0.01 sys=0.00, real=0.00 secs] 
2019-09-28T19:00:49.398+0000: 420.351: [GC (Allocation Failure) 2019-09-28T19:00:49.398+0000: 420.351: [DefNew: 409771K->151K(460800K), 0.0025956 secs] 466402K->56800K(1484800K), 0.0026685 secs] [Times: user=0.00 sys=0.00, real=0.01 secs] 
2019-09-28T19:00:56.963+0000: 427.915: [GC (Allocation Failure) 2019-09-28T19:00:56.963+0000: 427.915: [DefNew: 409751K->203K(460800K), 0.0026395 secs] 466400K->56851K(1484800K), 0.0027335 secs] [Times: user=0.00 sys=0.00, real=0.00 secs] 
2019-09-28T19:01:04.225+0000: 435.178: [GC (Allocation Failure) 2019-09-28T19:01:04.225+0000: 435.178: [DefNew: 409803K->160K(460800K), 0.0025059 secs] 466451K->56808K(1484800K), 0.0025751 secs] [Times: user=0.00 sys=0.00, real=0.00 secs] 
2019-09-28T19:01:11.535+0000: 442.487: [GC (Allocation Failure) 2019-09-28T19:01:11.535+0000: 442.487: [DefNew: 409760K->209K(460800K), 0.0025352 secs] 466408K->56858K(1484800K), 0.0026156 secs] [Times: user=0.00 sys=0.00, real=0.00 secs] 
2019-09-28T19:01:19.277+0000: 450.229: [GC (Allocation Failure) 2019-09-28T19:01:19.277+0000: 450.230: [DefNew: 409809K->167K(460800K), 0.0024628 secs] 466458K->56816K(1484800K), 0.0025449 secs] [Times: user=0.00 sys=0.00, real=0.00 secs] 
2019-09-28T19:01:26.574+0000: 457.526: [GC (Allocation Failure) 2019-09-28T19:01:26.574+0000: 457.526: [DefNew: 409767K->234K(460800K), 0.0025537 secs] 466416K->56883K(1484800K), 0.0026307 secs] [Times: user=0.00 sys=0.00, real=0.00 secs] 
19:01:31.911 [worker-akka.actor.default-dispatcher-12] INFO  a.r.a.Association(akka://worker) akka.remote.artery.Association(akka://worker) - Stopping idle outbound stream [2] to [akka://worker@flamestream-benchmarks-worker-0:5412]
2019-09-28T19:01:33.903+0000: 464.855: [GC (Allocation Failure) 2019-09-28T19:01:33.903+0000: 464.855: [DefNew: 409834K->342K(460800K), 0.0043014 secs] 466483K->56991K(1484800K), 0.0043685 secs] [Times: user=0.00 sys=0.00, real=0.00 secs] 
2019-09-28T19:01:41.549+0000: 472.501: [GC (Allocation Failure) 2019-09-28T19:01:41.549+0000: 472.501: [DefNew: 409942K->226K(460800K), 0.0027373 secs] 466591K->56877K(1484800K), 0.0028109 secs] [Times: user=0.00 sys=0.00, real=0.00 secs] 
2019-09-28T19:01:48.888+0000: 479.840: [GC (Allocation Failure) 2019-09-28T19:01:48.888+0000: 479.840: [DefNew: 409826K->211K(460800K), 0.0026819 secs] 466477K->56873K(1484800K), 0.0027563 secs] [Times: user=0.01 sys=0.00, real=0.01 secs] 
2019-09-28T19:01:56.011+0000: 486.963: [GC (Allocation Failure) 2019-09-28T19:01:56.011+0000: 486.963: [DefNew: 409811K->262K(460800K), 0.0029240 secs] 466473K->56924K(1484800K), 0.0029919 secs] [Times: user=0.00 sys=0.00, real=0.00 secs] 
2019-09-28T19:02:03.928+0000: 494.880: [GC (Allocation Failure) 2019-09-28T19:02:03.928+0000: 494.880: [DefNew: 409862K->244K(460800K), 0.0028028 secs] 466524K->56906K(1484800K), 0.0028930 secs] [Times: user=0.00 sys=0.00, real=0.01 secs] 
2019-09-28T19:02:11.183+0000: 502.136: [GC (Allocation Failure) 2019-09-28T19:02:11.183+0000: 502.136: [DefNew: 409844K->244K(460800K), 0.0028184 secs] 466506K->56906K(1484800K), 0.0028863 secs] [Times: user=0.00 sys=0.00, real=0.00 secs] 
2019-09-28T19:02:18.463+0000: 509.416: [GC (Allocation Failure) 2019-09-28T19:02:18.464+0000: 509.416: [DefNew: 409844K->299K(460800K), 0.0027581 secs] 466506K->56961K(1484800K), 0.0028410 secs] [Times: user=0.00 sys=0.00, real=0.00 secs] 
2019-09-28T19:02:25.680+0000: 516.632: [GC (Allocation Failure) 2019-09-28T19:02:25.680+0000: 516.632: [DefNew: 409899K->295K(460800K), 0.0028932 secs] 466561K->56958K(1484800K), 0.0029664 secs] [Times: user=0.01 sys=0.00, real=0.01 secs] 
2019-09-28T19:02:33.490+0000: 524.443: [GC (Allocation Failure) 2019-09-28T19:02:33.490+0000: 524.443: [DefNew: 409895K->257K(460800K), 0.0027941 secs] 466558K->56920K(1484800K), 0.0028700 secs] [Times: user=0.01 sys=0.00, real=0.00 secs] 
2019-09-28T19:02:40.786+0000: 531.738: [GC (Allocation Failure) 2019-09-28T19:02:40.786+0000: 531.738: [DefNew: 409857K->359K(460800K), 0.0028358 secs] 466520K->57022K(1484800K), 0.0029087 secs] [Times: user=0.00 sys=0.00, real=0.01 secs] 
2019-09-28T19:02:48.043+0000: 538.996: [GC (Allocation Failure) 2019-09-28T19:02:48.044+0000: 538.996: [DefNew: 409959K->315K(460800K), 0.0029378 secs] 466622K->56988K(1484800K), 0.0030154 secs] [Times: user=0.00 sys=0.00, real=0.00 secs] 
2019-09-28T19:02:55.801+0000: 546.753: [GC (Allocation Failure) 2019-09-28T19:02:55.801+0000: 546.753: [DefNew: 409915K->249K(460800K), 0.0028115 secs] 466588K->56921K(1484800K), 0.0028933 secs] [Times: user=0.01 sys=0.00, real=0.00 secs] 
2019-09-28T19:03:03.188+0000: 554.140: [GC (Allocation Failure) 2019-09-28T19:03:03.188+0000: 554.140: [DefNew: 409849K->311K(460800K), 0.0027737 secs] 466521K->56983K(1484800K), 0.0028682 secs] [Times: user=0.00 sys=0.00, real=0.00 secs] 
2019-09-28T19:03:10.475+0000: 561.427: [GC (Allocation Failure) 2019-09-28T19:03:10.475+0000: 561.427: [DefNew: 409911K->325K(460800K), 0.0027733 secs] 466583K->57003K(1484800K), 0.0028376 secs] [Times: user=0.00 sys=0.00, real=0.00 secs] 
2019-09-28T19:03:18.215+0000: 569.167: [GC (Allocation Failure) 2019-09-28T19:03:18.215+0000: 569.167: [DefNew: 409925K->270K(460800K), 0.0027599 secs] 466603K->56949K(1484800K), 0.0028448 secs] [Times: user=0.00 sys=0.00, real=0.00 secs] 
2019-09-28T19:03:25.546+0000: 576.498: [GC (Allocation Failure) 2019-09-28T19:03:25.546+0000: 576.498: [DefNew: 409870K->196K(460800K), 0.0027670 secs] 466549K->56922K(1484800K), 0.0028570 secs] [Times: user=0.00 sys=0.00, real=0.01 secs] 
2019-09-28T19:03:32.769+0000: 583.721: [GC (Allocation Failure) 2019-09-28T19:03:32.769+0000: 583.721: [DefNew: 409796K->185K(460800K), 0.0024407 secs] 466522K->56921K(1484800K), 0.0025174 secs] [Times: user=0.00 sys=0.00, real=0.00 secs] 
2019-09-28T19:03:40.460+0000: 591.412: [GC (Allocation Failure) 2019-09-28T19:03:40.460+0000: 591.412: [DefNew: 409785K->187K(460800K), 0.0024047 secs] 466521K->56924K(1484800K), 0.0024690 secs] [Times: user=0.00 sys=0.00, real=0.01 secs] 
2019-09-28T19:03:47.823+0000: 598.775: [GC (Allocation Failure) 2019-09-28T19:03:47.823+0000: 598.775: [DefNew: 409787K->154K(460800K), 0.0024252 secs] 466524K->56923K(1484800K), 0.0025018 secs] [Times: user=0.00 sys=0.00, real=0.00 secs] 
2019-09-28T19:03:55.088+0000: 606.040: [GC (Allocation Failure) 2019-09-28T19:03:55.088+0000: 606.040: [DefNew: 409754K->164K(460800K), 0.0025342 secs] 466523K->56933K(1484800K), 0.0026348 secs] [Times: user=0.00 sys=0.00, real=0.01 secs] 
2019-09-28T19:04:02.373+0000: 613.325: [GC (Allocation Failure) 2019-09-28T19:04:02.373+0000: 613.325: [DefNew: 409764K->172K(460800K), 0.0025790 secs] 466533K->56940K(1484800K), 0.0026559 secs] [Times: user=0.00 sys=0.00, real=0.00 secs] 
2019-09-28T19:04:10.127+0000: 621.080: [GC (Allocation Failure) 2019-09-28T19:04:10.127+0000: 621.080: [DefNew: 409772K->234K(460800K), 0.0024931 secs] 466540K->57003K(1484800K), 0.0025694 secs] [Times: user=0.00 sys=0.00, real=0.01 secs] 
2019-09-28T19:04:17.402+0000: 628.354: [GC (Allocation Failure) 2019-09-28T19:04:17.402+0000: 628.354: [DefNew: 409834K->202K(460800K), 0.0025318 secs] 466603K->56971K(1484800K), 0.0026051 secs] [Times: user=0.00 sys=0.00, real=0.00 secs] 
2019-09-28T19:04:24.664+0000: 635.617: [GC (Allocation Failure) 2019-09-28T19:04:24.665+0000: 635.617: [DefNew: 409802K->190K(460800K), 0.0025141 secs] 466571K->56959K(1484800K), 0.0026089 secs] [Times: user=0.00 sys=0.00, real=0.00 secs] 
2019-09-28T19:04:32.435+0000: 643.387: [GC (Allocation Failure) 2019-09-28T19:04:32.435+0000: 643.387: [DefNew: 409790K->165K(460800K), 0.0025330 secs] 466559K->56934K(1484800K), 0.0026026 secs] [Times: user=0.00 sys=0.00, real=0.00 secs] 
2019-09-28T19:04:39.718+0000: 650.671: [GC (Allocation Failure) 2019-09-28T19:04:39.718+0000: 650.671: [DefNew: 409765K->164K(460800K), 0.0024589 secs] 466534K->56934K(1484800K), 0.0025312 secs] [Times: user=0.00 sys=0.00, real=0.01 secs] 
2019-09-28T19:04:46.957+0000: 657.909: [GC (Allocation Failure) 2019-09-28T19:04:46.957+0000: 657.909: [DefNew: 409764K->150K(460800K), 0.0024316 secs] 466534K->56934K(1484800K), 0.0025260 secs] [Times: user=0.00 sys=0.00, real=0.00 secs] 
2019-09-28T19:04:54.396+0000: 665.349: [GC (Allocation Failure) 2019-09-28T19:04:54.396+0000: 665.349: [DefNew: 409750K->164K(460800K), 0.0026194 secs] 466534K->56948K(1484800K), 0.0027039 secs] [Times: user=0.00 sys=0.00, real=0.00 secs] 
2019-09-28T19:05:02.223+0000: 673.175: [GC (Allocation Failure) 2019-09-28T19:05:02.223+0000: 673.175: [DefNew: 409764K->209K(460800K), 0.0025874 secs] 466548K->56993K(1484800K), 0.0026631 secs] [Times: user=0.01 sys=0.00, real=0.00 secs] 
2019-09-28T19:05:09.429+0000: 680.381: [GC (Allocation Failure) 2019-09-28T19:05:09.429+0000: 680.381: [DefNew: 409809K->163K(460800K), 0.0025390 secs] 466593K->56947K(1484800K), 0.0026104 secs] [Times: user=0.00 sys=0.00, real=0.00 secs] 
2019-09-28T19:05:17.295+0000: 688.247: [GC (Allocation Failure) 2019-09-28T19:05:17.295+0000: 688.247: [DefNew: 409763K->163K(460800K), 0.0024090 secs] 466547K->56947K(1484800K), 0.0024890 secs] [Times: user=0.00 sys=0.00, real=0.00 secs] 
2019-09-28T19:05:24.565+0000: 695.517: [GC (Allocation Failure) 2019-09-28T19:05:24.565+0000: 695.517: [DefNew: 409763K->193K(460800K), 0.0026512 secs] 466547K->56977K(1484800K), 0.0027272 secs] [Times: user=0.00 sys=0.00, real=0.00 secs] 
2019-09-28T19:05:31.810+0000: 702.762: [GC (Allocation Failure) 2019-09-28T19:05:31.810+0000: 702.762: [DefNew: 409793K->232K(460800K), 0.0027368 secs] 466577K->57019K(1484800K), 0.0028250 secs] [Times: user=0.00 sys=0.00, real=0.00 secs] 
2019-09-28T19:05:39.678+0000: 710.630: [GC (Allocation Failure) 2019-09-28T19:05:39.678+0000: 710.630: [DefNew: 409832K->162K(460800K), 0.0024711 secs] 466619K->56948K(1484800K), 0.0025509 secs] [Times: user=0.00 sys=0.00, real=0.01 secs] 
2019-09-28T19:05:46.969+0000: 717.921: [GC (Allocation Failure) 2019-09-28T19:05:46.969+0000: 717.921: [DefNew: 409762K->209K(460800K), 0.0026670 secs] 466548K->57006K(1484800K), 0.0027606 secs] [Times: user=0.00 sys=0.00, real=0.00 secs] 
2019-09-28T19:05:54.198+0000: 725.150: [GC (Allocation Failure) 2019-09-28T19:05:54.198+0000: 725.150: [DefNew: 409809K->214K(460800K), 0.0030505 secs] 466606K->57011K(1484800K), 0.0031381 secs] [Times: user=0.00 sys=0.00, real=0.01 secs] 
2019-09-28T19:06:01.972+0000: 732.924: [GC (Allocation Failure) 2019-09-28T19:06:01.972+0000: 732.924: [DefNew: 409814K->160K(460800K), 0.0025751 secs] 466611K->56957K(1484800K), 0.0026600 secs] [Times: user=0.00 sys=0.00, real=0.00 secs] 
2019-09-28T19:06:09.261+0000: 740.213: [GC (Allocation Failure) 2019-09-28T19:06:09.261+0000: 740.213: [DefNew: 409760K->198K(460800K), 0.0024784 secs] 466557K->56995K(1484800K), 0.0025600 secs] [Times: user=0.00 sys=0.00, real=0.00 secs] 
2019-09-28T19:06:16.546+0000: 747.499: [GC (Allocation Failure) 2019-09-28T19:06:16.546+0000: 747.499: [DefNew: 409798K->159K(460800K), 0.0025102 secs] 466595K->56956K(1484800K), 0.0026447 secs] [Times: user=0.00 sys=0.00, real=0.01 secs] 
2019-09-28T19:06:24.389+0000: 755.341: [GC (Allocation Failure) 2019-09-28T19:06:24.389+0000: 755.341: [DefNew: 409759K->181K(460800K), 0.0026082 secs] 466556K->56978K(1484800K), 0.0026998 secs] [Times: user=0.00 sys=0.00, real=0.00 secs] 
2019-09-28T19:06:31.655+0000: 762.607: [GC (Allocation Failure) 2019-09-28T19:06:31.655+0000: 762.607: [DefNew: 409781K->159K(460800K), 0.0024157 secs] 466578K->56956K(1484800K), 0.0024973 secs] [Times: user=0.00 sys=0.00, real=0.00 secs] 
2019-09-28T19:06:38.914+0000: 769.866: [GC (Allocation Failure) 2019-09-28T19:06:38.914+0000: 769.866: [DefNew: 409759K->159K(460800K), 0.0024362 secs] 466556K->56957K(1484800K), 0.0025353 secs] [Times: user=0.01 sys=0.00, real=0.00 secs] 
2019-09-28T19:06:46.158+0000: 777.111: [GC (Allocation Failure) 2019-09-28T19:06:46.158+0000: 777.111: [DefNew: 409759K->177K(460800K), 0.0025851 secs] 466557K->56988K(1484800K), 0.0026545 secs] [Times: user=0.00 sys=0.00, real=0.01 secs] 
2019-09-28T19:06:53.934+0000: 784.886: [GC (Allocation Failure) 2019-09-28T19:06:53.934+0000: 784.886: [DefNew: 409777K->168K(460800K), 0.0026250 secs] 466588K->56978K(1484800K), 0.0026986 secs] [Times: user=0.00 sys=0.00, real=0.00 secs] 
2019-09-28T19:07:01.314+0000: 792.266: [GC (Allocation Failure) 2019-09-28T19:07:01.314+0000: 792.266: [DefNew: 409768K->155K(460800K), 0.0024137 secs] 466578K->56965K(1484800K), 0.0024866 secs] [Times: user=0.00 sys=0.00, real=0.00 secs] 
2019-09-28T19:07:08.488+0000: 799.441: [GC (Allocation Failure) 2019-09-28T19:07:08.488+0000: 799.441: [DefNew: 409755K->154K(460800K), 0.0023479 secs] 466565K->56965K(1484800K), 0.0024361 secs] [Times: user=0.00 sys=0.00, real=0.00 secs] 
2019-09-28T19:07:16.238+0000: 807.191: [GC (Allocation Failure) 2019-09-28T19:07:16.238+0000: 807.191: [DefNew: 409754K->155K(460800K), 0.0024353 secs] 466565K->56965K(1484800K), 0.0025093 secs] [Times: user=0.01 sys=0.00, real=0.01 secs] 
2019-09-28T19:07:23.507+0000: 814.459: [GC (Allocation Failure) 2019-09-28T19:07:23.507+0000: 814.459: [DefNew: 409755K->180K(460800K), 0.0025168 secs] 466565K->56991K(1484800K), 0.0025856 secs] [Times: user=0.00 sys=0.00, real=0.01 secs] 
2019-09-28T19:07:30.786+0000: 821.739: [GC (Allocation Failure) 2019-09-28T19:07:30.787+0000: 821.739: [DefNew: 409780K->171K(460800K), 0.0024034 secs] 466591K->56981K(1484800K), 0.0024920 secs] [Times: user=0.00 sys=0.00, real=0.01 secs] 
2019-09-28T19:07:38.567+0000: 829.519: [GC (Allocation Failure) 2019-09-28T19:07:38.567+0000: 829.519: [DefNew: 409771K->155K(460800K), 0.0024297 secs] 466581K->56966K(1484800K), 0.0025211 secs] [Times: user=0.00 sys=0.00, real=0.01 secs] 
2019-09-28T19:07:45.812+0000: 836.765: [GC (Allocation Failure) 2019-09-28T19:07:45.812+0000: 836.765: [DefNew: 409755K->146K(460800K), 0.0024228 secs] 466566K->56965K(1484800K), 0.0025011 secs] [Times: user=0.00 sys=0.00, real=0.00 secs] 
2019-09-28T19:07:53.039+0000: 843.991: [GC (Allocation Failure) 2019-09-28T19:07:53.039+0000: 843.991: [DefNew: 409746K->221K(460800K), 0.0026127 secs] 466565K->57041K(1484800K), 0.0026972 secs] [Times: user=0.00 sys=0.00, real=0.01 secs] 
2019-09-28T19:08:00.251+0000: 851.203: [GC (Allocation Failure) 2019-09-28T19:08:00.251+0000: 851.203: [DefNew: 409821K->220K(460800K), 0.0025320 secs] 466641K->57039K(1484800K), 0.0026035 secs] [Times: user=0.00 sys=0.00, real=0.00 secs] 
2019-09-28T19:08:08.102+0000: 859.055: [GC (Allocation Failure) 2019-09-28T19:08:08.102+0000: 859.055: [DefNew: 409820K->154K(460800K), 0.0024931 secs] 466639K->56973K(1484800K), 0.0025921 secs] [Times: user=0.01 sys=0.00, real=0.00 secs] 
2019-09-28T19:08:15.386+0000: 866.338: [GC (Allocation Failure) 2019-09-28T19:08:15.386+0000: 866.338: [DefNew: 409754K->153K(460800K), 0.0024526 secs] 466573K->56973K(1484800K), 0.0025245 secs] [Times: user=0.00 sys=0.00, real=0.01 secs] 
2019-09-28T19:08:22.607+0000: 873.559: [GC (Allocation Failure) 2019-09-28T19:08:22.607+0000: 873.559: [DefNew: 409753K->216K(460800K), 0.0025259 secs] 466573K->57035K(1484800K), 0.0026275 secs] [Times: user=0.00 sys=0.00, real=0.01 secs] 
2019-09-28T19:08:30.457+0000: 881.409: [GC (Allocation Failure) 2019-09-28T19:08:30.457+0000: 881.409: [DefNew: 409816K->230K(460800K), 0.0025994 secs] 466635K->57049K(1484800K), 0.0026634 secs] [Times: user=0.00 sys=0.00, real=0.00 secs] 
2019-09-28T19:08:37.726+0000: 888.679: [GC (Allocation Failure) 2019-09-28T19:08:37.726+0000: 888.679: [DefNew: 409830K->154K(460800K), 0.0023730 secs] 466649K->56973K(1484800K), 0.0024464 secs] [Times: user=0.00 sys=0.00, real=0.01 secs] 
2019-09-28T19:08:45.003+0000: 895.955: [GC (Allocation Failure) 2019-09-28T19:08:45.003+0000: 895.955: [DefNew: 409754K->157K(460800K), 0.0025987 secs] 466573K->56985K(1484800K), 0.0026926 secs] [Times: user=0.00 sys=0.00, real=0.00 secs] 
2019-09-28T19:08:52.279+0000: 903.231: [GC (Allocation Failure) 2019-09-28T19:08:52.279+0000: 903.231: [DefNew: 409757K->158K(460800K), 0.0025434 secs] 466585K->56986K(1484800K), 0.0026141 secs] [Times: user=0.01 sys=0.00, real=0.01 secs] 
2019-09-28T19:08:59.961+0000: 910.913: [GC (Allocation Failure) 2019-09-28T19:08:59.961+0000: 910.913: [DefNew: 409758K->200K(460800K), 0.0025022 secs] 466586K->57028K(1484800K), 0.0025851 secs] [Times: user=0.01 sys=0.00, real=0.00 secs] 
2019-09-28T19:09:07.196+0000: 918.149: [GC (Allocation Failure) 2019-09-28T19:09:07.196+0000: 918.149: [DefNew: 409800K->170K(460800K), 0.0023941 secs] 466628K->56998K(1484800K), 0.0024668 secs] [Times: user=0.00 sys=0.00, real=0.00 secs] 
2019-09-28T19:09:14.459+0000: 925.411: [GC (Allocation Failure) 2019-09-28T19:09:14.459+0000: 925.411: [DefNew: 409770K->156K(460800K), 0.0023388 secs] 466598K->56984K(1484800K), 0.0024081 secs] [Times: user=0.01 sys=0.00, real=0.01 secs] 
2019-09-28T19:09:22.299+0000: 933.252: [GC (Allocation Failure) 2019-09-28T19:09:22.299+0000: 933.252: [DefNew: 409756K->220K(460800K), 0.0024893 secs] 466584K->57048K(1484800K), 0.0025750 secs] [Times: user=0.00 sys=0.00, real=0.01 secs] 
2019-09-28T19:09:29.566+0000: 940.518: [GC (Allocation Failure) 2019-09-28T19:09:29.566+0000: 940.518: [DefNew: 409820K->200K(460800K), 0.0025910 secs] 466648K->57028K(1484800K), 0.0026636 secs] [Times: user=0.00 sys=0.00, real=0.01 secs] 
2019-09-28T19:09:36.842+0000: 947.795: [GC (Allocation Failure) 2019-09-28T19:09:36.843+0000: 947.795: [DefNew: 409800K->154K(460800K), 0.0023835 secs] 466628K->56982K(1484800K), 0.0024508 secs] [Times: user=0.00 sys=0.00, real=0.00 secs] 
2019-09-28T19:09:44.609+0000: 955.561: [GC (Allocation Failure) 2019-09-28T19:09:44.609+0000: 955.561: [DefNew: 409754K->145K(460800K), 0.0024772 secs] 466582K->56982K(1484800K), 0.0025586 secs] [Times: user=0.00 sys=0.00, real=0.00 secs] 
2019-09-28T19:09:51.851+0000: 962.803: [GC (Allocation Failure) 2019-09-28T19:09:51.851+0000: 962.803: [DefNew: 409745K->154K(460800K), 0.0023947 secs] 466582K->56991K(1484800K), 0.0024707 secs] [Times: user=0.01 sys=0.00, real=0.00 secs] 
2019-09-28T19:09:59.094+0000: 970.046: [GC (Allocation Failure) 2019-09-28T19:09:59.094+0000: 970.046: [DefNew: 409754K->158K(460800K), 0.0026190 secs] 466591K->56994K(1484800K), 0.0027043 secs] [Times: user=0.00 sys=0.00, real=0.00 secs] 
2019-09-28T19:10:06.533+0000: 977.486: [GC (Allocation Failure) 2019-09-28T19:10:06.533+0000: 977.486: [DefNew: 409758K->156K(460800K), 0.0024886 secs] 466594K->56992K(1484800K), 0.0025635 secs] [Times: user=0.00 sys=0.00, real=0.00 secs] 
2019-09-28T19:10:14.195+0000: 985.147: [GC (Allocation Failure) 2019-09-28T19:10:14.195+0000: 985.147: [DefNew: 409756K->188K(460800K), 0.0024805 secs] 466592K->57024K(1484800K), 0.0025693 secs] [Times: user=0.00 sys=0.00, real=0.00 secs] 
2019-09-28T19:10:21.452+0000: 992.405: [GC (Allocation Failure) 2019-09-28T19:10:21.452+0000: 992.405: [DefNew: 409788K->177K(460800K), 0.0023619 secs] 466624K->57014K(1484800K), 0.0024400 secs] [Times: user=0.01 sys=0.00, real=0.00 secs] 
2019-09-28T19:10:28.708+0000: 999.661: [GC (Allocation Failure) 2019-09-28T19:10:28.708+0000: 999.661: [DefNew: 409777K->209K(460800K), 0.0025169 secs] 466614K->57045K(1484800K), 0.0025865 secs] [Times: user=0.00 sys=0.00, real=0.00 secs] 
2019-09-28T19:10:36.520+0000: 1007.473: [GC (Allocation Failure) 2019-09-28T19:10:36.520+0000: 1007.473: [DefNew: 409809K->195K(460800K), 0.0024795 secs] 466645K->57032K(1484800K), 0.0025525 secs] [Times: user=0.00 sys=0.00, real=0.00 secs] 
2019-09-28T19:10:43.754+0000: 1014.706: [GC (Allocation Failure) 2019-09-28T19:10:43.754+0000: 1014.706: [DefNew: 409795K->146K(460800K), 0.0024246 secs] 466632K->56992K(1484800K), 0.0025031 secs] [Times: user=0.00 sys=0.00, real=0.00 secs] 
2019-09-28T19:10:51.039+0000: 1021.992: [GC (Allocation Failure) 2019-09-28T19:10:51.039+0000: 1021.992: [DefNew: 409746K->195K(460800K), 0.0026033 secs] 466592K->57041K(1484800K), 0.0026797 secs] [Times: user=0.00 sys=0.00, real=0.01 secs] 
19:10:55.520 [Client] INFO  c.s.f.r.e.s.SocketRear  - FlameSocketGraphDeployerRear@flamestream-benchmarks-worker-14: has been disconnected from Connection 11
19:10:55.524 [Client] INFO  c.s.f.r.e.s.SocketFront  - FlameSocketGraphDeployerFront@flamestream-benchmarks-worker-14 has been disconnected from Connection 11
19:10:55.612 [worker-akka.actor.default-dispatcher-12] WARN  c.s.f.r.e.s.SocketRear  - FlameSocketGraphDeployerRear@flamestream-benchmarks-worker-14: writing to closed log
19:11:14.738 [worker-akka.actor.default-dispatcher-12] INFO  a.r.a.Association(akka://worker) akka.remote.artery.Association(akka://worker) - Association to [akka://worker@flamestream-benchmarks-worker-0:5412] having UID [8671737266674996310] has been stopped. All messages to this UID will be delivered to dead letters. Reason: ActorSystem terminated
19:11:14.745 [worker-akka.actor.default-dispatcher-12] INFO  a.r.a.Association(akka://worker) akka.remote.artery.Association(akka://worker) - Association to [akka://worker@flamestream-benchmarks-worker-2:5412] having UID [-1357220282590935731] has been stopped. All messages to this UID will be delivered to dead letters. Reason: ActorSystem terminated
19:11:14.807 [worker-akka.actor.default-dispatcher-12] INFO  a.r.a.Association(akka://worker) akka.remote.artery.Association(akka://worker) - Association to [akka://worker@flamestream-benchmarks-worker-1:5412] having UID [9003752637410361599] has been stopped. All messages to this UID will be delivered to dead letters. Reason: ActorSystem terminated
19:11:15.026 [worker-akka.actor.default-dispatcher-12] INFO  a.r.a.Association(akka://worker) akka.remote.artery.Association(akka://worker) - Association to [akka://worker@flamestream-benchmarks-worker-3:5412] having UID [2415480863962131759] has been stopped. All messages to this UID will be delivered to dead letters. Reason: ActorSystem terminated
19:11:15.076 [worker-akka.actor.default-dispatcher-12] INFO  a.r.a.Association(akka://worker) akka.remote.artery.Association(akka://worker) - Association to [akka://worker@flamestream-benchmarks-worker-4:5412] having UID [1738623144942720681] has been stopped. All messages to this UID will be delivered to dead letters. Reason: ActorSystem terminated
19:11:15.626 [worker-akka.actor.default-dispatcher-12] INFO  a.r.a.Association(akka://worker) akka.remote.artery.Association(akka://worker) - Association to [akka://worker@flamestream-benchmarks-worker-5:5412] having UID [4535857925252804459] has been stopped. All messages to this UID will be delivered to dead letters. Reason: ActorSystem terminated
19:11:15.737 [worker-akka.actor.default-dispatcher-12] INFO  a.r.a.Association(akka://worker) akka.remote.artery.Association(akka://worker) - Association to [akka://worker@flamestream-benchmarks-worker-6:5412] having UID [-6933879671519471457] has been stopped. All messages to this UID will be delivered to dead letters. Reason: ActorSystem terminated
19:11:15.808 [worker-akka.actor.default-dispatcher-14] INFO  a.a.LocalActorRef akka://worker/user/watcher/processing-watcher/graph/edge/FlameSocketGraphDeployerRear - Stopped
19:11:15.818 [worker-akka.actor.default-dispatcher-12] INFO  a.a.LocalActorRef akka://worker/user/watcher/processing-watcher/graph/negotiator - Stopped
19:11:15.828 [worker-akka.actor.default-dispatcher-10] INFO  a.a.LocalActorRef akka://worker/user/watcher/processing-watcher/graph/graph/$+ - Stopped
19:11:15.828 [worker-akka.actor.default-dispatcher-10] INFO  a.a.LocalActorRef akka://worker/user/watcher/processing-watcher/graph/edge/FlameSocketGraphDeployerFront - Stopped
19:11:15.828 [worker-akka.actor.default-dispatcher-10] INFO  a.a.LocalActorRef akka://worker/user/watcher/processing-watcher/graph/edge - Stopped
19:11:15.829 [worker-akka.actor.default-dispatcher-17] INFO  a.a.LocalActorRef akka://worker/user/watcher/processing-watcher/graph/graph/$0 - Stopped
19:11:15.829 [worker-akka.actor.default-dispatcher-17] INFO  a.a.LocalActorRef akka://worker/user/watcher/processing-watcher/graph/graph/$1 - Stopped
19:11:15.829 [worker-akka.actor.default-dispatcher-19] INFO  a.a.LocalActorRef akka://worker/user/watcher/processing-watcher/graph/graph/$2 - Stopped
19:11:15.831 [worker-akka.actor.default-dispatcher-19] INFO  a.a.LocalActorRef akka://worker/user/watcher/processing-watcher/graph/graph/$3 - Stopped
19:11:15.835 [worker-akka.actor.default-dispatcher-19] INFO  a.a.LocalActorRef akka://worker/user/watcher/processing-watcher/graph/graph/$4 - Stopped
19:11:15.835 [worker-akka.actor.default-dispatcher-19] INFO  a.a.LocalActorRef akka://worker/user/watcher/processing-watcher/graph/graph/$5 - Stopped
19:11:15.835 [worker-akka.actor.default-dispatcher-19] INFO  a.a.LocalActorRef akka://worker/user/watcher/processing-watcher/graph/graph/$6 - Stopped
19:11:15.836 [worker-akka.actor.default-dispatcher-19] INFO  a.a.LocalActorRef akka://worker/user/watcher/processing-watcher/graph/graph/$7 - Stopped
19:11:15.837 [worker-akka.actor.default-dispatcher-19] INFO  a.a.LocalActorRef akka://worker/user/watcher/processing-watcher/graph/graph/$8 - Stopped
19:11:15.838 [worker-akka.actor.default-dispatcher-18] INFO  a.a.LocalActorRef akka://worker/user/watcher/processing-watcher/graph/graph/$9 - Stopped
19:11:15.838 [worker-akka.actor.default-dispatcher-18] INFO  a.a.LocalActorRef akka://worker/user/watcher/processing-watcher/graph/graph/$A - Stopped
19:11:15.838 [worker-akka.actor.default-dispatcher-18] INFO  a.a.LocalActorRef akka://worker/user/watcher/processing-watcher/graph/graph/$Ab - Stopped
19:11:15.839 [worker-akka.actor.default-dispatcher-19] INFO  a.a.LocalActorRef akka://worker/user/watcher/processing-watcher/graph/graph/$B - Stopped
19:11:15.840 [worker-akka.actor.default-dispatcher-19] INFO  a.a.LocalActorRef akka://worker/user/watcher/processing-watcher/graph/graph/$Bb - Stopped
19:11:15.841 [worker-akka.actor.default-dispatcher-19] INFO  a.a.LocalActorRef akka://worker/user/watcher/processing-watcher/graph/graph/$C - Stopped
19:11:15.841 [worker-akka.actor.default-dispatcher-19] INFO  a.a.LocalActorRef akka://worker/user/watcher/processing-watcher/graph/graph/$Cb - Stopped
19:11:15.842 [worker-akka.actor.default-dispatcher-19] INFO  a.a.LocalActorRef akka://worker/user/watcher/processing-watcher/graph/graph/$D - Stopped
19:11:15.843 [worker-akka.actor.default-dispatcher-19] INFO  a.a.LocalActorRef akka://worker/user/watcher/processing-watcher/graph/graph/$Db - Stopped
19:11:15.843 [worker-akka.actor.default-dispatcher-19] INFO  a.a.LocalActorRef akka://worker/user/watcher/processing-watcher/graph/graph/$E - Stopped
19:11:15.844 [worker-akka.actor.default-dispatcher-19] INFO  a.a.LocalActorRef akka://worker/user/watcher/processing-watcher/graph/graph/$Eb - Stopped
19:11:15.845 [worker-akka.actor.default-dispatcher-19] INFO  a.a.LocalActorRef akka://worker/user/watcher/processing-watcher/graph/graph/$F - Stopped
19:11:15.846 [worker-akka.actor.default-dispatcher-19] INFO  a.a.LocalActorRef akka://worker/user/watcher/processing-watcher/graph/graph/$Fb - Stopped
19:11:15.847 [worker-akka.actor.default-dispatcher-19] INFO  a.a.LocalActorRef akka://worker/user/watcher/processing-watcher/graph/graph/$G - Stopped
19:11:15.848 [worker-akka.actor.default-dispatcher-19] INFO  a.a.LocalActorRef akka://worker/user/watcher/processing-watcher/graph/graph/$Gb - Stopped
19:11:15.849 [worker-akka.actor.default-dispatcher-19] INFO  a.a.LocalActorRef akka://worker/user/watcher/processing-watcher/graph/graph/$H - Stopped
19:11:15.850 [worker-akka.actor.default-dispatcher-19] INFO  a.a.LocalActorRef akka://worker/user/watcher/processing-watcher/graph/graph/$Hb - Stopped
19:11:15.851 [worker-akka.actor.default-dispatcher-19] INFO  a.a.LocalActorRef akka://worker/user/watcher/processing-watcher/graph/graph/$I - Stopped
19:11:15.853 [worker-akka.actor.default-dispatcher-19] INFO  a.a.LocalActorRef akka://worker/user/watcher/processing-watcher/graph/graph/$Ib - Stopped
19:11:15.854 [worker-akka.actor.default-dispatcher-19] INFO  a.a.LocalActorRef akka://worker/user/watcher/processing-watcher/graph/graph/$J - Stopped
19:11:15.855 [worker-akka.actor.default-dispatcher-19] INFO  a.a.LocalActorRef akka://worker/user/watcher/processing-watcher/graph/graph/$Jb - Stopped
19:11:15.856 [worker-akka.actor.default-dispatcher-19] INFO  a.a.LocalActorRef akka://worker/user/watcher/processing-watcher/graph/graph/$K - Stopped
19:11:15.857 [worker-akka.actor.default-dispatcher-19] INFO  a.a.LocalActorRef akka://worker/user/watcher/processing-watcher/graph/graph/$Kb - Stopped
19:11:15.858 [worker-akka.actor.default-dispatcher-19] INFO  a.a.LocalActorRef akka://worker/user/watcher/processing-watcher/graph/graph/$L - Stopped
19:11:15.860 [worker-akka.actor.default-dispatcher-18] INFO  a.a.LocalActorRef akka://worker/user/watcher/processing-watcher/graph/graph/$Lb - Stopped
19:11:15.860 [worker-akka.actor.default-dispatcher-18] INFO  a.a.LocalActorRef akka://worker/user/watcher/processing-watcher/graph/graph/$M - Stopped
19:11:15.860 [worker-akka.actor.default-dispatcher-18] INFO  a.a.LocalActorRef akka://worker/user/watcher/processing-watcher/graph/graph/$Mb - Stopped
19:11:15.860 [worker-akka.actor.default-dispatcher-18] INFO  a.a.LocalActorRef akka://worker/user/watcher/processing-watcher/graph/graph/$N - Stopped
19:11:15.860 [worker-akka.actor.default-dispatcher-18] INFO  a.a.LocalActorRef akka://worker/user/watcher/processing-watcher/graph/graph/$Nb - Stopped
19:11:15.860 [worker-akka.actor.default-dispatcher-18] INFO  a.a.LocalActorRef akka://worker/user/watcher/processing-watcher/graph/graph/$O - Stopped
19:11:15.862 [worker-akka.actor.default-dispatcher-19] INFO  a.a.LocalActorRef akka://worker/user/watcher/processing-watcher/graph/graph/$P - Stopped
19:11:15.862 [worker-akka.actor.default-dispatcher-19] INFO  a.a.LocalActorRef akka://worker/user/watcher/processing-watcher/graph/graph/$Q - Stopped
19:11:15.862 [worker-akka.actor.default-dispatcher-19] INFO  a.a.LocalActorRef akka://worker/user/watcher/processing-watcher/graph/graph/$R - Stopped
19:11:15.870 [worker-akka.actor.default-dispatcher-19] INFO  a.a.LocalActorRef akka://worker/user/watcher/processing-watcher/graph/graph/$S - Stopped
19:11:15.870 [worker-akka.actor.default-dispatcher-19] INFO  a.a.LocalActorRef akka://worker/user/watcher/processing-watcher/graph/graph/$T - Stopped
19:11:15.871 [worker-akka.actor.default-dispatcher-17] INFO  a.a.LocalActorRef akka://worker/user/watcher/processing-watcher/graph/graph/$U - Stopped
19:11:15.871 [worker-akka.actor.default-dispatcher-17] INFO  a.a.LocalActorRef akka://worker/user/watcher/processing-watcher/graph/graph/$V - Stopped
19:11:15.871 [worker-akka.actor.default-dispatcher-17] INFO  a.a.LocalActorRef akka://worker/user/watcher/processing-watcher/graph/graph/$W - Stopped
19:11:15.871 [worker-akka.actor.default-dispatcher-17] INFO  a.a.LocalActorRef akka://worker/user/watcher/processing-watcher/graph/graph/$X - Stopped
19:11:15.871 [worker-akka.actor.default-dispatcher-17] INFO  a.a.LocalActorRef akka://worker/user/watcher/processing-watcher/graph/graph/$Y - Stopped
19:11:15.871 [worker-akka.actor.default-dispatcher-17] INFO  a.a.LocalActorRef akka://worker/user/watcher/processing-watcher/graph/graph/$Z - Stopped
19:11:15.871 [worker-akka.actor.default-dispatcher-17] INFO  a.a.LocalActorRef akka://worker/user/watcher/processing-watcher/graph/graph/$a - Stopped
19:11:15.877 [worker-akka.actor.default-dispatcher-19] INFO  a.a.LocalActorRef akka://worker/user/watcher/processing-watcher/graph/graph/$ab - Stopped
19:11:15.878 [worker-akka.actor.default-dispatcher-19] INFO  a.a.LocalActorRef akka://worker/user/watcher/processing-watcher/graph/graph/$b - Stopped
19:11:15.879 [worker-akka.actor.default-dispatcher-19] INFO  a.a.LocalActorRef akka://worker/user/watcher/processing-watcher/graph/graph/$bb - Stopped
19:11:15.884 [worker-akka.actor.default-dispatcher-19] INFO  a.a.LocalActorRef akka://worker/user/watcher/processing-watcher/graph/graph/$c - Stopped
19:11:15.884 [worker-akka.actor.default-dispatcher-19] INFO  a.a.LocalActorRef akka://worker/user/watcher/processing-watcher/graph/graph/$cb - Stopped
19:11:15.885 [worker-akka.actor.default-dispatcher-19] INFO  a.a.LocalActorRef akka://worker/user/watcher/processing-watcher/graph/graph/$d - Stopped
19:11:15.886 [worker-akka.actor.default-dispatcher-19] INFO  a.a.LocalActorRef akka://worker/user/watcher/processing-watcher/graph/graph/$db - Stopped
19:11:15.887 [worker-akka.actor.default-dispatcher-19] INFO  a.a.LocalActorRef akka://worker/user/watcher/processing-watcher/graph/graph/$e - Stopped
19:11:15.887 [worker-akka.actor.default-dispatcher-19] INFO  a.a.LocalActorRef akka://worker/user/watcher/processing-watcher/graph/graph/$eb - Stopped
19:11:15.891 [worker-akka.actor.default-dispatcher-19] INFO  a.a.LocalActorRef akka://worker/user/watcher/processing-watcher/graph/graph/$f - Stopped
19:11:15.891 [worker-akka.actor.default-dispatcher-19] INFO  a.a.LocalActorRef akka://worker/user/watcher/processing-watcher/graph/graph/$fb - Stopped
19:11:15.891 [worker-akka.actor.default-dispatcher-19] INFO  a.a.LocalActorRef akka://worker/user/watcher/processing-watcher/graph/graph/$g - Stopped
19:11:15.892 [worker-akka.actor.default-dispatcher-19] INFO  a.a.LocalActorRef akka://worker/user/watcher/processing-watcher/graph/graph/$gb - Stopped
19:11:15.893 [worker-akka.actor.default-dispatcher-19] INFO  a.a.LocalActorRef akka://worker/user/watcher/processing-watcher/graph/graph/$h - Stopped
19:11:15.895 [worker-akka.actor.default-dispatcher-19] INFO  a.a.LocalActorRef akka://worker/user/watcher/processing-watcher/graph/graph/$hb - Stopped
19:11:15.895 [worker-akka.actor.default-dispatcher-19] INFO  a.a.LocalActorRef akka://worker/user/watcher/processing-watcher/graph/graph/$i - Stopped
19:11:15.896 [worker-akka.actor.default-dispatcher-19] INFO  a.a.LocalActorRef akka://worker/user/watcher/processing-watcher/graph/graph/$ib - Stopped
19:11:15.896 [worker-akka.actor.default-dispatcher-19] INFO  a.a.LocalActorRef akka://worker/user/watcher/processing-watcher/graph/graph/$j - Stopped
19:11:15.897 [worker-akka.actor.default-dispatcher-19] INFO  a.a.LocalActorRef akka://worker/user/watcher/processing-watcher/graph/graph/$jb - Stopped
19:11:15.899 [worker-akka.actor.default-dispatcher-19] INFO  a.a.LocalActorRef akka://worker/user/watcher/processing-watcher/graph/graph/$k - Stopped
19:11:15.899 [worker-akka.actor.default-dispatcher-19] INFO  a.a.LocalActorRef akka://worker/user/watcher/processing-watcher/graph/graph/$kb - Stopped
19:11:15.900 [worker-akka.actor.default-dispatcher-19] INFO  a.a.LocalActorRef akka://worker/user/watcher/processing-watcher/graph/graph/$l - Stopped
19:11:15.901 [worker-akka.actor.default-dispatcher-19] INFO  a.a.LocalActorRef akka://worker/user/watcher/processing-watcher/graph/graph/$lb - Stopped
19:11:15.902 [worker-akka.actor.default-dispatcher-19] INFO  a.a.LocalActorRef akka://worker/user/watcher/processing-watcher/graph/graph/$m - Stopped
19:11:15.902 [worker-akka.actor.default-dispatcher-19] INFO  a.a.LocalActorRef akka://worker/user/watcher/processing-watcher/graph/graph/$mb - Stopped
19:11:15.902 [worker-akka.actor.default-dispatcher-19] INFO  a.a.LocalActorRef akka://worker/user/watcher/processing-watcher/graph/graph/$n - Stopped
19:11:15.903 [worker-akka.actor.default-dispatcher-19] INFO  a.a.LocalActorRef akka://worker/user/watcher/processing-watcher/graph/graph/$nb - Stopped
19:11:15.904 [worker-akka.actor.default-dispatcher-19] INFO  a.a.LocalActorRef akka://worker/user/watcher/processing-watcher/graph/graph/$o - Stopped
19:11:15.905 [worker-akka.actor.default-dispatcher-19] INFO  a.a.LocalActorRef akka://worker/user/watcher/processing-watcher/graph/graph/$ob - Stopped
19:11:15.906 [worker-akka.actor.default-dispatcher-19] INFO  a.a.LocalActorRef akka://worker/user/watcher/processing-watcher/graph/graph/$p - Stopped
19:11:15.906 [worker-akka.actor.default-dispatcher-19] INFO  a.a.LocalActorRef akka://worker/user/watcher/processing-watcher/graph/graph/$pb - Stopped
19:11:15.907 [worker-akka.actor.default-dispatcher-19] INFO  a.r.a.Association(akka://worker) akka.remote.artery.Association(akka://worker) - Association to [akka://worker@flamestream-benchmarks-worker-7:5412] having UID [-8402705718985215474] has been stopped. All messages to this UID will be delivered to dead letters. Reason: ActorSystem terminated
19:11:15.908 [worker-akka.actor.default-dispatcher-19] INFO  a.a.LocalActorRef akka://worker/user/watcher/processing-watcher/graph/graph/$q - Stopped
19:11:15.910 [worker-akka.actor.default-dispatcher-19] INFO  a.a.LocalActorRef akka://worker/user/watcher/processing-watcher/graph/graph/$qb - Stopped
19:11:15.912 [worker-akka.actor.default-dispatcher-18] INFO  a.a.LocalActorRef akka://worker/user/watcher/processing-watcher/graph/graph/$r - Stopped
19:11:15.912 [worker-akka.actor.default-dispatcher-18] INFO  a.a.LocalActorRef akka://worker/user/watcher/processing-watcher/graph/graph/$rb - Stopped
19:11:15.912 [worker-akka.actor.default-dispatcher-18] INFO  a.a.LocalActorRef akka://worker/user/watcher/processing-watcher/graph/graph/$s - Stopped
19:11:15.912 [worker-akka.actor.default-dispatcher-18] INFO  a.a.LocalActorRef akka://worker/user/watcher/processing-watcher/graph/graph/$sb - Stopped
19:11:15.912 [worker-akka.actor.default-dispatcher-18] INFO  a.a.LocalActorRef akka://worker/user/watcher/processing-watcher/graph/graph/$t - Stopped
19:11:15.912 [worker-akka.actor.default-dispatcher-18] INFO  a.a.LocalActorRef akka://worker/user/watcher/processing-watcher/graph/graph/$tb - Stopped
19:11:15.913 [worker-akka.actor.default-dispatcher-19] INFO  a.a.LocalActorRef akka://worker/user/watcher/processing-watcher/graph/graph/$u - Stopped
19:11:15.913 [worker-akka.actor.default-dispatcher-19] INFO  a.a.LocalActorRef akka://worker/user/watcher/processing-watcher/graph/graph/$ub - Stopped
19:11:15.914 [worker-akka.actor.default-dispatcher-19] INFO  a.a.LocalActorRef akka://worker/user/watcher/processing-watcher/graph/graph/$v - Stopped
19:11:15.914 [worker-akka.actor.default-dispatcher-19] INFO  a.a.LocalActorRef akka://worker/user/watcher/processing-watcher/graph/graph/$vb - Stopped
19:11:15.916 [worker-akka.actor.default-dispatcher-19] INFO  a.a.LocalActorRef akka://worker/user/watcher/processing-watcher/graph/graph/$w - Stopped
19:11:15.916 [worker-akka.actor.default-dispatcher-19] INFO  a.a.LocalActorRef akka://worker/user/watcher/processing-watcher/graph/graph/$wb - Stopped
19:11:15.917 [worker-akka.actor.default-dispatcher-19] INFO  a.a.LocalActorRef akka://worker/user/watcher/processing-watcher/graph/graph/$x - Stopped
19:11:15.917 [worker-akka.actor.default-dispatcher-19] INFO  a.a.LocalActorRef akka://worker/user/watcher/processing-watcher/graph/graph/$xb - Stopped
19:11:15.918 [worker-akka.actor.default-dispatcher-19] INFO  a.a.LocalActorRef akka://worker/user/watcher/processing-watcher/graph/graph/$y - Stopped
19:11:15.919 [worker-akka.actor.default-dispatcher-19] INFO  a.a.LocalActorRef akka://worker/user/watcher/processing-watcher/graph/graph/$yb - Stopped
19:11:15.919 [worker-akka.actor.default-dispatcher-19] INFO  a.a.LocalActorRef akka://worker/user/watcher/processing-watcher/graph/graph/$z - Stopped
19:11:15.920 [worker-akka.actor.default-dispatcher-17] INFO  a.a.LocalActorRef akka://worker/user/watcher/processing-watcher/graph/graph/$zb - Stopped
19:11:15.920 [worker-akka.actor.default-dispatcher-17] INFO  a.a.LocalActorRef akka://worker/user/watcher/processing-watcher/graph/graph/$~ - Stopped
19:11:15.934 [worker-akka.actor.default-dispatcher-19] INFO  a.a.LocalActorRef akka://worker/user/watcher/processing-watcher/graph/graph - Stopped
19:11:15.939 [worker-akka.actor.default-dispatcher-19] INFO  a.a.LocalActorRef akka://worker/user/watcher/processing-watcher/graph - Stopped
19:11:15.939 [worker-akka.actor.default-dispatcher-19] INFO  a.a.LocalActorRef akka://worker/user/watcher/processing-watcher - Stopped
19:11:15.940 [Curator-Framework-0] INFO  o.a.c.f.i.CuratorFrameworkImpl  - backgroundOperationsLoop exiting
19:11:15.949 [Curator-PathChildrenCache-0] ERROR o.a.c.f.r.c.PathChildrenCache  - 
java.lang.IllegalStateException: instance must be started before calling this method
	at org.apache.curator.shaded.com.google.common.base.Preconditions.checkState(Preconditions.java:444)
	at org.apache.curator.framework.imps.CuratorFrameworkImpl.getChildren(CuratorFrameworkImpl.java:456)
	at org.apache.curator.framework.recipes.cache.PathChildrenCache.refresh(PathChildrenCache.java:521)
	at org.apache.curator.framework.recipes.cache.RefreshOperation.invoke(RefreshOperation.java:35)
	at org.apache.curator.framework.recipes.cache.PathChildrenCache$9.run(PathChildrenCache.java:786)
	at java.util.concurrent.Executors$RunnableAdapter.call(Executors.java:511)
	at java.util.concurrent.FutureTask.run(FutureTask.java:266)
	at java.util.concurrent.Executors$RunnableAdapter.call(Executors.java:511)
	at java.util.concurrent.FutureTask.run(FutureTask.java:266)
	at java.util.concurrent.ThreadPoolExecutor.runWorker(ThreadPoolExecutor.java:1149)
	at java.util.concurrent.ThreadPoolExecutor$Worker.run(ThreadPoolExecutor.java:624)
	at java.lang.Thread.run(Thread.java:748)
19:11:15.949 [worker-akka.actor.default-dispatcher-6-EventThread] INFO  o.a.z.ClientCnxn  - EventThread shut down for session: 0x100015787a4000c
19:11:15.950 [worker-akka.actor.default-dispatcher-19] INFO  o.a.z.ZooKeeper  - Session: 0x100015787a4000c closed
19:11:15.950 [worker-akka.actor.default-dispatcher-9] INFO  a.a.RepointableActorRef akka://worker/user/watcher - Stopped
19:11:15.956 [worker-akka.actor.default-dispatcher-9] INFO  a.r.RemoteActorRefProvider$RemotingTerminator akka://worker@flamestream-benchmarks-worker-14:5412/system/remoting-terminator - Shutting down remote daemon.
19:11:15.956 [worker-akka.actor.default-dispatcher-9] INFO  a.r.RemoteActorRefProvider$RemotingTerminator akka://worker@flamestream-benchmarks-worker-14:5412/system/remoting-terminator - Remote daemon shut down; proceeding with flushing remote transports.
19:11:17.169 [worker-akka.actor.default-dispatcher-19] INFO  a.r.RemoteActorRefProvider$RemotingTerminator akka://worker@flamestream-benchmarks-worker-14:5412/system/remoting-terminator - Remoting shut down.
Heap
 def new generation   total 460800K, used 277902K [0x00000000a2400000, 0x00000000c1800000, 0x00000000c1800000)
  eden space 409600K,  67% used [0x00000000a2400000, 0x00000000b3332a28, 0x00000000bb400000)
  from space 51200K,   0% used [0x00000000bb400000, 0x00000000bb430f60, 0x00000000be600000)
  to   space 51200K,   0% used [0x00000000be600000, 0x00000000be600000, 0x00000000c1800000)
 tenured generation   total 1024000K, used 56845K [0x00000000c1800000, 0x0000000100000000, 0x0000000100000000)
   the space 1024000K,   5% used [0x00000000c1800000, 0x00000000c4f835a8, 0x00000000c4f83600, 0x0000000100000000)
 Metaspace       used 40774K, capacity 43558K, committed 43904K, reserved 1087488K
  class space    used 5343K, capacity 5663K, committed 5760K, reserved 1048576K
