12:57:32,124 |-INFO in ch.qos.logback.classic.LoggerContext[default] - Could NOT find resource [logback-test.xml]
12:57:32,124 |-INFO in ch.qos.logback.classic.LoggerContext[default] - Could NOT find resource [logback.groovy]
12:57:32,124 |-INFO in ch.qos.logback.classic.LoggerContext[default] - Found resource [logback.xml] at [jar:file:/home/nikitasokolov/flamestream/lib/flamestream-runtime-1.0-SNAPSHOT.jar!/logback.xml]
12:57:32,125 |-WARN in ch.qos.logback.classic.LoggerContext[default] - Resource [logback.xml] occurs multiple times on the classpath.
12:57:32,125 |-WARN in ch.qos.logback.classic.LoggerContext[default] - Resource [logback.xml] occurs at [jar:file:/home/nikitasokolov/flamestream/lib/flamestream-runtime-1.0-SNAPSHOT.jar!/logback.xml]
12:57:32,125 |-WARN in ch.qos.logback.classic.LoggerContext[default] - Resource [logback.xml] occurs at [jar:file:/home/nikitasokolov/flamestream/flamestream-runtime-1.0-SNAPSHOT.jar!/logback.xml]
12:57:32,140 |-INFO in ch.qos.logback.core.joran.spi.ConfigurationWatchList@6108b2d7 - URL [jar:file:/home/nikitasokolov/flamestream/lib/flamestream-runtime-1.0-SNAPSHOT.jar!/logback.xml] is not of type file
12:57:32,190 |-INFO in ch.qos.logback.classic.joran.action.ConfigurationAction - debug attribute not set
12:57:32,191 |-INFO in ch.qos.logback.core.joran.action.AppenderAction - About to instantiate appender of type [ch.qos.logback.core.ConsoleAppender]
12:57:32,198 |-INFO in ch.qos.logback.core.joran.action.AppenderAction - Naming appender as [STDOUT]
12:57:32,206 |-INFO in ch.qos.logback.core.joran.action.NestedComplexPropertyIA - Assuming default type [ch.qos.logback.classic.encoder.PatternLayoutEncoder] for [encoder] property
12:57:32,259 |-INFO in ch.qos.logback.core.joran.action.AppenderAction - About to instantiate appender of type [ch.qos.logback.core.rolling.RollingFileAppender]
12:57:32,264 |-INFO in ch.qos.logback.core.joran.action.AppenderAction - Naming appender as [FILE]
12:57:32,285 |-INFO in c.q.l.core.rolling.TimeBasedRollingPolicy@357863579 - No compression will be used
12:57:32,286 |-INFO in c.q.l.core.rolling.TimeBasedRollingPolicy@357863579 - Will use the pattern /tmp/application_%d{yyyy-MM-dd}.%i.log for the active file
12:57:32,289 |-INFO in ch.qos.logback.core.rolling.SizeAndTimeBasedFNATP@6bf256fa - The date pattern is 'yyyy-MM-dd' from file name pattern '/tmp/application_%d{yyyy-MM-dd}.%i.log'.
12:57:32,289 |-INFO in ch.qos.logback.core.rolling.SizeAndTimeBasedFNATP@6bf256fa - Roll-over at midnight.
12:57:32,293 |-INFO in ch.qos.logback.core.rolling.SizeAndTimeBasedFNATP@6bf256fa - Setting initial period to Sun Jun 09 12:56:46 MSK 2019
12:57:32,293 |-WARN in ch.qos.logback.core.rolling.SizeAndTimeBasedFNATP@6bf256fa - SizeAndTimeBasedFNATP is deprecated. Use SizeAndTimeBasedRollingPolicy instead
12:57:32,293 |-WARN in ch.qos.logback.core.rolling.SizeAndTimeBasedFNATP@6bf256fa - For more information see http://logback.qos.ch/manual/appenders.html#SizeAndTimeBasedRollingPolicy
12:57:32,298 |-INFO in ch.qos.logback.core.joran.action.NestedComplexPropertyIA - Assuming default type [ch.qos.logback.classic.encoder.PatternLayoutEncoder] for [encoder] property
12:57:32,300 |-INFO in ch.qos.logback.core.rolling.RollingFileAppender[FILE] - Active log file name: /tmp/application.log
12:57:32,300 |-INFO in ch.qos.logback.core.rolling.RollingFileAppender[FILE] - File property is set to [/tmp/application.log]
12:57:32,301 |-INFO in ch.qos.logback.classic.joran.action.RootLoggerAction - Setting level of ROOT logger to WARN
12:57:32,301 |-INFO in ch.qos.logback.core.joran.action.AppenderRefAction - Attaching appender named [STDOUT] to Logger[ROOT]
12:57:32,302 |-INFO in ch.qos.logback.core.joran.action.AppenderRefAction - Attaching appender named [FILE] to Logger[ROOT]
12:57:32,302 |-INFO in ch.qos.logback.classic.joran.action.ConfigurationAction - End of configuration.
12:57:32,302 |-INFO in ch.qos.logback.classic.joran.JoranConfigurator@6cd8737 - Registering current configuration as safe fallback point

2019-06-09T12:57:33.286+0300: 1.372: [GC (Metadata GC Threshold) [PSYoungGen: 108152K->15691K(149504K)] 108152K->15771K(491008K), 0.0201999 secs] [Times: user=0.10 sys=0.02, real=0.02 secs] 
2019-06-09T12:57:33.306+0300: 1.393: [Full GC (Metadata GC Threshold) [PSYoungGen: 15691K->0K(149504K)] [ParOldGen: 80K->14981K(341504K)] 15771K->14981K(491008K), [Metaspace: 20802K->20802K(1067008K)], 0.0302693 secs] [Times: user=0.20 sys=0.00, real=0.03 secs] 
12:57:45.214 [Curator-PathChildrenCache-2] WARN  o.a.c.u.ZKPaths  - The version of ZooKeeper being used doesn't support Container nodes. CreateMode.PERSISTENT will be used instead.
2019-06-09T12:57:46.190+0300: 14.276: [GC (Metadata GC Threshold) [PSYoungGen: 126197K->15672K(149504K)] 141178K->50193K(491008K), 0.0915725 secs] [Times: user=0.25 sys=0.02, real=0.09 secs] 
2019-06-09T12:57:46.282+0300: 14.368: [Full GC (Metadata GC Threshold) [PSYoungGen: 15672K->0K(149504K)] [ParOldGen: 34521K->38687K(341504K)] 50193K->38687K(491008K), [Metaspace: 34558K->34558K(1079296K)], 0.0515724 secs] [Times: user=0.19 sys=0.02, real=0.05 secs] 
2019-06-09T12:57:48.835+0300: 16.921: [GC (Allocation Failure) [PSYoungGen: 128512K->416K(149504K)] 167199K->39111K(491008K), 0.0042480 secs] [Times: user=0.01 sys=0.00, real=0.01 secs] 
2019-06-09T12:57:51.947+0300: 20.034: [GC (Allocation Failure) [PSYoungGen: 128928K->384K(149504K)] 167623K->39087K(491008K), 0.0825702 secs] [Times: user=0.04 sys=0.00, real=0.09 secs] 
2019-06-09T12:57:55.105+0300: 23.192: [GC (Allocation Failure) [PSYoungGen: 128896K->384K(149504K)] 167599K->39095K(491008K), 0.0022488 secs] [Times: user=0.01 sys=0.00, real=0.00 secs] 
2019-06-09T12:57:58.268+0300: 26.355: [GC (Allocation Failure) [PSYoungGen: 128896K->480K(150016K)] 167607K->39199K(491520K), 0.0060547 secs] [Times: user=0.05 sys=0.00, real=0.01 secs] 
2019-06-09T12:58:01.432+0300: 29.519: [GC (Allocation Failure) [PSYoungGen: 129504K->512K(149504K)] 168223K->39231K(491008K), 0.0036549 secs] [Times: user=0.02 sys=0.00, real=0.00 secs] 
2019-06-09T12:58:04.628+0300: 32.715: [GC (Allocation Failure) [PSYoungGen: 129536K->480K(152064K)] 168255K->39207K(493568K), 0.0029121 secs] [Times: user=0.01 sys=0.01, real=0.01 secs] 
2019-06-09T12:58:07.878+0300: 35.965: [GC (Allocation Failure) [PSYoungGen: 133088K->512K(151040K)] 171815K->39239K(492544K), 0.0050175 secs] [Times: user=0.04 sys=0.00, real=0.00 secs] 
2019-06-09T12:58:11.149+0300: 39.236: [GC (Allocation Failure) [PSYoungGen: 133120K->480K(153600K)] 171847K->39207K(495104K), 0.0031682 secs] [Times: user=0.01 sys=0.01, real=0.01 secs] 
2019-06-09T12:58:19.655+0300: 47.741: [GC (Allocation Failure) [PSYoungGen: 136160K->881K(152576K)] 174887K->39616K(494080K), 0.0048670 secs] [Times: user=0.02 sys=0.00, real=0.01 secs] 
12:58:19.672 [Curator-PathChildrenCache-0] ERROR o.a.c.f.r.c.PathChildrenCache  - 
java.lang.IllegalStateException: instance must be started before calling this method
	at org.apache.curator.shaded.com.google.common.base.Preconditions.checkState(Preconditions.java:444)
	at org.apache.curator.framework.imps.CuratorFrameworkImpl.getChildren(CuratorFrameworkImpl.java:456)
	at org.apache.curator.framework.recipes.cache.PathChildrenCache.refresh(PathChildrenCache.java:521)
	at org.apache.curator.framework.recipes.cache.RefreshOperation.invoke(RefreshOperation.java:35)
	at org.apache.curator.framework.recipes.cache.PathChildrenCache$9.run(PathChildrenCache.java:786)
	at java.util.concurrent.Executors$RunnableAdapter.call(Executors.java:511)
	at java.util.concurrent.FutureTask.run(FutureTask.java:266)
	at java.util.concurrent.Executors$RunnableAdapter.call(Executors.java:511)
	at java.util.concurrent.FutureTask.run(FutureTask.java:266)
	at java.util.concurrent.ThreadPoolExecutor.runWorker(ThreadPoolExecutor.java:1149)
	at java.util.concurrent.ThreadPoolExecutor$Worker.run(ThreadPoolExecutor.java:624)
	at java.lang.Thread.run(Thread.java:748)
Heap
 PSYoungGen      total 152576K, used 9447K [0x00000000f5980000, 0x0000000100000000, 0x0000000100000000)
  eden space 135680K, 6% used [0x00000000f5980000,0x00000000f61dda38,0x00000000fde00000)
  from space 16896K, 5% used [0x00000000fde00000,0x00000000fdedc4b0,0x00000000fee80000)
  to   space 15872K, 0% used [0x00000000ff080000,0x00000000ff080000,0x0000000100000000)
 ParOldGen       total 341504K, used 38735K [0x00000000e0c00000, 0x00000000f5980000, 0x00000000f5980000)
  object space 341504K, 11% used [0x00000000e0c00000,0x00000000e31d3eb0,0x00000000f5980000)
 Metaspace       used 35717K, capacity 36606K, committed 36952K, reserved 1081344K
  class space    used 4936K, capacity 5129K, committed 5248K, reserved 1048576K
