13:14:50,998 |-INFO in ch.qos.logback.classic.LoggerContext[default] - Could NOT find resource [logback-test.xml]
13:14:50,998 |-INFO in ch.qos.logback.classic.LoggerContext[default] - Could NOT find resource [logback.groovy]
13:14:50,999 |-INFO in ch.qos.logback.classic.LoggerContext[default] - Found resource [logback.xml] at [jar:file:/root/flamestream/lib/flamestream-runtime-1.0-SNAPSHOT.jar!/logback.xml]
13:14:50,999 |-WARN in ch.qos.logback.classic.LoggerContext[default] - Resource [logback.xml] occurs multiple times on the classpath.
13:14:51,000 |-WARN in ch.qos.logback.classic.LoggerContext[default] - Resource [logback.xml] occurs at [jar:file:/root/flamestream/lib/flamestream-runtime-1.0-SNAPSHOT.jar!/logback.xml]
13:14:51,000 |-WARN in ch.qos.logback.classic.LoggerContext[default] - Resource [logback.xml] occurs at [jar:file:/root/flamestream/flamestream-runtime-1.0-SNAPSHOT.jar!/logback.xml]
13:14:51,020 |-INFO in ch.qos.logback.core.joran.spi.ConfigurationWatchList@3fb6a447 - URL [jar:file:/root/flamestream/lib/flamestream-runtime-1.0-SNAPSHOT.jar!/logback.xml] is not of type file
13:14:51,085 |-INFO in ch.qos.logback.classic.joran.action.ConfigurationAction - debug attribute not set
13:14:51,086 |-INFO in ch.qos.logback.core.joran.action.AppenderAction - About to instantiate appender of type [ch.qos.logback.core.ConsoleAppender]
13:14:51,102 |-INFO in ch.qos.logback.core.joran.action.AppenderAction - Naming appender as [STDOUT]
13:14:51,121 |-INFO in ch.qos.logback.core.joran.action.NestedComplexPropertyIA - Assuming default type [ch.qos.logback.classic.encoder.PatternLayoutEncoder] for [encoder] property
13:14:51,207 |-INFO in ch.qos.logback.core.joran.action.AppenderAction - About to instantiate appender of type [ch.qos.logback.core.rolling.RollingFileAppender]
13:14:51,212 |-INFO in ch.qos.logback.core.joran.action.AppenderAction - Naming appender as [FILE]
13:14:51,242 |-INFO in c.q.l.core.rolling.TimeBasedRollingPolicy@127618319 - No compression will be used
13:14:51,243 |-INFO in c.q.l.core.rolling.TimeBasedRollingPolicy@127618319 - Will use the pattern /tmp/application_%d{yyyy-MM-dd}.%i.log for the active file
13:14:51,246 |-INFO in ch.qos.logback.core.rolling.SizeAndTimeBasedFNATP@6b2fad11 - The date pattern is 'yyyy-MM-dd' from file name pattern '/tmp/application_%d{yyyy-MM-dd}.%i.log'.
13:14:51,246 |-INFO in ch.qos.logback.core.rolling.SizeAndTimeBasedFNATP@6b2fad11 - Roll-over at midnight.
13:14:51,251 |-INFO in ch.qos.logback.core.rolling.SizeAndTimeBasedFNATP@6b2fad11 - Setting initial period to Mon Jun 10 13:13:31 UTC 2019
13:14:51,251 |-WARN in ch.qos.logback.core.rolling.SizeAndTimeBasedFNATP@6b2fad11 - SizeAndTimeBasedFNATP is deprecated. Use SizeAndTimeBasedRollingPolicy instead
13:14:51,251 |-WARN in ch.qos.logback.core.rolling.SizeAndTimeBasedFNATP@6b2fad11 - For more information see http://logback.qos.ch/manual/appenders.html#SizeAndTimeBasedRollingPolicy
13:14:51,255 |-INFO in ch.qos.logback.core.joran.action.NestedComplexPropertyIA - Assuming default type [ch.qos.logback.classic.encoder.PatternLayoutEncoder] for [encoder] property
13:14:51,260 |-INFO in ch.qos.logback.core.rolling.RollingFileAppender[FILE] - Active log file name: /tmp/application.log
13:14:51,260 |-INFO in ch.qos.logback.core.rolling.RollingFileAppender[FILE] - File property is set to [/tmp/application.log]
13:14:51,261 |-INFO in ch.qos.logback.classic.joran.action.RootLoggerAction - Setting level of ROOT logger to WARN
13:14:51,261 |-INFO in ch.qos.logback.core.joran.action.AppenderRefAction - Attaching appender named [STDOUT] to Logger[ROOT]
13:14:51,263 |-INFO in ch.qos.logback.core.joran.action.AppenderRefAction - Attaching appender named [FILE] to Logger[ROOT]
13:14:51,263 |-INFO in ch.qos.logback.classic.joran.action.ConfigurationAction - End of configuration.
13:14:51,263 |-INFO in ch.qos.logback.classic.joran.JoranConfigurator@79698539 - Registering current configuration as safe fallback point

Ama winner
Ama winner
2019-06-10T13:14:52.543+0000: 1.732: [Full GC (Metadata GC Threshold) 2019-06-10T13:14:52.543+0000: 1.732: [Tenured: 0K->15240K(341376K), 0.0434538 secs] 114986K->15240K(494976K), [Metaspace: 20734K->20734K(1067008K)], 0.0435218 secs] [Times: user=0.03 sys=0.01, real=0.04 secs] 
13:15:12.432 [Curator-PathChildrenCache-1] WARN  o.a.c.u.ZKPaths  - The version of ZooKeeper being used doesn't support Container nodes. CreateMode.PERSISTENT will be used instead.
2019-06-10T13:15:14.859+0000: 24.048: [GC (Allocation Failure) 2019-06-10T13:15:14.859+0000: 24.048: [DefNew: 136576K->17023K(153600K), 0.0320901 secs] 151816K->52782K(494976K), 0.0321768 secs] [Times: user=0.03 sys=0.00, real=0.04 secs] 
2019-06-10T13:15:17.448+0000: 26.637: [Full GC (Metadata GC Threshold) 2019-06-10T13:15:17.448+0000: 26.637: [Tenured: 35758K->44625K(341376K), 0.0437266 secs] 100292K->44625K(494976K), [Metaspace: 34629K->34629K(1079296K)], 0.0438062 secs] [Times: user=0.03 sys=0.01, real=0.05 secs] 
2019-06-10T13:15:25.758+0000: 34.947: [GC (Allocation Failure) 2019-06-10T13:15:25.758+0000: 34.947: [DefNew: 136576K->92K(153600K), 0.0018959 secs] 181201K->44718K(494976K), 0.0019610 secs] [Times: user=0.00 sys=0.00, real=0.00 secs] 
2019-06-10T13:15:34.172+0000: 43.361: [GC (Allocation Failure) 2019-06-10T13:15:34.172+0000: 43.361: [DefNew: 136668K->119K(153600K), 0.0017227 secs] 181294K->44745K(494976K), 0.0017847 secs] [Times: user=0.00 sys=0.00, real=0.00 secs] 
2019-06-10T13:15:42.529+0000: 51.718: [GC (Allocation Failure) 2019-06-10T13:15:42.529+0000: 51.718: [DefNew: 136695K->122K(153600K), 0.0017682 secs] 181321K->44747K(494976K), 0.0018296 secs] [Times: user=0.00 sys=0.00, real=0.01 secs] 
2019-06-10T13:15:50.924+0000: 60.113: [GC (Allocation Failure) 2019-06-10T13:15:50.924+0000: 60.113: [DefNew: 136698K->121K(153600K), 0.0017425 secs] 181323K->44747K(494976K), 0.0018032 secs] [Times: user=0.00 sys=0.00, real=0.00 secs] 
2019-06-10T13:16:00.654+0000: 69.843: [GC (Allocation Failure) 2019-06-10T13:16:00.654+0000: 69.843: [DefNew: 136697K->468K(153600K), 0.0023352 secs] 181323K->45093K(494976K), 0.0023961 secs] [Times: user=0.00 sys=0.00, real=0.00 secs] 
2019-06-10T13:16:10.665+0000: 79.854: [GC (Allocation Failure) 2019-06-10T13:16:10.665+0000: 79.854: [DefNew: 137044K->217K(153600K), 0.0019879 secs] 181669K->44842K(494976K), 0.0020493 secs] [Times: user=0.00 sys=0.01, real=0.00 secs] 
13:16:23.173 [Curator-PathChildrenCache-0] ERROR o.a.c.f.r.c.PathChildrenCache  - 
java.lang.IllegalStateException: instance must be started before calling this method
	at org.apache.curator.shaded.com.google.common.base.Preconditions.checkState(Preconditions.java:444)
	at org.apache.curator.framework.imps.CuratorFrameworkImpl.getChildren(CuratorFrameworkImpl.java:456)
	at org.apache.curator.framework.recipes.cache.PathChildrenCache.refresh(PathChildrenCache.java:521)
	at org.apache.curator.framework.recipes.cache.RefreshOperation.invoke(RefreshOperation.java:35)
	at org.apache.curator.framework.recipes.cache.PathChildrenCache$9.run(PathChildrenCache.java:786)
	at java.util.concurrent.Executors$RunnableAdapter.call(Executors.java:511)
	at java.util.concurrent.FutureTask.run(FutureTask.java:266)
	at java.util.concurrent.Executors$RunnableAdapter.call(Executors.java:511)
	at java.util.concurrent.FutureTask.run(FutureTask.java:266)
	at java.util.concurrent.ThreadPoolExecutor.runWorker(ThreadPoolExecutor.java:1149)
	at java.util.concurrent.ThreadPoolExecutor$Worker.run(ThreadPoolExecutor.java:624)
	at java.lang.Thread.run(Thread.java:748)
Heap
 def new generation   total 153600K, used 68671K [0x00000000e0c00000, 0x00000000eb2a0000, 0x00000000eb2a0000)
  eden space 136576K,  50% used [0x00000000e0c00000, 0x00000000e4ed9820, 0x00000000e9160000)
  from space 17024K,   1% used [0x00000000ea200000, 0x00000000ea2364e0, 0x00000000eb2a0000)
  to   space 17024K,   0% used [0x00000000e9160000, 0x00000000e9160000, 0x00000000ea200000)
 tenured generation   total 341376K, used 44625K [0x00000000eb2a0000, 0x0000000100000000, 0x0000000100000000)
   the space 341376K,  13% used [0x00000000eb2a0000, 0x00000000ede34688, 0x00000000ede34800, 0x0000000100000000)
 Metaspace       used 36211K, capacity 37130K, committed 37376K, reserved 1081344K
  class space    used 4869K, capacity 5075K, committed 5120K, reserved 1048576K
