18:18:30,158 |-INFO in ch.qos.logback.classic.LoggerContext[default] - Could NOT find resource [logback-test.xml]
18:18:30,158 |-INFO in ch.qos.logback.classic.LoggerContext[default] - Could NOT find resource [logback.groovy]
18:18:30,158 |-INFO in ch.qos.logback.classic.LoggerContext[default] - Found resource [logback.xml] at [jar:file:/root/flamestream/lib/flamestream-runtime-1.0-SNAPSHOT.jar!/logback.xml]
18:18:30,158 |-WARN in ch.qos.logback.classic.LoggerContext[default] - Resource [logback.xml] occurs multiple times on the classpath.
18:18:30,159 |-WARN in ch.qos.logback.classic.LoggerContext[default] - Resource [logback.xml] occurs at [jar:file:/root/flamestream/lib/flamestream-runtime-1.0-SNAPSHOT.jar!/logback.xml]
18:18:30,159 |-WARN in ch.qos.logback.classic.LoggerContext[default] - Resource [logback.xml] occurs at [jar:file:/root/flamestream/flamestream-runtime-1.0-SNAPSHOT.jar!/logback.xml]
18:18:30,182 |-INFO in ch.qos.logback.core.joran.spi.ConfigurationWatchList@3fb6a447 - URL [jar:file:/root/flamestream/lib/flamestream-runtime-1.0-SNAPSHOT.jar!/logback.xml] is not of type file
18:18:30,253 |-INFO in ch.qos.logback.classic.joran.action.ConfigurationAction - debug attribute not set
18:18:30,253 |-INFO in ch.qos.logback.core.joran.action.AppenderAction - About to instantiate appender of type [ch.qos.logback.core.ConsoleAppender]
18:18:30,269 |-INFO in ch.qos.logback.core.joran.action.AppenderAction - Naming appender as [STDOUT]
18:18:30,288 |-INFO in ch.qos.logback.core.joran.action.NestedComplexPropertyIA - Assuming default type [ch.qos.logback.classic.encoder.PatternLayoutEncoder] for [encoder] property
18:18:30,376 |-INFO in ch.qos.logback.core.joran.action.AppenderAction - About to instantiate appender of type [ch.qos.logback.core.rolling.RollingFileAppender]
18:18:30,381 |-INFO in ch.qos.logback.core.joran.action.AppenderAction - Naming appender as [FILE]
18:18:30,412 |-INFO in c.q.l.core.rolling.TimeBasedRollingPolicy@127618319 - No compression will be used
18:18:30,413 |-INFO in c.q.l.core.rolling.TimeBasedRollingPolicy@127618319 - Will use the pattern /tmp/application_%d{yyyy-MM-dd}.%i.log for the active file
18:18:30,416 |-INFO in ch.qos.logback.core.rolling.SizeAndTimeBasedFNATP@6b2fad11 - The date pattern is 'yyyy-MM-dd' from file name pattern '/tmp/application_%d{yyyy-MM-dd}.%i.log'.
18:18:30,416 |-INFO in ch.qos.logback.core.rolling.SizeAndTimeBasedFNATP@6b2fad11 - Roll-over at midnight.
18:18:30,421 |-INFO in ch.qos.logback.core.rolling.SizeAndTimeBasedFNATP@6b2fad11 - Setting initial period to Mon Jun 10 18:17:10 UTC 2019
18:18:30,421 |-WARN in ch.qos.logback.core.rolling.SizeAndTimeBasedFNATP@6b2fad11 - SizeAndTimeBasedFNATP is deprecated. Use SizeAndTimeBasedRollingPolicy instead
18:18:30,421 |-WARN in ch.qos.logback.core.rolling.SizeAndTimeBasedFNATP@6b2fad11 - For more information see http://logback.qos.ch/manual/appenders.html#SizeAndTimeBasedRollingPolicy
18:18:30,425 |-INFO in ch.qos.logback.core.joran.action.NestedComplexPropertyIA - Assuming default type [ch.qos.logback.classic.encoder.PatternLayoutEncoder] for [encoder] property
18:18:30,430 |-INFO in ch.qos.logback.core.rolling.RollingFileAppender[FILE] - Active log file name: /tmp/application.log
18:18:30,430 |-INFO in ch.qos.logback.core.rolling.RollingFileAppender[FILE] - File property is set to [/tmp/application.log]
18:18:30,430 |-INFO in ch.qos.logback.classic.joran.action.RootLoggerAction - Setting level of ROOT logger to WARN
18:18:30,431 |-INFO in ch.qos.logback.core.joran.action.AppenderRefAction - Attaching appender named [STDOUT] to Logger[ROOT]
18:18:30,432 |-INFO in ch.qos.logback.core.joran.action.AppenderRefAction - Attaching appender named [FILE] to Logger[ROOT]
18:18:30,432 |-INFO in ch.qos.logback.classic.joran.action.ConfigurationAction - End of configuration.
18:18:30,433 |-INFO in ch.qos.logback.classic.joran.JoranConfigurator@79698539 - Registering current configuration as safe fallback point

Ama winner
Ama winner
2019-06-10T18:18:31.725+0000: 1.747: [Full GC (Metadata GC Threshold) 2019-06-10T18:18:31.725+0000: 1.747: [Tenured: 0K->15241K(341376K), 0.0398518 secs] 117751K->15241K(494976K), [Metaspace: 20733K->20733K(1067008K)], 0.0399197 secs] [Times: user=0.03 sys=0.01, real=0.04 secs] 
18:18:46.397 [Curator-PathChildrenCache-1] WARN  o.a.c.u.ZKPaths  - The version of ZooKeeper being used doesn't support Container nodes. CreateMode.PERSISTENT will be used instead.
2019-06-10T18:18:48.896+0000: 18.918: [GC (Allocation Failure) 2019-06-10T18:18:48.896+0000: 18.918: [DefNew: 136576K->17024K(153600K), 0.0250533 secs] 151817K->52620K(494976K), 0.0251215 secs] [Times: user=0.01 sys=0.00, real=0.02 secs] 
2019-06-10T18:18:55.652+0000: 25.674: [GC (Allocation Failure) 2019-06-10T18:18:55.652+0000: 25.674: [DefNew: 153600K->298K(153600K), 0.0095383 secs] 189196K->44119K(494976K), 0.0095998 secs] [Times: user=0.01 sys=0.00, real=0.01 secs] 
2019-06-10T18:18:56.425+0000: 26.447: [Full GC (Metadata GC Threshold) 2019-06-10T18:18:56.425+0000: 26.447: [Tenured: 43820K->44103K(341376K), 0.0326984 secs] 63594K->44103K(494976K), [Metaspace: 34592K->34592K(1079296K)], 0.0327658 secs] [Times: user=0.03 sys=0.00, real=0.04 secs] 
2019-06-10T18:19:02.913+0000: 32.935: [GC (Allocation Failure) 2019-06-10T18:19:02.914+0000: 32.935: [DefNew: 136576K->52K(153600K), 0.0017333 secs] 180679K->44156K(494976K), 0.0028156 secs] [Times: user=0.00 sys=0.00, real=0.01 secs] 
2019-06-10T18:19:09.456+0000: 39.478: [GC (Allocation Failure) 2019-06-10T18:19:09.456+0000: 39.478: [DefNew: 136628K->82K(153600K), 0.0016561 secs] 180732K->44186K(494976K), 0.0017156 secs] [Times: user=0.00 sys=0.00, real=0.00 secs] 
2019-06-10T18:19:16.047+0000: 46.069: [GC (Allocation Failure) 2019-06-10T18:19:16.047+0000: 46.069: [DefNew: 136658K->115K(153600K), 0.0017072 secs] 180762K->44219K(494976K), 0.0017656 secs] [Times: user=0.00 sys=0.00, real=0.00 secs] 
2019-06-10T18:19:22.585+0000: 52.607: [GC (Allocation Failure) 2019-06-10T18:19:22.585+0000: 52.607: [DefNew: 136691K->115K(153600K), 0.0017030 secs] 180795K->44219K(494976K), 0.0017626 secs] [Times: user=0.00 sys=0.00, real=0.01 secs] 
18:19:31.766 [Curator-PathChildrenCache-0] ERROR o.a.c.f.r.c.PathChildrenCache  - 
java.lang.IllegalStateException: instance must be started before calling this method
	at org.apache.curator.shaded.com.google.common.base.Preconditions.checkState(Preconditions.java:444)
	at org.apache.curator.framework.imps.CuratorFrameworkImpl.getChildren(CuratorFrameworkImpl.java:456)
	at org.apache.curator.framework.recipes.cache.PathChildrenCache.refresh(PathChildrenCache.java:521)
	at org.apache.curator.framework.recipes.cache.RefreshOperation.invoke(RefreshOperation.java:35)
	at org.apache.curator.framework.recipes.cache.PathChildrenCache$9.run(PathChildrenCache.java:786)
	at java.util.concurrent.Executors$RunnableAdapter.call(Executors.java:511)
	at java.util.concurrent.FutureTask.run(FutureTask.java:266)
	at java.util.concurrent.Executors$RunnableAdapter.call(Executors.java:511)
	at java.util.concurrent.FutureTask.run(FutureTask.java:266)
	at java.util.concurrent.ThreadPoolExecutor.runWorker(ThreadPoolExecutor.java:1149)
	at java.util.concurrent.ThreadPoolExecutor$Worker.run(ThreadPoolExecutor.java:624)
	at java.lang.Thread.run(Thread.java:748)
Heap
 def new generation   total 153600K, used 123011K [0x00000000e0c00000, 0x00000000eb2a0000, 0x00000000eb2a0000)
  eden space 136576K,  89% used [0x00000000e0c00000, 0x00000000e8403e40, 0x00000000e9160000)
  from space 17024K,   0% used [0x00000000e9160000, 0x00000000e917ce40, 0x00000000ea200000)
  to   space 17024K,   0% used [0x00000000ea200000, 0x00000000ea200000, 0x00000000eb2a0000)
 tenured generation   total 341376K, used 44103K [0x00000000eb2a0000, 0x0000000100000000, 0x0000000100000000)
   the space 341376K,  12% used [0x00000000eb2a0000, 0x00000000eddb1ed8, 0x00000000eddb2000, 0x0000000100000000)
 Metaspace       used 35878K, capacity 36768K, committed 37120K, reserved 1081344K
  class space    used 4822K, capacity 5042K, committed 5120K, reserved 1048576K
