16:38:57,193 |-INFO in ch.qos.logback.classic.LoggerContext[default] - Could NOT find resource [logback-test.xml]
16:38:57,193 |-INFO in ch.qos.logback.classic.LoggerContext[default] - Could NOT find resource [logback.groovy]
16:38:57,193 |-INFO in ch.qos.logback.classic.LoggerContext[default] - Found resource [logback.xml] at [jar:file:/root/flamestream/lib/flamestream-runtime-1.0-SNAPSHOT.jar!/logback.xml]
16:38:57,194 |-WARN in ch.qos.logback.classic.LoggerContext[default] - Resource [logback.xml] occurs multiple times on the classpath.
16:38:57,194 |-WARN in ch.qos.logback.classic.LoggerContext[default] - Resource [logback.xml] occurs at [jar:file:/root/flamestream/lib/flamestream-runtime-1.0-SNAPSHOT.jar!/logback.xml]
16:38:57,194 |-WARN in ch.qos.logback.classic.LoggerContext[default] - Resource [logback.xml] occurs at [jar:file:/root/flamestream/flamestream-runtime-1.0-SNAPSHOT.jar!/logback.xml]
16:38:57,214 |-INFO in ch.qos.logback.core.joran.spi.ConfigurationWatchList@3fb6a447 - URL [jar:file:/root/flamestream/lib/flamestream-runtime-1.0-SNAPSHOT.jar!/logback.xml] is not of type file
16:38:57,281 |-INFO in ch.qos.logback.classic.joran.action.ConfigurationAction - debug attribute not set
16:38:57,282 |-INFO in ch.qos.logback.core.joran.action.AppenderAction - About to instantiate appender of type [ch.qos.logback.core.ConsoleAppender]
16:38:57,297 |-INFO in ch.qos.logback.core.joran.action.AppenderAction - Naming appender as [STDOUT]
16:38:57,317 |-INFO in ch.qos.logback.core.joran.action.NestedComplexPropertyIA - Assuming default type [ch.qos.logback.classic.encoder.PatternLayoutEncoder] for [encoder] property
16:38:57,408 |-INFO in ch.qos.logback.core.joran.action.AppenderAction - About to instantiate appender of type [ch.qos.logback.core.rolling.RollingFileAppender]
16:38:57,413 |-INFO in ch.qos.logback.core.joran.action.AppenderAction - Naming appender as [FILE]
16:38:57,443 |-INFO in c.q.l.core.rolling.TimeBasedRollingPolicy@127618319 - No compression will be used
16:38:57,445 |-INFO in c.q.l.core.rolling.TimeBasedRollingPolicy@127618319 - Will use the pattern /tmp/application_%d{yyyy-MM-dd}.%i.log for the active file
16:38:57,448 |-INFO in ch.qos.logback.core.rolling.SizeAndTimeBasedFNATP@6b2fad11 - The date pattern is 'yyyy-MM-dd' from file name pattern '/tmp/application_%d{yyyy-MM-dd}.%i.log'.
16:38:57,448 |-INFO in ch.qos.logback.core.rolling.SizeAndTimeBasedFNATP@6b2fad11 - Roll-over at midnight.
16:38:57,453 |-INFO in ch.qos.logback.core.rolling.SizeAndTimeBasedFNATP@6b2fad11 - Setting initial period to Mon Jun 10 16:37:21 UTC 2019
16:38:57,453 |-WARN in ch.qos.logback.core.rolling.SizeAndTimeBasedFNATP@6b2fad11 - SizeAndTimeBasedFNATP is deprecated. Use SizeAndTimeBasedRollingPolicy instead
16:38:57,453 |-WARN in ch.qos.logback.core.rolling.SizeAndTimeBasedFNATP@6b2fad11 - For more information see http://logback.qos.ch/manual/appenders.html#SizeAndTimeBasedRollingPolicy
16:38:57,457 |-INFO in ch.qos.logback.core.joran.action.NestedComplexPropertyIA - Assuming default type [ch.qos.logback.classic.encoder.PatternLayoutEncoder] for [encoder] property
16:38:57,462 |-INFO in ch.qos.logback.core.rolling.RollingFileAppender[FILE] - Active log file name: /tmp/application.log
16:38:57,462 |-INFO in ch.qos.logback.core.rolling.RollingFileAppender[FILE] - File property is set to [/tmp/application.log]
16:38:57,463 |-INFO in ch.qos.logback.classic.joran.action.RootLoggerAction - Setting level of ROOT logger to WARN
16:38:57,463 |-INFO in ch.qos.logback.core.joran.action.AppenderRefAction - Attaching appender named [STDOUT] to Logger[ROOT]
16:38:57,465 |-INFO in ch.qos.logback.core.joran.action.AppenderRefAction - Attaching appender named [FILE] to Logger[ROOT]
16:38:57,466 |-INFO in ch.qos.logback.classic.joran.action.ConfigurationAction - End of configuration.
16:38:57,466 |-INFO in ch.qos.logback.classic.joran.JoranConfigurator@79698539 - Registering current configuration as safe fallback point

Ama winner
Ama winner
2019-06-10T16:38:58.758+0000: 1.755: [Full GC (Metadata GC Threshold) 2019-06-10T16:38:58.758+0000: 1.755: [Tenured: 0K->15176K(341376K), 0.0412523 secs] 114923K->15176K(494976K), [Metaspace: 20730K->20730K(1067008K)], 0.0413233 secs] [Times: user=0.04 sys=0.00, real=0.04 secs] 
16:39:18.659 [Curator-PathChildrenCache-1] WARN  o.a.c.u.ZKPaths  - The version of ZooKeeper being used doesn't support Container nodes. CreateMode.PERSISTENT will be used instead.
2019-06-10T16:39:21.104+0000: 24.101: [GC (Allocation Failure) 2019-06-10T16:39:21.104+0000: 24.101: [DefNew: 118401K->16434K(153600K), 0.0178701 secs] 133577K->31610K(494976K), 0.0179431 secs] [Times: user=0.01 sys=0.00, real=0.01 secs] 
2019-06-10T16:39:21.793+0000: 24.790: [Full GC (Metadata GC Threshold) 2019-06-10T16:39:21.793+0000: 24.790: [Tenured: 15176K->43355K(341376K), 0.0480509 secs] 74005K->43355K(494976K), [Metaspace: 34563K->34563K(1079296K)], 0.0481268 secs] [Times: user=0.05 sys=0.00, real=0.04 secs] 
2019-06-10T16:39:27.527+0000: 30.524: [GC (Allocation Failure) 2019-06-10T16:39:27.527+0000: 30.524: [DefNew: 136576K->85K(153600K), 0.0020137 secs] 179931K->43441K(494976K), 0.0020744 secs] [Times: user=0.00 sys=0.00, real=0.00 secs] 
2019-06-10T16:39:33.238+0000: 36.235: [GC (Allocation Failure) 2019-06-10T16:39:33.238+0000: 36.235: [DefNew: 136661K->86K(153600K), 0.0018642 secs] 180017K->43442K(494976K), 0.0019268 secs] [Times: user=0.00 sys=0.00, real=0.00 secs] 
2019-06-10T16:39:38.885+0000: 41.881: [GC (Allocation Failure) 2019-06-10T16:39:38.885+0000: 41.881: [DefNew: 136662K->86K(153600K), 0.0018049 secs] 180018K->43441K(494976K), 0.0018656 secs] [Times: user=0.00 sys=0.00, real=0.00 secs] 
2019-06-10T16:39:44.490+0000: 47.487: [GC (Allocation Failure) 2019-06-10T16:39:44.490+0000: 47.487: [DefNew: 136662K->92K(153600K), 0.0018082 secs] 180017K->43447K(494976K), 0.0018662 secs] [Times: user=0.00 sys=0.00, real=0.01 secs] 
2019-06-10T16:39:51.444+0000: 54.441: [GC (Allocation Failure) 2019-06-10T16:39:51.444+0000: 54.441: [DefNew: 136668K->89K(153600K), 0.0018998 secs] 180023K->43445K(494976K), 0.0019609 secs] [Times: user=0.00 sys=0.00, real=0.00 secs] 
16:39:59.869 [Curator-PathChildrenCache-0] ERROR o.a.c.f.r.c.PathChildrenCache  - 
java.lang.IllegalStateException: instance must be started before calling this method
	at org.apache.curator.shaded.com.google.common.base.Preconditions.checkState(Preconditions.java:444)
	at org.apache.curator.framework.imps.CuratorFrameworkImpl.getChildren(CuratorFrameworkImpl.java:456)
	at org.apache.curator.framework.recipes.cache.PathChildrenCache.refresh(PathChildrenCache.java:521)
	at org.apache.curator.framework.recipes.cache.RefreshOperation.invoke(RefreshOperation.java:35)
	at org.apache.curator.framework.recipes.cache.PathChildrenCache$9.run(PathChildrenCache.java:786)
	at java.util.concurrent.Executors$RunnableAdapter.call(Executors.java:511)
	at java.util.concurrent.FutureTask.run(FutureTask.java:266)
	at java.util.concurrent.Executors$RunnableAdapter.call(Executors.java:511)
	at java.util.concurrent.FutureTask.run(FutureTask.java:266)
	at java.util.concurrent.ThreadPoolExecutor.runWorker(ThreadPoolExecutor.java:1149)
	at java.util.concurrent.ThreadPoolExecutor$Worker.run(ThreadPoolExecutor.java:624)
	at java.lang.Thread.run(Thread.java:748)
Heap
 def new generation   total 153600K, used 64254K [0x00000000e0c00000, 0x00000000eb2a0000, 0x00000000eb2a0000)
  eden space 136576K,  46% used [0x00000000e0c00000, 0x00000000e4aa9328, 0x00000000e9160000)
  from space 17024K,   0% used [0x00000000e9160000, 0x00000000e91767c8, 0x00000000ea200000)
  to   space 17024K,   0% used [0x00000000ea200000, 0x00000000ea200000, 0x00000000eb2a0000)
 tenured generation   total 341376K, used 43355K [0x00000000eb2a0000, 0x0000000100000000, 0x0000000100000000)
   the space 341376K,  12% used [0x00000000eb2a0000, 0x00000000edcf6e80, 0x00000000edcf7000, 0x0000000100000000)
 Metaspace       used 36263K, capacity 37198K, committed 37376K, reserved 1081344K
  class space    used 4881K, capacity 5087K, committed 5120K, reserved 1048576K
