19:50:50,378 |-INFO in ch.qos.logback.classic.LoggerContext[default] - Could NOT find resource [logback-test.xml]
19:50:50,382 |-INFO in ch.qos.logback.classic.LoggerContext[default] - Could NOT find resource [logback.groovy]
19:50:50,383 |-INFO in ch.qos.logback.classic.LoggerContext[default] - Found resource [logback.xml] at [jar:file:/root/flamestream/lib/flamestream-runtime-1.0-SNAPSHOT.jar!/logback.xml]
19:50:50,383 |-WARN in ch.qos.logback.classic.LoggerContext[default] - Resource [logback.xml] occurs multiple times on the classpath.
19:50:50,384 |-WARN in ch.qos.logback.classic.LoggerContext[default] - Resource [logback.xml] occurs at [jar:file:/root/flamestream/lib/flamestream-runtime-1.0-SNAPSHOT.jar!/logback.xml]
19:50:50,384 |-WARN in ch.qos.logback.classic.LoggerContext[default] - Resource [logback.xml] occurs at [jar:file:/root/flamestream/flamestream-runtime-1.0-SNAPSHOT.jar!/logback.xml]
19:50:50,403 |-INFO in ch.qos.logback.core.joran.spi.ConfigurationWatchList@3fb6a447 - URL [jar:file:/root/flamestream/lib/flamestream-runtime-1.0-SNAPSHOT.jar!/logback.xml] is not of type file
19:50:50,468 |-INFO in ch.qos.logback.classic.joran.action.ConfigurationAction - debug attribute not set
19:50:50,469 |-INFO in ch.qos.logback.core.joran.action.AppenderAction - About to instantiate appender of type [ch.qos.logback.core.ConsoleAppender]
19:50:50,485 |-INFO in ch.qos.logback.core.joran.action.AppenderAction - Naming appender as [STDOUT]
19:50:50,500 |-INFO in ch.qos.logback.core.joran.action.NestedComplexPropertyIA - Assuming default type [ch.qos.logback.classic.encoder.PatternLayoutEncoder] for [encoder] property
19:50:50,604 |-INFO in ch.qos.logback.core.joran.action.AppenderAction - About to instantiate appender of type [ch.qos.logback.core.rolling.RollingFileAppender]
19:50:50,613 |-INFO in ch.qos.logback.core.joran.action.AppenderAction - Naming appender as [FILE]
19:50:50,642 |-INFO in c.q.l.core.rolling.TimeBasedRollingPolicy@127618319 - No compression will be used
19:50:50,643 |-INFO in c.q.l.core.rolling.TimeBasedRollingPolicy@127618319 - Will use the pattern /tmp/application_%d{yyyy-MM-dd}.%i.log for the active file
19:50:50,646 |-INFO in ch.qos.logback.core.rolling.SizeAndTimeBasedFNATP@6b2fad11 - The date pattern is 'yyyy-MM-dd' from file name pattern '/tmp/application_%d{yyyy-MM-dd}.%i.log'.
19:50:50,646 |-INFO in ch.qos.logback.core.rolling.SizeAndTimeBasedFNATP@6b2fad11 - Roll-over at midnight.
19:50:50,651 |-INFO in ch.qos.logback.core.rolling.SizeAndTimeBasedFNATP@6b2fad11 - Setting initial period to Mon Jun 10 19:49:21 UTC 2019
19:50:50,651 |-WARN in ch.qos.logback.core.rolling.SizeAndTimeBasedFNATP@6b2fad11 - SizeAndTimeBasedFNATP is deprecated. Use SizeAndTimeBasedRollingPolicy instead
19:50:50,651 |-WARN in ch.qos.logback.core.rolling.SizeAndTimeBasedFNATP@6b2fad11 - For more information see http://logback.qos.ch/manual/appenders.html#SizeAndTimeBasedRollingPolicy
19:50:50,656 |-INFO in ch.qos.logback.core.joran.action.NestedComplexPropertyIA - Assuming default type [ch.qos.logback.classic.encoder.PatternLayoutEncoder] for [encoder] property
19:50:50,660 |-INFO in ch.qos.logback.core.rolling.RollingFileAppender[FILE] - Active log file name: /tmp/application.log
19:50:50,660 |-INFO in ch.qos.logback.core.rolling.RollingFileAppender[FILE] - File property is set to [/tmp/application.log]
19:50:50,661 |-INFO in ch.qos.logback.classic.joran.action.RootLoggerAction - Setting level of ROOT logger to WARN
19:50:50,661 |-INFO in ch.qos.logback.core.joran.action.AppenderRefAction - Attaching appender named [STDOUT] to Logger[ROOT]
19:50:50,661 |-INFO in ch.qos.logback.core.joran.action.AppenderRefAction - Attaching appender named [FILE] to Logger[ROOT]
19:50:50,662 |-INFO in ch.qos.logback.classic.joran.action.ConfigurationAction - End of configuration.
19:50:50,663 |-INFO in ch.qos.logback.classic.joran.JoranConfigurator@79698539 - Registering current configuration as safe fallback point

Ama winner
Ama winner
2019-06-10T19:50:51.935+0000: 1.739: [Full GC (Metadata GC Threshold) 2019-06-10T19:50:51.935+0000: 1.739: [Tenured: 0K->15176K(341376K), 0.0386309 secs] 114987K->15176K(494976K), [Metaspace: 20734K->20734K(1067008K)], 0.0386970 secs] [Times: user=0.04 sys=0.00, real=0.04 secs] 
19:51:09.885 [Curator-PathChildrenCache-1] WARN  o.a.c.u.ZKPaths  - The version of ZooKeeper being used doesn't support Container nodes. CreateMode.PERSISTENT will be used instead.
2019-06-10T19:51:12.054+0000: 21.858: [GC (Allocation Failure) 2019-06-10T19:51:12.054+0000: 21.858: [DefNew: 136576K->17024K(153600K), 0.0296410 secs] 151752K->52576K(494976K), 0.0297179 secs] [Times: user=0.02 sys=0.01, real=0.03 secs] 
2019-06-10T19:51:14.492+0000: 24.296: [Full GC (Metadata GC Threshold) 2019-06-10T19:51:14.492+0000: 24.296: [Tenured: 35552K->43961K(341376K), 0.0450103 secs] 94289K->43961K(494976K), [Metaspace: 34611K->34611K(1079296K)], 0.0450920 secs] [Times: user=0.05 sys=0.00, real=0.04 secs] 
2019-06-10T19:51:23.062+0000: 32.866: [GC (Allocation Failure) 2019-06-10T19:51:23.062+0000: 32.866: [DefNew: 136576K->63K(153600K), 0.0019052 secs] 180537K->44024K(494976K), 0.0019681 secs] [Times: user=0.00 sys=0.00, real=0.01 secs] 
2019-06-10T19:51:31.504+0000: 41.308: [GC (Allocation Failure) 2019-06-10T19:51:31.504+0000: 41.308: [DefNew: 136639K->59K(153600K), 0.0016944 secs] 180600K->44020K(494976K), 0.0017540 secs] [Times: user=0.00 sys=0.00, real=0.00 secs] 
2019-06-10T19:51:40.008+0000: 49.812: [GC (Allocation Failure) 2019-06-10T19:51:40.008+0000: 49.812: [DefNew: 136635K->62K(153600K), 0.0016420 secs] 180596K->44023K(494976K), 0.0017010 secs] [Times: user=0.00 sys=0.00, real=0.00 secs] 
2019-06-10T19:51:48.488+0000: 58.292: [GC (Allocation Failure) 2019-06-10T19:51:48.488+0000: 58.292: [DefNew: 136638K->230K(153600K), 0.0019599 secs] 180599K->44192K(494976K), 0.0020226 secs] [Times: user=0.00 sys=0.00, real=0.01 secs] 
2019-06-10T19:51:58.051+0000: 67.855: [GC (Allocation Failure) 2019-06-10T19:51:58.051+0000: 67.855: [DefNew: 136806K->260K(153600K), 0.0021180 secs] 180768K->44221K(494976K), 0.0021893 secs] [Times: user=0.01 sys=0.00, real=0.00 secs] 
2019-06-10T19:52:17.775+0000: 87.579: [GC (Allocation Failure) 2019-06-10T19:52:17.775+0000: 87.579: [DefNew: 136836K->139K(153600K), 0.0020519 secs] 180797K->44101K(494976K), 0.0021197 secs] [Times: user=0.00 sys=0.00, real=0.00 secs] 
19:52:19.815 [Curator-PathChildrenCache-0] ERROR o.a.c.f.r.c.PathChildrenCache  - 
java.lang.IllegalStateException: instance must be started before calling this method
	at org.apache.curator.shaded.com.google.common.base.Preconditions.checkState(Preconditions.java:444)
	at org.apache.curator.framework.imps.CuratorFrameworkImpl.getChildren(CuratorFrameworkImpl.java:456)
	at org.apache.curator.framework.recipes.cache.PathChildrenCache.refresh(PathChildrenCache.java:521)
	at org.apache.curator.framework.recipes.cache.RefreshOperation.invoke(RefreshOperation.java:35)
	at org.apache.curator.framework.recipes.cache.PathChildrenCache$9.run(PathChildrenCache.java:786)
	at java.util.concurrent.Executors$RunnableAdapter.call(Executors.java:511)
	at java.util.concurrent.FutureTask.run(FutureTask.java:266)
	at java.util.concurrent.Executors$RunnableAdapter.call(Executors.java:511)
	at java.util.concurrent.FutureTask.run(FutureTask.java:266)
	at java.util.concurrent.ThreadPoolExecutor.runWorker(ThreadPoolExecutor.java:1149)
	at java.util.concurrent.ThreadPoolExecutor$Worker.run(ThreadPoolExecutor.java:624)
	at java.lang.Thread.run(Thread.java:748)
Heap
 def new generation   total 153600K, used 20366K [0x00000000e0c00000, 0x00000000eb2a0000, 0x00000000eb2a0000)
  eden space 136576K,  14% used [0x00000000e0c00000, 0x00000000e1fc0ba8, 0x00000000e9160000)
  from space 17024K,   0% used [0x00000000ea200000, 0x00000000ea222e18, 0x00000000eb2a0000)
  to   space 17024K,   0% used [0x00000000e9160000, 0x00000000e9160000, 0x00000000ea200000)
 tenured generation   total 341376K, used 43961K [0x00000000eb2a0000, 0x0000000100000000, 0x0000000100000000)
   the space 341376K,  12% used [0x00000000eb2a0000, 0x00000000edd8e770, 0x00000000edd8e800, 0x0000000100000000)
 Metaspace       used 36097K, capacity 36986K, committed 37120K, reserved 1081344K
  class space    used 4872K, capacity 5073K, committed 5120K, reserved 1048576K
