22:15:54,265 |-INFO in ch.qos.logback.classic.LoggerContext[default] - Could NOT find resource [logback-test.xml]
22:15:54,266 |-INFO in ch.qos.logback.classic.LoggerContext[default] - Could NOT find resource [logback.groovy]
22:15:54,266 |-INFO in ch.qos.logback.classic.LoggerContext[default] - Found resource [logback.xml] at [jar:file:/home/nikitasokolov/flamestream/lib/flamestream-runtime-1.0-SNAPSHOT.jar!/logback.xml]
22:15:54,266 |-WARN in ch.qos.logback.classic.LoggerContext[default] - Resource [logback.xml] occurs multiple times on the classpath.
22:15:54,266 |-WARN in ch.qos.logback.classic.LoggerContext[default] - Resource [logback.xml] occurs at [jar:file:/home/nikitasokolov/flamestream/lib/flamestream-runtime-1.0-SNAPSHOT.jar!/logback.xml]
22:15:54,266 |-WARN in ch.qos.logback.classic.LoggerContext[default] - Resource [logback.xml] occurs at [jar:file:/home/nikitasokolov/flamestream/flamestream-runtime-1.0-SNAPSHOT.jar!/logback.xml]
22:15:54,282 |-INFO in ch.qos.logback.core.joran.spi.ConfigurationWatchList@6bf256fa - URL [jar:file:/home/nikitasokolov/flamestream/lib/flamestream-runtime-1.0-SNAPSHOT.jar!/logback.xml] is not of type file
22:15:54,333 |-INFO in ch.qos.logback.classic.joran.action.ConfigurationAction - debug attribute not set
22:15:54,334 |-INFO in ch.qos.logback.core.joran.action.AppenderAction - About to instantiate appender of type [ch.qos.logback.core.ConsoleAppender]
22:15:54,341 |-INFO in ch.qos.logback.core.joran.action.AppenderAction - Naming appender as [STDOUT]
22:15:54,349 |-INFO in ch.qos.logback.core.joran.action.NestedComplexPropertyIA - Assuming default type [ch.qos.logback.classic.encoder.PatternLayoutEncoder] for [encoder] property
22:15:54,403 |-INFO in ch.qos.logback.core.joran.action.AppenderAction - About to instantiate appender of type [ch.qos.logback.core.rolling.RollingFileAppender]
22:15:54,408 |-INFO in ch.qos.logback.core.joran.action.AppenderAction - Naming appender as [FILE]
22:15:54,430 |-INFO in c.q.l.core.rolling.TimeBasedRollingPolicy@114132791 - No compression will be used
22:15:54,431 |-INFO in c.q.l.core.rolling.TimeBasedRollingPolicy@114132791 - Will use the pattern /tmp/application_%d{yyyy-MM-dd}.%i.log for the active file
22:15:54,434 |-INFO in ch.qos.logback.core.rolling.SizeAndTimeBasedFNATP@22f71333 - The date pattern is 'yyyy-MM-dd' from file name pattern '/tmp/application_%d{yyyy-MM-dd}.%i.log'.
22:15:54,434 |-INFO in ch.qos.logback.core.rolling.SizeAndTimeBasedFNATP@22f71333 - Roll-over at midnight.
22:15:54,438 |-INFO in ch.qos.logback.core.rolling.SizeAndTimeBasedFNATP@22f71333 - Setting initial period to Tue May 28 22:13:30 MSK 2019
22:15:54,438 |-WARN in ch.qos.logback.core.rolling.SizeAndTimeBasedFNATP@22f71333 - SizeAndTimeBasedFNATP is deprecated. Use SizeAndTimeBasedRollingPolicy instead
22:15:54,438 |-WARN in ch.qos.logback.core.rolling.SizeAndTimeBasedFNATP@22f71333 - For more information see http://logback.qos.ch/manual/appenders.html#SizeAndTimeBasedRollingPolicy
22:15:54,442 |-INFO in ch.qos.logback.core.joran.action.NestedComplexPropertyIA - Assuming default type [ch.qos.logback.classic.encoder.PatternLayoutEncoder] for [encoder] property
22:15:54,445 |-INFO in ch.qos.logback.core.rolling.RollingFileAppender[FILE] - Active log file name: /tmp/application.log
22:15:54,445 |-INFO in ch.qos.logback.core.rolling.RollingFileAppender[FILE] - File property is set to [/tmp/application.log]
22:15:54,446 |-INFO in ch.qos.logback.classic.joran.action.RootLoggerAction - Setting level of ROOT logger to WARN
22:15:54,446 |-INFO in ch.qos.logback.core.joran.action.AppenderRefAction - Attaching appender named [STDOUT] to Logger[ROOT]
22:15:54,446 |-INFO in ch.qos.logback.core.joran.action.AppenderRefAction - Attaching appender named [FILE] to Logger[ROOT]
22:15:54,446 |-INFO in ch.qos.logback.classic.joran.action.ConfigurationAction - End of configuration.
22:15:54,447 |-INFO in ch.qos.logback.classic.joran.JoranConfigurator@13969fbe - Registering current configuration as safe fallback point

Ama winner
Ama winner
2019-05-28T22:15:55.443+0300: 1.369: [GC (Metadata GC Threshold) [PSYoungGen: 92672K->15942K(149504K)] 92672K->16022K(491008K), 0.0196826 secs] [Times: user=0.09 sys=0.02, real=0.02 secs] 
2019-05-28T22:15:55.463+0300: 1.388: [Full GC (Metadata GC Threshold) [PSYoungGen: 15942K->0K(149504K)] [ParOldGen: 80K->15086K(341504K)] 16022K->15086K(491008K), [Metaspace: 20799K->20799K(1067008K)], 0.0260338 secs] [Times: user=0.16 sys=0.01, real=0.02 secs] 
22:16:04.994 [Curator-PathChildrenCache-2] WARN  o.a.c.u.ZKPaths  - The version of ZooKeeper being used doesn't support Container nodes. CreateMode.PERSISTENT will be used instead.
2019-05-28T22:16:05.642+0300: 11.567: [GC (Metadata GC Threshold) [PSYoungGen: 124113K->16770K(149504K)] 139200K->51396K(491008K), 0.0339367 secs] [Times: user=0.28 sys=0.03, real=0.03 secs] 
2019-05-28T22:16:05.676+0300: 11.601: [Full GC (Metadata GC Threshold) [PSYoungGen: 16770K->0K(149504K)] [ParOldGen: 34625K->39861K(341504K)] 51396K->39861K(491008K), [Metaspace: 34473K->34473K(1079296K)], 0.0346837 secs] [Times: user=0.21 sys=0.00, real=0.03 secs] 
2019-05-28T22:16:07.857+0300: 13.782: [GC (Allocation Failure) [PSYoungGen: 128512K->672K(149504K)] 168373K->40541K(491008K), 0.0033604 secs] [Times: user=0.01 sys=0.00, real=0.01 secs] 
2019-05-28T22:16:09.780+0300: 15.705: [GC (Allocation Failure) [PSYoungGen: 129184K->544K(149504K)] 169053K->40421K(491008K), 0.0023706 secs] [Times: user=0.01 sys=0.00, real=0.00 secs] 
2019-05-28T22:16:12.154+0300: 18.079: [GC (Allocation Failure) [PSYoungGen: 129056K->704K(129536K)] 168933K->40589K(471040K), 0.0040437 secs] [Times: user=0.02 sys=0.01, real=0.00 secs] 
2019-05-28T22:16:14.472+0300: 20.397: [GC (Allocation Failure) [PSYoungGen: 129216K->736K(148992K)] 169101K->40621K(490496K), 0.0022410 secs] [Times: user=0.01 sys=0.00, real=0.00 secs] 
2019-05-28T22:16:16.618+0300: 22.543: [GC (Allocation Failure) [PSYoungGen: 127712K->768K(148480K)] 167597K->40653K(489984K), 0.0039635 secs] [Times: user=0.02 sys=0.00, real=0.01 secs] 
2019-05-28T22:16:18.853+0300: 24.778: [GC (Allocation Failure) [PSYoungGen: 127744K->736K(151040K)] 167629K->40629K(492544K), 0.0044148 secs] [Times: user=0.02 sys=0.00, real=0.00 secs] 
2019-05-28T22:16:21.170+0300: 27.095: [GC (Allocation Failure) [PSYoungGen: 131296K->864K(150016K)] 171189K->40765K(491520K), 0.0028460 secs] [Times: user=0.02 sys=0.00, real=0.01 secs] 
2019-05-28T22:16:23.779+0300: 29.705: [GC (Allocation Failure) [PSYoungGen: 131424K->992K(152576K)] 171325K->40901K(494080K), 0.0027137 secs] [Times: user=0.01 sys=0.01, real=0.00 secs] 
2019-05-28T22:16:26.068+0300: 32.040: [GC (Allocation Failure) [PSYoungGen: 135136K->992K(152064K)] 175045K->40909K(493568K), 0.0509839 secs] [Times: user=0.03 sys=0.01, real=0.06 secs] 
22:16:32.003 [Curator-PathChildrenCache-0] ERROR o.a.c.f.r.c.PathChildrenCache  - 
java.lang.IllegalStateException: instance must be started before calling this method
	at org.apache.curator.shaded.com.google.common.base.Preconditions.checkState(Preconditions.java:444)
	at org.apache.curator.framework.imps.CuratorFrameworkImpl.getChildren(CuratorFrameworkImpl.java:456)
	at org.apache.curator.framework.recipes.cache.PathChildrenCache.refresh(PathChildrenCache.java:521)
	at org.apache.curator.framework.recipes.cache.RefreshOperation.invoke(RefreshOperation.java:35)
	at org.apache.curator.framework.recipes.cache.PathChildrenCache$9.run(PathChildrenCache.java:786)
	at java.util.concurrent.Executors$RunnableAdapter.call(Executors.java:511)
	at java.util.concurrent.FutureTask.run(FutureTask.java:266)
	at java.util.concurrent.Executors$RunnableAdapter.call(Executors.java:511)
	at java.util.concurrent.FutureTask.run(FutureTask.java:266)
	at java.util.concurrent.ThreadPoolExecutor.runWorker(ThreadPoolExecutor.java:1149)
	at java.util.concurrent.ThreadPoolExecutor$Worker.run(ThreadPoolExecutor.java:624)
	at java.lang.Thread.run(Thread.java:748)
Heap
 PSYoungGen      total 152064K, used 37274K [0x00000000f5980000, 0x0000000100000000, 0x0000000100000000)
  eden space 134144K, 27% used [0x00000000f5980000,0x00000000f7cee9d0,0x00000000fdc80000)
  from space 17920K, 5% used [0x00000000fdc80000,0x00000000fdd780d0,0x00000000fee00000)
  to   space 16896K, 0% used [0x00000000fef80000,0x00000000fef80000,0x0000000100000000)
 ParOldGen       total 341504K, used 39917K [0x00000000e0c00000, 0x00000000f5980000, 0x00000000f5980000)
  object space 341504K, 11% used [0x00000000e0c00000,0x00000000e32fb490,0x00000000f5980000)
 Metaspace       used 36111K, capacity 37112K, committed 37208K, reserved 1081344K
  class space    used 4985K, capacity 5198K, committed 5248K, reserved 1048576K
