10:56:08,019 |-INFO in ch.qos.logback.classic.LoggerContext[default] - Could NOT find resource [logback-test.xml]
10:56:08,019 |-INFO in ch.qos.logback.classic.LoggerContext[default] - Could NOT find resource [logback.groovy]
10:56:08,019 |-INFO in ch.qos.logback.classic.LoggerContext[default] - Found resource [logback.xml] at [jar:file:/home/nikitasokolov/flamestream/lib/flamestream-runtime-1.0-SNAPSHOT.jar!/logback.xml]
10:56:08,020 |-WARN in ch.qos.logback.classic.LoggerContext[default] - Resource [logback.xml] occurs multiple times on the classpath.
10:56:08,020 |-WARN in ch.qos.logback.classic.LoggerContext[default] - Resource [logback.xml] occurs at [jar:file:/home/nikitasokolov/flamestream/lib/flamestream-runtime-1.0-SNAPSHOT.jar!/logback.xml]
10:56:08,020 |-WARN in ch.qos.logback.classic.LoggerContext[default] - Resource [logback.xml] occurs at [jar:file:/home/nikitasokolov/flamestream/flamestream-runtime-1.0-SNAPSHOT.jar!/logback.xml]
10:56:08,036 |-INFO in ch.qos.logback.core.joran.spi.ConfigurationWatchList@6108b2d7 - URL [jar:file:/home/nikitasokolov/flamestream/lib/flamestream-runtime-1.0-SNAPSHOT.jar!/logback.xml] is not of type file
10:56:08,086 |-INFO in ch.qos.logback.classic.joran.action.ConfigurationAction - debug attribute not set
10:56:08,087 |-INFO in ch.qos.logback.core.joran.action.AppenderAction - About to instantiate appender of type [ch.qos.logback.core.ConsoleAppender]
10:56:08,098 |-INFO in ch.qos.logback.core.joran.action.AppenderAction - Naming appender as [STDOUT]
10:56:08,108 |-INFO in ch.qos.logback.core.joran.action.NestedComplexPropertyIA - Assuming default type [ch.qos.logback.classic.encoder.PatternLayoutEncoder] for [encoder] property
10:56:08,165 |-INFO in ch.qos.logback.core.joran.action.AppenderAction - About to instantiate appender of type [ch.qos.logback.core.rolling.RollingFileAppender]
10:56:08,170 |-INFO in ch.qos.logback.core.joran.action.AppenderAction - Naming appender as [FILE]
10:56:08,194 |-INFO in c.q.l.core.rolling.TimeBasedRollingPolicy@357863579 - No compression will be used
10:56:08,196 |-INFO in c.q.l.core.rolling.TimeBasedRollingPolicy@357863579 - Will use the pattern /tmp/application_%d{yyyy-MM-dd}.%i.log for the active file
10:56:08,199 |-INFO in ch.qos.logback.core.rolling.SizeAndTimeBasedFNATP@6bf256fa - The date pattern is 'yyyy-MM-dd' from file name pattern '/tmp/application_%d{yyyy-MM-dd}.%i.log'.
10:56:08,199 |-INFO in ch.qos.logback.core.rolling.SizeAndTimeBasedFNATP@6bf256fa - Roll-over at midnight.
10:56:08,204 |-INFO in ch.qos.logback.core.rolling.SizeAndTimeBasedFNATP@6bf256fa - Setting initial period to Sun Jun 09 10:55:19 MSK 2019
10:56:08,204 |-WARN in ch.qos.logback.core.rolling.SizeAndTimeBasedFNATP@6bf256fa - SizeAndTimeBasedFNATP is deprecated. Use SizeAndTimeBasedRollingPolicy instead
10:56:08,204 |-WARN in ch.qos.logback.core.rolling.SizeAndTimeBasedFNATP@6bf256fa - For more information see http://logback.qos.ch/manual/appenders.html#SizeAndTimeBasedRollingPolicy
10:56:08,208 |-INFO in ch.qos.logback.core.joran.action.NestedComplexPropertyIA - Assuming default type [ch.qos.logback.classic.encoder.PatternLayoutEncoder] for [encoder] property
10:56:08,211 |-INFO in ch.qos.logback.core.rolling.RollingFileAppender[FILE] - Active log file name: /tmp/application.log
10:56:08,211 |-INFO in ch.qos.logback.core.rolling.RollingFileAppender[FILE] - File property is set to [/tmp/application.log]
10:56:08,213 |-INFO in ch.qos.logback.classic.joran.action.RootLoggerAction - Setting level of ROOT logger to WARN
10:56:08,213 |-INFO in ch.qos.logback.core.joran.action.AppenderRefAction - Attaching appender named [STDOUT] to Logger[ROOT]
10:56:08,214 |-INFO in ch.qos.logback.core.joran.action.AppenderRefAction - Attaching appender named [FILE] to Logger[ROOT]
10:56:08,214 |-INFO in ch.qos.logback.classic.joran.action.ConfigurationAction - End of configuration.
10:56:08,215 |-INFO in ch.qos.logback.classic.joran.JoranConfigurator@6cd8737 - Registering current configuration as safe fallback point

2019-06-09T10:56:09.192+0300: 1.369: [GC (Metadata GC Threshold) [PSYoungGen: 110722K->15983K(149504K)] 110722K->16063K(491008K), 0.0210951 secs] [Times: user=0.09 sys=0.02, real=0.02 secs] 
2019-06-09T10:56:09.213+0300: 1.390: [Full GC (Metadata GC Threshold) [PSYoungGen: 15983K->0K(149504K)] [ParOldGen: 80K->15086K(341504K)] 16063K->15086K(491008K), [Metaspace: 20802K->20802K(1067008K)], 0.0273013 secs] [Times: user=0.17 sys=0.02, real=0.03 secs] 
10:56:16.504 [Curator-PathChildrenCache-1] WARN  o.a.c.u.ZKPaths  - The version of ZooKeeper being used doesn't support Container nodes. CreateMode.PERSISTENT will be used instead.
2019-06-09T10:56:17.467+0300: 9.645: [GC (Metadata GC Threshold) [PSYoungGen: 124104K->20971K(149504K)] 139191K->50127K(491008K), 0.0304066 secs] [Times: user=0.27 sys=0.04, real=0.04 secs] 
2019-06-09T10:56:17.498+0300: 9.675: [Full GC (Metadata GC Threshold) [PSYoungGen: 20971K->0K(149504K)] [ParOldGen: 29156K->39111K(341504K)] 50127K->39111K(491008K), [Metaspace: 34554K->34554K(1079296K)], 0.0362286 secs] [Times: user=0.17 sys=0.01, real=0.03 secs] 
2019-06-09T10:56:24.345+0300: 16.523: [GC (Allocation Failure) [PSYoungGen: 128512K->512K(149504K)] 167623K->39631K(491008K), 0.0034295 secs] [Times: user=0.02 sys=0.00, real=0.00 secs] 
2019-06-09T10:56:32.202+0300: 24.380: [GC (Allocation Failure) [PSYoungGen: 129024K->544K(149504K)] 168143K->39671K(491008K), 0.0046010 secs] [Times: user=0.03 sys=0.00, real=0.00 secs] 
2019-06-09T10:56:40.030+0300: 32.208: [GC (Allocation Failure) [PSYoungGen: 129056K->480K(129024K)] 168183K->39615K(470528K), 0.0028935 secs] [Times: user=0.02 sys=0.01, real=0.00 secs] 
2019-06-09T10:56:47.999+0300: 40.176: [GC (Allocation Failure) [PSYoungGen: 128992K->544K(132608K)] 168127K->39687K(474112K), 0.0044428 secs] [Times: user=0.03 sys=0.00, real=0.00 secs] 
2019-06-09T10:56:53.764+0300: 45.941: [GC (Allocation Failure) [PSYoungGen: 93216K->576K(130560K)] 132359K->39727K(472064K), 0.0029702 secs] [Times: user=0.01 sys=0.01, real=0.00 secs] 
2019-06-09T10:56:59.541+0300: 51.718: [GC (Allocation Failure) [PSYoungGen: 93248K->608K(136704K)] 132399K->39767K(478208K), 0.0023102 secs] [Times: user=0.02 sys=0.00, real=0.00 secs] 
2019-06-09T10:57:05.782+0300: 57.960: [GC (Allocation Failure) [PSYoungGen: 101472K->608K(134656K)] 140631K->39775K(476160K), 0.0027084 secs] [Times: user=0.01 sys=0.01, real=0.00 secs] 
2019-06-09T10:57:12.467+0300: 64.645: [GC (Allocation Failure) [PSYoungGen: 101472K->992K(140288K)] 140639K->40167K(481792K), 0.0043758 secs] [Times: user=0.02 sys=0.00, real=0.01 secs] 
2019-06-09T10:57:21.051+0300: 73.228: [GC (Allocation Failure) [PSYoungGen: 109024K->704K(138240K)] 148199K->39879K(479744K), 0.0033546 secs] [Times: user=0.02 sys=0.00, real=0.00 secs] 
2019-06-09T10:57:29.704+0300: 81.882: [GC (Allocation Failure) [PSYoungGen: 108736K->704K(143360K)] 147911K->39879K(484864K), 0.0039326 secs] [Times: user=0.00 sys=0.01, real=0.00 secs] 
10:57:46.052 [Curator-PathChildrenCache-0] ERROR o.a.c.f.r.c.PathChildrenCache  - 
java.lang.IllegalStateException: instance must be started before calling this method
	at org.apache.curator.shaded.com.google.common.base.Preconditions.checkState(Preconditions.java:444)
	at org.apache.curator.framework.imps.CuratorFrameworkImpl.getChildren(CuratorFrameworkImpl.java:456)
	at org.apache.curator.framework.recipes.cache.PathChildrenCache.refresh(PathChildrenCache.java:521)
	at org.apache.curator.framework.recipes.cache.RefreshOperation.invoke(RefreshOperation.java:35)
	at org.apache.curator.framework.recipes.cache.PathChildrenCache$9.run(PathChildrenCache.java:786)
	at java.util.concurrent.Executors$RunnableAdapter.call(Executors.java:511)
	at java.util.concurrent.FutureTask.run(FutureTask.java:266)
	at java.util.concurrent.Executors$RunnableAdapter.call(Executors.java:511)
	at java.util.concurrent.FutureTask.run(FutureTask.java:266)
	at java.util.concurrent.ThreadPoolExecutor.runWorker(ThreadPoolExecutor.java:1149)
	at java.util.concurrent.ThreadPoolExecutor$Worker.run(ThreadPoolExecutor.java:624)
	at java.lang.Thread.run(Thread.java:748)
Heap
 PSYoungGen      total 143360K, used 110398K [0x00000000f5980000, 0x0000000100000000, 0x0000000100000000)
  eden space 114688K, 95% used [0x00000000f5980000,0x00000000fc49fa08,0x00000000fc980000)
  from space 28672K, 2% used [0x00000000fe400000,0x00000000fe4b0090,0x0000000100000000)
  to   space 27136K, 0% used [0x00000000fc980000,0x00000000fc980000,0x00000000fe400000)
 ParOldGen       total 341504K, used 39175K [0x00000000e0c00000, 0x00000000f5980000, 0x00000000f5980000)
  object space 341504K, 11% used [0x00000000e0c00000,0x00000000e3241f08,0x00000000f5980000)
 Metaspace       used 36149K, capacity 37022K, committed 37208K, reserved 1081344K
  class space    used 4975K, capacity 5161K, committed 5248K, reserved 1048576K
