17:54:31,964 |-INFO in ch.qos.logback.classic.LoggerContext[default] - Could NOT find resource [logback-test.xml]
17:54:31,964 |-INFO in ch.qos.logback.classic.LoggerContext[default] - Could NOT find resource [logback.groovy]
17:54:31,964 |-INFO in ch.qos.logback.classic.LoggerContext[default] - Found resource [logback.xml] at [jar:file:/home/nikitasokolov/flamestream/lib/flamestream-runtime-1.0-SNAPSHOT.jar!/logback.xml]
17:54:31,965 |-WARN in ch.qos.logback.classic.LoggerContext[default] - Resource [logback.xml] occurs multiple times on the classpath.
17:54:31,965 |-WARN in ch.qos.logback.classic.LoggerContext[default] - Resource [logback.xml] occurs at [jar:file:/home/nikitasokolov/flamestream/lib/flamestream-runtime-1.0-SNAPSHOT.jar!/logback.xml]
17:54:31,965 |-WARN in ch.qos.logback.classic.LoggerContext[default] - Resource [logback.xml] occurs at [jar:file:/home/nikitasokolov/flamestream/flamestream-runtime-1.0-SNAPSHOT.jar!/logback.xml]
17:54:31,981 |-INFO in ch.qos.logback.core.joran.spi.ConfigurationWatchList@2f7a2457 - URL [jar:file:/home/nikitasokolov/flamestream/lib/flamestream-runtime-1.0-SNAPSHOT.jar!/logback.xml] is not of type file
17:54:32,031 |-INFO in ch.qos.logback.classic.joran.action.ConfigurationAction - debug attribute not set
17:54:32,032 |-INFO in ch.qos.logback.core.joran.action.AppenderAction - About to instantiate appender of type [ch.qos.logback.core.ConsoleAppender]
17:54:32,039 |-INFO in ch.qos.logback.core.joran.action.AppenderAction - Naming appender as [STDOUT]
17:54:32,046 |-INFO in ch.qos.logback.core.joran.action.NestedComplexPropertyIA - Assuming default type [ch.qos.logback.classic.encoder.PatternLayoutEncoder] for [encoder] property
17:54:32,100 |-INFO in ch.qos.logback.core.joran.action.AppenderAction - About to instantiate appender of type [ch.qos.logback.core.rolling.RollingFileAppender]
17:54:32,106 |-INFO in ch.qos.logback.core.joran.action.AppenderAction - Naming appender as [FILE]
17:54:32,128 |-INFO in c.q.l.core.rolling.TimeBasedRollingPolicy@1449621165 - No compression will be used
17:54:32,129 |-INFO in c.q.l.core.rolling.TimeBasedRollingPolicy@1449621165 - Will use the pattern /tmp/application_%d{yyyy-MM-dd}.%i.log for the active file
17:54:32,132 |-INFO in ch.qos.logback.core.rolling.SizeAndTimeBasedFNATP@6108b2d7 - The date pattern is 'yyyy-MM-dd' from file name pattern '/tmp/application_%d{yyyy-MM-dd}.%i.log'.
17:54:32,132 |-INFO in ch.qos.logback.core.rolling.SizeAndTimeBasedFNATP@6108b2d7 - Roll-over at midnight.
17:54:32,136 |-INFO in ch.qos.logback.core.rolling.SizeAndTimeBasedFNATP@6108b2d7 - Setting initial period to Wed May 29 17:53:24 MSK 2019
17:54:32,136 |-WARN in ch.qos.logback.core.rolling.SizeAndTimeBasedFNATP@6108b2d7 - SizeAndTimeBasedFNATP is deprecated. Use SizeAndTimeBasedRollingPolicy instead
17:54:32,136 |-WARN in ch.qos.logback.core.rolling.SizeAndTimeBasedFNATP@6108b2d7 - For more information see http://logback.qos.ch/manual/appenders.html#SizeAndTimeBasedRollingPolicy
17:54:32,141 |-INFO in ch.qos.logback.core.joran.action.NestedComplexPropertyIA - Assuming default type [ch.qos.logback.classic.encoder.PatternLayoutEncoder] for [encoder] property
17:54:32,143 |-INFO in ch.qos.logback.core.rolling.RollingFileAppender[FILE] - Active log file name: /tmp/application.log
17:54:32,143 |-INFO in ch.qos.logback.core.rolling.RollingFileAppender[FILE] - File property is set to [/tmp/application.log]
17:54:32,144 |-INFO in ch.qos.logback.classic.joran.action.RootLoggerAction - Setting level of ROOT logger to WARN
17:54:32,144 |-INFO in ch.qos.logback.core.joran.action.AppenderRefAction - Attaching appender named [STDOUT] to Logger[ROOT]
17:54:32,144 |-INFO in ch.qos.logback.core.joran.action.AppenderRefAction - Attaching appender named [FILE] to Logger[ROOT]
17:54:32,144 |-INFO in ch.qos.logback.classic.joran.action.ConfigurationAction - End of configuration.
17:54:32,145 |-INFO in ch.qos.logback.classic.joran.JoranConfigurator@1554909b - Registering current configuration as safe fallback point

2019-05-29T17:54:33.129+0300: 1.363: [GC (Metadata GC Threshold) [PSYoungGen: 97801K->15913K(149504K)] 97801K->15993K(491008K), 0.0198197 secs] [Times: user=0.08 sys=0.03, real=0.02 secs] 
2019-05-29T17:54:33.149+0300: 1.383: [Full GC (Metadata GC Threshold) [PSYoungGen: 15913K->0K(149504K)] [ParOldGen: 80K->14983K(341504K)] 15993K->14983K(491008K), [Metaspace: 20803K->20803K(1067008K)], 0.0251201 secs] [Times: user=0.15 sys=0.01, real=0.03 secs] 
17:54:41.878 [Curator-PathChildrenCache-1] WARN  o.a.c.u.ZKPaths  - The version of ZooKeeper being used doesn't support Container nodes. CreateMode.PERSISTENT will be used instead.
2019-05-29T17:54:43.156+0300: 11.390: [GC (Allocation Failure) [PSYoungGen: 128512K->15940K(149504K)] 143495K->50463K(491008K), 0.0266392 secs] [Times: user=0.23 sys=0.00, real=0.02 secs] 
2019-05-29T17:54:43.324+0300: 11.558: [GC (Metadata GC Threshold) [PSYoungGen: 27149K->5696K(149504K)] 61672K->40227K(491008K), 0.0038042 secs] [Times: user=0.03 sys=0.01, real=0.00 secs] 
2019-05-29T17:54:43.328+0300: 11.562: [Full GC (Metadata GC Threshold) [PSYoungGen: 5696K->0K(149504K)] [ParOldGen: 34530K->29350K(341504K)] 40227K->29350K(491008K), [Metaspace: 34553K->34553K(1079296K)], 0.0307614 secs] [Times: user=0.16 sys=0.00, real=0.03 secs] 
2019-05-29T17:55:01.639+0300: 29.873: [GC (Allocation Failure) [PSYoungGen: 128512K->320K(149504K)] 157862K->29678K(491008K), 0.0058634 secs] [Times: user=0.03 sys=0.01, real=0.01 secs] 
2019-05-29T17:55:21.042+0300: 49.276: [GC (Allocation Failure) [PSYoungGen: 128832K->352K(129024K)] 158190K->29718K(470528K), 0.0040470 secs] [Times: user=0.03 sys=0.00, real=0.01 secs] 
2019-05-29T17:55:41.620+0300: 69.854: [GC (Allocation Failure) [PSYoungGen: 128864K->535K(148992K)] 158230K->29909K(490496K), 0.0051894 secs] [Times: user=0.03 sys=0.00, real=0.01 secs] 
2019-05-29T17:56:08.545+0300: 96.779: [GC (Allocation Failure) [PSYoungGen: 127511K->480K(148480K)] 156885K->29862K(489984K), 0.0042298 secs] [Times: user=0.03 sys=0.00, real=0.00 secs] 
2019-05-29T17:56:33.572+0300: 121.806: [GC (Allocation Failure) [PSYoungGen: 127456K->352K(150528K)] 156838K->29734K(492032K), 0.0031891 secs] [Times: user=0.02 sys=0.01, real=0.00 secs] 
2019-05-29T17:57:01.492+0300: 149.726: [GC (Allocation Failure) [PSYoungGen: 130400K->416K(150016K)] 159782K->29806K(491520K), 0.0050643 secs] [Times: user=0.02 sys=0.00, real=0.00 secs] 
2019-05-29T17:57:27.560+0300: 175.794: [GC (Allocation Failure) [PSYoungGen: 130464K->384K(152064K)] 159854K->29782K(493568K), 0.0032202 secs] [Times: user=0.01 sys=0.00, real=0.00 secs] 
2019-05-29T17:57:55.477+0300: 203.711: [GC (Allocation Failure) [PSYoungGen: 133504K->384K(151552K)] 162902K->29790K(493056K), 0.0027258 secs] [Times: user=0.01 sys=0.00, real=0.00 secs] 
2019-05-29T17:58:18.166+0300: 226.400: [GC (Allocation Failure) [PSYoungGen: 133504K->352K(153600K)] 162910K->29758K(495104K), 0.0039703 secs] [Times: user=0.03 sys=0.00, real=0.00 secs] 
2019-05-29T17:58:45.537+0300: 253.771: [GC (Allocation Failure) [PSYoungGen: 136032K->352K(152576K)] 165438K->29758K(494080K), 0.0021169 secs] [Times: user=0.00 sys=0.00, real=0.00 secs] 
2019-05-29T17:59:10.885+0300: 279.119: [GC (Allocation Failure) [PSYoungGen: 136032K->256K(155136K)] 165438K->29662K(496640K), 0.0037435 secs] [Times: user=0.02 sys=0.00, real=0.00 secs] 
2019-05-29T17:59:39.797+0300: 308.031: [GC (Allocation Failure) [PSYoungGen: 139520K->416K(154624K)] 168926K->29822K(496128K), 0.0034224 secs] [Times: user=0.01 sys=0.00, real=0.00 secs] 
2019-05-29T18:00:09.517+0300: 337.751: [GC (Allocation Failure) [PSYoungGen: 139680K->320K(156672K)] 169086K->29734K(498176K), 0.0027404 secs] [Times: user=0.01 sys=0.01, real=0.00 secs] 
2019-05-29T18:00:43.898+0300: 372.133: [GC (Allocation Failure) [PSYoungGen: 142656K->288K(156160K)] 172070K->29710K(497664K), 0.0032951 secs] [Times: user=0.01 sys=0.00, real=0.00 secs] 
2019-05-29T18:01:10.948+0300: 399.183: [GC (Allocation Failure) [PSYoungGen: 142624K->352K(158208K)] 172046K->29774K(499712K), 0.0028472 secs] [Times: user=0.01 sys=0.00, real=0.01 secs] 
18:01:42.195 [Curator-PathChildrenCache-0] ERROR o.a.c.f.r.c.PathChildrenCache  - 
java.lang.IllegalStateException: instance must be started before calling this method
	at org.apache.curator.shaded.com.google.common.base.Preconditions.checkState(Preconditions.java:444)
	at org.apache.curator.framework.imps.CuratorFrameworkImpl.getChildren(CuratorFrameworkImpl.java:456)
	at org.apache.curator.framework.recipes.cache.PathChildrenCache.refresh(PathChildrenCache.java:521)
	at org.apache.curator.framework.recipes.cache.RefreshOperation.invoke(RefreshOperation.java:35)
	at org.apache.curator.framework.recipes.cache.PathChildrenCache$9.run(PathChildrenCache.java:786)
	at java.util.concurrent.Executors$RunnableAdapter.call(Executors.java:511)
	at java.util.concurrent.FutureTask.run(FutureTask.java:266)
	at java.util.concurrent.Executors$RunnableAdapter.call(Executors.java:511)
	at java.util.concurrent.FutureTask.run(FutureTask.java:266)
	at java.util.concurrent.ThreadPoolExecutor.runWorker(ThreadPoolExecutor.java:1149)
	at java.util.concurrent.ThreadPoolExecutor$Worker.run(ThreadPoolExecutor.java:624)
	at java.lang.Thread.run(Thread.java:748)
Heap
 PSYoungGen      total 158208K, used 137559K [0x00000000f5980000, 0x0000000100000000, 0x0000000100000000)
  eden space 145408K, 94% used [0x00000000f5980000,0x00000000fdf7dde8,0x00000000fe780000)
  from space 12800K, 2% used [0x00000000ff380000,0x00000000ff3d8000,0x0000000100000000)
  to   space 12288K, 0% used [0x00000000fe780000,0x00000000fe780000,0x00000000ff380000)
 ParOldGen       total 341504K, used 29422K [0x00000000e0c00000, 0x00000000f5980000, 0x00000000f5980000)
  object space 341504K, 8% used [0x00000000e0c00000,0x00000000e28bbb20,0x00000000f5980000)
 Metaspace       used 36401K, capacity 37264K, committed 37464K, reserved 1081344K
  class space    used 4976K, capacity 5156K, committed 5248K, reserved 1048576K
