13:11:51,776 |-INFO in ch.qos.logback.classic.LoggerContext[default] - Could NOT find resource [logback-test.xml]
13:11:51,777 |-INFO in ch.qos.logback.classic.LoggerContext[default] - Could NOT find resource [logback.groovy]
13:11:51,777 |-INFO in ch.qos.logback.classic.LoggerContext[default] - Found resource [logback.xml] at [jar:file:/root/flamestream/lib/flamestream-runtime-1.0-SNAPSHOT.jar!/logback.xml]
13:11:51,778 |-WARN in ch.qos.logback.classic.LoggerContext[default] - Resource [logback.xml] occurs multiple times on the classpath.
13:11:51,778 |-WARN in ch.qos.logback.classic.LoggerContext[default] - Resource [logback.xml] occurs at [jar:file:/root/flamestream/lib/flamestream-runtime-1.0-SNAPSHOT.jar!/logback.xml]
13:11:51,778 |-WARN in ch.qos.logback.classic.LoggerContext[default] - Resource [logback.xml] occurs at [jar:file:/root/flamestream/flamestream-runtime-1.0-SNAPSHOT.jar!/logback.xml]
13:11:51,797 |-INFO in ch.qos.logback.core.joran.spi.ConfigurationWatchList@3fb6a447 - URL [jar:file:/root/flamestream/lib/flamestream-runtime-1.0-SNAPSHOT.jar!/logback.xml] is not of type file
13:11:51,867 |-INFO in ch.qos.logback.classic.joran.action.ConfigurationAction - debug attribute not set
13:11:51,867 |-INFO in ch.qos.logback.core.joran.action.AppenderAction - About to instantiate appender of type [ch.qos.logback.core.ConsoleAppender]
13:11:51,884 |-INFO in ch.qos.logback.core.joran.action.AppenderAction - Naming appender as [STDOUT]
13:11:51,904 |-INFO in ch.qos.logback.core.joran.action.NestedComplexPropertyIA - Assuming default type [ch.qos.logback.classic.encoder.PatternLayoutEncoder] for [encoder] property
13:11:51,989 |-INFO in ch.qos.logback.core.joran.action.AppenderAction - About to instantiate appender of type [ch.qos.logback.core.rolling.RollingFileAppender]
13:11:51,995 |-INFO in ch.qos.logback.core.joran.action.AppenderAction - Naming appender as [FILE]
13:11:52,027 |-INFO in c.q.l.core.rolling.TimeBasedRollingPolicy@127618319 - No compression will be used
13:11:52,028 |-INFO in c.q.l.core.rolling.TimeBasedRollingPolicy@127618319 - Will use the pattern /tmp/application_%d{yyyy-MM-dd}.%i.log for the active file
13:11:52,031 |-INFO in ch.qos.logback.core.rolling.SizeAndTimeBasedFNATP@6b2fad11 - The date pattern is 'yyyy-MM-dd' from file name pattern '/tmp/application_%d{yyyy-MM-dd}.%i.log'.
13:11:52,031 |-INFO in ch.qos.logback.core.rolling.SizeAndTimeBasedFNATP@6b2fad11 - Roll-over at midnight.
13:11:52,036 |-INFO in ch.qos.logback.core.rolling.SizeAndTimeBasedFNATP@6b2fad11 - Setting initial period to Mon Jun 10 13:10:26 UTC 2019
13:11:52,036 |-WARN in ch.qos.logback.core.rolling.SizeAndTimeBasedFNATP@6b2fad11 - SizeAndTimeBasedFNATP is deprecated. Use SizeAndTimeBasedRollingPolicy instead
13:11:52,036 |-WARN in ch.qos.logback.core.rolling.SizeAndTimeBasedFNATP@6b2fad11 - For more information see http://logback.qos.ch/manual/appenders.html#SizeAndTimeBasedRollingPolicy
13:11:52,040 |-INFO in ch.qos.logback.core.joran.action.NestedComplexPropertyIA - Assuming default type [ch.qos.logback.classic.encoder.PatternLayoutEncoder] for [encoder] property
13:11:52,045 |-INFO in ch.qos.logback.core.rolling.RollingFileAppender[FILE] - Active log file name: /tmp/application.log
13:11:52,045 |-INFO in ch.qos.logback.core.rolling.RollingFileAppender[FILE] - File property is set to [/tmp/application.log]
13:11:52,046 |-INFO in ch.qos.logback.classic.joran.action.RootLoggerAction - Setting level of ROOT logger to WARN
13:11:52,046 |-INFO in ch.qos.logback.core.joran.action.AppenderRefAction - Attaching appender named [STDOUT] to Logger[ROOT]
13:11:52,048 |-INFO in ch.qos.logback.core.joran.action.AppenderRefAction - Attaching appender named [FILE] to Logger[ROOT]
13:11:52,048 |-INFO in ch.qos.logback.classic.joran.action.ConfigurationAction - End of configuration.
13:11:52,049 |-INFO in ch.qos.logback.classic.joran.JoranConfigurator@79698539 - Registering current configuration as safe fallback point

Ama winner
Ama winner
2019-06-10T13:11:53.318+0000: 1.725: [Full GC (Metadata GC Threshold) 2019-06-10T13:11:53.318+0000: 1.725: [Tenured: 0K->15209K(341376K), 0.0403603 secs] 114987K->15209K(494976K), [Metaspace: 20736K->20736K(1067008K)], 0.0404254 secs] [Times: user=0.03 sys=0.00, real=0.04 secs] 
13:12:13.093 [Curator-PathChildrenCache-2] WARN  o.a.c.u.ZKPaths  - The version of ZooKeeper being used doesn't support Container nodes. CreateMode.PERSISTENT will be used instead.
2019-06-10T13:12:15.630+0000: 24.037: [GC (Allocation Failure) 2019-06-10T13:12:15.630+0000: 24.037: [DefNew: 121668K->17023K(153600K), 0.0188072 secs] 136878K->33223K(494976K), 0.0188834 secs] [Times: user=0.02 sys=0.00, real=0.02 secs] 
2019-06-10T13:12:16.077+0000: 24.484: [Full GC (Metadata GC Threshold) 2019-06-10T13:12:16.077+0000: 24.484: [Tenured: 16199K->44841K(341376K), 0.0460080 secs] 69367K->44841K(494976K), [Metaspace: 34590K->34590K(1079296K)], 0.0460833 secs] [Times: user=0.03 sys=0.01, real=0.04 secs] 
2019-06-10T13:12:21.993+0000: 30.400: [GC (Allocation Failure) 2019-06-10T13:12:21.993+0000: 30.400: [DefNew: 136576K->316K(153600K), 0.0027108 secs] 181417K->45157K(494976K), 0.0027698 secs] [Times: user=0.00 sys=0.00, real=0.00 secs] 
2019-06-10T13:12:27.631+0000: 36.038: [GC (Allocation Failure) 2019-06-10T13:12:27.632+0000: 36.038: [DefNew: 136892K->300K(153600K), 0.0022213 secs] 181733K->45141K(494976K), 0.0022854 secs] [Times: user=0.01 sys=0.00, real=0.00 secs] 
2019-06-10T13:12:33.376+0000: 41.783: [GC (Allocation Failure) 2019-06-10T13:12:33.376+0000: 41.783: [DefNew: 136876K->301K(153600K), 0.0024004 secs] 181717K->45142K(494976K), 0.0024615 secs] [Times: user=0.00 sys=0.00, real=0.01 secs] 
2019-06-10T13:12:39.093+0000: 47.500: [GC (Allocation Failure) 2019-06-10T13:12:39.094+0000: 47.501: [DefNew: 136877K->300K(153600K), 0.0023283 secs] 181718K->45142K(494976K), 0.0023876 secs] [Times: user=0.00 sys=0.00, real=0.00 secs] 
2019-06-10T13:12:44.820+0000: 53.227: [GC (Allocation Failure) 2019-06-10T13:12:44.820+0000: 53.227: [DefNew: 136876K->302K(153600K), 0.0024192 secs] 181718K->45143K(494976K), 0.0024817 secs] [Times: user=0.00 sys=0.00, real=0.00 secs] 
2019-06-10T13:12:50.509+0000: 58.916: [GC (Allocation Failure) 2019-06-10T13:12:50.509+0000: 58.916: [DefNew: 136878K->303K(153600K), 0.0024253 secs] 181719K->45144K(494976K), 0.0024862 secs] [Times: user=0.00 sys=0.00, real=0.00 secs] 
2019-06-10T13:12:56.517+0000: 64.924: [GC (Allocation Failure) 2019-06-10T13:12:56.517+0000: 64.924: [DefNew: 136879K->703K(153600K), 0.0029999 secs] 181720K->45544K(494976K), 0.0030621 secs] [Times: user=0.01 sys=0.00, real=0.00 secs] 
2019-06-10T13:13:03.079+0000: 71.486: [GC (Allocation Failure) 2019-06-10T13:13:03.079+0000: 71.486: [DefNew: 137279K->453K(153600K), 0.0028101 secs] 182120K->45294K(494976K), 0.0028815 secs] [Times: user=0.00 sys=0.00, real=0.00 secs] 
2019-06-10T13:13:09.624+0000: 78.031: [GC (Allocation Failure) 2019-06-10T13:13:09.624+0000: 78.031: [DefNew: 137029K->452K(153600K), 0.0027007 secs] 181870K->45293K(494976K), 0.0027643 secs] [Times: user=0.00 sys=0.00, real=0.00 secs] 
2019-06-10T13:13:16.123+0000: 84.530: [GC (Allocation Failure) 2019-06-10T13:13:16.123+0000: 84.530: [DefNew: 137028K->452K(153600K), 0.0028187 secs] 181869K->45294K(494976K), 0.0028813 secs] [Times: user=0.00 sys=0.00, real=0.00 secs] 
13:13:31.666 [Curator-PathChildrenCache-0] ERROR o.a.c.f.r.c.PathChildrenCache  - 
java.lang.IllegalStateException: instance must be started before calling this method
	at org.apache.curator.shaded.com.google.common.base.Preconditions.checkState(Preconditions.java:444)
	at org.apache.curator.framework.imps.CuratorFrameworkImpl.getChildren(CuratorFrameworkImpl.java:456)
	at org.apache.curator.framework.recipes.cache.PathChildrenCache.refresh(PathChildrenCache.java:521)
	at org.apache.curator.framework.recipes.cache.RefreshOperation.invoke(RefreshOperation.java:35)
	at org.apache.curator.framework.recipes.cache.PathChildrenCache$9.run(PathChildrenCache.java:786)
	at java.util.concurrent.Executors$RunnableAdapter.call(Executors.java:511)
	at java.util.concurrent.FutureTask.run(FutureTask.java:266)
	at java.util.concurrent.Executors$RunnableAdapter.call(Executors.java:511)
	at java.util.concurrent.FutureTask.run(FutureTask.java:266)
	at java.util.concurrent.ThreadPoolExecutor.runWorker(ThreadPoolExecutor.java:1149)
	at java.util.concurrent.ThreadPoolExecutor$Worker.run(ThreadPoolExecutor.java:624)
	at java.lang.Thread.run(Thread.java:748)
Heap
 def new generation   total 153600K, used 71306K [0x00000000e0c00000, 0x00000000eb2a0000, 0x00000000eb2a0000)
  eden space 136576K,  51% used [0x00000000e0c00000, 0x00000000e51316d8, 0x00000000e9160000)
  from space 17024K,   2% used [0x00000000ea200000, 0x00000000ea2713a8, 0x00000000eb2a0000)
  to   space 17024K,   0% used [0x00000000e9160000, 0x00000000e9160000, 0x00000000ea200000)
 tenured generation   total 341376K, used 44841K [0x00000000eb2a0000, 0x0000000100000000, 0x0000000100000000)
   the space 341376K,  13% used [0x00000000eb2a0000, 0x00000000ede6a500, 0x00000000ede6a600, 0x0000000100000000)
 Metaspace       used 36497K, capacity 37486K, committed 37760K, reserved 1081344K
  class space    used 4918K, capacity 5131K, committed 5248K, reserved 1048576K
