09:30:25,539 |-INFO in ch.qos.logback.classic.LoggerContext[default] - Could NOT find resource [logback-test.xml]
09:30:25,539 |-INFO in ch.qos.logback.classic.LoggerContext[default] - Could NOT find resource [logback.groovy]
09:30:25,539 |-INFO in ch.qos.logback.classic.LoggerContext[default] - Found resource [logback.xml] at [jar:file:/home/nikitasokolov/flamestream/lib/flamestream-runtime-1.0-SNAPSHOT.jar!/logback.xml]
09:30:25,540 |-WARN in ch.qos.logback.classic.LoggerContext[default] - Resource [logback.xml] occurs multiple times on the classpath.
09:30:25,540 |-WARN in ch.qos.logback.classic.LoggerContext[default] - Resource [logback.xml] occurs at [jar:file:/home/nikitasokolov/flamestream/lib/flamestream-runtime-1.0-SNAPSHOT.jar!/logback.xml]
09:30:25,540 |-WARN in ch.qos.logback.classic.LoggerContext[default] - Resource [logback.xml] occurs at [jar:file:/home/nikitasokolov/flamestream/flamestream-runtime-1.0-SNAPSHOT.jar!/logback.xml]
09:30:25,556 |-INFO in ch.qos.logback.core.joran.spi.ConfigurationWatchList@6108b2d7 - URL [jar:file:/home/nikitasokolov/flamestream/lib/flamestream-runtime-1.0-SNAPSHOT.jar!/logback.xml] is not of type file
09:30:25,605 |-INFO in ch.qos.logback.classic.joran.action.ConfigurationAction - debug attribute not set
09:30:25,606 |-INFO in ch.qos.logback.core.joran.action.AppenderAction - About to instantiate appender of type [ch.qos.logback.core.ConsoleAppender]
09:30:25,613 |-INFO in ch.qos.logback.core.joran.action.AppenderAction - Naming appender as [STDOUT]
09:30:25,621 |-INFO in ch.qos.logback.core.joran.action.NestedComplexPropertyIA - Assuming default type [ch.qos.logback.classic.encoder.PatternLayoutEncoder] for [encoder] property
09:30:25,674 |-INFO in ch.qos.logback.core.joran.action.AppenderAction - About to instantiate appender of type [ch.qos.logback.core.rolling.RollingFileAppender]
09:30:25,680 |-INFO in ch.qos.logback.core.joran.action.AppenderAction - Naming appender as [FILE]
09:30:25,709 |-INFO in c.q.l.core.rolling.TimeBasedRollingPolicy@357863579 - No compression will be used
09:30:25,710 |-INFO in c.q.l.core.rolling.TimeBasedRollingPolicy@357863579 - Will use the pattern /tmp/application_%d{yyyy-MM-dd}.%i.log for the active file
09:30:25,713 |-INFO in ch.qos.logback.core.rolling.SizeAndTimeBasedFNATP@6bf256fa - The date pattern is 'yyyy-MM-dd' from file name pattern '/tmp/application_%d{yyyy-MM-dd}.%i.log'.
09:30:25,713 |-INFO in ch.qos.logback.core.rolling.SizeAndTimeBasedFNATP@6bf256fa - Roll-over at midnight.
09:30:25,717 |-INFO in ch.qos.logback.core.rolling.SizeAndTimeBasedFNATP@6bf256fa - Setting initial period to Sun Jun 09 09:29:39 MSK 2019
09:30:25,717 |-WARN in ch.qos.logback.core.rolling.SizeAndTimeBasedFNATP@6bf256fa - SizeAndTimeBasedFNATP is deprecated. Use SizeAndTimeBasedRollingPolicy instead
09:30:25,717 |-WARN in ch.qos.logback.core.rolling.SizeAndTimeBasedFNATP@6bf256fa - For more information see http://logback.qos.ch/manual/appenders.html#SizeAndTimeBasedRollingPolicy
09:30:25,722 |-INFO in ch.qos.logback.core.joran.action.NestedComplexPropertyIA - Assuming default type [ch.qos.logback.classic.encoder.PatternLayoutEncoder] for [encoder] property
09:30:25,724 |-INFO in ch.qos.logback.core.rolling.RollingFileAppender[FILE] - Active log file name: /tmp/application.log
09:30:25,724 |-INFO in ch.qos.logback.core.rolling.RollingFileAppender[FILE] - File property is set to [/tmp/application.log]
09:30:25,725 |-INFO in ch.qos.logback.classic.joran.action.RootLoggerAction - Setting level of ROOT logger to WARN
09:30:25,725 |-INFO in ch.qos.logback.core.joran.action.AppenderRefAction - Attaching appender named [STDOUT] to Logger[ROOT]
09:30:25,726 |-INFO in ch.qos.logback.core.joran.action.AppenderRefAction - Attaching appender named [FILE] to Logger[ROOT]
09:30:25,726 |-INFO in ch.qos.logback.classic.joran.action.ConfigurationAction - End of configuration.
09:30:25,726 |-INFO in ch.qos.logback.classic.joran.JoranConfigurator@6cd8737 - Registering current configuration as safe fallback point

2019-06-09T09:30:26.735+0300: 1.406: [GC (Metadata GC Threshold) [PSYoungGen: 105582K->15758K(149504K)] 105582K->15838K(491008K), 0.0329455 secs] [Times: user=0.18 sys=0.04, real=0.03 secs] 
2019-06-09T09:30:26.768+0300: 1.439: [Full GC (Metadata GC Threshold) [PSYoungGen: 15758K->0K(149504K)] [ParOldGen: 80K->14981K(341504K)] 15838K->14981K(491008K), [Metaspace: 20802K->20802K(1067008K)], 0.0299750 secs] [Times: user=0.19 sys=0.01, real=0.04 secs] 
09:30:37.124 [Curator-PathChildrenCache-1] WARN  o.a.c.u.ZKPaths  - The version of ZooKeeper being used doesn't support Container nodes. CreateMode.PERSISTENT will be used instead.
2019-06-09T09:30:38.045+0300: 12.716: [GC (Metadata GC Threshold) [PSYoungGen: 128351K->15673K(149504K)] 143332K->50194K(491008K), 0.0258301 secs] [Times: user=0.20 sys=0.01, real=0.03 secs] 
2019-06-09T09:30:38.071+0300: 12.742: [Full GC (Metadata GC Threshold) [PSYoungGen: 15673K->0K(149504K)] [ParOldGen: 34520K->38538K(341504K)] 50194K->38538K(491008K), [Metaspace: 34550K->34550K(1079296K)], 0.0440159 secs] [Times: user=0.27 sys=0.01, real=0.04 secs] 
2019-06-09T09:30:39.894+0300: 14.565: [GC (Allocation Failure) [PSYoungGen: 128512K->416K(149504K)] 167050K->38962K(491008K), 0.0040794 secs] [Times: user=0.02 sys=0.00, real=0.01 secs] 
2019-06-09T09:30:42.244+0300: 16.915: [GC (Allocation Failure) [PSYoungGen: 128928K->512K(149504K)] 167474K->39066K(491008K), 0.0027746 secs] [Times: user=0.03 sys=0.00, real=0.00 secs] 
2019-06-09T09:30:44.685+0300: 19.356: [GC (Allocation Failure) [PSYoungGen: 129024K->480K(149504K)] 167578K->39042K(491008K), 0.0075046 secs] [Times: user=0.06 sys=0.02, real=0.01 secs] 
2019-06-09T09:30:46.999+0300: 21.670: [GC (Allocation Failure) [PSYoungGen: 128992K->480K(150016K)] 167554K->39050K(491520K), 0.0028946 secs] [Times: user=0.01 sys=0.00, real=0.00 secs] 
2019-06-09T09:30:49.397+0300: 24.068: [GC (Allocation Failure) [PSYoungGen: 129504K->512K(149504K)] 168074K->39082K(491008K), 0.0033365 secs] [Times: user=0.01 sys=0.01, real=0.01 secs] 
2019-06-09T09:30:51.802+0300: 26.473: [GC (Allocation Failure) [PSYoungGen: 129536K->544K(152064K)] 168106K->39122K(493568K), 0.0041670 secs] [Times: user=0.03 sys=0.01, real=0.00 secs] 
2019-06-09T09:30:54.275+0300: 28.947: [GC (Allocation Failure) [PSYoungGen: 133152K->544K(151040K)] 171730K->39130K(492544K), 0.0708801 secs] [Times: user=0.01 sys=0.01, real=0.07 secs] 
2019-06-09T09:30:56.733+0300: 31.404: [GC (Allocation Failure) [PSYoungGen: 133152K->832K(153600K)] 171738K->39426K(495104K), 0.0028244 secs] [Times: user=0.02 sys=0.00, real=0.00 secs] 
2019-06-09T09:30:59.258+0300: 33.929: [GC (Allocation Failure) [PSYoungGen: 136512K->800K(152576K)] 175106K->39402K(494080K), 0.0030421 secs] [Times: user=0.02 sys=0.01, real=0.00 secs] 
2019-06-09T09:31:01.791+0300: 36.462: [GC (Allocation Failure) [PSYoungGen: 136480K->768K(155136K)] 175082K->39370K(496640K), 0.0029781 secs] [Times: user=0.02 sys=0.00, real=0.00 secs] 
2019-06-09T09:31:04.394+0300: 39.065: [GC (Allocation Failure) [PSYoungGen: 139520K->768K(154112K)] 178122K->39370K(495616K), 0.0028993 secs] [Times: user=0.01 sys=0.00, real=0.00 secs] 
09:31:11.250 [Curator-PathChildrenCache-0] ERROR o.a.c.f.r.c.PathChildrenCache  - 
java.lang.IllegalStateException: instance must be started before calling this method
	at org.apache.curator.shaded.com.google.common.base.Preconditions.checkState(Preconditions.java:444)
	at org.apache.curator.framework.imps.CuratorFrameworkImpl.getChildren(CuratorFrameworkImpl.java:456)
	at org.apache.curator.framework.recipes.cache.PathChildrenCache.refresh(PathChildrenCache.java:521)
	at org.apache.curator.framework.recipes.cache.RefreshOperation.invoke(RefreshOperation.java:35)
	at org.apache.curator.framework.recipes.cache.PathChildrenCache$9.run(PathChildrenCache.java:786)
	at java.util.concurrent.Executors$RunnableAdapter.call(Executors.java:511)
	at java.util.concurrent.FutureTask.run(FutureTask.java:266)
	at java.util.concurrent.Executors$RunnableAdapter.call(Executors.java:511)
	at java.util.concurrent.FutureTask.run(FutureTask.java:266)
	at java.util.concurrent.ThreadPoolExecutor.runWorker(ThreadPoolExecutor.java:1149)
	at java.util.concurrent.ThreadPoolExecutor$Worker.run(ThreadPoolExecutor.java:624)
	at java.lang.Thread.run(Thread.java:748)
Heap
 PSYoungGen      total 154112K, used 105547K [0x00000000f5980000, 0x0000000100000000, 0x0000000100000000)
  eden space 138752K, 75% used [0x00000000f5980000,0x00000000fbfd2d10,0x00000000fe100000)
  from space 15360K, 5% used [0x00000000fe100000,0x00000000fe1c0080,0x00000000ff000000)
  to   space 14336K, 0% used [0x00000000ff200000,0x00000000ff200000,0x0000000100000000)
 ParOldGen       total 341504K, used 38602K [0x00000000e0c00000, 0x00000000f5980000, 0x00000000f5980000)
  object space 341504K, 11% used [0x00000000e0c00000,0x00000000e31b2b08,0x00000000f5980000)
 Metaspace       used 35732K, capacity 36606K, committed 36952K, reserved 1081344K
  class space    used 4935K, capacity 5129K, committed 5248K, reserved 1048576K
