16:38:57,186 |-INFO in ch.qos.logback.classic.LoggerContext[default] - Could NOT find resource [logback-test.xml]
16:38:57,186 |-INFO in ch.qos.logback.classic.LoggerContext[default] - Could NOT find resource [logback.groovy]
16:38:57,186 |-INFO in ch.qos.logback.classic.LoggerContext[default] - Found resource [logback.xml] at [jar:file:/root/flamestream/lib/flamestream-runtime-1.0-SNAPSHOT.jar!/logback.xml]
16:38:57,187 |-WARN in ch.qos.logback.classic.LoggerContext[default] - Resource [logback.xml] occurs multiple times on the classpath.
16:38:57,187 |-WARN in ch.qos.logback.classic.LoggerContext[default] - Resource [logback.xml] occurs at [jar:file:/root/flamestream/lib/flamestream-runtime-1.0-SNAPSHOT.jar!/logback.xml]
16:38:57,187 |-WARN in ch.qos.logback.classic.LoggerContext[default] - Resource [logback.xml] occurs at [jar:file:/root/flamestream/flamestream-runtime-1.0-SNAPSHOT.jar!/logback.xml]
16:38:57,206 |-INFO in ch.qos.logback.core.joran.spi.ConfigurationWatchList@3fb6a447 - URL [jar:file:/root/flamestream/lib/flamestream-runtime-1.0-SNAPSHOT.jar!/logback.xml] is not of type file
16:38:57,272 |-INFO in ch.qos.logback.classic.joran.action.ConfigurationAction - debug attribute not set
16:38:57,273 |-INFO in ch.qos.logback.core.joran.action.AppenderAction - About to instantiate appender of type [ch.qos.logback.core.ConsoleAppender]
16:38:57,289 |-INFO in ch.qos.logback.core.joran.action.AppenderAction - Naming appender as [STDOUT]
16:38:57,308 |-INFO in ch.qos.logback.core.joran.action.NestedComplexPropertyIA - Assuming default type [ch.qos.logback.classic.encoder.PatternLayoutEncoder] for [encoder] property
16:38:57,391 |-INFO in ch.qos.logback.core.joran.action.AppenderAction - About to instantiate appender of type [ch.qos.logback.core.rolling.RollingFileAppender]
16:38:57,402 |-INFO in ch.qos.logback.core.joran.action.AppenderAction - Naming appender as [FILE]
16:38:57,429 |-INFO in c.q.l.core.rolling.TimeBasedRollingPolicy@127618319 - No compression will be used
16:38:57,430 |-INFO in c.q.l.core.rolling.TimeBasedRollingPolicy@127618319 - Will use the pattern /tmp/application_%d{yyyy-MM-dd}.%i.log for the active file
16:38:57,433 |-INFO in ch.qos.logback.core.rolling.SizeAndTimeBasedFNATP@6b2fad11 - The date pattern is 'yyyy-MM-dd' from file name pattern '/tmp/application_%d{yyyy-MM-dd}.%i.log'.
16:38:57,433 |-INFO in ch.qos.logback.core.rolling.SizeAndTimeBasedFNATP@6b2fad11 - Roll-over at midnight.
16:38:57,438 |-INFO in ch.qos.logback.core.rolling.SizeAndTimeBasedFNATP@6b2fad11 - Setting initial period to Mon Jun 10 16:37:21 UTC 2019
16:38:57,438 |-WARN in ch.qos.logback.core.rolling.SizeAndTimeBasedFNATP@6b2fad11 - SizeAndTimeBasedFNATP is deprecated. Use SizeAndTimeBasedRollingPolicy instead
16:38:57,438 |-WARN in ch.qos.logback.core.rolling.SizeAndTimeBasedFNATP@6b2fad11 - For more information see http://logback.qos.ch/manual/appenders.html#SizeAndTimeBasedRollingPolicy
16:38:57,443 |-INFO in ch.qos.logback.core.joran.action.NestedComplexPropertyIA - Assuming default type [ch.qos.logback.classic.encoder.PatternLayoutEncoder] for [encoder] property
16:38:57,448 |-INFO in ch.qos.logback.core.rolling.RollingFileAppender[FILE] - Active log file name: /tmp/application.log
16:38:57,448 |-INFO in ch.qos.logback.core.rolling.RollingFileAppender[FILE] - File property is set to [/tmp/application.log]
16:38:57,449 |-INFO in ch.qos.logback.classic.joran.action.RootLoggerAction - Setting level of ROOT logger to WARN
16:38:57,449 |-INFO in ch.qos.logback.core.joran.action.AppenderRefAction - Attaching appender named [STDOUT] to Logger[ROOT]
16:38:57,451 |-INFO in ch.qos.logback.core.joran.action.AppenderRefAction - Attaching appender named [FILE] to Logger[ROOT]
16:38:57,451 |-INFO in ch.qos.logback.classic.joran.action.ConfigurationAction - End of configuration.
16:38:57,451 |-INFO in ch.qos.logback.classic.joran.JoranConfigurator@79698539 - Registering current configuration as safe fallback point

Ama winner
Ama winner
2019-06-10T16:38:59.085+0000: 2.087: [Full GC (Metadata GC Threshold) 2019-06-10T16:38:59.085+0000: 2.087: [Tenured: 0K->15177K(341376K), 0.0398062 secs] 117782K->15177K(494976K), [Metaspace: 20737K->20737K(1067008K)], 0.0398750 secs] [Times: user=0.04 sys=0.00, real=0.04 secs] 
16:39:18.659 [Curator-PathChildrenCache-1] WARN  o.a.c.u.ZKPaths  - The version of ZooKeeper being used doesn't support Container nodes. CreateMode.PERSISTENT will be used instead.
2019-06-10T16:39:21.140+0000: 24.141: [GC (Allocation Failure) 2019-06-10T16:39:21.140+0000: 24.141: [DefNew: 136576K->17023K(153600K), 0.0252197 secs] 151753K->52688K(494976K), 0.0252859 secs] [Times: user=0.02 sys=0.00, real=0.03 secs] 
2019-06-10T16:39:23.151+0000: 26.153: [Full GC (Metadata GC Threshold) 2019-06-10T16:39:23.151+0000: 26.153: [Tenured: 35664K->44205K(341376K), 0.0478156 secs] 95699K->44205K(494976K), [Metaspace: 34583K->34583K(1079296K)], 0.0478900 secs] [Times: user=0.05 sys=0.00, real=0.04 secs] 
2019-06-10T16:39:28.910+0000: 31.912: [GC (Allocation Failure) 2019-06-10T16:39:28.911+0000: 31.912: [DefNew: 136576K->59K(153600K), 0.0017055 secs] 180781K->44264K(494976K), 0.0017735 secs] [Times: user=0.00 sys=0.00, real=0.00 secs] 
2019-06-10T16:39:34.751+0000: 37.752: [GC (Allocation Failure) 2019-06-10T16:39:34.751+0000: 37.753: [DefNew: 136635K->59K(153600K), 0.0017316 secs] 180840K->44265K(494976K), 0.0018058 secs] [Times: user=0.01 sys=0.00, real=0.00 secs] 
2019-06-10T16:39:40.578+0000: 43.580: [GC (Allocation Failure) 2019-06-10T16:39:40.578+0000: 43.580: [DefNew: 136635K->60K(153600K), 0.0016671 secs] 180841K->44266K(494976K), 0.0017318 secs] [Times: user=0.00 sys=0.00, real=0.00 secs] 
2019-06-10T16:39:46.378+0000: 49.380: [GC (Allocation Failure) 2019-06-10T16:39:46.379+0000: 49.380: [DefNew: 136636K->60K(153600K), 0.0016878 secs] 180842K->44266K(494976K), 0.0017484 secs] [Times: user=0.00 sys=0.00, real=0.00 secs] 
2019-06-10T16:40:00.100+0000: 63.102: [GC (Allocation Failure) 2019-06-10T16:40:00.100+0000: 63.102: [DefNew: 136636K->647K(153600K), 0.0040092 secs] 180842K->44853K(494976K), 0.0040720 secs] [Times: user=0.00 sys=0.00, real=0.01 secs] 
16:40:00.165 [Curator-PathChildrenCache-0] ERROR o.a.c.f.r.c.PathChildrenCache  - 
java.lang.IllegalStateException: instance must be started before calling this method
	at org.apache.curator.shaded.com.google.common.base.Preconditions.checkState(Preconditions.java:444)
	at org.apache.curator.framework.imps.CuratorFrameworkImpl.getChildren(CuratorFrameworkImpl.java:456)
	at org.apache.curator.framework.recipes.cache.PathChildrenCache.refresh(PathChildrenCache.java:521)
	at org.apache.curator.framework.recipes.cache.RefreshOperation.invoke(RefreshOperation.java:35)
	at org.apache.curator.framework.recipes.cache.PathChildrenCache$9.run(PathChildrenCache.java:786)
	at java.util.concurrent.Executors$RunnableAdapter.call(Executors.java:511)
	at java.util.concurrent.FutureTask.run(FutureTask.java:266)
	at java.util.concurrent.Executors$RunnableAdapter.call(Executors.java:511)
	at java.util.concurrent.FutureTask.run(FutureTask.java:266)
	at java.util.concurrent.ThreadPoolExecutor.runWorker(ThreadPoolExecutor.java:1149)
	at java.util.concurrent.ThreadPoolExecutor$Worker.run(ThreadPoolExecutor.java:624)
	at java.lang.Thread.run(Thread.java:748)
Heap
 def new generation   total 153600K, used 13629K [0x00000000e0c00000, 0x00000000eb2a0000, 0x00000000eb2a0000)
  eden space 136576K,   9% used [0x00000000e0c00000, 0x00000000e18ad998, 0x00000000e9160000)
  from space 17024K,   3% used [0x00000000e9160000, 0x00000000e9201e00, 0x00000000ea200000)
  to   space 17024K,   0% used [0x00000000ea200000, 0x00000000ea200000, 0x00000000eb2a0000)
 tenured generation   total 341376K, used 44205K [0x00000000eb2a0000, 0x0000000100000000, 0x0000000100000000)
   the space 341376K,  12% used [0x00000000eb2a0000, 0x00000000eddcb7d0, 0x00000000eddcb800, 0x0000000100000000)
 Metaspace       used 36086K, capacity 36986K, committed 37120K, reserved 1081344K
  class space    used 4874K, capacity 5073K, committed 5120K, reserved 1048576K
