23:06:43,349 |-INFO in ch.qos.logback.classic.LoggerContext[default] - Could NOT find resource [logback-test.xml]
23:06:43,349 |-INFO in ch.qos.logback.classic.LoggerContext[default] - Could NOT find resource [logback.groovy]
23:06:43,349 |-INFO in ch.qos.logback.classic.LoggerContext[default] - Found resource [logback.xml] at [jar:file:/home/nikitasokolov/flamestream/lib/flamestream-runtime-1.0-SNAPSHOT.jar!/logback.xml]
23:06:43,350 |-WARN in ch.qos.logback.classic.LoggerContext[default] - Resource [logback.xml] occurs multiple times on the classpath.
23:06:43,350 |-WARN in ch.qos.logback.classic.LoggerContext[default] - Resource [logback.xml] occurs at [jar:file:/home/nikitasokolov/flamestream/lib/flamestream-runtime-1.0-SNAPSHOT.jar!/logback.xml]
23:06:43,350 |-WARN in ch.qos.logback.classic.LoggerContext[default] - Resource [logback.xml] occurs at [jar:file:/home/nikitasokolov/flamestream/flamestream-runtime-1.0-SNAPSHOT.jar!/logback.xml]
23:06:43,367 |-INFO in ch.qos.logback.core.joran.spi.ConfigurationWatchList@6bf256fa - URL [jar:file:/home/nikitasokolov/flamestream/lib/flamestream-runtime-1.0-SNAPSHOT.jar!/logback.xml] is not of type file
23:06:43,419 |-INFO in ch.qos.logback.classic.joran.action.ConfigurationAction - debug attribute not set
23:06:43,419 |-INFO in ch.qos.logback.core.joran.action.AppenderAction - About to instantiate appender of type [ch.qos.logback.core.ConsoleAppender]
23:06:43,427 |-INFO in ch.qos.logback.core.joran.action.AppenderAction - Naming appender as [STDOUT]
23:06:43,434 |-INFO in ch.qos.logback.core.joran.action.NestedComplexPropertyIA - Assuming default type [ch.qos.logback.classic.encoder.PatternLayoutEncoder] for [encoder] property
23:06:43,495 |-INFO in ch.qos.logback.core.joran.action.AppenderAction - About to instantiate appender of type [ch.qos.logback.core.rolling.RollingFileAppender]
23:06:43,501 |-INFO in ch.qos.logback.core.joran.action.AppenderAction - Naming appender as [FILE]
23:06:43,524 |-INFO in c.q.l.core.rolling.TimeBasedRollingPolicy@114132791 - No compression will be used
23:06:43,526 |-INFO in c.q.l.core.rolling.TimeBasedRollingPolicy@114132791 - Will use the pattern /tmp/application_%d{yyyy-MM-dd}.%i.log for the active file
23:06:43,528 |-INFO in ch.qos.logback.core.rolling.SizeAndTimeBasedFNATP@22f71333 - The date pattern is 'yyyy-MM-dd' from file name pattern '/tmp/application_%d{yyyy-MM-dd}.%i.log'.
23:06:43,528 |-INFO in ch.qos.logback.core.rolling.SizeAndTimeBasedFNATP@22f71333 - Roll-over at midnight.
23:06:43,533 |-INFO in ch.qos.logback.core.rolling.SizeAndTimeBasedFNATP@22f71333 - Setting initial period to Thu Jun 06 22:00:24 MSK 2019
23:06:43,533 |-WARN in ch.qos.logback.core.rolling.SizeAndTimeBasedFNATP@22f71333 - SizeAndTimeBasedFNATP is deprecated. Use SizeAndTimeBasedRollingPolicy instead
23:06:43,533 |-WARN in ch.qos.logback.core.rolling.SizeAndTimeBasedFNATP@22f71333 - For more information see http://logback.qos.ch/manual/appenders.html#SizeAndTimeBasedRollingPolicy
23:06:43,537 |-INFO in ch.qos.logback.core.joran.action.NestedComplexPropertyIA - Assuming default type [ch.qos.logback.classic.encoder.PatternLayoutEncoder] for [encoder] property
23:06:43,539 |-INFO in ch.qos.logback.core.rolling.RollingFileAppender[FILE] - Active log file name: /tmp/application.log
23:06:43,539 |-INFO in ch.qos.logback.core.rolling.RollingFileAppender[FILE] - File property is set to [/tmp/application.log]
23:06:43,540 |-ERROR in ch.qos.logback.core.rolling.RollingFileAppender[FILE] - openFile(/tmp/application.log,true) call failed. java.io.FileNotFoundException: /tmp/application.log (Permission denied)
	at java.io.FileNotFoundException: /tmp/application.log (Permission denied)
	at 	at java.io.FileOutputStream.open0(Native Method)
	at 	at java.io.FileOutputStream.open(FileOutputStream.java:270)
	at 	at java.io.FileOutputStream.<init>(FileOutputStream.java:213)
	at 	at ch.qos.logback.core.recovery.ResilientFileOutputStream.<init>(ResilientFileOutputStream.java:26)
	at 	at ch.qos.logback.core.FileAppender.openFile(FileAppender.java:204)
	at 	at ch.qos.logback.core.FileAppender.start(FileAppender.java:127)
	at 	at ch.qos.logback.core.rolling.RollingFileAppender.start(RollingFileAppender.java:100)
	at 	at ch.qos.logback.core.joran.action.AppenderAction.end(AppenderAction.java:90)
	at 	at ch.qos.logback.core.joran.spi.Interpreter.callEndAction(Interpreter.java:309)
	at 	at ch.qos.logback.core.joran.spi.Interpreter.endElement(Interpreter.java:193)
	at 	at ch.qos.logback.core.joran.spi.Interpreter.endElement(Interpreter.java:179)
	at 	at ch.qos.logback.core.joran.spi.EventPlayer.play(EventPlayer.java:62)
	at 	at ch.qos.logback.core.joran.GenericConfigurator.doConfigure(GenericConfigurator.java:165)
	at 	at ch.qos.logback.core.joran.GenericConfigurator.doConfigure(GenericConfigurator.java:152)
	at 	at ch.qos.logback.core.joran.GenericConfigurator.doConfigure(GenericConfigurator.java:110)
	at 	at ch.qos.logback.core.joran.GenericConfigurator.doConfigure(GenericConfigurator.java:53)
	at 	at ch.qos.logback.classic.util.ContextInitializer.configureByResource(ContextInitializer.java:75)
	at 	at ch.qos.logback.classic.util.ContextInitializer.autoConfig(ContextInitializer.java:150)
	at 	at org.slf4j.impl.StaticLoggerBinder.init(StaticLoggerBinder.java:84)
	at 	at org.slf4j.impl.StaticLoggerBinder.<clinit>(StaticLoggerBinder.java:55)
	at 	at org.slf4j.LoggerFactory.bind(LoggerFactory.java:150)
	at 	at org.slf4j.LoggerFactory.performInitialization(LoggerFactory.java:124)
	at 	at org.slf4j.LoggerFactory.getILoggerFactory(LoggerFactory.java:412)
	at 	at org.slf4j.LoggerFactory.getLogger(LoggerFactory.java:357)
	at 	at org.slf4j.LoggerFactory.getLogger(LoggerFactory.java:383)
	at 	at com.spbsu.flamestream.runtime.WorkerApplication.<init>(WorkerApplication.java:26)
	at 	at com.spbsu.flamestream.runtime.WorkerApplication.main(WorkerApplication.java:68)
23:06:43,540 |-INFO in ch.qos.logback.classic.joran.action.RootLoggerAction - Setting level of ROOT logger to WARN
23:06:43,541 |-INFO in ch.qos.logback.core.joran.action.AppenderRefAction - Attaching appender named [STDOUT] to Logger[ROOT]
23:06:43,541 |-INFO in ch.qos.logback.core.joran.action.AppenderRefAction - Attaching appender named [FILE] to Logger[ROOT]
23:06:43,541 |-INFO in ch.qos.logback.classic.joran.action.ConfigurationAction - End of configuration.
23:06:43,542 |-INFO in ch.qos.logback.classic.joran.JoranConfigurator@3498ed - Registering current configuration as safe fallback point

2019-06-08T23:06:44.564+0300: 1.412: [GC (Metadata GC Threshold) [PSYoungGen: 95295K->15925K(149504K)] 95295K->16005K(491008K), 0.0221696 secs] [Times: user=0.09 sys=0.03, real=0.02 secs] 
2019-06-08T23:06:44.586+0300: 1.435: [Full GC (Metadata GC Threshold) [PSYoungGen: 15925K->0K(149504K)] [ParOldGen: 80K->15081K(341504K)] 16005K->15081K(491008K), [Metaspace: 20803K->20803K(1067008K)], 0.0257430 secs] [Times: user=0.15 sys=0.02, real=0.02 secs] 
23:06:55.171 [Curator-PathChildrenCache-3] WARN  o.a.c.u.ZKPaths  - The version of ZooKeeper being used doesn't support Container nodes. CreateMode.PERSISTENT will be used instead.
2019-06-08T23:06:55.800+0300: 12.649: [GC (Allocation Failure) [PSYoungGen: 128512K->16930K(149504K)] 143593K->51550K(491008K), 0.0272227 secs] [Times: user=0.20 sys=0.03, real=0.03 secs] 
2019-06-08T23:06:55.869+0300: 12.718: [GC (Metadata GC Threshold) [PSYoungGen: 27939K->6606K(149504K)] 62559K->41234K(491008K), 0.0041645 secs] [Times: user=0.03 sys=0.00, real=0.00 secs] 
2019-06-08T23:06:55.874+0300: 12.722: [Full GC (Metadata GC Threshold) [PSYoungGen: 6606K->0K(149504K)] [ParOldGen: 34628K->30313K(341504K)] 41234K->30313K(491008K), [Metaspace: 34435K->34435K(1079296K)], 0.0310428 secs] [Times: user=0.15 sys=0.02, real=0.04 secs] 
2019-06-08T23:06:58.305+0300: 15.154: [GC (Allocation Failure) [PSYoungGen: 128512K->704K(149504K)] 158825K->31025K(491008K), 0.0033136 secs] [Times: user=0.02 sys=0.01, real=0.00 secs] 
2019-06-08T23:07:00.560+0300: 17.470: [GC (Allocation Failure) [PSYoungGen: 129216K->768K(129536K)] 159537K->31097K(471040K), 0.0645255 secs] [Times: user=0.01 sys=0.00, real=0.07 secs] 
2019-06-08T23:07:02.861+0300: 19.709: [GC (Allocation Failure) [PSYoungGen: 129280K->704K(147968K)] 159609K->31041K(489472K), 0.0032176 secs] [Times: user=0.02 sys=0.00, real=0.01 secs] 
2019-06-08T23:07:04.782+0300: 21.631: [GC (Allocation Failure) [PSYoungGen: 126144K->736K(147968K)] 156481K->31081K(489472K), 0.0037438 secs] [Times: user=0.02 sys=0.00, real=0.00 secs] 
2019-06-08T23:07:06.546+0300: 23.395: [GC (Allocation Failure) [PSYoungGen: 126176K->608K(149504K)] 156521K->31361K(491008K), 0.0036251 secs] [Times: user=0.01 sys=0.00, real=0.00 secs] 
2019-06-08T23:07:08.572+0300: 25.421: [GC (Allocation Failure) [PSYoungGen: 128608K->768K(148992K)] 159361K->31625K(490496K), 0.0034422 secs] [Times: user=0.01 sys=0.00, real=0.01 secs] 
2019-06-08T23:07:10.438+0300: 27.287: [GC (Allocation Failure) [PSYoungGen: 128768K->544K(151040K)] 159625K->31409K(492544K), 0.0026943 secs] [Times: user=0.02 sys=0.00, real=0.00 secs] 
2019-06-08T23:07:12.255+0300: 29.103: [GC (Allocation Failure) [PSYoungGen: 131616K->576K(150528K)] 162481K->31441K(492032K), 0.0037653 secs] [Times: user=0.02 sys=0.01, real=0.00 secs] 
2019-06-08T23:07:14.027+0300: 30.876: [GC (Allocation Failure) [PSYoungGen: 131648K->608K(152576K)] 162513K->31473K(494080K), 0.0024467 secs] [Times: user=0.01 sys=0.00, real=0.00 secs] 
2019-06-08T23:07:16.294+0300: 33.142: [GC (Allocation Failure) [PSYoungGen: 134752K->576K(152064K)] 165617K->31441K(493568K), 0.0029224 secs] [Times: user=0.01 sys=0.00, real=0.01 secs] 
2019-06-08T23:07:18.262+0300: 35.111: [GC (Allocation Failure) [PSYoungGen: 134720K->672K(154624K)] 165585K->31545K(496128K), 0.0025356 secs] [Times: user=0.02 sys=0.01, real=0.00 secs] 
2019-06-08T23:07:20.246+0300: 37.094: [GC (Allocation Failure) [PSYoungGen: 138400K->672K(153600K)] 169273K->31545K(495104K), 0.0028342 secs] [Times: user=0.02 sys=0.00, real=0.00 secs] 
2019-06-08T23:07:21.849+0300: 38.698: [GC (Allocation Failure) [PSYoungGen: 138400K->672K(156160K)] 169273K->31545K(497664K), 0.0026299 secs] [Times: user=0.02 sys=0.00, real=0.00 secs] 
2019-06-08T23:07:23.549+0300: 40.397: [GC (Allocation Failure) [PSYoungGen: 141472K->608K(155136K)] 172345K->31481K(496640K), 0.0727544 secs] [Times: user=0.03 sys=0.00, real=0.07 secs] 
2019-06-08T23:07:25.179+0300: 42.028: [GC (Allocation Failure) [PSYoungGen: 141408K->640K(157696K)] 172281K->31513K(499200K), 0.0027230 secs] [Times: user=0.01 sys=0.00, real=0.00 secs] 
2019-06-08T23:07:26.923+0300: 43.772: [GC (Allocation Failure) [PSYoungGen: 144512K->640K(156672K)] 175385K->31521K(498176K), 0.0028536 secs] [Times: user=0.01 sys=0.01, real=0.00 secs] 
2019-06-08T23:07:29.212+0300: 46.061: [GC (Allocation Failure) [PSYoungGen: 144512K->544K(159232K)] 175393K->31425K(500736K), 0.0025389 secs] [Times: user=0.01 sys=0.01, real=0.01 secs] 
2019-06-08T23:07:31.500+0300: 48.349: [GC (Allocation Failure) [PSYoungGen: 147488K->544K(158208K)] 178369K->31513K(499712K), 0.0021874 secs] [Times: user=0.00 sys=0.00, real=0.01 secs] 
23:07:42.859 [Curator-PathChildrenCache-0] ERROR o.a.c.f.r.c.PathChildrenCache  - 
java.lang.IllegalStateException: instance must be started before calling this method
	at org.apache.curator.shaded.com.google.common.base.Preconditions.checkState(Preconditions.java:444)
	at org.apache.curator.framework.imps.CuratorFrameworkImpl.getChildren(CuratorFrameworkImpl.java:456)
	at org.apache.curator.framework.recipes.cache.PathChildrenCache.refresh(PathChildrenCache.java:521)
	at org.apache.curator.framework.recipes.cache.RefreshOperation.invoke(RefreshOperation.java:35)
	at org.apache.curator.framework.recipes.cache.PathChildrenCache$9.run(PathChildrenCache.java:786)
	at java.util.concurrent.Executors$RunnableAdapter.call(Executors.java:511)
	at java.util.concurrent.FutureTask.run(FutureTask.java:266)
	at java.util.concurrent.Executors$RunnableAdapter.call(Executors.java:511)
	at java.util.concurrent.FutureTask.run(FutureTask.java:266)
	at java.util.concurrent.ThreadPoolExecutor.runWorker(ThreadPoolExecutor.java:1149)
	at java.util.concurrent.ThreadPoolExecutor$Worker.run(ThreadPoolExecutor.java:624)
	at java.lang.Thread.run(Thread.java:748)
23:07:42.952 [worker-akka.actor.default-dispatcher-8] ERROR c.s.f.r.WorkerApplication  - Something went wrong during trace flush
java.nio.file.AccessDeniedException: /tmp/trace.csv
	at sun.nio.fs.UnixException.translateToIOException(UnixException.java:84)
	at sun.nio.fs.UnixException.rethrowAsIOException(UnixException.java:102)
	at sun.nio.fs.UnixException.rethrowAsIOException(UnixException.java:107)
	at sun.nio.fs.UnixFileSystemProvider.newByteChannel(UnixFileSystemProvider.java:214)
	at java.nio.file.spi.FileSystemProvider.newOutputStream(FileSystemProvider.java:434)
	at java.nio.file.Files.newOutputStream(Files.java:216)
	at java.nio.file.Files.newBufferedWriter(Files.java:2860)
	at java.nio.file.Files.newBufferedWriter(Files.java:2896)
	at com.spbsu.flamestream.runtime.utils.tracing.Tracing.flush(Tracing.java:35)
	at com.spbsu.flamestream.runtime.WorkerApplication.lambda$run$0(WorkerApplication.java:109)
	at akka.actor.ActorSystemImpl$TerminationCallbacks$$anonfun$addRec$1$1.applyOrElse(ActorSystem.scala:1036)
	at akka.actor.ActorSystemImpl$TerminationCallbacks$$anonfun$addRec$1$1.applyOrElse(ActorSystem.scala:1036)
	at scala.concurrent.Future$$anonfun$andThen$1.apply(Future.scala:436)
	at scala.concurrent.Future$$anonfun$andThen$1.apply(Future.scala:435)
	at scala.concurrent.impl.CallbackRunnable.run(Promise.scala:36)
	at akka.dispatch.BatchingExecutor$AbstractBatch.processBatch(BatchingExecutor.scala:55)
	at akka.dispatch.BatchingExecutor$BlockableBatch$$anonfun$run$1.apply$mcV$sp(BatchingExecutor.scala:91)
	at akka.dispatch.BatchingExecutor$BlockableBatch$$anonfun$run$1.apply(BatchingExecutor.scala:91)
	at akka.dispatch.BatchingExecutor$BlockableBatch$$anonfun$run$1.apply(BatchingExecutor.scala:91)
	at scala.concurrent.BlockContext$.withBlockContext(BlockContext.scala:72)
	at akka.dispatch.BatchingExecutor$BlockableBatch.run(BatchingExecutor.scala:90)
	at akka.dispatch.TaskInvocation.run(AbstractDispatcher.scala:40)
	at akka.dispatch.ForkJoinExecutorConfigurator$AkkaForkJoinTask.exec(ForkJoinExecutorConfigurator.scala:44)
	at akka.dispatch.forkjoin.ForkJoinTask.doExec(ForkJoinTask.java:260)
	at akka.dispatch.forkjoin.ForkJoinPool$WorkQueue.runTask(ForkJoinPool.java:1339)
	at akka.dispatch.forkjoin.ForkJoinPool.runWorker(ForkJoinPool.java:1979)
	at akka.dispatch.forkjoin.ForkJoinWorkerThread.run(ForkJoinWorkerThread.java:107)
Heap
 PSYoungGen      total 158208K, used 124117K [0x00000000f5980000, 0x0000000100000000, 0x0000000100000000)
  eden space 146944K, 84% used [0x00000000f5980000,0x00000000fd22d788,0x00000000fe900000)
  from space 11264K, 4% used [0x00000000fe900000,0x00000000fe988050,0x00000000ff400000)
  to   space 10752K, 0% used [0x00000000ff580000,0x00000000ff580000,0x0000000100000000)
 ParOldGen       total 341504K, used 30969K [0x00000000e0c00000, 0x00000000f5980000, 0x00000000f5980000)
  object space 341504K, 9% used [0x00000000e0c00000,0x00000000e2a3e4a0,0x00000000f5980000)
 Metaspace       used 36141K, capacity 37080K, committed 37208K, reserved 1081344K
  class space    used 4985K, capacity 5188K, committed 5248K, reserved 1048576K
