18:20:29,624 |-INFO in ch.qos.logback.classic.LoggerContext[default] - Could NOT find resource [logback-test.xml]
18:20:29,624 |-INFO in ch.qos.logback.classic.LoggerContext[default] - Could NOT find resource [logback.groovy]
18:20:29,625 |-INFO in ch.qos.logback.classic.LoggerContext[default] - Found resource [logback.xml] at [jar:file:/root/flamestream/lib/flamestream-runtime-1.0-SNAPSHOT.jar!/logback.xml]
18:20:29,626 |-WARN in ch.qos.logback.classic.LoggerContext[default] - Resource [logback.xml] occurs multiple times on the classpath.
18:20:29,626 |-WARN in ch.qos.logback.classic.LoggerContext[default] - Resource [logback.xml] occurs at [jar:file:/root/flamestream/lib/flamestream-runtime-1.0-SNAPSHOT.jar!/logback.xml]
18:20:29,626 |-WARN in ch.qos.logback.classic.LoggerContext[default] - Resource [logback.xml] occurs at [jar:file:/root/flamestream/flamestream-runtime-1.0-SNAPSHOT.jar!/logback.xml]
18:20:29,645 |-INFO in ch.qos.logback.core.joran.spi.ConfigurationWatchList@3fb6a447 - URL [jar:file:/root/flamestream/lib/flamestream-runtime-1.0-SNAPSHOT.jar!/logback.xml] is not of type file
18:20:29,717 |-INFO in ch.qos.logback.classic.joran.action.ConfigurationAction - debug attribute not set
18:20:29,718 |-INFO in ch.qos.logback.core.joran.action.AppenderAction - About to instantiate appender of type [ch.qos.logback.core.ConsoleAppender]
18:20:29,737 |-INFO in ch.qos.logback.core.joran.action.AppenderAction - Naming appender as [STDOUT]
18:20:29,755 |-INFO in ch.qos.logback.core.joran.action.NestedComplexPropertyIA - Assuming default type [ch.qos.logback.classic.encoder.PatternLayoutEncoder] for [encoder] property
18:20:29,828 |-INFO in ch.qos.logback.core.joran.action.AppenderAction - About to instantiate appender of type [ch.qos.logback.core.rolling.RollingFileAppender]
18:20:29,837 |-INFO in ch.qos.logback.core.joran.action.AppenderAction - Naming appender as [FILE]
18:20:29,869 |-INFO in c.q.l.core.rolling.TimeBasedRollingPolicy@127618319 - No compression will be used
18:20:29,870 |-INFO in c.q.l.core.rolling.TimeBasedRollingPolicy@127618319 - Will use the pattern /tmp/application_%d{yyyy-MM-dd}.%i.log for the active file
18:20:29,873 |-INFO in ch.qos.logback.core.rolling.SizeAndTimeBasedFNATP@6b2fad11 - The date pattern is 'yyyy-MM-dd' from file name pattern '/tmp/application_%d{yyyy-MM-dd}.%i.log'.
18:20:29,873 |-INFO in ch.qos.logback.core.rolling.SizeAndTimeBasedFNATP@6b2fad11 - Roll-over at midnight.
18:20:29,879 |-INFO in ch.qos.logback.core.rolling.SizeAndTimeBasedFNATP@6b2fad11 - Setting initial period to Tue Jun 11 18:19:27 UTC 2019
18:20:29,879 |-WARN in ch.qos.logback.core.rolling.SizeAndTimeBasedFNATP@6b2fad11 - SizeAndTimeBasedFNATP is deprecated. Use SizeAndTimeBasedRollingPolicy instead
18:20:29,879 |-WARN in ch.qos.logback.core.rolling.SizeAndTimeBasedFNATP@6b2fad11 - For more information see http://logback.qos.ch/manual/appenders.html#SizeAndTimeBasedRollingPolicy
18:20:29,883 |-INFO in ch.qos.logback.core.joran.action.NestedComplexPropertyIA - Assuming default type [ch.qos.logback.classic.encoder.PatternLayoutEncoder] for [encoder] property
18:20:29,888 |-INFO in ch.qos.logback.core.rolling.RollingFileAppender[FILE] - Active log file name: /tmp/application.log
18:20:29,888 |-INFO in ch.qos.logback.core.rolling.RollingFileAppender[FILE] - File property is set to [/tmp/application.log]
18:20:29,889 |-INFO in ch.qos.logback.classic.joran.action.RootLoggerAction - Setting level of ROOT logger to WARN
18:20:29,889 |-INFO in ch.qos.logback.core.joran.action.AppenderRefAction - Attaching appender named [STDOUT] to Logger[ROOT]
18:20:29,891 |-INFO in ch.qos.logback.core.joran.action.AppenderRefAction - Attaching appender named [FILE] to Logger[ROOT]
18:20:29,891 |-INFO in ch.qos.logback.classic.joran.action.ConfigurationAction - End of configuration.
18:20:29,891 |-INFO in ch.qos.logback.classic.joran.JoranConfigurator@79698539 - Registering current configuration as safe fallback point

Ama winner
Ama winner
2019-06-11T18:20:31.481+0000: 2.045: [Full GC (Metadata GC Threshold) 2019-06-11T18:20:31.481+0000: 2.045: [Tenured: 0K->15241K(341376K), 0.0390930 secs] 114987K->15241K(494976K), [Metaspace: 20737K->20737K(1067008K)], 0.0391602 secs] [Times: user=0.04 sys=0.00, real=0.04 secs] 
18:20:43.568 [Curator-PathChildrenCache-2] WARN  o.a.c.u.ZKPaths  - The version of ZooKeeper being used doesn't support Container nodes. CreateMode.PERSISTENT will be used instead.
2019-06-11T18:20:45.202+0000: 15.766: [Full GC (Metadata GC Threshold) 2019-06-11T18:20:45.202+0000: 15.766: [Tenured: 15241K->49833K(341376K), 0.0618316 secs] 147512K->49833K(494976K), [Metaspace: 34367K->34367K(1079296K)], 0.0619103 secs] [Times: user=0.05 sys=0.01, real=0.06 secs] 
2019-06-11T18:20:48.571+0000: 19.135: [GC (Allocation Failure) 2019-06-11T18:20:48.571+0000: 19.135: [DefNew: 136576K->588K(153600K), 0.0052327 secs] 186409K->50422K(494976K), 0.0052914 secs] [Times: user=0.00 sys=0.00, real=0.00 secs] 
2019-06-11T18:20:50.810+0000: 21.374: [GC (Allocation Failure) 2019-06-11T18:20:50.810+0000: 21.374: [DefNew: 137164K->313K(153600K), 0.0023813 secs] 186998K->50147K(494976K), 0.0024375 secs] [Times: user=0.00 sys=0.00, real=0.00 secs] 
2019-06-11T18:20:52.844+0000: 23.408: [GC (Allocation Failure) 2019-06-11T18:20:52.844+0000: 23.408: [DefNew: 136889K->302K(153600K), 0.0022579 secs] 186723K->50136K(494976K), 0.0023156 secs] [Times: user=0.01 sys=0.00, real=0.00 secs] 
2019-06-11T18:20:55.543+0000: 26.108: [GC (Allocation Failure) 2019-06-11T18:20:55.544+0000: 26.108: [DefNew: 136878K->351K(153600K), 0.0023569 secs] 186712K->50185K(494976K), 0.0024233 secs] [Times: user=0.00 sys=0.00, real=0.00 secs] 
2019-06-11T18:20:58.201+0000: 28.765: [GC (Allocation Failure) 2019-06-11T18:20:58.201+0000: 28.765: [DefNew: 136927K->341K(153600K), 0.0023153 secs] 186761K->50175K(494976K), 0.0023701 secs] [Times: user=0.00 sys=0.00, real=0.00 secs] 
2019-06-11T18:21:00.994+0000: 31.558: [GC (Allocation Failure) 2019-06-11T18:21:00.994+0000: 31.558: [DefNew: 136917K->386K(153600K), 0.0024179 secs] 186751K->50220K(494976K), 0.0024877 secs] [Times: user=0.01 sys=0.00, real=0.00 secs] 
2019-06-11T18:21:03.713+0000: 34.277: [GC (Allocation Failure) 2019-06-11T18:21:03.713+0000: 34.277: [DefNew: 136962K->538K(153600K), 0.0026303 secs] 186796K->50372K(494976K), 0.0027048 secs] [Times: user=0.01 sys=0.00, real=0.00 secs] 
2019-06-11T18:21:06.514+0000: 37.078: [GC (Allocation Failure) 2019-06-11T18:21:06.514+0000: 37.078: [DefNew: 137114K->600K(153600K), 0.0028446 secs] 186948K->50434K(494976K), 0.0029054 secs] [Times: user=0.00 sys=0.00, real=0.01 secs] 
2019-06-11T18:21:09.259+0000: 39.824: [GC (Allocation Failure) 2019-06-11T18:21:09.259+0000: 39.824: [DefNew: 137176K->973K(153600K), 0.0034469 secs] 187010K->50807K(494976K), 0.0035180 secs] [Times: user=0.00 sys=0.00, real=0.00 secs] 
2019-06-11T18:21:12.126+0000: 42.691: [GC (Allocation Failure) 2019-06-11T18:21:12.126+0000: 42.691: [DefNew: 137549K->1197K(153600K), 0.0043729 secs] 187383K->51031K(494976K), 0.0044302 secs] [Times: user=0.01 sys=0.00, real=0.01 secs] 
2019-06-11T18:21:14.877+0000: 45.442: [GC (Allocation Failure) 2019-06-11T18:21:14.877+0000: 45.442: [DefNew: 137773K->1424K(153600K), 0.0042833 secs] 187607K->51258K(494976K), 0.0043402 secs] [Times: user=0.01 sys=0.00, real=0.00 secs] 
2019-06-11T18:21:17.556+0000: 48.120: [GC (Allocation Failure) 2019-06-11T18:21:17.556+0000: 48.121: [DefNew: 138000K->1686K(153600K), 0.0047986 secs] 187834K->51520K(494976K), 0.0048770 secs] [Times: user=0.01 sys=0.00, real=0.01 secs] 
2019-06-11T18:21:20.309+0000: 50.873: [GC (Allocation Failure) 2019-06-11T18:21:20.309+0000: 50.873: [DefNew: 138262K->1793K(153600K), 0.0048944 secs] 188096K->51627K(494976K), 0.0049510 secs] [Times: user=0.01 sys=0.00, real=0.00 secs] 
2019-06-11T18:21:23.115+0000: 53.680: [GC (Allocation Failure) 2019-06-11T18:21:23.115+0000: 53.680: [DefNew: 138369K->2113K(153600K), 0.0057242 secs] 188203K->51947K(494976K), 0.0057869 secs] [Times: user=0.01 sys=0.00, real=0.01 secs] 
2019-06-11T18:21:25.460+0000: 56.024: [GC (Allocation Failure) 2019-06-11T18:21:25.460+0000: 56.024: [DefNew: 138689K->2872K(153600K), 0.0061142 secs] 188523K->52706K(494976K), 0.0061997 secs] [Times: user=0.01 sys=0.01, real=0.00 secs] 
2019-06-11T18:21:27.995+0000: 58.559: [GC (Allocation Failure) 2019-06-11T18:21:27.995+0000: 58.559: [DefNew: 139448K->2791K(153600K), 0.0062562 secs] 189282K->52748K(494976K), 0.0063193 secs] [Times: user=0.01 sys=0.00, real=0.01 secs] 
2019-06-11T18:21:30.454+0000: 61.018: [GC (Allocation Failure) 2019-06-11T18:21:30.454+0000: 61.018: [DefNew: 139367K->2840K(153600K), 0.0054991 secs] 189324K->52861K(494976K), 0.0055551 secs] [Times: user=0.00 sys=0.00, real=0.01 secs] 
2019-06-11T18:21:32.862+0000: 63.427: [GC (Allocation Failure) 2019-06-11T18:21:32.862+0000: 63.427: [DefNew: 139416K->2816K(153600K), 0.0061506 secs] 189437K->52845K(494976K), 0.0062202 secs] [Times: user=0.01 sys=0.00, real=0.00 secs] 
2019-06-11T18:21:35.310+0000: 65.875: [GC (Allocation Failure) 2019-06-11T18:21:35.310+0000: 65.875: [DefNew: 139392K->2335K(153600K), 0.0048807 secs] 189421K->52365K(494976K), 0.0049441 secs] [Times: user=0.01 sys=0.00, real=0.00 secs] 
2019-06-11T18:21:38.079+0000: 68.643: [GC (Allocation Failure) 2019-06-11T18:21:38.079+0000: 68.643: [DefNew: 138911K->2280K(153600K), 0.0041497 secs] 188941K->52310K(494976K), 0.0042144 secs] [Times: user=0.01 sys=0.00, real=0.00 secs] 
2019-06-11T18:21:40.775+0000: 71.339: [GC (Allocation Failure) 2019-06-11T18:21:40.775+0000: 71.339: [DefNew: 138856K->2408K(153600K), 0.0042601 secs] 188886K->52470K(494976K), 0.0043246 secs] [Times: user=0.00 sys=0.00, real=0.01 secs] 
2019-06-11T18:21:43.403+0000: 73.967: [GC (Allocation Failure) 2019-06-11T18:21:43.403+0000: 73.967: [DefNew: 138984K->2238K(153600K), 0.0041233 secs] 189046K->52301K(494976K), 0.0041876 secs] [Times: user=0.01 sys=0.00, real=0.00 secs] 
2019-06-11T18:21:46.142+0000: 76.706: [GC (Allocation Failure) 2019-06-11T18:21:46.142+0000: 76.706: [DefNew: 138814K->1887K(153600K), 0.0035164 secs] 188877K->51985K(494976K), 0.0035835 secs] [Times: user=0.01 sys=0.00, real=0.00 secs] 
2019-06-11T18:21:49.083+0000: 79.648: [GC (Allocation Failure) 2019-06-11T18:21:49.083+0000: 79.648: [DefNew: 138463K->1730K(153600K), 0.0031899 secs] 188561K->51829K(494976K), 0.0032657 secs] [Times: user=0.01 sys=0.00, real=0.00 secs] 
2019-06-11T18:23:14.219+0000: 164.784: [GC (Allocation Failure) 2019-06-11T18:23:14.220+0000: 164.784: [DefNew: 138306K->1597K(153600K), 0.0028550 secs] 188405K->51707K(494976K), 0.0029282 secs] [Times: user=0.00 sys=0.00, real=0.00 secs] 
19:20:49.890 [Curator-PathChildrenCache-0] ERROR o.a.c.f.r.c.PathChildrenCache  - 
java.lang.IllegalStateException: instance must be started before calling this method
	at org.apache.curator.shaded.com.google.common.base.Preconditions.checkState(Preconditions.java:444)
	at org.apache.curator.framework.imps.CuratorFrameworkImpl.getChildren(CuratorFrameworkImpl.java:456)
	at org.apache.curator.framework.recipes.cache.PathChildrenCache.refresh(PathChildrenCache.java:521)
	at org.apache.curator.framework.recipes.cache.RefreshOperation.invoke(RefreshOperation.java:35)
	at org.apache.curator.framework.recipes.cache.PathChildrenCache$9.run(PathChildrenCache.java:786)
	at java.util.concurrent.Executors$RunnableAdapter.call(Executors.java:511)
	at java.util.concurrent.FutureTask.run(FutureTask.java:266)
	at java.util.concurrent.Executors$RunnableAdapter.call(Executors.java:511)
	at java.util.concurrent.FutureTask.run(FutureTask.java:266)
	at java.util.concurrent.ThreadPoolExecutor.runWorker(ThreadPoolExecutor.java:1149)
	at java.util.concurrent.ThreadPoolExecutor$Worker.run(ThreadPoolExecutor.java:624)
	at java.lang.Thread.run(Thread.java:748)
Heap
 def new generation   total 153600K, used 110941K [0x00000000e0c00000, 0x00000000eb2a0000, 0x00000000eb2a0000)
  eden space 136576K,  80% used [0x00000000e0c00000, 0x00000000e76c8178, 0x00000000e9160000)
  from space 17024K,   9% used [0x00000000ea200000, 0x00000000ea38f488, 0x00000000eb2a0000)
  to   space 17024K,   0% used [0x00000000e9160000, 0x00000000e9160000, 0x00000000ea200000)
 tenured generation   total 341376K, used 50110K [0x00000000eb2a0000, 0x0000000100000000, 0x0000000100000000)
   the space 341376K,  14% used [0x00000000eb2a0000, 0x00000000ee38fa00, 0x00000000ee38fa00, 0x0000000100000000)
 Metaspace       used 36571K, capacity 37548K, committed 37760K, reserved 1081344K
  class space    used 4922K, capacity 5132K, committed 5248K, reserved 1048576K
