17:10:54,239 |-INFO in ch.qos.logback.classic.LoggerContext[default] - Could NOT find resource [logback-test.xml]
17:10:54,239 |-INFO in ch.qos.logback.classic.LoggerContext[default] - Could NOT find resource [logback.groovy]
17:10:54,239 |-INFO in ch.qos.logback.classic.LoggerContext[default] - Found resource [logback.xml] at [jar:file:/root/flamestream/lib/flamestream-runtime-1.0-SNAPSHOT.jar!/logback.xml]
17:10:54,240 |-WARN in ch.qos.logback.classic.LoggerContext[default] - Resource [logback.xml] occurs multiple times on the classpath.
17:10:54,240 |-WARN in ch.qos.logback.classic.LoggerContext[default] - Resource [logback.xml] occurs at [jar:file:/root/flamestream/lib/flamestream-runtime-1.0-SNAPSHOT.jar!/logback.xml]
17:10:54,240 |-WARN in ch.qos.logback.classic.LoggerContext[default] - Resource [logback.xml] occurs at [jar:file:/root/flamestream/flamestream-runtime-1.0-SNAPSHOT.jar!/logback.xml]
17:10:54,258 |-INFO in ch.qos.logback.core.joran.spi.ConfigurationWatchList@3fb6a447 - URL [jar:file:/root/flamestream/lib/flamestream-runtime-1.0-SNAPSHOT.jar!/logback.xml] is not of type file
17:10:54,328 |-INFO in ch.qos.logback.classic.joran.action.ConfigurationAction - debug attribute not set
17:10:54,329 |-INFO in ch.qos.logback.core.joran.action.AppenderAction - About to instantiate appender of type [ch.qos.logback.core.ConsoleAppender]
17:10:54,349 |-INFO in ch.qos.logback.core.joran.action.AppenderAction - Naming appender as [STDOUT]
17:10:54,363 |-INFO in ch.qos.logback.core.joran.action.NestedComplexPropertyIA - Assuming default type [ch.qos.logback.classic.encoder.PatternLayoutEncoder] for [encoder] property
17:10:54,448 |-INFO in ch.qos.logback.core.joran.action.AppenderAction - About to instantiate appender of type [ch.qos.logback.core.rolling.RollingFileAppender]
17:10:54,453 |-INFO in ch.qos.logback.core.joran.action.AppenderAction - Naming appender as [FILE]
17:10:54,483 |-INFO in c.q.l.core.rolling.TimeBasedRollingPolicy@127618319 - No compression will be used
17:10:54,485 |-INFO in c.q.l.core.rolling.TimeBasedRollingPolicy@127618319 - Will use the pattern /tmp/application_%d{yyyy-MM-dd}.%i.log for the active file
17:10:54,488 |-INFO in ch.qos.logback.core.rolling.SizeAndTimeBasedFNATP@6b2fad11 - The date pattern is 'yyyy-MM-dd' from file name pattern '/tmp/application_%d{yyyy-MM-dd}.%i.log'.
17:10:54,488 |-INFO in ch.qos.logback.core.rolling.SizeAndTimeBasedFNATP@6b2fad11 - Roll-over at midnight.
17:10:54,493 |-INFO in ch.qos.logback.core.rolling.SizeAndTimeBasedFNATP@6b2fad11 - Setting initial period to Mon Jun 10 17:09:26 UTC 2019
17:10:54,493 |-WARN in ch.qos.logback.core.rolling.SizeAndTimeBasedFNATP@6b2fad11 - SizeAndTimeBasedFNATP is deprecated. Use SizeAndTimeBasedRollingPolicy instead
17:10:54,493 |-WARN in ch.qos.logback.core.rolling.SizeAndTimeBasedFNATP@6b2fad11 - For more information see http://logback.qos.ch/manual/appenders.html#SizeAndTimeBasedRollingPolicy
17:10:54,497 |-INFO in ch.qos.logback.core.joran.action.NestedComplexPropertyIA - Assuming default type [ch.qos.logback.classic.encoder.PatternLayoutEncoder] for [encoder] property
17:10:54,502 |-INFO in ch.qos.logback.core.rolling.RollingFileAppender[FILE] - Active log file name: /tmp/application.log
17:10:54,502 |-INFO in ch.qos.logback.core.rolling.RollingFileAppender[FILE] - File property is set to [/tmp/application.log]
17:10:54,503 |-INFO in ch.qos.logback.classic.joran.action.RootLoggerAction - Setting level of ROOT logger to WARN
17:10:54,503 |-INFO in ch.qos.logback.core.joran.action.AppenderRefAction - Attaching appender named [STDOUT] to Logger[ROOT]
17:10:54,505 |-INFO in ch.qos.logback.core.joran.action.AppenderRefAction - Attaching appender named [FILE] to Logger[ROOT]
17:10:54,505 |-INFO in ch.qos.logback.classic.joran.action.ConfigurationAction - End of configuration.
17:10:54,506 |-INFO in ch.qos.logback.classic.joran.JoranConfigurator@79698539 - Registering current configuration as safe fallback point

Ama winner
Ama winner
2019-06-10T17:10:56.103+0000: 2.050: [Full GC (Metadata GC Threshold) 2019-06-10T17:10:56.103+0000: 2.050: [Tenured: 0K->15240K(341376K), 0.0392132 secs] 117782K->15240K(494976K), [Metaspace: 20738K->20738K(1067008K)], 0.0392810 secs] [Times: user=0.03 sys=0.01, real=0.04 secs] 
17:11:17.848 [Curator-PathChildrenCache-1] WARN  o.a.c.u.ZKPaths  - The version of ZooKeeper being used doesn't support Container nodes. CreateMode.PERSISTENT will be used instead.
2019-06-10T17:11:19.908+0000: 25.855: [GC (Allocation Failure) 2019-06-10T17:11:19.908+0000: 25.855: [DefNew: 136576K->17023K(153600K), 0.0251094 secs] 151816K->52538K(494976K), 0.0251936 secs] [Times: user=0.01 sys=0.02, real=0.03 secs] 
2019-06-10T17:11:24.201+0000: 30.148: [Full GC (Metadata GC Threshold) 2019-06-10T17:11:24.201+0000: 30.148: [Tenured: 35514K->44152K(341376K), 0.0498155 secs] 130603K->44152K(494976K), [Metaspace: 34602K->34602K(1079296K)], 0.0499067 secs] [Times: user=0.05 sys=0.01, real=0.05 secs] 
2019-06-10T17:11:31.249+0000: 37.196: [GC (Allocation Failure) 2019-06-10T17:11:31.249+0000: 37.196: [DefNew: 136576K->87K(153600K), 0.0017700 secs] 180728K->44240K(494976K), 0.0018312 secs] [Times: user=0.00 sys=0.00, real=0.00 secs] 
2019-06-10T17:11:38.363+0000: 44.310: [GC (Allocation Failure) 2019-06-10T17:11:38.363+0000: 44.310: [DefNew: 136663K->116K(153600K), 0.0016516 secs] 180816K->44268K(494976K), 0.0017192 secs] [Times: user=0.00 sys=0.00, real=0.00 secs] 
2019-06-10T17:11:45.430+0000: 51.377: [GC (Allocation Failure) 2019-06-10T17:11:45.430+0000: 51.377: [DefNew: 136692K->157K(153600K), 0.0017856 secs] 180844K->44309K(494976K), 0.0018474 secs] [Times: user=0.00 sys=0.00, real=0.00 secs] 
2019-06-10T17:11:52.448+0000: 58.395: [GC (Allocation Failure) 2019-06-10T17:11:52.448+0000: 58.395: [DefNew: 136733K->156K(153600K), 0.0017663 secs] 180885K->44308K(494976K), 0.0018275 secs] [Times: user=0.00 sys=0.00, real=0.00 secs] 
2019-06-10T17:12:00.087+0000: 66.034: [GC (Allocation Failure) 2019-06-10T17:12:00.087+0000: 66.034: [DefNew: 136732K->489K(153600K), 0.0022696 secs] 180884K->44641K(494976K), 0.0023370 secs] [Times: user=0.00 sys=0.00, real=0.01 secs] 
17:12:12.019 [Curator-PathChildrenCache-0] ERROR o.a.c.f.r.c.PathChildrenCache  - 
java.lang.IllegalStateException: instance must be started before calling this method
	at org.apache.curator.shaded.com.google.common.base.Preconditions.checkState(Preconditions.java:444)
	at org.apache.curator.framework.imps.CuratorFrameworkImpl.getChildren(CuratorFrameworkImpl.java:456)
	at org.apache.curator.framework.recipes.cache.PathChildrenCache.refresh(PathChildrenCache.java:521)
	at org.apache.curator.framework.recipes.cache.RefreshOperation.invoke(RefreshOperation.java:35)
	at org.apache.curator.framework.recipes.cache.PathChildrenCache$9.run(PathChildrenCache.java:786)
	at java.util.concurrent.Executors$RunnableAdapter.call(Executors.java:511)
	at java.util.concurrent.FutureTask.run(FutureTask.java:266)
	at java.util.concurrent.Executors$RunnableAdapter.call(Executors.java:511)
	at java.util.concurrent.FutureTask.run(FutureTask.java:266)
	at java.util.concurrent.ThreadPoolExecutor.runWorker(ThreadPoolExecutor.java:1149)
	at java.util.concurrent.ThreadPoolExecutor$Worker.run(ThreadPoolExecutor.java:624)
	at java.lang.Thread.run(Thread.java:748)
Heap
 def new generation   total 153600K, used 61370K [0x00000000e0c00000, 0x00000000eb2a0000, 0x00000000eb2a0000)
  eden space 136576K,  44% used [0x00000000e0c00000, 0x00000000e4774318, 0x00000000e9160000)
  from space 17024K,   2% used [0x00000000e9160000, 0x00000000e91da5f0, 0x00000000ea200000)
  to   space 17024K,   0% used [0x00000000ea200000, 0x00000000ea200000, 0x00000000eb2a0000)
 tenured generation   total 341376K, used 44152K [0x00000000eb2a0000, 0x0000000100000000, 0x0000000100000000)
   the space 341376K,  12% used [0x00000000eb2a0000, 0x00000000eddbe170, 0x00000000eddbe200, 0x0000000100000000)
 Metaspace       used 36018K, capacity 36922K, committed 37120K, reserved 1081344K
  class space    used 4856K, capacity 5073K, committed 5120K, reserved 1048576K
