13:28:23,005 |-INFO in ch.qos.logback.classic.LoggerContext[default] - Could NOT find resource [logback-test.xml]
13:28:23,005 |-INFO in ch.qos.logback.classic.LoggerContext[default] - Could NOT find resource [logback.groovy]
13:28:23,005 |-INFO in ch.qos.logback.classic.LoggerContext[default] - Found resource [logback.xml] at [jar:file:/root/flamestream/lib/flamestream-runtime-1.0-SNAPSHOT.jar!/logback.xml]
13:28:23,006 |-WARN in ch.qos.logback.classic.LoggerContext[default] - Resource [logback.xml] occurs multiple times on the classpath.
13:28:23,006 |-WARN in ch.qos.logback.classic.LoggerContext[default] - Resource [logback.xml] occurs at [jar:file:/root/flamestream/lib/flamestream-runtime-1.0-SNAPSHOT.jar!/logback.xml]
13:28:23,006 |-WARN in ch.qos.logback.classic.LoggerContext[default] - Resource [logback.xml] occurs at [jar:file:/root/flamestream/flamestream-runtime-1.0-SNAPSHOT.jar!/logback.xml]
13:28:23,025 |-INFO in ch.qos.logback.core.joran.spi.ConfigurationWatchList@3fb6a447 - URL [jar:file:/root/flamestream/lib/flamestream-runtime-1.0-SNAPSHOT.jar!/logback.xml] is not of type file
13:28:23,093 |-INFO in ch.qos.logback.classic.joran.action.ConfigurationAction - debug attribute not set
13:28:23,094 |-INFO in ch.qos.logback.core.joran.action.AppenderAction - About to instantiate appender of type [ch.qos.logback.core.ConsoleAppender]
13:28:23,110 |-INFO in ch.qos.logback.core.joran.action.AppenderAction - Naming appender as [STDOUT]
13:28:23,129 |-INFO in ch.qos.logback.core.joran.action.NestedComplexPropertyIA - Assuming default type [ch.qos.logback.classic.encoder.PatternLayoutEncoder] for [encoder] property
13:28:23,223 |-INFO in ch.qos.logback.core.joran.action.AppenderAction - About to instantiate appender of type [ch.qos.logback.core.rolling.RollingFileAppender]
13:28:23,235 |-INFO in ch.qos.logback.core.joran.action.AppenderAction - Naming appender as [FILE]
13:28:23,264 |-INFO in c.q.l.core.rolling.TimeBasedRollingPolicy@127618319 - No compression will be used
13:28:23,265 |-INFO in c.q.l.core.rolling.TimeBasedRollingPolicy@127618319 - Will use the pattern /tmp/application_%d{yyyy-MM-dd}.%i.log for the active file
13:28:23,268 |-INFO in ch.qos.logback.core.rolling.SizeAndTimeBasedFNATP@6b2fad11 - The date pattern is 'yyyy-MM-dd' from file name pattern '/tmp/application_%d{yyyy-MM-dd}.%i.log'.
13:28:23,268 |-INFO in ch.qos.logback.core.rolling.SizeAndTimeBasedFNATP@6b2fad11 - Roll-over at midnight.
13:28:23,273 |-INFO in ch.qos.logback.core.rolling.SizeAndTimeBasedFNATP@6b2fad11 - Setting initial period to Mon Jun 10 13:27:01 UTC 2019
13:28:23,273 |-WARN in ch.qos.logback.core.rolling.SizeAndTimeBasedFNATP@6b2fad11 - SizeAndTimeBasedFNATP is deprecated. Use SizeAndTimeBasedRollingPolicy instead
13:28:23,273 |-WARN in ch.qos.logback.core.rolling.SizeAndTimeBasedFNATP@6b2fad11 - For more information see http://logback.qos.ch/manual/appenders.html#SizeAndTimeBasedRollingPolicy
13:28:23,278 |-INFO in ch.qos.logback.core.joran.action.NestedComplexPropertyIA - Assuming default type [ch.qos.logback.classic.encoder.PatternLayoutEncoder] for [encoder] property
13:28:23,282 |-INFO in ch.qos.logback.core.rolling.RollingFileAppender[FILE] - Active log file name: /tmp/application.log
13:28:23,282 |-INFO in ch.qos.logback.core.rolling.RollingFileAppender[FILE] - File property is set to [/tmp/application.log]
13:28:23,283 |-INFO in ch.qos.logback.classic.joran.action.RootLoggerAction - Setting level of ROOT logger to WARN
13:28:23,283 |-INFO in ch.qos.logback.core.joran.action.AppenderRefAction - Attaching appender named [STDOUT] to Logger[ROOT]
13:28:23,285 |-INFO in ch.qos.logback.core.joran.action.AppenderRefAction - Attaching appender named [FILE] to Logger[ROOT]
13:28:23,285 |-INFO in ch.qos.logback.classic.joran.action.ConfigurationAction - End of configuration.
13:28:23,286 |-INFO in ch.qos.logback.classic.joran.JoranConfigurator@79698539 - Registering current configuration as safe fallback point

Ama winner
Ama winner
2019-06-10T13:28:24.945+0000: 2.128: [Full GC (Metadata GC Threshold) 2019-06-10T13:28:24.945+0000: 2.128: [Tenured: 0K->15242K(341376K), 0.0413830 secs] 120482K->15242K(494976K), [Metaspace: 20739K->20739K(1067008K)], 0.0414529 secs] [Times: user=0.03 sys=0.01, real=0.04 secs] 
13:28:48.378 [Curator-PathChildrenCache-1] WARN  o.a.c.u.ZKPaths  - The version of ZooKeeper being used doesn't support Container nodes. CreateMode.PERSISTENT will be used instead.
2019-06-10T13:28:50.589+0000: 27.772: [GC (Allocation Failure) 2019-06-10T13:28:50.589+0000: 27.772: [DefNew: 136576K->17023K(153600K), 0.0259321 secs] 151818K->52791K(494976K), 0.0260092 secs] [Times: user=0.02 sys=0.01, real=0.03 secs] 
2019-06-10T13:28:52.397+0000: 29.580: [Full GC (Metadata GC Threshold) 2019-06-10T13:28:52.397+0000: 29.580: [Tenured: 35767K->44580K(341376K), 0.0484283 secs] 86772K->44580K(494976K), [Metaspace: 34614K->34614K(1079296K)], 0.0485033 secs] [Times: user=0.04 sys=0.01, real=0.05 secs] 
2019-06-10T13:28:58.961+0000: 36.145: [GC (Allocation Failure) 2019-06-10T13:28:58.962+0000: 36.145: [DefNew: 136576K->132K(153600K), 0.0018645 secs] 181156K->44713K(494976K), 0.0019237 secs] [Times: user=0.00 sys=0.00, real=0.00 secs] 
2019-06-10T13:29:05.561+0000: 42.744: [GC (Allocation Failure) 2019-06-10T13:29:05.561+0000: 42.744: [DefNew: 136708K->165K(153600K), 0.0017754 secs] 181289K->44746K(494976K), 0.0018397 secs] [Times: user=0.00 sys=0.00, real=0.00 secs] 
2019-06-10T13:29:12.238+0000: 49.421: [GC (Allocation Failure) 2019-06-10T13:29:12.238+0000: 49.421: [DefNew: 136741K->166K(153600K), 0.0017643 secs] 181322K->44747K(494976K), 0.0018250 secs] [Times: user=0.00 sys=0.00, real=0.01 secs] 
2019-06-10T13:29:19.013+0000: 56.196: [GC (Allocation Failure) 2019-06-10T13:29:19.013+0000: 56.196: [DefNew: 136742K->167K(153600K), 0.0018248 secs] 181323K->44748K(494976K), 0.0018953 secs] [Times: user=0.00 sys=0.00, real=0.00 secs] 
2019-06-10T13:29:25.689+0000: 62.872: [GC (Allocation Failure) 2019-06-10T13:29:25.689+0000: 62.872: [DefNew: 136743K->465K(153600K), 0.0021891 secs] 181324K->45046K(494976K), 0.0022617 secs] [Times: user=0.00 sys=0.00, real=0.01 secs] 
13:29:42.398 [Curator-PathChildrenCache-0] ERROR o.a.c.f.r.c.PathChildrenCache  - 
java.lang.IllegalStateException: instance must be started before calling this method
	at org.apache.curator.shaded.com.google.common.base.Preconditions.checkState(Preconditions.java:444)
	at org.apache.curator.framework.imps.CuratorFrameworkImpl.getChildren(CuratorFrameworkImpl.java:456)
	at org.apache.curator.framework.recipes.cache.PathChildrenCache.refresh(PathChildrenCache.java:521)
	at org.apache.curator.framework.recipes.cache.RefreshOperation.invoke(RefreshOperation.java:35)
	at org.apache.curator.framework.recipes.cache.PathChildrenCache$9.run(PathChildrenCache.java:786)
	at java.util.concurrent.Executors$RunnableAdapter.call(Executors.java:511)
	at java.util.concurrent.FutureTask.run(FutureTask.java:266)
	at java.util.concurrent.Executors$RunnableAdapter.call(Executors.java:511)
	at java.util.concurrent.FutureTask.run(FutureTask.java:266)
	at java.util.concurrent.ThreadPoolExecutor.runWorker(ThreadPoolExecutor.java:1149)
	at java.util.concurrent.ThreadPoolExecutor$Worker.run(ThreadPoolExecutor.java:624)
	at java.lang.Thread.run(Thread.java:748)
Heap
 def new generation   total 153600K, used 107381K [0x00000000e0c00000, 0x00000000eb2a0000, 0x00000000eb2a0000)
  eden space 136576K,  78% used [0x00000000e0c00000, 0x00000000e7469008, 0x00000000e9160000)
  from space 17024K,   2% used [0x00000000e9160000, 0x00000000e91d4650, 0x00000000ea200000)
  to   space 17024K,   0% used [0x00000000ea200000, 0x00000000ea200000, 0x00000000eb2a0000)
 tenured generation   total 341376K, used 44580K [0x00000000eb2a0000, 0x0000000100000000, 0x0000000100000000)
   the space 341376K,  13% used [0x00000000eb2a0000, 0x00000000ede293b0, 0x00000000ede29400, 0x0000000100000000)
 Metaspace       used 36225K, capacity 37126K, committed 37376K, reserved 1081344K
  class space    used 4868K, capacity 5075K, committed 5120K, reserved 1048576K
