08:27:15,349 |-INFO in ch.qos.logback.classic.LoggerContext[default] - Could NOT find resource [logback-test.xml]
08:27:15,349 |-INFO in ch.qos.logback.classic.LoggerContext[default] - Could NOT find resource [logback.groovy]
08:27:15,354 |-INFO in ch.qos.logback.classic.LoggerContext[default] - Found resource [logback.xml] at [jar:file:/root/flamestream/lib/flamestream-runtime-1.0-SNAPSHOT.jar!/logback.xml]
08:27:15,355 |-WARN in ch.qos.logback.classic.LoggerContext[default] - Resource [logback.xml] occurs multiple times on the classpath.
08:27:15,355 |-WARN in ch.qos.logback.classic.LoggerContext[default] - Resource [logback.xml] occurs at [jar:file:/root/flamestream/lib/flamestream-runtime-1.0-SNAPSHOT.jar!/logback.xml]
08:27:15,355 |-WARN in ch.qos.logback.classic.LoggerContext[default] - Resource [logback.xml] occurs at [jar:file:/root/flamestream/flamestream-runtime-1.0-SNAPSHOT.jar!/logback.xml]
08:27:15,375 |-INFO in ch.qos.logback.core.joran.spi.ConfigurationWatchList@3fb6a447 - URL [jar:file:/root/flamestream/lib/flamestream-runtime-1.0-SNAPSHOT.jar!/logback.xml] is not of type file
08:27:15,446 |-INFO in ch.qos.logback.classic.joran.action.ConfigurationAction - debug attribute not set
08:27:15,447 |-INFO in ch.qos.logback.core.joran.action.AppenderAction - About to instantiate appender of type [ch.qos.logback.core.ConsoleAppender]
08:27:15,466 |-INFO in ch.qos.logback.core.joran.action.AppenderAction - Naming appender as [STDOUT]
08:27:15,488 |-INFO in ch.qos.logback.core.joran.action.NestedComplexPropertyIA - Assuming default type [ch.qos.logback.classic.encoder.PatternLayoutEncoder] for [encoder] property
08:27:15,586 |-INFO in ch.qos.logback.core.joran.action.AppenderAction - About to instantiate appender of type [ch.qos.logback.core.rolling.RollingFileAppender]
08:27:15,591 |-INFO in ch.qos.logback.core.joran.action.AppenderAction - Naming appender as [FILE]
08:27:15,621 |-INFO in c.q.l.core.rolling.TimeBasedRollingPolicy@127618319 - No compression will be used
08:27:15,623 |-INFO in c.q.l.core.rolling.TimeBasedRollingPolicy@127618319 - Will use the pattern /tmp/application_%d{yyyy-MM-dd}.%i.log for the active file
08:27:15,626 |-INFO in ch.qos.logback.core.rolling.SizeAndTimeBasedFNATP@6b2fad11 - The date pattern is 'yyyy-MM-dd' from file name pattern '/tmp/application_%d{yyyy-MM-dd}.%i.log'.
08:27:15,626 |-INFO in ch.qos.logback.core.rolling.SizeAndTimeBasedFNATP@6b2fad11 - Roll-over at midnight.
08:27:15,631 |-INFO in ch.qos.logback.core.rolling.SizeAndTimeBasedFNATP@6b2fad11 - Setting initial period to Tue Jun 11 08:26:00 UTC 2019
08:27:15,631 |-WARN in ch.qos.logback.core.rolling.SizeAndTimeBasedFNATP@6b2fad11 - SizeAndTimeBasedFNATP is deprecated. Use SizeAndTimeBasedRollingPolicy instead
08:27:15,631 |-WARN in ch.qos.logback.core.rolling.SizeAndTimeBasedFNATP@6b2fad11 - For more information see http://logback.qos.ch/manual/appenders.html#SizeAndTimeBasedRollingPolicy
08:27:15,635 |-INFO in ch.qos.logback.core.joran.action.NestedComplexPropertyIA - Assuming default type [ch.qos.logback.classic.encoder.PatternLayoutEncoder] for [encoder] property
08:27:15,640 |-INFO in ch.qos.logback.core.rolling.RollingFileAppender[FILE] - Active log file name: /tmp/application.log
08:27:15,640 |-INFO in ch.qos.logback.core.rolling.RollingFileAppender[FILE] - File property is set to [/tmp/application.log]
08:27:15,640 |-INFO in ch.qos.logback.classic.joran.action.RootLoggerAction - Setting level of ROOT logger to WARN
08:27:15,641 |-INFO in ch.qos.logback.core.joran.action.AppenderRefAction - Attaching appender named [STDOUT] to Logger[ROOT]
08:27:15,641 |-INFO in ch.qos.logback.core.joran.action.AppenderRefAction - Attaching appender named [FILE] to Logger[ROOT]
08:27:15,641 |-INFO in ch.qos.logback.classic.joran.action.ConfigurationAction - End of configuration.
08:27:15,642 |-INFO in ch.qos.logback.classic.joran.JoranConfigurator@79698539 - Registering current configuration as safe fallback point

Ama winner
Ama winner
2019-06-11T08:27:16.949+0000: 1.784: [Full GC (Metadata GC Threshold) 2019-06-11T08:27:16.949+0000: 1.784: [Tenured: 0K->15208K(341376K), 0.0401650 secs] 114987K->15208K(494976K), [Metaspace: 20742K->20742K(1067008K)], 0.0402315 secs] [Times: user=0.04 sys=0.01, real=0.04 secs] 
08:27:33.526 [Curator-PathChildrenCache-1] WARN  o.a.c.u.ZKPaths  - The version of ZooKeeper being used doesn't support Container nodes. CreateMode.PERSISTENT will be used instead.
2019-06-11T08:27:35.661+0000: 20.496: [GC (Allocation Failure) 2019-06-11T08:27:35.661+0000: 20.496: [DefNew: 135658K->16589K(153600K), 0.0254124 secs] 150867K->51329K(494976K), 0.0254826 secs] [Times: user=0.01 sys=0.02, real=0.03 secs] 
2019-06-11T08:27:38.309+0000: 23.144: [Full GC (Metadata GC Threshold) 2019-06-11T08:27:38.309+0000: 23.144: [Tenured: 34739K->43272K(341376K), 0.0458859 secs] 107861K->43272K(494976K), [Metaspace: 34595K->34595K(1079296K)], 0.0459650 secs] [Times: user=0.04 sys=0.00, real=0.04 secs] 
2019-06-11T08:27:44.933+0000: 29.768: [GC (Allocation Failure) 2019-06-11T08:27:44.933+0000: 29.768: [DefNew: 136576K->81K(153600K), 0.0019504 secs] 179848K->43353K(494976K), 0.0020083 secs] [Times: user=0.00 sys=0.00, real=0.00 secs] 
2019-06-11T08:27:51.613+0000: 36.448: [GC (Allocation Failure) 2019-06-11T08:27:51.613+0000: 36.448: [DefNew: 136657K->84K(153600K), 0.0018433 secs] 179929K->43357K(494976K), 0.0019064 secs] [Times: user=0.00 sys=0.00, real=0.00 secs] 
2019-06-11T08:27:58.301+0000: 43.136: [GC (Allocation Failure) 2019-06-11T08:27:58.301+0000: 43.136: [DefNew: 136660K->82K(153600K), 0.0018494 secs] 179933K->43354K(494976K), 0.0019053 secs] [Times: user=0.00 sys=0.00, real=0.00 secs] 
2019-06-11T08:28:05.097+0000: 49.932: [GC (Allocation Failure) 2019-06-11T08:28:05.097+0000: 49.932: [DefNew: 136658K->80K(153600K), 0.0018863 secs] 179930K->43353K(494976K), 0.0019451 secs] [Times: user=0.00 sys=0.00, real=0.01 secs] 
2019-06-11T08:28:11.902+0000: 56.737: [GC (Allocation Failure) 2019-06-11T08:28:11.902+0000: 56.737: [DefNew: 136656K->81K(153600K), 0.0018419 secs] 179929K->43353K(494976K), 0.0018981 secs] [Times: user=0.00 sys=0.00, real=0.00 secs] 
08:28:18.057 [Curator-PathChildrenCache-0] ERROR o.a.c.f.r.c.PathChildrenCache  - 
java.lang.IllegalStateException: instance must be started before calling this method
	at org.apache.curator.shaded.com.google.common.base.Preconditions.checkState(Preconditions.java:444)
	at org.apache.curator.framework.imps.CuratorFrameworkImpl.getChildren(CuratorFrameworkImpl.java:456)
	at org.apache.curator.framework.recipes.cache.PathChildrenCache.refresh(PathChildrenCache.java:521)
	at org.apache.curator.framework.recipes.cache.RefreshOperation.invoke(RefreshOperation.java:35)
	at org.apache.curator.framework.recipes.cache.PathChildrenCache$9.run(PathChildrenCache.java:786)
	at java.util.concurrent.Executors$RunnableAdapter.call(Executors.java:511)
	at java.util.concurrent.FutureTask.run(FutureTask.java:266)
	at java.util.concurrent.Executors$RunnableAdapter.call(Executors.java:511)
	at java.util.concurrent.FutureTask.run(FutureTask.java:266)
	at java.util.concurrent.ThreadPoolExecutor.runWorker(ThreadPoolExecutor.java:1149)
	at java.util.concurrent.ThreadPoolExecutor$Worker.run(ThreadPoolExecutor.java:624)
	at java.lang.Thread.run(Thread.java:748)
Heap
 def new generation   total 153600K, used 67188K [0x00000000e0c00000, 0x00000000eb2a0000, 0x00000000eb2a0000)
  eden space 136576K,  49% used [0x00000000e0c00000, 0x00000000e4d88c00, 0x00000000e9160000)
  from space 17024K,   0% used [0x00000000e9160000, 0x00000000e9174520, 0x00000000ea200000)
  to   space 17024K,   0% used [0x00000000ea200000, 0x00000000ea200000, 0x00000000eb2a0000)
 tenured generation   total 341376K, used 43272K [0x00000000eb2a0000, 0x0000000100000000, 0x0000000100000000)
   the space 341376K,  12% used [0x00000000eb2a0000, 0x00000000edce21a8, 0x00000000edce2200, 0x0000000100000000)
 Metaspace       used 36209K, capacity 37132K, committed 37376K, reserved 1081344K
  class space    used 4867K, capacity 5076K, committed 5120K, reserved 1048576K
