11:38:17,404 |-INFO in ch.qos.logback.classic.LoggerContext[default] - Could NOT find resource [logback-test.xml]
11:38:17,404 |-INFO in ch.qos.logback.classic.LoggerContext[default] - Could NOT find resource [logback.groovy]
11:38:17,404 |-INFO in ch.qos.logback.classic.LoggerContext[default] - Found resource [logback.xml] at [jar:file:/root/flamestream/lib/flamestream-runtime-1.0-SNAPSHOT.jar!/logback.xml]
11:38:17,405 |-WARN in ch.qos.logback.classic.LoggerContext[default] - Resource [logback.xml] occurs multiple times on the classpath.
11:38:17,405 |-WARN in ch.qos.logback.classic.LoggerContext[default] - Resource [logback.xml] occurs at [jar:file:/root/flamestream/lib/flamestream-runtime-1.0-SNAPSHOT.jar!/logback.xml]
11:38:17,405 |-WARN in ch.qos.logback.classic.LoggerContext[default] - Resource [logback.xml] occurs at [jar:file:/root/flamestream/flamestream-runtime-1.0-SNAPSHOT.jar!/logback.xml]
11:38:17,425 |-INFO in ch.qos.logback.core.joran.spi.ConfigurationWatchList@3fb6a447 - URL [jar:file:/root/flamestream/lib/flamestream-runtime-1.0-SNAPSHOT.jar!/logback.xml] is not of type file
11:38:17,492 |-INFO in ch.qos.logback.classic.joran.action.ConfigurationAction - debug attribute not set
11:38:17,493 |-INFO in ch.qos.logback.core.joran.action.AppenderAction - About to instantiate appender of type [ch.qos.logback.core.ConsoleAppender]
11:38:17,510 |-INFO in ch.qos.logback.core.joran.action.AppenderAction - Naming appender as [STDOUT]
11:38:17,528 |-INFO in ch.qos.logback.core.joran.action.NestedComplexPropertyIA - Assuming default type [ch.qos.logback.classic.encoder.PatternLayoutEncoder] for [encoder] property
11:38:17,614 |-INFO in ch.qos.logback.core.joran.action.AppenderAction - About to instantiate appender of type [ch.qos.logback.core.rolling.RollingFileAppender]
11:38:17,619 |-INFO in ch.qos.logback.core.joran.action.AppenderAction - Naming appender as [FILE]
11:38:17,648 |-INFO in c.q.l.core.rolling.TimeBasedRollingPolicy@127618319 - No compression will be used
11:38:17,649 |-INFO in c.q.l.core.rolling.TimeBasedRollingPolicy@127618319 - Will use the pattern /tmp/application_%d{yyyy-MM-dd}.%i.log for the active file
11:38:17,652 |-INFO in ch.qos.logback.core.rolling.SizeAndTimeBasedFNATP@6b2fad11 - The date pattern is 'yyyy-MM-dd' from file name pattern '/tmp/application_%d{yyyy-MM-dd}.%i.log'.
11:38:17,652 |-INFO in ch.qos.logback.core.rolling.SizeAndTimeBasedFNATP@6b2fad11 - Roll-over at midnight.
11:38:17,657 |-INFO in ch.qos.logback.core.rolling.SizeAndTimeBasedFNATP@6b2fad11 - Setting initial period to Tue Jun 11 11:36:59 UTC 2019
11:38:17,657 |-WARN in ch.qos.logback.core.rolling.SizeAndTimeBasedFNATP@6b2fad11 - SizeAndTimeBasedFNATP is deprecated. Use SizeAndTimeBasedRollingPolicy instead
11:38:17,657 |-WARN in ch.qos.logback.core.rolling.SizeAndTimeBasedFNATP@6b2fad11 - For more information see http://logback.qos.ch/manual/appenders.html#SizeAndTimeBasedRollingPolicy
11:38:17,661 |-INFO in ch.qos.logback.core.joran.action.NestedComplexPropertyIA - Assuming default type [ch.qos.logback.classic.encoder.PatternLayoutEncoder] for [encoder] property
11:38:17,665 |-INFO in ch.qos.logback.core.rolling.RollingFileAppender[FILE] - Active log file name: /tmp/application.log
11:38:17,665 |-INFO in ch.qos.logback.core.rolling.RollingFileAppender[FILE] - File property is set to [/tmp/application.log]
11:38:17,666 |-INFO in ch.qos.logback.classic.joran.action.RootLoggerAction - Setting level of ROOT logger to WARN
11:38:17,666 |-INFO in ch.qos.logback.core.joran.action.AppenderRefAction - Attaching appender named [STDOUT] to Logger[ROOT]
11:38:17,668 |-INFO in ch.qos.logback.core.joran.action.AppenderRefAction - Attaching appender named [FILE] to Logger[ROOT]
11:38:17,668 |-INFO in ch.qos.logback.classic.joran.action.ConfigurationAction - End of configuration.
11:38:17,669 |-INFO in ch.qos.logback.classic.joran.JoranConfigurator@79698539 - Registering current configuration as safe fallback point

Ama winner
Ama winner
2019-06-11T11:38:18.909+0000: 1.688: [Full GC (Metadata GC Threshold) 2019-06-11T11:38:18.909+0000: 1.688: [Tenured: 0K->15176K(341376K), 0.0404661 secs] 114923K->15176K(494976K), [Metaspace: 20729K->20729K(1067008K)], 0.0405332 secs] [Times: user=0.03 sys=0.00, real=0.04 secs] 
11:38:40.561 [Curator-PathChildrenCache-2] WARN  o.a.c.u.ZKPaths  - The version of ZooKeeper being used doesn't support Container nodes. CreateMode.PERSISTENT will be used instead.
2019-06-11T11:38:42.544+0000: 25.322: [GC (Allocation Failure) 2019-06-11T11:38:42.544+0000: 25.322: [DefNew: 135715K->16753K(153600K), 0.0245664 secs] 150891K->51460K(494976K), 0.0246363 secs] [Times: user=0.02 sys=0.00, real=0.02 secs] 
2019-06-11T11:38:43.292+0000: 26.071: [Full GC (Metadata GC Threshold) 2019-06-11T11:38:43.293+0000: 26.071: [Tenured: 34707K->43524K(341376K), 0.0377062 secs] 73898K->43524K(494976K), [Metaspace: 34572K->34572K(1079296K)], 0.0378086 secs] [Times: user=0.04 sys=0.00, real=0.03 secs] 
2019-06-11T11:38:44.523+0000: 27.302: [GC (Allocation Failure) 2019-06-11T11:38:44.523+0000: 27.302: [DefNew: 136576K->5416K(153600K), 0.0155438 secs] 180100K->48940K(494976K), 0.0156083 secs] [Times: user=0.01 sys=0.00, real=0.02 secs] 
2019-06-11T11:38:45.301+0000: 28.080: [GC (Allocation Failure) 2019-06-11T11:38:45.301+0000: 28.080: [DefNew: 141992K->10531K(153600K), 0.0184355 secs] 185516K->54056K(494976K), 0.0184986 secs] [Times: user=0.01 sys=0.00, real=0.02 secs] 
2019-06-11T11:38:45.964+0000: 28.743: [GC (Allocation Failure) 2019-06-11T11:38:45.964+0000: 28.743: [DefNew: 147107K->11707K(153600K), 0.0263994 secs] 190632K->58257K(494976K), 0.0264862 secs] [Times: user=0.03 sys=0.00, real=0.03 secs] 
2019-06-11T11:38:46.606+0000: 29.384: [GC (Allocation Failure) 2019-06-11T11:38:46.606+0000: 29.384: [DefNew: 148283K->3666K(153600K), 0.0216323 secs] 194833K->56677K(494976K), 0.0216953 secs] [Times: user=0.02 sys=0.00, real=0.02 secs] 
2019-06-11T11:38:47.154+0000: 29.932: [GC (Allocation Failure) 2019-06-11T11:38:47.154+0000: 29.932: [DefNew: 140242K->1802K(153600K), 0.0109633 secs] 193253K->54813K(494976K), 0.0110246 secs] [Times: user=0.00 sys=0.00, real=0.01 secs] 
11:38:55.752 [Curator-PathChildrenCache-0] ERROR o.a.c.f.r.c.PathChildrenCache  - 
java.lang.IllegalStateException: instance must be started before calling this method
	at org.apache.curator.shaded.com.google.common.base.Preconditions.checkState(Preconditions.java:444)
	at org.apache.curator.framework.imps.CuratorFrameworkImpl.getChildren(CuratorFrameworkImpl.java:456)
	at org.apache.curator.framework.recipes.cache.PathChildrenCache.refresh(PathChildrenCache.java:521)
	at org.apache.curator.framework.recipes.cache.RefreshOperation.invoke(RefreshOperation.java:35)
	at org.apache.curator.framework.recipes.cache.PathChildrenCache$9.run(PathChildrenCache.java:786)
	at java.util.concurrent.Executors$RunnableAdapter.call(Executors.java:511)
	at java.util.concurrent.FutureTask.run(FutureTask.java:266)
	at java.util.concurrent.Executors$RunnableAdapter.call(Executors.java:511)
	at java.util.concurrent.FutureTask.run(FutureTask.java:266)
	at java.util.concurrent.ThreadPoolExecutor.runWorker(ThreadPoolExecutor.java:1149)
	at java.util.concurrent.ThreadPoolExecutor$Worker.run(ThreadPoolExecutor.java:624)
	at java.lang.Thread.run(Thread.java:748)
Heap
 def new generation   total 153600K, used 92362K [0x00000000e0c00000, 0x00000000eb2a0000, 0x00000000eb2a0000)
  eden space 136576K,  66% used [0x00000000e0c00000, 0x00000000e6470008, 0x00000000e9160000)
  from space 17024K,  10% used [0x00000000e9160000, 0x00000000e9322850, 0x00000000ea200000)
  to   space 17024K,   0% used [0x00000000ea200000, 0x00000000ea200000, 0x00000000eb2a0000)
 tenured generation   total 341376K, used 53010K [0x00000000eb2a0000, 0x0000000100000000, 0x0000000100000000)
   the space 341376K,  15% used [0x00000000eb2a0000, 0x00000000ee664bf8, 0x00000000ee664c00, 0x0000000100000000)
 Metaspace       used 35718K, capacity 36666K, committed 36864K, reserved 1081344K
  class space    used 4854K, capacity 5059K, committed 5120K, reserved 1048576K
