14:25:41,824 |-INFO in ch.qos.logback.classic.LoggerContext[default] - Could NOT find resource [logback-test.xml]
14:25:41,824 |-INFO in ch.qos.logback.classic.LoggerContext[default] - Could NOT find resource [logback.groovy]
14:25:41,824 |-INFO in ch.qos.logback.classic.LoggerContext[default] - Found resource [logback.xml] at [jar:file:/home/nikitasokolov/flamestream/lib/flamestream-runtime-1.0-SNAPSHOT.jar!/logback.xml]
14:25:41,825 |-WARN in ch.qos.logback.classic.LoggerContext[default] - Resource [logback.xml] occurs multiple times on the classpath.
14:25:41,825 |-WARN in ch.qos.logback.classic.LoggerContext[default] - Resource [logback.xml] occurs at [jar:file:/home/nikitasokolov/flamestream/lib/flamestream-runtime-1.0-SNAPSHOT.jar!/logback.xml]
14:25:41,825 |-WARN in ch.qos.logback.classic.LoggerContext[default] - Resource [logback.xml] occurs at [jar:file:/home/nikitasokolov/flamestream/flamestream-runtime-1.0-SNAPSHOT.jar!/logback.xml]
14:25:41,841 |-INFO in ch.qos.logback.core.joran.spi.ConfigurationWatchList@6108b2d7 - URL [jar:file:/home/nikitasokolov/flamestream/lib/flamestream-runtime-1.0-SNAPSHOT.jar!/logback.xml] is not of type file
14:25:41,891 |-INFO in ch.qos.logback.classic.joran.action.ConfigurationAction - debug attribute not set
14:25:41,892 |-INFO in ch.qos.logback.core.joran.action.AppenderAction - About to instantiate appender of type [ch.qos.logback.core.ConsoleAppender]
14:25:41,900 |-INFO in ch.qos.logback.core.joran.action.AppenderAction - Naming appender as [STDOUT]
14:25:41,908 |-INFO in ch.qos.logback.core.joran.action.NestedComplexPropertyIA - Assuming default type [ch.qos.logback.classic.encoder.PatternLayoutEncoder] for [encoder] property
14:25:41,965 |-INFO in ch.qos.logback.core.joran.action.AppenderAction - About to instantiate appender of type [ch.qos.logback.core.rolling.RollingFileAppender]
14:25:41,970 |-INFO in ch.qos.logback.core.joran.action.AppenderAction - Naming appender as [FILE]
14:25:41,992 |-INFO in c.q.l.core.rolling.TimeBasedRollingPolicy@357863579 - No compression will be used
14:25:41,994 |-INFO in c.q.l.core.rolling.TimeBasedRollingPolicy@357863579 - Will use the pattern /tmp/application_%d{yyyy-MM-dd}.%i.log for the active file
14:25:41,997 |-INFO in ch.qos.logback.core.rolling.SizeAndTimeBasedFNATP@6bf256fa - The date pattern is 'yyyy-MM-dd' from file name pattern '/tmp/application_%d{yyyy-MM-dd}.%i.log'.
14:25:41,997 |-INFO in ch.qos.logback.core.rolling.SizeAndTimeBasedFNATP@6bf256fa - Roll-over at midnight.
14:25:42,000 |-INFO in ch.qos.logback.core.rolling.SizeAndTimeBasedFNATP@6bf256fa - Setting initial period to Sun Jun 09 14:24:44 MSK 2019
14:25:42,001 |-WARN in ch.qos.logback.core.rolling.SizeAndTimeBasedFNATP@6bf256fa - SizeAndTimeBasedFNATP is deprecated. Use SizeAndTimeBasedRollingPolicy instead
14:25:42,001 |-WARN in ch.qos.logback.core.rolling.SizeAndTimeBasedFNATP@6bf256fa - For more information see http://logback.qos.ch/manual/appenders.html#SizeAndTimeBasedRollingPolicy
14:25:42,005 |-INFO in ch.qos.logback.core.joran.action.NestedComplexPropertyIA - Assuming default type [ch.qos.logback.classic.encoder.PatternLayoutEncoder] for [encoder] property
14:25:42,007 |-INFO in ch.qos.logback.core.rolling.RollingFileAppender[FILE] - Active log file name: /tmp/application.log
14:25:42,007 |-INFO in ch.qos.logback.core.rolling.RollingFileAppender[FILE] - File property is set to [/tmp/application.log]
14:25:42,008 |-INFO in ch.qos.logback.classic.joran.action.RootLoggerAction - Setting level of ROOT logger to WARN
14:25:42,008 |-INFO in ch.qos.logback.core.joran.action.AppenderRefAction - Attaching appender named [STDOUT] to Logger[ROOT]
14:25:42,009 |-INFO in ch.qos.logback.core.joran.action.AppenderRefAction - Attaching appender named [FILE] to Logger[ROOT]
14:25:42,009 |-INFO in ch.qos.logback.classic.joran.action.ConfigurationAction - End of configuration.
14:25:42,009 |-INFO in ch.qos.logback.classic.joran.JoranConfigurator@6cd8737 - Registering current configuration as safe fallback point

2019-06-09T14:25:42.980+0300: 1.362: [GC (Metadata GC Threshold) [PSYoungGen: 110722K->16017K(149504K)] 110722K->16097K(491008K), 0.0196236 secs] [Times: user=0.06 sys=0.04, real=0.02 secs] 
2019-06-09T14:25:42.999+0300: 1.382: [Full GC (Metadata GC Threshold) [PSYoungGen: 16017K->0K(149504K)] [ParOldGen: 80K->15078K(341504K)] 16097K->15078K(491008K), [Metaspace: 20803K->20803K(1067008K)], 0.0261332 secs] [Times: user=0.16 sys=0.01, real=0.02 secs] 
14:25:55.459 [Curator-PathChildrenCache-1] WARN  o.a.c.u.ZKPaths  - The version of ZooKeeper being used doesn't support Container nodes. CreateMode.PERSISTENT will be used instead.
2019-06-09T14:25:56.477+0300: 14.860: [GC (Metadata GC Threshold) [PSYoungGen: 123796K->20971K(149504K)] 138874K->49918K(491008K), 0.0212022 secs] [Times: user=0.20 sys=0.04, real=0.03 secs] 
2019-06-09T14:25:56.498+0300: 14.881: [Full GC (Metadata GC Threshold) [PSYoungGen: 20971K->0K(149504K)] [ParOldGen: 28946K->38900K(341504K)] 49918K->38900K(491008K), [Metaspace: 34546K->34546K(1079296K)], 0.0446031 secs] [Times: user=0.14 sys=0.03, real=0.04 secs] 
2019-06-09T14:26:06.376+0300: 24.758: [GC (Allocation Failure) [PSYoungGen: 128512K->416K(149504K)] 167412K->39324K(491008K), 0.0050596 secs] [Times: user=0.04 sys=0.00, real=0.01 secs] 
2019-06-09T14:26:17.342+0300: 35.725: [GC (Allocation Failure) [PSYoungGen: 128928K->320K(149504K)] 167836K->39236K(491008K), 0.0029331 secs] [Times: user=0.01 sys=0.01, real=0.00 secs] 
2019-06-09T14:26:28.522+0300: 46.904: [GC (Allocation Failure) [PSYoungGen: 128832K->288K(129024K)] 167748K->39212K(470528K), 0.0030576 secs] [Times: user=0.01 sys=0.01, real=0.00 secs] 
2019-06-09T14:26:39.784+0300: 58.167: [GC (Allocation Failure) [PSYoungGen: 128800K->416K(132608K)] 167724K->39348K(474112K), 0.0040126 secs] [Times: user=0.03 sys=0.00, real=0.00 secs] 
2019-06-09T14:26:48.821+0300: 67.204: [GC (Allocation Failure) [PSYoungGen: 93088K->695K(130560K)] 132020K->39635K(472064K), 0.0028667 secs] [Times: user=0.01 sys=0.01, real=0.00 secs] 
2019-06-09T14:26:59.232+0300: 77.615: [GC (Allocation Failure) [PSYoungGen: 93367K->384K(136704K)] 132307K->39332K(478208K), 0.0038799 secs] [Times: user=0.02 sys=0.00, real=0.00 secs] 
2019-06-09T14:27:10.629+0300: 89.012: [GC (Allocation Failure) [PSYoungGen: 101760K->384K(135168K)] 140708K->39340K(476672K), 0.0032499 secs] [Times: user=0.01 sys=0.01, real=0.01 secs] 
14:27:27.896 [Curator-PathChildrenCache-0] ERROR o.a.c.f.r.c.PathChildrenCache  - 
java.lang.IllegalStateException: instance must be started before calling this method
	at org.apache.curator.shaded.com.google.common.base.Preconditions.checkState(Preconditions.java:444)
	at org.apache.curator.framework.imps.CuratorFrameworkImpl.getChildren(CuratorFrameworkImpl.java:456)
	at org.apache.curator.framework.recipes.cache.PathChildrenCache.refresh(PathChildrenCache.java:521)
	at org.apache.curator.framework.recipes.cache.RefreshOperation.invoke(RefreshOperation.java:35)
	at org.apache.curator.framework.recipes.cache.PathChildrenCache$9.run(PathChildrenCache.java:786)
	at java.util.concurrent.Executors$RunnableAdapter.call(Executors.java:511)
	at java.util.concurrent.FutureTask.run(FutureTask.java:266)
	at java.util.concurrent.Executors$RunnableAdapter.call(Executors.java:511)
	at java.util.concurrent.FutureTask.run(FutureTask.java:266)
	at java.util.concurrent.ThreadPoolExecutor.runWorker(ThreadPoolExecutor.java:1149)
	at java.util.concurrent.ThreadPoolExecutor$Worker.run(ThreadPoolExecutor.java:624)
	at java.lang.Thread.run(Thread.java:748)
Heap
 PSYoungGen      total 135168K, used 63339K [0x00000000f5980000, 0x0000000100000000, 0x0000000100000000)
  eden space 101376K, 62% used [0x00000000f5980000,0x00000000f96fae38,0x00000000fbc80000)
  from space 33792K, 1% used [0x00000000fbc80000,0x00000000fbce0020,0x00000000fdd80000)
  to   space 31744K, 0% used [0x00000000fe100000,0x00000000fe100000,0x0000000100000000)
 ParOldGen       total 341504K, used 38956K [0x00000000e0c00000, 0x00000000f5980000, 0x00000000f5980000)
  object space 341504K, 11% used [0x00000000e0c00000,0x00000000e320b300,0x00000000f5980000)
 Metaspace       used 36119K, capacity 36958K, committed 37208K, reserved 1081344K
  class space    used 4979K, capacity 5161K, committed 5248K, reserved 1048576K
