19:53:36,057 |-INFO in ch.qos.logback.classic.LoggerContext[default] - Could NOT find resource [logback-test.xml]
19:53:36,057 |-INFO in ch.qos.logback.classic.LoggerContext[default] - Could NOT find resource [logback.groovy]
19:53:36,057 |-INFO in ch.qos.logback.classic.LoggerContext[default] - Found resource [logback.xml] at [jar:file:/root/flamestream/lib/flamestream-runtime-1.0-SNAPSHOT.jar!/logback.xml]
19:53:36,058 |-WARN in ch.qos.logback.classic.LoggerContext[default] - Resource [logback.xml] occurs multiple times on the classpath.
19:53:36,058 |-WARN in ch.qos.logback.classic.LoggerContext[default] - Resource [logback.xml] occurs at [jar:file:/root/flamestream/lib/flamestream-runtime-1.0-SNAPSHOT.jar!/logback.xml]
19:53:36,058 |-WARN in ch.qos.logback.classic.LoggerContext[default] - Resource [logback.xml] occurs at [jar:file:/root/flamestream/flamestream-runtime-1.0-SNAPSHOT.jar!/logback.xml]
19:53:36,078 |-INFO in ch.qos.logback.core.joran.spi.ConfigurationWatchList@3fb6a447 - URL [jar:file:/root/flamestream/lib/flamestream-runtime-1.0-SNAPSHOT.jar!/logback.xml] is not of type file
19:53:36,151 |-INFO in ch.qos.logback.classic.joran.action.ConfigurationAction - debug attribute not set
19:53:36,152 |-INFO in ch.qos.logback.core.joran.action.AppenderAction - About to instantiate appender of type [ch.qos.logback.core.ConsoleAppender]
19:53:36,170 |-INFO in ch.qos.logback.core.joran.action.AppenderAction - Naming appender as [STDOUT]
19:53:36,188 |-INFO in ch.qos.logback.core.joran.action.NestedComplexPropertyIA - Assuming default type [ch.qos.logback.classic.encoder.PatternLayoutEncoder] for [encoder] property
19:53:36,272 |-INFO in ch.qos.logback.core.joran.action.AppenderAction - About to instantiate appender of type [ch.qos.logback.core.rolling.RollingFileAppender]
19:53:36,277 |-INFO in ch.qos.logback.core.joran.action.AppenderAction - Naming appender as [FILE]
19:53:36,307 |-INFO in c.q.l.core.rolling.TimeBasedRollingPolicy@127618319 - No compression will be used
19:53:36,308 |-INFO in c.q.l.core.rolling.TimeBasedRollingPolicy@127618319 - Will use the pattern /tmp/application_%d{yyyy-MM-dd}.%i.log for the active file
19:53:36,311 |-INFO in ch.qos.logback.core.rolling.SizeAndTimeBasedFNATP@6b2fad11 - The date pattern is 'yyyy-MM-dd' from file name pattern '/tmp/application_%d{yyyy-MM-dd}.%i.log'.
19:53:36,311 |-INFO in ch.qos.logback.core.rolling.SizeAndTimeBasedFNATP@6b2fad11 - Roll-over at midnight.
19:53:36,316 |-INFO in ch.qos.logback.core.rolling.SizeAndTimeBasedFNATP@6b2fad11 - Setting initial period to Mon Jun 10 19:52:18 UTC 2019
19:53:36,316 |-WARN in ch.qos.logback.core.rolling.SizeAndTimeBasedFNATP@6b2fad11 - SizeAndTimeBasedFNATP is deprecated. Use SizeAndTimeBasedRollingPolicy instead
19:53:36,316 |-WARN in ch.qos.logback.core.rolling.SizeAndTimeBasedFNATP@6b2fad11 - For more information see http://logback.qos.ch/manual/appenders.html#SizeAndTimeBasedRollingPolicy
19:53:36,320 |-INFO in ch.qos.logback.core.joran.action.NestedComplexPropertyIA - Assuming default type [ch.qos.logback.classic.encoder.PatternLayoutEncoder] for [encoder] property
19:53:36,325 |-INFO in ch.qos.logback.core.rolling.RollingFileAppender[FILE] - Active log file name: /tmp/application.log
19:53:36,325 |-INFO in ch.qos.logback.core.rolling.RollingFileAppender[FILE] - File property is set to [/tmp/application.log]
19:53:36,326 |-INFO in ch.qos.logback.classic.joran.action.RootLoggerAction - Setting level of ROOT logger to WARN
19:53:36,326 |-INFO in ch.qos.logback.core.joran.action.AppenderRefAction - Attaching appender named [STDOUT] to Logger[ROOT]
19:53:36,328 |-INFO in ch.qos.logback.core.joran.action.AppenderRefAction - Attaching appender named [FILE] to Logger[ROOT]
19:53:36,328 |-INFO in ch.qos.logback.classic.joran.action.ConfigurationAction - End of configuration.
19:53:36,329 |-INFO in ch.qos.logback.classic.joran.JoranConfigurator@79698539 - Registering current configuration as safe fallback point

Ama winner
Ama winner
2019-06-10T19:53:38.002+0000: 2.131: [Full GC (Metadata GC Threshold) 2019-06-10T19:53:38.002+0000: 2.131: [Tenured: 0K->15242K(341376K), 0.0406047 secs] 117654K->15242K(494976K), [Metaspace: 20736K->20736K(1067008K)], 0.0406879 secs] [Times: user=0.04 sys=0.00, real=0.04 secs] 
19:53:56.022 [Curator-PathChildrenCache-1] WARN  o.a.c.u.ZKPaths  - The version of ZooKeeper being used doesn't support Container nodes. CreateMode.PERSISTENT will be used instead.
2019-06-10T19:53:58.469+0000: 22.598: [GC (Allocation Failure) 2019-06-10T19:53:58.469+0000: 22.598: [DefNew: 136576K->17023K(153600K), 0.0275155 secs] 151818K->52846K(494976K), 0.0275847 secs] [Times: user=0.02 sys=0.00, real=0.02 secs] 
2019-06-10T19:53:59.501+0000: 23.630: [Full GC (Metadata GC Threshold) 2019-06-10T19:53:59.501+0000: 23.630: [Tenured: 35822K->44489K(341376K), 0.0431723 secs] 77694K->44489K(494976K), [Metaspace: 34580K->34580K(1079296K)], 0.0432571 secs] [Times: user=0.04 sys=0.00, real=0.04 secs] 
2019-06-10T19:54:08.036+0000: 32.165: [GC (Allocation Failure) 2019-06-10T19:54:08.036+0000: 32.165: [DefNew: 136576K->86K(153600K), 0.0020498 secs] 181065K->44575K(494976K), 0.0021092 secs] [Times: user=0.00 sys=0.00, real=0.01 secs] 
2019-06-10T19:54:16.517+0000: 40.646: [GC (Allocation Failure) 2019-06-10T19:54:16.517+0000: 40.646: [DefNew: 136662K->89K(153600K), 0.0018626 secs] 181151K->44578K(494976K), 0.0019244 secs] [Times: user=0.00 sys=0.00, real=0.00 secs] 
2019-06-10T19:54:25.140+0000: 49.269: [GC (Allocation Failure) 2019-06-10T19:54:25.141+0000: 49.269: [DefNew: 136665K->85K(153600K), 0.0018147 secs] 181154K->44574K(494976K), 0.0018725 secs] [Times: user=0.00 sys=0.00, real=0.00 secs] 
2019-06-10T19:54:33.790+0000: 57.918: [GC (Allocation Failure) 2019-06-10T19:54:33.790+0000: 57.918: [DefNew: 136661K->88K(153600K), 0.0018995 secs] 181150K->44578K(494976K), 0.0019714 secs] [Times: user=0.00 sys=0.00, real=0.00 secs] 
2019-06-10T19:54:42.962+0000: 67.091: [GC (Allocation Failure) 2019-06-10T19:54:42.962+0000: 67.091: [DefNew: 136664K->419K(153600K), 0.0023448 secs] 181154K->44909K(494976K), 0.0024090 secs] [Times: user=0.00 sys=0.00, real=0.00 secs] 
2019-06-10T19:54:53.038+0000: 77.167: [GC (Allocation Failure) 2019-06-10T19:54:53.038+0000: 77.167: [DefNew: 136995K->170K(153600K), 0.0020934 secs] 181485K->44660K(494976K), 0.0021511 secs] [Times: user=0.00 sys=0.00, real=0.00 secs] 
19:55:09.982 [Curator-PathChildrenCache-0] ERROR o.a.c.f.r.c.PathChildrenCache  - 
java.lang.IllegalStateException: instance must be started before calling this method
	at org.apache.curator.shaded.com.google.common.base.Preconditions.checkState(Preconditions.java:444)
	at org.apache.curator.framework.imps.CuratorFrameworkImpl.getChildren(CuratorFrameworkImpl.java:456)
	at org.apache.curator.framework.recipes.cache.PathChildrenCache.refresh(PathChildrenCache.java:521)
	at org.apache.curator.framework.recipes.cache.RefreshOperation.invoke(RefreshOperation.java:35)
	at org.apache.curator.framework.recipes.cache.PathChildrenCache$9.run(PathChildrenCache.java:786)
	at java.util.concurrent.Executors$RunnableAdapter.call(Executors.java:511)
	at java.util.concurrent.FutureTask.run(FutureTask.java:266)
	at java.util.concurrent.Executors$RunnableAdapter.call(Executors.java:511)
	at java.util.concurrent.FutureTask.run(FutureTask.java:266)
	at java.util.concurrent.ThreadPoolExecutor.runWorker(ThreadPoolExecutor.java:1149)
	at java.util.concurrent.ThreadPoolExecutor$Worker.run(ThreadPoolExecutor.java:624)
	at java.lang.Thread.run(Thread.java:748)
Heap
 def new generation   total 153600K, used 106039K [0x00000000e0c00000, 0x00000000eb2a0000, 0x00000000eb2a0000)
  eden space 136576K,  77% used [0x00000000e0c00000, 0x00000000e7363270, 0x00000000e9160000)
  from space 17024K,   1% used [0x00000000ea200000, 0x00000000ea22ab30, 0x00000000eb2a0000)
  to   space 17024K,   0% used [0x00000000e9160000, 0x00000000e9160000, 0x00000000ea200000)
 tenured generation   total 341376K, used 44489K [0x00000000eb2a0000, 0x0000000100000000, 0x0000000100000000)
   the space 341376K,  13% used [0x00000000eb2a0000, 0x00000000ede12538, 0x00000000ede12600, 0x0000000100000000)
 Metaspace       used 36302K, capacity 37202K, committed 37376K, reserved 1081344K
  class space    used 4875K, capacity 5077K, committed 5120K, reserved 1048576K
