18:53:46,017 |-INFO in ch.qos.logback.classic.LoggerContext[default] - Could NOT find resource [logback-test.xml]
18:53:46,017 |-INFO in ch.qos.logback.classic.LoggerContext[default] - Could NOT find resource [logback.groovy]
18:53:46,017 |-INFO in ch.qos.logback.classic.LoggerContext[default] - Found resource [logback.xml] at [jar:file:/home/ubuntu/flamestream/lib/flamestream-runtime-1.0-SNAPSHOT.jar!/logback.xml]
18:53:46,020 |-WARN in ch.qos.logback.classic.LoggerContext[default] - Resource [logback.xml] occurs multiple times on the classpath.
18:53:46,020 |-WARN in ch.qos.logback.classic.LoggerContext[default] - Resource [logback.xml] occurs at [jar:file:/home/ubuntu/flamestream/flamestream-runtime-1.0-SNAPSHOT.jar!/logback.xml]
18:53:46,020 |-WARN in ch.qos.logback.classic.LoggerContext[default] - Resource [logback.xml] occurs at [jar:file:/home/ubuntu/flamestream/lib/flamestream-runtime-1.0-SNAPSHOT.jar!/logback.xml]
18:53:46,044 |-INFO in ch.qos.logback.core.joran.spi.ConfigurationWatchList@4678c730 - URL [jar:file:/home/ubuntu/flamestream/lib/flamestream-runtime-1.0-SNAPSHOT.jar!/logback.xml] is not of type file
18:53:46,111 |-INFO in ch.qos.logback.classic.joran.action.ConfigurationAction - debug attribute not set
18:53:46,114 |-INFO in ch.qos.logback.core.joran.action.AppenderAction - About to instantiate appender of type [ch.qos.logback.core.ConsoleAppender]
18:53:46,124 |-INFO in ch.qos.logback.core.joran.action.AppenderAction - Naming appender as [STDOUT]
18:53:46,141 |-INFO in ch.qos.logback.core.joran.action.NestedComplexPropertyIA - Assuming default type [ch.qos.logback.classic.encoder.PatternLayoutEncoder] for [encoder] property
18:53:46,219 |-INFO in ch.qos.logback.core.joran.action.AppenderAction - About to instantiate appender of type [ch.qos.logback.core.rolling.RollingFileAppender]
18:53:46,231 |-INFO in ch.qos.logback.core.joran.action.AppenderAction - Naming appender as [FILE]
18:53:46,268 |-INFO in c.q.l.core.rolling.TimeBasedRollingPolicy@1734853116 - No compression will be used
18:53:46,269 |-INFO in c.q.l.core.rolling.TimeBasedRollingPolicy@1734853116 - Will use the pattern /tmp/application_%d{yyyy-MM-dd}.%i.log for the active file
18:53:46,280 |-INFO in ch.qos.logback.core.rolling.SizeAndTimeBasedFNATP@29ee9faa - The date pattern is 'yyyy-MM-dd' from file name pattern '/tmp/application_%d{yyyy-MM-dd}.%i.log'.
18:53:46,280 |-INFO in ch.qos.logback.core.rolling.SizeAndTimeBasedFNATP@29ee9faa - Roll-over at midnight.
18:53:46,285 |-INFO in ch.qos.logback.core.rolling.SizeAndTimeBasedFNATP@29ee9faa - Setting initial period to Sat Sep 28 18:51:58 UTC 2019
18:53:46,285 |-WARN in ch.qos.logback.core.rolling.SizeAndTimeBasedFNATP@29ee9faa - SizeAndTimeBasedFNATP is deprecated. Use SizeAndTimeBasedRollingPolicy instead
18:53:46,285 |-WARN in ch.qos.logback.core.rolling.SizeAndTimeBasedFNATP@29ee9faa - For more information see http://logback.qos.ch/manual/appenders.html#SizeAndTimeBasedRollingPolicy
18:53:46,292 |-INFO in ch.qos.logback.core.joran.action.NestedComplexPropertyIA - Assuming default type [ch.qos.logback.classic.encoder.PatternLayoutEncoder] for [encoder] property
18:53:46,299 |-INFO in ch.qos.logback.core.rolling.RollingFileAppender[FILE] - Active log file name: /tmp/application.log
18:53:46,299 |-INFO in ch.qos.logback.core.rolling.RollingFileAppender[FILE] - File property is set to [/tmp/application.log]
18:53:46,300 |-INFO in ch.qos.logback.classic.joran.action.RootLoggerAction - Setting level of ROOT logger to INFO
18:53:46,300 |-INFO in ch.qos.logback.core.joran.action.AppenderRefAction - Attaching appender named [STDOUT] to Logger[ROOT]
18:53:46,301 |-INFO in ch.qos.logback.core.joran.action.AppenderRefAction - Attaching appender named [FILE] to Logger[ROOT]
18:53:46,301 |-INFO in ch.qos.logback.classic.joran.action.ConfigurationAction - End of configuration.
18:53:46,301 |-INFO in ch.qos.logback.classic.joran.JoranConfigurator@c038203 - Registering current configuration as safe fallback point

18:53:46.305 [main] INFO  c.s.f.r.WorkerApplication  - Starting worker with workerConfig 'WorkerConfig{id='flamestream-benchmarks-worker-1', localAddress=flamestream-benchmarks-worker-1/10.0.0.20:5412, zkString='flamestream-benchmarks-manager:12181', snapshotPath='/home/ubuntu/flamestream/data', guarantees=AT_MOST_ONCE}'
18:53:47.678 [worker-akka.actor.default-dispatcher-6] INFO  a.e.s.Slf4jLogger  - Slf4jLogger started
2019-09-28T18:53:47.817+0000: 2.127: [Full GC (Metadata GC Threshold) 2019-09-28T18:53:47.817+0000: 2.127: [Tenured: 0K->13623K(1024000K), 0.0523043 secs] 139471K->13623K(1484800K), [Metaspace: 20197K->20197K(1067008K)], 0.0523934 secs] [Times: user=0.04 sys=0.01, real=0.05 secs] 
18:53:47.965 [worker-akka.actor.default-dispatcher-6] WARN  a.r.RemoteActorRefProvider akka.remote.RemoteActorRefProvider - Using the 'remote' ActorRefProvider directly, which is a low-level layer. For most use cases, the 'cluster' abstraction on top of remoting is more suitable instead.
18:53:47.974 [worker-akka.actor.default-dispatcher-6] WARN  a.r.RemoteActorRefProvider akka.remote.RemoteActorRefProvider - Akka Cluster not in use - Using Akka Cluster is recommended if you need remote watch and deploy.
18:53:48.081 [worker-akka.actor.default-dispatcher-6] INFO  a.r.a.a.ArteryAeronUdpTransport(akka://worker) akka.remote.artery.aeron.ArteryAeronUdpTransport(akka://worker) - Started embedded media driver in directory [/dev/shm/aeron-flamestream-benchmarks-worker-1]
18:53:48.112 [worker-akka.actor.default-dispatcher-6] WARN  a.r.a.a.ArteryAeronUdpTransport(akka://worker) akka.remote.artery.aeron.ArteryAeronUdpTransport(akka://worker) - Aeron CnC version mismatch: compiled version = 15, file version = 16
18:53:48.342 [worker-akka.actor.default-dispatcher-6] INFO  a.r.a.a.ArteryAeronUdpTransport(akka://worker) akka.remote.artery.aeron.ArteryAeronUdpTransport(akka://worker) - Remoting started with transport [Artery aeron-udp]; listening on address [akka://worker@flamestream-benchmarks-worker-1:5412] and bound to [akka://worker@0.0.0.0:5412] with UID [9003752637410361599]
18:53:48.814 [worker-akka.actor.default-dispatcher-6] WARN  a.s.Serialization(akka://worker) akka.serialization.Serialization(akka://worker) - Using serializer [com.romix.akka.serialization.kryo.KryoSerializer] for message [akka.actor.ActorSelectionMessage]. Note that this serializer is not implemented by Akka. It's not recommended to replace serializers for messages provided by Akka.
18:53:48.814 [worker-akka.actor.default-dispatcher-6] WARN  a.s.Serialization(akka://worker) akka.serialization.Serialization(akka://worker) - Using serializer [com.romix.akka.serialization.kryo.KryoSerializer] for message [akka.actor.ActorIdentity]. Note that this serializer is not implemented by Akka. It's not recommended to replace serializers for messages provided by Akka.
18:53:48.862 [worker-akka.actor.default-dispatcher-9] INFO  a.a.RepointableActorRef akka://worker/user/watcher - Starting...
18:53:48.966 [worker-akka.actor.default-dispatcher-6] INFO  o.a.c.u.Compatibility  - Running in ZooKeeper 3.4.x compatibility mode
18:53:48.998 [worker-akka.actor.default-dispatcher-6] INFO  o.a.c.f.i.CuratorFrameworkImpl  - Starting
18:53:49.009 [worker-akka.actor.default-dispatcher-6] INFO  o.a.z.ZooKeeper  - Client environment:zookeeper.version=3.4.14-4c25d480e66aadd371de8bd2fd8da255ac140bcf, built on 03/06/2019 16:18 GMT
18:53:49.010 [worker-akka.actor.default-dispatcher-6] INFO  o.a.z.ZooKeeper  - Client environment:host.name=flamestream-benchmarks-worker-1
18:53:49.010 [worker-akka.actor.default-dispatcher-6] INFO  o.a.z.ZooKeeper  - Client environment:java.version=1.8.0_222
18:53:49.010 [worker-akka.actor.default-dispatcher-6] INFO  o.a.z.ZooKeeper  - Client environment:java.vendor=Private Build
18:53:49.012 [worker-akka.actor.default-dispatcher-6] INFO  o.a.z.ZooKeeper  - Client environment:java.home=/usr/lib/jvm/java-8-openjdk-amd64/jre
18:53:49.013 [worker-akka.actor.default-dispatcher-6] INFO  o.a.z.ZooKeeper  - Client environment:java.class.path=lib/curator-framework-4.0.1.jar:lib/commons-csv-1.4.jar:lib/aeron-client-1.21.2.jar:lib/scala-library-2.12.9.jar:lib/asm-5.0.4.jar:lib/agrona-1.0.1.jar:lib/curator-recipes-4.0.1.jar:lib/akka-testkit_2.12-2.6.0-M6.jar:lib/flamestream-runtime-1.0-SNAPSHOT.jar:lib/jsr305-3.0.2.jar:lib/trove4j-3.0.3.jar:lib/flamestream-core-1.0-SNAPSHOT.jar:lib/commons-io-2.4.jar:lib/minlog-1.3.0.jar:lib/kryonet-2.21.jar:lib/commons-1.4.9.jar:lib/jline-0.9.94.jar:lib/akka-remote_2.12-2.6.0-M6.jar:lib/leveldbjni-all-1.8.jar:lib/lz4-1.3.0.jar:lib/slf4j-api-1.7.24.jar:lib/scala-parser-combinators_2.12-1.1.2.jar:lib/flamestream-core-1.0-SNAPSHOT-tests.jar:lib/logback-core-1.2.3.jar:lib/netty-3.10.6.Final.jar:lib/protobuf-java-3.9.0.jar:lib/minlog-1.2.jar:lib/leveldb-api-0.7.jar:lib/jool-0.9.12.jar:lib/commons-cli-1.4.jar:lib/jblas-1.2.4.jar:lib/reflectasm-1.11.3.jar:lib/reflectasm-1.07-shaded.jar:lib/audience-annotations-0.5.0.jar:lib/jackson-annotations-2.9.6.jar:lib/commons-lang-2.6.jar:lib/ssl-config-core_2.12-0.3.8.jar:lib/annotations-13.0.jar:lib/logback-classic-1.2.3.jar:lib/guava-21.0.jar:lib/reactive-streams-1.0.2.jar:lib/spotbugs-annotations-3.1.9.jar:lib/leveldb-0.7.jar:lib/commons-pool2-2.4.2.jar:lib/rocksdbjni-5.5.1.jar:lib/jackson-core-2.9.9.jar:lib/jackson-databind-2.9.9.2.jar:lib/akka-protobuf-v3_2.12-2.6.0-M6.jar:lib/jackson-annotations-2.9.0.jar:lib/flamestream-examples-1.0-SNAPSHOT.jar:lib/objenesis-2.1.jar:lib/akka-kryo-serialization_2.12-0.5.2.jar:lib/scala-java8-compat_2.12-0.8.0.jar:lib/zookeeper-3.4.14.jar:lib/akka-slf4j_2.12-2.6.0-M6.jar:lib/kryo-4.0.0.jar:lib/akka-stream_2.12-2.6.0-M6.jar:lib/slf4j-simple-2.0.0-alpha0.jar:lib/aeron-driver-1.21.2.jar:lib/config-1.3.1.jar:lib/annotations-12.0.jar:lib/jedis-2.9.0.jar:lib/jcommander-1.48.jar:lib/testng-6.10.jar:lib/akka-actor_2.12-2.6.0-M6.jar:lib/curator-client-4.0.1.jar:flamestream-runtime-1.0-SNAPSHOT.jar
18:53:49.013 [worker-akka.actor.default-dispatcher-6] INFO  o.a.z.ZooKeeper  - Client environment:java.library.path=/usr/java/packages/lib/amd64:/usr/lib/x86_64-linux-gnu/jni:/lib/x86_64-linux-gnu:/usr/lib/x86_64-linux-gnu:/usr/lib/jni:/lib:/usr/lib
18:53:49.013 [worker-akka.actor.default-dispatcher-6] INFO  o.a.z.ZooKeeper  - Client environment:java.io.tmpdir=/tmp
18:53:49.013 [worker-akka.actor.default-dispatcher-6] INFO  o.a.z.ZooKeeper  - Client environment:java.compiler=<NA>
18:53:49.014 [worker-akka.actor.default-dispatcher-6] INFO  o.a.z.ZooKeeper  - Client environment:os.name=Linux
18:53:49.014 [worker-akka.actor.default-dispatcher-6] INFO  o.a.z.ZooKeeper  - Client environment:os.arch=amd64
18:53:49.014 [worker-akka.actor.default-dispatcher-6] INFO  o.a.z.ZooKeeper  - Client environment:os.version=4.15.0-1040-gcp
18:53:49.014 [worker-akka.actor.default-dispatcher-6] INFO  o.a.z.ZooKeeper  - Client environment:user.name=ubuntu
18:53:49.015 [worker-akka.actor.default-dispatcher-6] INFO  o.a.z.ZooKeeper  - Client environment:user.home=/home/ubuntu
18:53:49.017 [worker-akka.actor.default-dispatcher-6] INFO  o.a.z.ZooKeeper  - Client environment:user.dir=/home/ubuntu/flamestream
18:53:49.019 [worker-akka.actor.default-dispatcher-6] INFO  o.a.z.ZooKeeper  - Initiating client connection, connectString=flamestream-benchmarks-manager:12181 sessionTimeout=60000 watcher=org.apache.curator.ConnectionState@6ee00a85
18:53:49.047 [worker-akka.actor.default-dispatcher-6-SendThread(flamestream-benchmarks-manager:12181)] INFO  o.a.z.ClientCnxn  - Opening socket connection to server flamestream-benchmarks-manager/10.0.0.2:12181. Will not attempt to authenticate using SASL (unknown error)
18:53:49.050 [worker-akka.actor.default-dispatcher-6] INFO  o.a.c.f.i.CuratorFrameworkImpl  - Default schema
18:53:49.052 [worker-akka.actor.default-dispatcher-6-SendThread(flamestream-benchmarks-manager:12181)] INFO  o.a.z.ClientCnxn  - Socket connection established to flamestream-benchmarks-manager/10.0.0.2:12181, initiating session
18:53:49.060 [worker-akka.actor.default-dispatcher-6-SendThread(flamestream-benchmarks-manager:12181)] INFO  o.a.z.ClientCnxn  - Session establishment complete on server flamestream-benchmarks-manager/10.0.0.2:12181, sessionid = 0x100015787a40001, negotiated timeout = 60000
18:53:49.066 [worker-akka.actor.default-dispatcher-6-EventThread] INFO  o.a.c.f.s.ConnectionStateManager  - State change: CONNECTED
18:53:49.068 [worker-akka.actor.default-dispatcher-9] INFO  a.a.RepointableActorRef akka://worker/user/watcher - Initializing rocksDB backend
2019-09-28T18:53:49.804+0000: 4.115: [Full GC (Metadata GC Threshold) 2019-09-28T18:53:49.804+0000: 4.115: [Tenured: 13623K->25955K(1024000K), 0.1429744 secs] 161113K->25955K(1484800K), [Metaspace: 33696K->33696K(1079296K)], 0.1430665 secs] [Times: user=0.13 sys=0.02, real=0.14 secs] 
18:53:50.025 [worker-akka.actor.default-dispatcher-6] INFO  a.a.LocalActorRef akka://worker/user/watcher/processing-watcher - Starting...
18:54:00.530 [Curator-PathChildrenCache-1] WARN  o.a.c.u.ZKPaths  - The version of ZooKeeper being used doesn't support Container nodes. CreateMode.PERSISTENT will be used instead.
18:54:00.651 [worker-akka.actor.default-dispatcher-10] INFO  a.a.LocalActorRef akka://worker/user/watcher/processing-watcher/$a - Starting...
18:54:00.677 [worker-akka.actor.default-dispatcher-6] INFO  a.a.LocalActorRef akka://worker/user/watcher/processing-watcher/$a - Stopped
18:54:03.327 [worker-akka.actor.default-dispatcher-9] INFO  a.a.LocalActorRef akka://worker/user/watcher/processing-watcher/graph/graph - Starting...
18:54:05.602 [worker-akka.actor.default-dispatcher-9] INFO  a.a.LocalActorRef akka://worker/user/watcher/processing-watcher/graph/graph - Finishing constructor
18:54:05.604 [worker-akka.actor.default-dispatcher-9] INFO  a.a.LocalActorRef akka://worker/user/watcher/processing-watcher/graph/edge - Starting...
18:54:05.604 [worker-akka.actor.default-dispatcher-9] INFO  a.a.LocalActorRef akka://worker/user/watcher/processing-watcher/graph - Starting FlameNode with config 'ClusterConfig{paths={flamestream-benchmarks-worker-1=akka://worker@flamestream-benchmarks-worker-1:5412/user/watcher/processing-watcher/graph, flamestream-benchmarks-worker-0=akka://worker@flamestream-benchmarks-worker-0:5412/user/watcher/processing-watcher/graph, flamestream-benchmarks-worker-9=akka://worker@flamestream-benchmarks-worker-9:5412/user/watcher/processing-watcher/graph, flamestream-benchmarks-worker-8=akka://worker@flamestream-benchmarks-worker-8:5412/user/watcher/processing-watcher/graph, flamestream-benchmarks-worker-7=akka://worker@flamestream-benchmarks-worker-7:5412/user/watcher/processing-watcher/graph, flamestream-benchmarks-worker-6=akka://worker@flamestream-benchmarks-worker-6:5412/user/watcher/processing-watcher/graph, flamestream-benchmarks-worker-5=akka://worker@flamestream-benchmarks-worker-5:5412/user/watcher/processing-watcher/graph, flamestream-benchmarks-worker-4=akka://worker@flamestream-benchmarks-worker-4:5412/user/watcher/processing-watcher/graph, flamestream-benchmarks-worker-3=akka://worker@flamestream-benchmarks-worker-3:5412/user/watcher/processing-watcher/graph, flamestream-benchmarks-worker-2=akka://worker@flamestream-benchmarks-worker-2:5412/user/watcher/processing-watcher/graph, flamestream-benchmarks-worker-14=akka://worker@flamestream-benchmarks-worker-14:5412/user/watcher/processing-watcher/graph, flamestream-benchmarks-worker-13=akka://worker@flamestream-benchmarks-worker-13:5412/user/watcher/processing-watcher/graph, flamestream-benchmarks-worker-12=akka://worker@flamestream-benchmarks-worker-12:5412/user/watcher/processing-watcher/graph, flamestream-benchmarks-worker-11=akka://worker@flamestream-benchmarks-worker-11:5412/user/watcher/processing-watcher/graph, flamestream-benchmarks-worker-10=akka://worker@flamestream-benchmarks-worker-10:5412/user/watcher/processing-watcher/graph}}'
18:54:05.616 [worker-akka.actor.default-dispatcher-13] INFO  a.a.LocalActorRef akka://worker/user/watcher/processing-watcher/graph/negotiator - Starting...
18:54:05.645 [worker-akka.actor.default-dispatcher-9] INFO  a.a.LocalActorRef akka://worker/user/watcher/processing-watcher/graph/negotiator - Requesting ticket for the frontClass FlameSocketGraphDeployerFront@flamestream-benchmarks-worker-1
18:54:05.684 [worker-akka.actor.default-dispatcher-10] INFO  c.s.f.r.e.s.SocketRear  - FlameSocketGraphDeployerRear@flamestream-benchmarks-worker-1: connecting to flamestream-benchmarks-manager:5678
18:54:05.693 [worker-akka.actor.default-dispatcher-16] INFO  a.a.LocalActorRef akka://worker/user/watcher/processing-watcher/graph/graph - Received last commit 'LastCommit{globalTime=(0000000, min@min)}'
18:54:05.702 [worker-akka.actor.default-dispatcher-16] INFO  a.a.LocalActorRef akka://worker/user/watcher/processing-watcher/graph/edge/FlameSocketGraphDeployerFront - Starting...
18:54:05.729 [worker-akka.actor.default-dispatcher-10] INFO  c.s.f.r.e.s.SocketRear  - FlameSocketGraphDeployerRear@flamestream-benchmarks-worker-1: connected to flamestream-benchmarks-manager:5678
18:54:05.730 [worker-akka.actor.default-dispatcher-10] INFO  a.a.LocalActorRef akka://worker/user/watcher/processing-watcher/graph/edge/FlameSocketGraphDeployerRear - Starting...
18:54:05.734 [worker-akka.actor.default-dispatcher-12] INFO  a.a.LocalActorRef akka://worker/user/watcher/processing-watcher/graph/negotiator - Ticket for the frontClass received: FrontTicket{allowedTimestamp=(0000000, FlameSocketGraphDeployerFront@flamestream-benchmarks-worker-1)}
18:54:05.735 [worker-akka.actor.default-dispatcher-12] INFO  c.s.f.r.e.s.SocketFront  - FlameSocketGraphDeployerFront@flamestream-benchmarks-worker-1: connecting to flamestream-benchmarks-manager:4567
18:54:05.964 [worker-akka.actor.default-dispatcher-12] INFO  a.a.LocalActorRef akka://worker/user/watcher/processing-watcher/graph/graph/$a - Starting...
18:54:05.967 [worker-akka.actor.default-dispatcher-12] INFO  a.a.LocalActorRef akka://worker/user/watcher/processing-watcher/graph/graph/$b - Starting...
18:54:05.969 [worker-akka.actor.default-dispatcher-12] INFO  a.a.LocalActorRef akka://worker/user/watcher/processing-watcher/graph/graph/$c - Starting...
18:54:05.970 [worker-akka.actor.default-dispatcher-12] INFO  a.a.LocalActorRef akka://worker/user/watcher/processing-watcher/graph/graph/$d - Starting...
18:54:05.971 [worker-akka.actor.default-dispatcher-12] INFO  a.a.LocalActorRef akka://worker/user/watcher/processing-watcher/graph/graph/$e - Starting...
18:54:05.972 [worker-akka.actor.default-dispatcher-12] INFO  a.a.LocalActorRef akka://worker/user/watcher/processing-watcher/graph/graph/$f - Starting...
18:54:05.977 [worker-akka.actor.default-dispatcher-12] INFO  a.a.LocalActorRef akka://worker/user/watcher/processing-watcher/graph/graph/$g - Starting...
18:54:05.978 [worker-akka.actor.default-dispatcher-12] INFO  a.a.LocalActorRef akka://worker/user/watcher/processing-watcher/graph/graph/$h - Starting...
18:54:05.979 [worker-akka.actor.default-dispatcher-12] INFO  a.a.LocalActorRef akka://worker/user/watcher/processing-watcher/graph/graph/$i - Starting...
18:54:05.983 [worker-akka.actor.default-dispatcher-12] INFO  a.a.LocalActorRef akka://worker/user/watcher/processing-watcher/graph/graph/$j - Starting...
18:54:05.985 [worker-akka.actor.default-dispatcher-12] INFO  a.a.LocalActorRef akka://worker/user/watcher/processing-watcher/graph/graph/$k - Starting...
18:54:05.986 [worker-akka.actor.default-dispatcher-12] INFO  a.a.LocalActorRef akka://worker/user/watcher/processing-watcher/graph/graph/$l - Starting...
18:54:05.988 [worker-akka.actor.default-dispatcher-12] INFO  a.a.LocalActorRef akka://worker/user/watcher/processing-watcher/graph/graph/$m - Starting...
18:54:05.989 [worker-akka.actor.default-dispatcher-12] INFO  a.a.LocalActorRef akka://worker/user/watcher/processing-watcher/graph/graph/$n - Starting...
18:54:05.991 [worker-akka.actor.default-dispatcher-12] INFO  a.a.LocalActorRef akka://worker/user/watcher/processing-watcher/graph/graph/$o - Starting...
18:54:05.993 [worker-akka.actor.default-dispatcher-12] INFO  a.a.LocalActorRef akka://worker/user/watcher/processing-watcher/graph/graph/$p - Starting...
18:54:05.995 [worker-akka.actor.default-dispatcher-12] INFO  a.a.LocalActorRef akka://worker/user/watcher/processing-watcher/graph/graph/$q - Starting...
18:54:05.997 [worker-akka.actor.default-dispatcher-12] INFO  a.a.LocalActorRef akka://worker/user/watcher/processing-watcher/graph/graph/$r - Starting...
18:54:05.997 [worker-akka.actor.default-dispatcher-12] INFO  a.a.LocalActorRef akka://worker/user/watcher/processing-watcher/graph/graph/$s - Starting...
18:54:05.999 [worker-akka.actor.default-dispatcher-12] INFO  a.a.LocalActorRef akka://worker/user/watcher/processing-watcher/graph/graph/$t - Starting...
18:54:06.000 [worker-akka.actor.default-dispatcher-12] INFO  a.a.LocalActorRef akka://worker/user/watcher/processing-watcher/graph/graph/$u - Starting...
18:54:06.001 [worker-akka.actor.default-dispatcher-12] INFO  a.a.LocalActorRef akka://worker/user/watcher/processing-watcher/graph/graph/$v - Starting...
18:54:06.002 [worker-akka.actor.default-dispatcher-12] INFO  a.a.LocalActorRef akka://worker/user/watcher/processing-watcher/graph/graph/$w - Starting...
18:54:06.003 [worker-akka.actor.default-dispatcher-12] INFO  a.a.LocalActorRef akka://worker/user/watcher/processing-watcher/graph/graph/$x - Starting...
18:54:06.004 [worker-akka.actor.default-dispatcher-12] INFO  a.a.LocalActorRef akka://worker/user/watcher/processing-watcher/graph/graph/$y - Starting...
18:54:06.005 [worker-akka.actor.default-dispatcher-12] INFO  a.a.LocalActorRef akka://worker/user/watcher/processing-watcher/graph/graph/$z - Starting...
18:54:06.006 [worker-akka.actor.default-dispatcher-12] INFO  a.a.LocalActorRef akka://worker/user/watcher/processing-watcher/graph/graph/$A - Starting...
18:54:06.007 [worker-akka.actor.default-dispatcher-12] INFO  a.a.LocalActorRef akka://worker/user/watcher/processing-watcher/graph/graph/$B - Starting...
18:54:06.008 [worker-akka.actor.default-dispatcher-12] INFO  a.a.LocalActorRef akka://worker/user/watcher/processing-watcher/graph/graph/$C - Starting...
18:54:06.009 [worker-akka.actor.default-dispatcher-12] INFO  a.a.LocalActorRef akka://worker/user/watcher/processing-watcher/graph/graph/$D - Starting...
18:54:06.010 [worker-akka.actor.default-dispatcher-12] INFO  a.a.LocalActorRef akka://worker/user/watcher/processing-watcher/graph/graph/$E - Starting...
18:54:06.011 [worker-akka.actor.default-dispatcher-12] INFO  a.a.LocalActorRef akka://worker/user/watcher/processing-watcher/graph/graph/$F - Starting...
18:54:06.012 [worker-akka.actor.default-dispatcher-12] INFO  a.a.LocalActorRef akka://worker/user/watcher/processing-watcher/graph/graph/$G - Starting...
18:54:06.013 [worker-akka.actor.default-dispatcher-12] INFO  a.a.LocalActorRef akka://worker/user/watcher/processing-watcher/graph/graph/$H - Starting...
18:54:06.014 [worker-akka.actor.default-dispatcher-12] INFO  a.a.LocalActorRef akka://worker/user/watcher/processing-watcher/graph/graph/$I - Starting...
18:54:06.015 [worker-akka.actor.default-dispatcher-12] INFO  a.a.LocalActorRef akka://worker/user/watcher/processing-watcher/graph/graph/$J - Starting...
18:54:06.016 [worker-akka.actor.default-dispatcher-12] INFO  a.a.LocalActorRef akka://worker/user/watcher/processing-watcher/graph/graph/$K - Starting...
18:54:06.017 [worker-akka.actor.default-dispatcher-12] INFO  a.a.LocalActorRef akka://worker/user/watcher/processing-watcher/graph/graph/$L - Starting...
18:54:06.018 [worker-akka.actor.default-dispatcher-12] INFO  a.a.LocalActorRef akka://worker/user/watcher/processing-watcher/graph/graph/$M - Starting...
18:54:06.020 [worker-akka.actor.default-dispatcher-12] INFO  a.a.LocalActorRef akka://worker/user/watcher/processing-watcher/graph/graph/$N - Starting...
18:54:06.021 [worker-akka.actor.default-dispatcher-12] INFO  a.a.LocalActorRef akka://worker/user/watcher/processing-watcher/graph/graph/$O - Starting...
18:54:06.022 [worker-akka.actor.default-dispatcher-12] INFO  a.a.LocalActorRef akka://worker/user/watcher/processing-watcher/graph/graph/$P - Starting...
18:54:06.023 [worker-akka.actor.default-dispatcher-12] INFO  a.a.LocalActorRef akka://worker/user/watcher/processing-watcher/graph/graph/$Q - Starting...
18:54:06.024 [worker-akka.actor.default-dispatcher-12] INFO  a.a.LocalActorRef akka://worker/user/watcher/processing-watcher/graph/graph/$R - Starting...
18:54:06.025 [worker-akka.actor.default-dispatcher-12] INFO  a.a.LocalActorRef akka://worker/user/watcher/processing-watcher/graph/graph/$S - Starting...
18:54:06.026 [worker-akka.actor.default-dispatcher-12] INFO  a.a.LocalActorRef akka://worker/user/watcher/processing-watcher/graph/graph/$T - Starting...
18:54:06.027 [worker-akka.actor.default-dispatcher-12] INFO  a.a.LocalActorRef akka://worker/user/watcher/processing-watcher/graph/graph/$U - Starting...
18:54:06.028 [worker-akka.actor.default-dispatcher-12] INFO  a.a.LocalActorRef akka://worker/user/watcher/processing-watcher/graph/graph/$V - Starting...
18:54:06.029 [worker-akka.actor.default-dispatcher-12] INFO  a.a.LocalActorRef akka://worker/user/watcher/processing-watcher/graph/graph/$W - Starting...
18:54:06.031 [worker-akka.actor.default-dispatcher-12] INFO  a.a.LocalActorRef akka://worker/user/watcher/processing-watcher/graph/graph/$X - Starting...
18:54:06.032 [worker-akka.actor.default-dispatcher-12] INFO  a.a.LocalActorRef akka://worker/user/watcher/processing-watcher/graph/graph/$Y - Starting...
18:54:06.033 [worker-akka.actor.default-dispatcher-12] INFO  a.a.LocalActorRef akka://worker/user/watcher/processing-watcher/graph/graph/$Z - Starting...
18:54:06.034 [worker-akka.actor.default-dispatcher-12] INFO  a.a.LocalActorRef akka://worker/user/watcher/processing-watcher/graph/graph/$0 - Starting...
18:54:06.034 [worker-akka.actor.default-dispatcher-12] INFO  a.a.LocalActorRef akka://worker/user/watcher/processing-watcher/graph/graph/$1 - Starting...
18:54:06.035 [worker-akka.actor.default-dispatcher-12] INFO  a.a.LocalActorRef akka://worker/user/watcher/processing-watcher/graph/graph/$2 - Starting...
18:54:06.036 [worker-akka.actor.default-dispatcher-12] INFO  a.a.LocalActorRef akka://worker/user/watcher/processing-watcher/graph/graph/$3 - Starting...
18:54:06.037 [worker-akka.actor.default-dispatcher-12] INFO  a.a.LocalActorRef akka://worker/user/watcher/processing-watcher/graph/graph/$4 - Starting...
18:54:06.038 [worker-akka.actor.default-dispatcher-12] INFO  a.a.LocalActorRef akka://worker/user/watcher/processing-watcher/graph/graph/$5 - Starting...
18:54:06.040 [worker-akka.actor.default-dispatcher-12] INFO  a.a.LocalActorRef akka://worker/user/watcher/processing-watcher/graph/graph/$6 - Starting...
18:54:06.044 [worker-akka.actor.default-dispatcher-12] INFO  a.a.LocalActorRef akka://worker/user/watcher/processing-watcher/graph/graph/$7 - Starting...
18:54:06.065 [worker-akka.actor.default-dispatcher-12] INFO  a.a.LocalActorRef akka://worker/user/watcher/processing-watcher/graph/graph/$8 - Starting...
18:54:06.066 [worker-akka.actor.default-dispatcher-12] INFO  a.a.LocalActorRef akka://worker/user/watcher/processing-watcher/graph/graph/$7 - Attached rear to graph (-9223372036854775808, min@min)
18:54:06.068 [worker-akka.actor.default-dispatcher-12] INFO  a.a.LocalActorRef akka://worker/user/watcher/processing-watcher/graph/graph/$+ - Starting...
18:54:06.068 [worker-akka.actor.default-dispatcher-12] INFO  a.a.LocalActorRef akka://worker/user/watcher/processing-watcher/graph/graph/$9 - Starting...
18:54:06.069 [worker-akka.actor.default-dispatcher-12] INFO  a.a.LocalActorRef akka://worker/user/watcher/processing-watcher/graph/graph/$~ - Starting...
18:54:06.070 [worker-akka.actor.default-dispatcher-12] INFO  a.a.LocalActorRef akka://worker/user/watcher/processing-watcher/graph/graph/$ab - Starting...
18:54:06.071 [worker-akka.actor.default-dispatcher-12] INFO  a.a.LocalActorRef akka://worker/user/watcher/processing-watcher/graph/graph/$bb - Starting...
18:54:06.071 [worker-akka.actor.default-dispatcher-12] INFO  a.a.LocalActorRef akka://worker/user/watcher/processing-watcher/graph/graph/$cb - Starting...
18:54:06.072 [worker-akka.actor.default-dispatcher-12] INFO  a.a.LocalActorRef akka://worker/user/watcher/processing-watcher/graph/graph/$eb - Starting...
18:54:06.072 [worker-akka.actor.default-dispatcher-12] INFO  a.a.LocalActorRef akka://worker/user/watcher/processing-watcher/graph/graph/$db - Starting...
18:54:06.073 [worker-akka.actor.default-dispatcher-12] INFO  a.a.LocalActorRef akka://worker/user/watcher/processing-watcher/graph/graph/$fb - Starting...
18:54:06.074 [worker-akka.actor.default-dispatcher-12] INFO  a.a.LocalActorRef akka://worker/user/watcher/processing-watcher/graph/graph/$gb - Starting...
18:54:06.074 [worker-akka.actor.default-dispatcher-12] INFO  a.a.LocalActorRef akka://worker/user/watcher/processing-watcher/graph/graph/$hb - Starting...
18:54:06.075 [worker-akka.actor.default-dispatcher-12] INFO  a.a.LocalActorRef akka://worker/user/watcher/processing-watcher/graph/graph/$ib - Starting...
18:54:06.076 [worker-akka.actor.default-dispatcher-12] INFO  a.a.LocalActorRef akka://worker/user/watcher/processing-watcher/graph/graph/$jb - Starting...
18:54:06.076 [worker-akka.actor.default-dispatcher-12] INFO  a.a.LocalActorRef akka://worker/user/watcher/processing-watcher/graph/graph/$kb - Starting...
18:54:06.077 [worker-akka.actor.default-dispatcher-12] INFO  a.a.LocalActorRef akka://worker/user/watcher/processing-watcher/graph/graph/$lb - Starting...
18:54:06.077 [worker-akka.actor.default-dispatcher-12] INFO  a.a.LocalActorRef akka://worker/user/watcher/processing-watcher/graph/graph/$mb - Starting...
18:54:06.078 [worker-akka.actor.default-dispatcher-12] INFO  a.a.LocalActorRef akka://worker/user/watcher/processing-watcher/graph/graph/$ob - Starting...
18:54:06.079 [worker-akka.actor.default-dispatcher-12] INFO  a.a.LocalActorRef akka://worker/user/watcher/processing-watcher/graph/graph/$nb - Starting...
18:54:06.080 [worker-akka.actor.default-dispatcher-12] INFO  a.a.LocalActorRef akka://worker/user/watcher/processing-watcher/graph/graph/$pb - Starting...
18:54:06.080 [worker-akka.actor.default-dispatcher-12] INFO  a.a.LocalActorRef akka://worker/user/watcher/processing-watcher/graph/graph/$qb - Starting...
18:54:06.081 [worker-akka.actor.default-dispatcher-12] INFO  a.a.LocalActorRef akka://worker/user/watcher/processing-watcher/graph/graph/$rb - Starting...
18:54:06.081 [worker-akka.actor.default-dispatcher-12] INFO  a.a.LocalActorRef akka://worker/user/watcher/processing-watcher/graph/graph/$sb - Starting...
18:54:06.082 [worker-akka.actor.default-dispatcher-12] INFO  a.a.LocalActorRef akka://worker/user/watcher/processing-watcher/graph/graph/$ub - Starting...
18:54:06.083 [worker-akka.actor.default-dispatcher-12] INFO  a.a.LocalActorRef akka://worker/user/watcher/processing-watcher/graph/graph/$tb - Starting...
18:54:06.083 [worker-akka.actor.default-dispatcher-12] INFO  a.a.LocalActorRef akka://worker/user/watcher/processing-watcher/graph/graph/$vb - Starting...
18:54:06.084 [worker-akka.actor.default-dispatcher-12] INFO  a.a.LocalActorRef akka://worker/user/watcher/processing-watcher/graph/graph/$xb - Starting...
18:54:06.085 [worker-akka.actor.default-dispatcher-12] INFO  a.a.LocalActorRef akka://worker/user/watcher/processing-watcher/graph/graph/$wb - Starting...
18:54:06.086 [worker-akka.actor.default-dispatcher-12] INFO  a.a.LocalActorRef akka://worker/user/watcher/processing-watcher/graph/graph/$zb - Starting...
18:54:06.088 [worker-akka.actor.default-dispatcher-10] INFO  a.a.LocalActorRef akka://worker/user/watcher/processing-watcher/graph/graph/$yb - Starting...
18:54:06.088 [worker-akka.actor.default-dispatcher-10] INFO  a.a.LocalActorRef akka://worker/user/watcher/processing-watcher/graph/graph/$Ab - Starting...
18:54:06.088 [worker-akka.actor.default-dispatcher-10] INFO  a.a.LocalActorRef akka://worker/user/watcher/processing-watcher/graph/graph/$Bb - Starting...
18:54:06.088 [worker-akka.actor.default-dispatcher-10] INFO  a.a.LocalActorRef akka://worker/user/watcher/processing-watcher/graph/graph/$Cb - Starting...
18:54:06.088 [worker-akka.actor.default-dispatcher-12] INFO  a.a.LocalActorRef akka://worker/user/watcher/processing-watcher/graph/graph/$Db - Starting...
18:54:06.089 [worker-akka.actor.default-dispatcher-12] INFO  a.a.LocalActorRef akka://worker/user/watcher/processing-watcher/graph/graph/$Eb - Starting...
18:54:06.090 [worker-akka.actor.default-dispatcher-12] INFO  a.a.LocalActorRef akka://worker/user/watcher/processing-watcher/graph/graph/$Fb - Starting...
18:54:06.091 [worker-akka.actor.default-dispatcher-12] INFO  a.a.LocalActorRef akka://worker/user/watcher/processing-watcher/graph/graph/$Gb - Starting...
18:54:06.092 [worker-akka.actor.default-dispatcher-12] INFO  a.a.LocalActorRef akka://worker/user/watcher/processing-watcher/graph/graph/$Ib - Starting...
18:54:06.093 [worker-akka.actor.default-dispatcher-12] INFO  a.a.LocalActorRef akka://worker/user/watcher/processing-watcher/graph/graph/$Hb - Starting...
18:54:06.093 [worker-akka.actor.default-dispatcher-12] INFO  a.a.LocalActorRef akka://worker/user/watcher/processing-watcher/graph/graph/$Kb - Starting...
18:54:06.094 [worker-akka.actor.default-dispatcher-10] INFO  a.a.LocalActorRef akka://worker/user/watcher/processing-watcher/graph/graph/$Jb - Starting...
18:54:06.094 [worker-akka.actor.default-dispatcher-10] INFO  a.a.LocalActorRef akka://worker/user/watcher/processing-watcher/graph/graph/$Lb - Starting...
18:54:06.095 [worker-akka.actor.default-dispatcher-10] INFO  a.a.LocalActorRef akka://worker/user/watcher/processing-watcher/graph/graph/$Mb - Starting...
18:54:06.095 [worker-akka.actor.default-dispatcher-10] INFO  a.a.LocalActorRef akka://worker/user/watcher/processing-watcher/graph/graph/$Nb - Starting...
2019-09-28T18:54:24.537+0000: 38.848: [GC (Allocation Failure) 2019-09-28T18:54:24.537+0000: 38.848: [DefNew: 409600K->32564K(460800K), 0.1309270 secs] 435555K->58519K(1484800K), 0.1310174 secs] [Times: user=0.09 sys=0.04, real=0.12 secs] 
2019-09-28T18:54:34.550+0000: 48.860: [GC (Allocation Failure) 2019-09-28T18:54:34.550+0000: 48.860: [DefNew: 442164K->1069K(460800K), 0.0443186 secs] 468119K->56160K(1484800K), 0.0444304 secs] [Times: user=0.02 sys=0.02, real=0.04 secs] 
2019-09-28T18:54:41.412+0000: 55.723: [GC (Allocation Failure) 2019-09-28T18:54:41.412+0000: 55.723: [DefNew: 410669K->1206K(460800K), 0.0047007 secs] 465760K->56297K(1484800K), 0.0047843 secs] [Times: user=0.00 sys=0.00, real=0.00 secs] 
2019-09-28T18:54:46.857+0000: 61.167: [GC (Allocation Failure) 2019-09-28T18:54:46.857+0000: 61.167: [DefNew: 410806K->1306K(460800K), 0.0054092 secs] 465897K->56398K(1484800K), 0.0054873 secs] [Times: user=0.00 sys=0.00, real=0.01 secs] 
2019-09-28T18:54:54.788+0000: 69.099: [GC (Allocation Failure) 2019-09-28T18:54:54.788+0000: 69.099: [DefNew: 410906K->1770K(460800K), 0.0059891 secs] 465998K->56861K(1484800K), 0.0060858 secs] [Times: user=0.01 sys=0.00, real=0.01 secs] 
2019-09-28T18:55:01.666+0000: 75.977: [GC (Allocation Failure) 2019-09-28T18:55:01.666+0000: 75.977: [DefNew: 411370K->1531K(460800K), 0.0041959 secs] 466461K->56622K(1484800K), 0.0042916 secs] [Times: user=0.00 sys=0.00, real=0.01 secs] 
2019-09-28T18:55:08.879+0000: 83.190: [GC (Allocation Failure) 2019-09-28T18:55:08.879+0000: 83.190: [DefNew: 411131K->1574K(460800K), 0.0040524 secs] 466222K->56665K(1484800K), 0.0041466 secs] [Times: user=0.01 sys=0.00, real=0.00 secs] 
2019-09-28T18:55:16.667+0000: 90.977: [GC (Allocation Failure) 2019-09-28T18:55:16.667+0000: 90.977: [DefNew: 411174K->1513K(460800K), 0.0041236 secs] 466265K->56604K(1484800K), 0.0042118 secs] [Times: user=0.01 sys=0.00, real=0.01 secs] 
2019-09-28T18:55:23.918+0000: 98.229: [GC (Allocation Failure) 2019-09-28T18:55:23.918+0000: 98.229: [DefNew: 411113K->1589K(460800K), 0.0041276 secs] 466204K->56680K(1484800K), 0.0042036 secs] [Times: user=0.00 sys=0.00, real=0.00 secs] 
2019-09-28T18:55:31.191+0000: 105.502: [GC (Allocation Failure) 2019-09-28T18:55:31.191+0000: 105.502: [DefNew: 411189K->1514K(460800K), 0.0040685 secs] 466280K->56606K(1484800K), 0.0041520 secs] [Times: user=0.00 sys=0.00, real=0.00 secs] 
2019-09-28T18:55:38.966+0000: 113.277: [GC (Allocation Failure) 2019-09-28T18:55:38.966+0000: 113.277: [DefNew: 411114K->1519K(460800K), 0.0040508 secs] 466206K->56610K(1484800K), 0.0041329 secs] [Times: user=0.00 sys=0.00, real=0.01 secs] 
2019-09-28T18:55:46.239+0000: 120.549: [GC (Allocation Failure) 2019-09-28T18:55:46.239+0000: 120.549: [DefNew: 411119K->1513K(460800K), 0.0040451 secs] 466210K->56604K(1484800K), 0.0041206 secs] [Times: user=0.00 sys=0.00, real=0.00 secs] 
2019-09-28T18:55:53.476+0000: 127.786: [GC (Allocation Failure) 2019-09-28T18:55:53.476+0000: 127.786: [DefNew: 411113K->1690K(460800K), 0.0044681 secs] 466204K->56781K(1484800K), 0.0045475 secs] [Times: user=0.01 sys=0.00, real=0.01 secs] 
2019-09-28T18:56:00.866+0000: 135.177: [GC (Allocation Failure) 2019-09-28T18:56:00.866+0000: 135.177: [DefNew: 411290K->1608K(460800K), 0.0042765 secs] 466381K->56700K(1484800K), 0.0043665 secs] [Times: user=0.00 sys=0.00, real=0.01 secs] 
2019-09-28T18:56:08.605+0000: 142.916: [GC (Allocation Failure) 2019-09-28T18:56:08.605+0000: 142.916: [DefNew: 411208K->1635K(460800K), 0.0041986 secs] 466300K->56726K(1484800K), 0.0042761 secs] [Times: user=0.01 sys=0.00, real=0.01 secs] 
2019-09-28T18:56:15.968+0000: 150.278: [GC (Allocation Failure) 2019-09-28T18:56:15.968+0000: 150.278: [DefNew: 411235K->1607K(460800K), 0.0040454 secs] 466326K->56698K(1484800K), 0.0041274 secs] [Times: user=0.01 sys=0.00, real=0.01 secs] 
2019-09-28T18:56:23.786+0000: 158.096: [GC (Allocation Failure) 2019-09-28T18:56:23.786+0000: 158.096: [DefNew: 411207K->1428K(460800K), 0.0044912 secs] 466298K->56699K(1484800K), 0.0045685 secs] [Times: user=0.00 sys=0.00, real=0.01 secs] 
2019-09-28T18:56:31.188+0000: 165.498: [GC (Allocation Failure) 2019-09-28T18:56:31.188+0000: 165.498: [DefNew: 411028K->1357K(460800K), 0.0042640 secs] 466299K->56732K(1484800K), 0.0043431 secs] [Times: user=0.00 sys=0.00, real=0.01 secs] 
2019-09-28T18:56:38.456+0000: 172.766: [GC (Allocation Failure) 2019-09-28T18:56:38.456+0000: 172.766: [DefNew: 410957K->1238K(460800K), 0.0039813 secs] 466332K->56713K(1484800K), 0.0040683 secs] [Times: user=0.01 sys=0.00, real=0.01 secs] 
2019-09-28T18:56:46.329+0000: 180.639: [GC (Allocation Failure) 2019-09-28T18:56:46.329+0000: 180.639: [DefNew: 410838K->257K(460800K), 0.0046722 secs] 466313K->56726K(1484800K), 0.0047587 secs] [Times: user=0.00 sys=0.00, real=0.01 secs] 
2019-09-28T18:56:53.519+0000: 187.829: [GC (Allocation Failure) 2019-09-28T18:56:53.519+0000: 187.829: [DefNew: 409857K->312K(460800K), 0.0027715 secs] 466326K->56781K(1484800K), 0.0028731 secs] [Times: user=0.00 sys=0.00, real=0.00 secs] 
2019-09-28T18:57:00.764+0000: 195.075: [GC (Allocation Failure) 2019-09-28T18:57:00.764+0000: 195.075: [DefNew: 409912K->322K(460800K), 0.0025834 secs] 466381K->56791K(1484800K), 0.0026628 secs] [Times: user=0.00 sys=0.00, real=0.00 secs] 
2019-09-28T18:57:08.607+0000: 202.918: [GC (Allocation Failure) 2019-09-28T18:57:08.607+0000: 202.918: [DefNew: 409922K->339K(460800K), 0.0027741 secs] 466391K->56808K(1484800K), 0.0028604 secs] [Times: user=0.01 sys=0.00, real=0.01 secs] 
2019-09-28T18:57:15.846+0000: 210.156: [GC (Allocation Failure) 2019-09-28T18:57:15.846+0000: 210.156: [DefNew: 409939K->332K(460800K), 0.0027314 secs] 466408K->56801K(1484800K), 0.0028134 secs] [Times: user=0.00 sys=0.00, real=0.00 secs] 
2019-09-28T18:57:23.130+0000: 217.441: [GC (Allocation Failure) 2019-09-28T18:57:23.130+0000: 217.441: [DefNew: 409932K->367K(460800K), 0.0028552 secs] 466401K->56837K(1484800K), 0.0029449 secs] [Times: user=0.00 sys=0.00, real=0.00 secs] 
2019-09-28T18:57:30.977+0000: 225.287: [GC (Allocation Failure) 2019-09-28T18:57:30.977+0000: 225.287: [DefNew: 409967K->332K(460800K), 0.0027005 secs] 466437K->56801K(1484800K), 0.0027864 secs] [Times: user=0.00 sys=0.00, real=0.01 secs] 
2019-09-28T18:57:38.279+0000: 232.590: [GC (Allocation Failure) 2019-09-28T18:57:38.279+0000: 232.590: [DefNew: 409932K->340K(460800K), 0.0026543 secs] 466401K->56810K(1484800K), 0.0027409 secs] [Times: user=0.00 sys=0.00, real=0.00 secs] 
2019-09-28T18:57:45.561+0000: 239.871: [GC (Allocation Failure) 2019-09-28T18:57:45.561+0000: 239.871: [DefNew: 409940K->301K(460800K), 0.0029347 secs] 466410K->56864K(1484800K), 0.0030161 secs] [Times: user=0.00 sys=0.00, real=0.00 secs] 
2019-09-28T18:57:53.369+0000: 247.680: [GC (Allocation Failure) 2019-09-28T18:57:53.370+0000: 247.680: [DefNew: 409901K->281K(460800K), 0.0028359 secs] 466464K->56844K(1484800K), 0.0029156 secs] [Times: user=0.00 sys=0.00, real=0.00 secs] 
2019-09-28T18:58:00.660+0000: 254.970: [GC (Allocation Failure) 2019-09-28T18:58:00.660+0000: 254.970: [DefNew: 409881K->272K(460800K), 0.0027755 secs] 466444K->56835K(1484800K), 0.0028574 secs] [Times: user=0.00 sys=0.01, real=0.00 secs] 
2019-09-28T18:58:07.954+0000: 262.264: [GC (Allocation Failure) 2019-09-28T18:58:07.954+0000: 262.264: [DefNew: 409872K->295K(460800K), 0.0026539 secs] 466435K->56859K(1484800K), 0.0027397 secs] [Times: user=0.00 sys=0.00, real=0.00 secs] 
2019-09-28T18:58:15.779+0000: 270.089: [GC (Allocation Failure) 2019-09-28T18:58:15.779+0000: 270.089: [DefNew: 409895K->274K(460800K), 0.0026933 secs] 466459K->56837K(1484800K), 0.0027720 secs] [Times: user=0.01 sys=0.00, real=0.00 secs] 
2019-09-28T18:58:23.098+0000: 277.409: [GC (Allocation Failure) 2019-09-28T18:58:23.098+0000: 277.409: [DefNew: 409874K->311K(460800K), 0.0027183 secs] 466437K->56874K(1484800K), 0.0027896 secs] [Times: user=0.00 sys=0.00, real=0.00 secs] 
2019-09-28T18:58:30.433+0000: 284.744: [GC (Allocation Failure) 2019-09-28T18:58:30.433+0000: 284.744: [DefNew: 409911K->349K(460800K), 0.0028057 secs] 466474K->56912K(1484800K), 0.0028934 secs] [Times: user=0.01 sys=0.00, real=0.00 secs] 
2019-09-28T18:58:38.286+0000: 292.596: [GC (Allocation Failure) 2019-09-28T18:58:38.286+0000: 292.596: [DefNew: 409949K->297K(460800K), 0.0027971 secs] 466512K->56861K(1484800K), 0.0028943 secs] [Times: user=0.00 sys=0.00, real=0.00 secs] 
2019-09-28T18:58:45.619+0000: 299.929: [GC (Allocation Failure) 2019-09-28T18:58:45.619+0000: 299.929: [DefNew: 409897K->216K(460800K), 0.0028136 secs] 466461K->56863K(1484800K), 0.0029029 secs] [Times: user=0.00 sys=0.00, real=0.00 secs] 
2019-09-28T18:58:52.877+0000: 307.187: [GC (Allocation Failure) 2019-09-28T18:58:52.877+0000: 307.187: [DefNew: 409816K->216K(460800K), 0.0027495 secs] 466463K->56862K(1484800K), 0.0028453 secs] [Times: user=0.00 sys=0.00, real=0.01 secs] 
2019-09-28T18:59:00.698+0000: 315.009: [GC (Allocation Failure) 2019-09-28T18:59:00.698+0000: 315.009: [DefNew: 409816K->294K(460800K), 0.0026719 secs] 466462K->56941K(1484800K), 0.0027553 secs] [Times: user=0.00 sys=0.00, real=0.00 secs] 
2019-09-28T18:59:08.037+0000: 322.348: [GC (Allocation Failure) 2019-09-28T18:59:08.037+0000: 322.348: [DefNew: 409894K->280K(460800K), 0.0027313 secs] 466541K->56927K(1484800K), 0.0028529 secs] [Times: user=0.00 sys=0.00, real=0.01 secs] 
2019-09-28T18:59:15.396+0000: 329.707: [GC (Allocation Failure) 2019-09-28T18:59:15.397+0000: 329.707: [DefNew: 409880K->284K(460800K), 0.0026288 secs] 466527K->56931K(1484800K), 0.0027025 secs] [Times: user=0.00 sys=0.00, real=0.01 secs] 
2019-09-28T18:59:23.210+0000: 337.521: [GC (Allocation Failure) 2019-09-28T18:59:23.210+0000: 337.521: [DefNew: 409884K->248K(460800K), 0.0026643 secs] 466531K->56895K(1484800K), 0.0027548 secs] [Times: user=0.00 sys=0.00, real=0.00 secs] 
2019-09-28T18:59:30.500+0000: 344.810: [GC (Allocation Failure) 2019-09-28T18:59:30.500+0000: 344.810: [DefNew: 409848K->282K(460800K), 0.0027564 secs] 466495K->56929K(1484800K), 0.0028404 secs] [Times: user=0.00 sys=0.00, real=0.00 secs] 
2019-09-28T18:59:38.323+0000: 352.634: [GC (Allocation Failure) 2019-09-28T18:59:38.323+0000: 352.634: [DefNew: 409882K->248K(460800K), 0.0025768 secs] 466529K->56896K(1484800K), 0.0026633 secs] [Times: user=0.01 sys=0.00, real=0.00 secs] 
2019-09-28T18:59:45.648+0000: 359.958: [GC (Allocation Failure) 2019-09-28T18:59:45.648+0000: 359.958: [DefNew: 409848K->199K(460800K), 0.0027354 secs] 466496K->56898K(1484800K), 0.0028207 secs] [Times: user=0.00 sys=0.00, real=0.01 secs] 
2019-09-28T18:59:52.903+0000: 367.213: [GC (Allocation Failure) 2019-09-28T18:59:52.903+0000: 367.213: [DefNew: 409799K->214K(460800K), 0.0027542 secs] 466498K->56913K(1484800K), 0.0028322 secs] [Times: user=0.01 sys=0.00, real=0.00 secs] 
2019-09-28T19:00:00.201+0000: 374.512: [GC (Allocation Failure) 2019-09-28T19:00:00.202+0000: 374.512: [DefNew: 409814K->243K(460800K), 0.0025502 secs] 466513K->56943K(1484800K), 0.0026355 secs] [Times: user=0.01 sys=0.00, real=0.00 secs] 
2019-09-28T19:00:08.018+0000: 382.329: [GC (Allocation Failure) 2019-09-28T19:00:08.018+0000: 382.329: [DefNew: 409843K->213K(460800K), 0.0026268 secs] 466543K->56913K(1484800K), 0.0027233 secs] [Times: user=0.00 sys=0.00, real=0.00 secs] 
2019-09-28T19:00:15.316+0000: 389.627: [GC (Allocation Failure) 2019-09-28T19:00:15.316+0000: 389.627: [DefNew: 409813K->213K(460800K), 0.0025604 secs] 466513K->56913K(1484800K), 0.0026395 secs] [Times: user=0.00 sys=0.00, real=0.01 secs] 
2019-09-28T19:00:23.090+0000: 397.400: [GC (Allocation Failure) 2019-09-28T19:00:23.090+0000: 397.400: [DefNew: 409813K->212K(460800K), 0.0025082 secs] 466513K->56912K(1484800K), 0.0025911 secs] [Times: user=0.01 sys=0.01, real=0.00 secs] 
2019-09-28T19:00:30.417+0000: 404.727: [GC (Allocation Failure) 2019-09-28T19:00:30.417+0000: 404.727: [DefNew: 409812K->239K(460800K), 0.0026636 secs] 466512K->56939K(1484800K), 0.0027458 secs] [Times: user=0.00 sys=0.00, real=0.01 secs] 
2019-09-28T19:00:37.730+0000: 412.041: [GC (Allocation Failure) 2019-09-28T19:00:37.730+0000: 412.041: [DefNew: 409839K->296K(460800K), 0.0027131 secs] 466539K->56996K(1484800K), 0.0028058 secs] [Times: user=0.00 sys=0.00, real=0.00 secs] 
2019-09-28T19:00:45.587+0000: 419.898: [GC (Allocation Failure) 2019-09-28T19:00:45.587+0000: 419.898: [DefNew: 409896K->203K(460800K), 0.0028220 secs] 466596K->56930K(1484800K), 0.0029036 secs] [Times: user=0.00 sys=0.00, real=0.01 secs] 
2019-09-28T19:00:52.845+0000: 427.156: [GC (Allocation Failure) 2019-09-28T19:00:52.845+0000: 427.156: [DefNew: 409803K->200K(460800K), 0.0027999 secs] 466530K->56927K(1484800K), 0.0028849 secs] [Times: user=0.00 sys=0.00, real=0.00 secs] 
2019-09-28T19:01:00.131+0000: 434.442: [GC (Allocation Failure) 2019-09-28T19:01:00.131+0000: 434.442: [DefNew: 409800K->243K(460800K), 0.0027988 secs] 466527K->57003K(1484800K), 0.0028895 secs] [Times: user=0.00 sys=0.00, real=0.00 secs] 
2019-09-28T19:01:07.960+0000: 442.271: [GC (Allocation Failure) 2019-09-28T19:01:07.960+0000: 442.271: [DefNew: 409843K->169K(460800K), 0.0026264 secs] 466603K->56929K(1484800K), 0.0027133 secs] [Times: user=0.00 sys=0.00, real=0.00 secs] 
2019-09-28T19:01:15.277+0000: 449.588: [GC (Allocation Failure) 2019-09-28T19:01:15.277+0000: 449.588: [DefNew: 409769K->207K(460800K), 0.0025562 secs] 466529K->56967K(1484800K), 0.0026351 secs] [Times: user=0.00 sys=0.00, real=0.00 secs] 
2019-09-28T19:01:22.591+0000: 456.901: [GC (Allocation Failure) 2019-09-28T19:01:22.591+0000: 456.901: [DefNew: 409807K->238K(460800K), 0.0026868 secs] 466567K->56998K(1484800K), 0.0027691 secs] [Times: user=0.00 sys=0.00, real=0.00 secs] 
2019-09-28T19:01:30.365+0000: 464.676: [GC (Allocation Failure) 2019-09-28T19:01:30.365+0000: 464.676: [DefNew: 409838K->169K(460800K), 0.0024484 secs] 466598K->56929K(1484800K), 0.0025269 secs] [Times: user=0.00 sys=0.00, real=0.00 secs] 
19:01:31.912 [worker-akka.actor.default-dispatcher-10] INFO  a.r.a.Association(akka://worker) akka.remote.artery.Association(akka://worker) - Stopping idle outbound stream [2] to [akka://worker@flamestream-benchmarks-worker-0:5412]
2019-09-28T19:01:37.662+0000: 471.972: [GC (Allocation Failure) 2019-09-28T19:01:37.662+0000: 471.972: [DefNew: 409769K->310K(460800K), 0.0032058 secs] 466529K->57071K(1484800K), 0.0033281 secs] [Times: user=0.00 sys=0.00, real=0.00 secs] 
2019-09-28T19:01:44.962+0000: 479.273: [GC (Allocation Failure) 2019-09-28T19:01:44.962+0000: 479.273: [DefNew: 409910K->224K(460800K), 0.0028394 secs] 466671K->57000K(1484800K), 0.0029142 secs] [Times: user=0.00 sys=0.00, real=0.00 secs] 
2019-09-28T19:01:52.407+0000: 486.718: [GC (Allocation Failure) 2019-09-28T19:01:52.407+0000: 486.718: [DefNew: 409824K->221K(460800K), 0.0028149 secs] 466600K->56997K(1484800K), 0.0028943 secs] [Times: user=0.00 sys=0.00, real=0.01 secs] 
2019-09-28T19:02:00.077+0000: 494.388: [GC (Allocation Failure) 2019-09-28T19:02:00.077+0000: 494.388: [DefNew: 409821K->221K(460800K), 0.0027098 secs] 466597K->56997K(1484800K), 0.0027914 secs] [Times: user=0.01 sys=0.00, real=0.00 secs] 
2019-09-28T19:02:07.426+0000: 501.737: [GC (Allocation Failure) 2019-09-28T19:02:07.427+0000: 501.737: [DefNew: 409821K->221K(460800K), 0.0029176 secs] 466597K->56997K(1484800K), 0.0030213 secs] [Times: user=0.00 sys=0.00, real=0.01 secs] 
2019-09-28T19:02:15.258+0000: 509.569: [GC (Allocation Failure) 2019-09-28T19:02:15.258+0000: 509.569: [DefNew: 409821K->267K(460800K), 0.0028222 secs] 466597K->57043K(1484800K), 0.0028958 secs] [Times: user=0.00 sys=0.00, real=0.00 secs] 
2019-09-28T19:02:22.587+0000: 516.897: [GC (Allocation Failure) 2019-09-28T19:02:22.587+0000: 516.897: [DefNew: 409867K->224K(460800K), 0.0028588 secs] 466643K->57000K(1484800K), 0.0029357 secs] [Times: user=0.01 sys=0.00, real=0.01 secs] 
2019-09-28T19:02:29.905+0000: 524.215: [GC (Allocation Failure) 2019-09-28T19:02:29.905+0000: 524.215: [DefNew: 409824K->223K(460800K), 0.0029309 secs] 466600K->57000K(1484800K), 0.0030067 secs] [Times: user=0.00 sys=0.00, real=0.00 secs] 
2019-09-28T19:02:37.695+0000: 532.006: [GC (Allocation Failure) 2019-09-28T19:02:37.695+0000: 532.006: [DefNew: 409823K->227K(460800K), 0.0028414 secs] 466600K->57003K(1484800K), 0.0029237 secs] [Times: user=0.00 sys=0.00, real=0.01 secs] 
2019-09-28T19:02:44.980+0000: 539.290: [GC (Allocation Failure) 2019-09-28T19:02:44.980+0000: 539.290: [DefNew: 409827K->205K(460800K), 0.0029999 secs] 466603K->56998K(1484800K), 0.0030858 secs] [Times: user=0.00 sys=0.00, real=0.00 secs] 
2019-09-28T19:02:52.391+0000: 546.701: [GC (Allocation Failure) 2019-09-28T19:02:52.391+0000: 546.701: [DefNew: 409805K->242K(460800K), 0.0029690 secs] 466598K->57035K(1484800K), 0.0030564 secs] [Times: user=0.00 sys=0.00, real=0.00 secs] 
2019-09-28T19:03:00.203+0000: 554.514: [GC (Allocation Failure) 2019-09-28T19:03:00.203+0000: 554.514: [DefNew: 409842K->215K(460800K), 0.0028125 secs] 466635K->57008K(1484800K), 0.0029060 secs] [Times: user=0.01 sys=0.00, real=0.00 secs] 
2019-09-28T19:03:07.518+0000: 561.828: [GC (Allocation Failure) 2019-09-28T19:03:07.518+0000: 561.829: [DefNew: 409815K->275K(460800K), 0.0028936 secs] 466608K->57068K(1484800K), 0.0029756 secs] [Times: user=0.00 sys=0.01, real=0.00 secs] 
2019-09-28T19:03:14.808+0000: 569.118: [GC (Allocation Failure) 2019-09-28T19:03:14.808+0000: 569.118: [DefNew: 409875K->219K(460800K), 0.0027820 secs] 466668K->57013K(1484800K), 0.0028557 secs] [Times: user=0.00 sys=0.00, real=0.01 secs] 
2019-09-28T19:03:22.650+0000: 576.960: [GC (Allocation Failure) 2019-09-28T19:03:22.650+0000: 576.960: [DefNew: 409819K->220K(460800K), 0.0027663 secs] 466613K->57013K(1484800K), 0.0028491 secs] [Times: user=0.00 sys=0.00, real=0.00 secs] 
2019-09-28T19:03:29.887+0000: 584.197: [GC (Allocation Failure) 2019-09-28T19:03:29.887+0000: 584.197: [DefNew: 409820K->161K(460800K), 0.0028317 secs] 466613K->57012K(1484800K), 0.0029210 secs] [Times: user=0.00 sys=0.00, real=0.01 secs] 
2019-09-28T19:03:37.331+0000: 591.642: [GC (Allocation Failure) 2019-09-28T19:03:37.331+0000: 591.642: [DefNew: 409761K->161K(460800K), 0.0024222 secs] 466612K->57013K(1484800K), 0.0025047 secs] [Times: user=0.01 sys=0.00, real=0.00 secs] 
2019-09-28T19:03:45.001+0000: 599.311: [GC (Allocation Failure) 2019-09-28T19:03:45.001+0000: 599.311: [DefNew: 409761K->152K(460800K), 0.0026152 secs] 466613K->57013K(1484800K), 0.0026893 secs] [Times: user=0.00 sys=0.00, real=0.00 secs] 
2019-09-28T19:03:52.411+0000: 606.721: [GC (Allocation Failure) 2019-09-28T19:03:52.411+0000: 606.721: [DefNew: 409752K->160K(460800K), 0.0024972 secs] 466613K->57022K(1484800K), 0.0026063 secs] [Times: user=0.00 sys=0.00, real=0.00 secs] 
2019-09-28T19:04:00.210+0000: 614.521: [GC (Allocation Failure) 2019-09-28T19:04:00.210+0000: 614.521: [DefNew: 409760K->161K(460800K), 0.0025116 secs] 466622K->57023K(1484800K), 0.0025961 secs] [Times: user=0.00 sys=0.00, real=0.00 secs] 
2019-09-28T19:04:07.494+0000: 621.805: [GC (Allocation Failure) 2019-09-28T19:04:07.495+0000: 621.805: [DefNew: 409761K->205K(460800K), 0.0027386 secs] 466623K->57066K(1484800K), 0.0028206 secs] [Times: user=0.00 sys=0.00, real=0.01 secs] 
2019-09-28T19:04:14.848+0000: 629.158: [GC (Allocation Failure) 2019-09-28T19:04:14.848+0000: 629.158: [DefNew: 409805K->161K(460800K), 0.0026034 secs] 466666K->57024K(1484800K), 0.0026970 secs] [Times: user=0.00 sys=0.00, real=0.01 secs] 
2019-09-28T19:04:22.660+0000: 636.970: [GC (Allocation Failure) 2019-09-28T19:04:22.660+0000: 636.970: [DefNew: 409761K->199K(460800K), 0.0025998 secs] 466624K->57062K(1484800K), 0.0026803 secs] [Times: user=0.00 sys=0.00, real=0.00 secs] 
2019-09-28T19:04:29.986+0000: 644.296: [GC (Allocation Failure) 2019-09-28T19:04:29.986+0000: 644.296: [DefNew: 409799K->209K(460800K), 0.0026114 secs] 466662K->57071K(1484800K), 0.0026919 secs] [Times: user=0.00 sys=0.00, real=0.00 secs] 
2019-09-28T19:04:37.287+0000: 651.597: [GC (Allocation Failure) 2019-09-28T19:04:37.287+0000: 651.598: [DefNew: 409809K->188K(460800K), 0.0025643 secs] 466671K->57050K(1484800K), 0.0026501 secs] [Times: user=0.00 sys=0.00, real=0.01 secs] 
2019-09-28T19:04:45.097+0000: 659.408: [GC (Allocation Failure) 2019-09-28T19:04:45.097+0000: 659.408: [DefNew: 409788K->188K(460800K), 0.0026112 secs] 466650K->57061K(1484800K), 0.0026964 secs] [Times: user=0.00 sys=0.00, real=0.00 secs] 
2019-09-28T19:04:52.382+0000: 666.693: [GC (Allocation Failure) 2019-09-28T19:04:52.382+0000: 666.693: [DefNew: 409788K->235K(460800K), 0.0027626 secs] 466661K->57107K(1484800K), 0.0028480 secs] [Times: user=0.00 sys=0.00, real=0.00 secs] 
2019-09-28T19:05:00.412+0000: 674.723: [GC (Allocation Failure) 2019-09-28T19:05:00.412+0000: 674.723: [DefNew: 409835K->163K(460800K), 0.0025702 secs] 466707K->57036K(1484800K), 0.0026585 secs] [Times: user=0.00 sys=0.00, real=0.00 secs] 
2019-09-28T19:05:07.727+0000: 682.038: [GC (Allocation Failure) 2019-09-28T19:05:07.727+0000: 682.038: [DefNew: 409763K->200K(460800K), 0.0026625 secs] 466636K->57078K(1484800K), 0.0027445 secs] [Times: user=0.00 sys=0.00, real=0.01 secs] 
2019-09-28T19:05:15.070+0000: 689.380: [GC (Allocation Failure) 2019-09-28T19:05:15.070+0000: 689.380: [DefNew: 409800K->158K(460800K), 0.0025302 secs] 466678K->57036K(1484800K), 0.0026138 secs] [Times: user=0.00 sys=0.00, real=0.00 secs] 
2019-09-28T19:05:22.824+0000: 697.134: [GC (Allocation Failure) 2019-09-28T19:05:22.824+0000: 697.134: [DefNew: 409758K->159K(460800K), 0.0027145 secs] 466636K->57037K(1484800K), 0.0028051 secs] [Times: user=0.01 sys=0.00, real=0.00 secs] 
2019-09-28T19:05:30.165+0000: 704.476: [GC (Allocation Failure) 2019-09-28T19:05:30.165+0000: 704.476: [DefNew: 409759K->158K(460800K), 0.0025860 secs] 466637K->57036K(1484800K), 0.0026723 secs] [Times: user=0.01 sys=0.00, real=0.00 secs] 
2019-09-28T19:05:37.372+0000: 711.682: [GC (Allocation Failure) 2019-09-28T19:05:37.372+0000: 711.682: [DefNew: 409758K->236K(460800K), 0.0026363 secs] 466636K->57113K(1484800K), 0.0027323 secs] [Times: user=0.00 sys=0.00, real=0.00 secs] 
2019-09-28T19:05:45.306+0000: 719.617: [GC (Allocation Failure) 2019-09-28T19:05:45.306+0000: 719.617: [DefNew: 409836K->150K(460800K), 0.0025119 secs] 466713K->57037K(1484800K), 0.0025928 secs] [Times: user=0.01 sys=0.00, real=0.00 secs] 
2019-09-28T19:05:52.588+0000: 726.899: [GC (Allocation Failure) 2019-09-28T19:05:52.588+0000: 726.899: [DefNew: 409750K->159K(460800K), 0.0026237 secs] 466637K->57046K(1484800K), 0.0027156 secs] [Times: user=0.01 sys=0.00, real=0.01 secs] 
2019-09-28T19:05:59.859+0000: 734.169: [GC (Allocation Failure) 2019-09-28T19:05:59.859+0000: 734.169: [DefNew: 409759K->202K(460800K), 0.0025980 secs] 466646K->57089K(1484800K), 0.0026770 secs] [Times: user=0.00 sys=0.00, real=0.00 secs] 
2019-09-28T19:06:07.676+0000: 741.986: [GC (Allocation Failure) 2019-09-28T19:06:07.676+0000: 741.986: [DefNew: 409802K->160K(460800K), 0.0025343 secs] 466689K->57047K(1484800K), 0.0026142 secs] [Times: user=0.00 sys=0.00, real=0.01 secs] 
2019-09-28T19:06:14.977+0000: 749.288: [GC (Allocation Failure) 2019-09-28T19:06:14.977+0000: 749.288: [DefNew: 409760K->158K(460800K), 0.0025295 secs] 466647K->57045K(1484800K), 0.0026080 secs] [Times: user=0.00 sys=0.00, real=0.00 secs] 
2019-09-28T19:06:22.347+0000: 756.658: [GC (Allocation Failure) 2019-09-28T19:06:22.348+0000: 756.658: [DefNew: 409758K->204K(460800K), 0.0026800 secs] 466645K->57091K(1484800K), 0.0027609 secs] [Times: user=0.00 sys=0.00, real=0.01 secs] 
2019-09-28T19:06:30.189+0000: 764.500: [GC (Allocation Failure) 2019-09-28T19:06:30.190+0000: 764.500: [DefNew: 409804K->158K(460800K), 0.0024538 secs] 466691K->57045K(1484800K), 0.0025360 secs] [Times: user=0.00 sys=0.00, real=0.00 secs] 
2019-09-28T19:06:37.490+0000: 771.800: [GC (Allocation Failure) 2019-09-28T19:06:37.490+0000: 771.800: [DefNew: 409758K->159K(460800K), 0.0025237 secs] 466645K->57046K(1484800K), 0.0026051 secs] [Times: user=0.00 sys=0.00, real=0.00 secs] 
2019-09-28T19:06:44.797+0000: 779.107: [GC (Allocation Failure) 2019-09-28T19:06:44.797+0000: 779.107: [DefNew: 409759K->145K(460800K), 0.0025773 secs] 466646K->57046K(1484800K), 0.0026574 secs] [Times: user=0.00 sys=0.00, real=0.01 secs] 
2019-09-28T19:06:52.576+0000: 786.886: [GC (Allocation Failure) 2019-09-28T19:06:52.576+0000: 786.886: [DefNew: 409745K->154K(460800K), 0.0027797 secs] 466646K->57055K(1484800K), 0.0028634 secs] [Times: user=0.01 sys=0.00, real=0.01 secs] 
2019-09-28T19:06:59.862+0000: 794.172: [GC (Allocation Failure) 2019-09-28T19:06:59.862+0000: 794.172: [DefNew: 409754K->154K(460800K), 0.0025111 secs] 466655K->57055K(1484800K), 0.0026040 secs] [Times: user=0.00 sys=0.00, real=0.00 secs] 
2019-09-28T19:07:07.169+0000: 801.479: [GC (Allocation Failure) 2019-09-28T19:07:07.169+0000: 801.479: [DefNew: 409754K->155K(460800K), 0.0025522 secs] 466655K->57056K(1484800K), 0.0026322 secs] [Times: user=0.00 sys=0.00, real=0.01 secs] 
2019-09-28T19:07:15.029+0000: 809.339: [GC (Allocation Failure) 2019-09-28T19:07:15.029+0000: 809.339: [DefNew: 409755K->154K(460800K), 0.0024565 secs] 466656K->57055K(1484800K), 0.0025409 secs] [Times: user=0.00 sys=0.00, real=0.01 secs] 
2019-09-28T19:07:22.354+0000: 816.664: [GC (Allocation Failure) 2019-09-28T19:07:22.354+0000: 816.664: [DefNew: 409754K->158K(460800K), 0.0025754 secs] 466655K->57058K(1484800K), 0.0026438 secs] [Times: user=0.01 sys=0.00, real=0.00 secs] 
2019-09-28T19:07:30.175+0000: 824.485: [GC (Allocation Failure) 2019-09-28T19:07:30.175+0000: 824.485: [DefNew: 409758K->157K(460800K), 0.0025343 secs] 466658K->57058K(1484800K), 0.0026201 secs] [Times: user=0.01 sys=0.00, real=0.01 secs] 
2019-09-28T19:07:37.474+0000: 831.784: [GC (Allocation Failure) 2019-09-28T19:07:37.474+0000: 831.784: [DefNew: 409757K->154K(460800K), 0.0024122 secs] 466658K->57055K(1484800K), 0.0025033 secs] [Times: user=0.00 sys=0.00, real=0.00 secs] 
2019-09-28T19:07:44.775+0000: 839.086: [GC (Allocation Failure) 2019-09-28T19:07:44.775+0000: 839.086: [DefNew: 409754K->145K(460800K), 0.0024821 secs] 466655K->57055K(1484800K), 0.0025692 secs] [Times: user=0.00 sys=0.00, real=0.01 secs] 
2019-09-28T19:07:52.158+0000: 846.469: [GC (Allocation Failure) 2019-09-28T19:07:52.159+0000: 846.469: [DefNew: 409745K->154K(460800K), 0.0026113 secs] 466655K->57064K(1484800K), 0.0026858 secs] [Times: user=0.00 sys=0.00, real=0.00 secs] 
2019-09-28T19:07:59.796+0000: 854.106: [GC (Allocation Failure) 2019-09-28T19:07:59.796+0000: 854.106: [DefNew: 409754K->171K(460800K), 0.0026606 secs] 466664K->57081K(1484800K), 0.0027418 secs] [Times: user=0.01 sys=0.00, real=0.01 secs] 
2019-09-28T19:08:07.039+0000: 861.349: [GC (Allocation Failure) 2019-09-28T19:08:07.039+0000: 861.350: [DefNew: 409771K->157K(460800K), 0.0025764 secs] 466681K->57067K(1484800K), 0.0026603 secs] [Times: user=0.00 sys=0.00, real=0.00 secs] 
2019-09-28T19:08:14.945+0000: 869.255: [GC (Allocation Failure) 2019-09-28T19:08:14.945+0000: 869.255: [DefNew: 409757K->154K(460800K), 0.0025459 secs] 466667K->57064K(1484800K), 0.0026252 secs] [Times: user=0.00 sys=0.00, real=0.00 secs] 
2019-09-28T19:08:22.262+0000: 876.573: [GC (Allocation Failure) 2019-09-28T19:08:22.262+0000: 876.573: [DefNew: 409754K->155K(460800K), 0.0025220 secs] 466664K->57065K(1484800K), 0.0026054 secs] [Times: user=0.00 sys=0.00, real=0.00 secs] 
2019-09-28T19:08:29.585+0000: 883.896: [GC (Allocation Failure) 2019-09-28T19:08:29.586+0000: 883.896: [DefNew: 409755K->153K(460800K), 0.0024708 secs] 466665K->57064K(1484800K), 0.0025497 secs] [Times: user=0.00 sys=0.00, real=0.00 secs] 
2019-09-28T19:08:37.424+0000: 891.734: [GC (Allocation Failure) 2019-09-28T19:08:37.424+0000: 891.734: [DefNew: 409753K->155K(460800K), 0.0025996 secs] 466664K->57065K(1484800K), 0.0026827 secs] [Times: user=0.00 sys=0.00, real=0.00 secs] 
2019-09-28T19:08:44.746+0000: 899.057: [GC (Allocation Failure) 2019-09-28T19:08:44.746+0000: 899.057: [DefNew: 409755K->145K(460800K), 0.0025995 secs] 466665K->57064K(1484800K), 0.0026827 secs] [Times: user=0.00 sys=0.00, real=0.00 secs] 
2019-09-28T19:08:52.031+0000: 906.342: [GC (Allocation Failure) 2019-09-28T19:08:52.031+0000: 906.342: [DefNew: 409745K->177K(460800K), 0.0031609 secs] 466664K->57097K(1484800K), 0.0032498 secs] [Times: user=0.00 sys=0.00, real=0.00 secs] 
2019-09-28T19:08:59.791+0000: 914.101: [GC (Allocation Failure) 2019-09-28T19:08:59.791+0000: 914.101: [DefNew: 409777K->155K(460800K), 0.0025595 secs] 466697K->57074K(1484800K), 0.0026538 secs] [Times: user=0.00 sys=0.00, real=0.00 secs] 
2019-09-28T19:09:07.085+0000: 921.396: [GC (Allocation Failure) 2019-09-28T19:09:07.085+0000: 921.396: [DefNew: 409755K->155K(460800K), 0.0025331 secs] 466674K->57074K(1484800K), 0.0026163 secs] [Times: user=0.00 sys=0.00, real=0.00 secs] 
2019-09-28T19:09:14.387+0000: 928.698: [GC (Allocation Failure) 2019-09-28T19:09:14.387+0000: 928.698: [DefNew: 409755K->198K(460800K), 0.0026941 secs] 466674K->57117K(1484800K), 0.0027762 secs] [Times: user=0.00 sys=0.00, real=0.01 secs] 
2019-09-28T19:09:22.263+0000: 936.574: [GC (Allocation Failure) 2019-09-28T19:09:22.264+0000: 936.574: [DefNew: 409798K->188K(460800K), 0.0026407 secs] 466717K->57107K(1484800K), 0.0027246 secs] [Times: user=0.00 sys=0.00, real=0.00 secs] 
2019-09-28T19:09:29.571+0000: 943.882: [GC (Allocation Failure) 2019-09-28T19:09:29.571+0000: 943.882: [DefNew: 409788K->154K(460800K), 0.0024140 secs] 466707K->57073K(1484800K), 0.0024889 secs] [Times: user=0.01 sys=0.00, real=0.00 secs] 
2019-09-28T19:09:36.877+0000: 951.188: [GC (Allocation Failure) 2019-09-28T19:09:36.877+0000: 951.188: [DefNew: 409754K->154K(460800K), 0.0024330 secs] 466673K->57074K(1484800K), 0.0025333 secs] [Times: user=0.00 sys=0.00, real=0.00 secs] 
2019-09-28T19:09:44.673+0000: 958.984: [GC (Allocation Failure) 2019-09-28T19:09:44.673+0000: 958.984: [DefNew: 409754K->147K(460800K), 0.0025796 secs] 466674K->57076K(1484800K), 0.0026672 secs] [Times: user=0.00 sys=0.00, real=0.00 secs] 
2019-09-28T19:09:51.921+0000: 966.232: [GC (Allocation Failure) 2019-09-28T19:09:51.921+0000: 966.232: [DefNew: 409747K->156K(460800K), 0.0025167 secs] 466676K->57084K(1484800K), 0.0025901 secs] [Times: user=0.01 sys=0.00, real=0.00 secs] 
2019-09-28T19:09:59.186+0000: 973.497: [GC (Allocation Failure) 2019-09-28T19:09:59.187+0000: 973.497: [DefNew: 409756K->232K(460800K), 0.0025636 secs] 466684K->57161K(1484800K), 0.0026344 secs] [Times: user=0.00 sys=0.00, real=0.00 secs] 
2019-09-28T19:10:07.093+0000: 981.404: [GC (Allocation Failure) 2019-09-28T19:10:07.093+0000: 981.404: [DefNew: 409832K->156K(460800K), 0.0024901 secs] 466761K->57085K(1484800K), 0.0025739 secs] [Times: user=0.00 sys=0.00, real=0.00 secs] 
2019-09-28T19:10:14.413+0000: 988.724: [GC (Allocation Failure) 2019-09-28T19:10:14.413+0000: 988.724: [DefNew: 409756K->156K(460800K), 0.0025348 secs] 466685K->57084K(1484800K), 0.0026450 secs] [Times: user=0.00 sys=0.00, real=0.00 secs] 
2019-09-28T19:10:21.699+0000: 996.009: [GC (Allocation Failure) 2019-09-28T19:10:21.699+0000: 996.009: [DefNew: 409756K->165K(460800K), 0.0025031 secs] 466684K->57094K(1484800K), 0.0025759 secs] [Times: user=0.00 sys=0.00, real=0.00 secs] 
2019-09-28T19:10:29.556+0000: 1003.867: [GC (Allocation Failure) 2019-09-28T19:10:29.556+0000: 1003.867: [DefNew: 409765K->187K(460800K), 0.0025314 secs] 466694K->57116K(1484800K), 0.0026001 secs] [Times: user=0.00 sys=0.00, real=0.01 secs] 
2019-09-28T19:10:36.856+0000: 1011.167: [GC (Allocation Failure) 2019-09-28T19:10:36.856+0000: 1011.167: [DefNew: 409787K->153K(460800K), 0.0025297 secs] 466716K->57082K(1484800K), 0.0026113 secs] [Times: user=0.00 sys=0.00, real=0.01 secs] 
2019-09-28T19:10:44.110+0000: 1018.420: [GC (Allocation Failure) 2019-09-28T19:10:44.110+0000: 1018.420: [DefNew: 409753K->146K(460800K), 0.0025152 secs] 466682K->57084K(1484800K), 0.0025913 secs] [Times: user=0.00 sys=0.00, real=0.00 secs] 
2019-09-28T19:10:52.009+0000: 1026.320: [GC (Allocation Failure) 2019-09-28T19:10:52.009+0000: 1026.320: [DefNew: 409746K->154K(460800K), 0.0026825 secs] 466684K->57092K(1484800K), 0.0027790 secs] [Times: user=0.01 sys=0.00, real=0.00 secs] 
19:10:55.522 [Client] INFO  c.s.f.r.e.s.SocketRear  - FlameSocketGraphDeployerRear@flamestream-benchmarks-worker-1: has been disconnected from Connection 2
19:10:55.525 [Client] INFO  c.s.f.r.e.s.SocketFront  - FlameSocketGraphDeployerFront@flamestream-benchmarks-worker-1 has been disconnected from Connection 2
19:11:13.602 [worker-akka.actor.default-dispatcher-16] INFO  a.a.LocalActorRef akka://worker/user/watcher/processing-watcher/graph/edge/FlameSocketGraphDeployerFront - Stopped
19:11:13.602 [worker-akka.actor.default-dispatcher-16] INFO  a.a.LocalActorRef akka://worker/user/watcher/processing-watcher/graph/edge/FlameSocketGraphDeployerRear - Stopped
19:11:13.602 [worker-akka.actor.default-dispatcher-16] INFO  a.a.LocalActorRef akka://worker/user/watcher/processing-watcher/graph/edge - Stopped
19:11:13.602 [worker-akka.actor.default-dispatcher-16] INFO  a.a.LocalActorRef akka://worker/user/watcher/processing-watcher/graph/negotiator - Stopped
19:11:13.610 [worker-akka.actor.default-dispatcher-22] INFO  a.a.LocalActorRef akka://worker/user/watcher/processing-watcher/graph/graph/$+ - Stopped
19:11:13.611 [worker-akka.actor.default-dispatcher-22] INFO  a.a.LocalActorRef akka://worker/user/watcher/processing-watcher/graph/graph/$0 - Stopped
19:11:13.612 [worker-akka.actor.default-dispatcher-22] INFO  a.a.LocalActorRef akka://worker/user/watcher/processing-watcher/graph/graph/$1 - Stopped
19:11:13.613 [worker-akka.actor.default-dispatcher-22] INFO  a.a.LocalActorRef akka://worker/user/watcher/processing-watcher/graph/graph/$2 - Stopped
19:11:13.617 [worker-akka.actor.default-dispatcher-22] INFO  a.a.LocalActorRef akka://worker/user/watcher/processing-watcher/graph/graph/$3 - Stopped
19:11:13.622 [worker-akka.actor.default-dispatcher-22] INFO  a.a.LocalActorRef akka://worker/user/watcher/processing-watcher/graph/graph/$4 - Stopped
19:11:13.622 [worker-akka.actor.default-dispatcher-22] INFO  a.a.LocalActorRef akka://worker/user/watcher/processing-watcher/graph/graph/$5 - Stopped
19:11:13.623 [worker-akka.actor.default-dispatcher-22] INFO  a.a.LocalActorRef akka://worker/user/watcher/processing-watcher/graph/graph/$6 - Stopped
19:11:13.626 [worker-akka.actor.default-dispatcher-22] INFO  a.a.LocalActorRef akka://worker/user/watcher/processing-watcher/graph/graph/$7 - Stopped
19:11:13.630 [worker-akka.actor.default-dispatcher-22] INFO  a.a.LocalActorRef akka://worker/user/watcher/processing-watcher/graph/graph/$8 - Stopped
19:11:13.630 [worker-akka.actor.default-dispatcher-22] INFO  a.a.LocalActorRef akka://worker/user/watcher/processing-watcher/graph/graph/$9 - Stopped
19:11:13.633 [worker-akka.actor.default-dispatcher-22] INFO  a.a.LocalActorRef akka://worker/user/watcher/processing-watcher/graph/graph/$A - Stopped
19:11:13.634 [worker-akka.actor.default-dispatcher-22] INFO  a.a.LocalActorRef akka://worker/user/watcher/processing-watcher/graph/graph/$Ab - Stopped
19:11:13.635 [worker-akka.actor.default-dispatcher-22] INFO  a.a.LocalActorRef akka://worker/user/watcher/processing-watcher/graph/graph/$B - Stopped
19:11:13.638 [worker-akka.actor.default-dispatcher-22] INFO  a.a.LocalActorRef akka://worker/user/watcher/processing-watcher/graph/graph/$Bb - Stopped
19:11:13.641 [worker-akka.actor.default-dispatcher-22] INFO  a.a.LocalActorRef akka://worker/user/watcher/processing-watcher/graph/graph/$C - Stopped
19:11:13.642 [worker-akka.actor.default-dispatcher-22] INFO  a.a.LocalActorRef akka://worker/user/watcher/processing-watcher/graph/graph/$Cb - Stopped
19:11:13.643 [worker-akka.actor.default-dispatcher-22] INFO  a.a.LocalActorRef akka://worker/user/watcher/processing-watcher/graph/graph/$D - Stopped
19:11:13.644 [worker-akka.actor.default-dispatcher-22] INFO  a.a.LocalActorRef akka://worker/user/watcher/processing-watcher/graph/graph/$Db - Stopped
19:11:13.646 [worker-akka.actor.default-dispatcher-22] INFO  a.a.LocalActorRef akka://worker/user/watcher/processing-watcher/graph/graph/$E - Stopped
19:11:13.646 [worker-akka.actor.default-dispatcher-22] INFO  a.a.LocalActorRef akka://worker/user/watcher/processing-watcher/graph/graph/$Eb - Stopped
19:11:13.646 [worker-akka.actor.default-dispatcher-22] INFO  a.a.LocalActorRef akka://worker/user/watcher/processing-watcher/graph/graph/$F - Stopped
19:11:13.648 [worker-akka.actor.default-dispatcher-22] INFO  a.a.LocalActorRef akka://worker/user/watcher/processing-watcher/graph/graph/$Fb - Stopped
19:11:13.648 [worker-akka.actor.default-dispatcher-22] INFO  a.a.LocalActorRef akka://worker/user/watcher/processing-watcher/graph/graph/$G - Stopped
19:11:13.650 [worker-akka.actor.default-dispatcher-22] INFO  a.a.LocalActorRef akka://worker/user/watcher/processing-watcher/graph/graph/$Gb - Stopped
19:11:13.651 [worker-akka.actor.default-dispatcher-22] INFO  a.a.LocalActorRef akka://worker/user/watcher/processing-watcher/graph/graph/$H - Stopped
19:11:13.651 [worker-akka.actor.default-dispatcher-22] INFO  a.a.LocalActorRef akka://worker/user/watcher/processing-watcher/graph/graph/$Hb - Stopped
19:11:13.652 [worker-akka.actor.default-dispatcher-22] INFO  a.a.LocalActorRef akka://worker/user/watcher/processing-watcher/graph/graph/$I - Stopped
19:11:13.653 [worker-akka.actor.default-dispatcher-22] INFO  a.a.LocalActorRef akka://worker/user/watcher/processing-watcher/graph/graph/$Ib - Stopped
19:11:13.655 [worker-akka.actor.default-dispatcher-22] INFO  a.a.LocalActorRef akka://worker/user/watcher/processing-watcher/graph/graph/$J - Stopped
19:11:13.655 [worker-akka.actor.default-dispatcher-22] INFO  a.a.LocalActorRef akka://worker/user/watcher/processing-watcher/graph/graph/$Jb - Stopped
19:11:13.655 [worker-akka.actor.default-dispatcher-22] INFO  a.a.LocalActorRef akka://worker/user/watcher/processing-watcher/graph/graph/$K - Stopped
19:11:13.655 [worker-akka.actor.default-dispatcher-22] INFO  a.a.LocalActorRef akka://worker/user/watcher/processing-watcher/graph/graph/$Kb - Stopped
19:11:13.656 [worker-akka.actor.default-dispatcher-22] INFO  a.a.LocalActorRef akka://worker/user/watcher/processing-watcher/graph/graph/$L - Stopped
19:11:13.658 [worker-akka.actor.default-dispatcher-22] INFO  a.a.LocalActorRef akka://worker/user/watcher/processing-watcher/graph/graph/$Lb - Stopped
19:11:13.659 [worker-akka.actor.default-dispatcher-22] INFO  a.a.LocalActorRef akka://worker/user/watcher/processing-watcher/graph/graph/$M - Stopped
19:11:13.659 [worker-akka.actor.default-dispatcher-22] INFO  a.a.LocalActorRef akka://worker/user/watcher/processing-watcher/graph/graph/$Mb - Stopped
19:11:13.660 [worker-akka.actor.default-dispatcher-22] INFO  a.a.LocalActorRef akka://worker/user/watcher/processing-watcher/graph/graph/$N - Stopped
19:11:13.660 [worker-akka.actor.default-dispatcher-22] INFO  a.a.LocalActorRef akka://worker/user/watcher/processing-watcher/graph/graph/$Nb - Stopped
19:11:13.661 [worker-akka.actor.default-dispatcher-22] INFO  a.a.LocalActorRef akka://worker/user/watcher/processing-watcher/graph/graph/$O - Stopped
19:11:13.662 [worker-akka.actor.default-dispatcher-22] INFO  a.a.LocalActorRef akka://worker/user/watcher/processing-watcher/graph/graph/$P - Stopped
19:11:13.664 [worker-akka.actor.default-dispatcher-22] INFO  a.a.LocalActorRef akka://worker/user/watcher/processing-watcher/graph/graph/$Q - Stopped
19:11:13.665 [worker-akka.actor.default-dispatcher-22] INFO  a.a.LocalActorRef akka://worker/user/watcher/processing-watcher/graph/graph/$R - Stopped
19:11:13.665 [worker-akka.actor.default-dispatcher-22] INFO  a.a.LocalActorRef akka://worker/user/watcher/processing-watcher/graph/graph/$S - Stopped
19:11:13.667 [worker-akka.actor.default-dispatcher-22] INFO  a.a.LocalActorRef akka://worker/user/watcher/processing-watcher/graph/graph/$T - Stopped
19:11:13.667 [worker-akka.actor.default-dispatcher-22] INFO  a.a.LocalActorRef akka://worker/user/watcher/processing-watcher/graph/graph/$U - Stopped
19:11:13.668 [worker-akka.actor.default-dispatcher-22] INFO  a.a.LocalActorRef akka://worker/user/watcher/processing-watcher/graph/graph/$V - Stopped
19:11:13.669 [worker-akka.actor.default-dispatcher-22] INFO  a.a.LocalActorRef akka://worker/user/watcher/processing-watcher/graph/graph/$W - Stopped
19:11:13.669 [worker-akka.actor.default-dispatcher-22] INFO  a.a.LocalActorRef akka://worker/user/watcher/processing-watcher/graph/graph/$X - Stopped
19:11:13.670 [worker-akka.actor.default-dispatcher-22] INFO  a.a.LocalActorRef akka://worker/user/watcher/processing-watcher/graph/graph/$Y - Stopped
19:11:13.671 [worker-akka.actor.default-dispatcher-22] INFO  a.a.LocalActorRef akka://worker/user/watcher/processing-watcher/graph/graph/$Z - Stopped
19:11:13.671 [worker-akka.actor.default-dispatcher-22] INFO  a.a.LocalActorRef akka://worker/user/watcher/processing-watcher/graph/graph/$a - Stopped
19:11:13.672 [worker-akka.actor.default-dispatcher-22] INFO  a.a.LocalActorRef akka://worker/user/watcher/processing-watcher/graph/graph/$ab - Stopped
19:11:13.673 [worker-akka.actor.default-dispatcher-22] INFO  a.a.LocalActorRef akka://worker/user/watcher/processing-watcher/graph/graph/$b - Stopped
19:11:13.673 [worker-akka.actor.default-dispatcher-22] INFO  a.a.LocalActorRef akka://worker/user/watcher/processing-watcher/graph/graph/$bb - Stopped
19:11:13.674 [worker-akka.actor.default-dispatcher-22] INFO  a.a.LocalActorRef akka://worker/user/watcher/processing-watcher/graph/graph/$c - Stopped
19:11:13.675 [worker-akka.actor.default-dispatcher-22] INFO  a.a.LocalActorRef akka://worker/user/watcher/processing-watcher/graph/graph/$cb - Stopped
19:11:13.676 [worker-akka.actor.default-dispatcher-22] INFO  a.a.LocalActorRef akka://worker/user/watcher/processing-watcher/graph/graph/$d - Stopped
19:11:13.677 [worker-akka.actor.default-dispatcher-22] INFO  a.a.LocalActorRef akka://worker/user/watcher/processing-watcher/graph/graph/$db - Stopped
19:11:13.677 [worker-akka.actor.default-dispatcher-22] INFO  a.a.LocalActorRef akka://worker/user/watcher/processing-watcher/graph/graph/$e - Stopped
19:11:13.679 [worker-akka.actor.default-dispatcher-22] INFO  a.a.LocalActorRef akka://worker/user/watcher/processing-watcher/graph/graph/$eb - Stopped
19:11:13.679 [worker-akka.actor.default-dispatcher-22] INFO  a.a.LocalActorRef akka://worker/user/watcher/processing-watcher/graph/graph/$f - Stopped
19:11:13.680 [worker-akka.actor.default-dispatcher-22] INFO  a.a.LocalActorRef akka://worker/user/watcher/processing-watcher/graph/graph/$fb - Stopped
19:11:13.680 [worker-akka.actor.default-dispatcher-22] INFO  a.a.LocalActorRef akka://worker/user/watcher/processing-watcher/graph/graph/$g - Stopped
19:11:13.681 [worker-akka.actor.default-dispatcher-22] INFO  a.a.LocalActorRef akka://worker/user/watcher/processing-watcher/graph/graph/$gb - Stopped
19:11:13.682 [worker-akka.actor.default-dispatcher-22] INFO  a.a.LocalActorRef akka://worker/user/watcher/processing-watcher/graph/graph/$h - Stopped
19:11:13.682 [worker-akka.actor.default-dispatcher-22] INFO  a.a.LocalActorRef akka://worker/user/watcher/processing-watcher/graph/graph/$hb - Stopped
19:11:13.683 [worker-akka.actor.default-dispatcher-22] INFO  a.a.LocalActorRef akka://worker/user/watcher/processing-watcher/graph/graph/$i - Stopped
19:11:13.684 [worker-akka.actor.default-dispatcher-22] INFO  a.a.LocalActorRef akka://worker/user/watcher/processing-watcher/graph/graph/$ib - Stopped
19:11:13.685 [worker-akka.actor.default-dispatcher-22] INFO  a.a.LocalActorRef akka://worker/user/watcher/processing-watcher/graph/graph/$j - Stopped
19:11:13.685 [worker-akka.actor.default-dispatcher-22] INFO  a.a.LocalActorRef akka://worker/user/watcher/processing-watcher/graph/graph/$jb - Stopped
19:11:13.686 [worker-akka.actor.default-dispatcher-22] INFO  a.a.LocalActorRef akka://worker/user/watcher/processing-watcher/graph/graph/$k - Stopped
19:11:13.686 [worker-akka.actor.default-dispatcher-22] INFO  a.a.LocalActorRef akka://worker/user/watcher/processing-watcher/graph/graph/$kb - Stopped
19:11:13.687 [worker-akka.actor.default-dispatcher-22] INFO  a.a.LocalActorRef akka://worker/user/watcher/processing-watcher/graph/graph/$l - Stopped
19:11:13.687 [worker-akka.actor.default-dispatcher-22] INFO  a.a.LocalActorRef akka://worker/user/watcher/processing-watcher/graph/graph/$lb - Stopped
19:11:13.688 [worker-akka.actor.default-dispatcher-22] INFO  a.a.LocalActorRef akka://worker/user/watcher/processing-watcher/graph/graph/$m - Stopped
19:11:13.688 [worker-akka.actor.default-dispatcher-22] INFO  a.a.LocalActorRef akka://worker/user/watcher/processing-watcher/graph/graph/$mb - Stopped
19:11:13.689 [worker-akka.actor.default-dispatcher-22] INFO  a.a.LocalActorRef akka://worker/user/watcher/processing-watcher/graph/graph/$n - Stopped
19:11:13.689 [worker-akka.actor.default-dispatcher-22] INFO  a.a.LocalActorRef akka://worker/user/watcher/processing-watcher/graph/graph/$nb - Stopped
19:11:13.694 [worker-akka.actor.default-dispatcher-22] INFO  a.a.LocalActorRef akka://worker/user/watcher/processing-watcher/graph/graph/$o - Stopped
19:11:13.694 [worker-akka.actor.default-dispatcher-22] INFO  a.a.LocalActorRef akka://worker/user/watcher/processing-watcher/graph/graph/$ob - Stopped
19:11:13.694 [worker-akka.actor.default-dispatcher-22] INFO  a.a.LocalActorRef akka://worker/user/watcher/processing-watcher/graph/graph/$p - Stopped
19:11:13.697 [worker-akka.actor.default-dispatcher-22] INFO  a.a.LocalActorRef akka://worker/user/watcher/processing-watcher/graph/graph/$pb - Stopped
19:11:13.697 [worker-akka.actor.default-dispatcher-22] INFO  a.a.LocalActorRef akka://worker/user/watcher/processing-watcher/graph/graph/$q - Stopped
19:11:13.697 [worker-akka.actor.default-dispatcher-22] INFO  a.a.LocalActorRef akka://worker/user/watcher/processing-watcher/graph/graph/$qb - Stopped
19:11:13.697 [worker-akka.actor.default-dispatcher-22] INFO  a.a.LocalActorRef akka://worker/user/watcher/processing-watcher/graph/graph/$r - Stopped
19:11:13.698 [worker-akka.actor.default-dispatcher-22] INFO  a.a.LocalActorRef akka://worker/user/watcher/processing-watcher/graph/graph/$rb - Stopped
19:11:13.699 [worker-akka.actor.default-dispatcher-22] INFO  a.a.LocalActorRef akka://worker/user/watcher/processing-watcher/graph/graph/$s - Stopped
19:11:13.699 [worker-akka.actor.default-dispatcher-22] INFO  a.a.LocalActorRef akka://worker/user/watcher/processing-watcher/graph/graph/$sb - Stopped
19:11:13.699 [worker-akka.actor.default-dispatcher-22] INFO  a.a.LocalActorRef akka://worker/user/watcher/processing-watcher/graph/graph/$t - Stopped
19:11:13.700 [worker-akka.actor.default-dispatcher-22] INFO  a.a.LocalActorRef akka://worker/user/watcher/processing-watcher/graph/graph/$tb - Stopped
19:11:13.701 [worker-akka.actor.default-dispatcher-22] INFO  a.a.LocalActorRef akka://worker/user/watcher/processing-watcher/graph/graph/$u - Stopped
19:11:13.701 [worker-akka.actor.default-dispatcher-22] INFO  a.a.LocalActorRef akka://worker/user/watcher/processing-watcher/graph/graph/$ub - Stopped
19:11:13.702 [worker-akka.actor.default-dispatcher-22] INFO  a.a.LocalActorRef akka://worker/user/watcher/processing-watcher/graph/graph/$v - Stopped
19:11:13.703 [worker-akka.actor.default-dispatcher-22] INFO  a.a.LocalActorRef akka://worker/user/watcher/processing-watcher/graph/graph/$vb - Stopped
19:11:13.703 [worker-akka.actor.default-dispatcher-22] INFO  a.a.LocalActorRef akka://worker/user/watcher/processing-watcher/graph/graph/$w - Stopped
19:11:13.704 [worker-akka.actor.default-dispatcher-22] INFO  a.a.LocalActorRef akka://worker/user/watcher/processing-watcher/graph/graph/$wb - Stopped
19:11:13.704 [worker-akka.actor.default-dispatcher-22] INFO  a.a.LocalActorRef akka://worker/user/watcher/processing-watcher/graph/graph/$x - Stopped
19:11:13.704 [worker-akka.actor.default-dispatcher-22] INFO  a.a.LocalActorRef akka://worker/user/watcher/processing-watcher/graph/graph/$xb - Stopped
19:11:13.705 [worker-akka.actor.default-dispatcher-22] INFO  a.a.LocalActorRef akka://worker/user/watcher/processing-watcher/graph/graph/$y - Stopped
19:11:13.706 [worker-akka.actor.default-dispatcher-22] INFO  a.a.LocalActorRef akka://worker/user/watcher/processing-watcher/graph/graph/$yb - Stopped
19:11:13.707 [worker-akka.actor.default-dispatcher-22] INFO  a.a.LocalActorRef akka://worker/user/watcher/processing-watcher/graph/graph/$z - Stopped
19:11:13.708 [worker-akka.actor.default-dispatcher-22] INFO  a.a.LocalActorRef akka://worker/user/watcher/processing-watcher/graph/graph/$zb - Stopped
19:11:13.709 [worker-akka.actor.default-dispatcher-22] INFO  a.a.LocalActorRef akka://worker/user/watcher/processing-watcher/graph/graph/$~ - Stopped
19:11:13.733 [worker-akka.actor.default-dispatcher-22] INFO  a.a.LocalActorRef akka://worker/user/watcher/processing-watcher/graph/graph - Stopped
19:11:13.739 [worker-akka.actor.default-dispatcher-22] INFO  a.a.LocalActorRef akka://worker/user/watcher/processing-watcher/graph - Stopped
19:11:13.740 [Curator-Framework-0] INFO  o.a.c.f.i.CuratorFrameworkImpl  - backgroundOperationsLoop exiting
19:11:13.739 [worker-akka.actor.default-dispatcher-22] INFO  a.a.LocalActorRef akka://worker/user/watcher/processing-watcher - Stopped
19:11:13.754 [worker-akka.actor.default-dispatcher-16] INFO  o.a.z.ZooKeeper  - Session: 0x100015787a40001 closed
19:11:13.754 [worker-akka.actor.default-dispatcher-16] INFO  a.a.RepointableActorRef akka://worker/user/watcher - Stopped
19:11:13.757 [worker-akka.actor.default-dispatcher-6-EventThread] INFO  o.a.z.ClientCnxn  - EventThread shut down for session: 0x100015787a40001
19:11:13.759 [Curator-PathChildrenCache-0] ERROR o.a.c.f.r.c.PathChildrenCache  - 
java.lang.IllegalStateException: instance must be started before calling this method
	at org.apache.curator.shaded.com.google.common.base.Preconditions.checkState(Preconditions.java:444)
	at org.apache.curator.framework.imps.CuratorFrameworkImpl.getChildren(CuratorFrameworkImpl.java:456)
	at org.apache.curator.framework.recipes.cache.PathChildrenCache.refresh(PathChildrenCache.java:521)
	at org.apache.curator.framework.recipes.cache.RefreshOperation.invoke(RefreshOperation.java:35)
	at org.apache.curator.framework.recipes.cache.PathChildrenCache$9.run(PathChildrenCache.java:786)
	at java.util.concurrent.Executors$RunnableAdapter.call(Executors.java:511)
	at java.util.concurrent.FutureTask.run(FutureTask.java:266)
	at java.util.concurrent.Executors$RunnableAdapter.call(Executors.java:511)
	at java.util.concurrent.FutureTask.run(FutureTask.java:266)
	at java.util.concurrent.ThreadPoolExecutor.runWorker(ThreadPoolExecutor.java:1149)
	at java.util.concurrent.ThreadPoolExecutor$Worker.run(ThreadPoolExecutor.java:624)
	at java.lang.Thread.run(Thread.java:748)
19:11:13.765 [worker-akka.actor.default-dispatcher-22] INFO  a.r.RemoteActorRefProvider$RemotingTerminator akka://worker@flamestream-benchmarks-worker-1:5412/system/remoting-terminator - Shutting down remote daemon.
19:11:13.765 [worker-akka.actor.default-dispatcher-22] INFO  a.r.RemoteActorRefProvider$RemotingTerminator akka://worker@flamestream-benchmarks-worker-1:5412/system/remoting-terminator - Remote daemon shut down; proceeding with flushing remote transports.
19:11:14.999 [worker-akka.actor.default-dispatcher-22] INFO  a.r.RemoteActorRefProvider$RemotingTerminator akka://worker@flamestream-benchmarks-worker-1:5412/system/remoting-terminator - Remoting shut down.
Heap
 def new generation   total 460800K, used 239290K [0x00000000a2400000, 0x00000000c1800000, 0x00000000c1800000)
  eden space 409600K,  58% used [0x00000000a2400000, 0x00000000b0d87e18, 0x00000000bb400000)
  from space 51200K,   0% used [0x00000000be600000, 0x00000000be626bc0, 0x00000000c1800000)
  to   space 51200K,   0% used [0x00000000bb400000, 0x00000000bb400000, 0x00000000be600000)
 tenured generation   total 1024000K, used 56937K [0x00000000c1800000, 0x0000000100000000, 0x0000000100000000)
   the space 1024000K,   5% used [0x00000000c1800000, 0x00000000c4f9a728, 0x00000000c4f9a800, 0x0000000100000000)
 Metaspace       used 40837K, capacity 43676K, committed 43904K, reserved 1087488K
  class space    used 5354K, capacity 5672K, committed 5760K, reserved 1048576K
