22:37:10,165 |-INFO in ch.qos.logback.classic.LoggerContext[default] - Could NOT find resource [logback-test.xml]
22:37:10,165 |-INFO in ch.qos.logback.classic.LoggerContext[default] - Could NOT find resource [logback.groovy]
22:37:10,165 |-INFO in ch.qos.logback.classic.LoggerContext[default] - Found resource [logback.xml] at [jar:file:/home/nikitasokolov/flamestream/lib/flamestream-runtime-1.0-SNAPSHOT.jar!/logback.xml]
22:37:10,165 |-WARN in ch.qos.logback.classic.LoggerContext[default] - Resource [logback.xml] occurs multiple times on the classpath.
22:37:10,166 |-WARN in ch.qos.logback.classic.LoggerContext[default] - Resource [logback.xml] occurs at [jar:file:/home/nikitasokolov/flamestream/lib/flamestream-runtime-1.0-SNAPSHOT.jar!/logback.xml]
22:37:10,166 |-WARN in ch.qos.logback.classic.LoggerContext[default] - Resource [logback.xml] occurs at [jar:file:/home/nikitasokolov/flamestream/flamestream-runtime-1.0-SNAPSHOT.jar!/logback.xml]
22:37:10,182 |-INFO in ch.qos.logback.core.joran.spi.ConfigurationWatchList@6bf256fa - URL [jar:file:/home/nikitasokolov/flamestream/lib/flamestream-runtime-1.0-SNAPSHOT.jar!/logback.xml] is not of type file
22:37:10,236 |-INFO in ch.qos.logback.classic.joran.action.ConfigurationAction - debug attribute not set
22:37:10,236 |-INFO in ch.qos.logback.core.joran.action.AppenderAction - About to instantiate appender of type [ch.qos.logback.core.ConsoleAppender]
22:37:10,244 |-INFO in ch.qos.logback.core.joran.action.AppenderAction - Naming appender as [STDOUT]
22:37:10,251 |-INFO in ch.qos.logback.core.joran.action.NestedComplexPropertyIA - Assuming default type [ch.qos.logback.classic.encoder.PatternLayoutEncoder] for [encoder] property
22:37:10,310 |-INFO in ch.qos.logback.core.joran.action.AppenderAction - About to instantiate appender of type [ch.qos.logback.core.rolling.RollingFileAppender]
22:37:10,315 |-INFO in ch.qos.logback.core.joran.action.AppenderAction - Naming appender as [FILE]
22:37:10,339 |-INFO in c.q.l.core.rolling.TimeBasedRollingPolicy@114132791 - No compression will be used
22:37:10,341 |-INFO in c.q.l.core.rolling.TimeBasedRollingPolicy@114132791 - Will use the pattern /tmp/application_%d{yyyy-MM-dd}.%i.log for the active file
22:37:10,344 |-INFO in ch.qos.logback.core.rolling.SizeAndTimeBasedFNATP@22f71333 - The date pattern is 'yyyy-MM-dd' from file name pattern '/tmp/application_%d{yyyy-MM-dd}.%i.log'.
22:37:10,344 |-INFO in ch.qos.logback.core.rolling.SizeAndTimeBasedFNATP@22f71333 - Roll-over at midnight.
22:37:10,348 |-INFO in ch.qos.logback.core.rolling.SizeAndTimeBasedFNATP@22f71333 - Setting initial period to Thu Jun 06 22:00:24 MSK 2019
22:37:10,348 |-WARN in ch.qos.logback.core.rolling.SizeAndTimeBasedFNATP@22f71333 - SizeAndTimeBasedFNATP is deprecated. Use SizeAndTimeBasedRollingPolicy instead
22:37:10,348 |-WARN in ch.qos.logback.core.rolling.SizeAndTimeBasedFNATP@22f71333 - For more information see http://logback.qos.ch/manual/appenders.html#SizeAndTimeBasedRollingPolicy
22:37:10,352 |-INFO in ch.qos.logback.core.joran.action.NestedComplexPropertyIA - Assuming default type [ch.qos.logback.classic.encoder.PatternLayoutEncoder] for [encoder] property
22:37:10,355 |-INFO in ch.qos.logback.core.rolling.RollingFileAppender[FILE] - Active log file name: /tmp/application.log
22:37:10,355 |-INFO in ch.qos.logback.core.rolling.RollingFileAppender[FILE] - File property is set to [/tmp/application.log]
22:37:10,356 |-ERROR in ch.qos.logback.core.rolling.RollingFileAppender[FILE] - openFile(/tmp/application.log,true) call failed. java.io.FileNotFoundException: /tmp/application.log (Permission denied)
	at java.io.FileNotFoundException: /tmp/application.log (Permission denied)
	at 	at java.io.FileOutputStream.open0(Native Method)
	at 	at java.io.FileOutputStream.open(FileOutputStream.java:270)
	at 	at java.io.FileOutputStream.<init>(FileOutputStream.java:213)
	at 	at ch.qos.logback.core.recovery.ResilientFileOutputStream.<init>(ResilientFileOutputStream.java:26)
	at 	at ch.qos.logback.core.FileAppender.openFile(FileAppender.java:204)
	at 	at ch.qos.logback.core.FileAppender.start(FileAppender.java:127)
	at 	at ch.qos.logback.core.rolling.RollingFileAppender.start(RollingFileAppender.java:100)
	at 	at ch.qos.logback.core.joran.action.AppenderAction.end(AppenderAction.java:90)
	at 	at ch.qos.logback.core.joran.spi.Interpreter.callEndAction(Interpreter.java:309)
	at 	at ch.qos.logback.core.joran.spi.Interpreter.endElement(Interpreter.java:193)
	at 	at ch.qos.logback.core.joran.spi.Interpreter.endElement(Interpreter.java:179)
	at 	at ch.qos.logback.core.joran.spi.EventPlayer.play(EventPlayer.java:62)
	at 	at ch.qos.logback.core.joran.GenericConfigurator.doConfigure(GenericConfigurator.java:165)
	at 	at ch.qos.logback.core.joran.GenericConfigurator.doConfigure(GenericConfigurator.java:152)
	at 	at ch.qos.logback.core.joran.GenericConfigurator.doConfigure(GenericConfigurator.java:110)
	at 	at ch.qos.logback.core.joran.GenericConfigurator.doConfigure(GenericConfigurator.java:53)
	at 	at ch.qos.logback.classic.util.ContextInitializer.configureByResource(ContextInitializer.java:75)
	at 	at ch.qos.logback.classic.util.ContextInitializer.autoConfig(ContextInitializer.java:150)
	at 	at org.slf4j.impl.StaticLoggerBinder.init(StaticLoggerBinder.java:84)
	at 	at org.slf4j.impl.StaticLoggerBinder.<clinit>(StaticLoggerBinder.java:55)
	at 	at org.slf4j.LoggerFactory.bind(LoggerFactory.java:150)
	at 	at org.slf4j.LoggerFactory.performInitialization(LoggerFactory.java:124)
	at 	at org.slf4j.LoggerFactory.getILoggerFactory(LoggerFactory.java:412)
	at 	at org.slf4j.LoggerFactory.getLogger(LoggerFactory.java:357)
	at 	at org.slf4j.LoggerFactory.getLogger(LoggerFactory.java:383)
	at 	at com.spbsu.flamestream.runtime.WorkerApplication.<init>(WorkerApplication.java:26)
	at 	at com.spbsu.flamestream.runtime.WorkerApplication.main(WorkerApplication.java:68)
22:37:10,356 |-INFO in ch.qos.logback.classic.joran.action.RootLoggerAction - Setting level of ROOT logger to WARN
22:37:10,356 |-INFO in ch.qos.logback.core.joran.action.AppenderRefAction - Attaching appender named [STDOUT] to Logger[ROOT]
22:37:10,357 |-INFO in ch.qos.logback.core.joran.action.AppenderRefAction - Attaching appender named [FILE] to Logger[ROOT]
22:37:10,357 |-INFO in ch.qos.logback.classic.joran.action.ConfigurationAction - End of configuration.
22:37:10,358 |-INFO in ch.qos.logback.classic.joran.JoranConfigurator@3498ed - Registering current configuration as safe fallback point

2019-06-08T22:37:11.374+0300: 1.422: [GC (Metadata GC Threshold) [PSYoungGen: 97853K->15874K(149504K)] 97853K->15954K(491008K), 0.0172087 secs] [Times: user=0.05 sys=0.01, real=0.02 secs] 
2019-06-08T22:37:11.391+0300: 1.440: [Full GC (Metadata GC Threshold) [PSYoungGen: 15874K->0K(149504K)] [ParOldGen: 80K->14984K(341504K)] 15954K->14984K(491008K), [Metaspace: 20804K->20804K(1067008K)], 0.0311986 secs] [Times: user=0.14 sys=0.03, real=0.04 secs] 
22:37:19.145 [Curator-PathChildrenCache-2] WARN  o.a.c.u.ZKPaths  - The version of ZooKeeper being used doesn't support Container nodes. CreateMode.PERSISTENT will be used instead.
2019-06-08T22:37:19.845+0300: 9.894: [GC (Metadata GC Threshold) [PSYoungGen: 128070K->20975K(149504K)] 143054K->50906K(491008K), 0.0187005 secs] [Times: user=0.16 sys=0.00, real=0.02 secs] 
2019-06-08T22:37:19.864+0300: 9.913: [Full GC (Metadata GC Threshold) [PSYoungGen: 20975K->0K(149504K)] [ParOldGen: 29930K->39826K(341504K)] 50906K->39826K(491008K), [Metaspace: 34476K->34471K(1079296K)], 0.0374734 secs] [Times: user=0.18 sys=0.01, real=0.03 secs] 
2019-06-08T22:37:22.872+0300: 12.921: [GC (Allocation Failure) [PSYoungGen: 128512K->672K(149504K)] 168338K->40506K(491008K), 0.0029665 secs] [Times: user=0.02 sys=0.00, real=0.01 secs] 
2019-06-08T22:37:26.093+0300: 16.141: [GC (Allocation Failure) [PSYoungGen: 129184K->640K(149504K)] 169018K->40482K(491008K), 0.0047937 secs] [Times: user=0.02 sys=0.00, real=0.01 secs] 
2019-06-08T22:37:29.347+0300: 19.396: [GC (Allocation Failure) [PSYoungGen: 129152K->672K(129536K)] 168994K->40514K(471040K), 0.0044529 secs] [Times: user=0.02 sys=0.01, real=0.00 secs] 
2019-06-08T22:37:32.536+0300: 22.585: [GC (Allocation Failure) [PSYoungGen: 129184K->608K(132096K)] 169026K->40458K(473600K), 0.0025955 secs] [Times: user=0.01 sys=0.00, real=0.00 secs] 
2019-06-08T22:37:34.857+0300: 24.906: [GC (Allocation Failure) [PSYoungGen: 91744K->704K(129536K)] 131594K->40562K(471040K), 0.0053875 secs] [Times: user=0.03 sys=0.02, real=0.01 secs] 
2019-06-08T22:37:37.205+0300: 27.254: [GC (Allocation Failure) [PSYoungGen: 91840K->672K(136192K)] 131698K->40538K(477696K), 0.0034837 secs] [Times: user=0.02 sys=0.00, real=0.00 secs] 
2019-06-08T22:37:39.745+0300: 29.794: [GC (Allocation Failure) [PSYoungGen: 100512K->672K(134144K)] 140378K->40546K(475648K), 0.0040078 secs] [Times: user=0.02 sys=0.00, real=0.00 secs] 
2019-06-08T22:37:42.290+0300: 32.339: [GC (Allocation Failure) [PSYoungGen: 100512K->896K(139776K)] 140386K->40778K(481280K), 0.0031414 secs] [Times: user=0.02 sys=0.00, real=0.00 secs] 
2019-06-08T22:37:45.007+0300: 35.157: [GC (Allocation Failure) [PSYoungGen: 107904K->928K(137728K)] 147786K->40818K(479232K), 0.1035566 secs] [Times: user=0.01 sys=0.00, real=0.10 secs] 
2019-06-08T22:37:47.756+0300: 37.804: [GC (Allocation Failure) [PSYoungGen: 107936K->864K(142848K)] 147826K->40762K(484352K), 0.0038815 secs] [Times: user=0.02 sys=0.00, real=0.00 secs] 
2019-06-08T22:37:50.671+0300: 40.719: [GC (Allocation Failure) [PSYoungGen: 114528K->960K(141312K)] 154426K->40866K(482816K), 0.0030511 secs] [Times: user=0.02 sys=0.01, real=0.00 secs] 
2019-06-08T22:37:53.552+0300: 43.601: [GC (Allocation Failure) [PSYoungGen: 114624K->928K(145920K)] 154530K->40842K(487424K), 0.0034960 secs] [Times: user=0.02 sys=0.00, real=0.01 secs] 
2019-06-08T22:37:56.642+0300: 46.690: [GC (Allocation Failure) [PSYoungGen: 120736K->960K(144384K)] 160650K->40882K(485888K), 0.0030383 secs] [Times: user=0.02 sys=0.00, real=0.01 secs] 
2019-06-08T22:37:59.707+0300: 49.755: [GC (Allocation Failure) [PSYoungGen: 120768K->928K(148992K)] 160690K->40858K(490496K), 0.0029630 secs] [Times: user=0.01 sys=0.00, real=0.00 secs] 
2019-06-08T22:38:02.939+0300: 52.988: [GC (Allocation Failure) [PSYoungGen: 126880K->992K(147456K)] 166810K->40930K(488960K), 0.0049392 secs] [Times: user=0.03 sys=0.00, real=0.01 secs] 
2019-06-08T22:38:06.163+0300: 56.212: [GC (Allocation Failure) [PSYoungGen: 126944K->640K(151552K)] 166882K->41002K(493056K), 0.0040635 secs] [Times: user=0.02 sys=0.01, real=0.00 secs] 
2019-06-08T22:38:09.522+0300: 59.571: [GC (Allocation Failure) [PSYoungGen: 131712K->608K(150016K)] 172074K->41058K(491520K), 0.0027334 secs] [Times: user=0.01 sys=0.01, real=0.01 secs] 
2019-06-08T22:38:13.081+0300: 63.130: [GC (Allocation Failure) [PSYoungGen: 131680K->1111K(153600K)] 172130K->41617K(495104K), 0.0031296 secs] [Times: user=0.00 sys=0.01, real=0.01 secs] 
2019-06-08T22:38:17.472+0300: 67.521: [GC (Allocation Failure) [PSYoungGen: 136791K->864K(152576K)] 177297K->41410K(494080K), 0.0035689 secs] [Times: user=0.03 sys=0.00, real=0.01 secs] 
2019-06-08T22:38:21.861+0300: 71.910: [GC (Allocation Failure) [PSYoungGen: 136544K->864K(155648K)] 177090K->41418K(497152K), 0.0572733 secs] [Times: user=0.02 sys=0.00, real=0.06 secs] 
22:38:33.425 [Curator-PathChildrenCache-0] ERROR o.a.c.f.r.c.PathChildrenCache  - 
java.lang.IllegalStateException: instance must be started before calling this method
	at org.apache.curator.shaded.com.google.common.base.Preconditions.checkState(Preconditions.java:444)
	at org.apache.curator.framework.imps.CuratorFrameworkImpl.getChildren(CuratorFrameworkImpl.java:456)
	at org.apache.curator.framework.recipes.cache.PathChildrenCache.refresh(PathChildrenCache.java:521)
	at org.apache.curator.framework.recipes.cache.RefreshOperation.invoke(RefreshOperation.java:35)
	at org.apache.curator.framework.recipes.cache.PathChildrenCache$9.run(PathChildrenCache.java:786)
	at java.util.concurrent.Executors$RunnableAdapter.call(Executors.java:511)
	at java.util.concurrent.FutureTask.run(FutureTask.java:266)
	at java.util.concurrent.Executors$RunnableAdapter.call(Executors.java:511)
	at java.util.concurrent.FutureTask.run(FutureTask.java:266)
	at java.util.concurrent.ThreadPoolExecutor.runWorker(ThreadPoolExecutor.java:1149)
	at java.util.concurrent.ThreadPoolExecutor$Worker.run(ThreadPoolExecutor.java:624)
	at java.lang.Thread.run(Thread.java:748)
22:38:33.511 [worker-akka.actor.default-dispatcher-3] ERROR c.s.f.r.WorkerApplication  - Something went wrong during trace flush
java.nio.file.AccessDeniedException: /tmp/trace.csv
	at sun.nio.fs.UnixException.translateToIOException(UnixException.java:84)
	at sun.nio.fs.UnixException.rethrowAsIOException(UnixException.java:102)
	at sun.nio.fs.UnixException.rethrowAsIOException(UnixException.java:107)
	at sun.nio.fs.UnixFileSystemProvider.newByteChannel(UnixFileSystemProvider.java:214)
	at java.nio.file.spi.FileSystemProvider.newOutputStream(FileSystemProvider.java:434)
	at java.nio.file.Files.newOutputStream(Files.java:216)
	at java.nio.file.Files.newBufferedWriter(Files.java:2860)
	at java.nio.file.Files.newBufferedWriter(Files.java:2896)
	at com.spbsu.flamestream.runtime.utils.tracing.Tracing.flush(Tracing.java:35)
	at com.spbsu.flamestream.runtime.WorkerApplication.lambda$run$0(WorkerApplication.java:109)
	at akka.actor.ActorSystemImpl$TerminationCallbacks$$anonfun$addRec$1$1.applyOrElse(ActorSystem.scala:1036)
	at akka.actor.ActorSystemImpl$TerminationCallbacks$$anonfun$addRec$1$1.applyOrElse(ActorSystem.scala:1036)
	at scala.concurrent.Future$$anonfun$andThen$1.apply(Future.scala:436)
	at scala.concurrent.Future$$anonfun$andThen$1.apply(Future.scala:435)
	at scala.concurrent.impl.CallbackRunnable.run(Promise.scala:36)
	at akka.dispatch.BatchingExecutor$AbstractBatch.processBatch(BatchingExecutor.scala:55)
	at akka.dispatch.BatchingExecutor$BlockableBatch$$anonfun$run$1.apply$mcV$sp(BatchingExecutor.scala:91)
	at akka.dispatch.BatchingExecutor$BlockableBatch$$anonfun$run$1.apply(BatchingExecutor.scala:91)
	at akka.dispatch.BatchingExecutor$BlockableBatch$$anonfun$run$1.apply(BatchingExecutor.scala:91)
	at scala.concurrent.BlockContext$.withBlockContext(BlockContext.scala:72)
	at akka.dispatch.BatchingExecutor$BlockableBatch.run(BatchingExecutor.scala:90)
	at akka.dispatch.TaskInvocation.run(AbstractDispatcher.scala:40)
	at akka.dispatch.ForkJoinExecutorConfigurator$AkkaForkJoinTask.exec(ForkJoinExecutorConfigurator.scala:44)
	at akka.dispatch.forkjoin.ForkJoinTask.doExec(ForkJoinTask.java:260)
	at akka.dispatch.forkjoin.ForkJoinPool$WorkQueue.runTask(ForkJoinPool.java:1339)
	at akka.dispatch.forkjoin.ForkJoinPool.runWorker(ForkJoinPool.java:1979)
	at akka.dispatch.forkjoin.ForkJoinWorkerThread.run(ForkJoinWorkerThread.java:107)
Heap
 PSYoungGen      total 155648K, used 89479K [0x00000000f5980000, 0x0000000100000000, 0x0000000100000000)
  eden space 139776K, 63% used [0x00000000f5980000,0x00000000fb009cd0,0x00000000fe200000)
  from space 15872K, 5% used [0x00000000ff080000,0x00000000ff1580d0,0x0000000100000000)
  to   space 14848K, 0% used [0x00000000fe200000,0x00000000fe200000,0x00000000ff080000)
 ParOldGen       total 341504K, used 40554K [0x00000000e0c00000, 0x00000000f5980000, 0x00000000f5980000)
  object space 341504K, 11% used [0x00000000e0c00000,0x00000000e339a858,0x00000000f5980000)
 Metaspace       used 36573K, capacity 37552K, committed 37720K, reserved 1081344K
  class space    used 5028K, capacity 5220K, committed 5248K, reserved 1048576K
