16:34:15,295 |-INFO in ch.qos.logback.classic.LoggerContext[default] - Could NOT find resource [logback-test.xml]
16:34:15,296 |-INFO in ch.qos.logback.classic.LoggerContext[default] - Could NOT find resource [logback.groovy]
16:34:15,296 |-INFO in ch.qos.logback.classic.LoggerContext[default] - Found resource [logback.xml] at [jar:file:/root/flamestream/lib/flamestream-runtime-1.0-SNAPSHOT.jar!/logback.xml]
16:34:15,297 |-WARN in ch.qos.logback.classic.LoggerContext[default] - Resource [logback.xml] occurs multiple times on the classpath.
16:34:15,297 |-WARN in ch.qos.logback.classic.LoggerContext[default] - Resource [logback.xml] occurs at [jar:file:/root/flamestream/lib/flamestream-runtime-1.0-SNAPSHOT.jar!/logback.xml]
16:34:15,297 |-WARN in ch.qos.logback.classic.LoggerContext[default] - Resource [logback.xml] occurs at [jar:file:/root/flamestream/flamestream-runtime-1.0-SNAPSHOT.jar!/logback.xml]
16:34:15,317 |-INFO in ch.qos.logback.core.joran.spi.ConfigurationWatchList@3fb6a447 - URL [jar:file:/root/flamestream/lib/flamestream-runtime-1.0-SNAPSHOT.jar!/logback.xml] is not of type file
16:34:15,390 |-INFO in ch.qos.logback.classic.joran.action.ConfigurationAction - debug attribute not set
16:34:15,390 |-INFO in ch.qos.logback.core.joran.action.AppenderAction - About to instantiate appender of type [ch.qos.logback.core.ConsoleAppender]
16:34:15,402 |-INFO in ch.qos.logback.core.joran.action.AppenderAction - Naming appender as [STDOUT]
16:34:15,420 |-INFO in ch.qos.logback.core.joran.action.NestedComplexPropertyIA - Assuming default type [ch.qos.logback.classic.encoder.PatternLayoutEncoder] for [encoder] property
16:34:15,508 |-INFO in ch.qos.logback.core.joran.action.AppenderAction - About to instantiate appender of type [ch.qos.logback.core.rolling.RollingFileAppender]
16:34:15,513 |-INFO in ch.qos.logback.core.joran.action.AppenderAction - Naming appender as [FILE]
16:34:15,543 |-INFO in c.q.l.core.rolling.TimeBasedRollingPolicy@127618319 - No compression will be used
16:34:15,544 |-INFO in c.q.l.core.rolling.TimeBasedRollingPolicy@127618319 - Will use the pattern /tmp/application_%d{yyyy-MM-dd}.%i.log for the active file
16:34:15,547 |-INFO in ch.qos.logback.core.rolling.SizeAndTimeBasedFNATP@6b2fad11 - The date pattern is 'yyyy-MM-dd' from file name pattern '/tmp/application_%d{yyyy-MM-dd}.%i.log'.
16:34:15,547 |-INFO in ch.qos.logback.core.rolling.SizeAndTimeBasedFNATP@6b2fad11 - Roll-over at midnight.
16:34:15,553 |-INFO in ch.qos.logback.core.rolling.SizeAndTimeBasedFNATP@6b2fad11 - Setting initial period to Mon Jun 10 16:32:47 UTC 2019
16:34:15,553 |-WARN in ch.qos.logback.core.rolling.SizeAndTimeBasedFNATP@6b2fad11 - SizeAndTimeBasedFNATP is deprecated. Use SizeAndTimeBasedRollingPolicy instead
16:34:15,553 |-WARN in ch.qos.logback.core.rolling.SizeAndTimeBasedFNATP@6b2fad11 - For more information see http://logback.qos.ch/manual/appenders.html#SizeAndTimeBasedRollingPolicy
16:34:15,557 |-INFO in ch.qos.logback.core.joran.action.NestedComplexPropertyIA - Assuming default type [ch.qos.logback.classic.encoder.PatternLayoutEncoder] for [encoder] property
16:34:15,562 |-INFO in ch.qos.logback.core.rolling.RollingFileAppender[FILE] - Active log file name: /tmp/application.log
16:34:15,562 |-INFO in ch.qos.logback.core.rolling.RollingFileAppender[FILE] - File property is set to [/tmp/application.log]
16:34:15,562 |-INFO in ch.qos.logback.classic.joran.action.RootLoggerAction - Setting level of ROOT logger to WARN
16:34:15,563 |-INFO in ch.qos.logback.core.joran.action.AppenderRefAction - Attaching appender named [STDOUT] to Logger[ROOT]
16:34:15,563 |-INFO in ch.qos.logback.core.joran.action.AppenderRefAction - Attaching appender named [FILE] to Logger[ROOT]
16:34:15,563 |-INFO in ch.qos.logback.classic.joran.action.ConfigurationAction - End of configuration.
16:34:15,564 |-INFO in ch.qos.logback.classic.joran.JoranConfigurator@79698539 - Registering current configuration as safe fallback point

Ama winner
Ama winner
2019-06-10T16:34:16.849+0000: 1.739: [Full GC (Metadata GC Threshold) 2019-06-10T16:34:16.849+0000: 1.739: [Tenured: 0K->15144K(341376K), 0.0400969 secs] 114987K->15144K(494976K), [Metaspace: 20731K->20731K(1067008K)], 0.0401751 secs] [Times: user=0.03 sys=0.01, real=0.04 secs] 
16:34:34.931 [Curator-PathChildrenCache-2] WARN  o.a.c.u.ZKPaths  - The version of ZooKeeper being used doesn't support Container nodes. CreateMode.PERSISTENT will be used instead.
2019-06-10T16:34:37.137+0000: 22.027: [GC (Allocation Failure) 2019-06-10T16:34:37.137+0000: 22.027: [DefNew: 136576K->17024K(153600K), 0.0278115 secs] 151720K->52905K(494976K), 0.0279018 secs] [Times: user=0.02 sys=0.01, real=0.03 secs] 
2019-06-10T16:34:37.486+0000: 22.376: [Full GC (Metadata GC Threshold) 2019-06-10T16:34:37.486+0000: 22.376: [Tenured: 35881K->44526K(341376K), 0.0380638 secs] 68439K->44526K(494976K), [Metaspace: 34569K->34569K(1079296K)], 0.0381424 secs] [Times: user=0.04 sys=0.00, real=0.03 secs] 
2019-06-10T16:34:40.925+0000: 25.815: [GC (Allocation Failure) 2019-06-10T16:34:40.925+0000: 25.815: [DefNew: 136576K->242K(153600K), 0.0024261 secs] 181102K->44768K(494976K), 0.0024819 secs] [Times: user=0.00 sys=0.00, real=0.00 secs] 
2019-06-10T16:34:44.101+0000: 28.991: [GC (Allocation Failure) 2019-06-10T16:34:44.101+0000: 28.991: [DefNew: 136818K->258K(153600K), 0.0022643 secs] 181344K->44785K(494976K), 0.0023308 secs] [Times: user=0.00 sys=0.00, real=0.00 secs] 
2019-06-10T16:34:47.221+0000: 32.111: [GC (Allocation Failure) 2019-06-10T16:34:47.221+0000: 32.111: [DefNew: 136834K->268K(153600K), 0.0023424 secs] 181361K->44794K(494976K), 0.0023988 secs] [Times: user=0.01 sys=0.00, real=0.00 secs] 
2019-06-10T16:34:50.323+0000: 35.213: [GC (Allocation Failure) 2019-06-10T16:34:50.323+0000: 35.213: [DefNew: 136844K->270K(153600K), 0.0022988 secs] 181370K->44796K(494976K), 0.0023559 secs] [Times: user=0.00 sys=0.00, real=0.01 secs] 
2019-06-10T16:34:53.416+0000: 38.306: [GC (Allocation Failure) 2019-06-10T16:34:53.416+0000: 38.306: [DefNew: 136846K->266K(153600K), 0.0023040 secs] 181372K->44793K(494976K), 0.0023625 secs] [Times: user=0.01 sys=0.00, real=0.01 secs] 
2019-06-10T16:34:56.425+0000: 41.315: [GC (Allocation Failure) 2019-06-10T16:34:56.425+0000: 41.315: [DefNew: 136842K->268K(153600K), 0.0023188 secs] 181369K->44794K(494976K), 0.0023958 secs] [Times: user=0.00 sys=0.00, real=0.00 secs] 
2019-06-10T16:35:08.224+0000: 53.114: [GC (GCLocker Initiated GC) 2019-06-10T16:35:08.224+0000: 53.114: [DefNew: 136844K->485K(153600K), 0.0041261 secs] 181370K->45012K(494976K), 0.0041854 secs] [Times: user=0.00 sys=0.00, real=0.01 secs] 
16:35:08.252 [Curator-PathChildrenCache-0] ERROR o.a.c.f.r.c.PathChildrenCache  - 
java.lang.IllegalStateException: instance must be started before calling this method
	at org.apache.curator.shaded.com.google.common.base.Preconditions.checkState(Preconditions.java:444)
	at org.apache.curator.framework.imps.CuratorFrameworkImpl.getChildren(CuratorFrameworkImpl.java:456)
	at org.apache.curator.framework.recipes.cache.PathChildrenCache.refresh(PathChildrenCache.java:521)
	at org.apache.curator.framework.recipes.cache.RefreshOperation.invoke(RefreshOperation.java:35)
	at org.apache.curator.framework.recipes.cache.PathChildrenCache$9.run(PathChildrenCache.java:786)
	at java.util.concurrent.Executors$RunnableAdapter.call(Executors.java:511)
	at java.util.concurrent.FutureTask.run(FutureTask.java:266)
	at java.util.concurrent.Executors$RunnableAdapter.call(Executors.java:511)
	at java.util.concurrent.FutureTask.run(FutureTask.java:266)
	at java.util.concurrent.ThreadPoolExecutor.runWorker(ThreadPoolExecutor.java:1149)
	at java.util.concurrent.ThreadPoolExecutor$Worker.run(ThreadPoolExecutor.java:624)
	at java.lang.Thread.run(Thread.java:748)
Heap
 def new generation   total 153600K, used 23138K [0x00000000e0c00000, 0x00000000eb2a0000, 0x00000000eb2a0000)
  eden space 136576K,  16% used [0x00000000e0c00000, 0x00000000e221f378, 0x00000000e9160000)
  from space 17024K,   2% used [0x00000000e9160000, 0x00000000e91d97c8, 0x00000000ea200000)
  to   space 17024K,   0% used [0x00000000ea200000, 0x00000000ea200000, 0x00000000eb2a0000)
 tenured generation   total 341376K, used 44526K [0x00000000eb2a0000, 0x0000000100000000, 0x0000000100000000)
   the space 341376K,  13% used [0x00000000eb2a0000, 0x00000000ede1bac8, 0x00000000ede1bc00, 0x0000000100000000)
 Metaspace       used 36232K, capacity 37236K, committed 37376K, reserved 1081344K
  class space    used 4864K, capacity 5094K, committed 5120K, reserved 1048576K
