22:41:28,643 |-INFO in ch.qos.logback.classic.LoggerContext[default] - Could NOT find resource [logback-test.xml]
22:41:28,644 |-INFO in ch.qos.logback.classic.LoggerContext[default] - Could NOT find resource [logback.groovy]
22:41:28,644 |-INFO in ch.qos.logback.classic.LoggerContext[default] - Found resource [logback.xml] at [jar:file:/home/nikitasokolov/flamestream/lib/flamestream-runtime-1.0-SNAPSHOT.jar!/logback.xml]
22:41:28,644 |-WARN in ch.qos.logback.classic.LoggerContext[default] - Resource [logback.xml] occurs multiple times on the classpath.
22:41:28,645 |-WARN in ch.qos.logback.classic.LoggerContext[default] - Resource [logback.xml] occurs at [jar:file:/home/nikitasokolov/flamestream/lib/flamestream-runtime-1.0-SNAPSHOT.jar!/logback.xml]
22:41:28,645 |-WARN in ch.qos.logback.classic.LoggerContext[default] - Resource [logback.xml] occurs at [jar:file:/home/nikitasokolov/flamestream/flamestream-runtime-1.0-SNAPSHOT.jar!/logback.xml]
22:41:28,660 |-INFO in ch.qos.logback.core.joran.spi.ConfigurationWatchList@6108b2d7 - URL [jar:file:/home/nikitasokolov/flamestream/lib/flamestream-runtime-1.0-SNAPSHOT.jar!/logback.xml] is not of type file
22:41:28,711 |-INFO in ch.qos.logback.classic.joran.action.ConfigurationAction - debug attribute not set
22:41:28,711 |-INFO in ch.qos.logback.core.joran.action.AppenderAction - About to instantiate appender of type [ch.qos.logback.core.ConsoleAppender]
22:41:28,719 |-INFO in ch.qos.logback.core.joran.action.AppenderAction - Naming appender as [STDOUT]
22:41:28,728 |-INFO in ch.qos.logback.core.joran.action.NestedComplexPropertyIA - Assuming default type [ch.qos.logback.classic.encoder.PatternLayoutEncoder] for [encoder] property
22:41:28,784 |-INFO in ch.qos.logback.core.joran.action.AppenderAction - About to instantiate appender of type [ch.qos.logback.core.rolling.RollingFileAppender]
22:41:28,789 |-INFO in ch.qos.logback.core.joran.action.AppenderAction - Naming appender as [FILE]
22:41:28,811 |-INFO in c.q.l.core.rolling.TimeBasedRollingPolicy@357863579 - No compression will be used
22:41:28,813 |-INFO in c.q.l.core.rolling.TimeBasedRollingPolicy@357863579 - Will use the pattern /tmp/application_%d{yyyy-MM-dd}.%i.log for the active file
22:41:28,815 |-INFO in ch.qos.logback.core.rolling.SizeAndTimeBasedFNATP@6bf256fa - The date pattern is 'yyyy-MM-dd' from file name pattern '/tmp/application_%d{yyyy-MM-dd}.%i.log'.
22:41:28,815 |-INFO in ch.qos.logback.core.rolling.SizeAndTimeBasedFNATP@6bf256fa - Roll-over at midnight.
22:41:28,819 |-INFO in ch.qos.logback.core.rolling.SizeAndTimeBasedFNATP@6bf256fa - Setting initial period to Sat Jun 08 22:40:37 MSK 2019
22:41:28,819 |-WARN in ch.qos.logback.core.rolling.SizeAndTimeBasedFNATP@6bf256fa - SizeAndTimeBasedFNATP is deprecated. Use SizeAndTimeBasedRollingPolicy instead
22:41:28,819 |-WARN in ch.qos.logback.core.rolling.SizeAndTimeBasedFNATP@6bf256fa - For more information see http://logback.qos.ch/manual/appenders.html#SizeAndTimeBasedRollingPolicy
22:41:28,823 |-INFO in ch.qos.logback.core.joran.action.NestedComplexPropertyIA - Assuming default type [ch.qos.logback.classic.encoder.PatternLayoutEncoder] for [encoder] property
22:41:28,826 |-INFO in ch.qos.logback.core.rolling.RollingFileAppender[FILE] - Active log file name: /tmp/application.log
22:41:28,826 |-INFO in ch.qos.logback.core.rolling.RollingFileAppender[FILE] - File property is set to [/tmp/application.log]
22:41:28,827 |-INFO in ch.qos.logback.classic.joran.action.RootLoggerAction - Setting level of ROOT logger to WARN
22:41:28,827 |-INFO in ch.qos.logback.core.joran.action.AppenderRefAction - Attaching appender named [STDOUT] to Logger[ROOT]
22:41:28,828 |-INFO in ch.qos.logback.core.joran.action.AppenderRefAction - Attaching appender named [FILE] to Logger[ROOT]
22:41:28,828 |-INFO in ch.qos.logback.classic.joran.action.ConfigurationAction - End of configuration.
22:41:28,828 |-INFO in ch.qos.logback.classic.joran.JoranConfigurator@6cd8737 - Registering current configuration as safe fallback point

2019-06-08T22:41:29.819+0300: 1.394: [GC (Metadata GC Threshold) [PSYoungGen: 110721K->15820K(149504K)] 110721K->15900K(491008K), 0.0226167 secs] [Times: user=0.08 sys=0.03, real=0.02 secs] 
2019-06-08T22:41:29.842+0300: 1.417: [Full GC (Metadata GC Threshold) [PSYoungGen: 15820K->0K(149504K)] [ParOldGen: 80K->15078K(341504K)] 15900K->15078K(491008K), [Metaspace: 20803K->20803K(1067008K)], 0.0291442 secs] [Times: user=0.20 sys=0.01, real=0.03 secs] 
22:41:42.652 [Curator-PathChildrenCache-1] WARN  o.a.c.u.ZKPaths  - The version of ZooKeeper being used doesn't support Container nodes. CreateMode.PERSISTENT will be used instead.
2019-06-08T22:41:43.576+0300: 15.151: [GC (Metadata GC Threshold) [PSYoungGen: 128512K->15928K(149504K)] 143590K->50545K(491008K), 0.0298839 secs] [Times: user=0.25 sys=0.02, real=0.03 secs] 
2019-06-08T22:41:43.606+0300: 15.181: [Full GC (Metadata GC Threshold) [PSYoungGen: 15928K->0K(149504K)] [ParOldGen: 34617K->38948K(341504K)] 50545K->38948K(491008K), [Metaspace: 34568K->34568K(1079296K)], 0.0494329 secs] [Times: user=0.36 sys=0.01, real=0.05 secs] 
2019-06-08T22:41:46.206+0300: 17.780: [GC (Allocation Failure) [PSYoungGen: 128512K->512K(149504K)] 167460K->39468K(491008K), 0.0033758 secs] [Times: user=0.01 sys=0.00, real=0.00 secs] 
2019-06-08T22:41:49.256+0300: 20.830: [GC (Allocation Failure) [PSYoungGen: 129024K->512K(149504K)] 167980K->39476K(491008K), 0.0023461 secs] [Times: user=0.01 sys=0.01, real=0.01 secs] 
2019-06-08T22:41:52.343+0300: 23.918: [GC (Allocation Failure) [PSYoungGen: 129024K->544K(129536K)] 167988K->39516K(471040K), 0.0061901 secs] [Times: user=0.05 sys=0.01, real=0.00 secs] 
2019-06-08T22:41:55.326+0300: 26.901: [GC (Allocation Failure) [PSYoungGen: 129056K->512K(150016K)] 168028K->39492K(491520K), 0.0033453 secs] [Times: user=0.01 sys=0.00, real=0.01 secs] 
2019-06-08T22:41:58.413+0300: 29.988: [GC (Allocation Failure) [PSYoungGen: 129024K->544K(148992K)] 168004K->39532K(490496K), 0.0023301 secs] [Times: user=0.01 sys=0.01, real=0.00 secs] 
2019-06-08T22:42:01.508+0300: 33.082: [GC (Allocation Failure) [PSYoungGen: 129056K->544K(151552K)] 168044K->39540K(493056K), 0.0041744 secs] [Times: user=0.03 sys=0.00, real=0.01 secs] 
2019-06-08T22:42:04.667+0300: 36.242: [GC (Allocation Failure) [PSYoungGen: 132640K->512K(151040K)] 171636K->39516K(492544K), 0.0048518 secs] [Times: user=0.03 sys=0.00, real=0.01 secs] 
2019-06-08T22:42:07.862+0300: 39.437: [GC (Allocation Failure) [PSYoungGen: 132608K->544K(153088K)] 171612K->39556K(494592K), 0.0033102 secs] [Times: user=0.01 sys=0.00, real=0.00 secs] 
2019-06-08T22:42:11.140+0300: 42.715: [GC (Allocation Failure) [PSYoungGen: 135712K->544K(152576K)] 174724K->39556K(494080K), 0.0027853 secs] [Times: user=0.01 sys=0.00, real=0.00 secs] 
2019-06-08T22:42:14.403+0300: 45.978: [GC (Allocation Failure) [PSYoungGen: 135712K->480K(154624K)] 174724K->39500K(496128K), 0.0027554 secs] [Times: user=0.01 sys=0.01, real=0.00 secs] 
2019-06-08T22:42:17.747+0300: 49.322: [GC (Allocation Failure) [PSYoungGen: 138720K->416K(154112K)] 177740K->39436K(495616K), 0.0043529 secs] [Times: user=0.02 sys=0.00, real=0.01 secs] 
2019-06-08T22:42:21.056+0300: 52.631: [GC (Allocation Failure) [PSYoungGen: 138656K->480K(156672K)] 177676K->39508K(498176K), 0.0024595 secs] [Times: user=0.01 sys=0.01, real=0.01 secs] 
2019-06-08T22:42:24.475+0300: 56.049: [GC (Allocation Failure) [PSYoungGen: 142304K->416K(155648K)] 181332K->39452K(497152K), 0.0025575 secs] [Times: user=0.02 sys=0.01, real=0.00 secs] 
2019-06-08T22:42:27.893+0300: 59.468: [GC (Allocation Failure) [PSYoungGen: 142240K->576K(158208K)] 181276K->39620K(499712K), 0.0033774 secs] [Times: user=0.02 sys=0.00, real=0.00 secs] 
2019-06-08T22:42:31.663+0300: 63.238: [GC (Allocation Failure) [PSYoungGen: 145472K->887K(157184K)] 184516K->39939K(498688K), 0.0040677 secs] [Times: user=0.01 sys=0.00, real=0.00 secs] 
2019-06-08T22:42:36.049+0300: 67.624: [GC (Allocation Failure) [PSYoungGen: 145783K->416K(159232K)] 184835K->39748K(500736K), 0.0044071 secs] [Times: user=0.03 sys=0.00, real=0.01 secs] 
2019-06-08T22:42:40.526+0300: 72.100: [GC (Allocation Failure) [PSYoungGen: 147872K->352K(158720K)] 187204K->39708K(500224K), 0.0032722 secs] [Times: user=0.01 sys=0.01, real=0.00 secs] 
22:42:54.984 [Curator-PathChildrenCache-0] ERROR o.a.c.f.r.c.PathChildrenCache  - 
java.lang.IllegalStateException: instance must be started before calling this method
	at org.apache.curator.shaded.com.google.common.base.Preconditions.checkState(Preconditions.java:444)
	at org.apache.curator.framework.imps.CuratorFrameworkImpl.getChildren(CuratorFrameworkImpl.java:456)
	at org.apache.curator.framework.recipes.cache.PathChildrenCache.refresh(PathChildrenCache.java:521)
	at org.apache.curator.framework.recipes.cache.RefreshOperation.invoke(RefreshOperation.java:35)
	at org.apache.curator.framework.recipes.cache.PathChildrenCache$9.run(PathChildrenCache.java:786)
	at java.util.concurrent.Executors$RunnableAdapter.call(Executors.java:511)
	at java.util.concurrent.FutureTask.run(FutureTask.java:266)
	at java.util.concurrent.Executors$RunnableAdapter.call(Executors.java:511)
	at java.util.concurrent.FutureTask.run(FutureTask.java:266)
	at java.util.concurrent.ThreadPoolExecutor.runWorker(ThreadPoolExecutor.java:1149)
	at java.util.concurrent.ThreadPoolExecutor$Worker.run(ThreadPoolExecutor.java:624)
	at java.lang.Thread.run(Thread.java:748)
Heap
 PSYoungGen      total 158720K, used 118936K [0x00000000f5980000, 0x0000000100000000, 0x0000000100000000)
  eden space 147456K, 80% used [0x00000000f5980000,0x00000000fcd4e0e8,0x00000000fe980000)
  from space 11264K, 3% used [0x00000000fe980000,0x00000000fe9d8020,0x00000000ff480000)
  to   space 10240K, 0% used [0x00000000ff600000,0x00000000ff600000,0x0000000100000000)
 ParOldGen       total 341504K, used 39356K [0x00000000e0c00000, 0x00000000f5980000, 0x00000000f5980000)
  object space 341504K, 11% used [0x00000000e0c00000,0x00000000e326f0a8,0x00000000f5980000)
 Metaspace       used 36222K, capacity 37030K, committed 37208K, reserved 1081344K
  class space    used 4978K, capacity 5161K, committed 5248K, reserved 1048576K
