04:37:06,511 |-INFO in ch.qos.logback.classic.LoggerContext[default] - Could NOT find resource [logback-test.xml]
04:37:06,511 |-INFO in ch.qos.logback.classic.LoggerContext[default] - Could NOT find resource [logback.groovy]
04:37:06,511 |-INFO in ch.qos.logback.classic.LoggerContext[default] - Found resource [logback.xml] at [jar:file:/home/nikitasokolov/flamestream/lib/flamestream-runtime-1.0-SNAPSHOT.jar!/logback.xml]
04:37:06,512 |-WARN in ch.qos.logback.classic.LoggerContext[default] - Resource [logback.xml] occurs multiple times on the classpath.
04:37:06,512 |-WARN in ch.qos.logback.classic.LoggerContext[default] - Resource [logback.xml] occurs at [jar:file:/home/nikitasokolov/flamestream/lib/flamestream-runtime-1.0-SNAPSHOT.jar!/logback.xml]
04:37:06,512 |-WARN in ch.qos.logback.classic.LoggerContext[default] - Resource [logback.xml] occurs at [jar:file:/home/nikitasokolov/flamestream/flamestream-runtime-1.0-SNAPSHOT.jar!/logback.xml]
04:37:06,528 |-INFO in ch.qos.logback.core.joran.spi.ConfigurationWatchList@6108b2d7 - URL [jar:file:/home/nikitasokolov/flamestream/lib/flamestream-runtime-1.0-SNAPSHOT.jar!/logback.xml] is not of type file
04:37:06,579 |-INFO in ch.qos.logback.classic.joran.action.ConfigurationAction - debug attribute not set
04:37:06,579 |-INFO in ch.qos.logback.core.joran.action.AppenderAction - About to instantiate appender of type [ch.qos.logback.core.ConsoleAppender]
04:37:06,587 |-INFO in ch.qos.logback.core.joran.action.AppenderAction - Naming appender as [STDOUT]
04:37:06,596 |-INFO in ch.qos.logback.core.joran.action.NestedComplexPropertyIA - Assuming default type [ch.qos.logback.classic.encoder.PatternLayoutEncoder] for [encoder] property
04:37:06,657 |-INFO in ch.qos.logback.core.joran.action.AppenderAction - About to instantiate appender of type [ch.qos.logback.core.rolling.RollingFileAppender]
04:37:06,663 |-INFO in ch.qos.logback.core.joran.action.AppenderAction - Naming appender as [FILE]
04:37:06,686 |-INFO in c.q.l.core.rolling.TimeBasedRollingPolicy@357863579 - No compression will be used
04:37:06,687 |-INFO in c.q.l.core.rolling.TimeBasedRollingPolicy@357863579 - Will use the pattern /tmp/application_%d{yyyy-MM-dd}.%i.log for the active file
04:37:06,690 |-INFO in ch.qos.logback.core.rolling.SizeAndTimeBasedFNATP@6bf256fa - The date pattern is 'yyyy-MM-dd' from file name pattern '/tmp/application_%d{yyyy-MM-dd}.%i.log'.
04:37:06,690 |-INFO in ch.qos.logback.core.rolling.SizeAndTimeBasedFNATP@6bf256fa - Roll-over at midnight.
04:37:06,694 |-INFO in ch.qos.logback.core.rolling.SizeAndTimeBasedFNATP@6bf256fa - Setting initial period to Sun Jun 09 04:36:21 MSK 2019
04:37:06,694 |-WARN in ch.qos.logback.core.rolling.SizeAndTimeBasedFNATP@6bf256fa - SizeAndTimeBasedFNATP is deprecated. Use SizeAndTimeBasedRollingPolicy instead
04:37:06,694 |-WARN in ch.qos.logback.core.rolling.SizeAndTimeBasedFNATP@6bf256fa - For more information see http://logback.qos.ch/manual/appenders.html#SizeAndTimeBasedRollingPolicy
04:37:06,698 |-INFO in ch.qos.logback.core.joran.action.NestedComplexPropertyIA - Assuming default type [ch.qos.logback.classic.encoder.PatternLayoutEncoder] for [encoder] property
04:37:06,702 |-INFO in ch.qos.logback.core.rolling.RollingFileAppender[FILE] - Active log file name: /tmp/application.log
04:37:06,702 |-INFO in ch.qos.logback.core.rolling.RollingFileAppender[FILE] - File property is set to [/tmp/application.log]
04:37:06,703 |-INFO in ch.qos.logback.classic.joran.action.RootLoggerAction - Setting level of ROOT logger to WARN
04:37:06,703 |-INFO in ch.qos.logback.core.joran.action.AppenderRefAction - Attaching appender named [STDOUT] to Logger[ROOT]
04:37:06,703 |-INFO in ch.qos.logback.core.joran.action.AppenderRefAction - Attaching appender named [FILE] to Logger[ROOT]
04:37:06,703 |-INFO in ch.qos.logback.classic.joran.action.ConfigurationAction - End of configuration.
04:37:06,704 |-INFO in ch.qos.logback.classic.joran.JoranConfigurator@6cd8737 - Registering current configuration as safe fallback point

2019-06-09T04:37:07.684+0300: 1.371: [GC (Metadata GC Threshold) [PSYoungGen: 108152K->15779K(149504K)] 108152K->15859K(491008K), 0.0217971 secs] [Times: user=0.06 sys=0.06, real=0.02 secs] 
2019-06-09T04:37:07.706+0300: 1.393: [Full GC (Metadata GC Threshold) [PSYoungGen: 15779K->0K(149504K)] [ParOldGen: 80K->14982K(341504K)] 15859K->14982K(491008K), [Metaspace: 20806K->20806K(1067008K)], 0.0287509 secs] [Times: user=0.19 sys=0.02, real=0.03 secs] 
04:37:19.077 [Curator-PathChildrenCache-1] WARN  o.a.c.u.ZKPaths  - The version of ZooKeeper being used doesn't support Container nodes. CreateMode.PERSISTENT will be used instead.
2019-06-09T04:37:20.043+0300: 13.730: [GC (Metadata GC Threshold) [PSYoungGen: 125840K->15918K(149504K)] 140822K->50440K(491008K), 0.0346467 secs] [Times: user=0.29 sys=0.02, real=0.04 secs] 
2019-06-09T04:37:20.078+0300: 13.765: [Full GC (Metadata GC Threshold) [PSYoungGen: 15918K->0K(149504K)] [ParOldGen: 34521K->38835K(341504K)] 50440K->38835K(491008K), [Metaspace: 34575K->34575K(1079296K)], 0.0385616 secs] [Times: user=0.21 sys=0.01, real=0.03 secs] 
2019-06-09T04:37:22.343+0300: 16.030: [GC (Allocation Failure) [PSYoungGen: 128512K->576K(149504K)] 167347K->39419K(491008K), 0.0043581 secs] [Times: user=0.03 sys=0.00, real=0.00 secs] 
2019-06-09T04:37:25.309+0300: 18.996: [GC (Allocation Failure) [PSYoungGen: 129088K->512K(149504K)] 167931K->39363K(491008K), 0.0052203 secs] [Times: user=0.03 sys=0.01, real=0.01 secs] 
2019-06-09T04:37:28.265+0300: 21.952: [GC (Allocation Failure) [PSYoungGen: 129024K->576K(129536K)] 167875K->39435K(471040K), 0.0033957 secs] [Times: user=0.01 sys=0.00, real=0.00 secs] 
2019-06-09T04:37:31.216+0300: 24.903: [GC (Allocation Failure) [PSYoungGen: 129088K->480K(150016K)] 167947K->39347K(491520K), 0.0597550 secs] [Times: user=0.09 sys=0.01, real=0.06 secs] 
2019-06-09T04:37:34.187+0300: 27.874: [GC (Allocation Failure) [PSYoungGen: 128992K->544K(148992K)] 167859K->39419K(490496K), 0.0072124 secs] [Times: user=0.05 sys=0.00, real=0.01 secs] 
2019-06-09T04:37:37.184+0300: 30.929: [GC (Allocation Failure) [PSYoungGen: 129056K->576K(151552K)] 167931K->39459K(493056K), 0.0606158 secs] [Times: user=0.02 sys=0.00, real=0.06 secs] 
2019-06-09T04:37:40.248+0300: 33.935: [GC (Allocation Failure) [PSYoungGen: 132672K->576K(151040K)] 171555K->39467K(492544K), 0.0032790 secs] [Times: user=0.01 sys=0.00, real=0.01 secs] 
2019-06-09T04:37:43.345+0300: 37.032: [GC (Allocation Failure) [PSYoungGen: 132672K->608K(153088K)] 171563K->39507K(494592K), 0.0031366 secs] [Times: user=0.01 sys=0.00, real=0.00 secs] 
2019-06-09T04:37:46.493+0300: 40.180: [GC (Allocation Failure) [PSYoungGen: 135776K->544K(152576K)] 174675K->39443K(494080K), 0.0035008 secs] [Times: user=0.00 sys=0.01, real=0.00 secs] 
2019-06-09T04:37:49.650+0300: 43.337: [GC (Allocation Failure) [PSYoungGen: 135712K->512K(155136K)] 174611K->39419K(496640K), 0.0025068 secs] [Times: user=0.01 sys=0.00, real=0.00 secs] 
2019-06-09T04:37:52.901+0300: 46.588: [GC (Allocation Failure) [PSYoungGen: 139264K->608K(154112K)] 178171K->39515K(495616K), 0.0033104 secs] [Times: user=0.01 sys=0.00, real=0.00 secs] 
2019-06-09T04:37:56.083+0300: 49.770: [GC (Allocation Failure) [PSYoungGen: 139360K->544K(156672K)] 178267K->39451K(498176K), 0.0041832 secs] [Times: user=0.04 sys=0.00, real=0.00 secs] 
2019-06-09T04:37:59.386+0300: 53.073: [GC (Allocation Failure) [PSYoungGen: 142368K->576K(155648K)] 181275K->39483K(497152K), 0.0038391 secs] [Times: user=0.02 sys=0.00, real=0.01 secs] 
2019-06-09T04:38:02.681+0300: 56.368: [GC (Allocation Failure) [PSYoungGen: 142400K->544K(158208K)] 181307K->39459K(499712K), 0.0039963 secs] [Times: user=0.01 sys=0.00, real=0.00 secs] 
2019-06-09T04:38:06.058+0300: 59.745: [GC (Allocation Failure) [PSYoungGen: 145440K->480K(157184K)] 184355K->39395K(498688K), 0.0027968 secs] [Times: user=0.01 sys=0.00, real=0.00 secs] 
04:38:13.083 [Curator-PathChildrenCache-0] ERROR o.a.c.f.r.c.PathChildrenCache  - 
java.lang.IllegalStateException: instance must be started before calling this method
	at org.apache.curator.shaded.com.google.common.base.Preconditions.checkState(Preconditions.java:444)
	at org.apache.curator.framework.imps.CuratorFrameworkImpl.getChildren(CuratorFrameworkImpl.java:456)
	at org.apache.curator.framework.recipes.cache.PathChildrenCache.refresh(PathChildrenCache.java:521)
	at org.apache.curator.framework.recipes.cache.RefreshOperation.invoke(RefreshOperation.java:35)
	at org.apache.curator.framework.recipes.cache.PathChildrenCache$9.run(PathChildrenCache.java:786)
	at java.util.concurrent.Executors$RunnableAdapter.call(Executors.java:511)
	at java.util.concurrent.FutureTask.run(FutureTask.java:266)
	at java.util.concurrent.Executors$RunnableAdapter.call(Executors.java:511)
	at java.util.concurrent.FutureTask.run(FutureTask.java:266)
	at java.util.concurrent.ThreadPoolExecutor.runWorker(ThreadPoolExecutor.java:1149)
	at java.util.concurrent.ThreadPoolExecutor$Worker.run(ThreadPoolExecutor.java:624)
	at java.lang.Thread.run(Thread.java:748)
Heap
 PSYoungGen      total 157184K, used 99832K [0x00000000f5980000, 0x0000000100000000, 0x0000000100000000)
  eden space 144896K, 68% used [0x00000000f5980000,0x00000000fba86240,0x00000000fe700000)
  from space 12288K, 3% used [0x00000000fe700000,0x00000000fe778020,0x00000000ff300000)
  to   space 11776K, 0% used [0x00000000ff480000,0x00000000ff480000,0x0000000100000000)
 ParOldGen       total 341504K, used 38915K [0x00000000e0c00000, 0x00000000f5980000, 0x00000000f5980000)
  object space 341504K, 11% used [0x00000000e0c00000,0x00000000e3200e00,0x00000000f5980000)
 Metaspace       used 36119K, capacity 36966K, committed 37208K, reserved 1081344K
  class space    used 4979K, capacity 5161K, committed 5248K, reserved 1048576K
