19:42:15,337 |-INFO in ch.qos.logback.classic.LoggerContext[default] - Could NOT find resource [logback-test.xml]
19:42:15,337 |-INFO in ch.qos.logback.classic.LoggerContext[default] - Could NOT find resource [logback.groovy]
19:42:15,337 |-INFO in ch.qos.logback.classic.LoggerContext[default] - Found resource [logback.xml] at [jar:file:/root/flamestream/lib/flamestream-runtime-1.0-SNAPSHOT.jar!/logback.xml]
19:42:15,340 |-WARN in ch.qos.logback.classic.LoggerContext[default] - Resource [logback.xml] occurs multiple times on the classpath.
19:42:15,341 |-WARN in ch.qos.logback.classic.LoggerContext[default] - Resource [logback.xml] occurs at [jar:file:/root/flamestream/lib/flamestream-runtime-1.0-SNAPSHOT.jar!/logback.xml]
19:42:15,341 |-WARN in ch.qos.logback.classic.LoggerContext[default] - Resource [logback.xml] occurs at [jar:file:/root/flamestream/flamestream-runtime-1.0-SNAPSHOT.jar!/logback.xml]
19:42:15,363 |-INFO in ch.qos.logback.core.joran.spi.ConfigurationWatchList@3fb6a447 - URL [jar:file:/root/flamestream/lib/flamestream-runtime-1.0-SNAPSHOT.jar!/logback.xml] is not of type file
19:42:15,441 |-INFO in ch.qos.logback.classic.joran.action.ConfigurationAction - debug attribute not set
19:42:15,442 |-INFO in ch.qos.logback.core.joran.action.AppenderAction - About to instantiate appender of type [ch.qos.logback.core.ConsoleAppender]
19:42:15,456 |-INFO in ch.qos.logback.core.joran.action.AppenderAction - Naming appender as [STDOUT]
19:42:15,473 |-INFO in ch.qos.logback.core.joran.action.NestedComplexPropertyIA - Assuming default type [ch.qos.logback.classic.encoder.PatternLayoutEncoder] for [encoder] property
19:42:15,556 |-INFO in ch.qos.logback.core.joran.action.AppenderAction - About to instantiate appender of type [ch.qos.logback.core.rolling.RollingFileAppender]
19:42:15,565 |-INFO in ch.qos.logback.core.joran.action.AppenderAction - Naming appender as [FILE]
19:42:15,598 |-INFO in c.q.l.core.rolling.TimeBasedRollingPolicy@127618319 - No compression will be used
19:42:15,599 |-INFO in c.q.l.core.rolling.TimeBasedRollingPolicy@127618319 - Will use the pattern /tmp/application_%d{yyyy-MM-dd}.%i.log for the active file
19:42:15,602 |-INFO in ch.qos.logback.core.rolling.SizeAndTimeBasedFNATP@6b2fad11 - The date pattern is 'yyyy-MM-dd' from file name pattern '/tmp/application_%d{yyyy-MM-dd}.%i.log'.
19:42:15,602 |-INFO in ch.qos.logback.core.rolling.SizeAndTimeBasedFNATP@6b2fad11 - Roll-over at midnight.
19:42:15,608 |-INFO in ch.qos.logback.core.rolling.SizeAndTimeBasedFNATP@6b2fad11 - Setting initial period to Mon Jun 10 19:41:00 UTC 2019
19:42:15,608 |-WARN in ch.qos.logback.core.rolling.SizeAndTimeBasedFNATP@6b2fad11 - SizeAndTimeBasedFNATP is deprecated. Use SizeAndTimeBasedRollingPolicy instead
19:42:15,608 |-WARN in ch.qos.logback.core.rolling.SizeAndTimeBasedFNATP@6b2fad11 - For more information see http://logback.qos.ch/manual/appenders.html#SizeAndTimeBasedRollingPolicy
19:42:15,612 |-INFO in ch.qos.logback.core.joran.action.NestedComplexPropertyIA - Assuming default type [ch.qos.logback.classic.encoder.PatternLayoutEncoder] for [encoder] property
19:42:15,617 |-INFO in ch.qos.logback.core.rolling.RollingFileAppender[FILE] - Active log file name: /tmp/application.log
19:42:15,617 |-INFO in ch.qos.logback.core.rolling.RollingFileAppender[FILE] - File property is set to [/tmp/application.log]
19:42:15,618 |-INFO in ch.qos.logback.classic.joran.action.RootLoggerAction - Setting level of ROOT logger to WARN
19:42:15,618 |-INFO in ch.qos.logback.core.joran.action.AppenderRefAction - Attaching appender named [STDOUT] to Logger[ROOT]
19:42:15,620 |-INFO in ch.qos.logback.core.joran.action.AppenderRefAction - Attaching appender named [FILE] to Logger[ROOT]
19:42:15,620 |-INFO in ch.qos.logback.classic.joran.action.ConfigurationAction - End of configuration.
19:42:15,621 |-INFO in ch.qos.logback.classic.joran.JoranConfigurator@79698539 - Registering current configuration as safe fallback point

Ama winner
Ama winner
2019-06-10T19:42:16.947+0000: 1.799: [Full GC (Metadata GC Threshold) 2019-06-10T19:42:16.947+0000: 1.799: [Tenured: 0K->15145K(341376K), 0.0401432 secs] 114988K->15145K(494976K), [Metaspace: 20740K->20740K(1067008K)], 0.0402098 secs] [Times: user=0.04 sys=0.00, real=0.04 secs] 
19:42:35.267 [Curator-PathChildrenCache-1] WARN  o.a.c.u.ZKPaths  - The version of ZooKeeper being used doesn't support Container nodes. CreateMode.PERSISTENT will be used instead.
2019-06-10T19:42:37.492+0000: 22.343: [GC (Allocation Failure) 2019-06-10T19:42:37.492+0000: 22.343: [DefNew: 136576K->17023K(153600K), 0.0257654 secs] 151721K->52426K(494976K), 0.0258339 secs] [Times: user=0.02 sys=0.01, real=0.03 secs] 
2019-06-10T19:42:40.993+0000: 25.845: [Full GC (Metadata GC Threshold) 2019-06-10T19:42:40.993+0000: 25.845: [Tenured: 35402K->43999K(341376K), 0.0502520 secs] 119666K->43999K(494976K), [Metaspace: 34608K->34608K(1079296K)], 0.0503299 secs] [Times: user=0.05 sys=0.00, real=0.05 secs] 
2019-06-10T19:42:48.163+0000: 33.016: [GC (Allocation Failure) 2019-06-10T19:42:48.164+0000: 33.016: [DefNew: 136576K->73K(153600K), 0.0018582 secs] 180575K->44073K(494976K), 0.0030726 secs] [Times: user=0.00 sys=0.00, real=0.01 secs] 
2019-06-10T19:42:55.284+0000: 40.136: [GC (Allocation Failure) 2019-06-10T19:42:55.284+0000: 40.136: [DefNew: 136649K->71K(153600K), 0.0017100 secs] 180649K->44071K(494976K), 0.0017691 secs] [Times: user=0.00 sys=0.00, real=0.01 secs] 
2019-06-10T19:43:02.484+0000: 47.336: [GC (Allocation Failure) 2019-06-10T19:43:02.484+0000: 47.336: [DefNew: 136647K->75K(153600K), 0.0018130 secs] 180647K->44074K(494976K), 0.0018695 secs] [Times: user=0.00 sys=0.00, real=0.01 secs] 
2019-06-10T19:43:09.781+0000: 54.632: [GC (Allocation Failure) 2019-06-10T19:43:09.781+0000: 54.632: [DefNew: 136651K->76K(153600K), 0.0018076 secs] 180650K->44075K(494976K), 0.0018715 secs] [Times: user=0.00 sys=0.00, real=0.00 secs] 
2019-06-10T19:43:16.938+0000: 61.789: [GC (Allocation Failure) 2019-06-10T19:43:16.938+0000: 61.789: [DefNew: 136652K->73K(153600K), 0.0018180 secs] 180651K->44073K(494976K), 0.0018802 secs] [Times: user=0.00 sys=0.00, real=0.00 secs] 
19:43:27.222 [Curator-PathChildrenCache-0] ERROR o.a.c.f.r.c.PathChildrenCache  - 
java.lang.IllegalStateException: instance must be started before calling this method
	at org.apache.curator.shaded.com.google.common.base.Preconditions.checkState(Preconditions.java:444)
	at org.apache.curator.framework.imps.CuratorFrameworkImpl.getChildren(CuratorFrameworkImpl.java:456)
	at org.apache.curator.framework.recipes.cache.PathChildrenCache.refresh(PathChildrenCache.java:521)
	at org.apache.curator.framework.recipes.cache.RefreshOperation.invoke(RefreshOperation.java:35)
	at org.apache.curator.framework.recipes.cache.PathChildrenCache$9.run(PathChildrenCache.java:786)
	at java.util.concurrent.Executors$RunnableAdapter.call(Executors.java:511)
	at java.util.concurrent.FutureTask.run(FutureTask.java:266)
	at java.util.concurrent.Executors$RunnableAdapter.call(Executors.java:511)
	at java.util.concurrent.FutureTask.run(FutureTask.java:266)
	at java.util.concurrent.ThreadPoolExecutor.runWorker(ThreadPoolExecutor.java:1149)
	at java.util.concurrent.ThreadPoolExecutor$Worker.run(ThreadPoolExecutor.java:624)
	at java.lang.Thread.run(Thread.java:748)
Heap
 def new generation   total 153600K, used 78169K [0x00000000e0c00000, 0x00000000eb2a0000, 0x00000000eb2a0000)
  eden space 136576K,  57% used [0x00000000e0c00000, 0x00000000e5843f50, 0x00000000e9160000)
  from space 17024K,   0% used [0x00000000e9160000, 0x00000000e9172658, 0x00000000ea200000)
  to   space 17024K,   0% used [0x00000000ea200000, 0x00000000ea200000, 0x00000000eb2a0000)
 tenured generation   total 341376K, used 43999K [0x00000000eb2a0000, 0x0000000100000000, 0x0000000100000000)
   the space 341376K,  12% used [0x00000000eb2a0000, 0x00000000edd97e18, 0x00000000edd98000, 0x0000000100000000)
 Metaspace       used 36216K, capacity 37068K, committed 37376K, reserved 1081344K
  class space    used 4857K, capacity 5076K, committed 5120K, reserved 1048576K
