05:50:51,490 |-INFO in ch.qos.logback.classic.LoggerContext[default] - Could NOT find resource [logback-test.xml]
05:50:51,490 |-INFO in ch.qos.logback.classic.LoggerContext[default] - Could NOT find resource [logback.groovy]
05:50:51,490 |-INFO in ch.qos.logback.classic.LoggerContext[default] - Found resource [logback.xml] at [jar:file:/root/flamestream/lib/flamestream-runtime-1.0-SNAPSHOT.jar!/logback.xml]
05:50:51,495 |-WARN in ch.qos.logback.classic.LoggerContext[default] - Resource [logback.xml] occurs multiple times on the classpath.
05:50:51,496 |-WARN in ch.qos.logback.classic.LoggerContext[default] - Resource [logback.xml] occurs at [jar:file:/root/flamestream/lib/flamestream-runtime-1.0-SNAPSHOT.jar!/logback.xml]
05:50:51,496 |-WARN in ch.qos.logback.classic.LoggerContext[default] - Resource [logback.xml] occurs at [jar:file:/root/flamestream/flamestream-runtime-1.0-SNAPSHOT.jar!/logback.xml]
05:50:51,514 |-INFO in ch.qos.logback.core.joran.spi.ConfigurationWatchList@3fb6a447 - URL [jar:file:/root/flamestream/lib/flamestream-runtime-1.0-SNAPSHOT.jar!/logback.xml] is not of type file
05:50:51,588 |-INFO in ch.qos.logback.classic.joran.action.ConfigurationAction - debug attribute not set
05:50:51,589 |-INFO in ch.qos.logback.core.joran.action.AppenderAction - About to instantiate appender of type [ch.qos.logback.core.ConsoleAppender]
05:50:51,602 |-INFO in ch.qos.logback.core.joran.action.AppenderAction - Naming appender as [STDOUT]
05:50:51,620 |-INFO in ch.qos.logback.core.joran.action.NestedComplexPropertyIA - Assuming default type [ch.qos.logback.classic.encoder.PatternLayoutEncoder] for [encoder] property
05:50:51,706 |-INFO in ch.qos.logback.core.joran.action.AppenderAction - About to instantiate appender of type [ch.qos.logback.core.rolling.RollingFileAppender]
05:50:51,714 |-INFO in ch.qos.logback.core.joran.action.AppenderAction - Naming appender as [FILE]
05:50:51,747 |-INFO in c.q.l.core.rolling.TimeBasedRollingPolicy@127618319 - No compression will be used
05:50:51,748 |-INFO in c.q.l.core.rolling.TimeBasedRollingPolicy@127618319 - Will use the pattern /tmp/application_%d{yyyy-MM-dd}.%i.log for the active file
05:50:51,751 |-INFO in ch.qos.logback.core.rolling.SizeAndTimeBasedFNATP@6b2fad11 - The date pattern is 'yyyy-MM-dd' from file name pattern '/tmp/application_%d{yyyy-MM-dd}.%i.log'.
05:50:51,751 |-INFO in ch.qos.logback.core.rolling.SizeAndTimeBasedFNATP@6b2fad11 - Roll-over at midnight.
05:50:51,756 |-INFO in ch.qos.logback.core.rolling.SizeAndTimeBasedFNATP@6b2fad11 - Setting initial period to Tue Jun 11 05:49:31 UTC 2019
05:50:51,757 |-WARN in ch.qos.logback.core.rolling.SizeAndTimeBasedFNATP@6b2fad11 - SizeAndTimeBasedFNATP is deprecated. Use SizeAndTimeBasedRollingPolicy instead
05:50:51,757 |-WARN in ch.qos.logback.core.rolling.SizeAndTimeBasedFNATP@6b2fad11 - For more information see http://logback.qos.ch/manual/appenders.html#SizeAndTimeBasedRollingPolicy
05:50:51,761 |-INFO in ch.qos.logback.core.joran.action.NestedComplexPropertyIA - Assuming default type [ch.qos.logback.classic.encoder.PatternLayoutEncoder] for [encoder] property
05:50:51,765 |-INFO in ch.qos.logback.core.rolling.RollingFileAppender[FILE] - Active log file name: /tmp/application.log
05:50:51,765 |-INFO in ch.qos.logback.core.rolling.RollingFileAppender[FILE] - File property is set to [/tmp/application.log]
05:50:51,766 |-INFO in ch.qos.logback.classic.joran.action.RootLoggerAction - Setting level of ROOT logger to WARN
05:50:51,766 |-INFO in ch.qos.logback.core.joran.action.AppenderRefAction - Attaching appender named [STDOUT] to Logger[ROOT]
05:50:51,768 |-INFO in ch.qos.logback.core.joran.action.AppenderRefAction - Attaching appender named [FILE] to Logger[ROOT]
05:50:51,768 |-INFO in ch.qos.logback.classic.joran.action.ConfigurationAction - End of configuration.
05:50:51,768 |-INFO in ch.qos.logback.classic.joran.JoranConfigurator@79698539 - Registering current configuration as safe fallback point

Ama winner
Ama winner
2019-06-11T05:50:53.036+0000: 1.725: [Full GC (Metadata GC Threshold) 2019-06-11T05:50:53.036+0000: 1.725: [Tenured: 0K->15144K(341376K), 0.0392484 secs] 114988K->15144K(494976K), [Metaspace: 20739K->20739K(1067008K)], 0.0393157 secs] [Times: user=0.04 sys=0.00, real=0.04 secs] 
05:51:14.437 [Curator-PathChildrenCache-1] WARN  o.a.c.u.ZKPaths  - The version of ZooKeeper being used doesn't support Container nodes. CreateMode.PERSISTENT will be used instead.
2019-06-11T05:51:16.565+0000: 25.254: [GC (Allocation Failure) 2019-06-11T05:51:16.565+0000: 25.254: [DefNew: 136576K->17023K(153600K), 0.0306834 secs] 151720K->52770K(494976K), 0.0307696 secs] [Times: user=0.02 sys=0.01, real=0.03 secs] 
2019-06-11T05:51:19.138+0000: 27.827: [Full GC (Metadata GC Threshold) 2019-06-11T05:51:19.138+0000: 27.827: [Tenured: 35746K->44420K(341376K), 0.0452182 secs] 110438K->44420K(494976K), [Metaspace: 34585K->34585K(1079296K)], 0.0452952 secs] [Times: user=0.04 sys=0.00, real=0.05 secs] 
2019-06-11T05:51:25.372+0000: 34.060: [GC (Allocation Failure) 2019-06-11T05:51:25.372+0000: 34.060: [DefNew: 136576K->61K(153600K), 0.0017001 secs] 180996K->44481K(494976K), 0.0017572 secs] [Times: user=0.01 sys=0.00, real=0.00 secs] 
2019-06-11T05:51:31.654+0000: 40.343: [GC (Allocation Failure) 2019-06-11T05:51:31.654+0000: 40.343: [DefNew: 136637K->61K(153600K), 0.0016167 secs] 181057K->44481K(494976K), 0.0016769 secs] [Times: user=0.00 sys=0.00, real=0.00 secs] 
2019-06-11T05:51:37.969+0000: 46.657: [GC (Allocation Failure) 2019-06-11T05:51:37.969+0000: 46.657: [DefNew: 136637K->58K(153600K), 0.0016999 secs] 181057K->44478K(494976K), 0.0017807 secs] [Times: user=0.00 sys=0.00, real=0.00 secs] 
2019-06-11T05:51:44.293+0000: 52.982: [GC (Allocation Failure) 2019-06-11T05:51:44.293+0000: 52.982: [DefNew: 136634K->60K(153600K), 0.0017099 secs] 181054K->44481K(494976K), 0.0017714 secs] [Times: user=0.01 sys=0.00, real=0.00 secs] 
2019-06-11T05:51:50.626+0000: 59.314: [GC (Allocation Failure) 2019-06-11T05:51:50.626+0000: 59.314: [DefNew: 136636K->60K(153600K), 0.0016927 secs] 181057K->44481K(494976K), 0.0017554 secs] [Times: user=0.00 sys=0.00, real=0.00 secs] 
05:52:00.381 [Curator-PathChildrenCache-0] ERROR o.a.c.f.r.c.PathChildrenCache  - 
java.lang.IllegalStateException: instance must be started before calling this method
	at org.apache.curator.shaded.com.google.common.base.Preconditions.checkState(Preconditions.java:444)
	at org.apache.curator.framework.imps.CuratorFrameworkImpl.getChildren(CuratorFrameworkImpl.java:456)
	at org.apache.curator.framework.recipes.cache.PathChildrenCache.refresh(PathChildrenCache.java:521)
	at org.apache.curator.framework.recipes.cache.RefreshOperation.invoke(RefreshOperation.java:35)
	at org.apache.curator.framework.recipes.cache.PathChildrenCache$9.run(PathChildrenCache.java:786)
	at java.util.concurrent.Executors$RunnableAdapter.call(Executors.java:511)
	at java.util.concurrent.FutureTask.run(FutureTask.java:266)
	at java.util.concurrent.Executors$RunnableAdapter.call(Executors.java:511)
	at java.util.concurrent.FutureTask.run(FutureTask.java:266)
	at java.util.concurrent.ThreadPoolExecutor.runWorker(ThreadPoolExecutor.java:1149)
	at java.util.concurrent.ThreadPoolExecutor$Worker.run(ThreadPoolExecutor.java:624)
	at java.lang.Thread.run(Thread.java:748)
Heap
 def new generation   total 153600K, used 104784K [0x00000000e0c00000, 0x00000000eb2a0000, 0x00000000eb2a0000)
  eden space 136576K,  76% used [0x00000000e0c00000, 0x00000000e7244e18, 0x00000000e9160000)
  from space 17024K,   0% used [0x00000000e9160000, 0x00000000e916f208, 0x00000000ea200000)
  to   space 17024K,   0% used [0x00000000ea200000, 0x00000000ea200000, 0x00000000eb2a0000)
 tenured generation   total 341376K, used 44420K [0x00000000eb2a0000, 0x0000000100000000, 0x0000000100000000)
   the space 341376K,  13% used [0x00000000eb2a0000, 0x00000000ede01348, 0x00000000ede01400, 0x0000000100000000)
 Metaspace       used 36029K, capacity 36934K, committed 37120K, reserved 1081344K
  class space    used 4868K, capacity 5075K, committed 5120K, reserved 1048576K
