08:07:47,565 |-INFO in ch.qos.logback.classic.LoggerContext[default] - Could NOT find resource [logback-test.xml]
08:07:47,565 |-INFO in ch.qos.logback.classic.LoggerContext[default] - Could NOT find resource [logback.groovy]
08:07:47,565 |-INFO in ch.qos.logback.classic.LoggerContext[default] - Found resource [logback.xml] at [jar:file:/root/flamestream/lib/flamestream-runtime-1.0-SNAPSHOT.jar!/logback.xml]
08:07:47,566 |-WARN in ch.qos.logback.classic.LoggerContext[default] - Resource [logback.xml] occurs multiple times on the classpath.
08:07:47,566 |-WARN in ch.qos.logback.classic.LoggerContext[default] - Resource [logback.xml] occurs at [jar:file:/root/flamestream/lib/flamestream-runtime-1.0-SNAPSHOT.jar!/logback.xml]
08:07:47,566 |-WARN in ch.qos.logback.classic.LoggerContext[default] - Resource [logback.xml] occurs at [jar:file:/root/flamestream/flamestream-runtime-1.0-SNAPSHOT.jar!/logback.xml]
08:07:47,586 |-INFO in ch.qos.logback.core.joran.spi.ConfigurationWatchList@3fb6a447 - URL [jar:file:/root/flamestream/lib/flamestream-runtime-1.0-SNAPSHOT.jar!/logback.xml] is not of type file
08:07:47,656 |-INFO in ch.qos.logback.classic.joran.action.ConfigurationAction - debug attribute not set
08:07:47,657 |-INFO in ch.qos.logback.core.joran.action.AppenderAction - About to instantiate appender of type [ch.qos.logback.core.ConsoleAppender]
08:07:47,675 |-INFO in ch.qos.logback.core.joran.action.AppenderAction - Naming appender as [STDOUT]
08:07:47,689 |-INFO in ch.qos.logback.core.joran.action.NestedComplexPropertyIA - Assuming default type [ch.qos.logback.classic.encoder.PatternLayoutEncoder] for [encoder] property
08:07:47,770 |-INFO in ch.qos.logback.core.joran.action.AppenderAction - About to instantiate appender of type [ch.qos.logback.core.rolling.RollingFileAppender]
08:07:47,777 |-INFO in ch.qos.logback.core.joran.action.AppenderAction - Naming appender as [FILE]
08:07:47,808 |-INFO in c.q.l.core.rolling.TimeBasedRollingPolicy@127618319 - No compression will be used
08:07:47,810 |-INFO in c.q.l.core.rolling.TimeBasedRollingPolicy@127618319 - Will use the pattern /tmp/application_%d{yyyy-MM-dd}.%i.log for the active file
08:07:47,813 |-INFO in ch.qos.logback.core.rolling.SizeAndTimeBasedFNATP@6b2fad11 - The date pattern is 'yyyy-MM-dd' from file name pattern '/tmp/application_%d{yyyy-MM-dd}.%i.log'.
08:07:47,813 |-INFO in ch.qos.logback.core.rolling.SizeAndTimeBasedFNATP@6b2fad11 - Roll-over at midnight.
08:07:47,818 |-INFO in ch.qos.logback.core.rolling.SizeAndTimeBasedFNATP@6b2fad11 - Setting initial period to Tue Jun 11 08:06:20 UTC 2019
08:07:47,818 |-WARN in ch.qos.logback.core.rolling.SizeAndTimeBasedFNATP@6b2fad11 - SizeAndTimeBasedFNATP is deprecated. Use SizeAndTimeBasedRollingPolicy instead
08:07:47,818 |-WARN in ch.qos.logback.core.rolling.SizeAndTimeBasedFNATP@6b2fad11 - For more information see http://logback.qos.ch/manual/appenders.html#SizeAndTimeBasedRollingPolicy
08:07:47,822 |-INFO in ch.qos.logback.core.joran.action.NestedComplexPropertyIA - Assuming default type [ch.qos.logback.classic.encoder.PatternLayoutEncoder] for [encoder] property
08:07:47,826 |-INFO in ch.qos.logback.core.rolling.RollingFileAppender[FILE] - Active log file name: /tmp/application.log
08:07:47,826 |-INFO in ch.qos.logback.core.rolling.RollingFileAppender[FILE] - File property is set to [/tmp/application.log]
08:07:47,827 |-INFO in ch.qos.logback.classic.joran.action.RootLoggerAction - Setting level of ROOT logger to WARN
08:07:47,827 |-INFO in ch.qos.logback.core.joran.action.AppenderRefAction - Attaching appender named [STDOUT] to Logger[ROOT]
08:07:47,829 |-INFO in ch.qos.logback.core.joran.action.AppenderRefAction - Attaching appender named [FILE] to Logger[ROOT]
08:07:47,829 |-INFO in ch.qos.logback.classic.joran.action.ConfigurationAction - End of configuration.
08:07:47,829 |-INFO in ch.qos.logback.classic.joran.JoranConfigurator@79698539 - Registering current configuration as safe fallback point

Ama winner
Ama winner
2019-06-11T08:07:49.099+0000: 1.718: [Full GC (Metadata GC Threshold) 2019-06-11T08:07:49.099+0000: 1.718: [Tenured: 0K->15144K(341376K), 0.0385932 secs] 112224K->15144K(494976K), [Metaspace: 20735K->20735K(1067008K)], 0.0386596 secs] [Times: user=0.03 sys=0.01, real=0.04 secs] 
08:08:05.791 [Curator-PathChildrenCache-1] WARN  o.a.c.u.ZKPaths  - The version of ZooKeeper being used doesn't support Container nodes. CreateMode.PERSISTENT will be used instead.
2019-06-11T08:08:07.965+0000: 20.585: [GC (Allocation Failure) 2019-06-11T08:08:07.965+0000: 20.585: [DefNew: 136576K->17024K(153600K), 0.0285149 secs] 151720K->52531K(494976K), 0.0285785 secs] [Times: user=0.02 sys=0.01, real=0.03 secs] 
2019-06-11T08:08:15.503+0000: 28.123: [GC (Allocation Failure) 2019-06-11T08:08:15.503+0000: 28.123: [DefNew: 153600K->241K(153600K), 0.0094840 secs] 189107K->43889K(494976K), 0.0095473 secs] [Times: user=0.01 sys=0.01, real=0.01 secs] 
2019-06-11T08:08:18.661+0000: 31.281: [Full GC (Metadata GC Threshold) 2019-06-11T08:08:18.661+0000: 31.281: [Tenured: 43648K->43872K(341376K), 0.0443489 secs] 104906K->43872K(494976K), [Metaspace: 34631K->34631K(1079296K)], 0.0444397 secs] [Times: user=0.05 sys=0.00, real=0.05 secs] 
2019-06-11T08:08:25.964+0000: 38.584: [GC (Allocation Failure) 2019-06-11T08:08:25.965+0000: 38.584: [DefNew: 136576K->49K(153600K), 0.0016722 secs] 180448K->43922K(494976K), 0.0017318 secs] [Times: user=0.00 sys=0.00, real=0.00 secs] 
2019-06-11T08:08:33.394+0000: 46.014: [GC (Allocation Failure) 2019-06-11T08:08:33.394+0000: 46.014: [DefNew: 136625K->49K(153600K), 0.0016090 secs] 180498K->43922K(494976K), 0.0016711 secs] [Times: user=0.00 sys=0.00, real=0.00 secs] 
2019-06-11T08:08:40.855+0000: 53.475: [GC (Allocation Failure) 2019-06-11T08:08:40.855+0000: 53.475: [DefNew: 136625K->56K(153600K), 0.0016243 secs] 180498K->43928K(494976K), 0.0016823 secs] [Times: user=0.00 sys=0.00, real=0.00 secs] 
2019-06-11T08:08:48.278+0000: 60.898: [GC (Allocation Failure) 2019-06-11T08:08:48.278+0000: 60.898: [DefNew: 136632K->218K(153600K), 0.0018511 secs] 180504K->44091K(494976K), 0.0019218 secs] [Times: user=0.01 sys=0.00, real=0.00 secs] 
08:09:00.703 [Curator-PathChildrenCache-0] ERROR o.a.c.f.r.c.PathChildrenCache  - 
java.lang.IllegalStateException: instance must be started before calling this method
	at org.apache.curator.shaded.com.google.common.base.Preconditions.checkState(Preconditions.java:444)
	at org.apache.curator.framework.imps.CuratorFrameworkImpl.getChildren(CuratorFrameworkImpl.java:456)
	at org.apache.curator.framework.recipes.cache.PathChildrenCache.refresh(PathChildrenCache.java:521)
	at org.apache.curator.framework.recipes.cache.RefreshOperation.invoke(RefreshOperation.java:35)
	at org.apache.curator.framework.recipes.cache.PathChildrenCache$9.run(PathChildrenCache.java:786)
	at java.util.concurrent.Executors$RunnableAdapter.call(Executors.java:511)
	at java.util.concurrent.FutureTask.run(FutureTask.java:266)
	at java.util.concurrent.Executors$RunnableAdapter.call(Executors.java:511)
	at java.util.concurrent.FutureTask.run(FutureTask.java:266)
	at java.util.concurrent.ThreadPoolExecutor.runWorker(ThreadPoolExecutor.java:1149)
	at java.util.concurrent.ThreadPoolExecutor$Worker.run(ThreadPoolExecutor.java:624)
	at java.lang.Thread.run(Thread.java:748)
Heap
 def new generation   total 153600K, used 65364K [0x00000000e0c00000, 0x00000000eb2a0000, 0x00000000eb2a0000)
  eden space 136576K,  47% used [0x00000000e0c00000, 0x00000000e4b9e900, 0x00000000e9160000)
  from space 17024K,   1% used [0x00000000e9160000, 0x00000000e91969d8, 0x00000000ea200000)
  to   space 17024K,   0% used [0x00000000ea200000, 0x00000000ea200000, 0x00000000eb2a0000)
 tenured generation   total 341376K, used 43872K [0x00000000eb2a0000, 0x0000000100000000, 0x0000000100000000)
   the space 341376K,  12% used [0x00000000eb2a0000, 0x00000000edd782c8, 0x00000000edd78400, 0x0000000100000000)
 Metaspace       used 36015K, capacity 36916K, committed 37120K, reserved 1081344K
  class space    used 4872K, capacity 5072K, committed 5120K, reserved 1048576K
