22:59:10,162 |-INFO in ch.qos.logback.classic.LoggerContext[default] - Could NOT find resource [logback-test.xml]
22:59:10,162 |-INFO in ch.qos.logback.classic.LoggerContext[default] - Could NOT find resource [logback.groovy]
22:59:10,163 |-INFO in ch.qos.logback.classic.LoggerContext[default] - Found resource [logback.xml] at [jar:file:/home/nikitasokolov/flamestream/lib/flamestream-runtime-1.0-SNAPSHOT.jar!/logback.xml]
22:59:10,163 |-WARN in ch.qos.logback.classic.LoggerContext[default] - Resource [logback.xml] occurs multiple times on the classpath.
22:59:10,164 |-WARN in ch.qos.logback.classic.LoggerContext[default] - Resource [logback.xml] occurs at [jar:file:/home/nikitasokolov/flamestream/lib/flamestream-runtime-1.0-SNAPSHOT.jar!/logback.xml]
22:59:10,164 |-WARN in ch.qos.logback.classic.LoggerContext[default] - Resource [logback.xml] occurs at [jar:file:/home/nikitasokolov/flamestream/flamestream-runtime-1.0-SNAPSHOT.jar!/logback.xml]
22:59:10,179 |-INFO in ch.qos.logback.core.joran.spi.ConfigurationWatchList@2f7a2457 - URL [jar:file:/home/nikitasokolov/flamestream/lib/flamestream-runtime-1.0-SNAPSHOT.jar!/logback.xml] is not of type file
22:59:10,228 |-INFO in ch.qos.logback.classic.joran.action.ConfigurationAction - debug attribute not set
22:59:10,229 |-INFO in ch.qos.logback.core.joran.action.AppenderAction - About to instantiate appender of type [ch.qos.logback.core.ConsoleAppender]
22:59:10,236 |-INFO in ch.qos.logback.core.joran.action.AppenderAction - Naming appender as [STDOUT]
22:59:10,244 |-INFO in ch.qos.logback.core.joran.action.NestedComplexPropertyIA - Assuming default type [ch.qos.logback.classic.encoder.PatternLayoutEncoder] for [encoder] property
22:59:10,298 |-INFO in ch.qos.logback.core.joran.action.AppenderAction - About to instantiate appender of type [ch.qos.logback.core.rolling.RollingFileAppender]
22:59:10,304 |-INFO in ch.qos.logback.core.joran.action.AppenderAction - Naming appender as [FILE]
22:59:10,326 |-INFO in c.q.l.core.rolling.TimeBasedRollingPolicy@1449621165 - No compression will be used
22:59:10,327 |-INFO in c.q.l.core.rolling.TimeBasedRollingPolicy@1449621165 - Will use the pattern /tmp/application_%d{yyyy-MM-dd}.%i.log for the active file
22:59:10,330 |-INFO in ch.qos.logback.core.rolling.SizeAndTimeBasedFNATP@6108b2d7 - The date pattern is 'yyyy-MM-dd' from file name pattern '/tmp/application_%d{yyyy-MM-dd}.%i.log'.
22:59:10,330 |-INFO in ch.qos.logback.core.rolling.SizeAndTimeBasedFNATP@6108b2d7 - Roll-over at midnight.
22:59:10,334 |-INFO in ch.qos.logback.core.rolling.SizeAndTimeBasedFNATP@6108b2d7 - Setting initial period to Tue May 28 22:57:55 MSK 2019
22:59:10,334 |-WARN in ch.qos.logback.core.rolling.SizeAndTimeBasedFNATP@6108b2d7 - SizeAndTimeBasedFNATP is deprecated. Use SizeAndTimeBasedRollingPolicy instead
22:59:10,334 |-WARN in ch.qos.logback.core.rolling.SizeAndTimeBasedFNATP@6108b2d7 - For more information see http://logback.qos.ch/manual/appenders.html#SizeAndTimeBasedRollingPolicy
22:59:10,338 |-INFO in ch.qos.logback.core.joran.action.NestedComplexPropertyIA - Assuming default type [ch.qos.logback.classic.encoder.PatternLayoutEncoder] for [encoder] property
22:59:10,341 |-INFO in ch.qos.logback.core.rolling.RollingFileAppender[FILE] - Active log file name: /tmp/application.log
22:59:10,341 |-INFO in ch.qos.logback.core.rolling.RollingFileAppender[FILE] - File property is set to [/tmp/application.log]
22:59:10,342 |-INFO in ch.qos.logback.classic.joran.action.RootLoggerAction - Setting level of ROOT logger to WARN
22:59:10,342 |-INFO in ch.qos.logback.core.joran.action.AppenderRefAction - Attaching appender named [STDOUT] to Logger[ROOT]
22:59:10,342 |-INFO in ch.qos.logback.core.joran.action.AppenderRefAction - Attaching appender named [FILE] to Logger[ROOT]
22:59:10,342 |-INFO in ch.qos.logback.classic.joran.action.ConfigurationAction - End of configuration.
22:59:10,343 |-INFO in ch.qos.logback.classic.joran.JoranConfigurator@1554909b - Registering current configuration as safe fallback point

2019-05-28T22:59:11.331+0300: 1.369: [GC (Metadata GC Threshold) [PSYoungGen: 108082K->15850K(149504K)] 108082K->15930K(491008K), 0.0212865 secs] [Times: user=0.06 sys=0.04, real=0.02 secs] 
2019-05-28T22:59:11.352+0300: 1.390: [Full GC (Metadata GC Threshold) [PSYoungGen: 15850K->0K(149504K)] [ParOldGen: 80K->14984K(341504K)] 15930K->14984K(491008K), [Metaspace: 20804K->20804K(1067008K)], 0.0295428 secs] [Times: user=0.18 sys=0.02, real=0.03 secs] 
22:59:21.172 [Curator-PathChildrenCache-2] WARN  o.a.c.u.ZKPaths  - The version of ZooKeeper being used doesn't support Container nodes. CreateMode.PERSISTENT will be used instead.
2019-05-28T22:59:21.901+0300: 11.938: [GC (Metadata GC Threshold) [PSYoungGen: 128511K->16881K(149504K)] 143496K->51405K(491008K), 0.0264942 secs] [Times: user=0.21 sys=0.02, real=0.02 secs] 
2019-05-28T22:59:21.927+0300: 11.965: [Full GC (Metadata GC Threshold) [PSYoungGen: 16881K->0K(149504K)] [ParOldGen: 34524K->39869K(341504K)] 51405K->39869K(491008K), [Metaspace: 34500K->34500K(1079296K)], 0.0353045 secs] [Times: user=0.19 sys=0.02, real=0.04 secs] 
2019-05-28T22:59:22.682+0300: 12.719: [GC (Allocation Failure) [PSYoungGen: 128512K->2320K(149504K)] 168381K->42197K(491008K), 0.0036262 secs] [Times: user=0.02 sys=0.00, real=0.00 secs] 
2019-05-28T22:59:23.066+0300: 13.103: [GC (Allocation Failure) [PSYoungGen: 130832K->2336K(149504K)] 170709K->42221K(491008K), 0.0037520 secs] [Times: user=0.02 sys=0.00, real=0.00 secs] 
2019-05-28T22:59:23.449+0300: 13.486: [GC (Allocation Failure) [PSYoungGen: 130848K->2384K(131072K)] 170733K->42277K(472576K), 0.0029790 secs] [Times: user=0.02 sys=0.00, real=0.01 secs] 
2019-05-28T22:59:23.817+0300: 13.854: [GC (Allocation Failure) [PSYoungGen: 130896K->2336K(149504K)] 170789K->42237K(491008K), 0.0041509 secs] [Times: user=0.02 sys=0.00, real=0.01 secs] 
2019-05-28T22:59:24.079+0300: 14.117: [GC (Allocation Failure) [PSYoungGen: 130336K->2464K(148992K)] 170237K->42373K(490496K), 0.0033530 secs] [Times: user=0.01 sys=0.00, real=0.00 secs] 
2019-05-28T22:59:24.651+0300: 14.688: [GC (Allocation Failure) [PSYoungGen: 130464K->2496K(151040K)] 170373K->42413K(492544K), 0.0034124 secs] [Times: user=0.02 sys=0.00, real=0.00 secs] 
2019-05-28T22:59:24.840+0300: 14.877: [GC (Allocation Failure) [PSYoungGen: 133568K->2496K(150528K)] 173485K->42413K(492032K), 0.0024757 secs] [Times: user=0.02 sys=0.00, real=0.00 secs] 
2019-05-28T22:59:25.255+0300: 15.293: [GC (Allocation Failure) [PSYoungGen: 133568K->2576K(152576K)] 173485K->42502K(494080K), 0.0035612 secs] [Times: user=0.01 sys=0.01, real=0.01 secs] 
2019-05-28T22:59:25.772+0300: 15.810: [GC (Allocation Failure) [PSYoungGen: 136720K->2624K(152064K)] 176646K->42558K(493568K), 0.0036298 secs] [Times: user=0.02 sys=0.00, real=0.00 secs] 
2019-05-28T22:59:26.048+0300: 16.085: [GC (Allocation Failure) [PSYoungGen: 136768K->3040K(154624K)] 176702K->42982K(496128K), 0.0031021 secs] [Times: user=0.02 sys=0.00, real=0.01 secs] 
2019-05-28T22:59:26.483+0300: 16.521: [GC (Allocation Failure) [PSYoungGen: 140768K->3217K(153600K)] 180710K->43158K(495104K), 0.0033267 secs] [Times: user=0.02 sys=0.01, real=0.00 secs] 
2019-05-28T22:59:26.830+0300: 16.868: [GC (Allocation Failure) [PSYoungGen: 140945K->3409K(156160K)] 180886K->43350K(497664K), 0.0035056 secs] [Times: user=0.02 sys=0.00, real=0.00 secs] 
2019-05-28T22:59:27.280+0300: 17.318: [GC (Allocation Failure) [PSYoungGen: 144209K->3457K(155136K)] 184150K->43406K(496640K), 0.0040226 secs] [Times: user=0.02 sys=0.00, real=0.00 secs] 
2019-05-28T22:59:27.809+0300: 17.847: [GC (Allocation Failure) [PSYoungGen: 144257K->3569K(157696K)] 184206K->43518K(499200K), 0.0031277 secs] [Times: user=0.02 sys=0.01, real=0.01 secs] 
2019-05-28T22:59:29.355+0300: 19.393: [GC (Allocation Failure) [PSYoungGen: 147441K->3761K(156672K)] 187390K->43718K(498176K), 0.0033105 secs] [Times: user=0.02 sys=0.00, real=0.01 secs] 
2019-05-28T22:59:31.561+0300: 21.598: [GC (Allocation Failure) [PSYoungGen: 147633K->2144K(158720K)] 187590K->43870K(500224K), 0.0050634 secs] [Times: user=0.03 sys=0.01, real=0.00 secs] 
22:59:32.064 [Curator-PathChildrenCache-0] ERROR o.a.c.f.r.c.PathChildrenCache  - 
java.lang.IllegalStateException: instance must be started before calling this method
	at org.apache.curator.shaded.com.google.common.base.Preconditions.checkState(Preconditions.java:444)
	at org.apache.curator.framework.imps.CuratorFrameworkImpl.getChildren(CuratorFrameworkImpl.java:456)
	at org.apache.curator.framework.recipes.cache.PathChildrenCache.refresh(PathChildrenCache.java:521)
	at org.apache.curator.framework.recipes.cache.RefreshOperation.invoke(RefreshOperation.java:35)
	at org.apache.curator.framework.recipes.cache.PathChildrenCache$9.run(PathChildrenCache.java:786)
	at java.util.concurrent.Executors$RunnableAdapter.call(Executors.java:511)
	at java.util.concurrent.FutureTask.run(FutureTask.java:266)
	at java.util.concurrent.Executors$RunnableAdapter.call(Executors.java:511)
	at java.util.concurrent.FutureTask.run(FutureTask.java:266)
	at java.util.concurrent.ThreadPoolExecutor.runWorker(ThreadPoolExecutor.java:1149)
	at java.util.concurrent.ThreadPoolExecutor$Worker.run(ThreadPoolExecutor.java:624)
	at java.lang.Thread.run(Thread.java:748)
Heap
 PSYoungGen      total 158720K, used 51108K [0x00000000f5980000, 0x0000000100000000, 0x0000000100000000)
  eden space 146432K, 33% used [0x00000000f5980000,0x00000000f89510a0,0x00000000fe880000)
  from space 12288K, 17% used [0x00000000ff400000,0x00000000ff6182e0,0x0000000100000000)
  to   space 11776K, 0% used [0x00000000fe880000,0x00000000fe880000,0x00000000ff400000)
 ParOldGen       total 341504K, used 41725K [0x00000000e0c00000, 0x00000000f5980000, 0x00000000f5980000)
  object space 341504K, 12% used [0x00000000e0c00000,0x00000000e34bf7d8,0x00000000f5980000)
 Metaspace       used 36218K, capacity 37224K, committed 37464K, reserved 1081344K
  class space    used 4988K, capacity 5206K, committed 5248K, reserved 1048576K
