17:29:40,972 |-INFO in ch.qos.logback.classic.LoggerContext[default] - Could NOT find resource [logback-test.xml]
17:29:40,972 |-INFO in ch.qos.logback.classic.LoggerContext[default] - Could NOT find resource [logback.groovy]
17:29:40,972 |-INFO in ch.qos.logback.classic.LoggerContext[default] - Found resource [logback.xml] at [jar:file:/root/flamestream/lib/flamestream-runtime-1.0-SNAPSHOT.jar!/logback.xml]
17:29:40,973 |-WARN in ch.qos.logback.classic.LoggerContext[default] - Resource [logback.xml] occurs multiple times on the classpath.
17:29:40,973 |-WARN in ch.qos.logback.classic.LoggerContext[default] - Resource [logback.xml] occurs at [jar:file:/root/flamestream/lib/flamestream-runtime-1.0-SNAPSHOT.jar!/logback.xml]
17:29:40,973 |-WARN in ch.qos.logback.classic.LoggerContext[default] - Resource [logback.xml] occurs at [jar:file:/root/flamestream/flamestream-runtime-1.0-SNAPSHOT.jar!/logback.xml]
17:29:40,992 |-INFO in ch.qos.logback.core.joran.spi.ConfigurationWatchList@3fb6a447 - URL [jar:file:/root/flamestream/lib/flamestream-runtime-1.0-SNAPSHOT.jar!/logback.xml] is not of type file
17:29:41,063 |-INFO in ch.qos.logback.classic.joran.action.ConfigurationAction - debug attribute not set
17:29:41,064 |-INFO in ch.qos.logback.core.joran.action.AppenderAction - About to instantiate appender of type [ch.qos.logback.core.ConsoleAppender]
17:29:41,083 |-INFO in ch.qos.logback.core.joran.action.AppenderAction - Naming appender as [STDOUT]
17:29:41,097 |-INFO in ch.qos.logback.core.joran.action.NestedComplexPropertyIA - Assuming default type [ch.qos.logback.classic.encoder.PatternLayoutEncoder] for [encoder] property
17:29:41,185 |-INFO in ch.qos.logback.core.joran.action.AppenderAction - About to instantiate appender of type [ch.qos.logback.core.rolling.RollingFileAppender]
17:29:41,189 |-INFO in ch.qos.logback.core.joran.action.AppenderAction - Naming appender as [FILE]
17:29:41,221 |-INFO in c.q.l.core.rolling.TimeBasedRollingPolicy@127618319 - No compression will be used
17:29:41,223 |-INFO in c.q.l.core.rolling.TimeBasedRollingPolicy@127618319 - Will use the pattern /tmp/application_%d{yyyy-MM-dd}.%i.log for the active file
17:29:41,226 |-INFO in ch.qos.logback.core.rolling.SizeAndTimeBasedFNATP@6b2fad11 - The date pattern is 'yyyy-MM-dd' from file name pattern '/tmp/application_%d{yyyy-MM-dd}.%i.log'.
17:29:41,226 |-INFO in ch.qos.logback.core.rolling.SizeAndTimeBasedFNATP@6b2fad11 - Roll-over at midnight.
17:29:41,231 |-INFO in ch.qos.logback.core.rolling.SizeAndTimeBasedFNATP@6b2fad11 - Setting initial period to Mon Jun 10 17:28:13 UTC 2019
17:29:41,231 |-WARN in ch.qos.logback.core.rolling.SizeAndTimeBasedFNATP@6b2fad11 - SizeAndTimeBasedFNATP is deprecated. Use SizeAndTimeBasedRollingPolicy instead
17:29:41,231 |-WARN in ch.qos.logback.core.rolling.SizeAndTimeBasedFNATP@6b2fad11 - For more information see http://logback.qos.ch/manual/appenders.html#SizeAndTimeBasedRollingPolicy
17:29:41,235 |-INFO in ch.qos.logback.core.joran.action.NestedComplexPropertyIA - Assuming default type [ch.qos.logback.classic.encoder.PatternLayoutEncoder] for [encoder] property
17:29:41,240 |-INFO in ch.qos.logback.core.rolling.RollingFileAppender[FILE] - Active log file name: /tmp/application.log
17:29:41,240 |-INFO in ch.qos.logback.core.rolling.RollingFileAppender[FILE] - File property is set to [/tmp/application.log]
17:29:41,240 |-INFO in ch.qos.logback.classic.joran.action.RootLoggerAction - Setting level of ROOT logger to WARN
17:29:41,241 |-INFO in ch.qos.logback.core.joran.action.AppenderRefAction - Attaching appender named [STDOUT] to Logger[ROOT]
17:29:41,242 |-INFO in ch.qos.logback.core.joran.action.AppenderRefAction - Attaching appender named [FILE] to Logger[ROOT]
17:29:41,242 |-INFO in ch.qos.logback.classic.joran.action.ConfigurationAction - End of configuration.
17:29:41,243 |-INFO in ch.qos.logback.classic.joran.JoranConfigurator@79698539 - Registering current configuration as safe fallback point

Ama winner
Ama winner
2019-06-10T17:29:42.527+0000: 1.742: [Full GC (Metadata GC Threshold) 2019-06-10T17:29:42.527+0000: 1.742: [Tenured: 0K->15177K(341376K), 0.0413729 secs] 114988K->15177K(494976K), [Metaspace: 20736K->20736K(1067008K)], 0.0414407 secs] [Times: user=0.03 sys=0.01, real=0.04 secs] 
17:30:05.332 [Curator-PathChildrenCache-1] WARN  o.a.c.u.ZKPaths  - The version of ZooKeeper being used doesn't support Container nodes. CreateMode.PERSISTENT will be used instead.
2019-06-10T17:30:07.702+0000: 26.916: [GC (Allocation Failure) 2019-06-10T17:30:07.702+0000: 26.917: [DefNew: 136576K->17023K(153600K), 0.0282461 secs] 151753K->52709K(494976K), 0.0283230 secs] [Times: user=0.03 sys=0.00, real=0.03 secs] 
2019-06-10T17:30:09.949+0000: 29.164: [Full GC (Metadata GC Threshold) 2019-06-10T17:30:09.949+0000: 29.164: [Tenured: 35685K->44254K(341376K), 0.0634675 secs] 106585K->44254K(494976K), [Metaspace: 34604K->34604K(1079296K)], 0.0635469 secs] [Times: user=0.06 sys=0.01, real=0.07 secs] 
2019-06-10T17:30:16.090+0000: 35.304: [GC (Allocation Failure) 2019-06-10T17:30:16.090+0000: 35.304: [DefNew: 136576K->63K(153600K), 0.0018704 secs] 180830K->44317K(494976K), 0.0019316 secs] [Times: user=0.01 sys=0.00, real=0.01 secs] 
2019-06-10T17:30:22.266+0000: 41.481: [GC (Allocation Failure) 2019-06-10T17:30:22.266+0000: 41.481: [DefNew: 136639K->71K(153600K), 0.0017122 secs] 180893K->44325K(494976K), 0.0017728 secs] [Times: user=0.00 sys=0.00, real=0.00 secs] 
2019-06-10T17:30:28.321+0000: 47.535: [GC (Allocation Failure) 2019-06-10T17:30:28.321+0000: 47.535: [DefNew: 136647K->64K(153600K), 0.0016898 secs] 180901K->44318K(494976K), 0.0017611 secs] [Times: user=0.00 sys=0.00, real=0.00 secs] 
2019-06-10T17:30:34.448+0000: 53.663: [GC (Allocation Failure) 2019-06-10T17:30:34.448+0000: 53.663: [DefNew: 136640K->72K(153600K), 0.0016661 secs] 180894K->44326K(494976K), 0.0017268 secs] [Times: user=0.01 sys=0.00, real=0.00 secs] 
2019-06-10T17:30:42.109+0000: 61.324: [GC (Allocation Failure) 2019-06-10T17:30:42.109+0000: 61.324: [DefNew: 136648K->253K(153600K), 0.0020490 secs] 180902K->44507K(494976K), 0.0021089 secs] [Times: user=0.00 sys=0.00, real=0.01 secs] 
17:30:49.870 [Curator-PathChildrenCache-0] ERROR o.a.c.f.r.c.PathChildrenCache  - 
java.lang.IllegalStateException: instance must be started before calling this method
	at org.apache.curator.shaded.com.google.common.base.Preconditions.checkState(Preconditions.java:444)
	at org.apache.curator.framework.imps.CuratorFrameworkImpl.getChildren(CuratorFrameworkImpl.java:456)
	at org.apache.curator.framework.recipes.cache.PathChildrenCache.refresh(PathChildrenCache.java:521)
	at org.apache.curator.framework.recipes.cache.RefreshOperation.invoke(RefreshOperation.java:35)
	at org.apache.curator.framework.recipes.cache.PathChildrenCache$9.run(PathChildrenCache.java:786)
	at java.util.concurrent.Executors$RunnableAdapter.call(Executors.java:511)
	at java.util.concurrent.FutureTask.run(FutureTask.java:266)
	at java.util.concurrent.Executors$RunnableAdapter.call(Executors.java:511)
	at java.util.concurrent.FutureTask.run(FutureTask.java:266)
	at java.util.concurrent.ThreadPoolExecutor.runWorker(ThreadPoolExecutor.java:1149)
	at java.util.concurrent.ThreadPoolExecutor$Worker.run(ThreadPoolExecutor.java:624)
	at java.lang.Thread.run(Thread.java:748)
Heap
 def new generation   total 153600K, used 44702K [0x00000000e0c00000, 0x00000000eb2a0000, 0x00000000eb2a0000)
  eden space 136576K,  32% used [0x00000000e0c00000, 0x00000000e37683d0, 0x00000000e9160000)
  from space 17024K,   1% used [0x00000000e9160000, 0x00000000e919f4a8, 0x00000000ea200000)
  to   space 17024K,   0% used [0x00000000ea200000, 0x00000000ea200000, 0x00000000eb2a0000)
 tenured generation   total 341376K, used 44254K [0x00000000eb2a0000, 0x0000000100000000, 0x0000000100000000)
   the space 341376K,  12% used [0x00000000eb2a0000, 0x00000000eddd7940, 0x00000000eddd7a00, 0x0000000100000000)
 Metaspace       used 36123K, capacity 37062K, committed 37376K, reserved 1081344K
  class space    used 4868K, capacity 5075K, committed 5120K, reserved 1048576K
