17:03:13,453 |-INFO in ch.qos.logback.classic.LoggerContext[default] - Could NOT find resource [logback-test.xml]
17:03:13,453 |-INFO in ch.qos.logback.classic.LoggerContext[default] - Could NOT find resource [logback.groovy]
17:03:13,453 |-INFO in ch.qos.logback.classic.LoggerContext[default] - Found resource [logback.xml] at [jar:file:/root/flamestream/lib/flamestream-runtime-1.0-SNAPSHOT.jar!/logback.xml]
17:03:13,454 |-WARN in ch.qos.logback.classic.LoggerContext[default] - Resource [logback.xml] occurs multiple times on the classpath.
17:03:13,454 |-WARN in ch.qos.logback.classic.LoggerContext[default] - Resource [logback.xml] occurs at [jar:file:/root/flamestream/lib/flamestream-runtime-1.0-SNAPSHOT.jar!/logback.xml]
17:03:13,454 |-WARN in ch.qos.logback.classic.LoggerContext[default] - Resource [logback.xml] occurs at [jar:file:/root/flamestream/flamestream-runtime-1.0-SNAPSHOT.jar!/logback.xml]
17:03:13,477 |-INFO in ch.qos.logback.core.joran.spi.ConfigurationWatchList@3fb6a447 - URL [jar:file:/root/flamestream/lib/flamestream-runtime-1.0-SNAPSHOT.jar!/logback.xml] is not of type file
17:03:13,553 |-INFO in ch.qos.logback.classic.joran.action.ConfigurationAction - debug attribute not set
17:03:13,553 |-INFO in ch.qos.logback.core.joran.action.AppenderAction - About to instantiate appender of type [ch.qos.logback.core.ConsoleAppender]
17:03:13,571 |-INFO in ch.qos.logback.core.joran.action.AppenderAction - Naming appender as [STDOUT]
17:03:13,588 |-INFO in ch.qos.logback.core.joran.action.NestedComplexPropertyIA - Assuming default type [ch.qos.logback.classic.encoder.PatternLayoutEncoder] for [encoder] property
17:03:13,666 |-INFO in ch.qos.logback.core.joran.action.AppenderAction - About to instantiate appender of type [ch.qos.logback.core.rolling.RollingFileAppender]
17:03:13,675 |-INFO in ch.qos.logback.core.joran.action.AppenderAction - Naming appender as [FILE]
17:03:13,705 |-INFO in c.q.l.core.rolling.TimeBasedRollingPolicy@127618319 - No compression will be used
17:03:13,706 |-INFO in c.q.l.core.rolling.TimeBasedRollingPolicy@127618319 - Will use the pattern /tmp/application_%d{yyyy-MM-dd}.%i.log for the active file
17:03:13,709 |-INFO in ch.qos.logback.core.rolling.SizeAndTimeBasedFNATP@6b2fad11 - The date pattern is 'yyyy-MM-dd' from file name pattern '/tmp/application_%d{yyyy-MM-dd}.%i.log'.
17:03:13,709 |-INFO in ch.qos.logback.core.rolling.SizeAndTimeBasedFNATP@6b2fad11 - Roll-over at midnight.
17:03:13,714 |-INFO in ch.qos.logback.core.rolling.SizeAndTimeBasedFNATP@6b2fad11 - Setting initial period to Mon Jun 10 17:01:39 UTC 2019
17:03:13,714 |-WARN in ch.qos.logback.core.rolling.SizeAndTimeBasedFNATP@6b2fad11 - SizeAndTimeBasedFNATP is deprecated. Use SizeAndTimeBasedRollingPolicy instead
17:03:13,714 |-WARN in ch.qos.logback.core.rolling.SizeAndTimeBasedFNATP@6b2fad11 - For more information see http://logback.qos.ch/manual/appenders.html#SizeAndTimeBasedRollingPolicy
17:03:13,718 |-INFO in ch.qos.logback.core.joran.action.NestedComplexPropertyIA - Assuming default type [ch.qos.logback.classic.encoder.PatternLayoutEncoder] for [encoder] property
17:03:13,723 |-INFO in ch.qos.logback.core.rolling.RollingFileAppender[FILE] - Active log file name: /tmp/application.log
17:03:13,723 |-INFO in ch.qos.logback.core.rolling.RollingFileAppender[FILE] - File property is set to [/tmp/application.log]
17:03:13,724 |-INFO in ch.qos.logback.classic.joran.action.RootLoggerAction - Setting level of ROOT logger to WARN
17:03:13,724 |-INFO in ch.qos.logback.core.joran.action.AppenderRefAction - Attaching appender named [STDOUT] to Logger[ROOT]
17:03:13,726 |-INFO in ch.qos.logback.core.joran.action.AppenderRefAction - Attaching appender named [FILE] to Logger[ROOT]
17:03:13,726 |-INFO in ch.qos.logback.classic.joran.action.ConfigurationAction - End of configuration.
17:03:13,726 |-INFO in ch.qos.logback.classic.joran.JoranConfigurator@79698539 - Registering current configuration as safe fallback point

Ama winner
Ama winner
2019-06-10T17:03:14.988+0000: 1.716: [Full GC (Metadata GC Threshold) 2019-06-10T17:03:14.988+0000: 1.716: [Tenured: 0K->15240K(341376K), 0.0377654 secs] 117750K->15240K(494976K), [Metaspace: 20733K->20733K(1067008K)], 0.0378346 secs] [Times: user=0.03 sys=0.00, real=0.03 secs] 
17:03:35.675 [Curator-PathChildrenCache-1] WARN  o.a.c.u.ZKPaths  - The version of ZooKeeper being used doesn't support Container nodes. CreateMode.PERSISTENT will be used instead.
2019-06-10T17:03:37.846+0000: 24.575: [GC (Allocation Failure) 2019-06-10T17:03:37.846+0000: 24.575: [DefNew: 117757K->17024K(153600K), 0.0185389 secs] 132998K->32845K(494976K), 0.0186048 secs] [Times: user=0.02 sys=0.01, real=0.01 secs] 
2019-06-10T17:03:39.646+0000: 26.374: [Full GC (Metadata GC Threshold) 2019-06-10T17:03:39.646+0000: 26.374: [Tenured: 15821K->44047K(341376K), 0.0534013 secs] 91726K->44047K(494976K), [Metaspace: 34613K->34613K(1079296K)], 0.0534791 secs] [Times: user=0.04 sys=0.01, real=0.06 secs] 
2019-06-10T17:03:45.414+0000: 32.143: [GC (Allocation Failure) 2019-06-10T17:03:45.414+0000: 32.143: [DefNew: 136576K->95K(153600K), 0.0018825 secs] 180623K->44142K(494976K), 0.0019372 secs] [Times: user=0.00 sys=0.00, real=0.01 secs] 
2019-06-10T17:03:51.160+0000: 37.889: [GC (Allocation Failure) 2019-06-10T17:03:51.160+0000: 37.889: [DefNew: 136671K->128K(153600K), 0.0017571 secs] 180718K->44175K(494976K), 0.0018184 secs] [Times: user=0.01 sys=0.00, real=0.00 secs] 
2019-06-10T17:03:56.915+0000: 43.644: [GC (Allocation Failure) 2019-06-10T17:03:56.915+0000: 43.644: [DefNew: 136704K->128K(153600K), 0.0017588 secs] 180751K->44175K(494976K), 0.0018198 secs] [Times: user=0.00 sys=0.00, real=0.00 secs] 
2019-06-10T17:04:02.712+0000: 49.440: [GC (Allocation Failure) 2019-06-10T17:04:02.712+0000: 49.440: [DefNew: 136704K->131K(153600K), 0.0018312 secs] 180751K->44179K(494976K), 0.0018927 secs] [Times: user=0.00 sys=0.00, real=0.00 secs] 
2019-06-10T17:04:15.064+0000: 61.793: [GC (Allocation Failure) 2019-06-10T17:04:15.064+0000: 61.793: [DefNew: 136707K->310K(153600K), 0.0025312 secs] 180755K->44357K(494976K), 0.0025941 secs] [Times: user=0.00 sys=0.00, real=0.01 secs] 
17:04:18.578 [Curator-PathChildrenCache-0] ERROR o.a.c.f.r.c.PathChildrenCache  - 
java.lang.IllegalStateException: instance must be started before calling this method
	at org.apache.curator.shaded.com.google.common.base.Preconditions.checkState(Preconditions.java:444)
	at org.apache.curator.framework.imps.CuratorFrameworkImpl.getChildren(CuratorFrameworkImpl.java:456)
	at org.apache.curator.framework.recipes.cache.PathChildrenCache.refresh(PathChildrenCache.java:521)
	at org.apache.curator.framework.recipes.cache.RefreshOperation.invoke(RefreshOperation.java:35)
	at org.apache.curator.framework.recipes.cache.PathChildrenCache$9.run(PathChildrenCache.java:786)
	at java.util.concurrent.Executors$RunnableAdapter.call(Executors.java:511)
	at java.util.concurrent.FutureTask.run(FutureTask.java:266)
	at java.util.concurrent.Executors$RunnableAdapter.call(Executors.java:511)
	at java.util.concurrent.FutureTask.run(FutureTask.java:266)
	at java.util.concurrent.ThreadPoolExecutor.runWorker(ThreadPoolExecutor.java:1149)
	at java.util.concurrent.ThreadPoolExecutor$Worker.run(ThreadPoolExecutor.java:624)
	at java.lang.Thread.run(Thread.java:748)
Heap
 def new generation   total 153600K, used 29615K [0x00000000e0c00000, 0x00000000eb2a0000, 0x00000000eb2a0000)
  eden space 136576K,  21% used [0x00000000e0c00000, 0x00000000e289e3c0, 0x00000000e9160000)
  from space 17024K,   1% used [0x00000000e9160000, 0x00000000e91ad940, 0x00000000ea200000)
  to   space 17024K,   0% used [0x00000000ea200000, 0x00000000ea200000, 0x00000000eb2a0000)
 tenured generation   total 341376K, used 44047K [0x00000000eb2a0000, 0x0000000100000000, 0x0000000100000000)
   the space 341376K,  12% used [0x00000000eb2a0000, 0x00000000edda3cc0, 0x00000000edda3e00, 0x0000000100000000)
 Metaspace       used 36124K, capacity 36998K, committed 37120K, reserved 1081344K
  class space    used 4872K, capacity 5075K, committed 5120K, reserved 1048576K
