18:03:40,308 |-INFO in ch.qos.logback.classic.LoggerContext[default] - Could NOT find resource [logback-test.xml]
18:03:40,309 |-INFO in ch.qos.logback.classic.LoggerContext[default] - Could NOT find resource [logback.groovy]
18:03:40,309 |-INFO in ch.qos.logback.classic.LoggerContext[default] - Found resource [logback.xml] at [jar:file:/root/flamestream/lib/flamestream-runtime-1.0-SNAPSHOT.jar!/logback.xml]
18:03:40,310 |-WARN in ch.qos.logback.classic.LoggerContext[default] - Resource [logback.xml] occurs multiple times on the classpath.
18:03:40,310 |-WARN in ch.qos.logback.classic.LoggerContext[default] - Resource [logback.xml] occurs at [jar:file:/root/flamestream/lib/flamestream-runtime-1.0-SNAPSHOT.jar!/logback.xml]
18:03:40,310 |-WARN in ch.qos.logback.classic.LoggerContext[default] - Resource [logback.xml] occurs at [jar:file:/root/flamestream/flamestream-runtime-1.0-SNAPSHOT.jar!/logback.xml]
18:03:40,329 |-INFO in ch.qos.logback.core.joran.spi.ConfigurationWatchList@3fb6a447 - URL [jar:file:/root/flamestream/lib/flamestream-runtime-1.0-SNAPSHOT.jar!/logback.xml] is not of type file
18:03:40,400 |-INFO in ch.qos.logback.classic.joran.action.ConfigurationAction - debug attribute not set
18:03:40,400 |-INFO in ch.qos.logback.core.joran.action.AppenderAction - About to instantiate appender of type [ch.qos.logback.core.ConsoleAppender]
18:03:40,418 |-INFO in ch.qos.logback.core.joran.action.AppenderAction - Naming appender as [STDOUT]
18:03:40,436 |-INFO in ch.qos.logback.core.joran.action.NestedComplexPropertyIA - Assuming default type [ch.qos.logback.classic.encoder.PatternLayoutEncoder] for [encoder] property
18:03:40,521 |-INFO in ch.qos.logback.core.joran.action.AppenderAction - About to instantiate appender of type [ch.qos.logback.core.rolling.RollingFileAppender]
18:03:40,527 |-INFO in ch.qos.logback.core.joran.action.AppenderAction - Naming appender as [FILE]
18:03:40,559 |-INFO in c.q.l.core.rolling.TimeBasedRollingPolicy@127618319 - No compression will be used
18:03:40,561 |-INFO in c.q.l.core.rolling.TimeBasedRollingPolicy@127618319 - Will use the pattern /tmp/application_%d{yyyy-MM-dd}.%i.log for the active file
18:03:40,564 |-INFO in ch.qos.logback.core.rolling.SizeAndTimeBasedFNATP@6b2fad11 - The date pattern is 'yyyy-MM-dd' from file name pattern '/tmp/application_%d{yyyy-MM-dd}.%i.log'.
18:03:40,564 |-INFO in ch.qos.logback.core.rolling.SizeAndTimeBasedFNATP@6b2fad11 - Roll-over at midnight.
18:03:40,569 |-INFO in ch.qos.logback.core.rolling.SizeAndTimeBasedFNATP@6b2fad11 - Setting initial period to Mon Jun 10 18:02:14 UTC 2019
18:03:40,569 |-WARN in ch.qos.logback.core.rolling.SizeAndTimeBasedFNATP@6b2fad11 - SizeAndTimeBasedFNATP is deprecated. Use SizeAndTimeBasedRollingPolicy instead
18:03:40,569 |-WARN in ch.qos.logback.core.rolling.SizeAndTimeBasedFNATP@6b2fad11 - For more information see http://logback.qos.ch/manual/appenders.html#SizeAndTimeBasedRollingPolicy
18:03:40,573 |-INFO in ch.qos.logback.core.joran.action.NestedComplexPropertyIA - Assuming default type [ch.qos.logback.classic.encoder.PatternLayoutEncoder] for [encoder] property
18:03:40,578 |-INFO in ch.qos.logback.core.rolling.RollingFileAppender[FILE] - Active log file name: /tmp/application.log
18:03:40,578 |-INFO in ch.qos.logback.core.rolling.RollingFileAppender[FILE] - File property is set to [/tmp/application.log]
18:03:40,579 |-INFO in ch.qos.logback.classic.joran.action.RootLoggerAction - Setting level of ROOT logger to WARN
18:03:40,579 |-INFO in ch.qos.logback.core.joran.action.AppenderRefAction - Attaching appender named [STDOUT] to Logger[ROOT]
18:03:40,581 |-INFO in ch.qos.logback.core.joran.action.AppenderRefAction - Attaching appender named [FILE] to Logger[ROOT]
18:03:40,581 |-INFO in ch.qos.logback.classic.joran.action.ConfigurationAction - End of configuration.
18:03:40,581 |-INFO in ch.qos.logback.classic.joran.JoranConfigurator@79698539 - Registering current configuration as safe fallback point

Ama winner
Ama winner
2019-06-10T18:03:41.892+0000: 1.770: [Full GC (Metadata GC Threshold) 2019-06-10T18:03:41.892+0000: 1.770: [Tenured: 0K->15143K(341376K), 0.0408801 secs] 114924K->15143K(494976K), [Metaspace: 20736K->20736K(1067008K)], 0.0409569 secs] [Times: user=0.04 sys=0.00, real=0.04 secs] 
2019-06-10T18:04:13.016+0000: 32.894: [GC (GCLocker Initiated GC) 2019-06-10T18:04:13.016+0000: 32.894: [DefNew: 118171K->17023K(153600K), 0.0183207 secs] 152846K->52710K(494976K), 0.0184003 secs] [Times: user=0.02 sys=0.00, real=0.02 secs] 
2019-06-10T18:04:13.761+0000: 33.640: [Full GC (Metadata GC Threshold) 2019-06-10T18:04:13.762+0000: 33.640: [Tenured: 35686K->44640K(341376K), 0.0385693 secs] 75455K->44640K(494976K), [Metaspace: 34560K->34560K(1079296K)], 0.0386526 secs] [Times: user=0.04 sys=0.00, real=0.04 secs] 
2019-06-10T18:04:16.045+0000: 35.924: [GC (Allocation Failure) 2019-06-10T18:04:16.045+0000: 35.924: [DefNew: 136576K->155K(153600K), 0.0021530 secs] 181216K->44796K(494976K), 0.0022169 secs] [Times: user=0.00 sys=0.00, real=0.00 secs] 
2019-06-10T18:04:18.161+0000: 38.039: [GC (Allocation Failure) 2019-06-10T18:04:18.161+0000: 38.039: [DefNew: 136731K->178K(153600K), 0.0019040 secs] 181372K->44818K(494976K), 0.0019763 secs] [Times: user=0.00 sys=0.00, real=0.00 secs] 
2019-06-10T18:04:20.401+0000: 40.279: [GC (Allocation Failure) 2019-06-10T18:04:20.401+0000: 40.279: [DefNew: 136754K->222K(153600K), 0.0019168 secs] 181394K->44863K(494976K), 0.0019783 secs] [Times: user=0.00 sys=0.00, real=0.00 secs] 
2019-06-10T18:04:22.629+0000: 42.507: [GC (Allocation Failure) 2019-06-10T18:04:22.629+0000: 42.507: [DefNew: 136798K->221K(153600K), 0.0020433 secs] 181439K->44862K(494976K), 0.0021126 secs] [Times: user=0.00 sys=0.00, real=0.00 secs] 
2019-06-10T18:04:24.843+0000: 44.721: [GC (Allocation Failure) 2019-06-10T18:04:24.843+0000: 44.721: [DefNew: 136797K->225K(153600K), 0.0020649 secs] 181438K->44866K(494976K), 0.0021389 secs] [Times: user=0.00 sys=0.00, real=0.00 secs] 
2019-06-10T18:04:38.089+0000: 57.967: [GC (Allocation Failure) 2019-06-10T18:04:38.089+0000: 57.967: [DefNew: 136801K->222K(153600K), 0.0020767 secs] 181442K->44863K(494976K), 0.0021404 secs] [Times: user=0.00 sys=0.00, real=0.00 secs] 
18:04:42.965 [Curator-PathChildrenCache-0] ERROR o.a.c.f.r.c.PathChildrenCache  - 
java.lang.IllegalStateException: instance must be started before calling this method
	at org.apache.curator.shaded.com.google.common.base.Preconditions.checkState(Preconditions.java:444)
	at org.apache.curator.framework.imps.CuratorFrameworkImpl.getChildren(CuratorFrameworkImpl.java:456)
	at org.apache.curator.framework.recipes.cache.PathChildrenCache.refresh(PathChildrenCache.java:521)
	at org.apache.curator.framework.recipes.cache.RefreshOperation.invoke(RefreshOperation.java:35)
	at org.apache.curator.framework.recipes.cache.PathChildrenCache$9.run(PathChildrenCache.java:786)
	at java.util.concurrent.Executors$RunnableAdapter.call(Executors.java:511)
	at java.util.concurrent.FutureTask.run(FutureTask.java:266)
	at java.util.concurrent.Executors$RunnableAdapter.call(Executors.java:511)
	at java.util.concurrent.FutureTask.run(FutureTask.java:266)
	at java.util.concurrent.ThreadPoolExecutor.runWorker(ThreadPoolExecutor.java:1149)
	at java.util.concurrent.ThreadPoolExecutor$Worker.run(ThreadPoolExecutor.java:624)
	at java.lang.Thread.run(Thread.java:748)
Heap
 def new generation   total 153600K, used 56998K [0x00000000e0c00000, 0x00000000eb2a0000, 0x00000000eb2a0000)
  eden space 136576K,  41% used [0x00000000e0c00000, 0x00000000e4371fc0, 0x00000000e9160000)
  from space 17024K,   1% used [0x00000000ea200000, 0x00000000ea237978, 0x00000000eb2a0000)
  to   space 17024K,   0% used [0x00000000e9160000, 0x00000000e9160000, 0x00000000ea200000)
 tenured generation   total 341376K, used 44640K [0x00000000eb2a0000, 0x0000000100000000, 0x0000000100000000)
   the space 341376K,  13% used [0x00000000eb2a0000, 0x00000000ede382f8, 0x00000000ede38400, 0x0000000100000000)
 Metaspace       used 36380K, capacity 37398K, committed 37760K, reserved 1081344K
  class space    used 4907K, capacity 5137K, committed 5248K, reserved 1048576K
