06:32:26,448 |-INFO in ch.qos.logback.classic.LoggerContext[default] - Could NOT find resource [logback-test.xml]
06:32:26,448 |-INFO in ch.qos.logback.classic.LoggerContext[default] - Could NOT find resource [logback.groovy]
06:32:26,449 |-INFO in ch.qos.logback.classic.LoggerContext[default] - Found resource [logback.xml] at [jar:file:/home/nikitasokolov/flamestream/lib/flamestream-runtime-1.0-SNAPSHOT.jar!/logback.xml]
06:32:26,449 |-WARN in ch.qos.logback.classic.LoggerContext[default] - Resource [logback.xml] occurs multiple times on the classpath.
06:32:26,449 |-WARN in ch.qos.logback.classic.LoggerContext[default] - Resource [logback.xml] occurs at [jar:file:/home/nikitasokolov/flamestream/lib/flamestream-runtime-1.0-SNAPSHOT.jar!/logback.xml]
06:32:26,449 |-WARN in ch.qos.logback.classic.LoggerContext[default] - Resource [logback.xml] occurs at [jar:file:/home/nikitasokolov/flamestream/flamestream-runtime-1.0-SNAPSHOT.jar!/logback.xml]
06:32:26,466 |-INFO in ch.qos.logback.core.joran.spi.ConfigurationWatchList@6108b2d7 - URL [jar:file:/home/nikitasokolov/flamestream/lib/flamestream-runtime-1.0-SNAPSHOT.jar!/logback.xml] is not of type file
06:32:26,518 |-INFO in ch.qos.logback.classic.joran.action.ConfigurationAction - debug attribute not set
06:32:26,519 |-INFO in ch.qos.logback.core.joran.action.AppenderAction - About to instantiate appender of type [ch.qos.logback.core.ConsoleAppender]
06:32:26,530 |-INFO in ch.qos.logback.core.joran.action.AppenderAction - Naming appender as [STDOUT]
06:32:26,538 |-INFO in ch.qos.logback.core.joran.action.NestedComplexPropertyIA - Assuming default type [ch.qos.logback.classic.encoder.PatternLayoutEncoder] for [encoder] property
06:32:26,592 |-INFO in ch.qos.logback.core.joran.action.AppenderAction - About to instantiate appender of type [ch.qos.logback.core.rolling.RollingFileAppender]
06:32:26,597 |-INFO in ch.qos.logback.core.joran.action.AppenderAction - Naming appender as [FILE]
06:32:26,620 |-INFO in c.q.l.core.rolling.TimeBasedRollingPolicy@357863579 - No compression will be used
06:32:26,621 |-INFO in c.q.l.core.rolling.TimeBasedRollingPolicy@357863579 - Will use the pattern /tmp/application_%d{yyyy-MM-dd}.%i.log for the active file
06:32:26,624 |-INFO in ch.qos.logback.core.rolling.SizeAndTimeBasedFNATP@6bf256fa - The date pattern is 'yyyy-MM-dd' from file name pattern '/tmp/application_%d{yyyy-MM-dd}.%i.log'.
06:32:26,624 |-INFO in ch.qos.logback.core.rolling.SizeAndTimeBasedFNATP@6bf256fa - Roll-over at midnight.
06:32:26,628 |-INFO in ch.qos.logback.core.rolling.SizeAndTimeBasedFNATP@6bf256fa - Setting initial period to Sun Jun 09 06:31:38 MSK 2019
06:32:26,628 |-WARN in ch.qos.logback.core.rolling.SizeAndTimeBasedFNATP@6bf256fa - SizeAndTimeBasedFNATP is deprecated. Use SizeAndTimeBasedRollingPolicy instead
06:32:26,628 |-WARN in ch.qos.logback.core.rolling.SizeAndTimeBasedFNATP@6bf256fa - For more information see http://logback.qos.ch/manual/appenders.html#SizeAndTimeBasedRollingPolicy
06:32:26,633 |-INFO in ch.qos.logback.core.joran.action.NestedComplexPropertyIA - Assuming default type [ch.qos.logback.classic.encoder.PatternLayoutEncoder] for [encoder] property
06:32:26,636 |-INFO in ch.qos.logback.core.rolling.RollingFileAppender[FILE] - Active log file name: /tmp/application.log
06:32:26,636 |-INFO in ch.qos.logback.core.rolling.RollingFileAppender[FILE] - File property is set to [/tmp/application.log]
06:32:26,637 |-INFO in ch.qos.logback.classic.joran.action.RootLoggerAction - Setting level of ROOT logger to WARN
06:32:26,637 |-INFO in ch.qos.logback.core.joran.action.AppenderRefAction - Attaching appender named [STDOUT] to Logger[ROOT]
06:32:26,638 |-INFO in ch.qos.logback.core.joran.action.AppenderRefAction - Attaching appender named [FILE] to Logger[ROOT]
06:32:26,638 |-INFO in ch.qos.logback.classic.joran.action.ConfigurationAction - End of configuration.
06:32:26,638 |-INFO in ch.qos.logback.classic.joran.JoranConfigurator@6cd8737 - Registering current configuration as safe fallback point

2019-06-09T06:32:27.620+0300: 1.369: [GC (Metadata GC Threshold) [PSYoungGen: 105581K->15934K(149504K)] 105581K->16014K(491008K), 0.0196282 secs] [Times: user=0.05 sys=0.02, real=0.02 secs] 
2019-06-09T06:32:27.640+0300: 1.389: [Full GC (Metadata GC Threshold) [PSYoungGen: 15934K->0K(149504K)] [ParOldGen: 80K->14981K(341504K)] 16014K->14981K(491008K), [Metaspace: 20800K->20800K(1067008K)], 0.0241727 secs] [Times: user=0.15 sys=0.01, real=0.02 secs] 
06:32:36.321 [Curator-PathChildrenCache-1] WARN  o.a.c.u.ZKPaths  - The version of ZooKeeper being used doesn't support Container nodes. CreateMode.PERSISTENT will be used instead.
2019-06-09T06:32:37.252+0300: 11.001: [GC (Metadata GC Threshold) [PSYoungGen: 127411K->16022K(149504K)] 142392K->50543K(491008K), 0.0297177 secs] [Times: user=0.26 sys=0.02, real=0.03 secs] 
2019-06-09T06:32:37.281+0300: 11.031: [Full GC (Metadata GC Threshold) [PSYoungGen: 16022K->0K(149504K)] [ParOldGen: 34520K->38845K(341504K)] 50543K->38845K(491008K), [Metaspace: 34568K->34568K(1079296K)], 0.0486189 secs] [Times: user=0.33 sys=0.01, real=0.05 secs] 
2019-06-09T06:32:41.514+0300: 15.263: [GC (Allocation Failure) [PSYoungGen: 128512K->480K(149504K)] 167357K->39333K(491008K), 0.0046207 secs] [Times: user=0.02 sys=0.01, real=0.01 secs] 
2019-06-09T06:32:46.311+0300: 20.061: [GC (Allocation Failure) [PSYoungGen: 128992K->416K(149504K)] 167845K->39277K(491008K), 0.0059199 secs] [Times: user=0.04 sys=0.00, real=0.00 secs] 
2019-06-09T06:32:51.025+0300: 24.774: [GC (Allocation Failure) [PSYoungGen: 128928K->416K(129024K)] 167789K->39285K(470528K), 0.0809982 secs] [Times: user=0.02 sys=0.03, real=0.08 secs] 
2019-06-09T06:32:55.839+0300: 29.588: [GC (Allocation Failure) [PSYoungGen: 128928K->480K(149504K)] 167797K->39349K(491008K), 0.0036243 secs] [Times: user=0.02 sys=0.00, real=0.00 secs] 
2019-06-09T06:33:00.669+0300: 34.418: [GC (Allocation Failure) [PSYoungGen: 128480K->544K(148992K)] 167349K->39421K(490496K), 0.0036095 secs] [Times: user=0.01 sys=0.01, real=0.01 secs] 
2019-06-09T06:33:05.554+0300: 39.303: [GC (Allocation Failure) [PSYoungGen: 128544K->544K(151552K)] 167421K->39429K(493056K), 0.0026962 secs] [Times: user=0.02 sys=0.00, real=0.00 secs] 
2019-06-09T06:33:10.547+0300: 44.296: [GC (Allocation Failure) [PSYoungGen: 132128K->576K(150528K)] 171013K->39469K(492032K), 0.0664528 secs] [Times: user=0.03 sys=0.01, real=0.07 secs] 
2019-06-09T06:33:15.512+0300: 49.261: [GC (Allocation Failure) [PSYoungGen: 132160K->576K(153088K)] 171053K->39469K(494592K), 0.0027143 secs] [Times: user=0.01 sys=0.01, real=0.00 secs] 
2019-06-09T06:33:20.648+0300: 54.398: [GC (Allocation Failure) [PSYoungGen: 135744K->512K(152576K)] 174637K->39405K(494080K), 0.0035585 secs] [Times: user=0.02 sys=0.00, real=0.01 secs] 
2019-06-09T06:33:25.808+0300: 59.558: [GC (Allocation Failure) [PSYoungGen: 135680K->480K(154624K)] 174573K->39373K(496128K), 0.0742669 secs] [Times: user=0.01 sys=0.00, real=0.08 secs] 
2019-06-09T06:33:31.744+0300: 65.493: [GC (Allocation Failure) [PSYoungGen: 138720K->992K(154112K)] 177613K->39893K(495616K), 0.0037265 secs] [Times: user=0.02 sys=0.00, real=0.00 secs] 
2019-06-09T06:33:38.416+0300: 72.165: [GC (Allocation Failure) [PSYoungGen: 139232K->640K(156672K)] 178133K->39549K(498176K), 0.0040320 secs] [Times: user=0.03 sys=0.00, real=0.01 secs] 
2019-06-09T06:33:45.180+0300: 78.929: [GC (Allocation Failure) [PSYoungGen: 142464K->704K(155648K)] 181373K->39621K(497152K), 0.0038366 secs] [Times: user=0.02 sys=0.00, real=0.00 secs] 
06:33:53.448 [Curator-PathChildrenCache-0] ERROR o.a.c.f.r.c.PathChildrenCache  - 
java.lang.IllegalStateException: instance must be started before calling this method
	at org.apache.curator.shaded.com.google.common.base.Preconditions.checkState(Preconditions.java:444)
	at org.apache.curator.framework.imps.CuratorFrameworkImpl.getChildren(CuratorFrameworkImpl.java:456)
	at org.apache.curator.framework.recipes.cache.PathChildrenCache.refresh(PathChildrenCache.java:521)
	at org.apache.curator.framework.recipes.cache.RefreshOperation.invoke(RefreshOperation.java:35)
	at org.apache.curator.framework.recipes.cache.PathChildrenCache$9.run(PathChildrenCache.java:786)
	at java.util.concurrent.Executors$RunnableAdapter.call(Executors.java:511)
	at java.util.concurrent.FutureTask.run(FutureTask.java:266)
	at java.util.concurrent.Executors$RunnableAdapter.call(Executors.java:511)
	at java.util.concurrent.FutureTask.run(FutureTask.java:266)
	at java.util.concurrent.ThreadPoolExecutor.runWorker(ThreadPoolExecutor.java:1149)
	at java.util.concurrent.ThreadPoolExecutor$Worker.run(ThreadPoolExecutor.java:624)
	at java.lang.Thread.run(Thread.java:748)
Heap
 PSYoungGen      total 155648K, used 18788K [0x00000000f5980000, 0x0000000100000000, 0x0000000100000000)
  eden space 141824K, 12% used [0x00000000f5980000,0x00000000f6b29228,0x00000000fe400000)
  from space 13824K, 5% used [0x00000000fe400000,0x00000000fe4b0060,0x00000000ff180000)
  to   space 13312K, 0% used [0x00000000ff300000,0x00000000ff300000,0x0000000100000000)
 ParOldGen       total 341504K, used 38917K [0x00000000e0c00000, 0x00000000f5980000, 0x00000000f5980000)
  object space 341504K, 11% used [0x00000000e0c00000,0x00000000e3201458,0x00000000f5980000)
 Metaspace       used 36206K, capacity 37022K, committed 37208K, reserved 1081344K
  class space    used 4977K, capacity 5161K, committed 5248K, reserved 1048576K
