23:46:36,727 |-INFO in ch.qos.logback.classic.LoggerContext[default] - Could NOT find resource [logback-test.xml]
23:46:36,727 |-INFO in ch.qos.logback.classic.LoggerContext[default] - Could NOT find resource [logback.groovy]
23:46:36,727 |-INFO in ch.qos.logback.classic.LoggerContext[default] - Found resource [logback.xml] at [jar:file:/home/nikitasokolov/flamestream/lib/flamestream-runtime-1.0-SNAPSHOT.jar!/logback.xml]
23:46:36,728 |-WARN in ch.qos.logback.classic.LoggerContext[default] - Resource [logback.xml] occurs multiple times on the classpath.
23:46:36,728 |-WARN in ch.qos.logback.classic.LoggerContext[default] - Resource [logback.xml] occurs at [jar:file:/home/nikitasokolov/flamestream/lib/flamestream-runtime-1.0-SNAPSHOT.jar!/logback.xml]
23:46:36,728 |-WARN in ch.qos.logback.classic.LoggerContext[default] - Resource [logback.xml] occurs at [jar:file:/home/nikitasokolov/flamestream/flamestream-runtime-1.0-SNAPSHOT.jar!/logback.xml]
23:46:36,744 |-INFO in ch.qos.logback.core.joran.spi.ConfigurationWatchList@6108b2d7 - URL [jar:file:/home/nikitasokolov/flamestream/lib/flamestream-runtime-1.0-SNAPSHOT.jar!/logback.xml] is not of type file
23:46:36,796 |-INFO in ch.qos.logback.classic.joran.action.ConfigurationAction - debug attribute not set
23:46:36,797 |-INFO in ch.qos.logback.core.joran.action.AppenderAction - About to instantiate appender of type [ch.qos.logback.core.ConsoleAppender]
23:46:36,808 |-INFO in ch.qos.logback.core.joran.action.AppenderAction - Naming appender as [STDOUT]
23:46:36,817 |-INFO in ch.qos.logback.core.joran.action.NestedComplexPropertyIA - Assuming default type [ch.qos.logback.classic.encoder.PatternLayoutEncoder] for [encoder] property
23:46:36,875 |-INFO in ch.qos.logback.core.joran.action.AppenderAction - About to instantiate appender of type [ch.qos.logback.core.rolling.RollingFileAppender]
23:46:36,880 |-INFO in ch.qos.logback.core.joran.action.AppenderAction - Naming appender as [FILE]
23:46:36,903 |-INFO in c.q.l.core.rolling.TimeBasedRollingPolicy@357863579 - No compression will be used
23:46:36,904 |-INFO in c.q.l.core.rolling.TimeBasedRollingPolicy@357863579 - Will use the pattern /tmp/application_%d{yyyy-MM-dd}.%i.log for the active file
23:46:36,907 |-INFO in ch.qos.logback.core.rolling.SizeAndTimeBasedFNATP@6bf256fa - The date pattern is 'yyyy-MM-dd' from file name pattern '/tmp/application_%d{yyyy-MM-dd}.%i.log'.
23:46:36,907 |-INFO in ch.qos.logback.core.rolling.SizeAndTimeBasedFNATP@6bf256fa - Roll-over at midnight.
23:46:36,911 |-INFO in ch.qos.logback.core.rolling.SizeAndTimeBasedFNATP@6bf256fa - Setting initial period to Sat Jun 08 23:45:48 MSK 2019
23:46:36,911 |-WARN in ch.qos.logback.core.rolling.SizeAndTimeBasedFNATP@6bf256fa - SizeAndTimeBasedFNATP is deprecated. Use SizeAndTimeBasedRollingPolicy instead
23:46:36,911 |-WARN in ch.qos.logback.core.rolling.SizeAndTimeBasedFNATP@6bf256fa - For more information see http://logback.qos.ch/manual/appenders.html#SizeAndTimeBasedRollingPolicy
23:46:36,915 |-INFO in ch.qos.logback.core.joran.action.NestedComplexPropertyIA - Assuming default type [ch.qos.logback.classic.encoder.PatternLayoutEncoder] for [encoder] property
23:46:36,918 |-INFO in ch.qos.logback.core.rolling.RollingFileAppender[FILE] - Active log file name: /tmp/application.log
23:46:36,918 |-INFO in ch.qos.logback.core.rolling.RollingFileAppender[FILE] - File property is set to [/tmp/application.log]
23:46:36,919 |-INFO in ch.qos.logback.classic.joran.action.RootLoggerAction - Setting level of ROOT logger to WARN
23:46:36,919 |-INFO in ch.qos.logback.core.joran.action.AppenderRefAction - Attaching appender named [STDOUT] to Logger[ROOT]
23:46:36,919 |-INFO in ch.qos.logback.core.joran.action.AppenderRefAction - Attaching appender named [FILE] to Logger[ROOT]
23:46:36,919 |-INFO in ch.qos.logback.classic.joran.action.ConfigurationAction - End of configuration.
23:46:36,920 |-INFO in ch.qos.logback.classic.joran.JoranConfigurator@6cd8737 - Registering current configuration as safe fallback point

2019-06-08T23:46:37.881+0300: 1.355: [GC (Metadata GC Threshold) [PSYoungGen: 110721K->15974K(149504K)] 110721K->16054K(491008K), 0.0223992 secs] [Times: user=0.11 sys=0.03, real=0.02 secs] 
2019-06-08T23:46:37.903+0300: 1.378: [Full GC (Metadata GC Threshold) [PSYoungGen: 15974K->0K(149504K)] [ParOldGen: 80K->15086K(341504K)] 16054K->15086K(491008K), [Metaspace: 20803K->20803K(1067008K)], 0.0303880 secs] [Times: user=0.19 sys=0.00, real=0.03 secs] 
23:46:48.995 [Curator-PathChildrenCache-1] WARN  o.a.c.u.ZKPaths  - The version of ZooKeeper being used doesn't support Container nodes. CreateMode.PERSISTENT will be used instead.
2019-06-08T23:46:50.119+0300: 13.594: [GC (Metadata GC Threshold) [PSYoungGen: 127141K->15953K(149504K)] 142228K->50578K(491008K), 0.0298056 secs] [Times: user=0.20 sys=0.03, real=0.02 secs] 
2019-06-08T23:46:50.149+0300: 13.624: [Full GC (Metadata GC Threshold) [PSYoungGen: 15953K->0K(149504K)] [ParOldGen: 34625K->39014K(341504K)] 50578K->39014K(491008K), [Metaspace: 34575K->34575K(1079296K)], 0.0378137 secs] [Times: user=0.18 sys=0.01, real=0.04 secs] 
2019-06-08T23:46:53.058+0300: 16.533: [GC (Allocation Failure) [PSYoungGen: 128512K->480K(149504K)] 167526K->39502K(491008K), 0.0035766 secs] [Times: user=0.02 sys=0.01, real=0.00 secs] 
2019-06-08T23:46:56.520+0300: 19.994: [GC (Allocation Failure) [PSYoungGen: 128992K->608K(149504K)] 168014K->39630K(491008K), 0.0055740 secs] [Times: user=0.04 sys=0.00, real=0.00 secs] 
2019-06-08T23:46:59.992+0300: 23.467: [GC (Allocation Failure) [PSYoungGen: 129120K->512K(129536K)] 168142K->39542K(471040K), 0.0028032 secs] [Times: user=0.02 sys=0.00, real=0.00 secs] 
2019-06-08T23:47:03.443+0300: 26.918: [GC (Allocation Failure) [PSYoungGen: 129024K->544K(150016K)] 168054K->39582K(491520K), 0.0059588 secs] [Times: user=0.04 sys=0.01, real=0.00 secs] 
2019-06-08T23:47:06.941+0300: 30.415: [GC (Allocation Failure) [PSYoungGen: 129056K->448K(148992K)] 168094K->39494K(490496K), 0.0026995 secs] [Times: user=0.01 sys=0.00, real=0.00 secs] 
2019-06-08T23:47:10.432+0300: 33.906: [GC (Allocation Failure) [PSYoungGen: 128960K->480K(151552K)] 168006K->39534K(493056K), 0.0055207 secs] [Times: user=0.04 sys=0.00, real=0.00 secs] 
2019-06-08T23:47:13.980+0300: 37.454: [GC (Allocation Failure) [PSYoungGen: 132064K->576K(150528K)] 171118K->39630K(492032K), 0.0033063 secs] [Times: user=0.01 sys=0.01, real=0.00 secs] 
2019-06-08T23:47:17.651+0300: 41.126: [GC (Allocation Failure) [PSYoungGen: 132160K->576K(153088K)] 171214K->39638K(494592K), 0.0032326 secs] [Times: user=0.02 sys=0.01, real=0.00 secs] 
2019-06-08T23:47:21.257+0300: 44.731: [GC (Allocation Failure) [PSYoungGen: 135744K->608K(152576K)] 174806K->39678K(494080K), 0.0044018 secs] [Times: user=0.03 sys=0.01, real=0.01 secs] 
2019-06-08T23:47:24.961+0300: 48.436: [GC (Allocation Failure) [PSYoungGen: 135776K->512K(154624K)] 174846K->39582K(496128K), 0.0033212 secs] [Times: user=0.01 sys=0.00, real=0.00 secs] 
2019-06-08T23:47:28.713+0300: 52.188: [GC (Allocation Failure) [PSYoungGen: 138752K->544K(154112K)] 177822K->39614K(495616K), 0.0034276 secs] [Times: user=0.02 sys=0.00, real=0.00 secs] 
2019-06-08T23:47:32.459+0300: 55.933: [GC (Allocation Failure) [PSYoungGen: 138784K->544K(156160K)] 177854K->39622K(497664K), 0.0031577 secs] [Times: user=0.02 sys=0.00, real=0.00 secs] 
2019-06-08T23:47:36.309+0300: 59.784: [GC (Allocation Failure) [PSYoungGen: 141856K->576K(155648K)] 180934K->39654K(497152K), 0.0028869 secs] [Times: user=0.00 sys=0.00, real=0.01 secs] 
2019-06-08T23:47:40.488+0300: 63.963: [GC (Allocation Failure) [PSYoungGen: 141888K->887K(158208K)] 180966K->39965K(499712K), 0.0041592 secs] [Times: user=0.03 sys=0.00, real=0.01 secs] 
2019-06-08T23:47:45.454+0300: 68.929: [GC (Allocation Failure) [PSYoungGen: 145783K->576K(157184K)] 184861K->39662K(498688K), 0.0049113 secs] [Times: user=0.02 sys=0.01, real=0.01 secs] 
2019-06-08T23:47:50.416+0300: 73.891: [GC (Allocation Failure) [PSYoungGen: 145472K->352K(159232K)] 184558K->39710K(500736K), 0.0024421 secs] [Times: user=0.01 sys=0.00, real=0.01 secs] 
23:48:06.545 [Curator-PathChildrenCache-0] ERROR o.a.c.f.r.c.PathChildrenCache  - 
java.lang.IllegalStateException: instance must be started before calling this method
	at org.apache.curator.shaded.com.google.common.base.Preconditions.checkState(Preconditions.java:444)
	at org.apache.curator.framework.imps.CuratorFrameworkImpl.getChildren(CuratorFrameworkImpl.java:456)
	at org.apache.curator.framework.recipes.cache.PathChildrenCache.refresh(PathChildrenCache.java:521)
	at org.apache.curator.framework.recipes.cache.RefreshOperation.invoke(RefreshOperation.java:35)
	at org.apache.curator.framework.recipes.cache.PathChildrenCache$9.run(PathChildrenCache.java:786)
	at java.util.concurrent.Executors$RunnableAdapter.call(Executors.java:511)
	at java.util.concurrent.FutureTask.run(FutureTask.java:266)
	at java.util.concurrent.Executors$RunnableAdapter.call(Executors.java:511)
	at java.util.concurrent.FutureTask.run(FutureTask.java:266)
	at java.util.concurrent.ThreadPoolExecutor.runWorker(ThreadPoolExecutor.java:1149)
	at java.util.concurrent.ThreadPoolExecutor$Worker.run(ThreadPoolExecutor.java:624)
	at java.lang.Thread.run(Thread.java:748)
Heap
 PSYoungGen      total 159232K, used 126318K [0x00000000f5980000, 0x0000000100000000, 0x0000000100000000)
  eden space 147456K, 85% used [0x00000000f5980000,0x00000000fd483938,0x00000000fe980000)
  from space 11776K, 2% used [0x00000000ff480000,0x00000000ff4d8020,0x0000000100000000)
  to   space 11264K, 0% used [0x00000000fe980000,0x00000000fe980000,0x00000000ff480000)
 ParOldGen       total 341504K, used 39358K [0x00000000e0c00000, 0x00000000f5980000, 0x00000000f5980000)
  object space 341504K, 11% used [0x00000000e0c00000,0x00000000e326f9d8,0x00000000f5980000)
 Metaspace       used 36232K, capacity 37030K, committed 37208K, reserved 1081344K
  class space    used 4977K, capacity 5161K, committed 5248K, reserved 1048576K
