01:11:28,506 |-INFO in ch.qos.logback.classic.LoggerContext[default] - Could NOT find resource [logback-test.xml]
01:11:28,506 |-INFO in ch.qos.logback.classic.LoggerContext[default] - Could NOT find resource [logback.groovy]
01:11:28,506 |-INFO in ch.qos.logback.classic.LoggerContext[default] - Found resource [logback.xml] at [jar:file:/home/nikitasokolov/flamestream/lib/flamestream-runtime-1.0-SNAPSHOT.jar!/logback.xml]
01:11:28,507 |-WARN in ch.qos.logback.classic.LoggerContext[default] - Resource [logback.xml] occurs multiple times on the classpath.
01:11:28,507 |-WARN in ch.qos.logback.classic.LoggerContext[default] - Resource [logback.xml] occurs at [jar:file:/home/nikitasokolov/flamestream/lib/flamestream-runtime-1.0-SNAPSHOT.jar!/logback.xml]
01:11:28,507 |-WARN in ch.qos.logback.classic.LoggerContext[default] - Resource [logback.xml] occurs at [jar:file:/home/nikitasokolov/flamestream/flamestream-runtime-1.0-SNAPSHOT.jar!/logback.xml]
01:11:28,524 |-INFO in ch.qos.logback.core.joran.spi.ConfigurationWatchList@2f7a2457 - URL [jar:file:/home/nikitasokolov/flamestream/lib/flamestream-runtime-1.0-SNAPSHOT.jar!/logback.xml] is not of type file
01:11:28,578 |-INFO in ch.qos.logback.classic.joran.action.ConfigurationAction - debug attribute not set
01:11:28,579 |-INFO in ch.qos.logback.core.joran.action.AppenderAction - About to instantiate appender of type [ch.qos.logback.core.ConsoleAppender]
01:11:28,587 |-INFO in ch.qos.logback.core.joran.action.AppenderAction - Naming appender as [STDOUT]
01:11:28,595 |-INFO in ch.qos.logback.core.joran.action.NestedComplexPropertyIA - Assuming default type [ch.qos.logback.classic.encoder.PatternLayoutEncoder] for [encoder] property
01:11:28,653 |-INFO in ch.qos.logback.core.joran.action.AppenderAction - About to instantiate appender of type [ch.qos.logback.core.rolling.RollingFileAppender]
01:11:28,659 |-INFO in ch.qos.logback.core.joran.action.AppenderAction - Naming appender as [FILE]
01:11:28,683 |-INFO in c.q.l.core.rolling.TimeBasedRollingPolicy@1449621165 - No compression will be used
01:11:28,684 |-INFO in c.q.l.core.rolling.TimeBasedRollingPolicy@1449621165 - Will use the pattern /tmp/application_%d{yyyy-MM-dd}.%i.log for the active file
01:11:28,687 |-INFO in ch.qos.logback.core.rolling.SizeAndTimeBasedFNATP@6108b2d7 - The date pattern is 'yyyy-MM-dd' from file name pattern '/tmp/application_%d{yyyy-MM-dd}.%i.log'.
01:11:28,687 |-INFO in ch.qos.logback.core.rolling.SizeAndTimeBasedFNATP@6108b2d7 - Roll-over at midnight.
01:11:28,691 |-INFO in ch.qos.logback.core.rolling.SizeAndTimeBasedFNATP@6108b2d7 - Setting initial period to Sat Jun 08 01:10:47 MSK 2019
01:11:28,692 |-WARN in ch.qos.logback.core.rolling.SizeAndTimeBasedFNATP@6108b2d7 - SizeAndTimeBasedFNATP is deprecated. Use SizeAndTimeBasedRollingPolicy instead
01:11:28,692 |-WARN in ch.qos.logback.core.rolling.SizeAndTimeBasedFNATP@6108b2d7 - For more information see http://logback.qos.ch/manual/appenders.html#SizeAndTimeBasedRollingPolicy
01:11:28,696 |-INFO in ch.qos.logback.core.joran.action.NestedComplexPropertyIA - Assuming default type [ch.qos.logback.classic.encoder.PatternLayoutEncoder] for [encoder] property
01:11:28,699 |-INFO in ch.qos.logback.core.rolling.RollingFileAppender[FILE] - Active log file name: /tmp/application.log
01:11:28,699 |-INFO in ch.qos.logback.core.rolling.RollingFileAppender[FILE] - File property is set to [/tmp/application.log]
01:11:28,700 |-INFO in ch.qos.logback.classic.joran.action.RootLoggerAction - Setting level of ROOT logger to WARN
01:11:28,700 |-INFO in ch.qos.logback.core.joran.action.AppenderRefAction - Attaching appender named [STDOUT] to Logger[ROOT]
01:11:28,701 |-INFO in ch.qos.logback.core.joran.action.AppenderRefAction - Attaching appender named [FILE] to Logger[ROOT]
01:11:28,701 |-INFO in ch.qos.logback.classic.joran.action.ConfigurationAction - End of configuration.
01:11:28,701 |-INFO in ch.qos.logback.classic.joran.JoranConfigurator@1554909b - Registering current configuration as safe fallback point

2019-06-08T01:11:29.739+0300: 1.438: [GC (Metadata GC Threshold) [PSYoungGen: 108082K->15867K(149504K)] 108082K->15947K(491008K), 0.0227942 secs] [Times: user=0.06 sys=0.03, real=0.02 secs] 
2019-06-08T01:11:29.761+0300: 1.461: [Full GC (Metadata GC Threshold) [PSYoungGen: 15867K->0K(149504K)] [ParOldGen: 80K->14984K(341504K)] 15947K->14984K(491008K), [Metaspace: 20803K->20803K(1067008K)], 0.0254024 secs] [Times: user=0.15 sys=0.01, real=0.02 secs] 
01:11:42.820 [Curator-PathChildrenCache-2] WARN  o.a.c.u.ZKPaths  - The version of ZooKeeper being used doesn't support Container nodes. CreateMode.PERSISTENT will be used instead.
2019-06-08T01:11:43.498+0300: 15.197: [GC (Metadata GC Threshold) [PSYoungGen: 125866K->16139K(149504K)] 140850K->50663K(491008K), 0.0287691 secs] [Times: user=0.20 sys=0.01, real=0.02 secs] 
2019-06-08T01:11:43.527+0300: 15.226: [Full GC (Metadata GC Threshold) [PSYoungGen: 16139K->0K(149504K)] [ParOldGen: 34524K->39242K(341504K)] 50663K->39242K(491008K), [Metaspace: 34461K->34461K(1079296K)], 0.0378285 secs] [Times: user=0.19 sys=0.02, real=0.04 secs] 
2019-06-08T01:11:44.846+0300: 16.546: [GC (Allocation Failure) [PSYoungGen: 128512K->512K(149504K)] 167754K->39762K(491008K), 0.0029788 secs] [Times: user=0.01 sys=0.01, real=0.00 secs] 
2019-06-08T01:11:45.365+0300: 17.064: [GC (Allocation Failure) [PSYoungGen: 129024K->640K(149504K)] 168274K->39898K(491008K), 0.0027747 secs] [Times: user=0.02 sys=0.00, real=0.00 secs] 
2019-06-08T01:11:45.880+0300: 17.579: [GC (Allocation Failure) [PSYoungGen: 129152K->704K(129536K)] 168410K->39970K(471040K), 0.0023440 secs] [Times: user=0.02 sys=0.00, real=0.00 secs] 
2019-06-08T01:11:46.374+0300: 18.074: [GC (Allocation Failure) [PSYoungGen: 129216K->736K(150016K)] 168482K->40010K(491520K), 0.0025540 secs] [Times: user=0.01 sys=0.00, real=0.00 secs] 
2019-06-08T01:11:47.036+0300: 18.736: [GC (Allocation Failure) [PSYoungGen: 129248K->992K(148992K)] 168522K->40274K(490496K), 0.0039063 secs] [Times: user=0.03 sys=0.00, real=0.01 secs] 
2019-06-08T01:11:47.799+0300: 19.498: [GC (Allocation Failure) [PSYoungGen: 129504K->1056K(151552K)] 168786K->40346K(493056K), 0.0029226 secs] [Times: user=0.01 sys=0.00, real=0.00 secs] 
01:11:52.952 [Curator-PathChildrenCache-0] ERROR o.a.c.f.r.c.PathChildrenCache  - 
java.lang.IllegalStateException: instance must be started before calling this method
	at org.apache.curator.shaded.com.google.common.base.Preconditions.checkState(Preconditions.java:444)
	at org.apache.curator.framework.imps.CuratorFrameworkImpl.getChildren(CuratorFrameworkImpl.java:456)
	at org.apache.curator.framework.recipes.cache.PathChildrenCache.refresh(PathChildrenCache.java:521)
	at org.apache.curator.framework.recipes.cache.RefreshOperation.invoke(RefreshOperation.java:35)
	at org.apache.curator.framework.recipes.cache.PathChildrenCache$9.run(PathChildrenCache.java:786)
	at java.util.concurrent.Executors$RunnableAdapter.call(Executors.java:511)
	at java.util.concurrent.FutureTask.run(FutureTask.java:266)
	at java.util.concurrent.Executors$RunnableAdapter.call(Executors.java:511)
	at java.util.concurrent.FutureTask.run(FutureTask.java:266)
	at java.util.concurrent.ThreadPoolExecutor.runWorker(ThreadPoolExecutor.java:1149)
	at java.util.concurrent.ThreadPoolExecutor$Worker.run(ThreadPoolExecutor.java:624)
	at java.lang.Thread.run(Thread.java:748)
Heap
 PSYoungGen      total 151552K, used 37620K [0x00000000f5980000, 0x0000000100000000, 0x0000000100000000)
  eden space 131584K, 27% used [0x00000000f5980000,0x00000000f7d350c0,0x00000000fda00000)
  from space 19968K, 5% used [0x00000000fec80000,0x00000000fed880d0,0x0000000100000000)
  to   space 18944K, 0% used [0x00000000fda00000,0x00000000fda00000,0x00000000fec80000)
 ParOldGen       total 341504K, used 39290K [0x00000000e0c00000, 0x00000000f5980000, 0x00000000f5980000)
  object space 341504K, 11% used [0x00000000e0c00000,0x00000000e325e868,0x00000000f5980000)
 Metaspace       used 36051K, capacity 37092K, committed 37208K, reserved 1081344K
  class space    used 4982K, capacity 5196K, committed 5248K, reserved 1048576K
