19:35:01,775 |-INFO in ch.qos.logback.classic.LoggerContext[default] - Could NOT find resource [logback-test.xml]
19:35:01,775 |-INFO in ch.qos.logback.classic.LoggerContext[default] - Could NOT find resource [logback.groovy]
19:35:01,775 |-INFO in ch.qos.logback.classic.LoggerContext[default] - Found resource [logback.xml] at [jar:file:/root/flamestream/lib/flamestream-runtime-1.0-SNAPSHOT.jar!/logback.xml]
19:35:01,776 |-WARN in ch.qos.logback.classic.LoggerContext[default] - Resource [logback.xml] occurs multiple times on the classpath.
19:35:01,776 |-WARN in ch.qos.logback.classic.LoggerContext[default] - Resource [logback.xml] occurs at [jar:file:/root/flamestream/lib/flamestream-runtime-1.0-SNAPSHOT.jar!/logback.xml]
19:35:01,776 |-WARN in ch.qos.logback.classic.LoggerContext[default] - Resource [logback.xml] occurs at [jar:file:/root/flamestream/flamestream-runtime-1.0-SNAPSHOT.jar!/logback.xml]
19:35:01,796 |-INFO in ch.qos.logback.core.joran.spi.ConfigurationWatchList@3fb6a447 - URL [jar:file:/root/flamestream/lib/flamestream-runtime-1.0-SNAPSHOT.jar!/logback.xml] is not of type file
19:35:01,869 |-INFO in ch.qos.logback.classic.joran.action.ConfigurationAction - debug attribute not set
19:35:01,870 |-INFO in ch.qos.logback.core.joran.action.AppenderAction - About to instantiate appender of type [ch.qos.logback.core.ConsoleAppender]
19:35:01,886 |-INFO in ch.qos.logback.core.joran.action.AppenderAction - Naming appender as [STDOUT]
19:35:01,907 |-INFO in ch.qos.logback.core.joran.action.NestedComplexPropertyIA - Assuming default type [ch.qos.logback.classic.encoder.PatternLayoutEncoder] for [encoder] property
19:35:01,991 |-INFO in ch.qos.logback.core.joran.action.AppenderAction - About to instantiate appender of type [ch.qos.logback.core.rolling.RollingFileAppender]
19:35:01,996 |-INFO in ch.qos.logback.core.joran.action.AppenderAction - Naming appender as [FILE]
19:35:02,028 |-INFO in c.q.l.core.rolling.TimeBasedRollingPolicy@127618319 - No compression will be used
19:35:02,030 |-INFO in c.q.l.core.rolling.TimeBasedRollingPolicy@127618319 - Will use the pattern /tmp/application_%d{yyyy-MM-dd}.%i.log for the active file
19:35:02,032 |-INFO in ch.qos.logback.core.rolling.SizeAndTimeBasedFNATP@6b2fad11 - The date pattern is 'yyyy-MM-dd' from file name pattern '/tmp/application_%d{yyyy-MM-dd}.%i.log'.
19:35:02,033 |-INFO in ch.qos.logback.core.rolling.SizeAndTimeBasedFNATP@6b2fad11 - Roll-over at midnight.
19:35:02,038 |-INFO in ch.qos.logback.core.rolling.SizeAndTimeBasedFNATP@6b2fad11 - Setting initial period to Mon Jun 10 19:33:30 UTC 2019
19:35:02,038 |-WARN in ch.qos.logback.core.rolling.SizeAndTimeBasedFNATP@6b2fad11 - SizeAndTimeBasedFNATP is deprecated. Use SizeAndTimeBasedRollingPolicy instead
19:35:02,038 |-WARN in ch.qos.logback.core.rolling.SizeAndTimeBasedFNATP@6b2fad11 - For more information see http://logback.qos.ch/manual/appenders.html#SizeAndTimeBasedRollingPolicy
19:35:02,042 |-INFO in ch.qos.logback.core.joran.action.NestedComplexPropertyIA - Assuming default type [ch.qos.logback.classic.encoder.PatternLayoutEncoder] for [encoder] property
19:35:02,047 |-INFO in ch.qos.logback.core.rolling.RollingFileAppender[FILE] - Active log file name: /tmp/application.log
19:35:02,047 |-INFO in ch.qos.logback.core.rolling.RollingFileAppender[FILE] - File property is set to [/tmp/application.log]
19:35:02,048 |-INFO in ch.qos.logback.classic.joran.action.RootLoggerAction - Setting level of ROOT logger to WARN
19:35:02,048 |-INFO in ch.qos.logback.core.joran.action.AppenderRefAction - Attaching appender named [STDOUT] to Logger[ROOT]
19:35:02,050 |-INFO in ch.qos.logback.core.joran.action.AppenderRefAction - Attaching appender named [FILE] to Logger[ROOT]
19:35:02,050 |-INFO in ch.qos.logback.classic.joran.action.ConfigurationAction - End of configuration.
19:35:02,051 |-INFO in ch.qos.logback.classic.joran.JoranConfigurator@79698539 - Registering current configuration as safe fallback point

Ama winner
Ama winner
2019-06-10T19:35:03.361+0000: 1.776: [Full GC (Metadata GC Threshold) 2019-06-10T19:35:03.361+0000: 1.776: [Tenured: 0K->15160K(341376K), 0.0406672 secs] 114987K->15160K(494976K), [Metaspace: 20729K->20729K(1067008K)], 0.0407343 secs] [Times: user=0.04 sys=0.01, real=0.04 secs] 
19:35:20.994 [Curator-PathChildrenCache-2] WARN  o.a.c.u.ZKPaths  - The version of ZooKeeper being used doesn't support Container nodes. CreateMode.PERSISTENT will be used instead.
2019-06-10T19:35:22.896+0000: 21.311: [GC (Allocation Failure) 2019-06-10T19:35:22.896+0000: 21.311: [DefNew: 119973K->17023K(153600K), 0.0182844 secs] 135133K->32995K(494976K), 0.0183680 secs] [Times: user=0.02 sys=0.00, real=0.02 secs] 
2019-06-10T19:35:23.352+0000: 21.767: [Full GC (Metadata GC Threshold) 2019-06-10T19:35:23.352+0000: 21.767: [Tenured: 15971K->44063K(341376K), 0.0424337 secs] 70071K->44063K(494976K), [Metaspace: 34514K->34514K(1079296K)], 0.0425180 secs] [Times: user=0.04 sys=0.00, real=0.04 secs] 
2019-06-10T19:35:26.989+0000: 25.403: [GC (Allocation Failure) 2019-06-10T19:35:26.989+0000: 25.404: [DefNew: 136576K->174K(153600K), 0.0022733 secs] 180639K->44237K(494976K), 0.0023415 secs] [Times: user=0.00 sys=0.00, real=0.01 secs] 
2019-06-10T19:35:30.381+0000: 28.796: [GC (Allocation Failure) 2019-06-10T19:35:30.381+0000: 28.796: [DefNew: 136750K->178K(153600K), 0.0020920 secs] 180813K->44241K(494976K), 0.0021518 secs] [Times: user=0.00 sys=0.00, real=0.00 secs] 
2019-06-10T19:35:33.795+0000: 32.209: [GC (Allocation Failure) 2019-06-10T19:35:33.795+0000: 32.209: [DefNew: 136754K->194K(153600K), 0.0020062 secs] 180817K->44257K(494976K), 0.0020761 secs] [Times: user=0.00 sys=0.00, real=0.00 secs] 
2019-06-10T19:35:37.157+0000: 35.571: [GC (Allocation Failure) 2019-06-10T19:35:37.157+0000: 35.571: [DefNew: 136770K->178K(153600K), 0.0020327 secs] 180833K->44242K(494976K), 0.0021062 secs] [Times: user=0.00 sys=0.00, real=0.01 secs] 
2019-06-10T19:35:40.520+0000: 38.934: [GC (Allocation Failure) 2019-06-10T19:35:40.520+0000: 38.934: [DefNew: 136754K->180K(153600K), 0.0020872 secs] 180818K->44243K(494976K), 0.0021481 secs] [Times: user=0.00 sys=0.00, real=0.00 secs] 
2019-06-10T19:35:43.912+0000: 42.326: [GC (Allocation Failure) 2019-06-10T19:35:43.912+0000: 42.326: [DefNew: 136756K->184K(153600K), 0.0020758 secs] 180819K->44247K(494976K), 0.0021372 secs] [Times: user=0.00 sys=0.00, real=0.00 secs] 
2019-06-10T19:35:47.315+0000: 45.729: [GC (Allocation Failure) 2019-06-10T19:35:47.315+0000: 45.729: [DefNew: 136760K->180K(153600K), 0.0021339 secs] 180823K->44243K(494976K), 0.0022020 secs] [Times: user=0.00 sys=0.00, real=0.00 secs] 
2019-06-10T19:35:50.685+0000: 49.100: [GC (Allocation Failure) 2019-06-10T19:35:50.685+0000: 49.100: [DefNew: 136756K->182K(153600K), 0.0021500 secs] 180819K->44246K(494976K), 0.0022097 secs] [Times: user=0.00 sys=0.00, real=0.00 secs] 
19:35:59.232 [Curator-PathChildrenCache-0] ERROR o.a.c.f.r.c.PathChildrenCache  - 
java.lang.IllegalStateException: instance must be started before calling this method
	at org.apache.curator.shaded.com.google.common.base.Preconditions.checkState(Preconditions.java:444)
	at org.apache.curator.framework.imps.CuratorFrameworkImpl.getChildren(CuratorFrameworkImpl.java:456)
	at org.apache.curator.framework.recipes.cache.PathChildrenCache.refresh(PathChildrenCache.java:521)
	at org.apache.curator.framework.recipes.cache.RefreshOperation.invoke(RefreshOperation.java:35)
	at org.apache.curator.framework.recipes.cache.PathChildrenCache$9.run(PathChildrenCache.java:786)
	at java.util.concurrent.Executors$RunnableAdapter.call(Executors.java:511)
	at java.util.concurrent.FutureTask.run(FutureTask.java:266)
	at java.util.concurrent.Executors$RunnableAdapter.call(Executors.java:511)
	at java.util.concurrent.FutureTask.run(FutureTask.java:266)
	at java.util.concurrent.ThreadPoolExecutor.runWorker(ThreadPoolExecutor.java:1149)
	at java.util.concurrent.ThreadPoolExecutor$Worker.run(ThreadPoolExecutor.java:624)
	at java.lang.Thread.run(Thread.java:748)
Heap
 def new generation   total 153600K, used 116845K [0x00000000e0c00000, 0x00000000eb2a0000, 0x00000000eb2a0000)
  eden space 136576K,  85% used [0x00000000e0c00000, 0x00000000e7dedc28, 0x00000000e9160000)
  from space 17024K,   1% used [0x00000000ea200000, 0x00000000ea22db78, 0x00000000eb2a0000)
  to   space 17024K,   0% used [0x00000000e9160000, 0x00000000e9160000, 0x00000000ea200000)
 tenured generation   total 341376K, used 44063K [0x00000000eb2a0000, 0x0000000100000000, 0x0000000100000000)
   the space 341376K,  12% used [0x00000000eb2a0000, 0x00000000edda7d20, 0x00000000edda7e00, 0x0000000100000000)
 Metaspace       used 36062K, capacity 37000K, committed 37120K, reserved 1081344K
  class space    used 4859K, capacity 5060K, committed 5120K, reserved 1048576K
