19:00:38,969 |-INFO in ch.qos.logback.classic.LoggerContext[default] - Could NOT find resource [logback-test.xml]
19:00:38,969 |-INFO in ch.qos.logback.classic.LoggerContext[default] - Could NOT find resource [logback.groovy]
19:00:38,969 |-INFO in ch.qos.logback.classic.LoggerContext[default] - Found resource [logback.xml] at [jar:file:/root/flamestream/lib/flamestream-runtime-1.0-SNAPSHOT.jar!/logback.xml]
19:00:38,970 |-WARN in ch.qos.logback.classic.LoggerContext[default] - Resource [logback.xml] occurs multiple times on the classpath.
19:00:38,970 |-WARN in ch.qos.logback.classic.LoggerContext[default] - Resource [logback.xml] occurs at [jar:file:/root/flamestream/lib/flamestream-runtime-1.0-SNAPSHOT.jar!/logback.xml]
19:00:38,970 |-WARN in ch.qos.logback.classic.LoggerContext[default] - Resource [logback.xml] occurs at [jar:file:/root/flamestream/flamestream-runtime-1.0-SNAPSHOT.jar!/logback.xml]
19:00:38,990 |-INFO in ch.qos.logback.core.joran.spi.ConfigurationWatchList@3fb6a447 - URL [jar:file:/root/flamestream/lib/flamestream-runtime-1.0-SNAPSHOT.jar!/logback.xml] is not of type file
19:00:39,057 |-INFO in ch.qos.logback.classic.joran.action.ConfigurationAction - debug attribute not set
19:00:39,057 |-INFO in ch.qos.logback.core.joran.action.AppenderAction - About to instantiate appender of type [ch.qos.logback.core.ConsoleAppender]
19:00:39,073 |-INFO in ch.qos.logback.core.joran.action.AppenderAction - Naming appender as [STDOUT]
19:00:39,089 |-INFO in ch.qos.logback.core.joran.action.NestedComplexPropertyIA - Assuming default type [ch.qos.logback.classic.encoder.PatternLayoutEncoder] for [encoder] property
19:00:39,169 |-INFO in ch.qos.logback.core.joran.action.AppenderAction - About to instantiate appender of type [ch.qos.logback.core.rolling.RollingFileAppender]
19:00:39,174 |-INFO in ch.qos.logback.core.joran.action.AppenderAction - Naming appender as [FILE]
19:00:39,205 |-INFO in c.q.l.core.rolling.TimeBasedRollingPolicy@127618319 - No compression will be used
19:00:39,207 |-INFO in c.q.l.core.rolling.TimeBasedRollingPolicy@127618319 - Will use the pattern /tmp/application_%d{yyyy-MM-dd}.%i.log for the active file
19:00:39,210 |-INFO in ch.qos.logback.core.rolling.SizeAndTimeBasedFNATP@6b2fad11 - The date pattern is 'yyyy-MM-dd' from file name pattern '/tmp/application_%d{yyyy-MM-dd}.%i.log'.
19:00:39,210 |-INFO in ch.qos.logback.core.rolling.SizeAndTimeBasedFNATP@6b2fad11 - Roll-over at midnight.
19:00:39,215 |-INFO in ch.qos.logback.core.rolling.SizeAndTimeBasedFNATP@6b2fad11 - Setting initial period to Mon Jun 10 18:59:06 UTC 2019
19:00:39,215 |-WARN in ch.qos.logback.core.rolling.SizeAndTimeBasedFNATP@6b2fad11 - SizeAndTimeBasedFNATP is deprecated. Use SizeAndTimeBasedRollingPolicy instead
19:00:39,215 |-WARN in ch.qos.logback.core.rolling.SizeAndTimeBasedFNATP@6b2fad11 - For more information see http://logback.qos.ch/manual/appenders.html#SizeAndTimeBasedRollingPolicy
19:00:39,219 |-INFO in ch.qos.logback.core.joran.action.NestedComplexPropertyIA - Assuming default type [ch.qos.logback.classic.encoder.PatternLayoutEncoder] for [encoder] property
19:00:39,224 |-INFO in ch.qos.logback.core.rolling.RollingFileAppender[FILE] - Active log file name: /tmp/application.log
19:00:39,224 |-INFO in ch.qos.logback.core.rolling.RollingFileAppender[FILE] - File property is set to [/tmp/application.log]
19:00:39,225 |-INFO in ch.qos.logback.classic.joran.action.RootLoggerAction - Setting level of ROOT logger to WARN
19:00:39,225 |-INFO in ch.qos.logback.core.joran.action.AppenderRefAction - Attaching appender named [STDOUT] to Logger[ROOT]
19:00:39,225 |-INFO in ch.qos.logback.core.joran.action.AppenderRefAction - Attaching appender named [FILE] to Logger[ROOT]
19:00:39,225 |-INFO in ch.qos.logback.classic.joran.action.ConfigurationAction - End of configuration.
19:00:39,226 |-INFO in ch.qos.logback.classic.joran.JoranConfigurator@79698539 - Registering current configuration as safe fallback point

Ama winner
Ama winner
2019-06-10T19:00:40.540+0000: 1.758: [Full GC (Metadata GC Threshold) 2019-06-10T19:00:40.540+0000: 1.758: [Tenured: 0K->15144K(341376K), 0.0393208 secs] 114923K->15144K(494976K), [Metaspace: 20734K->20734K(1067008K)], 0.0393880 secs] [Times: user=0.04 sys=0.00, real=0.04 secs] 
19:00:57.463 [Curator-PathChildrenCache-1] WARN  o.a.c.u.ZKPaths  - The version of ZooKeeper being used doesn't support Container nodes. CreateMode.PERSISTENT will be used instead.
2019-06-10T19:00:59.689+0000: 20.907: [GC (Allocation Failure) 2019-06-10T19:00:59.689+0000: 20.907: [DefNew: 136576K->17023K(153600K), 0.0251646 secs] 151720K->52609K(494976K), 0.0252330 secs] [Times: user=0.02 sys=0.01, real=0.03 secs] 
2019-06-10T19:01:01.817+0000: 23.035: [Full GC (Metadata GC Threshold) 2019-06-10T19:01:01.817+0000: 23.035: [Tenured: 35585K->44048K(341376K), 0.0445741 secs] 90776K->44048K(494976K), [Metaspace: 34614K->34614K(1079296K)], 0.0446521 secs] [Times: user=0.04 sys=0.00, real=0.04 secs] 
2019-06-10T19:01:08.335+0000: 29.553: [GC (Allocation Failure) 2019-06-10T19:01:08.335+0000: 29.553: [DefNew: 136576K->65K(153600K), 0.0017833 secs] 180624K->44113K(494976K), 0.0018546 secs] [Times: user=0.00 sys=0.00, real=0.00 secs] 
2019-06-10T19:01:14.951+0000: 36.169: [GC (Allocation Failure) 2019-06-10T19:01:14.951+0000: 36.169: [DefNew: 136641K->66K(153600K), 0.0016332 secs] 180689K->44115K(494976K), 0.0016974 secs] [Times: user=0.01 sys=0.00, real=0.00 secs] 
2019-06-10T19:01:21.540+0000: 42.758: [GC (Allocation Failure) 2019-06-10T19:01:21.540+0000: 42.758: [DefNew: 136642K->64K(153600K), 0.0016856 secs] 180691K->44113K(494976K), 0.0017450 secs] [Times: user=0.00 sys=0.00, real=0.00 secs] 
2019-06-10T19:01:28.163+0000: 49.381: [GC (Allocation Failure) 2019-06-10T19:01:28.163+0000: 49.381: [DefNew: 136640K->66K(153600K), 0.0017399 secs] 180689K->44114K(494976K), 0.0018004 secs] [Times: user=0.00 sys=0.00, real=0.00 secs] 
2019-06-10T19:01:34.760+0000: 55.978: [GC (Allocation Failure) 2019-06-10T19:01:34.760+0000: 55.978: [DefNew: 136642K->65K(153600K), 0.0017505 secs] 180690K->44114K(494976K), 0.0018119 secs] [Times: user=0.00 sys=0.00, real=0.00 secs] 
19:01:43.702 [Curator-PathChildrenCache-0] ERROR o.a.c.f.r.c.PathChildrenCache  - 
java.lang.IllegalStateException: instance must be started before calling this method
	at org.apache.curator.shaded.com.google.common.base.Preconditions.checkState(Preconditions.java:444)
	at org.apache.curator.framework.imps.CuratorFrameworkImpl.getChildren(CuratorFrameworkImpl.java:456)
	at org.apache.curator.framework.recipes.cache.PathChildrenCache.refresh(PathChildrenCache.java:521)
	at org.apache.curator.framework.recipes.cache.RefreshOperation.invoke(RefreshOperation.java:35)
	at org.apache.curator.framework.recipes.cache.PathChildrenCache$9.run(PathChildrenCache.java:786)
	at java.util.concurrent.Executors$RunnableAdapter.call(Executors.java:511)
	at java.util.concurrent.FutureTask.run(FutureTask.java:266)
	at java.util.concurrent.Executors$RunnableAdapter.call(Executors.java:511)
	at java.util.concurrent.FutureTask.run(FutureTask.java:266)
	at java.util.concurrent.ThreadPoolExecutor.runWorker(ThreadPoolExecutor.java:1149)
	at java.util.concurrent.ThreadPoolExecutor$Worker.run(ThreadPoolExecutor.java:624)
	at java.lang.Thread.run(Thread.java:748)
Heap
 def new generation   total 153600K, used 88099K [0x00000000e0c00000, 0x00000000eb2a0000, 0x00000000eb2a0000)
  eden space 136576K,  64% used [0x00000000e0c00000, 0x00000000e61f8558, 0x00000000e9160000)
  from space 17024K,   0% used [0x00000000e9160000, 0x00000000e91706e8, 0x00000000ea200000)
  to   space 17024K,   0% used [0x00000000ea200000, 0x00000000ea200000, 0x00000000eb2a0000)
 tenured generation   total 341376K, used 44048K [0x00000000eb2a0000, 0x0000000100000000, 0x0000000100000000)
   the space 341376K,  12% used [0x00000000eb2a0000, 0x00000000edda4118, 0x00000000edda4200, 0x0000000100000000)
 Metaspace       used 36121K, capacity 36998K, committed 37120K, reserved 1081344K
  class space    used 4872K, capacity 5075K, committed 5120K, reserved 1048576K
