18:21:23,928 |-INFO in ch.qos.logback.classic.LoggerContext[default] - Could NOT find resource [logback-test.xml]
18:21:23,929 |-INFO in ch.qos.logback.classic.LoggerContext[default] - Could NOT find resource [logback.groovy]
18:21:23,929 |-INFO in ch.qos.logback.classic.LoggerContext[default] - Found resource [logback.xml] at [jar:file:/root/flamestream/lib/flamestream-runtime-1.0-SNAPSHOT.jar!/logback.xml]
18:21:23,930 |-WARN in ch.qos.logback.classic.LoggerContext[default] - Resource [logback.xml] occurs multiple times on the classpath.
18:21:23,930 |-WARN in ch.qos.logback.classic.LoggerContext[default] - Resource [logback.xml] occurs at [jar:file:/root/flamestream/lib/flamestream-runtime-1.0-SNAPSHOT.jar!/logback.xml]
18:21:23,930 |-WARN in ch.qos.logback.classic.LoggerContext[default] - Resource [logback.xml] occurs at [jar:file:/root/flamestream/flamestream-runtime-1.0-SNAPSHOT.jar!/logback.xml]
18:21:23,949 |-INFO in ch.qos.logback.core.joran.spi.ConfigurationWatchList@3fb6a447 - URL [jar:file:/root/flamestream/lib/flamestream-runtime-1.0-SNAPSHOT.jar!/logback.xml] is not of type file
18:21:24,022 |-INFO in ch.qos.logback.classic.joran.action.ConfigurationAction - debug attribute not set
18:21:24,022 |-INFO in ch.qos.logback.core.joran.action.AppenderAction - About to instantiate appender of type [ch.qos.logback.core.ConsoleAppender]
18:21:24,040 |-INFO in ch.qos.logback.core.joran.action.AppenderAction - Naming appender as [STDOUT]
18:21:24,059 |-INFO in ch.qos.logback.core.joran.action.NestedComplexPropertyIA - Assuming default type [ch.qos.logback.classic.encoder.PatternLayoutEncoder] for [encoder] property
18:21:24,153 |-INFO in ch.qos.logback.core.joran.action.AppenderAction - About to instantiate appender of type [ch.qos.logback.core.rolling.RollingFileAppender]
18:21:24,159 |-INFO in ch.qos.logback.core.joran.action.AppenderAction - Naming appender as [FILE]
18:21:24,190 |-INFO in c.q.l.core.rolling.TimeBasedRollingPolicy@127618319 - No compression will be used
18:21:24,192 |-INFO in c.q.l.core.rolling.TimeBasedRollingPolicy@127618319 - Will use the pattern /tmp/application_%d{yyyy-MM-dd}.%i.log for the active file
18:21:24,195 |-INFO in ch.qos.logback.core.rolling.SizeAndTimeBasedFNATP@6b2fad11 - The date pattern is 'yyyy-MM-dd' from file name pattern '/tmp/application_%d{yyyy-MM-dd}.%i.log'.
18:21:24,195 |-INFO in ch.qos.logback.core.rolling.SizeAndTimeBasedFNATP@6b2fad11 - Roll-over at midnight.
18:21:24,200 |-INFO in ch.qos.logback.core.rolling.SizeAndTimeBasedFNATP@6b2fad11 - Setting initial period to Mon Jun 10 18:19:31 UTC 2019
18:21:24,200 |-WARN in ch.qos.logback.core.rolling.SizeAndTimeBasedFNATP@6b2fad11 - SizeAndTimeBasedFNATP is deprecated. Use SizeAndTimeBasedRollingPolicy instead
18:21:24,200 |-WARN in ch.qos.logback.core.rolling.SizeAndTimeBasedFNATP@6b2fad11 - For more information see http://logback.qos.ch/manual/appenders.html#SizeAndTimeBasedRollingPolicy
18:21:24,204 |-INFO in ch.qos.logback.core.joran.action.NestedComplexPropertyIA - Assuming default type [ch.qos.logback.classic.encoder.PatternLayoutEncoder] for [encoder] property
18:21:24,209 |-INFO in ch.qos.logback.core.rolling.RollingFileAppender[FILE] - Active log file name: /tmp/application.log
18:21:24,209 |-INFO in ch.qos.logback.core.rolling.RollingFileAppender[FILE] - File property is set to [/tmp/application.log]
18:21:24,210 |-INFO in ch.qos.logback.classic.joran.action.RootLoggerAction - Setting level of ROOT logger to WARN
18:21:24,210 |-INFO in ch.qos.logback.core.joran.action.AppenderRefAction - Attaching appender named [STDOUT] to Logger[ROOT]
18:21:24,212 |-INFO in ch.qos.logback.core.joran.action.AppenderRefAction - Attaching appender named [FILE] to Logger[ROOT]
18:21:24,212 |-INFO in ch.qos.logback.classic.joran.action.ConfigurationAction - End of configuration.
18:21:24,212 |-INFO in ch.qos.logback.classic.joran.JoranConfigurator@79698539 - Registering current configuration as safe fallback point

Ama winner
Ama winner
2019-06-10T18:21:25.511+0000: 1.772: [Full GC (Metadata GC Threshold) 2019-06-10T18:21:25.511+0000: 1.772: [Tenured: 0K->15177K(341376K), 0.0411441 secs] 114988K->15177K(494976K), [Metaspace: 20738K->20738K(1067008K)], 0.0412121 secs] [Times: user=0.03 sys=0.01, real=0.04 secs] 
18:21:41.932 [Curator-PathChildrenCache-1] WARN  o.a.c.u.ZKPaths  - The version of ZooKeeper being used doesn't support Container nodes. CreateMode.PERSISTENT will be used instead.
2019-06-10T18:21:44.246+0000: 20.508: [GC (Allocation Failure) 2019-06-10T18:21:44.246+0000: 20.508: [DefNew: 118359K->17023K(153600K), 0.0179757 secs] 133536K->32747K(494976K), 0.0180438 secs] [Times: user=0.02 sys=0.00, real=0.02 secs] 
2019-06-10T18:21:45.325+0000: 21.587: [Full GC (Metadata GC Threshold) 2019-06-10T18:21:45.325+0000: 21.587: [Tenured: 15723K->43824K(341376K), 0.0468519 secs] 78471K->43824K(494976K), [Metaspace: 34563K->34563K(1079296K)], 0.0469332 secs] [Times: user=0.03 sys=0.01, real=0.05 secs] 
2019-06-10T18:21:51.966+0000: 28.228: [GC (Allocation Failure) 2019-06-10T18:21:51.966+0000: 28.228: [DefNew: 136576K->67K(153600K), 0.0018708 secs] 180400K->43892K(494976K), 0.0019283 secs] [Times: user=0.00 sys=0.00, real=0.00 secs] 
2019-06-10T18:21:58.710+0000: 34.972: [GC (Allocation Failure) 2019-06-10T18:21:58.710+0000: 34.972: [DefNew: 136643K->70K(153600K), 0.0018435 secs] 180468K->43895K(494976K), 0.0019076 secs] [Times: user=0.00 sys=0.00, real=0.00 secs] 
2019-06-10T18:22:05.500+0000: 41.761: [GC (Allocation Failure) 2019-06-10T18:22:05.500+0000: 41.761: [DefNew: 136646K->70K(153600K), 0.0017769 secs] 180471K->43895K(494976K), 0.0018352 secs] [Times: user=0.01 sys=0.00, real=0.00 secs] 
2019-06-10T18:22:12.267+0000: 48.529: [GC (Allocation Failure) 2019-06-10T18:22:12.267+0000: 48.529: [DefNew: 136646K->71K(153600K), 0.0019394 secs] 180471K->43896K(494976K), 0.0020021 secs] [Times: user=0.00 sys=0.00, real=0.01 secs] 
2019-06-10T18:22:19.119+0000: 55.380: [GC (Allocation Failure) 2019-06-10T18:22:19.119+0000: 55.380: [DefNew: 136647K->73K(153600K), 0.0018565 secs] 180472K->43898K(494976K), 0.0019177 secs] [Times: user=0.00 sys=0.00, real=0.00 secs] 
2019-06-10T18:22:28.329+0000: 64.591: [GC (Allocation Failure) 2019-06-10T18:22:28.330+0000: 64.591: [DefNew: 136649K->405K(153600K), 0.0024379 secs] 180474K->44230K(494976K), 0.0025030 secs] [Times: user=0.00 sys=0.00, real=0.00 secs] 
18:22:41.979 [Curator-PathChildrenCache-0] ERROR o.a.c.f.r.c.PathChildrenCache  - 
java.lang.IllegalStateException: instance must be started before calling this method
	at org.apache.curator.shaded.com.google.common.base.Preconditions.checkState(Preconditions.java:444)
	at org.apache.curator.framework.imps.CuratorFrameworkImpl.getChildren(CuratorFrameworkImpl.java:456)
	at org.apache.curator.framework.recipes.cache.PathChildrenCache.refresh(PathChildrenCache.java:521)
	at org.apache.curator.framework.recipes.cache.RefreshOperation.invoke(RefreshOperation.java:35)
	at org.apache.curator.framework.recipes.cache.PathChildrenCache$9.run(PathChildrenCache.java:786)
	at java.util.concurrent.Executors$RunnableAdapter.call(Executors.java:511)
	at java.util.concurrent.FutureTask.run(FutureTask.java:266)
	at java.util.concurrent.Executors$RunnableAdapter.call(Executors.java:511)
	at java.util.concurrent.FutureTask.run(FutureTask.java:266)
	at java.util.concurrent.ThreadPoolExecutor.runWorker(ThreadPoolExecutor.java:1149)
	at java.util.concurrent.ThreadPoolExecutor$Worker.run(ThreadPoolExecutor.java:624)
	at java.lang.Thread.run(Thread.java:748)
Heap
 def new generation   total 153600K, used 60386K [0x00000000e0c00000, 0x00000000eb2a0000, 0x00000000eb2a0000)
  eden space 136576K,  43% used [0x00000000e0c00000, 0x00000000e4693408, 0x00000000e9160000)
  from space 17024K,   2% used [0x00000000ea200000, 0x00000000ea2654b8, 0x00000000eb2a0000)
  to   space 17024K,   0% used [0x00000000e9160000, 0x00000000e9160000, 0x00000000ea200000)
 tenured generation   total 341376K, used 43824K [0x00000000eb2a0000, 0x0000000100000000, 0x0000000100000000)
   the space 341376K,  12% used [0x00000000eb2a0000, 0x00000000edd6c3d0, 0x00000000edd6c400, 0x0000000100000000)
 Metaspace       used 36175K, capacity 37100K, committed 37376K, reserved 1081344K
  class space    used 4885K, capacity 5082K, committed 5120K, reserved 1048576K
