18:18:30,048 |-INFO in ch.qos.logback.classic.LoggerContext[default] - Could NOT find resource [logback-test.xml]
18:18:30,048 |-INFO in ch.qos.logback.classic.LoggerContext[default] - Could NOT find resource [logback.groovy]
18:18:30,048 |-INFO in ch.qos.logback.classic.LoggerContext[default] - Found resource [logback.xml] at [jar:file:/root/flamestream/lib/flamestream-runtime-1.0-SNAPSHOT.jar!/logback.xml]
18:18:30,054 |-WARN in ch.qos.logback.classic.LoggerContext[default] - Resource [logback.xml] occurs multiple times on the classpath.
18:18:30,054 |-WARN in ch.qos.logback.classic.LoggerContext[default] - Resource [logback.xml] occurs at [jar:file:/root/flamestream/lib/flamestream-runtime-1.0-SNAPSHOT.jar!/logback.xml]
18:18:30,054 |-WARN in ch.qos.logback.classic.LoggerContext[default] - Resource [logback.xml] occurs at [jar:file:/root/flamestream/flamestream-runtime-1.0-SNAPSHOT.jar!/logback.xml]
18:18:30,075 |-INFO in ch.qos.logback.core.joran.spi.ConfigurationWatchList@3fb6a447 - URL [jar:file:/root/flamestream/lib/flamestream-runtime-1.0-SNAPSHOT.jar!/logback.xml] is not of type file
18:18:30,139 |-INFO in ch.qos.logback.classic.joran.action.ConfigurationAction - debug attribute not set
18:18:30,140 |-INFO in ch.qos.logback.core.joran.action.AppenderAction - About to instantiate appender of type [ch.qos.logback.core.ConsoleAppender]
18:18:30,158 |-INFO in ch.qos.logback.core.joran.action.AppenderAction - Naming appender as [STDOUT]
18:18:30,172 |-INFO in ch.qos.logback.core.joran.action.NestedComplexPropertyIA - Assuming default type [ch.qos.logback.classic.encoder.PatternLayoutEncoder] for [encoder] property
18:18:30,276 |-INFO in ch.qos.logback.core.joran.action.AppenderAction - About to instantiate appender of type [ch.qos.logback.core.rolling.RollingFileAppender]
18:18:30,284 |-INFO in ch.qos.logback.core.joran.action.AppenderAction - Naming appender as [FILE]
18:18:30,320 |-INFO in c.q.l.core.rolling.TimeBasedRollingPolicy@127618319 - No compression will be used
18:18:30,321 |-INFO in c.q.l.core.rolling.TimeBasedRollingPolicy@127618319 - Will use the pattern /tmp/application_%d{yyyy-MM-dd}.%i.log for the active file
18:18:30,324 |-INFO in ch.qos.logback.core.rolling.SizeAndTimeBasedFNATP@6b2fad11 - The date pattern is 'yyyy-MM-dd' from file name pattern '/tmp/application_%d{yyyy-MM-dd}.%i.log'.
18:18:30,324 |-INFO in ch.qos.logback.core.rolling.SizeAndTimeBasedFNATP@6b2fad11 - Roll-over at midnight.
18:18:30,330 |-INFO in ch.qos.logback.core.rolling.SizeAndTimeBasedFNATP@6b2fad11 - Setting initial period to Mon Jun 10 18:17:09 UTC 2019
18:18:30,330 |-WARN in ch.qos.logback.core.rolling.SizeAndTimeBasedFNATP@6b2fad11 - SizeAndTimeBasedFNATP is deprecated. Use SizeAndTimeBasedRollingPolicy instead
18:18:30,330 |-WARN in ch.qos.logback.core.rolling.SizeAndTimeBasedFNATP@6b2fad11 - For more information see http://logback.qos.ch/manual/appenders.html#SizeAndTimeBasedRollingPolicy
18:18:30,333 |-INFO in ch.qos.logback.core.joran.action.NestedComplexPropertyIA - Assuming default type [ch.qos.logback.classic.encoder.PatternLayoutEncoder] for [encoder] property
18:18:30,339 |-INFO in ch.qos.logback.core.rolling.RollingFileAppender[FILE] - Active log file name: /tmp/application.log
18:18:30,339 |-INFO in ch.qos.logback.core.rolling.RollingFileAppender[FILE] - File property is set to [/tmp/application.log]
18:18:30,340 |-INFO in ch.qos.logback.classic.joran.action.RootLoggerAction - Setting level of ROOT logger to WARN
18:18:30,340 |-INFO in ch.qos.logback.core.joran.action.AppenderRefAction - Attaching appender named [STDOUT] to Logger[ROOT]
18:18:30,342 |-INFO in ch.qos.logback.core.joran.action.AppenderRefAction - Attaching appender named [FILE] to Logger[ROOT]
18:18:30,342 |-INFO in ch.qos.logback.classic.joran.action.ConfigurationAction - End of configuration.
18:18:30,342 |-INFO in ch.qos.logback.classic.joran.JoranConfigurator@79698539 - Registering current configuration as safe fallback point

Ama winner
Ama winner
2019-06-10T18:18:31.668+0000: 1.805: [Full GC (Metadata GC Threshold) 2019-06-10T18:18:31.668+0000: 1.805: [Tenured: 0K->15239K(341376K), 0.0407701 secs] 114987K->15239K(494976K), [Metaspace: 20735K->20735K(1067008K)], 0.0408380 secs] [Times: user=0.04 sys=0.00, real=0.05 secs] 
18:18:46.410 [Curator-PathChildrenCache-1] WARN  o.a.c.u.ZKPaths  - The version of ZooKeeper being used doesn't support Container nodes. CreateMode.PERSISTENT will be used instead.
2019-06-10T18:18:48.800+0000: 18.937: [GC (Allocation Failure) 2019-06-10T18:18:48.800+0000: 18.937: [DefNew: 119404K->17023K(153600K), 0.0254813 secs] 134644K->32855K(494976K), 0.0255507 secs] [Times: user=0.03 sys=0.00, real=0.02 secs] 
2019-06-10T18:18:49.902+0000: 20.038: [Full GC (Metadata GC Threshold) 2019-06-10T18:18:49.902+0000: 20.038: [Tenured: 15831K->44174K(341376K), 0.0462334 secs] 78259K->44174K(494976K), [Metaspace: 34613K->34613K(1079296K)], 0.0463195 secs] [Times: user=0.03 sys=0.01, real=0.04 secs] 
2019-06-10T18:18:56.220+0000: 26.356: [GC (Allocation Failure) 2019-06-10T18:18:56.220+0000: 26.356: [DefNew: 136576K->74K(153600K), 0.0018907 secs] 180750K->44248K(494976K), 0.0019486 secs] [Times: user=0.00 sys=0.00, real=0.00 secs] 
2019-06-10T18:19:02.621+0000: 32.759: [GC (Allocation Failure) 2019-06-10T18:19:02.622+0000: 32.759: [DefNew: 136650K->76K(153600K), 0.0018338 secs] 180824K->44250K(494976K), 0.0029288 secs] [Times: user=0.00 sys=0.00, real=0.00 secs] 
2019-06-10T18:19:09.114+0000: 39.251: [GC (Allocation Failure) 2019-06-10T18:19:09.114+0000: 39.251: [DefNew: 136652K->77K(153600K), 0.0018188 secs] 180826K->44251K(494976K), 0.0018796 secs] [Times: user=0.00 sys=0.00, real=0.00 secs] 
2019-06-10T18:19:15.625+0000: 45.762: [GC (Allocation Failure) 2019-06-10T18:19:15.625+0000: 45.762: [DefNew: 136653K->108K(153600K), 0.0018482 secs] 180827K->44282K(494976K), 0.0019192 secs] [Times: user=0.00 sys=0.00, real=0.00 secs] 
2019-06-10T18:19:22.136+0000: 52.272: [GC (Allocation Failure) 2019-06-10T18:19:22.136+0000: 52.273: [DefNew: 136684K->109K(153600K), 0.0019023 secs] 180858K->44283K(494976K), 0.0019665 secs] [Times: user=0.00 sys=0.00, real=0.01 secs] 
18:19:31.648 [Curator-PathChildrenCache-0] ERROR o.a.c.f.r.c.PathChildrenCache  - 
java.lang.IllegalStateException: instance must be started before calling this method
	at org.apache.curator.shaded.com.google.common.base.Preconditions.checkState(Preconditions.java:444)
	at org.apache.curator.framework.imps.CuratorFrameworkImpl.getChildren(CuratorFrameworkImpl.java:456)
	at org.apache.curator.framework.recipes.cache.PathChildrenCache.refresh(PathChildrenCache.java:521)
	at org.apache.curator.framework.recipes.cache.RefreshOperation.invoke(RefreshOperation.java:35)
	at org.apache.curator.framework.recipes.cache.PathChildrenCache$9.run(PathChildrenCache.java:786)
	at java.util.concurrent.Executors$RunnableAdapter.call(Executors.java:511)
	at java.util.concurrent.FutureTask.run(FutureTask.java:266)
	at java.util.concurrent.Executors$RunnableAdapter.call(Executors.java:511)
	at java.util.concurrent.FutureTask.run(FutureTask.java:266)
	at java.util.concurrent.ThreadPoolExecutor.runWorker(ThreadPoolExecutor.java:1149)
	at java.util.concurrent.ThreadPoolExecutor$Worker.run(ThreadPoolExecutor.java:624)
	at java.lang.Thread.run(Thread.java:748)
Heap
 def new generation   total 153600K, used 126307K [0x00000000e0c00000, 0x00000000eb2a0000, 0x00000000eb2a0000)
  eden space 136576K,  92% used [0x00000000e0c00000, 0x00000000e873d6d8, 0x00000000e9160000)
  from space 17024K,   0% used [0x00000000e9160000, 0x00000000e917b718, 0x00000000ea200000)
  to   space 17024K,   0% used [0x00000000ea200000, 0x00000000ea200000, 0x00000000eb2a0000)
 tenured generation   total 341376K, used 44174K [0x00000000eb2a0000, 0x0000000100000000, 0x0000000100000000)
   the space 341376K,  12% used [0x00000000eb2a0000, 0x00000000eddc3898, 0x00000000eddc3a00, 0x0000000100000000)
 Metaspace       used 35894K, capacity 36748K, committed 36864K, reserved 1081344K
  class space    used 4839K, capacity 5050K, committed 5120K, reserved 1048576K
