19:30:20,462 |-INFO in ch.qos.logback.classic.LoggerContext[default] - Could NOT find resource [logback-test.xml]
19:30:20,462 |-INFO in ch.qos.logback.classic.LoggerContext[default] - Could NOT find resource [logback.groovy]
19:30:20,463 |-INFO in ch.qos.logback.classic.LoggerContext[default] - Found resource [logback.xml] at [jar:file:/root/flamestream/lib/flamestream-runtime-1.0-SNAPSHOT.jar!/logback.xml]
19:30:20,463 |-WARN in ch.qos.logback.classic.LoggerContext[default] - Resource [logback.xml] occurs multiple times on the classpath.
19:30:20,463 |-WARN in ch.qos.logback.classic.LoggerContext[default] - Resource [logback.xml] occurs at [jar:file:/root/flamestream/lib/flamestream-runtime-1.0-SNAPSHOT.jar!/logback.xml]
19:30:20,463 |-WARN in ch.qos.logback.classic.LoggerContext[default] - Resource [logback.xml] occurs at [jar:file:/root/flamestream/flamestream-runtime-1.0-SNAPSHOT.jar!/logback.xml]
19:30:20,484 |-INFO in ch.qos.logback.core.joran.spi.ConfigurationWatchList@3fb6a447 - URL [jar:file:/root/flamestream/lib/flamestream-runtime-1.0-SNAPSHOT.jar!/logback.xml] is not of type file
19:30:20,557 |-INFO in ch.qos.logback.classic.joran.action.ConfigurationAction - debug attribute not set
19:30:20,558 |-INFO in ch.qos.logback.core.joran.action.AppenderAction - About to instantiate appender of type [ch.qos.logback.core.ConsoleAppender]
19:30:20,572 |-INFO in ch.qos.logback.core.joran.action.AppenderAction - Naming appender as [STDOUT]
19:30:20,591 |-INFO in ch.qos.logback.core.joran.action.NestedComplexPropertyIA - Assuming default type [ch.qos.logback.classic.encoder.PatternLayoutEncoder] for [encoder] property
19:30:20,676 |-INFO in ch.qos.logback.core.joran.action.AppenderAction - About to instantiate appender of type [ch.qos.logback.core.rolling.RollingFileAppender]
19:30:20,685 |-INFO in ch.qos.logback.core.joran.action.AppenderAction - Naming appender as [FILE]
19:30:20,715 |-INFO in c.q.l.core.rolling.TimeBasedRollingPolicy@127618319 - No compression will be used
19:30:20,716 |-INFO in c.q.l.core.rolling.TimeBasedRollingPolicy@127618319 - Will use the pattern /tmp/application_%d{yyyy-MM-dd}.%i.log for the active file
19:30:20,719 |-INFO in ch.qos.logback.core.rolling.SizeAndTimeBasedFNATP@6b2fad11 - The date pattern is 'yyyy-MM-dd' from file name pattern '/tmp/application_%d{yyyy-MM-dd}.%i.log'.
19:30:20,719 |-INFO in ch.qos.logback.core.rolling.SizeAndTimeBasedFNATP@6b2fad11 - Roll-over at midnight.
19:30:20,724 |-INFO in ch.qos.logback.core.rolling.SizeAndTimeBasedFNATP@6b2fad11 - Setting initial period to Mon Jun 10 19:28:46 UTC 2019
19:30:20,724 |-WARN in ch.qos.logback.core.rolling.SizeAndTimeBasedFNATP@6b2fad11 - SizeAndTimeBasedFNATP is deprecated. Use SizeAndTimeBasedRollingPolicy instead
19:30:20,724 |-WARN in ch.qos.logback.core.rolling.SizeAndTimeBasedFNATP@6b2fad11 - For more information see http://logback.qos.ch/manual/appenders.html#SizeAndTimeBasedRollingPolicy
19:30:20,728 |-INFO in ch.qos.logback.core.joran.action.NestedComplexPropertyIA - Assuming default type [ch.qos.logback.classic.encoder.PatternLayoutEncoder] for [encoder] property
19:30:20,733 |-INFO in ch.qos.logback.core.rolling.RollingFileAppender[FILE] - Active log file name: /tmp/application.log
19:30:20,733 |-INFO in ch.qos.logback.core.rolling.RollingFileAppender[FILE] - File property is set to [/tmp/application.log]
19:30:20,734 |-INFO in ch.qos.logback.classic.joran.action.RootLoggerAction - Setting level of ROOT logger to WARN
19:30:20,734 |-INFO in ch.qos.logback.core.joran.action.AppenderRefAction - Attaching appender named [STDOUT] to Logger[ROOT]
19:30:20,736 |-INFO in ch.qos.logback.core.joran.action.AppenderRefAction - Attaching appender named [FILE] to Logger[ROOT]
19:30:20,736 |-INFO in ch.qos.logback.classic.joran.action.ConfigurationAction - End of configuration.
19:30:20,737 |-INFO in ch.qos.logback.classic.joran.JoranConfigurator@79698539 - Registering current configuration as safe fallback point

Ama winner
Ama winner
2019-06-10T19:30:22.052+0000: 1.780: [Full GC (Metadata GC Threshold) 2019-06-10T19:30:22.052+0000: 1.780: [Tenured: 0K->15209K(341376K), 0.0396988 secs] 115001K->15209K(494976K), [Metaspace: 20742K->20742K(1067008K)], 0.0397688 secs] [Times: user=0.04 sys=0.00, real=0.04 secs] 
19:30:40.627 [Curator-PathChildrenCache-2] WARN  o.a.c.u.ZKPaths  - The version of ZooKeeper being used doesn't support Container nodes. CreateMode.PERSISTENT will be used instead.
2019-06-10T19:30:42.814+0000: 22.542: [GC (Allocation Failure) 2019-06-10T19:30:42.814+0000: 22.542: [DefNew: 136576K->17023K(153600K), 0.0271700 secs] 151785K->53099K(494976K), 0.0272430 secs] [Times: user=0.02 sys=0.01, real=0.03 secs] 
2019-06-10T19:30:43.218+0000: 22.946: [Full GC (Metadata GC Threshold) 2019-06-10T19:30:43.218+0000: 22.946: [Tenured: 36075K->44959K(341376K), 0.0365862 secs] 71684K->44959K(494976K), [Metaspace: 34534K->34534K(1079296K)], 0.0366662 secs] [Times: user=0.03 sys=0.01, real=0.03 secs] 
2019-06-10T19:30:46.052+0000: 25.780: [GC (Allocation Failure) 2019-06-10T19:30:46.052+0000: 25.780: [DefNew: 136576K->155K(153600K), 0.0021168 secs] 181535K->45114K(494976K), 0.0021837 secs] [Times: user=0.01 sys=0.00, real=0.00 secs] 
2019-06-10T19:30:48.717+0000: 28.445: [GC (Allocation Failure) 2019-06-10T19:30:48.717+0000: 28.445: [DefNew: 136731K->166K(153600K), 0.0019711 secs] 181690K->45125K(494976K), 0.0020287 secs] [Times: user=0.00 sys=0.00, real=0.00 secs] 
2019-06-10T19:30:51.369+0000: 31.097: [GC (Allocation Failure) 2019-06-10T19:30:51.369+0000: 31.097: [DefNew: 136742K->172K(153600K), 0.0020050 secs] 181701K->45131K(494976K), 0.0020769 secs] [Times: user=0.00 sys=0.00, real=0.00 secs] 
2019-06-10T19:30:54.000+0000: 33.728: [GC (Allocation Failure) 2019-06-10T19:30:54.000+0000: 33.728: [DefNew: 136748K->187K(153600K), 0.0020688 secs] 181707K->45146K(494976K), 0.0021244 secs] [Times: user=0.00 sys=0.00, real=0.00 secs] 
2019-06-10T19:30:56.651+0000: 36.379: [GC (Allocation Failure) 2019-06-10T19:30:56.651+0000: 36.379: [DefNew: 136763K->171K(153600K), 0.0020464 secs] 181722K->45131K(494976K), 0.0021046 secs] [Times: user=0.00 sys=0.00, real=0.00 secs] 
2019-06-10T19:30:59.288+0000: 39.016: [GC (Allocation Failure) 2019-06-10T19:30:59.288+0000: 39.016: [DefNew: 136747K->171K(153600K), 0.0020455 secs] 181707K->45130K(494976K), 0.0021057 secs] [Times: user=0.00 sys=0.00, real=0.01 secs] 
2019-06-10T19:31:01.939+0000: 41.667: [GC (Allocation Failure) 2019-06-10T19:31:01.939+0000: 41.667: [DefNew: 136747K->203K(153600K), 0.0021338 secs] 181706K->45163K(494976K), 0.0021927 secs] [Times: user=0.00 sys=0.00, real=0.00 secs] 
19:31:09.536 [Curator-PathChildrenCache-0] ERROR o.a.c.f.r.c.PathChildrenCache  - 
java.lang.IllegalStateException: instance must be started before calling this method
	at org.apache.curator.shaded.com.google.common.base.Preconditions.checkState(Preconditions.java:444)
	at org.apache.curator.framework.imps.CuratorFrameworkImpl.getChildren(CuratorFrameworkImpl.java:456)
	at org.apache.curator.framework.recipes.cache.PathChildrenCache.refresh(PathChildrenCache.java:521)
	at org.apache.curator.framework.recipes.cache.RefreshOperation.invoke(RefreshOperation.java:35)
	at org.apache.curator.framework.recipes.cache.PathChildrenCache$9.run(PathChildrenCache.java:786)
	at java.util.concurrent.Executors$RunnableAdapter.call(Executors.java:511)
	at java.util.concurrent.FutureTask.run(FutureTask.java:266)
	at java.util.concurrent.Executors$RunnableAdapter.call(Executors.java:511)
	at java.util.concurrent.FutureTask.run(FutureTask.java:266)
	at java.util.concurrent.ThreadPoolExecutor.runWorker(ThreadPoolExecutor.java:1149)
	at java.util.concurrent.ThreadPoolExecutor$Worker.run(ThreadPoolExecutor.java:624)
	at java.lang.Thread.run(Thread.java:748)
2019-06-10T19:31:09.706+0000: 49.434: [GC (Allocation Failure) 2019-06-10T19:31:09.706+0000: 49.434: [DefNew: 136779K->1041K(153600K), 0.0036525 secs] 181739K->46001K(494976K), 0.0037155 secs] [Times: user=0.00 sys=0.00, real=0.01 secs] 
Heap
 def new generation   total 153600K, used 6029K [0x00000000e0c00000, 0x00000000eb2a0000, 0x00000000eb2a0000)
  eden space 136576K,   3% used [0x00000000e0c00000, 0x00000000e10dee70, 0x00000000e9160000)
  from space 17024K,   6% used [0x00000000ea200000, 0x00000000ea304750, 0x00000000eb2a0000)
  to   space 17024K,   0% used [0x00000000e9160000, 0x00000000e9160000, 0x00000000ea200000)
 tenured generation   total 341376K, used 44959K [0x00000000eb2a0000, 0x0000000100000000, 0x0000000100000000)
   the space 341376K,  13% used [0x00000000eb2a0000, 0x00000000ede87dc8, 0x00000000ede87e00, 0x0000000100000000)
 Metaspace       used 35956K, capacity 36910K, committed 37120K, reserved 1081344K
  class space    used 4873K, capacity 5067K, committed 5120K, reserved 1048576K
