17:03:13,378 |-INFO in ch.qos.logback.classic.LoggerContext[default] - Could NOT find resource [logback-test.xml]
17:03:13,378 |-INFO in ch.qos.logback.classic.LoggerContext[default] - Could NOT find resource [logback.groovy]
17:03:13,378 |-INFO in ch.qos.logback.classic.LoggerContext[default] - Found resource [logback.xml] at [jar:file:/root/flamestream/lib/flamestream-runtime-1.0-SNAPSHOT.jar!/logback.xml]
17:03:13,383 |-WARN in ch.qos.logback.classic.LoggerContext[default] - Resource [logback.xml] occurs multiple times on the classpath.
17:03:13,384 |-WARN in ch.qos.logback.classic.LoggerContext[default] - Resource [logback.xml] occurs at [jar:file:/root/flamestream/lib/flamestream-runtime-1.0-SNAPSHOT.jar!/logback.xml]
17:03:13,384 |-WARN in ch.qos.logback.classic.LoggerContext[default] - Resource [logback.xml] occurs at [jar:file:/root/flamestream/flamestream-runtime-1.0-SNAPSHOT.jar!/logback.xml]
17:03:13,403 |-INFO in ch.qos.logback.core.joran.spi.ConfigurationWatchList@3fb6a447 - URL [jar:file:/root/flamestream/lib/flamestream-runtime-1.0-SNAPSHOT.jar!/logback.xml] is not of type file
17:03:13,473 |-INFO in ch.qos.logback.classic.joran.action.ConfigurationAction - debug attribute not set
17:03:13,473 |-INFO in ch.qos.logback.core.joran.action.AppenderAction - About to instantiate appender of type [ch.qos.logback.core.ConsoleAppender]
17:03:13,491 |-INFO in ch.qos.logback.core.joran.action.AppenderAction - Naming appender as [STDOUT]
17:03:13,508 |-INFO in ch.qos.logback.core.joran.action.NestedComplexPropertyIA - Assuming default type [ch.qos.logback.classic.encoder.PatternLayoutEncoder] for [encoder] property
17:03:13,590 |-INFO in ch.qos.logback.core.joran.action.AppenderAction - About to instantiate appender of type [ch.qos.logback.core.rolling.RollingFileAppender]
17:03:13,597 |-INFO in ch.qos.logback.core.joran.action.AppenderAction - Naming appender as [FILE]
17:03:13,629 |-INFO in c.q.l.core.rolling.TimeBasedRollingPolicy@127618319 - No compression will be used
17:03:13,630 |-INFO in c.q.l.core.rolling.TimeBasedRollingPolicy@127618319 - Will use the pattern /tmp/application_%d{yyyy-MM-dd}.%i.log for the active file
17:03:13,633 |-INFO in ch.qos.logback.core.rolling.SizeAndTimeBasedFNATP@6b2fad11 - The date pattern is 'yyyy-MM-dd' from file name pattern '/tmp/application_%d{yyyy-MM-dd}.%i.log'.
17:03:13,633 |-INFO in ch.qos.logback.core.rolling.SizeAndTimeBasedFNATP@6b2fad11 - Roll-over at midnight.
17:03:13,638 |-INFO in ch.qos.logback.core.rolling.SizeAndTimeBasedFNATP@6b2fad11 - Setting initial period to Mon Jun 10 17:01:39 UTC 2019
17:03:13,638 |-WARN in ch.qos.logback.core.rolling.SizeAndTimeBasedFNATP@6b2fad11 - SizeAndTimeBasedFNATP is deprecated. Use SizeAndTimeBasedRollingPolicy instead
17:03:13,638 |-WARN in ch.qos.logback.core.rolling.SizeAndTimeBasedFNATP@6b2fad11 - For more information see http://logback.qos.ch/manual/appenders.html#SizeAndTimeBasedRollingPolicy
17:03:13,642 |-INFO in ch.qos.logback.core.joran.action.NestedComplexPropertyIA - Assuming default type [ch.qos.logback.classic.encoder.PatternLayoutEncoder] for [encoder] property
17:03:13,647 |-INFO in ch.qos.logback.core.rolling.RollingFileAppender[FILE] - Active log file name: /tmp/application.log
17:03:13,647 |-INFO in ch.qos.logback.core.rolling.RollingFileAppender[FILE] - File property is set to [/tmp/application.log]
17:03:13,648 |-INFO in ch.qos.logback.classic.joran.action.RootLoggerAction - Setting level of ROOT logger to WARN
17:03:13,648 |-INFO in ch.qos.logback.core.joran.action.AppenderRefAction - Attaching appender named [STDOUT] to Logger[ROOT]
17:03:13,650 |-INFO in ch.qos.logback.core.joran.action.AppenderRefAction - Attaching appender named [FILE] to Logger[ROOT]
17:03:13,650 |-INFO in ch.qos.logback.classic.joran.action.ConfigurationAction - End of configuration.
17:03:13,651 |-INFO in ch.qos.logback.classic.joran.JoranConfigurator@79698539 - Registering current configuration as safe fallback point

Ama winner
Ama winner
2019-06-10T17:03:14.973+0000: 1.778: [Full GC (Metadata GC Threshold) 2019-06-10T17:03:14.973+0000: 1.778: [Tenured: 0K->15240K(341376K), 0.0436143 secs] 114925K->15240K(494976K), [Metaspace: 20729K->20729K(1067008K)], 0.0436913 secs] [Times: user=0.04 sys=0.00, real=0.04 secs] 
17:03:35.669 [Curator-PathChildrenCache-1] WARN  o.a.c.u.ZKPaths  - The version of ZooKeeper being used doesn't support Container nodes. CreateMode.PERSISTENT will be used instead.
2019-06-10T17:03:38.073+0000: 24.877: [GC (Allocation Failure) 2019-06-10T17:03:38.073+0000: 24.877: [DefNew: 136576K->17023K(153600K), 0.0273801 secs] 151816K->52837K(494976K), 0.0274521 secs] [Times: user=0.03 sys=0.00, real=0.02 secs] 
2019-06-10T17:03:39.603+0000: 26.407: [Full GC (Metadata GC Threshold) 2019-06-10T17:03:39.603+0000: 26.407: [Tenured: 35813K->44538K(341376K), 0.0412239 secs] 91939K->44538K(494976K), [Metaspace: 34625K->34625K(1079296K)], 0.0412981 secs] [Times: user=0.03 sys=0.00, real=0.04 secs] 
2019-06-10T17:03:45.354+0000: 32.158: [GC (Allocation Failure) 2019-06-10T17:03:45.354+0000: 32.158: [DefNew: 136576K->69K(153600K), 0.0019108 secs] 181114K->44607K(494976K), 0.0019726 secs] [Times: user=0.00 sys=0.00, real=0.00 secs] 
2019-06-10T17:03:51.052+0000: 37.856: [GC (Allocation Failure) 2019-06-10T17:03:51.052+0000: 37.856: [DefNew: 136645K->73K(153600K), 0.0017419 secs] 181183K->44612K(494976K), 0.0018037 secs] [Times: user=0.00 sys=0.00, real=0.00 secs] 
2019-06-10T17:03:56.809+0000: 43.614: [GC (Allocation Failure) 2019-06-10T17:03:56.809+0000: 43.614: [DefNew: 136649K->70K(153600K), 0.0017745 secs] 181188K->44608K(494976K), 0.0018365 secs] [Times: user=0.00 sys=0.00, real=0.01 secs] 
2019-06-10T17:04:02.612+0000: 49.416: [GC (Allocation Failure) 2019-06-10T17:04:02.612+0000: 49.416: [DefNew: 136646K->69K(153600K), 0.0017222 secs] 181184K->44607K(494976K), 0.0017911 secs] [Times: user=0.00 sys=0.00, real=0.00 secs] 
2019-06-10T17:04:14.816+0000: 61.620: [GC (Allocation Failure) 2019-06-10T17:04:14.816+0000: 61.620: [DefNew: 136645K->250K(153600K), 0.0019978 secs] 181183K->44788K(494976K), 0.0020568 secs] [Times: user=0.00 sys=0.00, real=0.00 secs] 
17:04:18.121 [Curator-PathChildrenCache-0] ERROR o.a.c.f.r.c.PathChildrenCache  - 
java.lang.IllegalStateException: instance must be started before calling this method
	at org.apache.curator.shaded.com.google.common.base.Preconditions.checkState(Preconditions.java:444)
	at org.apache.curator.framework.imps.CuratorFrameworkImpl.getChildren(CuratorFrameworkImpl.java:456)
	at org.apache.curator.framework.recipes.cache.PathChildrenCache.refresh(PathChildrenCache.java:521)
	at org.apache.curator.framework.recipes.cache.RefreshOperation.invoke(RefreshOperation.java:35)
	at org.apache.curator.framework.recipes.cache.PathChildrenCache$9.run(PathChildrenCache.java:786)
	at java.util.concurrent.Executors$RunnableAdapter.call(Executors.java:511)
	at java.util.concurrent.FutureTask.run(FutureTask.java:266)
	at java.util.concurrent.Executors$RunnableAdapter.call(Executors.java:511)
	at java.util.concurrent.FutureTask.run(FutureTask.java:266)
	at java.util.concurrent.ThreadPoolExecutor.runWorker(ThreadPoolExecutor.java:1149)
	at java.util.concurrent.ThreadPoolExecutor$Worker.run(ThreadPoolExecutor.java:624)
	at java.lang.Thread.run(Thread.java:748)
Heap
 def new generation   total 153600K, used 32970K [0x00000000e0c00000, 0x00000000eb2a0000, 0x00000000eb2a0000)
  eden space 136576K,  23% used [0x00000000e0c00000, 0x00000000e2bf3f18, 0x00000000e9160000)
  from space 17024K,   1% used [0x00000000e9160000, 0x00000000e919e908, 0x00000000ea200000)
  to   space 17024K,   0% used [0x00000000ea200000, 0x00000000ea200000, 0x00000000eb2a0000)
 tenured generation   total 341376K, used 44538K [0x00000000eb2a0000, 0x0000000100000000, 0x0000000100000000)
   the space 341376K,  13% used [0x00000000eb2a0000, 0x00000000ede1ea60, 0x00000000ede1ec00, 0x0000000100000000)
 Metaspace       used 36269K, capacity 37198K, committed 37376K, reserved 1081344K
  class space    used 4878K, capacity 5087K, committed 5120K, reserved 1048576K
