18:13:48,719 |-INFO in ch.qos.logback.classic.LoggerContext[default] - Could NOT find resource [logback-test.xml]
18:13:48,719 |-INFO in ch.qos.logback.classic.LoggerContext[default] - Could NOT find resource [logback.groovy]
18:13:48,719 |-INFO in ch.qos.logback.classic.LoggerContext[default] - Found resource [logback.xml] at [jar:file:/root/flamestream/lib/flamestream-runtime-1.0-SNAPSHOT.jar!/logback.xml]
18:13:48,720 |-WARN in ch.qos.logback.classic.LoggerContext[default] - Resource [logback.xml] occurs multiple times on the classpath.
18:13:48,720 |-WARN in ch.qos.logback.classic.LoggerContext[default] - Resource [logback.xml] occurs at [jar:file:/root/flamestream/lib/flamestream-runtime-1.0-SNAPSHOT.jar!/logback.xml]
18:13:48,720 |-WARN in ch.qos.logback.classic.LoggerContext[default] - Resource [logback.xml] occurs at [jar:file:/root/flamestream/flamestream-runtime-1.0-SNAPSHOT.jar!/logback.xml]
18:13:48,739 |-INFO in ch.qos.logback.core.joran.spi.ConfigurationWatchList@3fb6a447 - URL [jar:file:/root/flamestream/lib/flamestream-runtime-1.0-SNAPSHOT.jar!/logback.xml] is not of type file
18:13:48,805 |-INFO in ch.qos.logback.classic.joran.action.ConfigurationAction - debug attribute not set
18:13:48,806 |-INFO in ch.qos.logback.core.joran.action.AppenderAction - About to instantiate appender of type [ch.qos.logback.core.ConsoleAppender]
18:13:48,822 |-INFO in ch.qos.logback.core.joran.action.AppenderAction - Naming appender as [STDOUT]
18:13:48,841 |-INFO in ch.qos.logback.core.joran.action.NestedComplexPropertyIA - Assuming default type [ch.qos.logback.classic.encoder.PatternLayoutEncoder] for [encoder] property
18:13:48,937 |-INFO in ch.qos.logback.core.joran.action.AppenderAction - About to instantiate appender of type [ch.qos.logback.core.rolling.RollingFileAppender]
18:13:48,944 |-INFO in ch.qos.logback.core.joran.action.AppenderAction - Naming appender as [FILE]
18:13:48,974 |-INFO in c.q.l.core.rolling.TimeBasedRollingPolicy@127618319 - No compression will be used
18:13:48,976 |-INFO in c.q.l.core.rolling.TimeBasedRollingPolicy@127618319 - Will use the pattern /tmp/application_%d{yyyy-MM-dd}.%i.log for the active file
18:13:48,978 |-INFO in ch.qos.logback.core.rolling.SizeAndTimeBasedFNATP@6b2fad11 - The date pattern is 'yyyy-MM-dd' from file name pattern '/tmp/application_%d{yyyy-MM-dd}.%i.log'.
18:13:48,978 |-INFO in ch.qos.logback.core.rolling.SizeAndTimeBasedFNATP@6b2fad11 - Roll-over at midnight.
18:13:48,984 |-INFO in ch.qos.logback.core.rolling.SizeAndTimeBasedFNATP@6b2fad11 - Setting initial period to Mon Jun 10 18:12:25 UTC 2019
18:13:48,984 |-WARN in ch.qos.logback.core.rolling.SizeAndTimeBasedFNATP@6b2fad11 - SizeAndTimeBasedFNATP is deprecated. Use SizeAndTimeBasedRollingPolicy instead
18:13:48,984 |-WARN in ch.qos.logback.core.rolling.SizeAndTimeBasedFNATP@6b2fad11 - For more information see http://logback.qos.ch/manual/appenders.html#SizeAndTimeBasedRollingPolicy
18:13:48,988 |-INFO in ch.qos.logback.core.joran.action.NestedComplexPropertyIA - Assuming default type [ch.qos.logback.classic.encoder.PatternLayoutEncoder] for [encoder] property
18:13:48,993 |-INFO in ch.qos.logback.core.rolling.RollingFileAppender[FILE] - Active log file name: /tmp/application.log
18:13:48,993 |-INFO in ch.qos.logback.core.rolling.RollingFileAppender[FILE] - File property is set to [/tmp/application.log]
18:13:48,994 |-INFO in ch.qos.logback.classic.joran.action.RootLoggerAction - Setting level of ROOT logger to WARN
18:13:48,994 |-INFO in ch.qos.logback.core.joran.action.AppenderRefAction - Attaching appender named [STDOUT] to Logger[ROOT]
18:13:48,995 |-INFO in ch.qos.logback.core.joran.action.AppenderRefAction - Attaching appender named [FILE] to Logger[ROOT]
18:13:48,995 |-INFO in ch.qos.logback.classic.joran.action.ConfigurationAction - End of configuration.
18:13:48,997 |-INFO in ch.qos.logback.classic.joran.JoranConfigurator@79698539 - Registering current configuration as safe fallback point

Ama winner
Ama winner
2019-06-10T18:13:50.261+0000: 1.727: [Full GC (Metadata GC Threshold) 2019-06-10T18:13:50.261+0000: 1.727: [Tenured: 0K->15143K(341376K), 0.0398695 secs] 114987K->15143K(494976K), [Metaspace: 20735K->20735K(1067008K)], 0.0399386 secs] [Times: user=0.04 sys=0.00, real=0.04 secs] 
18:14:09.520 [Curator-PathChildrenCache-1] WARN  o.a.c.u.ZKPaths  - The version of ZooKeeper being used doesn't support Container nodes. CreateMode.PERSISTENT will be used instead.
2019-06-10T18:14:11.718+0000: 23.185: [GC (Allocation Failure) 2019-06-10T18:14:11.718+0000: 23.185: [DefNew: 136576K->17023K(153600K), 0.0465131 secs] 151719K->52538K(494976K), 0.0465832 secs] [Times: user=0.04 sys=0.02, real=0.04 secs] 
2019-06-10T18:14:12.974+0000: 24.441: [Full GC (Metadata GC Threshold) 2019-06-10T18:14:12.974+0000: 24.441: [Tenured: 35514K->44036K(341376K), 0.0373530 secs] 79304K->44036K(494976K), [Metaspace: 34570K->34570K(1079296K)], 0.0374274 secs] [Times: user=0.04 sys=0.00, real=0.04 secs] 
2019-06-10T18:14:18.813+0000: 30.280: [GC (Allocation Failure) 2019-06-10T18:14:18.813+0000: 30.280: [DefNew: 136576K->67K(153600K), 0.0017509 secs] 180612K->44103K(494976K), 0.0018118 secs] [Times: user=0.00 sys=0.00, real=0.00 secs] 
2019-06-10T18:14:24.539+0000: 36.006: [GC (Allocation Failure) 2019-06-10T18:14:24.539+0000: 36.006: [DefNew: 136643K->69K(153600K), 0.0017267 secs] 180679K->44106K(494976K), 0.0017954 secs] [Times: user=0.00 sys=0.00, real=0.00 secs] 
2019-06-10T18:14:30.298+0000: 41.765: [GC (Allocation Failure) 2019-06-10T18:14:30.298+0000: 41.765: [DefNew: 136645K->71K(153600K), 0.0016696 secs] 180682K->44107K(494976K), 0.0017388 secs] [Times: user=0.00 sys=0.00, real=0.00 secs] 
2019-06-10T18:14:36.018+0000: 47.485: [GC (Allocation Failure) 2019-06-10T18:14:36.018+0000: 47.485: [DefNew: 136647K->69K(153600K), 0.0017385 secs] 180683K->44106K(494976K), 0.0017983 secs] [Times: user=0.00 sys=0.00, real=0.00 secs] 
2019-06-10T18:14:46.191+0000: 57.657: [GC (Allocation Failure) 2019-06-10T18:14:46.191+0000: 57.657: [DefNew: 136645K->69K(153600K), 0.0017221 secs] 180682K->44106K(494976K), 0.0017815 secs] [Times: user=0.00 sys=0.00, real=0.00 secs] 
18:14:49.157 [Curator-PathChildrenCache-0] ERROR o.a.c.f.r.c.PathChildrenCache  - 
java.lang.IllegalStateException: instance must be started before calling this method
	at org.apache.curator.shaded.com.google.common.base.Preconditions.checkState(Preconditions.java:444)
	at org.apache.curator.framework.imps.CuratorFrameworkImpl.getChildren(CuratorFrameworkImpl.java:456)
	at org.apache.curator.framework.recipes.cache.PathChildrenCache.refresh(PathChildrenCache.java:521)
	at org.apache.curator.framework.recipes.cache.RefreshOperation.invoke(RefreshOperation.java:35)
	at org.apache.curator.framework.recipes.cache.PathChildrenCache$9.run(PathChildrenCache.java:786)
	at java.util.concurrent.Executors$RunnableAdapter.call(Executors.java:511)
	at java.util.concurrent.FutureTask.run(FutureTask.java:266)
	at java.util.concurrent.Executors$RunnableAdapter.call(Executors.java:511)
	at java.util.concurrent.FutureTask.run(FutureTask.java:266)
	at java.util.concurrent.ThreadPoolExecutor.runWorker(ThreadPoolExecutor.java:1149)
	at java.util.concurrent.ThreadPoolExecutor$Worker.run(ThreadPoolExecutor.java:624)
	at java.lang.Thread.run(Thread.java:748)
Heap
 def new generation   total 153600K, used 45310K [0x00000000e0c00000, 0x00000000eb2a0000, 0x00000000eb2a0000)
  eden space 136576K,  33% used [0x00000000e0c00000, 0x00000000e382e2f0, 0x00000000e9160000)
  from space 17024K,   0% used [0x00000000e9160000, 0x00000000e91717f0, 0x00000000ea200000)
  to   space 17024K,   0% used [0x00000000ea200000, 0x00000000ea200000, 0x00000000eb2a0000)
 tenured generation   total 341376K, used 44036K [0x00000000eb2a0000, 0x0000000100000000, 0x0000000100000000)
   the space 341376K,  12% used [0x00000000eb2a0000, 0x00000000edda1158, 0x00000000edda1200, 0x0000000100000000)
 Metaspace       used 35942K, capacity 36846K, committed 37120K, reserved 1081344K
  class space    used 4834K, capacity 5055K, committed 5120K, reserved 1048576K
