09:33:33,580 |-INFO in ch.qos.logback.classic.LoggerContext[default] - Could NOT find resource [logback-test.xml]
09:33:33,580 |-INFO in ch.qos.logback.classic.LoggerContext[default] - Could NOT find resource [logback.groovy]
09:33:33,581 |-INFO in ch.qos.logback.classic.LoggerContext[default] - Found resource [logback.xml] at [jar:file:/home/nikitasokolov/flamestream/lib/flamestream-runtime-1.0-SNAPSHOT.jar!/logback.xml]
09:33:33,581 |-WARN in ch.qos.logback.classic.LoggerContext[default] - Resource [logback.xml] occurs multiple times on the classpath.
09:33:33,581 |-WARN in ch.qos.logback.classic.LoggerContext[default] - Resource [logback.xml] occurs at [jar:file:/home/nikitasokolov/flamestream/lib/flamestream-runtime-1.0-SNAPSHOT.jar!/logback.xml]
09:33:33,581 |-WARN in ch.qos.logback.classic.LoggerContext[default] - Resource [logback.xml] occurs at [jar:file:/home/nikitasokolov/flamestream/flamestream-runtime-1.0-SNAPSHOT.jar!/logback.xml]
09:33:33,597 |-INFO in ch.qos.logback.core.joran.spi.ConfigurationWatchList@6108b2d7 - URL [jar:file:/home/nikitasokolov/flamestream/lib/flamestream-runtime-1.0-SNAPSHOT.jar!/logback.xml] is not of type file
09:33:33,647 |-INFO in ch.qos.logback.classic.joran.action.ConfigurationAction - debug attribute not set
09:33:33,648 |-INFO in ch.qos.logback.core.joran.action.AppenderAction - About to instantiate appender of type [ch.qos.logback.core.ConsoleAppender]
09:33:33,656 |-INFO in ch.qos.logback.core.joran.action.AppenderAction - Naming appender as [STDOUT]
09:33:33,664 |-INFO in ch.qos.logback.core.joran.action.NestedComplexPropertyIA - Assuming default type [ch.qos.logback.classic.encoder.PatternLayoutEncoder] for [encoder] property
09:33:33,720 |-INFO in ch.qos.logback.core.joran.action.AppenderAction - About to instantiate appender of type [ch.qos.logback.core.rolling.RollingFileAppender]
09:33:33,725 |-INFO in ch.qos.logback.core.joran.action.AppenderAction - Naming appender as [FILE]
09:33:33,747 |-INFO in c.q.l.core.rolling.TimeBasedRollingPolicy@357863579 - No compression will be used
09:33:33,749 |-INFO in c.q.l.core.rolling.TimeBasedRollingPolicy@357863579 - Will use the pattern /tmp/application_%d{yyyy-MM-dd}.%i.log for the active file
09:33:33,751 |-INFO in ch.qos.logback.core.rolling.SizeAndTimeBasedFNATP@6bf256fa - The date pattern is 'yyyy-MM-dd' from file name pattern '/tmp/application_%d{yyyy-MM-dd}.%i.log'.
09:33:33,751 |-INFO in ch.qos.logback.core.rolling.SizeAndTimeBasedFNATP@6bf256fa - Roll-over at midnight.
09:33:33,756 |-INFO in ch.qos.logback.core.rolling.SizeAndTimeBasedFNATP@6bf256fa - Setting initial period to Sun Jun 09 09:32:48 MSK 2019
09:33:33,756 |-WARN in ch.qos.logback.core.rolling.SizeAndTimeBasedFNATP@6bf256fa - SizeAndTimeBasedFNATP is deprecated. Use SizeAndTimeBasedRollingPolicy instead
09:33:33,756 |-WARN in ch.qos.logback.core.rolling.SizeAndTimeBasedFNATP@6bf256fa - For more information see http://logback.qos.ch/manual/appenders.html#SizeAndTimeBasedRollingPolicy
09:33:33,761 |-INFO in ch.qos.logback.core.joran.action.NestedComplexPropertyIA - Assuming default type [ch.qos.logback.classic.encoder.PatternLayoutEncoder] for [encoder] property
09:33:33,763 |-INFO in ch.qos.logback.core.rolling.RollingFileAppender[FILE] - Active log file name: /tmp/application.log
09:33:33,763 |-INFO in ch.qos.logback.core.rolling.RollingFileAppender[FILE] - File property is set to [/tmp/application.log]
09:33:33,764 |-INFO in ch.qos.logback.classic.joran.action.RootLoggerAction - Setting level of ROOT logger to WARN
09:33:33,764 |-INFO in ch.qos.logback.core.joran.action.AppenderRefAction - Attaching appender named [STDOUT] to Logger[ROOT]
09:33:33,765 |-INFO in ch.qos.logback.core.joran.action.AppenderRefAction - Attaching appender named [FILE] to Logger[ROOT]
09:33:33,765 |-INFO in ch.qos.logback.classic.joran.action.ConfigurationAction - End of configuration.
09:33:33,766 |-INFO in ch.qos.logback.classic.joran.JoranConfigurator@6cd8737 - Registering current configuration as safe fallback point

2019-06-09T09:33:34.736+0300: 1.366: [GC (Metadata GC Threshold) [PSYoungGen: 108152K->15816K(149504K)] 108152K->15896K(491008K), 0.0177877 secs] [Times: user=0.04 sys=0.01, real=0.02 secs] 
2019-06-09T09:33:34.754+0300: 1.383: [Full GC (Metadata GC Threshold) [PSYoungGen: 15816K->0K(149504K)] [ParOldGen: 80K->14981K(341504K)] 15896K->14981K(491008K), [Metaspace: 20801K->20801K(1067008K)], 0.0251231 secs] [Times: user=0.15 sys=0.00, real=0.03 secs] 
09:33:42.072 [Curator-PathChildrenCache-1] WARN  o.a.c.u.ZKPaths  - The version of ZooKeeper being used doesn't support Container nodes. CreateMode.PERSISTENT will be used instead.
2019-06-09T09:33:43.019+0300: 9.649: [GC (Metadata GC Threshold) [PSYoungGen: 125044K->15573K(149504K)] 140025K->50094K(491008K), 0.0354194 secs] [Times: user=0.26 sys=0.03, real=0.03 secs] 
2019-06-09T09:33:43.055+0300: 9.684: [Full GC (Metadata GC Threshold) [PSYoungGen: 15573K->0K(149504K)] [ParOldGen: 34521K->38650K(341504K)] 50094K->38650K(491008K), [Metaspace: 34562K->34562K(1079296K)], 0.0361834 secs] [Times: user=0.21 sys=0.01, real=0.04 secs] 
2019-06-09T09:33:45.254+0300: 11.883: [GC (Allocation Failure) [PSYoungGen: 128512K->480K(149504K)] 167162K->39138K(491008K), 0.0044154 secs] [Times: user=0.01 sys=0.01, real=0.01 secs] 
2019-06-09T09:33:46.819+0300: 13.448: [GC (Allocation Failure) [PSYoungGen: 128992K->512K(149504K)] 167650K->39178K(491008K), 0.0025609 secs] [Times: user=0.01 sys=0.00, real=0.00 secs] 
2019-06-09T09:33:48.745+0300: 15.375: [GC (Allocation Failure) [PSYoungGen: 129024K->416K(129024K)] 167690K->39090K(470528K), 0.0029922 secs] [Times: user=0.01 sys=0.01, real=0.00 secs] 
2019-06-09T09:33:50.767+0300: 17.396: [GC (Allocation Failure) [PSYoungGen: 128928K->416K(150016K)] 167602K->39098K(491520K), 0.0031276 secs] [Times: user=0.02 sys=0.00, real=0.01 secs] 
2019-06-09T09:33:52.782+0300: 19.411: [GC (Allocation Failure) [PSYoungGen: 128928K->512K(148992K)] 167610K->39202K(490496K), 0.0040211 secs] [Times: user=0.02 sys=0.00, real=0.00 secs] 
2019-06-09T09:33:54.843+0300: 21.472: [GC (Allocation Failure) [PSYoungGen: 129024K->512K(152064K)] 167714K->39202K(493568K), 0.0044943 secs] [Times: user=0.03 sys=0.00, real=0.00 secs] 
2019-06-09T09:33:56.952+0300: 23.581: [GC (Allocation Failure) [PSYoungGen: 133120K->448K(151040K)] 171810K->39146K(492544K), 0.0114740 secs] [Times: user=0.12 sys=0.00, real=0.01 secs] 
2019-06-09T09:33:59.041+0300: 25.670: [GC (Allocation Failure) [PSYoungGen: 133056K->512K(153600K)] 171754K->39210K(495104K), 0.0028942 secs] [Times: user=0.01 sys=0.01, real=0.00 secs] 
2019-06-09T09:34:01.188+0300: 27.818: [GC (Allocation Failure) [PSYoungGen: 136192K->576K(152576K)] 174890K->39282K(494080K), 0.0043328 secs] [Times: user=0.01 sys=0.01, real=0.01 secs] 
2019-06-09T09:34:03.316+0300: 29.945: [GC (Allocation Failure) [PSYoungGen: 136256K->640K(155136K)] 174962K->39354K(496640K), 0.0035037 secs] [Times: user=0.02 sys=0.00, real=0.01 secs] 
2019-06-09T09:34:05.535+0300: 32.164: [GC (Allocation Failure) [PSYoungGen: 139392K->704K(154112K)] 178106K->39418K(495616K), 0.0030826 secs] [Times: user=0.01 sys=0.01, real=0.01 secs] 
09:34:17.106 [Curator-PathChildrenCache-0] ERROR o.a.c.f.r.c.PathChildrenCache  - 
java.lang.IllegalStateException: instance must be started before calling this method
	at org.apache.curator.shaded.com.google.common.base.Preconditions.checkState(Preconditions.java:444)
	at org.apache.curator.framework.imps.CuratorFrameworkImpl.getChildren(CuratorFrameworkImpl.java:456)
	at org.apache.curator.framework.recipes.cache.PathChildrenCache.refresh(PathChildrenCache.java:521)
	at org.apache.curator.framework.recipes.cache.RefreshOperation.invoke(RefreshOperation.java:35)
	at org.apache.curator.framework.recipes.cache.PathChildrenCache$9.run(PathChildrenCache.java:786)
	at java.util.concurrent.Executors$RunnableAdapter.call(Executors.java:511)
	at java.util.concurrent.FutureTask.run(FutureTask.java:266)
	at java.util.concurrent.Executors$RunnableAdapter.call(Executors.java:511)
	at java.util.concurrent.FutureTask.run(FutureTask.java:266)
	at java.util.concurrent.ThreadPoolExecutor.runWorker(ThreadPoolExecutor.java:1149)
	at java.util.concurrent.ThreadPoolExecutor$Worker.run(ThreadPoolExecutor.java:624)
	at java.lang.Thread.run(Thread.java:748)
Heap
 PSYoungGen      total 154112K, used 120138K [0x00000000f5980000, 0x0000000100000000, 0x0000000100000000)
  eden space 138752K, 86% used [0x00000000f5980000,0x00000000fce22980,0x00000000fe100000)
  from space 15360K, 4% used [0x00000000fe100000,0x00000000fe1b0040,0x00000000ff000000)
  to   space 14848K, 0% used [0x00000000ff180000,0x00000000ff180000,0x0000000100000000)
 ParOldGen       total 341504K, used 38714K [0x00000000e0c00000, 0x00000000f5980000, 0x00000000f5980000)
  object space 341504K, 11% used [0x00000000e0c00000,0x00000000e31cea28,0x00000000f5980000)
 Metaspace       used 35734K, capacity 36606K, committed 36952K, reserved 1081344K
  class space    used 4935K, capacity 5129K, committed 5248K, reserved 1048576K
