16:05:01,541 |-INFO in ch.qos.logback.classic.LoggerContext[default] - Could NOT find resource [logback-test.xml]
16:05:01,541 |-INFO in ch.qos.logback.classic.LoggerContext[default] - Could NOT find resource [logback.groovy]
16:05:01,542 |-INFO in ch.qos.logback.classic.LoggerContext[default] - Found resource [logback.xml] at [jar:file:/home/nikitasokolov/flamestream/lib/flamestream-runtime-1.0-SNAPSHOT.jar!/logback.xml]
16:05:01,542 |-WARN in ch.qos.logback.classic.LoggerContext[default] - Resource [logback.xml] occurs multiple times on the classpath.
16:05:01,542 |-WARN in ch.qos.logback.classic.LoggerContext[default] - Resource [logback.xml] occurs at [jar:file:/home/nikitasokolov/flamestream/lib/flamestream-runtime-1.0-SNAPSHOT.jar!/logback.xml]
16:05:01,542 |-WARN in ch.qos.logback.classic.LoggerContext[default] - Resource [logback.xml] occurs at [jar:file:/home/nikitasokolov/flamestream/flamestream-runtime-1.0-SNAPSHOT.jar!/logback.xml]
16:05:01,559 |-INFO in ch.qos.logback.core.joran.spi.ConfigurationWatchList@6108b2d7 - URL [jar:file:/home/nikitasokolov/flamestream/lib/flamestream-runtime-1.0-SNAPSHOT.jar!/logback.xml] is not of type file
16:05:01,609 |-INFO in ch.qos.logback.classic.joran.action.ConfigurationAction - debug attribute not set
16:05:01,610 |-INFO in ch.qos.logback.core.joran.action.AppenderAction - About to instantiate appender of type [ch.qos.logback.core.ConsoleAppender]
16:05:01,621 |-INFO in ch.qos.logback.core.joran.action.AppenderAction - Naming appender as [STDOUT]
16:05:01,631 |-INFO in ch.qos.logback.core.joran.action.NestedComplexPropertyIA - Assuming default type [ch.qos.logback.classic.encoder.PatternLayoutEncoder] for [encoder] property
16:05:01,691 |-INFO in ch.qos.logback.core.joran.action.AppenderAction - About to instantiate appender of type [ch.qos.logback.core.rolling.RollingFileAppender]
16:05:01,696 |-INFO in ch.qos.logback.core.joran.action.AppenderAction - Naming appender as [FILE]
16:05:01,719 |-INFO in c.q.l.core.rolling.TimeBasedRollingPolicy@357863579 - No compression will be used
16:05:01,720 |-INFO in c.q.l.core.rolling.TimeBasedRollingPolicy@357863579 - Will use the pattern /tmp/application_%d{yyyy-MM-dd}.%i.log for the active file
16:05:01,723 |-INFO in ch.qos.logback.core.rolling.SizeAndTimeBasedFNATP@6bf256fa - The date pattern is 'yyyy-MM-dd' from file name pattern '/tmp/application_%d{yyyy-MM-dd}.%i.log'.
16:05:01,723 |-INFO in ch.qos.logback.core.rolling.SizeAndTimeBasedFNATP@6bf256fa - Roll-over at midnight.
16:05:01,727 |-INFO in ch.qos.logback.core.rolling.SizeAndTimeBasedFNATP@6bf256fa - Setting initial period to Sun Jun 09 16:04:15 MSK 2019
16:05:01,727 |-WARN in ch.qos.logback.core.rolling.SizeAndTimeBasedFNATP@6bf256fa - SizeAndTimeBasedFNATP is deprecated. Use SizeAndTimeBasedRollingPolicy instead
16:05:01,727 |-WARN in ch.qos.logback.core.rolling.SizeAndTimeBasedFNATP@6bf256fa - For more information see http://logback.qos.ch/manual/appenders.html#SizeAndTimeBasedRollingPolicy
16:05:01,731 |-INFO in ch.qos.logback.core.joran.action.NestedComplexPropertyIA - Assuming default type [ch.qos.logback.classic.encoder.PatternLayoutEncoder] for [encoder] property
16:05:01,733 |-INFO in ch.qos.logback.core.rolling.RollingFileAppender[FILE] - Active log file name: /tmp/application.log
16:05:01,733 |-INFO in ch.qos.logback.core.rolling.RollingFileAppender[FILE] - File property is set to [/tmp/application.log]
16:05:01,734 |-INFO in ch.qos.logback.classic.joran.action.RootLoggerAction - Setting level of ROOT logger to WARN
16:05:01,734 |-INFO in ch.qos.logback.core.joran.action.AppenderRefAction - Attaching appender named [STDOUT] to Logger[ROOT]
16:05:01,735 |-INFO in ch.qos.logback.core.joran.action.AppenderRefAction - Attaching appender named [FILE] to Logger[ROOT]
16:05:01,735 |-INFO in ch.qos.logback.classic.joran.action.ConfigurationAction - End of configuration.
16:05:01,736 |-INFO in ch.qos.logback.classic.joran.JoranConfigurator@6cd8737 - Registering current configuration as safe fallback point

2019-06-09T16:05:02.735+0300: 1.395: [GC (Metadata GC Threshold) [PSYoungGen: 110722K->15915K(149504K)] 110722K->15995K(491008K), 0.0183024 secs] [Times: user=0.05 sys=0.01, real=0.02 secs] 
2019-06-09T16:05:02.754+0300: 1.413: [Full GC (Metadata GC Threshold) [PSYoungGen: 15915K->0K(149504K)] [ParOldGen: 80K->15078K(341504K)] 15995K->15078K(491008K), [Metaspace: 20801K->20801K(1067008K)], 0.0265093 secs] [Times: user=0.14 sys=0.00, real=0.03 secs] 
16:05:13.206 [Curator-PathChildrenCache-1] WARN  o.a.c.u.ZKPaths  - The version of ZooKeeper being used doesn't support Container nodes. CreateMode.PERSISTENT will be used instead.
2019-06-09T16:05:14.360+0300: 13.020: [GC (Allocation Failure) [PSYoungGen: 128512K->20987K(149504K)] 143590K->49837K(491008K), 0.0269258 secs] [Times: user=0.23 sys=0.03, real=0.02 secs] 
2019-06-09T16:05:14.407+0300: 13.066: [GC (Metadata GC Threshold) [PSYoungGen: 27882K->20987K(149504K)] 56732K->49877K(491008K), 0.0109308 secs] [Times: user=0.12 sys=0.01, real=0.02 secs] 
2019-06-09T16:05:14.418+0300: 13.077: [Full GC (Metadata GC Threshold) [PSYoungGen: 20987K->0K(149504K)] [ParOldGen: 28889K->32348K(341504K)] 49877K->32348K(491008K), [Metaspace: 34562K->34562K(1079296K)], 0.0380332 secs] [Times: user=0.16 sys=0.05, real=0.03 secs] 
2019-06-09T16:05:22.973+0300: 21.632: [GC (Allocation Failure) [PSYoungGen: 128512K->448K(149504K)] 160860K->32804K(491008K), 0.0047646 secs] [Times: user=0.01 sys=0.03, real=0.00 secs] 
2019-06-09T16:05:31.990+0300: 30.649: [GC (Allocation Failure) [PSYoungGen: 128960K->352K(129024K)] 161316K->32716K(470528K), 0.0119485 secs] [Times: user=0.12 sys=0.01, real=0.01 secs] 
2019-06-09T16:05:40.957+0300: 39.617: [GC (Allocation Failure) [PSYoungGen: 128864K->416K(130048K)] 161228K->32788K(471552K), 0.0030770 secs] [Times: user=0.02 sys=0.00, real=0.01 secs] 
2019-06-09T16:05:47.309+0300: 45.968: [GC (Allocation Failure) [PSYoungGen: 89504K->352K(129536K)] 121876K->32732K(471040K), 0.0048585 secs] [Times: user=0.03 sys=0.01, real=0.01 secs] 
2019-06-09T16:05:53.665+0300: 52.325: [GC (Allocation Failure) [PSYoungGen: 89440K->256K(132608K)] 121820K->32740K(474112K), 0.0034220 secs] [Times: user=0.01 sys=0.01, real=0.00 secs] 
2019-06-09T16:06:00.372+0300: 59.031: [GC (Allocation Failure) [PSYoungGen: 93952K->224K(131584K)] 126436K->32756K(473088K), 0.0028194 secs] [Times: user=0.00 sys=0.00, real=0.00 secs] 
2019-06-09T16:06:07.918+0300: 66.578: [GC (Allocation Failure) [PSYoungGen: 93920K->535K(135680K)] 126452K->33083K(477184K), 0.0057118 secs] [Times: user=0.02 sys=0.00, real=0.00 secs] 
16:06:21.898 [Curator-PathChildrenCache-0] ERROR o.a.c.f.r.c.PathChildrenCache  - 
java.lang.IllegalStateException: instance must be started before calling this method
	at org.apache.curator.shaded.com.google.common.base.Preconditions.checkState(Preconditions.java:444)
	at org.apache.curator.framework.imps.CuratorFrameworkImpl.getChildren(CuratorFrameworkImpl.java:456)
	at org.apache.curator.framework.recipes.cache.PathChildrenCache.refresh(PathChildrenCache.java:521)
	at org.apache.curator.framework.recipes.cache.RefreshOperation.invoke(RefreshOperation.java:35)
	at org.apache.curator.framework.recipes.cache.PathChildrenCache$9.run(PathChildrenCache.java:786)
	at java.util.concurrent.Executors$RunnableAdapter.call(Executors.java:511)
	at java.util.concurrent.FutureTask.run(FutureTask.java:266)
	at java.util.concurrent.Executors$RunnableAdapter.call(Executors.java:511)
	at java.util.concurrent.FutureTask.run(FutureTask.java:266)
	at java.util.concurrent.ThreadPoolExecutor.runWorker(ThreadPoolExecutor.java:1149)
	at java.util.concurrent.ThreadPoolExecutor$Worker.run(ThreadPoolExecutor.java:624)
	at java.lang.Thread.run(Thread.java:748)
Heap
 PSYoungGen      total 135680K, used 36874K [0x00000000f5980000, 0x0000000100000000, 0x0000000100000000)
  eden space 99328K, 36% used [0x00000000f5980000,0x00000000f7cfcef8,0x00000000fba80000)
  from space 36352K, 1% used [0x00000000fdc80000,0x00000000fdd05cd0,0x0000000100000000)
  to   space 34816K, 0% used [0x00000000fba80000,0x00000000fba80000,0x00000000fdc80000)
 ParOldGen       total 341504K, used 32548K [0x00000000e0c00000, 0x00000000f5980000, 0x00000000f5980000)
  object space 341504K, 9% used [0x00000000e0c00000,0x00000000e2bc9170,0x00000000f5980000)
 Metaspace       used 35975K, capacity 36830K, committed 37208K, reserved 1081344K
  class space    used 4976K, capacity 5161K, committed 5248K, reserved 1048576K
