18:21:25,683 |-INFO in ch.qos.logback.classic.LoggerContext[default] - Could NOT find resource [logback-test.xml]
18:21:25,683 |-INFO in ch.qos.logback.classic.LoggerContext[default] - Could NOT find resource [logback.groovy]
18:21:25,683 |-INFO in ch.qos.logback.classic.LoggerContext[default] - Found resource [logback.xml] at [jar:file:/root/flamestream/lib/flamestream-runtime-1.0-SNAPSHOT.jar!/logback.xml]
18:21:25,683 |-WARN in ch.qos.logback.classic.LoggerContext[default] - Resource [logback.xml] occurs multiple times on the classpath.
18:21:25,684 |-WARN in ch.qos.logback.classic.LoggerContext[default] - Resource [logback.xml] occurs at [jar:file:/root/flamestream/lib/flamestream-runtime-1.0-SNAPSHOT.jar!/logback.xml]
18:21:25,684 |-WARN in ch.qos.logback.classic.LoggerContext[default] - Resource [logback.xml] occurs at [jar:file:/root/flamestream/flamestream-runtime-1.0-SNAPSHOT.jar!/logback.xml]
18:21:25,707 |-INFO in ch.qos.logback.core.joran.spi.ConfigurationWatchList@3fb6a447 - URL [jar:file:/root/flamestream/lib/flamestream-runtime-1.0-SNAPSHOT.jar!/logback.xml] is not of type file
18:21:25,775 |-INFO in ch.qos.logback.classic.joran.action.ConfigurationAction - debug attribute not set
18:21:25,775 |-INFO in ch.qos.logback.core.joran.action.AppenderAction - About to instantiate appender of type [ch.qos.logback.core.ConsoleAppender]
18:21:25,791 |-INFO in ch.qos.logback.core.joran.action.AppenderAction - Naming appender as [STDOUT]
18:21:25,811 |-INFO in ch.qos.logback.core.joran.action.NestedComplexPropertyIA - Assuming default type [ch.qos.logback.classic.encoder.PatternLayoutEncoder] for [encoder] property
18:21:25,894 |-INFO in ch.qos.logback.core.joran.action.AppenderAction - About to instantiate appender of type [ch.qos.logback.core.rolling.RollingFileAppender]
18:21:25,905 |-INFO in ch.qos.logback.core.joran.action.AppenderAction - Naming appender as [FILE]
18:21:25,932 |-INFO in c.q.l.core.rolling.TimeBasedRollingPolicy@127618319 - No compression will be used
18:21:25,933 |-INFO in c.q.l.core.rolling.TimeBasedRollingPolicy@127618319 - Will use the pattern /tmp/application_%d{yyyy-MM-dd}.%i.log for the active file
18:21:25,936 |-INFO in ch.qos.logback.core.rolling.SizeAndTimeBasedFNATP@6b2fad11 - The date pattern is 'yyyy-MM-dd' from file name pattern '/tmp/application_%d{yyyy-MM-dd}.%i.log'.
18:21:25,936 |-INFO in ch.qos.logback.core.rolling.SizeAndTimeBasedFNATP@6b2fad11 - Roll-over at midnight.
18:21:25,942 |-INFO in ch.qos.logback.core.rolling.SizeAndTimeBasedFNATP@6b2fad11 - Setting initial period to Mon Jun 10 18:19:32 UTC 2019
18:21:25,942 |-WARN in ch.qos.logback.core.rolling.SizeAndTimeBasedFNATP@6b2fad11 - SizeAndTimeBasedFNATP is deprecated. Use SizeAndTimeBasedRollingPolicy instead
18:21:25,942 |-WARN in ch.qos.logback.core.rolling.SizeAndTimeBasedFNATP@6b2fad11 - For more information see http://logback.qos.ch/manual/appenders.html#SizeAndTimeBasedRollingPolicy
18:21:25,946 |-INFO in ch.qos.logback.core.joran.action.NestedComplexPropertyIA - Assuming default type [ch.qos.logback.classic.encoder.PatternLayoutEncoder] for [encoder] property
18:21:25,951 |-INFO in ch.qos.logback.core.rolling.RollingFileAppender[FILE] - Active log file name: /tmp/application.log
18:21:25,951 |-INFO in ch.qos.logback.core.rolling.RollingFileAppender[FILE] - File property is set to [/tmp/application.log]
18:21:25,952 |-INFO in ch.qos.logback.classic.joran.action.RootLoggerAction - Setting level of ROOT logger to WARN
18:21:25,952 |-INFO in ch.qos.logback.core.joran.action.AppenderRefAction - Attaching appender named [STDOUT] to Logger[ROOT]
18:21:25,954 |-INFO in ch.qos.logback.core.joran.action.AppenderRefAction - Attaching appender named [FILE] to Logger[ROOT]
18:21:25,954 |-INFO in ch.qos.logback.classic.joran.action.ConfigurationAction - End of configuration.
18:21:25,955 |-INFO in ch.qos.logback.classic.joran.JoranConfigurator@79698539 - Registering current configuration as safe fallback point

Ama winner
Ama winner
2019-06-10T18:21:27.242+0000: 1.740: [Full GC (Metadata GC Threshold) 2019-06-10T18:21:27.242+0000: 1.740: [Tenured: 0K->15144K(341376K), 0.0359818 secs] 114987K->15144K(494976K), [Metaspace: 20735K->20735K(1067008K)], 0.0360515 secs] [Times: user=0.03 sys=0.00, real=0.04 secs] 
18:21:41.937 [Curator-PathChildrenCache-1] WARN  o.a.c.u.ZKPaths  - The version of ZooKeeper being used doesn't support Container nodes. CreateMode.PERSISTENT will be used instead.
2019-06-10T18:21:44.085+0000: 18.583: [GC (Allocation Failure) 2019-06-10T18:21:44.085+0000: 18.583: [DefNew: 136576K->17024K(153600K), 0.0256734 secs] 151720K->52697K(494976K), 0.0257449 secs] [Times: user=0.02 sys=0.01, real=0.02 secs] 
2019-06-10T18:21:51.516+0000: 26.015: [GC (Allocation Failure) 2019-06-10T18:21:51.517+0000: 26.015: [DefNew: 153600K->276K(153600K), 0.0096777 secs] 189273K->44295K(494976K), 0.0097424 secs] [Times: user=0.01 sys=0.01, real=0.01 secs] 
2019-06-10T18:21:54.787+0000: 29.285: [Full GC (Metadata GC Threshold) 2019-06-10T18:21:54.787+0000: 29.285: [Tenured: 44018K->44283K(341376K), 0.0447422 secs] 106635K->44283K(494976K), [Metaspace: 34591K->34591K(1079296K)], 0.0448296 secs] [Times: user=0.04 sys=0.01, real=0.04 secs] 
2019-06-10T18:22:02.107+0000: 36.606: [GC (Allocation Failure) 2019-06-10T18:22:02.107+0000: 36.606: [DefNew: 136576K->50K(153600K), 0.0017528 secs] 180859K->44333K(494976K), 0.0018292 secs] [Times: user=0.01 sys=0.00, real=0.00 secs] 
2019-06-10T18:22:09.485+0000: 43.984: [GC (Allocation Failure) 2019-06-10T18:22:09.485+0000: 43.984: [DefNew: 136626K->48K(153600K), 0.0016611 secs] 180909K->44331K(494976K), 0.0017219 secs] [Times: user=0.00 sys=0.00, real=0.00 secs] 
2019-06-10T18:22:16.863+0000: 51.362: [GC (Allocation Failure) 2019-06-10T18:22:16.863+0000: 51.362: [DefNew: 136624K->50K(153600K), 0.0016589 secs] 180907K->44333K(494976K), 0.0017205 secs] [Times: user=0.01 sys=0.00, real=0.01 secs] 
2019-06-10T18:22:24.209+0000: 58.708: [GC (Allocation Failure) 2019-06-10T18:22:24.209+0000: 58.708: [DefNew: 136626K->49K(153600K), 0.0016791 secs] 180909K->44332K(494976K), 0.0017430 secs] [Times: user=0.00 sys=0.00, real=0.00 secs] 
18:22:43.098 [Curator-PathChildrenCache-0] ERROR o.a.c.f.r.c.PathChildrenCache  - 
java.lang.IllegalStateException: instance must be started before calling this method
	at org.apache.curator.shaded.com.google.common.base.Preconditions.checkState(Preconditions.java:444)
	at org.apache.curator.framework.imps.CuratorFrameworkImpl.getChildren(CuratorFrameworkImpl.java:456)
	at org.apache.curator.framework.recipes.cache.PathChildrenCache.refresh(PathChildrenCache.java:521)
	at org.apache.curator.framework.recipes.cache.RefreshOperation.invoke(RefreshOperation.java:35)
	at org.apache.curator.framework.recipes.cache.PathChildrenCache$9.run(PathChildrenCache.java:786)
	at java.util.concurrent.Executors$RunnableAdapter.call(Executors.java:511)
	at java.util.concurrent.FutureTask.run(FutureTask.java:266)
	at java.util.concurrent.Executors$RunnableAdapter.call(Executors.java:511)
	at java.util.concurrent.FutureTask.run(FutureTask.java:266)
	at java.util.concurrent.ThreadPoolExecutor.runWorker(ThreadPoolExecutor.java:1149)
	at java.util.concurrent.ThreadPoolExecutor$Worker.run(ThreadPoolExecutor.java:624)
	at java.lang.Thread.run(Thread.java:748)
Heap
 def new generation   total 153600K, used 94542K [0x00000000e0c00000, 0x00000000eb2a0000, 0x00000000eb2a0000)
  eden space 136576K,  69% used [0x00000000e0c00000, 0x00000000e6847558, 0x00000000e9160000)
  from space 17024K,   0% used [0x00000000e9160000, 0x00000000e916c588, 0x00000000ea200000)
  to   space 17024K,   0% used [0x00000000ea200000, 0x00000000ea200000, 0x00000000eb2a0000)
 tenured generation   total 341376K, used 44283K [0x00000000eb2a0000, 0x0000000100000000, 0x0000000100000000)
   the space 341376K,  12% used [0x00000000eb2a0000, 0x00000000edddeca0, 0x00000000edddee00, 0x0000000100000000)
 Metaspace       used 35999K, capacity 36858K, committed 37120K, reserved 1081344K
  class space    used 4858K, capacity 5073K, committed 5120K, reserved 1048576K
