18:58:05,433 |-INFO in ch.qos.logback.classic.LoggerContext[default] - Could NOT find resource [logback-test.xml]
18:58:05,433 |-INFO in ch.qos.logback.classic.LoggerContext[default] - Could NOT find resource [logback.groovy]
18:58:05,433 |-INFO in ch.qos.logback.classic.LoggerContext[default] - Found resource [logback.xml] at [jar:file:/root/flamestream/lib/flamestream-runtime-1.0-SNAPSHOT.jar!/logback.xml]
18:58:05,434 |-WARN in ch.qos.logback.classic.LoggerContext[default] - Resource [logback.xml] occurs multiple times on the classpath.
18:58:05,434 |-WARN in ch.qos.logback.classic.LoggerContext[default] - Resource [logback.xml] occurs at [jar:file:/root/flamestream/lib/flamestream-runtime-1.0-SNAPSHOT.jar!/logback.xml]
18:58:05,434 |-WARN in ch.qos.logback.classic.LoggerContext[default] - Resource [logback.xml] occurs at [jar:file:/root/flamestream/flamestream-runtime-1.0-SNAPSHOT.jar!/logback.xml]
18:58:05,454 |-INFO in ch.qos.logback.core.joran.spi.ConfigurationWatchList@3fb6a447 - URL [jar:file:/root/flamestream/lib/flamestream-runtime-1.0-SNAPSHOT.jar!/logback.xml] is not of type file
18:58:05,520 |-INFO in ch.qos.logback.classic.joran.action.ConfigurationAction - debug attribute not set
18:58:05,521 |-INFO in ch.qos.logback.core.joran.action.AppenderAction - About to instantiate appender of type [ch.qos.logback.core.ConsoleAppender]
18:58:05,535 |-INFO in ch.qos.logback.core.joran.action.AppenderAction - Naming appender as [STDOUT]
18:58:05,555 |-INFO in ch.qos.logback.core.joran.action.NestedComplexPropertyIA - Assuming default type [ch.qos.logback.classic.encoder.PatternLayoutEncoder] for [encoder] property
18:58:05,654 |-INFO in ch.qos.logback.core.joran.action.AppenderAction - About to instantiate appender of type [ch.qos.logback.core.rolling.RollingFileAppender]
18:58:05,659 |-INFO in ch.qos.logback.core.joran.action.AppenderAction - Naming appender as [FILE]
18:58:05,688 |-INFO in c.q.l.core.rolling.TimeBasedRollingPolicy@127618319 - No compression will be used
18:58:05,690 |-INFO in c.q.l.core.rolling.TimeBasedRollingPolicy@127618319 - Will use the pattern /tmp/application_%d{yyyy-MM-dd}.%i.log for the active file
18:58:05,692 |-INFO in ch.qos.logback.core.rolling.SizeAndTimeBasedFNATP@6b2fad11 - The date pattern is 'yyyy-MM-dd' from file name pattern '/tmp/application_%d{yyyy-MM-dd}.%i.log'.
18:58:05,692 |-INFO in ch.qos.logback.core.rolling.SizeAndTimeBasedFNATP@6b2fad11 - Roll-over at midnight.
18:58:05,698 |-INFO in ch.qos.logback.core.rolling.SizeAndTimeBasedFNATP@6b2fad11 - Setting initial period to Mon Jun 10 18:56:32 UTC 2019
18:58:05,698 |-WARN in ch.qos.logback.core.rolling.SizeAndTimeBasedFNATP@6b2fad11 - SizeAndTimeBasedFNATP is deprecated. Use SizeAndTimeBasedRollingPolicy instead
18:58:05,698 |-WARN in ch.qos.logback.core.rolling.SizeAndTimeBasedFNATP@6b2fad11 - For more information see http://logback.qos.ch/manual/appenders.html#SizeAndTimeBasedRollingPolicy
18:58:05,701 |-INFO in ch.qos.logback.core.joran.action.NestedComplexPropertyIA - Assuming default type [ch.qos.logback.classic.encoder.PatternLayoutEncoder] for [encoder] property
18:58:05,706 |-INFO in ch.qos.logback.core.rolling.RollingFileAppender[FILE] - Active log file name: /tmp/application.log
18:58:05,706 |-INFO in ch.qos.logback.core.rolling.RollingFileAppender[FILE] - File property is set to [/tmp/application.log]
18:58:05,707 |-INFO in ch.qos.logback.classic.joran.action.RootLoggerAction - Setting level of ROOT logger to WARN
18:58:05,707 |-INFO in ch.qos.logback.core.joran.action.AppenderRefAction - Attaching appender named [STDOUT] to Logger[ROOT]
18:58:05,709 |-INFO in ch.qos.logback.core.joran.action.AppenderRefAction - Attaching appender named [FILE] to Logger[ROOT]
18:58:05,709 |-INFO in ch.qos.logback.classic.joran.action.ConfigurationAction - End of configuration.
18:58:05,710 |-INFO in ch.qos.logback.classic.joran.JoranConfigurator@79698539 - Registering current configuration as safe fallback point

Ama winner
Ama winner
2019-06-10T18:58:07.314+0000: 2.061: [Full GC (Metadata GC Threshold) 2019-06-10T18:58:07.314+0000: 2.061: [Tenured: 0K->15177K(341376K), 0.0393787 secs] 120546K->15177K(494976K), [Metaspace: 20740K->20740K(1067008K)], 0.0394637 secs] [Times: user=0.03 sys=0.00, real=0.04 secs] 
18:58:24.673 [Curator-PathChildrenCache-1] WARN  o.a.c.u.ZKPaths  - The version of ZooKeeper being used doesn't support Container nodes. CreateMode.PERSISTENT will be used instead.
2019-06-10T18:58:26.605+0000: 21.351: [GC (Allocation Failure) 2019-06-10T18:58:26.605+0000: 21.351: [DefNew: 117840K->17023K(153600K), 0.0303989 secs] 133017K->32881K(494976K), 0.0304676 secs] [Times: user=0.03 sys=0.00, real=0.03 secs] 
2019-06-10T18:58:32.063+0000: 26.809: [GC (Allocation Failure) 2019-06-10T18:58:32.063+0000: 26.809: [DefNew: 153599K->620K(153600K), 0.0172190 secs] 169457K->44064K(494976K), 0.0172909 secs] [Times: user=0.02 sys=0.00, real=0.01 secs] 
2019-06-10T18:58:32.396+0000: 27.142: [Full GC (Metadata GC Threshold) 2019-06-10T18:58:32.396+0000: 27.142: [Tenured: 43443K->44001K(341376K), 0.0341049 secs] 53495K->44001K(494976K), [Metaspace: 34646K->34646K(1079296K)], 0.0341853 secs] [Times: user=0.03 sys=0.00, real=0.03 secs] 
2019-06-10T18:58:38.676+0000: 33.424: [GC (Allocation Failure) 2019-06-10T18:58:38.677+0000: 33.424: [DefNew: 136576K->54K(153600K), 0.0018008 secs] 180577K->44056K(494976K), 0.0030487 secs] [Times: user=0.00 sys=0.00, real=0.00 secs] 
2019-06-10T18:58:44.983+0000: 39.729: [GC (Allocation Failure) 2019-06-10T18:58:44.983+0000: 39.729: [DefNew: 136630K->54K(153600K), 0.0016697 secs] 180632K->44056K(494976K), 0.0017453 secs] [Times: user=0.00 sys=0.00, real=0.00 secs] 
2019-06-10T18:58:51.290+0000: 46.037: [GC (Allocation Failure) 2019-06-10T18:58:51.290+0000: 46.037: [DefNew: 136630K->54K(153600K), 0.0016530 secs] 180632K->44056K(494976K), 0.0017172 secs] [Times: user=0.01 sys=0.00, real=0.00 secs] 
2019-06-10T18:58:57.613+0000: 52.360: [GC (Allocation Failure) 2019-06-10T18:58:57.613+0000: 52.360: [DefNew: 136630K->56K(153600K), 0.0017139 secs] 180632K->44058K(494976K), 0.0017725 secs] [Times: user=0.00 sys=0.00, real=0.00 secs] 
18:59:06.334 [Curator-PathChildrenCache-0] ERROR o.a.c.f.r.c.PathChildrenCache  - 
java.lang.IllegalStateException: instance must be started before calling this method
	at org.apache.curator.shaded.com.google.common.base.Preconditions.checkState(Preconditions.java:444)
	at org.apache.curator.framework.imps.CuratorFrameworkImpl.getChildren(CuratorFrameworkImpl.java:456)
	at org.apache.curator.framework.recipes.cache.PathChildrenCache.refresh(PathChildrenCache.java:521)
	at org.apache.curator.framework.recipes.cache.RefreshOperation.invoke(RefreshOperation.java:35)
	at org.apache.curator.framework.recipes.cache.PathChildrenCache$9.run(PathChildrenCache.java:786)
	at java.util.concurrent.Executors$RunnableAdapter.call(Executors.java:511)
	at java.util.concurrent.FutureTask.run(FutureTask.java:266)
	at java.util.concurrent.Executors$RunnableAdapter.call(Executors.java:511)
	at java.util.concurrent.FutureTask.run(FutureTask.java:266)
	at java.util.concurrent.ThreadPoolExecutor.runWorker(ThreadPoolExecutor.java:1149)
	at java.util.concurrent.ThreadPoolExecutor$Worker.run(ThreadPoolExecutor.java:624)
	at java.lang.Thread.run(Thread.java:748)
Heap
 def new generation   total 153600K, used 88752K [0x00000000e0c00000, 0x00000000eb2a0000, 0x00000000eb2a0000)
  eden space 136576K,  64% used [0x00000000e0c00000, 0x00000000e629dcf0, 0x00000000e9160000)
  from space 17024K,   0% used [0x00000000e9160000, 0x00000000e916e370, 0x00000000ea200000)
  to   space 17024K,   0% used [0x00000000ea200000, 0x00000000ea200000, 0x00000000eb2a0000)
 tenured generation   total 341376K, used 44001K [0x00000000eb2a0000, 0x0000000100000000, 0x0000000100000000)
   the space 341376K,  12% used [0x00000000eb2a0000, 0x00000000edd986d0, 0x00000000edd98800, 0x0000000100000000)
 Metaspace       used 35892K, capacity 36800K, committed 37120K, reserved 1081344K
  class space    used 4852K, capacity 5074K, committed 5120K, reserved 1048576K
