07:35:16,346 |-INFO in ch.qos.logback.classic.LoggerContext[default] - Could NOT find resource [logback-test.xml]
07:35:16,346 |-INFO in ch.qos.logback.classic.LoggerContext[default] - Could NOT find resource [logback.groovy]
07:35:16,346 |-INFO in ch.qos.logback.classic.LoggerContext[default] - Found resource [logback.xml] at [jar:file:/root/flamestream/lib/flamestream-runtime-1.0-SNAPSHOT.jar!/logback.xml]
07:35:16,346 |-WARN in ch.qos.logback.classic.LoggerContext[default] - Resource [logback.xml] occurs multiple times on the classpath.
07:35:16,346 |-WARN in ch.qos.logback.classic.LoggerContext[default] - Resource [logback.xml] occurs at [jar:file:/root/flamestream/lib/flamestream-runtime-1.0-SNAPSHOT.jar!/logback.xml]
07:35:16,346 |-WARN in ch.qos.logback.classic.LoggerContext[default] - Resource [logback.xml] occurs at [jar:file:/root/flamestream/flamestream-runtime-1.0-SNAPSHOT.jar!/logback.xml]
07:35:16,369 |-INFO in ch.qos.logback.core.joran.spi.ConfigurationWatchList@3fb6a447 - URL [jar:file:/root/flamestream/lib/flamestream-runtime-1.0-SNAPSHOT.jar!/logback.xml] is not of type file
07:35:16,445 |-INFO in ch.qos.logback.classic.joran.action.ConfigurationAction - debug attribute not set
07:35:16,445 |-INFO in ch.qos.logback.core.joran.action.AppenderAction - About to instantiate appender of type [ch.qos.logback.core.ConsoleAppender]
07:35:16,458 |-INFO in ch.qos.logback.core.joran.action.AppenderAction - Naming appender as [STDOUT]
07:35:16,475 |-INFO in ch.qos.logback.core.joran.action.NestedComplexPropertyIA - Assuming default type [ch.qos.logback.classic.encoder.PatternLayoutEncoder] for [encoder] property
07:35:16,560 |-INFO in ch.qos.logback.core.joran.action.AppenderAction - About to instantiate appender of type [ch.qos.logback.core.rolling.RollingFileAppender]
07:35:16,565 |-INFO in ch.qos.logback.core.joran.action.AppenderAction - Naming appender as [FILE]
07:35:16,597 |-INFO in c.q.l.core.rolling.TimeBasedRollingPolicy@127618319 - No compression will be used
07:35:16,598 |-INFO in c.q.l.core.rolling.TimeBasedRollingPolicy@127618319 - Will use the pattern /tmp/application_%d{yyyy-MM-dd}.%i.log for the active file
07:35:16,601 |-INFO in ch.qos.logback.core.rolling.SizeAndTimeBasedFNATP@6b2fad11 - The date pattern is 'yyyy-MM-dd' from file name pattern '/tmp/application_%d{yyyy-MM-dd}.%i.log'.
07:35:16,601 |-INFO in ch.qos.logback.core.rolling.SizeAndTimeBasedFNATP@6b2fad11 - Roll-over at midnight.
07:35:16,606 |-INFO in ch.qos.logback.core.rolling.SizeAndTimeBasedFNATP@6b2fad11 - Setting initial period to Tue Jun 11 07:33:43 UTC 2019
07:35:16,606 |-WARN in ch.qos.logback.core.rolling.SizeAndTimeBasedFNATP@6b2fad11 - SizeAndTimeBasedFNATP is deprecated. Use SizeAndTimeBasedRollingPolicy instead
07:35:16,606 |-WARN in ch.qos.logback.core.rolling.SizeAndTimeBasedFNATP@6b2fad11 - For more information see http://logback.qos.ch/manual/appenders.html#SizeAndTimeBasedRollingPolicy
07:35:16,610 |-INFO in ch.qos.logback.core.joran.action.NestedComplexPropertyIA - Assuming default type [ch.qos.logback.classic.encoder.PatternLayoutEncoder] for [encoder] property
07:35:16,614 |-INFO in ch.qos.logback.core.rolling.RollingFileAppender[FILE] - Active log file name: /tmp/application.log
07:35:16,614 |-INFO in ch.qos.logback.core.rolling.RollingFileAppender[FILE] - File property is set to [/tmp/application.log]
07:35:16,615 |-INFO in ch.qos.logback.classic.joran.action.RootLoggerAction - Setting level of ROOT logger to WARN
07:35:16,615 |-INFO in ch.qos.logback.core.joran.action.AppenderRefAction - Attaching appender named [STDOUT] to Logger[ROOT]
07:35:16,617 |-INFO in ch.qos.logback.core.joran.action.AppenderRefAction - Attaching appender named [FILE] to Logger[ROOT]
07:35:16,617 |-INFO in ch.qos.logback.classic.joran.action.ConfigurationAction - End of configuration.
07:35:16,618 |-INFO in ch.qos.logback.classic.joran.JoranConfigurator@79698539 - Registering current configuration as safe fallback point

Ama winner
Ama winner
2019-06-11T07:35:17.908+0000: 1.744: [Full GC (Metadata GC Threshold) 2019-06-11T07:35:17.909+0000: 1.745: [Tenured: 0K->15240K(341376K), 0.0384947 secs] 117750K->15240K(494976K), [Metaspace: 20731K->20731K(1067008K)], 0.0385602 secs] [Times: user=0.03 sys=0.00, real=0.04 secs] 
07:35:33.149 [Curator-PathChildrenCache-1] WARN  o.a.c.u.ZKPaths  - The version of ZooKeeper being used doesn't support Container nodes. CreateMode.PERSISTENT will be used instead.
2019-06-11T07:35:35.475+0000: 19.311: [GC (Allocation Failure) 2019-06-11T07:35:35.475+0000: 19.311: [DefNew: 136576K->17023K(153600K), 0.0271297 secs] 151816K->52577K(494976K), 0.0271968 secs] [Times: user=0.02 sys=0.01, real=0.02 secs] 
2019-06-11T07:35:37.181+0000: 21.017: [Full GC (Metadata GC Threshold) 2019-06-11T07:35:37.181+0000: 21.017: [Tenured: 35553K->43853K(341376K), 0.0436550 secs] 102487K->43853K(494976K), [Metaspace: 34549K->34549K(1079296K)], 0.0437255 secs] [Times: user=0.04 sys=0.00, real=0.05 secs] 
2019-06-11T07:35:41.985+0000: 25.821: [GC (Allocation Failure) 2019-06-11T07:35:41.985+0000: 25.821: [DefNew: 136576K->96K(153600K), 0.0017700 secs] 180429K->43950K(494976K), 0.0018293 secs] [Times: user=0.01 sys=0.00, real=0.00 secs] 
2019-06-11T07:35:46.687+0000: 30.523: [GC (Allocation Failure) 2019-06-11T07:35:46.687+0000: 30.523: [DefNew: 136672K->99K(153600K), 0.0017067 secs] 180526K->43953K(494976K), 0.0017637 secs] [Times: user=0.00 sys=0.00, real=0.00 secs] 
2019-06-11T07:35:51.475+0000: 35.311: [GC (Allocation Failure) 2019-06-11T07:35:51.475+0000: 35.311: [DefNew: 136675K->138K(153600K), 0.0017055 secs] 180529K->43992K(494976K), 0.0017676 secs] [Times: user=0.01 sys=0.00, real=0.00 secs] 
2019-06-11T07:35:56.278+0000: 40.114: [GC (Allocation Failure) 2019-06-11T07:35:56.279+0000: 40.115: [DefNew: 136714K->170K(153600K), 0.0017426 secs] 180568K->44024K(494976K), 0.0018039 secs] [Times: user=0.01 sys=0.00, real=0.00 secs] 
2019-06-11T07:36:06.219+0000: 50.055: [GC (Allocation Failure) 2019-06-11T07:36:06.219+0000: 50.055: [DefNew: 136746K->240K(153600K), 0.0019964 secs] 180600K->44094K(494976K), 0.0020465 secs] [Times: user=0.00 sys=0.00, real=0.00 secs] 
07:36:06.272 [Curator-PathChildrenCache-0] ERROR o.a.c.f.r.c.PathChildrenCache  - 
java.lang.IllegalStateException: instance must be started before calling this method
	at org.apache.curator.shaded.com.google.common.base.Preconditions.checkState(Preconditions.java:444)
	at org.apache.curator.framework.imps.CuratorFrameworkImpl.getChildren(CuratorFrameworkImpl.java:456)
	at org.apache.curator.framework.recipes.cache.PathChildrenCache.refresh(PathChildrenCache.java:521)
	at org.apache.curator.framework.recipes.cache.RefreshOperation.invoke(RefreshOperation.java:35)
	at org.apache.curator.framework.recipes.cache.PathChildrenCache$9.run(PathChildrenCache.java:786)
	at java.util.concurrent.Executors$RunnableAdapter.call(Executors.java:511)
	at java.util.concurrent.FutureTask.run(FutureTask.java:266)
	at java.util.concurrent.Executors$RunnableAdapter.call(Executors.java:511)
	at java.util.concurrent.FutureTask.run(FutureTask.java:266)
	at java.util.concurrent.ThreadPoolExecutor.runWorker(ThreadPoolExecutor.java:1149)
	at java.util.concurrent.ThreadPoolExecutor$Worker.run(ThreadPoolExecutor.java:624)
	at java.lang.Thread.run(Thread.java:748)
Heap
 def new generation   total 153600K, used 15078K [0x00000000e0c00000, 0x00000000eb2a0000, 0x00000000eb2a0000)
  eden space 136576K,  10% used [0x00000000e0c00000, 0x00000000e1a7d788, 0x00000000e9160000)
  from space 17024K,   1% used [0x00000000e9160000, 0x00000000e919c1d8, 0x00000000ea200000)
  to   space 17024K,   0% used [0x00000000ea200000, 0x00000000ea200000, 0x00000000eb2a0000)
 tenured generation   total 341376K, used 43853K [0x00000000eb2a0000, 0x0000000100000000, 0x0000000100000000)
   the space 341376K,  12% used [0x00000000eb2a0000, 0x00000000edd736e8, 0x00000000edd73800, 0x0000000100000000)
 Metaspace       used 35694K, capacity 36616K, committed 36864K, reserved 1081344K
  class space    used 4819K, capacity 5022K, committed 5120K, reserved 1048576K
