19:23:21,689 |-INFO in ch.qos.logback.classic.LoggerContext[default] - Could NOT find resource [logback-test.xml]
19:23:21,689 |-INFO in ch.qos.logback.classic.LoggerContext[default] - Could NOT find resource [logback.groovy]
19:23:21,690 |-INFO in ch.qos.logback.classic.LoggerContext[default] - Found resource [logback.xml] at [jar:file:/root/flamestream/lib/flamestream-runtime-1.0-SNAPSHOT.jar!/logback.xml]
19:23:21,691 |-WARN in ch.qos.logback.classic.LoggerContext[default] - Resource [logback.xml] occurs multiple times on the classpath.
19:23:21,691 |-WARN in ch.qos.logback.classic.LoggerContext[default] - Resource [logback.xml] occurs at [jar:file:/root/flamestream/lib/flamestream-runtime-1.0-SNAPSHOT.jar!/logback.xml]
19:23:21,691 |-WARN in ch.qos.logback.classic.LoggerContext[default] - Resource [logback.xml] occurs at [jar:file:/root/flamestream/flamestream-runtime-1.0-SNAPSHOT.jar!/logback.xml]
19:23:21,711 |-INFO in ch.qos.logback.core.joran.spi.ConfigurationWatchList@3fb6a447 - URL [jar:file:/root/flamestream/lib/flamestream-runtime-1.0-SNAPSHOT.jar!/logback.xml] is not of type file
19:23:21,786 |-INFO in ch.qos.logback.classic.joran.action.ConfigurationAction - debug attribute not set
19:23:21,786 |-INFO in ch.qos.logback.core.joran.action.AppenderAction - About to instantiate appender of type [ch.qos.logback.core.ConsoleAppender]
19:23:21,801 |-INFO in ch.qos.logback.core.joran.action.AppenderAction - Naming appender as [STDOUT]
19:23:21,820 |-INFO in ch.qos.logback.core.joran.action.NestedComplexPropertyIA - Assuming default type [ch.qos.logback.classic.encoder.PatternLayoutEncoder] for [encoder] property
19:23:21,907 |-INFO in ch.qos.logback.core.joran.action.AppenderAction - About to instantiate appender of type [ch.qos.logback.core.rolling.RollingFileAppender]
19:23:21,918 |-INFO in ch.qos.logback.core.joran.action.AppenderAction - Naming appender as [FILE]
19:23:21,947 |-INFO in c.q.l.core.rolling.TimeBasedRollingPolicy@127618319 - No compression will be used
19:23:21,949 |-INFO in c.q.l.core.rolling.TimeBasedRollingPolicy@127618319 - Will use the pattern /tmp/application_%d{yyyy-MM-dd}.%i.log for the active file
19:23:21,952 |-INFO in ch.qos.logback.core.rolling.SizeAndTimeBasedFNATP@6b2fad11 - The date pattern is 'yyyy-MM-dd' from file name pattern '/tmp/application_%d{yyyy-MM-dd}.%i.log'.
19:23:21,952 |-INFO in ch.qos.logback.core.rolling.SizeAndTimeBasedFNATP@6b2fad11 - Roll-over at midnight.
19:23:21,957 |-INFO in ch.qos.logback.core.rolling.SizeAndTimeBasedFNATP@6b2fad11 - Setting initial period to Mon Jun 10 19:21:55 UTC 2019
19:23:21,957 |-WARN in ch.qos.logback.core.rolling.SizeAndTimeBasedFNATP@6b2fad11 - SizeAndTimeBasedFNATP is deprecated. Use SizeAndTimeBasedRollingPolicy instead
19:23:21,957 |-WARN in ch.qos.logback.core.rolling.SizeAndTimeBasedFNATP@6b2fad11 - For more information see http://logback.qos.ch/manual/appenders.html#SizeAndTimeBasedRollingPolicy
19:23:21,961 |-INFO in ch.qos.logback.core.joran.action.NestedComplexPropertyIA - Assuming default type [ch.qos.logback.classic.encoder.PatternLayoutEncoder] for [encoder] property
19:23:21,966 |-INFO in ch.qos.logback.core.rolling.RollingFileAppender[FILE] - Active log file name: /tmp/application.log
19:23:21,966 |-INFO in ch.qos.logback.core.rolling.RollingFileAppender[FILE] - File property is set to [/tmp/application.log]
19:23:21,967 |-INFO in ch.qos.logback.classic.joran.action.RootLoggerAction - Setting level of ROOT logger to WARN
19:23:21,967 |-INFO in ch.qos.logback.core.joran.action.AppenderRefAction - Attaching appender named [STDOUT] to Logger[ROOT]
19:23:21,969 |-INFO in ch.qos.logback.core.joran.action.AppenderRefAction - Attaching appender named [FILE] to Logger[ROOT]
19:23:21,969 |-INFO in ch.qos.logback.classic.joran.action.ConfigurationAction - End of configuration.
19:23:21,970 |-INFO in ch.qos.logback.classic.joran.JoranConfigurator@79698539 - Registering current configuration as safe fallback point

Ama winner
Ama winner
2019-06-10T19:23:23.401+0000: 1.904: [Full GC (Metadata GC Threshold) 2019-06-10T19:23:23.401+0000: 1.904: [Tenured: 0K->15176K(341376K), 0.0417856 secs] 117752K->15176K(494976K), [Metaspace: 20735K->20735K(1067008K)], 0.0418562 secs] [Times: user=0.03 sys=0.00, real=0.04 secs] 
19:23:41.542 [Curator-PathChildrenCache-2] WARN  o.a.c.u.ZKPaths  - The version of ZooKeeper being used doesn't support Container nodes. CreateMode.PERSISTENT will be used instead.
2019-06-10T19:23:44.210+0000: 22.714: [GC (Allocation Failure) 2019-06-10T19:23:44.210+0000: 22.714: [DefNew: 122255K->16692K(153600K), 0.0183199 secs] 137431K->31869K(494976K), 0.0183896 secs] [Times: user=0.02 sys=0.01, real=0.02 secs] 
2019-06-10T19:23:44.577+0000: 23.081: [Full GC (Metadata GC Threshold) 2019-06-10T19:23:44.577+0000: 23.081: [Tenured: 15176K->43261K(341376K), 0.0437535 secs] 66936K->43261K(494976K), [Metaspace: 34636K->34636K(1079296K)], 0.0438451 secs] [Times: user=0.04 sys=0.00, real=0.04 secs] 
2019-06-10T19:23:46.394+0000: 24.897: [GC (Allocation Failure) 2019-06-10T19:23:46.394+0000: 24.897: [DefNew: 136576K->163K(153600K), 0.0023259 secs] 179837K->43425K(494976K), 0.0023835 secs] [Times: user=0.01 sys=0.00, real=0.00 secs] 
2019-06-10T19:23:48.052+0000: 26.555: [GC (Allocation Failure) 2019-06-10T19:23:48.052+0000: 26.555: [DefNew: 136739K->143K(153600K), 0.0019790 secs] 180001K->43405K(494976K), 0.0020330 secs] [Times: user=0.01 sys=0.00, real=0.00 secs] 
2019-06-10T19:23:49.678+0000: 28.182: [GC (Allocation Failure) 2019-06-10T19:23:49.678+0000: 28.182: [DefNew: 136719K->168K(153600K), 0.0019895 secs] 179981K->43430K(494976K), 0.0020570 secs] [Times: user=0.00 sys=0.00, real=0.00 secs] 
2019-06-10T19:23:51.349+0000: 29.853: [GC (Allocation Failure) 2019-06-10T19:23:51.349+0000: 29.853: [DefNew: 136744K->187K(153600K), 0.0020024 secs] 180006K->43449K(494976K), 0.0020641 secs] [Times: user=0.00 sys=0.00, real=0.00 secs] 
19:24:00.270 [Curator-PathChildrenCache-0] ERROR o.a.c.f.r.c.PathChildrenCache  - 
java.lang.IllegalStateException: instance must be started before calling this method
	at org.apache.curator.shaded.com.google.common.base.Preconditions.checkState(Preconditions.java:444)
	at org.apache.curator.framework.imps.CuratorFrameworkImpl.getChildren(CuratorFrameworkImpl.java:456)
	at org.apache.curator.framework.recipes.cache.PathChildrenCache.refresh(PathChildrenCache.java:521)
	at org.apache.curator.framework.recipes.cache.RefreshOperation.invoke(RefreshOperation.java:35)
	at org.apache.curator.framework.recipes.cache.PathChildrenCache$9.run(PathChildrenCache.java:786)
	at java.util.concurrent.Executors$RunnableAdapter.call(Executors.java:511)
	at java.util.concurrent.FutureTask.run(FutureTask.java:266)
	at java.util.concurrent.Executors$RunnableAdapter.call(Executors.java:511)
	at java.util.concurrent.FutureTask.run(FutureTask.java:266)
	at java.util.concurrent.ThreadPoolExecutor.runWorker(ThreadPoolExecutor.java:1149)
	at java.util.concurrent.ThreadPoolExecutor$Worker.run(ThreadPoolExecutor.java:624)
	at java.lang.Thread.run(Thread.java:748)
2019-06-10T19:24:00.445+0000: 38.949: [GC (Allocation Failure) 2019-06-10T19:24:00.446+0000: 38.949: [DefNew: 136763K->955K(153600K), 0.0032517 secs] 180025K->44216K(494976K), 0.0033146 secs] [Times: user=0.00 sys=0.00, real=0.00 secs] 
Heap
 def new generation   total 153600K, used 16032K [0x00000000e0c00000, 0x00000000eb2a0000, 0x00000000eb2a0000)
  eden space 136576K,  11% used [0x00000000e0c00000, 0x00000000e1ab9468, 0x00000000e9160000)
  from space 17024K,   5% used [0x00000000e9160000, 0x00000000e924ec08, 0x00000000ea200000)
  to   space 17024K,   0% used [0x00000000ea200000, 0x00000000ea200000, 0x00000000eb2a0000)
 tenured generation   total 341376K, used 43261K [0x00000000eb2a0000, 0x0000000100000000, 0x0000000100000000)
   the space 341376K,  12% used [0x00000000eb2a0000, 0x00000000edcdf7c8, 0x00000000edcdf800, 0x0000000100000000)
 Metaspace       used 36144K, capacity 37140K, committed 37376K, reserved 1081344K
  class space    used 4861K, capacity 5062K, committed 5120K, reserved 1048576K
