13:58:21,647 |-INFO in ch.qos.logback.classic.LoggerContext[default] - Could NOT find resource [logback-test.xml]
13:58:21,647 |-INFO in ch.qos.logback.classic.LoggerContext[default] - Could NOT find resource [logback.groovy]
13:58:21,648 |-INFO in ch.qos.logback.classic.LoggerContext[default] - Found resource [logback.xml] at [jar:file:/home/nikitasokolov/flamestream/lib/flamestream-runtime-1.0-SNAPSHOT.jar!/logback.xml]
13:58:21,648 |-WARN in ch.qos.logback.classic.LoggerContext[default] - Resource [logback.xml] occurs multiple times on the classpath.
13:58:21,649 |-WARN in ch.qos.logback.classic.LoggerContext[default] - Resource [logback.xml] occurs at [jar:file:/home/nikitasokolov/flamestream/lib/flamestream-runtime-1.0-SNAPSHOT.jar!/logback.xml]
13:58:21,649 |-WARN in ch.qos.logback.classic.LoggerContext[default] - Resource [logback.xml] occurs at [jar:file:/home/nikitasokolov/flamestream/flamestream-runtime-1.0-SNAPSHOT.jar!/logback.xml]
13:58:21,664 |-INFO in ch.qos.logback.core.joran.spi.ConfigurationWatchList@6108b2d7 - URL [jar:file:/home/nikitasokolov/flamestream/lib/flamestream-runtime-1.0-SNAPSHOT.jar!/logback.xml] is not of type file
13:58:21,714 |-INFO in ch.qos.logback.classic.joran.action.ConfigurationAction - debug attribute not set
13:58:21,714 |-INFO in ch.qos.logback.core.joran.action.AppenderAction - About to instantiate appender of type [ch.qos.logback.core.ConsoleAppender]
13:58:21,722 |-INFO in ch.qos.logback.core.joran.action.AppenderAction - Naming appender as [STDOUT]
13:58:21,730 |-INFO in ch.qos.logback.core.joran.action.NestedComplexPropertyIA - Assuming default type [ch.qos.logback.classic.encoder.PatternLayoutEncoder] for [encoder] property
13:58:21,783 |-INFO in ch.qos.logback.core.joran.action.AppenderAction - About to instantiate appender of type [ch.qos.logback.core.rolling.RollingFileAppender]
13:58:21,789 |-INFO in ch.qos.logback.core.joran.action.AppenderAction - Naming appender as [FILE]
13:58:21,817 |-INFO in c.q.l.core.rolling.TimeBasedRollingPolicy@357863579 - No compression will be used
13:58:21,819 |-INFO in c.q.l.core.rolling.TimeBasedRollingPolicy@357863579 - Will use the pattern /tmp/application_%d{yyyy-MM-dd}.%i.log for the active file
13:58:21,822 |-INFO in ch.qos.logback.core.rolling.SizeAndTimeBasedFNATP@6bf256fa - The date pattern is 'yyyy-MM-dd' from file name pattern '/tmp/application_%d{yyyy-MM-dd}.%i.log'.
13:58:21,822 |-INFO in ch.qos.logback.core.rolling.SizeAndTimeBasedFNATP@6bf256fa - Roll-over at midnight.
13:58:21,826 |-INFO in ch.qos.logback.core.rolling.SizeAndTimeBasedFNATP@6bf256fa - Setting initial period to Sun Jun 09 13:57:37 MSK 2019
13:58:21,826 |-WARN in ch.qos.logback.core.rolling.SizeAndTimeBasedFNATP@6bf256fa - SizeAndTimeBasedFNATP is deprecated. Use SizeAndTimeBasedRollingPolicy instead
13:58:21,826 |-WARN in ch.qos.logback.core.rolling.SizeAndTimeBasedFNATP@6bf256fa - For more information see http://logback.qos.ch/manual/appenders.html#SizeAndTimeBasedRollingPolicy
13:58:21,830 |-INFO in ch.qos.logback.core.joran.action.NestedComplexPropertyIA - Assuming default type [ch.qos.logback.classic.encoder.PatternLayoutEncoder] for [encoder] property
13:58:21,833 |-INFO in ch.qos.logback.core.rolling.RollingFileAppender[FILE] - Active log file name: /tmp/application.log
13:58:21,833 |-INFO in ch.qos.logback.core.rolling.RollingFileAppender[FILE] - File property is set to [/tmp/application.log]
13:58:21,834 |-INFO in ch.qos.logback.classic.joran.action.RootLoggerAction - Setting level of ROOT logger to WARN
13:58:21,834 |-INFO in ch.qos.logback.core.joran.action.AppenderRefAction - Attaching appender named [STDOUT] to Logger[ROOT]
13:58:21,834 |-INFO in ch.qos.logback.core.joran.action.AppenderRefAction - Attaching appender named [FILE] to Logger[ROOT]
13:58:21,834 |-INFO in ch.qos.logback.classic.joran.action.ConfigurationAction - End of configuration.
13:58:21,835 |-INFO in ch.qos.logback.classic.joran.JoranConfigurator@6cd8737 - Registering current configuration as safe fallback point

2019-06-09T13:58:22.848+0300: 1.402: [GC (Metadata GC Threshold) [PSYoungGen: 108151K->15910K(149504K)] 108151K->15990K(491008K), 0.0289682 secs] [Times: user=0.12 sys=0.04, real=0.03 secs] 
2019-06-09T13:58:22.877+0300: 1.431: [Full GC (Metadata GC Threshold) [PSYoungGen: 15910K->0K(149504K)] [ParOldGen: 80K->15078K(341504K)] 15990K->15078K(491008K), [Metaspace: 20800K->20800K(1067008K)], 0.0299678 secs] [Times: user=0.17 sys=0.04, real=0.03 secs] 
13:58:31.458 [Curator-PathChildrenCache-2] WARN  o.a.c.u.ZKPaths  - The version of ZooKeeper being used doesn't support Container nodes. CreateMode.PERSISTENT will be used instead.
2019-06-09T13:58:32.414+0300: 10.968: [GC (Metadata GC Threshold) [PSYoungGen: 124898K->15786K(149504K)] 139976K->50403K(491008K), 0.0257175 secs] [Times: user=0.19 sys=0.02, real=0.03 secs] 
2019-06-09T13:58:32.439+0300: 10.993: [Full GC (Metadata GC Threshold) [PSYoungGen: 15786K->0K(149504K)] [ParOldGen: 34617K->38941K(341504K)] 50403K->38941K(491008K), [Metaspace: 34545K->34545K(1079296K)], 0.0377620 secs] [Times: user=0.20 sys=0.02, real=0.03 secs] 
2019-06-09T13:58:36.831+0300: 15.385: [GC (Allocation Failure) [PSYoungGen: 128512K->448K(149504K)] 167453K->39397K(491008K), 0.0041168 secs] [Times: user=0.02 sys=0.00, real=0.00 secs] 
2019-06-09T13:58:41.824+0300: 20.378: [GC (Allocation Failure) [PSYoungGen: 128960K->512K(149504K)] 167909K->39469K(491008K), 0.0057522 secs] [Times: user=0.04 sys=0.00, real=0.01 secs] 
2019-06-09T13:58:46.793+0300: 25.347: [GC (Allocation Failure) [PSYoungGen: 129024K->480K(129024K)] 167981K->39445K(470528K), 0.0039143 secs] [Times: user=0.02 sys=0.00, real=0.00 secs] 
2019-06-09T13:58:51.819+0300: 30.373: [GC (Allocation Failure) [PSYoungGen: 128992K->576K(150016K)] 167957K->39549K(491520K), 0.0065130 secs] [Times: user=0.04 sys=0.00, real=0.00 secs] 
2019-06-09T13:58:56.833+0300: 35.387: [GC (Allocation Failure) [PSYoungGen: 129088K->608K(148992K)] 168061K->39589K(490496K), 0.0764656 secs] [Times: user=0.01 sys=0.03, real=0.07 secs] 
2019-06-09T13:59:01.911+0300: 40.465: [GC (Allocation Failure) [PSYoungGen: 129120K->704K(151552K)] 168101K->39693K(493056K), 0.0075839 secs] [Times: user=0.05 sys=0.00, real=0.01 secs] 
2019-06-09T13:59:07.128+0300: 45.682: [GC (Allocation Failure) [PSYoungGen: 132800K->736K(151040K)] 171789K->39733K(492544K), 0.0029402 secs] [Times: user=0.02 sys=0.00, real=0.01 secs] 
2019-06-09T13:59:12.346+0300: 50.900: [GC (Allocation Failure) [PSYoungGen: 132832K->736K(153600K)] 171829K->39733K(495104K), 0.0055450 secs] [Times: user=0.03 sys=0.00, real=0.01 secs] 
13:59:18.772 [Curator-PathChildrenCache-0] ERROR o.a.c.f.r.c.PathChildrenCache  - 
java.lang.IllegalStateException: instance must be started before calling this method
	at org.apache.curator.shaded.com.google.common.base.Preconditions.checkState(Preconditions.java:444)
	at org.apache.curator.framework.imps.CuratorFrameworkImpl.getChildren(CuratorFrameworkImpl.java:456)
	at org.apache.curator.framework.recipes.cache.PathChildrenCache.refresh(PathChildrenCache.java:521)
	at org.apache.curator.framework.recipes.cache.RefreshOperation.invoke(RefreshOperation.java:35)
	at org.apache.curator.framework.recipes.cache.PathChildrenCache$9.run(PathChildrenCache.java:786)
	at java.util.concurrent.Executors$RunnableAdapter.call(Executors.java:511)
	at java.util.concurrent.FutureTask.run(FutureTask.java:266)
	at java.util.concurrent.Executors$RunnableAdapter.call(Executors.java:511)
	at java.util.concurrent.FutureTask.run(FutureTask.java:266)
	at java.util.concurrent.ThreadPoolExecutor.runWorker(ThreadPoolExecutor.java:1149)
	at java.util.concurrent.ThreadPoolExecutor$Worker.run(ThreadPoolExecutor.java:624)
	at java.lang.Thread.run(Thread.java:748)
Heap
 PSYoungGen      total 153600K, used 19598K [0x00000000f5980000, 0x0000000100000000, 0x0000000100000000)
  eden space 135680K, 13% used [0x00000000f5980000,0x00000000f6beb938,0x00000000fde00000)
  from space 17920K, 4% used [0x00000000fee80000,0x00000000fef38090,0x0000000100000000)
  to   space 16896K, 0% used [0x00000000fde00000,0x00000000fde00000,0x00000000fee80000)
 ParOldGen       total 341504K, used 38997K [0x00000000e0c00000, 0x00000000f5980000, 0x00000000f5980000)
  object space 341504K, 11% used [0x00000000e0c00000,0x00000000e3215558,0x00000000f5980000)
 Metaspace       used 35716K, capacity 36606K, committed 36952K, reserved 1081344K
  class space    used 4936K, capacity 5129K, committed 5248K, reserved 1048576K
