08:05:14,225 |-INFO in ch.qos.logback.classic.LoggerContext[default] - Could NOT find resource [logback-test.xml]
08:05:14,225 |-INFO in ch.qos.logback.classic.LoggerContext[default] - Could NOT find resource [logback.groovy]
08:05:14,226 |-INFO in ch.qos.logback.classic.LoggerContext[default] - Found resource [logback.xml] at [jar:file:/root/flamestream/lib/flamestream-runtime-1.0-SNAPSHOT.jar!/logback.xml]
08:05:14,226 |-WARN in ch.qos.logback.classic.LoggerContext[default] - Resource [logback.xml] occurs multiple times on the classpath.
08:05:14,227 |-WARN in ch.qos.logback.classic.LoggerContext[default] - Resource [logback.xml] occurs at [jar:file:/root/flamestream/lib/flamestream-runtime-1.0-SNAPSHOT.jar!/logback.xml]
08:05:14,227 |-WARN in ch.qos.logback.classic.LoggerContext[default] - Resource [logback.xml] occurs at [jar:file:/root/flamestream/flamestream-runtime-1.0-SNAPSHOT.jar!/logback.xml]
08:05:14,247 |-INFO in ch.qos.logback.core.joran.spi.ConfigurationWatchList@3fb6a447 - URL [jar:file:/root/flamestream/lib/flamestream-runtime-1.0-SNAPSHOT.jar!/logback.xml] is not of type file
08:05:14,322 |-INFO in ch.qos.logback.classic.joran.action.ConfigurationAction - debug attribute not set
08:05:14,323 |-INFO in ch.qos.logback.core.joran.action.AppenderAction - About to instantiate appender of type [ch.qos.logback.core.ConsoleAppender]
08:05:14,335 |-INFO in ch.qos.logback.core.joran.action.AppenderAction - Naming appender as [STDOUT]
08:05:14,352 |-INFO in ch.qos.logback.core.joran.action.NestedComplexPropertyIA - Assuming default type [ch.qos.logback.classic.encoder.PatternLayoutEncoder] for [encoder] property
08:05:14,434 |-INFO in ch.qos.logback.core.joran.action.AppenderAction - About to instantiate appender of type [ch.qos.logback.core.rolling.RollingFileAppender]
08:05:14,439 |-INFO in ch.qos.logback.core.joran.action.AppenderAction - Naming appender as [FILE]
08:05:14,471 |-INFO in c.q.l.core.rolling.TimeBasedRollingPolicy@127618319 - No compression will be used
08:05:14,472 |-INFO in c.q.l.core.rolling.TimeBasedRollingPolicy@127618319 - Will use the pattern /tmp/application_%d{yyyy-MM-dd}.%i.log for the active file
08:05:14,475 |-INFO in ch.qos.logback.core.rolling.SizeAndTimeBasedFNATP@6b2fad11 - The date pattern is 'yyyy-MM-dd' from file name pattern '/tmp/application_%d{yyyy-MM-dd}.%i.log'.
08:05:14,475 |-INFO in ch.qos.logback.core.rolling.SizeAndTimeBasedFNATP@6b2fad11 - Roll-over at midnight.
08:05:14,480 |-INFO in ch.qos.logback.core.rolling.SizeAndTimeBasedFNATP@6b2fad11 - Setting initial period to Tue Jun 11 08:03:41 UTC 2019
08:05:14,480 |-WARN in ch.qos.logback.core.rolling.SizeAndTimeBasedFNATP@6b2fad11 - SizeAndTimeBasedFNATP is deprecated. Use SizeAndTimeBasedRollingPolicy instead
08:05:14,480 |-WARN in ch.qos.logback.core.rolling.SizeAndTimeBasedFNATP@6b2fad11 - For more information see http://logback.qos.ch/manual/appenders.html#SizeAndTimeBasedRollingPolicy
08:05:14,484 |-INFO in ch.qos.logback.core.joran.action.NestedComplexPropertyIA - Assuming default type [ch.qos.logback.classic.encoder.PatternLayoutEncoder] for [encoder] property
08:05:14,489 |-INFO in ch.qos.logback.core.rolling.RollingFileAppender[FILE] - Active log file name: /tmp/application.log
08:05:14,489 |-INFO in ch.qos.logback.core.rolling.RollingFileAppender[FILE] - File property is set to [/tmp/application.log]
08:05:14,490 |-INFO in ch.qos.logback.classic.joran.action.RootLoggerAction - Setting level of ROOT logger to WARN
08:05:14,490 |-INFO in ch.qos.logback.core.joran.action.AppenderRefAction - Attaching appender named [STDOUT] to Logger[ROOT]
08:05:14,492 |-INFO in ch.qos.logback.core.joran.action.AppenderRefAction - Attaching appender named [FILE] to Logger[ROOT]
08:05:14,492 |-INFO in ch.qos.logback.classic.joran.action.ConfigurationAction - End of configuration.
08:05:14,492 |-INFO in ch.qos.logback.classic.joran.JoranConfigurator@79698539 - Registering current configuration as safe fallback point

Ama winner
Ama winner
2019-06-11T08:05:15.773+0000: 1.730: [Full GC (Metadata GC Threshold) 2019-06-11T08:05:15.773+0000: 1.730: [Tenured: 0K->15177K(341376K), 0.0397612 secs] 112194K->15177K(494976K), [Metaspace: 20732K->20732K(1067008K)], 0.0398352 secs] [Times: user=0.04 sys=0.00, real=0.04 secs] 
08:05:28.153 [Curator-PathChildrenCache-1] WARN  o.a.c.u.ZKPaths  - The version of ZooKeeper being used doesn't support Container nodes. CreateMode.PERSISTENT will be used instead.
2019-06-11T08:05:30.241+0000: 16.199: [GC (Allocation Failure) 2019-06-11T08:05:30.241+0000: 16.199: [DefNew: 118660K->17023K(153600K), 0.0212198 secs] 133838K->32844K(494976K), 0.0212893 secs] [Times: user=0.01 sys=0.00, real=0.02 secs] 
2019-06-11T08:05:33.399+0000: 19.356: [Full GC (Metadata GC Threshold) 2019-06-11T08:05:33.399+0000: 19.356: [Tenured: 15820K->43925K(341376K), 0.0585876 secs] 117844K->43925K(494976K), [Metaspace: 34574K->34574K(1079296K)], 0.0586682 secs] [Times: user=0.05 sys=0.01, real=0.06 secs] 
2019-06-11T08:05:40.224+0000: 26.182: [GC (Allocation Failure) 2019-06-11T08:05:40.224+0000: 26.182: [DefNew: 136576K->58K(153600K), 0.0017705 secs] 180501K->43984K(494976K), 0.0018290 secs] [Times: user=0.01 sys=0.00, real=0.00 secs] 
2019-06-11T08:05:47.025+0000: 32.984: [GC (Allocation Failure) 2019-06-11T08:05:47.026+0000: 32.984: [DefNew: 136634K->62K(153600K), 0.0016140 secs] 180560K->43987K(494976K), 0.0030910 secs] [Times: user=0.00 sys=0.00, real=0.00 secs] 
2019-06-11T08:05:53.880+0000: 39.838: [GC (Allocation Failure) 2019-06-11T08:05:53.880+0000: 39.838: [DefNew: 136638K->64K(153600K), 0.0016241 secs] 180563K->43989K(494976K), 0.0016871 secs] [Times: user=0.00 sys=0.00, real=0.00 secs] 
2019-06-11T08:06:00.820+0000: 46.778: [GC (Allocation Failure) 2019-06-11T08:06:00.820+0000: 46.778: [DefNew: 136640K->65K(153600K), 0.0017472 secs] 180565K->43991K(494976K), 0.0018073 secs] [Times: user=0.00 sys=0.00, real=0.00 secs] 
2019-06-11T08:06:09.448+0000: 55.406: [GC (Allocation Failure) 2019-06-11T08:06:09.448+0000: 55.406: [DefNew: 136641K->58K(153600K), 0.0016769 secs] 180567K->43984K(494976K), 0.0017373 secs] [Times: user=0.00 sys=0.00, real=0.00 secs] 
08:06:20.713 [Curator-PathChildrenCache-0] ERROR o.a.c.f.r.c.PathChildrenCache  - 
java.lang.IllegalStateException: instance must be started before calling this method
	at org.apache.curator.shaded.com.google.common.base.Preconditions.checkState(Preconditions.java:444)
	at org.apache.curator.framework.imps.CuratorFrameworkImpl.getChildren(CuratorFrameworkImpl.java:456)
	at org.apache.curator.framework.recipes.cache.PathChildrenCache.refresh(PathChildrenCache.java:521)
	at org.apache.curator.framework.recipes.cache.RefreshOperation.invoke(RefreshOperation.java:35)
	at org.apache.curator.framework.recipes.cache.PathChildrenCache$9.run(PathChildrenCache.java:786)
	at java.util.concurrent.Executors$RunnableAdapter.call(Executors.java:511)
	at java.util.concurrent.FutureTask.run(FutureTask.java:266)
	at java.util.concurrent.Executors$RunnableAdapter.call(Executors.java:511)
	at java.util.concurrent.FutureTask.run(FutureTask.java:266)
	at java.util.concurrent.ThreadPoolExecutor.runWorker(ThreadPoolExecutor.java:1149)
	at java.util.concurrent.ThreadPoolExecutor$Worker.run(ThreadPoolExecutor.java:624)
	at java.lang.Thread.run(Thread.java:748)
Heap
 def new generation   total 153600K, used 58479K [0x00000000e0c00000, 0x00000000eb2a0000, 0x00000000eb2a0000)
  eden space 136576K,  42% used [0x00000000e0c00000, 0x00000000e450d418, 0x00000000e9160000)
  from space 17024K,   0% used [0x00000000e9160000, 0x00000000e916ead8, 0x00000000ea200000)
  to   space 17024K,   0% used [0x00000000ea200000, 0x00000000ea200000, 0x00000000eb2a0000)
 tenured generation   total 341376K, used 43925K [0x00000000eb2a0000, 0x0000000100000000, 0x0000000100000000)
   the space 341376K,  12% used [0x00000000eb2a0000, 0x00000000edd85530, 0x00000000edd85600, 0x0000000100000000)
 Metaspace       used 35994K, capacity 36916K, committed 37120K, reserved 1081344K
  class space    used 4857K, capacity 5072K, committed 5120K, reserved 1048576K
