05:53:12,139 |-INFO in ch.qos.logback.classic.LoggerContext[default] - Could NOT find resource [logback-test.xml]
05:53:12,139 |-INFO in ch.qos.logback.classic.LoggerContext[default] - Could NOT find resource [logback.groovy]
05:53:12,140 |-INFO in ch.qos.logback.classic.LoggerContext[default] - Found resource [logback.xml] at [jar:file:/root/flamestream/lib/flamestream-runtime-1.0-SNAPSHOT.jar!/logback.xml]
05:53:12,140 |-WARN in ch.qos.logback.classic.LoggerContext[default] - Resource [logback.xml] occurs multiple times on the classpath.
05:53:12,140 |-WARN in ch.qos.logback.classic.LoggerContext[default] - Resource [logback.xml] occurs at [jar:file:/root/flamestream/lib/flamestream-runtime-1.0-SNAPSHOT.jar!/logback.xml]
05:53:12,140 |-WARN in ch.qos.logback.classic.LoggerContext[default] - Resource [logback.xml] occurs at [jar:file:/root/flamestream/flamestream-runtime-1.0-SNAPSHOT.jar!/logback.xml]
05:53:12,163 |-INFO in ch.qos.logback.core.joran.spi.ConfigurationWatchList@3fb6a447 - URL [jar:file:/root/flamestream/lib/flamestream-runtime-1.0-SNAPSHOT.jar!/logback.xml] is not of type file
05:53:12,235 |-INFO in ch.qos.logback.classic.joran.action.ConfigurationAction - debug attribute not set
05:53:12,235 |-INFO in ch.qos.logback.core.joran.action.AppenderAction - About to instantiate appender of type [ch.qos.logback.core.ConsoleAppender]
05:53:12,252 |-INFO in ch.qos.logback.core.joran.action.AppenderAction - Naming appender as [STDOUT]
05:53:12,270 |-INFO in ch.qos.logback.core.joran.action.NestedComplexPropertyIA - Assuming default type [ch.qos.logback.classic.encoder.PatternLayoutEncoder] for [encoder] property
05:53:12,354 |-INFO in ch.qos.logback.core.joran.action.AppenderAction - About to instantiate appender of type [ch.qos.logback.core.rolling.RollingFileAppender]
05:53:12,359 |-INFO in ch.qos.logback.core.joran.action.AppenderAction - Naming appender as [FILE]
05:53:12,391 |-INFO in c.q.l.core.rolling.TimeBasedRollingPolicy@127618319 - No compression will be used
05:53:12,392 |-INFO in c.q.l.core.rolling.TimeBasedRollingPolicy@127618319 - Will use the pattern /tmp/application_%d{yyyy-MM-dd}.%i.log for the active file
05:53:12,395 |-INFO in ch.qos.logback.core.rolling.SizeAndTimeBasedFNATP@6b2fad11 - The date pattern is 'yyyy-MM-dd' from file name pattern '/tmp/application_%d{yyyy-MM-dd}.%i.log'.
05:53:12,395 |-INFO in ch.qos.logback.core.rolling.SizeAndTimeBasedFNATP@6b2fad11 - Roll-over at midnight.
05:53:12,400 |-INFO in ch.qos.logback.core.rolling.SizeAndTimeBasedFNATP@6b2fad11 - Setting initial period to Tue Jun 11 05:52:00 UTC 2019
05:53:12,400 |-WARN in ch.qos.logback.core.rolling.SizeAndTimeBasedFNATP@6b2fad11 - SizeAndTimeBasedFNATP is deprecated. Use SizeAndTimeBasedRollingPolicy instead
05:53:12,400 |-WARN in ch.qos.logback.core.rolling.SizeAndTimeBasedFNATP@6b2fad11 - For more information see http://logback.qos.ch/manual/appenders.html#SizeAndTimeBasedRollingPolicy
05:53:12,404 |-INFO in ch.qos.logback.core.joran.action.NestedComplexPropertyIA - Assuming default type [ch.qos.logback.classic.encoder.PatternLayoutEncoder] for [encoder] property
05:53:12,409 |-INFO in ch.qos.logback.core.rolling.RollingFileAppender[FILE] - Active log file name: /tmp/application.log
05:53:12,409 |-INFO in ch.qos.logback.core.rolling.RollingFileAppender[FILE] - File property is set to [/tmp/application.log]
05:53:12,410 |-INFO in ch.qos.logback.classic.joran.action.RootLoggerAction - Setting level of ROOT logger to WARN
05:53:12,410 |-INFO in ch.qos.logback.core.joran.action.AppenderRefAction - Attaching appender named [STDOUT] to Logger[ROOT]
05:53:12,412 |-INFO in ch.qos.logback.core.joran.action.AppenderRefAction - Attaching appender named [FILE] to Logger[ROOT]
05:53:12,412 |-INFO in ch.qos.logback.classic.joran.action.ConfigurationAction - End of configuration.
05:53:12,413 |-INFO in ch.qos.logback.classic.joran.JoranConfigurator@79698539 - Registering current configuration as safe fallback point

Ama winner
Ama winner
2019-06-11T05:53:14.005+0000: 2.047: [Full GC (Metadata GC Threshold) 2019-06-11T05:53:14.005+0000: 2.047: [Tenured: 0K->15240K(341376K), 0.0356513 secs] 117718K->15240K(494976K), [Metaspace: 20728K->20728K(1067008K)], 0.0357218 secs] [Times: user=0.03 sys=0.01, real=0.03 secs] 
05:53:30.850 [Curator-PathChildrenCache-1] WARN  o.a.c.u.ZKPaths  - The version of ZooKeeper being used doesn't support Container nodes. CreateMode.PERSISTENT will be used instead.
2019-06-11T05:53:33.042+0000: 21.085: [GC (Allocation Failure) 2019-06-11T05:53:33.043+0000: 21.085: [DefNew: 136576K->17024K(153600K), 0.0272917 secs] 151816K->52691K(494976K), 0.0273761 secs] [Times: user=0.02 sys=0.01, real=0.03 secs] 
2019-06-11T05:53:36.812+0000: 24.854: [Full GC (Metadata GC Threshold) 2019-06-11T05:53:36.812+0000: 24.854: [Tenured: 35667K->44179K(341376K), 0.0742196 secs] 122658K->44179K(494976K), [Metaspace: 34575K->34575K(1079296K)], 0.0742950 secs] [Times: user=0.07 sys=0.00, real=0.08 secs] 
2019-06-11T05:53:43.821+0000: 31.864: [GC (Allocation Failure) 2019-06-11T05:53:43.821+0000: 31.864: [DefNew: 136576K->106K(153600K), 0.0019446 secs] 180755K->44286K(494976K), 0.0020012 secs] [Times: user=0.00 sys=0.00, real=0.00 secs] 
2019-06-11T05:53:50.794+0000: 38.837: [GC (Allocation Failure) 2019-06-11T05:53:50.795+0000: 38.837: [DefNew: 136682K->106K(153600K), 0.0018125 secs] 180862K->44285K(494976K), 0.0018806 secs] [Times: user=0.00 sys=0.00, real=0.00 secs] 
2019-06-11T05:53:57.891+0000: 45.934: [GC (Allocation Failure) 2019-06-11T05:53:57.891+0000: 45.934: [DefNew: 136682K->141K(153600K), 0.0018530 secs] 180861K->44321K(494976K), 0.0019103 secs] [Times: user=0.00 sys=0.00, real=0.00 secs] 
2019-06-11T05:54:05.345+0000: 53.387: [GC (Allocation Failure) 2019-06-11T05:54:05.345+0000: 53.387: [DefNew: 136717K->141K(153600K), 0.0018523 secs] 180897K->44321K(494976K), 0.0019271 secs] [Times: user=0.00 sys=0.00, real=0.01 secs] 
2019-06-11T05:54:15.028+0000: 63.070: [GC (Allocation Failure) 2019-06-11T05:54:15.028+0000: 63.070: [DefNew: 136717K->436K(153600K), 0.0022585 secs] 180897K->44615K(494976K), 0.0023198 secs] [Times: user=0.01 sys=0.00, real=0.00 secs] 
05:54:32.433 [Curator-PathChildrenCache-0] ERROR o.a.c.f.r.c.PathChildrenCache  - 
java.lang.IllegalStateException: instance must be started before calling this method
	at org.apache.curator.shaded.com.google.common.base.Preconditions.checkState(Preconditions.java:444)
	at org.apache.curator.framework.imps.CuratorFrameworkImpl.getChildren(CuratorFrameworkImpl.java:456)
	at org.apache.curator.framework.recipes.cache.PathChildrenCache.refresh(PathChildrenCache.java:521)
	at org.apache.curator.framework.recipes.cache.RefreshOperation.invoke(RefreshOperation.java:35)
	at org.apache.curator.framework.recipes.cache.PathChildrenCache$9.run(PathChildrenCache.java:786)
	at java.util.concurrent.Executors$RunnableAdapter.call(Executors.java:511)
	at java.util.concurrent.FutureTask.run(FutureTask.java:266)
	at java.util.concurrent.Executors$RunnableAdapter.call(Executors.java:511)
	at java.util.concurrent.FutureTask.run(FutureTask.java:266)
	at java.util.concurrent.ThreadPoolExecutor.runWorker(ThreadPoolExecutor.java:1149)
	at java.util.concurrent.ThreadPoolExecutor$Worker.run(ThreadPoolExecutor.java:624)
	at java.lang.Thread.run(Thread.java:748)
Heap
 def new generation   total 153600K, used 55223K [0x00000000e0c00000, 0x00000000eb2a0000, 0x00000000eb2a0000)
  eden space 136576K,  40% used [0x00000000e0c00000, 0x00000000e4180c08, 0x00000000e9160000)
  from space 17024K,   2% used [0x00000000e9160000, 0x00000000e91cd068, 0x00000000ea200000)
  to   space 17024K,   0% used [0x00000000ea200000, 0x00000000ea200000, 0x00000000eb2a0000)
 tenured generation   total 341376K, used 44179K [0x00000000eb2a0000, 0x0000000100000000, 0x0000000100000000)
   the space 341376K,  12% used [0x00000000eb2a0000, 0x00000000eddc4ef8, 0x00000000eddc5000, 0x0000000100000000)
 Metaspace       used 36167K, capacity 37068K, committed 37376K, reserved 1081344K
  class space    used 4857K, capacity 5076K, committed 5120K, reserved 1048576K
