17:15:31,450 |-INFO in ch.qos.logback.classic.LoggerContext[default] - Could NOT find resource [logback-test.xml]
17:15:31,450 |-INFO in ch.qos.logback.classic.LoggerContext[default] - Could NOT find resource [logback.groovy]
17:15:31,451 |-INFO in ch.qos.logback.classic.LoggerContext[default] - Found resource [logback.xml] at [jar:file:/root/flamestream/lib/flamestream-runtime-1.0-SNAPSHOT.jar!/logback.xml]
17:15:31,451 |-WARN in ch.qos.logback.classic.LoggerContext[default] - Resource [logback.xml] occurs multiple times on the classpath.
17:15:31,452 |-WARN in ch.qos.logback.classic.LoggerContext[default] - Resource [logback.xml] occurs at [jar:file:/root/flamestream/lib/flamestream-runtime-1.0-SNAPSHOT.jar!/logback.xml]
17:15:31,452 |-WARN in ch.qos.logback.classic.LoggerContext[default] - Resource [logback.xml] occurs at [jar:file:/root/flamestream/flamestream-runtime-1.0-SNAPSHOT.jar!/logback.xml]
17:15:31,472 |-INFO in ch.qos.logback.core.joran.spi.ConfigurationWatchList@3fb6a447 - URL [jar:file:/root/flamestream/lib/flamestream-runtime-1.0-SNAPSHOT.jar!/logback.xml] is not of type file
17:15:31,539 |-INFO in ch.qos.logback.classic.joran.action.ConfigurationAction - debug attribute not set
17:15:31,545 |-INFO in ch.qos.logback.core.joran.action.AppenderAction - About to instantiate appender of type [ch.qos.logback.core.ConsoleAppender]
17:15:31,555 |-INFO in ch.qos.logback.core.joran.action.AppenderAction - Naming appender as [STDOUT]
17:15:31,574 |-INFO in ch.qos.logback.core.joran.action.NestedComplexPropertyIA - Assuming default type [ch.qos.logback.classic.encoder.PatternLayoutEncoder] for [encoder] property
17:15:31,661 |-INFO in ch.qos.logback.core.joran.action.AppenderAction - About to instantiate appender of type [ch.qos.logback.core.rolling.RollingFileAppender]
17:15:31,666 |-INFO in ch.qos.logback.core.joran.action.AppenderAction - Naming appender as [FILE]
17:15:31,696 |-INFO in c.q.l.core.rolling.TimeBasedRollingPolicy@127618319 - No compression will be used
17:15:31,698 |-INFO in c.q.l.core.rolling.TimeBasedRollingPolicy@127618319 - Will use the pattern /tmp/application_%d{yyyy-MM-dd}.%i.log for the active file
17:15:31,701 |-INFO in ch.qos.logback.core.rolling.SizeAndTimeBasedFNATP@6b2fad11 - The date pattern is 'yyyy-MM-dd' from file name pattern '/tmp/application_%d{yyyy-MM-dd}.%i.log'.
17:15:31,701 |-INFO in ch.qos.logback.core.rolling.SizeAndTimeBasedFNATP@6b2fad11 - Roll-over at midnight.
17:15:31,706 |-INFO in ch.qos.logback.core.rolling.SizeAndTimeBasedFNATP@6b2fad11 - Setting initial period to Mon Jun 10 17:14:10 UTC 2019
17:15:31,706 |-WARN in ch.qos.logback.core.rolling.SizeAndTimeBasedFNATP@6b2fad11 - SizeAndTimeBasedFNATP is deprecated. Use SizeAndTimeBasedRollingPolicy instead
17:15:31,706 |-WARN in ch.qos.logback.core.rolling.SizeAndTimeBasedFNATP@6b2fad11 - For more information see http://logback.qos.ch/manual/appenders.html#SizeAndTimeBasedRollingPolicy
17:15:31,709 |-INFO in ch.qos.logback.core.joran.action.NestedComplexPropertyIA - Assuming default type [ch.qos.logback.classic.encoder.PatternLayoutEncoder] for [encoder] property
17:15:31,714 |-INFO in ch.qos.logback.core.rolling.RollingFileAppender[FILE] - Active log file name: /tmp/application.log
17:15:31,714 |-INFO in ch.qos.logback.core.rolling.RollingFileAppender[FILE] - File property is set to [/tmp/application.log]
17:15:31,715 |-INFO in ch.qos.logback.classic.joran.action.RootLoggerAction - Setting level of ROOT logger to WARN
17:15:31,715 |-INFO in ch.qos.logback.core.joran.action.AppenderRefAction - Attaching appender named [STDOUT] to Logger[ROOT]
17:15:31,717 |-INFO in ch.qos.logback.core.joran.action.AppenderRefAction - Attaching appender named [FILE] to Logger[ROOT]
17:15:31,718 |-INFO in ch.qos.logback.classic.joran.action.ConfigurationAction - End of configuration.
17:15:31,718 |-INFO in ch.qos.logback.classic.joran.JoranConfigurator@79698539 - Registering current configuration as safe fallback point

Ama winner
Ama winner
2019-06-10T17:15:33.001+0000: 1.735: [Full GC (Metadata GC Threshold) 2019-06-10T17:15:33.001+0000: 1.735: [Tenured: 0K->15209K(341376K), 0.0404148 secs] 114986K->15209K(494976K), [Metaspace: 20735K->20735K(1067008K)], 0.0404836 secs] [Times: user=0.03 sys=0.00, real=0.04 secs] 
17:15:56.331 [Curator-PathChildrenCache-2] WARN  o.a.c.u.ZKPaths  - The version of ZooKeeper being used doesn't support Container nodes. CreateMode.PERSISTENT will be used instead.
2019-06-10T17:15:58.305+0000: 27.038: [GC (Allocation Failure) 2019-06-10T17:15:58.305+0000: 27.038: [DefNew: 117085K->17017K(153600K), 0.0173032 secs] 132294K->32226K(494976K), 0.0173723 secs] [Times: user=0.02 sys=0.01, real=0.02 secs] 
2019-06-10T17:15:59.002+0000: 27.736: [Full GC (Metadata GC Threshold) 2019-06-10T17:15:59.002+0000: 27.736: [Tenured: 15209K->43699K(341376K), 0.0452023 secs] 71030K->43699K(494976K), [Metaspace: 34618K->34618K(1079296K)], 0.0452813 secs] [Times: user=0.04 sys=0.01, real=0.04 secs] 
2019-06-10T17:16:00.916+0000: 29.650: [GC (Allocation Failure) 2019-06-10T17:16:00.916+0000: 29.650: [DefNew: 136576K->539K(153600K), 0.0031699 secs] 180275K->44239K(494976K), 0.0032284 secs] [Times: user=0.00 sys=0.00, real=0.01 secs] 
2019-06-10T17:16:02.540+0000: 31.274: [GC (Allocation Failure) 2019-06-10T17:16:02.540+0000: 31.274: [DefNew: 137115K->355K(153600K), 0.0021764 secs] 180815K->44055K(494976K), 0.0022335 secs] [Times: user=0.00 sys=0.00, real=0.00 secs] 
2019-06-10T17:16:04.059+0000: 32.793: [GC (Allocation Failure) 2019-06-10T17:16:04.060+0000: 32.793: [DefNew: 136931K->408K(153600K), 0.0023016 secs] 180631K->44108K(494976K), 0.0035417 secs] [Times: user=0.00 sys=0.00, real=0.00 secs] 
2019-06-10T17:16:05.591+0000: 34.324: [GC (Allocation Failure) 2019-06-10T17:16:05.591+0000: 34.324: [DefNew: 136984K->387K(153600K), 0.0022211 secs] 180684K->44087K(494976K), 0.0022822 secs] [Times: user=0.00 sys=0.00, real=0.00 secs] 
2019-06-10T17:16:07.164+0000: 35.898: [GC (Allocation Failure) 2019-06-10T17:16:07.164+0000: 35.898: [DefNew: 136963K->388K(153600K), 0.0021483 secs] 180663K->44088K(494976K), 0.0022099 secs] [Times: user=0.00 sys=0.00, real=0.00 secs] 
17:16:17.436 [Curator-PathChildrenCache-0] ERROR o.a.c.f.r.c.PathChildrenCache  - 
java.lang.IllegalStateException: instance must be started before calling this method
	at org.apache.curator.shaded.com.google.common.base.Preconditions.checkState(Preconditions.java:444)
	at org.apache.curator.framework.imps.CuratorFrameworkImpl.getChildren(CuratorFrameworkImpl.java:456)
	at org.apache.curator.framework.recipes.cache.PathChildrenCache.refresh(PathChildrenCache.java:521)
	at org.apache.curator.framework.recipes.cache.RefreshOperation.invoke(RefreshOperation.java:35)
	at org.apache.curator.framework.recipes.cache.PathChildrenCache$9.run(PathChildrenCache.java:786)
	at java.util.concurrent.Executors$RunnableAdapter.call(Executors.java:511)
	at java.util.concurrent.FutureTask.run(FutureTask.java:266)
	at java.util.concurrent.Executors$RunnableAdapter.call(Executors.java:511)
	at java.util.concurrent.FutureTask.run(FutureTask.java:266)
	at java.util.concurrent.ThreadPoolExecutor.runWorker(ThreadPoolExecutor.java:1149)
	at java.util.concurrent.ThreadPoolExecutor$Worker.run(ThreadPoolExecutor.java:624)
	at java.lang.Thread.run(Thread.java:748)
Heap
 def new generation   total 153600K, used 97532K [0x00000000e0c00000, 0x00000000eb2a0000, 0x00000000eb2a0000)
  eden space 136576K,  71% used [0x00000000e0c00000, 0x00000000e6ade1e8, 0x00000000e9160000)
  from space 17024K,   2% used [0x00000000e9160000, 0x00000000e91c1188, 0x00000000ea200000)
  to   space 17024K,   0% used [0x00000000ea200000, 0x00000000ea200000, 0x00000000eb2a0000)
 tenured generation   total 341376K, used 43699K [0x00000000eb2a0000, 0x0000000100000000, 0x0000000100000000)
   the space 341376K,  12% used [0x00000000eb2a0000, 0x00000000edd4cf70, 0x00000000edd4d000, 0x0000000100000000)
 Metaspace       used 36227K, capacity 37230K, committed 37376K, reserved 1081344K
  class space    used 4873K, capacity 5067K, committed 5120K, reserved 1048576K
