05:53:12,056 |-INFO in ch.qos.logback.classic.LoggerContext[default] - Could NOT find resource [logback-test.xml]
05:53:12,056 |-INFO in ch.qos.logback.classic.LoggerContext[default] - Could NOT find resource [logback.groovy]
05:53:12,057 |-INFO in ch.qos.logback.classic.LoggerContext[default] - Found resource [logback.xml] at [jar:file:/root/flamestream/lib/flamestream-runtime-1.0-SNAPSHOT.jar!/logback.xml]
05:53:12,057 |-WARN in ch.qos.logback.classic.LoggerContext[default] - Resource [logback.xml] occurs multiple times on the classpath.
05:53:12,058 |-WARN in ch.qos.logback.classic.LoggerContext[default] - Resource [logback.xml] occurs at [jar:file:/root/flamestream/lib/flamestream-runtime-1.0-SNAPSHOT.jar!/logback.xml]
05:53:12,058 |-WARN in ch.qos.logback.classic.LoggerContext[default] - Resource [logback.xml] occurs at [jar:file:/root/flamestream/flamestream-runtime-1.0-SNAPSHOT.jar!/logback.xml]
05:53:12,076 |-INFO in ch.qos.logback.core.joran.spi.ConfigurationWatchList@3fb6a447 - URL [jar:file:/root/flamestream/lib/flamestream-runtime-1.0-SNAPSHOT.jar!/logback.xml] is not of type file
05:53:12,143 |-INFO in ch.qos.logback.classic.joran.action.ConfigurationAction - debug attribute not set
05:53:12,144 |-INFO in ch.qos.logback.core.joran.action.AppenderAction - About to instantiate appender of type [ch.qos.logback.core.ConsoleAppender]
05:53:12,159 |-INFO in ch.qos.logback.core.joran.action.AppenderAction - Naming appender as [STDOUT]
05:53:12,178 |-INFO in ch.qos.logback.core.joran.action.NestedComplexPropertyIA - Assuming default type [ch.qos.logback.classic.encoder.PatternLayoutEncoder] for [encoder] property
05:53:12,264 |-INFO in ch.qos.logback.core.joran.action.AppenderAction - About to instantiate appender of type [ch.qos.logback.core.rolling.RollingFileAppender]
05:53:12,269 |-INFO in ch.qos.logback.core.joran.action.AppenderAction - Naming appender as [FILE]
05:53:12,300 |-INFO in c.q.l.core.rolling.TimeBasedRollingPolicy@127618319 - No compression will be used
05:53:12,301 |-INFO in c.q.l.core.rolling.TimeBasedRollingPolicy@127618319 - Will use the pattern /tmp/application_%d{yyyy-MM-dd}.%i.log for the active file
05:53:12,304 |-INFO in ch.qos.logback.core.rolling.SizeAndTimeBasedFNATP@6b2fad11 - The date pattern is 'yyyy-MM-dd' from file name pattern '/tmp/application_%d{yyyy-MM-dd}.%i.log'.
05:53:12,304 |-INFO in ch.qos.logback.core.rolling.SizeAndTimeBasedFNATP@6b2fad11 - Roll-over at midnight.
05:53:12,310 |-INFO in ch.qos.logback.core.rolling.SizeAndTimeBasedFNATP@6b2fad11 - Setting initial period to Tue Jun 11 05:52:00 UTC 2019
05:53:12,310 |-WARN in ch.qos.logback.core.rolling.SizeAndTimeBasedFNATP@6b2fad11 - SizeAndTimeBasedFNATP is deprecated. Use SizeAndTimeBasedRollingPolicy instead
05:53:12,310 |-WARN in ch.qos.logback.core.rolling.SizeAndTimeBasedFNATP@6b2fad11 - For more information see http://logback.qos.ch/manual/appenders.html#SizeAndTimeBasedRollingPolicy
05:53:12,314 |-INFO in ch.qos.logback.core.joran.action.NestedComplexPropertyIA - Assuming default type [ch.qos.logback.classic.encoder.PatternLayoutEncoder] for [encoder] property
05:53:12,319 |-INFO in ch.qos.logback.core.rolling.RollingFileAppender[FILE] - Active log file name: /tmp/application.log
05:53:12,319 |-INFO in ch.qos.logback.core.rolling.RollingFileAppender[FILE] - File property is set to [/tmp/application.log]
05:53:12,319 |-INFO in ch.qos.logback.classic.joran.action.RootLoggerAction - Setting level of ROOT logger to WARN
05:53:12,319 |-INFO in ch.qos.logback.core.joran.action.AppenderRefAction - Attaching appender named [STDOUT] to Logger[ROOT]
05:53:12,321 |-INFO in ch.qos.logback.core.joran.action.AppenderRefAction - Attaching appender named [FILE] to Logger[ROOT]
05:53:12,322 |-INFO in ch.qos.logback.classic.joran.action.ConfigurationAction - End of configuration.
05:53:12,322 |-INFO in ch.qos.logback.classic.joran.JoranConfigurator@79698539 - Registering current configuration as safe fallback point

Ama winner
Ama winner
2019-06-11T05:53:13.931+0000: 2.063: [Full GC (Metadata GC Threshold) 2019-06-11T05:53:13.931+0000: 2.063: [Tenured: 0K->15240K(341376K), 0.0395170 secs] 117782K->15240K(494976K), [Metaspace: 20730K->20730K(1067008K)], 0.0395904 secs] [Times: user=0.03 sys=0.00, real=0.04 secs] 
05:53:30.850 [Curator-PathChildrenCache-1] WARN  o.a.c.u.ZKPaths  - The version of ZooKeeper being used doesn't support Container nodes. CreateMode.PERSISTENT will be used instead.
2019-06-11T05:53:32.973+0000: 21.106: [GC (Allocation Failure) 2019-06-11T05:53:32.973+0000: 21.106: [DefNew: 136576K->17024K(153600K), 0.0264646 secs] 151816K->52627K(494976K), 0.0265388 secs] [Times: user=0.01 sys=0.02, real=0.03 secs] 
2019-06-11T05:53:34.288+0000: 22.420: [Full GC (Metadata GC Threshold) 2019-06-11T05:53:34.288+0000: 22.421: [Tenured: 35603K->44134K(341376K), 0.0514496 secs] 78085K->44134K(494976K), [Metaspace: 34594K->34594K(1079296K)], 0.0515243 secs] [Times: user=0.05 sys=0.00, real=0.06 secs] 
2019-06-11T05:53:41.081+0000: 29.214: [GC (Allocation Failure) 2019-06-11T05:53:41.081+0000: 29.214: [DefNew: 136576K->69K(153600K), 0.0017758 secs] 180710K->44204K(494976K), 0.0018331 secs] [Times: user=0.00 sys=0.00, real=0.00 secs] 
2019-06-11T05:53:47.911+0000: 36.043: [GC (Allocation Failure) 2019-06-11T05:53:47.911+0000: 36.043: [DefNew: 136645K->102K(153600K), 0.0017034 secs] 180780K->44237K(494976K), 0.0017647 secs] [Times: user=0.00 sys=0.00, real=0.00 secs] 
2019-06-11T05:53:54.737+0000: 42.870: [GC (Allocation Failure) 2019-06-11T05:53:54.737+0000: 42.870: [DefNew: 136678K->134K(153600K), 0.0017828 secs] 180813K->44269K(494976K), 0.0018442 secs] [Times: user=0.00 sys=0.00, real=0.00 secs] 
2019-06-11T05:54:01.734+0000: 49.866: [GC (Allocation Failure) 2019-06-11T05:54:01.734+0000: 49.867: [DefNew: 136710K->137K(153600K), 0.0018985 secs] 180845K->44272K(494976K), 0.0019603 secs] [Times: user=0.01 sys=0.00, real=0.00 secs] 
2019-06-11T05:54:09.720+0000: 57.853: [GC (Allocation Failure) 2019-06-11T05:54:09.720+0000: 57.853: [DefNew: 136713K->138K(153600K), 0.0140708 secs] 180848K->44273K(494976K), 0.0141310 secs] [Times: user=0.01 sys=0.01, real=0.01 secs] 
05:54:32.079 [Curator-PathChildrenCache-0] ERROR o.a.c.f.r.c.PathChildrenCache  - 
java.lang.IllegalStateException: instance must be started before calling this method
	at org.apache.curator.shaded.com.google.common.base.Preconditions.checkState(Preconditions.java:444)
	at org.apache.curator.framework.imps.CuratorFrameworkImpl.getChildren(CuratorFrameworkImpl.java:456)
	at org.apache.curator.framework.recipes.cache.PathChildrenCache.refresh(PathChildrenCache.java:521)
	at org.apache.curator.framework.recipes.cache.RefreshOperation.invoke(RefreshOperation.java:35)
	at org.apache.curator.framework.recipes.cache.PathChildrenCache$9.run(PathChildrenCache.java:786)
	at java.util.concurrent.Executors$RunnableAdapter.call(Executors.java:511)
	at java.util.concurrent.FutureTask.run(FutureTask.java:266)
	at java.util.concurrent.Executors$RunnableAdapter.call(Executors.java:511)
	at java.util.concurrent.FutureTask.run(FutureTask.java:266)
	at java.util.concurrent.ThreadPoolExecutor.runWorker(ThreadPoolExecutor.java:1149)
	at java.util.concurrent.ThreadPoolExecutor$Worker.run(ThreadPoolExecutor.java:624)
	at java.lang.Thread.run(Thread.java:748)
Heap
 def new generation   total 153600K, used 122301K [0x00000000e0c00000, 0x00000000eb2a0000, 0x00000000eb2a0000)
  eden space 136576K,  89% used [0x00000000e0c00000, 0x00000000e834cd30, 0x00000000e9160000)
  from space 17024K,   0% used [0x00000000e9160000, 0x00000000e9182a58, 0x00000000ea200000)
  to   space 17024K,   0% used [0x00000000ea200000, 0x00000000ea200000, 0x00000000eb2a0000)
 tenured generation   total 341376K, used 44134K [0x00000000eb2a0000, 0x0000000100000000, 0x0000000100000000)
   the space 341376K,  12% used [0x00000000eb2a0000, 0x00000000eddb9bb0, 0x00000000eddb9c00, 0x0000000100000000)
 Metaspace       used 36252K, capacity 37164K, committed 37376K, reserved 1081344K
  class space    used 4881K, capacity 5082K, committed 5120K, reserved 1048576K
