17:35:11,033 |-INFO in ch.qos.logback.classic.LoggerContext[default] - Could NOT find resource [logback-test.xml]
17:35:11,033 |-INFO in ch.qos.logback.classic.LoggerContext[default] - Could NOT find resource [logback.groovy]
17:35:11,033 |-INFO in ch.qos.logback.classic.LoggerContext[default] - Found resource [logback.xml] at [jar:file:/root/flamestream/lib/flamestream-runtime-1.0-SNAPSHOT.jar!/logback.xml]
17:35:11,034 |-WARN in ch.qos.logback.classic.LoggerContext[default] - Resource [logback.xml] occurs multiple times on the classpath.
17:35:11,034 |-WARN in ch.qos.logback.classic.LoggerContext[default] - Resource [logback.xml] occurs at [jar:file:/root/flamestream/lib/flamestream-runtime-1.0-SNAPSHOT.jar!/logback.xml]
17:35:11,034 |-WARN in ch.qos.logback.classic.LoggerContext[default] - Resource [logback.xml] occurs at [jar:file:/root/flamestream/flamestream-runtime-1.0-SNAPSHOT.jar!/logback.xml]
17:35:11,057 |-INFO in ch.qos.logback.core.joran.spi.ConfigurationWatchList@3fb6a447 - URL [jar:file:/root/flamestream/lib/flamestream-runtime-1.0-SNAPSHOT.jar!/logback.xml] is not of type file
17:35:11,125 |-INFO in ch.qos.logback.classic.joran.action.ConfigurationAction - debug attribute not set
17:35:11,125 |-INFO in ch.qos.logback.core.joran.action.AppenderAction - About to instantiate appender of type [ch.qos.logback.core.ConsoleAppender]
17:35:11,141 |-INFO in ch.qos.logback.core.joran.action.AppenderAction - Naming appender as [STDOUT]
17:35:11,154 |-INFO in ch.qos.logback.core.joran.action.NestedComplexPropertyIA - Assuming default type [ch.qos.logback.classic.encoder.PatternLayoutEncoder] for [encoder] property
17:35:11,258 |-INFO in ch.qos.logback.core.joran.action.AppenderAction - About to instantiate appender of type [ch.qos.logback.core.rolling.RollingFileAppender]
17:35:11,270 |-INFO in ch.qos.logback.core.joran.action.AppenderAction - Naming appender as [FILE]
17:35:11,297 |-INFO in c.q.l.core.rolling.TimeBasedRollingPolicy@127618319 - No compression will be used
17:35:11,298 |-INFO in c.q.l.core.rolling.TimeBasedRollingPolicy@127618319 - Will use the pattern /tmp/application_%d{yyyy-MM-dd}.%i.log for the active file
17:35:11,301 |-INFO in ch.qos.logback.core.rolling.SizeAndTimeBasedFNATP@6b2fad11 - The date pattern is 'yyyy-MM-dd' from file name pattern '/tmp/application_%d{yyyy-MM-dd}.%i.log'.
17:35:11,301 |-INFO in ch.qos.logback.core.rolling.SizeAndTimeBasedFNATP@6b2fad11 - Roll-over at midnight.
17:35:11,307 |-INFO in ch.qos.logback.core.rolling.SizeAndTimeBasedFNATP@6b2fad11 - Setting initial period to Mon Jun 10 17:33:41 UTC 2019
17:35:11,307 |-WARN in ch.qos.logback.core.rolling.SizeAndTimeBasedFNATP@6b2fad11 - SizeAndTimeBasedFNATP is deprecated. Use SizeAndTimeBasedRollingPolicy instead
17:35:11,307 |-WARN in ch.qos.logback.core.rolling.SizeAndTimeBasedFNATP@6b2fad11 - For more information see http://logback.qos.ch/manual/appenders.html#SizeAndTimeBasedRollingPolicy
17:35:11,311 |-INFO in ch.qos.logback.core.joran.action.NestedComplexPropertyIA - Assuming default type [ch.qos.logback.classic.encoder.PatternLayoutEncoder] for [encoder] property
17:35:11,316 |-INFO in ch.qos.logback.core.rolling.RollingFileAppender[FILE] - Active log file name: /tmp/application.log
17:35:11,316 |-INFO in ch.qos.logback.core.rolling.RollingFileAppender[FILE] - File property is set to [/tmp/application.log]
17:35:11,317 |-INFO in ch.qos.logback.classic.joran.action.RootLoggerAction - Setting level of ROOT logger to WARN
17:35:11,317 |-INFO in ch.qos.logback.core.joran.action.AppenderRefAction - Attaching appender named [STDOUT] to Logger[ROOT]
17:35:11,319 |-INFO in ch.qos.logback.core.joran.action.AppenderRefAction - Attaching appender named [FILE] to Logger[ROOT]
17:35:11,319 |-INFO in ch.qos.logback.classic.joran.action.ConfigurationAction - End of configuration.
17:35:11,319 |-INFO in ch.qos.logback.classic.joran.JoranConfigurator@79698539 - Registering current configuration as safe fallback point

Ama winner
Ama winner
2019-06-10T17:35:12.914+0000: 2.062: [Full GC (Metadata GC Threshold) 2019-06-10T17:35:12.914+0000: 2.062: [Tenured: 0K->15241K(341376K), 0.0370974 secs] 120418K->15241K(494976K), [Metaspace: 20732K->20732K(1067008K)], 0.0371771 secs] [Times: user=0.03 sys=0.00, real=0.04 secs] 
17:35:24.772 [Curator-PathChildrenCache-1] WARN  o.a.c.u.ZKPaths  - The version of ZooKeeper being used doesn't support Container nodes. CreateMode.PERSISTENT will be used instead.
2019-06-10T17:35:27.334+0000: 16.483: [GC (Allocation Failure) 2019-06-10T17:35:27.335+0000: 16.483: [DefNew: 136576K->17023K(153600K), 0.0270795 secs] 151817K->52730K(494976K), 0.0271513 secs] [Times: user=0.01 sys=0.02, real=0.02 secs] 
2019-06-10T17:35:34.081+0000: 23.230: [Full GC (Metadata GC Threshold) 2019-06-10T17:35:34.081+0000: 23.230: [Tenured: 35706K->44309K(341376K), 0.0631189 secs] 187683K->44309K(494976K), [Metaspace: 34583K->34583K(1079296K)], 0.0631961 secs] [Times: user=0.06 sys=0.01, real=0.06 secs] 
2019-06-10T17:35:41.009+0000: 30.158: [GC (Allocation Failure) 2019-06-10T17:35:41.009+0000: 30.158: [DefNew: 136576K->50K(153600K), 0.0017842 secs] 180885K->44360K(494976K), 0.0018437 secs] [Times: user=0.00 sys=0.00, real=0.00 secs] 
2019-06-10T17:35:47.904+0000: 37.053: [GC (Allocation Failure) 2019-06-10T17:35:47.904+0000: 37.053: [DefNew: 136626K->54K(153600K), 0.0016134 secs] 180936K->44364K(494976K), 0.0016903 secs] [Times: user=0.01 sys=0.00, real=0.00 secs] 
2019-06-10T17:35:54.919+0000: 44.068: [GC (Allocation Failure) 2019-06-10T17:35:54.919+0000: 44.068: [DefNew: 136630K->53K(153600K), 0.0017165 secs] 180940K->44363K(494976K), 0.0017770 secs] [Times: user=0.01 sys=0.00, real=0.00 secs] 
2019-06-10T17:36:01.935+0000: 51.083: [GC (Allocation Failure) 2019-06-10T17:36:01.935+0000: 51.083: [DefNew: 136629K->60K(153600K), 0.0018436 secs] 180939K->44370K(494976K), 0.0019114 secs] [Times: user=0.00 sys=0.00, real=0.00 secs] 
2019-06-10T17:36:12.808+0000: 61.956: [GC (Allocation Failure) 2019-06-10T17:36:12.808+0000: 61.957: [DefNew: 136636K->256K(153600K), 0.0019422 secs] 180946K->44565K(494976K), 0.0019947 secs] [Times: user=0.00 sys=0.00, real=0.00 secs] 
17:36:14.657 [Curator-PathChildrenCache-0] ERROR o.a.c.f.r.c.PathChildrenCache  - 
java.lang.IllegalStateException: instance must be started before calling this method
	at org.apache.curator.shaded.com.google.common.base.Preconditions.checkState(Preconditions.java:444)
	at org.apache.curator.framework.imps.CuratorFrameworkImpl.getChildren(CuratorFrameworkImpl.java:456)
	at org.apache.curator.framework.recipes.cache.PathChildrenCache.refresh(PathChildrenCache.java:521)
	at org.apache.curator.framework.recipes.cache.RefreshOperation.invoke(RefreshOperation.java:35)
	at org.apache.curator.framework.recipes.cache.PathChildrenCache$9.run(PathChildrenCache.java:786)
	at java.util.concurrent.Executors$RunnableAdapter.call(Executors.java:511)
	at java.util.concurrent.FutureTask.run(FutureTask.java:266)
	at java.util.concurrent.Executors$RunnableAdapter.call(Executors.java:511)
	at java.util.concurrent.FutureTask.run(FutureTask.java:266)
	at java.util.concurrent.ThreadPoolExecutor.runWorker(ThreadPoolExecutor.java:1149)
	at java.util.concurrent.ThreadPoolExecutor$Worker.run(ThreadPoolExecutor.java:624)
	at java.lang.Thread.run(Thread.java:748)
Heap
 def new generation   total 153600K, used 23283K [0x00000000e0c00000, 0x00000000eb2a0000, 0x00000000eb2a0000)
  eden space 136576K,  16% used [0x00000000e0c00000, 0x00000000e227cd10, 0x00000000e9160000)
  from space 17024K,   1% used [0x00000000e9160000, 0x00000000e91a0060, 0x00000000ea200000)
  to   space 17024K,   0% used [0x00000000ea200000, 0x00000000ea200000, 0x00000000eb2a0000)
 tenured generation   total 341376K, used 44309K [0x00000000eb2a0000, 0x0000000100000000, 0x0000000100000000)
   the space 341376K,  12% used [0x00000000eb2a0000, 0x00000000edde5718, 0x00000000edde5800, 0x0000000100000000)
 Metaspace       used 36013K, capacity 36928K, committed 37120K, reserved 1081344K
  class space    used 4855K, capacity 5074K, committed 5120K, reserved 1048576K
