07:14:31,529 |-INFO in ch.qos.logback.classic.LoggerContext[default] - Could NOT find resource [logback-test.xml]
07:14:31,529 |-INFO in ch.qos.logback.classic.LoggerContext[default] - Could NOT find resource [logback.groovy]
07:14:31,529 |-INFO in ch.qos.logback.classic.LoggerContext[default] - Found resource [logback.xml] at [jar:file:/root/flamestream/lib/flamestream-runtime-1.0-SNAPSHOT.jar!/logback.xml]
07:14:31,530 |-WARN in ch.qos.logback.classic.LoggerContext[default] - Resource [logback.xml] occurs multiple times on the classpath.
07:14:31,530 |-WARN in ch.qos.logback.classic.LoggerContext[default] - Resource [logback.xml] occurs at [jar:file:/root/flamestream/lib/flamestream-runtime-1.0-SNAPSHOT.jar!/logback.xml]
07:14:31,530 |-WARN in ch.qos.logback.classic.LoggerContext[default] - Resource [logback.xml] occurs at [jar:file:/root/flamestream/flamestream-runtime-1.0-SNAPSHOT.jar!/logback.xml]
07:14:31,550 |-INFO in ch.qos.logback.core.joran.spi.ConfigurationWatchList@3fb6a447 - URL [jar:file:/root/flamestream/lib/flamestream-runtime-1.0-SNAPSHOT.jar!/logback.xml] is not of type file
07:14:31,623 |-INFO in ch.qos.logback.classic.joran.action.ConfigurationAction - debug attribute not set
07:14:31,624 |-INFO in ch.qos.logback.core.joran.action.AppenderAction - About to instantiate appender of type [ch.qos.logback.core.ConsoleAppender]
07:14:31,640 |-INFO in ch.qos.logback.core.joran.action.AppenderAction - Naming appender as [STDOUT]
07:14:31,657 |-INFO in ch.qos.logback.core.joran.action.NestedComplexPropertyIA - Assuming default type [ch.qos.logback.classic.encoder.PatternLayoutEncoder] for [encoder] property
07:14:31,740 |-INFO in ch.qos.logback.core.joran.action.AppenderAction - About to instantiate appender of type [ch.qos.logback.core.rolling.RollingFileAppender]
07:14:31,746 |-INFO in ch.qos.logback.core.joran.action.AppenderAction - Naming appender as [FILE]
07:14:31,779 |-INFO in c.q.l.core.rolling.TimeBasedRollingPolicy@127618319 - No compression will be used
07:14:31,780 |-INFO in c.q.l.core.rolling.TimeBasedRollingPolicy@127618319 - Will use the pattern /tmp/application_%d{yyyy-MM-dd}.%i.log for the active file
07:14:31,783 |-INFO in ch.qos.logback.core.rolling.SizeAndTimeBasedFNATP@6b2fad11 - The date pattern is 'yyyy-MM-dd' from file name pattern '/tmp/application_%d{yyyy-MM-dd}.%i.log'.
07:14:31,783 |-INFO in ch.qos.logback.core.rolling.SizeAndTimeBasedFNATP@6b2fad11 - Roll-over at midnight.
07:14:31,789 |-INFO in ch.qos.logback.core.rolling.SizeAndTimeBasedFNATP@6b2fad11 - Setting initial period to Tue Jun 11 07:12:56 UTC 2019
07:14:31,789 |-WARN in ch.qos.logback.core.rolling.SizeAndTimeBasedFNATP@6b2fad11 - SizeAndTimeBasedFNATP is deprecated. Use SizeAndTimeBasedRollingPolicy instead
07:14:31,789 |-WARN in ch.qos.logback.core.rolling.SizeAndTimeBasedFNATP@6b2fad11 - For more information see http://logback.qos.ch/manual/appenders.html#SizeAndTimeBasedRollingPolicy
07:14:31,793 |-INFO in ch.qos.logback.core.joran.action.NestedComplexPropertyIA - Assuming default type [ch.qos.logback.classic.encoder.PatternLayoutEncoder] for [encoder] property
07:14:31,798 |-INFO in ch.qos.logback.core.rolling.RollingFileAppender[FILE] - Active log file name: /tmp/application.log
07:14:31,798 |-INFO in ch.qos.logback.core.rolling.RollingFileAppender[FILE] - File property is set to [/tmp/application.log]
07:14:31,799 |-INFO in ch.qos.logback.classic.joran.action.RootLoggerAction - Setting level of ROOT logger to WARN
07:14:31,799 |-INFO in ch.qos.logback.core.joran.action.AppenderRefAction - Attaching appender named [STDOUT] to Logger[ROOT]
07:14:31,801 |-INFO in ch.qos.logback.core.joran.action.AppenderRefAction - Attaching appender named [FILE] to Logger[ROOT]
07:14:31,801 |-INFO in ch.qos.logback.classic.joran.action.ConfigurationAction - End of configuration.
07:14:31,801 |-INFO in ch.qos.logback.classic.joran.JoranConfigurator@79698539 - Registering current configuration as safe fallback point

Ama winner
Ama winner
2019-06-11T07:14:33.145+0000: 1.808: [Full GC (Metadata GC Threshold) 2019-06-11T07:14:33.145+0000: 1.808: [Tenured: 0K->15240K(341376K), 0.0411807 secs] 114987K->15240K(494976K), [Metaspace: 20730K->20730K(1067008K)], 0.0412690 secs] [Times: user=0.03 sys=0.01, real=0.04 secs] 
2019-06-11T07:15:10.072+0000: 38.735: [GC (Allocation Failure) 2019-06-11T07:15:10.072+0000: 38.735: [DefNew: 117795K->16463K(153600K), 0.0207527 secs] 133035K->31703K(494976K), 0.0208272 secs] [Times: user=0.02 sys=0.00, real=0.02 secs] 
2019-06-11T07:15:12.253+0000: 40.916: [Full GC (Metadata GC Threshold) 2019-06-11T07:15:12.253+0000: 40.916: [Tenured: 15240K->43271K(341376K), 0.0549802 secs] 101453K->43271K(494976K), [Metaspace: 34577K->34577K(1079296K)], 0.0550674 secs] [Times: user=0.05 sys=0.01, real=0.05 secs] 
2019-06-11T07:15:18.291+0000: 46.954: [GC (Allocation Failure) 2019-06-11T07:15:18.291+0000: 46.954: [DefNew: 136576K->100K(153600K), 0.0019365 secs] 179847K->43371K(494976K), 0.0019960 secs] [Times: user=0.00 sys=0.00, real=0.00 secs] 
2019-06-11T07:15:24.103+0000: 52.766: [GC (Allocation Failure) 2019-06-11T07:15:24.103+0000: 52.766: [DefNew: 136676K->98K(153600K), 0.0017981 secs] 179947K->43370K(494976K), 0.0018781 secs] [Times: user=0.01 sys=0.00, real=0.00 secs] 
2019-06-11T07:15:29.991+0000: 58.654: [GC (Allocation Failure) 2019-06-11T07:15:29.991+0000: 58.654: [DefNew: 136674K->101K(153600K), 0.0018654 secs] 179946K->43373K(494976K), 0.0019243 secs] [Times: user=0.00 sys=0.00, real=0.00 secs] 
2019-06-11T07:15:36.033+0000: 64.696: [GC (Allocation Failure) 2019-06-11T07:15:36.033+0000: 64.696: [DefNew: 136677K->426K(153600K), 0.0022490 secs] 179949K->43698K(494976K), 0.0023393 secs] [Times: user=0.00 sys=0.00, real=0.00 secs] 
2019-06-11T07:15:42.691+0000: 71.354: [GC (Allocation Failure) 2019-06-11T07:15:42.691+0000: 71.354: [DefNew: 137002K->181K(153600K), 0.0020972 secs] 180274K->43452K(494976K), 0.0021591 secs] [Times: user=0.00 sys=0.00, real=0.00 secs] 
07:15:58.811 [Curator-PathChildrenCache-0] ERROR o.a.c.f.r.c.PathChildrenCache  - 
java.lang.IllegalStateException: instance must be started before calling this method
	at org.apache.curator.shaded.com.google.common.base.Preconditions.checkState(Preconditions.java:444)
	at org.apache.curator.framework.imps.CuratorFrameworkImpl.getChildren(CuratorFrameworkImpl.java:456)
	at org.apache.curator.framework.recipes.cache.PathChildrenCache.refresh(PathChildrenCache.java:521)
	at org.apache.curator.framework.recipes.cache.RefreshOperation.invoke(RefreshOperation.java:35)
	at org.apache.curator.framework.recipes.cache.PathChildrenCache$9.run(PathChildrenCache.java:786)
	at java.util.concurrent.Executors$RunnableAdapter.call(Executors.java:511)
	at java.util.concurrent.FutureTask.run(FutureTask.java:266)
	at java.util.concurrent.Executors$RunnableAdapter.call(Executors.java:511)
	at java.util.concurrent.FutureTask.run(FutureTask.java:266)
	at java.util.concurrent.ThreadPoolExecutor.runWorker(ThreadPoolExecutor.java:1149)
	at java.util.concurrent.ThreadPoolExecutor$Worker.run(ThreadPoolExecutor.java:624)
	at java.lang.Thread.run(Thread.java:748)
Heap
 def new generation   total 153600K, used 75939K [0x00000000e0c00000, 0x00000000eb2a0000, 0x00000000eb2a0000)
  eden space 136576K,  55% used [0x00000000e0c00000, 0x00000000e55fb970, 0x00000000e9160000)
  from space 17024K,   1% used [0x00000000e9160000, 0x00000000e918d540, 0x00000000ea200000)
  to   space 17024K,   0% used [0x00000000ea200000, 0x00000000ea200000, 0x00000000eb2a0000)
 tenured generation   total 341376K, used 43271K [0x00000000eb2a0000, 0x0000000100000000, 0x0000000100000000)
   the space 341376K,  12% used [0x00000000eb2a0000, 0x00000000edce1e90, 0x00000000edce2000, 0x0000000100000000)
 Metaspace       used 36101K, capacity 37026K, committed 37120K, reserved 1081344K
  class space    used 4877K, capacity 5091K, committed 5120K, reserved 1048576K
