15:39:15,873 |-INFO in ch.qos.logback.classic.LoggerContext[default] - Could NOT find resource [logback-test.xml]
15:39:15,873 |-INFO in ch.qos.logback.classic.LoggerContext[default] - Could NOT find resource [logback.groovy]
15:39:15,874 |-INFO in ch.qos.logback.classic.LoggerContext[default] - Found resource [logback.xml] at [jar:file:/root/flamestream/lib/flamestream-runtime-1.0-SNAPSHOT.jar!/logback.xml]
15:39:15,874 |-WARN in ch.qos.logback.classic.LoggerContext[default] - Resource [logback.xml] occurs multiple times on the classpath.
15:39:15,875 |-WARN in ch.qos.logback.classic.LoggerContext[default] - Resource [logback.xml] occurs at [jar:file:/root/flamestream/lib/flamestream-runtime-1.0-SNAPSHOT.jar!/logback.xml]
15:39:15,875 |-WARN in ch.qos.logback.classic.LoggerContext[default] - Resource [logback.xml] occurs at [jar:file:/root/flamestream/flamestream-runtime-1.0-SNAPSHOT.jar!/logback.xml]
15:39:15,895 |-INFO in ch.qos.logback.core.joran.spi.ConfigurationWatchList@3fb6a447 - URL [jar:file:/root/flamestream/lib/flamestream-runtime-1.0-SNAPSHOT.jar!/logback.xml] is not of type file
15:39:15,963 |-INFO in ch.qos.logback.classic.joran.action.ConfigurationAction - debug attribute not set
15:39:15,964 |-INFO in ch.qos.logback.core.joran.action.AppenderAction - About to instantiate appender of type [ch.qos.logback.core.ConsoleAppender]
15:39:15,980 |-INFO in ch.qos.logback.core.joran.action.AppenderAction - Naming appender as [STDOUT]
15:39:15,997 |-INFO in ch.qos.logback.core.joran.action.NestedComplexPropertyIA - Assuming default type [ch.qos.logback.classic.encoder.PatternLayoutEncoder] for [encoder] property
15:39:16,099 |-INFO in ch.qos.logback.core.joran.action.AppenderAction - About to instantiate appender of type [ch.qos.logback.core.rolling.RollingFileAppender]
15:39:16,106 |-INFO in ch.qos.logback.core.joran.action.AppenderAction - Naming appender as [FILE]
15:39:16,143 |-INFO in c.q.l.core.rolling.TimeBasedRollingPolicy@127618319 - No compression will be used
15:39:16,144 |-INFO in c.q.l.core.rolling.TimeBasedRollingPolicy@127618319 - Will use the pattern /tmp/application_%d{yyyy-MM-dd}.%i.log for the active file
15:39:16,147 |-INFO in ch.qos.logback.core.rolling.SizeAndTimeBasedFNATP@6b2fad11 - The date pattern is 'yyyy-MM-dd' from file name pattern '/tmp/application_%d{yyyy-MM-dd}.%i.log'.
15:39:16,147 |-INFO in ch.qos.logback.core.rolling.SizeAndTimeBasedFNATP@6b2fad11 - Roll-over at midnight.
15:39:16,152 |-INFO in ch.qos.logback.core.rolling.SizeAndTimeBasedFNATP@6b2fad11 - Setting initial period to Mon Jun 10 15:37:56 UTC 2019
15:39:16,152 |-WARN in ch.qos.logback.core.rolling.SizeAndTimeBasedFNATP@6b2fad11 - SizeAndTimeBasedFNATP is deprecated. Use SizeAndTimeBasedRollingPolicy instead
15:39:16,152 |-WARN in ch.qos.logback.core.rolling.SizeAndTimeBasedFNATP@6b2fad11 - For more information see http://logback.qos.ch/manual/appenders.html#SizeAndTimeBasedRollingPolicy
15:39:16,156 |-INFO in ch.qos.logback.core.joran.action.NestedComplexPropertyIA - Assuming default type [ch.qos.logback.classic.encoder.PatternLayoutEncoder] for [encoder] property
15:39:16,161 |-INFO in ch.qos.logback.core.rolling.RollingFileAppender[FILE] - Active log file name: /tmp/application.log
15:39:16,161 |-INFO in ch.qos.logback.core.rolling.RollingFileAppender[FILE] - File property is set to [/tmp/application.log]
15:39:16,162 |-INFO in ch.qos.logback.classic.joran.action.RootLoggerAction - Setting level of ROOT logger to WARN
15:39:16,162 |-INFO in ch.qos.logback.core.joran.action.AppenderRefAction - Attaching appender named [STDOUT] to Logger[ROOT]
15:39:16,164 |-INFO in ch.qos.logback.core.joran.action.AppenderRefAction - Attaching appender named [FILE] to Logger[ROOT]
15:39:16,164 |-INFO in ch.qos.logback.classic.joran.action.ConfigurationAction - End of configuration.
15:39:16,165 |-INFO in ch.qos.logback.classic.joran.JoranConfigurator@79698539 - Registering current configuration as safe fallback point

Ama winner
Ama winner
2019-06-10T15:39:17.471+0000: 1.786: [Full GC (Metadata GC Threshold) 2019-06-10T15:39:17.471+0000: 1.786: [Tenured: 0K->15240K(341376K), 0.0429737 secs] 114987K->15240K(494976K), [Metaspace: 20729K->20729K(1067008K)], 0.0430478 secs] [Times: user=0.03 sys=0.01, real=0.04 secs] 
15:39:31.014 [Curator-PathChildrenCache-1] WARN  o.a.c.u.ZKPaths  - The version of ZooKeeper being used doesn't support Container nodes. CreateMode.PERSISTENT will be used instead.
2019-06-10T15:39:33.400+0000: 17.714: [GC (Allocation Failure) 2019-06-10T15:39:33.400+0000: 17.714: [DefNew: 136576K->17024K(153600K), 0.0315189 secs] 151816K->52525K(494976K), 0.0315933 secs] [Times: user=0.02 sys=0.00, real=0.03 secs] 
2019-06-10T15:39:34.419+0000: 18.734: [Full GC (Metadata GC Threshold) 2019-06-10T15:39:34.419+0000: 18.734: [Tenured: 35501K->44374K(341376K), 0.0407102 secs] 76778K->44374K(494976K), [Metaspace: 34538K->34538K(1079296K)], 0.0407855 secs] [Times: user=0.03 sys=0.00, real=0.04 secs] 
2019-06-10T15:39:41.258+0000: 25.573: [GC (Allocation Failure) 2019-06-10T15:39:41.258+0000: 25.573: [DefNew: 136576K->104K(153600K), 0.0019440 secs] 180950K->44479K(494976K), 0.0020034 secs] [Times: user=0.00 sys=0.00, real=0.00 secs] 
2019-06-10T15:39:48.042+0000: 32.357: [GC (Allocation Failure) 2019-06-10T15:39:48.042+0000: 32.357: [DefNew: 136680K->135K(153600K), 0.0019357 secs] 181055K->44510K(494976K), 0.0020005 secs] [Times: user=0.00 sys=0.00, real=0.00 secs] 
2019-06-10T15:39:54.909+0000: 39.224: [GC (Allocation Failure) 2019-06-10T15:39:54.909+0000: 39.224: [DefNew: 136711K->135K(153600K), 0.0019758 secs] 181086K->44510K(494976K), 0.0020478 secs] [Times: user=0.00 sys=0.00, real=0.00 secs] 
2019-06-10T15:40:01.875+0000: 46.190: [GC (Allocation Failure) 2019-06-10T15:40:01.875+0000: 46.190: [DefNew: 136711K->138K(153600K), 0.0019857 secs] 181086K->44513K(494976K), 0.0020476 secs] [Times: user=0.00 sys=0.00, real=0.01 secs] 
2019-06-10T15:40:08.882+0000: 53.197: [GC (Allocation Failure) 2019-06-10T15:40:08.882+0000: 53.197: [DefNew: 136714K->138K(153600K), 0.0019544 secs] 181089K->44513K(494976K), 0.0020158 secs] [Times: user=0.00 sys=0.00, real=0.00 secs] 
2019-06-10T15:40:20.341+0000: 64.656: [GC (Allocation Failure) 2019-06-10T15:40:20.341+0000: 64.656: [DefNew: 136714K->477K(153600K), 0.0025227 secs] 181089K->44851K(494976K), 0.0025882 secs] [Times: user=0.00 sys=0.00, real=0.00 secs] 
15:40:24.124 [Curator-PathChildrenCache-0] ERROR o.a.c.f.r.c.PathChildrenCache  - 
java.lang.IllegalStateException: instance must be started before calling this method
	at org.apache.curator.shaded.com.google.common.base.Preconditions.checkState(Preconditions.java:444)
	at org.apache.curator.framework.imps.CuratorFrameworkImpl.getChildren(CuratorFrameworkImpl.java:456)
	at org.apache.curator.framework.recipes.cache.PathChildrenCache.refresh(PathChildrenCache.java:521)
	at org.apache.curator.framework.recipes.cache.RefreshOperation.invoke(RefreshOperation.java:35)
	at org.apache.curator.framework.recipes.cache.PathChildrenCache$9.run(PathChildrenCache.java:786)
	at java.util.concurrent.Executors$RunnableAdapter.call(Executors.java:511)
	at java.util.concurrent.FutureTask.run(FutureTask.java:266)
	at java.util.concurrent.Executors$RunnableAdapter.call(Executors.java:511)
	at java.util.concurrent.FutureTask.run(FutureTask.java:266)
	at java.util.concurrent.ThreadPoolExecutor.runWorker(ThreadPoolExecutor.java:1149)
	at java.util.concurrent.ThreadPoolExecutor$Worker.run(ThreadPoolExecutor.java:624)
	at java.lang.Thread.run(Thread.java:748)
Heap
 def new generation   total 153600K, used 32110K [0x00000000e0c00000, 0x00000000eb2a0000, 0x00000000eb2a0000)
  eden space 136576K,  23% used [0x00000000e0c00000, 0x00000000e2ae4738, 0x00000000e9160000)
  from space 17024K,   2% used [0x00000000ea200000, 0x00000000ea277480, 0x00000000eb2a0000)
  to   space 17024K,   0% used [0x00000000e9160000, 0x00000000e9160000, 0x00000000ea200000)
 tenured generation   total 341376K, used 44374K [0x00000000eb2a0000, 0x0000000100000000, 0x0000000100000000)
   the space 341376K,  12% used [0x00000000eb2a0000, 0x00000000eddf5a50, 0x00000000eddf5c00, 0x0000000100000000)
 Metaspace       used 36211K, capacity 37100K, committed 37376K, reserved 1081344K
  class space    used 4885K, capacity 5082K, committed 5120K, reserved 1048576K
