09:37:50,837 |-INFO in ch.qos.logback.classic.LoggerContext[default] - Could NOT find resource [logback-test.xml]
09:37:50,837 |-INFO in ch.qos.logback.classic.LoggerContext[default] - Could NOT find resource [logback.groovy]
09:37:50,837 |-INFO in ch.qos.logback.classic.LoggerContext[default] - Found resource [logback.xml] at [jar:file:/root/flamestream/lib/flamestream-runtime-1.0-SNAPSHOT.jar!/logback.xml]
09:37:50,837 |-WARN in ch.qos.logback.classic.LoggerContext[default] - Resource [logback.xml] occurs multiple times on the classpath.
09:37:50,837 |-WARN in ch.qos.logback.classic.LoggerContext[default] - Resource [logback.xml] occurs at [jar:file:/root/flamestream/lib/flamestream-runtime-1.0-SNAPSHOT.jar!/logback.xml]
09:37:50,837 |-WARN in ch.qos.logback.classic.LoggerContext[default] - Resource [logback.xml] occurs at [jar:file:/root/flamestream/flamestream-runtime-1.0-SNAPSHOT.jar!/logback.xml]
09:37:50,860 |-INFO in ch.qos.logback.core.joran.spi.ConfigurationWatchList@3fb6a447 - URL [jar:file:/root/flamestream/lib/flamestream-runtime-1.0-SNAPSHOT.jar!/logback.xml] is not of type file
09:37:50,928 |-INFO in ch.qos.logback.classic.joran.action.ConfigurationAction - debug attribute not set
09:37:50,929 |-INFO in ch.qos.logback.core.joran.action.AppenderAction - About to instantiate appender of type [ch.qos.logback.core.ConsoleAppender]
09:37:50,949 |-INFO in ch.qos.logback.core.joran.action.AppenderAction - Naming appender as [STDOUT]
09:37:50,959 |-INFO in ch.qos.logback.core.joran.action.NestedComplexPropertyIA - Assuming default type [ch.qos.logback.classic.encoder.PatternLayoutEncoder] for [encoder] property
09:37:51,058 |-INFO in ch.qos.logback.core.joran.action.AppenderAction - About to instantiate appender of type [ch.qos.logback.core.rolling.RollingFileAppender]
09:37:51,069 |-INFO in ch.qos.logback.core.joran.action.AppenderAction - Naming appender as [FILE]
09:37:51,102 |-INFO in c.q.l.core.rolling.TimeBasedRollingPolicy@127618319 - No compression will be used
09:37:51,104 |-INFO in c.q.l.core.rolling.TimeBasedRollingPolicy@127618319 - Will use the pattern /tmp/application_%d{yyyy-MM-dd}.%i.log for the active file
09:37:51,106 |-INFO in ch.qos.logback.core.rolling.SizeAndTimeBasedFNATP@6b2fad11 - The date pattern is 'yyyy-MM-dd' from file name pattern '/tmp/application_%d{yyyy-MM-dd}.%i.log'.
09:37:51,106 |-INFO in ch.qos.logback.core.rolling.SizeAndTimeBasedFNATP@6b2fad11 - Roll-over at midnight.
09:37:51,112 |-INFO in ch.qos.logback.core.rolling.SizeAndTimeBasedFNATP@6b2fad11 - Setting initial period to Tue Jun 11 09:36:32 UTC 2019
09:37:51,112 |-WARN in ch.qos.logback.core.rolling.SizeAndTimeBasedFNATP@6b2fad11 - SizeAndTimeBasedFNATP is deprecated. Use SizeAndTimeBasedRollingPolicy instead
09:37:51,112 |-WARN in ch.qos.logback.core.rolling.SizeAndTimeBasedFNATP@6b2fad11 - For more information see http://logback.qos.ch/manual/appenders.html#SizeAndTimeBasedRollingPolicy
09:37:51,116 |-INFO in ch.qos.logback.core.joran.action.NestedComplexPropertyIA - Assuming default type [ch.qos.logback.classic.encoder.PatternLayoutEncoder] for [encoder] property
09:37:51,121 |-INFO in ch.qos.logback.core.rolling.RollingFileAppender[FILE] - Active log file name: /tmp/application.log
09:37:51,121 |-INFO in ch.qos.logback.core.rolling.RollingFileAppender[FILE] - File property is set to [/tmp/application.log]
09:37:51,122 |-INFO in ch.qos.logback.classic.joran.action.RootLoggerAction - Setting level of ROOT logger to WARN
09:37:51,122 |-INFO in ch.qos.logback.core.joran.action.AppenderRefAction - Attaching appender named [STDOUT] to Logger[ROOT]
09:37:51,124 |-INFO in ch.qos.logback.core.joran.action.AppenderRefAction - Attaching appender named [FILE] to Logger[ROOT]
09:37:51,124 |-INFO in ch.qos.logback.classic.joran.action.ConfigurationAction - End of configuration.
09:37:51,124 |-INFO in ch.qos.logback.classic.joran.JoranConfigurator@79698539 - Registering current configuration as safe fallback point

Ama winner
Ama winner
2019-06-11T09:37:52.405+0000: 1.751: [Full GC (Metadata GC Threshold) 2019-06-11T09:37:52.405+0000: 1.751: [Tenured: 0K->15207K(341376K), 0.0346226 secs] 112223K->15207K(494976K), [Metaspace: 20733K->20733K(1067008K)], 0.0346834 secs] [Times: user=0.03 sys=0.01, real=0.03 secs] 
09:38:09.120 [Curator-PathChildrenCache-2] WARN  o.a.c.u.ZKPaths  - The version of ZooKeeper being used doesn't support Container nodes. CreateMode.PERSISTENT will be used instead.
2019-06-11T09:38:12.573+0000: 21.920: [GC (Allocation Failure) 2019-06-11T09:38:12.573+0000: 21.920: [DefNew: 136576K->17024K(153600K), 0.0359112 secs] 151783K->52156K(494976K), 0.0359838 secs] [Times: user=0.02 sys=0.02, real=0.03 secs] 
2019-06-11T09:38:13.368+0000: 22.715: [Full GC (Metadata GC Threshold) 2019-06-11T09:38:13.368+0000: 22.715: [Tenured: 35132K->42773K(341376K), 0.0737805 secs] 77497K->42773K(494976K), [Metaspace: 34631K->34631K(1079296K)], 0.0738507 secs] [Times: user=0.06 sys=0.01, real=0.07 secs] 
2019-06-11T09:38:16.719+0000: 26.065: [GC (Allocation Failure) 2019-06-11T09:38:16.719+0000: 26.065: [DefNew: 136576K->455K(153600K), 0.0029977 secs] 179349K->43228K(494976K), 0.0030536 secs] [Times: user=0.01 sys=0.00, real=0.00 secs] 
2019-06-11T09:38:18.953+0000: 28.300: [GC (Allocation Failure) 2019-06-11T09:38:18.953+0000: 28.300: [DefNew: 137031K->642K(153600K), 0.0029061 secs] 179804K->43416K(494976K), 0.0029610 secs] [Times: user=0.01 sys=0.00, real=0.00 secs] 
2019-06-11T09:38:22.071+0000: 31.418: [GC (Allocation Failure) 2019-06-11T09:38:22.071+0000: 31.418: [DefNew: 137218K->720K(153600K), 0.0029626 secs] 179992K->43493K(494976K), 0.0030195 secs] [Times: user=0.00 sys=0.00, real=0.00 secs] 
2019-06-11T09:38:26.601+0000: 35.948: [GC (Allocation Failure) 2019-06-11T09:38:26.602+0000: 35.948: [DefNew: 137296K->832K(153600K), 0.0027033 secs] 180069K->43605K(494976K), 0.0027576 secs] [Times: user=0.00 sys=0.00, real=0.01 secs] 
2019-06-11T09:38:30.813+0000: 40.159: [GC (Allocation Failure) 2019-06-11T09:38:30.813+0000: 40.159: [DefNew: 137408K->828K(153600K), 0.0027900 secs] 180181K->43601K(494976K), 0.0028496 secs] [Times: user=0.01 sys=0.00, real=0.00 secs] 
2019-06-11T09:38:35.793+0000: 45.139: [GC (Allocation Failure) 2019-06-11T09:38:35.793+0000: 45.139: [DefNew: 137404K->892K(153600K), 0.0028345 secs] 180177K->43665K(494976K), 0.0028932 secs] [Times: user=0.00 sys=0.00, real=0.00 secs] 
2019-06-11T09:38:39.864+0000: 49.211: [GC (Allocation Failure) 2019-06-11T09:38:39.864+0000: 49.211: [DefNew: 137468K->960K(153600K), 0.0030637 secs] 180241K->43733K(494976K), 0.0031202 secs] [Times: user=0.00 sys=0.00, real=0.00 secs] 
2019-06-11T09:38:43.873+0000: 53.219: [GC (Allocation Failure) 2019-06-11T09:38:43.873+0000: 53.220: [DefNew: 137536K->987K(153600K), 0.0029288 secs] 180309K->43760K(494976K), 0.0030025 secs] [Times: user=0.00 sys=0.00, real=0.00 secs] 
2019-06-11T09:38:47.182+0000: 56.529: [GC (Allocation Failure) 2019-06-11T09:38:47.182+0000: 56.529: [DefNew: 137563K->990K(153600K), 0.0027762 secs] 180336K->43763K(494976K), 0.0028502 secs] [Times: user=0.00 sys=0.00, real=0.01 secs] 
2019-06-11T09:38:50.765+0000: 60.111: [GC (Allocation Failure) 2019-06-11T09:38:50.765+0000: 60.111: [DefNew: 137566K->1203K(153600K), 0.0032608 secs] 180339K->43976K(494976K), 0.0033224 secs] [Times: user=0.00 sys=0.00, real=0.00 secs] 
2019-06-11T09:38:55.104+0000: 64.451: [GC (Allocation Failure) 2019-06-11T09:38:55.104+0000: 64.451: [DefNew: 137779K->1272K(153600K), 0.0032031 secs] 180552K->44045K(494976K), 0.0032644 secs] [Times: user=0.00 sys=0.00, real=0.00 secs] 
2019-06-11T09:38:58.885+0000: 68.231: [GC (Allocation Failure) 2019-06-11T09:38:58.885+0000: 68.231: [DefNew: 137848K->1334K(153600K), 0.0034879 secs] 180621K->44107K(494976K), 0.0035530 secs] [Times: user=0.00 sys=0.00, real=0.00 secs] 
2019-06-11T09:39:02.781+0000: 72.127: [GC (Allocation Failure) 2019-06-11T09:39:02.781+0000: 72.128: [DefNew: 137910K->1701K(153600K), 0.0039658 secs] 180683K->44475K(494976K), 0.0040237 secs] [Times: user=0.00 sys=0.00, real=0.01 secs] 
2019-06-11T09:39:06.224+0000: 75.570: [GC (Allocation Failure) 2019-06-11T09:39:06.224+0000: 75.571: [DefNew: 138277K->1257K(153600K), 0.0031781 secs] 181051K->44031K(494976K), 0.0032687 secs] [Times: user=0.00 sys=0.00, real=0.00 secs] 
2019-06-11T09:39:10.021+0000: 79.367: [GC (Allocation Failure) 2019-06-11T09:39:10.021+0000: 79.367: [DefNew: 137833K->1406K(153600K), 0.0035501 secs] 180607K->44179K(494976K), 0.0036062 secs] [Times: user=0.00 sys=0.00, real=0.01 secs] 
2019-06-11T09:39:13.865+0000: 83.211: [GC (Allocation Failure) 2019-06-11T09:39:13.865+0000: 83.211: [DefNew: 137982K->981K(153600K), 0.0033595 secs] 180755K->44121K(494976K), 0.0034152 secs] [Times: user=0.01 sys=0.00, real=0.00 secs] 
2019-06-11T09:39:17.102+0000: 86.448: [GC (Allocation Failure) 2019-06-11T09:39:17.102+0000: 86.448: [DefNew: 137557K->848K(153600K), 0.0030594 secs] 180697K->44103K(494976K), 0.0031129 secs] [Times: user=0.00 sys=0.00, real=0.01 secs] 
2019-06-11T09:39:20.003+0000: 89.350: [GC (Allocation Failure) 2019-06-11T09:39:20.003+0000: 89.350: [DefNew: 137424K->810K(153600K), 0.0029232 secs] 180679K->44165K(494976K), 0.0029804 secs] [Times: user=0.01 sys=0.00, real=0.00 secs] 
2019-06-11T09:39:24.814+0000: 94.161: [GC (Allocation Failure) 2019-06-11T09:39:24.814+0000: 94.161: [DefNew: 137386K->1092K(153600K), 0.0031189 secs] 180741K->44507K(494976K), 0.0031693 secs] [Times: user=0.01 sys=0.00, real=0.00 secs] 
2019-06-11T09:39:28.576+0000: 97.923: [GC (Allocation Failure) 2019-06-11T09:39:28.576+0000: 97.923: [DefNew: 137668K->940K(153600K), 0.0030661 secs] 181083K->44417K(494976K), 0.0031284 secs] [Times: user=0.00 sys=0.00, real=0.00 secs] 
2019-06-11T09:39:31.797+0000: 101.143: [GC (Allocation Failure) 2019-06-11T09:39:31.797+0000: 101.143: [DefNew: 137516K->685K(153600K), 0.0028752 secs] 180993K->44224K(494976K), 0.0029330 secs] [Times: user=0.00 sys=0.00, real=0.00 secs] 
2019-06-11T09:39:36.943+0000: 106.290: [GC (Allocation Failure) 2019-06-11T09:39:36.943+0000: 106.290: [DefNew: 137261K->697K(153600K), 0.0029318 secs] 180800K->44273K(494976K), 0.0030050 secs] [Times: user=0.00 sys=0.00, real=0.00 secs] 
2019-06-11T09:39:40.649+0000: 109.996: [GC (Allocation Failure) 2019-06-11T09:39:40.649+0000: 109.996: [DefNew: 137273K->626K(153600K), 0.0027089 secs] 180849K->44243K(494976K), 0.0027670 secs] [Times: user=0.01 sys=0.00, real=0.01 secs] 
2019-06-11T09:39:45.060+0000: 114.407: [GC (Allocation Failure) 2019-06-11T09:39:45.060+0000: 114.407: [DefNew: 137202K->628K(153600K), 0.0027372 secs] 180819K->44268K(494976K), 0.0027952 secs] [Times: user=0.01 sys=0.00, real=0.01 secs] 
2019-06-11T09:39:47.850+0000: 117.196: [GC (Allocation Failure) 2019-06-11T09:39:47.850+0000: 117.196: [DefNew: 137204K->731K(153600K), 0.0028348 secs] 180844K->44442K(494976K), 0.0028904 secs] [Times: user=0.01 sys=0.00, real=0.01 secs] 
2019-06-11T09:39:52.684+0000: 122.031: [GC (Allocation Failure) 2019-06-11T09:39:52.684+0000: 122.031: [DefNew: 137307K->574K(153600K), 0.0027077 secs] 181018K->44350K(494976K), 0.0027651 secs] [Times: user=0.00 sys=0.00, real=0.00 secs] 
2019-06-11T09:39:57.236+0000: 126.582: [GC (Allocation Failure) 2019-06-11T09:39:57.236+0000: 126.582: [DefNew: 137150K->1040K(153600K), 0.0029851 secs] 180926K->44854K(494976K), 0.0030358 secs] [Times: user=0.00 sys=0.00, real=0.00 secs] 
2019-06-11T09:40:00.517+0000: 129.864: [GC (Allocation Failure) 2019-06-11T09:40:00.517+0000: 129.864: [DefNew: 137616K->557K(153600K), 0.0024793 secs] 181430K->44402K(494976K), 0.0025516 secs] [Times: user=0.01 sys=0.00, real=0.00 secs] 
2019-06-11T09:40:04.429+0000: 133.776: [GC (Allocation Failure) 2019-06-11T09:40:04.429+0000: 133.776: [DefNew: 137133K->550K(153600K), 0.0025742 secs] 180978K->44431K(494976K), 0.0026343 secs] [Times: user=0.00 sys=0.00, real=0.01 secs] 
2019-06-11T09:40:08.700+0000: 138.047: [GC (Allocation Failure) 2019-06-11T09:40:08.701+0000: 138.047: [DefNew: 137126K->605K(153600K), 0.0027885 secs] 181007K->44510K(494976K), 0.0028692 secs] [Times: user=0.00 sys=0.00, real=0.01 secs] 
2019-06-11T09:40:12.904+0000: 142.251: [GC (Allocation Failure) 2019-06-11T09:40:12.904+0000: 142.251: [DefNew: 137181K->727K(153600K), 0.0027303 secs] 181086K->44662K(494976K), 0.0028069 secs] [Times: user=0.01 sys=0.00, real=0.00 secs] 
2019-06-11T09:40:17.022+0000: 146.368: [GC (Allocation Failure) 2019-06-11T09:40:17.022+0000: 146.368: [DefNew: 137303K->539K(153600K), 0.0026469 secs] 181238K->44493K(494976K), 0.0027090 secs] [Times: user=0.00 sys=0.00, real=0.01 secs] 
2019-06-11T09:40:20.290+0000: 149.637: [GC (Allocation Failure) 2019-06-11T09:40:20.290+0000: 149.637: [DefNew: 137115K->684K(153600K), 0.0026627 secs] 181069K->44665K(494976K), 0.0027180 secs] [Times: user=0.00 sys=0.01, real=0.00 secs] 
2019-06-11T09:40:25.426+0000: 154.773: [GC (Allocation Failure) 2019-06-11T09:40:25.426+0000: 154.773: [DefNew: 137260K->784K(153600K), 0.0027795 secs] 181241K->44789K(494976K), 0.0028296 secs] [Times: user=0.00 sys=0.00, real=0.00 secs] 
2019-06-11T09:40:29.600+0000: 158.946: [GC (Allocation Failure) 2019-06-11T09:40:29.600+0000: 158.946: [DefNew: 137360K->546K(153600K), 0.0027141 secs] 181365K->44571K(494976K), 0.0027735 secs] [Times: user=0.01 sys=0.00, real=0.01 secs] 
2019-06-11T09:40:33.921+0000: 163.267: [GC (Allocation Failure) 2019-06-11T09:40:33.921+0000: 163.267: [DefNew: 137122K->546K(153600K), 0.0026566 secs] 181147K->44595K(494976K), 0.0027182 secs] [Times: user=0.00 sys=0.00, real=0.01 secs] 
2019-06-11T09:40:38.105+0000: 167.451: [GC (Allocation Failure) 2019-06-11T09:40:38.105+0000: 167.451: [DefNew: 137122K->533K(153600K), 0.0025938 secs] 181171K->44608K(494976K), 0.0026545 secs] [Times: user=0.01 sys=0.00, real=0.00 secs] 
2019-06-11T09:40:41.965+0000: 171.312: [GC (Allocation Failure) 2019-06-11T09:40:41.965+0000: 171.312: [DefNew: 137109K->541K(153600K), 0.0025612 secs] 181184K->44634K(494976K), 0.0026168 secs] [Times: user=0.01 sys=0.00, real=0.00 secs] 
2019-06-11T09:40:45.708+0000: 175.055: [GC (Allocation Failure) 2019-06-11T09:40:45.708+0000: 175.055: [DefNew: 137117K->530K(153600K), 0.0026037 secs] 181210K->44649K(494976K), 0.0026625 secs] [Times: user=0.01 sys=0.00, real=0.01 secs] 
2019-06-11T09:40:49.626+0000: 178.973: [GC (Allocation Failure) 2019-06-11T09:40:49.626+0000: 178.973: [DefNew: 137106K->633K(153600K), 0.0027948 secs] 181225K->44789K(494976K), 0.0028544 secs] [Times: user=0.01 sys=0.00, real=0.00 secs] 
2019-06-11T09:40:54.612+0000: 183.959: [GC (Allocation Failure) 2019-06-11T09:40:54.612+0000: 183.959: [DefNew: 137209K->532K(153600K), 0.0025454 secs] 181365K->44714K(494976K), 0.0025994 secs] [Times: user=0.00 sys=0.00, real=0.00 secs] 
2019-06-11T09:40:58.875+0000: 188.222: [GC (Allocation Failure) 2019-06-11T09:40:58.875+0000: 188.222: [DefNew: 137108K->529K(153600K), 0.0025941 secs] 181290K->44740K(494976K), 0.0026637 secs] [Times: user=0.00 sys=0.00, real=0.00 secs] 
2019-06-11T09:41:02.699+0000: 192.046: [GC (Allocation Failure) 2019-06-11T09:41:02.699+0000: 192.046: [DefNew: 137105K->532K(153600K), 0.0024774 secs] 181316K->44765K(494976K), 0.0025368 secs] [Times: user=0.00 sys=0.00, real=0.01 secs] 
2019-06-11T09:41:07.058+0000: 196.405: [GC (Allocation Failure) 2019-06-11T09:41:07.058+0000: 196.405: [DefNew: 137108K->589K(153600K), 0.0026883 secs] 181341K->44850K(494976K), 0.0027528 secs] [Times: user=0.00 sys=0.00, real=0.00 secs] 
2019-06-11T09:41:10.559+0000: 199.905: [GC (Allocation Failure) 2019-06-11T09:41:10.559+0000: 199.905: [DefNew: 137165K->560K(153600K), 0.0027758 secs] 181426K->44841K(494976K), 0.0028907 secs] [Times: user=0.00 sys=0.00, real=0.00 secs] 
2019-06-11T09:41:16.501+0000: 205.847: [GC (Allocation Failure) 2019-06-11T09:41:16.501+0000: 205.847: [DefNew: 137136K->518K(153600K), 0.0026270 secs] 181417K->44826K(494976K), 0.0026867 secs] [Times: user=0.00 sys=0.00, real=0.01 secs] 
2019-06-11T09:41:20.687+0000: 210.034: [GC (Allocation Failure) 2019-06-11T09:41:20.687+0000: 210.034: [DefNew: 137094K->524K(153600K), 0.0025192 secs] 181402K->44850K(494976K), 0.0025894 secs] [Times: user=0.00 sys=0.00, real=0.00 secs] 
2019-06-11T09:41:25.547+0000: 214.893: [GC (Allocation Failure) 2019-06-11T09:41:25.547+0000: 214.893: [DefNew: 137100K->518K(153600K), 0.0025798 secs] 181426K->44868K(494976K), 0.0026332 secs] [Times: user=0.00 sys=0.00, real=0.00 secs] 
2019-06-11T09:41:29.548+0000: 218.894: [GC (Allocation Failure) 2019-06-11T09:41:29.548+0000: 218.894: [DefNew: 137094K->548K(153600K), 0.0025898 secs] 181444K->44925K(494976K), 0.0026594 secs] [Times: user=0.00 sys=0.00, real=0.01 secs] 
2019-06-11T09:41:33.190+0000: 222.537: [GC (Allocation Failure) 2019-06-11T09:41:33.190+0000: 222.537: [DefNew: 137124K->594K(153600K), 0.0026047 secs] 181501K->44988K(494976K), 0.0026626 secs] [Times: user=0.00 sys=0.00, real=0.01 secs] 
2019-06-11T09:41:37.221+0000: 226.569: [GC (Allocation Failure) 2019-06-11T09:41:37.222+0000: 226.569: [DefNew: 137170K->507K(153600K), 0.0031449 secs] 181564K->44927K(494976K), 0.0038117 secs] [Times: user=0.00 sys=0.01, real=0.01 secs] 
2019-06-11T09:41:42.189+0000: 231.536: [GC (Allocation Failure) 2019-06-11T09:41:42.189+0000: 231.536: [DefNew: 137083K->514K(153600K), 0.0025039 secs] 181503K->44952K(494976K), 0.0025591 secs] [Times: user=0.00 sys=0.00, real=0.01 secs] 
2019-06-11T09:41:45.881+0000: 235.227: [GC (Allocation Failure) 2019-06-11T09:41:45.881+0000: 235.227: [DefNew: 137090K->508K(153600K), 0.0025849 secs] 181528K->44969K(494976K), 0.0026394 secs] [Times: user=0.00 sys=0.00, real=0.01 secs] 
2019-06-11T09:41:51.403+0000: 240.750: [GC (Allocation Failure) 2019-06-11T09:41:51.403+0000: 240.750: [DefNew: 137084K->600K(153600K), 0.0026006 secs] 181545K->45080K(494976K), 0.0026588 secs] [Times: user=0.00 sys=0.00, real=0.00 secs] 
2019-06-11T09:41:55.936+0000: 245.283: [GC (Allocation Failure) 2019-06-11T09:41:55.936+0000: 245.283: [DefNew: 137176K->556K(153600K), 0.0028081 secs] 181656K->45061K(494976K), 0.0028710 secs] [Times: user=0.00 sys=0.00, real=0.00 secs] 
2019-06-11T09:42:00.064+0000: 249.410: [GC (Allocation Failure) 2019-06-11T09:42:00.064+0000: 249.410: [DefNew: 137132K->800K(153600K), 0.0028094 secs] 181637K->45329K(494976K), 0.0028884 secs] [Times: user=0.00 sys=0.00, real=0.00 secs] 
2019-06-11T09:42:04.577+0000: 253.924: [GC (Allocation Failure) 2019-06-11T09:42:04.577+0000: 253.924: [DefNew: 137376K->517K(153600K), 0.0025507 secs] 181905K->45072K(494976K), 0.0026128 secs] [Times: user=0.00 sys=0.00, real=0.00 secs] 
2019-06-11T09:42:08.294+0000: 257.641: [GC (Allocation Failure) 2019-06-11T09:42:08.294+0000: 257.641: [DefNew: 137093K->582K(153600K), 0.0025056 secs] 181648K->45163K(494976K), 0.0025681 secs] [Times: user=0.00 sys=0.00, real=0.00 secs] 
2019-06-11T09:42:12.422+0000: 261.769: [GC (Allocation Failure) 2019-06-11T09:42:12.422+0000: 261.769: [DefNew: 137158K->753K(153600K), 0.0026461 secs] 181739K->45352K(494976K), 0.0027134 secs] [Times: user=0.00 sys=0.00, real=0.00 secs] 
2019-06-11T09:42:17.246+0000: 266.593: [GC (Allocation Failure) 2019-06-11T09:42:17.246+0000: 266.593: [DefNew: 137329K->496K(153600K), 0.0025640 secs] 181928K->45116K(494976K), 0.0026210 secs] [Times: user=0.00 sys=0.00, real=0.00 secs] 
2019-06-11T09:42:22.508+0000: 271.854: [GC (Allocation Failure) 2019-06-11T09:42:22.508+0000: 271.854: [DefNew: 137072K->793K(153600K), 0.0027860 secs] 181692K->45438K(494976K), 0.0028473 secs] [Times: user=0.00 sys=0.00, real=0.01 secs] 
2019-06-11T09:42:26.281+0000: 275.627: [GC (Allocation Failure) 2019-06-11T09:42:26.281+0000: 275.627: [DefNew: 137369K->395K(153600K), 0.0023459 secs] 182014K->45063K(494976K), 0.0023977 secs] [Times: user=0.00 sys=0.00, real=0.01 secs] 
09:42:38.181 [Curator-PathChildrenCache-0] ERROR o.a.c.f.r.c.PathChildrenCache  - 
java.lang.IllegalStateException: instance must be started before calling this method
	at org.apache.curator.shaded.com.google.common.base.Preconditions.checkState(Preconditions.java:444)
	at org.apache.curator.framework.imps.CuratorFrameworkImpl.getChildren(CuratorFrameworkImpl.java:456)
	at org.apache.curator.framework.recipes.cache.PathChildrenCache.refresh(PathChildrenCache.java:521)
	at org.apache.curator.framework.recipes.cache.RefreshOperation.invoke(RefreshOperation.java:35)
	at org.apache.curator.framework.recipes.cache.PathChildrenCache$9.run(PathChildrenCache.java:786)
	at java.util.concurrent.Executors$RunnableAdapter.call(Executors.java:511)
	at java.util.concurrent.FutureTask.run(FutureTask.java:266)
	at java.util.concurrent.Executors$RunnableAdapter.call(Executors.java:511)
	at java.util.concurrent.FutureTask.run(FutureTask.java:266)
	at java.util.concurrent.ThreadPoolExecutor.runWorker(ThreadPoolExecutor.java:1149)
	at java.util.concurrent.ThreadPoolExecutor$Worker.run(ThreadPoolExecutor.java:624)
	at java.lang.Thread.run(Thread.java:748)
Heap
 def new generation   total 153600K, used 57241K [0x00000000e0c00000, 0x00000000eb2a0000, 0x00000000eb2a0000)
  eden space 136576K,  41% used [0x00000000e0c00000, 0x00000000e4383748, 0x00000000e9160000)
  from space 17024K,   2% used [0x00000000ea200000, 0x00000000ea262f50, 0x00000000eb2a0000)
  to   space 17024K,   0% used [0x00000000e9160000, 0x00000000e9160000, 0x00000000ea200000)
 tenured generation   total 341376K, used 44667K [0x00000000eb2a0000, 0x0000000100000000, 0x0000000100000000)
   the space 341376K,  13% used [0x00000000eb2a0000, 0x00000000ede3eff8, 0x00000000ede3f000, 0x0000000100000000)
 Metaspace       used 36318K, capacity 37192K, committed 37376K, reserved 1081344K
  class space    used 4875K, capacity 5076K, committed 5120K, reserved 1048576K
