07:14:31,503 |-INFO in ch.qos.logback.classic.LoggerContext[default] - Could NOT find resource [logback-test.xml]
07:14:31,507 |-INFO in ch.qos.logback.classic.LoggerContext[default] - Could NOT find resource [logback.groovy]
07:14:31,508 |-INFO in ch.qos.logback.classic.LoggerContext[default] - Found resource [logback.xml] at [jar:file:/root/flamestream/lib/flamestream-runtime-1.0-SNAPSHOT.jar!/logback.xml]
07:14:31,509 |-WARN in ch.qos.logback.classic.LoggerContext[default] - Resource [logback.xml] occurs multiple times on the classpath.
07:14:31,509 |-WARN in ch.qos.logback.classic.LoggerContext[default] - Resource [logback.xml] occurs at [jar:file:/root/flamestream/lib/flamestream-runtime-1.0-SNAPSHOT.jar!/logback.xml]
07:14:31,509 |-WARN in ch.qos.logback.classic.LoggerContext[default] - Resource [logback.xml] occurs at [jar:file:/root/flamestream/flamestream-runtime-1.0-SNAPSHOT.jar!/logback.xml]
07:14:31,529 |-INFO in ch.qos.logback.core.joran.spi.ConfigurationWatchList@3fb6a447 - URL [jar:file:/root/flamestream/lib/flamestream-runtime-1.0-SNAPSHOT.jar!/logback.xml] is not of type file
07:14:31,605 |-INFO in ch.qos.logback.classic.joran.action.ConfigurationAction - debug attribute not set
07:14:31,606 |-INFO in ch.qos.logback.core.joran.action.AppenderAction - About to instantiate appender of type [ch.qos.logback.core.ConsoleAppender]
07:14:31,623 |-INFO in ch.qos.logback.core.joran.action.AppenderAction - Naming appender as [STDOUT]
07:14:31,642 |-INFO in ch.qos.logback.core.joran.action.NestedComplexPropertyIA - Assuming default type [ch.qos.logback.classic.encoder.PatternLayoutEncoder] for [encoder] property
07:14:31,724 |-INFO in ch.qos.logback.core.joran.action.AppenderAction - About to instantiate appender of type [ch.qos.logback.core.rolling.RollingFileAppender]
07:14:31,729 |-INFO in ch.qos.logback.core.joran.action.AppenderAction - Naming appender as [FILE]
07:14:31,762 |-INFO in c.q.l.core.rolling.TimeBasedRollingPolicy@127618319 - No compression will be used
07:14:31,763 |-INFO in c.q.l.core.rolling.TimeBasedRollingPolicy@127618319 - Will use the pattern /tmp/application_%d{yyyy-MM-dd}.%i.log for the active file
07:14:31,766 |-INFO in ch.qos.logback.core.rolling.SizeAndTimeBasedFNATP@6b2fad11 - The date pattern is 'yyyy-MM-dd' from file name pattern '/tmp/application_%d{yyyy-MM-dd}.%i.log'.
07:14:31,766 |-INFO in ch.qos.logback.core.rolling.SizeAndTimeBasedFNATP@6b2fad11 - Roll-over at midnight.
07:14:31,772 |-INFO in ch.qos.logback.core.rolling.SizeAndTimeBasedFNATP@6b2fad11 - Setting initial period to Tue Jun 11 07:12:56 UTC 2019
07:14:31,772 |-WARN in ch.qos.logback.core.rolling.SizeAndTimeBasedFNATP@6b2fad11 - SizeAndTimeBasedFNATP is deprecated. Use SizeAndTimeBasedRollingPolicy instead
07:14:31,772 |-WARN in ch.qos.logback.core.rolling.SizeAndTimeBasedFNATP@6b2fad11 - For more information see http://logback.qos.ch/manual/appenders.html#SizeAndTimeBasedRollingPolicy
07:14:31,776 |-INFO in ch.qos.logback.core.joran.action.NestedComplexPropertyIA - Assuming default type [ch.qos.logback.classic.encoder.PatternLayoutEncoder] for [encoder] property
07:14:31,781 |-INFO in ch.qos.logback.core.rolling.RollingFileAppender[FILE] - Active log file name: /tmp/application.log
07:14:31,781 |-INFO in ch.qos.logback.core.rolling.RollingFileAppender[FILE] - File property is set to [/tmp/application.log]
07:14:31,782 |-INFO in ch.qos.logback.classic.joran.action.RootLoggerAction - Setting level of ROOT logger to WARN
07:14:31,782 |-INFO in ch.qos.logback.core.joran.action.AppenderRefAction - Attaching appender named [STDOUT] to Logger[ROOT]
07:14:31,784 |-INFO in ch.qos.logback.core.joran.action.AppenderRefAction - Attaching appender named [FILE] to Logger[ROOT]
07:14:31,784 |-INFO in ch.qos.logback.classic.joran.action.ConfigurationAction - End of configuration.
07:14:31,785 |-INFO in ch.qos.logback.classic.joran.JoranConfigurator@79698539 - Registering current configuration as safe fallback point

Ama winner
Ama winner
2019-06-11T07:14:33.118+0000: 1.802: [Full GC (Metadata GC Threshold) 2019-06-11T07:14:33.118+0000: 1.802: [Tenured: 0K->15240K(341376K), 0.0395985 secs] 117751K->15240K(494976K), [Metaspace: 20735K->20735K(1067008K)], 0.0396665 secs] [Times: user=0.04 sys=0.01, real=0.04 secs] 
07:15:01.475 [Curator-PathChildrenCache-2] WARN  o.a.c.u.ZKPaths  - The version of ZooKeeper being used doesn't support Container nodes. CreateMode.PERSISTENT will be used instead.
2019-06-11T07:15:09.853+0000: 38.538: [GC (Allocation Failure) 2019-06-11T07:15:09.854+0000: 38.538: [DefNew: 117541K->16587K(153600K), 0.0191041 secs] 132782K->31827K(494976K), 0.0191770 secs] [Times: user=0.01 sys=0.01, real=0.02 secs] 
2019-06-11T07:15:11.137+0000: 39.822: [Full GC (Metadata GC Threshold) 2019-06-11T07:15:11.137+0000: 39.822: [Tenured: 15240K->43301K(341376K), 0.0600801 secs] 79361K->43301K(494976K), [Metaspace: 34572K->34572K(1079296K)], 0.0601587 secs] [Times: user=0.04 sys=0.01, real=0.06 secs] 
2019-06-11T07:15:17.244+0000: 45.928: [GC (Allocation Failure) 2019-06-11T07:15:17.244+0000: 45.928: [DefNew: 136576K->59K(153600K), 0.0018887 secs] 179877K->43361K(494976K), 0.0019520 secs] [Times: user=0.00 sys=0.00, real=0.00 secs] 
2019-06-11T07:15:23.299+0000: 51.984: [GC (Allocation Failure) 2019-06-11T07:15:23.299+0000: 51.984: [DefNew: 136635K->57K(153600K), 0.0017305 secs] 179937K->43359K(494976K), 0.0017905 secs] [Times: user=0.00 sys=0.00, real=0.00 secs] 
2019-06-11T07:15:29.329+0000: 58.014: [GC (Allocation Failure) 2019-06-11T07:15:29.329+0000: 58.014: [DefNew: 136633K->59K(153600K), 0.0016553 secs] 179935K->43361K(494976K), 0.0017251 secs] [Times: user=0.00 sys=0.00, real=0.01 secs] 
2019-06-11T07:15:35.602+0000: 64.287: [GC (Allocation Failure) 2019-06-11T07:15:35.603+0000: 64.288: [DefNew: 136635K->387K(153600K), 0.0021929 secs] 179937K->43689K(494976K), 0.0031297 secs] [Times: user=0.00 sys=0.00, real=0.00 secs] 
2019-06-11T07:15:42.424+0000: 71.108: [GC (Allocation Failure) 2019-06-11T07:15:42.424+0000: 71.109: [DefNew: 136963K->140K(153600K), 0.0019371 secs] 180265K->43442K(494976K), 0.0019988 secs] [Times: user=0.00 sys=0.00, real=0.00 secs] 
07:15:58.815 [Curator-PathChildrenCache-0] ERROR o.a.c.f.r.c.PathChildrenCache  - 
java.lang.IllegalStateException: instance must be started before calling this method
	at org.apache.curator.shaded.com.google.common.base.Preconditions.checkState(Preconditions.java:444)
	at org.apache.curator.framework.imps.CuratorFrameworkImpl.getChildren(CuratorFrameworkImpl.java:456)
	at org.apache.curator.framework.recipes.cache.PathChildrenCache.refresh(PathChildrenCache.java:521)
	at org.apache.curator.framework.recipes.cache.RefreshOperation.invoke(RefreshOperation.java:35)
	at org.apache.curator.framework.recipes.cache.PathChildrenCache$9.run(PathChildrenCache.java:786)
	at java.util.concurrent.Executors$RunnableAdapter.call(Executors.java:511)
	at java.util.concurrent.FutureTask.run(FutureTask.java:266)
	at java.util.concurrent.Executors$RunnableAdapter.call(Executors.java:511)
	at java.util.concurrent.FutureTask.run(FutureTask.java:266)
	at java.util.concurrent.ThreadPoolExecutor.runWorker(ThreadPoolExecutor.java:1149)
	at java.util.concurrent.ThreadPoolExecutor$Worker.run(ThreadPoolExecutor.java:624)
	at java.lang.Thread.run(Thread.java:748)
Heap
 def new generation   total 153600K, used 79494K [0x00000000e0c00000, 0x00000000eb2a0000, 0x00000000eb2a0000)
  eden space 136576K,  58% used [0x00000000e0c00000, 0x00000000e597e768, 0x00000000e9160000)
  from space 17024K,   0% used [0x00000000e9160000, 0x00000000e91832c0, 0x00000000ea200000)
  to   space 17024K,   0% used [0x00000000ea200000, 0x00000000ea200000, 0x00000000eb2a0000)
 tenured generation   total 341376K, used 43301K [0x00000000eb2a0000, 0x0000000100000000, 0x0000000100000000)
   the space 341376K,  12% used [0x00000000eb2a0000, 0x00000000edce97a8, 0x00000000edce9800, 0x0000000100000000)
 Metaspace       used 36004K, capacity 36870K, committed 37120K, reserved 1081344K
  class space    used 4869K, capacity 5075K, committed 5120K, reserved 1048576K
