17:29:39,448 |-INFO in ch.qos.logback.classic.LoggerContext[default] - Could NOT find resource [logback-test.xml]
17:29:39,448 |-INFO in ch.qos.logback.classic.LoggerContext[default] - Could NOT find resource [logback.groovy]
17:29:39,449 |-INFO in ch.qos.logback.classic.LoggerContext[default] - Found resource [logback.xml] at [jar:file:/root/flamestream/lib/flamestream-runtime-1.0-SNAPSHOT.jar!/logback.xml]
17:29:39,449 |-WARN in ch.qos.logback.classic.LoggerContext[default] - Resource [logback.xml] occurs multiple times on the classpath.
17:29:39,450 |-WARN in ch.qos.logback.classic.LoggerContext[default] - Resource [logback.xml] occurs at [jar:file:/root/flamestream/lib/flamestream-runtime-1.0-SNAPSHOT.jar!/logback.xml]
17:29:39,450 |-WARN in ch.qos.logback.classic.LoggerContext[default] - Resource [logback.xml] occurs at [jar:file:/root/flamestream/flamestream-runtime-1.0-SNAPSHOT.jar!/logback.xml]
17:29:39,468 |-INFO in ch.qos.logback.core.joran.spi.ConfigurationWatchList@3fb6a447 - URL [jar:file:/root/flamestream/lib/flamestream-runtime-1.0-SNAPSHOT.jar!/logback.xml] is not of type file
17:29:39,538 |-INFO in ch.qos.logback.classic.joran.action.ConfigurationAction - debug attribute not set
17:29:39,538 |-INFO in ch.qos.logback.core.joran.action.AppenderAction - About to instantiate appender of type [ch.qos.logback.core.ConsoleAppender]
17:29:39,558 |-INFO in ch.qos.logback.core.joran.action.AppenderAction - Naming appender as [STDOUT]
17:29:39,573 |-INFO in ch.qos.logback.core.joran.action.NestedComplexPropertyIA - Assuming default type [ch.qos.logback.classic.encoder.PatternLayoutEncoder] for [encoder] property
17:29:39,656 |-INFO in ch.qos.logback.core.joran.action.AppenderAction - About to instantiate appender of type [ch.qos.logback.core.rolling.RollingFileAppender]
17:29:39,660 |-INFO in ch.qos.logback.core.joran.action.AppenderAction - Naming appender as [FILE]
17:29:39,692 |-INFO in c.q.l.core.rolling.TimeBasedRollingPolicy@127618319 - No compression will be used
17:29:39,693 |-INFO in c.q.l.core.rolling.TimeBasedRollingPolicy@127618319 - Will use the pattern /tmp/application_%d{yyyy-MM-dd}.%i.log for the active file
17:29:39,696 |-INFO in ch.qos.logback.core.rolling.SizeAndTimeBasedFNATP@6b2fad11 - The date pattern is 'yyyy-MM-dd' from file name pattern '/tmp/application_%d{yyyy-MM-dd}.%i.log'.
17:29:39,696 |-INFO in ch.qos.logback.core.rolling.SizeAndTimeBasedFNATP@6b2fad11 - Roll-over at midnight.
17:29:39,701 |-INFO in ch.qos.logback.core.rolling.SizeAndTimeBasedFNATP@6b2fad11 - Setting initial period to Mon Jun 10 17:28:13 UTC 2019
17:29:39,701 |-WARN in ch.qos.logback.core.rolling.SizeAndTimeBasedFNATP@6b2fad11 - SizeAndTimeBasedFNATP is deprecated. Use SizeAndTimeBasedRollingPolicy instead
17:29:39,701 |-WARN in ch.qos.logback.core.rolling.SizeAndTimeBasedFNATP@6b2fad11 - For more information see http://logback.qos.ch/manual/appenders.html#SizeAndTimeBasedRollingPolicy
17:29:39,705 |-INFO in ch.qos.logback.core.joran.action.NestedComplexPropertyIA - Assuming default type [ch.qos.logback.classic.encoder.PatternLayoutEncoder] for [encoder] property
17:29:39,710 |-INFO in ch.qos.logback.core.rolling.RollingFileAppender[FILE] - Active log file name: /tmp/application.log
17:29:39,710 |-INFO in ch.qos.logback.core.rolling.RollingFileAppender[FILE] - File property is set to [/tmp/application.log]
17:29:39,711 |-INFO in ch.qos.logback.classic.joran.action.RootLoggerAction - Setting level of ROOT logger to WARN
17:29:39,711 |-INFO in ch.qos.logback.core.joran.action.AppenderRefAction - Attaching appender named [STDOUT] to Logger[ROOT]
17:29:39,713 |-INFO in ch.qos.logback.core.joran.action.AppenderRefAction - Attaching appender named [FILE] to Logger[ROOT]
17:29:39,713 |-INFO in ch.qos.logback.classic.joran.action.ConfigurationAction - End of configuration.
17:29:39,713 |-INFO in ch.qos.logback.classic.joran.JoranConfigurator@79698539 - Registering current configuration as safe fallback point

Ama winner
Ama winner
2019-06-10T17:29:41.303+0000: 2.039: [Full GC (Metadata GC Threshold) 2019-06-10T17:29:41.303+0000: 2.039: [Tenured: 0K->15168K(341376K), 0.0395744 secs] 117782K->15168K(494976K), [Metaspace: 20728K->20728K(1067008K)], 0.0396410 secs] [Times: user=0.04 sys=0.00, real=0.04 secs] 
17:30:05.319 [Curator-PathChildrenCache-1] WARN  o.a.c.u.ZKPaths  - The version of ZooKeeper being used doesn't support Container nodes. CreateMode.PERSISTENT will be used instead.
2019-06-10T17:30:07.646+0000: 28.382: [GC (Allocation Failure) 2019-06-10T17:30:07.646+0000: 28.382: [DefNew: 136576K->17024K(153600K), 0.0272423 secs] 151744K->52671K(494976K), 0.0273141 secs] [Times: user=0.02 sys=0.01, real=0.03 secs] 
2019-06-10T17:30:09.099+0000: 29.835: [Full GC (Metadata GC Threshold) 2019-06-10T17:30:09.100+0000: 29.835: [Tenured: 35647K->44191K(341376K), 0.0408001 secs] 85344K->44191K(494976K), [Metaspace: 34517K->34517K(1079296K)], 0.0408766 secs] [Times: user=0.03 sys=0.00, real=0.04 secs] 
2019-06-10T17:30:15.675+0000: 36.411: [GC (Allocation Failure) 2019-06-10T17:30:15.675+0000: 36.411: [DefNew: 136576K->70K(153600K), 0.0018690 secs] 180767K->44261K(494976K), 0.0019319 secs] [Times: user=0.00 sys=0.00, real=0.00 secs] 
2019-06-10T17:30:22.092+0000: 42.828: [GC (Allocation Failure) 2019-06-10T17:30:22.092+0000: 42.828: [DefNew: 136646K->77K(153600K), 0.0018163 secs] 180837K->44269K(494976K), 0.0018774 secs] [Times: user=0.01 sys=0.00, real=0.01 secs] 
2019-06-10T17:30:28.600+0000: 49.336: [GC (Allocation Failure) 2019-06-10T17:30:28.600+0000: 49.336: [DefNew: 136653K->71K(153600K), 0.0017813 secs] 180845K->44262K(494976K), 0.0018539 secs] [Times: user=0.00 sys=0.00, real=0.00 secs] 
2019-06-10T17:30:35.129+0000: 55.865: [GC (Allocation Failure) 2019-06-10T17:30:35.129+0000: 55.865: [DefNew: 136647K->72K(153600K), 0.0017203 secs] 180838K->44263K(494976K), 0.0017828 secs] [Times: user=0.00 sys=0.00, real=0.00 secs] 
2019-06-10T17:30:48.508+0000: 69.244: [GC (Allocation Failure) 2019-06-10T17:30:48.508+0000: 69.244: [DefNew: 136648K->402K(153600K), 0.0022472 secs] 180839K->44593K(494976K), 0.0023129 secs] [Times: user=0.00 sys=0.00, real=0.00 secs] 
17:30:49.339 [Curator-PathChildrenCache-0] ERROR o.a.c.f.r.c.PathChildrenCache  - 
java.lang.IllegalStateException: instance must be started before calling this method
	at org.apache.curator.shaded.com.google.common.base.Preconditions.checkState(Preconditions.java:444)
	at org.apache.curator.framework.imps.CuratorFrameworkImpl.getChildren(CuratorFrameworkImpl.java:456)
	at org.apache.curator.framework.recipes.cache.PathChildrenCache.refresh(PathChildrenCache.java:521)
	at org.apache.curator.framework.recipes.cache.RefreshOperation.invoke(RefreshOperation.java:35)
	at org.apache.curator.framework.recipes.cache.PathChildrenCache$9.run(PathChildrenCache.java:786)
	at java.util.concurrent.Executors$RunnableAdapter.call(Executors.java:511)
	at java.util.concurrent.FutureTask.run(FutureTask.java:266)
	at java.util.concurrent.Executors$RunnableAdapter.call(Executors.java:511)
	at java.util.concurrent.FutureTask.run(FutureTask.java:266)
	at java.util.concurrent.ThreadPoolExecutor.runWorker(ThreadPoolExecutor.java:1149)
	at java.util.concurrent.ThreadPoolExecutor$Worker.run(ThreadPoolExecutor.java:624)
	at java.lang.Thread.run(Thread.java:748)
Heap
 def new generation   total 153600K, used 23775K [0x00000000e0c00000, 0x00000000eb2a0000, 0x00000000eb2a0000)
  eden space 136576K,  17% used [0x00000000e0c00000, 0x00000000e22d34b0, 0x00000000e9160000)
  from space 17024K,   2% used [0x00000000e9160000, 0x00000000e91c4a78, 0x00000000ea200000)
  to   space 17024K,   0% used [0x00000000ea200000, 0x00000000ea200000, 0x00000000eb2a0000)
 tenured generation   total 341376K, used 44191K [0x00000000eb2a0000, 0x0000000100000000, 0x0000000100000000)
   the space 341376K,  12% used [0x00000000eb2a0000, 0x00000000eddc7d78, 0x00000000eddc7e00, 0x0000000100000000)
 Metaspace       used 36004K, capacity 36858K, committed 37120K, reserved 1081344K
  class space    used 4857K, capacity 5073K, committed 5120K, reserved 1048576K
