07:23:07,258 |-INFO in ch.qos.logback.classic.LoggerContext[default] - Could NOT find resource [logback-test.xml]
07:23:07,258 |-INFO in ch.qos.logback.classic.LoggerContext[default] - Could NOT find resource [logback.groovy]
07:23:07,258 |-INFO in ch.qos.logback.classic.LoggerContext[default] - Found resource [logback.xml] at [jar:file:/home/nikitasokolov/flamestream/lib/flamestream-runtime-1.0-SNAPSHOT.jar!/logback.xml]
07:23:07,259 |-WARN in ch.qos.logback.classic.LoggerContext[default] - Resource [logback.xml] occurs multiple times on the classpath.
07:23:07,259 |-WARN in ch.qos.logback.classic.LoggerContext[default] - Resource [logback.xml] occurs at [jar:file:/home/nikitasokolov/flamestream/lib/flamestream-runtime-1.0-SNAPSHOT.jar!/logback.xml]
07:23:07,259 |-WARN in ch.qos.logback.classic.LoggerContext[default] - Resource [logback.xml] occurs at [jar:file:/home/nikitasokolov/flamestream/flamestream-runtime-1.0-SNAPSHOT.jar!/logback.xml]
07:23:07,275 |-INFO in ch.qos.logback.core.joran.spi.ConfigurationWatchList@6108b2d7 - URL [jar:file:/home/nikitasokolov/flamestream/lib/flamestream-runtime-1.0-SNAPSHOT.jar!/logback.xml] is not of type file
07:23:07,325 |-INFO in ch.qos.logback.classic.joran.action.ConfigurationAction - debug attribute not set
07:23:07,326 |-INFO in ch.qos.logback.core.joran.action.AppenderAction - About to instantiate appender of type [ch.qos.logback.core.ConsoleAppender]
07:23:07,337 |-INFO in ch.qos.logback.core.joran.action.AppenderAction - Naming appender as [STDOUT]
07:23:07,346 |-INFO in ch.qos.logback.core.joran.action.NestedComplexPropertyIA - Assuming default type [ch.qos.logback.classic.encoder.PatternLayoutEncoder] for [encoder] property
07:23:07,404 |-INFO in ch.qos.logback.core.joran.action.AppenderAction - About to instantiate appender of type [ch.qos.logback.core.rolling.RollingFileAppender]
07:23:07,411 |-INFO in ch.qos.logback.core.joran.action.AppenderAction - Naming appender as [FILE]
07:23:07,434 |-INFO in c.q.l.core.rolling.TimeBasedRollingPolicy@357863579 - No compression will be used
07:23:07,435 |-INFO in c.q.l.core.rolling.TimeBasedRollingPolicy@357863579 - Will use the pattern /tmp/application_%d{yyyy-MM-dd}.%i.log for the active file
07:23:07,438 |-INFO in ch.qos.logback.core.rolling.SizeAndTimeBasedFNATP@6bf256fa - The date pattern is 'yyyy-MM-dd' from file name pattern '/tmp/application_%d{yyyy-MM-dd}.%i.log'.
07:23:07,438 |-INFO in ch.qos.logback.core.rolling.SizeAndTimeBasedFNATP@6bf256fa - Roll-over at midnight.
07:23:07,442 |-INFO in ch.qos.logback.core.rolling.SizeAndTimeBasedFNATP@6bf256fa - Setting initial period to Sun Jun 09 07:22:21 MSK 2019
07:23:07,442 |-WARN in ch.qos.logback.core.rolling.SizeAndTimeBasedFNATP@6bf256fa - SizeAndTimeBasedFNATP is deprecated. Use SizeAndTimeBasedRollingPolicy instead
07:23:07,442 |-WARN in ch.qos.logback.core.rolling.SizeAndTimeBasedFNATP@6bf256fa - For more information see http://logback.qos.ch/manual/appenders.html#SizeAndTimeBasedRollingPolicy
07:23:07,447 |-INFO in ch.qos.logback.core.joran.action.NestedComplexPropertyIA - Assuming default type [ch.qos.logback.classic.encoder.PatternLayoutEncoder] for [encoder] property
07:23:07,450 |-INFO in ch.qos.logback.core.rolling.RollingFileAppender[FILE] - Active log file name: /tmp/application.log
07:23:07,450 |-INFO in ch.qos.logback.core.rolling.RollingFileAppender[FILE] - File property is set to [/tmp/application.log]
07:23:07,451 |-INFO in ch.qos.logback.classic.joran.action.RootLoggerAction - Setting level of ROOT logger to WARN
07:23:07,451 |-INFO in ch.qos.logback.core.joran.action.AppenderRefAction - Attaching appender named [STDOUT] to Logger[ROOT]
07:23:07,452 |-INFO in ch.qos.logback.core.joran.action.AppenderRefAction - Attaching appender named [FILE] to Logger[ROOT]
07:23:07,452 |-INFO in ch.qos.logback.classic.joran.action.ConfigurationAction - End of configuration.
07:23:07,452 |-INFO in ch.qos.logback.classic.joran.JoranConfigurator@6cd8737 - Registering current configuration as safe fallback point

2019-06-09T07:23:08.438+0300: 1.381: [GC (Metadata GC Threshold) [PSYoungGen: 110722K->15916K(149504K)] 110722K->15996K(491008K), 0.0184464 secs] [Times: user=0.06 sys=0.02, real=0.01 secs] 
2019-06-09T07:23:08.457+0300: 1.400: [Full GC (Metadata GC Threshold) [PSYoungGen: 15916K->0K(149504K)] [ParOldGen: 80K->15078K(341504K)] 15996K->15078K(491008K), [Metaspace: 20800K->20800K(1067008K)], 0.0319005 secs] [Times: user=0.21 sys=0.01, real=0.03 secs] 
07:23:21.096 [Curator-PathChildrenCache-1] WARN  o.a.c.u.ZKPaths  - The version of ZooKeeper being used doesn't support Container nodes. CreateMode.PERSISTENT will be used instead.
2019-06-09T07:23:21.981+0300: 14.924: [GC (Metadata GC Threshold) [PSYoungGen: 126057K->15801K(149504K)] 141135K->50419K(491008K), 0.0337375 secs] [Times: user=0.28 sys=0.02, real=0.03 secs] 
2019-06-09T07:23:22.015+0300: 14.958: [Full GC (Metadata GC Threshold) [PSYoungGen: 15801K->0K(149504K)] [ParOldGen: 34617K->38746K(341504K)] 50419K->38746K(491008K), [Metaspace: 34573K->34573K(1079296K)], 0.0516142 secs] [Times: user=0.35 sys=0.02, real=0.05 secs] 
2019-06-09T07:23:23.982+0300: 16.925: [GC (Allocation Failure) [PSYoungGen: 128512K->736K(149504K)] 167258K->39490K(491008K), 0.0030565 secs] [Times: user=0.01 sys=0.00, real=0.00 secs] 
2019-06-09T07:23:25.406+0300: 18.349: [GC (Allocation Failure) [PSYoungGen: 129248K->672K(149504K)] 168002K->39434K(491008K), 0.0035189 secs] [Times: user=0.02 sys=0.00, real=0.01 secs] 
2019-06-09T07:23:26.387+0300: 19.330: [GC (Allocation Failure) [PSYoungGen: 129184K->832K(129536K)] 167946K->39602K(471040K), 0.0059914 secs] [Times: user=0.06 sys=0.00, real=0.01 secs] 
2019-06-09T07:23:27.531+0300: 20.474: [GC (Allocation Failure) [PSYoungGen: 129344K->800K(150016K)] 168114K->39570K(491520K), 0.0033993 secs] [Times: user=0.01 sys=0.00, real=0.00 secs] 
2019-06-09T07:23:28.371+0300: 21.314: [GC (Allocation Failure) [PSYoungGen: 129312K->768K(148992K)] 168082K->39538K(490496K), 0.0027272 secs] [Times: user=0.01 sys=0.00, real=0.00 secs] 
2019-06-09T07:23:29.526+0300: 22.469: [GC (Allocation Failure) [PSYoungGen: 129280K->704K(151552K)] 168050K->39474K(493056K), 0.0722904 secs] [Times: user=0.03 sys=0.00, real=0.08 secs] 
2019-06-09T07:23:30.673+0300: 23.616: [GC (Allocation Failure) [PSYoungGen: 132800K->1024K(151040K)] 171570K->39802K(492544K), 0.0038924 secs] [Times: user=0.01 sys=0.01, real=0.00 secs] 
2019-06-09T07:23:31.832+0300: 24.776: [GC (Allocation Failure) [PSYoungGen: 133120K->736K(153088K)] 171898K->39514K(494592K), 0.0032260 secs] [Times: user=0.01 sys=0.00, real=0.00 secs] 
2019-06-09T07:23:33.152+0300: 26.095: [GC (Allocation Failure) [PSYoungGen: 135904K->736K(152576K)] 174682K->39514K(494080K), 0.0037397 secs] [Times: user=0.02 sys=0.00, real=0.00 secs] 
2019-06-09T07:23:34.890+0300: 27.833: [GC (Allocation Failure) [PSYoungGen: 135904K->800K(155136K)] 174682K->39586K(496640K), 0.0050701 secs] [Times: user=0.04 sys=0.01, real=0.00 secs] 
2019-06-09T07:23:36.170+0300: 29.113: [GC (Allocation Failure) [PSYoungGen: 139552K->800K(154112K)] 178338K->39586K(495616K), 0.0035355 secs] [Times: user=0.02 sys=0.00, real=0.00 secs] 
2019-06-09T07:23:37.105+0300: 30.048: [GC (Allocation Failure) [PSYoungGen: 139552K->640K(156672K)] 178338K->39434K(498176K), 0.0031091 secs] [Times: user=0.00 sys=0.01, real=0.00 secs] 
2019-06-09T07:23:38.876+0300: 31.819: [GC (Allocation Failure) [PSYoungGen: 142464K->736K(155648K)] 181258K->39530K(497152K), 0.0033115 secs] [Times: user=0.01 sys=0.00, real=0.01 secs] 
07:23:45.663 [Curator-PathChildrenCache-0] ERROR o.a.c.f.r.c.PathChildrenCache  - 
java.lang.IllegalStateException: instance must be started before calling this method
	at org.apache.curator.shaded.com.google.common.base.Preconditions.checkState(Preconditions.java:444)
	at org.apache.curator.framework.imps.CuratorFrameworkImpl.getChildren(CuratorFrameworkImpl.java:456)
	at org.apache.curator.framework.recipes.cache.PathChildrenCache.refresh(PathChildrenCache.java:521)
	at org.apache.curator.framework.recipes.cache.RefreshOperation.invoke(RefreshOperation.java:35)
	at org.apache.curator.framework.recipes.cache.PathChildrenCache$9.run(PathChildrenCache.java:786)
	at java.util.concurrent.Executors$RunnableAdapter.call(Executors.java:511)
	at java.util.concurrent.FutureTask.run(FutureTask.java:266)
	at java.util.concurrent.Executors$RunnableAdapter.call(Executors.java:511)
	at java.util.concurrent.FutureTask.run(FutureTask.java:266)
	at java.util.concurrent.ThreadPoolExecutor.runWorker(ThreadPoolExecutor.java:1149)
	at java.util.concurrent.ThreadPoolExecutor$Worker.run(ThreadPoolExecutor.java:624)
	at java.lang.Thread.run(Thread.java:748)
Heap
 PSYoungGen      total 155648K, used 92448K [0x00000000f5980000, 0x0000000100000000, 0x0000000100000000)
  eden space 141824K, 64% used [0x00000000f5980000,0x00000000fb310228,0x00000000fe400000)
  from space 13824K, 5% used [0x00000000fe400000,0x00000000fe4b8030,0x00000000ff180000)
  to   space 13312K, 0% used [0x00000000ff300000,0x00000000ff300000,0x0000000100000000)
 ParOldGen       total 341504K, used 38794K [0x00000000e0c00000, 0x00000000f5980000, 0x00000000f5980000)
  object space 341504K, 11% used [0x00000000e0c00000,0x00000000e31e2ba8,0x00000000f5980000)
 Metaspace       used 35742K, capacity 36614K, committed 36952K, reserved 1081344K
  class space    used 4936K, capacity 5129K, committed 5248K, reserved 1048576K
