05:17:45,613 |-INFO in ch.qos.logback.classic.LoggerContext[default] - Could NOT find resource [logback-test.xml]
05:17:45,613 |-INFO in ch.qos.logback.classic.LoggerContext[default] - Could NOT find resource [logback.groovy]
05:17:45,613 |-INFO in ch.qos.logback.classic.LoggerContext[default] - Found resource [logback.xml] at [jar:file:/root/flamestream/lib/flamestream-runtime-1.0-SNAPSHOT.jar!/logback.xml]
05:17:45,614 |-WARN in ch.qos.logback.classic.LoggerContext[default] - Resource [logback.xml] occurs multiple times on the classpath.
05:17:45,614 |-WARN in ch.qos.logback.classic.LoggerContext[default] - Resource [logback.xml] occurs at [jar:file:/root/flamestream/lib/flamestream-runtime-1.0-SNAPSHOT.jar!/logback.xml]
05:17:45,614 |-WARN in ch.qos.logback.classic.LoggerContext[default] - Resource [logback.xml] occurs at [jar:file:/root/flamestream/flamestream-runtime-1.0-SNAPSHOT.jar!/logback.xml]
05:17:45,636 |-INFO in ch.qos.logback.core.joran.spi.ConfigurationWatchList@3fb6a447 - URL [jar:file:/root/flamestream/lib/flamestream-runtime-1.0-SNAPSHOT.jar!/logback.xml] is not of type file
05:17:45,701 |-INFO in ch.qos.logback.classic.joran.action.ConfigurationAction - debug attribute not set
05:17:45,702 |-INFO in ch.qos.logback.core.joran.action.AppenderAction - About to instantiate appender of type [ch.qos.logback.core.ConsoleAppender]
05:17:45,716 |-INFO in ch.qos.logback.core.joran.action.AppenderAction - Naming appender as [STDOUT]
05:17:45,738 |-INFO in ch.qos.logback.core.joran.action.NestedComplexPropertyIA - Assuming default type [ch.qos.logback.classic.encoder.PatternLayoutEncoder] for [encoder] property
05:17:45,823 |-INFO in ch.qos.logback.core.joran.action.AppenderAction - About to instantiate appender of type [ch.qos.logback.core.rolling.RollingFileAppender]
05:17:45,831 |-INFO in ch.qos.logback.core.joran.action.AppenderAction - Naming appender as [FILE]
05:17:45,862 |-INFO in c.q.l.core.rolling.TimeBasedRollingPolicy@127618319 - No compression will be used
05:17:45,863 |-INFO in c.q.l.core.rolling.TimeBasedRollingPolicy@127618319 - Will use the pattern /tmp/application_%d{yyyy-MM-dd}.%i.log for the active file
05:17:45,866 |-INFO in ch.qos.logback.core.rolling.SizeAndTimeBasedFNATP@6b2fad11 - The date pattern is 'yyyy-MM-dd' from file name pattern '/tmp/application_%d{yyyy-MM-dd}.%i.log'.
05:17:45,866 |-INFO in ch.qos.logback.core.rolling.SizeAndTimeBasedFNATP@6b2fad11 - Roll-over at midnight.
05:17:45,872 |-INFO in ch.qos.logback.core.rolling.SizeAndTimeBasedFNATP@6b2fad11 - Setting initial period to Tue Jun 11 05:16:05 UTC 2019
05:17:45,872 |-WARN in ch.qos.logback.core.rolling.SizeAndTimeBasedFNATP@6b2fad11 - SizeAndTimeBasedFNATP is deprecated. Use SizeAndTimeBasedRollingPolicy instead
05:17:45,872 |-WARN in ch.qos.logback.core.rolling.SizeAndTimeBasedFNATP@6b2fad11 - For more information see http://logback.qos.ch/manual/appenders.html#SizeAndTimeBasedRollingPolicy
05:17:45,876 |-INFO in ch.qos.logback.core.joran.action.NestedComplexPropertyIA - Assuming default type [ch.qos.logback.classic.encoder.PatternLayoutEncoder] for [encoder] property
05:17:45,880 |-INFO in ch.qos.logback.core.rolling.RollingFileAppender[FILE] - Active log file name: /tmp/application.log
05:17:45,880 |-INFO in ch.qos.logback.core.rolling.RollingFileAppender[FILE] - File property is set to [/tmp/application.log]
05:17:45,881 |-INFO in ch.qos.logback.classic.joran.action.RootLoggerAction - Setting level of ROOT logger to WARN
05:17:45,881 |-INFO in ch.qos.logback.core.joran.action.AppenderRefAction - Attaching appender named [STDOUT] to Logger[ROOT]
05:17:45,883 |-INFO in ch.qos.logback.core.joran.action.AppenderRefAction - Attaching appender named [FILE] to Logger[ROOT]
05:17:45,883 |-INFO in ch.qos.logback.classic.joran.action.ConfigurationAction - End of configuration.
05:17:45,884 |-INFO in ch.qos.logback.classic.joran.JoranConfigurator@79698539 - Registering current configuration as safe fallback point

Ama winner
Ama winner
2019-06-11T05:17:47.159+0000: 1.724: [Full GC (Metadata GC Threshold) 2019-06-11T05:17:47.159+0000: 1.724: [Tenured: 0K->15241K(341376K), 0.0353632 secs] 114923K->15241K(494976K), [Metaspace: 20739K->20739K(1067008K)], 0.0354422 secs] [Times: user=0.03 sys=0.01, real=0.04 secs] 
05:18:07.672 [Curator-PathChildrenCache-2] WARN  o.a.c.u.ZKPaths  - The version of ZooKeeper being used doesn't support Container nodes. CreateMode.PERSISTENT will be used instead.
2019-06-11T05:18:10.035+0000: 24.599: [GC (Allocation Failure) 2019-06-11T05:18:10.035+0000: 24.599: [DefNew: 117061K->17023K(153600K), 0.0232406 secs] 132302K->33326K(494976K), 0.0233093 secs] [Times: user=0.02 sys=0.01, real=0.02 secs] 
2019-06-11T05:18:10.367+0000: 24.931: [Full GC (Metadata GC Threshold) 2019-06-11T05:18:10.367+0000: 24.931: [Tenured: 16302K->44571K(341376K), 0.0431527 secs] 67582K->44571K(494976K), [Metaspace: 34607K->34607K(1079296K)], 0.0432268 secs] [Times: user=0.03 sys=0.01, real=0.04 secs] 
2019-06-11T05:18:12.876+0000: 27.440: [GC (Allocation Failure) 2019-06-11T05:18:12.876+0000: 27.440: [DefNew: 136576K->122K(153600K), 0.0020746 secs] 181147K->44694K(494976K), 0.0021328 secs] [Times: user=0.00 sys=0.00, real=0.00 secs] 
2019-06-11T05:18:15.057+0000: 29.621: [GC (Allocation Failure) 2019-06-11T05:18:15.057+0000: 29.621: [DefNew: 136698K->133K(153600K), 0.0018991 secs] 181270K->44705K(494976K), 0.0019594 secs] [Times: user=0.00 sys=0.00, real=0.00 secs] 
2019-06-11T05:18:17.322+0000: 31.887: [GC (Allocation Failure) 2019-06-11T05:18:17.323+0000: 31.887: [DefNew: 136709K->145K(153600K), 0.0018557 secs] 181281K->44716K(494976K), 0.0019137 secs] [Times: user=0.00 sys=0.00, real=0.00 secs] 
2019-06-11T05:18:19.508+0000: 34.072: [GC (Allocation Failure) 2019-06-11T05:18:19.508+0000: 34.072: [DefNew: 136721K->138K(153600K), 0.0018619 secs] 181292K->44709K(494976K), 0.0019237 secs] [Times: user=0.00 sys=0.00, real=0.00 secs] 
2019-06-11T05:18:21.723+0000: 36.287: [GC (Allocation Failure) 2019-06-11T05:18:21.723+0000: 36.287: [DefNew: 136714K->168K(153600K), 0.0019083 secs] 181285K->44739K(494976K), 0.0019687 secs] [Times: user=0.00 sys=0.00, real=0.00 secs] 
2019-06-11T05:18:23.923+0000: 38.487: [GC (Allocation Failure) 2019-06-11T05:18:23.923+0000: 38.487: [DefNew: 136744K->172K(153600K), 0.0018820 secs] 181315K->44744K(494976K), 0.0019423 secs] [Times: user=0.00 sys=0.00, real=0.00 secs] 
2019-06-11T05:18:26.131+0000: 40.695: [GC (Allocation Failure) 2019-06-11T05:18:26.131+0000: 40.695: [DefNew: 136748K->167K(153600K), 0.0018844 secs] 181320K->44738K(494976K), 0.0019465 secs] [Times: user=0.01 sys=0.00, real=0.00 secs] 
05:18:32.180 [Curator-PathChildrenCache-0] ERROR o.a.c.f.r.c.PathChildrenCache  - 
java.lang.IllegalStateException: instance must be started before calling this method
	at org.apache.curator.shaded.com.google.common.base.Preconditions.checkState(Preconditions.java:444)
	at org.apache.curator.framework.imps.CuratorFrameworkImpl.getChildren(CuratorFrameworkImpl.java:456)
	at org.apache.curator.framework.recipes.cache.PathChildrenCache.refresh(PathChildrenCache.java:521)
	at org.apache.curator.framework.recipes.cache.RefreshOperation.invoke(RefreshOperation.java:35)
	at org.apache.curator.framework.recipes.cache.PathChildrenCache$9.run(PathChildrenCache.java:786)
	at java.util.concurrent.Executors$RunnableAdapter.call(Executors.java:511)
	at java.util.concurrent.FutureTask.run(FutureTask.java:266)
	at java.util.concurrent.Executors$RunnableAdapter.call(Executors.java:511)
	at java.util.concurrent.FutureTask.run(FutureTask.java:266)
	at java.util.concurrent.ThreadPoolExecutor.runWorker(ThreadPoolExecutor.java:1149)
	at java.util.concurrent.ThreadPoolExecutor$Worker.run(ThreadPoolExecutor.java:624)
	at java.lang.Thread.run(Thread.java:748)
Heap
 def new generation   total 153600K, used 69194K [0x00000000e0c00000, 0x00000000eb2a0000, 0x00000000eb2a0000)
  eden space 136576K,  50% used [0x00000000e0c00000, 0x00000000e4f68cb0, 0x00000000e9160000)
  from space 17024K,   0% used [0x00000000e9160000, 0x00000000e9189dc0, 0x00000000ea200000)
  to   space 17024K,   0% used [0x00000000ea200000, 0x00000000ea200000, 0x00000000eb2a0000)
 tenured generation   total 341376K, used 44571K [0x00000000eb2a0000, 0x0000000100000000, 0x0000000100000000)
   the space 341376K,  13% used [0x00000000eb2a0000, 0x00000000ede26d58, 0x00000000ede26e00, 0x0000000100000000)
 Metaspace       used 35990K, capacity 36936K, committed 37120K, reserved 1081344K
  class space    used 4860K, capacity 5060K, committed 5120K, reserved 1048576K
