18:55:27,400 |-INFO in ch.qos.logback.classic.LoggerContext[default] - Could NOT find resource [logback-test.xml]
18:55:27,401 |-INFO in ch.qos.logback.classic.LoggerContext[default] - Could NOT find resource [logback.groovy]
18:55:27,401 |-INFO in ch.qos.logback.classic.LoggerContext[default] - Found resource [logback.xml] at [jar:file:/root/flamestream/lib/flamestream-runtime-1.0-SNAPSHOT.jar!/logback.xml]
18:55:27,406 |-WARN in ch.qos.logback.classic.LoggerContext[default] - Resource [logback.xml] occurs multiple times on the classpath.
18:55:27,406 |-WARN in ch.qos.logback.classic.LoggerContext[default] - Resource [logback.xml] occurs at [jar:file:/root/flamestream/lib/flamestream-runtime-1.0-SNAPSHOT.jar!/logback.xml]
18:55:27,406 |-WARN in ch.qos.logback.classic.LoggerContext[default] - Resource [logback.xml] occurs at [jar:file:/root/flamestream/flamestream-runtime-1.0-SNAPSHOT.jar!/logback.xml]
18:55:27,426 |-INFO in ch.qos.logback.core.joran.spi.ConfigurationWatchList@3fb6a447 - URL [jar:file:/root/flamestream/lib/flamestream-runtime-1.0-SNAPSHOT.jar!/logback.xml] is not of type file
18:55:27,499 |-INFO in ch.qos.logback.classic.joran.action.ConfigurationAction - debug attribute not set
18:55:27,500 |-INFO in ch.qos.logback.core.joran.action.AppenderAction - About to instantiate appender of type [ch.qos.logback.core.ConsoleAppender]
18:55:27,516 |-INFO in ch.qos.logback.core.joran.action.AppenderAction - Naming appender as [STDOUT]
18:55:27,536 |-INFO in ch.qos.logback.core.joran.action.NestedComplexPropertyIA - Assuming default type [ch.qos.logback.classic.encoder.PatternLayoutEncoder] for [encoder] property
18:55:27,621 |-INFO in ch.qos.logback.core.joran.action.AppenderAction - About to instantiate appender of type [ch.qos.logback.core.rolling.RollingFileAppender]
18:55:27,632 |-INFO in ch.qos.logback.core.joran.action.AppenderAction - Naming appender as [FILE]
18:55:27,660 |-INFO in c.q.l.core.rolling.TimeBasedRollingPolicy@127618319 - No compression will be used
18:55:27,661 |-INFO in c.q.l.core.rolling.TimeBasedRollingPolicy@127618319 - Will use the pattern /tmp/application_%d{yyyy-MM-dd}.%i.log for the active file
18:55:27,666 |-INFO in ch.qos.logback.core.rolling.SizeAndTimeBasedFNATP@6b2fad11 - The date pattern is 'yyyy-MM-dd' from file name pattern '/tmp/application_%d{yyyy-MM-dd}.%i.log'.
18:55:27,666 |-INFO in ch.qos.logback.core.rolling.SizeAndTimeBasedFNATP@6b2fad11 - Roll-over at midnight.
18:55:27,671 |-INFO in ch.qos.logback.core.rolling.SizeAndTimeBasedFNATP@6b2fad11 - Setting initial period to Mon Jun 10 18:53:52 UTC 2019
18:55:27,671 |-WARN in ch.qos.logback.core.rolling.SizeAndTimeBasedFNATP@6b2fad11 - SizeAndTimeBasedFNATP is deprecated. Use SizeAndTimeBasedRollingPolicy instead
18:55:27,671 |-WARN in ch.qos.logback.core.rolling.SizeAndTimeBasedFNATP@6b2fad11 - For more information see http://logback.qos.ch/manual/appenders.html#SizeAndTimeBasedRollingPolicy
18:55:27,675 |-INFO in ch.qos.logback.core.joran.action.NestedComplexPropertyIA - Assuming default type [ch.qos.logback.classic.encoder.PatternLayoutEncoder] for [encoder] property
18:55:27,680 |-INFO in ch.qos.logback.core.rolling.RollingFileAppender[FILE] - Active log file name: /tmp/application.log
18:55:27,680 |-INFO in ch.qos.logback.core.rolling.RollingFileAppender[FILE] - File property is set to [/tmp/application.log]
18:55:27,681 |-INFO in ch.qos.logback.classic.joran.action.RootLoggerAction - Setting level of ROOT logger to WARN
18:55:27,681 |-INFO in ch.qos.logback.core.joran.action.AppenderRefAction - Attaching appender named [STDOUT] to Logger[ROOT]
18:55:27,683 |-INFO in ch.qos.logback.core.joran.action.AppenderRefAction - Attaching appender named [FILE] to Logger[ROOT]
18:55:27,683 |-INFO in ch.qos.logback.classic.joran.action.ConfigurationAction - End of configuration.
18:55:27,684 |-INFO in ch.qos.logback.classic.joran.JoranConfigurator@79698539 - Registering current configuration as safe fallback point

Ama winner
Ama winner
2019-06-10T18:55:29.022+0000: 1.807: [Full GC (Metadata GC Threshold) 2019-06-10T18:55:29.022+0000: 1.807: [Tenured: 0K->15208K(341376K), 0.0397956 secs] 114923K->15208K(494976K), [Metaspace: 20731K->20731K(1067008K)], 0.0398610 secs] [Times: user=0.04 sys=0.01, real=0.04 secs] 
18:55:51.305 [Curator-PathChildrenCache-2] WARN  o.a.c.u.ZKPaths  - The version of ZooKeeper being used doesn't support Container nodes. CreateMode.PERSISTENT will be used instead.
2019-06-10T18:55:53.492+0000: 26.277: [GC (Allocation Failure) 2019-06-10T18:55:53.492+0000: 26.277: [DefNew: 136576K->17023K(153600K), 0.0383613 secs] 151784K->52880K(494976K), 0.0384291 secs] [Times: user=0.03 sys=0.01, real=0.04 secs] 
2019-06-10T18:55:53.770+0000: 26.555: [Full GC (Metadata GC Threshold) 2019-06-10T18:55:53.770+0000: 26.555: [Tenured: 35856K->44403K(341376K), 0.0349836 secs] 66962K->44403K(494976K), [Metaspace: 34490K->34490K(1079296K)], 0.0350587 secs] [Times: user=0.03 sys=0.01, real=0.03 secs] 
2019-06-10T18:55:57.298+0000: 30.083: [GC (Allocation Failure) 2019-06-10T18:55:57.298+0000: 30.083: [DefNew: 136576K->184K(153600K), 0.0022642 secs] 180979K->44588K(494976K), 0.0023264 secs] [Times: user=0.00 sys=0.00, real=0.00 secs] 
2019-06-10T18:56:00.730+0000: 33.516: [GC (Allocation Failure) 2019-06-10T18:56:00.731+0000: 33.516: [DefNew: 136760K->210K(153600K), 0.0021720 secs] 181164K->44613K(494976K), 0.0033355 secs] [Times: user=0.00 sys=0.00, real=0.00 secs] 
2019-06-10T18:56:04.168+0000: 36.953: [GC (Allocation Failure) 2019-06-10T18:56:04.168+0000: 36.953: [DefNew: 136786K->203K(153600K), 0.0022066 secs] 181189K->44607K(494976K), 0.0022634 secs] [Times: user=0.00 sys=0.00, real=0.00 secs] 
2019-06-10T18:56:07.550+0000: 40.335: [GC (Allocation Failure) 2019-06-10T18:56:07.550+0000: 40.335: [DefNew: 136779K->205K(153600K), 0.0021718 secs] 181183K->44609K(494976K), 0.0022283 secs] [Times: user=0.00 sys=0.00, real=0.00 secs] 
2019-06-10T18:56:10.959+0000: 43.744: [GC (Allocation Failure) 2019-06-10T18:56:10.959+0000: 43.744: [DefNew: 136781K->203K(153600K), 0.0021614 secs] 181185K->44607K(494976K), 0.0022191 secs] [Times: user=0.00 sys=0.00, real=0.00 secs] 
2019-06-10T18:56:14.327+0000: 47.112: [GC (Allocation Failure) 2019-06-10T18:56:14.327+0000: 47.113: [DefNew: 136779K->208K(153600K), 0.0020084 secs] 181183K->44612K(494976K), 0.0020638 secs] [Times: user=0.00 sys=0.00, real=0.00 secs] 
2019-06-10T18:56:17.727+0000: 50.512: [GC (Allocation Failure) 2019-06-10T18:56:17.727+0000: 50.512: [DefNew: 136784K->204K(153600K), 0.0021933 secs] 181188K->44608K(494976K), 0.0022493 secs] [Times: user=0.00 sys=0.00, real=0.00 secs] 
2019-06-10T18:56:21.129+0000: 53.914: [GC (Allocation Failure) 2019-06-10T18:56:21.129+0000: 53.914: [DefNew: 136780K->206K(153600K), 0.0021818 secs] 181184K->44610K(494976K), 0.0022470 secs] [Times: user=0.00 sys=0.00, real=0.00 secs] 
18:56:31.721 [Curator-PathChildrenCache-0] ERROR o.a.c.f.r.c.PathChildrenCache  - 
java.lang.IllegalStateException: instance must be started before calling this method
	at org.apache.curator.shaded.com.google.common.base.Preconditions.checkState(Preconditions.java:444)
	at org.apache.curator.framework.imps.CuratorFrameworkImpl.getChildren(CuratorFrameworkImpl.java:456)
	at org.apache.curator.framework.recipes.cache.PathChildrenCache.refresh(PathChildrenCache.java:521)
	at org.apache.curator.framework.recipes.cache.RefreshOperation.invoke(RefreshOperation.java:35)
	at org.apache.curator.framework.recipes.cache.PathChildrenCache$9.run(PathChildrenCache.java:786)
	at java.util.concurrent.Executors$RunnableAdapter.call(Executors.java:511)
	at java.util.concurrent.FutureTask.run(FutureTask.java:266)
	at java.util.concurrent.Executors$RunnableAdapter.call(Executors.java:511)
	at java.util.concurrent.FutureTask.run(FutureTask.java:266)
	at java.util.concurrent.ThreadPoolExecutor.runWorker(ThreadPoolExecutor.java:1149)
	at java.util.concurrent.ThreadPoolExecutor$Worker.run(ThreadPoolExecutor.java:624)
	at java.lang.Thread.run(Thread.java:748)
Heap
 def new generation   total 153600K, used 116923K [0x00000000e0c00000, 0x00000000eb2a0000, 0x00000000eb2a0000)
  eden space 136576K,  85% used [0x00000000e0c00000, 0x00000000e7dfb110, 0x00000000e9160000)
  from space 17024K,   1% used [0x00000000ea200000, 0x00000000ea233be8, 0x00000000eb2a0000)
  to   space 17024K,   0% used [0x00000000e9160000, 0x00000000e9160000, 0x00000000ea200000)
 tenured generation   total 341376K, used 44403K [0x00000000eb2a0000, 0x0000000100000000, 0x0000000100000000)
   the space 341376K,  13% used [0x00000000eb2a0000, 0x00000000eddfce88, 0x00000000eddfd000, 0x0000000100000000)
 Metaspace       used 36431K, capacity 37396K, committed 37760K, reserved 1081344K
  class space    used 4906K, capacity 5126K, committed 5248K, reserved 1048576K
