11:14:43,087 |-INFO in ch.qos.logback.classic.LoggerContext[default] - Could NOT find resource [logback-test.xml]
11:14:43,087 |-INFO in ch.qos.logback.classic.LoggerContext[default] - Could NOT find resource [logback.groovy]
11:14:43,087 |-INFO in ch.qos.logback.classic.LoggerContext[default] - Found resource [logback.xml] at [jar:file:/home/nikitasokolov/flamestream/lib/flamestream-runtime-1.0-SNAPSHOT.jar!/logback.xml]
11:14:43,088 |-WARN in ch.qos.logback.classic.LoggerContext[default] - Resource [logback.xml] occurs multiple times on the classpath.
11:14:43,088 |-WARN in ch.qos.logback.classic.LoggerContext[default] - Resource [logback.xml] occurs at [jar:file:/home/nikitasokolov/flamestream/lib/flamestream-runtime-1.0-SNAPSHOT.jar!/logback.xml]
11:14:43,088 |-WARN in ch.qos.logback.classic.LoggerContext[default] - Resource [logback.xml] occurs at [jar:file:/home/nikitasokolov/flamestream/flamestream-runtime-1.0-SNAPSHOT.jar!/logback.xml]
11:14:43,104 |-INFO in ch.qos.logback.core.joran.spi.ConfigurationWatchList@6108b2d7 - URL [jar:file:/home/nikitasokolov/flamestream/lib/flamestream-runtime-1.0-SNAPSHOT.jar!/logback.xml] is not of type file
11:14:43,154 |-INFO in ch.qos.logback.classic.joran.action.ConfigurationAction - debug attribute not set
11:14:43,155 |-INFO in ch.qos.logback.core.joran.action.AppenderAction - About to instantiate appender of type [ch.qos.logback.core.ConsoleAppender]
11:14:43,162 |-INFO in ch.qos.logback.core.joran.action.AppenderAction - Naming appender as [STDOUT]
11:14:43,170 |-INFO in ch.qos.logback.core.joran.action.NestedComplexPropertyIA - Assuming default type [ch.qos.logback.classic.encoder.PatternLayoutEncoder] for [encoder] property
11:14:43,226 |-INFO in ch.qos.logback.core.joran.action.AppenderAction - About to instantiate appender of type [ch.qos.logback.core.rolling.RollingFileAppender]
11:14:43,231 |-INFO in ch.qos.logback.core.joran.action.AppenderAction - Naming appender as [FILE]
11:14:43,253 |-INFO in c.q.l.core.rolling.TimeBasedRollingPolicy@357863579 - No compression will be used
11:14:43,254 |-INFO in c.q.l.core.rolling.TimeBasedRollingPolicy@357863579 - Will use the pattern /tmp/application_%d{yyyy-MM-dd}.%i.log for the active file
11:14:43,257 |-INFO in ch.qos.logback.core.rolling.SizeAndTimeBasedFNATP@6bf256fa - The date pattern is 'yyyy-MM-dd' from file name pattern '/tmp/application_%d{yyyy-MM-dd}.%i.log'.
11:14:43,257 |-INFO in ch.qos.logback.core.rolling.SizeAndTimeBasedFNATP@6bf256fa - Roll-over at midnight.
11:14:43,261 |-INFO in ch.qos.logback.core.rolling.SizeAndTimeBasedFNATP@6bf256fa - Setting initial period to Sun Jun 09 11:13:58 MSK 2019
11:14:43,261 |-WARN in ch.qos.logback.core.rolling.SizeAndTimeBasedFNATP@6bf256fa - SizeAndTimeBasedFNATP is deprecated. Use SizeAndTimeBasedRollingPolicy instead
11:14:43,261 |-WARN in ch.qos.logback.core.rolling.SizeAndTimeBasedFNATP@6bf256fa - For more information see http://logback.qos.ch/manual/appenders.html#SizeAndTimeBasedRollingPolicy
11:14:43,266 |-INFO in ch.qos.logback.core.joran.action.NestedComplexPropertyIA - Assuming default type [ch.qos.logback.classic.encoder.PatternLayoutEncoder] for [encoder] property
11:14:43,268 |-INFO in ch.qos.logback.core.rolling.RollingFileAppender[FILE] - Active log file name: /tmp/application.log
11:14:43,268 |-INFO in ch.qos.logback.core.rolling.RollingFileAppender[FILE] - File property is set to [/tmp/application.log]
11:14:43,269 |-INFO in ch.qos.logback.classic.joran.action.RootLoggerAction - Setting level of ROOT logger to WARN
11:14:43,269 |-INFO in ch.qos.logback.core.joran.action.AppenderRefAction - Attaching appender named [STDOUT] to Logger[ROOT]
11:14:43,270 |-INFO in ch.qos.logback.core.joran.action.AppenderRefAction - Attaching appender named [FILE] to Logger[ROOT]
11:14:43,270 |-INFO in ch.qos.logback.classic.joran.action.ConfigurationAction - End of configuration.
11:14:43,270 |-INFO in ch.qos.logback.classic.joran.JoranConfigurator@6cd8737 - Registering current configuration as safe fallback point

2019-06-09T11:14:44.268+0300: 1.385: [GC (Metadata GC Threshold) [PSYoungGen: 108152K->15762K(149504K)] 108152K->15842K(491008K), 0.0196213 secs] [Times: user=0.07 sys=0.04, real=0.02 secs] 
2019-06-09T11:14:44.287+0300: 1.405: [Full GC (Metadata GC Threshold) [PSYoungGen: 15762K->0K(149504K)] [ParOldGen: 80K->14981K(341504K)] 15842K->14981K(491008K), [Metaspace: 20802K->20802K(1067008K)], 0.0281512 secs] [Times: user=0.17 sys=0.00, real=0.03 secs] 
11:14:52.560 [Curator-PathChildrenCache-2] WARN  o.a.c.u.ZKPaths  - The version of ZooKeeper being used doesn't support Container nodes. CreateMode.PERSISTENT will be used instead.
2019-06-09T11:14:53.322+0300: 10.439: [GC (Metadata GC Threshold) [PSYoungGen: 127082K->16538K(149504K)] 142064K->51059K(491008K), 0.0281173 secs] [Times: user=0.22 sys=0.02, real=0.03 secs] 
2019-06-09T11:14:53.350+0300: 10.467: [Full GC (Metadata GC Threshold) [PSYoungGen: 16538K->0K(149504K)] [ParOldGen: 34520K->39519K(341504K)] 51059K->39519K(491008K), [Metaspace: 34467K->34466K(1079296K)], 0.0440416 secs] [Times: user=0.28 sys=0.00, real=0.04 secs] 
2019-06-09T11:14:58.971+0300: 16.089: [GC (Allocation Failure) [PSYoungGen: 128512K->448K(149504K)] 168031K->39975K(491008K), 0.0054905 secs] [Times: user=0.05 sys=0.00, real=0.00 secs] 
2019-06-09T11:15:05.114+0300: 22.231: [GC (Allocation Failure) [PSYoungGen: 128960K->416K(149504K)] 168487K->39951K(491008K), 0.0040048 secs] [Times: user=0.02 sys=0.01, real=0.01 secs] 
2019-06-09T11:15:11.447+0300: 28.565: [GC (Allocation Failure) [PSYoungGen: 128928K->480K(129024K)] 168463K->40023K(470528K), 0.0094460 secs] [Times: user=0.10 sys=0.01, real=0.01 secs] 
2019-06-09T11:15:17.766+0300: 34.883: [GC (Allocation Failure) [PSYoungGen: 128992K->512K(149504K)] 168535K->40063K(491008K), 0.0038694 secs] [Times: user=0.02 sys=0.00, real=0.00 secs] 
2019-06-09T11:15:24.108+0300: 41.226: [GC (Allocation Failure) [PSYoungGen: 128000K->768K(148480K)] 167551K->40319K(489984K), 0.0051739 secs] [Times: user=0.04 sys=0.00, real=0.01 secs] 
2019-06-09T11:15:30.464+0300: 47.582: [GC (Allocation Failure) [PSYoungGen: 128256K->704K(151040K)] 167807K->40255K(492544K), 0.0030793 secs] [Times: user=0.01 sys=0.00, real=0.00 secs] 
2019-06-09T11:15:36.986+0300: 54.104: [GC (Allocation Failure) [PSYoungGen: 131776K->736K(150528K)] 171327K->40287K(492032K), 0.0046298 secs] [Times: user=0.04 sys=0.00, real=0.01 secs] 
2019-06-09T11:15:43.440+0300: 60.558: [GC (Allocation Failure) [PSYoungGen: 131808K->608K(153088K)] 171359K->40167K(494592K), 0.0046084 secs] [Times: user=0.03 sys=0.00, real=0.00 secs] 
2019-06-09T11:15:51.626+0300: 68.744: [GC (Allocation Failure) [PSYoungGen: 135264K->1047K(152064K)] 174823K->40614K(493568K), 0.0032187 secs] [Times: user=0.01 sys=0.00, real=0.01 secs] 
11:16:10.252 [Curator-PathChildrenCache-0] ERROR o.a.c.f.r.c.PathChildrenCache  - 
java.lang.IllegalStateException: instance must be started before calling this method
	at org.apache.curator.shaded.com.google.common.base.Preconditions.checkState(Preconditions.java:444)
	at org.apache.curator.framework.imps.CuratorFrameworkImpl.getChildren(CuratorFrameworkImpl.java:456)
	at org.apache.curator.framework.recipes.cache.PathChildrenCache.refresh(PathChildrenCache.java:521)
	at org.apache.curator.framework.recipes.cache.RefreshOperation.invoke(RefreshOperation.java:35)
	at org.apache.curator.framework.recipes.cache.PathChildrenCache$9.run(PathChildrenCache.java:786)
	at java.util.concurrent.Executors$RunnableAdapter.call(Executors.java:511)
	at java.util.concurrent.FutureTask.run(FutureTask.java:266)
	at java.util.concurrent.Executors$RunnableAdapter.call(Executors.java:511)
	at java.util.concurrent.FutureTask.run(FutureTask.java:266)
	at java.util.concurrent.ThreadPoolExecutor.runWorker(ThreadPoolExecutor.java:1149)
	at java.util.concurrent.ThreadPoolExecutor$Worker.run(ThreadPoolExecutor.java:624)
	at java.lang.Thread.run(Thread.java:748)
Heap
 PSYoungGen      total 152064K, used 108014K [0x00000000f5980000, 0x0000000100000000, 0x0000000100000000)
  eden space 134656K, 79% used [0x00000000f5980000,0x00000000fc1f5d48,0x00000000fdd00000)
  from space 17408K, 6% used [0x00000000fdd00000,0x00000000fde05d40,0x00000000fee00000)
  to   space 16384K, 0% used [0x00000000ff000000,0x00000000ff000000,0x0000000100000000)
 ParOldGen       total 341504K, used 39567K [0x00000000e0c00000, 0x00000000f5980000, 0x00000000f5980000)
  object space 341504K, 11% used [0x00000000e0c00000,0x00000000e32a3d80,0x00000000f5980000)
 Metaspace       used 36357K, capacity 37330K, committed 37464K, reserved 1081344K
  class space    used 5016K, capacity 5219K, committed 5248K, reserved 1048576K
