15:34:37,043 |-INFO in ch.qos.logback.classic.LoggerContext[default] - Could NOT find resource [logback-test.xml]
15:34:37,043 |-INFO in ch.qos.logback.classic.LoggerContext[default] - Could NOT find resource [logback.groovy]
15:34:37,044 |-INFO in ch.qos.logback.classic.LoggerContext[default] - Found resource [logback.xml] at [jar:file:/root/flamestream/lib/flamestream-runtime-1.0-SNAPSHOT.jar!/logback.xml]
15:34:37,044 |-WARN in ch.qos.logback.classic.LoggerContext[default] - Resource [logback.xml] occurs multiple times on the classpath.
15:34:37,045 |-WARN in ch.qos.logback.classic.LoggerContext[default] - Resource [logback.xml] occurs at [jar:file:/root/flamestream/lib/flamestream-runtime-1.0-SNAPSHOT.jar!/logback.xml]
15:34:37,045 |-WARN in ch.qos.logback.classic.LoggerContext[default] - Resource [logback.xml] occurs at [jar:file:/root/flamestream/flamestream-runtime-1.0-SNAPSHOT.jar!/logback.xml]
15:34:37,064 |-INFO in ch.qos.logback.core.joran.spi.ConfigurationWatchList@3fb6a447 - URL [jar:file:/root/flamestream/lib/flamestream-runtime-1.0-SNAPSHOT.jar!/logback.xml] is not of type file
15:34:37,131 |-INFO in ch.qos.logback.classic.joran.action.ConfigurationAction - debug attribute not set
15:34:37,131 |-INFO in ch.qos.logback.core.joran.action.AppenderAction - About to instantiate appender of type [ch.qos.logback.core.ConsoleAppender]
15:34:37,146 |-INFO in ch.qos.logback.core.joran.action.AppenderAction - Naming appender as [STDOUT]
15:34:37,166 |-INFO in ch.qos.logback.core.joran.action.NestedComplexPropertyIA - Assuming default type [ch.qos.logback.classic.encoder.PatternLayoutEncoder] for [encoder] property
15:34:37,246 |-INFO in ch.qos.logback.core.joran.action.AppenderAction - About to instantiate appender of type [ch.qos.logback.core.rolling.RollingFileAppender]
15:34:37,251 |-INFO in ch.qos.logback.core.joran.action.AppenderAction - Naming appender as [FILE]
15:34:37,281 |-INFO in c.q.l.core.rolling.TimeBasedRollingPolicy@127618319 - No compression will be used
15:34:37,282 |-INFO in c.q.l.core.rolling.TimeBasedRollingPolicy@127618319 - Will use the pattern /tmp/application_%d{yyyy-MM-dd}.%i.log for the active file
15:34:37,285 |-INFO in ch.qos.logback.core.rolling.SizeAndTimeBasedFNATP@6b2fad11 - The date pattern is 'yyyy-MM-dd' from file name pattern '/tmp/application_%d{yyyy-MM-dd}.%i.log'.
15:34:37,285 |-INFO in ch.qos.logback.core.rolling.SizeAndTimeBasedFNATP@6b2fad11 - Roll-over at midnight.
15:34:37,291 |-INFO in ch.qos.logback.core.rolling.SizeAndTimeBasedFNATP@6b2fad11 - Setting initial period to Mon Jun 10 15:33:14 UTC 2019
15:34:37,291 |-WARN in ch.qos.logback.core.rolling.SizeAndTimeBasedFNATP@6b2fad11 - SizeAndTimeBasedFNATP is deprecated. Use SizeAndTimeBasedRollingPolicy instead
15:34:37,291 |-WARN in ch.qos.logback.core.rolling.SizeAndTimeBasedFNATP@6b2fad11 - For more information see http://logback.qos.ch/manual/appenders.html#SizeAndTimeBasedRollingPolicy
15:34:37,295 |-INFO in ch.qos.logback.core.joran.action.NestedComplexPropertyIA - Assuming default type [ch.qos.logback.classic.encoder.PatternLayoutEncoder] for [encoder] property
15:34:37,299 |-INFO in ch.qos.logback.core.rolling.RollingFileAppender[FILE] - Active log file name: /tmp/application.log
15:34:37,299 |-INFO in ch.qos.logback.core.rolling.RollingFileAppender[FILE] - File property is set to [/tmp/application.log]
15:34:37,300 |-INFO in ch.qos.logback.classic.joran.action.RootLoggerAction - Setting level of ROOT logger to WARN
15:34:37,300 |-INFO in ch.qos.logback.core.joran.action.AppenderRefAction - Attaching appender named [STDOUT] to Logger[ROOT]
15:34:37,301 |-INFO in ch.qos.logback.core.joran.action.AppenderRefAction - Attaching appender named [FILE] to Logger[ROOT]
15:34:37,301 |-INFO in ch.qos.logback.classic.joran.action.ConfigurationAction - End of configuration.
15:34:37,301 |-INFO in ch.qos.logback.classic.joran.JoranConfigurator@79698539 - Registering current configuration as safe fallback point

Ama winner
Ama winner
2019-06-10T15:34:38.633+0000: 1.778: [Full GC (Metadata GC Threshold) 2019-06-10T15:34:38.633+0000: 1.778: [Tenured: 0K->15207K(341376K), 0.0412810 secs] 114986K->15207K(494976K), [Metaspace: 20733K->20733K(1067008K)], 0.0413494 secs] [Times: user=0.04 sys=0.00, real=0.04 secs] 
15:34:54.045 [Curator-PathChildrenCache-1] WARN  o.a.c.u.ZKPaths  - The version of ZooKeeper being used doesn't support Container nodes. CreateMode.PERSISTENT will be used instead.
2019-06-10T15:34:56.086+0000: 19.230: [GC (Allocation Failure) 2019-06-10T15:34:56.086+0000: 19.230: [DefNew: 136576K->17023K(153600K), 0.0251640 secs] 151783K->52488K(494976K), 0.0252351 secs] [Times: user=0.02 sys=0.00, real=0.02 secs] 
2019-06-10T15:34:57.564+0000: 20.708: [Full GC (Metadata GC Threshold) 2019-06-10T15:34:57.564+0000: 20.708: [Tenured: 35464K->44184K(341376K), 0.0439037 secs] 81681K->44184K(494976K), [Metaspace: 34580K->34580K(1079296K)], 0.0439969 secs] [Times: user=0.04 sys=0.00, real=0.04 secs] 
2019-06-10T15:35:04.181+0000: 27.325: [GC (Allocation Failure) 2019-06-10T15:35:04.181+0000: 27.325: [DefNew: 136576K->72K(153600K), 0.0020008 secs] 180760K->44256K(494976K), 0.0020744 secs] [Times: user=0.00 sys=0.00, real=0.00 secs] 
2019-06-10T15:35:10.733+0000: 33.878: [GC (Allocation Failure) 2019-06-10T15:35:10.733+0000: 33.878: [DefNew: 136648K->70K(153600K), 0.0017145 secs] 180832K->44254K(494976K), 0.0017885 secs] [Times: user=0.00 sys=0.00, real=0.00 secs] 
2019-06-10T15:35:17.323+0000: 40.468: [GC (Allocation Failure) 2019-06-10T15:35:17.323+0000: 40.468: [DefNew: 136646K->74K(153600K), 0.0018172 secs] 180830K->44258K(494976K), 0.0018895 secs] [Times: user=0.00 sys=0.00, real=0.01 secs] 
2019-06-10T15:35:23.739+0000: 46.883: [GC (Allocation Failure) 2019-06-10T15:35:23.739+0000: 46.883: [DefNew: 136650K->72K(153600K), 0.0018430 secs] 180834K->44257K(494976K), 0.0019159 secs] [Times: user=0.01 sys=0.00, real=0.00 secs] 
2019-06-10T15:35:34.524+0000: 57.668: [GC (Allocation Failure) 2019-06-10T15:35:34.524+0000: 57.668: [DefNew: 136648K->71K(153600K), 0.0019589 secs] 180833K->44255K(494976K), 0.0020212 secs] [Times: user=0.00 sys=0.00, real=0.01 secs] 
15:35:35.640 [Curator-PathChildrenCache-0] ERROR o.a.c.f.r.c.PathChildrenCache  - 
java.lang.IllegalStateException: instance must be started before calling this method
	at org.apache.curator.shaded.com.google.common.base.Preconditions.checkState(Preconditions.java:444)
	at org.apache.curator.framework.imps.CuratorFrameworkImpl.getChildren(CuratorFrameworkImpl.java:456)
	at org.apache.curator.framework.recipes.cache.PathChildrenCache.refresh(PathChildrenCache.java:521)
	at org.apache.curator.framework.recipes.cache.RefreshOperation.invoke(RefreshOperation.java:35)
	at org.apache.curator.framework.recipes.cache.PathChildrenCache$9.run(PathChildrenCache.java:786)
	at java.util.concurrent.Executors$RunnableAdapter.call(Executors.java:511)
	at java.util.concurrent.FutureTask.run(FutureTask.java:266)
	at java.util.concurrent.Executors$RunnableAdapter.call(Executors.java:511)
	at java.util.concurrent.FutureTask.run(FutureTask.java:266)
	at java.util.concurrent.ThreadPoolExecutor.runWorker(ThreadPoolExecutor.java:1149)
	at java.util.concurrent.ThreadPoolExecutor$Worker.run(ThreadPoolExecutor.java:624)
	at java.lang.Thread.run(Thread.java:748)
Heap
 def new generation   total 153600K, used 24084K [0x00000000e0c00000, 0x00000000eb2a0000, 0x00000000eb2a0000)
  eden space 136576K,  17% used [0x00000000e0c00000, 0x00000000e2373500, 0x00000000e9160000)
  from space 17024K,   0% used [0x00000000e9160000, 0x00000000e9171d60, 0x00000000ea200000)
  to   space 17024K,   0% used [0x00000000ea200000, 0x00000000ea200000, 0x00000000eb2a0000)
 tenured generation   total 341376K, used 44184K [0x00000000eb2a0000, 0x0000000100000000, 0x0000000100000000)
   the space 341376K,  12% used [0x00000000eb2a0000, 0x00000000eddc6230, 0x00000000eddc6400, 0x0000000100000000)
 Metaspace       used 35825K, capacity 36704K, committed 36864K, reserved 1081344K
  class space    used 4825K, capacity 5042K, committed 5120K, reserved 1048576K
