10:38:55,207 |-INFO in ch.qos.logback.classic.LoggerContext[default] - Could NOT find resource [logback-test.xml]
10:38:55,207 |-INFO in ch.qos.logback.classic.LoggerContext[default] - Could NOT find resource [logback.groovy]
10:38:55,208 |-INFO in ch.qos.logback.classic.LoggerContext[default] - Found resource [logback.xml] at [jar:file:/home/nikitasokolov/flamestream/lib/flamestream-runtime-1.0-SNAPSHOT.jar!/logback.xml]
10:38:55,208 |-WARN in ch.qos.logback.classic.LoggerContext[default] - Resource [logback.xml] occurs multiple times on the classpath.
10:38:55,208 |-WARN in ch.qos.logback.classic.LoggerContext[default] - Resource [logback.xml] occurs at [jar:file:/home/nikitasokolov/flamestream/lib/flamestream-runtime-1.0-SNAPSHOT.jar!/logback.xml]
10:38:55,208 |-WARN in ch.qos.logback.classic.LoggerContext[default] - Resource [logback.xml] occurs at [jar:file:/home/nikitasokolov/flamestream/flamestream-runtime-1.0-SNAPSHOT.jar!/logback.xml]
10:38:55,226 |-INFO in ch.qos.logback.core.joran.spi.ConfigurationWatchList@6108b2d7 - URL [jar:file:/home/nikitasokolov/flamestream/lib/flamestream-runtime-1.0-SNAPSHOT.jar!/logback.xml] is not of type file
10:38:55,280 |-INFO in ch.qos.logback.classic.joran.action.ConfigurationAction - debug attribute not set
10:38:55,281 |-INFO in ch.qos.logback.core.joran.action.AppenderAction - About to instantiate appender of type [ch.qos.logback.core.ConsoleAppender]
10:38:55,289 |-INFO in ch.qos.logback.core.joran.action.AppenderAction - Naming appender as [STDOUT]
10:38:55,297 |-INFO in ch.qos.logback.core.joran.action.NestedComplexPropertyIA - Assuming default type [ch.qos.logback.classic.encoder.PatternLayoutEncoder] for [encoder] property
10:38:55,353 |-INFO in ch.qos.logback.core.joran.action.AppenderAction - About to instantiate appender of type [ch.qos.logback.core.rolling.RollingFileAppender]
10:38:55,358 |-INFO in ch.qos.logback.core.joran.action.AppenderAction - Naming appender as [FILE]
10:38:55,380 |-INFO in c.q.l.core.rolling.TimeBasedRollingPolicy@357863579 - No compression will be used
10:38:55,382 |-INFO in c.q.l.core.rolling.TimeBasedRollingPolicy@357863579 - Will use the pattern /tmp/application_%d{yyyy-MM-dd}.%i.log for the active file
10:38:55,385 |-INFO in ch.qos.logback.core.rolling.SizeAndTimeBasedFNATP@6bf256fa - The date pattern is 'yyyy-MM-dd' from file name pattern '/tmp/application_%d{yyyy-MM-dd}.%i.log'.
10:38:55,385 |-INFO in ch.qos.logback.core.rolling.SizeAndTimeBasedFNATP@6bf256fa - Roll-over at midnight.
10:38:55,389 |-INFO in ch.qos.logback.core.rolling.SizeAndTimeBasedFNATP@6bf256fa - Setting initial period to Sun Jun 09 10:38:10 MSK 2019
10:38:55,389 |-WARN in ch.qos.logback.core.rolling.SizeAndTimeBasedFNATP@6bf256fa - SizeAndTimeBasedFNATP is deprecated. Use SizeAndTimeBasedRollingPolicy instead
10:38:55,389 |-WARN in ch.qos.logback.core.rolling.SizeAndTimeBasedFNATP@6bf256fa - For more information see http://logback.qos.ch/manual/appenders.html#SizeAndTimeBasedRollingPolicy
10:38:55,393 |-INFO in ch.qos.logback.core.joran.action.NestedComplexPropertyIA - Assuming default type [ch.qos.logback.classic.encoder.PatternLayoutEncoder] for [encoder] property
10:38:55,396 |-INFO in ch.qos.logback.core.rolling.RollingFileAppender[FILE] - Active log file name: /tmp/application.log
10:38:55,396 |-INFO in ch.qos.logback.core.rolling.RollingFileAppender[FILE] - File property is set to [/tmp/application.log]
10:38:55,397 |-INFO in ch.qos.logback.classic.joran.action.RootLoggerAction - Setting level of ROOT logger to WARN
10:38:55,397 |-INFO in ch.qos.logback.core.joran.action.AppenderRefAction - Attaching appender named [STDOUT] to Logger[ROOT]
10:38:55,397 |-INFO in ch.qos.logback.core.joran.action.AppenderRefAction - Attaching appender named [FILE] to Logger[ROOT]
10:38:55,397 |-INFO in ch.qos.logback.classic.joran.action.ConfigurationAction - End of configuration.
10:38:55,398 |-INFO in ch.qos.logback.classic.joran.JoranConfigurator@6cd8737 - Registering current configuration as safe fallback point

2019-06-09T10:38:56.410+0300: 1.400: [GC (Metadata GC Threshold) [PSYoungGen: 110721K->15947K(149504K)] 110721K->16027K(491008K), 0.0218152 secs] [Times: user=0.11 sys=0.01, real=0.02 secs] 
2019-06-09T10:38:56.432+0300: 1.421: [Full GC (Metadata GC Threshold) [PSYoungGen: 15947K->0K(149504K)] [ParOldGen: 80K->15078K(341504K)] 16027K->15078K(491008K), [Metaspace: 20803K->20803K(1067008K)], 0.0294598 secs] [Times: user=0.19 sys=0.00, real=0.03 secs] 
10:39:03.720 [Curator-PathChildrenCache-1] WARN  o.a.c.u.ZKPaths  - The version of ZooKeeper being used doesn't support Container nodes. CreateMode.PERSISTENT will be used instead.
2019-06-09T10:39:04.591+0300: 9.581: [GC (Metadata GC Threshold) [PSYoungGen: 126117K->15909K(149504K)] 141195K->50527K(491008K), 0.0317042 secs] [Times: user=0.26 sys=0.03, real=0.03 secs] 
2019-06-09T10:39:04.623+0300: 9.613: [Full GC (Metadata GC Threshold) [PSYoungGen: 15909K->0K(149504K)] [ParOldGen: 34617K->38976K(341504K)] 50527K->38976K(491008K), [Metaspace: 34522K->34522K(1079296K)], 0.0388229 secs] [Times: user=0.23 sys=0.00, real=0.04 secs] 
2019-06-09T10:39:06.952+0300: 11.942: [GC (Allocation Failure) [PSYoungGen: 128512K->480K(149504K)] 167488K->39464K(491008K), 0.0032154 secs] [Times: user=0.01 sys=0.00, real=0.00 secs] 
2019-06-09T10:39:09.238+0300: 14.227: [GC (Allocation Failure) [PSYoungGen: 128992K->576K(149504K)] 167976K->39568K(491008K), 0.0099585 secs] [Times: user=0.09 sys=0.01, real=0.00 secs] 
2019-06-09T10:39:11.774+0300: 16.764: [GC (Allocation Failure) [PSYoungGen: 129088K->576K(129536K)] 168080K->39576K(471040K), 0.0029800 secs] [Times: user=0.01 sys=0.00, real=0.00 secs] 
2019-06-09T10:39:14.367+0300: 19.357: [GC (Allocation Failure) [PSYoungGen: 129088K->576K(150016K)] 168088K->39584K(491520K), 0.0514242 secs] [Times: user=0.03 sys=0.00, real=0.06 secs] 
2019-06-09T10:39:16.967+0300: 21.957: [GC (Allocation Failure) [PSYoungGen: 129088K->480K(148992K)] 168096K->39496K(490496K), 0.0054454 secs] [Times: user=0.03 sys=0.00, real=0.01 secs] 
2019-06-09T10:39:19.564+0300: 24.553: [GC (Allocation Failure) [PSYoungGen: 128992K->544K(151552K)] 168008K->39568K(493056K), 0.0769023 secs] [Times: user=0.01 sys=0.01, real=0.08 secs] 
2019-06-09T10:39:22.227+0300: 27.216: [GC (Allocation Failure) [PSYoungGen: 132128K->448K(150528K)] 171152K->39480K(492032K), 0.0030481 secs] [Times: user=0.01 sys=0.00, real=0.01 secs] 
2019-06-09T10:39:24.856+0300: 29.846: [GC (Allocation Failure) [PSYoungGen: 132032K->576K(153088K)] 171064K->39616K(494592K), 0.0030227 secs] [Times: user=0.01 sys=0.00, real=0.01 secs] 
2019-06-09T10:39:27.581+0300: 32.570: [GC (Allocation Failure) [PSYoungGen: 135744K->512K(152576K)] 174784K->39552K(494080K), 0.0033707 secs] [Times: user=0.01 sys=0.01, real=0.00 secs] 
2019-06-09T10:39:30.332+0300: 35.322: [GC (Allocation Failure) [PSYoungGen: 135680K->576K(154624K)] 174720K->39616K(496128K), 0.0041533 secs] [Times: user=0.03 sys=0.00, real=0.00 secs] 
10:39:41.473 [Curator-PathChildrenCache-0] ERROR o.a.c.f.r.c.PathChildrenCache  - 
java.lang.IllegalStateException: instance must be started before calling this method
	at org.apache.curator.shaded.com.google.common.base.Preconditions.checkState(Preconditions.java:444)
	at org.apache.curator.framework.imps.CuratorFrameworkImpl.getChildren(CuratorFrameworkImpl.java:456)
	at org.apache.curator.framework.recipes.cache.PathChildrenCache.refresh(PathChildrenCache.java:521)
	at org.apache.curator.framework.recipes.cache.RefreshOperation.invoke(RefreshOperation.java:35)
	at org.apache.curator.framework.recipes.cache.PathChildrenCache$9.run(PathChildrenCache.java:786)
	at java.util.concurrent.Executors$RunnableAdapter.call(Executors.java:511)
	at java.util.concurrent.FutureTask.run(FutureTask.java:266)
	at java.util.concurrent.Executors$RunnableAdapter.call(Executors.java:511)
	at java.util.concurrent.FutureTask.run(FutureTask.java:266)
	at java.util.concurrent.ThreadPoolExecutor.runWorker(ThreadPoolExecutor.java:1149)
	at java.util.concurrent.ThreadPoolExecutor$Worker.run(ThreadPoolExecutor.java:624)
	at java.lang.Thread.run(Thread.java:748)
Heap
 PSYoungGen      total 154624K, used 129038K [0x00000000f5980000, 0x0000000100000000, 0x0000000100000000)
  eden space 138240K, 92% used [0x00000000f5980000,0x00000000fd6f3bb8,0x00000000fe080000)
  from space 16384K, 3% used [0x00000000ff000000,0x00000000ff090020,0x0000000100000000)
  to   space 15872K, 0% used [0x00000000fe080000,0x00000000fe080000,0x00000000ff000000)
 ParOldGen       total 341504K, used 39040K [0x00000000e0c00000, 0x00000000f5980000, 0x00000000f5980000)
  object space 341504K, 11% used [0x00000000e0c00000,0x00000000e3220188,0x00000000f5980000)
 Metaspace       used 35776K, capacity 36660K, committed 36952K, reserved 1081344K
  class space    used 4940K, capacity 5138K, committed 5248K, reserved 1048576K
