07:49:41,282 |-INFO in ch.qos.logback.classic.LoggerContext[default] - Could NOT find resource [logback-test.xml]
07:49:41,282 |-INFO in ch.qos.logback.classic.LoggerContext[default] - Could NOT find resource [logback.groovy]
07:49:41,282 |-INFO in ch.qos.logback.classic.LoggerContext[default] - Found resource [logback.xml] at [jar:file:/root/flamestream/lib/flamestream-runtime-1.0-SNAPSHOT.jar!/logback.xml]
07:49:41,283 |-WARN in ch.qos.logback.classic.LoggerContext[default] - Resource [logback.xml] occurs multiple times on the classpath.
07:49:41,283 |-WARN in ch.qos.logback.classic.LoggerContext[default] - Resource [logback.xml] occurs at [jar:file:/root/flamestream/lib/flamestream-runtime-1.0-SNAPSHOT.jar!/logback.xml]
07:49:41,283 |-WARN in ch.qos.logback.classic.LoggerContext[default] - Resource [logback.xml] occurs at [jar:file:/root/flamestream/flamestream-runtime-1.0-SNAPSHOT.jar!/logback.xml]
07:49:41,303 |-INFO in ch.qos.logback.core.joran.spi.ConfigurationWatchList@3fb6a447 - URL [jar:file:/root/flamestream/lib/flamestream-runtime-1.0-SNAPSHOT.jar!/logback.xml] is not of type file
07:49:41,374 |-INFO in ch.qos.logback.classic.joran.action.ConfigurationAction - debug attribute not set
07:49:41,374 |-INFO in ch.qos.logback.core.joran.action.AppenderAction - About to instantiate appender of type [ch.qos.logback.core.ConsoleAppender]
07:49:41,392 |-INFO in ch.qos.logback.core.joran.action.AppenderAction - Naming appender as [STDOUT]
07:49:41,410 |-INFO in ch.qos.logback.core.joran.action.NestedComplexPropertyIA - Assuming default type [ch.qos.logback.classic.encoder.PatternLayoutEncoder] for [encoder] property
07:49:41,495 |-INFO in ch.qos.logback.core.joran.action.AppenderAction - About to instantiate appender of type [ch.qos.logback.core.rolling.RollingFileAppender]
07:49:41,500 |-INFO in ch.qos.logback.core.joran.action.AppenderAction - Naming appender as [FILE]
07:49:41,531 |-INFO in c.q.l.core.rolling.TimeBasedRollingPolicy@127618319 - No compression will be used
07:49:41,532 |-INFO in c.q.l.core.rolling.TimeBasedRollingPolicy@127618319 - Will use the pattern /tmp/application_%d{yyyy-MM-dd}.%i.log for the active file
07:49:41,535 |-INFO in ch.qos.logback.core.rolling.SizeAndTimeBasedFNATP@6b2fad11 - The date pattern is 'yyyy-MM-dd' from file name pattern '/tmp/application_%d{yyyy-MM-dd}.%i.log'.
07:49:41,535 |-INFO in ch.qos.logback.core.rolling.SizeAndTimeBasedFNATP@6b2fad11 - Roll-over at midnight.
07:49:41,540 |-INFO in ch.qos.logback.core.rolling.SizeAndTimeBasedFNATP@6b2fad11 - Setting initial period to Tue Jun 11 07:48:20 UTC 2019
07:49:41,540 |-WARN in ch.qos.logback.core.rolling.SizeAndTimeBasedFNATP@6b2fad11 - SizeAndTimeBasedFNATP is deprecated. Use SizeAndTimeBasedRollingPolicy instead
07:49:41,540 |-WARN in ch.qos.logback.core.rolling.SizeAndTimeBasedFNATP@6b2fad11 - For more information see http://logback.qos.ch/manual/appenders.html#SizeAndTimeBasedRollingPolicy
07:49:41,545 |-INFO in ch.qos.logback.core.joran.action.NestedComplexPropertyIA - Assuming default type [ch.qos.logback.classic.encoder.PatternLayoutEncoder] for [encoder] property
07:49:41,549 |-INFO in ch.qos.logback.core.rolling.RollingFileAppender[FILE] - Active log file name: /tmp/application.log
07:49:41,550 |-INFO in ch.qos.logback.core.rolling.RollingFileAppender[FILE] - File property is set to [/tmp/application.log]
07:49:41,550 |-INFO in ch.qos.logback.classic.joran.action.RootLoggerAction - Setting level of ROOT logger to WARN
07:49:41,550 |-INFO in ch.qos.logback.core.joran.action.AppenderRefAction - Attaching appender named [STDOUT] to Logger[ROOT]
07:49:41,552 |-INFO in ch.qos.logback.core.joran.action.AppenderRefAction - Attaching appender named [FILE] to Logger[ROOT]
07:49:41,552 |-INFO in ch.qos.logback.classic.joran.action.ConfigurationAction - End of configuration.
07:49:41,553 |-INFO in ch.qos.logback.classic.joran.JoranConfigurator@79698539 - Registering current configuration as safe fallback point

Ama winner
Ama winner
2019-06-11T07:49:42.875+0000: 1.782: [Full GC (Metadata GC Threshold) 2019-06-11T07:49:42.875+0000: 1.782: [Tenured: 0K->15144K(341376K), 0.0412533 secs] 114923K->15144K(494976K), [Metaspace: 20732K->20732K(1067008K)], 0.0413348 secs] [Times: user=0.03 sys=0.01, real=0.05 secs] 
07:50:05.551 [Curator-PathChildrenCache-2] WARN  o.a.c.u.ZKPaths  - The version of ZooKeeper being used doesn't support Container nodes. CreateMode.PERSISTENT will be used instead.
2019-06-11T07:50:07.810+0000: 26.716: [GC (Allocation Failure) 2019-06-11T07:50:07.810+0000: 26.716: [DefNew: 136576K->17023K(153600K), 0.0256269 secs] 151720K->52702K(494976K), 0.0257049 secs] [Times: user=0.02 sys=0.01, real=0.02 secs] 
2019-06-11T07:50:08.144+0000: 27.051: [Full GC (Metadata GC Threshold) 2019-06-11T07:50:08.144+0000: 27.051: [Tenured: 35678K->44178K(341376K), 0.0354894 secs] 67665K->44178K(494976K), [Metaspace: 34538K->34538K(1079296K)], 0.0355674 secs] [Times: user=0.04 sys=0.00, real=0.04 secs] 
2019-06-11T07:50:09.854+0000: 28.761: [GC (Allocation Failure) 2019-06-11T07:50:09.855+0000: 28.761: [DefNew: 136576K->790K(153600K), 0.0029815 secs] 180754K->44968K(494976K), 0.0030492 secs] [Times: user=0.00 sys=0.00, real=0.01 secs] 
2019-06-11T07:50:10.848+0000: 29.754: [GC (Allocation Failure) 2019-06-11T07:50:10.848+0000: 29.754: [DefNew: 137366K->432K(153600K), 0.0023009 secs] 181544K->44611K(494976K), 0.0023591 secs] [Times: user=0.00 sys=0.00, real=0.01 secs] 
2019-06-11T07:50:11.858+0000: 30.764: [GC (Allocation Failure) 2019-06-11T07:50:11.858+0000: 30.764: [DefNew: 137008K->145K(153600K), 0.0018530 secs] 181187K->44324K(494976K), 0.0019141 secs] [Times: user=0.00 sys=0.00, real=0.00 secs] 
2019-06-11T07:50:12.938+0000: 31.844: [GC (Allocation Failure) 2019-06-11T07:50:12.938+0000: 31.844: [DefNew: 136721K->155K(153600K), 0.0018206 secs] 180900K->44333K(494976K), 0.0018898 secs] [Times: user=0.00 sys=0.00, real=0.00 secs] 
2019-06-11T07:50:14.049+0000: 32.955: [GC (Allocation Failure) 2019-06-11T07:50:14.049+0000: 32.956: [DefNew: 136731K->155K(153600K), 0.0018283 secs] 180909K->44334K(494976K), 0.0019080 secs] [Times: user=0.00 sys=0.00, real=0.00 secs] 
2019-06-11T07:50:15.142+0000: 34.048: [GC (Allocation Failure) 2019-06-11T07:50:15.142+0000: 34.048: [DefNew: 136731K->161K(153600K), 0.0019620 secs] 180910K->44340K(494976K), 0.0020222 secs] [Times: user=0.00 sys=0.00, real=0.00 secs] 
2019-06-11T07:50:16.250+0000: 35.156: [GC (Allocation Failure) 2019-06-11T07:50:16.250+0000: 35.156: [DefNew: 136737K->164K(153600K), 0.0019408 secs] 180916K->44342K(494976K), 0.0019998 secs] [Times: user=0.00 sys=0.00, real=0.00 secs] 
07:50:22.415 [Curator-PathChildrenCache-0] ERROR o.a.c.f.r.c.PathChildrenCache  - 
java.lang.IllegalStateException: instance must be started before calling this method
	at org.apache.curator.shaded.com.google.common.base.Preconditions.checkState(Preconditions.java:444)
	at org.apache.curator.framework.imps.CuratorFrameworkImpl.getChildren(CuratorFrameworkImpl.java:456)
	at org.apache.curator.framework.recipes.cache.PathChildrenCache.refresh(PathChildrenCache.java:521)
	at org.apache.curator.framework.recipes.cache.RefreshOperation.invoke(RefreshOperation.java:35)
	at org.apache.curator.framework.recipes.cache.PathChildrenCache$9.run(PathChildrenCache.java:786)
	at java.util.concurrent.Executors$RunnableAdapter.call(Executors.java:511)
	at java.util.concurrent.FutureTask.run(FutureTask.java:266)
	at java.util.concurrent.Executors$RunnableAdapter.call(Executors.java:511)
	at java.util.concurrent.FutureTask.run(FutureTask.java:266)
	at java.util.concurrent.ThreadPoolExecutor.runWorker(ThreadPoolExecutor.java:1149)
	at java.util.concurrent.ThreadPoolExecutor$Worker.run(ThreadPoolExecutor.java:624)
	at java.lang.Thread.run(Thread.java:748)
Heap
 def new generation   total 153600K, used 83314K [0x00000000e0c00000, 0x00000000eb2a0000, 0x00000000eb2a0000)
  eden space 136576K,  60% used [0x00000000e0c00000, 0x00000000e5d337e8, 0x00000000e9160000)
  from space 17024K,   0% used [0x00000000e9160000, 0x00000000e91890e8, 0x00000000ea200000)
  to   space 17024K,   0% used [0x00000000ea200000, 0x00000000ea200000, 0x00000000eb2a0000)
 tenured generation   total 341376K, used 44178K [0x00000000eb2a0000, 0x0000000100000000, 0x0000000100000000)
   the space 341376K,  12% used [0x00000000eb2a0000, 0x00000000eddc4ad0, 0x00000000eddc4c00, 0x0000000100000000)
 Metaspace       used 35956K, capacity 36968K, committed 37120K, reserved 1081344K
  class space    used 4875K, capacity 5066K, committed 5120K, reserved 1048576K
