10:22:46,227 |-INFO in ch.qos.logback.classic.LoggerContext[default] - Could NOT find resource [logback-test.xml]
10:22:46,227 |-INFO in ch.qos.logback.classic.LoggerContext[default] - Could NOT find resource [logback.groovy]
10:22:46,228 |-INFO in ch.qos.logback.classic.LoggerContext[default] - Found resource [logback.xml] at [jar:file:/home/nikitasokolov/flamestream/lib/flamestream-runtime-1.0-SNAPSHOT.jar!/logback.xml]
10:22:46,228 |-WARN in ch.qos.logback.classic.LoggerContext[default] - Resource [logback.xml] occurs multiple times on the classpath.
10:22:46,228 |-WARN in ch.qos.logback.classic.LoggerContext[default] - Resource [logback.xml] occurs at [jar:file:/home/nikitasokolov/flamestream/lib/flamestream-runtime-1.0-SNAPSHOT.jar!/logback.xml]
10:22:46,228 |-WARN in ch.qos.logback.classic.LoggerContext[default] - Resource [logback.xml] occurs at [jar:file:/home/nikitasokolov/flamestream/flamestream-runtime-1.0-SNAPSHOT.jar!/logback.xml]
10:22:46,245 |-INFO in ch.qos.logback.core.joran.spi.ConfigurationWatchList@6108b2d7 - URL [jar:file:/home/nikitasokolov/flamestream/lib/flamestream-runtime-1.0-SNAPSHOT.jar!/logback.xml] is not of type file
10:22:46,296 |-INFO in ch.qos.logback.classic.joran.action.ConfigurationAction - debug attribute not set
10:22:46,296 |-INFO in ch.qos.logback.core.joran.action.AppenderAction - About to instantiate appender of type [ch.qos.logback.core.ConsoleAppender]
10:22:46,308 |-INFO in ch.qos.logback.core.joran.action.AppenderAction - Naming appender as [STDOUT]
10:22:46,316 |-INFO in ch.qos.logback.core.joran.action.NestedComplexPropertyIA - Assuming default type [ch.qos.logback.classic.encoder.PatternLayoutEncoder] for [encoder] property
10:22:46,373 |-INFO in ch.qos.logback.core.joran.action.AppenderAction - About to instantiate appender of type [ch.qos.logback.core.rolling.RollingFileAppender]
10:22:46,379 |-INFO in ch.qos.logback.core.joran.action.AppenderAction - Naming appender as [FILE]
10:22:46,401 |-INFO in c.q.l.core.rolling.TimeBasedRollingPolicy@357863579 - No compression will be used
10:22:46,402 |-INFO in c.q.l.core.rolling.TimeBasedRollingPolicy@357863579 - Will use the pattern /tmp/application_%d{yyyy-MM-dd}.%i.log for the active file
10:22:46,405 |-INFO in ch.qos.logback.core.rolling.SizeAndTimeBasedFNATP@6bf256fa - The date pattern is 'yyyy-MM-dd' from file name pattern '/tmp/application_%d{yyyy-MM-dd}.%i.log'.
10:22:46,405 |-INFO in ch.qos.logback.core.rolling.SizeAndTimeBasedFNATP@6bf256fa - Roll-over at midnight.
10:22:46,409 |-INFO in ch.qos.logback.core.rolling.SizeAndTimeBasedFNATP@6bf256fa - Setting initial period to Sun Jun 09 10:22:00 MSK 2019
10:22:46,409 |-WARN in ch.qos.logback.core.rolling.SizeAndTimeBasedFNATP@6bf256fa - SizeAndTimeBasedFNATP is deprecated. Use SizeAndTimeBasedRollingPolicy instead
10:22:46,409 |-WARN in ch.qos.logback.core.rolling.SizeAndTimeBasedFNATP@6bf256fa - For more information see http://logback.qos.ch/manual/appenders.html#SizeAndTimeBasedRollingPolicy
10:22:46,414 |-INFO in ch.qos.logback.core.joran.action.NestedComplexPropertyIA - Assuming default type [ch.qos.logback.classic.encoder.PatternLayoutEncoder] for [encoder] property
10:22:46,416 |-INFO in ch.qos.logback.core.rolling.RollingFileAppender[FILE] - Active log file name: /tmp/application.log
10:22:46,416 |-INFO in ch.qos.logback.core.rolling.RollingFileAppender[FILE] - File property is set to [/tmp/application.log]
10:22:46,417 |-INFO in ch.qos.logback.classic.joran.action.RootLoggerAction - Setting level of ROOT logger to WARN
10:22:46,418 |-INFO in ch.qos.logback.core.joran.action.AppenderRefAction - Attaching appender named [STDOUT] to Logger[ROOT]
10:22:46,418 |-INFO in ch.qos.logback.core.joran.action.AppenderRefAction - Attaching appender named [FILE] to Logger[ROOT]
10:22:46,418 |-INFO in ch.qos.logback.classic.joran.action.ConfigurationAction - End of configuration.
10:22:46,419 |-INFO in ch.qos.logback.classic.joran.JoranConfigurator@6cd8737 - Registering current configuration as safe fallback point

2019-06-09T10:22:47.407+0300: 1.381: [GC (Metadata GC Threshold) [PSYoungGen: 110722K->15956K(149504K)] 110722K->16036K(491008K), 0.0199279 secs] [Times: user=0.09 sys=0.03, real=0.02 secs] 
2019-06-09T10:22:47.427+0300: 1.401: [Full GC (Metadata GC Threshold) [PSYoungGen: 15956K->0K(149504K)] [ParOldGen: 80K->15078K(341504K)] 16036K->15078K(491008K), [Metaspace: 20800K->20800K(1067008K)], 0.0282051 secs] [Times: user=0.18 sys=0.01, real=0.03 secs] 
10:22:54.748 [Curator-PathChildrenCache-1] WARN  o.a.c.u.ZKPaths  - The version of ZooKeeper being used doesn't support Container nodes. CreateMode.PERSISTENT will be used instead.
2019-06-09T10:22:55.709+0300: 9.683: [GC (Metadata GC Threshold) [PSYoungGen: 127457K->20971K(149504K)] 142535K->49891K(491008K), 0.0235665 secs] [Times: user=0.24 sys=0.02, real=0.03 secs] 
2019-06-09T10:22:55.732+0300: 9.706: [Full GC (Metadata GC Threshold) [PSYoungGen: 20971K->0K(149504K)] [ParOldGen: 28919K->38821K(341504K)] 49891K->38821K(491008K), [Metaspace: 34563K->34563K(1079296K)], 0.0349606 secs] [Times: user=0.14 sys=0.01, real=0.03 secs] 
2019-06-09T10:22:59.510+0300: 13.485: [GC (Allocation Failure) [PSYoungGen: 128512K->512K(149504K)] 167333K->39341K(491008K), 0.0047887 secs] [Times: user=0.02 sys=0.00, real=0.00 secs] 
2019-06-09T10:23:03.847+0300: 17.821: [GC (Allocation Failure) [PSYoungGen: 129024K->480K(149504K)] 167853K->39317K(491008K), 0.0049076 secs] [Times: user=0.04 sys=0.01, real=0.01 secs] 
2019-06-09T10:23:08.235+0300: 22.209: [GC (Allocation Failure) [PSYoungGen: 128992K->352K(129024K)] 167829K->39197K(470528K), 0.0036483 secs] [Times: user=0.02 sys=0.00, real=0.01 secs] 
2019-06-09T10:23:12.651+0300: 26.625: [GC (Allocation Failure) [PSYoungGen: 128864K->416K(132608K)] 167709K->39269K(474112K), 0.0043477 secs] [Times: user=0.03 sys=0.00, real=0.00 secs] 
2019-06-09T10:23:15.835+0300: 29.809: [GC (Allocation Failure) [PSYoungGen: 93088K->448K(130560K)] 131941K->39309K(472064K), 0.0030452 secs] [Times: user=0.02 sys=0.00, real=0.01 secs] 
2019-06-09T10:23:19.036+0300: 33.010: [GC (Allocation Failure) [PSYoungGen: 93120K->480K(136704K)] 131981K->39349K(478208K), 0.0026175 secs] [Times: user=0.02 sys=0.00, real=0.01 secs] 
2019-06-09T10:23:22.524+0300: 36.498: [GC (Allocation Failure) [PSYoungGen: 101856K->384K(135168K)] 140725K->39253K(476672K), 0.0035848 secs] [Times: user=0.03 sys=0.00, real=0.00 secs] 
2019-06-09T10:23:26.019+0300: 39.993: [GC (Allocation Failure) [PSYoungGen: 101760K->448K(140288K)] 140629K->39317K(481792K), 0.0032190 secs] [Times: user=0.01 sys=0.00, real=0.00 secs] 
2019-06-09T10:23:29.777+0300: 43.751: [GC (Allocation Failure) [PSYoungGen: 108992K->512K(138752K)] 147861K->39389K(480256K), 0.0028934 secs] [Times: user=0.02 sys=0.00, real=0.01 secs] 
2019-06-09T10:23:33.541+0300: 47.515: [GC (Allocation Failure) [PSYoungGen: 109056K->576K(143360K)] 147933K->39461K(484864K), 0.0047113 secs] [Times: user=0.03 sys=0.00, real=0.00 secs] 
2019-06-09T10:23:37.491+0300: 51.465: [GC (Allocation Failure) [PSYoungGen: 115264K->480K(141824K)] 154149K->39373K(483328K), 0.0038209 secs] [Times: user=0.01 sys=0.01, real=0.00 secs] 
2019-06-09T10:23:41.442+0300: 55.417: [GC (Allocation Failure) [PSYoungGen: 115168K->512K(146432K)] 154061K->39413K(487936K), 0.0030526 secs] [Times: user=0.02 sys=0.01, real=0.00 secs] 
10:23:49.494 [Curator-PathChildrenCache-0] ERROR o.a.c.f.r.c.PathChildrenCache  - 
java.lang.IllegalStateException: instance must be started before calling this method
	at org.apache.curator.shaded.com.google.common.base.Preconditions.checkState(Preconditions.java:444)
	at org.apache.curator.framework.imps.CuratorFrameworkImpl.getChildren(CuratorFrameworkImpl.java:456)
	at org.apache.curator.framework.recipes.cache.PathChildrenCache.refresh(PathChildrenCache.java:521)
	at org.apache.curator.framework.recipes.cache.RefreshOperation.invoke(RefreshOperation.java:35)
	at org.apache.curator.framework.recipes.cache.PathChildrenCache$9.run(PathChildrenCache.java:786)
	at java.util.concurrent.Executors$RunnableAdapter.call(Executors.java:511)
	at java.util.concurrent.FutureTask.run(FutureTask.java:266)
	at java.util.concurrent.Executors$RunnableAdapter.call(Executors.java:511)
	at java.util.concurrent.FutureTask.run(FutureTask.java:266)
	at java.util.concurrent.ThreadPoolExecutor.runWorker(ThreadPoolExecutor.java:1149)
	at java.util.concurrent.ThreadPoolExecutor$Worker.run(ThreadPoolExecutor.java:624)
	at java.lang.Thread.run(Thread.java:748)
Heap
 PSYoungGen      total 146432K, used 81941K [0x00000000f5980000, 0x0000000100000000, 0x0000000100000000)
  eden space 120832K, 67% used [0x00000000f5980000,0x00000000fa905770,0x00000000fcf80000)
  from space 25600K, 2% used [0x00000000fe700000,0x00000000fe780020,0x0000000100000000)
  to   space 24064K, 0% used [0x00000000fcf80000,0x00000000fcf80000,0x00000000fe700000)
 ParOldGen       total 341504K, used 38901K [0x00000000e0c00000, 0x00000000f5980000, 0x00000000f5980000)
  object space 341504K, 11% used [0x00000000e0c00000,0x00000000e31fd6c0,0x00000000f5980000)
 Metaspace       used 36056K, capacity 36894K, committed 37208K, reserved 1081344K
  class space    used 4978K, capacity 5161K, committed 5248K, reserved 1048576K
