19:14:56,114 |-INFO in ch.qos.logback.classic.LoggerContext[default] - Could NOT find resource [logback-test.xml]
19:14:56,114 |-INFO in ch.qos.logback.classic.LoggerContext[default] - Could NOT find resource [logback.groovy]
19:14:56,114 |-INFO in ch.qos.logback.classic.LoggerContext[default] - Found resource [logback.xml] at [jar:file:/root/flamestream/lib/flamestream-runtime-1.0-SNAPSHOT.jar!/logback.xml]
19:14:56,114 |-WARN in ch.qos.logback.classic.LoggerContext[default] - Resource [logback.xml] occurs multiple times on the classpath.
19:14:56,115 |-WARN in ch.qos.logback.classic.LoggerContext[default] - Resource [logback.xml] occurs at [jar:file:/root/flamestream/lib/flamestream-runtime-1.0-SNAPSHOT.jar!/logback.xml]
19:14:56,115 |-WARN in ch.qos.logback.classic.LoggerContext[default] - Resource [logback.xml] occurs at [jar:file:/root/flamestream/flamestream-runtime-1.0-SNAPSHOT.jar!/logback.xml]
19:14:56,138 |-INFO in ch.qos.logback.core.joran.spi.ConfigurationWatchList@3fb6a447 - URL [jar:file:/root/flamestream/lib/flamestream-runtime-1.0-SNAPSHOT.jar!/logback.xml] is not of type file
19:14:56,205 |-INFO in ch.qos.logback.classic.joran.action.ConfigurationAction - debug attribute not set
19:14:56,206 |-INFO in ch.qos.logback.core.joran.action.AppenderAction - About to instantiate appender of type [ch.qos.logback.core.ConsoleAppender]
19:14:56,222 |-INFO in ch.qos.logback.core.joran.action.AppenderAction - Naming appender as [STDOUT]
19:14:56,240 |-INFO in ch.qos.logback.core.joran.action.NestedComplexPropertyIA - Assuming default type [ch.qos.logback.classic.encoder.PatternLayoutEncoder] for [encoder] property
19:14:56,322 |-INFO in ch.qos.logback.core.joran.action.AppenderAction - About to instantiate appender of type [ch.qos.logback.core.rolling.RollingFileAppender]
19:14:56,335 |-INFO in ch.qos.logback.core.joran.action.AppenderAction - Naming appender as [FILE]
19:14:56,364 |-INFO in c.q.l.core.rolling.TimeBasedRollingPolicy@127618319 - No compression will be used
19:14:56,366 |-INFO in c.q.l.core.rolling.TimeBasedRollingPolicy@127618319 - Will use the pattern /tmp/application_%d{yyyy-MM-dd}.%i.log for the active file
19:14:56,369 |-INFO in ch.qos.logback.core.rolling.SizeAndTimeBasedFNATP@6b2fad11 - The date pattern is 'yyyy-MM-dd' from file name pattern '/tmp/application_%d{yyyy-MM-dd}.%i.log'.
19:14:56,369 |-INFO in ch.qos.logback.core.rolling.SizeAndTimeBasedFNATP@6b2fad11 - Roll-over at midnight.
19:14:56,374 |-INFO in ch.qos.logback.core.rolling.SizeAndTimeBasedFNATP@6b2fad11 - Setting initial period to Mon Jun 10 19:13:19 UTC 2019
19:14:56,374 |-WARN in ch.qos.logback.core.rolling.SizeAndTimeBasedFNATP@6b2fad11 - SizeAndTimeBasedFNATP is deprecated. Use SizeAndTimeBasedRollingPolicy instead
19:14:56,374 |-WARN in ch.qos.logback.core.rolling.SizeAndTimeBasedFNATP@6b2fad11 - For more information see http://logback.qos.ch/manual/appenders.html#SizeAndTimeBasedRollingPolicy
19:14:56,378 |-INFO in ch.qos.logback.core.joran.action.NestedComplexPropertyIA - Assuming default type [ch.qos.logback.classic.encoder.PatternLayoutEncoder] for [encoder] property
19:14:56,383 |-INFO in ch.qos.logback.core.rolling.RollingFileAppender[FILE] - Active log file name: /tmp/application.log
19:14:56,383 |-INFO in ch.qos.logback.core.rolling.RollingFileAppender[FILE] - File property is set to [/tmp/application.log]
19:14:56,384 |-INFO in ch.qos.logback.classic.joran.action.RootLoggerAction - Setting level of ROOT logger to WARN
19:14:56,384 |-INFO in ch.qos.logback.core.joran.action.AppenderRefAction - Attaching appender named [STDOUT] to Logger[ROOT]
19:14:56,386 |-INFO in ch.qos.logback.core.joran.action.AppenderRefAction - Attaching appender named [FILE] to Logger[ROOT]
19:14:56,386 |-INFO in ch.qos.logback.classic.joran.action.ConfigurationAction - End of configuration.
19:14:56,386 |-INFO in ch.qos.logback.classic.joran.JoranConfigurator@79698539 - Registering current configuration as safe fallback point

Ama winner
Ama winner
2019-06-10T19:14:57.647+0000: 1.715: [Full GC (Metadata GC Threshold) 2019-06-10T19:14:57.647+0000: 1.715: [Tenured: 0K->15209K(341376K), 0.0352697 secs] 114923K->15209K(494976K), [Metaspace: 20738K->20738K(1067008K)], 0.0353520 secs] [Times: user=0.03 sys=0.01, real=0.04 secs] 
19:15:30.250 [Curator-PathChildrenCache-2] WARN  o.a.c.u.ZKPaths  - The version of ZooKeeper being used doesn't support Container nodes. CreateMode.PERSISTENT will be used instead.
2019-06-10T19:15:32.263+0000: 36.330: [GC (GCLocker Initiated GC) 2019-06-10T19:15:32.263+0000: 36.330: [DefNew: 118443K->17023K(153600K), 0.0181205 secs] 153184K->52743K(494976K), 0.0181903 secs] [Times: user=0.00 sys=0.01, real=0.02 secs] 
2019-06-10T19:15:32.786+0000: 36.853: [Full GC (Metadata GC Threshold) 2019-06-10T19:15:32.786+0000: 36.853: [Tenured: 35719K->44452K(341376K), 0.0378887 secs] 71174K->44452K(494976K), [Metaspace: 34552K->34552K(1079296K)], 0.0379781 secs] [Times: user=0.04 sys=0.01, real=0.04 secs] 
2019-06-10T19:15:38.394+0000: 42.462: [GC (Allocation Failure) 2019-06-10T19:15:38.394+0000: 42.462: [DefNew: 136576K->164K(153600K), 0.0022117 secs] 181028K->44616K(494976K), 0.0022708 secs] [Times: user=0.00 sys=0.00, real=0.00 secs] 
2019-06-10T19:15:44.014+0000: 48.082: [GC (Allocation Failure) 2019-06-10T19:15:44.014+0000: 48.082: [DefNew: 136740K->163K(153600K), 0.0019873 secs] 181192K->44615K(494976K), 0.0020477 secs] [Times: user=0.00 sys=0.00, real=0.00 secs] 
2019-06-10T19:15:49.553+0000: 53.621: [GC (Allocation Failure) 2019-06-10T19:15:49.553+0000: 53.621: [DefNew: 136739K->163K(153600K), 0.0019661 secs] 181191K->44616K(494976K), 0.0020274 secs] [Times: user=0.00 sys=0.00, real=0.00 secs] 
2019-06-10T19:15:55.220+0000: 59.288: [GC (Allocation Failure) 2019-06-10T19:15:55.220+0000: 59.288: [DefNew: 136739K->170K(153600K), 0.0019079 secs] 181192K->44623K(494976K), 0.0019657 secs] [Times: user=0.01 sys=0.00, real=0.00 secs] 
2019-06-10T19:16:01.021+0000: 65.089: [GC (Allocation Failure) 2019-06-10T19:16:01.021+0000: 65.089: [DefNew: 136746K->491K(153600K), 0.0023910 secs] 181199K->44944K(494976K), 0.0024607 secs] [Times: user=0.00 sys=0.00, real=0.00 secs] 
2019-06-10T19:16:07.389+0000: 71.457: [GC (Allocation Failure) 2019-06-10T19:16:07.389+0000: 71.457: [DefNew: 137067K->263K(153600K), 0.0023661 secs] 181520K->44715K(494976K), 0.0024298 secs] [Times: user=0.00 sys=0.00, real=0.01 secs] 
2019-06-10T19:16:13.703+0000: 77.770: [GC (Allocation Failure) 2019-06-10T19:16:13.703+0000: 77.771: [DefNew: 136839K->262K(153600K), 0.0023048 secs] 181291K->44715K(494976K), 0.0023676 secs] [Times: user=0.00 sys=0.00, real=0.00 secs] 
2019-06-10T19:16:19.942+0000: 84.010: [GC (Allocation Failure) 2019-06-10T19:16:19.942+0000: 84.010: [DefNew: 136838K->261K(153600K), 0.0023067 secs] 181291K->44714K(494976K), 0.0023686 secs] [Times: user=0.00 sys=0.00, real=0.00 secs] 
2019-06-10T19:16:26.209+0000: 90.276: [GC (Allocation Failure) 2019-06-10T19:16:26.209+0000: 90.276: [DefNew: 136837K->271K(153600K), 0.0023801 secs] 181290K->44724K(494976K), 0.0024403 secs] [Times: user=0.00 sys=0.00, real=0.01 secs] 
19:16:39.619 [Curator-PathChildrenCache-0] ERROR o.a.c.f.r.c.PathChildrenCache  - 
java.lang.IllegalStateException: instance must be started before calling this method
	at org.apache.curator.shaded.com.google.common.base.Preconditions.checkState(Preconditions.java:444)
	at org.apache.curator.framework.imps.CuratorFrameworkImpl.getChildren(CuratorFrameworkImpl.java:456)
	at org.apache.curator.framework.recipes.cache.PathChildrenCache.refresh(PathChildrenCache.java:521)
	at org.apache.curator.framework.recipes.cache.RefreshOperation.invoke(RefreshOperation.java:35)
	at org.apache.curator.framework.recipes.cache.PathChildrenCache$9.run(PathChildrenCache.java:786)
	at java.util.concurrent.Executors$RunnableAdapter.call(Executors.java:511)
	at java.util.concurrent.FutureTask.run(FutureTask.java:266)
	at java.util.concurrent.Executors$RunnableAdapter.call(Executors.java:511)
	at java.util.concurrent.FutureTask.run(FutureTask.java:266)
	at java.util.concurrent.ThreadPoolExecutor.runWorker(ThreadPoolExecutor.java:1149)
	at java.util.concurrent.ThreadPoolExecutor$Worker.run(ThreadPoolExecutor.java:624)
	at java.lang.Thread.run(Thread.java:748)
Heap
 def new generation   total 153600K, used 123274K [0x00000000e0c00000, 0x00000000eb2a0000, 0x00000000eb2a0000)
  eden space 136576K,  90% used [0x00000000e0c00000, 0x00000000e841eb08, 0x00000000e9160000)
  from space 17024K,   1% used [0x00000000e9160000, 0x00000000e91a3da0, 0x00000000ea200000)
  to   space 17024K,   0% used [0x00000000ea200000, 0x00000000ea200000, 0x00000000eb2a0000)
 tenured generation   total 341376K, used 44452K [0x00000000eb2a0000, 0x0000000100000000, 0x0000000100000000)
   the space 341376K,  13% used [0x00000000eb2a0000, 0x00000000ede09260, 0x00000000ede09400, 0x0000000100000000)
 Metaspace       used 36419K, capacity 37384K, committed 37760K, reserved 1081344K
  class space    used 4902K, capacity 5124K, committed 5248K, reserved 1048576K
