15:39:17,426 |-INFO in ch.qos.logback.classic.LoggerContext[default] - Could NOT find resource [logback-test.xml]
15:39:17,426 |-INFO in ch.qos.logback.classic.LoggerContext[default] - Could NOT find resource [logback.groovy]
15:39:17,426 |-INFO in ch.qos.logback.classic.LoggerContext[default] - Found resource [logback.xml] at [jar:file:/root/flamestream/lib/flamestream-runtime-1.0-SNAPSHOT.jar!/logback.xml]
15:39:17,427 |-WARN in ch.qos.logback.classic.LoggerContext[default] - Resource [logback.xml] occurs multiple times on the classpath.
15:39:17,427 |-WARN in ch.qos.logback.classic.LoggerContext[default] - Resource [logback.xml] occurs at [jar:file:/root/flamestream/lib/flamestream-runtime-1.0-SNAPSHOT.jar!/logback.xml]
15:39:17,427 |-WARN in ch.qos.logback.classic.LoggerContext[default] - Resource [logback.xml] occurs at [jar:file:/root/flamestream/flamestream-runtime-1.0-SNAPSHOT.jar!/logback.xml]
15:39:17,447 |-INFO in ch.qos.logback.core.joran.spi.ConfigurationWatchList@3fb6a447 - URL [jar:file:/root/flamestream/lib/flamestream-runtime-1.0-SNAPSHOT.jar!/logback.xml] is not of type file
15:39:17,515 |-INFO in ch.qos.logback.classic.joran.action.ConfigurationAction - debug attribute not set
15:39:17,515 |-INFO in ch.qos.logback.core.joran.action.AppenderAction - About to instantiate appender of type [ch.qos.logback.core.ConsoleAppender]
15:39:17,531 |-INFO in ch.qos.logback.core.joran.action.AppenderAction - Naming appender as [STDOUT]
15:39:17,551 |-INFO in ch.qos.logback.core.joran.action.NestedComplexPropertyIA - Assuming default type [ch.qos.logback.classic.encoder.PatternLayoutEncoder] for [encoder] property
15:39:17,653 |-INFO in ch.qos.logback.core.joran.action.AppenderAction - About to instantiate appender of type [ch.qos.logback.core.rolling.RollingFileAppender]
15:39:17,657 |-INFO in ch.qos.logback.core.joran.action.AppenderAction - Naming appender as [FILE]
15:39:17,694 |-INFO in c.q.l.core.rolling.TimeBasedRollingPolicy@127618319 - No compression will be used
15:39:17,695 |-INFO in c.q.l.core.rolling.TimeBasedRollingPolicy@127618319 - Will use the pattern /tmp/application_%d{yyyy-MM-dd}.%i.log for the active file
15:39:17,698 |-INFO in ch.qos.logback.core.rolling.SizeAndTimeBasedFNATP@6b2fad11 - The date pattern is 'yyyy-MM-dd' from file name pattern '/tmp/application_%d{yyyy-MM-dd}.%i.log'.
15:39:17,698 |-INFO in ch.qos.logback.core.rolling.SizeAndTimeBasedFNATP@6b2fad11 - Roll-over at midnight.
15:39:17,703 |-INFO in ch.qos.logback.core.rolling.SizeAndTimeBasedFNATP@6b2fad11 - Setting initial period to Mon Jun 10 15:37:56 UTC 2019
15:39:17,703 |-WARN in ch.qos.logback.core.rolling.SizeAndTimeBasedFNATP@6b2fad11 - SizeAndTimeBasedFNATP is deprecated. Use SizeAndTimeBasedRollingPolicy instead
15:39:17,703 |-WARN in ch.qos.logback.core.rolling.SizeAndTimeBasedFNATP@6b2fad11 - For more information see http://logback.qos.ch/manual/appenders.html#SizeAndTimeBasedRollingPolicy
15:39:17,707 |-INFO in ch.qos.logback.core.joran.action.NestedComplexPropertyIA - Assuming default type [ch.qos.logback.classic.encoder.PatternLayoutEncoder] for [encoder] property
15:39:17,712 |-INFO in ch.qos.logback.core.rolling.RollingFileAppender[FILE] - Active log file name: /tmp/application.log
15:39:17,712 |-INFO in ch.qos.logback.core.rolling.RollingFileAppender[FILE] - File property is set to [/tmp/application.log]
15:39:17,713 |-INFO in ch.qos.logback.classic.joran.action.RootLoggerAction - Setting level of ROOT logger to WARN
15:39:17,713 |-INFO in ch.qos.logback.core.joran.action.AppenderRefAction - Attaching appender named [STDOUT] to Logger[ROOT]
15:39:17,715 |-INFO in ch.qos.logback.core.joran.action.AppenderRefAction - Attaching appender named [FILE] to Logger[ROOT]
15:39:17,715 |-INFO in ch.qos.logback.classic.joran.action.ConfigurationAction - End of configuration.
15:39:17,715 |-INFO in ch.qos.logback.classic.joran.JoranConfigurator@79698539 - Registering current configuration as safe fallback point

Ama winner
Ama winner
2019-06-10T15:39:19.019+0000: 1.779: [Full GC (Metadata GC Threshold) 2019-06-10T15:39:19.019+0000: 1.779: [Tenured: 0K->15176K(341376K), 0.0386549 secs] 114923K->15176K(494976K), [Metaspace: 20738K->20738K(1067008K)], 0.0387207 secs] [Times: user=0.03 sys=0.01, real=0.04 secs] 
15:39:31.017 [Curator-PathChildrenCache-1] WARN  o.a.c.u.ZKPaths  - The version of ZooKeeper being used doesn't support Container nodes. CreateMode.PERSISTENT will be used instead.
2019-06-10T15:39:33.478+0000: 16.237: [GC (Allocation Failure) 2019-06-10T15:39:33.478+0000: 16.237: [DefNew: 136576K->17023K(153600K), 0.0263702 secs] 151752K->52617K(494976K), 0.0264397 secs] [Times: user=0.01 sys=0.02, real=0.02 secs] 
2019-06-10T15:39:35.464+0000: 18.224: [Full GC (Metadata GC Threshold) 2019-06-10T15:39:35.464+0000: 18.224: [Tenured: 35593K->44233K(341376K), 0.0429045 secs] 94057K->44233K(494976K), [Metaspace: 34617K->34617K(1079296K)], 0.0429812 secs] [Times: user=0.04 sys=0.00, real=0.05 secs] 
2019-06-10T15:39:42.471+0000: 25.230: [GC (Allocation Failure) 2019-06-10T15:39:42.471+0000: 25.230: [DefNew: 136576K->70K(153600K), 0.0018808 secs] 180809K->44304K(494976K), 0.0019393 secs] [Times: user=0.01 sys=0.00, real=0.00 secs] 
2019-06-10T15:39:49.549+0000: 32.308: [GC (Allocation Failure) 2019-06-10T15:39:49.549+0000: 32.308: [DefNew: 136646K->68K(153600K), 0.0016665 secs] 180880K->44302K(494976K), 0.0017377 secs] [Times: user=0.00 sys=0.00, real=0.00 secs] 
2019-06-10T15:39:56.736+0000: 39.496: [GC (Allocation Failure) 2019-06-10T15:39:56.736+0000: 39.496: [DefNew: 136644K->70K(153600K), 0.0017024 secs] 180878K->44303K(494976K), 0.0017637 secs] [Times: user=0.00 sys=0.00, real=0.00 secs] 
2019-06-10T15:40:04.039+0000: 46.798: [GC (Allocation Failure) 2019-06-10T15:40:04.039+0000: 46.798: [DefNew: 136646K->72K(153600K), 0.0018114 secs] 180879K->44306K(494976K), 0.0018793 secs] [Times: user=0.00 sys=0.00, real=0.00 secs] 
2019-06-10T15:40:11.298+0000: 54.058: [GC (Allocation Failure) 2019-06-10T15:40:11.298+0000: 54.058: [DefNew: 136648K->72K(153600K), 0.0018322 secs] 180882K->44306K(494976K), 0.0018954 secs] [Times: user=0.01 sys=0.00, real=0.00 secs] 
15:40:24.758 [Curator-PathChildrenCache-0] ERROR o.a.c.f.r.c.PathChildrenCache  - 
java.lang.IllegalStateException: instance must be started before calling this method
	at org.apache.curator.shaded.com.google.common.base.Preconditions.checkState(Preconditions.java:444)
	at org.apache.curator.framework.imps.CuratorFrameworkImpl.getChildren(CuratorFrameworkImpl.java:456)
	at org.apache.curator.framework.recipes.cache.PathChildrenCache.refresh(PathChildrenCache.java:521)
	at org.apache.curator.framework.recipes.cache.RefreshOperation.invoke(RefreshOperation.java:35)
	at org.apache.curator.framework.recipes.cache.PathChildrenCache$9.run(PathChildrenCache.java:786)
	at java.util.concurrent.Executors$RunnableAdapter.call(Executors.java:511)
	at java.util.concurrent.FutureTask.run(FutureTask.java:266)
	at java.util.concurrent.Executors$RunnableAdapter.call(Executors.java:511)
	at java.util.concurrent.FutureTask.run(FutureTask.java:266)
	at java.util.concurrent.ThreadPoolExecutor.runWorker(ThreadPoolExecutor.java:1149)
	at java.util.concurrent.ThreadPoolExecutor$Worker.run(ThreadPoolExecutor.java:624)
	at java.lang.Thread.run(Thread.java:748)
Heap
 def new generation   total 153600K, used 116619K [0x00000000e0c00000, 0x00000000eb2a0000, 0x00000000eb2a0000)
  eden space 136576K,  85% used [0x00000000e0c00000, 0x00000000e7dd0c48, 0x00000000e9160000)
  from space 17024K,   0% used [0x00000000e9160000, 0x00000000e9172200, 0x00000000ea200000)
  to   space 17024K,   0% used [0x00000000ea200000, 0x00000000ea200000, 0x00000000eb2a0000)
 tenured generation   total 341376K, used 44233K [0x00000000eb2a0000, 0x0000000100000000, 0x0000000100000000)
   the space 341376K,  12% used [0x00000000eb2a0000, 0x00000000eddd2770, 0x00000000eddd2800, 0x0000000100000000)
 Metaspace       used 36089K, capacity 36992K, committed 37120K, reserved 1081344K
  class space    used 4867K, capacity 5074K, committed 5120K, reserved 1048576K
