12:47:35,634 |-INFO in ch.qos.logback.classic.LoggerContext[default] - Could NOT find resource [logback-test.xml]
12:47:35,635 |-INFO in ch.qos.logback.classic.LoggerContext[default] - Could NOT find resource [logback.groovy]
12:47:35,635 |-INFO in ch.qos.logback.classic.LoggerContext[default] - Found resource [logback.xml] at [jar:file:/home/nikitasokolov/flamestream/lib/flamestream-runtime-1.0-SNAPSHOT.jar!/logback.xml]
12:47:35,635 |-WARN in ch.qos.logback.classic.LoggerContext[default] - Resource [logback.xml] occurs multiple times on the classpath.
12:47:35,636 |-WARN in ch.qos.logback.classic.LoggerContext[default] - Resource [logback.xml] occurs at [jar:file:/home/nikitasokolov/flamestream/lib/flamestream-runtime-1.0-SNAPSHOT.jar!/logback.xml]
12:47:35,636 |-WARN in ch.qos.logback.classic.LoggerContext[default] - Resource [logback.xml] occurs at [jar:file:/home/nikitasokolov/flamestream/flamestream-runtime-1.0-SNAPSHOT.jar!/logback.xml]
12:47:35,651 |-INFO in ch.qos.logback.core.joran.spi.ConfigurationWatchList@6108b2d7 - URL [jar:file:/home/nikitasokolov/flamestream/lib/flamestream-runtime-1.0-SNAPSHOT.jar!/logback.xml] is not of type file
12:47:35,701 |-INFO in ch.qos.logback.classic.joran.action.ConfigurationAction - debug attribute not set
12:47:35,702 |-INFO in ch.qos.logback.core.joran.action.AppenderAction - About to instantiate appender of type [ch.qos.logback.core.ConsoleAppender]
12:47:35,710 |-INFO in ch.qos.logback.core.joran.action.AppenderAction - Naming appender as [STDOUT]
12:47:35,719 |-INFO in ch.qos.logback.core.joran.action.NestedComplexPropertyIA - Assuming default type [ch.qos.logback.classic.encoder.PatternLayoutEncoder] for [encoder] property
12:47:35,777 |-INFO in ch.qos.logback.core.joran.action.AppenderAction - About to instantiate appender of type [ch.qos.logback.core.rolling.RollingFileAppender]
12:47:35,782 |-INFO in ch.qos.logback.core.joran.action.AppenderAction - Naming appender as [FILE]
12:47:35,803 |-INFO in c.q.l.core.rolling.TimeBasedRollingPolicy@357863579 - No compression will be used
12:47:35,804 |-INFO in c.q.l.core.rolling.TimeBasedRollingPolicy@357863579 - Will use the pattern /tmp/application_%d{yyyy-MM-dd}.%i.log for the active file
12:47:35,807 |-INFO in ch.qos.logback.core.rolling.SizeAndTimeBasedFNATP@6bf256fa - The date pattern is 'yyyy-MM-dd' from file name pattern '/tmp/application_%d{yyyy-MM-dd}.%i.log'.
12:47:35,807 |-INFO in ch.qos.logback.core.rolling.SizeAndTimeBasedFNATP@6bf256fa - Roll-over at midnight.
12:47:35,811 |-INFO in ch.qos.logback.core.rolling.SizeAndTimeBasedFNATP@6bf256fa - Setting initial period to Sun Jun 09 12:46:50 MSK 2019
12:47:35,811 |-WARN in ch.qos.logback.core.rolling.SizeAndTimeBasedFNATP@6bf256fa - SizeAndTimeBasedFNATP is deprecated. Use SizeAndTimeBasedRollingPolicy instead
12:47:35,811 |-WARN in ch.qos.logback.core.rolling.SizeAndTimeBasedFNATP@6bf256fa - For more information see http://logback.qos.ch/manual/appenders.html#SizeAndTimeBasedRollingPolicy
12:47:35,815 |-INFO in ch.qos.logback.core.joran.action.NestedComplexPropertyIA - Assuming default type [ch.qos.logback.classic.encoder.PatternLayoutEncoder] for [encoder] property
12:47:35,817 |-INFO in ch.qos.logback.core.rolling.RollingFileAppender[FILE] - Active log file name: /tmp/application.log
12:47:35,817 |-INFO in ch.qos.logback.core.rolling.RollingFileAppender[FILE] - File property is set to [/tmp/application.log]
12:47:35,819 |-INFO in ch.qos.logback.classic.joran.action.RootLoggerAction - Setting level of ROOT logger to WARN
12:47:35,819 |-INFO in ch.qos.logback.core.joran.action.AppenderRefAction - Attaching appender named [STDOUT] to Logger[ROOT]
12:47:35,819 |-INFO in ch.qos.logback.core.joran.action.AppenderRefAction - Attaching appender named [FILE] to Logger[ROOT]
12:47:35,819 |-INFO in ch.qos.logback.classic.joran.action.ConfigurationAction - End of configuration.
12:47:35,820 |-INFO in ch.qos.logback.classic.joran.JoranConfigurator@6cd8737 - Registering current configuration as safe fallback point

2019-06-09T12:47:36.789+0300: 1.357: [GC (Metadata GC Threshold) [PSYoungGen: 108152K->15789K(149504K)] 108152K->15869K(491008K), 0.0194755 secs] [Times: user=0.06 sys=0.01, real=0.02 secs] 
2019-06-09T12:47:36.809+0300: 1.376: [Full GC (Metadata GC Threshold) [PSYoungGen: 15789K->0K(149504K)] [ParOldGen: 80K->14981K(341504K)] 15869K->14981K(491008K), [Metaspace: 20801K->20801K(1067008K)], 0.0270832 secs] [Times: user=0.14 sys=0.01, real=0.03 secs] 
12:47:47.860 [Curator-PathChildrenCache-1] WARN  o.a.c.u.ZKPaths  - The version of ZooKeeper being used doesn't support Container nodes. CreateMode.PERSISTENT will be used instead.
2019-06-09T12:47:48.774+0300: 13.341: [GC (Metadata GC Threshold) [PSYoungGen: 126744K->16068K(149504K)] 141726K->50589K(491008K), 0.0273295 secs] [Times: user=0.20 sys=0.02, real=0.03 secs] 
2019-06-09T12:47:48.801+0300: 13.369: [Full GC (Metadata GC Threshold) [PSYoungGen: 16068K->0K(149504K)] [ParOldGen: 34520K->39001K(341504K)] 50589K->39001K(491008K), [Metaspace: 34553K->34553K(1079296K)], 0.0385961 secs] [Times: user=0.21 sys=0.01, real=0.04 secs] 
2019-06-09T12:47:52.653+0300: 17.221: [GC (Allocation Failure) [PSYoungGen: 128512K->416K(149504K)] 167513K->39425K(491008K), 0.0028141 secs] [Times: user=0.02 sys=0.00, real=0.00 secs] 
2019-06-09T12:47:57.093+0300: 21.661: [GC (Allocation Failure) [PSYoungGen: 128928K->256K(149504K)] 167937K->39273K(491008K), 0.0061698 secs] [Times: user=0.03 sys=0.01, real=0.01 secs] 
2019-06-09T12:48:01.567+0300: 26.134: [GC (Allocation Failure) [PSYoungGen: 128768K->384K(129024K)] 167785K->39401K(470528K), 0.0065428 secs] [Times: user=0.04 sys=0.00, real=0.01 secs] 
2019-06-09T12:48:06.036+0300: 30.604: [GC (Allocation Failure) [PSYoungGen: 128896K->352K(149504K)] 167913K->39377K(491008K), 0.0047679 secs] [Times: user=0.03 sys=0.00, real=0.01 secs] 
2019-06-09T12:48:10.500+0300: 35.068: [GC (Allocation Failure) [PSYoungGen: 128352K->352K(148992K)] 167377K->39385K(490496K), 0.0030693 secs] [Times: user=0.02 sys=0.00, real=0.00 secs] 
2019-06-09T12:48:15.027+0300: 39.594: [GC (Allocation Failure) [PSYoungGen: 128352K->448K(151552K)] 167385K->39489K(493056K), 0.0022103 secs] [Times: user=0.01 sys=0.00, real=0.00 secs] 
2019-06-09T12:48:19.664+0300: 44.232: [GC (Allocation Failure) [PSYoungGen: 132032K->416K(150528K)] 171073K->39465K(492032K), 0.0036352 secs] [Times: user=0.03 sys=0.00, real=0.00 secs] 
2019-06-09T12:48:24.247+0300: 48.815: [GC (Allocation Failure) [PSYoungGen: 132000K->320K(153088K)] 171049K->39377K(494592K), 0.0632496 secs] [Times: user=0.02 sys=0.00, real=0.07 secs] 
2019-06-09T12:48:34.996+0300: 59.563: [GC (Allocation Failure) [PSYoungGen: 135488K->384K(152576K)] 174545K->39441K(494080K), 0.0018431 secs] [Times: user=0.00 sys=0.00, real=0.01 secs] 
12:48:35.044 [Curator-PathChildrenCache-0] ERROR o.a.c.f.r.c.PathChildrenCache  - 
java.lang.IllegalStateException: instance must be started before calling this method
	at org.apache.curator.shaded.com.google.common.base.Preconditions.checkState(Preconditions.java:444)
	at org.apache.curator.framework.imps.CuratorFrameworkImpl.getChildren(CuratorFrameworkImpl.java:456)
	at org.apache.curator.framework.recipes.cache.PathChildrenCache.refresh(PathChildrenCache.java:521)
	at org.apache.curator.framework.recipes.cache.RefreshOperation.invoke(RefreshOperation.java:35)
	at org.apache.curator.framework.recipes.cache.PathChildrenCache$9.run(PathChildrenCache.java:786)
	at java.util.concurrent.Executors$RunnableAdapter.call(Executors.java:511)
	at java.util.concurrent.FutureTask.run(FutureTask.java:266)
	at java.util.concurrent.Executors$RunnableAdapter.call(Executors.java:511)
	at java.util.concurrent.FutureTask.run(FutureTask.java:266)
	at java.util.concurrent.ThreadPoolExecutor.runWorker(ThreadPoolExecutor.java:1149)
	at java.util.concurrent.ThreadPoolExecutor$Worker.run(ThreadPoolExecutor.java:624)
	at java.lang.Thread.run(Thread.java:748)
Heap
 PSYoungGen      total 152576K, used 11887K [0x00000000f5980000, 0x0000000100000000, 0x0000000100000000)
  eden space 135168K, 8% used [0x00000000f5980000,0x00000000f64bbe18,0x00000000fdd80000)
  from space 17408K, 2% used [0x00000000fdd80000,0x00000000fdde0000,0x00000000fee80000)
  to   space 16384K, 0% used [0x00000000ff000000,0x00000000ff000000,0x0000000100000000)
 ParOldGen       total 341504K, used 39057K [0x00000000e0c00000, 0x00000000f5980000, 0x00000000f5980000)
  object space 341504K, 11% used [0x00000000e0c00000,0x00000000e3224438,0x00000000f5980000)
 Metaspace       used 35729K, capacity 36606K, committed 36952K, reserved 1081344K
  class space    used 4934K, capacity 5129K, committed 5248K, reserved 1048576K
