12:32:15,894 |-INFO in ch.qos.logback.classic.LoggerContext[default] - Could NOT find resource [logback-test.xml]
12:32:15,894 |-INFO in ch.qos.logback.classic.LoggerContext[default] - Could NOT find resource [logback.groovy]
12:32:15,895 |-INFO in ch.qos.logback.classic.LoggerContext[default] - Found resource [logback.xml] at [jar:file:/home/nikitasokolov/flamestream/lib/flamestream-runtime-1.0-SNAPSHOT.jar!/logback.xml]
12:32:15,895 |-WARN in ch.qos.logback.classic.LoggerContext[default] - Resource [logback.xml] occurs multiple times on the classpath.
12:32:15,895 |-WARN in ch.qos.logback.classic.LoggerContext[default] - Resource [logback.xml] occurs at [jar:file:/home/nikitasokolov/flamestream/lib/flamestream-runtime-1.0-SNAPSHOT.jar!/logback.xml]
12:32:15,895 |-WARN in ch.qos.logback.classic.LoggerContext[default] - Resource [logback.xml] occurs at [jar:file:/home/nikitasokolov/flamestream/flamestream-runtime-1.0-SNAPSHOT.jar!/logback.xml]
12:32:15,911 |-INFO in ch.qos.logback.core.joran.spi.ConfigurationWatchList@6108b2d7 - URL [jar:file:/home/nikitasokolov/flamestream/lib/flamestream-runtime-1.0-SNAPSHOT.jar!/logback.xml] is not of type file
12:32:15,961 |-INFO in ch.qos.logback.classic.joran.action.ConfigurationAction - debug attribute not set
12:32:15,962 |-INFO in ch.qos.logback.core.joran.action.AppenderAction - About to instantiate appender of type [ch.qos.logback.core.ConsoleAppender]
12:32:15,970 |-INFO in ch.qos.logback.core.joran.action.AppenderAction - Naming appender as [STDOUT]
12:32:15,978 |-INFO in ch.qos.logback.core.joran.action.NestedComplexPropertyIA - Assuming default type [ch.qos.logback.classic.encoder.PatternLayoutEncoder] for [encoder] property
12:32:16,037 |-INFO in ch.qos.logback.core.joran.action.AppenderAction - About to instantiate appender of type [ch.qos.logback.core.rolling.RollingFileAppender]
12:32:16,042 |-INFO in ch.qos.logback.core.joran.action.AppenderAction - Naming appender as [FILE]
12:32:16,064 |-INFO in c.q.l.core.rolling.TimeBasedRollingPolicy@357863579 - No compression will be used
12:32:16,065 |-INFO in c.q.l.core.rolling.TimeBasedRollingPolicy@357863579 - Will use the pattern /tmp/application_%d{yyyy-MM-dd}.%i.log for the active file
12:32:16,068 |-INFO in ch.qos.logback.core.rolling.SizeAndTimeBasedFNATP@6bf256fa - The date pattern is 'yyyy-MM-dd' from file name pattern '/tmp/application_%d{yyyy-MM-dd}.%i.log'.
12:32:16,068 |-INFO in ch.qos.logback.core.rolling.SizeAndTimeBasedFNATP@6bf256fa - Roll-over at midnight.
12:32:16,072 |-INFO in ch.qos.logback.core.rolling.SizeAndTimeBasedFNATP@6bf256fa - Setting initial period to Sun Jun 09 12:31:21 MSK 2019
12:32:16,073 |-WARN in ch.qos.logback.core.rolling.SizeAndTimeBasedFNATP@6bf256fa - SizeAndTimeBasedFNATP is deprecated. Use SizeAndTimeBasedRollingPolicy instead
12:32:16,073 |-WARN in ch.qos.logback.core.rolling.SizeAndTimeBasedFNATP@6bf256fa - For more information see http://logback.qos.ch/manual/appenders.html#SizeAndTimeBasedRollingPolicy
12:32:16,077 |-INFO in ch.qos.logback.core.joran.action.NestedComplexPropertyIA - Assuming default type [ch.qos.logback.classic.encoder.PatternLayoutEncoder] for [encoder] property
12:32:16,079 |-INFO in ch.qos.logback.core.rolling.RollingFileAppender[FILE] - Active log file name: /tmp/application.log
12:32:16,079 |-INFO in ch.qos.logback.core.rolling.RollingFileAppender[FILE] - File property is set to [/tmp/application.log]
12:32:16,081 |-INFO in ch.qos.logback.classic.joran.action.RootLoggerAction - Setting level of ROOT logger to WARN
12:32:16,081 |-INFO in ch.qos.logback.core.joran.action.AppenderRefAction - Attaching appender named [STDOUT] to Logger[ROOT]
12:32:16,081 |-INFO in ch.qos.logback.core.joran.action.AppenderRefAction - Attaching appender named [FILE] to Logger[ROOT]
12:32:16,081 |-INFO in ch.qos.logback.classic.joran.action.ConfigurationAction - End of configuration.
12:32:16,082 |-INFO in ch.qos.logback.classic.joran.JoranConfigurator@6cd8737 - Registering current configuration as safe fallback point

2019-06-09T12:32:17.082+0300: 1.385: [GC (Metadata GC Threshold) [PSYoungGen: 108184K->15915K(149504K)] 108184K->15995K(491008K), 0.0205769 secs] [Times: user=0.05 sys=0.02, real=0.02 secs] 
2019-06-09T12:32:17.103+0300: 1.406: [Full GC (Metadata GC Threshold) [PSYoungGen: 15915K->0K(149504K)] [ParOldGen: 80K->15014K(341504K)] 15995K->15014K(491008K), [Metaspace: 20802K->20802K(1067008K)], 0.0301546 secs] [Times: user=0.16 sys=0.00, real=0.03 secs] 
12:32:32.386 [Curator-PathChildrenCache-1] WARN  o.a.c.u.ZKPaths  - The version of ZooKeeper being used doesn't support Container nodes. CreateMode.PERSISTENT will be used instead.
2019-06-09T12:32:33.291+0300: 17.593: [GC (Metadata GC Threshold) [PSYoungGen: 124885K->15725K(149504K)] 139899K->50279K(491008K), 0.0264331 secs] [Times: user=0.17 sys=0.02, real=0.02 secs] 
2019-06-09T12:32:33.317+0300: 17.620: [Full GC (Metadata GC Threshold) [PSYoungGen: 15725K->0K(149504K)] [ParOldGen: 34553K->38672K(341504K)] 50279K->38672K(491008K), [Metaspace: 34545K->34545K(1079296K)], 0.0484834 secs] [Times: user=0.35 sys=0.01, real=0.05 secs] 
2019-06-09T12:32:38.769+0300: 23.072: [GC (Allocation Failure) [PSYoungGen: 128512K->416K(149504K)] 167184K->39096K(491008K), 0.0033690 secs] [Times: user=0.02 sys=0.01, real=0.01 secs] 
2019-06-09T12:32:44.862+0300: 29.165: [GC (Allocation Failure) [PSYoungGen: 128928K->416K(149504K)] 167608K->39104K(491008K), 0.0047520 secs] [Times: user=0.03 sys=0.00, real=0.00 secs] 
2019-06-09T12:32:50.984+0300: 35.287: [GC (Allocation Failure) [PSYoungGen: 128928K->384K(129024K)] 167616K->39080K(470528K), 0.0039179 secs] [Times: user=0.02 sys=0.00, real=0.00 secs] 
2019-06-09T12:32:57.145+0300: 41.448: [GC (Allocation Failure) [PSYoungGen: 128896K->384K(150016K)] 167592K->39088K(491520K), 0.0039747 secs] [Times: user=0.02 sys=0.00, real=0.00 secs] 
2019-06-09T12:33:03.400+0300: 47.703: [GC (Allocation Failure) [PSYoungGen: 128896K->448K(148992K)] 167600K->39160K(490496K), 0.0032992 secs] [Times: user=0.01 sys=0.00, real=0.00 secs] 
2019-06-09T12:33:09.658+0300: 53.961: [GC (Allocation Failure) [PSYoungGen: 128960K->416K(151552K)] 167672K->39128K(493056K), 0.0060968 secs] [Times: user=0.05 sys=0.01, real=0.00 secs] 
2019-06-09T12:33:16.079+0300: 60.382: [GC (Allocation Failure) [PSYoungGen: 132512K->448K(151040K)] 171224K->39168K(492544K), 0.0034726 secs] [Times: user=0.01 sys=0.01, real=0.00 secs] 
2019-06-09T12:33:23.742+0300: 68.045: [GC (Allocation Failure) [PSYoungGen: 132544K->663K(153600K)] 171264K->39392K(495104K), 0.0028844 secs] [Times: user=0.01 sys=0.00, real=0.00 secs] 
12:33:42.201 [Curator-PathChildrenCache-0] ERROR o.a.c.f.r.c.PathChildrenCache  - 
java.lang.IllegalStateException: instance must be started before calling this method
	at org.apache.curator.shaded.com.google.common.base.Preconditions.checkState(Preconditions.java:444)
	at org.apache.curator.framework.imps.CuratorFrameworkImpl.getChildren(CuratorFrameworkImpl.java:456)
	at org.apache.curator.framework.recipes.cache.PathChildrenCache.refresh(PathChildrenCache.java:521)
	at org.apache.curator.framework.recipes.cache.RefreshOperation.invoke(RefreshOperation.java:35)
	at org.apache.curator.framework.recipes.cache.PathChildrenCache$9.run(PathChildrenCache.java:786)
	at java.util.concurrent.Executors$RunnableAdapter.call(Executors.java:511)
	at java.util.concurrent.FutureTask.run(FutureTask.java:266)
	at java.util.concurrent.Executors$RunnableAdapter.call(Executors.java:511)
	at java.util.concurrent.FutureTask.run(FutureTask.java:266)
	at java.util.concurrent.ThreadPoolExecutor.runWorker(ThreadPoolExecutor.java:1149)
	at java.util.concurrent.ThreadPoolExecutor$Worker.run(ThreadPoolExecutor.java:624)
	at java.lang.Thread.run(Thread.java:748)
Heap
 PSYoungGen      total 153600K, used 104067K [0x00000000f5980000, 0x0000000100000000, 0x0000000100000000)
  eden space 135680K, 76% used [0x00000000f5980000,0x00000000fbe7b238,0x00000000fde00000)
  from space 17920K, 3% used [0x00000000fee80000,0x00000000fef25cc0,0x0000000100000000)
  to   space 16896K, 0% used [0x00000000fde00000,0x00000000fde00000,0x00000000fee80000)
 ParOldGen       total 341504K, used 38728K [0x00000000e0c00000, 0x00000000f5980000, 0x00000000f5980000)
  object space 341504K, 11% used [0x00000000e0c00000,0x00000000e31d23a0,0x00000000f5980000)
 Metaspace       used 36056K, capacity 36894K, committed 37208K, reserved 1081344K
  class space    used 4979K, capacity 5161K, committed 5248K, reserved 1048576K
