12:52:03,350 |-INFO in ch.qos.logback.classic.LoggerContext[default] - Could NOT find resource [logback-test.xml]
12:52:03,350 |-INFO in ch.qos.logback.classic.LoggerContext[default] - Could NOT find resource [logback.groovy]
12:52:03,350 |-INFO in ch.qos.logback.classic.LoggerContext[default] - Found resource [logback.xml] at [jar:file:/root/flamestream/lib/flamestream-runtime-1.0-SNAPSHOT.jar!/logback.xml]
12:52:03,350 |-WARN in ch.qos.logback.classic.LoggerContext[default] - Resource [logback.xml] occurs multiple times on the classpath.
12:52:03,350 |-WARN in ch.qos.logback.classic.LoggerContext[default] - Resource [logback.xml] occurs at [jar:file:/root/flamestream/lib/flamestream-runtime-1.0-SNAPSHOT.jar!/logback.xml]
12:52:03,350 |-WARN in ch.qos.logback.classic.LoggerContext[default] - Resource [logback.xml] occurs at [jar:file:/root/flamestream/flamestream-runtime-1.0-SNAPSHOT.jar!/logback.xml]
12:52:03,374 |-INFO in ch.qos.logback.core.joran.spi.ConfigurationWatchList@3fb6a447 - URL [jar:file:/root/flamestream/lib/flamestream-runtime-1.0-SNAPSHOT.jar!/logback.xml] is not of type file
12:52:03,441 |-INFO in ch.qos.logback.classic.joran.action.ConfigurationAction - debug attribute not set
12:52:03,442 |-INFO in ch.qos.logback.core.joran.action.AppenderAction - About to instantiate appender of type [ch.qos.logback.core.ConsoleAppender]
12:52:03,459 |-INFO in ch.qos.logback.core.joran.action.AppenderAction - Naming appender as [STDOUT]
12:52:03,482 |-INFO in ch.qos.logback.core.joran.action.NestedComplexPropertyIA - Assuming default type [ch.qos.logback.classic.encoder.PatternLayoutEncoder] for [encoder] property
12:52:03,566 |-INFO in ch.qos.logback.core.joran.action.AppenderAction - About to instantiate appender of type [ch.qos.logback.core.rolling.RollingFileAppender]
12:52:03,576 |-INFO in ch.qos.logback.core.joran.action.AppenderAction - Naming appender as [FILE]
12:52:03,609 |-INFO in c.q.l.core.rolling.TimeBasedRollingPolicy@127618319 - No compression will be used
12:52:03,610 |-INFO in c.q.l.core.rolling.TimeBasedRollingPolicy@127618319 - Will use the pattern /tmp/application_%d{yyyy-MM-dd}.%i.log for the active file
12:52:03,613 |-INFO in ch.qos.logback.core.rolling.SizeAndTimeBasedFNATP@6b2fad11 - The date pattern is 'yyyy-MM-dd' from file name pattern '/tmp/application_%d{yyyy-MM-dd}.%i.log'.
12:52:03,613 |-INFO in ch.qos.logback.core.rolling.SizeAndTimeBasedFNATP@6b2fad11 - Roll-over at midnight.
12:52:03,618 |-INFO in ch.qos.logback.core.rolling.SizeAndTimeBasedFNATP@6b2fad11 - Setting initial period to Mon Jun 10 12:52:03 UTC 2019
12:52:03,618 |-WARN in ch.qos.logback.core.rolling.SizeAndTimeBasedFNATP@6b2fad11 - SizeAndTimeBasedFNATP is deprecated. Use SizeAndTimeBasedRollingPolicy instead
12:52:03,618 |-WARN in ch.qos.logback.core.rolling.SizeAndTimeBasedFNATP@6b2fad11 - For more information see http://logback.qos.ch/manual/appenders.html#SizeAndTimeBasedRollingPolicy
12:52:03,622 |-INFO in ch.qos.logback.core.joran.action.NestedComplexPropertyIA - Assuming default type [ch.qos.logback.classic.encoder.PatternLayoutEncoder] for [encoder] property
12:52:03,627 |-INFO in ch.qos.logback.core.rolling.RollingFileAppender[FILE] - Active log file name: /tmp/application.log
12:52:03,627 |-INFO in ch.qos.logback.core.rolling.RollingFileAppender[FILE] - File property is set to [/tmp/application.log]
12:52:03,628 |-INFO in ch.qos.logback.classic.joran.action.RootLoggerAction - Setting level of ROOT logger to WARN
12:52:03,628 |-INFO in ch.qos.logback.core.joran.action.AppenderRefAction - Attaching appender named [STDOUT] to Logger[ROOT]
12:52:03,630 |-INFO in ch.qos.logback.core.joran.action.AppenderRefAction - Attaching appender named [FILE] to Logger[ROOT]
12:52:03,630 |-INFO in ch.qos.logback.classic.joran.action.ConfigurationAction - End of configuration.
12:52:03,630 |-INFO in ch.qos.logback.classic.joran.JoranConfigurator@79698539 - Registering current configuration as safe fallback point

Ama winner
Ama winner
2019-06-10T12:52:04.939+0000: 1.776: [Full GC (Metadata GC Threshold) 2019-06-10T12:52:04.939+0000: 1.776: [Tenured: 0K->15113K(341376K), 0.0354443 secs] 112224K->15113K(494976K), [Metaspace: 20742K->20742K(1067008K)], 0.0355101 secs] [Times: user=0.03 sys=0.00, real=0.03 secs] 
12:52:59.545 [Curator-PathChildrenCache-1] WARN  o.a.c.u.ZKPaths  - The version of ZooKeeper being used doesn't support Container nodes. CreateMode.PERSISTENT will be used instead.
2019-06-10T12:53:01.884+0000: 58.721: [GC (Allocation Failure) 2019-06-10T12:53:01.884+0000: 58.721: [DefNew: 136576K->17023K(153600K), 0.0305042 secs] 151689K->52444K(494976K), 0.0305887 secs] [Times: user=0.02 sys=0.01, real=0.03 secs] 
2019-06-10T12:53:03.558+0000: 60.395: [Full GC (Metadata GC Threshold) 2019-06-10T12:53:03.558+0000: 60.395: [Tenured: 35420K->44398K(341376K), 0.0546361 secs] 84336K->44398K(494976K), [Metaspace: 34623K->34623K(1079296K)], 0.0547217 secs] [Times: user=0.03 sys=0.02, real=0.06 secs] 
2019-06-10T12:53:14.735+0000: 71.572: [GC (Allocation Failure) 2019-06-10T12:53:14.735+0000: 71.572: [DefNew: 136576K->385K(153600K), 0.0023635 secs] 180974K->44783K(494976K), 0.0024514 secs] [Times: user=0.00 sys=0.01, real=0.00 secs] 
2019-06-10T12:53:27.413+0000: 84.251: [GC (Allocation Failure) 2019-06-10T12:53:27.413+0000: 84.251: [DefNew: 136961K->145K(153600K), 0.0021320 secs] 181359K->44544K(494976K), 0.0021951 secs] [Times: user=0.00 sys=0.00, real=0.00 secs] 
2019-06-10T12:53:40.154+0000: 96.992: [GC (Allocation Failure) 2019-06-10T12:53:40.155+0000: 96.992: [DefNew: 136721K->144K(153600K), 0.0020044 secs] 181120K->44543K(494976K), 0.0020752 secs] [Times: user=0.01 sys=0.00, real=0.00 secs] 
2019-06-10T12:53:52.919+0000: 109.757: [GC (Allocation Failure) 2019-06-10T12:53:52.919+0000: 109.757: [DefNew: 136720K->143K(153600K), 0.0020466 secs] 181119K->44542K(494976K), 0.0021116 secs] [Times: user=0.01 sys=0.00, real=0.00 secs] 
2019-06-10T12:54:05.785+0000: 122.623: [GC (Allocation Failure) 2019-06-10T12:54:05.785+0000: 122.623: [DefNew: 136719K->151K(153600K), 0.0021538 secs] 181118K->44550K(494976K), 0.0022091 secs] [Times: user=0.01 sys=0.00, real=0.00 secs] 
2019-06-10T12:54:18.865+0000: 135.702: [GC (Allocation Failure) 2019-06-10T12:54:18.865+0000: 135.702: [DefNew: 136727K->170K(153600K), 0.0021598 secs] 181126K->44569K(494976K), 0.0022427 secs] [Times: user=0.00 sys=0.00, real=0.00 secs] 
2019-06-10T12:54:54.718+0000: 171.555: [GC (Allocation Failure) 2019-06-10T12:54:54.718+0000: 171.555: [DefNew: 136746K->173K(153600K), 0.0021453 secs] 181145K->44572K(494976K), 0.0022114 secs] [Times: user=0.00 sys=0.00, real=0.01 secs] 
12:54:59.595 [Curator-PathChildrenCache-0] ERROR o.a.c.f.r.c.PathChildrenCache  - 
java.lang.IllegalStateException: instance must be started before calling this method
	at org.apache.curator.shaded.com.google.common.base.Preconditions.checkState(Preconditions.java:444)
	at org.apache.curator.framework.imps.CuratorFrameworkImpl.getChildren(CuratorFrameworkImpl.java:456)
	at org.apache.curator.framework.recipes.cache.PathChildrenCache.refresh(PathChildrenCache.java:521)
	at org.apache.curator.framework.recipes.cache.RefreshOperation.invoke(RefreshOperation.java:35)
	at org.apache.curator.framework.recipes.cache.PathChildrenCache$9.run(PathChildrenCache.java:786)
	at java.util.concurrent.Executors$RunnableAdapter.call(Executors.java:511)
	at java.util.concurrent.FutureTask.run(FutureTask.java:266)
	at java.util.concurrent.Executors$RunnableAdapter.call(Executors.java:511)
	at java.util.concurrent.FutureTask.run(FutureTask.java:266)
	at java.util.concurrent.ThreadPoolExecutor.runWorker(ThreadPoolExecutor.java:1149)
	at java.util.concurrent.ThreadPoolExecutor$Worker.run(ThreadPoolExecutor.java:624)
	at java.lang.Thread.run(Thread.java:748)
Heap
 def new generation   total 153600K, used 36327K [0x00000000e0c00000, 0x00000000eb2a0000, 0x00000000eb2a0000)
  eden space 136576K,  26% used [0x00000000e0c00000, 0x00000000e2f4e508, 0x00000000e9160000)
  from space 17024K,   1% used [0x00000000e9160000, 0x00000000e918b750, 0x00000000ea200000)
  to   space 17024K,   0% used [0x00000000ea200000, 0x00000000ea200000, 0x00000000eb2a0000)
 tenured generation   total 341376K, used 44398K [0x00000000eb2a0000, 0x0000000100000000, 0x0000000100000000)
   the space 341376K,  13% used [0x00000000eb2a0000, 0x00000000eddfba70, 0x00000000eddfbc00, 0x0000000100000000)
 Metaspace       used 36269K, capacity 37188K, committed 37376K, reserved 1081344K
  class space    used 4872K, capacity 5074K, committed 5120K, reserved 1048576K
