16:41:23,553 |-INFO in ch.qos.logback.classic.LoggerContext[default] - Could NOT find resource [logback-test.xml]
16:41:23,553 |-INFO in ch.qos.logback.classic.LoggerContext[default] - Could NOT find resource [logback.groovy]
16:41:23,553 |-INFO in ch.qos.logback.classic.LoggerContext[default] - Found resource [logback.xml] at [jar:file:/root/flamestream/lib/flamestream-runtime-1.0-SNAPSHOT.jar!/logback.xml]
16:41:23,554 |-WARN in ch.qos.logback.classic.LoggerContext[default] - Resource [logback.xml] occurs multiple times on the classpath.
16:41:23,554 |-WARN in ch.qos.logback.classic.LoggerContext[default] - Resource [logback.xml] occurs at [jar:file:/root/flamestream/lib/flamestream-runtime-1.0-SNAPSHOT.jar!/logback.xml]
16:41:23,554 |-WARN in ch.qos.logback.classic.LoggerContext[default] - Resource [logback.xml] occurs at [jar:file:/root/flamestream/flamestream-runtime-1.0-SNAPSHOT.jar!/logback.xml]
16:41:23,574 |-INFO in ch.qos.logback.core.joran.spi.ConfigurationWatchList@3fb6a447 - URL [jar:file:/root/flamestream/lib/flamestream-runtime-1.0-SNAPSHOT.jar!/logback.xml] is not of type file
16:41:23,648 |-INFO in ch.qos.logback.classic.joran.action.ConfigurationAction - debug attribute not set
16:41:23,649 |-INFO in ch.qos.logback.core.joran.action.AppenderAction - About to instantiate appender of type [ch.qos.logback.core.ConsoleAppender]
16:41:23,663 |-INFO in ch.qos.logback.core.joran.action.AppenderAction - Naming appender as [STDOUT]
16:41:23,680 |-INFO in ch.qos.logback.core.joran.action.NestedComplexPropertyIA - Assuming default type [ch.qos.logback.classic.encoder.PatternLayoutEncoder] for [encoder] property
16:41:23,764 |-INFO in ch.qos.logback.core.joran.action.AppenderAction - About to instantiate appender of type [ch.qos.logback.core.rolling.RollingFileAppender]
16:41:23,769 |-INFO in ch.qos.logback.core.joran.action.AppenderAction - Naming appender as [FILE]
16:41:23,801 |-INFO in c.q.l.core.rolling.TimeBasedRollingPolicy@127618319 - No compression will be used
16:41:23,803 |-INFO in c.q.l.core.rolling.TimeBasedRollingPolicy@127618319 - Will use the pattern /tmp/application_%d{yyyy-MM-dd}.%i.log for the active file
16:41:23,806 |-INFO in ch.qos.logback.core.rolling.SizeAndTimeBasedFNATP@6b2fad11 - The date pattern is 'yyyy-MM-dd' from file name pattern '/tmp/application_%d{yyyy-MM-dd}.%i.log'.
16:41:23,806 |-INFO in ch.qos.logback.core.rolling.SizeAndTimeBasedFNATP@6b2fad11 - Roll-over at midnight.
16:41:23,811 |-INFO in ch.qos.logback.core.rolling.SizeAndTimeBasedFNATP@6b2fad11 - Setting initial period to Mon Jun 10 16:40:00 UTC 2019
16:41:23,811 |-WARN in ch.qos.logback.core.rolling.SizeAndTimeBasedFNATP@6b2fad11 - SizeAndTimeBasedFNATP is deprecated. Use SizeAndTimeBasedRollingPolicy instead
16:41:23,811 |-WARN in ch.qos.logback.core.rolling.SizeAndTimeBasedFNATP@6b2fad11 - For more information see http://logback.qos.ch/manual/appenders.html#SizeAndTimeBasedRollingPolicy
16:41:23,815 |-INFO in ch.qos.logback.core.joran.action.NestedComplexPropertyIA - Assuming default type [ch.qos.logback.classic.encoder.PatternLayoutEncoder] for [encoder] property
16:41:23,820 |-INFO in ch.qos.logback.core.rolling.RollingFileAppender[FILE] - Active log file name: /tmp/application.log
16:41:23,820 |-INFO in ch.qos.logback.core.rolling.RollingFileAppender[FILE] - File property is set to [/tmp/application.log]
16:41:23,821 |-INFO in ch.qos.logback.classic.joran.action.RootLoggerAction - Setting level of ROOT logger to WARN
16:41:23,821 |-INFO in ch.qos.logback.core.joran.action.AppenderRefAction - Attaching appender named [STDOUT] to Logger[ROOT]
16:41:23,823 |-INFO in ch.qos.logback.core.joran.action.AppenderRefAction - Attaching appender named [FILE] to Logger[ROOT]
16:41:23,823 |-INFO in ch.qos.logback.classic.joran.action.ConfigurationAction - End of configuration.
16:41:23,824 |-INFO in ch.qos.logback.classic.joran.JoranConfigurator@79698539 - Registering current configuration as safe fallback point

Ama winner
Ama winner
2019-06-10T16:41:25.066+0000: 1.698: [Full GC (Metadata GC Threshold) 2019-06-10T16:41:25.066+0000: 1.698: [Tenured: 0K->15242K(341376K), 0.0393767 secs] 117751K->15242K(494976K), [Metaspace: 20745K->20745K(1067008K)], 0.0394439 secs] [Times: user=0.04 sys=0.00, real=0.04 secs] 
16:41:42.305 [Curator-PathChildrenCache-1] WARN  o.a.c.u.ZKPaths  - The version of ZooKeeper being used doesn't support Container nodes. CreateMode.PERSISTENT will be used instead.
2019-06-10T16:41:44.540+0000: 21.172: [GC (Allocation Failure) 2019-06-10T16:41:44.540+0000: 21.172: [DefNew: 136576K->17023K(153600K), 0.0256769 secs] 151818K->52624K(494976K), 0.0257772 secs] [Times: user=0.02 sys=0.01, real=0.02 secs] 
2019-06-10T16:41:46.083+0000: 22.715: [Full GC (Metadata GC Threshold) 2019-06-10T16:41:46.083+0000: 22.715: [Tenured: 35600K->44105K(341376K), 0.0517472 secs] 84602K->44105K(494976K), [Metaspace: 34578K->34578K(1079296K)], 0.0518203 secs] [Times: user=0.05 sys=0.01, real=0.05 secs] 
2019-06-10T16:41:52.236+0000: 28.868: [GC (Allocation Failure) 2019-06-10T16:41:52.236+0000: 28.868: [DefNew: 136576K->100K(153600K), 0.0017844 secs] 180681K->44205K(494976K), 0.0018522 secs] [Times: user=0.01 sys=0.00, real=0.00 secs] 
2019-06-10T16:41:58.457+0000: 35.088: [GC (Allocation Failure) 2019-06-10T16:41:58.457+0000: 35.088: [DefNew: 136676K->130K(153600K), 0.0017099 secs] 180781K->44236K(494976K), 0.0017712 secs] [Times: user=0.00 sys=0.00, real=0.00 secs] 
2019-06-10T16:42:04.768+0000: 41.399: [GC (Allocation Failure) 2019-06-10T16:42:04.768+0000: 41.400: [DefNew: 136706K->164K(153600K), 0.0017628 secs] 180812K->44269K(494976K), 0.0018230 secs] [Times: user=0.00 sys=0.00, real=0.00 secs] 
2019-06-10T16:42:11.040+0000: 47.672: [GC (Allocation Failure) 2019-06-10T16:42:11.040+0000: 47.672: [DefNew: 136740K->162K(153600K), 0.0017402 secs] 180845K->44268K(494976K), 0.0017989 secs] [Times: user=0.00 sys=0.00, real=0.00 secs] 
2019-06-10T16:42:17.884+0000: 54.515: [GC (Allocation Failure) 2019-06-10T16:42:17.884+0000: 54.515: [DefNew: 136738K->164K(153600K), 0.0018125 secs] 180844K->44270K(494976K), 0.0018758 secs] [Times: user=0.01 sys=0.00, real=0.00 secs] 
16:42:25.767 [Curator-PathChildrenCache-0] ERROR o.a.c.f.r.c.PathChildrenCache  - 
java.lang.IllegalStateException: instance must be started before calling this method
	at org.apache.curator.shaded.com.google.common.base.Preconditions.checkState(Preconditions.java:444)
	at org.apache.curator.framework.imps.CuratorFrameworkImpl.getChildren(CuratorFrameworkImpl.java:456)
	at org.apache.curator.framework.recipes.cache.PathChildrenCache.refresh(PathChildrenCache.java:521)
	at org.apache.curator.framework.recipes.cache.RefreshOperation.invoke(RefreshOperation.java:35)
	at org.apache.curator.framework.recipes.cache.PathChildrenCache$9.run(PathChildrenCache.java:786)
	at java.util.concurrent.Executors$RunnableAdapter.call(Executors.java:511)
	at java.util.concurrent.FutureTask.run(FutureTask.java:266)
	at java.util.concurrent.Executors$RunnableAdapter.call(Executors.java:511)
	at java.util.concurrent.FutureTask.run(FutureTask.java:266)
	at java.util.concurrent.ThreadPoolExecutor.runWorker(ThreadPoolExecutor.java:1149)
	at java.util.concurrent.ThreadPoolExecutor$Worker.run(ThreadPoolExecutor.java:624)
	at java.lang.Thread.run(Thread.java:748)
Heap
 def new generation   total 153600K, used 52869K [0x00000000e0c00000, 0x00000000eb2a0000, 0x00000000eb2a0000)
  eden space 136576K,  38% used [0x00000000e0c00000, 0x00000000e3f78508, 0x00000000e9160000)
  from space 17024K,   0% used [0x00000000e9160000, 0x00000000e9189290, 0x00000000ea200000)
  to   space 17024K,   0% used [0x00000000ea200000, 0x00000000ea200000, 0x00000000eb2a0000)
 tenured generation   total 341376K, used 44105K [0x00000000eb2a0000, 0x0000000100000000, 0x0000000100000000)
   the space 341376K,  12% used [0x00000000eb2a0000, 0x00000000eddb2708, 0x00000000eddb2800, 0x0000000100000000)
 Metaspace       used 36040K, capacity 36922K, committed 37120K, reserved 1081344K
  class space    used 4859K, capacity 5073K, committed 5120K, reserved 1048576K
