19:37:37,453 |-INFO in ch.qos.logback.classic.LoggerContext[default] - Could NOT find resource [logback-test.xml]
19:37:37,453 |-INFO in ch.qos.logback.classic.LoggerContext[default] - Could NOT find resource [logback.groovy]
19:37:37,453 |-INFO in ch.qos.logback.classic.LoggerContext[default] - Found resource [logback.xml] at [jar:file:/root/flamestream/lib/flamestream-runtime-1.0-SNAPSHOT.jar!/logback.xml]
19:37:37,454 |-WARN in ch.qos.logback.classic.LoggerContext[default] - Resource [logback.xml] occurs multiple times on the classpath.
19:37:37,454 |-WARN in ch.qos.logback.classic.LoggerContext[default] - Resource [logback.xml] occurs at [jar:file:/root/flamestream/lib/flamestream-runtime-1.0-SNAPSHOT.jar!/logback.xml]
19:37:37,454 |-WARN in ch.qos.logback.classic.LoggerContext[default] - Resource [logback.xml] occurs at [jar:file:/root/flamestream/flamestream-runtime-1.0-SNAPSHOT.jar!/logback.xml]
19:37:37,478 |-INFO in ch.qos.logback.core.joran.spi.ConfigurationWatchList@3fb6a447 - URL [jar:file:/root/flamestream/lib/flamestream-runtime-1.0-SNAPSHOT.jar!/logback.xml] is not of type file
19:37:37,551 |-INFO in ch.qos.logback.classic.joran.action.ConfigurationAction - debug attribute not set
19:37:37,551 |-INFO in ch.qos.logback.core.joran.action.AppenderAction - About to instantiate appender of type [ch.qos.logback.core.ConsoleAppender]
19:37:37,570 |-INFO in ch.qos.logback.core.joran.action.AppenderAction - Naming appender as [STDOUT]
19:37:37,588 |-INFO in ch.qos.logback.core.joran.action.NestedComplexPropertyIA - Assuming default type [ch.qos.logback.classic.encoder.PatternLayoutEncoder] for [encoder] property
19:37:37,670 |-INFO in ch.qos.logback.core.joran.action.AppenderAction - About to instantiate appender of type [ch.qos.logback.core.rolling.RollingFileAppender]
19:37:37,675 |-INFO in ch.qos.logback.core.joran.action.AppenderAction - Naming appender as [FILE]
19:37:37,707 |-INFO in c.q.l.core.rolling.TimeBasedRollingPolicy@127618319 - No compression will be used
19:37:37,708 |-INFO in c.q.l.core.rolling.TimeBasedRollingPolicy@127618319 - Will use the pattern /tmp/application_%d{yyyy-MM-dd}.%i.log for the active file
19:37:37,711 |-INFO in ch.qos.logback.core.rolling.SizeAndTimeBasedFNATP@6b2fad11 - The date pattern is 'yyyy-MM-dd' from file name pattern '/tmp/application_%d{yyyy-MM-dd}.%i.log'.
19:37:37,711 |-INFO in ch.qos.logback.core.rolling.SizeAndTimeBasedFNATP@6b2fad11 - Roll-over at midnight.
19:37:37,717 |-INFO in ch.qos.logback.core.rolling.SizeAndTimeBasedFNATP@6b2fad11 - Setting initial period to Mon Jun 10 19:35:59 UTC 2019
19:37:37,717 |-WARN in ch.qos.logback.core.rolling.SizeAndTimeBasedFNATP@6b2fad11 - SizeAndTimeBasedFNATP is deprecated. Use SizeAndTimeBasedRollingPolicy instead
19:37:37,717 |-WARN in ch.qos.logback.core.rolling.SizeAndTimeBasedFNATP@6b2fad11 - For more information see http://logback.qos.ch/manual/appenders.html#SizeAndTimeBasedRollingPolicy
19:37:37,721 |-INFO in ch.qos.logback.core.joran.action.NestedComplexPropertyIA - Assuming default type [ch.qos.logback.classic.encoder.PatternLayoutEncoder] for [encoder] property
19:37:37,726 |-INFO in ch.qos.logback.core.rolling.RollingFileAppender[FILE] - Active log file name: /tmp/application.log
19:37:37,726 |-INFO in ch.qos.logback.core.rolling.RollingFileAppender[FILE] - File property is set to [/tmp/application.log]
19:37:37,727 |-INFO in ch.qos.logback.classic.joran.action.RootLoggerAction - Setting level of ROOT logger to WARN
19:37:37,727 |-INFO in ch.qos.logback.core.joran.action.AppenderRefAction - Attaching appender named [STDOUT] to Logger[ROOT]
19:37:37,729 |-INFO in ch.qos.logback.core.joran.action.AppenderRefAction - Attaching appender named [FILE] to Logger[ROOT]
19:37:37,729 |-INFO in ch.qos.logback.classic.joran.action.ConfigurationAction - End of configuration.
19:37:37,729 |-INFO in ch.qos.logback.classic.joran.JoranConfigurator@79698539 - Registering current configuration as safe fallback point

Ama winner
Ama winner
2019-06-10T19:37:39.047+0000: 1.777: [Full GC (Metadata GC Threshold) 2019-06-10T19:37:39.047+0000: 1.777: [Tenured: 0K->15177K(341376K), 0.0349159 secs] 114922K->15177K(494976K), [Metaspace: 20738K->20738K(1067008K)], 0.0349828 secs] [Times: user=0.03 sys=0.00, real=0.03 secs] 
19:37:56.423 [Curator-PathChildrenCache-1] WARN  o.a.c.u.ZKPaths  - The version of ZooKeeper being used doesn't support Container nodes. CreateMode.PERSISTENT will be used instead.
2019-06-10T19:37:58.839+0000: 21.569: [GC (Allocation Failure) 2019-06-10T19:37:58.839+0000: 21.569: [DefNew: 136576K->17023K(153600K), 0.0264680 secs] 151753K->52339K(494976K), 0.0265389 secs] [Times: user=0.01 sys=0.01, real=0.02 secs] 
2019-06-10T19:38:01.070+0000: 23.800: [Full GC (Metadata GC Threshold) 2019-06-10T19:38:01.070+0000: 23.800: [Tenured: 35315K->43609K(341376K), 0.0462723 secs] 106910K->43609K(494976K), [Metaspace: 34596K->34596K(1079296K)], 0.0463589 secs] [Times: user=0.05 sys=0.01, real=0.05 secs] 
2019-06-10T19:38:07.088+0000: 29.818: [GC (Allocation Failure) 2019-06-10T19:38:07.088+0000: 29.818: [DefNew: 136576K->60K(153600K), 0.0017703 secs] 180185K->43670K(494976K), 0.0018286 secs] [Times: user=0.00 sys=0.00, real=0.00 secs] 
2019-06-10T19:38:13.154+0000: 35.884: [GC (Allocation Failure) 2019-06-10T19:38:13.154+0000: 35.884: [DefNew: 136636K->58K(153600K), 0.0016722 secs] 180246K->43668K(494976K), 0.0017354 secs] [Times: user=0.00 sys=0.00, real=0.01 secs] 
2019-06-10T19:38:19.277+0000: 42.007: [GC (Allocation Failure) 2019-06-10T19:38:19.277+0000: 42.007: [DefNew: 136634K->65K(153600K), 0.0017003 secs] 180244K->43675K(494976K), 0.0017593 secs] [Times: user=0.00 sys=0.00, real=0.00 secs] 
2019-06-10T19:38:25.449+0000: 48.179: [GC (Allocation Failure) 2019-06-10T19:38:25.449+0000: 48.179: [DefNew: 136641K->60K(153600K), 0.0016907 secs] 180251K->43670K(494976K), 0.0017531 secs] [Times: user=0.00 sys=0.00, real=0.00 secs] 
2019-06-10T19:38:33.313+0000: 56.043: [GC (Allocation Failure) 2019-06-10T19:38:33.313+0000: 56.043: [DefNew: 136636K->60K(153600K), 0.0017142 secs] 180246K->43670K(494976K), 0.0017739 secs] [Times: user=0.00 sys=0.00, real=0.01 secs] 
19:38:39.494 [Curator-PathChildrenCache-0] ERROR o.a.c.f.r.c.PathChildrenCache  - 
java.lang.IllegalStateException: instance must be started before calling this method
	at org.apache.curator.shaded.com.google.common.base.Preconditions.checkState(Preconditions.java:444)
	at org.apache.curator.framework.imps.CuratorFrameworkImpl.getChildren(CuratorFrameworkImpl.java:456)
	at org.apache.curator.framework.recipes.cache.PathChildrenCache.refresh(PathChildrenCache.java:521)
	at org.apache.curator.framework.recipes.cache.RefreshOperation.invoke(RefreshOperation.java:35)
	at org.apache.curator.framework.recipes.cache.PathChildrenCache$9.run(PathChildrenCache.java:786)
	at java.util.concurrent.Executors$RunnableAdapter.call(Executors.java:511)
	at java.util.concurrent.FutureTask.run(FutureTask.java:266)
	at java.util.concurrent.Executors$RunnableAdapter.call(Executors.java:511)
	at java.util.concurrent.FutureTask.run(FutureTask.java:266)
	at java.util.concurrent.ThreadPoolExecutor.runWorker(ThreadPoolExecutor.java:1149)
	at java.util.concurrent.ThreadPoolExecutor$Worker.run(ThreadPoolExecutor.java:624)
	at java.lang.Thread.run(Thread.java:748)
Heap
 def new generation   total 153600K, used 47642K [0x00000000e0c00000, 0x00000000eb2a0000, 0x00000000eb2a0000)
  eden space 136576K,  34% used [0x00000000e0c00000, 0x00000000e3a77948, 0x00000000e9160000)
  from space 17024K,   0% used [0x00000000e9160000, 0x00000000e916f250, 0x00000000ea200000)
  to   space 17024K,   0% used [0x00000000ea200000, 0x00000000ea200000, 0x00000000eb2a0000)
 tenured generation   total 341376K, used 43609K [0x00000000eb2a0000, 0x0000000100000000, 0x0000000100000000)
   the space 341376K,  12% used [0x00000000eb2a0000, 0x00000000edd367f0, 0x00000000edd36800, 0x0000000100000000)
 Metaspace       used 36019K, capacity 36934K, committed 37120K, reserved 1081344K
  class space    used 4872K, capacity 5075K, committed 5120K, reserved 1048576K
