17:32:22,815 |-INFO in ch.qos.logback.classic.LoggerContext[default] - Could NOT find resource [logback-test.xml]
17:32:22,816 |-INFO in ch.qos.logback.classic.LoggerContext[default] - Could NOT find resource [logback.groovy]
17:32:22,816 |-INFO in ch.qos.logback.classic.LoggerContext[default] - Found resource [logback.xml] at [jar:file:/root/flamestream/lib/flamestream-runtime-1.0-SNAPSHOT.jar!/logback.xml]
17:32:22,817 |-WARN in ch.qos.logback.classic.LoggerContext[default] - Resource [logback.xml] occurs multiple times on the classpath.
17:32:22,817 |-WARN in ch.qos.logback.classic.LoggerContext[default] - Resource [logback.xml] occurs at [jar:file:/root/flamestream/lib/flamestream-runtime-1.0-SNAPSHOT.jar!/logback.xml]
17:32:22,817 |-WARN in ch.qos.logback.classic.LoggerContext[default] - Resource [logback.xml] occurs at [jar:file:/root/flamestream/flamestream-runtime-1.0-SNAPSHOT.jar!/logback.xml]
17:32:22,837 |-INFO in ch.qos.logback.core.joran.spi.ConfigurationWatchList@3fb6a447 - URL [jar:file:/root/flamestream/lib/flamestream-runtime-1.0-SNAPSHOT.jar!/logback.xml] is not of type file
17:32:22,903 |-INFO in ch.qos.logback.classic.joran.action.ConfigurationAction - debug attribute not set
17:32:22,904 |-INFO in ch.qos.logback.core.joran.action.AppenderAction - About to instantiate appender of type [ch.qos.logback.core.ConsoleAppender]
17:32:22,919 |-INFO in ch.qos.logback.core.joran.action.AppenderAction - Naming appender as [STDOUT]
17:32:22,939 |-INFO in ch.qos.logback.core.joran.action.NestedComplexPropertyIA - Assuming default type [ch.qos.logback.classic.encoder.PatternLayoutEncoder] for [encoder] property
17:32:23,024 |-INFO in ch.qos.logback.core.joran.action.AppenderAction - About to instantiate appender of type [ch.qos.logback.core.rolling.RollingFileAppender]
17:32:23,037 |-INFO in ch.qos.logback.core.joran.action.AppenderAction - Naming appender as [FILE]
17:32:23,070 |-INFO in c.q.l.core.rolling.TimeBasedRollingPolicy@127618319 - No compression will be used
17:32:23,071 |-INFO in c.q.l.core.rolling.TimeBasedRollingPolicy@127618319 - Will use the pattern /tmp/application_%d{yyyy-MM-dd}.%i.log for the active file
17:32:23,074 |-INFO in ch.qos.logback.core.rolling.SizeAndTimeBasedFNATP@6b2fad11 - The date pattern is 'yyyy-MM-dd' from file name pattern '/tmp/application_%d{yyyy-MM-dd}.%i.log'.
17:32:23,074 |-INFO in ch.qos.logback.core.rolling.SizeAndTimeBasedFNATP@6b2fad11 - Roll-over at midnight.
17:32:23,080 |-INFO in ch.qos.logback.core.rolling.SizeAndTimeBasedFNATP@6b2fad11 - Setting initial period to Mon Jun 10 17:30:49 UTC 2019
17:32:23,080 |-WARN in ch.qos.logback.core.rolling.SizeAndTimeBasedFNATP@6b2fad11 - SizeAndTimeBasedFNATP is deprecated. Use SizeAndTimeBasedRollingPolicy instead
17:32:23,080 |-WARN in ch.qos.logback.core.rolling.SizeAndTimeBasedFNATP@6b2fad11 - For more information see http://logback.qos.ch/manual/appenders.html#SizeAndTimeBasedRollingPolicy
17:32:23,084 |-INFO in ch.qos.logback.core.joran.action.NestedComplexPropertyIA - Assuming default type [ch.qos.logback.classic.encoder.PatternLayoutEncoder] for [encoder] property
17:32:23,089 |-INFO in ch.qos.logback.core.rolling.RollingFileAppender[FILE] - Active log file name: /tmp/application.log
17:32:23,089 |-INFO in ch.qos.logback.core.rolling.RollingFileAppender[FILE] - File property is set to [/tmp/application.log]
17:32:23,090 |-INFO in ch.qos.logback.classic.joran.action.RootLoggerAction - Setting level of ROOT logger to WARN
17:32:23,090 |-INFO in ch.qos.logback.core.joran.action.AppenderRefAction - Attaching appender named [STDOUT] to Logger[ROOT]
17:32:23,090 |-INFO in ch.qos.logback.core.joran.action.AppenderRefAction - Attaching appender named [FILE] to Logger[ROOT]
17:32:23,090 |-INFO in ch.qos.logback.classic.joran.action.ConfigurationAction - End of configuration.
17:32:23,091 |-INFO in ch.qos.logback.classic.joran.JoranConfigurator@79698539 - Registering current configuration as safe fallback point

Ama winner
Ama winner
2019-06-10T17:32:24.722+0000: 2.091: [Full GC (Metadata GC Threshold) 2019-06-10T17:32:24.722+0000: 2.091: [Tenured: 0K->15208K(341376K), 0.0395186 secs] 117718K->15208K(494976K), [Metaspace: 20732K->20732K(1067008K)], 0.0395819 secs] [Times: user=0.04 sys=0.01, real=0.04 secs] 
2019-06-10T17:32:50.281+0000: 27.650: [GC (Allocation Failure) 2019-06-10T17:32:50.281+0000: 27.650: [DefNew: 136576K->17024K(153600K), 0.0294952 secs] 151784K->52766K(494976K), 0.0295805 secs] [Times: user=0.02 sys=0.01, real=0.03 secs] 
2019-06-10T17:32:51.009+0000: 28.378: [Full GC (Metadata GC Threshold) 2019-06-10T17:32:51.009+0000: 28.378: [Tenured: 35742K->44366K(341376K), 0.0380817 secs] 74352K->44366K(494976K), [Metaspace: 34532K->34532K(1079296K)], 0.0381534 secs] [Times: user=0.04 sys=0.01, real=0.03 secs] 
2019-06-10T17:32:57.445+0000: 34.813: [GC (Allocation Failure) 2019-06-10T17:32:57.445+0000: 34.814: [DefNew: 136576K->67K(153600K), 0.0019017 secs] 180942K->44434K(494976K), 0.0019753 secs] [Times: user=0.00 sys=0.00, real=0.00 secs] 
2019-06-10T17:33:03.753+0000: 41.122: [GC (Allocation Failure) 2019-06-10T17:33:03.753+0000: 41.122: [DefNew: 136643K->70K(153600K), 0.0017939 secs] 181010K->44436K(494976K), 0.0018549 secs] [Times: user=0.00 sys=0.00, real=0.00 secs] 
2019-06-10T17:33:10.066+0000: 47.435: [GC (Allocation Failure) 2019-06-10T17:33:10.066+0000: 47.435: [DefNew: 136646K->69K(153600K), 0.0018735 secs] 181012K->44436K(494976K), 0.0019335 secs] [Times: user=0.00 sys=0.00, real=0.00 secs] 
2019-06-10T17:33:16.467+0000: 53.836: [GC (Allocation Failure) 2019-06-10T17:33:16.467+0000: 53.836: [DefNew: 136645K->72K(153600K), 0.0018788 secs] 181012K->44439K(494976K), 0.0019381 secs] [Times: user=0.00 sys=0.00, real=0.01 secs] 
2019-06-10T17:33:22.868+0000: 60.237: [GC (Allocation Failure) 2019-06-10T17:33:22.868+0000: 60.237: [DefNew: 136648K->71K(153600K), 0.0017667 secs] 181015K->44437K(494976K), 0.0018251 secs] [Times: user=0.01 sys=0.00, real=0.01 secs] 
2019-06-10T17:33:40.699+0000: 78.068: [GC (Allocation Failure) 2019-06-10T17:33:40.699+0000: 78.068: [DefNew: 136647K->1189K(153600K), 0.0038058 secs] 181013K->45556K(494976K), 0.0038800 secs] [Times: user=0.01 sys=0.00, real=0.00 secs] 
17:33:40.712 [Curator-PathChildrenCache-0] ERROR o.a.c.f.r.c.PathChildrenCache  - 
java.lang.IllegalStateException: instance must be started before calling this method
	at org.apache.curator.shaded.com.google.common.base.Preconditions.checkState(Preconditions.java:444)
	at org.apache.curator.framework.imps.CuratorFrameworkImpl.getChildren(CuratorFrameworkImpl.java:456)
	at org.apache.curator.framework.recipes.cache.PathChildrenCache.refresh(PathChildrenCache.java:521)
	at org.apache.curator.framework.recipes.cache.RefreshOperation.invoke(RefreshOperation.java:35)
	at org.apache.curator.framework.recipes.cache.PathChildrenCache$9.run(PathChildrenCache.java:786)
	at java.util.concurrent.Executors$RunnableAdapter.call(Executors.java:511)
	at java.util.concurrent.FutureTask.run(FutureTask.java:266)
	at java.util.concurrent.Executors$RunnableAdapter.call(Executors.java:511)
	at java.util.concurrent.FutureTask.run(FutureTask.java:266)
	at java.util.concurrent.ThreadPoolExecutor.runWorker(ThreadPoolExecutor.java:1149)
	at java.util.concurrent.ThreadPoolExecutor$Worker.run(ThreadPoolExecutor.java:624)
	at java.lang.Thread.run(Thread.java:748)
Heap
 def new generation   total 153600K, used 14302K [0x00000000e0c00000, 0x00000000eb2a0000, 0x00000000eb2a0000)
  eden space 136576K,   9% used [0x00000000e0c00000, 0x00000000e18ce1a8, 0x00000000e9160000)
  from space 17024K,   6% used [0x00000000ea200000, 0x00000000ea329748, 0x00000000eb2a0000)
  to   space 17024K,   0% used [0x00000000e9160000, 0x00000000e9160000, 0x00000000ea200000)
 tenured generation   total 341376K, used 44366K [0x00000000eb2a0000, 0x0000000100000000, 0x0000000100000000)
   the space 341376K,  12% used [0x00000000eb2a0000, 0x00000000eddf3a68, 0x00000000eddf3c00, 0x0000000100000000)
 Metaspace       used 36232K, capacity 37164K, committed 37376K, reserved 1081344K
  class space    used 4872K, capacity 5082K, committed 5120K, reserved 1048576K
