14:30:52,420 |-INFO in ch.qos.logback.classic.LoggerContext[default] - Could NOT find resource [logback-test.xml]
14:30:52,420 |-INFO in ch.qos.logback.classic.LoggerContext[default] - Could NOT find resource [logback.groovy]
14:30:52,420 |-INFO in ch.qos.logback.classic.LoggerContext[default] - Found resource [logback.xml] at [jar:file:/home/nikitasokolov/flamestream/lib/flamestream-runtime-1.0-SNAPSHOT.jar!/logback.xml]
14:30:52,421 |-WARN in ch.qos.logback.classic.LoggerContext[default] - Resource [logback.xml] occurs multiple times on the classpath.
14:30:52,421 |-WARN in ch.qos.logback.classic.LoggerContext[default] - Resource [logback.xml] occurs at [jar:file:/home/nikitasokolov/flamestream/lib/flamestream-runtime-1.0-SNAPSHOT.jar!/logback.xml]
14:30:52,421 |-WARN in ch.qos.logback.classic.LoggerContext[default] - Resource [logback.xml] occurs at [jar:file:/home/nikitasokolov/flamestream/flamestream-runtime-1.0-SNAPSHOT.jar!/logback.xml]
14:30:52,438 |-INFO in ch.qos.logback.core.joran.spi.ConfigurationWatchList@6108b2d7 - URL [jar:file:/home/nikitasokolov/flamestream/lib/flamestream-runtime-1.0-SNAPSHOT.jar!/logback.xml] is not of type file
14:30:52,490 |-INFO in ch.qos.logback.classic.joran.action.ConfigurationAction - debug attribute not set
14:30:52,491 |-INFO in ch.qos.logback.core.joran.action.AppenderAction - About to instantiate appender of type [ch.qos.logback.core.ConsoleAppender]
14:30:52,502 |-INFO in ch.qos.logback.core.joran.action.AppenderAction - Naming appender as [STDOUT]
14:30:52,511 |-INFO in ch.qos.logback.core.joran.action.NestedComplexPropertyIA - Assuming default type [ch.qos.logback.classic.encoder.PatternLayoutEncoder] for [encoder] property
14:30:52,566 |-INFO in ch.qos.logback.core.joran.action.AppenderAction - About to instantiate appender of type [ch.qos.logback.core.rolling.RollingFileAppender]
14:30:52,572 |-INFO in ch.qos.logback.core.joran.action.AppenderAction - Naming appender as [FILE]
14:30:52,594 |-INFO in c.q.l.core.rolling.TimeBasedRollingPolicy@357863579 - No compression will be used
14:30:52,595 |-INFO in c.q.l.core.rolling.TimeBasedRollingPolicy@357863579 - Will use the pattern /tmp/application_%d{yyyy-MM-dd}.%i.log for the active file
14:30:52,598 |-INFO in ch.qos.logback.core.rolling.SizeAndTimeBasedFNATP@6bf256fa - The date pattern is 'yyyy-MM-dd' from file name pattern '/tmp/application_%d{yyyy-MM-dd}.%i.log'.
14:30:52,598 |-INFO in ch.qos.logback.core.rolling.SizeAndTimeBasedFNATP@6bf256fa - Roll-over at midnight.
14:30:52,602 |-INFO in ch.qos.logback.core.rolling.SizeAndTimeBasedFNATP@6bf256fa - Setting initial period to Sun Jun 09 14:29:59 MSK 2019
14:30:52,602 |-WARN in ch.qos.logback.core.rolling.SizeAndTimeBasedFNATP@6bf256fa - SizeAndTimeBasedFNATP is deprecated. Use SizeAndTimeBasedRollingPolicy instead
14:30:52,602 |-WARN in ch.qos.logback.core.rolling.SizeAndTimeBasedFNATP@6bf256fa - For more information see http://logback.qos.ch/manual/appenders.html#SizeAndTimeBasedRollingPolicy
14:30:52,606 |-INFO in ch.qos.logback.core.joran.action.NestedComplexPropertyIA - Assuming default type [ch.qos.logback.classic.encoder.PatternLayoutEncoder] for [encoder] property
14:30:52,609 |-INFO in ch.qos.logback.core.rolling.RollingFileAppender[FILE] - Active log file name: /tmp/application.log
14:30:52,609 |-INFO in ch.qos.logback.core.rolling.RollingFileAppender[FILE] - File property is set to [/tmp/application.log]
14:30:52,611 |-INFO in ch.qos.logback.classic.joran.action.RootLoggerAction - Setting level of ROOT logger to WARN
14:30:52,611 |-INFO in ch.qos.logback.core.joran.action.AppenderRefAction - Attaching appender named [STDOUT] to Logger[ROOT]
14:30:52,611 |-INFO in ch.qos.logback.core.joran.action.AppenderRefAction - Attaching appender named [FILE] to Logger[ROOT]
14:30:52,611 |-INFO in ch.qos.logback.classic.joran.action.ConfigurationAction - End of configuration.
14:30:52,612 |-INFO in ch.qos.logback.classic.joran.JoranConfigurator@6cd8737 - Registering current configuration as safe fallback point

2019-06-09T14:30:53.613+0300: 1.404: [GC (Metadata GC Threshold) [PSYoungGen: 108152K->15720K(149504K)] 108152K->15800K(491008K), 0.0187427 secs] [Times: user=0.09 sys=0.01, real=0.02 secs] 
2019-06-09T14:30:53.632+0300: 1.423: [Full GC (Metadata GC Threshold) [PSYoungGen: 15720K->0K(149504K)] [ParOldGen: 80K->14981K(341504K)] 15800K->14981K(491008K), [Metaspace: 20806K->20806K(1067008K)], 0.0253941 secs] [Times: user=0.16 sys=0.01, real=0.02 secs] 
14:31:06.356 [Curator-PathChildrenCache-1] WARN  o.a.c.u.ZKPaths  - The version of ZooKeeper being used doesn't support Container nodes. CreateMode.PERSISTENT will be used instead.
2019-06-09T14:31:07.317+0300: 15.107: [GC (Metadata GC Threshold) [PSYoungGen: 124023K->15864K(149504K)] 139005K->50385K(491008K), 0.0267094 secs] [Times: user=0.17 sys=0.03, real=0.03 secs] 
2019-06-09T14:31:07.343+0300: 15.134: [Full GC (Metadata GC Threshold) [PSYoungGen: 15864K->0K(149504K)] [ParOldGen: 34521K->38789K(341504K)] 50385K->38789K(491008K), [Metaspace: 34548K->34547K(1079296K)], 0.0432659 secs] [Times: user=0.18 sys=0.02, real=0.04 secs] 
2019-06-09T14:31:16.870+0300: 24.660: [GC (Allocation Failure) [PSYoungGen: 128512K->384K(149504K)] 167301K->39181K(491008K), 0.0068949 secs] [Times: user=0.06 sys=0.01, real=0.00 secs] 
2019-06-09T14:31:27.348+0300: 35.139: [GC (Allocation Failure) [PSYoungGen: 128896K->448K(149504K)] 167693K->39253K(491008K), 0.0044058 secs] [Times: user=0.03 sys=0.00, real=0.01 secs] 
2019-06-09T14:31:38.014+0300: 45.805: [GC (Allocation Failure) [PSYoungGen: 128960K->416K(129024K)] 167765K->39221K(470528K), 0.0031295 secs] [Times: user=0.01 sys=0.00, real=0.00 secs] 
2019-06-09T14:31:48.729+0300: 56.520: [GC (Allocation Failure) [PSYoungGen: 128928K->352K(150016K)] 167733K->39157K(491520K), 0.0056180 secs] [Times: user=0.02 sys=0.02, real=0.01 secs] 
2019-06-09T14:32:00.506+0300: 68.296: [GC (Allocation Failure) [PSYoungGen: 128864K->759K(148992K)] 167669K->39573K(490496K), 0.0033455 secs] [Times: user=0.02 sys=0.00, real=0.00 secs] 
2019-06-09T14:32:14.216+0300: 82.006: [GC (Allocation Failure) [PSYoungGen: 129271K->448K(151552K)] 168085K->39270K(493056K), 0.0117096 secs] [Times: user=0.11 sys=0.01, real=0.01 secs] 
14:32:34.804 [Curator-PathChildrenCache-0] ERROR o.a.c.f.r.c.PathChildrenCache  - 
java.lang.IllegalStateException: instance must be started before calling this method
	at org.apache.curator.shaded.com.google.common.base.Preconditions.checkState(Preconditions.java:444)
	at org.apache.curator.framework.imps.CuratorFrameworkImpl.getChildren(CuratorFrameworkImpl.java:456)
	at org.apache.curator.framework.recipes.cache.PathChildrenCache.refresh(PathChildrenCache.java:521)
	at org.apache.curator.framework.recipes.cache.RefreshOperation.invoke(RefreshOperation.java:35)
	at org.apache.curator.framework.recipes.cache.PathChildrenCache$9.run(PathChildrenCache.java:786)
	at java.util.concurrent.Executors$RunnableAdapter.call(Executors.java:511)
	at java.util.concurrent.FutureTask.run(FutureTask.java:266)
	at java.util.concurrent.Executors$RunnableAdapter.call(Executors.java:511)
	at java.util.concurrent.FutureTask.run(FutureTask.java:266)
	at java.util.concurrent.ThreadPoolExecutor.runWorker(ThreadPoolExecutor.java:1149)
	at java.util.concurrent.ThreadPoolExecutor$Worker.run(ThreadPoolExecutor.java:624)
	at java.lang.Thread.run(Thread.java:748)
Heap
 PSYoungGen      total 151552K, used 98736K [0x00000000f5980000, 0x0000000100000000, 0x0000000100000000)
  eden space 132096K, 74% used [0x00000000f5980000,0x00000000fb97c128,0x00000000fda80000)
  from space 19456K, 2% used [0x00000000fed00000,0x00000000fed70010,0x0000000100000000)
  to   space 18944K, 0% used [0x00000000fda80000,0x00000000fda80000,0x00000000fed00000)
 ParOldGen       total 341504K, used 38821K [0x00000000e0c00000, 0x00000000f5980000, 0x00000000f5980000)
  object space 341504K, 11% used [0x00000000e0c00000,0x00000000e31e97f8,0x00000000f5980000)
 Metaspace       used 36120K, capacity 36958K, committed 37208K, reserved 1081344K
  class space    used 4979K, capacity 5161K, committed 5248K, reserved 1048576K
