06:36:46,547 |-INFO in ch.qos.logback.classic.LoggerContext[default] - Could NOT find resource [logback-test.xml]
06:36:46,547 |-INFO in ch.qos.logback.classic.LoggerContext[default] - Could NOT find resource [logback.groovy]
06:36:46,547 |-INFO in ch.qos.logback.classic.LoggerContext[default] - Found resource [logback.xml] at [jar:file:/home/nikitasokolov/flamestream/lib/flamestream-runtime-1.0-SNAPSHOT.jar!/logback.xml]
06:36:46,548 |-WARN in ch.qos.logback.classic.LoggerContext[default] - Resource [logback.xml] occurs multiple times on the classpath.
06:36:46,548 |-WARN in ch.qos.logback.classic.LoggerContext[default] - Resource [logback.xml] occurs at [jar:file:/home/nikitasokolov/flamestream/lib/flamestream-runtime-1.0-SNAPSHOT.jar!/logback.xml]
06:36:46,548 |-WARN in ch.qos.logback.classic.LoggerContext[default] - Resource [logback.xml] occurs at [jar:file:/home/nikitasokolov/flamestream/flamestream-runtime-1.0-SNAPSHOT.jar!/logback.xml]
06:36:46,564 |-INFO in ch.qos.logback.core.joran.spi.ConfigurationWatchList@6108b2d7 - URL [jar:file:/home/nikitasokolov/flamestream/lib/flamestream-runtime-1.0-SNAPSHOT.jar!/logback.xml] is not of type file
06:36:46,617 |-INFO in ch.qos.logback.classic.joran.action.ConfigurationAction - debug attribute not set
06:36:46,618 |-INFO in ch.qos.logback.core.joran.action.AppenderAction - About to instantiate appender of type [ch.qos.logback.core.ConsoleAppender]
06:36:46,629 |-INFO in ch.qos.logback.core.joran.action.AppenderAction - Naming appender as [STDOUT]
06:36:46,638 |-INFO in ch.qos.logback.core.joran.action.NestedComplexPropertyIA - Assuming default type [ch.qos.logback.classic.encoder.PatternLayoutEncoder] for [encoder] property
06:36:46,693 |-INFO in ch.qos.logback.core.joran.action.AppenderAction - About to instantiate appender of type [ch.qos.logback.core.rolling.RollingFileAppender]
06:36:46,699 |-INFO in ch.qos.logback.core.joran.action.AppenderAction - Naming appender as [FILE]
06:36:46,724 |-INFO in c.q.l.core.rolling.TimeBasedRollingPolicy@357863579 - No compression will be used
06:36:46,725 |-INFO in c.q.l.core.rolling.TimeBasedRollingPolicy@357863579 - Will use the pattern /tmp/application_%d{yyyy-MM-dd}.%i.log for the active file
06:36:46,729 |-INFO in ch.qos.logback.core.rolling.SizeAndTimeBasedFNATP@6bf256fa - The date pattern is 'yyyy-MM-dd' from file name pattern '/tmp/application_%d{yyyy-MM-dd}.%i.log'.
06:36:46,729 |-INFO in ch.qos.logback.core.rolling.SizeAndTimeBasedFNATP@6bf256fa - Roll-over at midnight.
06:36:46,734 |-INFO in ch.qos.logback.core.rolling.SizeAndTimeBasedFNATP@6bf256fa - Setting initial period to Sun Jun 09 06:36:06 MSK 2019
06:36:46,734 |-WARN in ch.qos.logback.core.rolling.SizeAndTimeBasedFNATP@6bf256fa - SizeAndTimeBasedFNATP is deprecated. Use SizeAndTimeBasedRollingPolicy instead
06:36:46,734 |-WARN in ch.qos.logback.core.rolling.SizeAndTimeBasedFNATP@6bf256fa - For more information see http://logback.qos.ch/manual/appenders.html#SizeAndTimeBasedRollingPolicy
06:36:46,738 |-INFO in ch.qos.logback.core.joran.action.NestedComplexPropertyIA - Assuming default type [ch.qos.logback.classic.encoder.PatternLayoutEncoder] for [encoder] property
06:36:46,741 |-INFO in ch.qos.logback.core.rolling.RollingFileAppender[FILE] - Active log file name: /tmp/application.log
06:36:46,741 |-INFO in ch.qos.logback.core.rolling.RollingFileAppender[FILE] - File property is set to [/tmp/application.log]
06:36:46,742 |-INFO in ch.qos.logback.classic.joran.action.RootLoggerAction - Setting level of ROOT logger to WARN
06:36:46,742 |-INFO in ch.qos.logback.core.joran.action.AppenderRefAction - Attaching appender named [STDOUT] to Logger[ROOT]
06:36:46,742 |-INFO in ch.qos.logback.core.joran.action.AppenderRefAction - Attaching appender named [FILE] to Logger[ROOT]
06:36:46,742 |-INFO in ch.qos.logback.classic.joran.action.ConfigurationAction - End of configuration.
06:36:46,743 |-INFO in ch.qos.logback.classic.joran.JoranConfigurator@6cd8737 - Registering current configuration as safe fallback point

2019-06-09T06:36:47.757+0300: 1.407: [GC (Metadata GC Threshold) [PSYoungGen: 108152K->15834K(149504K)] 108152K->15914K(491008K), 0.0337466 secs] [Times: user=0.17 sys=0.05, real=0.04 secs] 
2019-06-09T06:36:47.791+0300: 1.440: [Full GC (Metadata GC Threshold) [PSYoungGen: 15834K->0K(149504K)] [ParOldGen: 80K->14981K(341504K)] 15914K->14981K(491008K), [Metaspace: 20807K->20807K(1067008K)], 0.0289911 secs] [Times: user=0.19 sys=0.01, real=0.03 secs] 
06:36:55.142 [Curator-PathChildrenCache-1] WARN  o.a.c.u.ZKPaths  - The version of ZooKeeper being used doesn't support Container nodes. CreateMode.PERSISTENT will be used instead.
2019-06-09T06:36:56.163+0300: 9.813: [GC (Metadata GC Threshold) [PSYoungGen: 126496K->15970K(149504K)] 141478K->50491K(491008K), 0.0323908 secs] [Times: user=0.28 sys=0.04, real=0.03 secs] 
2019-06-09T06:36:56.196+0300: 9.845: [Full GC (Metadata GC Threshold) [PSYoungGen: 15970K->0K(149504K)] [ParOldGen: 34521K->38938K(341504K)] 50491K->38938K(491008K), [Metaspace: 34574K->34574K(1079296K)], 0.0379881 secs] [Times: user=0.22 sys=0.00, real=0.04 secs] 
2019-06-09T06:37:00.218+0300: 13.868: [GC (Allocation Failure) [PSYoungGen: 128512K->384K(149504K)] 167450K->39330K(491008K), 0.0043971 secs] [Times: user=0.03 sys=0.00, real=0.00 secs] 
2019-06-09T06:37:04.694+0300: 18.344: [GC (Allocation Failure) [PSYoungGen: 128896K->448K(149504K)] 167842K->39402K(491008K), 0.0043408 secs] [Times: user=0.03 sys=0.00, real=0.01 secs] 
2019-06-09T06:37:09.188+0300: 22.838: [GC (Allocation Failure) [PSYoungGen: 128960K->416K(129024K)] 167914K->39370K(470528K), 0.0047207 secs] [Times: user=0.03 sys=0.00, real=0.01 secs] 
2019-06-09T06:37:13.688+0300: 27.338: [GC (Allocation Failure) [PSYoungGen: 128928K->384K(150016K)] 167882K->39346K(491520K), 0.0038151 secs] [Times: user=0.02 sys=0.01, real=0.01 secs] 
2019-06-09T06:37:18.192+0300: 31.842: [GC (Allocation Failure) [PSYoungGen: 128896K->416K(148992K)] 167858K->39378K(490496K), 0.0026569 secs] [Times: user=0.02 sys=0.00, real=0.00 secs] 
2019-06-09T06:37:22.750+0300: 36.400: [GC (Allocation Failure) [PSYoungGen: 128928K->448K(151552K)] 167890K->39418K(493056K), 0.0045504 secs] [Times: user=0.03 sys=0.01, real=0.00 secs] 
2019-06-09T06:37:27.439+0300: 41.089: [GC (Allocation Failure) [PSYoungGen: 132032K->448K(150528K)] 171002K->39418K(492032K), 0.0034387 secs] [Times: user=0.01 sys=0.01, real=0.00 secs] 
2019-06-09T06:37:32.141+0300: 45.791: [GC (Allocation Failure) [PSYoungGen: 132032K->544K(153088K)] 171002K->39514K(494592K), 0.0039109 secs] [Times: user=0.02 sys=0.01, real=0.00 secs] 
2019-06-09T06:37:36.968+0300: 50.618: [GC (Allocation Failure) [PSYoungGen: 135712K->512K(152576K)] 174682K->39482K(494080K), 0.0033397 secs] [Times: user=0.01 sys=0.00, real=0.01 secs] 
2019-06-09T06:37:41.759+0300: 55.409: [GC (Allocation Failure) [PSYoungGen: 135680K->480K(154624K)] 174650K->39450K(496128K), 0.0030658 secs] [Times: user=0.01 sys=0.01, real=0.00 secs] 
2019-06-09T06:37:46.627+0300: 60.276: [GC (Allocation Failure) [PSYoungGen: 138720K->480K(154112K)] 177690K->39458K(495616K), 0.0035754 secs] [Times: user=0.01 sys=0.00, real=0.01 secs] 
2019-06-09T06:37:52.344+0300: 65.994: [GC (Allocation Failure) [PSYoungGen: 138720K->800K(156672K)] 177698K->39786K(498176K), 0.0038981 secs] [Times: user=0.01 sys=0.00, real=0.00 secs] 
2019-06-09T06:37:58.702+0300: 72.352: [GC (Allocation Failure) [PSYoungGen: 142624K->512K(155648K)] 181610K->39506K(497152K), 0.0038027 secs] [Times: user=0.01 sys=0.00, real=0.00 secs] 
06:38:12.793 [Curator-PathChildrenCache-0] ERROR o.a.c.f.r.c.PathChildrenCache  - 
java.lang.IllegalStateException: instance must be started before calling this method
	at org.apache.curator.shaded.com.google.common.base.Preconditions.checkState(Preconditions.java:444)
	at org.apache.curator.framework.imps.CuratorFrameworkImpl.getChildren(CuratorFrameworkImpl.java:456)
	at org.apache.curator.framework.recipes.cache.PathChildrenCache.refresh(PathChildrenCache.java:521)
	at org.apache.curator.framework.recipes.cache.RefreshOperation.invoke(RefreshOperation.java:35)
	at org.apache.curator.framework.recipes.cache.PathChildrenCache$9.run(PathChildrenCache.java:786)
	at java.util.concurrent.Executors$RunnableAdapter.call(Executors.java:511)
	at java.util.concurrent.FutureTask.run(FutureTask.java:266)
	at java.util.concurrent.Executors$RunnableAdapter.call(Executors.java:511)
	at java.util.concurrent.FutureTask.run(FutureTask.java:266)
	at java.util.concurrent.ThreadPoolExecutor.runWorker(ThreadPoolExecutor.java:1149)
	at java.util.concurrent.ThreadPoolExecutor$Worker.run(ThreadPoolExecutor.java:624)
	at java.lang.Thread.run(Thread.java:748)
Heap
 PSYoungGen      total 155648K, used 50305K [0x00000000f5980000, 0x0000000100000000, 0x0000000100000000)
  eden space 141824K, 35% used [0x00000000f5980000,0x00000000f8a20700,0x00000000fe400000)
  from space 13824K, 3% used [0x00000000fe400000,0x00000000fe480040,0x00000000ff180000)
  to   space 13312K, 0% used [0x00000000ff300000,0x00000000ff300000,0x0000000100000000)
 ParOldGen       total 341504K, used 38994K [0x00000000e0c00000, 0x00000000f5980000, 0x00000000f5980000)
  object space 341504K, 11% used [0x00000000e0c00000,0x00000000e3214940,0x00000000f5980000)
 Metaspace       used 36207K, capacity 37022K, committed 37208K, reserved 1081344K
  class space    used 4978K, capacity 5161K, committed 5248K, reserved 1048576K
