16:43:52,060 |-INFO in ch.qos.logback.classic.LoggerContext[default] - Could NOT find resource [logback-test.xml]
16:43:52,060 |-INFO in ch.qos.logback.classic.LoggerContext[default] - Could NOT find resource [logback.groovy]
16:43:52,060 |-INFO in ch.qos.logback.classic.LoggerContext[default] - Found resource [logback.xml] at [jar:file:/root/flamestream/lib/flamestream-runtime-1.0-SNAPSHOT.jar!/logback.xml]
16:43:52,060 |-WARN in ch.qos.logback.classic.LoggerContext[default] - Resource [logback.xml] occurs multiple times on the classpath.
16:43:52,061 |-WARN in ch.qos.logback.classic.LoggerContext[default] - Resource [logback.xml] occurs at [jar:file:/root/flamestream/lib/flamestream-runtime-1.0-SNAPSHOT.jar!/logback.xml]
16:43:52,061 |-WARN in ch.qos.logback.classic.LoggerContext[default] - Resource [logback.xml] occurs at [jar:file:/root/flamestream/flamestream-runtime-1.0-SNAPSHOT.jar!/logback.xml]
16:43:52,084 |-INFO in ch.qos.logback.core.joran.spi.ConfigurationWatchList@3fb6a447 - URL [jar:file:/root/flamestream/lib/flamestream-runtime-1.0-SNAPSHOT.jar!/logback.xml] is not of type file
16:43:52,157 |-INFO in ch.qos.logback.classic.joran.action.ConfigurationAction - debug attribute not set
16:43:52,158 |-INFO in ch.qos.logback.core.joran.action.AppenderAction - About to instantiate appender of type [ch.qos.logback.core.ConsoleAppender]
16:43:52,178 |-INFO in ch.qos.logback.core.joran.action.AppenderAction - Naming appender as [STDOUT]
16:43:52,196 |-INFO in ch.qos.logback.core.joran.action.NestedComplexPropertyIA - Assuming default type [ch.qos.logback.classic.encoder.PatternLayoutEncoder] for [encoder] property
16:43:52,277 |-INFO in ch.qos.logback.core.joran.action.AppenderAction - About to instantiate appender of type [ch.qos.logback.core.rolling.RollingFileAppender]
16:43:52,286 |-INFO in ch.qos.logback.core.joran.action.AppenderAction - Naming appender as [FILE]
16:43:52,317 |-INFO in c.q.l.core.rolling.TimeBasedRollingPolicy@127618319 - No compression will be used
16:43:52,318 |-INFO in c.q.l.core.rolling.TimeBasedRollingPolicy@127618319 - Will use the pattern /tmp/application_%d{yyyy-MM-dd}.%i.log for the active file
16:43:52,321 |-INFO in ch.qos.logback.core.rolling.SizeAndTimeBasedFNATP@6b2fad11 - The date pattern is 'yyyy-MM-dd' from file name pattern '/tmp/application_%d{yyyy-MM-dd}.%i.log'.
16:43:52,321 |-INFO in ch.qos.logback.core.rolling.SizeAndTimeBasedFNATP@6b2fad11 - Roll-over at midnight.
16:43:52,327 |-INFO in ch.qos.logback.core.rolling.SizeAndTimeBasedFNATP@6b2fad11 - Setting initial period to Mon Jun 10 16:42:24 UTC 2019
16:43:52,327 |-WARN in ch.qos.logback.core.rolling.SizeAndTimeBasedFNATP@6b2fad11 - SizeAndTimeBasedFNATP is deprecated. Use SizeAndTimeBasedRollingPolicy instead
16:43:52,327 |-WARN in ch.qos.logback.core.rolling.SizeAndTimeBasedFNATP@6b2fad11 - For more information see http://logback.qos.ch/manual/appenders.html#SizeAndTimeBasedRollingPolicy
16:43:52,331 |-INFO in ch.qos.logback.core.joran.action.NestedComplexPropertyIA - Assuming default type [ch.qos.logback.classic.encoder.PatternLayoutEncoder] for [encoder] property
16:43:52,336 |-INFO in ch.qos.logback.core.rolling.RollingFileAppender[FILE] - Active log file name: /tmp/application.log
16:43:52,336 |-INFO in ch.qos.logback.core.rolling.RollingFileAppender[FILE] - File property is set to [/tmp/application.log]
16:43:52,336 |-INFO in ch.qos.logback.classic.joran.action.RootLoggerAction - Setting level of ROOT logger to WARN
16:43:52,336 |-INFO in ch.qos.logback.core.joran.action.AppenderRefAction - Attaching appender named [STDOUT] to Logger[ROOT]
16:43:52,338 |-INFO in ch.qos.logback.core.joran.action.AppenderRefAction - Attaching appender named [FILE] to Logger[ROOT]
16:43:52,338 |-INFO in ch.qos.logback.classic.joran.action.ConfigurationAction - End of configuration.
16:43:52,339 |-INFO in ch.qos.logback.classic.joran.JoranConfigurator@79698539 - Registering current configuration as safe fallback point

Ama winner
Ama winner
2019-06-10T16:43:53.650+0000: 1.775: [Full GC (Metadata GC Threshold) 2019-06-10T16:43:53.650+0000: 1.775: [Tenured: 0K->15145K(341376K), 0.0365187 secs] 114986K->15145K(494976K), [Metaspace: 20740K->20740K(1067008K)], 0.0365858 secs] [Times: user=0.03 sys=0.00, real=0.04 secs] 
16:44:11.423 [Curator-PathChildrenCache-1] WARN  o.a.c.u.ZKPaths  - The version of ZooKeeper being used doesn't support Container nodes. CreateMode.PERSISTENT will be used instead.
2019-06-10T16:44:13.620+0000: 21.745: [GC (Allocation Failure) 2019-06-10T16:44:13.620+0000: 21.745: [DefNew: 136576K->17023K(153600K), 0.0268370 secs] 151721K->52801K(494976K), 0.0269066 secs] [Times: user=0.01 sys=0.02, real=0.03 secs] 
2019-06-10T16:44:14.767+0000: 22.892: [Full GC (Metadata GC Threshold) 2019-06-10T16:44:14.767+0000: 22.892: [Tenured: 35777K->44613K(341376K), 0.0536117 secs] 77570K->44613K(494976K), [Metaspace: 34572K->34572K(1079296K)], 0.0536870 secs] [Times: user=0.05 sys=0.00, real=0.05 secs] 
2019-06-10T16:44:21.651+0000: 29.776: [GC (Allocation Failure) 2019-06-10T16:44:21.651+0000: 29.776: [DefNew: 136576K->88K(153600K), 0.0019665 secs] 181189K->44702K(494976K), 0.0020244 secs] [Times: user=0.00 sys=0.00, real=0.00 secs] 
2019-06-10T16:44:28.465+0000: 36.590: [GC (Allocation Failure) 2019-06-10T16:44:28.465+0000: 36.591: [DefNew: 136664K->87K(153600K), 0.0018532 secs] 181278K->44700K(494976K), 0.0019386 secs] [Times: user=0.00 sys=0.01, real=0.00 secs] 
2019-06-10T16:44:35.253+0000: 43.378: [GC (Allocation Failure) 2019-06-10T16:44:35.253+0000: 43.378: [DefNew: 136663K->89K(153600K), 0.0018812 secs] 181276K->44703K(494976K), 0.0019426 secs] [Times: user=0.00 sys=0.00, real=0.00 secs] 
2019-06-10T16:44:42.051+0000: 50.176: [GC (Allocation Failure) 2019-06-10T16:44:42.051+0000: 50.176: [DefNew: 136665K->90K(153600K), 0.0018698 secs] 181279K->44704K(494976K), 0.0019310 secs] [Times: user=0.00 sys=0.00, real=0.00 secs] 
2019-06-10T16:44:48.874+0000: 56.999: [GC (Allocation Failure) 2019-06-10T16:44:48.874+0000: 56.999: [DefNew: 136666K->91K(153600K), 0.0019390 secs] 181280K->44705K(494976K), 0.0019948 secs] [Times: user=0.00 sys=0.00, real=0.00 secs] 
16:44:59.674 [Curator-PathChildrenCache-0] ERROR o.a.c.f.r.c.PathChildrenCache  - 
java.lang.IllegalStateException: instance must be started before calling this method
	at org.apache.curator.shaded.com.google.common.base.Preconditions.checkState(Preconditions.java:444)
	at org.apache.curator.framework.imps.CuratorFrameworkImpl.getChildren(CuratorFrameworkImpl.java:456)
	at org.apache.curator.framework.recipes.cache.PathChildrenCache.refresh(PathChildrenCache.java:521)
	at org.apache.curator.framework.recipes.cache.RefreshOperation.invoke(RefreshOperation.java:35)
	at org.apache.curator.framework.recipes.cache.PathChildrenCache$9.run(PathChildrenCache.java:786)
	at java.util.concurrent.Executors$RunnableAdapter.call(Executors.java:511)
	at java.util.concurrent.FutureTask.run(FutureTask.java:266)
	at java.util.concurrent.Executors$RunnableAdapter.call(Executors.java:511)
	at java.util.concurrent.FutureTask.run(FutureTask.java:266)
	at java.util.concurrent.ThreadPoolExecutor.runWorker(ThreadPoolExecutor.java:1149)
	at java.util.concurrent.ThreadPoolExecutor$Worker.run(ThreadPoolExecutor.java:624)
	at java.lang.Thread.run(Thread.java:748)
Heap
 def new generation   total 153600K, used 100193K [0x00000000e0c00000, 0x00000000eb2a0000, 0x00000000eb2a0000)
  eden space 136576K,  73% used [0x00000000e0c00000, 0x00000000e6dc1548, 0x00000000e9160000)
  from space 17024K,   0% used [0x00000000e9160000, 0x00000000e9176fc0, 0x00000000ea200000)
  to   space 17024K,   0% used [0x00000000ea200000, 0x00000000ea200000, 0x00000000eb2a0000)
 tenured generation   total 341376K, used 44613K [0x00000000eb2a0000, 0x0000000100000000, 0x0000000100000000)
   the space 341376K,  13% used [0x00000000eb2a0000, 0x00000000ede31648, 0x00000000ede31800, 0x0000000100000000)
 Metaspace       used 36300K, capacity 37262K, committed 37376K, reserved 1081344K
  class space    used 4866K, capacity 5087K, committed 5120K, reserved 1048576K
