15:53:27,569 |-INFO in ch.qos.logback.classic.LoggerContext[default] - Could NOT find resource [logback-test.xml]
15:53:27,569 |-INFO in ch.qos.logback.classic.LoggerContext[default] - Could NOT find resource [logback.groovy]
15:53:27,570 |-INFO in ch.qos.logback.classic.LoggerContext[default] - Found resource [logback.xml] at [jar:file:/root/flamestream/lib/flamestream-runtime-1.0-SNAPSHOT.jar!/logback.xml]
15:53:27,570 |-WARN in ch.qos.logback.classic.LoggerContext[default] - Resource [logback.xml] occurs multiple times on the classpath.
15:53:27,570 |-WARN in ch.qos.logback.classic.LoggerContext[default] - Resource [logback.xml] occurs at [jar:file:/root/flamestream/lib/flamestream-runtime-1.0-SNAPSHOT.jar!/logback.xml]
15:53:27,570 |-WARN in ch.qos.logback.classic.LoggerContext[default] - Resource [logback.xml] occurs at [jar:file:/root/flamestream/flamestream-runtime-1.0-SNAPSHOT.jar!/logback.xml]
15:53:27,595 |-INFO in ch.qos.logback.core.joran.spi.ConfigurationWatchList@3fb6a447 - URL [jar:file:/root/flamestream/lib/flamestream-runtime-1.0-SNAPSHOT.jar!/logback.xml] is not of type file
15:53:27,661 |-INFO in ch.qos.logback.classic.joran.action.ConfigurationAction - debug attribute not set
15:53:27,661 |-INFO in ch.qos.logback.core.joran.action.AppenderAction - About to instantiate appender of type [ch.qos.logback.core.ConsoleAppender]
15:53:27,677 |-INFO in ch.qos.logback.core.joran.action.AppenderAction - Naming appender as [STDOUT]
15:53:27,695 |-INFO in ch.qos.logback.core.joran.action.NestedComplexPropertyIA - Assuming default type [ch.qos.logback.classic.encoder.PatternLayoutEncoder] for [encoder] property
15:53:27,774 |-INFO in ch.qos.logback.core.joran.action.AppenderAction - About to instantiate appender of type [ch.qos.logback.core.rolling.RollingFileAppender]
15:53:27,782 |-INFO in ch.qos.logback.core.joran.action.AppenderAction - Naming appender as [FILE]
15:53:27,819 |-INFO in c.q.l.core.rolling.TimeBasedRollingPolicy@127618319 - No compression will be used
15:53:27,821 |-INFO in c.q.l.core.rolling.TimeBasedRollingPolicy@127618319 - Will use the pattern /tmp/application_%d{yyyy-MM-dd}.%i.log for the active file
15:53:27,823 |-INFO in ch.qos.logback.core.rolling.SizeAndTimeBasedFNATP@6b2fad11 - The date pattern is 'yyyy-MM-dd' from file name pattern '/tmp/application_%d{yyyy-MM-dd}.%i.log'.
15:53:27,823 |-INFO in ch.qos.logback.core.rolling.SizeAndTimeBasedFNATP@6b2fad11 - Roll-over at midnight.
15:53:27,829 |-INFO in ch.qos.logback.core.rolling.SizeAndTimeBasedFNATP@6b2fad11 - Setting initial period to Mon Jun 10 15:52:17 UTC 2019
15:53:27,829 |-WARN in ch.qos.logback.core.rolling.SizeAndTimeBasedFNATP@6b2fad11 - SizeAndTimeBasedFNATP is deprecated. Use SizeAndTimeBasedRollingPolicy instead
15:53:27,829 |-WARN in ch.qos.logback.core.rolling.SizeAndTimeBasedFNATP@6b2fad11 - For more information see http://logback.qos.ch/manual/appenders.html#SizeAndTimeBasedRollingPolicy
15:53:27,832 |-INFO in ch.qos.logback.core.joran.action.NestedComplexPropertyIA - Assuming default type [ch.qos.logback.classic.encoder.PatternLayoutEncoder] for [encoder] property
15:53:27,837 |-INFO in ch.qos.logback.core.rolling.RollingFileAppender[FILE] - Active log file name: /tmp/application.log
15:53:27,837 |-INFO in ch.qos.logback.core.rolling.RollingFileAppender[FILE] - File property is set to [/tmp/application.log]
15:53:27,838 |-INFO in ch.qos.logback.classic.joran.action.RootLoggerAction - Setting level of ROOT logger to WARN
15:53:27,838 |-INFO in ch.qos.logback.core.joran.action.AppenderRefAction - Attaching appender named [STDOUT] to Logger[ROOT]
15:53:27,840 |-INFO in ch.qos.logback.core.joran.action.AppenderRefAction - Attaching appender named [FILE] to Logger[ROOT]
15:53:27,840 |-INFO in ch.qos.logback.classic.joran.action.ConfigurationAction - End of configuration.
15:53:27,841 |-INFO in ch.qos.logback.classic.joran.JoranConfigurator@79698539 - Registering current configuration as safe fallback point

Ama winner
Ama winner
2019-06-10T15:53:29.111+0000: 1.718: [Full GC (Metadata GC Threshold) 2019-06-10T15:53:29.111+0000: 1.718: [Tenured: 0K->15143K(341376K), 0.0384482 secs] 114987K->15143K(494976K), [Metaspace: 20727K->20727K(1067008K)], 0.0385144 secs] [Times: user=0.03 sys=0.00, real=0.04 secs] 
15:53:47.855 [Curator-PathChildrenCache-1] WARN  o.a.c.u.ZKPaths  - The version of ZooKeeper being used doesn't support Container nodes. CreateMode.PERSISTENT will be used instead.
2019-06-10T15:53:50.250+0000: 22.857: [GC (Allocation Failure) 2019-06-10T15:53:50.250+0000: 22.857: [DefNew: 136576K->17024K(153600K), 0.0266652 secs] 151719K->52571K(494976K), 0.0267378 secs] [Times: user=0.01 sys=0.02, real=0.03 secs] 
2019-06-10T15:53:51.479+0000: 24.086: [Full GC (Metadata GC Threshold) 2019-06-10T15:53:51.479+0000: 24.086: [Tenured: 35547K->44041K(341376K), 0.0384237 secs] 76895K->44041K(494976K), [Metaspace: 34592K->34592K(1079296K)], 0.0384970 secs] [Times: user=0.04 sys=0.00, real=0.04 secs] 
2019-06-10T15:53:57.362+0000: 29.968: [GC (Allocation Failure) 2019-06-10T15:53:57.362+0000: 29.968: [DefNew: 136576K->69K(153600K), 0.0018264 secs] 180617K->44111K(494976K), 0.0018857 secs] [Times: user=0.00 sys=0.00, real=0.00 secs] 
2019-06-10T15:54:03.271+0000: 35.878: [GC (Allocation Failure) 2019-06-10T15:54:03.271+0000: 35.878: [DefNew: 136645K->67K(153600K), 0.0017398 secs] 180687K->44109K(494976K), 0.0018007 secs] [Times: user=0.00 sys=0.00, real=0.00 secs] 
2019-06-10T15:54:09.026+0000: 41.632: [GC (Allocation Failure) 2019-06-10T15:54:09.026+0000: 41.632: [DefNew: 136643K->69K(153600K), 0.0017298 secs] 180685K->44111K(494976K), 0.0017906 secs] [Times: user=0.01 sys=0.00, real=0.01 secs] 
2019-06-10T15:54:14.838+0000: 47.445: [GC (Allocation Failure) 2019-06-10T15:54:14.838+0000: 47.445: [DefNew: 136645K->73K(153600K), 0.0017544 secs] 180687K->44114K(494976K), 0.0018270 secs] [Times: user=0.00 sys=0.00, real=0.00 secs] 
15:54:25.010 [Curator-PathChildrenCache-0] ERROR o.a.c.f.r.c.PathChildrenCache  - 
java.lang.IllegalStateException: instance must be started before calling this method
	at org.apache.curator.shaded.com.google.common.base.Preconditions.checkState(Preconditions.java:444)
	at org.apache.curator.framework.imps.CuratorFrameworkImpl.getChildren(CuratorFrameworkImpl.java:456)
	at org.apache.curator.framework.recipes.cache.PathChildrenCache.refresh(PathChildrenCache.java:521)
	at org.apache.curator.framework.recipes.cache.RefreshOperation.invoke(RefreshOperation.java:35)
	at org.apache.curator.framework.recipes.cache.PathChildrenCache$9.run(PathChildrenCache.java:786)
	at java.util.concurrent.Executors$RunnableAdapter.call(Executors.java:511)
	at java.util.concurrent.FutureTask.run(FutureTask.java:266)
	at java.util.concurrent.Executors$RunnableAdapter.call(Executors.java:511)
	at java.util.concurrent.FutureTask.run(FutureTask.java:266)
	at java.util.concurrent.ThreadPoolExecutor.runWorker(ThreadPoolExecutor.java:1149)
	at java.util.concurrent.ThreadPoolExecutor$Worker.run(ThreadPoolExecutor.java:624)
	at java.lang.Thread.run(Thread.java:748)
2019-06-10T15:54:26.128+0000: 58.735: [GC (Allocation Failure) 2019-06-10T15:54:26.128+0000: 58.735: [DefNew: 136649K->957K(153600K), 0.0064191 secs] 180690K->44999K(494976K), 0.0064801 secs] [Times: user=0.00 sys=0.00, real=0.01 secs] 
Heap
 def new generation   total 153600K, used 3897K [0x00000000e0c00000, 0x00000000eb2a0000, 0x00000000eb2a0000)
  eden space 136576K,   2% used [0x00000000e0c00000, 0x00000000e0edecd0, 0x00000000e9160000)
  from space 17024K,   5% used [0x00000000e9160000, 0x00000000e924f7d8, 0x00000000ea200000)
  to   space 17024K,   0% used [0x00000000ea200000, 0x00000000ea200000, 0x00000000eb2a0000)
 tenured generation   total 341376K, used 44041K [0x00000000eb2a0000, 0x0000000100000000, 0x0000000100000000)
   the space 341376K,  12% used [0x00000000eb2a0000, 0x00000000edda2620, 0x00000000edda2800, 0x0000000100000000)
 Metaspace       used 35793K, capacity 36710K, committed 36864K, reserved 1081344K
  class space    used 4826K, capacity 5043K, committed 5120K, reserved 1048576K
