10:08:09,424 |-INFO in ch.qos.logback.classic.LoggerContext[default] - Could NOT find resource [logback-test.xml]
10:08:09,425 |-INFO in ch.qos.logback.classic.LoggerContext[default] - Could NOT find resource [logback.groovy]
10:08:09,425 |-INFO in ch.qos.logback.classic.LoggerContext[default] - Found resource [logback.xml] at [jar:file:/home/ubuntu/flamestream/lib/flamestream-runtime-1.0-SNAPSHOT.jar!/logback.xml]
10:08:09,426 |-WARN in ch.qos.logback.classic.LoggerContext[default] - Resource [logback.xml] occurs multiple times on the classpath.
10:08:09,426 |-WARN in ch.qos.logback.classic.LoggerContext[default] - Resource [logback.xml] occurs at [jar:file:/home/ubuntu/flamestream/flamestream-runtime-1.0-SNAPSHOT.jar!/logback.xml]
10:08:09,426 |-WARN in ch.qos.logback.classic.LoggerContext[default] - Resource [logback.xml] occurs at [jar:file:/home/ubuntu/flamestream/lib/flamestream-runtime-1.0-SNAPSHOT.jar!/logback.xml]
10:08:09,443 |-INFO in ch.qos.logback.core.joran.spi.ConfigurationWatchList@4678c730 - URL [jar:file:/home/ubuntu/flamestream/lib/flamestream-runtime-1.0-SNAPSHOT.jar!/logback.xml] is not of type file
10:08:09,511 |-INFO in ch.qos.logback.classic.joran.action.ConfigurationAction - debug attribute not set
10:08:09,512 |-INFO in ch.qos.logback.core.joran.action.AppenderAction - About to instantiate appender of type [ch.qos.logback.core.ConsoleAppender]
10:08:09,528 |-INFO in ch.qos.logback.core.joran.action.AppenderAction - Naming appender as [STDOUT]
10:08:09,545 |-INFO in ch.qos.logback.core.joran.action.NestedComplexPropertyIA - Assuming default type [ch.qos.logback.classic.encoder.PatternLayoutEncoder] for [encoder] property
10:08:09,637 |-INFO in ch.qos.logback.core.joran.action.AppenderAction - About to instantiate appender of type [ch.qos.logback.core.rolling.RollingFileAppender]
10:08:09,640 |-INFO in ch.qos.logback.core.joran.action.AppenderAction - Naming appender as [FILE]
10:08:09,682 |-INFO in c.q.l.core.rolling.TimeBasedRollingPolicy@1734853116 - No compression will be used
10:08:09,683 |-INFO in c.q.l.core.rolling.TimeBasedRollingPolicy@1734853116 - Will use the pattern /tmp/application_%d{yyyy-MM-dd}.%i.log for the active file
10:08:09,689 |-INFO in ch.qos.logback.core.rolling.SizeAndTimeBasedFNATP@29ee9faa - The date pattern is 'yyyy-MM-dd' from file name pattern '/tmp/application_%d{yyyy-MM-dd}.%i.log'.
10:08:09,689 |-INFO in ch.qos.logback.core.rolling.SizeAndTimeBasedFNATP@29ee9faa - Roll-over at midnight.
10:08:09,692 |-INFO in ch.qos.logback.core.rolling.SizeAndTimeBasedFNATP@29ee9faa - Setting initial period to Sun Oct 06 10:03:44 UTC 2019
10:08:09,694 |-WARN in ch.qos.logback.core.rolling.SizeAndTimeBasedFNATP@29ee9faa - SizeAndTimeBasedFNATP is deprecated. Use SizeAndTimeBasedRollingPolicy instead
10:08:09,694 |-WARN in ch.qos.logback.core.rolling.SizeAndTimeBasedFNATP@29ee9faa - For more information see http://logback.qos.ch/manual/appenders.html#SizeAndTimeBasedRollingPolicy
10:08:09,699 |-INFO in ch.qos.logback.core.joran.action.NestedComplexPropertyIA - Assuming default type [ch.qos.logback.classic.encoder.PatternLayoutEncoder] for [encoder] property
10:08:09,708 |-INFO in ch.qos.logback.core.rolling.RollingFileAppender[FILE] - Active log file name: /tmp/application.log
10:08:09,708 |-INFO in ch.qos.logback.core.rolling.RollingFileAppender[FILE] - File property is set to [/tmp/application.log]
10:08:09,710 |-INFO in ch.qos.logback.classic.joran.action.RootLoggerAction - Setting level of ROOT logger to INFO
10:08:09,710 |-INFO in ch.qos.logback.core.joran.action.AppenderRefAction - Attaching appender named [STDOUT] to Logger[ROOT]
10:08:09,711 |-INFO in ch.qos.logback.core.joran.action.AppenderRefAction - Attaching appender named [FILE] to Logger[ROOT]
10:08:09,711 |-INFO in ch.qos.logback.classic.joran.action.ConfigurationAction - End of configuration.
10:08:09,712 |-INFO in ch.qos.logback.classic.joran.JoranConfigurator@c038203 - Registering current configuration as safe fallback point

10:08:09.719 [main] INFO  c.s.f.r.WorkerApplication  - Starting worker with workerConfig 'WorkerConfig{id='flamestream-benchmarks-worker-2', localAddress=flamestream-benchmarks-worker-2/10.0.0.211:5412, zkString='flamestream-benchmarks-manager:12181', snapshotPath='/home/ubuntu/flamestream/data', guarantees=AT_MOST_ONCE}'
10:08:11.134 [worker-akka.actor.default-dispatcher-6] INFO  a.e.s.Slf4jLogger  - Slf4jLogger started
2019-10-06T10:08:11.282+0000: 2.239: [Full GC (Metadata GC Threshold) 2019-10-06T10:08:11.282+0000: 2.239: [Tenured: 0K->13625K(1024000K), 0.0548544 secs] 139464K->13625K(1484800K), [Metaspace: 20216K->20216K(1067008K)], 0.0549488 secs] [Times: user=0.04 sys=0.02, real=0.06 secs] 
10:08:11.446 [worker-akka.actor.default-dispatcher-6] WARN  a.r.RemoteActorRefProvider akka.remote.RemoteActorRefProvider - Using the 'remote' ActorRefProvider directly, which is a low-level layer. For most use cases, the 'cluster' abstraction on top of remoting is more suitable instead.
10:08:11.451 [worker-akka.actor.default-dispatcher-6] WARN  a.r.RemoteActorRefProvider akka.remote.RemoteActorRefProvider - Akka Cluster not in use - Using Akka Cluster is recommended if you need remote watch and deploy.
10:08:11.573 [worker-akka.actor.default-dispatcher-6] INFO  a.r.a.a.ArteryAeronUdpTransport(akka://worker) akka.remote.artery.aeron.ArteryAeronUdpTransport(akka://worker) - Started embedded media driver in directory [/dev/shm/aeron-flamestream-benchmarks-worker-2]
10:08:11.612 [worker-akka.actor.default-dispatcher-6] WARN  a.r.a.a.ArteryAeronUdpTransport(akka://worker) akka.remote.artery.aeron.ArteryAeronUdpTransport(akka://worker) - Aeron CnC version mismatch: compiled version = 15, file version = 16
10:08:11.870 [worker-akka.actor.default-dispatcher-6] INFO  a.r.a.a.ArteryAeronUdpTransport(akka://worker) akka.remote.artery.aeron.ArteryAeronUdpTransport(akka://worker) - Remoting started with transport [Artery aeron-udp]; listening on address [akka://worker@flamestream-benchmarks-worker-2:5412] and bound to [akka://worker@0.0.0.0:5412] with UID [8785119394570761158]
10:08:12.457 [worker-akka.actor.default-dispatcher-6] WARN  a.s.Serialization(akka://worker) akka.serialization.Serialization(akka://worker) - Using serializer [com.romix.akka.serialization.kryo.KryoSerializer] for message [akka.actor.ActorSelectionMessage]. Note that this serializer is not implemented by Akka. It's not recommended to replace serializers for messages provided by Akka.
10:08:12.458 [worker-akka.actor.default-dispatcher-6] WARN  a.s.Serialization(akka://worker) akka.serialization.Serialization(akka://worker) - Using serializer [com.romix.akka.serialization.kryo.KryoSerializer] for message [akka.actor.ActorIdentity]. Note that this serializer is not implemented by Akka. It's not recommended to replace serializers for messages provided by Akka.
10:08:12.515 [worker-akka.actor.default-dispatcher-9] INFO  a.a.RepointableActorRef akka://worker/user/watcher - Starting...
10:08:12.638 [worker-akka.actor.default-dispatcher-6] INFO  o.a.c.u.Compatibility  - Running in ZooKeeper 3.4.x compatibility mode
10:08:12.695 [worker-akka.actor.default-dispatcher-6] INFO  o.a.c.f.i.CuratorFrameworkImpl  - Starting
10:08:12.720 [worker-akka.actor.default-dispatcher-6] INFO  o.a.z.ZooKeeper  - Client environment:zookeeper.version=3.4.14-4c25d480e66aadd371de8bd2fd8da255ac140bcf, built on 03/06/2019 16:18 GMT
10:08:12.721 [worker-akka.actor.default-dispatcher-6] INFO  o.a.z.ZooKeeper  - Client environment:host.name=flamestream-benchmarks-worker-2
10:08:12.721 [worker-akka.actor.default-dispatcher-6] INFO  o.a.z.ZooKeeper  - Client environment:java.version=1.8.0_222
10:08:12.722 [worker-akka.actor.default-dispatcher-6] INFO  o.a.z.ZooKeeper  - Client environment:java.vendor=Private Build
10:08:12.723 [worker-akka.actor.default-dispatcher-6] INFO  o.a.z.ZooKeeper  - Client environment:java.home=/usr/lib/jvm/java-8-openjdk-amd64/jre
10:08:12.727 [worker-akka.actor.default-dispatcher-6] INFO  o.a.z.ZooKeeper  - Client environment:java.class.path=lib/curator-framework-4.0.1.jar:lib/commons-csv-1.4.jar:lib/aeron-client-1.21.2.jar:lib/scala-library-2.12.9.jar:lib/asm-5.0.4.jar:lib/agrona-1.0.1.jar:lib/curator-recipes-4.0.1.jar:lib/akka-testkit_2.12-2.6.0-M6.jar:lib/flamestream-runtime-1.0-SNAPSHOT.jar:lib/slf4j-simple-2.0.0-alpha1.jar:lib/jsr305-3.0.2.jar:lib/trove4j-3.0.3.jar:lib/flamestream-core-1.0-SNAPSHOT.jar:lib/commons-io-2.4.jar:lib/minlog-1.3.0.jar:lib/kryonet-2.21.jar:lib/commons-1.4.9.jar:lib/jline-0.9.94.jar:lib/akka-remote_2.12-2.6.0-M6.jar:lib/leveldbjni-all-1.8.jar:lib/lz4-1.3.0.jar:lib/slf4j-api-1.7.24.jar:lib/scala-parser-combinators_2.12-1.1.2.jar:lib/flamestream-core-1.0-SNAPSHOT-tests.jar:lib/logback-core-1.2.3.jar:lib/netty-3.10.6.Final.jar:lib/protobuf-java-3.9.0.jar:lib/minlog-1.2.jar:lib/leveldb-api-0.7.jar:lib/jool-0.9.12.jar:lib/commons-cli-1.4.jar:lib/jblas-1.2.4.jar:lib/reflectasm-1.11.3.jar:lib/reflectasm-1.07-shaded.jar:lib/audience-annotations-0.5.0.jar:lib/jackson-annotations-2.9.6.jar:lib/commons-lang-2.6.jar:lib/ssl-config-core_2.12-0.3.8.jar:lib/annotations-13.0.jar:lib/logback-classic-1.2.3.jar:lib/guava-21.0.jar:lib/reactive-streams-1.0.2.jar:lib/spotbugs-annotations-3.1.9.jar:lib/leveldb-0.7.jar:lib/commons-pool2-2.4.2.jar:lib/rocksdbjni-5.5.1.jar:lib/jackson-core-2.9.9.jar:lib/jackson-databind-2.9.9.2.jar:lib/akka-protobuf-v3_2.12-2.6.0-M6.jar:lib/jackson-annotations-2.9.0.jar:lib/flamestream-examples-1.0-SNAPSHOT.jar:lib/objenesis-2.1.jar:lib/akka-kryo-serialization_2.12-0.5.2.jar:lib/scala-java8-compat_2.12-0.8.0.jar:lib/zookeeper-3.4.14.jar:lib/akka-slf4j_2.12-2.6.0-M6.jar:lib/kryo-4.0.0.jar:lib/akka-stream_2.12-2.6.0-M6.jar:lib/aeron-driver-1.21.2.jar:lib/config-1.3.1.jar:lib/annotations-12.0.jar:lib/jedis-2.9.0.jar:lib/jcommander-1.48.jar:lib/testng-6.10.jar:lib/akka-actor_2.12-2.6.0-M6.jar:lib/curator-client-4.0.1.jar:flamestream-runtime-1.0-SNAPSHOT.jar
10:08:12.727 [worker-akka.actor.default-dispatcher-6] INFO  o.a.z.ZooKeeper  - Client environment:java.library.path=/usr/java/packages/lib/amd64:/usr/lib/x86_64-linux-gnu/jni:/lib/x86_64-linux-gnu:/usr/lib/x86_64-linux-gnu:/usr/lib/jni:/lib:/usr/lib
10:08:12.730 [worker-akka.actor.default-dispatcher-6] INFO  o.a.z.ZooKeeper  - Client environment:java.io.tmpdir=/tmp
10:08:12.731 [worker-akka.actor.default-dispatcher-6] INFO  o.a.z.ZooKeeper  - Client environment:java.compiler=<NA>
10:08:12.731 [worker-akka.actor.default-dispatcher-6] INFO  o.a.z.ZooKeeper  - Client environment:os.name=Linux
10:08:12.731 [worker-akka.actor.default-dispatcher-6] INFO  o.a.z.ZooKeeper  - Client environment:os.arch=amd64
10:08:12.732 [worker-akka.actor.default-dispatcher-6] INFO  o.a.z.ZooKeeper  - Client environment:os.version=4.15.0-1040-gcp
10:08:12.732 [worker-akka.actor.default-dispatcher-6] INFO  o.a.z.ZooKeeper  - Client environment:user.name=ubuntu
10:08:12.732 [worker-akka.actor.default-dispatcher-6] INFO  o.a.z.ZooKeeper  - Client environment:user.home=/home/ubuntu
10:08:12.733 [worker-akka.actor.default-dispatcher-6] INFO  o.a.z.ZooKeeper  - Client environment:user.dir=/home/ubuntu/flamestream
10:08:12.736 [worker-akka.actor.default-dispatcher-6] INFO  o.a.z.ZooKeeper  - Initiating client connection, connectString=flamestream-benchmarks-manager:12181 sessionTimeout=60000 watcher=org.apache.curator.ConnectionState@831da6f
10:08:12.788 [worker-akka.actor.default-dispatcher-6-SendThread(flamestream-benchmarks-manager:12181)] INFO  o.a.z.ClientCnxn  - Opening socket connection to server flamestream-benchmarks-manager/10.0.0.2:12181. Will not attempt to authenticate using SASL (unknown error)
10:08:12.791 [worker-akka.actor.default-dispatcher-6] INFO  o.a.c.f.i.CuratorFrameworkImpl  - Default schema
10:08:12.796 [worker-akka.actor.default-dispatcher-6-SendThread(flamestream-benchmarks-manager:12181)] INFO  o.a.z.ClientCnxn  - Socket connection established to flamestream-benchmarks-manager/10.0.0.2:12181, initiating session
10:08:12.809 [worker-akka.actor.default-dispatcher-6-SendThread(flamestream-benchmarks-manager:12181)] INFO  o.a.z.ClientCnxn  - Session establishment complete on server flamestream-benchmarks-manager/10.0.0.2:12181, sessionid = 0x10000db77ca0002, negotiated timeout = 60000
10:08:12.819 [worker-akka.actor.default-dispatcher-6-EventThread] INFO  o.a.c.f.s.ConnectionStateManager  - State change: CONNECTED
10:08:12.822 [worker-akka.actor.default-dispatcher-9] INFO  a.a.RepointableActorRef akka://worker/user/watcher - Initializing rocksDB backend
2019-10-06T10:08:13.640+0000: 4.596: [Full GC (Metadata GC Threshold) 2019-10-06T10:08:13.640+0000: 4.596: [Tenured: 13625K->25910K(1024000K), 0.1448580 secs] 161115K->25910K(1484800K), [Metaspace: 33680K->33680K(1079296K)], 0.1449798 secs] [Times: user=0.14 sys=0.00, real=0.14 secs] 
10:08:13.878 [worker-akka.actor.default-dispatcher-6] INFO  a.a.LocalActorRef akka://worker/user/watcher/processing-watcher - Starting...
10:08:13.906 [worker-akka.actor.default-dispatcher-9] INFO  a.a.LocalActorRef akka://worker/user/watcher/acker - Starting...
10:08:53.527 [worker-akka.actor.default-dispatcher-6] INFO  a.a.LocalActorRef akka://worker/user/watcher/processing-watcher/$a - Starting...
10:08:53.561 [worker-akka.actor.default-dispatcher-11] INFO  a.a.LocalActorRef akka://worker/user/watcher/processing-watcher/$a - Stopped
10:08:59.573 [worker-akka.actor.default-dispatcher-11] INFO  a.a.LocalActorRef akka://worker/user/watcher/processing-watcher/$d/$a - Starting...
10:08:59.588 [worker-akka.actor.default-dispatcher-6] INFO  a.a.LocalActorRef akka://worker/user/watcher/processing-watcher/$d - Starting...
10:09:05.213 [worker-akka.actor.default-dispatcher-9] INFO  a.a.LocalActorRef akka://worker/user/watcher/processing-watcher/graph/graph - Starting...
10:09:09.099 [worker-akka.actor.default-dispatcher-15] INFO  a.a.LocalActorRef akka://worker/user/watcher/processing-watcher/graph/graph - Finishing constructor
10:09:09.102 [worker-akka.actor.default-dispatcher-9] INFO  a.a.LocalActorRef akka://worker/user/watcher/processing-watcher/graph/negotiator - Starting...
10:09:09.104 [worker-akka.actor.default-dispatcher-9] INFO  a.a.LocalActorRef akka://worker/user/watcher/processing-watcher/graph/edge - Starting...
10:09:09.111 [worker-akka.actor.default-dispatcher-15] INFO  a.a.LocalActorRef akka://worker/user/watcher/processing-watcher/graph - Starting FlameNode with config 'ClusterConfig{paths={flamestream-benchmarks-worker-85=akka://worker@flamestream-benchmarks-worker-85:5412/user/watcher/processing-watcher/graph, flamestream-benchmarks-worker-84=akka://worker@flamestream-benchmarks-worker-84:5412/user/watcher/processing-watcher/graph, flamestream-benchmarks-worker-83=akka://worker@flamestream-benchmarks-worker-83:5412/user/watcher/processing-watcher/graph, flamestream-benchmarks-worker-82=akka://worker@flamestream-benchmarks-worker-82:5412/user/watcher/processing-watcher/graph, flamestream-benchmarks-worker-81=akka://worker@flamestream-benchmarks-worker-81:5412/user/watcher/processing-watcher/graph, flamestream-benchmarks-worker-80=akka://worker@flamestream-benchmarks-worker-80:5412/user/watcher/processing-watcher/graph, flamestream-benchmarks-worker-1=akka://worker@flamestream-benchmarks-worker-1:5412/user/watcher/processing-watcher/graph, flamestream-benchmarks-worker-0=akka://worker@flamestream-benchmarks-worker-0:5412/user/watcher/processing-watcher/graph, flamestream-benchmarks-worker-89=akka://worker@flamestream-benchmarks-worker-89:5412/user/watcher/processing-watcher/graph, flamestream-benchmarks-worker-88=akka://worker@flamestream-benchmarks-worker-88:5412/user/watcher/processing-watcher/graph, flamestream-benchmarks-worker-87=akka://worker@flamestream-benchmarks-worker-87:5412/user/watcher/processing-watcher/graph, flamestream-benchmarks-worker-86=akka://worker@flamestream-benchmarks-worker-86:5412/user/watcher/processing-watcher/graph, flamestream-benchmarks-worker-96=akka://worker@flamestream-benchmarks-worker-96:5412/user/watcher/processing-watcher/graph, flamestream-benchmarks-worker-95=akka://worker@flamestream-benchmarks-worker-95:5412/user/watcher/processing-watcher/graph, flamestream-benchmarks-worker-94=akka://worker@flamestream-benchmarks-worker-94:5412/user/watcher/processing-watcher/graph, flamestream-benchmarks-worker-93=akka://worker@flamestream-benchmarks-worker-93:5412/user/watcher/processing-watcher/graph, flamestream-benchmarks-worker-92=akka://worker@flamestream-benchmarks-worker-92:5412/user/watcher/processing-watcher/graph, flamestream-benchmarks-worker-91=akka://worker@flamestream-benchmarks-worker-91:5412/user/watcher/processing-watcher/graph, flamestream-benchmarks-worker-90=akka://worker@flamestream-benchmarks-worker-90:5412/user/watcher/processing-watcher/graph, flamestream-benchmarks-worker-9=akka://worker@flamestream-benchmarks-worker-9:5412/user/watcher/processing-watcher/graph, flamestream-benchmarks-worker-8=akka://worker@flamestream-benchmarks-worker-8:5412/user/watcher/processing-watcher/graph, flamestream-benchmarks-worker-7=akka://worker@flamestream-benchmarks-worker-7:5412/user/watcher/processing-watcher/graph, flamestream-benchmarks-worker-6=akka://worker@flamestream-benchmarks-worker-6:5412/user/watcher/processing-watcher/graph, flamestream-benchmarks-worker-5=akka://worker@flamestream-benchmarks-worker-5:5412/user/watcher/processing-watcher/graph, flamestream-benchmarks-worker-19=akka://worker@flamestream-benchmarks-worker-19:5412/user/watcher/processing-watcher/graph, flamestream-benchmarks-worker-4=akka://worker@flamestream-benchmarks-worker-4:5412/user/watcher/processing-watcher/graph, flamestream-benchmarks-worker-18=akka://worker@flamestream-benchmarks-worker-18:5412/user/watcher/processing-watcher/graph, flamestream-benchmarks-worker-3=akka://worker@flamestream-benchmarks-worker-3:5412/user/watcher/processing-watcher/graph, flamestream-benchmarks-worker-17=akka://worker@flamestream-benchmarks-worker-17:5412/user/watcher/processing-watcher/graph, flamestream-benchmarks-worker-2=akka://worker@flamestream-benchmarks-worker-2:5412/user/watcher/processing-watcher/graph, flamestream-benchmarks-worker-16=akka://worker@flamestream-benchmarks-worker-16:5412/user/watcher/processing-watcher/graph, flamestream-benchmarks-worker-15=akka://worker@flamestream-benchmarks-worker-15:5412/user/watcher/processing-watcher/graph, flamestream-benchmarks-worker-14=akka://worker@flamestream-benchmarks-worker-14:5412/user/watcher/processing-watcher/graph, flamestream-benchmarks-worker-13=akka://worker@flamestream-benchmarks-worker-13:5412/user/watcher/processing-watcher/graph, flamestream-benchmarks-worker-12=akka://worker@flamestream-benchmarks-worker-12:5412/user/watcher/processing-watcher/graph, flamestream-benchmarks-worker-99=akka://worker@flamestream-benchmarks-worker-99:5412/user/watcher/processing-watcher/graph, flamestream-benchmarks-worker-11=akka://worker@flamestream-benchmarks-worker-11:5412/user/watcher/processing-watcher/graph, flamestream-benchmarks-worker-98=akka://worker@flamestream-benchmarks-worker-98:5412/user/watcher/processing-watcher/graph, flamestream-benchmarks-worker-10=akka://worker@flamestream-benchmarks-worker-10:5412/user/watcher/processing-watcher/graph, flamestream-benchmarks-worker-97=akka://worker@flamestream-benchmarks-worker-97:5412/user/watcher/processing-watcher/graph, flamestream-benchmarks-worker-63=akka://worker@flamestream-benchmarks-worker-63:5412/user/watcher/processing-watcher/graph, flamestream-benchmarks-worker-62=akka://worker@flamestream-benchmarks-worker-62:5412/user/watcher/processing-watcher/graph, flamestream-benchmarks-worker-61=akka://worker@flamestream-benchmarks-worker-61:5412/user/watcher/processing-watcher/graph, flamestream-benchmarks-worker-60=akka://worker@flamestream-benchmarks-worker-60:5412/user/watcher/processing-watcher/graph, flamestream-benchmarks-worker-69=akka://worker@flamestream-benchmarks-worker-69:5412/user/watcher/processing-watcher/graph, flamestream-benchmarks-worker-68=akka://worker@flamestream-benchmarks-worker-68:5412/user/watcher/processing-watcher/graph, flamestream-benchmarks-worker-67=akka://worker@flamestream-benchmarks-worker-67:5412/user/watcher/processing-watcher/graph, flamestream-benchmarks-worker-66=akka://worker@flamestream-benchmarks-worker-66:5412/user/watcher/processing-watcher/graph, flamestream-benchmarks-worker-65=akka://worker@flamestream-benchmarks-worker-65:5412/user/watcher/processing-watcher/graph, flamestream-benchmarks-worker-64=akka://worker@flamestream-benchmarks-worker-64:5412/user/watcher/processing-watcher/graph, flamestream-benchmarks-worker-74=akka://worker@flamestream-benchmarks-worker-74:5412/user/watcher/processing-watcher/graph, flamestream-benchmarks-worker-73=akka://worker@flamestream-benchmarks-worker-73:5412/user/watcher/processing-watcher/graph, flamestream-benchmarks-worker-72=akka://worker@flamestream-benchmarks-worker-72:5412/user/watcher/processing-watcher/graph, flamestream-benchmarks-worker-71=akka://worker@flamestream-benchmarks-worker-71:5412/user/watcher/processing-watcher/graph, flamestream-benchmarks-worker-70=akka://worker@flamestream-benchmarks-worker-70:5412/user/watcher/processing-watcher/graph, flamestream-benchmarks-worker-79=akka://worker@flamestream-benchmarks-worker-79:5412/user/watcher/processing-watcher/graph, flamestream-benchmarks-worker-78=akka://worker@flamestream-benchmarks-worker-78:5412/user/watcher/processing-watcher/graph, flamestream-benchmarks-worker-77=akka://worker@flamestream-benchmarks-worker-77:5412/user/watcher/processing-watcher/graph, flamestream-benchmarks-worker-76=akka://worker@flamestream-benchmarks-worker-76:5412/user/watcher/processing-watcher/graph, flamestream-benchmarks-worker-75=akka://worker@flamestream-benchmarks-worker-75:5412/user/watcher/processing-watcher/graph, flamestream-benchmarks-worker-41=akka://worker@flamestream-benchmarks-worker-41:5412/user/watcher/processing-watcher/graph, flamestream-benchmarks-worker-40=akka://worker@flamestream-benchmarks-worker-40:5412/user/watcher/processing-watcher/graph, flamestream-benchmarks-worker-49=akka://worker@flamestream-benchmarks-worker-49:5412/user/watcher/processing-watcher/graph, flamestream-benchmarks-worker-48=akka://worker@flamestream-benchmarks-worker-48:5412/user/watcher/processing-watcher/graph, flamestream-benchmarks-worker-47=akka://worker@flamestream-benchmarks-worker-47:5412/user/watcher/processing-watcher/graph, flamestream-benchmarks-worker-46=akka://worker@flamestream-benchmarks-worker-46:5412/user/watcher/processing-watcher/graph, flamestream-benchmarks-worker-45=akka://worker@flamestream-benchmarks-worker-45:5412/user/watcher/processing-watcher/graph, flamestream-benchmarks-worker-44=akka://worker@flamestream-benchmarks-worker-44:5412/user/watcher/processing-watcher/graph, flamestream-benchmarks-worker-43=akka://worker@flamestream-benchmarks-worker-43:5412/user/watcher/processing-watcher/graph, flamestream-benchmarks-worker-42=akka://worker@flamestream-benchmarks-worker-42:5412/user/watcher/processing-watcher/graph, flamestream-benchmarks-worker-52=akka://worker@flamestream-benchmarks-worker-52:5412/user/watcher/processing-watcher/graph, flamestream-benchmarks-worker-51=akka://worker@flamestream-benchmarks-worker-51:5412/user/watcher/processing-watcher/graph, flamestream-benchmarks-worker-50=akka://worker@flamestream-benchmarks-worker-50:5412/user/watcher/processing-watcher/graph, flamestream-benchmarks-worker-59=akka://worker@flamestream-benchmarks-worker-59:5412/user/watcher/processing-watcher/graph, flamestream-benchmarks-worker-58=akka://worker@flamestream-benchmarks-worker-58:5412/user/watcher/processing-watcher/graph, flamestream-benchmarks-worker-57=akka://worker@flamestream-benchmarks-worker-57:5412/user/watcher/processing-watcher/graph, flamestream-benchmarks-worker-56=akka://worker@flamestream-benchmarks-worker-56:5412/user/watcher/processing-watcher/graph, flamestream-benchmarks-worker-55=akka://worker@flamestream-benchmarks-worker-55:5412/user/watcher/processing-watcher/graph, flamestream-benchmarks-worker-54=akka://worker@flamestream-benchmarks-worker-54:5412/user/watcher/processing-watcher/graph, flamestream-benchmarks-worker-53=akka://worker@flamestream-benchmarks-worker-53:5412/user/watcher/processing-watcher/graph, flamestream-benchmarks-worker-29=akka://worker@flamestream-benchmarks-worker-29:5412/user/watcher/processing-watcher/graph, flamestream-benchmarks-worker-28=akka://worker@flamestream-benchmarks-worker-28:5412/user/watcher/processing-watcher/graph, flamestream-benchmarks-worker-27=akka://worker@flamestream-benchmarks-worker-27:5412/user/watcher/processing-watcher/graph, flamestream-benchmarks-worker-26=akka://worker@flamestream-benchmarks-worker-26:5412/user/watcher/processing-watcher/graph, flamestream-benchmarks-worker-25=akka://worker@flamestream-benchmarks-worker-25:5412/user/watcher/processing-watcher/graph, flamestream-benchmarks-worker-24=akka://worker@flamestream-benchmarks-worker-24:5412/user/watcher/processing-watcher/graph, flamestream-benchmarks-worker-23=akka://worker@flamestream-benchmarks-worker-23:5412/user/watcher/processing-watcher/graph, flamestream-benchmarks-worker-22=akka://worker@flamestream-benchmarks-worker-22:5412/user/watcher/processing-watcher/graph, flamestream-benchmarks-worker-21=akka://worker@flamestream-benchmarks-worker-21:5412/user/watcher/processing-watcher/graph, flamestream-benchmarks-worker-20=akka://worker@flamestream-benchmarks-worker-20:5412/user/watcher/processing-watcher/graph, flamestream-benchmarks-worker-30=akka://worker@flamestream-benchmarks-worker-30:5412/user/watcher/processing-watcher/graph, flamestream-benchmarks-worker-39=akka://worker@flamestream-benchmarks-worker-39:5412/user/watcher/processing-watcher/graph, flamestream-benchmarks-worker-38=akka://worker@flamestream-benchmarks-worker-38:5412/user/watcher/processing-watcher/graph, flamestream-benchmarks-worker-37=akka://worker@flamestream-benchmarks-worker-37:5412/user/watcher/processing-watcher/graph, flamestream-benchmarks-worker-36=akka://worker@flamestream-benchmarks-worker-36:5412/user/watcher/processing-watcher/graph, flamestream-benchmarks-worker-35=akka://worker@flamestream-benchmarks-worker-35:5412/user/watcher/processing-watcher/graph, flamestream-benchmarks-worker-34=akka://worker@flamestream-benchmarks-worker-34:5412/user/watcher/processing-watcher/graph, flamestream-benchmarks-worker-33=akka://worker@flamestream-benchmarks-worker-33:5412/user/watcher/processing-watcher/graph, flamestream-benchmarks-worker-32=akka://worker@flamestream-benchmarks-worker-32:5412/user/watcher/processing-watcher/graph, flamestream-benchmarks-worker-31=akka://worker@flamestream-benchmarks-worker-31:5412/user/watcher/processing-watcher/graph}}'
10:09:09.137 [worker-akka.actor.default-dispatcher-16] INFO  a.a.LocalActorRef akka://worker/user/watcher/processing-watcher/graph/negotiator - Requesting ticket for the frontClass FlameSocketGraphDeployerFront@flamestream-benchmarks-worker-2
10:09:09.185 [worker-akka.actor.default-dispatcher-15] INFO  a.a.LocalActorRef akka://worker/user/watcher/processing-watcher/graph/graph - Received last commit 'LastCommit{globalTime=(0000000, min@min)}'
10:09:09.223 [worker-akka.actor.default-dispatcher-9] INFO  c.s.f.r.e.s.SocketRear  - FlameSocketGraphDeployerRear@flamestream-benchmarks-worker-2: connecting to flamestream-benchmarks-manager:5678
10:09:09.244 [worker-akka.actor.default-dispatcher-15] INFO  a.a.LocalActorRef akka://worker/user/watcher/processing-watcher/graph/edge/FlameSocketGraphDeployerFront - Starting...
10:09:09.247 [worker-akka.actor.default-dispatcher-9] INFO  c.s.f.r.e.s.SocketRear  - FlameSocketGraphDeployerRear@flamestream-benchmarks-worker-2: connected to flamestream-benchmarks-manager:5678
10:09:09.248 [worker-akka.actor.default-dispatcher-9] INFO  a.a.LocalActorRef akka://worker/user/watcher/processing-watcher/graph/edge/FlameSocketGraphDeployerRear - Starting...
10:09:09.467 [worker-akka.actor.default-dispatcher-6] INFO  a.a.LocalActorRef akka://worker/user/watcher/processing-watcher/graph/graph/$a - Starting...
10:09:09.473 [worker-akka.actor.default-dispatcher-6] INFO  a.a.LocalActorRef akka://worker/user/watcher/processing-watcher/graph/graph/$b - Starting...
10:09:09.474 [worker-akka.actor.default-dispatcher-6] INFO  a.a.LocalActorRef akka://worker/user/watcher/processing-watcher/graph/graph/$c - Starting...
10:09:09.476 [worker-akka.actor.default-dispatcher-6] INFO  a.a.LocalActorRef akka://worker/user/watcher/processing-watcher/graph/graph/$d - Starting...
10:09:09.477 [worker-akka.actor.default-dispatcher-6] INFO  a.a.LocalActorRef akka://worker/user/watcher/processing-watcher/graph/graph/$e - Starting...
10:09:09.478 [worker-akka.actor.default-dispatcher-6] INFO  a.a.LocalActorRef akka://worker/user/watcher/processing-watcher/graph/graph/$f - Starting...
10:09:09.479 [worker-akka.actor.default-dispatcher-6] INFO  a.a.LocalActorRef akka://worker/user/watcher/processing-watcher/graph/graph/$g - Starting...
10:09:09.481 [worker-akka.actor.default-dispatcher-6] INFO  a.a.LocalActorRef akka://worker/user/watcher/processing-watcher/graph/graph/$h - Starting...
10:09:09.482 [worker-akka.actor.default-dispatcher-6] INFO  a.a.LocalActorRef akka://worker/user/watcher/processing-watcher/graph/graph/$i - Starting...
10:09:09.483 [worker-akka.actor.default-dispatcher-6] INFO  a.a.LocalActorRef akka://worker/user/watcher/processing-watcher/graph/graph/$j - Starting...
10:09:09.484 [worker-akka.actor.default-dispatcher-6] INFO  a.a.LocalActorRef akka://worker/user/watcher/processing-watcher/graph/graph/$k - Starting...
10:09:09.487 [worker-akka.actor.default-dispatcher-6] INFO  a.a.LocalActorRef akka://worker/user/watcher/processing-watcher/graph/graph/$l - Starting...
10:09:09.489 [worker-akka.actor.default-dispatcher-6] INFO  a.a.LocalActorRef akka://worker/user/watcher/processing-watcher/graph/graph/$m - Starting...
10:09:09.490 [worker-akka.actor.default-dispatcher-6] INFO  a.a.LocalActorRef akka://worker/user/watcher/processing-watcher/graph/graph/$n - Starting...
10:09:09.492 [worker-akka.actor.default-dispatcher-6] INFO  a.a.LocalActorRef akka://worker/user/watcher/processing-watcher/graph/graph/$o - Starting...
10:09:09.495 [worker-akka.actor.default-dispatcher-6] INFO  a.a.LocalActorRef akka://worker/user/watcher/processing-watcher/graph/graph/$p - Starting...
10:09:09.497 [worker-akka.actor.default-dispatcher-6] INFO  a.a.LocalActorRef akka://worker/user/watcher/processing-watcher/graph/graph/$q - Starting...
10:09:09.498 [worker-akka.actor.default-dispatcher-6] INFO  a.a.LocalActorRef akka://worker/user/watcher/processing-watcher/graph/graph/$r - Starting...
10:09:09.505 [worker-akka.actor.default-dispatcher-6] INFO  a.a.LocalActorRef akka://worker/user/watcher/processing-watcher/graph/graph/$s - Starting...
10:09:09.505 [worker-akka.actor.default-dispatcher-6] INFO  a.a.LocalActorRef akka://worker/user/watcher/processing-watcher/graph/graph/$t - Starting...
10:09:09.505 [worker-akka.actor.default-dispatcher-6] INFO  a.a.LocalActorRef akka://worker/user/watcher/processing-watcher/graph/graph/$u - Starting...
10:09:09.505 [worker-akka.actor.default-dispatcher-6] INFO  a.a.LocalActorRef akka://worker/user/watcher/processing-watcher/graph/graph/$v - Starting...
10:09:09.505 [worker-akka.actor.default-dispatcher-6] INFO  a.a.LocalActorRef akka://worker/user/watcher/processing-watcher/graph/graph/$w - Starting...
10:09:09.514 [worker-akka.actor.default-dispatcher-6] INFO  a.a.LocalActorRef akka://worker/user/watcher/processing-watcher/graph/graph/$x - Starting...
10:09:09.514 [worker-akka.actor.default-dispatcher-6] INFO  a.a.LocalActorRef akka://worker/user/watcher/processing-watcher/graph/negotiator - Ticket for the frontClass received: FrontTicket{allowedTimestamp=(0000000, FlameSocketGraphDeployerFront@flamestream-benchmarks-worker-2)}
10:09:09.514 [worker-akka.actor.default-dispatcher-6] INFO  a.a.LocalActorRef akka://worker/user/watcher/processing-watcher/graph/graph/$y - Starting...
10:09:09.515 [worker-akka.actor.default-dispatcher-9] INFO  c.s.f.r.e.s.SocketFront  - FlameSocketGraphDeployerFront@flamestream-benchmarks-worker-2: connecting to flamestream-benchmarks-manager:4567
10:09:09.516 [worker-akka.actor.default-dispatcher-6] INFO  a.a.LocalActorRef akka://worker/user/watcher/processing-watcher/graph/graph/$z - Starting...
10:09:09.518 [worker-akka.actor.default-dispatcher-6] INFO  a.a.LocalActorRef akka://worker/user/watcher/processing-watcher/graph/graph/$A - Starting...
10:09:09.526 [worker-akka.actor.default-dispatcher-6] INFO  a.a.LocalActorRef akka://worker/user/watcher/processing-watcher/graph/graph/$B - Starting...
10:09:09.528 [worker-akka.actor.default-dispatcher-6] INFO  a.a.LocalActorRef akka://worker/user/watcher/processing-watcher/graph/graph/$C - Starting...
10:09:09.530 [worker-akka.actor.default-dispatcher-6] INFO  a.a.LocalActorRef akka://worker/user/watcher/processing-watcher/graph/graph/$D - Starting...
10:09:09.533 [worker-akka.actor.default-dispatcher-6] INFO  a.a.LocalActorRef akka://worker/user/watcher/processing-watcher/graph/graph/$E - Starting...
10:09:09.536 [worker-akka.actor.default-dispatcher-6] INFO  a.a.LocalActorRef akka://worker/user/watcher/processing-watcher/graph/graph/$F - Starting...
10:09:09.536 [worker-akka.actor.default-dispatcher-6] INFO  a.a.LocalActorRef akka://worker/user/watcher/processing-watcher/graph/graph/$G - Starting...
10:09:09.537 [worker-akka.actor.default-dispatcher-6] INFO  a.a.LocalActorRef akka://worker/user/watcher/processing-watcher/graph/graph/$H - Starting...
10:09:09.538 [worker-akka.actor.default-dispatcher-6] INFO  a.a.LocalActorRef akka://worker/user/watcher/processing-watcher/graph/graph/$I - Starting...
10:09:09.538 [worker-akka.actor.default-dispatcher-6] INFO  a.a.LocalActorRef akka://worker/user/watcher/processing-watcher/graph/graph/$J - Starting...
10:09:09.541 [worker-akka.actor.default-dispatcher-6] INFO  a.a.LocalActorRef akka://worker/user/watcher/processing-watcher/graph/graph/$K - Starting...
10:09:09.541 [worker-akka.actor.default-dispatcher-15] INFO  a.a.LocalActorRef akka://worker/user/watcher/processing-watcher/graph/graph/$L - Starting...
10:09:09.542 [worker-akka.actor.default-dispatcher-6] INFO  a.a.LocalActorRef akka://worker/user/watcher/processing-watcher/graph/graph/$M - Starting...
10:09:09.548 [worker-akka.actor.default-dispatcher-6] INFO  a.a.LocalActorRef akka://worker/user/watcher/processing-watcher/graph/graph/$N - Starting...
10:09:09.550 [worker-akka.actor.default-dispatcher-6] INFO  a.a.LocalActorRef akka://worker/user/watcher/processing-watcher/graph/graph/$O - Starting...
10:09:09.551 [worker-akka.actor.default-dispatcher-6] INFO  a.a.LocalActorRef akka://worker/user/watcher/processing-watcher/graph/graph/$P - Starting...
10:09:09.552 [worker-akka.actor.default-dispatcher-6] INFO  a.a.LocalActorRef akka://worker/user/watcher/processing-watcher/graph/graph/$Q - Starting...
10:09:09.554 [worker-akka.actor.default-dispatcher-6] INFO  a.a.LocalActorRef akka://worker/user/watcher/processing-watcher/graph/graph/$R - Starting...
10:09:09.555 [worker-akka.actor.default-dispatcher-6] INFO  a.a.LocalActorRef akka://worker/user/watcher/processing-watcher/graph/graph/$S - Starting...
10:09:09.557 [worker-akka.actor.default-dispatcher-6] INFO  a.a.LocalActorRef akka://worker/user/watcher/processing-watcher/graph/graph/$T - Starting...
10:09:09.562 [worker-akka.actor.default-dispatcher-6] INFO  a.a.LocalActorRef akka://worker/user/watcher/processing-watcher/graph/graph/$U - Starting...
10:09:09.565 [worker-akka.actor.default-dispatcher-6] INFO  a.a.LocalActorRef akka://worker/user/watcher/processing-watcher/graph/graph/$V - Starting...
10:09:09.566 [worker-akka.actor.default-dispatcher-6] INFO  a.a.LocalActorRef akka://worker/user/watcher/processing-watcher/graph/graph/$W - Starting...
10:09:09.567 [worker-akka.actor.default-dispatcher-15] INFO  a.a.LocalActorRef akka://worker/user/watcher/processing-watcher/graph/graph/$X - Starting...
10:09:09.572 [worker-akka.actor.default-dispatcher-6] INFO  a.a.LocalActorRef akka://worker/user/watcher/processing-watcher/graph/graph/$Y - Starting...
10:09:09.573 [worker-akka.actor.default-dispatcher-6] INFO  a.a.LocalActorRef akka://worker/user/watcher/processing-watcher/graph/graph/$Z - Starting...
10:09:09.577 [worker-akka.actor.default-dispatcher-6] INFO  a.a.LocalActorRef akka://worker/user/watcher/processing-watcher/graph/graph/$0 - Starting...
10:09:09.578 [worker-akka.actor.default-dispatcher-6] INFO  a.a.LocalActorRef akka://worker/user/watcher/processing-watcher/graph/graph/$1 - Starting...
10:09:09.579 [worker-akka.actor.default-dispatcher-6] INFO  a.a.LocalActorRef akka://worker/user/watcher/processing-watcher/graph/graph/$2 - Starting...
10:09:09.584 [worker-akka.actor.default-dispatcher-6] INFO  a.a.LocalActorRef akka://worker/user/watcher/processing-watcher/graph/graph/$3 - Starting...
10:09:09.586 [worker-akka.actor.default-dispatcher-6] INFO  a.a.LocalActorRef akka://worker/user/watcher/processing-watcher/graph/graph/$4 - Starting...
10:09:09.587 [worker-akka.actor.default-dispatcher-6] INFO  a.a.LocalActorRef akka://worker/user/watcher/processing-watcher/graph/graph/$5 - Starting...
10:09:09.589 [worker-akka.actor.default-dispatcher-6] INFO  a.a.LocalActorRef akka://worker/user/watcher/processing-watcher/graph/graph/$6 - Starting...
10:09:09.595 [worker-akka.actor.default-dispatcher-6] INFO  a.a.LocalActorRef akka://worker/user/watcher/processing-watcher/graph/graph/$7 - Starting...
10:09:09.596 [worker-akka.actor.default-dispatcher-6] INFO  a.a.LocalActorRef akka://worker/user/watcher/processing-watcher/graph/graph/$8 - Starting...
10:09:09.599 [worker-akka.actor.default-dispatcher-6] INFO  a.a.LocalActorRef akka://worker/user/watcher/processing-watcher/graph/graph/$9 - Starting...
10:09:09.600 [worker-akka.actor.default-dispatcher-6] INFO  a.a.LocalActorRef akka://worker/user/watcher/processing-watcher/graph/graph/$+ - Starting...
10:09:09.601 [worker-akka.actor.default-dispatcher-6] INFO  a.a.LocalActorRef akka://worker/user/watcher/processing-watcher/graph/graph/$~ - Starting...
10:09:09.610 [worker-akka.actor.default-dispatcher-6] INFO  a.a.LocalActorRef akka://worker/user/watcher/processing-watcher/graph/graph/$ab - Starting...
10:09:09.628 [Client] INFO  c.s.f.r.e.s.SocketFront  - FlameSocketGraphDeployerFront@flamestream-benchmarks-worker-2 has been disconnected from Connection 1
10:09:09.637 [worker-akka.actor.default-dispatcher-9] INFO  a.a.LocalActorRef akka://worker/user/watcher/processing-watcher/graph/graph/$bb - Starting...
10:09:09.640 [worker-akka.actor.default-dispatcher-9] INFO  a.a.LocalActorRef akka://worker/user/watcher/processing-watcher/graph/graph/$cb - Starting...
10:09:09.643 [worker-akka.actor.default-dispatcher-9] INFO  a.a.LocalActorRef akka://worker/user/watcher/processing-watcher/graph/graph/$db - Starting...
10:09:09.645 [worker-akka.actor.default-dispatcher-9] INFO  a.a.LocalActorRef akka://worker/user/watcher/processing-watcher/graph/graph/$eb - Starting...
10:09:09.647 [worker-akka.actor.default-dispatcher-9] INFO  a.a.LocalActorRef akka://worker/user/watcher/processing-watcher/graph/graph/$fb - Starting...
10:09:09.649 [worker-akka.actor.default-dispatcher-9] INFO  a.a.LocalActorRef akka://worker/user/watcher/processing-watcher/graph/graph/$gb - Starting...
10:09:09.650 [worker-akka.actor.default-dispatcher-9] INFO  a.a.LocalActorRef akka://worker/user/watcher/processing-watcher/graph/graph/$hb - Starting...
10:09:09.651 [worker-akka.actor.default-dispatcher-9] INFO  a.a.LocalActorRef akka://worker/user/watcher/processing-watcher/graph/graph/$ib - Starting...
10:09:09.688 [worker-akka.actor.default-dispatcher-6] INFO  a.a.LocalActorRef akka://worker/user/watcher/processing-watcher/graph/graph/$jb - Starting...
10:09:09.689 [worker-akka.actor.default-dispatcher-6] INFO  a.a.LocalActorRef akka://worker/user/watcher/processing-watcher/graph/graph/$kb - Starting...
10:09:09.689 [worker-akka.actor.default-dispatcher-6] INFO  a.a.LocalActorRef akka://worker/user/watcher/acker - Unregistering front FlameSocketGraphDeployerFront@flamestream-benchmarks-worker-1
10:09:09.689 [worker-akka.actor.default-dispatcher-6] INFO  a.a.LocalActorRef akka://worker/user/watcher/processing-watcher/graph/graph/$ab - Attached rear to graph (-9223372036854775808, min@min)
10:09:09.689 [worker-akka.actor.default-dispatcher-6] INFO  a.a.LocalActorRef akka://worker/user/watcher/processing-watcher/graph/graph/$lb - Starting...
10:09:09.689 [worker-akka.actor.default-dispatcher-6] INFO  a.a.LocalActorRef akka://worker/user/watcher/processing-watcher/graph/graph/$mb - Starting...
10:09:09.689 [worker-akka.actor.default-dispatcher-6] INFO  a.a.LocalActorRef akka://worker/user/watcher/processing-watcher/graph/graph/$nb - Starting...
10:09:09.689 [worker-akka.actor.default-dispatcher-6] INFO  a.a.LocalActorRef akka://worker/user/watcher/processing-watcher/graph/graph/$ob - Starting...
10:09:09.690 [worker-akka.actor.default-dispatcher-6] INFO  a.a.LocalActorRef akka://worker/user/watcher/processing-watcher/graph/graph/$pb - Starting...
10:09:09.690 [worker-akka.actor.default-dispatcher-6] INFO  a.a.LocalActorRef akka://worker/user/watcher/processing-watcher/graph/graph/$qb - Starting...
10:09:09.690 [worker-akka.actor.default-dispatcher-9] INFO  a.a.LocalActorRef akka://worker/user/watcher/processing-watcher/graph/graph/$sb - Starting...
10:09:09.690 [worker-akka.actor.default-dispatcher-9] INFO  a.a.LocalActorRef akka://worker/user/watcher/processing-watcher/graph/graph/$tb - Starting...
10:09:09.690 [worker-akka.actor.default-dispatcher-9] INFO  a.a.LocalActorRef akka://worker/user/watcher/processing-watcher/graph/graph/$ub - Starting...
10:09:09.690 [worker-akka.actor.default-dispatcher-9] INFO  a.a.LocalActorRef akka://worker/user/watcher/processing-watcher/graph/graph/$vb - Starting...
10:09:09.690 [worker-akka.actor.default-dispatcher-9] INFO  a.a.LocalActorRef akka://worker/user/watcher/processing-watcher/graph/graph/$wb - Starting...
10:09:09.690 [worker-akka.actor.default-dispatcher-9] INFO  a.a.LocalActorRef akka://worker/user/watcher/processing-watcher/graph/graph/$xb - Starting...
10:09:09.691 [worker-akka.actor.default-dispatcher-9] INFO  a.a.LocalActorRef akka://worker/user/watcher/processing-watcher/graph/graph/$yb - Starting...
10:09:09.691 [worker-akka.actor.default-dispatcher-9] INFO  a.a.LocalActorRef akka://worker/user/watcher/processing-watcher/graph/graph/$zb - Starting...
10:09:09.691 [worker-akka.actor.default-dispatcher-9] INFO  a.a.LocalActorRef akka://worker/user/watcher/processing-watcher/graph/graph/$Ab - Starting...
10:09:09.692 [worker-akka.actor.default-dispatcher-6] INFO  a.a.LocalActorRef akka://worker/user/watcher/processing-watcher/graph/graph/$rb - Starting...
10:09:09.692 [worker-akka.actor.default-dispatcher-6] INFO  a.a.LocalActorRef akka://worker/user/watcher/processing-watcher/graph/graph/$Cb - Starting...
10:09:09.693 [worker-akka.actor.default-dispatcher-6] INFO  a.a.LocalActorRef akka://worker/user/watcher/processing-watcher/graph/graph/$Db - Starting...
10:09:09.693 [worker-akka.actor.default-dispatcher-6] INFO  a.a.LocalActorRef akka://worker/user/watcher/processing-watcher/graph/graph/$Eb - Starting...
10:09:09.694 [worker-akka.actor.default-dispatcher-6] INFO  a.a.LocalActorRef akka://worker/user/watcher/processing-watcher/graph/graph/$Fb - Starting...
10:09:09.694 [worker-akka.actor.default-dispatcher-6] INFO  a.a.LocalActorRef akka://worker/user/watcher/processing-watcher/graph/graph/$Gb - Starting...
10:09:09.698 [worker-akka.actor.default-dispatcher-6] INFO  a.a.LocalActorRef akka://worker/user/watcher/processing-watcher/graph/graph/$Hb - Starting...
10:09:09.698 [worker-akka.actor.default-dispatcher-6] INFO  a.a.LocalActorRef akka://worker/user/watcher/processing-watcher/graph/graph/$Ib - Starting...
10:09:09.698 [worker-akka.actor.default-dispatcher-6] INFO  a.a.LocalActorRef akka://worker/user/watcher/processing-watcher/graph/graph/$Jb - Starting...
10:09:09.700 [worker-akka.actor.default-dispatcher-6] INFO  a.a.LocalActorRef akka://worker/user/watcher/processing-watcher/graph/graph/$Bb - Starting...
10:09:09.700 [worker-akka.actor.default-dispatcher-6] INFO  a.a.LocalActorRef akka://worker/user/watcher/processing-watcher/graph/graph/$Kb - Starting...
10:09:09.700 [worker-akka.actor.default-dispatcher-6] INFO  a.a.LocalActorRef akka://worker/user/watcher/processing-watcher/graph/graph/$Lb - Starting...
10:09:09.700 [worker-akka.actor.default-dispatcher-6] INFO  a.a.LocalActorRef akka://worker/user/watcher/processing-watcher/graph/graph/$Mb - Starting...
10:09:09.700 [worker-akka.actor.default-dispatcher-6] INFO  a.a.LocalActorRef akka://worker/user/watcher/processing-watcher/graph/graph/$Nb - Starting...
10:09:09.704 [worker-akka.actor.default-dispatcher-6] INFO  a.a.LocalActorRef akka://worker/user/watcher/acker - Unregistering front FlameSocketGraphDeployerFront@flamestream-benchmarks-worker-2
10:09:12.725 [worker-akka.actor.default-dispatcher-6] INFO  a.a.LocalActorRef akka://worker/user/watcher/acker - Unregistering front FlameSocketGraphDeployerFront@flamestream-benchmarks-worker-0
2019-10-06T10:09:47.687+0000: 98.643: [GC (Allocation Failure) 2019-10-06T10:09:47.687+0000: 98.643: [DefNew: 409600K->44457K(460800K), 0.0982031 secs] 435510K->89900K(1484800K), 0.0983236 secs] [Times: user=0.06 sys=0.04, real=0.10 secs] 
2019-10-06T10:09:50.564+0000: 101.520: [GC (Allocation Failure) 2019-10-06T10:09:50.564+0000: 101.520: [DefNew: 454057K->180K(460800K), 0.0535643 secs] 499500K->87370K(1484800K), 0.0536602 secs] [Times: user=0.05 sys=0.02, real=0.06 secs] 
2019-10-06T10:09:53.235+0000: 104.191: [GC (Allocation Failure) 2019-10-06T10:09:53.235+0000: 104.191: [DefNew: 409780K->140K(460800K), 0.0046967 secs] 496970K->87331K(1484800K), 0.0047950 secs] [Times: user=0.00 sys=0.00, real=0.01 secs] 
2019-10-06T10:09:55.853+0000: 106.809: [GC (Allocation Failure) 2019-10-06T10:09:55.853+0000: 106.809: [DefNew: 409740K->188K(460800K), 0.0035835 secs] 496931K->87378K(1484800K), 0.0036834 secs] [Times: user=0.00 sys=0.00, real=0.01 secs] 
2019-10-06T10:09:59.703+0000: 110.659: [GC (Allocation Failure) 2019-10-06T10:09:59.703+0000: 110.659: [DefNew: 409788K->192K(460800K), 0.0064495 secs] 496978K->87382K(1484800K), 0.0065461 secs] [Times: user=0.00 sys=0.00, real=0.01 secs] 
2019-10-06T10:10:02.090+0000: 113.046: [GC (Allocation Failure) 2019-10-06T10:10:02.090+0000: 113.046: [DefNew: 409792K->222K(460800K), 0.0036855 secs] 496982K->87413K(1484800K), 0.0037767 secs] [Times: user=0.00 sys=0.00, real=0.00 secs] 
2019-10-06T10:10:05.021+0000: 115.977: [GC (Allocation Failure) 2019-10-06T10:10:05.021+0000: 115.977: [DefNew: 409822K->157K(460800K), 0.0038314 secs] 497013K->87347K(1484800K), 0.0039363 secs] [Times: user=0.00 sys=0.00, real=0.00 secs] 
2019-10-06T10:10:08.250+0000: 119.206: [GC (Allocation Failure) 2019-10-06T10:10:08.250+0000: 119.206: [DefNew: 409757K->171K(460800K), 0.0035011 secs] 496947K->87361K(1484800K), 0.0035951 secs] [Times: user=0.00 sys=0.00, real=0.00 secs] 
2019-10-06T10:10:11.284+0000: 122.240: [GC (Allocation Failure) 2019-10-06T10:10:11.284+0000: 122.240: [DefNew: 409771K->160K(460800K), 0.0034448 secs] 496961K->87351K(1484800K), 0.0035507 secs] [Times: user=0.00 sys=0.00, real=0.00 secs] 
2019-10-06T10:10:14.487+0000: 125.444: [GC (Allocation Failure) 2019-10-06T10:10:14.487+0000: 125.444: [DefNew: 409760K->385K(460800K), 0.0044797 secs] 496951K->87576K(1484800K), 0.0045728 secs] [Times: user=0.00 sys=0.00, real=0.01 secs] 
2019-10-06T10:10:17.891+0000: 128.847: [GC (Allocation Failure) 2019-10-06T10:10:17.891+0000: 128.847: [DefNew: 409985K->440K(460800K), 0.0037489 secs] 497176K->87630K(1484800K), 0.0038532 secs] [Times: user=0.00 sys=0.00, real=0.00 secs] 
2019-10-06T10:10:21.543+0000: 132.499: [GC (Allocation Failure) 2019-10-06T10:10:21.543+0000: 132.499: [DefNew: 410040K->546K(460800K), 0.0041660 secs] 497230K->87737K(1484800K), 0.0042598 secs] [Times: user=0.01 sys=0.00, real=0.00 secs] 
2019-10-06T10:10:24.667+0000: 135.624: [GC (Allocation Failure) 2019-10-06T10:10:24.668+0000: 135.624: [DefNew: 410146K->606K(460800K), 0.0040485 secs] 497337K->87797K(1484800K), 0.0041524 secs] [Times: user=0.01 sys=0.00, real=0.01 secs] 
2019-10-06T10:10:27.963+0000: 138.920: [GC (Allocation Failure) 2019-10-06T10:10:27.963+0000: 138.920: [DefNew: 410206K->647K(460800K), 0.0042112 secs] 497397K->87838K(1484800K), 0.0043867 secs] [Times: user=0.00 sys=0.00, real=0.00 secs] 
2019-10-06T10:10:31.142+0000: 142.099: [GC (Allocation Failure) 2019-10-06T10:10:31.142+0000: 142.099: [DefNew: 410247K->674K(460800K), 0.0039315 secs] 497438K->87864K(1484800K), 0.0040308 secs] [Times: user=0.00 sys=0.00, real=0.00 secs] 
2019-10-06T10:10:34.338+0000: 145.294: [GC (Allocation Failure) 2019-10-06T10:10:34.338+0000: 145.294: [DefNew: 410274K->787K(460800K), 0.0043633 secs] 497464K->87977K(1484800K), 0.0044659 secs] [Times: user=0.00 sys=0.00, real=0.00 secs] 
2019-10-06T10:10:37.516+0000: 148.472: [GC (Allocation Failure) 2019-10-06T10:10:37.516+0000: 148.472: [DefNew: 410387K->960K(460800K), 0.0043926 secs] 497577K->88171K(1484800K), 0.0045009 secs] [Times: user=0.01 sys=0.00, real=0.01 secs] 
2019-10-06T10:10:40.550+0000: 151.506: [GC (Allocation Failure) 2019-10-06T10:10:40.550+0000: 151.506: [DefNew: 410560K->902K(460800K), 0.0043358 secs] 497771K->88131K(1484800K), 0.0044315 secs] [Times: user=0.01 sys=0.00, real=0.00 secs] 
2019-10-06T10:10:43.589+0000: 154.546: [GC (Allocation Failure) 2019-10-06T10:10:43.590+0000: 154.546: [DefNew: 410502K->899K(460800K), 0.0041086 secs] 497731K->88135K(1484800K), 0.0042008 secs] [Times: user=0.00 sys=0.00, real=0.00 secs] 
2019-10-06T10:10:46.658+0000: 157.614: [GC (Allocation Failure) 2019-10-06T10:10:46.658+0000: 157.614: [DefNew: 410499K->909K(460800K), 0.0043559 secs] 497735K->88146K(1484800K), 0.0044411 secs] [Times: user=0.01 sys=0.00, real=0.00 secs] 
2019-10-06T10:10:49.717+0000: 160.673: [GC (Allocation Failure) 2019-10-06T10:10:49.717+0000: 160.673: [DefNew: 410509K->922K(460800K), 0.0043762 secs] 497746K->88161K(1484800K), 0.0044732 secs] [Times: user=0.01 sys=0.00, real=0.00 secs] 
2019-10-06T10:10:52.770+0000: 163.726: [GC (Allocation Failure) 2019-10-06T10:10:52.770+0000: 163.726: [DefNew: 410522K->920K(460800K), 0.0041854 secs] 497761K->88160K(1484800K), 0.0042834 secs] [Times: user=0.00 sys=0.00, real=0.00 secs] 
2019-10-06T10:10:55.819+0000: 166.775: [GC (Allocation Failure) 2019-10-06T10:10:55.819+0000: 166.776: [DefNew: 410520K->894K(460800K), 0.0040522 secs] 497760K->88135K(1484800K), 0.0041778 secs] [Times: user=0.00 sys=0.00, real=0.00 secs] 
2019-10-06T10:10:58.865+0000: 169.822: [GC (Allocation Failure) 2019-10-06T10:10:58.865+0000: 169.822: [DefNew: 410494K->893K(460800K), 0.0041551 secs] 497735K->88135K(1484800K), 0.0042497 secs] [Times: user=0.01 sys=0.00, real=0.01 secs] 
2019-10-06T10:11:01.915+0000: 172.871: [GC (Allocation Failure) 2019-10-06T10:11:01.915+0000: 172.871: [DefNew: 410493K->665K(460800K), 0.0042660 secs] 497735K->88135K(1484800K), 0.0043698 secs] [Times: user=0.01 sys=0.00, real=0.01 secs] 
2019-10-06T10:11:04.964+0000: 175.920: [GC (Allocation Failure) 2019-10-06T10:11:04.964+0000: 175.920: [DefNew: 410265K->604K(460800K), 0.0039594 secs] 497735K->88137K(1484800K), 0.0040566 secs] [Times: user=0.00 sys=0.00, real=0.00 secs] 
2019-10-06T10:11:07.996+0000: 178.952: [GC (Allocation Failure) 2019-10-06T10:11:07.996+0000: 178.952: [DefNew: 410204K->528K(460800K), 0.0038714 secs] 497737K->88159K(1484800K), 0.0039975 secs] [Times: user=0.00 sys=0.00, real=0.01 secs] 
2019-10-06T10:11:11.039+0000: 181.995: [GC (Allocation Failure) 2019-10-06T10:11:11.039+0000: 181.995: [DefNew: 410128K->494K(460800K), 0.0037879 secs] 497759K->88177K(1484800K), 0.0038727 secs] [Times: user=0.01 sys=0.00, real=0.00 secs] 
2019-10-06T10:11:14.200+0000: 185.156: [GC (Allocation Failure) 2019-10-06T10:11:14.200+0000: 185.156: [DefNew: 410094K->620K(460800K), 0.0042986 secs] 497777K->88340K(1484800K), 0.0043958 secs] [Times: user=0.00 sys=0.00, real=0.00 secs] 
2019-10-06T10:11:17.395+0000: 188.351: [GC (Allocation Failure) 2019-10-06T10:11:17.395+0000: 188.351: [DefNew: 410220K->625K(460800K), 0.0039690 secs] 497940K->88395K(1484800K), 0.0040585 secs] [Times: user=0.01 sys=0.00, real=0.01 secs] 
2019-10-06T10:11:20.577+0000: 191.533: [GC (Allocation Failure) 2019-10-06T10:11:20.577+0000: 191.533: [DefNew: 410225K->598K(460800K), 0.0040203 secs] 497995K->88457K(1484800K), 0.0041109 secs] [Times: user=0.00 sys=0.00, real=0.00 secs] 
2019-10-06T10:11:23.843+0000: 194.800: [GC (Allocation Failure) 2019-10-06T10:11:23.843+0000: 194.800: [DefNew: 410198K->504K(460800K), 0.0041364 secs] 498057K->88532K(1484800K), 0.0042446 secs] [Times: user=0.01 sys=0.00, real=0.00 secs] 
2019-10-06T10:11:26.977+0000: 197.933: [GC (Allocation Failure) 2019-10-06T10:11:26.977+0000: 197.933: [DefNew: 410104K->553K(460800K), 0.0037667 secs] 498132K->88581K(1484800K), 0.0038911 secs] [Times: user=0.00 sys=0.00, real=0.00 secs] 
2019-10-06T10:11:30.379+0000: 201.335: [GC (Allocation Failure) 2019-10-06T10:11:30.379+0000: 201.335: [DefNew: 410153K->624K(460800K), 0.0038887 secs] 498181K->88653K(1484800K), 0.0039834 secs] [Times: user=0.00 sys=0.00, real=0.00 secs] 
2019-10-06T10:11:33.541+0000: 204.497: [GC (Allocation Failure) 2019-10-06T10:11:33.541+0000: 204.497: [DefNew: 410224K->663K(460800K), 0.0040803 secs] 498253K->88691K(1484800K), 0.0041751 secs] [Times: user=0.00 sys=0.00, real=0.00 secs] 
2019-10-06T10:11:36.741+0000: 207.698: [GC (Allocation Failure) 2019-10-06T10:11:36.741+0000: 207.698: [DefNew: 410263K->725K(460800K), 0.0040718 secs] 498291K->88753K(1484800K), 0.0041644 secs] [Times: user=0.00 sys=0.01, real=0.00 secs] 
2019-10-06T10:11:39.765+0000: 210.721: [GC (Allocation Failure) 2019-10-06T10:11:39.765+0000: 210.721: [DefNew: 410325K->714K(460800K), 0.0040700 secs] 498353K->88742K(1484800K), 0.0041613 secs] [Times: user=0.01 sys=0.00, real=0.01 secs] 
2019-10-06T10:11:42.811+0000: 213.767: [GC (Allocation Failure) 2019-10-06T10:11:42.811+0000: 213.767: [DefNew: 410314K->713K(460800K), 0.0039140 secs] 498342K->88743K(1484800K), 0.0039953 secs] [Times: user=0.00 sys=0.00, real=0.00 secs] 
2019-10-06T10:11:45.952+0000: 216.908: [GC (Allocation Failure) 2019-10-06T10:11:45.952+0000: 216.908: [DefNew: 410313K->713K(460800K), 0.0037858 secs] 498343K->88743K(1484800K), 0.0038745 secs] [Times: user=0.00 sys=0.00, real=0.00 secs] 
2019-10-06T10:11:49.074+0000: 220.030: [GC (Allocation Failure) 2019-10-06T10:11:49.074+0000: 220.030: [DefNew: 410313K->713K(460800K), 0.0038286 secs] 498343K->88742K(1484800K), 0.0039443 secs] [Times: user=0.00 sys=0.00, real=0.01 secs] 
2019-10-06T10:11:52.180+0000: 223.137: [GC (Allocation Failure) 2019-10-06T10:11:52.180+0000: 223.137: [DefNew: 410313K->702K(460800K), 0.0038956 secs] 498342K->88731K(1484800K), 0.0039911 secs] [Times: user=0.00 sys=0.01, real=0.00 secs] 
2019-10-06T10:11:55.253+0000: 226.209: [GC (Allocation Failure) 2019-10-06T10:11:55.253+0000: 226.209: [DefNew: 410302K->713K(460800K), 0.0038384 secs] 498331K->88742K(1484800K), 0.0039230 secs] [Times: user=0.00 sys=0.00, real=0.01 secs] 
2019-10-06T10:11:58.304+0000: 229.260: [GC (Allocation Failure) 2019-10-06T10:11:58.304+0000: 229.260: [DefNew: 410313K->714K(460800K), 0.0043852 secs] 498342K->88743K(1484800K), 0.0044818 secs] [Times: user=0.00 sys=0.00, real=0.01 secs] 
2019-10-06T10:12:01.351+0000: 232.307: [GC (Allocation Failure) 2019-10-06T10:12:01.351+0000: 232.307: [DefNew: 410314K->508K(460800K), 0.0040914 secs] 498343K->88742K(1484800K), 0.0041848 secs] [Times: user=0.01 sys=0.00, real=0.00 secs] 
2019-10-06T10:12:04.373+0000: 235.329: [GC (Allocation Failure) 2019-10-06T10:12:04.373+0000: 235.329: [DefNew: 410108K->452K(460800K), 0.0037377 secs] 498342K->88747K(1484800K), 0.0038275 secs] [Times: user=0.00 sys=0.00, real=0.01 secs] 
2019-10-06T10:12:07.447+0000: 238.403: [GC (Allocation Failure) 2019-10-06T10:12:07.447+0000: 238.403: [DefNew: 410052K->394K(460800K), 0.0039471 secs] 498347K->88744K(1484800K), 0.0040502 secs] [Times: user=0.00 sys=0.00, real=0.01 secs] 
2019-10-06T10:12:10.488+0000: 241.444: [GC (Allocation Failure) 2019-10-06T10:12:10.488+0000: 241.444: [DefNew: 409994K->337K(460800K), 0.0038250 secs] 498344K->88743K(1484800K), 0.0039162 secs] [Times: user=0.01 sys=0.00, real=0.01 secs] 
2019-10-06T10:12:13.589+0000: 244.545: [GC (Allocation Failure) 2019-10-06T10:12:13.589+0000: 244.545: [DefNew: 409937K->331K(460800K), 0.0038770 secs] 498343K->88805K(1484800K), 0.0039735 secs] [Times: user=0.01 sys=0.00, real=0.00 secs] 
2019-10-06T10:12:16.744+0000: 247.702: [GC (Allocation Failure) 2019-10-06T10:12:16.746+0000: 247.702: [DefNew: 409931K->328K(460800K), 0.0039859 secs] 498405K->88855K(1484800K), 0.0050776 secs] [Times: user=0.01 sys=0.00, real=0.01 secs] 
2019-10-06T10:12:19.956+0000: 250.912: [GC (Allocation Failure) 2019-10-06T10:12:19.956+0000: 250.912: [DefNew: 409928K->303K(460800K), 0.0037812 secs] 498455K->88889K(1484800K), 0.0038857 secs] [Times: user=0.00 sys=0.00, real=0.01 secs] 
2019-10-06T10:12:23.115+0000: 254.072: [GC (Allocation Failure) 2019-10-06T10:12:23.115+0000: 254.072: [DefNew: 409903K->306K(460800K), 0.0038072 secs] 498489K->88941K(1484800K), 0.0039040 secs] [Times: user=0.00 sys=0.01, real=0.01 secs] 
2019-10-06T10:12:26.298+0000: 257.254: [GC (Allocation Failure) 2019-10-06T10:12:26.298+0000: 257.254: [DefNew: 409906K->320K(460800K), 0.0037139 secs] 498541K->88956K(1484800K), 0.0038131 secs] [Times: user=0.00 sys=0.00, real=0.00 secs] 
2019-10-06T10:12:29.440+0000: 260.397: [GC (Allocation Failure) 2019-10-06T10:12:29.440+0000: 260.397: [DefNew: 409920K->348K(460800K), 0.0036425 secs] 498556K->88984K(1484800K), 0.0037316 secs] [Times: user=0.01 sys=0.00, real=0.00 secs] 
2019-10-06T10:12:32.547+0000: 263.504: [GC (Allocation Failure) 2019-10-06T10:12:32.547+0000: 263.504: [DefNew: 409948K->396K(460800K), 0.0039213 secs] 498584K->89032K(1484800K), 0.0040091 secs] [Times: user=0.00 sys=0.00, real=0.01 secs] 
2019-10-06T10:12:35.802+0000: 266.759: [GC (Allocation Failure) 2019-10-06T10:12:35.802+0000: 266.759: [DefNew: 409996K->442K(460800K), 0.0038144 secs] 498632K->89079K(1484800K), 0.0039203 secs] [Times: user=0.00 sys=0.00, real=0.00 secs] 
2019-10-06T10:12:38.883+0000: 269.839: [GC (Allocation Failure) 2019-10-06T10:12:38.883+0000: 269.839: [DefNew: 410042K->457K(460800K), 0.0037322 secs] 498679K->89094K(1484800K), 0.0038143 secs] [Times: user=0.01 sys=0.00, real=0.00 secs] 
2019-10-06T10:12:41.927+0000: 272.884: [GC (Allocation Failure) 2019-10-06T10:12:41.928+0000: 272.884: [DefNew: 410057K->435K(460800K), 0.0037443 secs] 498694K->89071K(1484800K), 0.0038478 secs] [Times: user=0.00 sys=0.00, real=0.01 secs] 
2019-10-06T10:12:44.968+0000: 275.924: [GC (Allocation Failure) 2019-10-06T10:12:44.968+0000: 275.924: [DefNew: 410035K->446K(460800K), 0.0036145 secs] 498671K->89083K(1484800K), 0.0037187 secs] [Times: user=0.01 sys=0.00, real=0.01 secs] 
2019-10-06T10:12:48.044+0000: 279.000: [GC (Allocation Failure) 2019-10-06T10:12:48.044+0000: 279.000: [DefNew: 410046K->469K(460800K), 0.0038102 secs] 498683K->89105K(1484800K), 0.0039398 secs] [Times: user=0.00 sys=0.00, real=0.01 secs] 
2019-10-06T10:12:51.060+0000: 282.016: [GC (Allocation Failure) 2019-10-06T10:12:51.060+0000: 282.016: [DefNew: 410069K->452K(460800K), 0.0036745 secs] 498705K->89088K(1484800K), 0.0037770 secs] [Times: user=0.00 sys=0.00, real=0.00 secs] 
2019-10-06T10:12:54.080+0000: 285.036: [GC (Allocation Failure) 2019-10-06T10:12:54.080+0000: 285.036: [DefNew: 410052K->455K(460800K), 0.0038663 secs] 498688K->89091K(1484800K), 0.0039769 secs] [Times: user=0.01 sys=0.00, real=0.00 secs] 
2019-10-06T10:12:57.120+0000: 288.076: [GC (Allocation Failure) 2019-10-06T10:12:57.120+0000: 288.076: [DefNew: 410055K->435K(460800K), 0.0035561 secs] 498691K->89072K(1484800K), 0.0036429 secs] [Times: user=0.01 sys=0.00, real=0.00 secs] 
2019-10-06T10:13:00.157+0000: 291.113: [GC (Allocation Failure) 2019-10-06T10:13:00.157+0000: 291.113: [DefNew: 410035K->387K(460800K), 0.0037118 secs] 498672K->89086K(1484800K), 0.0038067 secs] [Times: user=0.01 sys=0.00, real=0.00 secs] 
2019-10-06T10:13:03.203+0000: 294.159: [GC (Allocation Failure) 2019-10-06T10:13:03.203+0000: 294.159: [DefNew: 409987K->349K(460800K), 0.0036328 secs] 498686K->89095K(1484800K), 0.0037265 secs] [Times: user=0.01 sys=0.00, real=0.00 secs] 
2019-10-06T10:13:06.024+0000: 296.980: [GC (Allocation Failure) 2019-10-06T10:13:06.024+0000: 296.980: [DefNew: 409949K->300K(460800K), 0.0034790 secs] 498695K->89083K(1484800K), 0.0035743 secs] [Times: user=0.01 sys=0.00, real=0.00 secs] 
2019-10-06T10:13:08.687+0000: 299.643: [GC (Allocation Failure) 2019-10-06T10:13:08.687+0000: 299.644: [DefNew: 409900K->248K(460800K), 0.0034643 secs] 498683K->89083K(1484800K), 0.0035574 secs] [Times: user=0.00 sys=0.00, real=0.01 secs] 
2019-10-06T10:13:11.380+0000: 302.338: [GC (Allocation Failure) 2019-10-06T10:13:11.381+0000: 302.338: [DefNew: 409848K->222K(460800K), 0.0035139 secs] 498683K->89083K(1484800K), 0.0049060 secs] [Times: user=0.01 sys=0.00, real=0.00 secs] 
2019-10-06T10:13:14.066+0000: 305.022: [GC (Allocation Failure) 2019-10-06T10:13:14.066+0000: 305.022: [DefNew: 409822K->411K(460800K), 0.0040799 secs] 498683K->89289K(1484800K), 0.0041695 secs] [Times: user=0.01 sys=0.00, real=0.01 secs] 
2019-10-06T10:13:16.786+0000: 307.744: [GC (Allocation Failure) 2019-10-06T10:13:16.788+0000: 307.744: [DefNew: 410011K->373K(460800K), 0.0037513 secs] 498889K->89299K(1484800K), 0.0050121 secs] [Times: user=0.00 sys=0.00, real=0.01 secs] 
2019-10-06T10:13:19.547+0000: 310.503: [GC (Allocation Failure) 2019-10-06T10:13:19.547+0000: 310.503: [DefNew: 409973K->358K(460800K), 0.0037832 secs] 498899K->89330K(1484800K), 0.0039001 secs] [Times: user=0.01 sys=0.00, real=0.01 secs] 
2019-10-06T10:13:22.289+0000: 313.247: [GC (Allocation Failure) 2019-10-06T10:13:22.290+0000: 313.247: [DefNew: 409958K->524K(460800K), 0.0041719 secs] 498930K->89501K(1484800K), 0.0053428 secs] [Times: user=0.00 sys=0.00, real=0.00 secs] 
2019-10-06T10:13:24.958+0000: 315.914: [GC (Allocation Failure) 2019-10-06T10:13:24.958+0000: 315.914: [DefNew: 410124K->396K(460800K), 0.0036358 secs] 499101K->89372K(1484800K), 0.0037339 secs] [Times: user=0.00 sys=0.00, real=0.00 secs] 
2019-10-06T10:13:27.697+0000: 318.654: [GC (Allocation Failure) 2019-10-06T10:13:27.698+0000: 318.654: [DefNew: 409996K->418K(460800K), 0.0038676 secs] 498972K->89395K(1484800K), 0.0050040 secs] [Times: user=0.00 sys=0.00, real=0.00 secs] 
2019-10-06T10:13:30.433+0000: 321.389: [GC (Allocation Failure) 2019-10-06T10:13:30.433+0000: 321.389: [DefNew: 410018K->445K(460800K), 0.0037209 secs] 498995K->89422K(1484800K), 0.0038151 secs] [Times: user=0.00 sys=0.00, real=0.01 secs] 
2019-10-06T10:13:33.129+0000: 324.085: [GC (Allocation Failure) 2019-10-06T10:13:33.129+0000: 324.085: [DefNew: 410045K->450K(460800K), 0.0036962 secs] 499022K->89426K(1484800K), 0.0037890 secs] [Times: user=0.00 sys=0.00, real=0.00 secs] 
2019-10-06T10:13:35.927+0000: 326.883: [GC (Allocation Failure) 2019-10-06T10:13:35.927+0000: 326.883: [DefNew: 410050K->566K(460800K), 0.0042079 secs] 499026K->89542K(1484800K), 0.0042978 secs] [Times: user=0.00 sys=0.00, real=0.01 secs] 
2019-10-06T10:13:38.607+0000: 329.564: [GC (Allocation Failure) 2019-10-06T10:13:38.608+0000: 329.564: [DefNew: 410166K->523K(460800K), 0.0038984 secs] 499142K->89500K(1484800K), 0.0051485 secs] [Times: user=0.01 sys=0.00, real=0.01 secs] 
2019-10-06T10:13:41.292+0000: 332.248: [GC (Allocation Failure) 2019-10-06T10:13:41.292+0000: 332.248: [DefNew: 410123K->523K(460800K), 0.0039052 secs] 499100K->89500K(1484800K), 0.0040052 secs] [Times: user=0.00 sys=0.00, real=0.01 secs] 
2019-10-06T10:13:43.951+0000: 334.907: [GC (Allocation Failure) 2019-10-06T10:13:43.951+0000: 334.907: [DefNew: 410123K->523K(460800K), 0.0039414 secs] 499100K->89499K(1484800K), 0.0040242 secs] [Times: user=0.00 sys=0.00, real=0.00 secs] 
2019-10-06T10:13:46.647+0000: 337.604: [GC (Allocation Failure) 2019-10-06T10:13:46.647+0000: 337.604: [DefNew: 410123K->511K(460800K), 0.0036991 secs] 499099K->89488K(1484800K), 0.0037830 secs] [Times: user=0.01 sys=0.00, real=0.01 secs] 
2019-10-06T10:13:49.311+0000: 340.268: [GC (Allocation Failure) 2019-10-06T10:13:49.312+0000: 340.268: [DefNew: 410111K->523K(460800K), 0.0038500 secs] 499088K->89499K(1484800K), 0.0052576 secs] [Times: user=0.00 sys=0.00, real=0.00 secs] 
2019-10-06T10:13:51.984+0000: 342.940: [GC (Allocation Failure) 2019-10-06T10:13:51.984+0000: 342.940: [DefNew: 410123K->563K(460800K), 0.0038260 secs] 499099K->89539K(1484800K), 0.0039209 secs] [Times: user=0.01 sys=0.00, real=0.00 secs] 
2019-10-06T10:13:54.643+0000: 345.601: [GC (Allocation Failure) 2019-10-06T10:13:54.644+0000: 345.601: [DefNew: 410163K->378K(460800K), 0.0044572 secs] 499139K->89561K(1484800K), 0.0057704 secs] [Times: user=0.00 sys=0.00, real=0.01 secs] 
2019-10-06T10:13:57.308+0000: 348.264: [GC (Allocation Failure) 2019-10-06T10:13:57.308+0000: 348.264: [DefNew: 409978K->340K(460800K), 0.0035013 secs] 499161K->89532K(1484800K), 0.0036211 secs] [Times: user=0.00 sys=0.00, real=0.01 secs] 
2019-10-06T10:13:59.984+0000: 350.940: [GC (Allocation Failure) 2019-10-06T10:13:59.984+0000: 350.940: [DefNew: 409940K->304K(460800K), 0.0035289 secs] 499132K->89523K(1484800K), 0.0036197 secs] [Times: user=0.00 sys=0.00, real=0.00 secs] 
2019-10-06T10:14:02.667+0000: 353.623: [GC (Allocation Failure) 2019-10-06T10:14:02.667+0000: 353.623: [DefNew: 409904K->348K(460800K), 0.0036804 secs] 499123K->89599K(1484800K), 0.0037659 secs] [Times: user=0.00 sys=0.00, real=0.01 secs] 
2019-10-06T10:14:05.355+0000: 356.313: [GC (Allocation Failure) 2019-10-06T10:14:05.357+0000: 356.313: [DefNew: 409948K->269K(460800K), 0.0038226 secs] 499199K->89535K(1484800K), 0.0053657 secs] [Times: user=0.00 sys=0.00, real=0.01 secs] 
2019-10-06T10:14:08.030+0000: 358.987: [GC (Allocation Failure) 2019-10-06T10:14:08.031+0000: 358.987: [DefNew: 409869K->246K(460800K), 0.0035411 secs] 499135K->89535K(1484800K), 0.0036266 secs] [Times: user=0.01 sys=0.00, real=0.00 secs] 
2019-10-06T10:14:10.721+0000: 361.679: [GC (Allocation Failure) 2019-10-06T10:14:10.722+0000: 361.679: [DefNew: 409846K->218K(460800K), 0.0036235 secs] 499135K->89534K(1484800K), 0.0049854 secs] [Times: user=0.00 sys=0.00, real=0.00 secs] 
2019-10-06T10:14:13.417+0000: 364.373: [GC (Allocation Failure) 2019-10-06T10:14:13.417+0000: 364.373: [DefNew: 409818K->252K(460800K), 0.0038180 secs] 499134K->89583K(1484800K), 0.0039027 secs] [Times: user=0.00 sys=0.00, real=0.00 secs] 
2019-10-06T10:14:16.143+0000: 367.099: [GC (Allocation Failure) 2019-10-06T10:14:16.143+0000: 367.100: [DefNew: 409852K->253K(460800K), 0.0037835 secs] 499183K->89628K(1484800K), 0.0038706 secs] [Times: user=0.00 sys=0.00, real=0.00 secs] 
2019-10-06T10:14:18.835+0000: 369.791: [GC (Allocation Failure) 2019-10-06T10:14:18.835+0000: 369.791: [DefNew: 409853K->242K(460800K), 0.0036443 secs] 499228K->89636K(1484800K), 0.0037404 secs] [Times: user=0.01 sys=0.00, real=0.01 secs] 
2019-10-06T10:14:21.559+0000: 372.516: [GC (Allocation Failure) 2019-10-06T10:14:21.560+0000: 372.516: [DefNew: 409842K->287K(460800K), 0.0036247 secs] 499236K->89681K(1484800K), 0.0048403 secs] [Times: user=0.00 sys=0.01, real=0.00 secs] 
2019-10-06T10:14:24.299+0000: 375.255: [GC (Allocation Failure) 2019-10-06T10:14:24.299+0000: 375.255: [DefNew: 409887K->293K(460800K), 0.0035418 secs] 499281K->89686K(1484800K), 0.0036353 secs] [Times: user=0.01 sys=0.00, real=0.00 secs] 
2019-10-06T10:14:26.986+0000: 377.942: [GC (Allocation Failure) 2019-10-06T10:14:26.986+0000: 377.942: [DefNew: 409893K->330K(460800K), 0.0037075 secs] 499286K->89723K(1484800K), 0.0038087 secs] [Times: user=0.01 sys=0.00, real=0.01 secs] 
2019-10-06T10:14:29.693+0000: 380.649: [GC (Allocation Failure) 2019-10-06T10:14:29.693+0000: 380.649: [DefNew: 409930K->375K(460800K), 0.0040586 secs] 499323K->89769K(1484800K), 0.0041543 secs] [Times: user=0.00 sys=0.00, real=0.01 secs] 
2019-10-06T10:14:33.408+0000: 384.364: [GC (Allocation Failure) 2019-10-06T10:14:33.408+0000: 384.364: [DefNew: 409975K->406K(460800K), 0.0078384 secs] 499369K->89799K(1484800K), 0.0079434 secs] [Times: user=0.00 sys=0.00, real=0.01 secs] 
2019-10-06T10:14:35.598+0000: 386.554: [GC (Allocation Failure) 2019-10-06T10:14:35.598+0000: 386.554: [DefNew: 410006K->458K(460800K), 0.0039978 secs] 499399K->89852K(1484800K), 0.0041000 secs] [Times: user=0.00 sys=0.00, real=0.00 secs] 
2019-10-06T10:14:37.864+0000: 388.820: [GC (Allocation Failure) 2019-10-06T10:14:37.864+0000: 388.820: [DefNew: 410058K->450K(460800K), 0.0039722 secs] 499452K->89876K(1484800K), 0.0040659 secs] [Times: user=0.00 sys=0.00, real=0.00 secs] 
2019-10-06T10:14:40.534+0000: 391.490: [GC (Allocation Failure) 2019-10-06T10:14:40.534+0000: 391.490: [DefNew: 410050K->425K(460800K), 0.0037726 secs] 499476K->89853K(1484800K), 0.0038695 secs] [Times: user=0.00 sys=0.00, real=0.01 secs] 
2019-10-06T10:14:43.208+0000: 394.165: [GC (Allocation Failure) 2019-10-06T10:14:43.209+0000: 394.165: [DefNew: 410025K->405K(460800K), 0.0036659 secs] 499453K->89833K(1484800K), 0.0037561 secs] [Times: user=0.00 sys=0.00, real=0.00 secs] 
2019-10-06T10:14:45.884+0000: 396.841: [GC (Allocation Failure) 2019-10-06T10:14:45.884+0000: 396.841: [DefNew: 410005K->406K(460800K), 0.0037345 secs] 499433K->89834K(1484800K), 0.0038083 secs] [Times: user=0.00 sys=0.00, real=0.01 secs] 
2019-10-06T10:14:48.567+0000: 399.523: [GC (Allocation Failure) 2019-10-06T10:14:48.567+0000: 399.523: [DefNew: 410006K->405K(460800K), 0.0035545 secs] 499434K->89833K(1484800K), 0.0036395 secs] [Times: user=0.01 sys=0.00, real=0.01 secs] 
2019-10-06T10:14:51.241+0000: 402.198: [GC (Allocation Failure) 2019-10-06T10:14:51.242+0000: 402.199: [DefNew: 410005K->401K(460800K), 0.0037888 secs] 499433K->89830K(1484800K), 0.0049592 secs] [Times: user=0.01 sys=0.00, real=0.00 secs] 
2019-10-06T10:14:53.931+0000: 404.887: [GC (Allocation Failure) 2019-10-06T10:14:53.931+0000: 404.887: [DefNew: 410001K->344K(460800K), 0.0037124 secs] 499430K->89833K(1484800K), 0.0038019 secs] [Times: user=0.01 sys=0.00, real=0.00 secs] 
2019-10-06T10:14:56.619+0000: 407.576: [GC (Allocation Failure) 2019-10-06T10:14:56.620+0000: 407.576: [DefNew: 409944K->312K(460800K), 0.0037213 secs] 499433K->89833K(1484800K), 0.0051397 secs] [Times: user=0.00 sys=0.00, real=0.00 secs] 
2019-10-06T10:14:59.287+0000: 410.243: [GC (Allocation Failure) 2019-10-06T10:14:59.287+0000: 410.243: [DefNew: 409912K->303K(460800K), 0.0035964 secs] 499433K->89833K(1484800K), 0.0036907 secs] [Times: user=0.01 sys=0.00, real=0.01 secs] 
2019-10-06T10:15:01.955+0000: 412.911: [GC (Allocation Failure) 2019-10-06T10:15:01.955+0000: 412.911: [DefNew: 409903K->276K(460800K), 0.0038256 secs] 499433K->89826K(1484800K), 0.0039335 secs] [Times: user=0.00 sys=0.00, real=0.01 secs] 
2019-10-06T10:15:04.679+0000: 415.635: [GC (Allocation Failure) 2019-10-06T10:15:04.679+0000: 415.635: [DefNew: 409876K->257K(460800K), 0.0036605 secs] 499426K->89837K(1484800K), 0.0037606 secs] [Times: user=0.01 sys=0.00, real=0.00 secs] 
2019-10-06T10:15:07.316+0000: 418.274: [GC (Allocation Failure) 2019-10-06T10:15:07.318+0000: 418.274: [DefNew: 409857K->216K(460800K), 0.0037402 secs] 499437K->89833K(1484800K), 0.0054350 secs] [Times: user=0.00 sys=0.00, real=0.00 secs] 
2019-10-06T10:15:10.002+0000: 420.958: [GC (Allocation Failure) 2019-10-06T10:15:10.002+0000: 420.959: [DefNew: 409816K->178K(460800K), 0.0034582 secs] 499433K->89841K(1484800K), 0.0035533 secs] [Times: user=0.01 sys=0.00, real=0.00 secs] 
2019-10-06T10:15:13.321+0000: 424.277: [GC (Allocation Failure) 2019-10-06T10:15:13.321+0000: 424.277: [DefNew: 409778K->325K(460800K), 0.0045835 secs] 499441K->90019K(1484800K), 0.0046904 secs] [Times: user=0.01 sys=0.00, real=0.00 secs] 
2019-10-06T10:15:16.027+0000: 426.983: [GC (Allocation Failure) 2019-10-06T10:15:16.027+0000: 426.983: [DefNew: 409925K->352K(460800K), 0.0036783 secs] 499619K->90056K(1484800K), 0.0037589 secs] [Times: user=0.01 sys=0.00, real=0.01 secs] 
2019-10-06T10:15:18.212+0000: 429.169: [GC (Allocation Failure) 2019-10-06T10:15:18.212+0000: 429.169: [DefNew: 409952K->322K(460800K), 0.0035795 secs] 499656K->90049K(1484800K), 0.0036685 secs] [Times: user=0.01 sys=0.00, real=0.01 secs] 
2019-10-06T10:15:20.871+0000: 431.827: [GC (Allocation Failure) 2019-10-06T10:15:20.871+0000: 431.827: [DefNew: 409922K->337K(460800K), 0.0036063 secs] 499649K->90064K(1484800K), 0.0037030 secs] [Times: user=0.00 sys=0.00, real=0.00 secs] 
2019-10-06T10:15:23.598+0000: 434.554: [GC (Allocation Failure) 2019-10-06T10:15:23.598+0000: 434.554: [DefNew: 409937K->354K(460800K), 0.0036392 secs] 499664K->90081K(1484800K), 0.0037265 secs] [Times: user=0.00 sys=0.01, real=0.00 secs] 
2019-10-06T10:15:26.296+0000: 437.254: [GC (Allocation Failure) 2019-10-06T10:15:26.298+0000: 437.254: [DefNew: 409954K->388K(460800K), 0.0037381 secs] 499681K->90114K(1484800K), 0.0050406 secs] [Times: user=0.01 sys=0.00, real=0.00 secs] 
2019-10-06T10:15:29.011+0000: 439.967: [GC (Allocation Failure) 2019-10-06T10:15:29.011+0000: 439.967: [DefNew: 409988K->447K(460800K), 0.0036702 secs] 499714K->90174K(1484800K), 0.0037638 secs] [Times: user=0.01 sys=0.00, real=0.00 secs] 
2019-10-06T10:15:31.742+0000: 442.699: [GC (Allocation Failure) 2019-10-06T10:15:31.743+0000: 442.699: [DefNew: 410047K->444K(460800K), 0.0038274 secs] 499774K->90171K(1484800K), 0.0051009 secs] [Times: user=0.00 sys=0.00, real=0.00 secs] 
2019-10-06T10:15:34.513+0000: 445.469: [GC (Allocation Failure) 2019-10-06T10:15:34.513+0000: 445.469: [DefNew: 410044K->431K(460800K), 0.0037815 secs] 499771K->90157K(1484800K), 0.0038757 secs] [Times: user=0.00 sys=0.00, real=0.01 secs] 
2019-10-06T10:15:37.188+0000: 448.145: [GC (Allocation Failure) 2019-10-06T10:15:37.189+0000: 448.145: [DefNew: 410031K->439K(460800K), 0.0038604 secs] 499757K->90166K(1484800K), 0.0051481 secs] [Times: user=0.01 sys=0.00, real=0.01 secs] 
2019-10-06T10:15:39.857+0000: 450.813: [GC (Allocation Failure) 2019-10-06T10:15:39.857+0000: 450.813: [DefNew: 410039K->461K(460800K), 0.0038440 secs] 499766K->90188K(1484800K), 0.0039379 secs] [Times: user=0.00 sys=0.00, real=0.00 secs] 
2019-10-06T10:15:42.520+0000: 453.478: [GC (Allocation Failure) 2019-10-06T10:15:42.522+0000: 453.478: [DefNew: 410061K->450K(460800K), 0.0037986 secs] 499788K->90177K(1484800K), 0.0050446 secs] [Times: user=0.01 sys=0.00, real=0.00 secs] 
2019-10-06T10:15:45.192+0000: 456.148: [GC (Allocation Failure) 2019-10-06T10:15:45.192+0000: 456.148: [DefNew: 410050K->450K(460800K), 0.0036530 secs] 499777K->90177K(1484800K), 0.0037479 secs] [Times: user=0.01 sys=0.00, real=0.00 secs] 
2019-10-06T10:15:47.906+0000: 458.862: [GC (Allocation Failure) 2019-10-06T10:15:47.906+0000: 458.862: [DefNew: 410050K->450K(460800K), 0.0038084 secs] 499777K->90177K(1484800K), 0.0039073 secs] [Times: user=0.00 sys=0.00, real=0.01 secs] 
2019-10-06T10:15:50.558+0000: 461.514: [GC (Allocation Failure) 2019-10-06T10:15:50.558+0000: 461.514: [DefNew: 410050K->451K(460800K), 0.0037958 secs] 499777K->90178K(1484800K), 0.0038876 secs] [Times: user=0.00 sys=0.00, real=0.00 secs] 
2019-10-06T10:15:53.237+0000: 464.195: [GC (Allocation Failure) 2019-10-06T10:15:53.239+0000: 464.195: [DefNew: 410051K->281K(460800K), 0.0041767 secs] 499778K->90195K(1484800K), 0.0056131 secs] [Times: user=0.01 sys=0.00, real=0.00 secs] 
2019-10-06T10:15:55.881+0000: 466.837: [GC (Allocation Failure) 2019-10-06T10:15:55.881+0000: 466.837: [DefNew: 409881K->277K(460800K), 0.0035675 secs] 499795K->90209K(1484800K), 0.0036652 secs] [Times: user=0.00 sys=0.00, real=0.00 secs] 
2019-10-06T10:15:58.549+0000: 469.507: [GC (Allocation Failure) 2019-10-06T10:15:58.551+0000: 469.507: [DefNew: 409877K->235K(460800K), 0.0036522 secs] 499809K->90178K(1484800K), 0.0049758 secs] [Times: user=0.01 sys=0.00, real=0.00 secs] 
2019-10-06T10:16:01.231+0000: 472.187: [GC (Allocation Failure) 2019-10-06T10:16:01.231+0000: 472.187: [DefNew: 409835K->243K(460800K), 0.0034537 secs] 499778K->90201K(1484800K), 0.0035490 secs] [Times: user=0.00 sys=0.00, real=0.00 secs] 
2019-10-06T10:16:03.909+0000: 474.866: [GC (Allocation Failure) 2019-10-06T10:16:03.910+0000: 474.866: [DefNew: 409843K->200K(460800K), 0.0033980 secs] 499801K->90177K(1484800K), 0.0034974 secs] [Times: user=0.01 sys=0.00, real=0.00 secs] 
2019-10-06T10:16:06.579+0000: 477.536: [GC (Allocation Failure) 2019-10-06T10:16:06.579+0000: 477.536: [DefNew: 409800K->169K(460800K), 0.0033809 secs] 499777K->90177K(1484800K), 0.0034669 secs] [Times: user=0.00 sys=0.00, real=0.00 secs] 
2019-10-06T10:16:09.259+0000: 480.216: [GC (Allocation Failure) 2019-10-06T10:16:09.260+0000: 480.216: [DefNew: 409769K->145K(460800K), 0.0035087 secs] 499777K->90177K(1484800K), 0.0050729 secs] [Times: user=0.00 sys=0.00, real=0.00 secs] 
2019-10-06T10:16:11.930+0000: 482.886: [GC (Allocation Failure) 2019-10-06T10:16:11.930+0000: 482.886: [DefNew: 409745K->144K(460800K), 0.0034149 secs] 499777K->90189K(1484800K), 0.0035059 secs] [Times: user=0.00 sys=0.00, real=0.00 secs] 
2019-10-06T10:16:14.781+0000: 485.739: [GC (Allocation Failure) 2019-10-06T10:16:14.783+0000: 485.739: [DefNew: 409744K->311K(460800K), 0.0042031 secs] 499789K->90369K(1484800K), 0.0054611 secs] [Times: user=0.00 sys=0.00, real=0.00 secs] 
2019-10-06T10:16:17.378+0000: 488.334: [GC (Allocation Failure) 2019-10-06T10:16:17.378+0000: 488.334: [DefNew: 409911K->212K(460800K), 0.0035886 secs] 499969K->90283K(1484800K), 0.0037062 secs] [Times: user=0.00 sys=0.00, real=0.00 secs] 
2019-10-06T10:16:20.091+0000: 491.049: [GC (Allocation Failure) 2019-10-06T10:16:20.093+0000: 491.049: [DefNew: 409812K->219K(460800K), 0.0037335 secs] 499883K->90290K(1484800K), 0.0049927 secs] [Times: user=0.01 sys=0.00, real=0.01 secs] 
2019-10-06T10:16:22.825+0000: 493.781: [GC (Allocation Failure) 2019-10-06T10:16:22.825+0000: 493.781: [DefNew: 409819K->222K(460800K), 0.0034737 secs] 499890K->90293K(1484800K), 0.0035632 secs] [Times: user=0.00 sys=0.00, real=0.01 secs] 
2019-10-06T10:16:25.548+0000: 496.505: [GC (Allocation Failure) 2019-10-06T10:16:25.549+0000: 496.505: [DefNew: 409822K->266K(460800K), 0.0036911 secs] 499893K->90337K(1484800K), 0.0049821 secs] [Times: user=0.00 sys=0.01, real=0.00 secs] 
2019-10-06T10:16:28.267+0000: 499.223: [GC (Allocation Failure) 2019-10-06T10:16:28.267+0000: 499.223: [DefNew: 409866K->265K(460800K), 0.0040071 secs] 499937K->90336K(1484800K), 0.0040969 secs] [Times: user=0.01 sys=0.00, real=0.01 secs] 
2019-10-06T10:16:31.073+0000: 502.030: [GC (Allocation Failure) 2019-10-06T10:16:31.073+0000: 502.030: [DefNew: 409865K->293K(460800K), 0.0038320 secs] 499936K->90364K(1484800K), 0.0039185 secs] [Times: user=0.00 sys=0.00, real=0.01 secs] 
2019-10-06T10:16:33.812+0000: 504.768: [GC (Allocation Failure) 2019-10-06T10:16:33.812+0000: 504.768: [DefNew: 409893K->301K(460800K), 0.0037250 secs] 499964K->90372K(1484800K), 0.0038262 secs] [Times: user=0.00 sys=0.00, real=0.00 secs] 
2019-10-06T10:16:36.600+0000: 507.557: [GC (Allocation Failure) 2019-10-06T10:16:36.601+0000: 507.557: [DefNew: 409901K->321K(460800K), 0.0038789 secs] 499972K->90392K(1484800K), 0.0052179 secs] [Times: user=0.00 sys=0.00, real=0.00 secs] 
2019-10-06T10:16:39.279+0000: 510.235: [GC (Allocation Failure) 2019-10-06T10:16:39.279+0000: 510.235: [DefNew: 409921K->361K(460800K), 0.0036249 secs] 499992K->90432K(1484800K), 0.0037168 secs] [Times: user=0.00 sys=0.00, real=0.00 secs] 
2019-10-06T10:16:41.937+0000: 512.894: [GC (Allocation Failure) 2019-10-06T10:16:41.938+0000: 512.894: [DefNew: 409961K->328K(460800K), 0.0038294 secs] 500032K->90399K(1484800K), 0.0050419 secs] [Times: user=0.00 sys=0.00, real=0.00 secs] 
2019-10-06T10:16:44.607+0000: 515.563: [GC (Allocation Failure) 2019-10-06T10:16:44.607+0000: 515.563: [DefNew: 409928K->325K(460800K), 0.0036432 secs] 499999K->90396K(1484800K), 0.0037307 secs] [Times: user=0.00 sys=0.00, real=0.01 secs] 
10:16:44.985 [Client] INFO  c.s.f.r.e.s.SocketRear  - FlameSocketGraphDeployerRear@flamestream-benchmarks-worker-2: has been disconnected from Connection 2
10:16:44.989 [worker-akka.actor.default-dispatcher-9] INFO  a.a.LocalActorRef akka://worker/user/watcher/acker - Unregistering front FlameSocketGraphDeployerFront@flamestream-benchmarks-worker-34
10:16:44.989 [worker-akka.actor.default-dispatcher-9] INFO  a.a.LocalActorRef akka://worker/user/watcher/acker - Unregistering front FlameSocketGraphDeployerFront@flamestream-benchmarks-worker-39
10:16:44.994 [worker-akka.actor.default-dispatcher-9] INFO  a.a.LocalActorRef akka://worker/user/watcher/acker - Unregistering front FlameSocketGraphDeployerFront@flamestream-benchmarks-worker-22
10:16:44.994 [worker-akka.actor.default-dispatcher-9] INFO  a.a.LocalActorRef akka://worker/user/watcher/acker - Unregistering front FlameSocketGraphDeployerFront@flamestream-benchmarks-worker-35
10:16:44.995 [worker-akka.actor.default-dispatcher-9] INFO  a.a.LocalActorRef akka://worker/user/watcher/acker - Unregistering front FlameSocketGraphDeployerFront@flamestream-benchmarks-worker-28
10:16:44.995 [worker-akka.actor.default-dispatcher-9] INFO  a.a.LocalActorRef akka://worker/user/watcher/acker - Unregistering front FlameSocketGraphDeployerFront@flamestream-benchmarks-worker-36
10:16:44.995 [worker-akka.actor.default-dispatcher-9] INFO  a.a.LocalActorRef akka://worker/user/watcher/acker - Unregistering front FlameSocketGraphDeployerFront@flamestream-benchmarks-worker-25
10:16:44.995 [worker-akka.actor.default-dispatcher-9] INFO  a.a.LocalActorRef akka://worker/user/watcher/acker - Unregistering front FlameSocketGraphDeployerFront@flamestream-benchmarks-worker-37
10:16:44.995 [worker-akka.actor.default-dispatcher-9] INFO  a.a.LocalActorRef akka://worker/user/watcher/acker - Unregistering front FlameSocketGraphDeployerFront@flamestream-benchmarks-worker-40
10:16:44.995 [worker-akka.actor.default-dispatcher-9] INFO  a.a.LocalActorRef akka://worker/user/watcher/acker - Unregistering front FlameSocketGraphDeployerFront@flamestream-benchmarks-worker-53
10:16:44.995 [worker-akka.actor.default-dispatcher-9] INFO  a.a.LocalActorRef akka://worker/user/watcher/acker - Unregistering front FlameSocketGraphDeployerFront@flamestream-benchmarks-worker-71
10:16:44.995 [worker-akka.actor.default-dispatcher-9] INFO  a.a.LocalActorRef akka://worker/user/watcher/acker - Unregistering front FlameSocketGraphDeployerFront@flamestream-benchmarks-worker-27
10:16:44.996 [worker-akka.actor.default-dispatcher-6] INFO  a.a.LocalActorRef akka://worker/user/watcher/acker - Unregistering front FlameSocketGraphDeployerFront@flamestream-benchmarks-worker-26
10:16:44.996 [worker-akka.actor.default-dispatcher-6] INFO  a.a.LocalActorRef akka://worker/user/watcher/acker - Unregistering front FlameSocketGraphDeployerFront@flamestream-benchmarks-worker-77
10:16:44.996 [worker-akka.actor.default-dispatcher-6] INFO  a.a.LocalActorRef akka://worker/user/watcher/acker - Unregistering front FlameSocketGraphDeployerFront@flamestream-benchmarks-worker-29
10:16:44.996 [worker-akka.actor.default-dispatcher-6] INFO  a.a.LocalActorRef akka://worker/user/watcher/acker - Unregistering front FlameSocketGraphDeployerFront@flamestream-benchmarks-worker-32
10:16:44.997 [worker-akka.actor.default-dispatcher-6] INFO  a.a.LocalActorRef akka://worker/user/watcher/acker - Unregistering front FlameSocketGraphDeployerFront@flamestream-benchmarks-worker-31
10:16:44.997 [worker-akka.actor.default-dispatcher-6] INFO  a.a.LocalActorRef akka://worker/user/watcher/acker - Unregistering front FlameSocketGraphDeployerFront@flamestream-benchmarks-worker-64
10:16:44.997 [worker-akka.actor.default-dispatcher-6] INFO  a.a.LocalActorRef akka://worker/user/watcher/acker - Unregistering front FlameSocketGraphDeployerFront@flamestream-benchmarks-worker-38
10:16:45.006 [worker-akka.actor.default-dispatcher-9] INFO  a.a.LocalActorRef akka://worker/user/watcher/acker - Unregistering front FlameSocketGraphDeployerFront@flamestream-benchmarks-worker-46
10:16:45.007 [worker-akka.actor.default-dispatcher-9] INFO  a.a.LocalActorRef akka://worker/user/watcher/acker - Unregistering front FlameSocketGraphDeployerFront@flamestream-benchmarks-worker-58
10:16:45.007 [worker-akka.actor.default-dispatcher-9] INFO  a.a.LocalActorRef akka://worker/user/watcher/acker - Unregistering front FlameSocketGraphDeployerFront@flamestream-benchmarks-worker-56
10:16:45.007 [worker-akka.actor.default-dispatcher-9] INFO  a.a.LocalActorRef akka://worker/user/watcher/acker - Unregistering front FlameSocketGraphDeployerFront@flamestream-benchmarks-worker-54
10:16:45.007 [worker-akka.actor.default-dispatcher-9] INFO  a.a.LocalActorRef akka://worker/user/watcher/acker - Unregistering front FlameSocketGraphDeployerFront@flamestream-benchmarks-worker-57
10:16:45.007 [worker-akka.actor.default-dispatcher-15] INFO  a.a.LocalActorRef akka://worker/user/watcher/acker - Unregistering front FlameSocketGraphDeployerFront@flamestream-benchmarks-worker-24
10:16:45.007 [worker-akka.actor.default-dispatcher-15] INFO  a.a.LocalActorRef akka://worker/user/watcher/acker - Unregistering front FlameSocketGraphDeployerFront@flamestream-benchmarks-worker-19
10:16:45.007 [worker-akka.actor.default-dispatcher-15] INFO  a.a.LocalActorRef akka://worker/user/watcher/acker - Unregistering front FlameSocketGraphDeployerFront@flamestream-benchmarks-worker-48
10:16:45.008 [worker-akka.actor.default-dispatcher-15] INFO  a.a.LocalActorRef akka://worker/user/watcher/acker - Unregistering front FlameSocketGraphDeployerFront@flamestream-benchmarks-worker-42
10:16:45.008 [worker-akka.actor.default-dispatcher-15] INFO  a.a.LocalActorRef akka://worker/user/watcher/acker - Unregistering front FlameSocketGraphDeployerFront@flamestream-benchmarks-worker-33
10:16:45.008 [worker-akka.actor.default-dispatcher-15] INFO  a.a.LocalActorRef akka://worker/user/watcher/acker - Unregistering front FlameSocketGraphDeployerFront@flamestream-benchmarks-worker-49
10:16:45.008 [worker-akka.actor.default-dispatcher-15] INFO  a.a.LocalActorRef akka://worker/user/watcher/acker - Unregistering front FlameSocketGraphDeployerFront@flamestream-benchmarks-worker-18
10:16:45.008 [worker-akka.actor.default-dispatcher-15] INFO  a.a.LocalActorRef akka://worker/user/watcher/acker - Unregistering front FlameSocketGraphDeployerFront@flamestream-benchmarks-worker-4
10:16:45.008 [worker-akka.actor.default-dispatcher-15] INFO  a.a.LocalActorRef akka://worker/user/watcher/acker - Unregistering front FlameSocketGraphDeployerFront@flamestream-benchmarks-worker-9
10:16:45.008 [worker-akka.actor.default-dispatcher-15] INFO  a.a.LocalActorRef akka://worker/user/watcher/acker - Unregistering front FlameSocketGraphDeployerFront@flamestream-benchmarks-worker-6
10:16:45.008 [worker-akka.actor.default-dispatcher-15] INFO  a.a.LocalActorRef akka://worker/user/watcher/acker - Unregistering front FlameSocketGraphDeployerFront@flamestream-benchmarks-worker-14
10:16:45.008 [worker-akka.actor.default-dispatcher-15] INFO  a.a.LocalActorRef akka://worker/user/watcher/acker - Unregistering front FlameSocketGraphDeployerFront@flamestream-benchmarks-worker-3
10:16:45.008 [worker-akka.actor.default-dispatcher-15] INFO  a.a.LocalActorRef akka://worker/user/watcher/acker - Unregistering front FlameSocketGraphDeployerFront@flamestream-benchmarks-worker-74
10:16:45.008 [worker-akka.actor.default-dispatcher-15] INFO  a.a.LocalActorRef akka://worker/user/watcher/acker - Unregistering front FlameSocketGraphDeployerFront@flamestream-benchmarks-worker-55
10:16:45.008 [worker-akka.actor.default-dispatcher-15] INFO  a.a.LocalActorRef akka://worker/user/watcher/acker - Unregistering front FlameSocketGraphDeployerFront@flamestream-benchmarks-worker-50
10:16:45.009 [worker-akka.actor.default-dispatcher-17] INFO  a.a.LocalActorRef akka://worker/user/watcher/acker - Unregistering front FlameSocketGraphDeployerFront@flamestream-benchmarks-worker-86
10:16:45.009 [worker-akka.actor.default-dispatcher-17] INFO  a.a.LocalActorRef akka://worker/user/watcher/acker - Unregistering front FlameSocketGraphDeployerFront@flamestream-benchmarks-worker-47
10:16:45.009 [worker-akka.actor.default-dispatcher-17] INFO  a.a.LocalActorRef akka://worker/user/watcher/acker - Unregistering front FlameSocketGraphDeployerFront@flamestream-benchmarks-worker-67
10:16:45.009 [worker-akka.actor.default-dispatcher-17] INFO  a.a.LocalActorRef akka://worker/user/watcher/acker - Unregistering front FlameSocketGraphDeployerFront@flamestream-benchmarks-worker-10
10:16:45.009 [worker-akka.actor.default-dispatcher-17] INFO  a.a.LocalActorRef akka://worker/user/watcher/acker - Unregistering front FlameSocketGraphDeployerFront@flamestream-benchmarks-worker-23
10:16:45.009 [worker-akka.actor.default-dispatcher-17] INFO  a.a.LocalActorRef akka://worker/user/watcher/acker - Unregistering front FlameSocketGraphDeployerFront@flamestream-benchmarks-worker-91
10:16:45.009 [worker-akka.actor.default-dispatcher-17] INFO  a.a.LocalActorRef akka://worker/user/watcher/acker - Unregistering front FlameSocketGraphDeployerFront@flamestream-benchmarks-worker-52
10:16:45.009 [worker-akka.actor.default-dispatcher-17] INFO  a.a.LocalActorRef akka://worker/user/watcher/acker - Unregistering front FlameSocketGraphDeployerFront@flamestream-benchmarks-worker-90
10:16:45.009 [worker-akka.actor.default-dispatcher-17] INFO  a.a.LocalActorRef akka://worker/user/watcher/acker - Unregistering front FlameSocketGraphDeployerFront@flamestream-benchmarks-worker-79
10:16:45.009 [worker-akka.actor.default-dispatcher-17] INFO  a.a.LocalActorRef akka://worker/user/watcher/acker - Unregistering front FlameSocketGraphDeployerFront@flamestream-benchmarks-worker-13
10:16:45.010 [worker-akka.actor.default-dispatcher-16] INFO  a.a.LocalActorRef akka://worker/user/watcher/acker - Unregistering front FlameSocketGraphDeployerFront@flamestream-benchmarks-worker-62
10:16:45.010 [worker-akka.actor.default-dispatcher-16] INFO  a.a.LocalActorRef akka://worker/user/watcher/acker - Unregistering front FlameSocketGraphDeployerFront@flamestream-benchmarks-worker-66
10:16:45.010 [worker-akka.actor.default-dispatcher-16] INFO  a.a.LocalActorRef akka://worker/user/watcher/acker - Unregistering front FlameSocketGraphDeployerFront@flamestream-benchmarks-worker-5
10:16:45.010 [worker-akka.actor.default-dispatcher-16] INFO  a.a.LocalActorRef akka://worker/user/watcher/acker - Unregistering front FlameSocketGraphDeployerFront@flamestream-benchmarks-worker-95
10:16:45.010 [worker-akka.actor.default-dispatcher-16] INFO  a.a.LocalActorRef akka://worker/user/watcher/acker - Unregistering front FlameSocketGraphDeployerFront@flamestream-benchmarks-worker-41
10:16:45.010 [worker-akka.actor.default-dispatcher-6] INFO  a.a.LocalActorRef akka://worker/user/watcher/acker - Unregistering front FlameSocketGraphDeployerFront@flamestream-benchmarks-worker-63
10:16:45.010 [worker-akka.actor.default-dispatcher-6] INFO  a.a.LocalActorRef akka://worker/user/watcher/acker - Unregistering front FlameSocketGraphDeployerFront@flamestream-benchmarks-worker-30
10:16:45.010 [worker-akka.actor.default-dispatcher-6] INFO  a.a.LocalActorRef akka://worker/user/watcher/acker - Unregistering front FlameSocketGraphDeployerFront@flamestream-benchmarks-worker-99
10:16:45.010 [worker-akka.actor.default-dispatcher-6] INFO  a.a.LocalActorRef akka://worker/user/watcher/acker - Unregistering front FlameSocketGraphDeployerFront@flamestream-benchmarks-worker-43
10:16:45.010 [worker-akka.actor.default-dispatcher-6] INFO  a.a.LocalActorRef akka://worker/user/watcher/acker - Unregistering front FlameSocketGraphDeployerFront@flamestream-benchmarks-worker-61
10:16:45.011 [worker-akka.actor.default-dispatcher-11] INFO  a.a.LocalActorRef akka://worker/user/watcher/acker - Unregistering front FlameSocketGraphDeployerFront@flamestream-benchmarks-worker-8
10:16:45.011 [worker-akka.actor.default-dispatcher-11] INFO  a.a.LocalActorRef akka://worker/user/watcher/acker - Unregistering front FlameSocketGraphDeployerFront@flamestream-benchmarks-worker-65
10:16:45.011 [worker-akka.actor.default-dispatcher-11] INFO  a.a.LocalActorRef akka://worker/user/watcher/acker - Unregistering front FlameSocketGraphDeployerFront@flamestream-benchmarks-worker-70
10:16:45.011 [worker-akka.actor.default-dispatcher-11] INFO  a.a.LocalActorRef akka://worker/user/watcher/acker - Unregistering front FlameSocketGraphDeployerFront@flamestream-benchmarks-worker-78
10:16:45.011 [worker-akka.actor.default-dispatcher-11] INFO  a.a.LocalActorRef akka://worker/user/watcher/acker - Unregistering front FlameSocketGraphDeployerFront@flamestream-benchmarks-worker-15
10:16:45.011 [worker-akka.actor.default-dispatcher-15] INFO  a.a.LocalActorRef akka://worker/user/watcher/acker - Unregistering front FlameSocketGraphDeployerFront@flamestream-benchmarks-worker-98
10:16:45.015 [worker-akka.actor.default-dispatcher-9] INFO  a.a.LocalActorRef akka://worker/user/watcher/acker - Unregistering front FlameSocketGraphDeployerFront@flamestream-benchmarks-worker-73
10:16:45.016 [worker-akka.actor.default-dispatcher-9] INFO  a.a.LocalActorRef akka://worker/user/watcher/acker - Unregistering front FlameSocketGraphDeployerFront@flamestream-benchmarks-worker-94
10:16:45.016 [worker-akka.actor.default-dispatcher-9] INFO  a.a.LocalActorRef akka://worker/user/watcher/acker - Unregistering front FlameSocketGraphDeployerFront@flamestream-benchmarks-worker-21
10:16:45.016 [worker-akka.actor.default-dispatcher-9] INFO  a.a.LocalActorRef akka://worker/user/watcher/acker - Unregistering front FlameSocketGraphDeployerFront@flamestream-benchmarks-worker-93
10:16:45.016 [worker-akka.actor.default-dispatcher-9] INFO  a.a.LocalActorRef akka://worker/user/watcher/acker - Unregistering front FlameSocketGraphDeployerFront@flamestream-benchmarks-worker-11
10:16:45.016 [worker-akka.actor.default-dispatcher-9] INFO  a.a.LocalActorRef akka://worker/user/watcher/acker - Unregistering front FlameSocketGraphDeployerFront@flamestream-benchmarks-worker-72
10:16:45.016 [worker-akka.actor.default-dispatcher-9] INFO  a.a.LocalActorRef akka://worker/user/watcher/acker - Unregistering front FlameSocketGraphDeployerFront@flamestream-benchmarks-worker-76
10:16:45.016 [worker-akka.actor.default-dispatcher-9] INFO  a.a.LocalActorRef akka://worker/user/watcher/acker - Unregistering front FlameSocketGraphDeployerFront@flamestream-benchmarks-worker-7
10:16:45.016 [worker-akka.actor.default-dispatcher-9] INFO  a.a.LocalActorRef akka://worker/user/watcher/acker - Unregistering front FlameSocketGraphDeployerFront@flamestream-benchmarks-worker-75
10:16:45.016 [worker-akka.actor.default-dispatcher-9] INFO  a.a.LocalActorRef akka://worker/user/watcher/acker - Unregistering front FlameSocketGraphDeployerFront@flamestream-benchmarks-worker-51
10:16:45.016 [worker-akka.actor.default-dispatcher-15] INFO  a.a.LocalActorRef akka://worker/user/watcher/acker - Unregistering front FlameSocketGraphDeployerFront@flamestream-benchmarks-worker-16
10:16:45.016 [worker-akka.actor.default-dispatcher-15] INFO  a.a.LocalActorRef akka://worker/user/watcher/acker - Unregistering front FlameSocketGraphDeployerFront@flamestream-benchmarks-worker-60
10:16:45.017 [worker-akka.actor.default-dispatcher-15] INFO  a.a.LocalActorRef akka://worker/user/watcher/acker - Unregistering front FlameSocketGraphDeployerFront@flamestream-benchmarks-worker-44
10:16:45.017 [worker-akka.actor.default-dispatcher-15] INFO  a.a.LocalActorRef akka://worker/user/watcher/acker - Unregistering front FlameSocketGraphDeployerFront@flamestream-benchmarks-worker-59
10:16:45.017 [worker-akka.actor.default-dispatcher-15] INFO  a.a.LocalActorRef akka://worker/user/watcher/acker - Unregistering front FlameSocketGraphDeployerFront@flamestream-benchmarks-worker-87
10:16:45.018 [worker-akka.actor.default-dispatcher-17] INFO  a.a.LocalActorRef akka://worker/user/watcher/acker - Unregistering front FlameSocketGraphDeployerFront@flamestream-benchmarks-worker-83
10:16:45.022 [worker-akka.actor.default-dispatcher-17] INFO  a.a.LocalActorRef akka://worker/user/watcher/acker - Unregistering front FlameSocketGraphDeployerFront@flamestream-benchmarks-worker-89
10:16:45.028 [worker-akka.actor.default-dispatcher-16] INFO  a.a.LocalActorRef akka://worker/user/watcher/acker - Unregistering front FlameSocketGraphDeployerFront@flamestream-benchmarks-worker-69
10:16:45.029 [worker-akka.actor.default-dispatcher-16] INFO  a.a.LocalActorRef akka://worker/user/watcher/acker - Unregistering front FlameSocketGraphDeployerFront@flamestream-benchmarks-worker-17
10:16:45.029 [worker-akka.actor.default-dispatcher-16] INFO  a.a.LocalActorRef akka://worker/user/watcher/acker - Unregistering front FlameSocketGraphDeployerFront@flamestream-benchmarks-worker-82
10:16:45.029 [worker-akka.actor.default-dispatcher-16] INFO  a.a.LocalActorRef akka://worker/user/watcher/acker - Unregistering front FlameSocketGraphDeployerFront@flamestream-benchmarks-worker-96
10:16:45.029 [worker-akka.actor.default-dispatcher-16] INFO  a.a.LocalActorRef akka://worker/user/watcher/acker - Unregistering front FlameSocketGraphDeployerFront@flamestream-benchmarks-worker-68
10:16:45.029 [worker-akka.actor.default-dispatcher-20] INFO  a.a.LocalActorRef akka://worker/user/watcher/acker - Unregistering front FlameSocketGraphDeployerFront@flamestream-benchmarks-worker-81
10:16:45.029 [worker-akka.actor.default-dispatcher-20] INFO  a.a.LocalActorRef akka://worker/user/watcher/acker - Unregistering front FlameSocketGraphDeployerFront@flamestream-benchmarks-worker-92
10:16:45.029 [worker-akka.actor.default-dispatcher-20] INFO  a.a.LocalActorRef akka://worker/user/watcher/acker - Unregistering front FlameSocketGraphDeployerFront@flamestream-benchmarks-worker-84
10:16:45.029 [worker-akka.actor.default-dispatcher-20] INFO  a.a.LocalActorRef akka://worker/user/watcher/acker - Unregistering front FlameSocketGraphDeployerFront@flamestream-benchmarks-worker-85
10:16:45.029 [worker-akka.actor.default-dispatcher-20] INFO  a.a.LocalActorRef akka://worker/user/watcher/acker - Unregistering front FlameSocketGraphDeployerFront@flamestream-benchmarks-worker-20
10:16:45.029 [worker-akka.actor.default-dispatcher-6] INFO  a.a.LocalActorRef akka://worker/user/watcher/acker - Unregistering front FlameSocketGraphDeployerFront@flamestream-benchmarks-worker-12
10:16:45.030 [worker-akka.actor.default-dispatcher-6] INFO  a.a.LocalActorRef akka://worker/user/watcher/acker - Unregistering front FlameSocketGraphDeployerFront@flamestream-benchmarks-worker-80
10:16:45.030 [worker-akka.actor.default-dispatcher-6] INFO  a.a.LocalActorRef akka://worker/user/watcher/acker - Unregistering front FlameSocketGraphDeployerFront@flamestream-benchmarks-worker-97
10:16:45.030 [worker-akka.actor.default-dispatcher-6] INFO  a.a.LocalActorRef akka://worker/user/watcher/acker - Unregistering front FlameSocketGraphDeployerFront@flamestream-benchmarks-worker-45
10:16:45.030 [worker-akka.actor.default-dispatcher-6] INFO  a.a.LocalActorRef akka://worker/user/watcher/acker - Unregistering front FlameSocketGraphDeployerFront@flamestream-benchmarks-worker-88
10:16:45.044 [worker-akka.actor.default-dispatcher-22] WARN  c.s.f.r.e.s.SocketRear  - FlameSocketGraphDeployerRear@flamestream-benchmarks-worker-2: writing to closed log
10:18:39.017 [worker-akka.actor.default-dispatcher-23] INFO  a.a.LocalActorRef akka://worker/user/watcher/acker - Stopped
10:18:39.038 [worker-akka.actor.default-dispatcher-16] INFO  a.a.LocalActorRef akka://worker/user/watcher/processing-watcher/graph/negotiator - Stopped
10:18:39.038 [worker-akka.actor.default-dispatcher-16] INFO  a.a.LocalActorRef akka://worker/user/watcher/processing-watcher/graph/edge/FlameSocketGraphDeployerRear - Stopped
10:18:39.038 [worker-akka.actor.default-dispatcher-16] INFO  a.a.LocalActorRef akka://worker/user/watcher/processing-watcher/graph/edge/FlameSocketGraphDeployerFront - Stopped
10:18:39.039 [worker-akka.actor.default-dispatcher-16] INFO  a.a.LocalActorRef akka://worker/user/watcher/processing-watcher/graph/edge - Stopped
10:18:39.042 [worker-akka.actor.default-dispatcher-16] INFO  a.a.LocalActorRef akka://worker/user/watcher/processing-watcher/graph/graph/$+ - Stopped
10:18:39.042 [worker-akka.actor.default-dispatcher-16] INFO  a.a.LocalActorRef akka://worker/user/watcher/processing-watcher/graph/graph/$0 - Stopped
10:18:39.042 [worker-akka.actor.default-dispatcher-16] INFO  a.a.LocalActorRef akka://worker/user/watcher/processing-watcher/graph/graph/$1 - Stopped
10:18:39.042 [worker-akka.actor.default-dispatcher-16] INFO  a.a.LocalActorRef akka://worker/user/watcher/processing-watcher/graph/graph/$2 - Stopped
10:18:39.043 [worker-akka.actor.default-dispatcher-16] INFO  a.a.LocalActorRef akka://worker/user/watcher/processing-watcher/graph/graph/$3 - Stopped
10:18:39.043 [worker-akka.actor.default-dispatcher-16] INFO  a.a.LocalActorRef akka://worker/user/watcher/processing-watcher/graph/graph/$4 - Stopped
10:18:39.043 [worker-akka.actor.default-dispatcher-16] INFO  a.a.LocalActorRef akka://worker/user/watcher/processing-watcher/graph/graph/$5 - Stopped
10:18:39.043 [worker-akka.actor.default-dispatcher-16] INFO  a.a.LocalActorRef akka://worker/user/watcher/processing-watcher/graph/graph/$6 - Stopped
10:18:39.043 [worker-akka.actor.default-dispatcher-16] INFO  a.a.LocalActorRef akka://worker/user/watcher/processing-watcher/graph/graph/$7 - Stopped
10:18:39.043 [worker-akka.actor.default-dispatcher-16] INFO  a.a.LocalActorRef akka://worker/user/watcher/processing-watcher/graph/graph/$8 - Stopped
10:18:39.043 [worker-akka.actor.default-dispatcher-16] INFO  a.a.LocalActorRef akka://worker/user/watcher/processing-watcher/$d/$a - Stopped
10:18:39.043 [worker-akka.actor.default-dispatcher-12] INFO  a.a.LocalActorRef akka://worker/user/watcher/processing-watcher/graph/graph/$9 - Stopped
10:18:39.043 [worker-akka.actor.default-dispatcher-12] INFO  a.a.LocalActorRef akka://worker/user/watcher/processing-watcher/$d - Stopped
10:18:39.043 [worker-akka.actor.default-dispatcher-12] INFO  a.a.LocalActorRef akka://worker/user/watcher/processing-watcher/graph/graph/$A - Stopped
10:18:39.043 [worker-akka.actor.default-dispatcher-12] INFO  a.a.LocalActorRef akka://worker/user/watcher/processing-watcher/graph/graph/$Ab - Stopped
10:18:39.043 [worker-akka.actor.default-dispatcher-12] INFO  a.a.LocalActorRef akka://worker/user/watcher/processing-watcher/graph/graph/$B - Stopped
10:18:39.043 [worker-akka.actor.default-dispatcher-12] INFO  a.a.LocalActorRef akka://worker/user/watcher/processing-watcher/graph/graph/$Bb - Stopped
10:18:39.043 [worker-akka.actor.default-dispatcher-12] INFO  a.a.LocalActorRef akka://worker/user/watcher/processing-watcher/graph/graph/$C - Stopped
10:18:39.043 [worker-akka.actor.default-dispatcher-12] INFO  a.a.LocalActorRef akka://worker/user/watcher/processing-watcher/graph/graph/$Cb - Stopped
10:18:39.044 [worker-akka.actor.default-dispatcher-12] INFO  a.a.LocalActorRef akka://worker/user/watcher/processing-watcher/graph/graph/$D - Stopped
10:18:39.044 [worker-akka.actor.default-dispatcher-12] INFO  a.a.LocalActorRef akka://worker/user/watcher/processing-watcher/graph/graph/$Db - Stopped
10:18:39.044 [worker-akka.actor.default-dispatcher-12] INFO  a.a.LocalActorRef akka://worker/user/watcher/processing-watcher/graph/graph/$E - Stopped
10:18:39.044 [worker-akka.actor.default-dispatcher-12] INFO  a.a.LocalActorRef akka://worker/user/watcher/processing-watcher/graph/graph/$Eb - Stopped
10:18:39.044 [worker-akka.actor.default-dispatcher-12] INFO  a.a.LocalActorRef akka://worker/user/watcher/processing-watcher/graph/graph/$F - Stopped
10:18:39.044 [worker-akka.actor.default-dispatcher-12] INFO  a.a.LocalActorRef akka://worker/user/watcher/processing-watcher/graph/graph/$Fb - Stopped
10:18:39.044 [worker-akka.actor.default-dispatcher-12] INFO  a.a.LocalActorRef akka://worker/user/watcher/processing-watcher/graph/graph/$G - Stopped
10:18:39.044 [worker-akka.actor.default-dispatcher-12] INFO  a.a.LocalActorRef akka://worker/user/watcher/processing-watcher/graph/graph/$Gb - Stopped
10:18:39.044 [worker-akka.actor.default-dispatcher-12] INFO  a.a.LocalActorRef akka://worker/user/watcher/processing-watcher/graph/graph/$H - Stopped
10:18:39.044 [worker-akka.actor.default-dispatcher-12] INFO  a.a.LocalActorRef akka://worker/user/watcher/processing-watcher/graph/graph/$Hb - Stopped
10:18:39.044 [worker-akka.actor.default-dispatcher-12] INFO  a.a.LocalActorRef akka://worker/user/watcher/processing-watcher/graph/graph/$I - Stopped
10:18:39.044 [worker-akka.actor.default-dispatcher-12] INFO  a.a.LocalActorRef akka://worker/user/watcher/processing-watcher/graph/graph/$Ib - Stopped
10:18:39.052 [worker-akka.actor.default-dispatcher-25] INFO  a.a.LocalActorRef akka://worker/user/watcher/processing-watcher/graph/graph/$J - Stopped
10:18:39.053 [worker-akka.actor.default-dispatcher-25] INFO  a.a.LocalActorRef akka://worker/user/watcher/processing-watcher/graph/graph/$Jb - Stopped
10:18:39.054 [worker-akka.actor.default-dispatcher-25] INFO  a.a.LocalActorRef akka://worker/user/watcher/processing-watcher/graph/graph/$K - Stopped
10:18:39.055 [worker-akka.actor.default-dispatcher-25] INFO  a.a.LocalActorRef akka://worker/user/watcher/processing-watcher/graph/graph/$Kb - Stopped
10:18:39.055 [worker-akka.actor.default-dispatcher-25] INFO  a.a.LocalActorRef akka://worker/user/watcher/processing-watcher/graph/graph/$L - Stopped
10:18:39.055 [worker-akka.actor.default-dispatcher-25] INFO  a.a.LocalActorRef akka://worker/user/watcher/processing-watcher/graph/graph/$Lb - Stopped
10:18:39.055 [worker-akka.actor.default-dispatcher-25] INFO  a.a.LocalActorRef akka://worker/user/watcher/processing-watcher/graph/graph/$M - Stopped
10:18:39.055 [worker-akka.actor.default-dispatcher-25] INFO  a.a.LocalActorRef akka://worker/user/watcher/processing-watcher/graph/graph/$Mb - Stopped
10:18:39.055 [worker-akka.actor.default-dispatcher-16] INFO  a.a.LocalActorRef akka://worker/user/watcher/processing-watcher/graph/graph/$N - Stopped
10:18:39.055 [worker-akka.actor.default-dispatcher-16] INFO  a.a.LocalActorRef akka://worker/user/watcher/processing-watcher/graph/graph/$Nb - Stopped
10:18:39.056 [worker-akka.actor.default-dispatcher-16] INFO  a.a.LocalActorRef akka://worker/user/watcher/processing-watcher/graph/graph/$O - Stopped
10:18:39.056 [worker-akka.actor.default-dispatcher-16] INFO  a.a.LocalActorRef akka://worker/user/watcher/processing-watcher/graph/graph/$P - Stopped
10:18:39.056 [worker-akka.actor.default-dispatcher-16] INFO  a.a.LocalActorRef akka://worker/user/watcher/processing-watcher/graph/graph/$Q - Stopped
10:18:39.056 [worker-akka.actor.default-dispatcher-16] INFO  a.a.LocalActorRef akka://worker/user/watcher/processing-watcher/graph/graph/$R - Stopped
10:18:39.056 [worker-akka.actor.default-dispatcher-16] INFO  a.a.LocalActorRef akka://worker/user/watcher/processing-watcher/graph/graph/$S - Stopped
10:18:39.056 [worker-akka.actor.default-dispatcher-16] INFO  a.a.LocalActorRef akka://worker/user/watcher/processing-watcher/graph/graph/$T - Stopped
10:18:39.056 [worker-akka.actor.default-dispatcher-16] INFO  a.a.LocalActorRef akka://worker/user/watcher/processing-watcher/graph/graph/$U - Stopped
10:18:39.056 [worker-akka.actor.default-dispatcher-16] INFO  a.a.LocalActorRef akka://worker/user/watcher/processing-watcher/graph/graph/$V - Stopped
10:18:39.056 [worker-akka.actor.default-dispatcher-16] INFO  a.a.LocalActorRef akka://worker/user/watcher/processing-watcher/graph/graph/$W - Stopped
10:18:39.056 [worker-akka.actor.default-dispatcher-16] INFO  a.a.LocalActorRef akka://worker/user/watcher/processing-watcher/graph/graph/$X - Stopped
10:18:39.060 [worker-akka.actor.default-dispatcher-25] INFO  a.a.LocalActorRef akka://worker/user/watcher/processing-watcher/graph/graph/$Y - Stopped
10:18:39.064 [worker-akka.actor.default-dispatcher-25] INFO  a.a.LocalActorRef akka://worker/user/watcher/processing-watcher/graph/graph/$Z - Stopped
10:18:39.064 [worker-akka.actor.default-dispatcher-25] INFO  a.a.LocalActorRef akka://worker/user/watcher/processing-watcher/graph/graph/$a - Stopped
10:18:39.065 [worker-akka.actor.default-dispatcher-25] INFO  a.a.LocalActorRef akka://worker/user/watcher/processing-watcher/graph/graph/$ab - Stopped
10:18:39.065 [worker-akka.actor.default-dispatcher-25] INFO  a.a.LocalActorRef akka://worker/user/watcher/processing-watcher/graph/graph/$b - Stopped
10:18:39.065 [worker-akka.actor.default-dispatcher-25] INFO  a.a.LocalActorRef akka://worker/user/watcher/processing-watcher/graph/graph/$bb - Stopped
10:18:39.066 [worker-akka.actor.default-dispatcher-25] INFO  a.a.LocalActorRef akka://worker/user/watcher/processing-watcher/graph/graph/$c - Stopped
10:18:39.067 [worker-akka.actor.default-dispatcher-25] INFO  a.a.LocalActorRef akka://worker/user/watcher/processing-watcher/graph/graph/$cb - Stopped
10:18:39.068 [worker-akka.actor.default-dispatcher-25] INFO  a.a.LocalActorRef akka://worker/user/watcher/processing-watcher/graph/graph/$d - Stopped
10:18:39.069 [worker-akka.actor.default-dispatcher-25] INFO  a.a.LocalActorRef akka://worker/user/watcher/processing-watcher/graph/graph/$db - Stopped
10:18:39.069 [worker-akka.actor.default-dispatcher-25] INFO  a.a.LocalActorRef akka://worker/user/watcher/processing-watcher/graph/graph/$e - Stopped
10:18:39.069 [worker-akka.actor.default-dispatcher-25] INFO  a.a.LocalActorRef akka://worker/user/watcher/processing-watcher/graph/graph/$eb - Stopped
10:18:39.069 [worker-akka.actor.default-dispatcher-25] INFO  a.a.LocalActorRef akka://worker/user/watcher/processing-watcher/graph/graph/$f - Stopped
10:18:39.069 [worker-akka.actor.default-dispatcher-25] INFO  a.a.LocalActorRef akka://worker/user/watcher/processing-watcher/graph/graph/$fb - Stopped
10:18:39.070 [worker-akka.actor.default-dispatcher-12] INFO  a.a.LocalActorRef akka://worker/user/watcher/processing-watcher/graph/graph/$g - Stopped
10:18:39.070 [worker-akka.actor.default-dispatcher-12] INFO  a.a.LocalActorRef akka://worker/user/watcher/processing-watcher/graph/graph/$gb - Stopped
10:18:39.070 [worker-akka.actor.default-dispatcher-12] INFO  a.a.LocalActorRef akka://worker/user/watcher/processing-watcher/graph/graph/$h - Stopped
10:18:39.070 [worker-akka.actor.default-dispatcher-12] INFO  a.a.LocalActorRef akka://worker/user/watcher/processing-watcher/graph/graph/$hb - Stopped
10:18:39.070 [worker-akka.actor.default-dispatcher-12] INFO  a.a.LocalActorRef akka://worker/user/watcher/processing-watcher/graph/graph/$i - Stopped
10:18:39.070 [worker-akka.actor.default-dispatcher-12] INFO  a.a.LocalActorRef akka://worker/user/watcher/processing-watcher/graph/graph/$ib - Stopped
10:18:39.070 [worker-akka.actor.default-dispatcher-12] INFO  a.a.LocalActorRef akka://worker/user/watcher/processing-watcher/graph/graph/$j - Stopped
10:18:39.070 [worker-akka.actor.default-dispatcher-12] INFO  a.a.LocalActorRef akka://worker/user/watcher/processing-watcher/graph/graph/$jb - Stopped
10:18:39.070 [worker-akka.actor.default-dispatcher-12] INFO  a.a.LocalActorRef akka://worker/user/watcher/processing-watcher/graph/graph/$k - Stopped
10:18:39.070 [worker-akka.actor.default-dispatcher-12] INFO  a.a.LocalActorRef akka://worker/user/watcher/processing-watcher/graph/graph/$kb - Stopped
10:18:39.070 [worker-akka.actor.default-dispatcher-12] INFO  a.a.LocalActorRef akka://worker/user/watcher/processing-watcher/graph/graph/$l - Stopped
10:18:39.070 [worker-akka.actor.default-dispatcher-12] INFO  a.a.LocalActorRef akka://worker/user/watcher/processing-watcher/graph/graph/$lb - Stopped
10:18:39.070 [worker-akka.actor.default-dispatcher-12] INFO  a.a.LocalActorRef akka://worker/user/watcher/processing-watcher/graph/graph/$m - Stopped
10:18:39.070 [worker-akka.actor.default-dispatcher-12] INFO  a.a.LocalActorRef akka://worker/user/watcher/processing-watcher/graph/graph/$mb - Stopped
10:18:39.070 [worker-akka.actor.default-dispatcher-12] INFO  a.a.LocalActorRef akka://worker/user/watcher/processing-watcher/graph/graph/$n - Stopped
10:18:39.070 [worker-akka.actor.default-dispatcher-12] INFO  a.a.LocalActorRef akka://worker/user/watcher/processing-watcher/graph/graph/$nb - Stopped
10:18:39.070 [worker-akka.actor.default-dispatcher-12] INFO  a.a.LocalActorRef akka://worker/user/watcher/processing-watcher/graph/graph/$o - Stopped
10:18:39.078 [worker-akka.actor.default-dispatcher-25] INFO  a.a.LocalActorRef akka://worker/user/watcher/processing-watcher/graph/graph/$ob - Stopped
10:18:39.079 [worker-akka.actor.default-dispatcher-25] INFO  a.a.LocalActorRef akka://worker/user/watcher/processing-watcher/graph/graph/$p - Stopped
10:18:39.083 [worker-akka.actor.default-dispatcher-25] INFO  a.a.LocalActorRef akka://worker/user/watcher/processing-watcher/graph/graph/$pb - Stopped
10:18:39.083 [worker-akka.actor.default-dispatcher-25] INFO  a.a.LocalActorRef akka://worker/user/watcher/processing-watcher/graph/graph/$q - Stopped
10:18:39.083 [worker-akka.actor.default-dispatcher-25] INFO  a.a.LocalActorRef akka://worker/user/watcher/processing-watcher/graph/graph/$qb - Stopped
10:18:39.083 [worker-akka.actor.default-dispatcher-25] INFO  a.a.LocalActorRef akka://worker/user/watcher/processing-watcher/graph/graph/$r - Stopped
10:18:39.084 [worker-akka.actor.default-dispatcher-25] INFO  a.a.LocalActorRef akka://worker/user/watcher/processing-watcher/graph/graph/$rb - Stopped
10:18:39.085 [worker-akka.actor.default-dispatcher-25] INFO  a.a.LocalActorRef akka://worker/user/watcher/processing-watcher/graph/graph/$s - Stopped
10:18:39.085 [worker-akka.actor.default-dispatcher-25] INFO  a.a.LocalActorRef akka://worker/user/watcher/processing-watcher/graph/graph/$sb - Stopped
10:18:39.086 [worker-akka.actor.default-dispatcher-25] INFO  a.a.LocalActorRef akka://worker/user/watcher/processing-watcher/graph/graph/$t - Stopped
10:18:39.086 [worker-akka.actor.default-dispatcher-25] INFO  a.a.LocalActorRef akka://worker/user/watcher/processing-watcher/graph/graph/$tb - Stopped
10:18:39.087 [worker-akka.actor.default-dispatcher-25] INFO  a.a.LocalActorRef akka://worker/user/watcher/processing-watcher/graph/graph/$u - Stopped
10:18:39.088 [worker-akka.actor.default-dispatcher-25] INFO  a.a.LocalActorRef akka://worker/user/watcher/processing-watcher/graph/graph/$ub - Stopped
10:18:39.089 [worker-akka.actor.default-dispatcher-25] INFO  a.a.LocalActorRef akka://worker/user/watcher/processing-watcher/graph/graph/$v - Stopped
10:18:39.090 [worker-akka.actor.default-dispatcher-25] INFO  a.a.LocalActorRef akka://worker/user/watcher/processing-watcher/graph/graph/$vb - Stopped
10:18:39.090 [worker-akka.actor.default-dispatcher-25] INFO  a.a.LocalActorRef akka://worker/user/watcher/processing-watcher/graph/graph/$w - Stopped
10:18:39.090 [worker-akka.actor.default-dispatcher-25] INFO  a.a.LocalActorRef akka://worker/user/watcher/processing-watcher/graph/graph/$wb - Stopped
10:18:39.090 [worker-akka.actor.default-dispatcher-25] INFO  a.a.LocalActorRef akka://worker/user/watcher/processing-watcher/graph/graph/$x - Stopped
10:18:39.090 [worker-akka.actor.default-dispatcher-25] INFO  a.a.LocalActorRef akka://worker/user/watcher/processing-watcher/graph/graph/$xb - Stopped
10:18:39.090 [worker-akka.actor.default-dispatcher-23] INFO  a.a.LocalActorRef akka://worker/user/watcher/processing-watcher/graph/graph/$y - Stopped
10:18:39.090 [worker-akka.actor.default-dispatcher-23] INFO  a.a.LocalActorRef akka://worker/user/watcher/processing-watcher/graph/graph/$yb - Stopped
10:18:39.091 [worker-akka.actor.default-dispatcher-23] INFO  a.a.LocalActorRef akka://worker/user/watcher/processing-watcher/graph/graph/$z - Stopped
10:18:39.091 [worker-akka.actor.default-dispatcher-23] INFO  a.a.LocalActorRef akka://worker/user/watcher/processing-watcher/graph/graph/$zb - Stopped
10:18:39.091 [worker-akka.actor.default-dispatcher-23] INFO  a.a.LocalActorRef akka://worker/user/watcher/processing-watcher/graph/graph/$~ - Stopped
10:18:39.105 [worker-akka.actor.default-dispatcher-25] INFO  a.a.LocalActorRef akka://worker/user/watcher/processing-watcher/graph/graph - Stopped
10:18:39.111 [worker-akka.actor.default-dispatcher-25] INFO  a.a.LocalActorRef akka://worker/user/watcher/processing-watcher/graph - Stopped
10:18:39.112 [worker-akka.actor.default-dispatcher-23] INFO  a.a.LocalActorRef akka://worker/user/watcher/processing-watcher - Stopped
10:18:39.113 [Curator-Framework-0] INFO  o.a.c.f.i.CuratorFrameworkImpl  - backgroundOperationsLoop exiting
10:18:39.124 [worker-akka.actor.default-dispatcher-6-EventThread] INFO  o.a.z.ClientCnxn  - EventThread shut down for session: 0x10000db77ca0002
10:18:39.124 [worker-akka.actor.default-dispatcher-12] INFO  o.a.z.ZooKeeper  - Session: 0x10000db77ca0002 closed
10:18:39.125 [worker-akka.actor.default-dispatcher-25] INFO  a.a.RepointableActorRef akka://worker/user/watcher - Stopped
10:18:39.123 [Curator-PathChildrenCache-0] ERROR o.a.c.f.r.c.PathChildrenCache  - 
java.lang.IllegalStateException: instance must be started before calling this method
	at org.apache.curator.shaded.com.google.common.base.Preconditions.checkState(Preconditions.java:444)
	at org.apache.curator.framework.imps.CuratorFrameworkImpl.getChildren(CuratorFrameworkImpl.java:456)
	at org.apache.curator.framework.recipes.cache.PathChildrenCache.refresh(PathChildrenCache.java:521)
	at org.apache.curator.framework.recipes.cache.RefreshOperation.invoke(RefreshOperation.java:35)
	at org.apache.curator.framework.recipes.cache.PathChildrenCache$9.run(PathChildrenCache.java:786)
	at java.util.concurrent.Executors$RunnableAdapter.call(Executors.java:511)
	at java.util.concurrent.FutureTask.run(FutureTask.java:266)
	at java.util.concurrent.Executors$RunnableAdapter.call(Executors.java:511)
	at java.util.concurrent.FutureTask.run(FutureTask.java:266)
	at java.util.concurrent.ThreadPoolExecutor.runWorker(ThreadPoolExecutor.java:1149)
	at java.util.concurrent.ThreadPoolExecutor$Worker.run(ThreadPoolExecutor.java:624)
	at java.lang.Thread.run(Thread.java:748)
10:18:39.136 [worker-akka.actor.default-dispatcher-12] INFO  a.r.RemoteActorRefProvider$RemotingTerminator akka://worker@flamestream-benchmarks-worker-2:5412/system/remoting-terminator - Shutting down remote daemon.
10:18:39.136 [worker-akka.actor.default-dispatcher-12] INFO  a.r.RemoteActorRefProvider$RemotingTerminator akka://worker@flamestream-benchmarks-worker-2:5412/system/remoting-terminator - Remote daemon shut down; proceeding with flushing remote transports.
10:18:40.910 [worker-akka.actor.default-dispatcher-12] INFO  a.r.RemoteActorRefProvider$RemotingTerminator akka://worker@flamestream-benchmarks-worker-2:5412/system/remoting-terminator - Remoting shut down.
Heap
 def new generation   total 460800K, used 129861K [0x00000000a2400000, 0x00000000c1800000, 0x00000000c1800000)
  eden space 409600K,  31% used [0x00000000a2400000, 0x00000000aa280158, 0x00000000bb400000)
  from space 51200K,   0% used [0x00000000bb400000, 0x00000000bb451530, 0x00000000be600000)
  to   space 51200K,   0% used [0x00000000be600000, 0x00000000be600000, 0x00000000c1800000)
 tenured generation   total 1024000K, used 90071K [0x00000000c1800000, 0x0000000100000000, 0x0000000100000000)
   the space 1024000K,   8% used [0x00000000c1800000, 0x00000000c6ff5c68, 0x00000000c6ff5e00, 0x0000000100000000)
 Metaspace       used 41652K, capacity 44575K, committed 44672K, reserved 1087488K
  class space    used 5346K, capacity 5686K, committed 5760K, reserved 1048576K
