13:38:41,615 |-INFO in ch.qos.logback.classic.LoggerContext[default] - Could NOT find resource [logback-test.xml]
13:38:41,615 |-INFO in ch.qos.logback.classic.LoggerContext[default] - Could NOT find resource [logback.groovy]
13:38:41,615 |-INFO in ch.qos.logback.classic.LoggerContext[default] - Found resource [logback.xml] at [jar:file:/home/nikitasokolov/flamestream/lib/flamestream-runtime-1.0-SNAPSHOT.jar!/logback.xml]
13:38:41,616 |-WARN in ch.qos.logback.classic.LoggerContext[default] - Resource [logback.xml] occurs multiple times on the classpath.
13:38:41,616 |-WARN in ch.qos.logback.classic.LoggerContext[default] - Resource [logback.xml] occurs at [jar:file:/home/nikitasokolov/flamestream/lib/flamestream-runtime-1.0-SNAPSHOT.jar!/logback.xml]
13:38:41,616 |-WARN in ch.qos.logback.classic.LoggerContext[default] - Resource [logback.xml] occurs at [jar:file:/home/nikitasokolov/flamestream/flamestream-runtime-1.0-SNAPSHOT.jar!/logback.xml]
13:38:41,632 |-INFO in ch.qos.logback.core.joran.spi.ConfigurationWatchList@6108b2d7 - URL [jar:file:/home/nikitasokolov/flamestream/lib/flamestream-runtime-1.0-SNAPSHOT.jar!/logback.xml] is not of type file
13:38:41,686 |-INFO in ch.qos.logback.classic.joran.action.ConfigurationAction - debug attribute not set
13:38:41,687 |-INFO in ch.qos.logback.core.joran.action.AppenderAction - About to instantiate appender of type [ch.qos.logback.core.ConsoleAppender]
13:38:41,695 |-INFO in ch.qos.logback.core.joran.action.AppenderAction - Naming appender as [STDOUT]
13:38:41,704 |-INFO in ch.qos.logback.core.joran.action.NestedComplexPropertyIA - Assuming default type [ch.qos.logback.classic.encoder.PatternLayoutEncoder] for [encoder] property
13:38:41,760 |-INFO in ch.qos.logback.core.joran.action.AppenderAction - About to instantiate appender of type [ch.qos.logback.core.rolling.RollingFileAppender]
13:38:41,765 |-INFO in ch.qos.logback.core.joran.action.AppenderAction - Naming appender as [FILE]
13:38:41,788 |-INFO in c.q.l.core.rolling.TimeBasedRollingPolicy@357863579 - No compression will be used
13:38:41,789 |-INFO in c.q.l.core.rolling.TimeBasedRollingPolicy@357863579 - Will use the pattern /tmp/application_%d{yyyy-MM-dd}.%i.log for the active file
13:38:41,792 |-INFO in ch.qos.logback.core.rolling.SizeAndTimeBasedFNATP@6bf256fa - The date pattern is 'yyyy-MM-dd' from file name pattern '/tmp/application_%d{yyyy-MM-dd}.%i.log'.
13:38:41,792 |-INFO in ch.qos.logback.core.rolling.SizeAndTimeBasedFNATP@6bf256fa - Roll-over at midnight.
13:38:41,797 |-INFO in ch.qos.logback.core.rolling.SizeAndTimeBasedFNATP@6bf256fa - Setting initial period to Sun Jun 09 13:37:56 MSK 2019
13:38:41,797 |-WARN in ch.qos.logback.core.rolling.SizeAndTimeBasedFNATP@6bf256fa - SizeAndTimeBasedFNATP is deprecated. Use SizeAndTimeBasedRollingPolicy instead
13:38:41,797 |-WARN in ch.qos.logback.core.rolling.SizeAndTimeBasedFNATP@6bf256fa - For more information see http://logback.qos.ch/manual/appenders.html#SizeAndTimeBasedRollingPolicy
13:38:41,801 |-INFO in ch.qos.logback.core.joran.action.NestedComplexPropertyIA - Assuming default type [ch.qos.logback.classic.encoder.PatternLayoutEncoder] for [encoder] property
13:38:41,804 |-INFO in ch.qos.logback.core.rolling.RollingFileAppender[FILE] - Active log file name: /tmp/application.log
13:38:41,804 |-INFO in ch.qos.logback.core.rolling.RollingFileAppender[FILE] - File property is set to [/tmp/application.log]
13:38:41,805 |-INFO in ch.qos.logback.classic.joran.action.RootLoggerAction - Setting level of ROOT logger to WARN
13:38:41,805 |-INFO in ch.qos.logback.core.joran.action.AppenderRefAction - Attaching appender named [STDOUT] to Logger[ROOT]
13:38:41,806 |-INFO in ch.qos.logback.core.joran.action.AppenderRefAction - Attaching appender named [FILE] to Logger[ROOT]
13:38:41,806 |-INFO in ch.qos.logback.classic.joran.action.ConfigurationAction - End of configuration.
13:38:41,807 |-INFO in ch.qos.logback.classic.joran.JoranConfigurator@6cd8737 - Registering current configuration as safe fallback point

2019-06-09T13:38:42.819+0300: 1.403: [GC (Metadata GC Threshold) [PSYoungGen: 105581K->15825K(149504K)] 105581K->15905K(491008K), 0.0334500 secs] [Times: user=0.14 sys=0.08, real=0.03 secs] 
2019-06-09T13:38:42.852+0300: 1.436: [Full GC (Metadata GC Threshold) [PSYoungGen: 15825K->0K(149504K)] [ParOldGen: 80K->14981K(341504K)] 15905K->14981K(491008K), [Metaspace: 20800K->20800K(1067008K)], 0.0272960 secs] [Times: user=0.14 sys=0.02, real=0.03 secs] 
13:38:51.365 [Curator-PathChildrenCache-1] WARN  o.a.c.u.ZKPaths  - The version of ZooKeeper being used doesn't support Container nodes. CreateMode.PERSISTENT will be used instead.
2019-06-09T13:38:52.267+0300: 10.851: [GC (Metadata GC Threshold) [PSYoungGen: 124936K->15675K(149504K)] 139917K->50196K(491008K), 0.0267644 secs] [Times: user=0.21 sys=0.02, real=0.03 secs] 
2019-06-09T13:38:52.294+0300: 10.878: [Full GC (Metadata GC Threshold) [PSYoungGen: 15675K->0K(149504K)] [ParOldGen: 34520K->38692K(341504K)] 50196K->38692K(491008K), [Metaspace: 34550K->34550K(1079296K)], 0.0363390 secs] [Times: user=0.21 sys=0.01, real=0.04 secs] 
2019-06-09T13:38:58.909+0300: 17.492: [GC (Allocation Failure) [PSYoungGen: 128512K->480K(149504K)] 167204K->39180K(491008K), 0.0053101 secs] [Times: user=0.02 sys=0.02, real=0.01 secs] 
2019-06-09T13:39:06.182+0300: 24.766: [GC (Allocation Failure) [PSYoungGen: 128992K->288K(149504K)] 167692K->38996K(491008K), 0.0051794 secs] [Times: user=0.03 sys=0.01, real=0.00 secs] 
2019-06-09T13:39:13.571+0300: 32.155: [GC (Allocation Failure) [PSYoungGen: 128800K->352K(129024K)] 167508K->39068K(470528K), 0.0031732 secs] [Times: user=0.02 sys=0.01, real=0.00 secs] 
2019-06-09T13:39:21.040+0300: 39.624: [GC (Allocation Failure) [PSYoungGen: 128864K->288K(150016K)] 167580K->39012K(491520K), 0.0046441 secs] [Times: user=0.02 sys=0.00, real=0.00 secs] 
2019-06-09T13:39:28.567+0300: 47.150: [GC (Allocation Failure) [PSYoungGen: 128800K->320K(148992K)] 167524K->39052K(490496K), 0.0028038 secs] [Times: user=0.01 sys=0.00, real=0.00 secs] 
2019-06-09T13:39:36.062+0300: 54.645: [GC (Allocation Failure) [PSYoungGen: 128832K->480K(151552K)] 167564K->39212K(493056K), 0.0032160 secs] [Times: user=0.02 sys=0.00, real=0.00 secs] 
2019-06-09T13:39:43.705+0300: 62.288: [GC (Allocation Failure) [PSYoungGen: 132576K->727K(151040K)] 171308K->39467K(492544K), 0.0036919 secs] [Times: user=0.02 sys=0.00, real=0.00 secs] 
13:40:04.195 [Curator-PathChildrenCache-0] ERROR o.a.c.f.r.c.PathChildrenCache  - 
java.lang.IllegalStateException: instance must be started before calling this method
	at org.apache.curator.shaded.com.google.common.base.Preconditions.checkState(Preconditions.java:444)
	at org.apache.curator.framework.imps.CuratorFrameworkImpl.getChildren(CuratorFrameworkImpl.java:456)
	at org.apache.curator.framework.recipes.cache.PathChildrenCache.refresh(PathChildrenCache.java:521)
	at org.apache.curator.framework.recipes.cache.RefreshOperation.invoke(RefreshOperation.java:35)
	at org.apache.curator.framework.recipes.cache.PathChildrenCache$9.run(PathChildrenCache.java:786)
	at java.util.concurrent.Executors$RunnableAdapter.call(Executors.java:511)
	at java.util.concurrent.FutureTask.run(FutureTask.java:266)
	at java.util.concurrent.Executors$RunnableAdapter.call(Executors.java:511)
	at java.util.concurrent.FutureTask.run(FutureTask.java:266)
	at java.util.concurrent.ThreadPoolExecutor.runWorker(ThreadPoolExecutor.java:1149)
	at java.util.concurrent.ThreadPoolExecutor$Worker.run(ThreadPoolExecutor.java:624)
	at java.lang.Thread.run(Thread.java:748)
Heap
 PSYoungGen      total 151040K, used 128466K [0x00000000f5980000, 0x0000000100000000, 0x0000000100000000)
  eden space 132096K, 96% used [0x00000000f5980000,0x00000000fd63eba8,0x00000000fda80000)
  from space 18944K, 3% used [0x00000000fda80000,0x00000000fdb35cf0,0x00000000fed00000)
  to   space 17920K, 0% used [0x00000000fee80000,0x00000000fee80000,0x0000000100000000)
 ParOldGen       total 341504K, used 38740K [0x00000000e0c00000, 0x00000000f5980000, 0x00000000f5980000)
  object space 341504K, 11% used [0x00000000e0c00000,0x00000000e31d51d8,0x00000000f5980000)
 Metaspace       used 36068K, capacity 36894K, committed 37208K, reserved 1081344K
  class space    used 4977K, capacity 5161K, committed 5248K, reserved 1048576K
