07:44:46,261 |-INFO in ch.qos.logback.classic.LoggerContext[default] - Could NOT find resource [logback-test.xml]
07:44:46,261 |-INFO in ch.qos.logback.classic.LoggerContext[default] - Could NOT find resource [logback.groovy]
07:44:46,261 |-INFO in ch.qos.logback.classic.LoggerContext[default] - Found resource [logback.xml] at [jar:file:/root/flamestream/lib/flamestream-runtime-1.0-SNAPSHOT.jar!/logback.xml]
07:44:46,262 |-WARN in ch.qos.logback.classic.LoggerContext[default] - Resource [logback.xml] occurs multiple times on the classpath.
07:44:46,262 |-WARN in ch.qos.logback.classic.LoggerContext[default] - Resource [logback.xml] occurs at [jar:file:/root/flamestream/lib/flamestream-runtime-1.0-SNAPSHOT.jar!/logback.xml]
07:44:46,262 |-WARN in ch.qos.logback.classic.LoggerContext[default] - Resource [logback.xml] occurs at [jar:file:/root/flamestream/flamestream-runtime-1.0-SNAPSHOT.jar!/logback.xml]
07:44:46,285 |-INFO in ch.qos.logback.core.joran.spi.ConfigurationWatchList@3fb6a447 - URL [jar:file:/root/flamestream/lib/flamestream-runtime-1.0-SNAPSHOT.jar!/logback.xml] is not of type file
07:44:46,353 |-INFO in ch.qos.logback.classic.joran.action.ConfigurationAction - debug attribute not set
07:44:46,354 |-INFO in ch.qos.logback.core.joran.action.AppenderAction - About to instantiate appender of type [ch.qos.logback.core.ConsoleAppender]
07:44:46,370 |-INFO in ch.qos.logback.core.joran.action.AppenderAction - Naming appender as [STDOUT]
07:44:46,381 |-INFO in ch.qos.logback.core.joran.action.NestedComplexPropertyIA - Assuming default type [ch.qos.logback.classic.encoder.PatternLayoutEncoder] for [encoder] property
07:44:46,484 |-INFO in ch.qos.logback.core.joran.action.AppenderAction - About to instantiate appender of type [ch.qos.logback.core.rolling.RollingFileAppender]
07:44:46,491 |-INFO in ch.qos.logback.core.joran.action.AppenderAction - Naming appender as [FILE]
07:44:46,524 |-INFO in c.q.l.core.rolling.TimeBasedRollingPolicy@127618319 - No compression will be used
07:44:46,525 |-INFO in c.q.l.core.rolling.TimeBasedRollingPolicy@127618319 - Will use the pattern /tmp/application_%d{yyyy-MM-dd}.%i.log for the active file
07:44:46,528 |-INFO in ch.qos.logback.core.rolling.SizeAndTimeBasedFNATP@6b2fad11 - The date pattern is 'yyyy-MM-dd' from file name pattern '/tmp/application_%d{yyyy-MM-dd}.%i.log'.
07:44:46,528 |-INFO in ch.qos.logback.core.rolling.SizeAndTimeBasedFNATP@6b2fad11 - Roll-over at midnight.
07:44:46,533 |-INFO in ch.qos.logback.core.rolling.SizeAndTimeBasedFNATP@6b2fad11 - Setting initial period to Tue Jun 11 07:43:24 UTC 2019
07:44:46,533 |-WARN in ch.qos.logback.core.rolling.SizeAndTimeBasedFNATP@6b2fad11 - SizeAndTimeBasedFNATP is deprecated. Use SizeAndTimeBasedRollingPolicy instead
07:44:46,533 |-WARN in ch.qos.logback.core.rolling.SizeAndTimeBasedFNATP@6b2fad11 - For more information see http://logback.qos.ch/manual/appenders.html#SizeAndTimeBasedRollingPolicy
07:44:46,537 |-INFO in ch.qos.logback.core.joran.action.NestedComplexPropertyIA - Assuming default type [ch.qos.logback.classic.encoder.PatternLayoutEncoder] for [encoder] property
07:44:46,542 |-INFO in ch.qos.logback.core.rolling.RollingFileAppender[FILE] - Active log file name: /tmp/application.log
07:44:46,542 |-INFO in ch.qos.logback.core.rolling.RollingFileAppender[FILE] - File property is set to [/tmp/application.log]
07:44:46,542 |-INFO in ch.qos.logback.classic.joran.action.RootLoggerAction - Setting level of ROOT logger to WARN
07:44:46,543 |-INFO in ch.qos.logback.core.joran.action.AppenderRefAction - Attaching appender named [STDOUT] to Logger[ROOT]
07:44:46,545 |-INFO in ch.qos.logback.core.joran.action.AppenderRefAction - Attaching appender named [FILE] to Logger[ROOT]
07:44:46,545 |-INFO in ch.qos.logback.classic.joran.action.ConfigurationAction - End of configuration.
07:44:46,545 |-INFO in ch.qos.logback.classic.joran.JoranConfigurator@79698539 - Registering current configuration as safe fallback point

Ama winner
Ama winner
2019-06-11T07:44:47.817+0000: 1.737: [Full GC (Metadata GC Threshold) 2019-06-11T07:44:47.817+0000: 1.737: [Tenured: 0K->15209K(341376K), 0.0344115 secs] 114987K->15209K(494976K), [Metaspace: 20734K->20734K(1067008K)], 0.0344771 secs] [Times: user=0.03 sys=0.00, real=0.04 secs] 
07:45:14.024 [Curator-PathChildrenCache-1] WARN  o.a.c.u.ZKPaths  - The version of ZooKeeper being used doesn't support Container nodes. CreateMode.PERSISTENT will be used instead.
2019-06-11T07:45:16.458+0000: 30.378: [GC (Allocation Failure) 2019-06-11T07:45:16.458+0000: 30.378: [DefNew: 136576K->17023K(153600K), 0.0261916 secs] 151785K->52618K(494976K), 0.0262729 secs] [Times: user=0.02 sys=0.01, real=0.03 secs] 
2019-06-11T07:45:18.631+0000: 32.551: [Full GC (Metadata GC Threshold) 2019-06-11T07:45:18.632+0000: 32.551: [Tenured: 35594K->44052K(341376K), 0.0460107 secs] 101225K->44052K(494976K), [Metaspace: 34605K->34605K(1079296K)], 0.0471585 secs] [Times: user=0.04 sys=0.00, real=0.05 secs] 
2019-06-11T07:45:25.679+0000: 39.599: [GC (Allocation Failure) 2019-06-11T07:45:25.679+0000: 39.599: [DefNew: 136576K->71K(153600K), 0.0018094 secs] 180628K->44124K(494976K), 0.0018674 secs] [Times: user=0.00 sys=0.00, real=0.00 secs] 
2019-06-11T07:45:32.869+0000: 46.789: [GC (Allocation Failure) 2019-06-11T07:45:32.869+0000: 46.789: [DefNew: 136647K->74K(153600K), 0.0017414 secs] 180700K->44127K(494976K), 0.0017991 secs] [Times: user=0.00 sys=0.00, real=0.01 secs] 
2019-06-11T07:45:40.136+0000: 54.056: [GC (Allocation Failure) 2019-06-11T07:45:40.136+0000: 54.056: [DefNew: 136650K->75K(153600K), 0.0017275 secs] 180703K->44128K(494976K), 0.0017937 secs] [Times: user=0.00 sys=0.00, real=0.00 secs] 
2019-06-11T07:45:47.389+0000: 61.309: [GC (Allocation Failure) 2019-06-11T07:45:47.389+0000: 61.309: [DefNew: 136651K->233K(153600K), 0.0019875 secs] 180704K->44286K(494976K), 0.0020525 secs] [Times: user=0.00 sys=0.00, real=0.01 secs] 
2019-06-11T07:45:55.535+0000: 69.455: [GC (Allocation Failure) 2019-06-11T07:45:55.535+0000: 69.455: [DefNew: 136809K->267K(153600K), 0.0021547 secs] 180862K->44319K(494976K), 0.0022132 secs] [Times: user=0.00 sys=0.00, real=0.00 secs] 
07:46:09.734 [Curator-PathChildrenCache-0] ERROR o.a.c.f.r.c.PathChildrenCache  - 
java.lang.IllegalStateException: instance must be started before calling this method
	at org.apache.curator.shaded.com.google.common.base.Preconditions.checkState(Preconditions.java:444)
	at org.apache.curator.framework.imps.CuratorFrameworkImpl.getChildren(CuratorFrameworkImpl.java:456)
	at org.apache.curator.framework.recipes.cache.PathChildrenCache.refresh(PathChildrenCache.java:521)
	at org.apache.curator.framework.recipes.cache.RefreshOperation.invoke(RefreshOperation.java:35)
	at org.apache.curator.framework.recipes.cache.PathChildrenCache$9.run(PathChildrenCache.java:786)
	at java.util.concurrent.Executors$RunnableAdapter.call(Executors.java:511)
	at java.util.concurrent.FutureTask.run(FutureTask.java:266)
	at java.util.concurrent.Executors$RunnableAdapter.call(Executors.java:511)
	at java.util.concurrent.FutureTask.run(FutureTask.java:266)
	at java.util.concurrent.ThreadPoolExecutor.runWorker(ThreadPoolExecutor.java:1149)
	at java.util.concurrent.ThreadPoolExecutor$Worker.run(ThreadPoolExecutor.java:624)
	at java.lang.Thread.run(Thread.java:748)
Heap
 def new generation   total 153600K, used 79112K [0x00000000e0c00000, 0x00000000eb2a0000, 0x00000000eb2a0000)
  eden space 136576K,  57% used [0x00000000e0c00000, 0x00000000e58ff7d0, 0x00000000e9160000)
  from space 17024K,   1% used [0x00000000e9160000, 0x00000000e91a2c08, 0x00000000ea200000)
  to   space 17024K,   0% used [0x00000000ea200000, 0x00000000ea200000, 0x00000000eb2a0000)
 tenured generation   total 341376K, used 44052K [0x00000000eb2a0000, 0x0000000100000000, 0x0000000100000000)
   the space 341376K,  12% used [0x00000000eb2a0000, 0x00000000edda53d8, 0x00000000edda5400, 0x0000000100000000)
 Metaspace       used 36158K, capacity 37074K, committed 37376K, reserved 1081344K
  class space    used 4870K, capacity 5077K, committed 5120K, reserved 1048576K
