19:35:03,321 |-INFO in ch.qos.logback.classic.LoggerContext[default] - Could NOT find resource [logback-test.xml]
19:35:03,321 |-INFO in ch.qos.logback.classic.LoggerContext[default] - Could NOT find resource [logback.groovy]
19:35:03,322 |-INFO in ch.qos.logback.classic.LoggerContext[default] - Found resource [logback.xml] at [jar:file:/root/flamestream/lib/flamestream-runtime-1.0-SNAPSHOT.jar!/logback.xml]
19:35:03,323 |-WARN in ch.qos.logback.classic.LoggerContext[default] - Resource [logback.xml] occurs multiple times on the classpath.
19:35:03,323 |-WARN in ch.qos.logback.classic.LoggerContext[default] - Resource [logback.xml] occurs at [jar:file:/root/flamestream/lib/flamestream-runtime-1.0-SNAPSHOT.jar!/logback.xml]
19:35:03,323 |-WARN in ch.qos.logback.classic.LoggerContext[default] - Resource [logback.xml] occurs at [jar:file:/root/flamestream/flamestream-runtime-1.0-SNAPSHOT.jar!/logback.xml]
19:35:03,342 |-INFO in ch.qos.logback.core.joran.spi.ConfigurationWatchList@3fb6a447 - URL [jar:file:/root/flamestream/lib/flamestream-runtime-1.0-SNAPSHOT.jar!/logback.xml] is not of type file
19:35:03,409 |-INFO in ch.qos.logback.classic.joran.action.ConfigurationAction - debug attribute not set
19:35:03,409 |-INFO in ch.qos.logback.core.joran.action.AppenderAction - About to instantiate appender of type [ch.qos.logback.core.ConsoleAppender]
19:35:03,425 |-INFO in ch.qos.logback.core.joran.action.AppenderAction - Naming appender as [STDOUT]
19:35:03,441 |-INFO in ch.qos.logback.core.joran.action.NestedComplexPropertyIA - Assuming default type [ch.qos.logback.classic.encoder.PatternLayoutEncoder] for [encoder] property
19:35:03,527 |-INFO in ch.qos.logback.core.joran.action.AppenderAction - About to instantiate appender of type [ch.qos.logback.core.rolling.RollingFileAppender]
19:35:03,538 |-INFO in ch.qos.logback.core.joran.action.AppenderAction - Naming appender as [FILE]
19:35:03,566 |-INFO in c.q.l.core.rolling.TimeBasedRollingPolicy@127618319 - No compression will be used
19:35:03,568 |-INFO in c.q.l.core.rolling.TimeBasedRollingPolicy@127618319 - Will use the pattern /tmp/application_%d{yyyy-MM-dd}.%i.log for the active file
19:35:03,570 |-INFO in ch.qos.logback.core.rolling.SizeAndTimeBasedFNATP@6b2fad11 - The date pattern is 'yyyy-MM-dd' from file name pattern '/tmp/application_%d{yyyy-MM-dd}.%i.log'.
19:35:03,570 |-INFO in ch.qos.logback.core.rolling.SizeAndTimeBasedFNATP@6b2fad11 - Roll-over at midnight.
19:35:03,576 |-INFO in ch.qos.logback.core.rolling.SizeAndTimeBasedFNATP@6b2fad11 - Setting initial period to Mon Jun 10 19:33:31 UTC 2019
19:35:03,576 |-WARN in ch.qos.logback.core.rolling.SizeAndTimeBasedFNATP@6b2fad11 - SizeAndTimeBasedFNATP is deprecated. Use SizeAndTimeBasedRollingPolicy instead
19:35:03,576 |-WARN in ch.qos.logback.core.rolling.SizeAndTimeBasedFNATP@6b2fad11 - For more information see http://logback.qos.ch/manual/appenders.html#SizeAndTimeBasedRollingPolicy
19:35:03,581 |-INFO in ch.qos.logback.core.joran.action.NestedComplexPropertyIA - Assuming default type [ch.qos.logback.classic.encoder.PatternLayoutEncoder] for [encoder] property
19:35:03,585 |-INFO in ch.qos.logback.core.rolling.RollingFileAppender[FILE] - Active log file name: /tmp/application.log
19:35:03,585 |-INFO in ch.qos.logback.core.rolling.RollingFileAppender[FILE] - File property is set to [/tmp/application.log]
19:35:03,586 |-INFO in ch.qos.logback.classic.joran.action.RootLoggerAction - Setting level of ROOT logger to WARN
19:35:03,586 |-INFO in ch.qos.logback.core.joran.action.AppenderRefAction - Attaching appender named [STDOUT] to Logger[ROOT]
19:35:03,587 |-INFO in ch.qos.logback.core.joran.action.AppenderRefAction - Attaching appender named [FILE] to Logger[ROOT]
19:35:03,587 |-INFO in ch.qos.logback.classic.joran.action.ConfigurationAction - End of configuration.
19:35:03,587 |-INFO in ch.qos.logback.classic.joran.JoranConfigurator@79698539 - Registering current configuration as safe fallback point

Ama winner
Ama winner
2019-06-10T19:35:04.900+0000: 1.767: [Full GC (Metadata GC Threshold) 2019-06-10T19:35:04.900+0000: 1.767: [Tenured: 0K->15208K(341376K), 0.0404976 secs] 114987K->15208K(494976K), [Metaspace: 20738K->20738K(1067008K)], 0.0405649 secs] [Times: user=0.04 sys=0.00, real=0.04 secs] 
19:35:21.003 [Curator-PathChildrenCache-1] WARN  o.a.c.u.ZKPaths  - The version of ZooKeeper being used doesn't support Container nodes. CreateMode.PERSISTENT will be used instead.
2019-06-10T19:35:23.235+0000: 20.102: [GC (Allocation Failure) 2019-06-10T19:35:23.235+0000: 20.102: [DefNew: 136576K->17023K(153600K), 0.0259378 secs] 151784K->52571K(494976K), 0.0260075 secs] [Times: user=0.02 sys=0.00, real=0.02 secs] 
2019-06-10T19:35:28.915+0000: 25.782: [GC (Allocation Failure) 2019-06-10T19:35:28.915+0000: 25.782: [DefNew: 153599K->316K(153600K), 0.0097198 secs] 189147K->44061K(494976K), 0.0097827 secs] [Times: user=0.01 sys=0.01, real=0.00 secs] 
2019-06-10T19:35:30.661+0000: 27.528: [Full GC (Metadata GC Threshold) 2019-06-10T19:35:30.661+0000: 27.528: [Tenured: 43745K->44039K(341376K), 0.0398879 secs] 88329K->44039K(494976K), [Metaspace: 34598K->34598K(1079296K)], 0.0399643 secs] [Times: user=0.04 sys=0.00, real=0.04 secs] 
2019-06-10T19:35:36.361+0000: 33.227: [GC (Allocation Failure) 2019-06-10T19:35:36.361+0000: 33.227: [DefNew: 136576K->51K(153600K), 0.0016534 secs] 180615K->44090K(494976K), 0.0017290 secs] [Times: user=0.00 sys=0.00, real=0.00 secs] 
2019-06-10T19:35:41.986+0000: 38.853: [GC (Allocation Failure) 2019-06-10T19:35:41.986+0000: 38.853: [DefNew: 136627K->51K(153600K), 0.0017135 secs] 180666K->44090K(494976K), 0.0017755 secs] [Times: user=0.00 sys=0.00, real=0.01 secs] 
2019-06-10T19:35:47.682+0000: 44.549: [GC (Allocation Failure) 2019-06-10T19:35:47.682+0000: 44.549: [DefNew: 136627K->53K(153600K), 0.0017366 secs] 180666K->44092K(494976K), 0.0018096 secs] [Times: user=0.01 sys=0.00, real=0.00 secs] 
2019-06-10T19:35:59.238+0000: 56.104: [GC (Allocation Failure) 2019-06-10T19:35:59.238+0000: 56.104: [DefNew: 136629K->53K(153600K), 0.0016864 secs] 180668K->44093K(494976K), 0.0017679 secs] [Times: user=0.00 sys=0.00, real=0.00 secs] 
19:35:59.939 [Curator-PathChildrenCache-0] ERROR o.a.c.f.r.c.PathChildrenCache  - 
java.lang.IllegalStateException: instance must be started before calling this method
	at org.apache.curator.shaded.com.google.common.base.Preconditions.checkState(Preconditions.java:444)
	at org.apache.curator.framework.imps.CuratorFrameworkImpl.getChildren(CuratorFrameworkImpl.java:456)
	at org.apache.curator.framework.recipes.cache.PathChildrenCache.refresh(PathChildrenCache.java:521)
	at org.apache.curator.framework.recipes.cache.RefreshOperation.invoke(RefreshOperation.java:35)
	at org.apache.curator.framework.recipes.cache.PathChildrenCache$9.run(PathChildrenCache.java:786)
	at java.util.concurrent.Executors$RunnableAdapter.call(Executors.java:511)
	at java.util.concurrent.FutureTask.run(FutureTask.java:266)
	at java.util.concurrent.Executors$RunnableAdapter.call(Executors.java:511)
	at java.util.concurrent.FutureTask.run(FutureTask.java:266)
	at java.util.concurrent.ThreadPoolExecutor.runWorker(ThreadPoolExecutor.java:1149)
	at java.util.concurrent.ThreadPoolExecutor$Worker.run(ThreadPoolExecutor.java:624)
	at java.lang.Thread.run(Thread.java:748)
Heap
 def new generation   total 153600K, used 18434K [0x00000000e0c00000, 0x00000000eb2a0000, 0x00000000eb2a0000)
  eden space 136576K,  13% used [0x00000000e0c00000, 0x00000000e1df3360, 0x00000000e9160000)
  from space 17024K,   0% used [0x00000000e9160000, 0x00000000e916d710, 0x00000000ea200000)
  to   space 17024K,   0% used [0x00000000ea200000, 0x00000000ea200000, 0x00000000eb2a0000)
 tenured generation   total 341376K, used 44039K [0x00000000eb2a0000, 0x0000000100000000, 0x0000000100000000)
   the space 341376K,  12% used [0x00000000eb2a0000, 0x00000000edda1e80, 0x00000000edda2000, 0x0000000100000000)
 Metaspace       used 35628K, capacity 36544K, committed 36864K, reserved 1081344K
  class space    used 4803K, capacity 5010K, committed 5120K, reserved 1048576K
