13:11:53,322 |-INFO in ch.qos.logback.classic.LoggerContext[default] - Could NOT find resource [logback-test.xml]
13:11:53,322 |-INFO in ch.qos.logback.classic.LoggerContext[default] - Could NOT find resource [logback.groovy]
13:11:53,322 |-INFO in ch.qos.logback.classic.LoggerContext[default] - Found resource [logback.xml] at [jar:file:/root/flamestream/lib/flamestream-runtime-1.0-SNAPSHOT.jar!/logback.xml]
13:11:53,325 |-WARN in ch.qos.logback.classic.LoggerContext[default] - Resource [logback.xml] occurs multiple times on the classpath.
13:11:53,325 |-WARN in ch.qos.logback.classic.LoggerContext[default] - Resource [logback.xml] occurs at [jar:file:/root/flamestream/lib/flamestream-runtime-1.0-SNAPSHOT.jar!/logback.xml]
13:11:53,325 |-WARN in ch.qos.logback.classic.LoggerContext[default] - Resource [logback.xml] occurs at [jar:file:/root/flamestream/flamestream-runtime-1.0-SNAPSHOT.jar!/logback.xml]
13:11:53,345 |-INFO in ch.qos.logback.core.joran.spi.ConfigurationWatchList@3fb6a447 - URL [jar:file:/root/flamestream/lib/flamestream-runtime-1.0-SNAPSHOT.jar!/logback.xml] is not of type file
13:11:53,419 |-INFO in ch.qos.logback.classic.joran.action.ConfigurationAction - debug attribute not set
13:11:53,420 |-INFO in ch.qos.logback.core.joran.action.AppenderAction - About to instantiate appender of type [ch.qos.logback.core.ConsoleAppender]
13:11:53,434 |-INFO in ch.qos.logback.core.joran.action.AppenderAction - Naming appender as [STDOUT]
13:11:53,452 |-INFO in ch.qos.logback.core.joran.action.NestedComplexPropertyIA - Assuming default type [ch.qos.logback.classic.encoder.PatternLayoutEncoder] for [encoder] property
13:11:53,537 |-INFO in ch.qos.logback.core.joran.action.AppenderAction - About to instantiate appender of type [ch.qos.logback.core.rolling.RollingFileAppender]
13:11:53,541 |-INFO in ch.qos.logback.core.joran.action.AppenderAction - Naming appender as [FILE]
13:11:53,573 |-INFO in c.q.l.core.rolling.TimeBasedRollingPolicy@127618319 - No compression will be used
13:11:53,574 |-INFO in c.q.l.core.rolling.TimeBasedRollingPolicy@127618319 - Will use the pattern /tmp/application_%d{yyyy-MM-dd}.%i.log for the active file
13:11:53,577 |-INFO in ch.qos.logback.core.rolling.SizeAndTimeBasedFNATP@6b2fad11 - The date pattern is 'yyyy-MM-dd' from file name pattern '/tmp/application_%d{yyyy-MM-dd}.%i.log'.
13:11:53,577 |-INFO in ch.qos.logback.core.rolling.SizeAndTimeBasedFNATP@6b2fad11 - Roll-over at midnight.
13:11:53,582 |-INFO in ch.qos.logback.core.rolling.SizeAndTimeBasedFNATP@6b2fad11 - Setting initial period to Mon Jun 10 13:10:26 UTC 2019
13:11:53,582 |-WARN in ch.qos.logback.core.rolling.SizeAndTimeBasedFNATP@6b2fad11 - SizeAndTimeBasedFNATP is deprecated. Use SizeAndTimeBasedRollingPolicy instead
13:11:53,582 |-WARN in ch.qos.logback.core.rolling.SizeAndTimeBasedFNATP@6b2fad11 - For more information see http://logback.qos.ch/manual/appenders.html#SizeAndTimeBasedRollingPolicy
13:11:53,586 |-INFO in ch.qos.logback.core.joran.action.NestedComplexPropertyIA - Assuming default type [ch.qos.logback.classic.encoder.PatternLayoutEncoder] for [encoder] property
13:11:53,591 |-INFO in ch.qos.logback.core.rolling.RollingFileAppender[FILE] - Active log file name: /tmp/application.log
13:11:53,591 |-INFO in ch.qos.logback.core.rolling.RollingFileAppender[FILE] - File property is set to [/tmp/application.log]
13:11:53,592 |-INFO in ch.qos.logback.classic.joran.action.RootLoggerAction - Setting level of ROOT logger to WARN
13:11:53,592 |-INFO in ch.qos.logback.core.joran.action.AppenderRefAction - Attaching appender named [STDOUT] to Logger[ROOT]
13:11:53,594 |-INFO in ch.qos.logback.core.joran.action.AppenderRefAction - Attaching appender named [FILE] to Logger[ROOT]
13:11:53,594 |-INFO in ch.qos.logback.classic.joran.action.ConfigurationAction - End of configuration.
13:11:53,595 |-INFO in ch.qos.logback.classic.joran.JoranConfigurator@79698539 - Registering current configuration as safe fallback point

Ama winner
Ama winner
2019-06-10T13:11:54.921+0000: 1.782: [Full GC (Metadata GC Threshold) 2019-06-10T13:11:54.921+0000: 1.782: [Tenured: 0K->15144K(341376K), 0.0392670 secs] 114988K->15144K(494976K), [Metaspace: 20735K->20735K(1067008K)], 0.0393342 secs] [Times: user=0.03 sys=0.00, real=0.04 secs] 
13:12:13.121 [Curator-PathChildrenCache-1] WARN  o.a.c.u.ZKPaths  - The version of ZooKeeper being used doesn't support Container nodes. CreateMode.PERSISTENT will be used instead.
2019-06-10T13:12:15.275+0000: 22.135: [GC (Allocation Failure) 2019-06-10T13:12:15.275+0000: 22.135: [DefNew: 136576K->17023K(153600K), 0.0265055 secs] 151720K->52470K(494976K), 0.0265790 secs] [Times: user=0.00 sys=0.02, real=0.02 secs] 
2019-06-10T13:12:17.143+0000: 24.003: [Full GC (Metadata GC Threshold) 2019-06-10T13:12:17.143+0000: 24.003: [Tenured: 35446K->44205K(341376K), 0.0398151 secs] 84054K->44205K(494976K), [Metaspace: 34582K->34582K(1079296K)], 0.0398891 secs] [Times: user=0.04 sys=0.00, real=0.03 secs] 
2019-06-10T13:12:25.907+0000: 32.767: [GC (Allocation Failure) 2019-06-10T13:12:25.907+0000: 32.767: [DefNew: 136576K->67K(153600K), 0.0019062 secs] 180781K->44273K(494976K), 0.0019681 secs] [Times: user=0.00 sys=0.00, real=0.00 secs] 
2019-06-10T13:12:34.673+0000: 41.534: [GC (Allocation Failure) 2019-06-10T13:12:34.674+0000: 41.534: [DefNew: 136643K->67K(153600K), 0.0017845 secs] 180849K->44273K(494976K), 0.0018499 secs] [Times: user=0.00 sys=0.00, real=0.00 secs] 
2019-06-10T13:12:43.477+0000: 50.338: [GC (Allocation Failure) 2019-06-10T13:12:43.477+0000: 50.338: [DefNew: 136643K->73K(153600K), 0.0017546 secs] 180849K->44279K(494976K), 0.0018162 secs] [Times: user=0.00 sys=0.00, real=0.00 secs] 
2019-06-10T13:12:52.275+0000: 59.135: [GC (Allocation Failure) 2019-06-10T13:12:52.275+0000: 59.135: [DefNew: 136649K->71K(153600K), 0.0018563 secs] 180855K->44277K(494976K), 0.0019451 secs] [Times: user=0.00 sys=0.00, real=0.00 secs] 
2019-06-10T13:13:02.308+0000: 69.168: [GC (Allocation Failure) 2019-06-10T13:13:02.308+0000: 69.168: [DefNew: 136647K->408K(153600K), 0.0022594 secs] 180853K->44614K(494976K), 0.0023239 secs] [Times: user=0.00 sys=0.00, real=0.00 secs] 
2019-06-10T13:13:13.070+0000: 79.931: [GC (Allocation Failure) 2019-06-10T13:13:13.070+0000: 79.931: [DefNew: 136984K->166K(153600K), 0.0020587 secs] 181190K->44372K(494976K), 0.0021237 secs] [Times: user=0.00 sys=0.00, real=0.01 secs] 
13:13:31.221 [Curator-PathChildrenCache-0] ERROR o.a.c.f.r.c.PathChildrenCache  - 
java.lang.IllegalStateException: instance must be started before calling this method
	at org.apache.curator.shaded.com.google.common.base.Preconditions.checkState(Preconditions.java:444)
	at org.apache.curator.framework.imps.CuratorFrameworkImpl.getChildren(CuratorFrameworkImpl.java:456)
	at org.apache.curator.framework.recipes.cache.PathChildrenCache.refresh(PathChildrenCache.java:521)
	at org.apache.curator.framework.recipes.cache.RefreshOperation.invoke(RefreshOperation.java:35)
	at org.apache.curator.framework.recipes.cache.PathChildrenCache$9.run(PathChildrenCache.java:786)
	at java.util.concurrent.Executors$RunnableAdapter.call(Executors.java:511)
	at java.util.concurrent.FutureTask.run(FutureTask.java:266)
	at java.util.concurrent.Executors$RunnableAdapter.call(Executors.java:511)
	at java.util.concurrent.FutureTask.run(FutureTask.java:266)
	at java.util.concurrent.ThreadPoolExecutor.runWorker(ThreadPoolExecutor.java:1149)
	at java.util.concurrent.ThreadPoolExecutor$Worker.run(ThreadPoolExecutor.java:624)
	at java.lang.Thread.run(Thread.java:748)
Heap
 def new generation   total 153600K, used 108342K [0x00000000e0c00000, 0x00000000eb2a0000, 0x00000000eb2a0000)
  eden space 136576K,  79% used [0x00000000e0c00000, 0x00000000e75a40d8, 0x00000000e9160000)
  from space 17024K,   0% used [0x00000000ea200000, 0x00000000ea229890, 0x00000000eb2a0000)
  to   space 17024K,   0% used [0x00000000e9160000, 0x00000000e9160000, 0x00000000ea200000)
 tenured generation   total 341376K, used 44205K [0x00000000eb2a0000, 0x0000000100000000, 0x0000000100000000)
   the space 341376K,  12% used [0x00000000eb2a0000, 0x00000000eddcb7a8, 0x00000000eddcb800, 0x0000000100000000)
 Metaspace       used 36192K, capacity 37060K, committed 37376K, reserved 1081344K
  class space    used 4858K, capacity 5074K, committed 5120K, reserved 1048576K
