19:37:35,892 |-INFO in ch.qos.logback.classic.LoggerContext[default] - Could NOT find resource [logback-test.xml]
19:37:35,892 |-INFO in ch.qos.logback.classic.LoggerContext[default] - Could NOT find resource [logback.groovy]
19:37:35,893 |-INFO in ch.qos.logback.classic.LoggerContext[default] - Found resource [logback.xml] at [jar:file:/root/flamestream/lib/flamestream-runtime-1.0-SNAPSHOT.jar!/logback.xml]
19:37:35,893 |-WARN in ch.qos.logback.classic.LoggerContext[default] - Resource [logback.xml] occurs multiple times on the classpath.
19:37:35,894 |-WARN in ch.qos.logback.classic.LoggerContext[default] - Resource [logback.xml] occurs at [jar:file:/root/flamestream/lib/flamestream-runtime-1.0-SNAPSHOT.jar!/logback.xml]
19:37:35,894 |-WARN in ch.qos.logback.classic.LoggerContext[default] - Resource [logback.xml] occurs at [jar:file:/root/flamestream/flamestream-runtime-1.0-SNAPSHOT.jar!/logback.xml]
19:37:35,912 |-INFO in ch.qos.logback.core.joran.spi.ConfigurationWatchList@3fb6a447 - URL [jar:file:/root/flamestream/lib/flamestream-runtime-1.0-SNAPSHOT.jar!/logback.xml] is not of type file
19:37:35,984 |-INFO in ch.qos.logback.classic.joran.action.ConfigurationAction - debug attribute not set
19:37:35,984 |-INFO in ch.qos.logback.core.joran.action.AppenderAction - About to instantiate appender of type [ch.qos.logback.core.ConsoleAppender]
19:37:36,002 |-INFO in ch.qos.logback.core.joran.action.AppenderAction - Naming appender as [STDOUT]
19:37:36,016 |-INFO in ch.qos.logback.core.joran.action.NestedComplexPropertyIA - Assuming default type [ch.qos.logback.classic.encoder.PatternLayoutEncoder] for [encoder] property
19:37:36,102 |-INFO in ch.qos.logback.core.joran.action.AppenderAction - About to instantiate appender of type [ch.qos.logback.core.rolling.RollingFileAppender]
19:37:36,107 |-INFO in ch.qos.logback.core.joran.action.AppenderAction - Naming appender as [FILE]
19:37:36,139 |-INFO in c.q.l.core.rolling.TimeBasedRollingPolicy@127618319 - No compression will be used
19:37:36,140 |-INFO in c.q.l.core.rolling.TimeBasedRollingPolicy@127618319 - Will use the pattern /tmp/application_%d{yyyy-MM-dd}.%i.log for the active file
19:37:36,143 |-INFO in ch.qos.logback.core.rolling.SizeAndTimeBasedFNATP@6b2fad11 - The date pattern is 'yyyy-MM-dd' from file name pattern '/tmp/application_%d{yyyy-MM-dd}.%i.log'.
19:37:36,143 |-INFO in ch.qos.logback.core.rolling.SizeAndTimeBasedFNATP@6b2fad11 - Roll-over at midnight.
19:37:36,148 |-INFO in ch.qos.logback.core.rolling.SizeAndTimeBasedFNATP@6b2fad11 - Setting initial period to Mon Jun 10 19:35:59 UTC 2019
19:37:36,148 |-WARN in ch.qos.logback.core.rolling.SizeAndTimeBasedFNATP@6b2fad11 - SizeAndTimeBasedFNATP is deprecated. Use SizeAndTimeBasedRollingPolicy instead
19:37:36,148 |-WARN in ch.qos.logback.core.rolling.SizeAndTimeBasedFNATP@6b2fad11 - For more information see http://logback.qos.ch/manual/appenders.html#SizeAndTimeBasedRollingPolicy
19:37:36,152 |-INFO in ch.qos.logback.core.joran.action.NestedComplexPropertyIA - Assuming default type [ch.qos.logback.classic.encoder.PatternLayoutEncoder] for [encoder] property
19:37:36,157 |-INFO in ch.qos.logback.core.rolling.RollingFileAppender[FILE] - Active log file name: /tmp/application.log
19:37:36,157 |-INFO in ch.qos.logback.core.rolling.RollingFileAppender[FILE] - File property is set to [/tmp/application.log]
19:37:36,158 |-INFO in ch.qos.logback.classic.joran.action.RootLoggerAction - Setting level of ROOT logger to WARN
19:37:36,158 |-INFO in ch.qos.logback.core.joran.action.AppenderRefAction - Attaching appender named [STDOUT] to Logger[ROOT]
19:37:36,160 |-INFO in ch.qos.logback.core.joran.action.AppenderRefAction - Attaching appender named [FILE] to Logger[ROOT]
19:37:36,160 |-INFO in ch.qos.logback.classic.joran.action.ConfigurationAction - End of configuration.
19:37:36,160 |-INFO in ch.qos.logback.classic.joran.JoranConfigurator@79698539 - Registering current configuration as safe fallback point

Ama winner
Ama winner
2019-06-10T19:37:37.440+0000: 1.733: [Full GC (Metadata GC Threshold) 2019-06-10T19:37:37.440+0000: 1.733: [Tenured: 0K->15240K(341376K), 0.0382611 secs] 117750K->15240K(494976K), [Metaspace: 20732K->20732K(1067008K)], 0.0383287 secs] [Times: user=0.04 sys=0.00, real=0.04 secs] 
19:37:56.421 [Curator-PathChildrenCache-1] WARN  o.a.c.u.ZKPaths  - The version of ZooKeeper being used doesn't support Container nodes. CreateMode.PERSISTENT will be used instead.
2019-06-10T19:37:58.636+0000: 22.930: [GC (Allocation Failure) 2019-06-10T19:37:58.636+0000: 22.930: [DefNew: 136576K->17024K(153600K), 0.0253851 secs] 151816K->52743K(494976K), 0.0254511 secs] [Times: user=0.02 sys=0.01, real=0.02 secs] 
2019-06-10T19:38:02.028+0000: 26.322: [Full GC (Metadata GC Threshold) 2019-06-10T19:38:02.028+0000: 26.322: [Tenured: 35719K->44260K(341376K), 0.0505987 secs] 123952K->44260K(494976K), [Metaspace: 34599K->34599K(1079296K)], 0.0506743 secs] [Times: user=0.05 sys=0.00, real=0.05 secs] 
2019-06-10T19:38:08.236+0000: 32.531: [GC (Allocation Failure) 2019-06-10T19:38:08.237+0000: 32.531: [DefNew: 136576K->54K(153600K), 0.0017532 secs] 180836K->44314K(494976K), 0.0030374 secs] [Times: user=0.00 sys=0.00, real=0.00 secs] 
2019-06-10T19:38:14.523+0000: 38.816: [GC (Allocation Failure) 2019-06-10T19:38:14.523+0000: 38.816: [DefNew: 136630K->55K(153600K), 0.0016985 secs] 180890K->44315K(494976K), 0.0017694 secs] [Times: user=0.00 sys=0.00, real=0.00 secs] 
2019-06-10T19:38:20.835+0000: 45.129: [GC (Allocation Failure) 2019-06-10T19:38:20.835+0000: 45.129: [DefNew: 136631K->55K(153600K), 0.0016914 secs] 180891K->44315K(494976K), 0.0017510 secs] [Times: user=0.00 sys=0.00, real=0.00 secs] 
2019-06-10T19:38:27.203+0000: 51.496: [GC (Allocation Failure) 2019-06-10T19:38:27.203+0000: 51.496: [DefNew: 136631K->56K(153600K), 0.0016731 secs] 180891K->44317K(494976K), 0.0017331 secs] [Times: user=0.00 sys=0.00, real=0.00 secs] 
19:38:38.739 [Curator-PathChildrenCache-0] ERROR o.a.c.f.r.c.PathChildrenCache  - 
java.lang.IllegalStateException: instance must be started before calling this method
	at org.apache.curator.shaded.com.google.common.base.Preconditions.checkState(Preconditions.java:444)
	at org.apache.curator.framework.imps.CuratorFrameworkImpl.getChildren(CuratorFrameworkImpl.java:456)
	at org.apache.curator.framework.recipes.cache.PathChildrenCache.refresh(PathChildrenCache.java:521)
	at org.apache.curator.framework.recipes.cache.RefreshOperation.invoke(RefreshOperation.java:35)
	at org.apache.curator.framework.recipes.cache.PathChildrenCache$9.run(PathChildrenCache.java:786)
	at java.util.concurrent.Executors$RunnableAdapter.call(Executors.java:511)
	at java.util.concurrent.FutureTask.run(FutureTask.java:266)
	at java.util.concurrent.Executors$RunnableAdapter.call(Executors.java:511)
	at java.util.concurrent.FutureTask.run(FutureTask.java:266)
	at java.util.concurrent.ThreadPoolExecutor.runWorker(ThreadPoolExecutor.java:1149)
	at java.util.concurrent.ThreadPoolExecutor$Worker.run(ThreadPoolExecutor.java:624)
	at java.lang.Thread.run(Thread.java:748)
2019-06-10T19:38:38.770+0000: 63.063: [GC (Allocation Failure) 2019-06-10T19:38:38.770+0000: 63.063: [DefNew: 136632K->951K(153600K), 0.0031747 secs] 180893K->45212K(494976K), 0.0032243 secs] [Times: user=0.00 sys=0.00, real=0.00 secs] 
Heap
 def new generation   total 153600K, used 10253K [0x00000000e0c00000, 0x00000000eb2a0000, 0x00000000eb2a0000)
  eden space 136576K,   6% used [0x00000000e0c00000, 0x00000000e15156b8, 0x00000000e9160000)
  from space 17024K,   5% used [0x00000000e9160000, 0x00000000e924df18, 0x00000000ea200000)
  to   space 17024K,   0% used [0x00000000ea200000, 0x00000000ea200000, 0x00000000eb2a0000)
 tenured generation   total 341376K, used 44260K [0x00000000eb2a0000, 0x0000000100000000, 0x0000000100000000)
   the space 341376K,  12% used [0x00000000eb2a0000, 0x00000000eddd92f8, 0x00000000eddd9400, 0x0000000100000000)
 Metaspace       used 35987K, capacity 36864K, committed 37120K, reserved 1081344K
  class space    used 4867K, capacity 5074K, committed 5120K, reserved 1048576K
