19:47:46,775 |-INFO in ch.qos.logback.classic.LoggerContext[default] - Could NOT find resource [logback-test.xml]
19:47:46,775 |-INFO in ch.qos.logback.classic.LoggerContext[default] - Could NOT find resource [logback.groovy]
19:47:46,775 |-INFO in ch.qos.logback.classic.LoggerContext[default] - Found resource [logback.xml] at [jar:file:/root/flamestream/lib/flamestream-runtime-1.0-SNAPSHOT.jar!/logback.xml]
19:47:46,776 |-WARN in ch.qos.logback.classic.LoggerContext[default] - Resource [logback.xml] occurs multiple times on the classpath.
19:47:46,776 |-WARN in ch.qos.logback.classic.LoggerContext[default] - Resource [logback.xml] occurs at [jar:file:/root/flamestream/lib/flamestream-runtime-1.0-SNAPSHOT.jar!/logback.xml]
19:47:46,776 |-WARN in ch.qos.logback.classic.LoggerContext[default] - Resource [logback.xml] occurs at [jar:file:/root/flamestream/flamestream-runtime-1.0-SNAPSHOT.jar!/logback.xml]
19:47:46,799 |-INFO in ch.qos.logback.core.joran.spi.ConfigurationWatchList@3fb6a447 - URL [jar:file:/root/flamestream/lib/flamestream-runtime-1.0-SNAPSHOT.jar!/logback.xml] is not of type file
19:47:46,867 |-INFO in ch.qos.logback.classic.joran.action.ConfigurationAction - debug attribute not set
19:47:46,867 |-INFO in ch.qos.logback.core.joran.action.AppenderAction - About to instantiate appender of type [ch.qos.logback.core.ConsoleAppender]
19:47:46,884 |-INFO in ch.qos.logback.core.joran.action.AppenderAction - Naming appender as [STDOUT]
19:47:46,902 |-INFO in ch.qos.logback.core.joran.action.NestedComplexPropertyIA - Assuming default type [ch.qos.logback.classic.encoder.PatternLayoutEncoder] for [encoder] property
19:47:46,991 |-INFO in ch.qos.logback.core.joran.action.AppenderAction - About to instantiate appender of type [ch.qos.logback.core.rolling.RollingFileAppender]
19:47:46,996 |-INFO in ch.qos.logback.core.joran.action.AppenderAction - Naming appender as [FILE]
19:47:47,026 |-INFO in c.q.l.core.rolling.TimeBasedRollingPolicy@127618319 - No compression will be used
19:47:47,027 |-INFO in c.q.l.core.rolling.TimeBasedRollingPolicy@127618319 - Will use the pattern /tmp/application_%d{yyyy-MM-dd}.%i.log for the active file
19:47:47,030 |-INFO in ch.qos.logback.core.rolling.SizeAndTimeBasedFNATP@6b2fad11 - The date pattern is 'yyyy-MM-dd' from file name pattern '/tmp/application_%d{yyyy-MM-dd}.%i.log'.
19:47:47,030 |-INFO in ch.qos.logback.core.rolling.SizeAndTimeBasedFNATP@6b2fad11 - Roll-over at midnight.
19:47:47,035 |-INFO in ch.qos.logback.core.rolling.SizeAndTimeBasedFNATP@6b2fad11 - Setting initial period to Mon Jun 10 19:46:19 UTC 2019
19:47:47,035 |-WARN in ch.qos.logback.core.rolling.SizeAndTimeBasedFNATP@6b2fad11 - SizeAndTimeBasedFNATP is deprecated. Use SizeAndTimeBasedRollingPolicy instead
19:47:47,035 |-WARN in ch.qos.logback.core.rolling.SizeAndTimeBasedFNATP@6b2fad11 - For more information see http://logback.qos.ch/manual/appenders.html#SizeAndTimeBasedRollingPolicy
19:47:47,039 |-INFO in ch.qos.logback.core.joran.action.NestedComplexPropertyIA - Assuming default type [ch.qos.logback.classic.encoder.PatternLayoutEncoder] for [encoder] property
19:47:47,044 |-INFO in ch.qos.logback.core.rolling.RollingFileAppender[FILE] - Active log file name: /tmp/application.log
19:47:47,044 |-INFO in ch.qos.logback.core.rolling.RollingFileAppender[FILE] - File property is set to [/tmp/application.log]
19:47:47,045 |-INFO in ch.qos.logback.classic.joran.action.RootLoggerAction - Setting level of ROOT logger to WARN
19:47:47,045 |-INFO in ch.qos.logback.core.joran.action.AppenderRefAction - Attaching appender named [STDOUT] to Logger[ROOT]
19:47:47,047 |-INFO in ch.qos.logback.core.joran.action.AppenderRefAction - Attaching appender named [FILE] to Logger[ROOT]
19:47:47,047 |-INFO in ch.qos.logback.classic.joran.action.ConfigurationAction - End of configuration.
19:47:47,048 |-INFO in ch.qos.logback.classic.joran.JoranConfigurator@79698539 - Registering current configuration as safe fallback point

Ama winner
Ama winner
2019-06-10T19:47:48.343+0000: 1.750: [Full GC (Metadata GC Threshold) 2019-06-10T19:47:48.343+0000: 1.750: [Tenured: 0K->15240K(341376K), 0.0355784 secs] 117750K->15240K(494976K), [Metaspace: 20732K->20732K(1067008K)], 0.0356471 secs] [Times: user=0.03 sys=0.00, real=0.04 secs] 
19:48:10.857 [Curator-PathChildrenCache-1] WARN  o.a.c.u.ZKPaths  - The version of ZooKeeper being used doesn't support Container nodes. CreateMode.PERSISTENT will be used instead.
2019-06-10T19:48:13.332+0000: 26.739: [GC (Allocation Failure) 2019-06-10T19:48:13.332+0000: 26.739: [DefNew: 136576K->17023K(153600K), 0.0262033 secs] 151816K->52653K(494976K), 0.0262803 secs] [Times: user=0.01 sys=0.01, real=0.03 secs] 
2019-06-10T19:48:14.410+0000: 27.817: [Full GC (Metadata GC Threshold) 2019-06-10T19:48:14.410+0000: 27.817: [Tenured: 35629K->44076K(341376K), 0.0397230 secs] 77971K->44076K(494976K), [Metaspace: 34586K->34586K(1079296K)], 0.0398048 secs] [Times: user=0.04 sys=0.00, real=0.04 secs] 
2019-06-10T19:48:22.169+0000: 35.576: [GC (Allocation Failure) 2019-06-10T19:48:22.169+0000: 35.577: [DefNew: 136576K->105K(153600K), 0.0019742 secs] 180652K->44181K(494976K), 0.0020386 secs] [Times: user=0.00 sys=0.00, real=0.00 secs] 
2019-06-10T19:48:30.041+0000: 43.448: [GC (Allocation Failure) 2019-06-10T19:48:30.041+0000: 43.448: [DefNew: 136681K->135K(153600K), 0.0017599 secs] 180757K->44211K(494976K), 0.0018188 secs] [Times: user=0.00 sys=0.00, real=0.00 secs] 
2019-06-10T19:48:37.915+0000: 51.322: [GC (Allocation Failure) 2019-06-10T19:48:37.915+0000: 51.322: [DefNew: 136711K->137K(153600K), 0.0017901 secs] 180787K->44213K(494976K), 0.0018631 secs] [Times: user=0.00 sys=0.00, real=0.01 secs] 
2019-06-10T19:48:45.810+0000: 59.217: [GC (Allocation Failure) 2019-06-10T19:48:45.810+0000: 59.217: [DefNew: 136713K->136K(153600K), 0.0018113 secs] 180789K->44212K(494976K), 0.0018709 secs] [Times: user=0.00 sys=0.00, real=0.00 secs] 
2019-06-10T19:48:54.335+0000: 67.742: [GC (Allocation Failure) 2019-06-10T19:48:54.335+0000: 67.742: [DefNew: 136712K->468K(153600K), 0.0023210 secs] 180788K->44545K(494976K), 0.0023832 secs] [Times: user=0.00 sys=0.00, real=0.01 secs] 
2019-06-10T19:49:09.661+0000: 83.068: [GC (Allocation Failure) 2019-06-10T19:49:09.661+0000: 83.068: [DefNew: 137044K->220K(153600K), 0.0022080 secs] 181121K->44297K(494976K), 0.0022703 secs] [Times: user=0.00 sys=0.00, real=0.00 secs] 
19:49:19.231 [Curator-PathChildrenCache-0] ERROR o.a.c.f.r.c.PathChildrenCache  - 
java.lang.IllegalStateException: instance must be started before calling this method
	at org.apache.curator.shaded.com.google.common.base.Preconditions.checkState(Preconditions.java:444)
	at org.apache.curator.framework.imps.CuratorFrameworkImpl.getChildren(CuratorFrameworkImpl.java:456)
	at org.apache.curator.framework.recipes.cache.PathChildrenCache.refresh(PathChildrenCache.java:521)
	at org.apache.curator.framework.recipes.cache.RefreshOperation.invoke(RefreshOperation.java:35)
	at org.apache.curator.framework.recipes.cache.PathChildrenCache$9.run(PathChildrenCache.java:786)
	at java.util.concurrent.Executors$RunnableAdapter.call(Executors.java:511)
	at java.util.concurrent.FutureTask.run(FutureTask.java:266)
	at java.util.concurrent.Executors$RunnableAdapter.call(Executors.java:511)
	at java.util.concurrent.FutureTask.run(FutureTask.java:266)
	at java.util.concurrent.ThreadPoolExecutor.runWorker(ThreadPoolExecutor.java:1149)
	at java.util.concurrent.ThreadPoolExecutor$Worker.run(ThreadPoolExecutor.java:624)
	at java.lang.Thread.run(Thread.java:748)
Heap
 def new generation   total 153600K, used 73680K [0x00000000e0c00000, 0x00000000eb2a0000, 0x00000000eb2a0000)
  eden space 136576K,  53% used [0x00000000e0c00000, 0x00000000e53bcd50, 0x00000000e9160000)
  from space 17024K,   1% used [0x00000000ea200000, 0x00000000ea237378, 0x00000000eb2a0000)
  to   space 17024K,   0% used [0x00000000e9160000, 0x00000000e9160000, 0x00000000ea200000)
 tenured generation   total 341376K, used 44076K [0x00000000eb2a0000, 0x0000000100000000, 0x0000000100000000)
   the space 341376K,  12% used [0x00000000eb2a0000, 0x00000000eddab128, 0x00000000eddab200, 0x0000000100000000)
 Metaspace       used 36351K, capacity 37228K, committed 37376K, reserved 1081344K
  class space    used 4886K, capacity 5082K, committed 5120K, reserved 1048576K
