22:42:43,099 |-INFO in ch.qos.logback.classic.LoggerContext[default] - Could NOT find resource [logback-test.xml]
22:42:43,099 |-INFO in ch.qos.logback.classic.LoggerContext[default] - Could NOT find resource [logback.groovy]
22:42:43,099 |-INFO in ch.qos.logback.classic.LoggerContext[default] - Found resource [logback.xml] at [jar:file:/home/nikitasokolov/flamestream/lib/flamestream-runtime-1.0-SNAPSHOT.jar!/logback.xml]
22:42:43,100 |-WARN in ch.qos.logback.classic.LoggerContext[default] - Resource [logback.xml] occurs multiple times on the classpath.
22:42:43,100 |-WARN in ch.qos.logback.classic.LoggerContext[default] - Resource [logback.xml] occurs at [jar:file:/home/nikitasokolov/flamestream/lib/flamestream-runtime-1.0-SNAPSHOT.jar!/logback.xml]
22:42:43,100 |-WARN in ch.qos.logback.classic.LoggerContext[default] - Resource [logback.xml] occurs at [jar:file:/home/nikitasokolov/flamestream/flamestream-runtime-1.0-SNAPSHOT.jar!/logback.xml]
22:42:43,117 |-INFO in ch.qos.logback.core.joran.spi.ConfigurationWatchList@2f7a2457 - URL [jar:file:/home/nikitasokolov/flamestream/lib/flamestream-runtime-1.0-SNAPSHOT.jar!/logback.xml] is not of type file
22:42:43,167 |-INFO in ch.qos.logback.classic.joran.action.ConfigurationAction - debug attribute not set
22:42:43,168 |-INFO in ch.qos.logback.core.joran.action.AppenderAction - About to instantiate appender of type [ch.qos.logback.core.ConsoleAppender]
22:42:43,176 |-INFO in ch.qos.logback.core.joran.action.AppenderAction - Naming appender as [STDOUT]
22:42:43,185 |-INFO in ch.qos.logback.core.joran.action.NestedComplexPropertyIA - Assuming default type [ch.qos.logback.classic.encoder.PatternLayoutEncoder] for [encoder] property
22:42:43,241 |-INFO in ch.qos.logback.core.joran.action.AppenderAction - About to instantiate appender of type [ch.qos.logback.core.rolling.RollingFileAppender]
22:42:43,247 |-INFO in ch.qos.logback.core.joran.action.AppenderAction - Naming appender as [FILE]
22:42:43,269 |-INFO in c.q.l.core.rolling.TimeBasedRollingPolicy@1449621165 - No compression will be used
22:42:43,270 |-INFO in c.q.l.core.rolling.TimeBasedRollingPolicy@1449621165 - Will use the pattern /tmp/application_%d{yyyy-MM-dd}.%i.log for the active file
22:42:43,273 |-INFO in ch.qos.logback.core.rolling.SizeAndTimeBasedFNATP@6108b2d7 - The date pattern is 'yyyy-MM-dd' from file name pattern '/tmp/application_%d{yyyy-MM-dd}.%i.log'.
22:42:43,273 |-INFO in ch.qos.logback.core.rolling.SizeAndTimeBasedFNATP@6108b2d7 - Roll-over at midnight.
22:42:43,277 |-INFO in ch.qos.logback.core.rolling.SizeAndTimeBasedFNATP@6108b2d7 - Setting initial period to Tue May 28 22:41:38 MSK 2019
22:42:43,277 |-WARN in ch.qos.logback.core.rolling.SizeAndTimeBasedFNATP@6108b2d7 - SizeAndTimeBasedFNATP is deprecated. Use SizeAndTimeBasedRollingPolicy instead
22:42:43,277 |-WARN in ch.qos.logback.core.rolling.SizeAndTimeBasedFNATP@6108b2d7 - For more information see http://logback.qos.ch/manual/appenders.html#SizeAndTimeBasedRollingPolicy
22:42:43,281 |-INFO in ch.qos.logback.core.joran.action.NestedComplexPropertyIA - Assuming default type [ch.qos.logback.classic.encoder.PatternLayoutEncoder] for [encoder] property
22:42:43,284 |-INFO in ch.qos.logback.core.rolling.RollingFileAppender[FILE] - Active log file name: /tmp/application.log
22:42:43,284 |-INFO in ch.qos.logback.core.rolling.RollingFileAppender[FILE] - File property is set to [/tmp/application.log]
22:42:43,285 |-INFO in ch.qos.logback.classic.joran.action.RootLoggerAction - Setting level of ROOT logger to WARN
22:42:43,285 |-INFO in ch.qos.logback.core.joran.action.AppenderRefAction - Attaching appender named [STDOUT] to Logger[ROOT]
22:42:43,286 |-INFO in ch.qos.logback.core.joran.action.AppenderRefAction - Attaching appender named [FILE] to Logger[ROOT]
22:42:43,286 |-INFO in ch.qos.logback.classic.joran.action.ConfigurationAction - End of configuration.
22:42:43,286 |-INFO in ch.qos.logback.classic.joran.JoranConfigurator@1554909b - Registering current configuration as safe fallback point

2019-05-28T22:42:44.286+0300: 1.384: [GC (Metadata GC Threshold) [PSYoungGen: 105512K->15846K(149504K)] 105512K->15926K(491008K), 0.0185035 secs] [Times: user=0.08 sys=0.02, real=0.02 secs] 
2019-05-28T22:42:44.304+0300: 1.402: [Full GC (Metadata GC Threshold) [PSYoungGen: 15846K->0K(149504K)] [ParOldGen: 80K->14984K(341504K)] 15926K->14984K(491008K), [Metaspace: 20804K->20804K(1067008K)], 0.0279396 secs] [Times: user=0.19 sys=0.00, real=0.03 secs] 
22:42:52.910 [Curator-PathChildrenCache-2] WARN  o.a.c.u.ZKPaths  - The version of ZooKeeper being used doesn't support Container nodes. CreateMode.PERSISTENT will be used instead.
2019-05-28T22:42:53.684+0300: 10.782: [GC (Metadata GC Threshold) [PSYoungGen: 122611K->20987K(149504K)] 137595K->50998K(491008K), 0.0229129 secs] [Times: user=0.26 sys=0.00, real=0.02 secs] 
2019-05-28T22:42:53.707+0300: 10.805: [Full GC (Metadata GC Threshold) [PSYoungGen: 20987K->0K(149504K)] [ParOldGen: 30011K->39885K(341504K)] 50998K->39885K(491008K), [Metaspace: 34508K->34504K(1079296K)], 0.0342391 secs] [Times: user=0.17 sys=0.02, real=0.04 secs] 
2019-05-28T22:42:54.876+0300: 11.974: [GC (Allocation Failure) [PSYoungGen: 128512K->1376K(149504K)] 168397K->41270K(491008K), 0.0035038 secs] [Times: user=0.02 sys=0.00, real=0.01 secs] 
2019-05-28T22:42:55.999+0300: 13.097: [GC (Allocation Failure) [PSYoungGen: 129888K->1440K(149504K)] 169782K->41342K(491008K), 0.0030302 secs] [Times: user=0.01 sys=0.00, real=0.00 secs] 
2019-05-28T22:42:57.185+0300: 14.283: [GC (Allocation Failure) [PSYoungGen: 129952K->1504K(130048K)] 169854K->41414K(471552K), 0.0031014 secs] [Times: user=0.02 sys=0.00, real=0.00 secs] 
2019-05-28T22:42:58.491+0300: 15.606: [GC (Allocation Failure) [PSYoungGen: 130016K->1600K(132096K)] 169926K->41518K(473600K), 0.0202582 secs] [Times: user=0.01 sys=0.01, real=0.02 secs] 
2019-05-28T22:42:59.347+0300: 16.445: [GC (Allocation Failure) [PSYoungGen: 93248K->1696K(130048K)] 133166K->41622K(471552K), 0.0029856 secs] [Times: user=0.02 sys=0.00, real=0.01 secs] 
2019-05-28T22:43:00.212+0300: 17.310: [GC (Allocation Failure) [PSYoungGen: 93344K->1824K(136192K)] 133270K->41758K(477696K), 0.0034858 secs] [Times: user=0.02 sys=0.00, real=0.00 secs] 
2019-05-28T22:43:01.258+0300: 18.356: [GC (Allocation Failure) [PSYoungGen: 101664K->1824K(134144K)] 141598K->41766K(475648K), 0.0028101 secs] [Times: user=0.01 sys=0.00, real=0.00 secs] 
2019-05-28T22:43:02.257+0300: 19.355: [GC (Allocation Failure) [PSYoungGen: 101664K->1888K(139776K)] 141606K->41838K(481280K), 0.0047542 secs] [Times: user=0.03 sys=0.01, real=0.01 secs] 
2019-05-28T22:43:03.313+0300: 20.411: [GC (Allocation Failure) [PSYoungGen: 109408K->1920K(138240K)] 149358K->41870K(479744K), 0.0030417 secs] [Times: user=0.01 sys=0.01, real=0.00 secs] 
2019-05-28T22:43:04.271+0300: 21.369: [GC (Allocation Failure) [PSYoungGen: 109440K->1952K(142848K)] 149390K->41902K(484352K), 0.0034538 secs] [Times: user=0.02 sys=0.00, real=0.00 secs] 
2019-05-28T22:43:05.414+0300: 22.512: [GC (Allocation Failure) [PSYoungGen: 115616K->1952K(141312K)] 155566K->41902K(482816K), 0.0037802 secs] [Times: user=0.02 sys=0.01, real=0.01 secs] 
2019-05-28T22:43:06.497+0300: 23.595: [GC (Allocation Failure) [PSYoungGen: 115616K->1952K(145920K)] 155566K->41902K(487424K), 0.0110677 secs] [Times: user=0.07 sys=0.01, real=0.01 secs] 
2019-05-28T22:43:07.600+0300: 24.698: [GC (Allocation Failure) [PSYoungGen: 121760K->1984K(144384K)] 161710K->41934K(485888K), 0.0032249 secs] [Times: user=0.02 sys=0.00, real=0.00 secs] 
2019-05-28T22:43:08.906+0300: 26.004: [GC (Allocation Failure) [PSYoungGen: 121792K->2016K(148480K)] 161742K->41966K(489984K), 0.0080377 secs] [Times: user=0.06 sys=0.00, real=0.01 secs] 
2019-05-28T22:43:10.194+0300: 27.292: [GC (Allocation Failure) [PSYoungGen: 127456K->2016K(147456K)] 167406K->41966K(488960K), 0.0028105 secs] [Times: user=0.02 sys=0.00, real=0.00 secs] 
2019-05-28T22:43:11.560+0300: 28.658: [GC (Allocation Failure) [PSYoungGen: 127456K->1120K(151040K)] 167406K->42050K(492544K), 0.0033747 secs] [Times: user=0.02 sys=0.00, real=0.00 secs] 
2019-05-28T22:43:12.860+0300: 29.958: [GC (Allocation Failure) [PSYoungGen: 131680K->960K(150016K)] 172610K->42058K(491520K), 0.0024896 secs] [Times: user=0.01 sys=0.00, real=0.00 secs] 
2019-05-28T22:43:14.084+0300: 31.238: [GC (Allocation Failure) [PSYoungGen: 131520K->928K(153088K)] 172618K->42178K(494592K), 0.0589165 secs] [Times: user=0.02 sys=0.00, real=0.06 secs] 
2019-05-28T22:43:18.062+0300: 35.161: [GC (Allocation Failure) [PSYoungGen: 135584K->928K(152064K)] 176834K->42330K(493568K), 0.0029184 secs] [Times: user=0.01 sys=0.01, real=0.00 secs] 
22:43:19.777 [Curator-PathChildrenCache-0] ERROR o.a.c.f.r.c.PathChildrenCache  - 
java.lang.IllegalStateException: instance must be started before calling this method
	at org.apache.curator.shaded.com.google.common.base.Preconditions.checkState(Preconditions.java:444)
	at org.apache.curator.framework.imps.CuratorFrameworkImpl.getChildren(CuratorFrameworkImpl.java:456)
	at org.apache.curator.framework.recipes.cache.PathChildrenCache.refresh(PathChildrenCache.java:521)
	at org.apache.curator.framework.recipes.cache.RefreshOperation.invoke(RefreshOperation.java:35)
	at org.apache.curator.framework.recipes.cache.PathChildrenCache$9.run(PathChildrenCache.java:786)
	at java.util.concurrent.Executors$RunnableAdapter.call(Executors.java:511)
	at java.util.concurrent.FutureTask.run(FutureTask.java:266)
	at java.util.concurrent.Executors$RunnableAdapter.call(Executors.java:511)
	at java.util.concurrent.FutureTask.run(FutureTask.java:266)
	at java.util.concurrent.ThreadPoolExecutor.runWorker(ThreadPoolExecutor.java:1149)
	at java.util.concurrent.ThreadPoolExecutor$Worker.run(ThreadPoolExecutor.java:624)
	at java.lang.Thread.run(Thread.java:748)
Heap
 PSYoungGen      total 152064K, used 47110K [0x00000000f5980000, 0x0000000100000000, 0x0000000100000000)
  eden space 134656K, 34% used [0x00000000f5980000,0x00000000f8699838,0x00000000fdd00000)
  from space 17408K, 5% used [0x00000000fdd00000,0x00000000fdde80e0,0x00000000fee00000)
  to   space 16384K, 0% used [0x00000000ff000000,0x00000000ff000000,0x0000000100000000)
 ParOldGen       total 341504K, used 41402K [0x00000000e0c00000, 0x00000000f5980000, 0x00000000f5980000)
  object space 341504K, 12% used [0x00000000e0c00000,0x00000000e346e8a0,0x00000000f5980000)
 Metaspace       used 36162K, capacity 37160K, committed 37208K, reserved 1081344K
  class space    used 4988K, capacity 5206K, committed 5248K, reserved 1048576K
