07:44:44,772 |-INFO in ch.qos.logback.classic.LoggerContext[default] - Could NOT find resource [logback-test.xml]
07:44:44,772 |-INFO in ch.qos.logback.classic.LoggerContext[default] - Could NOT find resource [logback.groovy]
07:44:44,772 |-INFO in ch.qos.logback.classic.LoggerContext[default] - Found resource [logback.xml] at [jar:file:/root/flamestream/lib/flamestream-runtime-1.0-SNAPSHOT.jar!/logback.xml]
07:44:44,775 |-WARN in ch.qos.logback.classic.LoggerContext[default] - Resource [logback.xml] occurs multiple times on the classpath.
07:44:44,776 |-WARN in ch.qos.logback.classic.LoggerContext[default] - Resource [logback.xml] occurs at [jar:file:/root/flamestream/lib/flamestream-runtime-1.0-SNAPSHOT.jar!/logback.xml]
07:44:44,776 |-WARN in ch.qos.logback.classic.LoggerContext[default] - Resource [logback.xml] occurs at [jar:file:/root/flamestream/flamestream-runtime-1.0-SNAPSHOT.jar!/logback.xml]
07:44:44,796 |-INFO in ch.qos.logback.core.joran.spi.ConfigurationWatchList@3fb6a447 - URL [jar:file:/root/flamestream/lib/flamestream-runtime-1.0-SNAPSHOT.jar!/logback.xml] is not of type file
07:44:44,863 |-INFO in ch.qos.logback.classic.joran.action.ConfigurationAction - debug attribute not set
07:44:44,863 |-INFO in ch.qos.logback.core.joran.action.AppenderAction - About to instantiate appender of type [ch.qos.logback.core.ConsoleAppender]
07:44:44,880 |-INFO in ch.qos.logback.core.joran.action.AppenderAction - Naming appender as [STDOUT]
07:44:44,891 |-INFO in ch.qos.logback.core.joran.action.NestedComplexPropertyIA - Assuming default type [ch.qos.logback.classic.encoder.PatternLayoutEncoder] for [encoder] property
07:44:44,988 |-INFO in ch.qos.logback.core.joran.action.AppenderAction - About to instantiate appender of type [ch.qos.logback.core.rolling.RollingFileAppender]
07:44:44,995 |-INFO in ch.qos.logback.core.joran.action.AppenderAction - Naming appender as [FILE]
07:44:45,034 |-INFO in c.q.l.core.rolling.TimeBasedRollingPolicy@127618319 - No compression will be used
07:44:45,036 |-INFO in c.q.l.core.rolling.TimeBasedRollingPolicy@127618319 - Will use the pattern /tmp/application_%d{yyyy-MM-dd}.%i.log for the active file
07:44:45,039 |-INFO in ch.qos.logback.core.rolling.SizeAndTimeBasedFNATP@6b2fad11 - The date pattern is 'yyyy-MM-dd' from file name pattern '/tmp/application_%d{yyyy-MM-dd}.%i.log'.
07:44:45,039 |-INFO in ch.qos.logback.core.rolling.SizeAndTimeBasedFNATP@6b2fad11 - Roll-over at midnight.
07:44:45,044 |-INFO in ch.qos.logback.core.rolling.SizeAndTimeBasedFNATP@6b2fad11 - Setting initial period to Tue Jun 11 07:43:23 UTC 2019
07:44:45,044 |-WARN in ch.qos.logback.core.rolling.SizeAndTimeBasedFNATP@6b2fad11 - SizeAndTimeBasedFNATP is deprecated. Use SizeAndTimeBasedRollingPolicy instead
07:44:45,044 |-WARN in ch.qos.logback.core.rolling.SizeAndTimeBasedFNATP@6b2fad11 - For more information see http://logback.qos.ch/manual/appenders.html#SizeAndTimeBasedRollingPolicy
07:44:45,048 |-INFO in ch.qos.logback.core.joran.action.NestedComplexPropertyIA - Assuming default type [ch.qos.logback.classic.encoder.PatternLayoutEncoder] for [encoder] property
07:44:45,053 |-INFO in ch.qos.logback.core.rolling.RollingFileAppender[FILE] - Active log file name: /tmp/application.log
07:44:45,053 |-INFO in ch.qos.logback.core.rolling.RollingFileAppender[FILE] - File property is set to [/tmp/application.log]
07:44:45,054 |-INFO in ch.qos.logback.classic.joran.action.RootLoggerAction - Setting level of ROOT logger to WARN
07:44:45,054 |-INFO in ch.qos.logback.core.joran.action.AppenderRefAction - Attaching appender named [STDOUT] to Logger[ROOT]
07:44:45,056 |-INFO in ch.qos.logback.core.joran.action.AppenderRefAction - Attaching appender named [FILE] to Logger[ROOT]
07:44:45,056 |-INFO in ch.qos.logback.classic.joran.action.ConfigurationAction - End of configuration.
07:44:45,057 |-INFO in ch.qos.logback.classic.joran.JoranConfigurator@79698539 - Registering current configuration as safe fallback point

Ama winner
Ama winner
2019-06-11T07:44:46.378+0000: 1.787: [Full GC (Metadata GC Threshold) 2019-06-11T07:44:46.378+0000: 1.787: [Tenured: 0K->15208K(341376K), 0.0404530 secs] 114923K->15208K(494976K), [Metaspace: 20722K->20722K(1067008K)], 0.0405355 secs] [Times: user=0.04 sys=0.00, real=0.04 secs] 
07:45:14.083 [Curator-PathChildrenCache-1] WARN  o.a.c.u.ZKPaths  - The version of ZooKeeper being used doesn't support Container nodes. CreateMode.PERSISTENT will be used instead.
2019-06-11T07:45:16.341+0000: 31.750: [GC (Allocation Failure) 2019-06-11T07:45:16.341+0000: 31.750: [DefNew: 119348K->17024K(153600K), 0.0183275 secs] 134556K->33074K(494976K), 0.0183978 secs] [Times: user=0.02 sys=0.00, real=0.02 secs] 
2019-06-11T07:45:17.898+0000: 33.307: [Full GC (Metadata GC Threshold) 2019-06-11T07:45:17.898+0000: 33.307: [Tenured: 16050K->44293K(341376K), 0.0492709 secs] 89709K->44293K(494976K), [Metaspace: 34588K->34588K(1079296K)], 0.0493455 secs] [Times: user=0.04 sys=0.00, real=0.04 secs] 
2019-06-11T07:45:24.765+0000: 40.174: [GC (Allocation Failure) 2019-06-11T07:45:24.765+0000: 40.174: [DefNew: 136576K->97K(153600K), 0.0018319 secs] 180869K->44391K(494976K), 0.0018893 secs] [Times: user=0.00 sys=0.00, real=0.00 secs] 
2019-06-11T07:45:31.627+0000: 47.036: [GC (Allocation Failure) 2019-06-11T07:45:31.627+0000: 47.036: [DefNew: 136673K->96K(153600K), 0.0017617 secs] 180967K->44390K(494976K), 0.0018223 secs] [Times: user=0.00 sys=0.00, real=0.01 secs] 
2019-06-11T07:45:38.471+0000: 53.880: [GC (Allocation Failure) 2019-06-11T07:45:38.471+0000: 53.880: [DefNew: 136672K->95K(153600K), 0.0017346 secs] 180966K->44388K(494976K), 0.0017950 secs] [Times: user=0.01 sys=0.00, real=0.00 secs] 
2019-06-11T07:45:45.424+0000: 60.833: [GC (Allocation Failure) 2019-06-11T07:45:45.424+0000: 60.833: [DefNew: 136671K->97K(153600K), 0.0017961 secs] 180964K->44390K(494976K), 0.0018497 secs] [Times: user=0.01 sys=0.00, real=0.00 secs] 
2019-06-11T07:45:52.936+0000: 68.345: [GC (Allocation Failure) 2019-06-11T07:45:52.936+0000: 68.346: [DefNew: 136673K->419K(153600K), 0.0021751 secs] 180966K->44712K(494976K), 0.0022378 secs] [Times: user=0.01 sys=0.00, real=0.01 secs] 
07:46:09.162 [Curator-PathChildrenCache-0] ERROR o.a.c.f.r.c.PathChildrenCache  - 
java.lang.IllegalStateException: instance must be started before calling this method
	at org.apache.curator.shaded.com.google.common.base.Preconditions.checkState(Preconditions.java:444)
	at org.apache.curator.framework.imps.CuratorFrameworkImpl.getChildren(CuratorFrameworkImpl.java:456)
	at org.apache.curator.framework.recipes.cache.PathChildrenCache.refresh(PathChildrenCache.java:521)
	at org.apache.curator.framework.recipes.cache.RefreshOperation.invoke(RefreshOperation.java:35)
	at org.apache.curator.framework.recipes.cache.PathChildrenCache$9.run(PathChildrenCache.java:786)
	at java.util.concurrent.Executors$RunnableAdapter.call(Executors.java:511)
	at java.util.concurrent.FutureTask.run(FutureTask.java:266)
	at java.util.concurrent.Executors$RunnableAdapter.call(Executors.java:511)
	at java.util.concurrent.FutureTask.run(FutureTask.java:266)
	at java.util.concurrent.ThreadPoolExecutor.runWorker(ThreadPoolExecutor.java:1149)
	at java.util.concurrent.ThreadPoolExecutor$Worker.run(ThreadPoolExecutor.java:624)
	at java.lang.Thread.run(Thread.java:748)
Heap
 def new generation   total 153600K, used 127503K [0x00000000e0c00000, 0x00000000eb2a0000, 0x00000000eb2a0000)
  eden space 136576K,  93% used [0x00000000e0c00000, 0x00000000e881b120, 0x00000000e9160000)
  from space 17024K,   2% used [0x00000000e9160000, 0x00000000e91c8d08, 0x00000000ea200000)
  to   space 17024K,   0% used [0x00000000ea200000, 0x00000000ea200000, 0x00000000eb2a0000)
 tenured generation   total 341376K, used 44293K [0x00000000eb2a0000, 0x0000000100000000, 0x0000000100000000)
   the space 341376K,  12% used [0x00000000eb2a0000, 0x00000000edde1670, 0x00000000edde1800, 0x0000000100000000)
 Metaspace       used 36146K, capacity 37036K, committed 37120K, reserved 1081344K
  class space    used 4881K, capacity 5082K, committed 5120K, reserved 1048576K
