17:56:33,244 |-INFO in ch.qos.logback.classic.LoggerContext[default] - Could NOT find resource [logback-test.xml]
17:56:33,244 |-INFO in ch.qos.logback.classic.LoggerContext[default] - Could NOT find resource [logback.groovy]
17:56:33,244 |-INFO in ch.qos.logback.classic.LoggerContext[default] - Found resource [logback.xml] at [jar:file:/root/flamestream/lib/flamestream-runtime-1.0-SNAPSHOT.jar!/logback.xml]
17:56:33,245 |-WARN in ch.qos.logback.classic.LoggerContext[default] - Resource [logback.xml] occurs multiple times on the classpath.
17:56:33,245 |-WARN in ch.qos.logback.classic.LoggerContext[default] - Resource [logback.xml] occurs at [jar:file:/root/flamestream/lib/flamestream-runtime-1.0-SNAPSHOT.jar!/logback.xml]
17:56:33,245 |-WARN in ch.qos.logback.classic.LoggerContext[default] - Resource [logback.xml] occurs at [jar:file:/root/flamestream/flamestream-runtime-1.0-SNAPSHOT.jar!/logback.xml]
17:56:33,265 |-INFO in ch.qos.logback.core.joran.spi.ConfigurationWatchList@3fb6a447 - URL [jar:file:/root/flamestream/lib/flamestream-runtime-1.0-SNAPSHOT.jar!/logback.xml] is not of type file
17:56:33,331 |-INFO in ch.qos.logback.classic.joran.action.ConfigurationAction - debug attribute not set
17:56:33,332 |-INFO in ch.qos.logback.core.joran.action.AppenderAction - About to instantiate appender of type [ch.qos.logback.core.ConsoleAppender]
17:56:33,348 |-INFO in ch.qos.logback.core.joran.action.AppenderAction - Naming appender as [STDOUT]
17:56:33,368 |-INFO in ch.qos.logback.core.joran.action.NestedComplexPropertyIA - Assuming default type [ch.qos.logback.classic.encoder.PatternLayoutEncoder] for [encoder] property
17:56:33,463 |-INFO in ch.qos.logback.core.joran.action.AppenderAction - About to instantiate appender of type [ch.qos.logback.core.rolling.RollingFileAppender]
17:56:33,467 |-INFO in ch.qos.logback.core.joran.action.AppenderAction - Naming appender as [FILE]
17:56:33,503 |-INFO in c.q.l.core.rolling.TimeBasedRollingPolicy@127618319 - No compression will be used
17:56:33,504 |-INFO in c.q.l.core.rolling.TimeBasedRollingPolicy@127618319 - Will use the pattern /tmp/application_%d{yyyy-MM-dd}.%i.log for the active file
17:56:33,507 |-INFO in ch.qos.logback.core.rolling.SizeAndTimeBasedFNATP@6b2fad11 - The date pattern is 'yyyy-MM-dd' from file name pattern '/tmp/application_%d{yyyy-MM-dd}.%i.log'.
17:56:33,507 |-INFO in ch.qos.logback.core.rolling.SizeAndTimeBasedFNATP@6b2fad11 - Roll-over at midnight.
17:56:33,513 |-INFO in ch.qos.logback.core.rolling.SizeAndTimeBasedFNATP@6b2fad11 - Setting initial period to Mon Jun 10 17:55:16 UTC 2019
17:56:33,513 |-WARN in ch.qos.logback.core.rolling.SizeAndTimeBasedFNATP@6b2fad11 - SizeAndTimeBasedFNATP is deprecated. Use SizeAndTimeBasedRollingPolicy instead
17:56:33,513 |-WARN in ch.qos.logback.core.rolling.SizeAndTimeBasedFNATP@6b2fad11 - For more information see http://logback.qos.ch/manual/appenders.html#SizeAndTimeBasedRollingPolicy
17:56:33,516 |-INFO in ch.qos.logback.core.joran.action.NestedComplexPropertyIA - Assuming default type [ch.qos.logback.classic.encoder.PatternLayoutEncoder] for [encoder] property
17:56:33,521 |-INFO in ch.qos.logback.core.rolling.RollingFileAppender[FILE] - Active log file name: /tmp/application.log
17:56:33,521 |-INFO in ch.qos.logback.core.rolling.RollingFileAppender[FILE] - File property is set to [/tmp/application.log]
17:56:33,522 |-INFO in ch.qos.logback.classic.joran.action.RootLoggerAction - Setting level of ROOT logger to WARN
17:56:33,522 |-INFO in ch.qos.logback.core.joran.action.AppenderRefAction - Attaching appender named [STDOUT] to Logger[ROOT]
17:56:33,524 |-INFO in ch.qos.logback.core.joran.action.AppenderRefAction - Attaching appender named [FILE] to Logger[ROOT]
17:56:33,524 |-INFO in ch.qos.logback.classic.joran.action.ConfigurationAction - End of configuration.
17:56:33,525 |-INFO in ch.qos.logback.classic.joran.JoranConfigurator@79698539 - Registering current configuration as safe fallback point

Ama winner
Ama winner
2019-06-10T17:56:34.808+0000: 1.750: [Full GC (Metadata GC Threshold) 2019-06-10T17:56:34.808+0000: 1.750: [Tenured: 0K->15208K(341376K), 0.0392702 secs] 114986K->15208K(494976K), [Metaspace: 20739K->20739K(1067008K)], 0.0393386 secs] [Times: user=0.03 sys=0.01, real=0.04 secs] 
17:56:57.149 [Curator-PathChildrenCache-1] WARN  o.a.c.u.ZKPaths  - The version of ZooKeeper being used doesn't support Container nodes. CreateMode.PERSISTENT will be used instead.
2019-06-10T17:56:59.291+0000: 26.232: [GC (Allocation Failure) 2019-06-10T17:56:59.291+0000: 26.232: [DefNew: 136576K->17023K(153600K), 0.0253425 secs] 151784K->52705K(494976K), 0.0254250 secs] [Times: user=0.02 sys=0.02, real=0.02 secs] 
2019-06-10T17:57:01.812+0000: 28.754: [Full GC (Metadata GC Threshold) 2019-06-10T17:57:01.812+0000: 28.754: [Tenured: 35681K->44374K(341376K), 0.0443649 secs] 98823K->44374K(494976K), [Metaspace: 34607K->34607K(1079296K)], 0.0444420 secs] [Times: user=0.04 sys=0.00, real=0.04 secs] 
2019-06-10T17:57:09.009+0000: 35.951: [GC (Allocation Failure) 2019-06-10T17:57:09.009+0000: 35.951: [DefNew: 136576K->84K(153600K), 0.0019483 secs] 180950K->44459K(494976K), 0.0020074 secs] [Times: user=0.00 sys=0.00, real=0.00 secs] 
2019-06-10T17:57:16.229+0000: 43.171: [GC (Allocation Failure) 2019-06-10T17:57:16.229+0000: 43.171: [DefNew: 136660K->75K(153600K), 0.0018099 secs] 181035K->44450K(494976K), 0.0018677 secs] [Times: user=0.00 sys=0.00, real=0.00 secs] 
2019-06-10T17:57:23.523+0000: 50.464: [GC (Allocation Failure) 2019-06-10T17:57:23.523+0000: 50.464: [DefNew: 136651K->74K(153600K), 0.0017859 secs] 181026K->44449K(494976K), 0.0018427 secs] [Times: user=0.00 sys=0.00, real=0.00 secs] 
2019-06-10T17:57:30.820+0000: 57.762: [GC (Allocation Failure) 2019-06-10T17:57:30.820+0000: 57.762: [DefNew: 136650K->79K(153600K), 0.0018879 secs] 181025K->44454K(494976K), 0.0019631 secs] [Times: user=0.00 sys=0.00, real=0.00 secs] 
2019-06-10T17:57:38.348+0000: 65.290: [GC (Allocation Failure) 2019-06-10T17:57:38.348+0000: 65.290: [DefNew: 136655K->368K(153600K), 0.0022888 secs] 181030K->44743K(494976K), 0.0023504 secs] [Times: user=0.00 sys=0.00, real=0.00 secs] 
17:57:52.941 [Curator-PathChildrenCache-0] ERROR o.a.c.f.r.c.PathChildrenCache  - 
java.lang.IllegalStateException: instance must be started before calling this method
	at org.apache.curator.shaded.com.google.common.base.Preconditions.checkState(Preconditions.java:444)
	at org.apache.curator.framework.imps.CuratorFrameworkImpl.getChildren(CuratorFrameworkImpl.java:456)
	at org.apache.curator.framework.recipes.cache.PathChildrenCache.refresh(PathChildrenCache.java:521)
	at org.apache.curator.framework.recipes.cache.RefreshOperation.invoke(RefreshOperation.java:35)
	at org.apache.curator.framework.recipes.cache.PathChildrenCache$9.run(PathChildrenCache.java:786)
	at java.util.concurrent.Executors$RunnableAdapter.call(Executors.java:511)
	at java.util.concurrent.FutureTask.run(FutureTask.java:266)
	at java.util.concurrent.Executors$RunnableAdapter.call(Executors.java:511)
	at java.util.concurrent.FutureTask.run(FutureTask.java:266)
	at java.util.concurrent.ThreadPoolExecutor.runWorker(ThreadPoolExecutor.java:1149)
	at java.util.concurrent.ThreadPoolExecutor$Worker.run(ThreadPoolExecutor.java:624)
	at java.lang.Thread.run(Thread.java:748)
Heap
 def new generation   total 153600K, used 103452K [0x00000000e0c00000, 0x00000000eb2a0000, 0x00000000eb2a0000)
  eden space 136576K,  75% used [0x00000000e0c00000, 0x00000000e70aaea0, 0x00000000e9160000)
  from space 17024K,   2% used [0x00000000e9160000, 0x00000000e91bc270, 0x00000000ea200000)
  to   space 17024K,   0% used [0x00000000ea200000, 0x00000000ea200000, 0x00000000eb2a0000)
 tenured generation   total 341376K, used 44374K [0x00000000eb2a0000, 0x0000000100000000, 0x0000000100000000)
   the space 341376K,  12% used [0x00000000eb2a0000, 0x00000000eddf5b90, 0x00000000eddf5c00, 0x0000000100000000)
 Metaspace       used 36223K, capacity 37132K, committed 37376K, reserved 1081344K
  class space    used 4860K, capacity 5076K, committed 5120K, reserved 1048576K
