18:21:26,060 |-INFO in ch.qos.logback.classic.LoggerContext[default] - Could NOT find resource [logback-test.xml]
18:21:26,062 |-INFO in ch.qos.logback.classic.LoggerContext[default] - Could NOT find resource [logback.groovy]
18:21:26,063 |-INFO in ch.qos.logback.classic.LoggerContext[default] - Found resource [logback.xml] at [jar:file:/root/flamestream/lib/flamestream-runtime-1.0-SNAPSHOT.jar!/logback.xml]
18:21:26,063 |-WARN in ch.qos.logback.classic.LoggerContext[default] - Resource [logback.xml] occurs multiple times on the classpath.
18:21:26,063 |-WARN in ch.qos.logback.classic.LoggerContext[default] - Resource [logback.xml] occurs at [jar:file:/root/flamestream/lib/flamestream-runtime-1.0-SNAPSHOT.jar!/logback.xml]
18:21:26,063 |-WARN in ch.qos.logback.classic.LoggerContext[default] - Resource [logback.xml] occurs at [jar:file:/root/flamestream/flamestream-runtime-1.0-SNAPSHOT.jar!/logback.xml]
18:21:26,084 |-INFO in ch.qos.logback.core.joran.spi.ConfigurationWatchList@3fb6a447 - URL [jar:file:/root/flamestream/lib/flamestream-runtime-1.0-SNAPSHOT.jar!/logback.xml] is not of type file
18:21:26,155 |-INFO in ch.qos.logback.classic.joran.action.ConfigurationAction - debug attribute not set
18:21:26,156 |-INFO in ch.qos.logback.core.joran.action.AppenderAction - About to instantiate appender of type [ch.qos.logback.core.ConsoleAppender]
18:21:26,170 |-INFO in ch.qos.logback.core.joran.action.AppenderAction - Naming appender as [STDOUT]
18:21:26,188 |-INFO in ch.qos.logback.core.joran.action.NestedComplexPropertyIA - Assuming default type [ch.qos.logback.classic.encoder.PatternLayoutEncoder] for [encoder] property
18:21:26,275 |-INFO in ch.qos.logback.core.joran.action.AppenderAction - About to instantiate appender of type [ch.qos.logback.core.rolling.RollingFileAppender]
18:21:26,282 |-INFO in ch.qos.logback.core.joran.action.AppenderAction - Naming appender as [FILE]
18:21:26,314 |-INFO in c.q.l.core.rolling.TimeBasedRollingPolicy@127618319 - No compression will be used
18:21:26,315 |-INFO in c.q.l.core.rolling.TimeBasedRollingPolicy@127618319 - Will use the pattern /tmp/application_%d{yyyy-MM-dd}.%i.log for the active file
18:21:26,318 |-INFO in ch.qos.logback.core.rolling.SizeAndTimeBasedFNATP@6b2fad11 - The date pattern is 'yyyy-MM-dd' from file name pattern '/tmp/application_%d{yyyy-MM-dd}.%i.log'.
18:21:26,318 |-INFO in ch.qos.logback.core.rolling.SizeAndTimeBasedFNATP@6b2fad11 - Roll-over at midnight.
18:21:26,324 |-INFO in ch.qos.logback.core.rolling.SizeAndTimeBasedFNATP@6b2fad11 - Setting initial period to Mon Jun 10 18:19:32 UTC 2019
18:21:26,324 |-WARN in ch.qos.logback.core.rolling.SizeAndTimeBasedFNATP@6b2fad11 - SizeAndTimeBasedFNATP is deprecated. Use SizeAndTimeBasedRollingPolicy instead
18:21:26,324 |-WARN in ch.qos.logback.core.rolling.SizeAndTimeBasedFNATP@6b2fad11 - For more information see http://logback.qos.ch/manual/appenders.html#SizeAndTimeBasedRollingPolicy
18:21:26,328 |-INFO in ch.qos.logback.core.joran.action.NestedComplexPropertyIA - Assuming default type [ch.qos.logback.classic.encoder.PatternLayoutEncoder] for [encoder] property
18:21:26,333 |-INFO in ch.qos.logback.core.rolling.RollingFileAppender[FILE] - Active log file name: /tmp/application.log
18:21:26,333 |-INFO in ch.qos.logback.core.rolling.RollingFileAppender[FILE] - File property is set to [/tmp/application.log]
18:21:26,334 |-INFO in ch.qos.logback.classic.joran.action.RootLoggerAction - Setting level of ROOT logger to WARN
18:21:26,334 |-INFO in ch.qos.logback.core.joran.action.AppenderRefAction - Attaching appender named [STDOUT] to Logger[ROOT]
18:21:26,334 |-INFO in ch.qos.logback.core.joran.action.AppenderRefAction - Attaching appender named [FILE] to Logger[ROOT]
18:21:26,334 |-INFO in ch.qos.logback.classic.joran.action.ConfigurationAction - End of configuration.
18:21:26,335 |-INFO in ch.qos.logback.classic.joran.JoranConfigurator@79698539 - Registering current configuration as safe fallback point

Ama winner
Ama winner
2019-06-10T18:21:27.638+0000: 1.758: [Full GC (Metadata GC Threshold) 2019-06-10T18:21:27.638+0000: 1.758: [Tenured: 0K->15143K(341376K), 0.0400823 secs] 114924K->15143K(494976K), [Metaspace: 20731K->20731K(1067008K)], 0.0401500 secs] [Times: user=0.04 sys=0.00, real=0.04 secs] 
18:21:42.010 [Curator-PathChildrenCache-1] WARN  o.a.c.u.ZKPaths  - The version of ZooKeeper being used doesn't support Container nodes. CreateMode.PERSISTENT will be used instead.
2019-06-10T18:21:44.231+0000: 18.351: [GC (Allocation Failure) 2019-06-10T18:21:44.231+0000: 18.351: [DefNew: 136576K->17023K(153600K), 0.0265851 secs] 151719K->52624K(494976K), 0.0266782 secs] [Times: user=0.02 sys=0.01, real=0.03 secs] 
2019-06-10T18:21:50.839+0000: 24.960: [Full GC (Metadata GC Threshold) 2019-06-10T18:21:50.839+0000: 24.960: [Tenured: 35600K->44142K(341376K), 0.0588787 secs] 175997K->44142K(494976K), [Metaspace: 34578K->34578K(1079296K)], 0.0589501 secs] [Times: user=0.05 sys=0.01, real=0.06 secs] 
2019-06-10T18:21:58.216+0000: 32.337: [GC (Allocation Failure) 2019-06-10T18:21:58.216+0000: 32.337: [DefNew: 136576K->53K(153600K), 0.0017636 secs] 180718K->44196K(494976K), 0.0018383 secs] [Times: user=0.00 sys=0.00, real=0.00 secs] 
2019-06-10T18:22:05.531+0000: 39.651: [GC (Allocation Failure) 2019-06-10T18:22:05.531+0000: 39.651: [DefNew: 136629K->51K(153600K), 0.0016724 secs] 180772K->44194K(494976K), 0.0017376 secs] [Times: user=0.00 sys=0.00, real=0.00 secs] 
2019-06-10T18:22:12.951+0000: 47.072: [GC (Allocation Failure) 2019-06-10T18:22:12.951+0000: 47.072: [DefNew: 136627K->49K(153600K), 0.0017152 secs] 180770K->44192K(494976K), 0.0017817 secs] [Times: user=0.00 sys=0.00, real=0.00 secs] 
2019-06-10T18:22:20.372+0000: 54.493: [GC (Allocation Failure) 2019-06-10T18:22:20.372+0000: 54.493: [DefNew: 136625K->53K(153600K), 0.0017565 secs] 180768K->44196K(494976K), 0.0018151 secs] [Times: user=0.00 sys=0.00, real=0.00 secs] 
2019-06-10T18:22:38.523+0000: 72.644: [GC (Allocation Failure) 2019-06-10T18:22:38.523+0000: 72.644: [DefNew: 136629K->381K(153600K), 0.0021896 secs] 180772K->44524K(494976K), 0.0022514 secs] [Times: user=0.00 sys=0.00, real=0.00 secs] 
18:22:43.391 [Curator-PathChildrenCache-0] ERROR o.a.c.f.r.c.PathChildrenCache  - 
java.lang.IllegalStateException: instance must be started before calling this method
	at org.apache.curator.shaded.com.google.common.base.Preconditions.checkState(Preconditions.java:444)
	at org.apache.curator.framework.imps.CuratorFrameworkImpl.getChildren(CuratorFrameworkImpl.java:456)
	at org.apache.curator.framework.recipes.cache.PathChildrenCache.refresh(PathChildrenCache.java:521)
	at org.apache.curator.framework.recipes.cache.RefreshOperation.invoke(RefreshOperation.java:35)
	at org.apache.curator.framework.recipes.cache.PathChildrenCache$9.run(PathChildrenCache.java:786)
	at java.util.concurrent.Executors$RunnableAdapter.call(Executors.java:511)
	at java.util.concurrent.FutureTask.run(FutureTask.java:266)
	at java.util.concurrent.Executors$RunnableAdapter.call(Executors.java:511)
	at java.util.concurrent.FutureTask.run(FutureTask.java:266)
	at java.util.concurrent.ThreadPoolExecutor.runWorker(ThreadPoolExecutor.java:1149)
	at java.util.concurrent.ThreadPoolExecutor$Worker.run(ThreadPoolExecutor.java:624)
	at java.lang.Thread.run(Thread.java:748)
Heap
 def new generation   total 153600K, used 29609K [0x00000000e0c00000, 0x00000000eb2a0000, 0x00000000eb2a0000)
  eden space 136576K,  21% used [0x00000000e0c00000, 0x00000000e288ad88, 0x00000000e9160000)
  from space 17024K,   2% used [0x00000000e9160000, 0x00000000e91bf7a0, 0x00000000ea200000)
  to   space 17024K,   0% used [0x00000000ea200000, 0x00000000ea200000, 0x00000000eb2a0000)
 tenured generation   total 341376K, used 44142K [0x00000000eb2a0000, 0x0000000100000000, 0x0000000100000000)
   the space 341376K,  12% used [0x00000000eb2a0000, 0x00000000eddbbb40, 0x00000000eddbbc00, 0x0000000100000000)
 Metaspace       used 36016K, capacity 36922K, committed 37120K, reserved 1081344K
  class space    used 4861K, capacity 5073K, committed 5120K, reserved 1048576K
