08:34:02,879 |-INFO in ch.qos.logback.classic.LoggerContext[default] - Could NOT find resource [logback-test.xml]
08:34:02,879 |-INFO in ch.qos.logback.classic.LoggerContext[default] - Could NOT find resource [logback.groovy]
08:34:02,879 |-INFO in ch.qos.logback.classic.LoggerContext[default] - Found resource [logback.xml] at [jar:file:/root/flamestream/lib/flamestream-runtime-1.0-SNAPSHOT.jar!/logback.xml]
08:34:02,880 |-WARN in ch.qos.logback.classic.LoggerContext[default] - Resource [logback.xml] occurs multiple times on the classpath.
08:34:02,880 |-WARN in ch.qos.logback.classic.LoggerContext[default] - Resource [logback.xml] occurs at [jar:file:/root/flamestream/lib/flamestream-runtime-1.0-SNAPSHOT.jar!/logback.xml]
08:34:02,880 |-WARN in ch.qos.logback.classic.LoggerContext[default] - Resource [logback.xml] occurs at [jar:file:/root/flamestream/flamestream-runtime-1.0-SNAPSHOT.jar!/logback.xml]
08:34:02,900 |-INFO in ch.qos.logback.core.joran.spi.ConfigurationWatchList@3fb6a447 - URL [jar:file:/root/flamestream/lib/flamestream-runtime-1.0-SNAPSHOT.jar!/logback.xml] is not of type file
08:34:02,973 |-INFO in ch.qos.logback.classic.joran.action.ConfigurationAction - debug attribute not set
08:34:02,973 |-INFO in ch.qos.logback.core.joran.action.AppenderAction - About to instantiate appender of type [ch.qos.logback.core.ConsoleAppender]
08:34:02,991 |-INFO in ch.qos.logback.core.joran.action.AppenderAction - Naming appender as [STDOUT]
08:34:03,005 |-INFO in ch.qos.logback.core.joran.action.NestedComplexPropertyIA - Assuming default type [ch.qos.logback.classic.encoder.PatternLayoutEncoder] for [encoder] property
08:34:03,089 |-INFO in ch.qos.logback.core.joran.action.AppenderAction - About to instantiate appender of type [ch.qos.logback.core.rolling.RollingFileAppender]
08:34:03,094 |-INFO in ch.qos.logback.core.joran.action.AppenderAction - Naming appender as [FILE]
08:34:03,126 |-INFO in c.q.l.core.rolling.TimeBasedRollingPolicy@127618319 - No compression will be used
08:34:03,127 |-INFO in c.q.l.core.rolling.TimeBasedRollingPolicy@127618319 - Will use the pattern /tmp/application_%d{yyyy-MM-dd}.%i.log for the active file
08:34:03,130 |-INFO in ch.qos.logback.core.rolling.SizeAndTimeBasedFNATP@6b2fad11 - The date pattern is 'yyyy-MM-dd' from file name pattern '/tmp/application_%d{yyyy-MM-dd}.%i.log'.
08:34:03,130 |-INFO in ch.qos.logback.core.rolling.SizeAndTimeBasedFNATP@6b2fad11 - Roll-over at midnight.
08:34:03,136 |-INFO in ch.qos.logback.core.rolling.SizeAndTimeBasedFNATP@6b2fad11 - Setting initial period to Tue Jun 11 08:32:45 UTC 2019
08:34:03,136 |-WARN in ch.qos.logback.core.rolling.SizeAndTimeBasedFNATP@6b2fad11 - SizeAndTimeBasedFNATP is deprecated. Use SizeAndTimeBasedRollingPolicy instead
08:34:03,136 |-WARN in ch.qos.logback.core.rolling.SizeAndTimeBasedFNATP@6b2fad11 - For more information see http://logback.qos.ch/manual/appenders.html#SizeAndTimeBasedRollingPolicy
08:34:03,140 |-INFO in ch.qos.logback.core.joran.action.NestedComplexPropertyIA - Assuming default type [ch.qos.logback.classic.encoder.PatternLayoutEncoder] for [encoder] property
08:34:03,145 |-INFO in ch.qos.logback.core.rolling.RollingFileAppender[FILE] - Active log file name: /tmp/application.log
08:34:03,145 |-INFO in ch.qos.logback.core.rolling.RollingFileAppender[FILE] - File property is set to [/tmp/application.log]
08:34:03,145 |-INFO in ch.qos.logback.classic.joran.action.RootLoggerAction - Setting level of ROOT logger to WARN
08:34:03,145 |-INFO in ch.qos.logback.core.joran.action.AppenderRefAction - Attaching appender named [STDOUT] to Logger[ROOT]
08:34:03,147 |-INFO in ch.qos.logback.core.joran.action.AppenderRefAction - Attaching appender named [FILE] to Logger[ROOT]
08:34:03,147 |-INFO in ch.qos.logback.classic.joran.action.ConfigurationAction - End of configuration.
08:34:03,148 |-INFO in ch.qos.logback.classic.joran.JoranConfigurator@79698539 - Registering current configuration as safe fallback point

Ama winner
Ama winner
2019-06-11T08:34:04.422+0000: 1.728: [Full GC (Metadata GC Threshold) 2019-06-11T08:34:04.422+0000: 1.728: [Tenured: 0K->15175K(341376K), 0.0356406 secs] 114923K->15175K(494976K), [Metaspace: 20732K->20732K(1067008K)], 0.0357096 secs] [Times: user=0.03 sys=0.00, real=0.04 secs] 
08:34:16.551 [Curator-PathChildrenCache-1] WARN  o.a.c.u.ZKPaths  - The version of ZooKeeper being used doesn't support Container nodes. CreateMode.PERSISTENT will be used instead.
2019-06-11T08:34:20.371+0000: 17.677: [GC (Allocation Failure) 2019-06-11T08:34:20.371+0000: 17.677: [DefNew: 136576K->17023K(153600K), 0.0252811 secs] 151751K->51801K(494976K), 0.0253471 secs] [Times: user=0.02 sys=0.00, real=0.03 secs] 
2019-06-11T08:34:23.431+0000: 20.737: [GC (Allocation Failure) 2019-06-11T08:34:23.431+0000: 20.737: [DefNew: 153599K->2049K(153600K), 0.0135764 secs] 188377K->44191K(494976K), 0.0136357 secs] [Times: user=0.02 sys=0.00, real=0.01 secs] 
2019-06-11T08:34:25.995+0000: 23.301: [GC (Allocation Failure) 2019-06-11T08:34:25.995+0000: 23.301: [DefNew: 138625K->1453K(153600K), 0.0063245 secs] 180767K->43595K(494976K), 0.0063849 secs] [Times: user=0.01 sys=0.00, real=0.00 secs] 
2019-06-11T08:34:26.376+0000: 23.682: [Full GC (Metadata GC Threshold) 2019-06-11T08:34:26.376+0000: 23.682: [Tenured: 42142K->42768K(341376K), 0.0352990 secs] 67586K->42768K(494976K), [Metaspace: 34592K->34592K(1079296K)], 0.0353714 secs] [Times: user=0.03 sys=0.01, real=0.03 secs] 
2019-06-11T08:34:29.864+0000: 27.170: [GC (Allocation Failure) 2019-06-11T08:34:29.864+0000: 27.170: [DefNew: 136576K->189K(153600K), 0.0057531 secs] 179344K->42957K(494976K), 0.0058110 secs] [Times: user=0.00 sys=0.00, real=0.01 secs] 
2019-06-11T08:34:35.043+0000: 32.349: [GC (Allocation Failure) 2019-06-11T08:34:35.043+0000: 32.349: [DefNew: 136765K->308K(153600K), 0.0022659 secs] 179533K->43077K(494976K), 0.0023332 secs] [Times: user=0.00 sys=0.00, real=0.00 secs] 
2019-06-11T08:34:38.943+0000: 36.249: [GC (Allocation Failure) 2019-06-11T08:34:38.943+0000: 36.249: [DefNew: 136884K->461K(153600K), 0.0023901 secs] 179653K->43229K(494976K), 0.0024449 secs] [Times: user=0.01 sys=0.00, real=0.00 secs] 
2019-06-11T08:34:42.310+0000: 39.616: [GC (Allocation Failure) 2019-06-11T08:34:42.310+0000: 39.616: [DefNew: 137037K->368K(153600K), 0.0022910 secs] 179805K->43136K(494976K), 0.0023514 secs] [Times: user=0.00 sys=0.00, real=0.00 secs] 
2019-06-11T08:34:46.692+0000: 43.998: [GC (Allocation Failure) 2019-06-11T08:34:46.692+0000: 43.998: [DefNew: 136944K->394K(153600K), 0.0023953 secs] 179712K->43163K(494976K), 0.0024562 secs] [Times: user=0.01 sys=0.00, real=0.01 secs] 
2019-06-11T08:34:50.966+0000: 48.272: [GC (Allocation Failure) 2019-06-11T08:34:50.966+0000: 48.272: [DefNew: 136970K->417K(153600K), 0.0023587 secs] 179739K->43186K(494976K), 0.0024352 secs] [Times: user=0.00 sys=0.00, real=0.01 secs] 
2019-06-11T08:34:54.178+0000: 51.484: [GC (Allocation Failure) 2019-06-11T08:34:54.178+0000: 51.484: [DefNew: 136993K->521K(153600K), 0.0024828 secs] 179762K->43290K(494976K), 0.0025430 secs] [Times: user=0.01 sys=0.00, real=0.00 secs] 
2019-06-11T08:34:59.047+0000: 56.353: [GC (Allocation Failure) 2019-06-11T08:34:59.047+0000: 56.353: [DefNew: 137097K->450K(153600K), 0.0025033 secs] 179866K->43218K(494976K), 0.0025641 secs] [Times: user=0.00 sys=0.00, real=0.00 secs] 
2019-06-11T08:35:02.810+0000: 60.116: [GC (Allocation Failure) 2019-06-11T08:35:02.810+0000: 60.116: [DefNew: 137026K->488K(153600K), 0.0023860 secs] 179794K->43256K(494976K), 0.0024676 secs] [Times: user=0.00 sys=0.00, real=0.00 secs] 
2019-06-11T08:35:06.449+0000: 63.756: [GC (Allocation Failure) 2019-06-11T08:35:06.449+0000: 63.756: [DefNew: 137064K->865K(153600K), 0.0029375 secs] 179832K->43633K(494976K), 0.0039401 secs] [Times: user=0.01 sys=0.00, real=0.00 secs] 
2019-06-11T08:35:11.835+0000: 69.141: [GC (Allocation Failure) 2019-06-11T08:35:11.835+0000: 69.141: [DefNew: 137441K->749K(153600K), 0.0030206 secs] 180209K->43518K(494976K), 0.0030836 secs] [Times: user=0.00 sys=0.00, real=0.00 secs] 
2019-06-11T08:35:15.490+0000: 72.796: [GC (Allocation Failure) 2019-06-11T08:35:15.490+0000: 72.796: [DefNew: 137325K->718K(153600K), 0.0026953 secs] 180094K->43487K(494976K), 0.0027550 secs] [Times: user=0.00 sys=0.00, real=0.00 secs] 
2019-06-11T08:35:19.685+0000: 76.992: [GC (Allocation Failure) 2019-06-11T08:35:19.686+0000: 76.992: [DefNew: 137294K->814K(153600K), 0.0028326 secs] 180063K->43582K(494976K), 0.0028900 secs] [Times: user=0.00 sys=0.00, real=0.01 secs] 
2019-06-11T08:35:23.421+0000: 80.727: [GC (Allocation Failure) 2019-06-11T08:35:23.421+0000: 80.727: [DefNew: 137390K->834K(153600K), 0.0027905 secs] 180158K->43602K(494976K), 0.0028513 secs] [Times: user=0.00 sys=0.00, real=0.00 secs] 
2019-06-11T08:35:26.914+0000: 84.220: [GC (Allocation Failure) 2019-06-11T08:35:26.914+0000: 84.220: [DefNew: 137410K->915K(153600K), 0.0027178 secs] 180178K->43683K(494976K), 0.0027747 secs] [Times: user=0.01 sys=0.00, real=0.00 secs] 
2019-06-11T08:35:31.537+0000: 88.843: [GC (Allocation Failure) 2019-06-11T08:35:31.537+0000: 88.843: [DefNew: 137491K->1009K(153600K), 0.0029580 secs] 180259K->43830K(494976K), 0.0030251 secs] [Times: user=0.00 sys=0.00, real=0.00 secs] 
2019-06-11T08:35:35.692+0000: 92.998: [GC (Allocation Failure) 2019-06-11T08:35:35.692+0000: 92.998: [DefNew: 137585K->911K(153600K), 0.0029846 secs] 180406K->43769K(494976K), 0.0030370 secs] [Times: user=0.00 sys=0.00, real=0.01 secs] 
2019-06-11T08:35:39.472+0000: 96.778: [GC (Allocation Failure) 2019-06-11T08:35:39.472+0000: 96.778: [DefNew: 137487K->920K(153600K), 0.0028107 secs] 180345K->43824K(494976K), 0.0029134 secs] [Times: user=0.00 sys=0.00, real=0.01 secs] 
2019-06-11T08:35:43.375+0000: 100.681: [GC (Allocation Failure) 2019-06-11T08:35:43.375+0000: 100.681: [DefNew: 137496K->942K(153600K), 0.0028319 secs] 180400K->43889K(494976K), 0.0028914 secs] [Times: user=0.00 sys=0.00, real=0.00 secs] 
2019-06-11T08:35:48.077+0000: 105.384: [GC (Allocation Failure) 2019-06-11T08:35:48.078+0000: 105.384: [DefNew: 137518K->953K(153600K), 0.0028183 secs] 180465K->43932K(494976K), 0.0028804 secs] [Times: user=0.00 sys=0.00, real=0.00 secs] 
2019-06-11T08:35:52.038+0000: 109.344: [GC (Allocation Failure) 2019-06-11T08:35:52.038+0000: 109.344: [DefNew: 137529K->963K(153600K), 0.0027594 secs] 180508K->43981K(494976K), 0.0028200 secs] [Times: user=0.01 sys=0.00, real=0.00 secs] 
2019-06-11T08:35:56.007+0000: 113.313: [GC (Allocation Failure) 2019-06-11T08:35:56.007+0000: 113.313: [DefNew: 137539K->1212K(153600K), 0.0032041 secs] 180557K->44261K(494976K), 0.0032664 secs] [Times: user=0.01 sys=0.00, real=0.00 secs] 
2019-06-11T08:36:00.405+0000: 117.711: [GC (Allocation Failure) 2019-06-11T08:36:00.405+0000: 117.711: [DefNew: 137788K->1331K(153600K), 0.0031586 secs] 180837K->44418K(494976K), 0.0032188 secs] [Times: user=0.00 sys=0.00, real=0.01 secs] 
2019-06-11T08:36:04.710+0000: 122.017: [GC (Allocation Failure) 2019-06-11T08:36:04.710+0000: 122.017: [DefNew: 137907K->1240K(153600K), 0.0031808 secs] 180994K->44365K(494976K), 0.0032394 secs] [Times: user=0.00 sys=0.01, real=0.00 secs] 
2019-06-11T08:36:08.574+0000: 125.880: [GC (Allocation Failure) 2019-06-11T08:36:08.574+0000: 125.880: [DefNew: 137816K->1195K(153600K), 0.0030220 secs] 180941K->44426K(494976K), 0.0030933 secs] [Times: user=0.00 sys=0.00, real=0.01 secs] 
2019-06-11T08:36:12.594+0000: 129.901: [GC (Allocation Failure) 2019-06-11T08:36:12.595+0000: 129.901: [DefNew: 137771K->1194K(153600K), 0.0028618 secs] 181002K->44477K(494976K), 0.0029329 secs] [Times: user=0.00 sys=0.00, real=0.00 secs] 
2019-06-11T08:36:16.745+0000: 134.051: [GC (Allocation Failure) 2019-06-11T08:36:16.745+0000: 134.051: [DefNew: 137770K->1149K(153600K), 0.0027715 secs] 181053K->44521K(494976K), 0.0028316 secs] [Times: user=0.00 sys=0.00, real=0.01 secs] 
2019-06-11T08:36:21.756+0000: 139.062: [GC (Allocation Failure) 2019-06-11T08:36:21.756+0000: 139.062: [DefNew: 137725K->1126K(153600K), 0.0029077 secs] 181097K->44568K(494976K), 0.0029683 secs] [Times: user=0.01 sys=0.00, real=0.00 secs] 
2019-06-11T08:36:25.328+0000: 142.634: [GC (Allocation Failure) 2019-06-11T08:36:25.328+0000: 142.634: [DefNew: 137702K->1133K(153600K), 0.0028982 secs] 181144K->44629K(494976K), 0.0029676 secs] [Times: user=0.00 sys=0.00, real=0.00 secs] 
2019-06-11T08:36:30.539+0000: 147.845: [GC (Allocation Failure) 2019-06-11T08:36:30.539+0000: 147.845: [DefNew: 137709K->1481K(153600K), 0.0029746 secs] 181205K->45036K(494976K), 0.0030324 secs] [Times: user=0.00 sys=0.00, real=0.00 secs] 
2019-06-11T08:36:34.595+0000: 151.901: [GC (Allocation Failure) 2019-06-11T08:36:34.595+0000: 151.901: [DefNew: 138057K->1093K(153600K), 0.0028796 secs] 181612K->44703K(494976K), 0.0029334 secs] [Times: user=0.01 sys=0.00, real=0.00 secs] 
2019-06-11T08:36:39.373+0000: 156.679: [GC (Allocation Failure) 2019-06-11T08:36:39.373+0000: 156.679: [DefNew: 137669K->1091K(153600K), 0.0027853 secs] 181279K->44751K(494976K), 0.0028461 secs] [Times: user=0.01 sys=0.00, real=0.01 secs] 
2019-06-11T09:08:42.122+0000: 2079.428: [GC (Allocation Failure) 2019-06-11T09:08:42.122+0000: 2079.428: [DefNew: 137667K->1279K(153600K), 0.0030652 secs] 181327K->44997K(494976K), 0.0031294 secs] [Times: user=0.01 sys=0.00, real=0.00 secs] 
09:34:26.379 [Curator-PathChildrenCache-0] ERROR o.a.c.f.r.c.PathChildrenCache  - 
java.lang.IllegalStateException: instance must be started before calling this method
	at org.apache.curator.shaded.com.google.common.base.Preconditions.checkState(Preconditions.java:444)
	at org.apache.curator.framework.imps.CuratorFrameworkImpl.getChildren(CuratorFrameworkImpl.java:456)
	at org.apache.curator.framework.recipes.cache.PathChildrenCache.refresh(PathChildrenCache.java:521)
	at org.apache.curator.framework.recipes.cache.RefreshOperation.invoke(RefreshOperation.java:35)
	at org.apache.curator.framework.recipes.cache.PathChildrenCache$9.run(PathChildrenCache.java:786)
	at java.util.concurrent.Executors$RunnableAdapter.call(Executors.java:511)
	at java.util.concurrent.FutureTask.run(FutureTask.java:266)
	at java.util.concurrent.Executors$RunnableAdapter.call(Executors.java:511)
	at java.util.concurrent.FutureTask.run(FutureTask.java:266)
	at java.util.concurrent.ThreadPoolExecutor.runWorker(ThreadPoolExecutor.java:1149)
	at java.util.concurrent.ThreadPoolExecutor$Worker.run(ThreadPoolExecutor.java:624)
	at java.lang.Thread.run(Thread.java:748)
Heap
 def new generation   total 153600K, used 76899K [0x00000000e0c00000, 0x00000000eb2a0000, 0x00000000eb2a0000)
  eden space 136576K,  55% used [0x00000000e0c00000, 0x00000000e55d8f50, 0x00000000e9160000)
  from space 17024K,   7% used [0x00000000e9160000, 0x00000000e929feb8, 0x00000000ea200000)
  to   space 17024K,   0% used [0x00000000ea200000, 0x00000000ea200000, 0x00000000eb2a0000)
 tenured generation   total 341376K, used 43718K [0x00000000eb2a0000, 0x0000000100000000, 0x0000000100000000)
   the space 341376K,  12% used [0x00000000eb2a0000, 0x00000000edd518e8, 0x00000000edd51a00, 0x0000000100000000)
 Metaspace       used 36338K, capacity 37202K, committed 37376K, reserved 1081344K
  class space    used 4867K, capacity 5067K, committed 5120K, reserved 1048576K
