05:21:58,760 |-INFO in ch.qos.logback.classic.LoggerContext[default] - Could NOT find resource [logback-test.xml]
05:21:58,760 |-INFO in ch.qos.logback.classic.LoggerContext[default] - Could NOT find resource [logback.groovy]
05:21:58,760 |-INFO in ch.qos.logback.classic.LoggerContext[default] - Found resource [logback.xml] at [jar:file:/root/flamestream/lib/flamestream-runtime-1.0-SNAPSHOT.jar!/logback.xml]
05:21:58,761 |-WARN in ch.qos.logback.classic.LoggerContext[default] - Resource [logback.xml] occurs multiple times on the classpath.
05:21:58,761 |-WARN in ch.qos.logback.classic.LoggerContext[default] - Resource [logback.xml] occurs at [jar:file:/root/flamestream/lib/flamestream-runtime-1.0-SNAPSHOT.jar!/logback.xml]
05:21:58,761 |-WARN in ch.qos.logback.classic.LoggerContext[default] - Resource [logback.xml] occurs at [jar:file:/root/flamestream/flamestream-runtime-1.0-SNAPSHOT.jar!/logback.xml]
05:21:58,784 |-INFO in ch.qos.logback.core.joran.spi.ConfigurationWatchList@3fb6a447 - URL [jar:file:/root/flamestream/lib/flamestream-runtime-1.0-SNAPSHOT.jar!/logback.xml] is not of type file
05:21:58,857 |-INFO in ch.qos.logback.classic.joran.action.ConfigurationAction - debug attribute not set
05:21:58,858 |-INFO in ch.qos.logback.core.joran.action.AppenderAction - About to instantiate appender of type [ch.qos.logback.core.ConsoleAppender]
05:21:58,878 |-INFO in ch.qos.logback.core.joran.action.AppenderAction - Naming appender as [STDOUT]
05:21:58,891 |-INFO in ch.qos.logback.core.joran.action.NestedComplexPropertyIA - Assuming default type [ch.qos.logback.classic.encoder.PatternLayoutEncoder] for [encoder] property
05:21:58,979 |-INFO in ch.qos.logback.core.joran.action.AppenderAction - About to instantiate appender of type [ch.qos.logback.core.rolling.RollingFileAppender]
05:21:58,984 |-INFO in ch.qos.logback.core.joran.action.AppenderAction - Naming appender as [FILE]
05:21:59,015 |-INFO in c.q.l.core.rolling.TimeBasedRollingPolicy@127618319 - No compression will be used
05:21:59,016 |-INFO in c.q.l.core.rolling.TimeBasedRollingPolicy@127618319 - Will use the pattern /tmp/application_%d{yyyy-MM-dd}.%i.log for the active file
05:21:59,019 |-INFO in ch.qos.logback.core.rolling.SizeAndTimeBasedFNATP@6b2fad11 - The date pattern is 'yyyy-MM-dd' from file name pattern '/tmp/application_%d{yyyy-MM-dd}.%i.log'.
05:21:59,019 |-INFO in ch.qos.logback.core.rolling.SizeAndTimeBasedFNATP@6b2fad11 - Roll-over at midnight.
05:21:59,024 |-INFO in ch.qos.logback.core.rolling.SizeAndTimeBasedFNATP@6b2fad11 - Setting initial period to Tue Jun 11 05:20:44 UTC 2019
05:21:59,024 |-WARN in ch.qos.logback.core.rolling.SizeAndTimeBasedFNATP@6b2fad11 - SizeAndTimeBasedFNATP is deprecated. Use SizeAndTimeBasedRollingPolicy instead
05:21:59,024 |-WARN in ch.qos.logback.core.rolling.SizeAndTimeBasedFNATP@6b2fad11 - For more information see http://logback.qos.ch/manual/appenders.html#SizeAndTimeBasedRollingPolicy
05:21:59,028 |-INFO in ch.qos.logback.core.joran.action.NestedComplexPropertyIA - Assuming default type [ch.qos.logback.classic.encoder.PatternLayoutEncoder] for [encoder] property
05:21:59,033 |-INFO in ch.qos.logback.core.rolling.RollingFileAppender[FILE] - Active log file name: /tmp/application.log
05:21:59,033 |-INFO in ch.qos.logback.core.rolling.RollingFileAppender[FILE] - File property is set to [/tmp/application.log]
05:21:59,034 |-INFO in ch.qos.logback.classic.joran.action.RootLoggerAction - Setting level of ROOT logger to WARN
05:21:59,034 |-INFO in ch.qos.logback.core.joran.action.AppenderRefAction - Attaching appender named [STDOUT] to Logger[ROOT]
05:21:59,036 |-INFO in ch.qos.logback.core.joran.action.AppenderRefAction - Attaching appender named [FILE] to Logger[ROOT]
05:21:59,036 |-INFO in ch.qos.logback.classic.joran.action.ConfigurationAction - End of configuration.
05:21:59,037 |-INFO in ch.qos.logback.classic.joran.JoranConfigurator@79698539 - Registering current configuration as safe fallback point

Ama winner
Ama winner
2019-06-11T05:22:00.347+0000: 1.766: [Full GC (Metadata GC Threshold) 2019-06-11T05:22:00.347+0000: 1.766: [Tenured: 0K->15175K(341376K), 0.0398282 secs] 112223K->15175K(494976K), [Metaspace: 20730K->20730K(1067008K)], 0.0398998 secs] [Times: user=0.04 sys=0.00, real=0.04 secs] 
05:22:17.568 [Curator-PathChildrenCache-1] WARN  o.a.c.u.ZKPaths  - The version of ZooKeeper being used doesn't support Container nodes. CreateMode.PERSISTENT will be used instead.
2019-06-11T05:22:19.694+0000: 21.113: [GC (Allocation Failure) 2019-06-11T05:22:19.694+0000: 21.113: [DefNew: 119302K->17024K(153600K), 0.0216841 secs] 134478K->32995K(494976K), 0.0217489 secs] [Times: user=0.02 sys=0.01, real=0.02 secs] 
2019-06-11T05:22:21.211+0000: 22.630: [Full GC (Metadata GC Threshold) 2019-06-11T05:22:21.211+0000: 22.630: [Tenured: 15971K->44448K(341376K), 0.0499813 secs] 87033K->44448K(494976K), [Metaspace: 34586K->34586K(1079296K)], 0.0500538 secs] [Times: user=0.04 sys=0.01, real=0.05 secs] 
2019-06-11T05:22:26.107+0000: 27.526: [GC (Allocation Failure) 2019-06-11T05:22:26.107+0000: 27.526: [DefNew: 136576K->98K(153600K), 0.0019761 secs] 181024K->44546K(494976K), 0.0020343 secs] [Times: user=0.00 sys=0.00, real=0.00 secs] 
2019-06-11T05:22:31.131+0000: 32.550: [GC (Allocation Failure) 2019-06-11T05:22:31.131+0000: 32.550: [DefNew: 136674K->127K(153600K), 0.0018267 secs] 181122K->44576K(494976K), 0.0018833 secs] [Times: user=0.00 sys=0.00, real=0.00 secs] 
2019-06-11T05:22:36.115+0000: 37.534: [GC (Allocation Failure) 2019-06-11T05:22:36.115+0000: 37.534: [DefNew: 136703K->129K(153600K), 0.0018300 secs] 181152K->44578K(494976K), 0.0018882 secs] [Times: user=0.00 sys=0.00, real=0.00 secs] 
2019-06-11T05:22:41.129+0000: 42.548: [GC (Allocation Failure) 2019-06-11T05:22:41.129+0000: 42.548: [DefNew: 136705K->163K(153600K), 0.0018874 secs] 181154K->44611K(494976K), 0.0019538 secs] [Times: user=0.00 sys=0.00, real=0.00 secs] 
05:22:50.713 [Curator-PathChildrenCache-0] ERROR o.a.c.f.r.c.PathChildrenCache  - 
java.lang.IllegalStateException: instance must be started before calling this method
	at org.apache.curator.shaded.com.google.common.base.Preconditions.checkState(Preconditions.java:444)
	at org.apache.curator.framework.imps.CuratorFrameworkImpl.getChildren(CuratorFrameworkImpl.java:456)
	at org.apache.curator.framework.recipes.cache.PathChildrenCache.refresh(PathChildrenCache.java:521)
	at org.apache.curator.framework.recipes.cache.RefreshOperation.invoke(RefreshOperation.java:35)
	at org.apache.curator.framework.recipes.cache.PathChildrenCache$9.run(PathChildrenCache.java:786)
	at java.util.concurrent.Executors$RunnableAdapter.call(Executors.java:511)
	at java.util.concurrent.FutureTask.run(FutureTask.java:266)
	at java.util.concurrent.Executors$RunnableAdapter.call(Executors.java:511)
	at java.util.concurrent.FutureTask.run(FutureTask.java:266)
	at java.util.concurrent.ThreadPoolExecutor.runWorker(ThreadPoolExecutor.java:1149)
	at java.util.concurrent.ThreadPoolExecutor$Worker.run(ThreadPoolExecutor.java:624)
	at java.lang.Thread.run(Thread.java:748)
2019-06-11T05:22:50.725+0000: 52.144: [GC (Allocation Failure) 2019-06-11T05:22:50.725+0000: 52.144: [DefNew: 136739K->625K(153600K), 0.0036758 secs] 181187K->45073K(494976K), 0.0037231 secs] [Times: user=0.01 sys=0.00, real=0.01 secs] 
Heap
 def new generation   total 153600K, used 16629K [0x00000000e0c00000, 0x00000000eb2a0000, 0x00000000eb2a0000)
  eden space 136576K,  11% used [0x00000000e0c00000, 0x00000000e1ba12a0, 0x00000000e9160000)
  from space 17024K,   3% used [0x00000000e9160000, 0x00000000e91fc550, 0x00000000ea200000)
  to   space 17024K,   0% used [0x00000000ea200000, 0x00000000ea200000, 0x00000000eb2a0000)
 tenured generation   total 341376K, used 44448K [0x00000000eb2a0000, 0x0000000100000000, 0x0000000100000000)
   the space 341376K,  13% used [0x00000000eb2a0000, 0x00000000ede08158, 0x00000000ede08200, 0x0000000100000000)
 Metaspace       used 35949K, capacity 36850K, committed 37120K, reserved 1081344K
  class space    used 4830K, capacity 5045K, committed 5120K, reserved 1048576K
