19:56:34,931 |-INFO in ch.qos.logback.classic.LoggerContext[default] - Could NOT find resource [logback-test.xml]
19:56:34,931 |-INFO in ch.qos.logback.classic.LoggerContext[default] - Could NOT find resource [logback.groovy]
19:56:34,932 |-INFO in ch.qos.logback.classic.LoggerContext[default] - Found resource [logback.xml] at [jar:file:/root/flamestream/lib/flamestream-runtime-1.0-SNAPSHOT.jar!/logback.xml]
19:56:34,933 |-WARN in ch.qos.logback.classic.LoggerContext[default] - Resource [logback.xml] occurs multiple times on the classpath.
19:56:34,933 |-WARN in ch.qos.logback.classic.LoggerContext[default] - Resource [logback.xml] occurs at [jar:file:/root/flamestream/lib/flamestream-runtime-1.0-SNAPSHOT.jar!/logback.xml]
19:56:34,933 |-WARN in ch.qos.logback.classic.LoggerContext[default] - Resource [logback.xml] occurs at [jar:file:/root/flamestream/flamestream-runtime-1.0-SNAPSHOT.jar!/logback.xml]
19:56:34,953 |-INFO in ch.qos.logback.core.joran.spi.ConfigurationWatchList@3fb6a447 - URL [jar:file:/root/flamestream/lib/flamestream-runtime-1.0-SNAPSHOT.jar!/logback.xml] is not of type file
19:56:35,025 |-INFO in ch.qos.logback.classic.joran.action.ConfigurationAction - debug attribute not set
19:56:35,025 |-INFO in ch.qos.logback.core.joran.action.AppenderAction - About to instantiate appender of type [ch.qos.logback.core.ConsoleAppender]
19:56:35,046 |-INFO in ch.qos.logback.core.joran.action.AppenderAction - Naming appender as [STDOUT]
19:56:35,063 |-INFO in ch.qos.logback.core.joran.action.NestedComplexPropertyIA - Assuming default type [ch.qos.logback.classic.encoder.PatternLayoutEncoder] for [encoder] property
19:56:35,147 |-INFO in ch.qos.logback.core.joran.action.AppenderAction - About to instantiate appender of type [ch.qos.logback.core.rolling.RollingFileAppender]
19:56:35,152 |-INFO in ch.qos.logback.core.joran.action.AppenderAction - Naming appender as [FILE]
19:56:35,185 |-INFO in c.q.l.core.rolling.TimeBasedRollingPolicy@127618319 - No compression will be used
19:56:35,186 |-INFO in c.q.l.core.rolling.TimeBasedRollingPolicy@127618319 - Will use the pattern /tmp/application_%d{yyyy-MM-dd}.%i.log for the active file
19:56:35,189 |-INFO in ch.qos.logback.core.rolling.SizeAndTimeBasedFNATP@6b2fad11 - The date pattern is 'yyyy-MM-dd' from file name pattern '/tmp/application_%d{yyyy-MM-dd}.%i.log'.
19:56:35,189 |-INFO in ch.qos.logback.core.rolling.SizeAndTimeBasedFNATP@6b2fad11 - Roll-over at midnight.
19:56:35,194 |-INFO in ch.qos.logback.core.rolling.SizeAndTimeBasedFNATP@6b2fad11 - Setting initial period to Mon Jun 10 19:55:09 UTC 2019
19:56:35,194 |-WARN in ch.qos.logback.core.rolling.SizeAndTimeBasedFNATP@6b2fad11 - SizeAndTimeBasedFNATP is deprecated. Use SizeAndTimeBasedRollingPolicy instead
19:56:35,194 |-WARN in ch.qos.logback.core.rolling.SizeAndTimeBasedFNATP@6b2fad11 - For more information see http://logback.qos.ch/manual/appenders.html#SizeAndTimeBasedRollingPolicy
19:56:35,198 |-INFO in ch.qos.logback.core.joran.action.NestedComplexPropertyIA - Assuming default type [ch.qos.logback.classic.encoder.PatternLayoutEncoder] for [encoder] property
19:56:35,203 |-INFO in ch.qos.logback.core.rolling.RollingFileAppender[FILE] - Active log file name: /tmp/application.log
19:56:35,203 |-INFO in ch.qos.logback.core.rolling.RollingFileAppender[FILE] - File property is set to [/tmp/application.log]
19:56:35,204 |-INFO in ch.qos.logback.classic.joran.action.RootLoggerAction - Setting level of ROOT logger to WARN
19:56:35,204 |-INFO in ch.qos.logback.core.joran.action.AppenderRefAction - Attaching appender named [STDOUT] to Logger[ROOT]
19:56:35,206 |-INFO in ch.qos.logback.core.joran.action.AppenderRefAction - Attaching appender named [FILE] to Logger[ROOT]
19:56:35,206 |-INFO in ch.qos.logback.classic.joran.action.ConfigurationAction - End of configuration.
19:56:35,207 |-INFO in ch.qos.logback.classic.joran.JoranConfigurator@79698539 - Registering current configuration as safe fallback point

Ama winner
Ama winner
2019-06-10T19:56:36.506+0000: 1.760: [Full GC (Metadata GC Threshold) 2019-06-10T19:56:36.506+0000: 1.760: [Tenured: 0K->15207K(341376K), 0.0407539 secs] 114924K->15207K(494976K), [Metaspace: 20725K->20725K(1067008K)], 0.0408222 secs] [Times: user=0.04 sys=0.01, real=0.04 secs] 
19:56:54.789 [Curator-PathChildrenCache-2] WARN  o.a.c.u.ZKPaths  - The version of ZooKeeper being used doesn't support Container nodes. CreateMode.PERSISTENT will be used instead.
2019-06-10T19:56:57.212+0000: 22.467: [GC (Allocation Failure) 2019-06-10T19:56:57.212+0000: 22.467: [DefNew: 117243K->17023K(153600K), 0.0250473 secs] 132451K->33143K(494976K), 0.0251122 secs] [Times: user=0.02 sys=0.00, real=0.03 secs] 
2019-06-10T19:56:57.676+0000: 22.931: [Full GC (Metadata GC Threshold) 2019-06-10T19:56:57.676+0000: 22.931: [Tenured: 16119K->44308K(341376K), 0.0474595 secs] 68837K->44308K(494976K), [Metaspace: 34611K->34611K(1079296K)], 0.0475336 secs] [Times: user=0.03 sys=0.02, real=0.05 secs] 
2019-06-10T19:57:03.395+0000: 28.649: [GC (Allocation Failure) 2019-06-10T19:57:03.395+0000: 28.649: [DefNew: 136576K->181K(153600K), 0.0022028 secs] 180884K->44489K(494976K), 0.0022620 secs] [Times: user=0.00 sys=0.00, real=0.01 secs] 
2019-06-10T19:57:09.136+0000: 34.391: [GC (Allocation Failure) 2019-06-10T19:57:09.136+0000: 34.391: [DefNew: 136757K->199K(153600K), 0.0020552 secs] 181065K->44507K(494976K), 0.0021116 secs] [Times: user=0.01 sys=0.00, real=0.01 secs] 
2019-06-10T19:57:14.801+0000: 40.055: [GC (Allocation Failure) 2019-06-10T19:57:14.801+0000: 40.055: [DefNew: 136775K->238K(153600K), 0.0020125 secs] 181083K->44546K(494976K), 0.0020704 secs] [Times: user=0.00 sys=0.00, real=0.00 secs] 
2019-06-10T19:57:20.531+0000: 45.785: [GC (Allocation Failure) 2019-06-10T19:57:20.531+0000: 45.785: [DefNew: 136814K->233K(153600K), 0.0020348 secs] 181122K->44541K(494976K), 0.0020947 secs] [Times: user=0.00 sys=0.00, real=0.00 secs] 
2019-06-10T19:57:26.259+0000: 51.513: [GC (Allocation Failure) 2019-06-10T19:57:26.259+0000: 51.513: [DefNew: 136809K->234K(153600K), 0.0020428 secs] 181117K->44542K(494976K), 0.0021031 secs] [Times: user=0.00 sys=0.00, real=0.00 secs] 
2019-06-10T19:57:32.018+0000: 57.273: [GC (Allocation Failure) 2019-06-10T19:57:32.018+0000: 57.273: [DefNew: 136810K->240K(153600K), 0.0021467 secs] 181118K->44549K(494976K), 0.0022173 secs] [Times: user=0.01 sys=0.00, real=0.00 secs] 
2019-06-10T19:57:37.852+0000: 63.106: [GC (Allocation Failure) 2019-06-10T19:57:37.852+0000: 63.106: [DefNew: 136816K->543K(153600K), 0.0024939 secs] 181125K->44851K(494976K), 0.0025543 secs] [Times: user=0.00 sys=0.00, real=0.00 secs] 
2019-06-10T19:57:44.133+0000: 69.387: [GC (Allocation Failure) 2019-06-10T19:57:44.133+0000: 69.387: [DefNew: 137119K->340K(153600K), 0.0024205 secs] 181427K->44649K(494976K), 0.0024836 secs] [Times: user=0.01 sys=0.00, real=0.00 secs] 
2019-06-10T19:57:50.634+0000: 75.888: [GC (Allocation Failure) 2019-06-10T19:57:50.634+0000: 75.888: [DefNew: 136916K->351K(153600K), 0.0024472 secs] 181225K->44659K(494976K), 0.0025080 secs] [Times: user=0.00 sys=0.00, real=0.00 secs] 
2019-06-10T19:57:57.119+0000: 82.373: [GC (Allocation Failure) 2019-06-10T19:57:57.119+0000: 82.374: [DefNew: 136927K->342K(153600K), 0.0023638 secs] 181235K->44651K(494976K), 0.0024234 secs] [Times: user=0.00 sys=0.00, real=0.00 secs] 
19:58:11.507 [Curator-PathChildrenCache-0] ERROR o.a.c.f.r.c.PathChildrenCache  - 
java.lang.IllegalStateException: instance must be started before calling this method
	at org.apache.curator.shaded.com.google.common.base.Preconditions.checkState(Preconditions.java:444)
	at org.apache.curator.framework.imps.CuratorFrameworkImpl.getChildren(CuratorFrameworkImpl.java:456)
	at org.apache.curator.framework.recipes.cache.PathChildrenCache.refresh(PathChildrenCache.java:521)
	at org.apache.curator.framework.recipes.cache.RefreshOperation.invoke(RefreshOperation.java:35)
	at org.apache.curator.framework.recipes.cache.PathChildrenCache$9.run(PathChildrenCache.java:786)
	at java.util.concurrent.Executors$RunnableAdapter.call(Executors.java:511)
	at java.util.concurrent.FutureTask.run(FutureTask.java:266)
	at java.util.concurrent.Executors$RunnableAdapter.call(Executors.java:511)
	at java.util.concurrent.FutureTask.run(FutureTask.java:266)
	at java.util.concurrent.ThreadPoolExecutor.runWorker(ThreadPoolExecutor.java:1149)
	at java.util.concurrent.ThreadPoolExecutor$Worker.run(ThreadPoolExecutor.java:624)
	at java.lang.Thread.run(Thread.java:748)
Heap
 def new generation   total 153600K, used 82532K [0x00000000e0c00000, 0x00000000eb2a0000, 0x00000000eb2a0000)
  eden space 136576K,  60% used [0x00000000e0c00000, 0x00000000e5c43618, 0x00000000e9160000)
  from space 17024K,   2% used [0x00000000ea200000, 0x00000000ea255b48, 0x00000000eb2a0000)
  to   space 17024K,   0% used [0x00000000e9160000, 0x00000000e9160000, 0x00000000ea200000)
 tenured generation   total 341376K, used 44308K [0x00000000eb2a0000, 0x0000000100000000, 0x0000000100000000)
   the space 341376K,  12% used [0x00000000eb2a0000, 0x00000000edde51b0, 0x00000000edde5200, 0x0000000100000000)
 Metaspace       used 36441K, capacity 37422K, committed 37760K, reserved 1081344K
  class space    used 4915K, capacity 5131K, committed 5248K, reserved 1048576K
