06:56:17,095 |-INFO in ch.qos.logback.classic.LoggerContext[default] - Could NOT find resource [logback-test.xml]
06:56:17,095 |-INFO in ch.qos.logback.classic.LoggerContext[default] - Could NOT find resource [logback.groovy]
06:56:17,096 |-INFO in ch.qos.logback.classic.LoggerContext[default] - Found resource [logback.xml] at [jar:file:/home/nikitasokolov/flamestream/lib/flamestream-runtime-1.0-SNAPSHOT.jar!/logback.xml]
06:56:17,096 |-WARN in ch.qos.logback.classic.LoggerContext[default] - Resource [logback.xml] occurs multiple times on the classpath.
06:56:17,096 |-WARN in ch.qos.logback.classic.LoggerContext[default] - Resource [logback.xml] occurs at [jar:file:/home/nikitasokolov/flamestream/lib/flamestream-runtime-1.0-SNAPSHOT.jar!/logback.xml]
06:56:17,096 |-WARN in ch.qos.logback.classic.LoggerContext[default] - Resource [logback.xml] occurs at [jar:file:/home/nikitasokolov/flamestream/flamestream-runtime-1.0-SNAPSHOT.jar!/logback.xml]
06:56:17,113 |-INFO in ch.qos.logback.core.joran.spi.ConfigurationWatchList@6108b2d7 - URL [jar:file:/home/nikitasokolov/flamestream/lib/flamestream-runtime-1.0-SNAPSHOT.jar!/logback.xml] is not of type file
06:56:17,164 |-INFO in ch.qos.logback.classic.joran.action.ConfigurationAction - debug attribute not set
06:56:17,165 |-INFO in ch.qos.logback.core.joran.action.AppenderAction - About to instantiate appender of type [ch.qos.logback.core.ConsoleAppender]
06:56:17,176 |-INFO in ch.qos.logback.core.joran.action.AppenderAction - Naming appender as [STDOUT]
06:56:17,185 |-INFO in ch.qos.logback.core.joran.action.NestedComplexPropertyIA - Assuming default type [ch.qos.logback.classic.encoder.PatternLayoutEncoder] for [encoder] property
06:56:17,239 |-INFO in ch.qos.logback.core.joran.action.AppenderAction - About to instantiate appender of type [ch.qos.logback.core.rolling.RollingFileAppender]
06:56:17,245 |-INFO in ch.qos.logback.core.joran.action.AppenderAction - Naming appender as [FILE]
06:56:17,267 |-INFO in c.q.l.core.rolling.TimeBasedRollingPolicy@357863579 - No compression will be used
06:56:17,269 |-INFO in c.q.l.core.rolling.TimeBasedRollingPolicy@357863579 - Will use the pattern /tmp/application_%d{yyyy-MM-dd}.%i.log for the active file
06:56:17,271 |-INFO in ch.qos.logback.core.rolling.SizeAndTimeBasedFNATP@6bf256fa - The date pattern is 'yyyy-MM-dd' from file name pattern '/tmp/application_%d{yyyy-MM-dd}.%i.log'.
06:56:17,271 |-INFO in ch.qos.logback.core.rolling.SizeAndTimeBasedFNATP@6bf256fa - Roll-over at midnight.
06:56:17,276 |-INFO in ch.qos.logback.core.rolling.SizeAndTimeBasedFNATP@6bf256fa - Setting initial period to Sun Jun 09 06:55:30 MSK 2019
06:56:17,276 |-WARN in ch.qos.logback.core.rolling.SizeAndTimeBasedFNATP@6bf256fa - SizeAndTimeBasedFNATP is deprecated. Use SizeAndTimeBasedRollingPolicy instead
06:56:17,276 |-WARN in ch.qos.logback.core.rolling.SizeAndTimeBasedFNATP@6bf256fa - For more information see http://logback.qos.ch/manual/appenders.html#SizeAndTimeBasedRollingPolicy
06:56:17,281 |-INFO in ch.qos.logback.core.joran.action.NestedComplexPropertyIA - Assuming default type [ch.qos.logback.classic.encoder.PatternLayoutEncoder] for [encoder] property
06:56:17,285 |-INFO in ch.qos.logback.core.rolling.RollingFileAppender[FILE] - Active log file name: /tmp/application.log
06:56:17,285 |-INFO in ch.qos.logback.core.rolling.RollingFileAppender[FILE] - File property is set to [/tmp/application.log]
06:56:17,286 |-INFO in ch.qos.logback.classic.joran.action.RootLoggerAction - Setting level of ROOT logger to WARN
06:56:17,286 |-INFO in ch.qos.logback.core.joran.action.AppenderRefAction - Attaching appender named [STDOUT] to Logger[ROOT]
06:56:17,287 |-INFO in ch.qos.logback.core.joran.action.AppenderRefAction - Attaching appender named [FILE] to Logger[ROOT]
06:56:17,287 |-INFO in ch.qos.logback.classic.joran.action.ConfigurationAction - End of configuration.
06:56:17,288 |-INFO in ch.qos.logback.classic.joran.JoranConfigurator@6cd8737 - Registering current configuration as safe fallback point

2019-06-09T06:56:18.275+0300: 1.402: [GC (Metadata GC Threshold) [PSYoungGen: 108152K->15863K(149504K)] 108152K->15943K(491008K), 0.0225646 secs] [Times: user=0.09 sys=0.05, real=0.03 secs] 
2019-06-09T06:56:18.298+0300: 1.424: [Full GC (Metadata GC Threshold) [PSYoungGen: 15863K->0K(149504K)] [ParOldGen: 80K->15086K(341504K)] 15943K->15086K(491008K), [Metaspace: 20805K->20805K(1067008K)], 0.0260723 secs] [Times: user=0.15 sys=0.02, real=0.02 secs] 
06:56:25.891 [Curator-PathChildrenCache-1] WARN  o.a.c.u.ZKPaths  - The version of ZooKeeper being used doesn't support Container nodes. CreateMode.PERSISTENT will be used instead.
2019-06-09T06:56:26.815+0300: 9.941: [GC (Metadata GC Threshold) [PSYoungGen: 128292K->15746K(149504K)] 143379K->50371K(491008K), 0.0335386 secs] [Times: user=0.29 sys=0.02, real=0.03 secs] 
2019-06-09T06:56:26.849+0300: 9.975: [Full GC (Metadata GC Threshold) [PSYoungGen: 15746K->0K(149504K)] [ParOldGen: 34625K->38918K(341504K)] 50371K->38918K(491008K), [Metaspace: 34568K->34568K(1079296K)], 0.0400490 secs] [Times: user=0.20 sys=0.00, real=0.04 secs] 
2019-06-09T06:56:29.542+0300: 12.668: [GC (Allocation Failure) [PSYoungGen: 128512K->512K(149504K)] 167430K->39438K(491008K), 0.0029881 secs] [Times: user=0.02 sys=0.00, real=0.00 secs] 
2019-06-09T06:56:32.566+0300: 15.692: [GC (Allocation Failure) [PSYoungGen: 129024K->544K(149504K)] 167950K->39478K(491008K), 0.0033642 secs] [Times: user=0.01 sys=0.01, real=0.00 secs] 
2019-06-09T06:56:35.711+0300: 18.838: [GC (Allocation Failure) [PSYoungGen: 129056K->544K(129536K)] 167990K->39486K(471040K), 0.0081338 secs] [Times: user=0.07 sys=0.00, real=0.01 secs] 
2019-06-09T06:56:38.853+0300: 21.979: [GC (Allocation Failure) [PSYoungGen: 129056K->512K(150016K)] 167998K->39454K(491520K), 0.0032376 secs] [Times: user=0.00 sys=0.01, real=0.00 secs] 
2019-06-09T06:56:41.991+0300: 25.117: [GC (Allocation Failure) [PSYoungGen: 129024K->512K(148992K)] 167966K->39462K(490496K), 0.0036824 secs] [Times: user=0.03 sys=0.00, real=0.00 secs] 
2019-06-09T06:56:45.166+0300: 28.293: [GC (Allocation Failure) [PSYoungGen: 129024K->480K(151552K)] 167974K->39438K(493056K), 0.0038297 secs] [Times: user=0.01 sys=0.00, real=0.01 secs] 
2019-06-09T06:56:48.401+0300: 31.527: [GC (Allocation Failure) [PSYoungGen: 132576K->480K(151040K)] 171534K->39446K(492544K), 0.0035776 secs] [Times: user=0.01 sys=0.01, real=0.00 secs] 
2019-06-09T06:56:51.673+0300: 34.800: [GC (Allocation Failure) [PSYoungGen: 132576K->512K(153088K)] 171542K->39486K(494592K), 0.0024108 secs] [Times: user=0.02 sys=0.00, real=0.00 secs] 
2019-06-09T06:56:54.988+0300: 38.114: [GC (Allocation Failure) [PSYoungGen: 135680K->512K(152576K)] 174654K->39486K(494080K), 0.0043820 secs] [Times: user=0.03 sys=0.00, real=0.01 secs] 
2019-06-09T06:56:58.312+0300: 41.438: [GC (Allocation Failure) [PSYoungGen: 135680K->448K(155136K)] 174654K->39422K(496640K), 0.0051964 secs] [Times: user=0.03 sys=0.00, real=0.00 secs] 
2019-06-09T06:57:01.730+0300: 44.856: [GC (Allocation Failure) [PSYoungGen: 139200K->480K(154112K)] 178174K->39462K(495616K), 0.0036535 secs] [Times: user=0.02 sys=0.00, real=0.00 secs] 
2019-06-09T06:57:05.128+0300: 48.254: [GC (Allocation Failure) [PSYoungGen: 139232K->480K(156672K)] 178214K->39470K(498176K), 0.0025801 secs] [Times: user=0.01 sys=0.00, real=0.01 secs] 
2019-06-09T06:57:08.621+0300: 51.747: [GC (Allocation Failure) [PSYoungGen: 142304K->512K(155648K)] 181294K->39510K(497152K), 0.0027303 secs] [Times: user=0.01 sys=0.00, real=0.00 secs] 
06:57:19.605 [Curator-PathChildrenCache-0] ERROR o.a.c.f.r.c.PathChildrenCache  - 
java.lang.IllegalStateException: instance must be started before calling this method
	at org.apache.curator.shaded.com.google.common.base.Preconditions.checkState(Preconditions.java:444)
	at org.apache.curator.framework.imps.CuratorFrameworkImpl.getChildren(CuratorFrameworkImpl.java:456)
	at org.apache.curator.framework.recipes.cache.PathChildrenCache.refresh(PathChildrenCache.java:521)
	at org.apache.curator.framework.recipes.cache.RefreshOperation.invoke(RefreshOperation.java:35)
	at org.apache.curator.framework.recipes.cache.PathChildrenCache$9.run(PathChildrenCache.java:786)
	at java.util.concurrent.Executors$RunnableAdapter.call(Executors.java:511)
	at java.util.concurrent.FutureTask.run(FutureTask.java:266)
	at java.util.concurrent.Executors$RunnableAdapter.call(Executors.java:511)
	at java.util.concurrent.FutureTask.run(FutureTask.java:266)
	at java.util.concurrent.ThreadPoolExecutor.runWorker(ThreadPoolExecutor.java:1149)
	at java.util.concurrent.ThreadPoolExecutor$Worker.run(ThreadPoolExecutor.java:624)
	at java.lang.Thread.run(Thread.java:748)
Heap
 PSYoungGen      total 155648K, used 111718K [0x00000000f5980000, 0x0000000100000000, 0x0000000100000000)
  eden space 141824K, 78% used [0x00000000f5980000,0x00000000fc619838,0x00000000fe400000)
  from space 13824K, 3% used [0x00000000fe400000,0x00000000fe480010,0x00000000ff180000)
  to   space 13312K, 0% used [0x00000000ff300000,0x00000000ff300000,0x0000000100000000)
 ParOldGen       total 341504K, used 38998K [0x00000000e0c00000, 0x00000000f5980000, 0x00000000f5980000)
  object space 341504K, 11% used [0x00000000e0c00000,0x00000000e32159d8,0x00000000f5980000)
 Metaspace       used 36096K, capacity 36894K, committed 37208K, reserved 1081344K
  class space    used 4980K, capacity 5161K, committed 5248K, reserved 1048576K
