17:17:51,048 |-INFO in ch.qos.logback.classic.LoggerContext[default] - Could NOT find resource [logback-test.xml]
17:17:51,048 |-INFO in ch.qos.logback.classic.LoggerContext[default] - Could NOT find resource [logback.groovy]
17:17:51,048 |-INFO in ch.qos.logback.classic.LoggerContext[default] - Found resource [logback.xml] at [jar:file:/root/flamestream/lib/flamestream-runtime-1.0-SNAPSHOT.jar!/logback.xml]
17:17:51,049 |-WARN in ch.qos.logback.classic.LoggerContext[default] - Resource [logback.xml] occurs multiple times on the classpath.
17:17:51,049 |-WARN in ch.qos.logback.classic.LoggerContext[default] - Resource [logback.xml] occurs at [jar:file:/root/flamestream/lib/flamestream-runtime-1.0-SNAPSHOT.jar!/logback.xml]
17:17:51,049 |-WARN in ch.qos.logback.classic.LoggerContext[default] - Resource [logback.xml] occurs at [jar:file:/root/flamestream/flamestream-runtime-1.0-SNAPSHOT.jar!/logback.xml]
17:17:51,070 |-INFO in ch.qos.logback.core.joran.spi.ConfigurationWatchList@3fb6a447 - URL [jar:file:/root/flamestream/lib/flamestream-runtime-1.0-SNAPSHOT.jar!/logback.xml] is not of type file
17:17:51,136 |-INFO in ch.qos.logback.classic.joran.action.ConfigurationAction - debug attribute not set
17:17:51,136 |-INFO in ch.qos.logback.core.joran.action.AppenderAction - About to instantiate appender of type [ch.qos.logback.core.ConsoleAppender]
17:17:51,152 |-INFO in ch.qos.logback.core.joran.action.AppenderAction - Naming appender as [STDOUT]
17:17:51,170 |-INFO in ch.qos.logback.core.joran.action.NestedComplexPropertyIA - Assuming default type [ch.qos.logback.classic.encoder.PatternLayoutEncoder] for [encoder] property
17:17:51,258 |-INFO in ch.qos.logback.core.joran.action.AppenderAction - About to instantiate appender of type [ch.qos.logback.core.rolling.RollingFileAppender]
17:17:51,263 |-INFO in ch.qos.logback.core.joran.action.AppenderAction - Naming appender as [FILE]
17:17:51,294 |-INFO in c.q.l.core.rolling.TimeBasedRollingPolicy@127618319 - No compression will be used
17:17:51,295 |-INFO in c.q.l.core.rolling.TimeBasedRollingPolicy@127618319 - Will use the pattern /tmp/application_%d{yyyy-MM-dd}.%i.log for the active file
17:17:51,298 |-INFO in ch.qos.logback.core.rolling.SizeAndTimeBasedFNATP@6b2fad11 - The date pattern is 'yyyy-MM-dd' from file name pattern '/tmp/application_%d{yyyy-MM-dd}.%i.log'.
17:17:51,298 |-INFO in ch.qos.logback.core.rolling.SizeAndTimeBasedFNATP@6b2fad11 - Roll-over at midnight.
17:17:51,303 |-INFO in ch.qos.logback.core.rolling.SizeAndTimeBasedFNATP@6b2fad11 - Setting initial period to Mon Jun 10 17:16:16 UTC 2019
17:17:51,303 |-WARN in ch.qos.logback.core.rolling.SizeAndTimeBasedFNATP@6b2fad11 - SizeAndTimeBasedFNATP is deprecated. Use SizeAndTimeBasedRollingPolicy instead
17:17:51,303 |-WARN in ch.qos.logback.core.rolling.SizeAndTimeBasedFNATP@6b2fad11 - For more information see http://logback.qos.ch/manual/appenders.html#SizeAndTimeBasedRollingPolicy
17:17:51,307 |-INFO in ch.qos.logback.core.joran.action.NestedComplexPropertyIA - Assuming default type [ch.qos.logback.classic.encoder.PatternLayoutEncoder] for [encoder] property
17:17:51,312 |-INFO in ch.qos.logback.core.rolling.RollingFileAppender[FILE] - Active log file name: /tmp/application.log
17:17:51,312 |-INFO in ch.qos.logback.core.rolling.RollingFileAppender[FILE] - File property is set to [/tmp/application.log]
17:17:51,313 |-INFO in ch.qos.logback.classic.joran.action.RootLoggerAction - Setting level of ROOT logger to WARN
17:17:51,313 |-INFO in ch.qos.logback.core.joran.action.AppenderRefAction - Attaching appender named [STDOUT] to Logger[ROOT]
17:17:51,315 |-INFO in ch.qos.logback.core.joran.action.AppenderRefAction - Attaching appender named [FILE] to Logger[ROOT]
17:17:51,315 |-INFO in ch.qos.logback.classic.joran.action.ConfigurationAction - End of configuration.
17:17:51,316 |-INFO in ch.qos.logback.classic.joran.JoranConfigurator@79698539 - Registering current configuration as safe fallback point

Ama winner
Ama winner
2019-06-10T17:17:52.653+0000: 1.794: [Full GC (Metadata GC Threshold) 2019-06-10T17:17:52.653+0000: 1.794: [Tenured: 0K->15176K(341376K), 0.0396402 secs] 114923K->15176K(494976K), [Metaspace: 20730K->20730K(1067008K)], 0.0397179 secs] [Times: user=0.04 sys=0.01, real=0.04 secs] 
17:18:11.618 [Curator-PathChildrenCache-2] WARN  o.a.c.u.ZKPaths  - The version of ZooKeeper being used doesn't support Container nodes. CreateMode.PERSISTENT will be used instead.
2019-06-10T17:18:13.912+0000: 23.052: [GC (Allocation Failure) 2019-06-10T17:18:13.912+0000: 23.052: [DefNew: 136576K->17024K(153600K), 0.0258555 secs] 151752K->52768K(494976K), 0.0259205 secs] [Times: user=0.02 sys=0.00, real=0.03 secs] 
2019-06-10T17:18:14.434+0000: 23.575: [Full GC (Metadata GC Threshold) 2019-06-10T17:18:14.434+0000: 23.575: [Tenured: 35744K->44242K(341376K), 0.0675975 secs] 70666K->44242K(494976K), [Metaspace: 34615K->34615K(1079296K)], 0.0676695 secs] [Times: user=0.06 sys=0.01, real=0.07 secs] 
2019-06-10T17:18:16.841+0000: 25.982: [GC (Allocation Failure) 2019-06-10T17:18:16.841+0000: 25.982: [DefNew: 136576K->180K(153600K), 0.0021775 secs] 180818K->44422K(494976K), 0.0022332 secs] [Times: user=0.00 sys=0.00, real=0.00 secs] 
2019-06-10T17:18:19.044+0000: 28.184: [GC (Allocation Failure) 2019-06-10T17:18:19.044+0000: 28.184: [DefNew: 136756K->210K(153600K), 0.0020317 secs] 180998K->44453K(494976K), 0.0020858 secs] [Times: user=0.00 sys=0.00, real=0.01 secs] 
2019-06-10T17:18:21.282+0000: 30.423: [GC (Allocation Failure) 2019-06-10T17:18:21.282+0000: 30.423: [DefNew: 136786K->228K(153600K), 0.0020431 secs] 181029K->44470K(494976K), 0.0020962 secs] [Times: user=0.00 sys=0.00, real=0.00 secs] 
2019-06-10T17:18:23.529+0000: 32.671: [GC (Allocation Failure) 2019-06-10T17:18:23.530+0000: 32.671: [DefNew: 136804K->229K(153600K), 0.0020663 secs] 181046K->44471K(494976K), 0.0033830 secs] [Times: user=0.00 sys=0.00, real=0.00 secs] 
2019-06-10T17:18:25.787+0000: 34.928: [GC (Allocation Failure) 2019-06-10T17:18:25.787+0000: 34.928: [DefNew: 136805K->233K(153600K), 0.0020837 secs] 181047K->44476K(494976K), 0.0021403 secs] [Times: user=0.00 sys=0.00, real=0.00 secs] 
17:18:36.606 [Curator-PathChildrenCache-0] ERROR o.a.c.f.r.c.PathChildrenCache  - 
java.lang.IllegalStateException: instance must be started before calling this method
	at org.apache.curator.shaded.com.google.common.base.Preconditions.checkState(Preconditions.java:444)
	at org.apache.curator.framework.imps.CuratorFrameworkImpl.getChildren(CuratorFrameworkImpl.java:456)
	at org.apache.curator.framework.recipes.cache.PathChildrenCache.refresh(PathChildrenCache.java:521)
	at org.apache.curator.framework.recipes.cache.RefreshOperation.invoke(RefreshOperation.java:35)
	at org.apache.curator.framework.recipes.cache.PathChildrenCache$9.run(PathChildrenCache.java:786)
	at java.util.concurrent.Executors$RunnableAdapter.call(Executors.java:511)
	at java.util.concurrent.FutureTask.run(FutureTask.java:266)
	at java.util.concurrent.Executors$RunnableAdapter.call(Executors.java:511)
	at java.util.concurrent.FutureTask.run(FutureTask.java:266)
	at java.util.concurrent.ThreadPoolExecutor.runWorker(ThreadPoolExecutor.java:1149)
	at java.util.concurrent.ThreadPoolExecutor$Worker.run(ThreadPoolExecutor.java:624)
	at java.lang.Thread.run(Thread.java:748)
Heap
 def new generation   total 153600K, used 133007K [0x00000000e0c00000, 0x00000000eb2a0000, 0x00000000eb2a0000)
  eden space 136576K,  97% used [0x00000000e0c00000, 0x00000000e8da96a8, 0x00000000e9160000)
  from space 17024K,   1% used [0x00000000e9160000, 0x00000000e919a748, 0x00000000ea200000)
  to   space 17024K,   0% used [0x00000000ea200000, 0x00000000ea200000, 0x00000000eb2a0000)
 tenured generation   total 341376K, used 44242K [0x00000000eb2a0000, 0x0000000100000000, 0x0000000100000000)
   the space 341376K,  12% used [0x00000000eb2a0000, 0x00000000eddd49e8, 0x00000000eddd4a00, 0x0000000100000000)
 Metaspace       used 36140K, capacity 37140K, committed 37376K, reserved 1081344K
  class space    used 4859K, capacity 5062K, committed 5120K, reserved 1048576K
