12:52:03,417 |-INFO in ch.qos.logback.classic.LoggerContext[default] - Could NOT find resource [logback-test.xml]
12:52:03,417 |-INFO in ch.qos.logback.classic.LoggerContext[default] - Could NOT find resource [logback.groovy]
12:52:03,418 |-INFO in ch.qos.logback.classic.LoggerContext[default] - Found resource [logback.xml] at [jar:file:/root/flamestream/lib/flamestream-runtime-1.0-SNAPSHOT.jar!/logback.xml]
12:52:03,418 |-WARN in ch.qos.logback.classic.LoggerContext[default] - Resource [logback.xml] occurs multiple times on the classpath.
12:52:03,419 |-WARN in ch.qos.logback.classic.LoggerContext[default] - Resource [logback.xml] occurs at [jar:file:/root/flamestream/lib/flamestream-runtime-1.0-SNAPSHOT.jar!/logback.xml]
12:52:03,419 |-WARN in ch.qos.logback.classic.LoggerContext[default] - Resource [logback.xml] occurs at [jar:file:/root/flamestream/flamestream-runtime-1.0-SNAPSHOT.jar!/logback.xml]
12:52:03,438 |-INFO in ch.qos.logback.core.joran.spi.ConfigurationWatchList@3fb6a447 - URL [jar:file:/root/flamestream/lib/flamestream-runtime-1.0-SNAPSHOT.jar!/logback.xml] is not of type file
12:52:03,513 |-INFO in ch.qos.logback.classic.joran.action.ConfigurationAction - debug attribute not set
12:52:03,513 |-INFO in ch.qos.logback.core.joran.action.AppenderAction - About to instantiate appender of type [ch.qos.logback.core.ConsoleAppender]
12:52:03,528 |-INFO in ch.qos.logback.core.joran.action.AppenderAction - Naming appender as [STDOUT]
12:52:03,547 |-INFO in ch.qos.logback.core.joran.action.NestedComplexPropertyIA - Assuming default type [ch.qos.logback.classic.encoder.PatternLayoutEncoder] for [encoder] property
12:52:03,634 |-INFO in ch.qos.logback.core.joran.action.AppenderAction - About to instantiate appender of type [ch.qos.logback.core.rolling.RollingFileAppender]
12:52:03,639 |-INFO in ch.qos.logback.core.joran.action.AppenderAction - Naming appender as [FILE]
12:52:03,671 |-INFO in c.q.l.core.rolling.TimeBasedRollingPolicy@127618319 - No compression will be used
12:52:03,673 |-INFO in c.q.l.core.rolling.TimeBasedRollingPolicy@127618319 - Will use the pattern /tmp/application_%d{yyyy-MM-dd}.%i.log for the active file
12:52:03,676 |-INFO in ch.qos.logback.core.rolling.SizeAndTimeBasedFNATP@6b2fad11 - The date pattern is 'yyyy-MM-dd' from file name pattern '/tmp/application_%d{yyyy-MM-dd}.%i.log'.
12:52:03,676 |-INFO in ch.qos.logback.core.rolling.SizeAndTimeBasedFNATP@6b2fad11 - Roll-over at midnight.
12:52:03,682 |-INFO in ch.qos.logback.core.rolling.SizeAndTimeBasedFNATP@6b2fad11 - Setting initial period to Mon Jun 10 12:52:03 UTC 2019
12:52:03,682 |-WARN in ch.qos.logback.core.rolling.SizeAndTimeBasedFNATP@6b2fad11 - SizeAndTimeBasedFNATP is deprecated. Use SizeAndTimeBasedRollingPolicy instead
12:52:03,682 |-WARN in ch.qos.logback.core.rolling.SizeAndTimeBasedFNATP@6b2fad11 - For more information see http://logback.qos.ch/manual/appenders.html#SizeAndTimeBasedRollingPolicy
12:52:03,685 |-INFO in ch.qos.logback.core.joran.action.NestedComplexPropertyIA - Assuming default type [ch.qos.logback.classic.encoder.PatternLayoutEncoder] for [encoder] property
12:52:03,690 |-INFO in ch.qos.logback.core.rolling.RollingFileAppender[FILE] - Active log file name: /tmp/application.log
12:52:03,690 |-INFO in ch.qos.logback.core.rolling.RollingFileAppender[FILE] - File property is set to [/tmp/application.log]
12:52:03,691 |-INFO in ch.qos.logback.classic.joran.action.RootLoggerAction - Setting level of ROOT logger to WARN
12:52:03,691 |-INFO in ch.qos.logback.core.joran.action.AppenderRefAction - Attaching appender named [STDOUT] to Logger[ROOT]
12:52:03,693 |-INFO in ch.qos.logback.core.joran.action.AppenderRefAction - Attaching appender named [FILE] to Logger[ROOT]
12:52:03,693 |-INFO in ch.qos.logback.classic.joran.action.ConfigurationAction - End of configuration.
12:52:03,693 |-INFO in ch.qos.logback.classic.joran.JoranConfigurator@79698539 - Registering current configuration as safe fallback point

Ama winner
Ama winner
2019-06-10T12:52:05.060+0000: 1.831: [Full GC (Metadata GC Threshold) 2019-06-10T12:52:05.060+0000: 1.831: [Tenured: 0K->15178K(341376K), 0.0431984 secs] 114987K->15178K(494976K), [Metaspace: 20740K->20740K(1067008K)], 0.0432717 secs] [Times: user=0.05 sys=0.00, real=0.04 secs] 
12:52:59.542 [Curator-PathChildrenCache-1] WARN  o.a.c.u.ZKPaths  - The version of ZooKeeper being used doesn't support Container nodes. CreateMode.PERSISTENT will be used instead.
2019-06-10T12:53:02.292+0000: 59.064: [GC (Allocation Failure) 2019-06-10T12:53:02.292+0000: 59.064: [DefNew: 136576K->17024K(153600K), 0.0324082 secs] 151754K->52607K(494976K), 0.0324905 secs] [Times: user=0.02 sys=0.00, real=0.03 secs] 
2019-06-10T12:53:05.148+0000: 61.919: [Full GC (Metadata GC Threshold) 2019-06-10T12:53:05.148+0000: 61.919: [Tenured: 35583K->44242K(341376K), 0.0554413 secs] 98233K->44242K(494976K), [Metaspace: 34611K->34611K(1079296K)], 0.0555134 secs] [Times: user=0.04 sys=0.01, real=0.05 secs] 
2019-06-10T12:53:16.542+0000: 73.313: [GC (Allocation Failure) 2019-06-10T12:53:16.542+0000: 73.313: [DefNew: 136576K->357K(153600K), 0.0022727 secs] 180818K->44600K(494976K), 0.0023369 secs] [Times: user=0.01 sys=0.00, real=0.00 secs] 
2019-06-10T12:53:28.949+0000: 85.720: [GC (Allocation Failure) 2019-06-10T12:53:28.949+0000: 85.720: [DefNew: 136933K->134K(153600K), 0.0020518 secs] 181176K->44377K(494976K), 0.0021127 secs] [Times: user=0.00 sys=0.00, real=0.00 secs] 
2019-06-10T12:53:41.465+0000: 98.236: [GC (Allocation Failure) 2019-06-10T12:53:41.465+0000: 98.236: [DefNew: 136710K->131K(153600K), 0.0019734 secs] 180953K->44373K(494976K), 0.0020485 secs] [Times: user=0.00 sys=0.00, real=0.01 secs] 
2019-06-10T12:53:54.072+0000: 110.843: [GC (Allocation Failure) 2019-06-10T12:53:54.072+0000: 110.843: [DefNew: 136707K->137K(153600K), 0.0019850 secs] 180949K->44380K(494976K), 0.0020467 secs] [Times: user=0.00 sys=0.00, real=0.00 secs] 
2019-06-10T12:54:06.662+0000: 123.433: [GC (Allocation Failure) 2019-06-10T12:54:06.662+0000: 123.433: [DefNew: 136713K->164K(153600K), 0.0020470 secs] 180956K->44407K(494976K), 0.0021155 secs] [Times: user=0.00 sys=0.00, real=0.00 secs] 
2019-06-10T12:54:19.583+0000: 136.354: [GC (Allocation Failure) 2019-06-10T12:54:19.583+0000: 136.354: [DefNew: 136740K->166K(153600K), 0.0020579 secs] 180983K->44409K(494976K), 0.0021452 secs] [Times: user=0.00 sys=0.00, real=0.00 secs] 
2019-06-10T12:54:57.338+0000: 174.110: [GC (Allocation Failure) 2019-06-10T12:54:57.338+0000: 174.110: [DefNew: 136742K->171K(153600K), 0.0019755 secs] 180985K->44414K(494976K), 0.0020495 secs] [Times: user=0.00 sys=0.00, real=0.00 secs] 
12:54:59.672 [Curator-PathChildrenCache-0] ERROR o.a.c.f.r.c.PathChildrenCache  - 
java.lang.IllegalStateException: instance must be started before calling this method
	at org.apache.curator.shaded.com.google.common.base.Preconditions.checkState(Preconditions.java:444)
	at org.apache.curator.framework.imps.CuratorFrameworkImpl.getChildren(CuratorFrameworkImpl.java:456)
	at org.apache.curator.framework.recipes.cache.PathChildrenCache.refresh(PathChildrenCache.java:521)
	at org.apache.curator.framework.recipes.cache.RefreshOperation.invoke(RefreshOperation.java:35)
	at org.apache.curator.framework.recipes.cache.PathChildrenCache$9.run(PathChildrenCache.java:786)
	at java.util.concurrent.Executors$RunnableAdapter.call(Executors.java:511)
	at java.util.concurrent.FutureTask.run(FutureTask.java:266)
	at java.util.concurrent.Executors$RunnableAdapter.call(Executors.java:511)
	at java.util.concurrent.FutureTask.run(FutureTask.java:266)
	at java.util.concurrent.ThreadPoolExecutor.runWorker(ThreadPoolExecutor.java:1149)
	at java.util.concurrent.ThreadPoolExecutor$Worker.run(ThreadPoolExecutor.java:624)
	at java.lang.Thread.run(Thread.java:748)
Heap
 def new generation   total 153600K, used 41622K [0x00000000e0c00000, 0x00000000eb2a0000, 0x00000000eb2a0000)
  eden space 136576K,  30% used [0x00000000e0c00000, 0x00000000e347aa30, 0x00000000e9160000)
  from space 17024K,   1% used [0x00000000e9160000, 0x00000000e918adf0, 0x00000000ea200000)
  to   space 17024K,   0% used [0x00000000ea200000, 0x00000000ea200000, 0x00000000eb2a0000)
 tenured generation   total 341376K, used 44242K [0x00000000eb2a0000, 0x0000000100000000, 0x0000000100000000)
   the space 341376K,  12% used [0x00000000eb2a0000, 0x00000000eddd4a88, 0x00000000eddd4c00, 0x0000000100000000)
 Metaspace       used 36277K, capacity 37184K, committed 37376K, reserved 1081344K
  class space    used 4858K, capacity 5074K, committed 5120K, reserved 1048576K
