17:51:55,236 |-INFO in ch.qos.logback.classic.LoggerContext[default] - Could NOT find resource [logback-test.xml]
17:51:55,236 |-INFO in ch.qos.logback.classic.LoggerContext[default] - Could NOT find resource [logback.groovy]
17:51:55,236 |-INFO in ch.qos.logback.classic.LoggerContext[default] - Found resource [logback.xml] at [jar:file:/root/flamestream/lib/flamestream-runtime-1.0-SNAPSHOT.jar!/logback.xml]
17:51:55,237 |-WARN in ch.qos.logback.classic.LoggerContext[default] - Resource [logback.xml] occurs multiple times on the classpath.
17:51:55,237 |-WARN in ch.qos.logback.classic.LoggerContext[default] - Resource [logback.xml] occurs at [jar:file:/root/flamestream/lib/flamestream-runtime-1.0-SNAPSHOT.jar!/logback.xml]
17:51:55,237 |-WARN in ch.qos.logback.classic.LoggerContext[default] - Resource [logback.xml] occurs at [jar:file:/root/flamestream/flamestream-runtime-1.0-SNAPSHOT.jar!/logback.xml]
17:51:55,257 |-INFO in ch.qos.logback.core.joran.spi.ConfigurationWatchList@3fb6a447 - URL [jar:file:/root/flamestream/lib/flamestream-runtime-1.0-SNAPSHOT.jar!/logback.xml] is not of type file
17:51:55,330 |-INFO in ch.qos.logback.classic.joran.action.ConfigurationAction - debug attribute not set
17:51:55,331 |-INFO in ch.qos.logback.core.joran.action.AppenderAction - About to instantiate appender of type [ch.qos.logback.core.ConsoleAppender]
17:51:55,346 |-INFO in ch.qos.logback.core.joran.action.AppenderAction - Naming appender as [STDOUT]
17:51:55,367 |-INFO in ch.qos.logback.core.joran.action.NestedComplexPropertyIA - Assuming default type [ch.qos.logback.classic.encoder.PatternLayoutEncoder] for [encoder] property
17:51:55,447 |-INFO in ch.qos.logback.core.joran.action.AppenderAction - About to instantiate appender of type [ch.qos.logback.core.rolling.RollingFileAppender]
17:51:55,456 |-INFO in ch.qos.logback.core.joran.action.AppenderAction - Naming appender as [FILE]
17:51:55,490 |-INFO in c.q.l.core.rolling.TimeBasedRollingPolicy@127618319 - No compression will be used
17:51:55,491 |-INFO in c.q.l.core.rolling.TimeBasedRollingPolicy@127618319 - Will use the pattern /tmp/application_%d{yyyy-MM-dd}.%i.log for the active file
17:51:55,494 |-INFO in ch.qos.logback.core.rolling.SizeAndTimeBasedFNATP@6b2fad11 - The date pattern is 'yyyy-MM-dd' from file name pattern '/tmp/application_%d{yyyy-MM-dd}.%i.log'.
17:51:55,494 |-INFO in ch.qos.logback.core.rolling.SizeAndTimeBasedFNATP@6b2fad11 - Roll-over at midnight.
17:51:55,499 |-INFO in ch.qos.logback.core.rolling.SizeAndTimeBasedFNATP@6b2fad11 - Setting initial period to Mon Jun 10 17:50:44 UTC 2019
17:51:55,499 |-WARN in ch.qos.logback.core.rolling.SizeAndTimeBasedFNATP@6b2fad11 - SizeAndTimeBasedFNATP is deprecated. Use SizeAndTimeBasedRollingPolicy instead
17:51:55,499 |-WARN in ch.qos.logback.core.rolling.SizeAndTimeBasedFNATP@6b2fad11 - For more information see http://logback.qos.ch/manual/appenders.html#SizeAndTimeBasedRollingPolicy
17:51:55,503 |-INFO in ch.qos.logback.core.joran.action.NestedComplexPropertyIA - Assuming default type [ch.qos.logback.classic.encoder.PatternLayoutEncoder] for [encoder] property
17:51:55,508 |-INFO in ch.qos.logback.core.rolling.RollingFileAppender[FILE] - Active log file name: /tmp/application.log
17:51:55,509 |-INFO in ch.qos.logback.core.rolling.RollingFileAppender[FILE] - File property is set to [/tmp/application.log]
17:51:55,509 |-INFO in ch.qos.logback.classic.joran.action.RootLoggerAction - Setting level of ROOT logger to WARN
17:51:55,509 |-INFO in ch.qos.logback.core.joran.action.AppenderRefAction - Attaching appender named [STDOUT] to Logger[ROOT]
17:51:55,511 |-INFO in ch.qos.logback.core.joran.action.AppenderRefAction - Attaching appender named [FILE] to Logger[ROOT]
17:51:55,511 |-INFO in ch.qos.logback.classic.joran.action.ConfigurationAction - End of configuration.
17:51:55,512 |-INFO in ch.qos.logback.classic.joran.JoranConfigurator@79698539 - Registering current configuration as safe fallback point

Ama winner
Ama winner
2019-06-10T17:51:56.856+0000: 1.812: [Full GC (Metadata GC Threshold) 2019-06-10T17:51:56.856+0000: 1.812: [Tenured: 0K->15206K(341376K), 0.0407600 secs] 114924K->15206K(494976K), [Metaspace: 20737K->20737K(1067008K)], 0.0408274 secs] [Times: user=0.04 sys=0.00, real=0.05 secs] 
17:52:13.825 [Curator-PathChildrenCache-1] WARN  o.a.c.u.ZKPaths  - The version of ZooKeeper being used doesn't support Container nodes. CreateMode.PERSISTENT will be used instead.
2019-06-10T17:52:16.083+0000: 21.039: [GC (Allocation Failure) 2019-06-10T17:52:16.083+0000: 21.039: [DefNew: 136576K->17024K(153600K), 0.0257015 secs] 151782K->52702K(494976K), 0.0257850 secs] [Times: user=0.02 sys=0.01, real=0.03 secs] 
2019-06-10T17:52:18.497+0000: 23.453: [Full GC (Metadata GC Threshold) 2019-06-10T17:52:18.497+0000: 23.453: [Tenured: 35678K->44254K(341376K), 0.0433066 secs] 101532K->44254K(494976K), [Metaspace: 34608K->34608K(1079296K)], 0.0433820 secs] [Times: user=0.04 sys=0.01, real=0.04 secs] 
2019-06-10T17:52:24.849+0000: 29.805: [GC (Allocation Failure) 2019-06-10T17:52:24.849+0000: 29.805: [DefNew: 136576K->60K(153600K), 0.0018492 secs] 180830K->44315K(494976K), 0.0019086 secs] [Times: user=0.01 sys=0.00, real=0.00 secs] 
2019-06-10T17:52:31.045+0000: 36.000: [GC (Allocation Failure) 2019-06-10T17:52:31.045+0000: 36.000: [DefNew: 136636K->60K(153600K), 0.0016533 secs] 180891K->44315K(494976K), 0.0017131 secs] [Times: user=0.01 sys=0.00, real=0.00 secs] 
2019-06-10T17:52:37.306+0000: 42.262: [GC (Allocation Failure) 2019-06-10T17:52:37.306+0000: 42.262: [DefNew: 136636K->60K(153600K), 0.0018181 secs] 180891K->44315K(494976K), 0.0018870 secs] [Times: user=0.00 sys=0.00, real=0.00 secs] 
2019-06-10T17:52:43.625+0000: 48.581: [GC (Allocation Failure) 2019-06-10T17:52:43.625+0000: 48.581: [DefNew: 136636K->66K(153600K), 0.0016829 secs] 180891K->44321K(494976K), 0.0017488 secs] [Times: user=0.00 sys=0.00, real=0.00 secs] 
2019-06-10T17:52:53.112+0000: 58.068: [GC (Allocation Failure) 2019-06-10T17:52:53.112+0000: 58.068: [DefNew: 136642K->62K(153600K), 0.0017480 secs] 180897K->44316K(494976K), 0.0018105 secs] [Times: user=0.00 sys=0.00, real=0.00 secs] 
17:52:55.361 [Curator-PathChildrenCache-0] ERROR o.a.c.f.r.c.PathChildrenCache  - 
java.lang.IllegalStateException: instance must be started before calling this method
	at org.apache.curator.shaded.com.google.common.base.Preconditions.checkState(Preconditions.java:444)
	at org.apache.curator.framework.imps.CuratorFrameworkImpl.getChildren(CuratorFrameworkImpl.java:456)
	at org.apache.curator.framework.recipes.cache.PathChildrenCache.refresh(PathChildrenCache.java:521)
	at org.apache.curator.framework.recipes.cache.RefreshOperation.invoke(RefreshOperation.java:35)
	at org.apache.curator.framework.recipes.cache.PathChildrenCache$9.run(PathChildrenCache.java:786)
	at java.util.concurrent.Executors$RunnableAdapter.call(Executors.java:511)
	at java.util.concurrent.FutureTask.run(FutureTask.java:266)
	at java.util.concurrent.Executors$RunnableAdapter.call(Executors.java:511)
	at java.util.concurrent.FutureTask.run(FutureTask.java:266)
	at java.util.concurrent.ThreadPoolExecutor.runWorker(ThreadPoolExecutor.java:1149)
	at java.util.concurrent.ThreadPoolExecutor$Worker.run(ThreadPoolExecutor.java:624)
	at java.lang.Thread.run(Thread.java:748)
Heap
 def new generation   total 153600K, used 26437K [0x00000000e0c00000, 0x00000000eb2a0000, 0x00000000eb2a0000)
  eden space 136576K,  19% used [0x00000000e0c00000, 0x00000000e25c1f08, 0x00000000e9160000)
  from space 17024K,   0% used [0x00000000e9160000, 0x00000000e916f800, 0x00000000ea200000)
  to   space 17024K,   0% used [0x00000000ea200000, 0x00000000ea200000, 0x00000000eb2a0000)
 tenured generation   total 341376K, used 44254K [0x00000000eb2a0000, 0x0000000100000000, 0x0000000100000000)
   the space 341376K,  12% used [0x00000000eb2a0000, 0x00000000eddd7af8, 0x00000000eddd7c00, 0x0000000100000000)
 Metaspace       used 35765K, capacity 36704K, committed 36864K, reserved 1081344K
  class space    used 4827K, capacity 5042K, committed 5120K, reserved 1048576K
