15:17:59,909 |-INFO in ch.qos.logback.classic.LoggerContext[default] - Could NOT find resource [logback-test.xml]
15:17:59,909 |-INFO in ch.qos.logback.classic.LoggerContext[default] - Could NOT find resource [logback.groovy]
15:17:59,909 |-INFO in ch.qos.logback.classic.LoggerContext[default] - Found resource [logback.xml] at [jar:file:/root/flamestream/lib/flamestream-runtime-1.0-SNAPSHOT.jar!/logback.xml]
15:17:59,910 |-WARN in ch.qos.logback.classic.LoggerContext[default] - Resource [logback.xml] occurs multiple times on the classpath.
15:17:59,910 |-WARN in ch.qos.logback.classic.LoggerContext[default] - Resource [logback.xml] occurs at [jar:file:/root/flamestream/lib/flamestream-runtime-1.0-SNAPSHOT.jar!/logback.xml]
15:17:59,910 |-WARN in ch.qos.logback.classic.LoggerContext[default] - Resource [logback.xml] occurs at [jar:file:/root/flamestream/flamestream-runtime-1.0-SNAPSHOT.jar!/logback.xml]
15:17:59,928 |-INFO in ch.qos.logback.core.joran.spi.ConfigurationWatchList@3fb6a447 - URL [jar:file:/root/flamestream/lib/flamestream-runtime-1.0-SNAPSHOT.jar!/logback.xml] is not of type file
15:18:00,001 |-INFO in ch.qos.logback.classic.joran.action.ConfigurationAction - debug attribute not set
15:18:00,001 |-INFO in ch.qos.logback.core.joran.action.AppenderAction - About to instantiate appender of type [ch.qos.logback.core.ConsoleAppender]
15:18:00,018 |-INFO in ch.qos.logback.core.joran.action.AppenderAction - Naming appender as [STDOUT]
15:18:00,032 |-INFO in ch.qos.logback.core.joran.action.NestedComplexPropertyIA - Assuming default type [ch.qos.logback.classic.encoder.PatternLayoutEncoder] for [encoder] property
15:18:00,122 |-INFO in ch.qos.logback.core.joran.action.AppenderAction - About to instantiate appender of type [ch.qos.logback.core.rolling.RollingFileAppender]
15:18:00,127 |-INFO in ch.qos.logback.core.joran.action.AppenderAction - Naming appender as [FILE]
15:18:00,159 |-INFO in c.q.l.core.rolling.TimeBasedRollingPolicy@127618319 - No compression will be used
15:18:00,160 |-INFO in c.q.l.core.rolling.TimeBasedRollingPolicy@127618319 - Will use the pattern /tmp/application_%d{yyyy-MM-dd}.%i.log for the active file
15:18:00,163 |-INFO in ch.qos.logback.core.rolling.SizeAndTimeBasedFNATP@6b2fad11 - The date pattern is 'yyyy-MM-dd' from file name pattern '/tmp/application_%d{yyyy-MM-dd}.%i.log'.
15:18:00,163 |-INFO in ch.qos.logback.core.rolling.SizeAndTimeBasedFNATP@6b2fad11 - Roll-over at midnight.
15:18:00,169 |-INFO in ch.qos.logback.core.rolling.SizeAndTimeBasedFNATP@6b2fad11 - Setting initial period to Mon Jun 10 15:16:39 UTC 2019
15:18:00,169 |-WARN in ch.qos.logback.core.rolling.SizeAndTimeBasedFNATP@6b2fad11 - SizeAndTimeBasedFNATP is deprecated. Use SizeAndTimeBasedRollingPolicy instead
15:18:00,169 |-WARN in ch.qos.logback.core.rolling.SizeAndTimeBasedFNATP@6b2fad11 - For more information see http://logback.qos.ch/manual/appenders.html#SizeAndTimeBasedRollingPolicy
15:18:00,173 |-INFO in ch.qos.logback.core.joran.action.NestedComplexPropertyIA - Assuming default type [ch.qos.logback.classic.encoder.PatternLayoutEncoder] for [encoder] property
15:18:00,178 |-INFO in ch.qos.logback.core.rolling.RollingFileAppender[FILE] - Active log file name: /tmp/application.log
15:18:00,178 |-INFO in ch.qos.logback.core.rolling.RollingFileAppender[FILE] - File property is set to [/tmp/application.log]
15:18:00,179 |-INFO in ch.qos.logback.classic.joran.action.RootLoggerAction - Setting level of ROOT logger to WARN
15:18:00,179 |-INFO in ch.qos.logback.core.joran.action.AppenderRefAction - Attaching appender named [STDOUT] to Logger[ROOT]
15:18:00,182 |-INFO in ch.qos.logback.core.joran.action.AppenderRefAction - Attaching appender named [FILE] to Logger[ROOT]
15:18:00,182 |-INFO in ch.qos.logback.classic.joran.action.ConfigurationAction - End of configuration.
15:18:00,182 |-INFO in ch.qos.logback.classic.joran.JoranConfigurator@79698539 - Registering current configuration as safe fallback point

Ama winner
Ama winner
2019-06-10T15:18:01.831+0000: 2.110: [Full GC (Metadata GC Threshold) 2019-06-10T15:18:01.831+0000: 2.110: [Tenured: 0K->15242K(341376K), 0.0429614 secs] 120546K->15242K(494976K), [Metaspace: 20732K->20732K(1067008K)], 0.0430291 secs] [Times: user=0.03 sys=0.00, real=0.05 secs] 
15:18:15.785 [Curator-PathChildrenCache-1] WARN  o.a.c.u.ZKPaths  - The version of ZooKeeper being used doesn't support Container nodes. CreateMode.PERSISTENT will be used instead.
2019-06-10T15:18:18.013+0000: 18.292: [GC (Allocation Failure) 2019-06-10T15:18:18.013+0000: 18.292: [DefNew: 136576K->17023K(153600K), 0.0245918 secs] 151818K->52691K(494976K), 0.0246599 secs] [Times: user=0.03 sys=0.01, real=0.03 secs] 
2019-06-10T15:18:20.736+0000: 21.015: [Full GC (Metadata GC Threshold) 2019-06-10T15:18:20.736+0000: 21.015: [Tenured: 35667K->44335K(341376K), 0.0439243 secs] 101623K->44335K(494976K), [Metaspace: 34623K->34623K(1079296K)], 0.0439954 secs] [Times: user=0.04 sys=0.00, real=0.04 secs] 
2019-06-10T15:18:28.071+0000: 28.350: [GC (Allocation Failure) 2019-06-10T15:18:28.071+0000: 28.350: [DefNew: 136576K->63K(153600K), 0.0018379 secs] 180911K->44398K(494976K), 0.0018962 secs] [Times: user=0.00 sys=0.00, real=0.00 secs] 
2019-06-10T15:18:35.430+0000: 35.709: [GC (Allocation Failure) 2019-06-10T15:18:35.430+0000: 35.709: [DefNew: 136639K->128K(153600K), 0.0017814 secs] 180974K->44464K(494976K), 0.0018458 secs] [Times: user=0.00 sys=0.00, real=0.00 secs] 
2019-06-10T15:18:42.705+0000: 42.984: [GC (Allocation Failure) 2019-06-10T15:18:42.705+0000: 42.984: [DefNew: 136704K->160K(153600K), 0.0017264 secs] 181040K->44496K(494976K), 0.0017913 secs] [Times: user=0.00 sys=0.00, real=0.01 secs] 
2019-06-10T15:18:50.153+0000: 50.432: [GC (Allocation Failure) 2019-06-10T15:18:50.153+0000: 50.432: [DefNew: 136736K->164K(153600K), 0.0017947 secs] 181072K->44499K(494976K), 0.0018518 secs] [Times: user=0.00 sys=0.00, real=0.01 secs] 
2019-06-10T15:18:57.609+0000: 57.888: [GC (Allocation Failure) 2019-06-10T15:18:57.609+0000: 57.888: [DefNew: 136740K->162K(153600K), 0.0017955 secs] 181075K->44498K(494976K), 0.0018575 secs] [Times: user=0.00 sys=0.00, real=0.00 secs] 
15:19:10.519 [Curator-PathChildrenCache-0] ERROR o.a.c.f.r.c.PathChildrenCache  - 
java.lang.IllegalStateException: instance must be started before calling this method
	at org.apache.curator.shaded.com.google.common.base.Preconditions.checkState(Preconditions.java:444)
	at org.apache.curator.framework.imps.CuratorFrameworkImpl.getChildren(CuratorFrameworkImpl.java:456)
	at org.apache.curator.framework.recipes.cache.PathChildrenCache.refresh(PathChildrenCache.java:521)
	at org.apache.curator.framework.recipes.cache.RefreshOperation.invoke(RefreshOperation.java:35)
	at org.apache.curator.framework.recipes.cache.PathChildrenCache$9.run(PathChildrenCache.java:786)
	at java.util.concurrent.Executors$RunnableAdapter.call(Executors.java:511)
	at java.util.concurrent.FutureTask.run(FutureTask.java:266)
	at java.util.concurrent.Executors$RunnableAdapter.call(Executors.java:511)
	at java.util.concurrent.FutureTask.run(FutureTask.java:266)
	at java.util.concurrent.ThreadPoolExecutor.runWorker(ThreadPoolExecutor.java:1149)
	at java.util.concurrent.ThreadPoolExecutor$Worker.run(ThreadPoolExecutor.java:624)
	at java.lang.Thread.run(Thread.java:748)
Heap
 def new generation   total 153600K, used 98598K [0x00000000e0c00000, 0x00000000eb2a0000, 0x00000000eb2a0000)
  eden space 136576K,  72% used [0x00000000e0c00000, 0x00000000e6c20e00, 0x00000000e9160000)
  from space 17024K,   0% used [0x00000000e9160000, 0x00000000e9188a40, 0x00000000ea200000)
  to   space 17024K,   0% used [0x00000000ea200000, 0x00000000ea200000, 0x00000000eb2a0000)
 tenured generation   total 341376K, used 44335K [0x00000000eb2a0000, 0x0000000100000000, 0x0000000100000000)
   the space 341376K,  12% used [0x00000000eb2a0000, 0x00000000eddebeb8, 0x00000000eddec000, 0x0000000100000000)
 Metaspace       used 36205K, capacity 37120K, committed 37376K, reserved 1081344K
  class space    used 4871K, capacity 5074K, committed 5120K, reserved 1048576K
