15:34:35,582 |-INFO in ch.qos.logback.classic.LoggerContext[default] - Could NOT find resource [logback-test.xml]
15:34:35,582 |-INFO in ch.qos.logback.classic.LoggerContext[default] - Could NOT find resource [logback.groovy]
15:34:35,582 |-INFO in ch.qos.logback.classic.LoggerContext[default] - Found resource [logback.xml] at [jar:file:/root/flamestream/lib/flamestream-runtime-1.0-SNAPSHOT.jar!/logback.xml]
15:34:35,582 |-WARN in ch.qos.logback.classic.LoggerContext[default] - Resource [logback.xml] occurs multiple times on the classpath.
15:34:35,582 |-WARN in ch.qos.logback.classic.LoggerContext[default] - Resource [logback.xml] occurs at [jar:file:/root/flamestream/lib/flamestream-runtime-1.0-SNAPSHOT.jar!/logback.xml]
15:34:35,582 |-WARN in ch.qos.logback.classic.LoggerContext[default] - Resource [logback.xml] occurs at [jar:file:/root/flamestream/flamestream-runtime-1.0-SNAPSHOT.jar!/logback.xml]
15:34:35,605 |-INFO in ch.qos.logback.core.joran.spi.ConfigurationWatchList@3fb6a447 - URL [jar:file:/root/flamestream/lib/flamestream-runtime-1.0-SNAPSHOT.jar!/logback.xml] is not of type file
15:34:35,675 |-INFO in ch.qos.logback.classic.joran.action.ConfigurationAction - debug attribute not set
15:34:35,676 |-INFO in ch.qos.logback.core.joran.action.AppenderAction - About to instantiate appender of type [ch.qos.logback.core.ConsoleAppender]
15:34:35,694 |-INFO in ch.qos.logback.core.joran.action.AppenderAction - Naming appender as [STDOUT]
15:34:35,712 |-INFO in ch.qos.logback.core.joran.action.NestedComplexPropertyIA - Assuming default type [ch.qos.logback.classic.encoder.PatternLayoutEncoder] for [encoder] property
15:34:35,801 |-INFO in ch.qos.logback.core.joran.action.AppenderAction - About to instantiate appender of type [ch.qos.logback.core.rolling.RollingFileAppender]
15:34:35,806 |-INFO in ch.qos.logback.core.joran.action.AppenderAction - Naming appender as [FILE]
15:34:35,837 |-INFO in c.q.l.core.rolling.TimeBasedRollingPolicy@127618319 - No compression will be used
15:34:35,838 |-INFO in c.q.l.core.rolling.TimeBasedRollingPolicy@127618319 - Will use the pattern /tmp/application_%d{yyyy-MM-dd}.%i.log for the active file
15:34:35,841 |-INFO in ch.qos.logback.core.rolling.SizeAndTimeBasedFNATP@6b2fad11 - The date pattern is 'yyyy-MM-dd' from file name pattern '/tmp/application_%d{yyyy-MM-dd}.%i.log'.
15:34:35,841 |-INFO in ch.qos.logback.core.rolling.SizeAndTimeBasedFNATP@6b2fad11 - Roll-over at midnight.
15:34:35,846 |-INFO in ch.qos.logback.core.rolling.SizeAndTimeBasedFNATP@6b2fad11 - Setting initial period to Mon Jun 10 15:33:14 UTC 2019
15:34:35,846 |-WARN in ch.qos.logback.core.rolling.SizeAndTimeBasedFNATP@6b2fad11 - SizeAndTimeBasedFNATP is deprecated. Use SizeAndTimeBasedRollingPolicy instead
15:34:35,846 |-WARN in ch.qos.logback.core.rolling.SizeAndTimeBasedFNATP@6b2fad11 - For more information see http://logback.qos.ch/manual/appenders.html#SizeAndTimeBasedRollingPolicy
15:34:35,850 |-INFO in ch.qos.logback.core.joran.action.NestedComplexPropertyIA - Assuming default type [ch.qos.logback.classic.encoder.PatternLayoutEncoder] for [encoder] property
15:34:35,855 |-INFO in ch.qos.logback.core.rolling.RollingFileAppender[FILE] - Active log file name: /tmp/application.log
15:34:35,855 |-INFO in ch.qos.logback.core.rolling.RollingFileAppender[FILE] - File property is set to [/tmp/application.log]
15:34:35,856 |-INFO in ch.qos.logback.classic.joran.action.RootLoggerAction - Setting level of ROOT logger to WARN
15:34:35,856 |-INFO in ch.qos.logback.core.joran.action.AppenderRefAction - Attaching appender named [STDOUT] to Logger[ROOT]
15:34:35,858 |-INFO in ch.qos.logback.core.joran.action.AppenderRefAction - Attaching appender named [FILE] to Logger[ROOT]
15:34:35,858 |-INFO in ch.qos.logback.classic.joran.action.ConfigurationAction - End of configuration.
15:34:35,859 |-INFO in ch.qos.logback.classic.joran.JoranConfigurator@79698539 - Registering current configuration as safe fallback point

Ama winner
Ama winner
2019-06-10T15:34:37.091+0000: 1.690: [Full GC (Metadata GC Threshold) 2019-06-10T15:34:37.091+0000: 1.690: [Tenured: 0K->15241K(341376K), 0.0349665 secs] 117751K->15241K(494976K), [Metaspace: 20727K->20727K(1067008K)], 0.0350300 secs] [Times: user=0.03 sys=0.00, real=0.03 secs] 
15:34:54.033 [Curator-PathChildrenCache-2] WARN  o.a.c.u.ZKPaths  - The version of ZooKeeper being used doesn't support Container nodes. CreateMode.PERSISTENT will be used instead.
2019-06-10T15:34:56.561+0000: 21.160: [GC (Allocation Failure) 2019-06-10T15:34:56.561+0000: 21.160: [DefNew: 119498K->17023K(153600K), 0.0184607 secs] 134740K->33064K(494976K), 0.0185371 secs] [Times: user=0.00 sys=0.01, real=0.02 secs] 
2019-06-10T15:34:56.939+0000: 21.537: [Full GC (Metadata GC Threshold) 2019-06-10T15:34:56.939+0000: 21.537: [Tenured: 16040K->44380K(341376K), 0.0428734 secs] 68765K->44380K(494976K), [Metaspace: 34624K->34624K(1079296K)], 0.0429429 secs] [Times: user=0.04 sys=0.01, real=0.04 secs] 
2019-06-10T15:35:00.993+0000: 25.592: [GC (Allocation Failure) 2019-06-10T15:35:00.993+0000: 25.592: [DefNew: 136576K->269K(153600K), 0.0024199 secs] 180956K->44650K(494976K), 0.0024787 secs] [Times: user=0.00 sys=0.00, real=0.01 secs] 
2019-06-10T15:35:05.160+0000: 29.759: [GC (Allocation Failure) 2019-06-10T15:35:05.160+0000: 29.759: [DefNew: 136845K->266K(153600K), 0.0020423 secs] 181226K->44647K(494976K), 0.0021000 secs] [Times: user=0.00 sys=0.00, real=0.00 secs] 
2019-06-10T15:35:09.211+0000: 33.810: [GC (Allocation Failure) 2019-06-10T15:35:09.211+0000: 33.810: [DefNew: 136842K->267K(153600K), 0.0020906 secs] 181223K->44648K(494976K), 0.0021655 secs] [Times: user=0.00 sys=0.00, real=0.00 secs] 
2019-06-10T15:35:13.199+0000: 37.797: [GC (Allocation Failure) 2019-06-10T15:35:13.199+0000: 37.797: [DefNew: 136843K->269K(153600K), 0.0020979 secs] 181224K->44650K(494976K), 0.0021597 secs] [Times: user=0.00 sys=0.00, real=0.00 secs] 
2019-06-10T15:35:17.184+0000: 41.783: [GC (Allocation Failure) 2019-06-10T15:35:17.184+0000: 41.783: [DefNew: 136845K->271K(153600K), 0.0021205 secs] 181226K->44652K(494976K), 0.0021811 secs] [Times: user=0.00 sys=0.00, real=0.00 secs] 
2019-06-10T15:35:21.091+0000: 45.690: [GC (Allocation Failure) 2019-06-10T15:35:21.091+0000: 45.690: [DefNew: 136847K->270K(153600K), 0.0021315 secs] 181228K->44651K(494976K), 0.0021930 secs] [Times: user=0.00 sys=0.00, real=0.00 secs] 
2019-06-10T15:35:25.013+0000: 49.611: [GC (Allocation Failure) 2019-06-10T15:35:25.013+0000: 49.611: [DefNew: 136846K->279K(153600K), 0.0021541 secs] 181227K->44660K(494976K), 0.0022135 secs] [Times: user=0.01 sys=0.00, real=0.01 secs] 
2019-06-10T15:35:28.935+0000: 53.534: [GC (Allocation Failure) 2019-06-10T15:35:28.936+0000: 53.534: [DefNew: 136855K->268K(153600K), 0.0021125 secs] 181236K->44649K(494976K), 0.0021816 secs] [Times: user=0.01 sys=0.00, real=0.00 secs] 
15:35:35.158 [Curator-PathChildrenCache-0] ERROR o.a.c.f.r.c.PathChildrenCache  - 
java.lang.IllegalStateException: instance must be started before calling this method
	at org.apache.curator.shaded.com.google.common.base.Preconditions.checkState(Preconditions.java:444)
	at org.apache.curator.framework.imps.CuratorFrameworkImpl.getChildren(CuratorFrameworkImpl.java:456)
	at org.apache.curator.framework.recipes.cache.PathChildrenCache.refresh(PathChildrenCache.java:521)
	at org.apache.curator.framework.recipes.cache.RefreshOperation.invoke(RefreshOperation.java:35)
	at org.apache.curator.framework.recipes.cache.PathChildrenCache$9.run(PathChildrenCache.java:786)
	at java.util.concurrent.Executors$RunnableAdapter.call(Executors.java:511)
	at java.util.concurrent.FutureTask.run(FutureTask.java:266)
	at java.util.concurrent.Executors$RunnableAdapter.call(Executors.java:511)
	at java.util.concurrent.FutureTask.run(FutureTask.java:266)
	at java.util.concurrent.ThreadPoolExecutor.runWorker(ThreadPoolExecutor.java:1149)
	at java.util.concurrent.ThreadPoolExecutor$Worker.run(ThreadPoolExecutor.java:624)
	at java.lang.Thread.run(Thread.java:748)
Heap
 def new generation   total 153600K, used 58811K [0x00000000e0c00000, 0x00000000eb2a0000, 0x00000000eb2a0000)
  eden space 136576K,  42% used [0x00000000e0c00000, 0x00000000e452ba68, 0x00000000e9160000)
  from space 17024K,   1% used [0x00000000ea200000, 0x00000000ea2431f8, 0x00000000eb2a0000)
  to   space 17024K,   0% used [0x00000000e9160000, 0x00000000e9160000, 0x00000000ea200000)
 tenured generation   total 341376K, used 44380K [0x00000000eb2a0000, 0x0000000100000000, 0x0000000100000000)
   the space 341376K,  13% used [0x00000000eb2a0000, 0x00000000eddf73e0, 0x00000000eddf7400, 0x0000000100000000)
 Metaspace       used 36069K, capacity 37000K, committed 37120K, reserved 1081344K
  class space    used 4859K, capacity 5060K, committed 5120K, reserved 1048576K
