08:07:47,514 |-INFO in ch.qos.logback.classic.LoggerContext[default] - Could NOT find resource [logback-test.xml]
08:07:47,514 |-INFO in ch.qos.logback.classic.LoggerContext[default] - Could NOT find resource [logback.groovy]
08:07:47,514 |-INFO in ch.qos.logback.classic.LoggerContext[default] - Found resource [logback.xml] at [jar:file:/root/flamestream/lib/flamestream-runtime-1.0-SNAPSHOT.jar!/logback.xml]
08:07:47,517 |-WARN in ch.qos.logback.classic.LoggerContext[default] - Resource [logback.xml] occurs multiple times on the classpath.
08:07:47,518 |-WARN in ch.qos.logback.classic.LoggerContext[default] - Resource [logback.xml] occurs at [jar:file:/root/flamestream/lib/flamestream-runtime-1.0-SNAPSHOT.jar!/logback.xml]
08:07:47,518 |-WARN in ch.qos.logback.classic.LoggerContext[default] - Resource [logback.xml] occurs at [jar:file:/root/flamestream/flamestream-runtime-1.0-SNAPSHOT.jar!/logback.xml]
08:07:47,537 |-INFO in ch.qos.logback.core.joran.spi.ConfigurationWatchList@3fb6a447 - URL [jar:file:/root/flamestream/lib/flamestream-runtime-1.0-SNAPSHOT.jar!/logback.xml] is not of type file
08:07:47,608 |-INFO in ch.qos.logback.classic.joran.action.ConfigurationAction - debug attribute not set
08:07:47,609 |-INFO in ch.qos.logback.core.joran.action.AppenderAction - About to instantiate appender of type [ch.qos.logback.core.ConsoleAppender]
08:07:47,626 |-INFO in ch.qos.logback.core.joran.action.AppenderAction - Naming appender as [STDOUT]
08:07:47,649 |-INFO in ch.qos.logback.core.joran.action.NestedComplexPropertyIA - Assuming default type [ch.qos.logback.classic.encoder.PatternLayoutEncoder] for [encoder] property
08:07:47,732 |-INFO in ch.qos.logback.core.joran.action.AppenderAction - About to instantiate appender of type [ch.qos.logback.core.rolling.RollingFileAppender]
08:07:47,737 |-INFO in ch.qos.logback.core.joran.action.AppenderAction - Naming appender as [FILE]
08:07:47,770 |-INFO in c.q.l.core.rolling.TimeBasedRollingPolicy@127618319 - No compression will be used
08:07:47,771 |-INFO in c.q.l.core.rolling.TimeBasedRollingPolicy@127618319 - Will use the pattern /tmp/application_%d{yyyy-MM-dd}.%i.log for the active file
08:07:47,774 |-INFO in ch.qos.logback.core.rolling.SizeAndTimeBasedFNATP@6b2fad11 - The date pattern is 'yyyy-MM-dd' from file name pattern '/tmp/application_%d{yyyy-MM-dd}.%i.log'.
08:07:47,774 |-INFO in ch.qos.logback.core.rolling.SizeAndTimeBasedFNATP@6b2fad11 - Roll-over at midnight.
08:07:47,779 |-INFO in ch.qos.logback.core.rolling.SizeAndTimeBasedFNATP@6b2fad11 - Setting initial period to Tue Jun 11 08:06:20 UTC 2019
08:07:47,779 |-WARN in ch.qos.logback.core.rolling.SizeAndTimeBasedFNATP@6b2fad11 - SizeAndTimeBasedFNATP is deprecated. Use SizeAndTimeBasedRollingPolicy instead
08:07:47,779 |-WARN in ch.qos.logback.core.rolling.SizeAndTimeBasedFNATP@6b2fad11 - For more information see http://logback.qos.ch/manual/appenders.html#SizeAndTimeBasedRollingPolicy
08:07:47,783 |-INFO in ch.qos.logback.core.joran.action.NestedComplexPropertyIA - Assuming default type [ch.qos.logback.classic.encoder.PatternLayoutEncoder] for [encoder] property
08:07:47,788 |-INFO in ch.qos.logback.core.rolling.RollingFileAppender[FILE] - Active log file name: /tmp/application.log
08:07:47,788 |-INFO in ch.qos.logback.core.rolling.RollingFileAppender[FILE] - File property is set to [/tmp/application.log]
08:07:47,789 |-INFO in ch.qos.logback.classic.joran.action.RootLoggerAction - Setting level of ROOT logger to WARN
08:07:47,789 |-INFO in ch.qos.logback.core.joran.action.AppenderRefAction - Attaching appender named [STDOUT] to Logger[ROOT]
08:07:47,791 |-INFO in ch.qos.logback.core.joran.action.AppenderRefAction - Attaching appender named [FILE] to Logger[ROOT]
08:07:47,791 |-INFO in ch.qos.logback.classic.joran.action.ConfigurationAction - End of configuration.
08:07:47,792 |-INFO in ch.qos.logback.classic.joran.JoranConfigurator@79698539 - Registering current configuration as safe fallback point

Ama winner
Ama winner
2019-06-11T08:07:49.090+0000: 1.758: [Full GC (Metadata GC Threshold) 2019-06-11T08:07:49.090+0000: 1.758: [Tenured: 0K->15242K(341376K), 0.0394335 secs] 114986K->15242K(494976K), [Metaspace: 20735K->20735K(1067008K)], 0.0394981 secs] [Times: user=0.04 sys=0.00, real=0.04 secs] 
08:08:05.789 [Curator-PathChildrenCache-1] WARN  o.a.c.u.ZKPaths  - The version of ZooKeeper being used doesn't support Container nodes. CreateMode.PERSISTENT will be used instead.
2019-06-11T08:08:08.283+0000: 20.951: [GC (Allocation Failure) 2019-06-11T08:08:08.284+0000: 20.951: [DefNew: 136576K->17024K(153600K), 0.0256474 secs] 151818K->52663K(494976K), 0.0257197 secs] [Times: user=0.02 sys=0.01, real=0.03 secs] 
2019-06-11T08:08:15.518+0000: 28.186: [GC (Allocation Failure) 2019-06-11T08:08:15.519+0000: 28.186: [DefNew: 153600K->174K(153600K), 0.0100890 secs] 189239K->44070K(494976K), 0.0101534 secs] [Times: user=0.00 sys=0.01, real=0.01 secs] 
2019-06-11T08:08:17.272+0000: 29.940: [Full GC (Metadata GC Threshold) 2019-06-11T08:08:17.272+0000: 29.940: [Tenured: 43895K->44060K(341376K), 0.0366708 secs] 80357K->44060K(494976K), [Metaspace: 34586K->34586K(1079296K)], 0.0367444 secs] [Times: user=0.04 sys=0.00, real=0.04 secs] 
2019-06-11T08:08:24.500+0000: 37.167: [GC (Allocation Failure) 2019-06-11T08:08:24.500+0000: 37.167: [DefNew: 136576K->80K(153600K), 0.0016667 secs] 180636K->44140K(494976K), 0.0017435 secs] [Times: user=0.00 sys=0.00, real=0.00 secs] 
2019-06-11T08:08:31.857+0000: 44.525: [GC (Allocation Failure) 2019-06-11T08:08:31.857+0000: 44.525: [DefNew: 136656K->112K(153600K), 0.0015902 secs] 180716K->44173K(494976K), 0.0016488 secs] [Times: user=0.00 sys=0.00, real=0.00 secs] 
2019-06-11T08:08:39.190+0000: 51.857: [GC (Allocation Failure) 2019-06-11T08:08:39.190+0000: 51.857: [DefNew: 136688K->145K(153600K), 0.0016233 secs] 180749K->44205K(494976K), 0.0016828 secs] [Times: user=0.01 sys=0.00, real=0.00 secs] 
2019-06-11T08:08:46.536+0000: 59.204: [GC (Allocation Failure) 2019-06-11T08:08:46.536+0000: 59.204: [DefNew: 136721K->145K(153600K), 0.0016878 secs] 180781K->44205K(494976K), 0.0017467 secs] [Times: user=0.00 sys=0.00, real=0.00 secs] 
08:09:00.660 [Curator-PathChildrenCache-0] ERROR o.a.c.f.r.c.PathChildrenCache  - 
java.lang.IllegalStateException: instance must be started before calling this method
	at org.apache.curator.shaded.com.google.common.base.Preconditions.checkState(Preconditions.java:444)
	at org.apache.curator.framework.imps.CuratorFrameworkImpl.getChildren(CuratorFrameworkImpl.java:456)
	at org.apache.curator.framework.recipes.cache.PathChildrenCache.refresh(PathChildrenCache.java:521)
	at org.apache.curator.framework.recipes.cache.RefreshOperation.invoke(RefreshOperation.java:35)
	at org.apache.curator.framework.recipes.cache.PathChildrenCache$9.run(PathChildrenCache.java:786)
	at java.util.concurrent.Executors$RunnableAdapter.call(Executors.java:511)
	at java.util.concurrent.FutureTask.run(FutureTask.java:266)
	at java.util.concurrent.Executors$RunnableAdapter.call(Executors.java:511)
	at java.util.concurrent.FutureTask.run(FutureTask.java:266)
	at java.util.concurrent.ThreadPoolExecutor.runWorker(ThreadPoolExecutor.java:1149)
	at java.util.concurrent.ThreadPoolExecutor$Worker.run(ThreadPoolExecutor.java:624)
	at java.lang.Thread.run(Thread.java:748)
Heap
 def new generation   total 153600K, used 96011K [0x00000000e0c00000, 0x00000000eb2a0000, 0x00000000eb2a0000)
  eden space 136576K,  70% used [0x00000000e0c00000, 0x00000000e699eb30, 0x00000000e9160000)
  from space 17024K,   0% used [0x00000000e9160000, 0x00000000e91844a8, 0x00000000ea200000)
  to   space 17024K,   0% used [0x00000000ea200000, 0x00000000ea200000, 0x00000000eb2a0000)
 tenured generation   total 341376K, used 44060K [0x00000000eb2a0000, 0x0000000100000000, 0x0000000100000000)
   the space 341376K,  12% used [0x00000000eb2a0000, 0x00000000edda7230, 0x00000000edda7400, 0x0000000100000000)
 Metaspace       used 35957K, capacity 36858K, committed 37120K, reserved 1081344K
  class space    used 4860K, capacity 5073K, committed 5120K, reserved 1048576K
