23:32:45,924 |-INFO in ch.qos.logback.classic.LoggerContext[default] - Could NOT find resource [logback-test.xml]
23:32:45,924 |-INFO in ch.qos.logback.classic.LoggerContext[default] - Could NOT find resource [logback.groovy]
23:32:45,924 |-INFO in ch.qos.logback.classic.LoggerContext[default] - Found resource [logback.xml] at [jar:file:/home/nikitasokolov/flamestream/lib/flamestream-runtime-1.0-SNAPSHOT.jar!/logback.xml]
23:32:45,925 |-WARN in ch.qos.logback.classic.LoggerContext[default] - Resource [logback.xml] occurs multiple times on the classpath.
23:32:45,925 |-WARN in ch.qos.logback.classic.LoggerContext[default] - Resource [logback.xml] occurs at [jar:file:/home/nikitasokolov/flamestream/lib/flamestream-runtime-1.0-SNAPSHOT.jar!/logback.xml]
23:32:45,925 |-WARN in ch.qos.logback.classic.LoggerContext[default] - Resource [logback.xml] occurs at [jar:file:/home/nikitasokolov/flamestream/flamestream-runtime-1.0-SNAPSHOT.jar!/logback.xml]
23:32:45,941 |-INFO in ch.qos.logback.core.joran.spi.ConfigurationWatchList@6108b2d7 - URL [jar:file:/home/nikitasokolov/flamestream/lib/flamestream-runtime-1.0-SNAPSHOT.jar!/logback.xml] is not of type file
23:32:45,994 |-INFO in ch.qos.logback.classic.joran.action.ConfigurationAction - debug attribute not set
23:32:45,995 |-INFO in ch.qos.logback.core.joran.action.AppenderAction - About to instantiate appender of type [ch.qos.logback.core.ConsoleAppender]
23:32:46,006 |-INFO in ch.qos.logback.core.joran.action.AppenderAction - Naming appender as [STDOUT]
23:32:46,015 |-INFO in ch.qos.logback.core.joran.action.NestedComplexPropertyIA - Assuming default type [ch.qos.logback.classic.encoder.PatternLayoutEncoder] for [encoder] property
23:32:46,073 |-INFO in ch.qos.logback.core.joran.action.AppenderAction - About to instantiate appender of type [ch.qos.logback.core.rolling.RollingFileAppender]
23:32:46,078 |-INFO in ch.qos.logback.core.joran.action.AppenderAction - Naming appender as [FILE]
23:32:46,101 |-INFO in c.q.l.core.rolling.TimeBasedRollingPolicy@357863579 - No compression will be used
23:32:46,102 |-INFO in c.q.l.core.rolling.TimeBasedRollingPolicy@357863579 - Will use the pattern /tmp/application_%d{yyyy-MM-dd}.%i.log for the active file
23:32:46,105 |-INFO in ch.qos.logback.core.rolling.SizeAndTimeBasedFNATP@6bf256fa - The date pattern is 'yyyy-MM-dd' from file name pattern '/tmp/application_%d{yyyy-MM-dd}.%i.log'.
23:32:46,105 |-INFO in ch.qos.logback.core.rolling.SizeAndTimeBasedFNATP@6bf256fa - Roll-over at midnight.
23:32:46,109 |-INFO in ch.qos.logback.core.rolling.SizeAndTimeBasedFNATP@6bf256fa - Setting initial period to Sat Jun 08 23:31:54 MSK 2019
23:32:46,109 |-WARN in ch.qos.logback.core.rolling.SizeAndTimeBasedFNATP@6bf256fa - SizeAndTimeBasedFNATP is deprecated. Use SizeAndTimeBasedRollingPolicy instead
23:32:46,109 |-WARN in ch.qos.logback.core.rolling.SizeAndTimeBasedFNATP@6bf256fa - For more information see http://logback.qos.ch/manual/appenders.html#SizeAndTimeBasedRollingPolicy
23:32:46,114 |-INFO in ch.qos.logback.core.joran.action.NestedComplexPropertyIA - Assuming default type [ch.qos.logback.classic.encoder.PatternLayoutEncoder] for [encoder] property
23:32:46,116 |-INFO in ch.qos.logback.core.rolling.RollingFileAppender[FILE] - Active log file name: /tmp/application.log
23:32:46,116 |-INFO in ch.qos.logback.core.rolling.RollingFileAppender[FILE] - File property is set to [/tmp/application.log]
23:32:46,117 |-INFO in ch.qos.logback.classic.joran.action.RootLoggerAction - Setting level of ROOT logger to WARN
23:32:46,117 |-INFO in ch.qos.logback.core.joran.action.AppenderRefAction - Attaching appender named [STDOUT] to Logger[ROOT]
23:32:46,118 |-INFO in ch.qos.logback.core.joran.action.AppenderRefAction - Attaching appender named [FILE] to Logger[ROOT]
23:32:46,118 |-INFO in ch.qos.logback.classic.joran.action.ConfigurationAction - End of configuration.
23:32:46,119 |-INFO in ch.qos.logback.classic.joran.JoranConfigurator@6cd8737 - Registering current configuration as safe fallback point

2019-06-08T23:32:47.106+0300: 1.385: [GC (Metadata GC Threshold) [PSYoungGen: 102979K->15796K(149504K)] 102979K->15876K(491008K), 0.0189416 secs] [Times: user=0.07 sys=0.01, real=0.02 secs] 
2019-06-08T23:32:47.125+0300: 1.404: [Full GC (Metadata GC Threshold) [PSYoungGen: 15796K->0K(149504K)] [ParOldGen: 80K->14948K(341504K)] 15876K->14948K(491008K), [Metaspace: 20800K->20800K(1067008K)], 0.0282038 secs] [Times: user=0.19 sys=0.01, real=0.03 secs] 
23:33:00.306 [Curator-PathChildrenCache-2] WARN  o.a.c.u.ZKPaths  - The version of ZooKeeper being used doesn't support Container nodes. CreateMode.PERSISTENT will be used instead.
2019-06-08T23:33:01.054+0300: 15.333: [GC (Metadata GC Threshold) [PSYoungGen: 121126K->16794K(149504K)] 136075K->51282K(491008K), 0.0258028 secs] [Times: user=0.21 sys=0.00, real=0.03 secs] 
2019-06-08T23:33:01.080+0300: 15.359: [Full GC (Metadata GC Threshold) [PSYoungGen: 16794K->0K(149504K)] [ParOldGen: 34488K->39835K(341504K)] 51282K->39835K(491008K), [Metaspace: 34494K->34492K(1079296K)], 0.0385925 secs] [Times: user=0.22 sys=0.02, real=0.04 secs] 
2019-06-08T23:33:04.621+0300: 18.900: [GC (Allocation Failure) [PSYoungGen: 128512K->608K(149504K)] 168347K->40451K(491008K), 0.0051626 secs] [Times: user=0.02 sys=0.01, real=0.00 secs] 
2019-06-08T23:33:08.688+0300: 22.968: [GC (Allocation Failure) [PSYoungGen: 129120K->576K(149504K)] 168963K->40427K(491008K), 0.0060611 secs] [Times: user=0.05 sys=0.01, real=0.01 secs] 
2019-06-08T23:33:12.760+0300: 27.039: [GC (Allocation Failure) [PSYoungGen: 129088K->640K(129536K)] 168939K->40499K(471040K), 0.0053695 secs] [Times: user=0.04 sys=0.01, real=0.00 secs] 
2019-06-08T23:33:16.888+0300: 31.167: [GC (Allocation Failure) [PSYoungGen: 129152K->640K(148992K)] 169011K->40507K(490496K), 0.0870097 secs] [Times: user=0.03 sys=0.00, real=0.09 secs] 
2019-06-08T23:33:20.948+0300: 35.228: [GC (Allocation Failure) [PSYoungGen: 127616K->576K(148480K)] 167483K->40451K(489984K), 0.0039561 secs] [Times: user=0.01 sys=0.01, real=0.01 secs] 
2019-06-08T23:33:25.039+0300: 39.318: [GC (Allocation Failure) [PSYoungGen: 127552K->640K(151040K)] 167427K->40523K(492544K), 0.0051144 secs] [Times: user=0.04 sys=0.00, real=0.00 secs] 
2019-06-08T23:33:29.218+0300: 43.497: [GC (Allocation Failure) [PSYoungGen: 131200K->672K(150016K)] 171083K->40563K(491520K), 0.0045290 secs] [Times: user=0.02 sys=0.01, real=0.00 secs] 
2019-06-08T23:33:33.432+0300: 47.711: [GC (Allocation Failure) [PSYoungGen: 131232K->608K(152576K)] 171123K->40507K(494080K), 0.0031375 secs] [Times: user=0.01 sys=0.00, real=0.00 secs] 
2019-06-08T23:33:37.758+0300: 52.076: [GC (Allocation Failure) [PSYoungGen: 134752K->640K(152064K)] 174651K->40539K(493568K), 0.0466981 secs] [Times: user=0.07 sys=0.00, real=0.04 secs] 
2019-06-08T23:33:42.025+0300: 56.304: [GC (Allocation Failure) [PSYoungGen: 134784K->608K(154112K)] 174683K->40507K(495616K), 0.0031860 secs] [Times: user=0.01 sys=0.01, real=0.00 secs] 
2019-06-08T23:33:46.452+0300: 60.731: [GC (Allocation Failure) [PSYoungGen: 137824K->640K(153600K)] 177723K->40547K(495104K), 0.0023456 secs] [Times: user=0.01 sys=0.00, real=0.00 secs] 
2019-06-08T23:33:51.582+0300: 65.861: [GC (Allocation Failure) [PSYoungGen: 137856K->855K(156160K)] 177763K->40770K(497664K), 0.1357774 secs] [Times: user=0.01 sys=0.00, real=0.13 secs] 
2019-06-08T23:33:57.308+0300: 71.588: [GC (Allocation Failure) [PSYoungGen: 141655K->608K(155136K)] 181570K->40531K(496640K), 0.0044891 secs] [Times: user=0.01 sys=0.01, real=0.01 secs] 
2019-06-08T23:34:02.985+0300: 77.264: [GC (Allocation Failure) [PSYoungGen: 141408K->640K(157696K)] 181331K->40571K(499200K), 0.0542412 secs] [Times: user=0.01 sys=0.00, real=0.06 secs] 
2019-06-08T23:34:08.822+0300: 83.101: [GC (Allocation Failure) [PSYoungGen: 144512K->704K(156672K)] 184443K->40643K(498176K), 0.0032440 secs] [Times: user=0.01 sys=0.00, real=0.00 secs] 
2019-06-08T23:34:14.606+0300: 88.885: [GC (Allocation Failure) [PSYoungGen: 144576K->480K(159232K)] 184515K->40723K(500736K), 0.0031447 secs] [Times: user=0.01 sys=0.00, real=0.00 secs] 
23:34:26.749 [Curator-PathChildrenCache-0] ERROR o.a.c.f.r.c.PathChildrenCache  - 
java.lang.IllegalStateException: instance must be started before calling this method
	at org.apache.curator.shaded.com.google.common.base.Preconditions.checkState(Preconditions.java:444)
	at org.apache.curator.framework.imps.CuratorFrameworkImpl.getChildren(CuratorFrameworkImpl.java:456)
	at org.apache.curator.framework.recipes.cache.PathChildrenCache.refresh(PathChildrenCache.java:521)
	at org.apache.curator.framework.recipes.cache.RefreshOperation.invoke(RefreshOperation.java:35)
	at org.apache.curator.framework.recipes.cache.PathChildrenCache$9.run(PathChildrenCache.java:786)
	at java.util.concurrent.Executors$RunnableAdapter.call(Executors.java:511)
	at java.util.concurrent.FutureTask.run(FutureTask.java:266)
	at java.util.concurrent.Executors$RunnableAdapter.call(Executors.java:511)
	at java.util.concurrent.FutureTask.run(FutureTask.java:266)
	at java.util.concurrent.ThreadPoolExecutor.runWorker(ThreadPoolExecutor.java:1149)
	at java.util.concurrent.ThreadPoolExecutor$Worker.run(ThreadPoolExecutor.java:624)
	at java.lang.Thread.run(Thread.java:748)
Heap
 PSYoungGen      total 159232K, used 81119K [0x00000000f5980000, 0x0000000100000000, 0x0000000100000000)
  eden space 146944K, 54% used [0x00000000f5980000,0x00000000fa83fc98,0x00000000fe900000)
  from space 12288K, 3% used [0x00000000ff400000,0x00000000ff478050,0x0000000100000000)
  to   space 11264K, 0% used [0x00000000fe900000,0x00000000fe900000,0x00000000ff400000)
 ParOldGen       total 341504K, used 40243K [0x00000000e0c00000, 0x00000000f5980000, 0x00000000f5980000)
  object space 341504K, 11% used [0x00000000e0c00000,0x00000000e334cef0,0x00000000f5980000)
 Metaspace       used 36441K, capacity 37402K, committed 37464K, reserved 1081344K
  class space    used 5017K, capacity 5219K, committed 5248K, reserved 1048576K
