12:59:27,454 |-INFO in ch.qos.logback.classic.LoggerContext[default] - Could NOT find resource [logback-test.xml]
12:59:27,455 |-INFO in ch.qos.logback.classic.LoggerContext[default] - Could NOT find resource [logback.groovy]
12:59:27,455 |-INFO in ch.qos.logback.classic.LoggerContext[default] - Found resource [logback.xml] at [jar:file:/root/flamestream/lib/flamestream-runtime-1.0-SNAPSHOT.jar!/logback.xml]
12:59:27,456 |-WARN in ch.qos.logback.classic.LoggerContext[default] - Resource [logback.xml] occurs multiple times on the classpath.
12:59:27,456 |-WARN in ch.qos.logback.classic.LoggerContext[default] - Resource [logback.xml] occurs at [jar:file:/root/flamestream/lib/flamestream-runtime-1.0-SNAPSHOT.jar!/logback.xml]
12:59:27,456 |-WARN in ch.qos.logback.classic.LoggerContext[default] - Resource [logback.xml] occurs at [jar:file:/root/flamestream/flamestream-runtime-1.0-SNAPSHOT.jar!/logback.xml]
12:59:27,475 |-INFO in ch.qos.logback.core.joran.spi.ConfigurationWatchList@3fb6a447 - URL [jar:file:/root/flamestream/lib/flamestream-runtime-1.0-SNAPSHOT.jar!/logback.xml] is not of type file
12:59:27,540 |-INFO in ch.qos.logback.classic.joran.action.ConfigurationAction - debug attribute not set
12:59:27,541 |-INFO in ch.qos.logback.core.joran.action.AppenderAction - About to instantiate appender of type [ch.qos.logback.core.ConsoleAppender]
12:59:27,557 |-INFO in ch.qos.logback.core.joran.action.AppenderAction - Naming appender as [STDOUT]
12:59:27,570 |-INFO in ch.qos.logback.core.joran.action.NestedComplexPropertyIA - Assuming default type [ch.qos.logback.classic.encoder.PatternLayoutEncoder] for [encoder] property
12:59:27,676 |-INFO in ch.qos.logback.core.joran.action.AppenderAction - About to instantiate appender of type [ch.qos.logback.core.rolling.RollingFileAppender]
12:59:27,685 |-INFO in ch.qos.logback.core.joran.action.AppenderAction - Naming appender as [FILE]
12:59:27,713 |-INFO in c.q.l.core.rolling.TimeBasedRollingPolicy@127618319 - No compression will be used
12:59:27,714 |-INFO in c.q.l.core.rolling.TimeBasedRollingPolicy@127618319 - Will use the pattern /tmp/application_%d{yyyy-MM-dd}.%i.log for the active file
12:59:27,717 |-INFO in ch.qos.logback.core.rolling.SizeAndTimeBasedFNATP@6b2fad11 - The date pattern is 'yyyy-MM-dd' from file name pattern '/tmp/application_%d{yyyy-MM-dd}.%i.log'.
12:59:27,717 |-INFO in ch.qos.logback.core.rolling.SizeAndTimeBasedFNATP@6b2fad11 - Roll-over at midnight.
12:59:27,722 |-INFO in ch.qos.logback.core.rolling.SizeAndTimeBasedFNATP@6b2fad11 - Setting initial period to Mon Jun 10 12:55:03 UTC 2019
12:59:27,722 |-WARN in ch.qos.logback.core.rolling.SizeAndTimeBasedFNATP@6b2fad11 - SizeAndTimeBasedFNATP is deprecated. Use SizeAndTimeBasedRollingPolicy instead
12:59:27,722 |-WARN in ch.qos.logback.core.rolling.SizeAndTimeBasedFNATP@6b2fad11 - For more information see http://logback.qos.ch/manual/appenders.html#SizeAndTimeBasedRollingPolicy
12:59:27,726 |-INFO in ch.qos.logback.core.joran.action.NestedComplexPropertyIA - Assuming default type [ch.qos.logback.classic.encoder.PatternLayoutEncoder] for [encoder] property
12:59:27,732 |-INFO in ch.qos.logback.core.rolling.RollingFileAppender[FILE] - Active log file name: /tmp/application.log
12:59:27,732 |-INFO in ch.qos.logback.core.rolling.RollingFileAppender[FILE] - File property is set to [/tmp/application.log]
12:59:27,732 |-INFO in ch.qos.logback.classic.joran.action.RootLoggerAction - Setting level of ROOT logger to WARN
12:59:27,732 |-INFO in ch.qos.logback.core.joran.action.AppenderRefAction - Attaching appender named [STDOUT] to Logger[ROOT]
12:59:27,734 |-INFO in ch.qos.logback.core.joran.action.AppenderRefAction - Attaching appender named [FILE] to Logger[ROOT]
12:59:27,734 |-INFO in ch.qos.logback.classic.joran.action.ConfigurationAction - End of configuration.
12:59:27,735 |-INFO in ch.qos.logback.classic.joran.JoranConfigurator@79698539 - Registering current configuration as safe fallback point

Ama winner
Ama winner
2019-06-10T12:59:29.307+0000: 2.039: [Full GC (Metadata GC Threshold) 2019-06-10T12:59:29.307+0000: 2.039: [Tenured: 0K->15241K(341376K), 0.0395259 secs] 117718K->15241K(494976K), [Metaspace: 20737K->20737K(1067008K)], 0.0395948 secs] [Times: user=0.03 sys=0.00, real=0.04 secs] 
12:59:46.710 [Curator-PathChildrenCache-1] WARN  o.a.c.u.ZKPaths  - The version of ZooKeeper being used doesn't support Container nodes. CreateMode.PERSISTENT will be used instead.
2019-06-10T12:59:49.639+0000: 22.371: [GC (Allocation Failure) 2019-06-10T12:59:49.639+0000: 22.371: [DefNew: 136576K->17024K(153600K), 0.0304862 secs] 151817K->52718K(494976K), 0.0305660 secs] [Times: user=0.02 sys=0.01, real=0.03 secs] 
2019-06-10T12:59:51.376+0000: 24.108: [Full GC (Metadata GC Threshold) 2019-06-10T12:59:51.376+0000: 24.108: [Tenured: 35694K->44422K(341376K), 0.0439105 secs] 85015K->44422K(494976K), [Metaspace: 34646K->34646K(1079296K)], 0.0439899 secs] [Times: user=0.04 sys=0.00, real=0.04 secs] 
2019-06-10T13:00:01.358+0000: 34.090: [GC (Allocation Failure) 2019-06-10T13:00:01.358+0000: 34.090: [DefNew: 136576K->93K(153600K), 0.0019356 secs] 180998K->44515K(494976K), 0.0019963 secs] [Times: user=0.01 sys=0.00, real=0.00 secs] 
2019-06-10T13:00:11.675+0000: 44.407: [GC (Allocation Failure) 2019-06-10T13:00:11.675+0000: 44.407: [DefNew: 136669K->158K(153600K), 0.0016859 secs] 181091K->44581K(494976K), 0.0017490 secs] [Times: user=0.01 sys=0.00, real=0.00 secs] 
2019-06-10T13:00:22.015+0000: 54.747: [GC (Allocation Failure) 2019-06-10T13:00:22.015+0000: 54.747: [DefNew: 136734K->160K(153600K), 0.0017933 secs] 181157K->44582K(494976K), 0.0018543 secs] [Times: user=0.00 sys=0.00, real=0.00 secs] 
2019-06-10T13:00:32.980+0000: 65.712: [GC (Allocation Failure) 2019-06-10T13:00:32.980+0000: 65.712: [DefNew: 136736K->497K(153600K), 0.0022417 secs] 181158K->44919K(494976K), 0.0023034 secs] [Times: user=0.00 sys=0.00, real=0.01 secs] 
2019-06-10T13:00:45.689+0000: 78.421: [GC (Allocation Failure) 2019-06-10T13:00:45.689+0000: 78.421: [DefNew: 137073K->254K(153600K), 0.0020442 secs] 181495K->44676K(494976K), 0.0021032 secs] [Times: user=0.00 sys=0.00, real=0.01 secs] 
2019-06-10T13:00:58.336+0000: 91.068: [GC (Allocation Failure) 2019-06-10T13:00:58.336+0000: 91.068: [DefNew: 136830K->255K(153600K), 0.0020600 secs] 181252K->44677K(494976K), 0.0021227 secs] [Times: user=0.00 sys=0.00, real=0.00 secs] 
13:01:20.133 [Curator-PathChildrenCache-0] ERROR o.a.c.f.r.c.PathChildrenCache  - 
java.lang.IllegalStateException: instance must be started before calling this method
	at org.apache.curator.shaded.com.google.common.base.Preconditions.checkState(Preconditions.java:444)
	at org.apache.curator.framework.imps.CuratorFrameworkImpl.getChildren(CuratorFrameworkImpl.java:456)
	at org.apache.curator.framework.recipes.cache.PathChildrenCache.refresh(PathChildrenCache.java:521)
	at org.apache.curator.framework.recipes.cache.RefreshOperation.invoke(RefreshOperation.java:35)
	at org.apache.curator.framework.recipes.cache.PathChildrenCache$9.run(PathChildrenCache.java:786)
	at java.util.concurrent.Executors$RunnableAdapter.call(Executors.java:511)
	at java.util.concurrent.FutureTask.run(FutureTask.java:266)
	at java.util.concurrent.Executors$RunnableAdapter.call(Executors.java:511)
	at java.util.concurrent.FutureTask.run(FutureTask.java:266)
	at java.util.concurrent.ThreadPoolExecutor.runWorker(ThreadPoolExecutor.java:1149)
	at java.util.concurrent.ThreadPoolExecutor$Worker.run(ThreadPoolExecutor.java:624)
	at java.lang.Thread.run(Thread.java:748)
2019-06-10T13:01:20.234+0000: 112.966: [GC (Allocation Failure) 2019-06-10T13:01:20.234+0000: 112.966: [DefNew: 136831K->984K(153600K), 0.0033210 secs] 181253K->45406K(494976K), 0.0033802 secs] [Times: user=0.00 sys=0.00, real=0.00 secs] 
Heap
 def new generation   total 153600K, used 6655K [0x00000000e0c00000, 0x00000000eb2a0000, 0x00000000eb2a0000)
  eden space 136576K,   4% used [0x00000000e0c00000, 0x00000000e1189a10, 0x00000000e9160000)
  from space 17024K,   5% used [0x00000000e9160000, 0x00000000e9256298, 0x00000000ea200000)
  to   space 17024K,   0% used [0x00000000ea200000, 0x00000000ea200000, 0x00000000eb2a0000)
 tenured generation   total 341376K, used 44422K [0x00000000eb2a0000, 0x0000000100000000, 0x0000000100000000)
   the space 341376K,  13% used [0x00000000eb2a0000, 0x00000000ede018f0, 0x00000000ede01a00, 0x0000000100000000)
 Metaspace       used 36164K, capacity 37060K, committed 37376K, reserved 1081344K
  class space    used 4874K, capacity 5074K, committed 5120K, reserved 1048576K
