19:40:02,175 |-INFO in ch.qos.logback.classic.LoggerContext[default] - Could NOT find resource [logback-test.xml]
19:40:02,175 |-INFO in ch.qos.logback.classic.LoggerContext[default] - Could NOT find resource [logback.groovy]
19:40:02,176 |-INFO in ch.qos.logback.classic.LoggerContext[default] - Found resource [logback.xml] at [jar:file:/root/flamestream/lib/flamestream-runtime-1.0-SNAPSHOT.jar!/logback.xml]
19:40:02,176 |-WARN in ch.qos.logback.classic.LoggerContext[default] - Resource [logback.xml] occurs multiple times on the classpath.
19:40:02,177 |-WARN in ch.qos.logback.classic.LoggerContext[default] - Resource [logback.xml] occurs at [jar:file:/root/flamestream/lib/flamestream-runtime-1.0-SNAPSHOT.jar!/logback.xml]
19:40:02,177 |-WARN in ch.qos.logback.classic.LoggerContext[default] - Resource [logback.xml] occurs at [jar:file:/root/flamestream/flamestream-runtime-1.0-SNAPSHOT.jar!/logback.xml]
19:40:02,198 |-INFO in ch.qos.logback.core.joran.spi.ConfigurationWatchList@3fb6a447 - URL [jar:file:/root/flamestream/lib/flamestream-runtime-1.0-SNAPSHOT.jar!/logback.xml] is not of type file
19:40:02,265 |-INFO in ch.qos.logback.classic.joran.action.ConfigurationAction - debug attribute not set
19:40:02,265 |-INFO in ch.qos.logback.core.joran.action.AppenderAction - About to instantiate appender of type [ch.qos.logback.core.ConsoleAppender]
19:40:02,283 |-INFO in ch.qos.logback.core.joran.action.AppenderAction - Naming appender as [STDOUT]
19:40:02,300 |-INFO in ch.qos.logback.core.joran.action.NestedComplexPropertyIA - Assuming default type [ch.qos.logback.classic.encoder.PatternLayoutEncoder] for [encoder] property
19:40:02,396 |-INFO in ch.qos.logback.core.joran.action.AppenderAction - About to instantiate appender of type [ch.qos.logback.core.rolling.RollingFileAppender]
19:40:02,400 |-INFO in ch.qos.logback.core.joran.action.AppenderAction - Naming appender as [FILE]
19:40:02,437 |-INFO in c.q.l.core.rolling.TimeBasedRollingPolicy@127618319 - No compression will be used
19:40:02,438 |-INFO in c.q.l.core.rolling.TimeBasedRollingPolicy@127618319 - Will use the pattern /tmp/application_%d{yyyy-MM-dd}.%i.log for the active file
19:40:02,441 |-INFO in ch.qos.logback.core.rolling.SizeAndTimeBasedFNATP@6b2fad11 - The date pattern is 'yyyy-MM-dd' from file name pattern '/tmp/application_%d{yyyy-MM-dd}.%i.log'.
19:40:02,441 |-INFO in ch.qos.logback.core.rolling.SizeAndTimeBasedFNATP@6b2fad11 - Roll-over at midnight.
19:40:02,447 |-INFO in ch.qos.logback.core.rolling.SizeAndTimeBasedFNATP@6b2fad11 - Setting initial period to Mon Jun 10 19:38:39 UTC 2019
19:40:02,447 |-WARN in ch.qos.logback.core.rolling.SizeAndTimeBasedFNATP@6b2fad11 - SizeAndTimeBasedFNATP is deprecated. Use SizeAndTimeBasedRollingPolicy instead
19:40:02,447 |-WARN in ch.qos.logback.core.rolling.SizeAndTimeBasedFNATP@6b2fad11 - For more information see http://logback.qos.ch/manual/appenders.html#SizeAndTimeBasedRollingPolicy
19:40:02,451 |-INFO in ch.qos.logback.core.joran.action.NestedComplexPropertyIA - Assuming default type [ch.qos.logback.classic.encoder.PatternLayoutEncoder] for [encoder] property
19:40:02,456 |-INFO in ch.qos.logback.core.rolling.RollingFileAppender[FILE] - Active log file name: /tmp/application.log
19:40:02,456 |-INFO in ch.qos.logback.core.rolling.RollingFileAppender[FILE] - File property is set to [/tmp/application.log]
19:40:02,457 |-INFO in ch.qos.logback.classic.joran.action.RootLoggerAction - Setting level of ROOT logger to WARN
19:40:02,457 |-INFO in ch.qos.logback.core.joran.action.AppenderRefAction - Attaching appender named [STDOUT] to Logger[ROOT]
19:40:02,459 |-INFO in ch.qos.logback.core.joran.action.AppenderRefAction - Attaching appender named [FILE] to Logger[ROOT]
19:40:02,459 |-INFO in ch.qos.logback.classic.joran.action.ConfigurationAction - End of configuration.
19:40:02,459 |-INFO in ch.qos.logback.classic.joran.JoranConfigurator@79698539 - Registering current configuration as safe fallback point

Ama winner
Ama winner
2019-06-10T19:40:03.756+0000: 1.774: [Full GC (Metadata GC Threshold) 2019-06-10T19:40:03.756+0000: 1.774: [Tenured: 0K->15208K(341376K), 0.0393602 secs] 112223K->15208K(494976K), [Metaspace: 20735K->20735K(1067008K)], 0.0394297 secs] [Times: user=0.03 sys=0.02, real=0.04 secs] 
19:40:15.864 [Curator-PathChildrenCache-1] WARN  o.a.c.u.ZKPaths  - The version of ZooKeeper being used doesn't support Container nodes. CreateMode.PERSISTENT will be used instead.
2019-06-10T19:40:17.953+0000: 15.971: [GC (Allocation Failure) 2019-06-10T19:40:17.953+0000: 15.971: [DefNew: 117659K->17024K(153600K), 0.0182501 secs] 132867K->32850K(494976K), 0.0183254 secs] [Times: user=0.02 sys=0.00, real=0.02 secs] 
2019-06-10T19:40:21.931+0000: 19.949: [Full GC (Metadata GC Threshold) 2019-06-10T19:40:21.931+0000: 19.949: [Tenured: 15826K->44088K(341376K), 0.0578355 secs] 126703K->44088K(494976K), [Metaspace: 34630K->34630K(1079296K)], 0.0579271 secs] [Times: user=0.05 sys=0.01, real=0.06 secs] 
2019-06-10T19:40:28.707+0000: 26.725: [GC (Allocation Failure) 2019-06-10T19:40:28.707+0000: 26.725: [DefNew: 136576K->55K(153600K), 0.0017651 secs] 180664K->44143K(494976K), 0.0018329 secs] [Times: user=0.00 sys=0.00, real=0.00 secs] 
2019-06-10T19:40:35.537+0000: 33.555: [GC (Allocation Failure) 2019-06-10T19:40:35.537+0000: 33.555: [DefNew: 136631K->84K(153600K), 0.0017278 secs] 180719K->44173K(494976K), 0.0017852 secs] [Times: user=0.00 sys=0.00, real=0.00 secs] 
2019-06-10T19:40:42.391+0000: 40.409: [GC (Allocation Failure) 2019-06-10T19:40:42.391+0000: 40.409: [DefNew: 136660K->120K(153600K), 0.0017840 secs] 180749K->44209K(494976K), 0.0018464 secs] [Times: user=0.00 sys=0.00, real=0.00 secs] 
2019-06-10T19:40:49.263+0000: 47.281: [GC (Allocation Failure) 2019-06-10T19:40:49.263+0000: 47.281: [DefNew: 136696K->119K(153600K), 0.0017237 secs] 180785K->44207K(494976K), 0.0017861 secs] [Times: user=0.00 sys=0.00, real=0.00 secs] 
2019-06-10T19:40:59.790+0000: 57.808: [GC (Allocation Failure) 2019-06-10T19:40:59.790+0000: 57.808: [DefNew: 136695K->120K(153600K), 0.0018334 secs] 180783K->44208K(494976K), 0.0018920 secs] [Times: user=0.00 sys=0.00, real=0.00 secs] 
19:41:01.338 [Curator-PathChildrenCache-0] ERROR o.a.c.f.r.c.PathChildrenCache  - 
java.lang.IllegalStateException: instance must be started before calling this method
	at org.apache.curator.shaded.com.google.common.base.Preconditions.checkState(Preconditions.java:444)
	at org.apache.curator.framework.imps.CuratorFrameworkImpl.getChildren(CuratorFrameworkImpl.java:456)
	at org.apache.curator.framework.recipes.cache.PathChildrenCache.refresh(PathChildrenCache.java:521)
	at org.apache.curator.framework.recipes.cache.RefreshOperation.invoke(RefreshOperation.java:35)
	at org.apache.curator.framework.recipes.cache.PathChildrenCache$9.run(PathChildrenCache.java:786)
	at java.util.concurrent.Executors$RunnableAdapter.call(Executors.java:511)
	at java.util.concurrent.FutureTask.run(FutureTask.java:266)
	at java.util.concurrent.Executors$RunnableAdapter.call(Executors.java:511)
	at java.util.concurrent.FutureTask.run(FutureTask.java:266)
	at java.util.concurrent.ThreadPoolExecutor.runWorker(ThreadPoolExecutor.java:1149)
	at java.util.concurrent.ThreadPoolExecutor$Worker.run(ThreadPoolExecutor.java:624)
	at java.lang.Thread.run(Thread.java:748)
Heap
 def new generation   total 153600K, used 24363K [0x00000000e0c00000, 0x00000000eb2a0000, 0x00000000eb2a0000)
  eden space 136576K,  17% used [0x00000000e0c00000, 0x00000000e23acea0, 0x00000000e9160000)
  from space 17024K,   0% used [0x00000000e9160000, 0x00000000e917e110, 0x00000000ea200000)
  to   space 17024K,   0% used [0x00000000ea200000, 0x00000000ea200000, 0x00000000eb2a0000)
 tenured generation   total 341376K, used 44088K [0x00000000eb2a0000, 0x0000000100000000, 0x0000000100000000)
   the space 341376K,  12% used [0x00000000eb2a0000, 0x00000000eddae290, 0x00000000eddae400, 0x0000000100000000)
 Metaspace       used 35736K, capacity 36646K, committed 36864K, reserved 1081344K
  class space    used 4824K, capacity 5043K, committed 5120K, reserved 1048576K
