05:52:01,968 |-INFO in ch.qos.logback.classic.LoggerContext[default] - Could NOT find resource [logback-test.xml]
05:52:01,968 |-INFO in ch.qos.logback.classic.LoggerContext[default] - Could NOT find resource [logback.groovy]
05:52:01,969 |-INFO in ch.qos.logback.classic.LoggerContext[default] - Found resource [logback.xml] at [jar:file:/home/nikitasokolov/flamestream/lib/flamestream-runtime-1.0-SNAPSHOT.jar!/logback.xml]
05:52:01,969 |-WARN in ch.qos.logback.classic.LoggerContext[default] - Resource [logback.xml] occurs multiple times on the classpath.
05:52:01,970 |-WARN in ch.qos.logback.classic.LoggerContext[default] - Resource [logback.xml] occurs at [jar:file:/home/nikitasokolov/flamestream/lib/flamestream-runtime-1.0-SNAPSHOT.jar!/logback.xml]
05:52:01,970 |-WARN in ch.qos.logback.classic.LoggerContext[default] - Resource [logback.xml] occurs at [jar:file:/home/nikitasokolov/flamestream/flamestream-runtime-1.0-SNAPSHOT.jar!/logback.xml]
05:52:01,987 |-INFO in ch.qos.logback.core.joran.spi.ConfigurationWatchList@6108b2d7 - URL [jar:file:/home/nikitasokolov/flamestream/lib/flamestream-runtime-1.0-SNAPSHOT.jar!/logback.xml] is not of type file
05:52:02,037 |-INFO in ch.qos.logback.classic.joran.action.ConfigurationAction - debug attribute not set
05:52:02,038 |-INFO in ch.qos.logback.core.joran.action.AppenderAction - About to instantiate appender of type [ch.qos.logback.core.ConsoleAppender]
05:52:02,046 |-INFO in ch.qos.logback.core.joran.action.AppenderAction - Naming appender as [STDOUT]
05:52:02,054 |-INFO in ch.qos.logback.core.joran.action.NestedComplexPropertyIA - Assuming default type [ch.qos.logback.classic.encoder.PatternLayoutEncoder] for [encoder] property
05:52:02,107 |-INFO in ch.qos.logback.core.joran.action.AppenderAction - About to instantiate appender of type [ch.qos.logback.core.rolling.RollingFileAppender]
05:52:02,111 |-INFO in ch.qos.logback.core.joran.action.AppenderAction - Naming appender as [FILE]
05:52:02,132 |-INFO in c.q.l.core.rolling.TimeBasedRollingPolicy@357863579 - No compression will be used
05:52:02,133 |-INFO in c.q.l.core.rolling.TimeBasedRollingPolicy@357863579 - Will use the pattern /tmp/application_%d{yyyy-MM-dd}.%i.log for the active file
05:52:02,136 |-INFO in ch.qos.logback.core.rolling.SizeAndTimeBasedFNATP@6bf256fa - The date pattern is 'yyyy-MM-dd' from file name pattern '/tmp/application_%d{yyyy-MM-dd}.%i.log'.
05:52:02,136 |-INFO in ch.qos.logback.core.rolling.SizeAndTimeBasedFNATP@6bf256fa - Roll-over at midnight.
05:52:02,140 |-INFO in ch.qos.logback.core.rolling.SizeAndTimeBasedFNATP@6bf256fa - Setting initial period to Sun Jun 09 05:51:14 MSK 2019
05:52:02,140 |-WARN in ch.qos.logback.core.rolling.SizeAndTimeBasedFNATP@6bf256fa - SizeAndTimeBasedFNATP is deprecated. Use SizeAndTimeBasedRollingPolicy instead
05:52:02,140 |-WARN in ch.qos.logback.core.rolling.SizeAndTimeBasedFNATP@6bf256fa - For more information see http://logback.qos.ch/manual/appenders.html#SizeAndTimeBasedRollingPolicy
05:52:02,145 |-INFO in ch.qos.logback.core.joran.action.NestedComplexPropertyIA - Assuming default type [ch.qos.logback.classic.encoder.PatternLayoutEncoder] for [encoder] property
05:52:02,148 |-INFO in ch.qos.logback.core.rolling.RollingFileAppender[FILE] - Active log file name: /tmp/application.log
05:52:02,148 |-INFO in ch.qos.logback.core.rolling.RollingFileAppender[FILE] - File property is set to [/tmp/application.log]
05:52:02,149 |-INFO in ch.qos.logback.classic.joran.action.RootLoggerAction - Setting level of ROOT logger to WARN
05:52:02,149 |-INFO in ch.qos.logback.core.joran.action.AppenderRefAction - Attaching appender named [STDOUT] to Logger[ROOT]
05:52:02,150 |-INFO in ch.qos.logback.core.joran.action.AppenderRefAction - Attaching appender named [FILE] to Logger[ROOT]
05:52:02,150 |-INFO in ch.qos.logback.classic.joran.action.ConfigurationAction - End of configuration.
05:52:02,150 |-INFO in ch.qos.logback.classic.joran.JoranConfigurator@6cd8737 - Registering current configuration as safe fallback point

2019-06-09T05:52:03.166+0300: 1.393: [GC (Metadata GC Threshold) [PSYoungGen: 108152K->15942K(149504K)] 108152K->16023K(491008K), 0.0265975 secs] [Times: user=0.08 sys=0.02, real=0.03 secs] 
2019-06-09T05:52:03.193+0300: 1.419: [Full GC (Metadata GC Threshold) [PSYoungGen: 15942K->0K(149504K)] [ParOldGen: 80K->15078K(341504K)] 16023K->15078K(491008K), [Metaspace: 20800K->20800K(1067008K)], 0.0300807 secs] [Times: user=0.19 sys=0.01, real=0.03 secs] 
05:52:16.359 [Curator-PathChildrenCache-1] WARN  o.a.c.u.ZKPaths  - The version of ZooKeeper being used doesn't support Container nodes. CreateMode.PERSISTENT will be used instead.
2019-06-09T05:52:17.334+0300: 15.561: [GC (Metadata GC Threshold) [PSYoungGen: 126980K->15842K(149504K)] 142058K->50460K(491008K), 0.0264620 secs] [Times: user=0.22 sys=0.01, real=0.03 secs] 
2019-06-09T05:52:17.361+0300: 15.587: [Full GC (Metadata GC Threshold) [PSYoungGen: 15842K->0K(149504K)] [ParOldGen: 34617K->38900K(341504K)] 50460K->38900K(491008K), [Metaspace: 34569K->34569K(1079296K)], 0.0356574 secs] [Times: user=0.19 sys=0.01, real=0.03 secs] 
2019-06-09T05:52:19.575+0300: 17.802: [GC (Allocation Failure) [PSYoungGen: 128512K->544K(149504K)] 167412K->39452K(491008K), 0.0038764 secs] [Times: user=0.02 sys=0.00, real=0.01 secs] 
2019-06-09T05:52:22.219+0300: 20.445: [GC (Allocation Failure) [PSYoungGen: 129056K->544K(149504K)] 167964K->39460K(491008K), 0.0032242 secs] [Times: user=0.02 sys=0.00, real=0.00 secs] 
2019-06-09T05:52:24.844+0300: 23.071: [GC (Allocation Failure) [PSYoungGen: 129056K->640K(129536K)] 167972K->39564K(471040K), 0.0060360 secs] [Times: user=0.05 sys=0.01, real=0.01 secs] 
2019-06-09T05:52:27.521+0300: 25.748: [GC (Allocation Failure) [PSYoungGen: 129152K->704K(150016K)] 168076K->39636K(491520K), 0.0029992 secs] [Times: user=0.01 sys=0.01, real=0.00 secs] 
2019-06-09T05:52:30.184+0300: 28.411: [GC (Allocation Failure) [PSYoungGen: 129216K->672K(148992K)] 168148K->39612K(490496K), 0.0057950 secs] [Times: user=0.05 sys=0.00, real=0.01 secs] 
2019-06-09T05:52:32.912+0300: 31.139: [GC (Allocation Failure) [PSYoungGen: 129184K->800K(151552K)] 168124K->39748K(493056K), 0.0672254 secs] [Times: user=0.02 sys=0.00, real=0.07 secs] 
2019-06-09T05:52:35.606+0300: 33.833: [GC (Allocation Failure) [PSYoungGen: 132896K->736K(151040K)] 171844K->39684K(492544K), 0.0031907 secs] [Times: user=0.01 sys=0.01, real=0.00 secs] 
2019-06-09T05:52:38.353+0300: 36.579: [GC (Allocation Failure) [PSYoungGen: 132832K->800K(153600K)] 171780K->39756K(495104K), 0.0045188 secs] [Times: user=0.03 sys=0.00, real=0.00 secs] 
2019-06-09T05:52:41.175+0300: 39.402: [GC (Allocation Failure) [PSYoungGen: 136480K->864K(152576K)] 175436K->39820K(494080K), 0.0026757 secs] [Times: user=0.02 sys=0.00, real=0.01 secs] 
2019-06-09T05:52:43.968+0300: 42.194: [GC (Allocation Failure) [PSYoungGen: 136544K->736K(155136K)] 175500K->39700K(496640K), 0.0782065 secs] [Times: user=0.03 sys=0.00, real=0.08 secs] 
2019-06-09T05:52:46.876+0300: 45.103: [GC (Allocation Failure) [PSYoungGen: 139488K->896K(154112K)] 178452K->39860K(495616K), 0.0024880 secs] [Times: user=0.01 sys=0.00, real=0.01 secs] 
2019-06-09T05:52:49.763+0300: 47.989: [GC (Allocation Failure) [PSYoungGen: 139648K->832K(156672K)] 178612K->39796K(498176K), 0.0031665 secs] [Times: user=0.01 sys=0.00, real=0.00 secs] 
2019-06-09T05:52:52.685+0300: 50.912: [GC (Allocation Failure) [PSYoungGen: 142656K->832K(155648K)] 181620K->39804K(497152K), 0.0029580 secs] [Times: user=0.01 sys=0.00, real=0.00 secs] 
2019-06-09T05:52:55.650+0300: 53.876: [GC (Allocation Failure) [PSYoungGen: 142656K->832K(158208K)] 181628K->39812K(499712K), 0.0048818 secs] [Times: user=0.04 sys=0.00, real=0.00 secs] 
05:53:02.663 [Curator-PathChildrenCache-0] ERROR o.a.c.f.r.c.PathChildrenCache  - 
java.lang.IllegalStateException: instance must be started before calling this method
	at org.apache.curator.shaded.com.google.common.base.Preconditions.checkState(Preconditions.java:444)
	at org.apache.curator.framework.imps.CuratorFrameworkImpl.getChildren(CuratorFrameworkImpl.java:456)
	at org.apache.curator.framework.recipes.cache.PathChildrenCache.refresh(PathChildrenCache.java:521)
	at org.apache.curator.framework.recipes.cache.RefreshOperation.invoke(RefreshOperation.java:35)
	at org.apache.curator.framework.recipes.cache.PathChildrenCache$9.run(PathChildrenCache.java:786)
	at java.util.concurrent.Executors$RunnableAdapter.call(Executors.java:511)
	at java.util.concurrent.FutureTask.run(FutureTask.java:266)
	at java.util.concurrent.Executors$RunnableAdapter.call(Executors.java:511)
	at java.util.concurrent.FutureTask.run(FutureTask.java:266)
	at java.util.concurrent.ThreadPoolExecutor.runWorker(ThreadPoolExecutor.java:1149)
	at java.util.concurrent.ThreadPoolExecutor$Worker.run(ThreadPoolExecutor.java:624)
	at java.lang.Thread.run(Thread.java:748)
Heap
 PSYoungGen      total 158208K, used 100600K [0x00000000f5980000, 0x0000000100000000, 0x0000000100000000)
  eden space 144896K, 68% used [0x00000000f5980000,0x00000000fbaedf88,0x00000000fe700000)
  from space 13312K, 6% used [0x00000000ff300000,0x00000000ff3d00b0,0x0000000100000000)
  to   space 12288K, 0% used [0x00000000fe700000,0x00000000fe700000,0x00000000ff300000)
 ParOldGen       total 341504K, used 38980K [0x00000000e0c00000, 0x00000000f5980000, 0x00000000f5980000)
  object space 341504K, 11% used [0x00000000e0c00000,0x00000000e3211288,0x00000000f5980000)
 Metaspace       used 35874K, capacity 36734K, committed 36952K, reserved 1081344K
  class space    used 4946K, capacity 5129K, committed 5248K, reserved 1048576K
