13:28:23,024 |-INFO in ch.qos.logback.classic.LoggerContext[default] - Could NOT find resource [logback-test.xml]
13:28:23,024 |-INFO in ch.qos.logback.classic.LoggerContext[default] - Could NOT find resource [logback.groovy]
13:28:23,025 |-INFO in ch.qos.logback.classic.LoggerContext[default] - Found resource [logback.xml] at [jar:file:/root/flamestream/lib/flamestream-runtime-1.0-SNAPSHOT.jar!/logback.xml]
13:28:23,026 |-WARN in ch.qos.logback.classic.LoggerContext[default] - Resource [logback.xml] occurs multiple times on the classpath.
13:28:23,026 |-WARN in ch.qos.logback.classic.LoggerContext[default] - Resource [logback.xml] occurs at [jar:file:/root/flamestream/lib/flamestream-runtime-1.0-SNAPSHOT.jar!/logback.xml]
13:28:23,026 |-WARN in ch.qos.logback.classic.LoggerContext[default] - Resource [logback.xml] occurs at [jar:file:/root/flamestream/flamestream-runtime-1.0-SNAPSHOT.jar!/logback.xml]
13:28:23,046 |-INFO in ch.qos.logback.core.joran.spi.ConfigurationWatchList@3fb6a447 - URL [jar:file:/root/flamestream/lib/flamestream-runtime-1.0-SNAPSHOT.jar!/logback.xml] is not of type file
13:28:23,117 |-INFO in ch.qos.logback.classic.joran.action.ConfigurationAction - debug attribute not set
13:28:23,117 |-INFO in ch.qos.logback.core.joran.action.AppenderAction - About to instantiate appender of type [ch.qos.logback.core.ConsoleAppender]
13:28:23,137 |-INFO in ch.qos.logback.core.joran.action.AppenderAction - Naming appender as [STDOUT]
13:28:23,155 |-INFO in ch.qos.logback.core.joran.action.NestedComplexPropertyIA - Assuming default type [ch.qos.logback.classic.encoder.PatternLayoutEncoder] for [encoder] property
13:28:23,237 |-INFO in ch.qos.logback.core.joran.action.AppenderAction - About to instantiate appender of type [ch.qos.logback.core.rolling.RollingFileAppender]
13:28:23,242 |-INFO in ch.qos.logback.core.joran.action.AppenderAction - Naming appender as [FILE]
13:28:23,272 |-INFO in c.q.l.core.rolling.TimeBasedRollingPolicy@127618319 - No compression will be used
13:28:23,274 |-INFO in c.q.l.core.rolling.TimeBasedRollingPolicy@127618319 - Will use the pattern /tmp/application_%d{yyyy-MM-dd}.%i.log for the active file
13:28:23,276 |-INFO in ch.qos.logback.core.rolling.SizeAndTimeBasedFNATP@6b2fad11 - The date pattern is 'yyyy-MM-dd' from file name pattern '/tmp/application_%d{yyyy-MM-dd}.%i.log'.
13:28:23,276 |-INFO in ch.qos.logback.core.rolling.SizeAndTimeBasedFNATP@6b2fad11 - Roll-over at midnight.
13:28:23,282 |-INFO in ch.qos.logback.core.rolling.SizeAndTimeBasedFNATP@6b2fad11 - Setting initial period to Mon Jun 10 13:27:01 UTC 2019
13:28:23,282 |-WARN in ch.qos.logback.core.rolling.SizeAndTimeBasedFNATP@6b2fad11 - SizeAndTimeBasedFNATP is deprecated. Use SizeAndTimeBasedRollingPolicy instead
13:28:23,282 |-WARN in ch.qos.logback.core.rolling.SizeAndTimeBasedFNATP@6b2fad11 - For more information see http://logback.qos.ch/manual/appenders.html#SizeAndTimeBasedRollingPolicy
13:28:23,286 |-INFO in ch.qos.logback.core.joran.action.NestedComplexPropertyIA - Assuming default type [ch.qos.logback.classic.encoder.PatternLayoutEncoder] for [encoder] property
13:28:23,291 |-INFO in ch.qos.logback.core.rolling.RollingFileAppender[FILE] - Active log file name: /tmp/application.log
13:28:23,291 |-INFO in ch.qos.logback.core.rolling.RollingFileAppender[FILE] - File property is set to [/tmp/application.log]
13:28:23,292 |-INFO in ch.qos.logback.classic.joran.action.RootLoggerAction - Setting level of ROOT logger to WARN
13:28:23,292 |-INFO in ch.qos.logback.core.joran.action.AppenderRefAction - Attaching appender named [STDOUT] to Logger[ROOT]
13:28:23,294 |-INFO in ch.qos.logback.core.joran.action.AppenderRefAction - Attaching appender named [FILE] to Logger[ROOT]
13:28:23,294 |-INFO in ch.qos.logback.classic.joran.action.ConfigurationAction - End of configuration.
13:28:23,294 |-INFO in ch.qos.logback.classic.joran.JoranConfigurator@79698539 - Registering current configuration as safe fallback point

Ama winner
Ama winner
2019-06-10T13:28:24.631+0000: 1.798: [Full GC (Metadata GC Threshold) 2019-06-10T13:28:24.631+0000: 1.798: [Tenured: 0K->15242K(341376K), 0.0384475 secs] 117750K->15242K(494976K), [Metaspace: 20738K->20738K(1067008K)], 0.0385157 secs] [Times: user=0.03 sys=0.01, real=0.04 secs] 
13:28:48.455 [Curator-PathChildrenCache-2] WARN  o.a.c.u.ZKPaths  - The version of ZooKeeper being used doesn't support Container nodes. CreateMode.PERSISTENT will be used instead.
2019-06-10T13:28:51.011+0000: 28.178: [GC (GCLocker Initiated GC) 2019-06-10T13:28:51.011+0000: 28.178: [DefNew: 123788K->17024K(153600K), 0.0185471 secs] 158562K->52874K(494976K), 0.0186177 secs] [Times: user=0.02 sys=0.00, real=0.02 secs] 
2019-06-10T13:28:51.512+0000: 28.679: [Full GC (Metadata GC Threshold) 2019-06-10T13:28:51.512+0000: 28.679: [Tenured: 35850K->44880K(341376K), 0.0392899 secs] 68924K->44880K(494976K), [Metaspace: 34606K->34606K(1079296K)], 0.0393762 secs] [Times: user=0.04 sys=0.01, real=0.04 secs] 
2019-06-10T13:28:55.866+0000: 33.033: [GC (Allocation Failure) 2019-06-10T13:28:55.866+0000: 33.033: [DefNew: 136576K->302K(153600K), 0.0026848 secs] 181456K->45182K(494976K), 0.0027424 secs] [Times: user=0.01 sys=0.00, real=0.00 secs] 
2019-06-10T13:29:00.068+0000: 37.235: [GC (Allocation Failure) 2019-06-10T13:29:00.068+0000: 37.235: [DefNew: 136878K->333K(153600K), 0.0023561 secs] 181758K->45214K(494976K), 0.0024157 secs] [Times: user=0.00 sys=0.00, real=0.01 secs] 
2019-06-10T13:29:04.344+0000: 41.511: [GC (Allocation Failure) 2019-06-10T13:29:04.344+0000: 41.511: [DefNew: 136909K->339K(153600K), 0.0024251 secs] 181790K->45220K(494976K), 0.0024850 secs] [Times: user=0.00 sys=0.00, real=0.00 secs] 
2019-06-10T13:29:08.649+0000: 45.816: [GC (Allocation Failure) 2019-06-10T13:29:08.649+0000: 45.816: [DefNew: 136915K->336K(153600K), 0.0024415 secs] 181796K->45217K(494976K), 0.0025189 secs] [Times: user=0.00 sys=0.00, real=0.00 secs] 
2019-06-10T13:29:12.853+0000: 50.020: [GC (Allocation Failure) 2019-06-10T13:29:12.853+0000: 50.020: [DefNew: 136912K->336K(153600K), 0.0024686 secs] 181793K->45217K(494976K), 0.0025297 secs] [Times: user=0.00 sys=0.00, real=0.00 secs] 
2019-06-10T13:29:17.173+0000: 54.340: [GC (Allocation Failure) 2019-06-10T13:29:17.173+0000: 54.340: [DefNew: 136912K->337K(153600K), 0.0024930 secs] 181793K->45217K(494976K), 0.0025557 secs] [Times: user=0.00 sys=0.00, real=0.00 secs] 
2019-06-10T13:29:21.459+0000: 58.626: [GC (Allocation Failure) 2019-06-10T13:29:21.459+0000: 58.626: [DefNew: 136913K->335K(153600K), 0.0024057 secs] 181793K->45216K(494976K), 0.0024763 secs] [Times: user=0.00 sys=0.00, real=0.00 secs] 
2019-06-10T13:29:25.812+0000: 62.980: [GC (Allocation Failure) 2019-06-10T13:29:25.813+0000: 62.980: [DefNew: 136911K->640K(153600K), 0.0028445 secs] 181792K->45520K(494976K), 0.0029056 secs] [Times: user=0.00 sys=0.00, real=0.00 secs] 
13:29:42.310 [Curator-PathChildrenCache-0] ERROR o.a.c.f.r.c.PathChildrenCache  - 
java.lang.IllegalStateException: instance must be started before calling this method
	at org.apache.curator.shaded.com.google.common.base.Preconditions.checkState(Preconditions.java:444)
	at org.apache.curator.framework.imps.CuratorFrameworkImpl.getChildren(CuratorFrameworkImpl.java:456)
	at org.apache.curator.framework.recipes.cache.PathChildrenCache.refresh(PathChildrenCache.java:521)
	at org.apache.curator.framework.recipes.cache.RefreshOperation.invoke(RefreshOperation.java:35)
	at org.apache.curator.framework.recipes.cache.PathChildrenCache$9.run(PathChildrenCache.java:786)
	at java.util.concurrent.Executors$RunnableAdapter.call(Executors.java:511)
	at java.util.concurrent.FutureTask.run(FutureTask.java:266)
	at java.util.concurrent.Executors$RunnableAdapter.call(Executors.java:511)
	at java.util.concurrent.FutureTask.run(FutureTask.java:266)
	at java.util.concurrent.ThreadPoolExecutor.runWorker(ThreadPoolExecutor.java:1149)
	at java.util.concurrent.ThreadPoolExecutor$Worker.run(ThreadPoolExecutor.java:624)
	at java.lang.Thread.run(Thread.java:748)
Heap
 def new generation   total 153600K, used 127155K [0x00000000e0c00000, 0x00000000eb2a0000, 0x00000000eb2a0000)
  eden space 136576K,  92% used [0x00000000e0c00000, 0x00000000e878cbf8, 0x00000000e9160000)
  from space 17024K,   3% used [0x00000000ea200000, 0x00000000ea2a00d0, 0x00000000eb2a0000)
  to   space 17024K,   0% used [0x00000000e9160000, 0x00000000e9160000, 0x00000000ea200000)
 tenured generation   total 341376K, used 44880K [0x00000000eb2a0000, 0x0000000100000000, 0x0000000100000000)
   the space 341376K,  13% used [0x00000000eb2a0000, 0x00000000ede742d0, 0x00000000ede74400, 0x0000000100000000)
 Metaspace       used 36442K, capacity 37422K, committed 37760K, reserved 1081344K
  class space    used 4916K, capacity 5131K, committed 5248K, reserved 1048576K
