16:41:18,176 |-INFO in ch.qos.logback.classic.LoggerContext[default] - Could NOT find resource [logback-test.xml]
16:41:18,176 |-INFO in ch.qos.logback.classic.LoggerContext[default] - Could NOT find resource [logback.groovy]
16:41:18,176 |-INFO in ch.qos.logback.classic.LoggerContext[default] - Found resource [logback.xml] at [jar:file:/root/flamestream/lib/flamestream-runtime-1.0-SNAPSHOT.jar!/logback.xml]
16:41:18,176 |-WARN in ch.qos.logback.classic.LoggerContext[default] - Resource [logback.xml] occurs multiple times on the classpath.
16:41:18,176 |-WARN in ch.qos.logback.classic.LoggerContext[default] - Resource [logback.xml] occurs at [jar:file:/root/flamestream/lib/flamestream-runtime-1.0-SNAPSHOT.jar!/logback.xml]
16:41:18,176 |-WARN in ch.qos.logback.classic.LoggerContext[default] - Resource [logback.xml] occurs at [jar:file:/root/flamestream/flamestream-runtime-1.0-SNAPSHOT.jar!/logback.xml]
16:41:18,199 |-INFO in ch.qos.logback.core.joran.spi.ConfigurationWatchList@3fb6a447 - URL [jar:file:/root/flamestream/lib/flamestream-runtime-1.0-SNAPSHOT.jar!/logback.xml] is not of type file
16:41:18,267 |-INFO in ch.qos.logback.classic.joran.action.ConfigurationAction - debug attribute not set
16:41:18,268 |-INFO in ch.qos.logback.core.joran.action.AppenderAction - About to instantiate appender of type [ch.qos.logback.core.ConsoleAppender]
16:41:18,283 |-INFO in ch.qos.logback.core.joran.action.AppenderAction - Naming appender as [STDOUT]
16:41:18,300 |-INFO in ch.qos.logback.core.joran.action.NestedComplexPropertyIA - Assuming default type [ch.qos.logback.classic.encoder.PatternLayoutEncoder] for [encoder] property
16:41:18,396 |-INFO in ch.qos.logback.core.joran.action.AppenderAction - About to instantiate appender of type [ch.qos.logback.core.rolling.RollingFileAppender]
16:41:18,401 |-INFO in ch.qos.logback.core.joran.action.AppenderAction - Naming appender as [FILE]
16:41:18,438 |-INFO in c.q.l.core.rolling.TimeBasedRollingPolicy@127618319 - No compression will be used
16:41:18,439 |-INFO in c.q.l.core.rolling.TimeBasedRollingPolicy@127618319 - Will use the pattern /tmp/application_%d{yyyy-MM-dd}.%i.log for the active file
16:41:18,442 |-INFO in ch.qos.logback.core.rolling.SizeAndTimeBasedFNATP@6b2fad11 - The date pattern is 'yyyy-MM-dd' from file name pattern '/tmp/application_%d{yyyy-MM-dd}.%i.log'.
16:41:18,442 |-INFO in ch.qos.logback.core.rolling.SizeAndTimeBasedFNATP@6b2fad11 - Roll-over at midnight.
16:41:18,448 |-INFO in ch.qos.logback.core.rolling.SizeAndTimeBasedFNATP@6b2fad11 - Setting initial period to Mon Jun 10 16:39:59 UTC 2019
16:41:18,448 |-WARN in ch.qos.logback.core.rolling.SizeAndTimeBasedFNATP@6b2fad11 - SizeAndTimeBasedFNATP is deprecated. Use SizeAndTimeBasedRollingPolicy instead
16:41:18,448 |-WARN in ch.qos.logback.core.rolling.SizeAndTimeBasedFNATP@6b2fad11 - For more information see http://logback.qos.ch/manual/appenders.html#SizeAndTimeBasedRollingPolicy
16:41:18,452 |-INFO in ch.qos.logback.core.joran.action.NestedComplexPropertyIA - Assuming default type [ch.qos.logback.classic.encoder.PatternLayoutEncoder] for [encoder] property
16:41:18,456 |-INFO in ch.qos.logback.core.rolling.RollingFileAppender[FILE] - Active log file name: /tmp/application.log
16:41:18,456 |-INFO in ch.qos.logback.core.rolling.RollingFileAppender[FILE] - File property is set to [/tmp/application.log]
16:41:18,457 |-INFO in ch.qos.logback.classic.joran.action.RootLoggerAction - Setting level of ROOT logger to WARN
16:41:18,457 |-INFO in ch.qos.logback.core.joran.action.AppenderRefAction - Attaching appender named [STDOUT] to Logger[ROOT]
16:41:18,458 |-INFO in ch.qos.logback.core.joran.action.AppenderRefAction - Attaching appender named [FILE] to Logger[ROOT]
16:41:18,458 |-INFO in ch.qos.logback.classic.joran.action.ConfigurationAction - End of configuration.
16:41:18,458 |-INFO in ch.qos.logback.classic.joran.JoranConfigurator@79698539 - Registering current configuration as safe fallback point

Ama winner
Ama winner
2019-06-10T16:41:19.720+0000: 1.727: [Full GC (Metadata GC Threshold) 2019-06-10T16:41:19.720+0000: 1.727: [Tenured: 0K->15144K(341376K), 0.0408405 secs] 114923K->15144K(494976K), [Metaspace: 20735K->20735K(1067008K)], 0.0409060 secs] [Times: user=0.04 sys=0.01, real=0.04 secs] 
16:41:42.280 [Curator-PathChildrenCache-1] WARN  o.a.c.u.ZKPaths  - The version of ZooKeeper being used doesn't support Container nodes. CreateMode.PERSISTENT will be used instead.
2019-06-10T16:41:44.495+0000: 26.502: [GC (Allocation Failure) 2019-06-10T16:41:44.495+0000: 26.502: [DefNew: 136576K->17024K(153600K), 0.0339499 secs] 151720K->52609K(494976K), 0.0340245 secs] [Times: user=0.03 sys=0.01, real=0.04 secs] 
2019-06-10T16:41:45.868+0000: 27.875: [Full GC (Metadata GC Threshold) 2019-06-10T16:41:45.868+0000: 27.875: [Tenured: 35585K->44289K(341376K), 0.0399845 secs] 84392K->44289K(494976K), [Metaspace: 34572K->34572K(1079296K)], 0.0400824 secs] [Times: user=0.04 sys=0.00, real=0.04 secs] 
2019-06-10T16:41:51.807+0000: 33.814: [GC (Allocation Failure) 2019-06-10T16:41:51.808+0000: 33.814: [DefNew: 136576K->74K(153600K), 0.0020039 secs] 180865K->44363K(494976K), 0.0020743 secs] [Times: user=0.00 sys=0.00, real=0.01 secs] 
2019-06-10T16:41:57.668+0000: 39.675: [GC (Allocation Failure) 2019-06-10T16:41:57.668+0000: 39.675: [DefNew: 136650K->71K(153600K), 0.0017745 secs] 180939K->44360K(494976K), 0.0018335 secs] [Times: user=0.00 sys=0.00, real=0.01 secs] 
2019-06-10T16:42:03.567+0000: 45.574: [GC (Allocation Failure) 2019-06-10T16:42:03.567+0000: 45.574: [DefNew: 136647K->74K(153600K), 0.0017832 secs] 180936K->44363K(494976K), 0.0018460 secs] [Times: user=0.00 sys=0.00, real=0.01 secs] 
2019-06-10T16:42:09.567+0000: 51.574: [GC (Allocation Failure) 2019-06-10T16:42:09.567+0000: 51.574: [DefNew: 136650K->72K(153600K), 0.0017827 secs] 180939K->44361K(494976K), 0.0018427 secs] [Times: user=0.01 sys=0.00, real=0.01 secs] 
2019-06-10T16:42:15.569+0000: 57.576: [GC (Allocation Failure) 2019-06-10T16:42:15.569+0000: 57.576: [DefNew: 136648K->75K(153600K), 0.0019049 secs] 180937K->44364K(494976K), 0.0019691 secs] [Times: user=0.00 sys=0.00, real=0.00 secs] 
16:42:24.918 [Curator-PathChildrenCache-0] ERROR o.a.c.f.r.c.PathChildrenCache  - 
java.lang.IllegalStateException: instance must be started before calling this method
	at org.apache.curator.shaded.com.google.common.base.Preconditions.checkState(Preconditions.java:444)
	at org.apache.curator.framework.imps.CuratorFrameworkImpl.getChildren(CuratorFrameworkImpl.java:456)
	at org.apache.curator.framework.recipes.cache.PathChildrenCache.refresh(PathChildrenCache.java:521)
	at org.apache.curator.framework.recipes.cache.RefreshOperation.invoke(RefreshOperation.java:35)
	at org.apache.curator.framework.recipes.cache.PathChildrenCache$9.run(PathChildrenCache.java:786)
	at java.util.concurrent.Executors$RunnableAdapter.call(Executors.java:511)
	at java.util.concurrent.FutureTask.run(FutureTask.java:266)
	at java.util.concurrent.Executors$RunnableAdapter.call(Executors.java:511)
	at java.util.concurrent.FutureTask.run(FutureTask.java:266)
	at java.util.concurrent.ThreadPoolExecutor.runWorker(ThreadPoolExecutor.java:1149)
	at java.util.concurrent.ThreadPoolExecutor$Worker.run(ThreadPoolExecutor.java:624)
	at java.lang.Thread.run(Thread.java:748)
Heap
 def new generation   total 153600K, used 91154K [0x00000000e0c00000, 0x00000000eb2a0000, 0x00000000eb2a0000)
  eden space 136576K,  66% used [0x00000000e0c00000, 0x00000000e64f1b78, 0x00000000e9160000)
  from space 17024K,   0% used [0x00000000e9160000, 0x00000000e9172cd8, 0x00000000ea200000)
  to   space 17024K,   0% used [0x00000000ea200000, 0x00000000ea200000, 0x00000000eb2a0000)
 tenured generation   total 341376K, used 44289K [0x00000000eb2a0000, 0x0000000100000000, 0x0000000100000000)
   the space 341376K,  12% used [0x00000000eb2a0000, 0x00000000edde0458, 0x00000000edde0600, 0x0000000100000000)
 Metaspace       used 36105K, capacity 37030K, committed 37120K, reserved 1081344K
  class space    used 4870K, capacity 5081K, committed 5120K, reserved 1048576K
