19:56:35,085 |-INFO in ch.qos.logback.classic.LoggerContext[default] - Could NOT find resource [logback-test.xml]
19:56:35,086 |-INFO in ch.qos.logback.classic.LoggerContext[default] - Could NOT find resource [logback.groovy]
19:56:35,086 |-INFO in ch.qos.logback.classic.LoggerContext[default] - Found resource [logback.xml] at [jar:file:/root/flamestream/lib/flamestream-runtime-1.0-SNAPSHOT.jar!/logback.xml]
19:56:35,087 |-WARN in ch.qos.logback.classic.LoggerContext[default] - Resource [logback.xml] occurs multiple times on the classpath.
19:56:35,087 |-WARN in ch.qos.logback.classic.LoggerContext[default] - Resource [logback.xml] occurs at [jar:file:/root/flamestream/lib/flamestream-runtime-1.0-SNAPSHOT.jar!/logback.xml]
19:56:35,087 |-WARN in ch.qos.logback.classic.LoggerContext[default] - Resource [logback.xml] occurs at [jar:file:/root/flamestream/flamestream-runtime-1.0-SNAPSHOT.jar!/logback.xml]
19:56:35,106 |-INFO in ch.qos.logback.core.joran.spi.ConfigurationWatchList@3fb6a447 - URL [jar:file:/root/flamestream/lib/flamestream-runtime-1.0-SNAPSHOT.jar!/logback.xml] is not of type file
19:56:35,172 |-INFO in ch.qos.logback.classic.joran.action.ConfigurationAction - debug attribute not set
19:56:35,173 |-INFO in ch.qos.logback.core.joran.action.AppenderAction - About to instantiate appender of type [ch.qos.logback.core.ConsoleAppender]
19:56:35,190 |-INFO in ch.qos.logback.core.joran.action.AppenderAction - Naming appender as [STDOUT]
19:56:35,208 |-INFO in ch.qos.logback.core.joran.action.NestedComplexPropertyIA - Assuming default type [ch.qos.logback.classic.encoder.PatternLayoutEncoder] for [encoder] property
19:56:35,293 |-INFO in ch.qos.logback.core.joran.action.AppenderAction - About to instantiate appender of type [ch.qos.logback.core.rolling.RollingFileAppender]
19:56:35,298 |-INFO in ch.qos.logback.core.joran.action.AppenderAction - Naming appender as [FILE]
19:56:35,328 |-INFO in c.q.l.core.rolling.TimeBasedRollingPolicy@127618319 - No compression will be used
19:56:35,329 |-INFO in c.q.l.core.rolling.TimeBasedRollingPolicy@127618319 - Will use the pattern /tmp/application_%d{yyyy-MM-dd}.%i.log for the active file
19:56:35,332 |-INFO in ch.qos.logback.core.rolling.SizeAndTimeBasedFNATP@6b2fad11 - The date pattern is 'yyyy-MM-dd' from file name pattern '/tmp/application_%d{yyyy-MM-dd}.%i.log'.
19:56:35,332 |-INFO in ch.qos.logback.core.rolling.SizeAndTimeBasedFNATP@6b2fad11 - Roll-over at midnight.
19:56:35,337 |-INFO in ch.qos.logback.core.rolling.SizeAndTimeBasedFNATP@6b2fad11 - Setting initial period to Mon Jun 10 19:55:10 UTC 2019
19:56:35,337 |-WARN in ch.qos.logback.core.rolling.SizeAndTimeBasedFNATP@6b2fad11 - SizeAndTimeBasedFNATP is deprecated. Use SizeAndTimeBasedRollingPolicy instead
19:56:35,337 |-WARN in ch.qos.logback.core.rolling.SizeAndTimeBasedFNATP@6b2fad11 - For more information see http://logback.qos.ch/manual/appenders.html#SizeAndTimeBasedRollingPolicy
19:56:35,341 |-INFO in ch.qos.logback.core.joran.action.NestedComplexPropertyIA - Assuming default type [ch.qos.logback.classic.encoder.PatternLayoutEncoder] for [encoder] property
19:56:35,346 |-INFO in ch.qos.logback.core.rolling.RollingFileAppender[FILE] - Active log file name: /tmp/application.log
19:56:35,346 |-INFO in ch.qos.logback.core.rolling.RollingFileAppender[FILE] - File property is set to [/tmp/application.log]
19:56:35,346 |-INFO in ch.qos.logback.classic.joran.action.RootLoggerAction - Setting level of ROOT logger to WARN
19:56:35,347 |-INFO in ch.qos.logback.core.joran.action.AppenderRefAction - Attaching appender named [STDOUT] to Logger[ROOT]
19:56:35,349 |-INFO in ch.qos.logback.core.joran.action.AppenderRefAction - Attaching appender named [FILE] to Logger[ROOT]
19:56:35,349 |-INFO in ch.qos.logback.classic.joran.action.ConfigurationAction - End of configuration.
19:56:35,349 |-INFO in ch.qos.logback.classic.joran.JoranConfigurator@79698539 - Registering current configuration as safe fallback point

Ama winner
Ama winner
2019-06-10T19:56:36.576+0000: 1.675: [Full GC (Metadata GC Threshold) 2019-06-10T19:56:36.576+0000: 1.675: [Tenured: 0K->15240K(341376K), 0.0390695 secs] 114923K->15240K(494976K), [Metaspace: 20733K->20733K(1067008K)], 0.0391373 secs] [Times: user=0.04 sys=0.00, real=0.04 secs] 
19:56:54.811 [Curator-PathChildrenCache-1] WARN  o.a.c.u.ZKPaths  - The version of ZooKeeper being used doesn't support Container nodes. CreateMode.PERSISTENT will be used instead.
2019-06-10T19:56:57.128+0000: 22.226: [GC (Allocation Failure) 2019-06-10T19:56:57.128+0000: 22.227: [DefNew: 136576K->17024K(153600K), 0.0253938 secs] 151816K->52563K(494976K), 0.0254612 secs] [Times: user=0.01 sys=0.01, real=0.02 secs] 
2019-06-10T19:57:06.318+0000: 31.417: [GC (Allocation Failure) 2019-06-10T19:57:06.318+0000: 31.417: [DefNew: 153600K->236K(153600K), 0.0097659 secs] 189139K->43947K(494976K), 0.0098329 secs] [Times: user=0.00 sys=0.00, real=0.01 secs] 
2019-06-10T19:57:08.605+0000: 33.703: [Full GC (Metadata GC Threshold) 2019-06-10T19:57:08.605+0000: 33.703: [Tenured: 43710K->43935K(341376K), 0.0386360 secs] 79874K->43935K(494976K), [Metaspace: 34609K->34609K(1079296K)], 0.0387082 secs] [Times: user=0.04 sys=0.00, real=0.04 secs] 
2019-06-10T19:57:17.505+0000: 42.604: [GC (Allocation Failure) 2019-06-10T19:57:17.506+0000: 42.604: [DefNew: 136576K->115K(153600K), 0.0017956 secs] 180511K->44051K(494976K), 0.0018696 secs] [Times: user=0.00 sys=0.00, real=0.01 secs] 
2019-06-10T19:57:26.621+0000: 51.720: [GC (Allocation Failure) 2019-06-10T19:57:26.621+0000: 51.720: [DefNew: 136691K->145K(153600K), 0.0017079 secs] 180627K->44081K(494976K), 0.0017679 secs] [Times: user=0.01 sys=0.00, real=0.00 secs] 
2019-06-10T19:57:35.695+0000: 60.793: [GC (Allocation Failure) 2019-06-10T19:57:35.695+0000: 60.793: [DefNew: 136721K->147K(153600K), 0.0017406 secs] 180657K->44083K(494976K), 0.0018011 secs] [Times: user=0.00 sys=0.00, real=0.01 secs] 
2019-06-10T19:57:45.757+0000: 70.855: [GC (Allocation Failure) 2019-06-10T19:57:45.757+0000: 70.855: [DefNew: 136723K->471K(153600K), 0.0021261 secs] 180659K->44406K(494976K), 0.0021881 secs] [Times: user=0.01 sys=0.00, real=0.00 secs] 
2019-06-10T19:57:56.545+0000: 81.643: [GC (Allocation Failure) 2019-06-10T19:57:56.545+0000: 81.643: [DefNew: 137047K->226K(153600K), 0.0019472 secs] 180982K->44161K(494976K), 0.0020079 secs] [Times: user=0.01 sys=0.00, real=0.00 secs] 
19:58:11.656 [Curator-PathChildrenCache-0] ERROR o.a.c.f.r.c.PathChildrenCache  - 
java.lang.IllegalStateException: instance must be started before calling this method
	at org.apache.curator.shaded.com.google.common.base.Preconditions.checkState(Preconditions.java:444)
	at org.apache.curator.framework.imps.CuratorFrameworkImpl.getChildren(CuratorFrameworkImpl.java:456)
	at org.apache.curator.framework.recipes.cache.PathChildrenCache.refresh(PathChildrenCache.java:521)
	at org.apache.curator.framework.recipes.cache.RefreshOperation.invoke(RefreshOperation.java:35)
	at org.apache.curator.framework.recipes.cache.PathChildrenCache$9.run(PathChildrenCache.java:786)
	at java.util.concurrent.Executors$RunnableAdapter.call(Executors.java:511)
	at java.util.concurrent.FutureTask.run(FutureTask.java:266)
	at java.util.concurrent.Executors$RunnableAdapter.call(Executors.java:511)
	at java.util.concurrent.FutureTask.run(FutureTask.java:266)
	at java.util.concurrent.ThreadPoolExecutor.runWorker(ThreadPoolExecutor.java:1149)
	at java.util.concurrent.ThreadPoolExecutor$Worker.run(ThreadPoolExecutor.java:624)
	at java.lang.Thread.run(Thread.java:748)
Heap
 def new generation   total 153600K, used 90300K [0x00000000e0c00000, 0x00000000eb2a0000, 0x00000000eb2a0000)
  eden space 136576K,  65% used [0x00000000e0c00000, 0x00000000e63f6880, 0x00000000e9160000)
  from space 17024K,   1% used [0x00000000ea200000, 0x00000000ea238870, 0x00000000eb2a0000)
  to   space 17024K,   0% used [0x00000000e9160000, 0x00000000e9160000, 0x00000000ea200000)
 tenured generation   total 341376K, used 43935K [0x00000000eb2a0000, 0x0000000100000000, 0x0000000100000000)
   the space 341376K,  12% used [0x00000000eb2a0000, 0x00000000edd87df8, 0x00000000edd87e00, 0x0000000100000000)
 Metaspace       used 36084K, capacity 36992K, committed 37120K, reserved 1081344K
  class space    used 4856K, capacity 5074K, committed 5120K, reserved 1048576K
