15:13:14,980 |-INFO in ch.qos.logback.classic.LoggerContext[default] - Could NOT find resource [logback-test.xml]
15:13:14,980 |-INFO in ch.qos.logback.classic.LoggerContext[default] - Could NOT find resource [logback.groovy]
15:13:14,980 |-INFO in ch.qos.logback.classic.LoggerContext[default] - Found resource [logback.xml] at [jar:file:/root/flamestream/lib/flamestream-runtime-1.0-SNAPSHOT.jar!/logback.xml]
15:13:14,980 |-WARN in ch.qos.logback.classic.LoggerContext[default] - Resource [logback.xml] occurs multiple times on the classpath.
15:13:14,981 |-WARN in ch.qos.logback.classic.LoggerContext[default] - Resource [logback.xml] occurs at [jar:file:/root/flamestream/lib/flamestream-runtime-1.0-SNAPSHOT.jar!/logback.xml]
15:13:14,981 |-WARN in ch.qos.logback.classic.LoggerContext[default] - Resource [logback.xml] occurs at [jar:file:/root/flamestream/flamestream-runtime-1.0-SNAPSHOT.jar!/logback.xml]
15:13:15,003 |-INFO in ch.qos.logback.core.joran.spi.ConfigurationWatchList@3fb6a447 - URL [jar:file:/root/flamestream/lib/flamestream-runtime-1.0-SNAPSHOT.jar!/logback.xml] is not of type file
15:13:15,072 |-INFO in ch.qos.logback.classic.joran.action.ConfigurationAction - debug attribute not set
15:13:15,072 |-INFO in ch.qos.logback.core.joran.action.AppenderAction - About to instantiate appender of type [ch.qos.logback.core.ConsoleAppender]
15:13:15,089 |-INFO in ch.qos.logback.core.joran.action.AppenderAction - Naming appender as [STDOUT]
15:13:15,110 |-INFO in ch.qos.logback.core.joran.action.NestedComplexPropertyIA - Assuming default type [ch.qos.logback.classic.encoder.PatternLayoutEncoder] for [encoder] property
15:13:15,199 |-INFO in ch.qos.logback.core.joran.action.AppenderAction - About to instantiate appender of type [ch.qos.logback.core.rolling.RollingFileAppender]
15:13:15,204 |-INFO in ch.qos.logback.core.joran.action.AppenderAction - Naming appender as [FILE]
15:13:15,233 |-INFO in c.q.l.core.rolling.TimeBasedRollingPolicy@127618319 - No compression will be used
15:13:15,234 |-INFO in c.q.l.core.rolling.TimeBasedRollingPolicy@127618319 - Will use the pattern /tmp/application_%d{yyyy-MM-dd}.%i.log for the active file
15:13:15,237 |-INFO in ch.qos.logback.core.rolling.SizeAndTimeBasedFNATP@6b2fad11 - The date pattern is 'yyyy-MM-dd' from file name pattern '/tmp/application_%d{yyyy-MM-dd}.%i.log'.
15:13:15,237 |-INFO in ch.qos.logback.core.rolling.SizeAndTimeBasedFNATP@6b2fad11 - Roll-over at midnight.
15:13:15,243 |-INFO in ch.qos.logback.core.rolling.SizeAndTimeBasedFNATP@6b2fad11 - Setting initial period to Mon Jun 10 15:11:47 UTC 2019
15:13:15,243 |-WARN in ch.qos.logback.core.rolling.SizeAndTimeBasedFNATP@6b2fad11 - SizeAndTimeBasedFNATP is deprecated. Use SizeAndTimeBasedRollingPolicy instead
15:13:15,243 |-WARN in ch.qos.logback.core.rolling.SizeAndTimeBasedFNATP@6b2fad11 - For more information see http://logback.qos.ch/manual/appenders.html#SizeAndTimeBasedRollingPolicy
15:13:15,246 |-INFO in ch.qos.logback.core.joran.action.NestedComplexPropertyIA - Assuming default type [ch.qos.logback.classic.encoder.PatternLayoutEncoder] for [encoder] property
15:13:15,251 |-INFO in ch.qos.logback.core.rolling.RollingFileAppender[FILE] - Active log file name: /tmp/application.log
15:13:15,251 |-INFO in ch.qos.logback.core.rolling.RollingFileAppender[FILE] - File property is set to [/tmp/application.log]
15:13:15,252 |-INFO in ch.qos.logback.classic.joran.action.RootLoggerAction - Setting level of ROOT logger to WARN
15:13:15,252 |-INFO in ch.qos.logback.core.joran.action.AppenderRefAction - Attaching appender named [STDOUT] to Logger[ROOT]
15:13:15,254 |-INFO in ch.qos.logback.core.joran.action.AppenderRefAction - Attaching appender named [FILE] to Logger[ROOT]
15:13:15,254 |-INFO in ch.qos.logback.classic.joran.action.ConfigurationAction - End of configuration.
15:13:15,255 |-INFO in ch.qos.logback.classic.joran.JoranConfigurator@79698539 - Registering current configuration as safe fallback point

Ama winner
Ama winner
2019-06-10T15:13:16.538+0000: 1.741: [Full GC (Metadata GC Threshold) 2019-06-10T15:13:16.538+0000: 1.741: [Tenured: 0K->15241K(341376K), 0.0362648 secs] 114987K->15241K(494976K), [Metaspace: 20736K->20736K(1067008K)], 0.0363308 secs] [Times: user=0.03 sys=0.01, real=0.03 secs] 
15:13:35.325 [Curator-PathChildrenCache-1] WARN  o.a.c.u.ZKPaths  - The version of ZooKeeper being used doesn't support Container nodes. CreateMode.PERSISTENT will be used instead.
2019-06-10T15:13:37.602+0000: 22.806: [GC (Allocation Failure) 2019-06-10T15:13:37.602+0000: 22.806: [DefNew: 136576K->17024K(153600K), 0.0256243 secs] 151817K->52901K(494976K), 0.0256952 secs] [Times: user=0.01 sys=0.01, real=0.03 secs] 
2019-06-10T15:13:39.511+0000: 24.714: [Full GC (Metadata GC Threshold) 2019-06-10T15:13:39.511+0000: 24.714: [Tenured: 35877K->44715K(341376K), 0.0480937 secs] 97393K->44715K(494976K), [Metaspace: 34588K->34588K(1079296K)], 0.0481634 secs] [Times: user=0.04 sys=0.01, real=0.05 secs] 
2019-06-10T15:13:45.848+0000: 31.051: [GC (Allocation Failure) 2019-06-10T15:13:45.848+0000: 31.051: [DefNew: 136576K->113K(153600K), 0.0019644 secs] 181291K->44828K(494976K), 0.0020274 secs] [Times: user=0.00 sys=0.00, real=0.00 secs] 
2019-06-10T15:13:51.979+0000: 37.182: [GC (Allocation Failure) 2019-06-10T15:13:51.979+0000: 37.182: [DefNew: 136689K->117K(153600K), 0.0019496 secs] 181404K->44832K(494976K), 0.0020129 secs] [Times: user=0.01 sys=0.00, real=0.00 secs] 
2019-06-10T15:13:58.121+0000: 43.325: [GC (Allocation Failure) 2019-06-10T15:13:58.121+0000: 43.325: [DefNew: 136693K->116K(153600K), 0.0018810 secs] 181408K->44831K(494976K), 0.0019649 secs] [Times: user=0.00 sys=0.00, real=0.00 secs] 
2019-06-10T15:14:04.371+0000: 49.575: [GC (Allocation Failure) 2019-06-10T15:14:04.371+0000: 49.575: [DefNew: 136692K->149K(153600K), 0.0019264 secs] 181407K->44865K(494976K), 0.0019854 secs] [Times: user=0.00 sys=0.00, real=0.00 secs] 
2019-06-10T15:14:12.428+0000: 57.632: [GC (Allocation Failure) 2019-06-10T15:14:12.428+0000: 57.632: [DefNew: 136725K->142K(153600K), 0.0019683 secs] 181441K->44857K(494976K), 0.0020308 secs] [Times: user=0.00 sys=0.00, real=0.00 secs] 
15:14:16.500 [Curator-PathChildrenCache-0] ERROR o.a.c.f.r.c.PathChildrenCache  - 
java.lang.IllegalStateException: instance must be started before calling this method
	at org.apache.curator.shaded.com.google.common.base.Preconditions.checkState(Preconditions.java:444)
	at org.apache.curator.framework.imps.CuratorFrameworkImpl.getChildren(CuratorFrameworkImpl.java:456)
	at org.apache.curator.framework.recipes.cache.PathChildrenCache.refresh(PathChildrenCache.java:521)
	at org.apache.curator.framework.recipes.cache.RefreshOperation.invoke(RefreshOperation.java:35)
	at org.apache.curator.framework.recipes.cache.PathChildrenCache$9.run(PathChildrenCache.java:786)
	at java.util.concurrent.Executors$RunnableAdapter.call(Executors.java:511)
	at java.util.concurrent.FutureTask.run(FutureTask.java:266)
	at java.util.concurrent.Executors$RunnableAdapter.call(Executors.java:511)
	at java.util.concurrent.FutureTask.run(FutureTask.java:266)
	at java.util.concurrent.ThreadPoolExecutor.runWorker(ThreadPoolExecutor.java:1149)
	at java.util.concurrent.ThreadPoolExecutor$Worker.run(ThreadPoolExecutor.java:624)
	at java.lang.Thread.run(Thread.java:748)
Heap
 def new generation   total 153600K, used 48600K [0x00000000e0c00000, 0x00000000eb2a0000, 0x00000000eb2a0000)
  eden space 136576K,  35% used [0x00000000e0c00000, 0x00000000e3b529b0, 0x00000000e9160000)
  from space 17024K,   0% used [0x00000000e9160000, 0x00000000e9183998, 0x00000000ea200000)
  to   space 17024K,   0% used [0x00000000ea200000, 0x00000000ea200000, 0x00000000eb2a0000)
 tenured generation   total 341376K, used 44715K [0x00000000eb2a0000, 0x0000000100000000, 0x0000000100000000)
   the space 341376K,  13% used [0x00000000eb2a0000, 0x00000000ede4acb0, 0x00000000ede4ae00, 0x0000000100000000)
 Metaspace       used 36012K, capacity 36908K, committed 37120K, reserved 1081344K
  class space    used 4824K, capacity 5044K, committed 5120K, reserved 1048576K
