15:36:53,280 |-INFO in ch.qos.logback.classic.LoggerContext[default] - Could NOT find resource [logback-test.xml]
15:36:53,280 |-INFO in ch.qos.logback.classic.LoggerContext[default] - Could NOT find resource [logback.groovy]
15:36:53,281 |-INFO in ch.qos.logback.classic.LoggerContext[default] - Found resource [logback.xml] at [jar:file:/root/flamestream/lib/flamestream-runtime-1.0-SNAPSHOT.jar!/logback.xml]
15:36:53,281 |-WARN in ch.qos.logback.classic.LoggerContext[default] - Resource [logback.xml] occurs multiple times on the classpath.
15:36:53,282 |-WARN in ch.qos.logback.classic.LoggerContext[default] - Resource [logback.xml] occurs at [jar:file:/root/flamestream/lib/flamestream-runtime-1.0-SNAPSHOT.jar!/logback.xml]
15:36:53,282 |-WARN in ch.qos.logback.classic.LoggerContext[default] - Resource [logback.xml] occurs at [jar:file:/root/flamestream/flamestream-runtime-1.0-SNAPSHOT.jar!/logback.xml]
15:36:53,301 |-INFO in ch.qos.logback.core.joran.spi.ConfigurationWatchList@3fb6a447 - URL [jar:file:/root/flamestream/lib/flamestream-runtime-1.0-SNAPSHOT.jar!/logback.xml] is not of type file
15:36:53,368 |-INFO in ch.qos.logback.classic.joran.action.ConfigurationAction - debug attribute not set
15:36:53,368 |-INFO in ch.qos.logback.core.joran.action.AppenderAction - About to instantiate appender of type [ch.qos.logback.core.ConsoleAppender]
15:36:53,384 |-INFO in ch.qos.logback.core.joran.action.AppenderAction - Naming appender as [STDOUT]
15:36:53,404 |-INFO in ch.qos.logback.core.joran.action.NestedComplexPropertyIA - Assuming default type [ch.qos.logback.classic.encoder.PatternLayoutEncoder] for [encoder] property
15:36:53,488 |-INFO in ch.qos.logback.core.joran.action.AppenderAction - About to instantiate appender of type [ch.qos.logback.core.rolling.RollingFileAppender]
15:36:53,493 |-INFO in ch.qos.logback.core.joran.action.AppenderAction - Naming appender as [FILE]
15:36:53,523 |-INFO in c.q.l.core.rolling.TimeBasedRollingPolicy@127618319 - No compression will be used
15:36:53,524 |-INFO in c.q.l.core.rolling.TimeBasedRollingPolicy@127618319 - Will use the pattern /tmp/application_%d{yyyy-MM-dd}.%i.log for the active file
15:36:53,527 |-INFO in ch.qos.logback.core.rolling.SizeAndTimeBasedFNATP@6b2fad11 - The date pattern is 'yyyy-MM-dd' from file name pattern '/tmp/application_%d{yyyy-MM-dd}.%i.log'.
15:36:53,527 |-INFO in ch.qos.logback.core.rolling.SizeAndTimeBasedFNATP@6b2fad11 - Roll-over at midnight.
15:36:53,532 |-INFO in ch.qos.logback.core.rolling.SizeAndTimeBasedFNATP@6b2fad11 - Setting initial period to Mon Jun 10 15:35:35 UTC 2019
15:36:53,532 |-WARN in ch.qos.logback.core.rolling.SizeAndTimeBasedFNATP@6b2fad11 - SizeAndTimeBasedFNATP is deprecated. Use SizeAndTimeBasedRollingPolicy instead
15:36:53,532 |-WARN in ch.qos.logback.core.rolling.SizeAndTimeBasedFNATP@6b2fad11 - For more information see http://logback.qos.ch/manual/appenders.html#SizeAndTimeBasedRollingPolicy
15:36:53,536 |-INFO in ch.qos.logback.core.joran.action.NestedComplexPropertyIA - Assuming default type [ch.qos.logback.classic.encoder.PatternLayoutEncoder] for [encoder] property
15:36:53,541 |-INFO in ch.qos.logback.core.rolling.RollingFileAppender[FILE] - Active log file name: /tmp/application.log
15:36:53,541 |-INFO in ch.qos.logback.core.rolling.RollingFileAppender[FILE] - File property is set to [/tmp/application.log]
15:36:53,542 |-INFO in ch.qos.logback.classic.joran.action.RootLoggerAction - Setting level of ROOT logger to WARN
15:36:53,542 |-INFO in ch.qos.logback.core.joran.action.AppenderRefAction - Attaching appender named [STDOUT] to Logger[ROOT]
15:36:53,542 |-INFO in ch.qos.logback.core.joran.action.AppenderRefAction - Attaching appender named [FILE] to Logger[ROOT]
15:36:53,542 |-INFO in ch.qos.logback.classic.joran.action.ConfigurationAction - End of configuration.
15:36:53,543 |-INFO in ch.qos.logback.classic.joran.JoranConfigurator@79698539 - Registering current configuration as safe fallback point

Ama winner
Ama winner
2019-06-10T15:36:54.828+0000: 1.731: [Full GC (Metadata GC Threshold) 2019-06-10T15:36:54.828+0000: 1.731: [Tenured: 0K->15144K(341376K), 0.0393671 secs] 115115K->15144K(494976K), [Metaspace: 20735K->20735K(1067008K)], 0.0394360 secs] [Times: user=0.04 sys=0.00, real=0.04 secs] 
15:37:08.657 [Curator-PathChildrenCache-2] WARN  o.a.c.u.ZKPaths  - The version of ZooKeeper being used doesn't support Container nodes. CreateMode.PERSISTENT will be used instead.
2019-06-10T15:37:11.089+0000: 17.992: [GC (Allocation Failure) 2019-06-10T15:37:11.089+0000: 17.992: [DefNew: 136576K->17024K(153600K), 0.0265952 secs] 151720K->52522K(494976K), 0.0266632 secs] [Times: user=0.01 sys=0.01, real=0.03 secs] 
2019-06-10T15:37:11.612+0000: 18.515: [Full GC (Metadata GC Threshold) 2019-06-10T15:37:11.612+0000: 18.515: [Tenured: 35498K->44209K(341376K), 0.0372242 secs] 70875K->44209K(494976K), [Metaspace: 34584K->34584K(1079296K)], 0.0372976 secs] [Times: user=0.03 sys=0.00, real=0.04 secs] 
2019-06-10T15:37:16.198+0000: 23.101: [GC (Allocation Failure) 2019-06-10T15:37:16.198+0000: 23.101: [DefNew: 136576K->225K(153600K), 0.0024286 secs] 180785K->44435K(494976K), 0.0024988 secs] [Times: user=0.00 sys=0.00, real=0.00 secs] 
2019-06-10T15:37:20.620+0000: 27.523: [GC (Allocation Failure) 2019-06-10T15:37:20.620+0000: 27.523: [DefNew: 136801K->225K(153600K), 0.0021121 secs] 181011K->44435K(494976K), 0.0021803 secs] [Times: user=0.01 sys=0.00, real=0.00 secs] 
2019-06-10T15:37:24.920+0000: 31.823: [GC (Allocation Failure) 2019-06-10T15:37:24.920+0000: 31.823: [DefNew: 136801K->230K(153600K), 0.0020426 secs] 181011K->44440K(494976K), 0.0020978 secs] [Times: user=0.00 sys=0.00, real=0.00 secs] 
2019-06-10T15:37:29.322+0000: 36.225: [GC (Allocation Failure) 2019-06-10T15:37:29.322+0000: 36.225: [DefNew: 136806K->234K(153600K), 0.0020852 secs] 181016K->44444K(494976K), 0.0021453 secs] [Times: user=0.00 sys=0.00, real=0.00 secs] 
2019-06-10T15:37:33.681+0000: 40.584: [GC (Allocation Failure) 2019-06-10T15:37:33.681+0000: 40.584: [DefNew: 136810K->230K(153600K), 0.0022049 secs] 181020K->44440K(494976K), 0.0022736 secs] [Times: user=0.00 sys=0.00, real=0.00 secs] 
2019-06-10T15:37:37.980+0000: 44.883: [GC (Allocation Failure) 2019-06-10T15:37:37.980+0000: 44.883: [DefNew: 136806K->233K(153600K), 0.0021875 secs] 181016K->44443K(494976K), 0.0022461 secs] [Times: user=0.00 sys=0.00, real=0.00 secs] 
2019-06-10T15:37:42.278+0000: 49.181: [GC (Allocation Failure) 2019-06-10T15:37:42.278+0000: 49.181: [DefNew: 136809K->234K(153600K), 0.0021249 secs] 181019K->44444K(494976K), 0.0021836 secs] [Times: user=0.01 sys=0.00, real=0.00 secs] 
2019-06-10T15:37:46.758+0000: 53.661: [GC (Allocation Failure) 2019-06-10T15:37:46.758+0000: 53.661: [DefNew: 136810K->236K(153600K), 0.0021877 secs] 181020K->44446K(494976K), 0.0022450 secs] [Times: user=0.00 sys=0.00, real=0.00 secs] 
15:37:56.370 [Curator-PathChildrenCache-0] ERROR o.a.c.f.r.c.PathChildrenCache  - 
java.lang.IllegalStateException: instance must be started before calling this method
	at org.apache.curator.shaded.com.google.common.base.Preconditions.checkState(Preconditions.java:444)
	at org.apache.curator.framework.imps.CuratorFrameworkImpl.getChildren(CuratorFrameworkImpl.java:456)
	at org.apache.curator.framework.recipes.cache.PathChildrenCache.refresh(PathChildrenCache.java:521)
	at org.apache.curator.framework.recipes.cache.RefreshOperation.invoke(RefreshOperation.java:35)
	at org.apache.curator.framework.recipes.cache.PathChildrenCache$9.run(PathChildrenCache.java:786)
	at java.util.concurrent.Executors$RunnableAdapter.call(Executors.java:511)
	at java.util.concurrent.FutureTask.run(FutureTask.java:266)
	at java.util.concurrent.Executors$RunnableAdapter.call(Executors.java:511)
	at java.util.concurrent.FutureTask.run(FutureTask.java:266)
	at java.util.concurrent.ThreadPoolExecutor.runWorker(ThreadPoolExecutor.java:1149)
	at java.util.concurrent.ThreadPoolExecutor$Worker.run(ThreadPoolExecutor.java:624)
	at java.lang.Thread.run(Thread.java:748)
Heap
 def new generation   total 153600K, used 113477K [0x00000000e0c00000, 0x00000000eb2a0000, 0x00000000eb2a0000)
  eden space 136576K,  82% used [0x00000000e0c00000, 0x00000000e7a964c8, 0x00000000e9160000)
  from space 17024K,   1% used [0x00000000ea200000, 0x00000000ea23b278, 0x00000000eb2a0000)
  to   space 17024K,   0% used [0x00000000e9160000, 0x00000000e9160000, 0x00000000ea200000)
 tenured generation   total 341376K, used 44209K [0x00000000eb2a0000, 0x0000000100000000, 0x0000000100000000)
   the space 341376K,  12% used [0x00000000eb2a0000, 0x00000000eddcc720, 0x00000000eddcc800, 0x0000000100000000)
 Metaspace       used 36423K, capacity 37378K, committed 37504K, reserved 1081344K
  class space    used 4903K, capacity 5123K, committed 5248K, reserved 1048576K
