08:18:32,910 |-INFO in ch.qos.logback.classic.LoggerContext[default] - Could NOT find resource [logback-test.xml]
08:18:32,910 |-INFO in ch.qos.logback.classic.LoggerContext[default] - Could NOT find resource [logback.groovy]
08:18:32,911 |-INFO in ch.qos.logback.classic.LoggerContext[default] - Found resource [logback.xml] at [jar:file:/root/flamestream/lib/flamestream-runtime-1.0-SNAPSHOT.jar!/logback.xml]
08:18:32,911 |-WARN in ch.qos.logback.classic.LoggerContext[default] - Resource [logback.xml] occurs multiple times on the classpath.
08:18:32,912 |-WARN in ch.qos.logback.classic.LoggerContext[default] - Resource [logback.xml] occurs at [jar:file:/root/flamestream/lib/flamestream-runtime-1.0-SNAPSHOT.jar!/logback.xml]
08:18:32,912 |-WARN in ch.qos.logback.classic.LoggerContext[default] - Resource [logback.xml] occurs at [jar:file:/root/flamestream/flamestream-runtime-1.0-SNAPSHOT.jar!/logback.xml]
08:18:32,931 |-INFO in ch.qos.logback.core.joran.spi.ConfigurationWatchList@3fb6a447 - URL [jar:file:/root/flamestream/lib/flamestream-runtime-1.0-SNAPSHOT.jar!/logback.xml] is not of type file
08:18:32,997 |-INFO in ch.qos.logback.classic.joran.action.ConfigurationAction - debug attribute not set
08:18:32,998 |-INFO in ch.qos.logback.core.joran.action.AppenderAction - About to instantiate appender of type [ch.qos.logback.core.ConsoleAppender]
08:18:33,014 |-INFO in ch.qos.logback.core.joran.action.AppenderAction - Naming appender as [STDOUT]
08:18:33,033 |-INFO in ch.qos.logback.core.joran.action.NestedComplexPropertyIA - Assuming default type [ch.qos.logback.classic.encoder.PatternLayoutEncoder] for [encoder] property
08:18:33,130 |-INFO in ch.qos.logback.core.joran.action.AppenderAction - About to instantiate appender of type [ch.qos.logback.core.rolling.RollingFileAppender]
08:18:33,139 |-INFO in ch.qos.logback.core.joran.action.AppenderAction - Naming appender as [FILE]
08:18:33,169 |-INFO in c.q.l.core.rolling.TimeBasedRollingPolicy@127618319 - No compression will be used
08:18:33,170 |-INFO in c.q.l.core.rolling.TimeBasedRollingPolicy@127618319 - Will use the pattern /tmp/application_%d{yyyy-MM-dd}.%i.log for the active file
08:18:33,173 |-INFO in ch.qos.logback.core.rolling.SizeAndTimeBasedFNATP@6b2fad11 - The date pattern is 'yyyy-MM-dd' from file name pattern '/tmp/application_%d{yyyy-MM-dd}.%i.log'.
08:18:33,173 |-INFO in ch.qos.logback.core.rolling.SizeAndTimeBasedFNATP@6b2fad11 - Roll-over at midnight.
08:18:33,178 |-INFO in ch.qos.logback.core.rolling.SizeAndTimeBasedFNATP@6b2fad11 - Setting initial period to Tue Jun 11 08:17:12 UTC 2019
08:18:33,178 |-WARN in ch.qos.logback.core.rolling.SizeAndTimeBasedFNATP@6b2fad11 - SizeAndTimeBasedFNATP is deprecated. Use SizeAndTimeBasedRollingPolicy instead
08:18:33,178 |-WARN in ch.qos.logback.core.rolling.SizeAndTimeBasedFNATP@6b2fad11 - For more information see http://logback.qos.ch/manual/appenders.html#SizeAndTimeBasedRollingPolicy
08:18:33,183 |-INFO in ch.qos.logback.core.joran.action.NestedComplexPropertyIA - Assuming default type [ch.qos.logback.classic.encoder.PatternLayoutEncoder] for [encoder] property
08:18:33,188 |-INFO in ch.qos.logback.core.rolling.RollingFileAppender[FILE] - Active log file name: /tmp/application.log
08:18:33,188 |-INFO in ch.qos.logback.core.rolling.RollingFileAppender[FILE] - File property is set to [/tmp/application.log]
08:18:33,188 |-INFO in ch.qos.logback.classic.joran.action.RootLoggerAction - Setting level of ROOT logger to WARN
08:18:33,188 |-INFO in ch.qos.logback.core.joran.action.AppenderRefAction - Attaching appender named [STDOUT] to Logger[ROOT]
08:18:33,190 |-INFO in ch.qos.logback.core.joran.action.AppenderRefAction - Attaching appender named [FILE] to Logger[ROOT]
08:18:33,190 |-INFO in ch.qos.logback.classic.joran.action.ConfigurationAction - End of configuration.
08:18:33,191 |-INFO in ch.qos.logback.classic.joran.JoranConfigurator@79698539 - Registering current configuration as safe fallback point

Ama winner
Ama winner
2019-06-11T08:18:34.813+0000: 2.090: [Full GC (Metadata GC Threshold) 2019-06-11T08:18:34.813+0000: 2.090: [Tenured: 0K->15142K(341376K), 0.0389079 secs] 117719K->15142K(494976K), [Metaspace: 20739K->20739K(1067008K)], 0.0389719 secs] [Times: user=0.03 sys=0.01, real=0.04 secs] 
08:18:53.127 [Curator-PathChildrenCache-1] WARN  o.a.c.u.ZKPaths  - The version of ZooKeeper being used doesn't support Container nodes. CreateMode.PERSISTENT will be used instead.
2019-06-11T08:18:55.394+0000: 22.672: [GC (Allocation Failure) 2019-06-11T08:18:55.395+0000: 22.672: [DefNew: 136576K->17024K(153600K), 0.0264319 secs] 151718K->52796K(494976K), 0.0265057 secs] [Times: user=0.01 sys=0.01, real=0.03 secs] 
2019-06-11T08:18:59.806+0000: 27.083: [GC (Allocation Failure) 2019-06-11T08:18:59.806+0000: 27.083: [DefNew: 153600K->130K(153600K), 0.0101598 secs] 189372K->44326K(494976K), 0.0102239 secs] [Times: user=0.01 sys=0.00, real=0.01 secs] 
2019-06-11T08:19:00.347+0000: 27.624: [Full GC (Metadata GC Threshold) 2019-06-11T08:19:00.347+0000: 27.624: [Tenured: 44195K->44317K(341376K), 0.0358151 secs] 64667K->44317K(494976K), [Metaspace: 34607K->34607K(1079296K)], 0.0358926 secs] [Times: user=0.04 sys=0.00, real=0.04 secs] 
2019-06-11T08:19:04.537+0000: 31.814: [GC (Allocation Failure) 2019-06-11T08:19:04.537+0000: 31.814: [DefNew: 136576K->83K(153600K), 0.0016545 secs] 180893K->44401K(494976K), 0.0017115 secs] [Times: user=0.00 sys=0.00, real=0.00 secs] 
2019-06-11T08:19:08.662+0000: 35.940: [GC (Allocation Failure) 2019-06-11T08:19:08.662+0000: 35.940: [DefNew: 136659K->83K(153600K), 0.0015926 secs] 180977K->44401K(494976K), 0.0016690 secs] [Times: user=0.00 sys=0.00, real=0.00 secs] 
2019-06-11T08:19:12.848+0000: 40.126: [GC (Allocation Failure) 2019-06-11T08:19:12.848+0000: 40.126: [DefNew: 136659K->115K(153600K), 0.0016111 secs] 180977K->44433K(494976K), 0.0016959 secs] [Times: user=0.00 sys=0.00, real=0.00 secs] 
08:19:21.873 [Curator-PathChildrenCache-0] ERROR o.a.c.f.r.c.PathChildrenCache  - 
java.lang.IllegalStateException: instance must be started before calling this method
	at org.apache.curator.shaded.com.google.common.base.Preconditions.checkState(Preconditions.java:444)
	at org.apache.curator.framework.imps.CuratorFrameworkImpl.getChildren(CuratorFrameworkImpl.java:456)
	at org.apache.curator.framework.recipes.cache.PathChildrenCache.refresh(PathChildrenCache.java:521)
	at org.apache.curator.framework.recipes.cache.RefreshOperation.invoke(RefreshOperation.java:35)
	at org.apache.curator.framework.recipes.cache.PathChildrenCache$9.run(PathChildrenCache.java:786)
	at java.util.concurrent.Executors$RunnableAdapter.call(Executors.java:511)
	at java.util.concurrent.FutureTask.run(FutureTask.java:266)
	at java.util.concurrent.Executors$RunnableAdapter.call(Executors.java:511)
	at java.util.concurrent.FutureTask.run(FutureTask.java:266)
	at java.util.concurrent.ThreadPoolExecutor.runWorker(ThreadPoolExecutor.java:1149)
	at java.util.concurrent.ThreadPoolExecutor$Worker.run(ThreadPoolExecutor.java:624)
	at java.lang.Thread.run(Thread.java:748)
2019-06-11T08:19:22.006+0000: 49.284: [GC (Allocation Failure) 2019-06-11T08:19:22.006+0000: 49.284: [DefNew: 136691K->620K(153600K), 0.0028158 secs] 181009K->44938K(494976K), 0.0028787 secs] [Times: user=0.00 sys=0.00, real=0.00 secs] 
Heap
 def new generation   total 153600K, used 14775K [0x00000000e0c00000, 0x00000000eb2a0000, 0x00000000eb2a0000)
  eden space 136576K,  10% used [0x00000000e0c00000, 0x00000000e19d29f0, 0x00000000e9160000)
  from space 17024K,   3% used [0x00000000e9160000, 0x00000000e91fb368, 0x00000000ea200000)
  to   space 17024K,   0% used [0x00000000ea200000, 0x00000000ea200000, 0x00000000eb2a0000)
 tenured generation   total 341376K, used 44317K [0x00000000eb2a0000, 0x0000000100000000, 0x0000000100000000)
   the space 341376K,  12% used [0x00000000eb2a0000, 0x00000000edde77f8, 0x00000000edde7800, 0x0000000100000000)
 Metaspace       used 35792K, capacity 36704K, committed 36864K, reserved 1081344K
  class space    used 4826K, capacity 5042K, committed 5120K, reserved 1048576K
