15:32:18,932 |-INFO in ch.qos.logback.classic.LoggerContext[default] - Could NOT find resource [logback-test.xml]
15:32:18,932 |-INFO in ch.qos.logback.classic.LoggerContext[default] - Could NOT find resource [logback.groovy]
15:32:18,933 |-INFO in ch.qos.logback.classic.LoggerContext[default] - Found resource [logback.xml] at [jar:file:/root/flamestream/lib/flamestream-runtime-1.0-SNAPSHOT.jar!/logback.xml]
15:32:18,933 |-WARN in ch.qos.logback.classic.LoggerContext[default] - Resource [logback.xml] occurs multiple times on the classpath.
15:32:18,934 |-WARN in ch.qos.logback.classic.LoggerContext[default] - Resource [logback.xml] occurs at [jar:file:/root/flamestream/lib/flamestream-runtime-1.0-SNAPSHOT.jar!/logback.xml]
15:32:18,934 |-WARN in ch.qos.logback.classic.LoggerContext[default] - Resource [logback.xml] occurs at [jar:file:/root/flamestream/flamestream-runtime-1.0-SNAPSHOT.jar!/logback.xml]
15:32:18,953 |-INFO in ch.qos.logback.core.joran.spi.ConfigurationWatchList@3fb6a447 - URL [jar:file:/root/flamestream/lib/flamestream-runtime-1.0-SNAPSHOT.jar!/logback.xml] is not of type file
15:32:19,023 |-INFO in ch.qos.logback.classic.joran.action.ConfigurationAction - debug attribute not set
15:32:19,023 |-INFO in ch.qos.logback.core.joran.action.AppenderAction - About to instantiate appender of type [ch.qos.logback.core.ConsoleAppender]
15:32:19,045 |-INFO in ch.qos.logback.core.joran.action.AppenderAction - Naming appender as [STDOUT]
15:32:19,063 |-INFO in ch.qos.logback.core.joran.action.NestedComplexPropertyIA - Assuming default type [ch.qos.logback.classic.encoder.PatternLayoutEncoder] for [encoder] property
15:32:19,144 |-INFO in ch.qos.logback.core.joran.action.AppenderAction - About to instantiate appender of type [ch.qos.logback.core.rolling.RollingFileAppender]
15:32:19,153 |-INFO in ch.qos.logback.core.joran.action.AppenderAction - Naming appender as [FILE]
15:32:19,186 |-INFO in c.q.l.core.rolling.TimeBasedRollingPolicy@127618319 - No compression will be used
15:32:19,187 |-INFO in c.q.l.core.rolling.TimeBasedRollingPolicy@127618319 - Will use the pattern /tmp/application_%d{yyyy-MM-dd}.%i.log for the active file
15:32:19,190 |-INFO in ch.qos.logback.core.rolling.SizeAndTimeBasedFNATP@6b2fad11 - The date pattern is 'yyyy-MM-dd' from file name pattern '/tmp/application_%d{yyyy-MM-dd}.%i.log'.
15:32:19,190 |-INFO in ch.qos.logback.core.rolling.SizeAndTimeBasedFNATP@6b2fad11 - Roll-over at midnight.
15:32:19,196 |-INFO in ch.qos.logback.core.rolling.SizeAndTimeBasedFNATP@6b2fad11 - Setting initial period to Mon Jun 10 15:31:06 UTC 2019
15:32:19,196 |-WARN in ch.qos.logback.core.rolling.SizeAndTimeBasedFNATP@6b2fad11 - SizeAndTimeBasedFNATP is deprecated. Use SizeAndTimeBasedRollingPolicy instead
15:32:19,196 |-WARN in ch.qos.logback.core.rolling.SizeAndTimeBasedFNATP@6b2fad11 - For more information see http://logback.qos.ch/manual/appenders.html#SizeAndTimeBasedRollingPolicy
15:32:19,199 |-INFO in ch.qos.logback.core.joran.action.NestedComplexPropertyIA - Assuming default type [ch.qos.logback.classic.encoder.PatternLayoutEncoder] for [encoder] property
15:32:19,204 |-INFO in ch.qos.logback.core.rolling.RollingFileAppender[FILE] - Active log file name: /tmp/application.log
15:32:19,204 |-INFO in ch.qos.logback.core.rolling.RollingFileAppender[FILE] - File property is set to [/tmp/application.log]
15:32:19,205 |-INFO in ch.qos.logback.classic.joran.action.RootLoggerAction - Setting level of ROOT logger to WARN
15:32:19,205 |-INFO in ch.qos.logback.core.joran.action.AppenderRefAction - Attaching appender named [STDOUT] to Logger[ROOT]
15:32:19,207 |-INFO in ch.qos.logback.core.joran.action.AppenderRefAction - Attaching appender named [FILE] to Logger[ROOT]
15:32:19,207 |-INFO in ch.qos.logback.classic.joran.action.ConfigurationAction - End of configuration.
15:32:19,208 |-INFO in ch.qos.logback.classic.joran.JoranConfigurator@79698539 - Registering current configuration as safe fallback point

Ama winner
Ama winner
2019-06-10T15:32:20.872+0000: 2.130: [Full GC (Metadata GC Threshold) 2019-06-10T15:32:20.872+0000: 2.130: [Tenured: 0K->15177K(341376K), 0.0403668 secs] 120547K->15177K(494976K), [Metaspace: 20734K->20734K(1067008K)], 0.0404339 secs] [Times: user=0.03 sys=0.01, real=0.04 secs] 
15:32:36.980 [Curator-PathChildrenCache-1] WARN  o.a.c.u.ZKPaths  - The version of ZooKeeper being used doesn't support Container nodes. CreateMode.PERSISTENT will be used instead.
2019-06-10T15:32:39.563+0000: 20.822: [GC (Allocation Failure) 2019-06-10T15:32:39.563+0000: 20.822: [DefNew: 117287K->17023K(153600K), 0.0191624 secs] 132464K->32771K(494976K), 0.0192299 secs] [Times: user=0.01 sys=0.01, real=0.02 secs] 
2019-06-10T15:32:40.454+0000: 21.713: [Full GC (Metadata GC Threshold) 2019-06-10T15:32:40.454+0000: 21.713: [Tenured: 15747K->44054K(341376K), 0.0454266 secs] 77910K->44054K(494976K), [Metaspace: 34599K->34599K(1079296K)], 0.0455028 secs] [Times: user=0.04 sys=0.01, real=0.05 secs] 
2019-06-10T15:32:46.095+0000: 27.354: [GC (Allocation Failure) 2019-06-10T15:32:46.095+0000: 27.354: [DefNew: 136576K->73K(153600K), 0.0019914 secs] 180630K->44128K(494976K), 0.0020566 secs] [Times: user=0.00 sys=0.00, real=0.01 secs] 
2019-06-10T15:32:51.630+0000: 32.889: [GC (Allocation Failure) 2019-06-10T15:32:51.630+0000: 32.889: [DefNew: 136649K->71K(153600K), 0.0018571 secs] 180704K->44125K(494976K), 0.0019127 secs] [Times: user=0.00 sys=0.00, real=0.00 secs] 
2019-06-10T15:32:57.189+0000: 38.447: [GC (Allocation Failure) 2019-06-10T15:32:57.189+0000: 38.447: [DefNew: 136647K->82K(153600K), 0.0018278 secs] 180701K->44136K(494976K), 0.0018887 secs] [Times: user=0.00 sys=0.00, real=0.00 secs] 
2019-06-10T15:33:02.761+0000: 44.019: [GC (Allocation Failure) 2019-06-10T15:33:02.761+0000: 44.019: [DefNew: 136658K->71K(153600K), 0.0018431 secs] 180712K->44125K(494976K), 0.0019034 secs] [Times: user=0.00 sys=0.01, real=0.00 secs] 
2019-06-10T15:33:08.560+0000: 49.819: [GC (Allocation Failure) 2019-06-10T15:33:08.560+0000: 49.819: [DefNew: 136647K->74K(153600K), 0.0020399 secs] 180701K->44128K(494976K), 0.0020993 secs] [Times: user=0.01 sys=0.00, real=0.00 secs] 
15:33:13.929 [Curator-PathChildrenCache-0] ERROR o.a.c.f.r.c.PathChildrenCache  - 
java.lang.IllegalStateException: instance must be started before calling this method
	at org.apache.curator.shaded.com.google.common.base.Preconditions.checkState(Preconditions.java:444)
	at org.apache.curator.framework.imps.CuratorFrameworkImpl.getChildren(CuratorFrameworkImpl.java:456)
	at org.apache.curator.framework.recipes.cache.PathChildrenCache.refresh(PathChildrenCache.java:521)
	at org.apache.curator.framework.recipes.cache.RefreshOperation.invoke(RefreshOperation.java:35)
	at org.apache.curator.framework.recipes.cache.PathChildrenCache$9.run(PathChildrenCache.java:786)
	at java.util.concurrent.Executors$RunnableAdapter.call(Executors.java:511)
	at java.util.concurrent.FutureTask.run(FutureTask.java:266)
	at java.util.concurrent.Executors$RunnableAdapter.call(Executors.java:511)
	at java.util.concurrent.FutureTask.run(FutureTask.java:266)
	at java.util.concurrent.ThreadPoolExecutor.runWorker(ThreadPoolExecutor.java:1149)
	at java.util.concurrent.ThreadPoolExecutor$Worker.run(ThreadPoolExecutor.java:624)
	at java.lang.Thread.run(Thread.java:748)
Heap
 def new generation   total 153600K, used 45595K [0x00000000e0c00000, 0x00000000eb2a0000, 0x00000000eb2a0000)
  eden space 136576K,  33% used [0x00000000e0c00000, 0x00000000e38744d8, 0x00000000e9160000)
  from space 17024K,   0% used [0x00000000e9160000, 0x00000000e9172848, 0x00000000ea200000)
  to   space 17024K,   0% used [0x00000000ea200000, 0x00000000ea200000, 0x00000000eb2a0000)
 tenured generation   total 341376K, used 44054K [0x00000000eb2a0000, 0x0000000100000000, 0x0000000100000000)
   the space 341376K,  12% used [0x00000000eb2a0000, 0x00000000edda5910, 0x00000000edda5a00, 0x0000000100000000)
 Metaspace       used 35898K, capacity 36812K, committed 37120K, reserved 1081344K
  class space    used 4842K, capacity 5050K, committed 5120K, reserved 1048576K
