16:23:14,611 |-INFO in ch.qos.logback.classic.LoggerContext[default] - Could NOT find resource [logback-test.xml]
16:23:14,611 |-INFO in ch.qos.logback.classic.LoggerContext[default] - Could NOT find resource [logback.groovy]
16:23:14,611 |-INFO in ch.qos.logback.classic.LoggerContext[default] - Found resource [logback.xml] at [jar:file:/root/flamestream/lib/flamestream-runtime-1.0-SNAPSHOT.jar!/logback.xml]
16:23:14,612 |-WARN in ch.qos.logback.classic.LoggerContext[default] - Resource [logback.xml] occurs multiple times on the classpath.
16:23:14,612 |-WARN in ch.qos.logback.classic.LoggerContext[default] - Resource [logback.xml] occurs at [jar:file:/root/flamestream/lib/flamestream-runtime-1.0-SNAPSHOT.jar!/logback.xml]
16:23:14,612 |-WARN in ch.qos.logback.classic.LoggerContext[default] - Resource [logback.xml] occurs at [jar:file:/root/flamestream/flamestream-runtime-1.0-SNAPSHOT.jar!/logback.xml]
16:23:14,635 |-INFO in ch.qos.logback.core.joran.spi.ConfigurationWatchList@3fb6a447 - URL [jar:file:/root/flamestream/lib/flamestream-runtime-1.0-SNAPSHOT.jar!/logback.xml] is not of type file
16:23:14,703 |-INFO in ch.qos.logback.classic.joran.action.ConfigurationAction - debug attribute not set
16:23:14,703 |-INFO in ch.qos.logback.core.joran.action.AppenderAction - About to instantiate appender of type [ch.qos.logback.core.ConsoleAppender]
16:23:14,721 |-INFO in ch.qos.logback.core.joran.action.AppenderAction - Naming appender as [STDOUT]
16:23:14,738 |-INFO in ch.qos.logback.core.joran.action.NestedComplexPropertyIA - Assuming default type [ch.qos.logback.classic.encoder.PatternLayoutEncoder] for [encoder] property
16:23:14,840 |-INFO in ch.qos.logback.core.joran.action.AppenderAction - About to instantiate appender of type [ch.qos.logback.core.rolling.RollingFileAppender]
16:23:14,844 |-INFO in ch.qos.logback.core.joran.action.AppenderAction - Naming appender as [FILE]
16:23:14,881 |-INFO in c.q.l.core.rolling.TimeBasedRollingPolicy@127618319 - No compression will be used
16:23:14,882 |-INFO in c.q.l.core.rolling.TimeBasedRollingPolicy@127618319 - Will use the pattern /tmp/application_%d{yyyy-MM-dd}.%i.log for the active file
16:23:14,885 |-INFO in ch.qos.logback.core.rolling.SizeAndTimeBasedFNATP@6b2fad11 - The date pattern is 'yyyy-MM-dd' from file name pattern '/tmp/application_%d{yyyy-MM-dd}.%i.log'.
16:23:14,885 |-INFO in ch.qos.logback.core.rolling.SizeAndTimeBasedFNATP@6b2fad11 - Roll-over at midnight.
16:23:14,890 |-INFO in ch.qos.logback.core.rolling.SizeAndTimeBasedFNATP@6b2fad11 - Setting initial period to Mon Jun 10 16:21:58 UTC 2019
16:23:14,891 |-WARN in ch.qos.logback.core.rolling.SizeAndTimeBasedFNATP@6b2fad11 - SizeAndTimeBasedFNATP is deprecated. Use SizeAndTimeBasedRollingPolicy instead
16:23:14,891 |-WARN in ch.qos.logback.core.rolling.SizeAndTimeBasedFNATP@6b2fad11 - For more information see http://logback.qos.ch/manual/appenders.html#SizeAndTimeBasedRollingPolicy
16:23:14,894 |-INFO in ch.qos.logback.core.joran.action.NestedComplexPropertyIA - Assuming default type [ch.qos.logback.classic.encoder.PatternLayoutEncoder] for [encoder] property
16:23:14,900 |-INFO in ch.qos.logback.core.rolling.RollingFileAppender[FILE] - Active log file name: /tmp/application.log
16:23:14,900 |-INFO in ch.qos.logback.core.rolling.RollingFileAppender[FILE] - File property is set to [/tmp/application.log]
16:23:14,901 |-INFO in ch.qos.logback.classic.joran.action.RootLoggerAction - Setting level of ROOT logger to WARN
16:23:14,901 |-INFO in ch.qos.logback.core.joran.action.AppenderRefAction - Attaching appender named [STDOUT] to Logger[ROOT]
16:23:14,903 |-INFO in ch.qos.logback.core.joran.action.AppenderRefAction - Attaching appender named [FILE] to Logger[ROOT]
16:23:14,903 |-INFO in ch.qos.logback.classic.joran.action.ConfigurationAction - End of configuration.
16:23:14,903 |-INFO in ch.qos.logback.classic.joran.JoranConfigurator@79698539 - Registering current configuration as safe fallback point

Ama winner
Ama winner
2019-06-10T16:23:16.206+0000: 1.779: [Full GC (Metadata GC Threshold) 2019-06-10T16:23:16.206+0000: 1.779: [Tenured: 0K->15241K(341376K), 0.0360081 secs] 117750K->15241K(494976K), [Metaspace: 20733K->20733K(1067008K)], 0.0360731 secs] [Times: user=0.03 sys=0.01, real=0.03 secs] 
16:23:32.113 [Curator-PathChildrenCache-1] WARN  o.a.c.u.ZKPaths  - The version of ZooKeeper being used doesn't support Container nodes. CreateMode.PERSISTENT will be used instead.
2019-06-10T16:23:34.425+0000: 19.998: [GC (Allocation Failure) 2019-06-10T16:23:34.425+0000: 19.998: [DefNew: 136576K->17023K(153600K), 0.0324159 secs] 151817K->52667K(494976K), 0.0324884 secs] [Times: user=0.02 sys=0.01, real=0.03 secs] 
2019-06-10T16:23:38.081+0000: 23.654: [Full GC (Metadata GC Threshold) 2019-06-10T16:23:38.081+0000: 23.654: [Tenured: 35643K->44483K(341376K), 0.0495907 secs] 126086K->44483K(494976K), [Metaspace: 34589K->34589K(1079296K)], 0.0496670 secs] [Times: user=0.05 sys=0.00, real=0.05 secs] 
2019-06-10T16:23:45.554+0000: 31.128: [GC (Allocation Failure) 2019-06-10T16:23:45.554+0000: 31.128: [DefNew: 136576K->87K(153600K), 0.0017956 secs] 181059K->44570K(494976K), 0.0018524 secs] [Times: user=0.01 sys=0.00, real=0.01 secs] 
2019-06-10T16:23:53.006+0000: 38.579: [GC (Allocation Failure) 2019-06-10T16:23:53.006+0000: 38.579: [DefNew: 136663K->118K(153600K), 0.0016983 secs] 181146K->44602K(494976K), 0.0017616 secs] [Times: user=0.00 sys=0.00, real=0.00 secs] 
2019-06-10T16:24:00.515+0000: 46.088: [GC (Allocation Failure) 2019-06-10T16:24:00.515+0000: 46.088: [DefNew: 136694K->152K(153600K), 0.0017947 secs] 181178K->44635K(494976K), 0.0018568 secs] [Times: user=0.00 sys=0.00, real=0.01 secs] 
2019-06-10T16:24:08.092+0000: 53.665: [GC (Allocation Failure) 2019-06-10T16:24:08.092+0000: 53.665: [DefNew: 136728K->152K(153600K), 0.0018098 secs] 181211K->44636K(494976K), 0.0018734 secs] [Times: user=0.00 sys=0.00, real=0.00 secs] 
2019-06-10T16:24:16.430+0000: 62.003: [GC (Allocation Failure) 2019-06-10T16:24:16.430+0000: 62.003: [DefNew: 136728K->491K(153600K), 0.0022888 secs] 181212K->44975K(494976K), 0.0023463 secs] [Times: user=0.00 sys=0.00, real=0.00 secs] 
16:24:26.335 [Curator-PathChildrenCache-0] ERROR o.a.c.f.r.c.PathChildrenCache  - 
java.lang.IllegalStateException: instance must be started before calling this method
	at org.apache.curator.shaded.com.google.common.base.Preconditions.checkState(Preconditions.java:444)
	at org.apache.curator.framework.imps.CuratorFrameworkImpl.getChildren(CuratorFrameworkImpl.java:456)
	at org.apache.curator.framework.recipes.cache.PathChildrenCache.refresh(PathChildrenCache.java:521)
	at org.apache.curator.framework.recipes.cache.RefreshOperation.invoke(RefreshOperation.java:35)
	at org.apache.curator.framework.recipes.cache.PathChildrenCache$9.run(PathChildrenCache.java:786)
	at java.util.concurrent.Executors$RunnableAdapter.call(Executors.java:511)
	at java.util.concurrent.FutureTask.run(FutureTask.java:266)
	at java.util.concurrent.Executors$RunnableAdapter.call(Executors.java:511)
	at java.util.concurrent.FutureTask.run(FutureTask.java:266)
	at java.util.concurrent.ThreadPoolExecutor.runWorker(ThreadPoolExecutor.java:1149)
	at java.util.concurrent.ThreadPoolExecutor$Worker.run(ThreadPoolExecutor.java:624)
	at java.lang.Thread.run(Thread.java:748)
Heap
 def new generation   total 153600K, used 46235K [0x00000000e0c00000, 0x00000000eb2a0000, 0x00000000eb2a0000)
  eden space 136576K,  33% used [0x00000000e0c00000, 0x00000000e38abcf8, 0x00000000e9160000)
  from space 17024K,   2% used [0x00000000e9160000, 0x00000000e91daff0, 0x00000000ea200000)
  to   space 17024K,   0% used [0x00000000ea200000, 0x00000000ea200000, 0x00000000eb2a0000)
 tenured generation   total 341376K, used 44483K [0x00000000eb2a0000, 0x0000000100000000, 0x0000000100000000)
   the space 341376K,  13% used [0x00000000eb2a0000, 0x00000000ede10dc0, 0x00000000ede10e00, 0x0000000100000000)
 Metaspace       used 35999K, capacity 36922K, committed 37120K, reserved 1081344K
  class space    used 4854K, capacity 5073K, committed 5120K, reserved 1048576K
