14:44:37,530 |-INFO in ch.qos.logback.classic.LoggerContext[default] - Could NOT find resource [logback-test.xml]
14:44:37,530 |-INFO in ch.qos.logback.classic.LoggerContext[default] - Could NOT find resource [logback.groovy]
14:44:37,531 |-INFO in ch.qos.logback.classic.LoggerContext[default] - Found resource [logback.xml] at [jar:file:/root/flamestream/lib/flamestream-runtime-1.0-SNAPSHOT.jar!/logback.xml]
14:44:37,532 |-WARN in ch.qos.logback.classic.LoggerContext[default] - Resource [logback.xml] occurs multiple times on the classpath.
14:44:37,532 |-WARN in ch.qos.logback.classic.LoggerContext[default] - Resource [logback.xml] occurs at [jar:file:/root/flamestream/lib/flamestream-runtime-1.0-SNAPSHOT.jar!/logback.xml]
14:44:37,532 |-WARN in ch.qos.logback.classic.LoggerContext[default] - Resource [logback.xml] occurs at [jar:file:/root/flamestream/flamestream-runtime-1.0-SNAPSHOT.jar!/logback.xml]
14:44:37,551 |-INFO in ch.qos.logback.core.joran.spi.ConfigurationWatchList@3fb6a447 - URL [jar:file:/root/flamestream/lib/flamestream-runtime-1.0-SNAPSHOT.jar!/logback.xml] is not of type file
14:44:37,617 |-INFO in ch.qos.logback.classic.joran.action.ConfigurationAction - debug attribute not set
14:44:37,618 |-INFO in ch.qos.logback.core.joran.action.AppenderAction - About to instantiate appender of type [ch.qos.logback.core.ConsoleAppender]
14:44:37,634 |-INFO in ch.qos.logback.core.joran.action.AppenderAction - Naming appender as [STDOUT]
14:44:37,649 |-INFO in ch.qos.logback.core.joran.action.NestedComplexPropertyIA - Assuming default type [ch.qos.logback.classic.encoder.PatternLayoutEncoder] for [encoder] property
14:44:37,734 |-INFO in ch.qos.logback.core.joran.action.AppenderAction - About to instantiate appender of type [ch.qos.logback.core.rolling.RollingFileAppender]
14:44:37,743 |-INFO in ch.qos.logback.core.joran.action.AppenderAction - Naming appender as [FILE]
14:44:37,773 |-INFO in c.q.l.core.rolling.TimeBasedRollingPolicy@127618319 - No compression will be used
14:44:37,774 |-INFO in c.q.l.core.rolling.TimeBasedRollingPolicy@127618319 - Will use the pattern /tmp/application_%d{yyyy-MM-dd}.%i.log for the active file
14:44:37,777 |-INFO in ch.qos.logback.core.rolling.SizeAndTimeBasedFNATP@6b2fad11 - The date pattern is 'yyyy-MM-dd' from file name pattern '/tmp/application_%d{yyyy-MM-dd}.%i.log'.
14:44:37,777 |-INFO in ch.qos.logback.core.rolling.SizeAndTimeBasedFNATP@6b2fad11 - Roll-over at midnight.
14:44:37,782 |-INFO in ch.qos.logback.core.rolling.SizeAndTimeBasedFNATP@6b2fad11 - Setting initial period to Mon Jun 10 14:43:10 UTC 2019
14:44:37,782 |-WARN in ch.qos.logback.core.rolling.SizeAndTimeBasedFNATP@6b2fad11 - SizeAndTimeBasedFNATP is deprecated. Use SizeAndTimeBasedRollingPolicy instead
14:44:37,782 |-WARN in ch.qos.logback.core.rolling.SizeAndTimeBasedFNATP@6b2fad11 - For more information see http://logback.qos.ch/manual/appenders.html#SizeAndTimeBasedRollingPolicy
14:44:37,786 |-INFO in ch.qos.logback.core.joran.action.NestedComplexPropertyIA - Assuming default type [ch.qos.logback.classic.encoder.PatternLayoutEncoder] for [encoder] property
14:44:37,791 |-INFO in ch.qos.logback.core.rolling.RollingFileAppender[FILE] - Active log file name: /tmp/application.log
14:44:37,791 |-INFO in ch.qos.logback.core.rolling.RollingFileAppender[FILE] - File property is set to [/tmp/application.log]
14:44:37,792 |-INFO in ch.qos.logback.classic.joran.action.RootLoggerAction - Setting level of ROOT logger to WARN
14:44:37,792 |-INFO in ch.qos.logback.core.joran.action.AppenderRefAction - Attaching appender named [STDOUT] to Logger[ROOT]
14:44:37,794 |-INFO in ch.qos.logback.core.joran.action.AppenderRefAction - Attaching appender named [FILE] to Logger[ROOT]
14:44:37,794 |-INFO in ch.qos.logback.classic.joran.action.ConfigurationAction - End of configuration.
14:44:37,794 |-INFO in ch.qos.logback.classic.joran.JoranConfigurator@79698539 - Registering current configuration as safe fallback point

Ama winner
Ama winner
2019-06-10T14:44:39.070+0000: 1.726: [Full GC (Metadata GC Threshold) 2019-06-10T14:44:39.070+0000: 1.726: [Tenured: 0K->15176K(341376K), 0.0404433 secs] 114923K->15176K(494976K), [Metaspace: 20743K->20743K(1067008K)], 0.0405115 secs] [Times: user=0.03 sys=0.01, real=0.04 secs] 
14:44:57.480 [Curator-PathChildrenCache-2] WARN  o.a.c.u.ZKPaths  - The version of ZooKeeper being used doesn't support Container nodes. CreateMode.PERSISTENT will be used instead.
2019-06-10T14:45:00.003+0000: 22.659: [GC (GCLocker Initiated GC) 2019-06-10T14:45:00.003+0000: 22.659: [DefNew: 117890K->17023K(153600K), 0.0241034 secs] 152598K->52714K(494976K), 0.0241721 secs] [Times: user=0.02 sys=0.00, real=0.02 secs] 
2019-06-10T14:45:00.516+0000: 23.172: [Full GC (Metadata GC Threshold) 2019-06-10T14:45:00.516+0000: 23.172: [Tenured: 35690K->44606K(341376K), 0.0400207 secs] 70535K->44606K(494976K), [Metaspace: 34599K->34599K(1079296K)], 0.0400957 secs] [Times: user=0.03 sys=0.01, real=0.04 secs] 
2019-06-10T14:45:03.836+0000: 26.492: [GC (Allocation Failure) 2019-06-10T14:45:03.836+0000: 26.492: [DefNew: 136576K->274K(153600K), 0.0026736 secs] 181182K->44880K(494976K), 0.0027334 secs] [Times: user=0.01 sys=0.00, real=0.01 secs] 
2019-06-10T14:45:07.081+0000: 29.738: [GC (Allocation Failure) 2019-06-10T14:45:07.082+0000: 29.738: [DefNew: 136850K->288K(153600K), 0.0023247 secs] 181456K->44894K(494976K), 0.0023881 secs] [Times: user=0.00 sys=0.00, real=0.00 secs] 
2019-06-10T14:45:10.393+0000: 33.051: [GC (Allocation Failure) 2019-06-10T14:45:10.394+0000: 33.051: [DefNew: 136864K->288K(153600K), 0.0024221 secs] 181470K->44894K(494976K), 0.0036774 secs] [Times: user=0.00 sys=0.00, real=0.00 secs] 
2019-06-10T14:45:13.718+0000: 36.374: [GC (Allocation Failure) 2019-06-10T14:45:13.718+0000: 36.374: [DefNew: 136864K->290K(153600K), 0.0023719 secs] 181470K->44896K(494976K), 0.0024328 secs] [Times: user=0.00 sys=0.00, real=0.01 secs] 
2019-06-10T14:45:17.063+0000: 39.719: [GC (Allocation Failure) 2019-06-10T14:45:17.063+0000: 39.719: [DefNew: 136866K->298K(153600K), 0.0025198 secs] 181472K->44904K(494976K), 0.0025812 secs] [Times: user=0.00 sys=0.00, real=0.00 secs] 
2019-06-10T14:45:20.407+0000: 43.063: [GC (Allocation Failure) 2019-06-10T14:45:20.407+0000: 43.063: [DefNew: 136874K->296K(153600K), 0.0024009 secs] 181480K->44902K(494976K), 0.0024707 secs] [Times: user=0.01 sys=0.00, real=0.00 secs] 
14:45:27.603 [Curator-PathChildrenCache-0] ERROR o.a.c.f.r.c.PathChildrenCache  - 
java.lang.IllegalStateException: instance must be started before calling this method
	at org.apache.curator.shaded.com.google.common.base.Preconditions.checkState(Preconditions.java:444)
	at org.apache.curator.framework.imps.CuratorFrameworkImpl.getChildren(CuratorFrameworkImpl.java:456)
	at org.apache.curator.framework.recipes.cache.PathChildrenCache.refresh(PathChildrenCache.java:521)
	at org.apache.curator.framework.recipes.cache.RefreshOperation.invoke(RefreshOperation.java:35)
	at org.apache.curator.framework.recipes.cache.PathChildrenCache$9.run(PathChildrenCache.java:786)
	at java.util.concurrent.Executors$RunnableAdapter.call(Executors.java:511)
	at java.util.concurrent.FutureTask.run(FutureTask.java:266)
	at java.util.concurrent.Executors$RunnableAdapter.call(Executors.java:511)
	at java.util.concurrent.FutureTask.run(FutureTask.java:266)
	at java.util.concurrent.ThreadPoolExecutor.runWorker(ThreadPoolExecutor.java:1149)
	at java.util.concurrent.ThreadPoolExecutor$Worker.run(ThreadPoolExecutor.java:624)
	at java.lang.Thread.run(Thread.java:748)
Heap
 def new generation   total 153600K, used 81059K [0x00000000e0c00000, 0x00000000eb2a0000, 0x00000000eb2a0000)
  eden space 136576K,  59% used [0x00000000e0c00000, 0x00000000e5aded50, 0x00000000e9160000)
  from space 17024K,   1% used [0x00000000ea200000, 0x00000000ea24a038, 0x00000000eb2a0000)
  to   space 17024K,   0% used [0x00000000e9160000, 0x00000000e9160000, 0x00000000ea200000)
 tenured generation   total 341376K, used 44606K [0x00000000eb2a0000, 0x0000000100000000, 0x0000000100000000)
   the space 341376K,  13% used [0x00000000eb2a0000, 0x00000000ede2f860, 0x00000000ede2fa00, 0x0000000100000000)
 Metaspace       used 36173K, capacity 37232K, committed 37376K, reserved 1081344K
  class space    used 4870K, capacity 5104K, committed 5120K, reserved 1048576K
