15:58:12,704 |-INFO in ch.qos.logback.classic.LoggerContext[default] - Could NOT find resource [logback-test.xml]
15:58:12,704 |-INFO in ch.qos.logback.classic.LoggerContext[default] - Could NOT find resource [logback.groovy]
15:58:12,704 |-INFO in ch.qos.logback.classic.LoggerContext[default] - Found resource [logback.xml] at [jar:file:/root/flamestream/lib/flamestream-runtime-1.0-SNAPSHOT.jar!/logback.xml]
15:58:12,705 |-WARN in ch.qos.logback.classic.LoggerContext[default] - Resource [logback.xml] occurs multiple times on the classpath.
15:58:12,705 |-WARN in ch.qos.logback.classic.LoggerContext[default] - Resource [logback.xml] occurs at [jar:file:/root/flamestream/lib/flamestream-runtime-1.0-SNAPSHOT.jar!/logback.xml]
15:58:12,705 |-WARN in ch.qos.logback.classic.LoggerContext[default] - Resource [logback.xml] occurs at [jar:file:/root/flamestream/flamestream-runtime-1.0-SNAPSHOT.jar!/logback.xml]
15:58:12,725 |-INFO in ch.qos.logback.core.joran.spi.ConfigurationWatchList@3fb6a447 - URL [jar:file:/root/flamestream/lib/flamestream-runtime-1.0-SNAPSHOT.jar!/logback.xml] is not of type file
15:58:12,799 |-INFO in ch.qos.logback.classic.joran.action.ConfigurationAction - debug attribute not set
15:58:12,800 |-INFO in ch.qos.logback.core.joran.action.AppenderAction - About to instantiate appender of type [ch.qos.logback.core.ConsoleAppender]
15:58:12,816 |-INFO in ch.qos.logback.core.joran.action.AppenderAction - Naming appender as [STDOUT]
15:58:12,832 |-INFO in ch.qos.logback.core.joran.action.NestedComplexPropertyIA - Assuming default type [ch.qos.logback.classic.encoder.PatternLayoutEncoder] for [encoder] property
15:58:12,920 |-INFO in ch.qos.logback.core.joran.action.AppenderAction - About to instantiate appender of type [ch.qos.logback.core.rolling.RollingFileAppender]
15:58:12,925 |-INFO in ch.qos.logback.core.joran.action.AppenderAction - Naming appender as [FILE]
15:58:12,956 |-INFO in c.q.l.core.rolling.TimeBasedRollingPolicy@127618319 - No compression will be used
15:58:12,957 |-INFO in c.q.l.core.rolling.TimeBasedRollingPolicy@127618319 - Will use the pattern /tmp/application_%d{yyyy-MM-dd}.%i.log for the active file
15:58:12,960 |-INFO in ch.qos.logback.core.rolling.SizeAndTimeBasedFNATP@6b2fad11 - The date pattern is 'yyyy-MM-dd' from file name pattern '/tmp/application_%d{yyyy-MM-dd}.%i.log'.
15:58:12,960 |-INFO in ch.qos.logback.core.rolling.SizeAndTimeBasedFNATP@6b2fad11 - Roll-over at midnight.
15:58:12,965 |-INFO in ch.qos.logback.core.rolling.SizeAndTimeBasedFNATP@6b2fad11 - Setting initial period to Mon Jun 10 15:56:52 UTC 2019
15:58:12,965 |-WARN in ch.qos.logback.core.rolling.SizeAndTimeBasedFNATP@6b2fad11 - SizeAndTimeBasedFNATP is deprecated. Use SizeAndTimeBasedRollingPolicy instead
15:58:12,965 |-WARN in ch.qos.logback.core.rolling.SizeAndTimeBasedFNATP@6b2fad11 - For more information see http://logback.qos.ch/manual/appenders.html#SizeAndTimeBasedRollingPolicy
15:58:12,969 |-INFO in ch.qos.logback.core.joran.action.NestedComplexPropertyIA - Assuming default type [ch.qos.logback.classic.encoder.PatternLayoutEncoder] for [encoder] property
15:58:12,974 |-INFO in ch.qos.logback.core.rolling.RollingFileAppender[FILE] - Active log file name: /tmp/application.log
15:58:12,974 |-INFO in ch.qos.logback.core.rolling.RollingFileAppender[FILE] - File property is set to [/tmp/application.log]
15:58:12,975 |-INFO in ch.qos.logback.classic.joran.action.RootLoggerAction - Setting level of ROOT logger to WARN
15:58:12,975 |-INFO in ch.qos.logback.core.joran.action.AppenderRefAction - Attaching appender named [STDOUT] to Logger[ROOT]
15:58:12,977 |-INFO in ch.qos.logback.core.joran.action.AppenderRefAction - Attaching appender named [FILE] to Logger[ROOT]
15:58:12,977 |-INFO in ch.qos.logback.classic.joran.action.ConfigurationAction - End of configuration.
15:58:12,978 |-INFO in ch.qos.logback.classic.joran.JoranConfigurator@79698539 - Registering current configuration as safe fallback point

Ama winner
Ama winner
2019-06-10T15:58:14.309+0000: 1.794: [Full GC (Metadata GC Threshold) 2019-06-10T15:58:14.309+0000: 1.794: [Tenured: 0K->15175K(341376K), 0.0415196 secs] 114923K->15175K(494976K), [Metaspace: 20732K->20732K(1067008K)], 0.0415892 secs] [Times: user=0.03 sys=0.01, real=0.05 secs] 
15:58:31.211 [Curator-PathChildrenCache-1] WARN  o.a.c.u.ZKPaths  - The version of ZooKeeper being used doesn't support Container nodes. CreateMode.PERSISTENT will be used instead.
2019-06-10T15:58:33.416+0000: 20.901: [GC (Allocation Failure) 2019-06-10T15:58:33.416+0000: 20.901: [DefNew: 136576K->17023K(153600K), 0.0256683 secs] 151751K->52678K(494976K), 0.0257413 secs] [Times: user=0.02 sys=0.00, real=0.03 secs] 
2019-06-10T15:58:34.919+0000: 22.403: [Full GC (Metadata GC Threshold) 2019-06-10T15:58:34.919+0000: 22.403: [Tenured: 35654K->44344K(341376K), 0.0501977 secs] 80712K->44344K(494976K), [Metaspace: 34576K->34576K(1079296K)], 0.0502760 secs] [Times: user=0.05 sys=0.00, real=0.05 secs] 
2019-06-10T15:58:41.666+0000: 29.150: [GC (Allocation Failure) 2019-06-10T15:58:41.666+0000: 29.150: [DefNew: 136576K->68K(153600K), 0.0019405 secs] 180920K->44412K(494976K), 0.0020044 secs] [Times: user=0.01 sys=0.00, real=0.00 secs] 
2019-06-10T15:58:48.177+0000: 35.662: [GC (Allocation Failure) 2019-06-10T15:58:48.177+0000: 35.662: [DefNew: 136644K->71K(153600K), 0.0017780 secs] 180988K->44415K(494976K), 0.0018394 secs] [Times: user=0.00 sys=0.00, real=0.01 secs] 
2019-06-10T15:58:54.811+0000: 42.296: [GC (Allocation Failure) 2019-06-10T15:58:54.811+0000: 42.296: [DefNew: 136647K->70K(153600K), 0.0017398 secs] 180991K->44415K(494976K), 0.0018014 secs] [Times: user=0.01 sys=0.00, real=0.00 secs] 
2019-06-10T15:59:01.481+0000: 48.966: [GC (Allocation Failure) 2019-06-10T15:59:01.481+0000: 48.966: [DefNew: 136646K->68K(153600K), 0.0019307 secs] 180991K->44413K(494976K), 0.0019923 secs] [Times: user=0.00 sys=0.00, real=0.00 secs] 
2019-06-10T15:59:08.189+0000: 55.674: [GC (Allocation Failure) 2019-06-10T15:59:08.189+0000: 55.674: [DefNew: 136644K->69K(153600K), 0.0018060 secs] 180989K->44413K(494976K), 0.0018699 secs] [Times: user=0.00 sys=0.00, real=0.00 secs] 
15:59:17.054 [Curator-PathChildrenCache-0] ERROR o.a.c.f.r.c.PathChildrenCache  - 
java.lang.IllegalStateException: instance must be started before calling this method
	at org.apache.curator.shaded.com.google.common.base.Preconditions.checkState(Preconditions.java:444)
	at org.apache.curator.framework.imps.CuratorFrameworkImpl.getChildren(CuratorFrameworkImpl.java:456)
	at org.apache.curator.framework.recipes.cache.PathChildrenCache.refresh(PathChildrenCache.java:521)
	at org.apache.curator.framework.recipes.cache.RefreshOperation.invoke(RefreshOperation.java:35)
	at org.apache.curator.framework.recipes.cache.PathChildrenCache$9.run(PathChildrenCache.java:786)
	at java.util.concurrent.Executors$RunnableAdapter.call(Executors.java:511)
	at java.util.concurrent.FutureTask.run(FutureTask.java:266)
	at java.util.concurrent.Executors$RunnableAdapter.call(Executors.java:511)
	at java.util.concurrent.FutureTask.run(FutureTask.java:266)
	at java.util.concurrent.ThreadPoolExecutor.runWorker(ThreadPoolExecutor.java:1149)
	at java.util.concurrent.ThreadPoolExecutor$Worker.run(ThreadPoolExecutor.java:624)
	at java.lang.Thread.run(Thread.java:748)
Heap
 def new generation   total 153600K, used 107633K [0x00000000e0c00000, 0x00000000eb2a0000, 0x00000000eb2a0000)
  eden space 136576K,  78% used [0x00000000e0c00000, 0x00000000e750b0d8, 0x00000000e9160000)
  from space 17024K,   0% used [0x00000000e9160000, 0x00000000e9171400, 0x00000000ea200000)
  to   space 17024K,   0% used [0x00000000ea200000, 0x00000000ea200000, 0x00000000eb2a0000)
 tenured generation   total 341376K, used 44344K [0x00000000eb2a0000, 0x0000000100000000, 0x0000000100000000)
   the space 341376K,  12% used [0x00000000eb2a0000, 0x00000000eddee1c0, 0x00000000eddee200, 0x0000000100000000)
 Metaspace       used 36244K, capacity 37126K, committed 37376K, reserved 1081344K
  class space    used 4872K, capacity 5075K, committed 5120K, reserved 1048576K
