15:34:37,129 |-INFO in ch.qos.logback.classic.LoggerContext[default] - Could NOT find resource [logback-test.xml]
15:34:37,129 |-INFO in ch.qos.logback.classic.LoggerContext[default] - Could NOT find resource [logback.groovy]
15:34:37,129 |-INFO in ch.qos.logback.classic.LoggerContext[default] - Found resource [logback.xml] at [jar:file:/root/flamestream/lib/flamestream-runtime-1.0-SNAPSHOT.jar!/logback.xml]
15:34:37,130 |-WARN in ch.qos.logback.classic.LoggerContext[default] - Resource [logback.xml] occurs multiple times on the classpath.
15:34:37,130 |-WARN in ch.qos.logback.classic.LoggerContext[default] - Resource [logback.xml] occurs at [jar:file:/root/flamestream/lib/flamestream-runtime-1.0-SNAPSHOT.jar!/logback.xml]
15:34:37,130 |-WARN in ch.qos.logback.classic.LoggerContext[default] - Resource [logback.xml] occurs at [jar:file:/root/flamestream/flamestream-runtime-1.0-SNAPSHOT.jar!/logback.xml]
15:34:37,150 |-INFO in ch.qos.logback.core.joran.spi.ConfigurationWatchList@3fb6a447 - URL [jar:file:/root/flamestream/lib/flamestream-runtime-1.0-SNAPSHOT.jar!/logback.xml] is not of type file
15:34:37,226 |-INFO in ch.qos.logback.classic.joran.action.ConfigurationAction - debug attribute not set
15:34:37,227 |-INFO in ch.qos.logback.core.joran.action.AppenderAction - About to instantiate appender of type [ch.qos.logback.core.ConsoleAppender]
15:34:37,241 |-INFO in ch.qos.logback.core.joran.action.AppenderAction - Naming appender as [STDOUT]
15:34:37,256 |-INFO in ch.qos.logback.core.joran.action.NestedComplexPropertyIA - Assuming default type [ch.qos.logback.classic.encoder.PatternLayoutEncoder] for [encoder] property
15:34:37,343 |-INFO in ch.qos.logback.core.joran.action.AppenderAction - About to instantiate appender of type [ch.qos.logback.core.rolling.RollingFileAppender]
15:34:37,348 |-INFO in ch.qos.logback.core.joran.action.AppenderAction - Naming appender as [FILE]
15:34:37,381 |-INFO in c.q.l.core.rolling.TimeBasedRollingPolicy@127618319 - No compression will be used
15:34:37,383 |-INFO in c.q.l.core.rolling.TimeBasedRollingPolicy@127618319 - Will use the pattern /tmp/application_%d{yyyy-MM-dd}.%i.log for the active file
15:34:37,386 |-INFO in ch.qos.logback.core.rolling.SizeAndTimeBasedFNATP@6b2fad11 - The date pattern is 'yyyy-MM-dd' from file name pattern '/tmp/application_%d{yyyy-MM-dd}.%i.log'.
15:34:37,386 |-INFO in ch.qos.logback.core.rolling.SizeAndTimeBasedFNATP@6b2fad11 - Roll-over at midnight.
15:34:37,391 |-INFO in ch.qos.logback.core.rolling.SizeAndTimeBasedFNATP@6b2fad11 - Setting initial period to Mon Jun 10 15:33:14 UTC 2019
15:34:37,391 |-WARN in ch.qos.logback.core.rolling.SizeAndTimeBasedFNATP@6b2fad11 - SizeAndTimeBasedFNATP is deprecated. Use SizeAndTimeBasedRollingPolicy instead
15:34:37,391 |-WARN in ch.qos.logback.core.rolling.SizeAndTimeBasedFNATP@6b2fad11 - For more information see http://logback.qos.ch/manual/appenders.html#SizeAndTimeBasedRollingPolicy
15:34:37,395 |-INFO in ch.qos.logback.core.joran.action.NestedComplexPropertyIA - Assuming default type [ch.qos.logback.classic.encoder.PatternLayoutEncoder] for [encoder] property
15:34:37,400 |-INFO in ch.qos.logback.core.rolling.RollingFileAppender[FILE] - Active log file name: /tmp/application.log
15:34:37,400 |-INFO in ch.qos.logback.core.rolling.RollingFileAppender[FILE] - File property is set to [/tmp/application.log]
15:34:37,401 |-INFO in ch.qos.logback.classic.joran.action.RootLoggerAction - Setting level of ROOT logger to WARN
15:34:37,401 |-INFO in ch.qos.logback.core.joran.action.AppenderRefAction - Attaching appender named [STDOUT] to Logger[ROOT]
15:34:37,403 |-INFO in ch.qos.logback.core.joran.action.AppenderRefAction - Attaching appender named [FILE] to Logger[ROOT]
15:34:37,403 |-INFO in ch.qos.logback.classic.joran.action.ConfigurationAction - End of configuration.
15:34:37,404 |-INFO in ch.qos.logback.classic.joran.JoranConfigurator@79698539 - Registering current configuration as safe fallback point

Ama winner
Ama winner
2019-06-10T15:34:38.691+0000: 1.750: [Full GC (Metadata GC Threshold) 2019-06-10T15:34:38.691+0000: 1.750: [Tenured: 0K->15176K(341376K), 0.0389095 secs] 114924K->15176K(494976K), [Metaspace: 20724K->20724K(1067008K)], 0.0389752 secs] [Times: user=0.03 sys=0.01, real=0.04 secs] 
15:34:54.015 [Curator-PathChildrenCache-1] WARN  o.a.c.u.ZKPaths  - The version of ZooKeeper being used doesn't support Container nodes. CreateMode.PERSISTENT will be used instead.
2019-06-10T15:34:56.133+0000: 19.193: [GC (Allocation Failure) 2019-06-10T15:34:56.133+0000: 19.193: [DefNew: 136576K->17023K(153600K), 0.0281863 secs] 151752K->52473K(494976K), 0.0282618 secs] [Times: user=0.02 sys=0.01, real=0.03 secs] 
2019-06-10T15:34:57.135+0000: 20.195: [Full GC (Metadata GC Threshold) 2019-06-10T15:34:57.135+0000: 20.195: [Tenured: 35449K->44012K(341376K), 0.0402447 secs] 72935K->44012K(494976K), [Metaspace: 34576K->34576K(1079296K)], 0.0403163 secs] [Times: user=0.04 sys=0.00, real=0.04 secs] 
2019-06-10T15:35:03.635+0000: 26.694: [GC (Allocation Failure) 2019-06-10T15:35:03.635+0000: 26.694: [DefNew: 136576K->134K(153600K), 0.0020879 secs] 180588K->44146K(494976K), 0.0021596 secs] [Times: user=0.00 sys=0.00, real=0.01 secs] 
2019-06-10T15:35:10.204+0000: 33.263: [GC (Allocation Failure) 2019-06-10T15:35:10.204+0000: 33.263: [DefNew: 136710K->133K(153600K), 0.0018636 secs] 180722K->44145K(494976K), 0.0019258 secs] [Times: user=0.01 sys=0.00, real=0.00 secs] 
2019-06-10T15:35:16.667+0000: 39.726: [GC (Allocation Failure) 2019-06-10T15:35:16.667+0000: 39.726: [DefNew: 136709K->139K(153600K), 0.0018056 secs] 180721K->44151K(494976K), 0.0018797 secs] [Times: user=0.00 sys=0.00, real=0.01 secs] 
2019-06-10T15:35:23.035+0000: 46.095: [GC (Allocation Failure) 2019-06-10T15:35:23.035+0000: 46.095: [DefNew: 136715K->134K(153600K), 0.0018949 secs] 180727K->44147K(494976K), 0.0019565 secs] [Times: user=0.00 sys=0.00, real=0.01 secs] 
2019-06-10T15:35:31.290+0000: 54.349: [GC (Allocation Failure) 2019-06-10T15:35:31.290+0000: 54.350: [DefNew: 136710K->133K(153600K), 0.0019179 secs] 180723K->44145K(494976K), 0.0019785 secs] [Times: user=0.00 sys=0.00, real=0.00 secs] 
15:35:35.813 [Curator-PathChildrenCache-0] ERROR o.a.c.f.r.c.PathChildrenCache  - 
java.lang.IllegalStateException: instance must be started before calling this method
	at org.apache.curator.shaded.com.google.common.base.Preconditions.checkState(Preconditions.java:444)
	at org.apache.curator.framework.imps.CuratorFrameworkImpl.getChildren(CuratorFrameworkImpl.java:456)
	at org.apache.curator.framework.recipes.cache.PathChildrenCache.refresh(PathChildrenCache.java:521)
	at org.apache.curator.framework.recipes.cache.RefreshOperation.invoke(RefreshOperation.java:35)
	at org.apache.curator.framework.recipes.cache.PathChildrenCache$9.run(PathChildrenCache.java:786)
	at java.util.concurrent.Executors$RunnableAdapter.call(Executors.java:511)
	at java.util.concurrent.FutureTask.run(FutureTask.java:266)
	at java.util.concurrent.Executors$RunnableAdapter.call(Executors.java:511)
	at java.util.concurrent.FutureTask.run(FutureTask.java:266)
	at java.util.concurrent.ThreadPoolExecutor.runWorker(ThreadPoolExecutor.java:1149)
	at java.util.concurrent.ThreadPoolExecutor$Worker.run(ThreadPoolExecutor.java:624)
	at java.lang.Thread.run(Thread.java:748)
Heap
 def new generation   total 153600K, used 36710K [0x00000000e0c00000, 0x00000000eb2a0000, 0x00000000eb2a0000)
  eden space 136576K,  26% used [0x00000000e0c00000, 0x00000000e2fb84b0, 0x00000000e9160000)
  from space 17024K,   0% used [0x00000000e9160000, 0x00000000e91816c0, 0x00000000ea200000)
  to   space 17024K,   0% used [0x00000000ea200000, 0x00000000ea200000, 0x00000000eb2a0000)
 tenured generation   total 341376K, used 44012K [0x00000000eb2a0000, 0x0000000100000000, 0x0000000100000000)
   the space 341376K,  12% used [0x00000000eb2a0000, 0x00000000edd9b110, 0x00000000edd9b200, 0x0000000100000000)
 Metaspace       used 35802K, capacity 36704K, committed 36864K, reserved 1081344K
  class space    used 4829K, capacity 5042K, committed 5120K, reserved 1048576K
