05:46:23,585 |-INFO in ch.qos.logback.classic.LoggerContext[default] - Could NOT find resource [logback-test.xml]
05:46:23,585 |-INFO in ch.qos.logback.classic.LoggerContext[default] - Could NOT find resource [logback.groovy]
05:46:23,586 |-INFO in ch.qos.logback.classic.LoggerContext[default] - Found resource [logback.xml] at [jar:file:/root/flamestream/lib/flamestream-runtime-1.0-SNAPSHOT.jar!/logback.xml]
05:46:23,586 |-WARN in ch.qos.logback.classic.LoggerContext[default] - Resource [logback.xml] occurs multiple times on the classpath.
05:46:23,587 |-WARN in ch.qos.logback.classic.LoggerContext[default] - Resource [logback.xml] occurs at [jar:file:/root/flamestream/lib/flamestream-runtime-1.0-SNAPSHOT.jar!/logback.xml]
05:46:23,587 |-WARN in ch.qos.logback.classic.LoggerContext[default] - Resource [logback.xml] occurs at [jar:file:/root/flamestream/flamestream-runtime-1.0-SNAPSHOT.jar!/logback.xml]
05:46:23,607 |-INFO in ch.qos.logback.core.joran.spi.ConfigurationWatchList@3fb6a447 - URL [jar:file:/root/flamestream/lib/flamestream-runtime-1.0-SNAPSHOT.jar!/logback.xml] is not of type file
05:46:23,673 |-INFO in ch.qos.logback.classic.joran.action.ConfigurationAction - debug attribute not set
05:46:23,674 |-INFO in ch.qos.logback.core.joran.action.AppenderAction - About to instantiate appender of type [ch.qos.logback.core.ConsoleAppender]
05:46:23,690 |-INFO in ch.qos.logback.core.joran.action.AppenderAction - Naming appender as [STDOUT]
05:46:23,709 |-INFO in ch.qos.logback.core.joran.action.NestedComplexPropertyIA - Assuming default type [ch.qos.logback.classic.encoder.PatternLayoutEncoder] for [encoder] property
05:46:23,786 |-INFO in ch.qos.logback.core.joran.action.AppenderAction - About to instantiate appender of type [ch.qos.logback.core.rolling.RollingFileAppender]
05:46:23,795 |-INFO in ch.qos.logback.core.joran.action.AppenderAction - Naming appender as [FILE]
05:46:23,825 |-INFO in c.q.l.core.rolling.TimeBasedRollingPolicy@127618319 - No compression will be used
05:46:23,826 |-INFO in c.q.l.core.rolling.TimeBasedRollingPolicy@127618319 - Will use the pattern /tmp/application_%d{yyyy-MM-dd}.%i.log for the active file
05:46:23,829 |-INFO in ch.qos.logback.core.rolling.SizeAndTimeBasedFNATP@6b2fad11 - The date pattern is 'yyyy-MM-dd' from file name pattern '/tmp/application_%d{yyyy-MM-dd}.%i.log'.
05:46:23,829 |-INFO in ch.qos.logback.core.rolling.SizeAndTimeBasedFNATP@6b2fad11 - Roll-over at midnight.
05:46:23,834 |-INFO in ch.qos.logback.core.rolling.SizeAndTimeBasedFNATP@6b2fad11 - Setting initial period to Tue Jun 11 05:45:08 UTC 2019
05:46:23,834 |-WARN in ch.qos.logback.core.rolling.SizeAndTimeBasedFNATP@6b2fad11 - SizeAndTimeBasedFNATP is deprecated. Use SizeAndTimeBasedRollingPolicy instead
05:46:23,834 |-WARN in ch.qos.logback.core.rolling.SizeAndTimeBasedFNATP@6b2fad11 - For more information see http://logback.qos.ch/manual/appenders.html#SizeAndTimeBasedRollingPolicy
05:46:23,839 |-INFO in ch.qos.logback.core.joran.action.NestedComplexPropertyIA - Assuming default type [ch.qos.logback.classic.encoder.PatternLayoutEncoder] for [encoder] property
05:46:23,843 |-INFO in ch.qos.logback.core.rolling.RollingFileAppender[FILE] - Active log file name: /tmp/application.log
05:46:23,843 |-INFO in ch.qos.logback.core.rolling.RollingFileAppender[FILE] - File property is set to [/tmp/application.log]
05:46:23,844 |-INFO in ch.qos.logback.classic.joran.action.RootLoggerAction - Setting level of ROOT logger to WARN
05:46:23,844 |-INFO in ch.qos.logback.core.joran.action.AppenderRefAction - Attaching appender named [STDOUT] to Logger[ROOT]
05:46:23,846 |-INFO in ch.qos.logback.core.joran.action.AppenderRefAction - Attaching appender named [FILE] to Logger[ROOT]
05:46:23,846 |-INFO in ch.qos.logback.classic.joran.action.ConfigurationAction - End of configuration.
05:46:23,847 |-INFO in ch.qos.logback.classic.joran.JoranConfigurator@79698539 - Registering current configuration as safe fallback point

Ama winner
Ama winner
2019-06-11T05:46:25.199+0000: 1.795: [Full GC (Metadata GC Threshold) 2019-06-11T05:46:25.199+0000: 1.795: [Tenured: 0K->15145K(341376K), 0.0386564 secs] 114987K->15145K(494976K), [Metaspace: 20733K->20733K(1067008K)], 0.0387221 secs] [Times: user=0.03 sys=0.01, real=0.04 secs] 
05:46:39.038 [Curator-PathChildrenCache-1] WARN  o.a.c.u.ZKPaths  - The version of ZooKeeper being used doesn't support Container nodes. CreateMode.PERSISTENT will be used instead.
2019-06-11T05:46:41.186+0000: 17.781: [GC (Allocation Failure) 2019-06-11T05:46:41.186+0000: 17.781: [DefNew: 136576K->17023K(153600K), 0.0271676 secs] 151721K->52414K(494976K), 0.0272619 secs] [Times: user=0.01 sys=0.02, real=0.03 secs] 
2019-06-11T05:46:46.920+0000: 23.516: [GC (Allocation Failure) 2019-06-11T05:46:46.920+0000: 23.516: [DefNew: 153599K->312K(153600K), 0.0098878 secs] 188990K->43808K(494976K), 0.0099508 secs] [Times: user=0.01 sys=0.01, real=0.01 secs] 
2019-06-11T05:46:52.499+0000: 29.095: [GC (Allocation Failure) 2019-06-11T05:46:52.499+0000: 29.095: [DefNew: 136888K->295K(153600K), 0.0028739 secs] 180384K->43791K(494976K), 0.0029396 secs] [Times: user=0.00 sys=0.00, real=0.00 secs] 
2019-06-11T05:46:52.907+0000: 29.503: [Full GC (Metadata GC Threshold) 2019-06-11T05:46:52.907+0000: 29.503: [Tenured: 43495K->43788K(341376K), 0.0328561 secs] 55685K->43788K(494976K), [Metaspace: 34615K->34615K(1079296K)], 0.0329299 secs] [Times: user=0.04 sys=0.00, real=0.03 secs] 
2019-06-11T05:46:58.476+0000: 35.072: [GC (Allocation Failure) 2019-06-11T05:46:58.476+0000: 35.072: [DefNew: 136576K->48K(153600K), 0.0016542 secs] 180364K->43836K(494976K), 0.0017244 secs] [Times: user=0.00 sys=0.00, real=0.00 secs] 
2019-06-11T05:47:04.097+0000: 40.693: [GC (Allocation Failure) 2019-06-11T05:47:04.097+0000: 40.693: [DefNew: 136624K->48K(153600K), 0.0016343 secs] 180412K->43836K(494976K), 0.0016978 secs] [Times: user=0.00 sys=0.00, real=0.00 secs] 
2019-06-11T05:47:09.767+0000: 46.363: [GC (Allocation Failure) 2019-06-11T05:47:09.767+0000: 46.363: [DefNew: 136624K->49K(153600K), 0.0016031 secs] 180412K->43838K(494976K), 0.0016640 secs] [Times: user=0.00 sys=0.00, real=0.00 secs] 
05:47:15.609 [Curator-PathChildrenCache-0] ERROR o.a.c.f.r.c.PathChildrenCache  - 
java.lang.IllegalStateException: instance must be started before calling this method
	at org.apache.curator.shaded.com.google.common.base.Preconditions.checkState(Preconditions.java:444)
	at org.apache.curator.framework.imps.CuratorFrameworkImpl.getChildren(CuratorFrameworkImpl.java:456)
	at org.apache.curator.framework.recipes.cache.PathChildrenCache.refresh(PathChildrenCache.java:521)
	at org.apache.curator.framework.recipes.cache.RefreshOperation.invoke(RefreshOperation.java:35)
	at org.apache.curator.framework.recipes.cache.PathChildrenCache$9.run(PathChildrenCache.java:786)
	at java.util.concurrent.Executors$RunnableAdapter.call(Executors.java:511)
	at java.util.concurrent.FutureTask.run(FutureTask.java:266)
	at java.util.concurrent.Executors$RunnableAdapter.call(Executors.java:511)
	at java.util.concurrent.FutureTask.run(FutureTask.java:266)
	at java.util.concurrent.ThreadPoolExecutor.runWorker(ThreadPoolExecutor.java:1149)
	at java.util.concurrent.ThreadPoolExecutor$Worker.run(ThreadPoolExecutor.java:624)
	at java.lang.Thread.run(Thread.java:748)
Heap
 def new generation   total 153600K, used 56155K [0x00000000e0c00000, 0x00000000eb2a0000, 0x00000000eb2a0000)
  eden space 136576K,  41% used [0x00000000e0c00000, 0x00000000e42ca868, 0x00000000e9160000)
  from space 17024K,   0% used [0x00000000e9160000, 0x00000000e916c740, 0x00000000ea200000)
  to   space 17024K,   0% used [0x00000000ea200000, 0x00000000ea200000, 0x00000000eb2a0000)
 tenured generation   total 341376K, used 43788K [0x00000000eb2a0000, 0x0000000100000000, 0x0000000100000000)
   the space 341376K,  12% used [0x00000000eb2a0000, 0x00000000edd63110, 0x00000000edd63200, 0x0000000100000000)
 Metaspace       used 35780K, capacity 36672K, committed 36864K, reserved 1081344K
  class space    used 4813K, capacity 5010K, committed 5120K, reserved 1048576K
