15:42:13,635 |-INFO in ch.qos.logback.classic.LoggerContext[default] - Could NOT find resource [logback-test.xml]
15:42:13,635 |-INFO in ch.qos.logback.classic.LoggerContext[default] - Could NOT find resource [logback.groovy]
15:42:13,635 |-INFO in ch.qos.logback.classic.LoggerContext[default] - Found resource [logback.xml] at [jar:file:/home/nikitasokolov/flamestream/lib/flamestream-runtime-1.0-SNAPSHOT.jar!/logback.xml]
15:42:13,636 |-WARN in ch.qos.logback.classic.LoggerContext[default] - Resource [logback.xml] occurs multiple times on the classpath.
15:42:13,636 |-WARN in ch.qos.logback.classic.LoggerContext[default] - Resource [logback.xml] occurs at [jar:file:/home/nikitasokolov/flamestream/lib/flamestream-runtime-1.0-SNAPSHOT.jar!/logback.xml]
15:42:13,636 |-WARN in ch.qos.logback.classic.LoggerContext[default] - Resource [logback.xml] occurs at [jar:file:/home/nikitasokolov/flamestream/flamestream-runtime-1.0-SNAPSHOT.jar!/logback.xml]
15:42:13,652 |-INFO in ch.qos.logback.core.joran.spi.ConfigurationWatchList@6108b2d7 - URL [jar:file:/home/nikitasokolov/flamestream/lib/flamestream-runtime-1.0-SNAPSHOT.jar!/logback.xml] is not of type file
15:42:13,705 |-INFO in ch.qos.logback.classic.joran.action.ConfigurationAction - debug attribute not set
15:42:13,706 |-INFO in ch.qos.logback.core.joran.action.AppenderAction - About to instantiate appender of type [ch.qos.logback.core.ConsoleAppender]
15:42:13,717 |-INFO in ch.qos.logback.core.joran.action.AppenderAction - Naming appender as [STDOUT]
15:42:13,725 |-INFO in ch.qos.logback.core.joran.action.NestedComplexPropertyIA - Assuming default type [ch.qos.logback.classic.encoder.PatternLayoutEncoder] for [encoder] property
15:42:13,781 |-INFO in ch.qos.logback.core.joran.action.AppenderAction - About to instantiate appender of type [ch.qos.logback.core.rolling.RollingFileAppender]
15:42:13,786 |-INFO in ch.qos.logback.core.joran.action.AppenderAction - Naming appender as [FILE]
15:42:13,808 |-INFO in c.q.l.core.rolling.TimeBasedRollingPolicy@357863579 - No compression will be used
15:42:13,809 |-INFO in c.q.l.core.rolling.TimeBasedRollingPolicy@357863579 - Will use the pattern /tmp/application_%d{yyyy-MM-dd}.%i.log for the active file
15:42:13,812 |-INFO in ch.qos.logback.core.rolling.SizeAndTimeBasedFNATP@6bf256fa - The date pattern is 'yyyy-MM-dd' from file name pattern '/tmp/application_%d{yyyy-MM-dd}.%i.log'.
15:42:13,812 |-INFO in ch.qos.logback.core.rolling.SizeAndTimeBasedFNATP@6bf256fa - Roll-over at midnight.
15:42:13,816 |-INFO in ch.qos.logback.core.rolling.SizeAndTimeBasedFNATP@6bf256fa - Setting initial period to Sun Jun 09 15:41:24 MSK 2019
15:42:13,816 |-WARN in ch.qos.logback.core.rolling.SizeAndTimeBasedFNATP@6bf256fa - SizeAndTimeBasedFNATP is deprecated. Use SizeAndTimeBasedRollingPolicy instead
15:42:13,816 |-WARN in ch.qos.logback.core.rolling.SizeAndTimeBasedFNATP@6bf256fa - For more information see http://logback.qos.ch/manual/appenders.html#SizeAndTimeBasedRollingPolicy
15:42:13,820 |-INFO in ch.qos.logback.core.joran.action.NestedComplexPropertyIA - Assuming default type [ch.qos.logback.classic.encoder.PatternLayoutEncoder] for [encoder] property
15:42:13,823 |-INFO in ch.qos.logback.core.rolling.RollingFileAppender[FILE] - Active log file name: /tmp/application.log
15:42:13,823 |-INFO in ch.qos.logback.core.rolling.RollingFileAppender[FILE] - File property is set to [/tmp/application.log]
15:42:13,824 |-INFO in ch.qos.logback.classic.joran.action.RootLoggerAction - Setting level of ROOT logger to WARN
15:42:13,824 |-INFO in ch.qos.logback.core.joran.action.AppenderRefAction - Attaching appender named [STDOUT] to Logger[ROOT]
15:42:13,824 |-INFO in ch.qos.logback.core.joran.action.AppenderRefAction - Attaching appender named [FILE] to Logger[ROOT]
15:42:13,825 |-INFO in ch.qos.logback.classic.joran.action.ConfigurationAction - End of configuration.
15:42:13,825 |-INFO in ch.qos.logback.classic.joran.JoranConfigurator@6cd8737 - Registering current configuration as safe fallback point

2019-06-09T15:42:14.836+0300: 1.393: [GC (Metadata GC Threshold) [PSYoungGen: 108151K->15846K(149504K)] 108151K->15926K(491008K), 0.0206358 secs] [Times: user=0.07 sys=0.03, real=0.02 secs] 
2019-06-09T15:42:14.856+0300: 1.414: [Full GC (Metadata GC Threshold) [PSYoungGen: 15846K->0K(149504K)] [ParOldGen: 80K->14981K(341504K)] 15926K->14981K(491008K), [Metaspace: 20800K->20800K(1067008K)], 0.0270849 secs] [Times: user=0.18 sys=0.01, real=0.03 secs] 
15:42:22.690 [Curator-PathChildrenCache-1] WARN  o.a.c.u.ZKPaths  - The version of ZooKeeper being used doesn't support Container nodes. CreateMode.PERSISTENT will be used instead.
2019-06-09T15:42:23.947+0300: 10.504: [GC (Metadata GC Threshold) [PSYoungGen: 127942K->15618K(149504K)] 142923K->50139K(491008K), 0.0256575 secs] [Times: user=0.16 sys=0.05, real=0.03 secs] 
2019-06-09T15:42:23.973+0300: 10.530: [Full GC (Metadata GC Threshold) [PSYoungGen: 15618K->0K(149504K)] [ParOldGen: 34520K->38527K(341504K)] 50139K->38527K(491008K), [Metaspace: 34557K->34557K(1079296K)], 0.0423727 secs] [Times: user=0.22 sys=0.01, real=0.04 secs] 
2019-06-09T15:42:34.994+0300: 21.551: [GC (Allocation Failure) [PSYoungGen: 128512K->448K(149504K)] 167039K->38983K(491008K), 0.0064863 secs] [Times: user=0.06 sys=0.00, real=0.01 secs] 
2019-06-09T15:42:46.868+0300: 33.426: [GC (Allocation Failure) [PSYoungGen: 128960K->448K(149504K)] 167495K->38991K(491008K), 0.0047135 secs] [Times: user=0.03 sys=0.00, real=0.01 secs] 
2019-06-09T15:42:58.970+0300: 45.527: [GC (Allocation Failure) [PSYoungGen: 128960K->448K(129024K)] 167503K->38999K(470528K), 0.0042619 secs] [Times: user=0.02 sys=0.00, real=0.00 secs] 
2019-06-09T15:43:11.117+0300: 57.675: [GC (Allocation Failure) [PSYoungGen: 128960K->448K(150016K)] 167511K->39007K(491520K), 0.0043229 secs] [Times: user=0.02 sys=0.01, real=0.01 secs] 
2019-06-09T15:43:25.094+0300: 71.652: [GC (Allocation Failure) [PSYoungGen: 128960K->727K(148992K)] 167519K->39286K(490496K), 0.0037155 secs] [Times: user=0.02 sys=0.00, real=0.01 secs] 
15:43:52.679 [Curator-PathChildrenCache-0] ERROR o.a.c.f.r.c.PathChildrenCache  - 
java.lang.IllegalStateException: instance must be started before calling this method
	at org.apache.curator.shaded.com.google.common.base.Preconditions.checkState(Preconditions.java:444)
	at org.apache.curator.framework.imps.CuratorFrameworkImpl.getChildren(CuratorFrameworkImpl.java:456)
	at org.apache.curator.framework.recipes.cache.PathChildrenCache.refresh(PathChildrenCache.java:521)
	at org.apache.curator.framework.recipes.cache.RefreshOperation.invoke(RefreshOperation.java:35)
	at org.apache.curator.framework.recipes.cache.PathChildrenCache$9.run(PathChildrenCache.java:786)
	at java.util.concurrent.Executors$RunnableAdapter.call(Executors.java:511)
	at java.util.concurrent.FutureTask.run(FutureTask.java:266)
	at java.util.concurrent.Executors$RunnableAdapter.call(Executors.java:511)
	at java.util.concurrent.FutureTask.run(FutureTask.java:266)
	at java.util.concurrent.ThreadPoolExecutor.runWorker(ThreadPoolExecutor.java:1149)
	at java.util.concurrent.ThreadPoolExecutor$Worker.run(ThreadPoolExecutor.java:624)
	at java.lang.Thread.run(Thread.java:748)
2019-06-09T15:43:53.710+0300: 100.268: [GC (Allocation Failure) [PSYoungGen: 129239K->1050K(152064K)] 167798K->39617K(493568K), 0.0041101 secs] [Times: user=0.03 sys=0.00, real=0.00 secs] 
Heap
 PSYoungGen      total 152064K, used 5781K [0x00000000f5980000, 0x0000000100000000, 0x0000000100000000)
  eden space 132608K, 3% used [0x00000000f5980000,0x00000000f5e1ec28,0x00000000fdb00000)
  from space 19456K, 5% used [0x00000000fed00000,0x00000000fee06910,0x0000000100000000)
  to   space 18432K, 0% used [0x00000000fdb00000,0x00000000fdb00000,0x00000000fed00000)
 ParOldGen       total 341504K, used 38567K [0x00000000e0c00000, 0x00000000f5980000, 0x00000000f5980000)
  object space 341504K, 11% used [0x00000000e0c00000,0x00000000e31a9c00,0x00000000f5980000)
 Metaspace       used 36071K, capacity 36958K, committed 37208K, reserved 1081344K
  class space    used 4978K, capacity 5161K, committed 5248K, reserved 1048576K
