11:19:01,371 |-INFO in ch.qos.logback.classic.LoggerContext[default] - Could NOT find resource [logback-test.xml]
11:19:01,371 |-INFO in ch.qos.logback.classic.LoggerContext[default] - Could NOT find resource [logback.groovy]
11:19:01,371 |-INFO in ch.qos.logback.classic.LoggerContext[default] - Found resource [logback.xml] at [jar:file:/home/nikitasokolov/flamestream/lib/flamestream-runtime-1.0-SNAPSHOT.jar!/logback.xml]
11:19:01,372 |-WARN in ch.qos.logback.classic.LoggerContext[default] - Resource [logback.xml] occurs multiple times on the classpath.
11:19:01,372 |-WARN in ch.qos.logback.classic.LoggerContext[default] - Resource [logback.xml] occurs at [jar:file:/home/nikitasokolov/flamestream/lib/flamestream-runtime-1.0-SNAPSHOT.jar!/logback.xml]
11:19:01,372 |-WARN in ch.qos.logback.classic.LoggerContext[default] - Resource [logback.xml] occurs at [jar:file:/home/nikitasokolov/flamestream/flamestream-runtime-1.0-SNAPSHOT.jar!/logback.xml]
11:19:01,389 |-INFO in ch.qos.logback.core.joran.spi.ConfigurationWatchList@6108b2d7 - URL [jar:file:/home/nikitasokolov/flamestream/lib/flamestream-runtime-1.0-SNAPSHOT.jar!/logback.xml] is not of type file
11:19:01,439 |-INFO in ch.qos.logback.classic.joran.action.ConfigurationAction - debug attribute not set
11:19:01,440 |-INFO in ch.qos.logback.core.joran.action.AppenderAction - About to instantiate appender of type [ch.qos.logback.core.ConsoleAppender]
11:19:01,448 |-INFO in ch.qos.logback.core.joran.action.AppenderAction - Naming appender as [STDOUT]
11:19:01,456 |-INFO in ch.qos.logback.core.joran.action.NestedComplexPropertyIA - Assuming default type [ch.qos.logback.classic.encoder.PatternLayoutEncoder] for [encoder] property
11:19:01,513 |-INFO in ch.qos.logback.core.joran.action.AppenderAction - About to instantiate appender of type [ch.qos.logback.core.rolling.RollingFileAppender]
11:19:01,519 |-INFO in ch.qos.logback.core.joran.action.AppenderAction - Naming appender as [FILE]
11:19:01,542 |-INFO in c.q.l.core.rolling.TimeBasedRollingPolicy@357863579 - No compression will be used
11:19:01,543 |-INFO in c.q.l.core.rolling.TimeBasedRollingPolicy@357863579 - Will use the pattern /tmp/application_%d{yyyy-MM-dd}.%i.log for the active file
11:19:01,546 |-INFO in ch.qos.logback.core.rolling.SizeAndTimeBasedFNATP@6bf256fa - The date pattern is 'yyyy-MM-dd' from file name pattern '/tmp/application_%d{yyyy-MM-dd}.%i.log'.
11:19:01,546 |-INFO in ch.qos.logback.core.rolling.SizeAndTimeBasedFNATP@6bf256fa - Roll-over at midnight.
11:19:01,550 |-INFO in ch.qos.logback.core.rolling.SizeAndTimeBasedFNATP@6bf256fa - Setting initial period to Sun Jun 09 11:18:16 MSK 2019
11:19:01,550 |-WARN in ch.qos.logback.core.rolling.SizeAndTimeBasedFNATP@6bf256fa - SizeAndTimeBasedFNATP is deprecated. Use SizeAndTimeBasedRollingPolicy instead
11:19:01,550 |-WARN in ch.qos.logback.core.rolling.SizeAndTimeBasedFNATP@6bf256fa - For more information see http://logback.qos.ch/manual/appenders.html#SizeAndTimeBasedRollingPolicy
11:19:01,555 |-INFO in ch.qos.logback.core.joran.action.NestedComplexPropertyIA - Assuming default type [ch.qos.logback.classic.encoder.PatternLayoutEncoder] for [encoder] property
11:19:01,559 |-INFO in ch.qos.logback.core.rolling.RollingFileAppender[FILE] - Active log file name: /tmp/application.log
11:19:01,559 |-INFO in ch.qos.logback.core.rolling.RollingFileAppender[FILE] - File property is set to [/tmp/application.log]
11:19:01,560 |-INFO in ch.qos.logback.classic.joran.action.RootLoggerAction - Setting level of ROOT logger to WARN
11:19:01,561 |-INFO in ch.qos.logback.core.joran.action.AppenderRefAction - Attaching appender named [STDOUT] to Logger[ROOT]
11:19:01,561 |-INFO in ch.qos.logback.core.joran.action.AppenderRefAction - Attaching appender named [FILE] to Logger[ROOT]
11:19:01,561 |-INFO in ch.qos.logback.classic.joran.action.ConfigurationAction - End of configuration.
11:19:01,562 |-INFO in ch.qos.logback.classic.joran.JoranConfigurator@6cd8737 - Registering current configuration as safe fallback point

2019-06-09T11:19:02.549+0300: 1.379: [GC (Metadata GC Threshold) [PSYoungGen: 110722K->15940K(149504K)] 110722K->16020K(491008K), 0.0204482 secs] [Times: user=0.07 sys=0.03, real=0.02 secs] 
2019-06-09T11:19:02.569+0300: 1.400: [Full GC (Metadata GC Threshold) [PSYoungGen: 15940K->0K(149504K)] [ParOldGen: 80K->15078K(341504K)] 16020K->15078K(491008K), [Metaspace: 20802K->20802K(1067008K)], 0.0258659 secs] [Times: user=0.15 sys=0.01, real=0.03 secs] 
11:19:11.223 [Curator-PathChildrenCache-1] WARN  o.a.c.u.ZKPaths  - The version of ZooKeeper being used doesn't support Container nodes. CreateMode.PERSISTENT will be used instead.
2019-06-09T11:19:12.194+0300: 11.025: [GC (Metadata GC Threshold) [PSYoungGen: 125667K->15834K(149504K)] 140745K->50452K(491008K), 0.0312871 secs] [Times: user=0.28 sys=0.03, real=0.03 secs] 
2019-06-09T11:19:12.226+0300: 11.056: [Full GC (Metadata GC Threshold) [PSYoungGen: 15834K->0K(149504K)] [ParOldGen: 34617K->38846K(341504K)] 50452K->38846K(491008K), [Metaspace: 34551K->34551K(1079296K)], 0.0518290 secs] [Times: user=0.37 sys=0.00, real=0.06 secs] 
2019-06-09T11:19:17.529+0300: 16.359: [GC (Allocation Failure) [PSYoungGen: 128512K->480K(149504K)] 167358K->39326K(491008K), 0.0036949 secs] [Times: user=0.01 sys=0.00, real=0.01 secs] 
2019-06-09T11:19:23.455+0300: 22.286: [GC (Allocation Failure) [PSYoungGen: 128992K->480K(149504K)] 167838K->39334K(491008K), 0.0047605 secs] [Times: user=0.03 sys=0.01, real=0.01 secs] 
2019-06-09T11:19:29.354+0300: 28.185: [GC (Allocation Failure) [PSYoungGen: 128992K->416K(129024K)] 167846K->39278K(470528K), 0.0032369 secs] [Times: user=0.01 sys=0.00, real=0.00 secs] 
2019-06-09T11:19:35.378+0300: 34.208: [GC (Allocation Failure) [PSYoungGen: 128928K->320K(150016K)] 167790K->39190K(491520K), 0.0032225 secs] [Times: user=0.02 sys=0.01, real=0.00 secs] 
2019-06-09T11:19:41.457+0300: 40.287: [GC (Allocation Failure) [PSYoungGen: 128832K->512K(148992K)] 167702K->39390K(490496K), 0.0111440 secs] [Times: user=0.10 sys=0.02, real=0.01 secs] 
2019-06-09T11:19:47.539+0300: 46.369: [GC (Allocation Failure) [PSYoungGen: 129024K->512K(151552K)] 167902K->39398K(493056K), 0.0059155 secs] [Times: user=0.04 sys=0.00, real=0.00 secs] 
2019-06-09T11:19:53.687+0300: 52.517: [GC (Allocation Failure) [PSYoungGen: 132096K->544K(150528K)] 170982K->39438K(492032K), 0.0055737 secs] [Times: user=0.03 sys=0.00, real=0.01 secs] 
2019-06-09T11:19:59.927+0300: 58.758: [GC (Allocation Failure) [PSYoungGen: 132128K->448K(153088K)] 171022K->39342K(494592K), 0.0025208 secs] [Times: user=0.02 sys=0.00, real=0.01 secs] 
2019-06-09T11:20:07.112+0300: 65.943: [GC (Allocation Failure) [PSYoungGen: 135616K->1056K(152576K)] 174510K->39958K(494080K), 0.0056204 secs] [Times: user=0.00 sys=0.03, real=0.01 secs] 
11:20:23.886 [Curator-PathChildrenCache-0] ERROR o.a.c.f.r.c.PathChildrenCache  - 
java.lang.IllegalStateException: instance must be started before calling this method
	at org.apache.curator.shaded.com.google.common.base.Preconditions.checkState(Preconditions.java:444)
	at org.apache.curator.framework.imps.CuratorFrameworkImpl.getChildren(CuratorFrameworkImpl.java:456)
	at org.apache.curator.framework.recipes.cache.PathChildrenCache.refresh(PathChildrenCache.java:521)
	at org.apache.curator.framework.recipes.cache.RefreshOperation.invoke(RefreshOperation.java:35)
	at org.apache.curator.framework.recipes.cache.PathChildrenCache$9.run(PathChildrenCache.java:786)
	at java.util.concurrent.Executors$RunnableAdapter.call(Executors.java:511)
	at java.util.concurrent.FutureTask.run(FutureTask.java:266)
	at java.util.concurrent.Executors$RunnableAdapter.call(Executors.java:511)
	at java.util.concurrent.FutureTask.run(FutureTask.java:266)
	at java.util.concurrent.ThreadPoolExecutor.runWorker(ThreadPoolExecutor.java:1149)
	at java.util.concurrent.ThreadPoolExecutor$Worker.run(ThreadPoolExecutor.java:624)
	at java.lang.Thread.run(Thread.java:748)
Heap
 PSYoungGen      total 152576K, used 102757K [0x00000000f5980000, 0x0000000100000000, 0x0000000100000000)
  eden space 135168K, 75% used [0x00000000f5980000,0x00000000fbcd15f8,0x00000000fdd80000)
  from space 17408K, 6% used [0x00000000fdd80000,0x00000000fde880b0,0x00000000fee80000)
  to   space 16384K, 0% used [0x00000000ff000000,0x00000000ff000000,0x0000000100000000)
 ParOldGen       total 341504K, used 38902K [0x00000000e0c00000, 0x00000000f5980000, 0x00000000f5980000)
  object space 341504K, 11% used [0x00000000e0c00000,0x00000000e31fda30,0x00000000f5980000)
 Metaspace       used 36147K, capacity 37022K, committed 37208K, reserved 1081344K
  class space    used 4979K, capacity 5161K, committed 5248K, reserved 1048576K
