23:06:43,375 |-INFO in ch.qos.logback.classic.LoggerContext[default] - Could NOT find resource [logback-test.xml]
23:06:43,375 |-INFO in ch.qos.logback.classic.LoggerContext[default] - Could NOT find resource [logback.groovy]
23:06:43,375 |-INFO in ch.qos.logback.classic.LoggerContext[default] - Found resource [logback.xml] at [jar:file:/home/nikitasokolov/flamestream/lib/flamestream-runtime-1.0-SNAPSHOT.jar!/logback.xml]
23:06:43,376 |-WARN in ch.qos.logback.classic.LoggerContext[default] - Resource [logback.xml] occurs multiple times on the classpath.
23:06:43,376 |-WARN in ch.qos.logback.classic.LoggerContext[default] - Resource [logback.xml] occurs at [jar:file:/home/nikitasokolov/flamestream/lib/flamestream-runtime-1.0-SNAPSHOT.jar!/logback.xml]
23:06:43,376 |-WARN in ch.qos.logback.classic.LoggerContext[default] - Resource [logback.xml] occurs at [jar:file:/home/nikitasokolov/flamestream/flamestream-runtime-1.0-SNAPSHOT.jar!/logback.xml]
23:06:43,392 |-INFO in ch.qos.logback.core.joran.spi.ConfigurationWatchList@6aaa5eb0 - URL [jar:file:/home/nikitasokolov/flamestream/lib/flamestream-runtime-1.0-SNAPSHOT.jar!/logback.xml] is not of type file
23:06:43,445 |-INFO in ch.qos.logback.classic.joran.action.ConfigurationAction - debug attribute not set
23:06:43,445 |-INFO in ch.qos.logback.core.joran.action.AppenderAction - About to instantiate appender of type [ch.qos.logback.core.ConsoleAppender]
23:06:43,453 |-INFO in ch.qos.logback.core.joran.action.AppenderAction - Naming appender as [STDOUT]
23:06:43,461 |-INFO in ch.qos.logback.core.joran.action.NestedComplexPropertyIA - Assuming default type [ch.qos.logback.classic.encoder.PatternLayoutEncoder] for [encoder] property
23:06:43,522 |-INFO in ch.qos.logback.core.joran.action.AppenderAction - About to instantiate appender of type [ch.qos.logback.core.rolling.RollingFileAppender]
23:06:43,527 |-INFO in ch.qos.logback.core.joran.action.AppenderAction - Naming appender as [FILE]
23:06:43,550 |-INFO in c.q.l.core.rolling.TimeBasedRollingPolicy@3447021 - No compression will be used
23:06:43,551 |-INFO in c.q.l.core.rolling.TimeBasedRollingPolicy@3447021 - Will use the pattern /tmp/application_%d{yyyy-MM-dd}.%i.log for the active file
23:06:43,554 |-INFO in ch.qos.logback.core.rolling.SizeAndTimeBasedFNATP@1a407d53 - The date pattern is 'yyyy-MM-dd' from file name pattern '/tmp/application_%d{yyyy-MM-dd}.%i.log'.
23:06:43,554 |-INFO in ch.qos.logback.core.rolling.SizeAndTimeBasedFNATP@1a407d53 - Roll-over at midnight.
23:06:43,559 |-INFO in ch.qos.logback.core.rolling.SizeAndTimeBasedFNATP@1a407d53 - Setting initial period to Thu Jun 06 22:00:24 MSK 2019
23:06:43,559 |-WARN in ch.qos.logback.core.rolling.SizeAndTimeBasedFNATP@1a407d53 - SizeAndTimeBasedFNATP is deprecated. Use SizeAndTimeBasedRollingPolicy instead
23:06:43,559 |-WARN in ch.qos.logback.core.rolling.SizeAndTimeBasedFNATP@1a407d53 - For more information see http://logback.qos.ch/manual/appenders.html#SizeAndTimeBasedRollingPolicy
23:06:43,562 |-INFO in ch.qos.logback.core.joran.action.NestedComplexPropertyIA - Assuming default type [ch.qos.logback.classic.encoder.PatternLayoutEncoder] for [encoder] property
23:06:43,565 |-INFO in ch.qos.logback.core.rolling.RollingFileAppender[FILE] - Active log file name: /tmp/application.log
23:06:43,565 |-INFO in ch.qos.logback.core.rolling.RollingFileAppender[FILE] - File property is set to [/tmp/application.log]
23:06:43,566 |-ERROR in ch.qos.logback.core.rolling.RollingFileAppender[FILE] - openFile(/tmp/application.log,true) call failed. java.io.FileNotFoundException: /tmp/application.log (Permission denied)
	at java.io.FileNotFoundException: /tmp/application.log (Permission denied)
	at 	at java.io.FileOutputStream.open0(Native Method)
	at 	at java.io.FileOutputStream.open(FileOutputStream.java:270)
	at 	at java.io.FileOutputStream.<init>(FileOutputStream.java:213)
	at 	at ch.qos.logback.core.recovery.ResilientFileOutputStream.<init>(ResilientFileOutputStream.java:26)
	at 	at ch.qos.logback.core.FileAppender.openFile(FileAppender.java:204)
	at 	at ch.qos.logback.core.FileAppender.start(FileAppender.java:127)
	at 	at ch.qos.logback.core.rolling.RollingFileAppender.start(RollingFileAppender.java:100)
	at 	at ch.qos.logback.core.joran.action.AppenderAction.end(AppenderAction.java:90)
	at 	at ch.qos.logback.core.joran.spi.Interpreter.callEndAction(Interpreter.java:309)
	at 	at ch.qos.logback.core.joran.spi.Interpreter.endElement(Interpreter.java:193)
	at 	at ch.qos.logback.core.joran.spi.Interpreter.endElement(Interpreter.java:179)
	at 	at ch.qos.logback.core.joran.spi.EventPlayer.play(EventPlayer.java:62)
	at 	at ch.qos.logback.core.joran.GenericConfigurator.doConfigure(GenericConfigurator.java:165)
	at 	at ch.qos.logback.core.joran.GenericConfigurator.doConfigure(GenericConfigurator.java:152)
	at 	at ch.qos.logback.core.joran.GenericConfigurator.doConfigure(GenericConfigurator.java:110)
	at 	at ch.qos.logback.core.joran.GenericConfigurator.doConfigure(GenericConfigurator.java:53)
	at 	at ch.qos.logback.classic.util.ContextInitializer.configureByResource(ContextInitializer.java:75)
	at 	at ch.qos.logback.classic.util.ContextInitializer.autoConfig(ContextInitializer.java:150)
	at 	at org.slf4j.impl.StaticLoggerBinder.init(StaticLoggerBinder.java:84)
	at 	at org.slf4j.impl.StaticLoggerBinder.<clinit>(StaticLoggerBinder.java:55)
	at 	at org.slf4j.LoggerFactory.bind(LoggerFactory.java:150)
	at 	at org.slf4j.LoggerFactory.performInitialization(LoggerFactory.java:124)
	at 	at org.slf4j.LoggerFactory.getILoggerFactory(LoggerFactory.java:412)
	at 	at org.slf4j.LoggerFactory.getLogger(LoggerFactory.java:357)
	at 	at org.slf4j.LoggerFactory.getLogger(LoggerFactory.java:383)
	at 	at com.spbsu.flamestream.runtime.WorkerApplication.<init>(WorkerApplication.java:26)
	at 	at com.spbsu.flamestream.runtime.WorkerApplication.main(WorkerApplication.java:68)
23:06:43,566 |-INFO in ch.qos.logback.classic.joran.action.RootLoggerAction - Setting level of ROOT logger to WARN
23:06:43,566 |-INFO in ch.qos.logback.core.joran.action.AppenderRefAction - Attaching appender named [STDOUT] to Logger[ROOT]
23:06:43,567 |-INFO in ch.qos.logback.core.joran.action.AppenderRefAction - Attaching appender named [FILE] to Logger[ROOT]
23:06:43,567 |-INFO in ch.qos.logback.classic.joran.action.ConfigurationAction - End of configuration.
23:06:43,567 |-INFO in ch.qos.logback.classic.joran.JoranConfigurator@21bcffb5 - Registering current configuration as safe fallback point

Ama winner
Ama winner
2019-06-08T23:06:44.576+0300: 1.390: [GC (Metadata GC Threshold) [PSYoungGen: 95247K->16013K(149504K)] 95247K->16093K(491008K), 0.0241114 secs] [Times: user=0.15 sys=0.04, real=0.02 secs] 
2019-06-08T23:06:44.600+0300: 1.414: [Full GC (Metadata GC Threshold) [PSYoungGen: 16013K->0K(149504K)] [ParOldGen: 80K->15103K(341504K)] 16093K->15103K(491008K), [Metaspace: 20804K->20804K(1067008K)], 0.0247529 secs] [Times: user=0.13 sys=0.02, real=0.03 secs] 
23:06:55.164 [Curator-PathChildrenCache-1] WARN  o.a.c.u.ZKPaths  - The version of ZooKeeper being used doesn't support Container nodes. CreateMode.PERSISTENT will be used instead.
2019-06-08T23:06:55.994+0300: 12.808: [GC (Allocation Failure) [PSYoungGen: 128512K->15879K(149504K)] 143615K->50522K(491008K), 0.0258962 secs] [Times: user=0.20 sys=0.02, real=0.02 secs] 
2019-06-08T23:06:56.159+0300: 12.973: [GC (Metadata GC Threshold) [PSYoungGen: 26634K->5557K(149504K)] 61276K->40207K(491008K), 0.0042134 secs] [Times: user=0.03 sys=0.00, real=0.00 secs] 
2019-06-08T23:06:56.164+0300: 12.978: [Full GC (Metadata GC Threshold) [PSYoungGen: 5557K->0K(149504K)] [ParOldGen: 34650K->29410K(341504K)] 40207K->29410K(491008K), [Metaspace: 34552K->34552K(1079296K)], 0.0318263 secs] [Times: user=0.16 sys=0.00, real=0.04 secs] 
2019-06-08T23:06:58.392+0300: 15.207: [GC (Allocation Failure) [PSYoungGen: 128512K->640K(149504K)] 157922K->30058K(491008K), 0.0032391 secs] [Times: user=0.02 sys=0.01, real=0.00 secs] 
2019-06-08T23:07:00.834+0300: 17.648: [GC (Allocation Failure) [PSYoungGen: 129152K->736K(129536K)] 158570K->30162K(471040K), 0.0666078 secs] [Times: user=0.02 sys=0.00, real=0.06 secs] 
2019-06-08T23:07:02.907+0300: 19.721: [GC (Allocation Failure) [PSYoungGen: 129248K->864K(148992K)] 158674K->30298K(490496K), 0.0049313 secs] [Times: user=0.04 sys=0.00, real=0.00 secs] 
2019-06-08T23:07:04.833+0300: 21.647: [GC (Allocation Failure) [PSYoungGen: 127840K->800K(148480K)] 157274K->30234K(489984K), 0.0029805 secs] [Times: user=0.01 sys=0.00, real=0.00 secs] 
2019-06-08T23:07:06.611+0300: 23.426: [GC (Allocation Failure) [PSYoungGen: 127776K->704K(150528K)] 157210K->30146K(492032K), 0.0026616 secs] [Times: user=0.01 sys=0.01, real=0.01 secs] 
2019-06-08T23:07:08.640+0300: 25.454: [GC (Allocation Failure) [PSYoungGen: 130752K->672K(150016K)] 160194K->30122K(491520K), 0.0028493 secs] [Times: user=0.01 sys=0.00, real=0.00 secs] 
2019-06-08T23:07:10.489+0300: 27.304: [GC (Allocation Failure) [PSYoungGen: 130720K->736K(152064K)] 160170K->30194K(493568K), 0.0039797 secs] [Times: user=0.03 sys=0.00, real=0.01 secs] 
2019-06-08T23:07:12.431+0300: 29.246: [GC (Allocation Failure) [PSYoungGen: 133856K->704K(151552K)] 163314K->30162K(493056K), 0.0036918 secs] [Times: user=0.01 sys=0.01, real=0.01 secs] 
2019-06-08T23:07:14.195+0300: 31.009: [GC (Allocation Failure) [PSYoungGen: 133824K->672K(153600K)] 163282K->30130K(495104K), 0.0027762 secs] [Times: user=0.01 sys=0.00, real=0.00 secs] 
2019-06-08T23:07:16.463+0300: 33.277: [GC (Allocation Failure) [PSYoungGen: 136864K->608K(153088K)] 166322K->30074K(494592K), 0.0024628 secs] [Times: user=0.01 sys=0.00, real=0.01 secs] 
2019-06-08T23:07:18.462+0300: 35.277: [GC (Allocation Failure) [PSYoungGen: 136800K->672K(155136K)] 166266K->30138K(496640K), 0.0037480 secs] [Times: user=0.02 sys=0.00, real=0.01 secs] 
2019-06-08T23:07:20.350+0300: 37.164: [GC (Allocation Failure) [PSYoungGen: 139936K->768K(154624K)] 169402K->30234K(496128K), 0.0033730 secs] [Times: user=0.01 sys=0.01, real=0.01 secs] 
2019-06-08T23:07:22.035+0300: 38.849: [GC (Allocation Failure) [PSYoungGen: 140032K->864K(156672K)] 169498K->30330K(498176K), 0.0032663 secs] [Times: user=0.02 sys=0.00, real=0.00 secs] 
2019-06-08T23:07:23.705+0300: 40.519: [GC (Allocation Failure) [PSYoungGen: 143200K->928K(156160K)] 172666K->30394K(497664K), 0.0607580 secs] [Times: user=0.01 sys=0.00, real=0.06 secs] 
2019-06-08T23:07:25.320+0300: 42.134: [GC (Allocation Failure) [PSYoungGen: 143264K->864K(158208K)] 172730K->30338K(499712K), 0.0027418 secs] [Times: user=0.01 sys=0.00, real=0.00 secs] 
2019-06-08T23:07:27.118+0300: 43.933: [GC (Allocation Failure) [PSYoungGen: 146272K->608K(157696K)] 175746K->30482K(499200K), 0.0030784 secs] [Times: user=0.02 sys=0.00, real=0.00 secs] 
2019-06-08T23:07:29.472+0300: 46.286: [GC (Allocation Failure) [PSYoungGen: 146016K->672K(159744K)] 175890K->30610K(501248K), 0.0024244 secs] [Times: user=0.00 sys=0.01, real=0.01 secs] 
2019-06-08T23:07:31.760+0300: 48.574: [GC (Allocation Failure) [PSYoungGen: 149152K->704K(159232K)] 179090K->30722K(500736K), 0.0021577 secs] [Times: user=0.00 sys=0.00, real=0.00 secs] 
23:07:42.853 [Curator-PathChildrenCache-0] ERROR o.a.c.f.r.c.PathChildrenCache  - 
java.lang.IllegalStateException: instance must be started before calling this method
	at org.apache.curator.shaded.com.google.common.base.Preconditions.checkState(Preconditions.java:444)
	at org.apache.curator.framework.imps.CuratorFrameworkImpl.getChildren(CuratorFrameworkImpl.java:456)
	at org.apache.curator.framework.recipes.cache.PathChildrenCache.refresh(PathChildrenCache.java:521)
	at org.apache.curator.framework.recipes.cache.RefreshOperation.invoke(RefreshOperation.java:35)
	at org.apache.curator.framework.recipes.cache.PathChildrenCache$9.run(PathChildrenCache.java:786)
	at java.util.concurrent.Executors$RunnableAdapter.call(Executors.java:511)
	at java.util.concurrent.FutureTask.run(FutureTask.java:266)
	at java.util.concurrent.Executors$RunnableAdapter.call(Executors.java:511)
	at java.util.concurrent.FutureTask.run(FutureTask.java:266)
	at java.util.concurrent.ThreadPoolExecutor.runWorker(ThreadPoolExecutor.java:1149)
	at java.util.concurrent.ThreadPoolExecutor$Worker.run(ThreadPoolExecutor.java:624)
	at java.lang.Thread.run(Thread.java:748)
23:07:42.952 [worker-akka.actor.default-dispatcher-12] ERROR c.s.f.r.WorkerApplication  - Something went wrong during trace flush
java.nio.file.AccessDeniedException: /tmp/trace.csv
	at sun.nio.fs.UnixException.translateToIOException(UnixException.java:84)
	at sun.nio.fs.UnixException.rethrowAsIOException(UnixException.java:102)
	at sun.nio.fs.UnixException.rethrowAsIOException(UnixException.java:107)
	at sun.nio.fs.UnixFileSystemProvider.newByteChannel(UnixFileSystemProvider.java:214)
	at java.nio.file.spi.FileSystemProvider.newOutputStream(FileSystemProvider.java:434)
	at java.nio.file.Files.newOutputStream(Files.java:216)
	at java.nio.file.Files.newBufferedWriter(Files.java:2860)
	at java.nio.file.Files.newBufferedWriter(Files.java:2896)
	at com.spbsu.flamestream.runtime.utils.tracing.Tracing.flush(Tracing.java:35)
	at com.spbsu.flamestream.runtime.WorkerApplication.lambda$run$0(WorkerApplication.java:109)
	at akka.actor.ActorSystemImpl$TerminationCallbacks$$anonfun$addRec$1$1.applyOrElse(ActorSystem.scala:1036)
	at akka.actor.ActorSystemImpl$TerminationCallbacks$$anonfun$addRec$1$1.applyOrElse(ActorSystem.scala:1036)
	at scala.concurrent.Future$$anonfun$andThen$1.apply(Future.scala:436)
	at scala.concurrent.Future$$anonfun$andThen$1.apply(Future.scala:435)
	at scala.concurrent.impl.CallbackRunnable.run(Promise.scala:36)
	at akka.dispatch.BatchingExecutor$AbstractBatch.processBatch(BatchingExecutor.scala:55)
	at akka.dispatch.BatchingExecutor$BlockableBatch$$anonfun$run$1.apply$mcV$sp(BatchingExecutor.scala:91)
	at akka.dispatch.BatchingExecutor$BlockableBatch$$anonfun$run$1.apply(BatchingExecutor.scala:91)
	at akka.dispatch.BatchingExecutor$BlockableBatch$$anonfun$run$1.apply(BatchingExecutor.scala:91)
	at scala.concurrent.BlockContext$.withBlockContext(BlockContext.scala:72)
	at akka.dispatch.BatchingExecutor$BlockableBatch.run(BatchingExecutor.scala:90)
	at akka.dispatch.TaskInvocation.run(AbstractDispatcher.scala:40)
	at akka.dispatch.ForkJoinExecutorConfigurator$AkkaForkJoinTask.exec(ForkJoinExecutorConfigurator.scala:44)
	at akka.dispatch.forkjoin.ForkJoinTask.doExec(ForkJoinTask.java:260)
	at akka.dispatch.forkjoin.ForkJoinPool$WorkQueue.runTask(ForkJoinPool.java:1339)
	at akka.dispatch.forkjoin.ForkJoinPool.runWorker(ForkJoinPool.java:1979)
	at akka.dispatch.forkjoin.ForkJoinWorkerThread.run(ForkJoinWorkerThread.java:107)
Heap
 PSYoungGen      total 159232K, used 104708K [0x00000000f5980000, 0x0000000100000000, 0x0000000100000000)
  eden space 148480K, 70% used [0x00000000f5980000,0x00000000fbf11128,0x00000000fea80000)
  from space 10752K, 6% used [0x00000000fea80000,0x00000000feb30070,0x00000000ff500000)
  to   space 10240K, 0% used [0x00000000ff600000,0x00000000ff600000,0x0000000100000000)
 ParOldGen       total 341504K, used 30018K [0x00000000e0c00000, 0x00000000f5980000, 0x00000000f5980000)
  object space 341504K, 8% used [0x00000000e0c00000,0x00000000e2950918,0x00000000f5980000)
 Metaspace       used 35873K, capacity 36752K, committed 36952K, reserved 1081344K
  class space    used 4927K, capacity 5128K, committed 5248K, reserved 1048576K
