08:29:43,900 |-INFO in ch.qos.logback.classic.LoggerContext[default] - Could NOT find resource [logback-test.xml]
08:29:43,900 |-INFO in ch.qos.logback.classic.LoggerContext[default] - Could NOT find resource [logback.groovy]
08:29:43,901 |-INFO in ch.qos.logback.classic.LoggerContext[default] - Found resource [logback.xml] at [jar:file:/root/flamestream/lib/flamestream-runtime-1.0-SNAPSHOT.jar!/logback.xml]
08:29:43,902 |-WARN in ch.qos.logback.classic.LoggerContext[default] - Resource [logback.xml] occurs multiple times on the classpath.
08:29:43,902 |-WARN in ch.qos.logback.classic.LoggerContext[default] - Resource [logback.xml] occurs at [jar:file:/root/flamestream/lib/flamestream-runtime-1.0-SNAPSHOT.jar!/logback.xml]
08:29:43,902 |-WARN in ch.qos.logback.classic.LoggerContext[default] - Resource [logback.xml] occurs at [jar:file:/root/flamestream/flamestream-runtime-1.0-SNAPSHOT.jar!/logback.xml]
08:29:43,921 |-INFO in ch.qos.logback.core.joran.spi.ConfigurationWatchList@3fb6a447 - URL [jar:file:/root/flamestream/lib/flamestream-runtime-1.0-SNAPSHOT.jar!/logback.xml] is not of type file
08:29:43,990 |-INFO in ch.qos.logback.classic.joran.action.ConfigurationAction - debug attribute not set
08:29:43,991 |-INFO in ch.qos.logback.core.joran.action.AppenderAction - About to instantiate appender of type [ch.qos.logback.core.ConsoleAppender]
08:29:44,011 |-INFO in ch.qos.logback.core.joran.action.AppenderAction - Naming appender as [STDOUT]
08:29:44,025 |-INFO in ch.qos.logback.core.joran.action.NestedComplexPropertyIA - Assuming default type [ch.qos.logback.classic.encoder.PatternLayoutEncoder] for [encoder] property
08:29:44,110 |-INFO in ch.qos.logback.core.joran.action.AppenderAction - About to instantiate appender of type [ch.qos.logback.core.rolling.RollingFileAppender]
08:29:44,116 |-INFO in ch.qos.logback.core.joran.action.AppenderAction - Naming appender as [FILE]
08:29:44,148 |-INFO in c.q.l.core.rolling.TimeBasedRollingPolicy@127618319 - No compression will be used
08:29:44,150 |-INFO in c.q.l.core.rolling.TimeBasedRollingPolicy@127618319 - Will use the pattern /tmp/application_%d{yyyy-MM-dd}.%i.log for the active file
08:29:44,153 |-INFO in ch.qos.logback.core.rolling.SizeAndTimeBasedFNATP@6b2fad11 - The date pattern is 'yyyy-MM-dd' from file name pattern '/tmp/application_%d{yyyy-MM-dd}.%i.log'.
08:29:44,153 |-INFO in ch.qos.logback.core.rolling.SizeAndTimeBasedFNATP@6b2fad11 - Roll-over at midnight.
08:29:44,158 |-INFO in ch.qos.logback.core.rolling.SizeAndTimeBasedFNATP@6b2fad11 - Setting initial period to Tue Jun 11 08:28:18 UTC 2019
08:29:44,158 |-WARN in ch.qos.logback.core.rolling.SizeAndTimeBasedFNATP@6b2fad11 - SizeAndTimeBasedFNATP is deprecated. Use SizeAndTimeBasedRollingPolicy instead
08:29:44,158 |-WARN in ch.qos.logback.core.rolling.SizeAndTimeBasedFNATP@6b2fad11 - For more information see http://logback.qos.ch/manual/appenders.html#SizeAndTimeBasedRollingPolicy
08:29:44,162 |-INFO in ch.qos.logback.core.joran.action.NestedComplexPropertyIA - Assuming default type [ch.qos.logback.classic.encoder.PatternLayoutEncoder] for [encoder] property
08:29:44,167 |-INFO in ch.qos.logback.core.rolling.RollingFileAppender[FILE] - Active log file name: /tmp/application.log
08:29:44,167 |-INFO in ch.qos.logback.core.rolling.RollingFileAppender[FILE] - File property is set to [/tmp/application.log]
08:29:44,168 |-INFO in ch.qos.logback.classic.joran.action.RootLoggerAction - Setting level of ROOT logger to WARN
08:29:44,168 |-INFO in ch.qos.logback.core.joran.action.AppenderRefAction - Attaching appender named [STDOUT] to Logger[ROOT]
08:29:44,170 |-INFO in ch.qos.logback.core.joran.action.AppenderRefAction - Attaching appender named [FILE] to Logger[ROOT]
08:29:44,170 |-INFO in ch.qos.logback.classic.joran.action.ConfigurationAction - End of configuration.
08:29:44,170 |-INFO in ch.qos.logback.classic.joran.JoranConfigurator@79698539 - Registering current configuration as safe fallback point

Ama winner
Ama winner
2019-06-11T08:29:45.444+0000: 1.729: [Full GC (Metadata GC Threshold) 2019-06-11T08:29:45.444+0000: 1.729: [Tenured: 0K->15241K(341376K), 0.0396936 secs] 117751K->15241K(494976K), [Metaspace: 20734K->20734K(1067008K)], 0.0397650 secs] [Times: user=0.03 sys=0.00, real=0.04 secs] 
08:30:02.220 [Curator-PathChildrenCache-1] WARN  o.a.c.u.ZKPaths  - The version of ZooKeeper being used doesn't support Container nodes. CreateMode.PERSISTENT will be used instead.
2019-06-11T08:30:04.695+0000: 20.980: [GC (Allocation Failure) 2019-06-11T08:30:04.696+0000: 20.980: [DefNew: 136576K->17024K(153600K), 0.0251783 secs] 151817K->52624K(494976K), 0.0252498 secs] [Times: user=0.02 sys=0.01, real=0.02 secs] 
2019-06-11T08:30:11.648+0000: 27.933: [GC (Allocation Failure) 2019-06-11T08:30:11.648+0000: 27.933: [DefNew: 153600K->148K(153600K), 0.0095722 secs] 189200K->43973K(494976K), 0.0096363 secs] [Times: user=0.01 sys=0.00, real=0.01 secs] 
2019-06-11T08:30:16.120+0000: 32.405: [Full GC (Metadata GC Threshold) 2019-06-11T08:30:16.120+0000: 32.405: [Tenured: 43825K->43973K(341376K), 0.0493916 secs] 130456K->43973K(494976K), [Metaspace: 34611K->34611K(1079296K)], 0.0494666 secs] [Times: user=0.04 sys=0.00, real=0.05 secs] 
2019-06-11T08:30:23.432+0000: 39.717: [GC (Allocation Failure) 2019-06-11T08:30:23.432+0000: 39.717: [DefNew: 136576K->115K(153600K), 0.0016444 secs] 180549K->44089K(494976K), 0.0017074 secs] [Times: user=0.00 sys=0.00, real=0.00 secs] 
2019-06-11T08:30:30.747+0000: 47.031: [GC (Allocation Failure) 2019-06-11T08:30:30.747+0000: 47.031: [DefNew: 136691K->147K(153600K), 0.0015690 secs] 180665K->44120K(494976K), 0.0016437 secs] [Times: user=0.00 sys=0.00, real=0.00 secs] 
2019-06-11T08:30:38.081+0000: 54.365: [GC (Allocation Failure) 2019-06-11T08:30:38.081+0000: 54.366: [DefNew: 136723K->148K(153600K), 0.0016536 secs] 180696K->44121K(494976K), 0.0017146 secs] [Times: user=0.01 sys=0.00, real=0.01 secs] 
2019-06-11T08:30:45.815+0000: 62.100: [GC (Allocation Failure) 2019-06-11T08:30:45.815+0000: 62.100: [DefNew: 136724K->455K(153600K), 0.0019826 secs] 180697K->44428K(494976K), 0.0020437 secs] [Times: user=0.00 sys=0.00, real=0.00 secs] 
08:30:51.883 [Curator-PathChildrenCache-0] ERROR o.a.c.f.r.c.PathChildrenCache  - 
java.lang.IllegalStateException: instance must be started before calling this method
	at org.apache.curator.shaded.com.google.common.base.Preconditions.checkState(Preconditions.java:444)
	at org.apache.curator.framework.imps.CuratorFrameworkImpl.getChildren(CuratorFrameworkImpl.java:456)
	at org.apache.curator.framework.recipes.cache.PathChildrenCache.refresh(PathChildrenCache.java:521)
	at org.apache.curator.framework.recipes.cache.RefreshOperation.invoke(RefreshOperation.java:35)
	at org.apache.curator.framework.recipes.cache.PathChildrenCache$9.run(PathChildrenCache.java:786)
	at java.util.concurrent.Executors$RunnableAdapter.call(Executors.java:511)
	at java.util.concurrent.FutureTask.run(FutureTask.java:266)
	at java.util.concurrent.Executors$RunnableAdapter.call(Executors.java:511)
	at java.util.concurrent.FutureTask.run(FutureTask.java:266)
	at java.util.concurrent.ThreadPoolExecutor.runWorker(ThreadPoolExecutor.java:1149)
	at java.util.concurrent.ThreadPoolExecutor$Worker.run(ThreadPoolExecutor.java:624)
	at java.lang.Thread.run(Thread.java:748)
Heap
 def new generation   total 153600K, used 35992K [0x00000000e0c00000, 0x00000000eb2a0000, 0x00000000eb2a0000)
  eden space 136576K,  26% used [0x00000000e0c00000, 0x00000000e2eb47a0, 0x00000000e9160000)
  from space 17024K,   2% used [0x00000000e9160000, 0x00000000e91d1c10, 0x00000000ea200000)
  to   space 17024K,   0% used [0x00000000ea200000, 0x00000000ea200000, 0x00000000eb2a0000)
 tenured generation   total 341376K, used 43973K [0x00000000eb2a0000, 0x0000000100000000, 0x0000000100000000)
   the space 341376K,  12% used [0x00000000eb2a0000, 0x00000000edd91720, 0x00000000edd91800, 0x0000000100000000)
 Metaspace       used 35922K, capacity 36858K, committed 37120K, reserved 1081344K
  class space    used 4855K, capacity 5073K, committed 5120K, reserved 1048576K
