14:19:24,106 |-INFO in ch.qos.logback.classic.LoggerContext[default] - Could NOT find resource [logback-test.xml]
14:19:24,106 |-INFO in ch.qos.logback.classic.LoggerContext[default] - Could NOT find resource [logback.groovy]
14:19:24,106 |-INFO in ch.qos.logback.classic.LoggerContext[default] - Found resource [logback.xml] at [jar:file:/home/nikitasokolov/flamestream/lib/flamestream-runtime-1.0-SNAPSHOT.jar!/logback.xml]
14:19:24,107 |-WARN in ch.qos.logback.classic.LoggerContext[default] - Resource [logback.xml] occurs multiple times on the classpath.
14:19:24,107 |-WARN in ch.qos.logback.classic.LoggerContext[default] - Resource [logback.xml] occurs at [jar:file:/home/nikitasokolov/flamestream/lib/flamestream-runtime-1.0-SNAPSHOT.jar!/logback.xml]
14:19:24,107 |-WARN in ch.qos.logback.classic.LoggerContext[default] - Resource [logback.xml] occurs at [jar:file:/home/nikitasokolov/flamestream/flamestream-runtime-1.0-SNAPSHOT.jar!/logback.xml]
14:19:24,122 |-INFO in ch.qos.logback.core.joran.spi.ConfigurationWatchList@6108b2d7 - URL [jar:file:/home/nikitasokolov/flamestream/lib/flamestream-runtime-1.0-SNAPSHOT.jar!/logback.xml] is not of type file
14:19:24,171 |-INFO in ch.qos.logback.classic.joran.action.ConfigurationAction - debug attribute not set
14:19:24,172 |-INFO in ch.qos.logback.core.joran.action.AppenderAction - About to instantiate appender of type [ch.qos.logback.core.ConsoleAppender]
14:19:24,180 |-INFO in ch.qos.logback.core.joran.action.AppenderAction - Naming appender as [STDOUT]
14:19:24,187 |-INFO in ch.qos.logback.core.joran.action.NestedComplexPropertyIA - Assuming default type [ch.qos.logback.classic.encoder.PatternLayoutEncoder] for [encoder] property
14:19:24,239 |-INFO in ch.qos.logback.core.joran.action.AppenderAction - About to instantiate appender of type [ch.qos.logback.core.rolling.RollingFileAppender]
14:19:24,243 |-INFO in ch.qos.logback.core.joran.action.AppenderAction - Naming appender as [FILE]
14:19:24,264 |-INFO in c.q.l.core.rolling.TimeBasedRollingPolicy@357863579 - No compression will be used
14:19:24,265 |-INFO in c.q.l.core.rolling.TimeBasedRollingPolicy@357863579 - Will use the pattern /tmp/application_%d{yyyy-MM-dd}.%i.log for the active file
14:19:24,268 |-INFO in ch.qos.logback.core.rolling.SizeAndTimeBasedFNATP@6bf256fa - The date pattern is 'yyyy-MM-dd' from file name pattern '/tmp/application_%d{yyyy-MM-dd}.%i.log'.
14:19:24,268 |-INFO in ch.qos.logback.core.rolling.SizeAndTimeBasedFNATP@6bf256fa - Roll-over at midnight.
14:19:24,272 |-INFO in ch.qos.logback.core.rolling.SizeAndTimeBasedFNATP@6bf256fa - Setting initial period to Sun Jun 09 14:18:38 MSK 2019
14:19:24,272 |-WARN in ch.qos.logback.core.rolling.SizeAndTimeBasedFNATP@6bf256fa - SizeAndTimeBasedFNATP is deprecated. Use SizeAndTimeBasedRollingPolicy instead
14:19:24,272 |-WARN in ch.qos.logback.core.rolling.SizeAndTimeBasedFNATP@6bf256fa - For more information see http://logback.qos.ch/manual/appenders.html#SizeAndTimeBasedRollingPolicy
14:19:24,276 |-INFO in ch.qos.logback.core.joran.action.NestedComplexPropertyIA - Assuming default type [ch.qos.logback.classic.encoder.PatternLayoutEncoder] for [encoder] property
14:19:24,278 |-INFO in ch.qos.logback.core.rolling.RollingFileAppender[FILE] - Active log file name: /tmp/application.log
14:19:24,279 |-INFO in ch.qos.logback.core.rolling.RollingFileAppender[FILE] - File property is set to [/tmp/application.log]
14:19:24,280 |-INFO in ch.qos.logback.classic.joran.action.RootLoggerAction - Setting level of ROOT logger to WARN
14:19:24,280 |-INFO in ch.qos.logback.core.joran.action.AppenderRefAction - Attaching appender named [STDOUT] to Logger[ROOT]
14:19:24,280 |-INFO in ch.qos.logback.core.joran.action.AppenderRefAction - Attaching appender named [FILE] to Logger[ROOT]
14:19:24,280 |-INFO in ch.qos.logback.classic.joran.action.ConfigurationAction - End of configuration.
14:19:24,281 |-INFO in ch.qos.logback.classic.joran.JoranConfigurator@6cd8737 - Registering current configuration as safe fallback point

2019-06-09T14:19:25.257+0300: 1.355: [GC (Metadata GC Threshold) [PSYoungGen: 108151K->15997K(149504K)] 108151K->16077K(491008K), 0.0218928 secs] [Times: user=0.11 sys=0.03, real=0.03 secs] 
2019-06-09T14:19:25.279+0300: 1.377: [Full GC (Metadata GC Threshold) [PSYoungGen: 15997K->0K(149504K)] [ParOldGen: 80K->15078K(341504K)] 16077K->15078K(491008K), [Metaspace: 20800K->20800K(1067008K)], 0.0288865 secs] [Times: user=0.19 sys=0.02, real=0.02 secs] 
14:19:35.285 [Curator-PathChildrenCache-2] WARN  o.a.c.u.ZKPaths  - The version of ZooKeeper being used doesn't support Container nodes. CreateMode.PERSISTENT will be used instead.
2019-06-09T14:19:35.990+0300: 12.087: [GC (Metadata GC Threshold) [PSYoungGen: 122711K->20987K(149504K)] 137789K->51089K(491008K), 0.0204544 secs] [Times: user=0.19 sys=0.04, real=0.02 secs] 
2019-06-09T14:19:36.010+0300: 12.108: [Full GC (Metadata GC Threshold) [PSYoungGen: 20987K->0K(149504K)] [ParOldGen: 30102K->39906K(341504K)] 51089K->39906K(491008K), [Metaspace: 34431K->34431K(1079296K)], 0.0398248 secs] [Times: user=0.24 sys=0.00, real=0.04 secs] 
2019-06-09T14:19:38.159+0300: 14.257: [GC (Allocation Failure) [PSYoungGen: 128512K->640K(149504K)] 168418K->40554K(491008K), 0.0035028 secs] [Times: user=0.02 sys=0.00, real=0.00 secs] 
2019-06-09T14:19:39.877+0300: 15.975: [GC (Allocation Failure) [PSYoungGen: 129152K->640K(149504K)] 169066K->40562K(491008K), 0.0029088 secs] [Times: user=0.01 sys=0.01, real=0.01 secs] 
2019-06-09T14:19:41.661+0300: 17.759: [GC (Allocation Failure) [PSYoungGen: 129152K->608K(129536K)] 169074K->40538K(471040K), 0.0043295 secs] [Times: user=0.01 sys=0.02, real=0.00 secs] 
2019-06-09T14:19:43.183+0300: 19.281: [GC (Allocation Failure) [PSYoungGen: 129120K->736K(131584K)] 169050K->40674K(473088K), 0.0036381 secs] [Times: user=0.02 sys=0.00, real=0.00 secs] 
2019-06-09T14:19:44.571+0300: 20.669: [GC (Allocation Failure) [PSYoungGen: 91360K->512K(129536K)] 131298K->40450K(471040K), 0.0037256 secs] [Times: user=0.01 sys=0.00, real=0.00 secs] 
2019-06-09T14:19:45.745+0300: 21.842: [GC (Allocation Failure) [PSYoungGen: 91136K->544K(135680K)] 131074K->40482K(477184K), 0.0029755 secs] [Times: user=0.01 sys=0.00, real=0.00 secs] 
2019-06-09T14:19:47.021+0300: 23.200: [GC (Allocation Failure) [PSYoungGen: 99872K->640K(134144K)] 139810K->40578K(475648K), 0.0839606 secs] [Times: user=0.02 sys=0.00, real=0.08 secs] 
2019-06-09T14:19:48.115+0300: 24.213: [GC (Allocation Failure) [PSYoungGen: 99968K->704K(139264K)] 139906K->40650K(480768K), 0.0043043 secs] [Times: user=0.03 sys=0.00, real=0.01 secs] 
2019-06-09T14:19:49.573+0300: 25.670: [GC (Allocation Failure) [PSYoungGen: 107200K->608K(137728K)] 147146K->40562K(479232K), 0.0031257 secs] [Times: user=0.02 sys=0.00, real=0.00 secs] 
14:19:59.155 [Curator-PathChildrenCache-0] ERROR o.a.c.f.r.c.PathChildrenCache  - 
java.lang.IllegalStateException: instance must be started before calling this method
	at org.apache.curator.shaded.com.google.common.base.Preconditions.checkState(Preconditions.java:444)
	at org.apache.curator.framework.imps.CuratorFrameworkImpl.getChildren(CuratorFrameworkImpl.java:456)
	at org.apache.curator.framework.recipes.cache.PathChildrenCache.refresh(PathChildrenCache.java:521)
	at org.apache.curator.framework.recipes.cache.RefreshOperation.invoke(RefreshOperation.java:35)
	at org.apache.curator.framework.recipes.cache.PathChildrenCache$9.run(PathChildrenCache.java:786)
	at java.util.concurrent.Executors$RunnableAdapter.call(Executors.java:511)
	at java.util.concurrent.FutureTask.run(FutureTask.java:266)
	at java.util.concurrent.Executors$RunnableAdapter.call(Executors.java:511)
	at java.util.concurrent.FutureTask.run(FutureTask.java:266)
	at java.util.concurrent.ThreadPoolExecutor.runWorker(ThreadPoolExecutor.java:1149)
	at java.util.concurrent.ThreadPoolExecutor$Worker.run(ThreadPoolExecutor.java:624)
	at java.lang.Thread.run(Thread.java:748)
Heap
 PSYoungGen      total 137728K, used 59959K [0x00000000f5980000, 0x0000000100000000, 0x0000000100000000)
  eden space 106496K, 55% used [0x00000000f5980000,0x00000000f9375f20,0x00000000fc180000)
  from space 31232K, 1% used [0x00000000fc180000,0x00000000fc218030,0x00000000fe000000)
  to   space 29696K, 0% used [0x00000000fe300000,0x00000000fe300000,0x0000000100000000)
 ParOldGen       total 341504K, used 39954K [0x00000000e0c00000, 0x00000000f5980000, 0x00000000f5980000)
  object space 341504K, 11% used [0x00000000e0c00000,0x00000000e3304a98,0x00000000f5980000)
 Metaspace       used 35922K, capacity 36907K, committed 37208K, reserved 1081344K
  class space    used 4975K, capacity 5196K, committed 5248K, reserved 1048576K
