05:53:13,606 |-INFO in ch.qos.logback.classic.LoggerContext[default] - Could NOT find resource [logback-test.xml]
05:53:13,606 |-INFO in ch.qos.logback.classic.LoggerContext[default] - Could NOT find resource [logback.groovy]
05:53:13,607 |-INFO in ch.qos.logback.classic.LoggerContext[default] - Found resource [logback.xml] at [jar:file:/root/flamestream/lib/flamestream-runtime-1.0-SNAPSHOT.jar!/logback.xml]
05:53:13,607 |-WARN in ch.qos.logback.classic.LoggerContext[default] - Resource [logback.xml] occurs multiple times on the classpath.
05:53:13,607 |-WARN in ch.qos.logback.classic.LoggerContext[default] - Resource [logback.xml] occurs at [jar:file:/root/flamestream/lib/flamestream-runtime-1.0-SNAPSHOT.jar!/logback.xml]
05:53:13,607 |-WARN in ch.qos.logback.classic.LoggerContext[default] - Resource [logback.xml] occurs at [jar:file:/root/flamestream/flamestream-runtime-1.0-SNAPSHOT.jar!/logback.xml]
05:53:13,627 |-INFO in ch.qos.logback.core.joran.spi.ConfigurationWatchList@3fb6a447 - URL [jar:file:/root/flamestream/lib/flamestream-runtime-1.0-SNAPSHOT.jar!/logback.xml] is not of type file
05:53:13,695 |-INFO in ch.qos.logback.classic.joran.action.ConfigurationAction - debug attribute not set
05:53:13,695 |-INFO in ch.qos.logback.core.joran.action.AppenderAction - About to instantiate appender of type [ch.qos.logback.core.ConsoleAppender]
05:53:13,711 |-INFO in ch.qos.logback.core.joran.action.AppenderAction - Naming appender as [STDOUT]
05:53:13,730 |-INFO in ch.qos.logback.core.joran.action.NestedComplexPropertyIA - Assuming default type [ch.qos.logback.classic.encoder.PatternLayoutEncoder] for [encoder] property
05:53:13,824 |-INFO in ch.qos.logback.core.joran.action.AppenderAction - About to instantiate appender of type [ch.qos.logback.core.rolling.RollingFileAppender]
05:53:13,838 |-INFO in ch.qos.logback.core.joran.action.AppenderAction - Naming appender as [FILE]
05:53:13,866 |-INFO in c.q.l.core.rolling.TimeBasedRollingPolicy@127618319 - No compression will be used
05:53:13,867 |-INFO in c.q.l.core.rolling.TimeBasedRollingPolicy@127618319 - Will use the pattern /tmp/application_%d{yyyy-MM-dd}.%i.log for the active file
05:53:13,870 |-INFO in ch.qos.logback.core.rolling.SizeAndTimeBasedFNATP@6b2fad11 - The date pattern is 'yyyy-MM-dd' from file name pattern '/tmp/application_%d{yyyy-MM-dd}.%i.log'.
05:53:13,870 |-INFO in ch.qos.logback.core.rolling.SizeAndTimeBasedFNATP@6b2fad11 - Roll-over at midnight.
05:53:13,875 |-INFO in ch.qos.logback.core.rolling.SizeAndTimeBasedFNATP@6b2fad11 - Setting initial period to Tue Jun 11 05:52:00 UTC 2019
05:53:13,875 |-WARN in ch.qos.logback.core.rolling.SizeAndTimeBasedFNATP@6b2fad11 - SizeAndTimeBasedFNATP is deprecated. Use SizeAndTimeBasedRollingPolicy instead
05:53:13,875 |-WARN in ch.qos.logback.core.rolling.SizeAndTimeBasedFNATP@6b2fad11 - For more information see http://logback.qos.ch/manual/appenders.html#SizeAndTimeBasedRollingPolicy
05:53:13,879 |-INFO in ch.qos.logback.core.joran.action.NestedComplexPropertyIA - Assuming default type [ch.qos.logback.classic.encoder.PatternLayoutEncoder] for [encoder] property
05:53:13,884 |-INFO in ch.qos.logback.core.rolling.RollingFileAppender[FILE] - Active log file name: /tmp/application.log
05:53:13,884 |-INFO in ch.qos.logback.core.rolling.RollingFileAppender[FILE] - File property is set to [/tmp/application.log]
05:53:13,885 |-INFO in ch.qos.logback.classic.joran.action.RootLoggerAction - Setting level of ROOT logger to WARN
05:53:13,885 |-INFO in ch.qos.logback.core.joran.action.AppenderRefAction - Attaching appender named [STDOUT] to Logger[ROOT]
05:53:13,887 |-INFO in ch.qos.logback.core.joran.action.AppenderRefAction - Attaching appender named [FILE] to Logger[ROOT]
05:53:13,887 |-INFO in ch.qos.logback.classic.joran.action.ConfigurationAction - End of configuration.
05:53:13,887 |-INFO in ch.qos.logback.classic.joran.JoranConfigurator@79698539 - Registering current configuration as safe fallback point

Ama winner
Ama winner
2019-06-11T05:53:15.156+0000: 1.734: [Full GC (Metadata GC Threshold) 2019-06-11T05:53:15.156+0000: 1.734: [Tenured: 0K->15176K(341376K), 0.0392444 secs] 114923K->15176K(494976K), [Metaspace: 20741K->20741K(1067008K)], 0.0393268 secs] [Times: user=0.03 sys=0.00, real=0.04 secs] 
05:53:30.852 [Curator-PathChildrenCache-1] WARN  o.a.c.u.ZKPaths  - The version of ZooKeeper being used doesn't support Container nodes. CreateMode.PERSISTENT will be used instead.
2019-06-11T05:53:33.141+0000: 19.718: [GC (Allocation Failure) 2019-06-11T05:53:33.141+0000: 19.718: [DefNew: 136576K->17024K(153600K), 0.0268912 secs] 151752K->52601K(494976K), 0.0269600 secs] [Times: user=0.02 sys=0.01, real=0.03 secs] 
2019-06-11T05:53:35.524+0000: 22.102: [Full GC (Metadata GC Threshold) 2019-06-11T05:53:35.524+0000: 22.102: [Tenured: 35577K->44061K(341376K), 0.0428472 secs] 99013K->44061K(494976K), [Metaspace: 34586K->34586K(1079296K)], 0.0429216 secs] [Times: user=0.04 sys=0.00, real=0.05 secs] 
2019-06-11T05:53:42.735+0000: 29.313: [GC (Allocation Failure) 2019-06-11T05:53:42.735+0000: 29.313: [DefNew: 136576K->62K(153600K), 0.0017544 secs] 180637K->44124K(494976K), 0.0018221 secs] [Times: user=0.01 sys=0.00, real=0.01 secs] 
2019-06-11T05:53:49.822+0000: 36.400: [GC (Allocation Failure) 2019-06-11T05:53:49.822+0000: 36.400: [DefNew: 136638K->58K(153600K), 0.0016038 secs] 180700K->44119K(494976K), 0.0016681 secs] [Times: user=0.00 sys=0.00, real=0.00 secs] 
2019-06-11T05:53:57.084+0000: 43.662: [GC (Allocation Failure) 2019-06-11T05:53:57.084+0000: 43.662: [DefNew: 136634K->61K(153600K), 0.0017012 secs] 180695K->44123K(494976K), 0.0017622 secs] [Times: user=0.01 sys=0.00, real=0.00 secs] 
2019-06-11T05:54:04.520+0000: 51.098: [GC (Allocation Failure) 2019-06-11T05:54:04.520+0000: 51.098: [DefNew: 136637K->59K(153600K), 0.0017088 secs] 180699K->44120K(494976K), 0.0017709 secs] [Times: user=0.00 sys=0.00, real=0.00 secs] 
2019-06-11T05:54:13.031+0000: 59.609: [GC (Allocation Failure) 2019-06-11T05:54:13.031+0000: 59.609: [DefNew: 136635K->60K(153600K), 0.0016564 secs] 180696K->44121K(494976K), 0.0017172 secs] [Times: user=0.00 sys=0.00, real=0.00 secs] 
05:54:33.580 [Curator-PathChildrenCache-0] ERROR o.a.c.f.r.c.PathChildrenCache  - 
java.lang.IllegalStateException: instance must be started before calling this method
	at org.apache.curator.shaded.com.google.common.base.Preconditions.checkState(Preconditions.java:444)
	at org.apache.curator.framework.imps.CuratorFrameworkImpl.getChildren(CuratorFrameworkImpl.java:456)
	at org.apache.curator.framework.recipes.cache.PathChildrenCache.refresh(PathChildrenCache.java:521)
	at org.apache.curator.framework.recipes.cache.RefreshOperation.invoke(RefreshOperation.java:35)
	at org.apache.curator.framework.recipes.cache.PathChildrenCache$9.run(PathChildrenCache.java:786)
	at java.util.concurrent.Executors$RunnableAdapter.call(Executors.java:511)
	at java.util.concurrent.FutureTask.run(FutureTask.java:266)
	at java.util.concurrent.Executors$RunnableAdapter.call(Executors.java:511)
	at java.util.concurrent.FutureTask.run(FutureTask.java:266)
	at java.util.concurrent.ThreadPoolExecutor.runWorker(ThreadPoolExecutor.java:1149)
	at java.util.concurrent.ThreadPoolExecutor$Worker.run(ThreadPoolExecutor.java:624)
	at java.lang.Thread.run(Thread.java:748)
Heap
 def new generation   total 153600K, used 64872K [0x00000000e0c00000, 0x00000000eb2a0000, 0x00000000eb2a0000)
  eden space 136576K,  47% used [0x00000000e0c00000, 0x00000000e4b4b2c8, 0x00000000e9160000)
  from space 17024K,   0% used [0x00000000e9160000, 0x00000000e916f0b0, 0x00000000ea200000)
  to   space 17024K,   0% used [0x00000000ea200000, 0x00000000ea200000, 0x00000000eb2a0000)
 tenured generation   total 341376K, used 44061K [0x00000000eb2a0000, 0x0000000100000000, 0x0000000100000000)
   the space 341376K,  12% used [0x00000000eb2a0000, 0x00000000edda7690, 0x00000000edda7800, 0x0000000100000000)
 Metaspace       used 36053K, capacity 36928K, committed 37120K, reserved 1081344K
  class space    used 4868K, capacity 5074K, committed 5120K, reserved 1048576K
