01:20:18,179 |-INFO in ch.qos.logback.classic.LoggerContext[default] - Could NOT find resource [logback-test.xml]
01:20:18,179 |-INFO in ch.qos.logback.classic.LoggerContext[default] - Could NOT find resource [logback.groovy]
01:20:18,179 |-INFO in ch.qos.logback.classic.LoggerContext[default] - Found resource [logback.xml] at [jar:file:/home/nikitasokolov/flamestream/lib/flamestream-runtime-1.0-SNAPSHOT.jar!/logback.xml]
01:20:18,180 |-WARN in ch.qos.logback.classic.LoggerContext[default] - Resource [logback.xml] occurs multiple times on the classpath.
01:20:18,180 |-WARN in ch.qos.logback.classic.LoggerContext[default] - Resource [logback.xml] occurs at [jar:file:/home/nikitasokolov/flamestream/lib/flamestream-runtime-1.0-SNAPSHOT.jar!/logback.xml]
01:20:18,180 |-WARN in ch.qos.logback.classic.LoggerContext[default] - Resource [logback.xml] occurs at [jar:file:/home/nikitasokolov/flamestream/flamestream-runtime-1.0-SNAPSHOT.jar!/logback.xml]
01:20:18,197 |-INFO in ch.qos.logback.core.joran.spi.ConfigurationWatchList@6bf256fa - URL [jar:file:/home/nikitasokolov/flamestream/lib/flamestream-runtime-1.0-SNAPSHOT.jar!/logback.xml] is not of type file
01:20:18,250 |-INFO in ch.qos.logback.classic.joran.action.ConfigurationAction - debug attribute not set
01:20:18,250 |-INFO in ch.qos.logback.core.joran.action.AppenderAction - About to instantiate appender of type [ch.qos.logback.core.ConsoleAppender]
01:20:18,258 |-INFO in ch.qos.logback.core.joran.action.AppenderAction - Naming appender as [STDOUT]
01:20:18,266 |-INFO in ch.qos.logback.core.joran.action.NestedComplexPropertyIA - Assuming default type [ch.qos.logback.classic.encoder.PatternLayoutEncoder] for [encoder] property
01:20:18,328 |-INFO in ch.qos.logback.core.joran.action.AppenderAction - About to instantiate appender of type [ch.qos.logback.core.rolling.RollingFileAppender]
01:20:18,333 |-INFO in ch.qos.logback.core.joran.action.AppenderAction - Naming appender as [FILE]
01:20:18,356 |-INFO in c.q.l.core.rolling.TimeBasedRollingPolicy@114132791 - No compression will be used
01:20:18,357 |-INFO in c.q.l.core.rolling.TimeBasedRollingPolicy@114132791 - Will use the pattern /tmp/application_%d{yyyy-MM-dd}.%i.log for the active file
01:20:18,360 |-INFO in ch.qos.logback.core.rolling.SizeAndTimeBasedFNATP@22f71333 - The date pattern is 'yyyy-MM-dd' from file name pattern '/tmp/application_%d{yyyy-MM-dd}.%i.log'.
01:20:18,360 |-INFO in ch.qos.logback.core.rolling.SizeAndTimeBasedFNATP@22f71333 - Roll-over at midnight.
01:20:18,365 |-INFO in ch.qos.logback.core.rolling.SizeAndTimeBasedFNATP@22f71333 - Setting initial period to Thu Jun 06 22:00:24 MSK 2019
01:20:18,365 |-WARN in ch.qos.logback.core.rolling.SizeAndTimeBasedFNATP@22f71333 - SizeAndTimeBasedFNATP is deprecated. Use SizeAndTimeBasedRollingPolicy instead
01:20:18,365 |-WARN in ch.qos.logback.core.rolling.SizeAndTimeBasedFNATP@22f71333 - For more information see http://logback.qos.ch/manual/appenders.html#SizeAndTimeBasedRollingPolicy
01:20:18,369 |-INFO in ch.qos.logback.core.joran.action.NestedComplexPropertyIA - Assuming default type [ch.qos.logback.classic.encoder.PatternLayoutEncoder] for [encoder] property
01:20:18,371 |-INFO in ch.qos.logback.core.rolling.RollingFileAppender[FILE] - Active log file name: /tmp/application.log
01:20:18,371 |-INFO in ch.qos.logback.core.rolling.RollingFileAppender[FILE] - File property is set to [/tmp/application.log]
01:20:18,372 |-ERROR in ch.qos.logback.core.rolling.RollingFileAppender[FILE] - openFile(/tmp/application.log,true) call failed. java.io.FileNotFoundException: /tmp/application.log (Permission denied)
	at java.io.FileNotFoundException: /tmp/application.log (Permission denied)
	at 	at java.io.FileOutputStream.open0(Native Method)
	at 	at java.io.FileOutputStream.open(FileOutputStream.java:270)
	at 	at java.io.FileOutputStream.<init>(FileOutputStream.java:213)
	at 	at ch.qos.logback.core.recovery.ResilientFileOutputStream.<init>(ResilientFileOutputStream.java:26)
	at 	at ch.qos.logback.core.FileAppender.openFile(FileAppender.java:204)
	at 	at ch.qos.logback.core.FileAppender.start(FileAppender.java:127)
	at 	at ch.qos.logback.core.rolling.RollingFileAppender.start(RollingFileAppender.java:100)
	at 	at ch.qos.logback.core.joran.action.AppenderAction.end(AppenderAction.java:90)
	at 	at ch.qos.logback.core.joran.spi.Interpreter.callEndAction(Interpreter.java:309)
	at 	at ch.qos.logback.core.joran.spi.Interpreter.endElement(Interpreter.java:193)
	at 	at ch.qos.logback.core.joran.spi.Interpreter.endElement(Interpreter.java:179)
	at 	at ch.qos.logback.core.joran.spi.EventPlayer.play(EventPlayer.java:62)
	at 	at ch.qos.logback.core.joran.GenericConfigurator.doConfigure(GenericConfigurator.java:165)
	at 	at ch.qos.logback.core.joran.GenericConfigurator.doConfigure(GenericConfigurator.java:152)
	at 	at ch.qos.logback.core.joran.GenericConfigurator.doConfigure(GenericConfigurator.java:110)
	at 	at ch.qos.logback.core.joran.GenericConfigurator.doConfigure(GenericConfigurator.java:53)
	at 	at ch.qos.logback.classic.util.ContextInitializer.configureByResource(ContextInitializer.java:75)
	at 	at ch.qos.logback.classic.util.ContextInitializer.autoConfig(ContextInitializer.java:150)
	at 	at org.slf4j.impl.StaticLoggerBinder.init(StaticLoggerBinder.java:84)
	at 	at org.slf4j.impl.StaticLoggerBinder.<clinit>(StaticLoggerBinder.java:55)
	at 	at org.slf4j.LoggerFactory.bind(LoggerFactory.java:150)
	at 	at org.slf4j.LoggerFactory.performInitialization(LoggerFactory.java:124)
	at 	at org.slf4j.LoggerFactory.getILoggerFactory(LoggerFactory.java:412)
	at 	at org.slf4j.LoggerFactory.getLogger(LoggerFactory.java:357)
	at 	at org.slf4j.LoggerFactory.getLogger(LoggerFactory.java:383)
	at 	at com.spbsu.flamestream.runtime.WorkerApplication.<init>(WorkerApplication.java:26)
	at 	at com.spbsu.flamestream.runtime.WorkerApplication.main(WorkerApplication.java:68)
01:20:18,372 |-INFO in ch.qos.logback.classic.joran.action.RootLoggerAction - Setting level of ROOT logger to WARN
01:20:18,373 |-INFO in ch.qos.logback.core.joran.action.AppenderRefAction - Attaching appender named [STDOUT] to Logger[ROOT]
01:20:18,373 |-INFO in ch.qos.logback.core.joran.action.AppenderRefAction - Attaching appender named [FILE] to Logger[ROOT]
01:20:18,373 |-INFO in ch.qos.logback.classic.joran.action.ConfigurationAction - End of configuration.
01:20:18,374 |-INFO in ch.qos.logback.classic.joran.JoranConfigurator@3498ed - Registering current configuration as safe fallback point

2019-06-09T01:20:19.418+0300: 1.440: [GC (Metadata GC Threshold) [PSYoungGen: 97865K->15938K(149504K)] 97865K->16018K(491008K), 0.0160462 secs] [Times: user=0.04 sys=0.01, real=0.02 secs] 
2019-06-09T01:20:19.434+0300: 1.456: [Full GC (Metadata GC Threshold) [PSYoungGen: 15938K->0K(149504K)] [ParOldGen: 80K->15081K(341504K)] 16018K->15081K(491008K), [Metaspace: 20803K->20803K(1067008K)], 0.0281003 secs] [Times: user=0.13 sys=0.01, real=0.03 secs] 
01:20:26.737 [Curator-PathChildrenCache-2] WARN  o.a.c.u.ZKPaths  - The version of ZooKeeper being used doesn't support Container nodes. CreateMode.PERSISTENT will be used instead.
2019-06-09T01:20:27.390+0300: 9.412: [GC (Allocation Failure) [PSYoungGen: 128512K->20991K(149504K)] 143593K->50915K(491008K), 0.0193759 secs] [Times: user=0.15 sys=0.02, real=0.02 secs] 
2019-06-09T01:20:27.440+0300: 9.461: [GC (Metadata GC Threshold) [PSYoungGen: 31437K->20987K(149504K)] 61361K->51120K(491008K), 0.0093533 secs] [Times: user=0.07 sys=0.00, real=0.01 secs] 
2019-06-09T01:20:27.449+0300: 9.471: [Full GC (Metadata GC Threshold) [PSYoungGen: 20987K->0K(149504K)] [ParOldGen: 30132K->39984K(341504K)] 51120K->39984K(491008K), [Metaspace: 34442K->34437K(1079296K)], 0.0363814 secs] [Times: user=0.17 sys=0.02, real=0.04 secs] 
2019-06-09T01:20:29.523+0300: 11.545: [GC (Allocation Failure) [PSYoungGen: 128512K->576K(149504K)] 168496K->40568K(491008K), 0.0033720 secs] [Times: user=0.02 sys=0.00, real=0.00 secs] 
2019-06-09T01:20:31.786+0300: 13.807: [GC (Allocation Failure) [PSYoungGen: 129088K->640K(129536K)] 169080K->40640K(471040K), 0.0028741 secs] [Times: user=0.02 sys=0.00, real=0.00 secs] 
2019-06-09T01:20:34.079+0300: 16.101: [GC (Allocation Failure) [PSYoungGen: 129152K->640K(128512K)] 169152K->40648K(470016K), 0.0035905 secs] [Times: user=0.02 sys=0.01, real=0.01 secs] 
2019-06-09T01:20:35.652+0300: 17.674: [GC (Allocation Failure) [PSYoungGen: 88192K->640K(129024K)] 128200K->40656K(470528K), 0.0041671 secs] [Times: user=0.02 sys=0.00, real=0.01 secs] 
2019-06-09T01:20:37.253+0300: 19.275: [GC (Allocation Failure) [PSYoungGen: 88192K->480K(132096K)] 128208K->40872K(473600K), 0.0032685 secs] [Times: user=0.02 sys=0.00, real=0.01 secs] 
2019-06-09T01:20:38.913+0300: 20.935: [GC (Allocation Failure) [PSYoungGen: 92640K->288K(130560K)] 133032K->40800K(472064K), 0.0024667 secs] [Times: user=0.01 sys=0.00, real=0.01 secs] 
2019-06-09T01:20:40.569+0300: 22.591: [GC (Allocation Failure) [PSYoungGen: 92448K->256K(134656K)] 132960K->40880K(476160K), 0.0031503 secs] [Times: user=0.00 sys=0.01, real=0.00 secs] 
2019-06-09T01:20:42.345+0300: 24.367: [GC (Allocation Failure) [PSYoungGen: 97536K->448K(133120K)] 138160K->41137K(474624K), 0.0748990 secs] [Times: user=0.08 sys=0.03, real=0.07 secs] 
2019-06-09T01:20:44.104+0300: 26.126: [GC (Allocation Failure) [PSYoungGen: 97728K->384K(137728K)] 138417K->41081K(479232K), 0.0027692 secs] [Times: user=0.00 sys=0.00, real=0.00 secs] 
2019-06-09T01:20:46.002+0300: 28.024: [GC (Allocation Failure) [PSYoungGen: 103808K->256K(136192K)] 144505K->40953K(477696K), 0.0055437 secs] [Times: user=0.04 sys=0.00, real=0.00 secs] 
2019-06-09T01:20:47.853+0300: 29.875: [GC (Allocation Failure) [PSYoungGen: 103680K->320K(140800K)] 144377K->41025K(482304K), 0.0024970 secs] [Times: user=0.01 sys=0.00, real=0.01 secs] 
2019-06-09T01:20:49.831+0300: 31.852: [GC (Allocation Failure) [PSYoungGen: 109888K->352K(139264K)] 150593K->41057K(480768K), 0.0021262 secs] [Times: user=0.01 sys=0.00, real=0.00 secs] 
2019-06-09T01:20:51.839+0300: 33.860: [GC (Allocation Failure) [PSYoungGen: 109920K->320K(143872K)] 150625K->41025K(485376K), 0.0024047 secs] [Times: user=0.01 sys=0.00, real=0.00 secs] 
2019-06-09T01:20:53.935+0300: 35.957: [GC (Allocation Failure) [PSYoungGen: 116032K->384K(142336K)] 156737K->41089K(483840K), 0.0028021 secs] [Times: user=0.02 sys=0.01, real=0.00 secs] 
2019-06-09T01:20:56.057+0300: 38.079: [GC (Allocation Failure) [PSYoungGen: 116096K->544K(146944K)] 156801K->41249K(488448K), 0.0033062 secs] [Times: user=0.01 sys=0.00, real=0.00 secs] 
2019-06-09T01:20:58.253+0300: 40.275: [GC (Allocation Failure) [PSYoungGen: 122400K->448K(145408K)] 163105K->41153K(486912K), 0.0031832 secs] [Times: user=0.01 sys=0.00, real=0.01 secs] 
2019-06-09T01:21:00.498+0300: 42.520: [GC (Allocation Failure) [PSYoungGen: 122304K->544K(150016K)] 163009K->41249K(491520K), 0.0026613 secs] [Times: user=0.01 sys=0.00, real=0.00 secs] 
2019-06-09T01:21:02.821+0300: 44.842: [GC (Allocation Failure) [PSYoungGen: 128544K->480K(148480K)] 169249K->41185K(489984K), 0.0018318 secs] [Times: user=0.02 sys=0.00, real=0.01 secs] 
2019-06-09T01:21:05.153+0300: 47.175: [GC (Allocation Failure) [PSYoungGen: 128480K->448K(152576K)] 169185K->41153K(494080K), 0.0023529 secs] [Times: user=0.01 sys=0.00, real=0.01 secs] 
2019-06-09T01:21:07.576+0300: 49.598: [GC (Allocation Failure) [PSYoungGen: 133568K->480K(151040K)] 174273K->41185K(492544K), 0.0038365 secs] [Times: user=0.02 sys=0.00, real=0.00 secs] 
01:21:15.890 [Curator-PathChildrenCache-0] ERROR o.a.c.f.r.c.PathChildrenCache  - 
java.lang.IllegalStateException: instance must be started before calling this method
	at org.apache.curator.shaded.com.google.common.base.Preconditions.checkState(Preconditions.java:444)
	at org.apache.curator.framework.imps.CuratorFrameworkImpl.getChildren(CuratorFrameworkImpl.java:456)
	at org.apache.curator.framework.recipes.cache.PathChildrenCache.refresh(PathChildrenCache.java:521)
	at org.apache.curator.framework.recipes.cache.RefreshOperation.invoke(RefreshOperation.java:35)
	at org.apache.curator.framework.recipes.cache.PathChildrenCache$9.run(PathChildrenCache.java:786)
	at java.util.concurrent.Executors$RunnableAdapter.call(Executors.java:511)
	at java.util.concurrent.FutureTask.run(FutureTask.java:266)
	at java.util.concurrent.Executors$RunnableAdapter.call(Executors.java:511)
	at java.util.concurrent.FutureTask.run(FutureTask.java:266)
	at java.util.concurrent.ThreadPoolExecutor.runWorker(ThreadPoolExecutor.java:1149)
	at java.util.concurrent.ThreadPoolExecutor$Worker.run(ThreadPoolExecutor.java:624)
	at java.lang.Thread.run(Thread.java:748)
01:21:15.976 [worker-akka.actor.default-dispatcher-2] ERROR c.s.f.r.WorkerApplication  - Something went wrong during trace flush
java.nio.file.AccessDeniedException: /tmp/trace.csv
	at sun.nio.fs.UnixException.translateToIOException(UnixException.java:84)
	at sun.nio.fs.UnixException.rethrowAsIOException(UnixException.java:102)
	at sun.nio.fs.UnixException.rethrowAsIOException(UnixException.java:107)
	at sun.nio.fs.UnixFileSystemProvider.newByteChannel(UnixFileSystemProvider.java:214)
	at java.nio.file.spi.FileSystemProvider.newOutputStream(FileSystemProvider.java:434)
	at java.nio.file.Files.newOutputStream(Files.java:216)
	at java.nio.file.Files.newBufferedWriter(Files.java:2860)
	at java.nio.file.Files.newBufferedWriter(Files.java:2896)
	at com.spbsu.flamestream.runtime.utils.tracing.Tracing.flush(Tracing.java:35)
	at com.spbsu.flamestream.runtime.WorkerApplication.lambda$run$0(WorkerApplication.java:109)
	at akka.actor.ActorSystemImpl$TerminationCallbacks$$anonfun$addRec$1$1.applyOrElse(ActorSystem.scala:1036)
	at akka.actor.ActorSystemImpl$TerminationCallbacks$$anonfun$addRec$1$1.applyOrElse(ActorSystem.scala:1036)
	at scala.concurrent.Future$$anonfun$andThen$1.apply(Future.scala:436)
	at scala.concurrent.Future$$anonfun$andThen$1.apply(Future.scala:435)
	at scala.concurrent.impl.CallbackRunnable.run(Promise.scala:36)
	at akka.dispatch.BatchingExecutor$AbstractBatch.processBatch(BatchingExecutor.scala:55)
	at akka.dispatch.BatchingExecutor$BlockableBatch$$anonfun$run$1.apply$mcV$sp(BatchingExecutor.scala:91)
	at akka.dispatch.BatchingExecutor$BlockableBatch$$anonfun$run$1.apply(BatchingExecutor.scala:91)
	at akka.dispatch.BatchingExecutor$BlockableBatch$$anonfun$run$1.apply(BatchingExecutor.scala:91)
	at scala.concurrent.BlockContext$.withBlockContext(BlockContext.scala:72)
	at akka.dispatch.BatchingExecutor$BlockableBatch.run(BatchingExecutor.scala:90)
	at akka.dispatch.TaskInvocation.run(AbstractDispatcher.scala:40)
	at akka.dispatch.ForkJoinExecutorConfigurator$AkkaForkJoinTask.exec(ForkJoinExecutorConfigurator.scala:44)
	at akka.dispatch.forkjoin.ForkJoinTask.doExec(ForkJoinTask.java:260)
	at akka.dispatch.forkjoin.ForkJoinPool$WorkQueue.runTask(ForkJoinPool.java:1339)
	at akka.dispatch.forkjoin.ForkJoinPool.runWorker(ForkJoinPool.java:1979)
	at akka.dispatch.forkjoin.ForkJoinWorkerThread.run(ForkJoinWorkerThread.java:107)
Heap
 PSYoungGen      total 151040K, used 26736K [0x00000000f5980000, 0x0000000100000000, 0x0000000100000000)
  eden space 133120K, 19% used [0x00000000f5980000,0x00000000f73242c0,0x00000000fdb80000)
  from space 17920K, 2% used [0x00000000fdb80000,0x00000000fdbf8070,0x00000000fed00000)
  to   space 16896K, 0% used [0x00000000fef80000,0x00000000fef80000,0x0000000100000000)
 ParOldGen       total 341504K, used 40704K [0x00000000e0c00000, 0x00000000f5980000, 0x00000000f5980000)
  object space 341504K, 11% used [0x00000000e0c00000,0x00000000e33c03d0,0x00000000f5980000)
 Metaspace       used 36127K, capacity 37072K, committed 37208K, reserved 1081344K
  class space    used 4984K, capacity 5188K, committed 5248K, reserved 1048576K
