16:23:13,083 |-INFO in ch.qos.logback.classic.LoggerContext[default] - Could NOT find resource [logback-test.xml]
16:23:13,084 |-INFO in ch.qos.logback.classic.LoggerContext[default] - Could NOT find resource [logback.groovy]
16:23:13,084 |-INFO in ch.qos.logback.classic.LoggerContext[default] - Found resource [logback.xml] at [jar:file:/root/flamestream/lib/flamestream-runtime-1.0-SNAPSHOT.jar!/logback.xml]
16:23:13,084 |-WARN in ch.qos.logback.classic.LoggerContext[default] - Resource [logback.xml] occurs multiple times on the classpath.
16:23:13,084 |-WARN in ch.qos.logback.classic.LoggerContext[default] - Resource [logback.xml] occurs at [jar:file:/root/flamestream/lib/flamestream-runtime-1.0-SNAPSHOT.jar!/logback.xml]
16:23:13,084 |-WARN in ch.qos.logback.classic.LoggerContext[default] - Resource [logback.xml] occurs at [jar:file:/root/flamestream/flamestream-runtime-1.0-SNAPSHOT.jar!/logback.xml]
16:23:13,106 |-INFO in ch.qos.logback.core.joran.spi.ConfigurationWatchList@3fb6a447 - URL [jar:file:/root/flamestream/lib/flamestream-runtime-1.0-SNAPSHOT.jar!/logback.xml] is not of type file
16:23:13,181 |-INFO in ch.qos.logback.classic.joran.action.ConfigurationAction - debug attribute not set
16:23:13,182 |-INFO in ch.qos.logback.core.joran.action.AppenderAction - About to instantiate appender of type [ch.qos.logback.core.ConsoleAppender]
16:23:13,200 |-INFO in ch.qos.logback.core.joran.action.AppenderAction - Naming appender as [STDOUT]
16:23:13,219 |-INFO in ch.qos.logback.core.joran.action.NestedComplexPropertyIA - Assuming default type [ch.qos.logback.classic.encoder.PatternLayoutEncoder] for [encoder] property
16:23:13,307 |-INFO in ch.qos.logback.core.joran.action.AppenderAction - About to instantiate appender of type [ch.qos.logback.core.rolling.RollingFileAppender]
16:23:13,312 |-INFO in ch.qos.logback.core.joran.action.AppenderAction - Naming appender as [FILE]
16:23:13,349 |-INFO in c.q.l.core.rolling.TimeBasedRollingPolicy@127618319 - No compression will be used
16:23:13,350 |-INFO in c.q.l.core.rolling.TimeBasedRollingPolicy@127618319 - Will use the pattern /tmp/application_%d{yyyy-MM-dd}.%i.log for the active file
16:23:13,353 |-INFO in ch.qos.logback.core.rolling.SizeAndTimeBasedFNATP@6b2fad11 - The date pattern is 'yyyy-MM-dd' from file name pattern '/tmp/application_%d{yyyy-MM-dd}.%i.log'.
16:23:13,353 |-INFO in ch.qos.logback.core.rolling.SizeAndTimeBasedFNATP@6b2fad11 - Roll-over at midnight.
16:23:13,359 |-INFO in ch.qos.logback.core.rolling.SizeAndTimeBasedFNATP@6b2fad11 - Setting initial period to Mon Jun 10 16:21:58 UTC 2019
16:23:13,359 |-WARN in ch.qos.logback.core.rolling.SizeAndTimeBasedFNATP@6b2fad11 - SizeAndTimeBasedFNATP is deprecated. Use SizeAndTimeBasedRollingPolicy instead
16:23:13,359 |-WARN in ch.qos.logback.core.rolling.SizeAndTimeBasedFNATP@6b2fad11 - For more information see http://logback.qos.ch/manual/appenders.html#SizeAndTimeBasedRollingPolicy
16:23:13,362 |-INFO in ch.qos.logback.core.joran.action.NestedComplexPropertyIA - Assuming default type [ch.qos.logback.classic.encoder.PatternLayoutEncoder] for [encoder] property
16:23:13,368 |-INFO in ch.qos.logback.core.rolling.RollingFileAppender[FILE] - Active log file name: /tmp/application.log
16:23:13,368 |-INFO in ch.qos.logback.core.rolling.RollingFileAppender[FILE] - File property is set to [/tmp/application.log]
16:23:13,368 |-INFO in ch.qos.logback.classic.joran.action.RootLoggerAction - Setting level of ROOT logger to WARN
16:23:13,369 |-INFO in ch.qos.logback.core.joran.action.AppenderRefAction - Attaching appender named [STDOUT] to Logger[ROOT]
16:23:13,371 |-INFO in ch.qos.logback.core.joran.action.AppenderRefAction - Attaching appender named [FILE] to Logger[ROOT]
16:23:13,371 |-INFO in ch.qos.logback.classic.joran.action.ConfigurationAction - End of configuration.
16:23:13,371 |-INFO in ch.qos.logback.classic.joran.JoranConfigurator@79698539 - Registering current configuration as safe fallback point

Ama winner
Ama winner
2019-06-10T16:23:14.682+0000: 1.787: [Full GC (Metadata GC Threshold) 2019-06-10T16:23:14.682+0000: 1.787: [Tenured: 0K->15176K(341376K), 0.0356289 secs] 114923K->15176K(494976K), [Metaspace: 20736K->20736K(1067008K)], 0.0356963 secs] [Times: user=0.04 sys=0.01, real=0.04 secs] 
16:23:32.135 [Curator-PathChildrenCache-1] WARN  o.a.c.u.ZKPaths  - The version of ZooKeeper being used doesn't support Container nodes. CreateMode.PERSISTENT will be used instead.
2019-06-10T16:23:34.507+0000: 21.612: [GC (Allocation Failure) 2019-06-10T16:23:34.507+0000: 21.612: [DefNew: 136576K->17023K(153600K), 0.0262764 secs] 151752K->52570K(494976K), 0.0263475 secs] [Times: user=0.02 sys=0.01, real=0.03 secs] 
2019-06-10T16:23:35.361+0000: 22.466: [Full GC (Metadata GC Threshold) 2019-06-10T16:23:35.361+0000: 22.466: [Tenured: 35546K->44391K(341376K), 0.0389747 secs] 76928K->44391K(494976K), [Metaspace: 34578K->34578K(1079296K)], 0.0390497 secs] [Times: user=0.04 sys=0.00, real=0.04 secs] 
2019-06-10T16:23:42.241+0000: 29.346: [GC (Allocation Failure) 2019-06-10T16:23:42.241+0000: 29.346: [DefNew: 136576K->75K(153600K), 0.0019348 secs] 180967K->44467K(494976K), 0.0019938 secs] [Times: user=0.00 sys=0.00, real=0.00 secs] 
2019-06-10T16:23:49.034+0000: 36.139: [GC (Allocation Failure) 2019-06-10T16:23:49.034+0000: 36.139: [DefNew: 136651K->76K(153600K), 0.0019839 secs] 181043K->44468K(494976K), 0.0020458 secs] [Times: user=0.01 sys=0.00, real=0.00 secs] 
2019-06-10T16:23:55.930+0000: 43.035: [GC (Allocation Failure) 2019-06-10T16:23:55.930+0000: 43.035: [DefNew: 136652K->77K(153600K), 0.0017828 secs] 181044K->44469K(494976K), 0.0018425 secs] [Times: user=0.01 sys=0.00, real=0.00 secs] 
2019-06-10T16:24:02.816+0000: 49.921: [GC (Allocation Failure) 2019-06-10T16:24:02.816+0000: 49.921: [DefNew: 136653K->74K(153600K), 0.0018055 secs] 181045K->44465K(494976K), 0.0018668 secs] [Times: user=0.00 sys=0.00, real=0.01 secs] 
2019-06-10T16:24:09.763+0000: 56.868: [GC (Allocation Failure) 2019-06-10T16:24:09.763+0000: 56.868: [DefNew: 136650K->76K(153600K), 0.0018213 secs] 181041K->44468K(494976K), 0.0018828 secs] [Times: user=0.00 sys=0.00, real=0.00 secs] 
2019-06-10T16:24:23.771+0000: 70.877: [GC (Allocation Failure) 2019-06-10T16:24:23.772+0000: 70.877: [DefNew: 136652K->418K(153600K), 0.0024377 secs] 181044K->44810K(494976K), 0.0025058 secs] [Times: user=0.00 sys=0.00, real=0.00 secs] 
16:24:25.698 [Curator-PathChildrenCache-0] ERROR o.a.c.f.r.c.PathChildrenCache  - 
java.lang.IllegalStateException: instance must be started before calling this method
	at org.apache.curator.shaded.com.google.common.base.Preconditions.checkState(Preconditions.java:444)
	at org.apache.curator.framework.imps.CuratorFrameworkImpl.getChildren(CuratorFrameworkImpl.java:456)
	at org.apache.curator.framework.recipes.cache.PathChildrenCache.refresh(PathChildrenCache.java:521)
	at org.apache.curator.framework.recipes.cache.RefreshOperation.invoke(RefreshOperation.java:35)
	at org.apache.curator.framework.recipes.cache.PathChildrenCache$9.run(PathChildrenCache.java:786)
	at java.util.concurrent.Executors$RunnableAdapter.call(Executors.java:511)
	at java.util.concurrent.FutureTask.run(FutureTask.java:266)
	at java.util.concurrent.Executors$RunnableAdapter.call(Executors.java:511)
	at java.util.concurrent.FutureTask.run(FutureTask.java:266)
	at java.util.concurrent.ThreadPoolExecutor.runWorker(ThreadPoolExecutor.java:1149)
	at java.util.concurrent.ThreadPoolExecutor$Worker.run(ThreadPoolExecutor.java:624)
	at java.lang.Thread.run(Thread.java:748)
Heap
 def new generation   total 153600K, used 26834K [0x00000000e0c00000, 0x00000000eb2a0000, 0x00000000eb2a0000)
  eden space 136576K,  19% used [0x00000000e0c00000, 0x00000000e25cbe68, 0x00000000e9160000)
  from space 17024K,   2% used [0x00000000ea200000, 0x00000000ea268a80, 0x00000000eb2a0000)
  to   space 17024K,   0% used [0x00000000e9160000, 0x00000000e9160000, 0x00000000ea200000)
 tenured generation   total 341376K, used 44391K [0x00000000eb2a0000, 0x0000000100000000, 0x0000000100000000)
   the space 341376K,  13% used [0x00000000eb2a0000, 0x00000000eddf9dd8, 0x00000000eddf9e00, 0x0000000100000000)
 Metaspace       used 36203K, capacity 37094K, committed 37376K, reserved 1081344K
  class space    used 4868K, capacity 5081K, committed 5120K, reserved 1048576K
