14:53:56,353 |-INFO in ch.qos.logback.classic.LoggerContext[default] - Could NOT find resource [logback-test.xml]
14:53:56,354 |-INFO in ch.qos.logback.classic.LoggerContext[default] - Could NOT find resource [logback.groovy]
14:53:56,354 |-INFO in ch.qos.logback.classic.LoggerContext[default] - Found resource [logback.xml] at [jar:file:/home/nikitasokolov/flamestream/lib/flamestream-runtime-1.0-SNAPSHOT.jar!/logback.xml]
14:53:56,354 |-WARN in ch.qos.logback.classic.LoggerContext[default] - Resource [logback.xml] occurs multiple times on the classpath.
14:53:56,355 |-WARN in ch.qos.logback.classic.LoggerContext[default] - Resource [logback.xml] occurs at [jar:file:/home/nikitasokolov/flamestream/lib/flamestream-runtime-1.0-SNAPSHOT.jar!/logback.xml]
14:53:56,355 |-WARN in ch.qos.logback.classic.LoggerContext[default] - Resource [logback.xml] occurs at [jar:file:/home/nikitasokolov/flamestream/flamestream-runtime-1.0-SNAPSHOT.jar!/logback.xml]
14:53:56,370 |-INFO in ch.qos.logback.core.joran.spi.ConfigurationWatchList@6108b2d7 - URL [jar:file:/home/nikitasokolov/flamestream/lib/flamestream-runtime-1.0-SNAPSHOT.jar!/logback.xml] is not of type file
14:53:56,418 |-INFO in ch.qos.logback.classic.joran.action.ConfigurationAction - debug attribute not set
14:53:56,419 |-INFO in ch.qos.logback.core.joran.action.AppenderAction - About to instantiate appender of type [ch.qos.logback.core.ConsoleAppender]
14:53:56,426 |-INFO in ch.qos.logback.core.joran.action.AppenderAction - Naming appender as [STDOUT]
14:53:56,433 |-INFO in ch.qos.logback.core.joran.action.NestedComplexPropertyIA - Assuming default type [ch.qos.logback.classic.encoder.PatternLayoutEncoder] for [encoder] property
14:53:56,484 |-INFO in ch.qos.logback.core.joran.action.AppenderAction - About to instantiate appender of type [ch.qos.logback.core.rolling.RollingFileAppender]
14:53:56,489 |-INFO in ch.qos.logback.core.joran.action.AppenderAction - Naming appender as [FILE]
14:53:56,510 |-INFO in c.q.l.core.rolling.TimeBasedRollingPolicy@357863579 - No compression will be used
14:53:56,511 |-INFO in c.q.l.core.rolling.TimeBasedRollingPolicy@357863579 - Will use the pattern /tmp/application_%d{yyyy-MM-dd}.%i.log for the active file
14:53:56,514 |-INFO in ch.qos.logback.core.rolling.SizeAndTimeBasedFNATP@6bf256fa - The date pattern is 'yyyy-MM-dd' from file name pattern '/tmp/application_%d{yyyy-MM-dd}.%i.log'.
14:53:56,514 |-INFO in ch.qos.logback.core.rolling.SizeAndTimeBasedFNATP@6bf256fa - Roll-over at midnight.
14:53:56,517 |-INFO in ch.qos.logback.core.rolling.SizeAndTimeBasedFNATP@6bf256fa - Setting initial period to Sun Jun 09 14:53:11 MSK 2019
14:53:56,518 |-WARN in ch.qos.logback.core.rolling.SizeAndTimeBasedFNATP@6bf256fa - SizeAndTimeBasedFNATP is deprecated. Use SizeAndTimeBasedRollingPolicy instead
14:53:56,518 |-WARN in ch.qos.logback.core.rolling.SizeAndTimeBasedFNATP@6bf256fa - For more information see http://logback.qos.ch/manual/appenders.html#SizeAndTimeBasedRollingPolicy
14:53:56,522 |-INFO in ch.qos.logback.core.joran.action.NestedComplexPropertyIA - Assuming default type [ch.qos.logback.classic.encoder.PatternLayoutEncoder] for [encoder] property
14:53:56,524 |-INFO in ch.qos.logback.core.rolling.RollingFileAppender[FILE] - Active log file name: /tmp/application.log
14:53:56,524 |-INFO in ch.qos.logback.core.rolling.RollingFileAppender[FILE] - File property is set to [/tmp/application.log]
14:53:56,525 |-INFO in ch.qos.logback.classic.joran.action.RootLoggerAction - Setting level of ROOT logger to WARN
14:53:56,525 |-INFO in ch.qos.logback.core.joran.action.AppenderRefAction - Attaching appender named [STDOUT] to Logger[ROOT]
14:53:56,526 |-INFO in ch.qos.logback.core.joran.action.AppenderRefAction - Attaching appender named [FILE] to Logger[ROOT]
14:53:56,526 |-INFO in ch.qos.logback.classic.joran.action.ConfigurationAction - End of configuration.
14:53:56,527 |-INFO in ch.qos.logback.classic.joran.JoranConfigurator@6cd8737 - Registering current configuration as safe fallback point

2019-06-09T14:53:57.517+0300: 1.353: [GC (Metadata GC Threshold) [PSYoungGen: 110722K->15921K(149504K)] 110722K->16001K(491008K), 0.0252035 secs] [Times: user=0.08 sys=0.05, real=0.03 secs] 
2019-06-09T14:53:57.542+0300: 1.378: [Full GC (Metadata GC Threshold) [PSYoungGen: 15921K->0K(149504K)] [ParOldGen: 80K->15078K(341504K)] 16001K->15078K(491008K), [Metaspace: 20799K->20799K(1067008K)], 0.0256356 secs] [Times: user=0.16 sys=0.00, real=0.02 secs] 
14:54:06.051 [Curator-PathChildrenCache-1] WARN  o.a.c.u.ZKPaths  - The version of ZooKeeper being used doesn't support Container nodes. CreateMode.PERSISTENT will be used instead.
2019-06-09T14:54:07.502+0300: 11.337: [GC (Allocation Failure) [PSYoungGen: 128512K->15753K(149504K)] 143590K->50371K(491008K), 0.0267418 secs] [Times: user=0.22 sys=0.00, real=0.02 secs] 
2019-06-09T14:54:07.574+0300: 11.409: [GC (Metadata GC Threshold) [PSYoungGen: 24122K->5397K(149504K)] 58740K->40022K(491008K), 0.0037715 secs] [Times: user=0.04 sys=0.01, real=0.00 secs] 
2019-06-09T14:54:07.577+0300: 11.413: [Full GC (Metadata GC Threshold) [PSYoungGen: 5397K->0K(149504K)] [ParOldGen: 34625K->29176K(341504K)] 40022K->29176K(491008K), [Metaspace: 34559K->34559K(1079296K)], 0.0393582 secs] [Times: user=0.24 sys=0.00, real=0.04 secs] 
2019-06-09T14:54:14.680+0300: 18.516: [GC (Allocation Failure) [PSYoungGen: 128512K->384K(149504K)] 157688K->29568K(491008K), 0.0088842 secs] [Times: user=0.08 sys=0.00, real=0.00 secs] 
2019-06-09T14:54:22.487+0300: 26.323: [GC (Allocation Failure) [PSYoungGen: 128896K->544K(129536K)] 158080K->29736K(471040K), 0.0051117 secs] [Times: user=0.04 sys=0.00, real=0.01 secs] 
2019-06-09T14:54:30.374+0300: 34.210: [GC (Allocation Failure) [PSYoungGen: 129056K->576K(149504K)] 158248K->29776K(491008K), 0.0032685 secs] [Times: user=0.01 sys=0.00, real=0.01 secs] 
2019-06-09T14:54:38.209+0300: 42.045: [GC (Allocation Failure) [PSYoungGen: 128576K->544K(148992K)] 157776K->29752K(490496K), 0.0022080 secs] [Times: user=0.01 sys=0.00, real=0.01 secs] 
2019-06-09T14:54:46.138+0300: 49.974: [GC (Allocation Failure) [PSYoungGen: 128544K->448K(150528K)] 157752K->29656K(492032K), 0.0046865 secs] [Times: user=0.02 sys=0.00, real=0.00 secs] 
2019-06-09T14:54:54.191+0300: 58.027: [GC (Allocation Failure) [PSYoungGen: 130496K->544K(150016K)] 159704K->29752K(491520K), 0.0044444 secs] [Times: user=0.01 sys=0.00, real=0.00 secs] 
2019-06-09T14:55:03.275+0300: 67.111: [GC (Allocation Failure) [PSYoungGen: 130592K->983K(152064K)] 159800K->30199K(493568K), 0.0785201 secs] [Times: user=0.01 sys=0.01, real=0.08 secs] 
14:55:14.468 [Curator-PathChildrenCache-0] ERROR o.a.c.f.r.c.PathChildrenCache  - 
java.lang.IllegalStateException: instance must be started before calling this method
	at org.apache.curator.shaded.com.google.common.base.Preconditions.checkState(Preconditions.java:444)
	at org.apache.curator.framework.imps.CuratorFrameworkImpl.getChildren(CuratorFrameworkImpl.java:456)
	at org.apache.curator.framework.recipes.cache.PathChildrenCache.refresh(PathChildrenCache.java:521)
	at org.apache.curator.framework.recipes.cache.RefreshOperation.invoke(RefreshOperation.java:35)
	at org.apache.curator.framework.recipes.cache.PathChildrenCache$9.run(PathChildrenCache.java:786)
	at java.util.concurrent.Executors$RunnableAdapter.call(Executors.java:511)
	at java.util.concurrent.FutureTask.run(FutureTask.java:266)
	at java.util.concurrent.Executors$RunnableAdapter.call(Executors.java:511)
	at java.util.concurrent.FutureTask.run(FutureTask.java:266)
	at java.util.concurrent.ThreadPoolExecutor.runWorker(ThreadPoolExecutor.java:1149)
	at java.util.concurrent.ThreadPoolExecutor$Worker.run(ThreadPoolExecutor.java:624)
	at java.lang.Thread.run(Thread.java:748)
Heap
 PSYoungGen      total 152064K, used 17785K [0x00000000f5980000, 0x0000000100000000, 0x0000000100000000)
  eden space 133120K, 12% used [0x00000000f5980000,0x00000000f69e86f8,0x00000000fdb80000)
  from space 18944K, 5% used [0x00000000fed80000,0x00000000fee75d80,0x0000000100000000)
  to   space 18432K, 0% used [0x00000000fdb80000,0x00000000fdb80000,0x00000000fed80000)
 ParOldGen       total 341504K, used 29216K [0x00000000e0c00000, 0x00000000f5980000, 0x00000000f5980000)
  object space 341504K, 8% used [0x00000000e0c00000,0x00000000e28881f8,0x00000000f5980000)
 Metaspace       used 35979K, capacity 36830K, committed 37208K, reserved 1081344K
  class space    used 4979K, capacity 5161K, committed 5248K, reserved 1048576K
