20:14:50,152 |-INFO in ch.qos.logback.classic.LoggerContext[default] - Could NOT find resource [logback-test.xml]
20:14:50,152 |-INFO in ch.qos.logback.classic.LoggerContext[default] - Could NOT find resource [logback.groovy]
20:14:50,152 |-INFO in ch.qos.logback.classic.LoggerContext[default] - Found resource [logback.xml] at [jar:file:/root/flamestream/lib/flamestream-runtime-1.0-SNAPSHOT.jar!/logback.xml]
20:14:50,153 |-WARN in ch.qos.logback.classic.LoggerContext[default] - Resource [logback.xml] occurs multiple times on the classpath.
20:14:50,153 |-WARN in ch.qos.logback.classic.LoggerContext[default] - Resource [logback.xml] occurs at [jar:file:/root/flamestream/lib/flamestream-runtime-1.0-SNAPSHOT.jar!/logback.xml]
20:14:50,153 |-WARN in ch.qos.logback.classic.LoggerContext[default] - Resource [logback.xml] occurs at [jar:file:/root/flamestream/flamestream-runtime-1.0-SNAPSHOT.jar!/logback.xml]
20:14:50,172 |-INFO in ch.qos.logback.core.joran.spi.ConfigurationWatchList@3fb6a447 - URL [jar:file:/root/flamestream/lib/flamestream-runtime-1.0-SNAPSHOT.jar!/logback.xml] is not of type file
20:14:50,244 |-INFO in ch.qos.logback.classic.joran.action.ConfigurationAction - debug attribute not set
20:14:50,245 |-INFO in ch.qos.logback.core.joran.action.AppenderAction - About to instantiate appender of type [ch.qos.logback.core.ConsoleAppender]
20:14:50,257 |-INFO in ch.qos.logback.core.joran.action.AppenderAction - Naming appender as [STDOUT]
20:14:50,276 |-INFO in ch.qos.logback.core.joran.action.NestedComplexPropertyIA - Assuming default type [ch.qos.logback.classic.encoder.PatternLayoutEncoder] for [encoder] property
20:14:50,363 |-INFO in ch.qos.logback.core.joran.action.AppenderAction - About to instantiate appender of type [ch.qos.logback.core.rolling.RollingFileAppender]
20:14:50,368 |-INFO in ch.qos.logback.core.joran.action.AppenderAction - Naming appender as [FILE]
20:14:50,398 |-INFO in c.q.l.core.rolling.TimeBasedRollingPolicy@127618319 - No compression will be used
20:14:50,399 |-INFO in c.q.l.core.rolling.TimeBasedRollingPolicy@127618319 - Will use the pattern /tmp/application_%d{yyyy-MM-dd}.%i.log for the active file
20:14:50,402 |-INFO in ch.qos.logback.core.rolling.SizeAndTimeBasedFNATP@6b2fad11 - The date pattern is 'yyyy-MM-dd' from file name pattern '/tmp/application_%d{yyyy-MM-dd}.%i.log'.
20:14:50,402 |-INFO in ch.qos.logback.core.rolling.SizeAndTimeBasedFNATP@6b2fad11 - Roll-over at midnight.
20:14:50,407 |-INFO in ch.qos.logback.core.rolling.SizeAndTimeBasedFNATP@6b2fad11 - Setting initial period to Mon Jun 10 20:13:24 UTC 2019
20:14:50,407 |-WARN in ch.qos.logback.core.rolling.SizeAndTimeBasedFNATP@6b2fad11 - SizeAndTimeBasedFNATP is deprecated. Use SizeAndTimeBasedRollingPolicy instead
20:14:50,407 |-WARN in ch.qos.logback.core.rolling.SizeAndTimeBasedFNATP@6b2fad11 - For more information see http://logback.qos.ch/manual/appenders.html#SizeAndTimeBasedRollingPolicy
20:14:50,411 |-INFO in ch.qos.logback.core.joran.action.NestedComplexPropertyIA - Assuming default type [ch.qos.logback.classic.encoder.PatternLayoutEncoder] for [encoder] property
20:14:50,416 |-INFO in ch.qos.logback.core.rolling.RollingFileAppender[FILE] - Active log file name: /tmp/application.log
20:14:50,416 |-INFO in ch.qos.logback.core.rolling.RollingFileAppender[FILE] - File property is set to [/tmp/application.log]
20:14:50,417 |-INFO in ch.qos.logback.classic.joran.action.RootLoggerAction - Setting level of ROOT logger to WARN
20:14:50,417 |-INFO in ch.qos.logback.core.joran.action.AppenderRefAction - Attaching appender named [STDOUT] to Logger[ROOT]
20:14:50,419 |-INFO in ch.qos.logback.core.joran.action.AppenderRefAction - Attaching appender named [FILE] to Logger[ROOT]
20:14:50,419 |-INFO in ch.qos.logback.classic.joran.action.ConfigurationAction - End of configuration.
20:14:50,419 |-INFO in ch.qos.logback.classic.joran.JoranConfigurator@79698539 - Registering current configuration as safe fallback point

Ama winner
Ama winner
2019-06-10T20:14:51.710+0000: 1.741: [Full GC (Metadata GC Threshold) 2019-06-10T20:14:51.710+0000: 1.741: [Tenured: 0K->15241K(341376K), 0.0405218 secs] 112194K->15241K(494976K), [Metaspace: 20737K->20737K(1067008K)], 0.0405907 secs] [Times: user=0.04 sys=0.00, real=0.05 secs] 
20:15:12.728 [Curator-PathChildrenCache-1] WARN  o.a.c.u.ZKPaths  - The version of ZooKeeper being used doesn't support Container nodes. CreateMode.PERSISTENT will be used instead.
2019-06-10T20:15:14.756+0000: 24.787: [GC (Allocation Failure) 2019-06-10T20:15:14.756+0000: 24.787: [DefNew: 136270K->16640K(153600K), 0.0249439 secs] 151512K->51413K(494976K), 0.0250146 secs] [Times: user=0.02 sys=0.00, real=0.02 secs] 
2019-06-10T20:15:18.015+0000: 28.046: [Full GC (Metadata GC Threshold) 2019-06-10T20:15:18.015+0000: 28.046: [Tenured: 34772K->43374K(341376K), 0.0515433 secs] 118817K->43374K(494976K), [Metaspace: 34590K->34590K(1079296K)], 0.0516184 secs] [Times: user=0.05 sys=0.00, real=0.05 secs] 
2019-06-10T20:15:24.317+0000: 34.349: [GC (Allocation Failure) 2019-06-10T20:15:24.317+0000: 34.349: [DefNew: 136576K->57K(153600K), 0.0018245 secs] 179950K->43431K(494976K), 0.0018874 secs] [Times: user=0.00 sys=0.00, real=0.00 secs] 
2019-06-10T20:15:30.636+0000: 40.667: [GC (Allocation Failure) 2019-06-10T20:15:30.636+0000: 40.667: [DefNew: 136633K->119K(153600K), 0.0017068 secs] 180007K->43494K(494976K), 0.0017771 secs] [Times: user=0.00 sys=0.00, real=0.00 secs] 
2019-06-10T20:15:37.022+0000: 47.053: [GC (Allocation Failure) 2019-06-10T20:15:37.022+0000: 47.053: [DefNew: 136695K->152K(153600K), 0.0017650 secs] 180070K->43526K(494976K), 0.0018388 secs] [Times: user=0.00 sys=0.00, real=0.01 secs] 
2019-06-10T20:15:43.485+0000: 53.517: [GC (Allocation Failure) 2019-06-10T20:15:43.485+0000: 53.517: [DefNew: 136728K->154K(153600K), 0.0018013 secs] 180102K->43528K(494976K), 0.0018733 secs] [Times: user=0.00 sys=0.00, real=0.00 secs] 
2019-06-10T20:15:57.655+0000: 67.687: [GC (Allocation Failure) 2019-06-10T20:15:57.655+0000: 67.687: [DefNew: 136730K->502K(153600K), 0.0022957 secs] 180104K->43876K(494976K), 0.0023584 secs] [Times: user=0.01 sys=0.00, real=0.00 secs] 
20:15:57.860 [Curator-PathChildrenCache-0] ERROR o.a.c.f.r.c.PathChildrenCache  - 
java.lang.IllegalStateException: instance must be started before calling this method
	at org.apache.curator.shaded.com.google.common.base.Preconditions.checkState(Preconditions.java:444)
	at org.apache.curator.framework.imps.CuratorFrameworkImpl.getChildren(CuratorFrameworkImpl.java:456)
	at org.apache.curator.framework.recipes.cache.PathChildrenCache.refresh(PathChildrenCache.java:521)
	at org.apache.curator.framework.recipes.cache.RefreshOperation.invoke(RefreshOperation.java:35)
	at org.apache.curator.framework.recipes.cache.PathChildrenCache$9.run(PathChildrenCache.java:786)
	at java.util.concurrent.Executors$RunnableAdapter.call(Executors.java:511)
	at java.util.concurrent.FutureTask.run(FutureTask.java:266)
	at java.util.concurrent.Executors$RunnableAdapter.call(Executors.java:511)
	at java.util.concurrent.FutureTask.run(FutureTask.java:266)
	at java.util.concurrent.ThreadPoolExecutor.runWorker(ThreadPoolExecutor.java:1149)
	at java.util.concurrent.ThreadPoolExecutor$Worker.run(ThreadPoolExecutor.java:624)
	at java.lang.Thread.run(Thread.java:748)
Heap
 def new generation   total 153600K, used 17646K [0x00000000e0c00000, 0x00000000eb2a0000, 0x00000000eb2a0000)
  eden space 136576K,  12% used [0x00000000e0c00000, 0x00000000e1cbdf68, 0x00000000e9160000)
  from space 17024K,   2% used [0x00000000e9160000, 0x00000000e91dd8b0, 0x00000000ea200000)
  to   space 17024K,   0% used [0x00000000ea200000, 0x00000000ea200000, 0x00000000eb2a0000)
 tenured generation   total 341376K, used 43374K [0x00000000eb2a0000, 0x0000000100000000, 0x0000000100000000)
   the space 341376K,  12% used [0x00000000eb2a0000, 0x00000000edcfba48, 0x00000000edcfbc00, 0x0000000100000000)
 Metaspace       used 36002K, capacity 36922K, committed 37120K, reserved 1081344K
  class space    used 4860K, capacity 5073K, committed 5120K, reserved 1048576K
