14:45:23,578 |-INFO in ch.qos.logback.classic.LoggerContext[default] - Could NOT find resource [logback-test.xml]
14:45:23,578 |-INFO in ch.qos.logback.classic.LoggerContext[default] - Could NOT find resource [logback.groovy]
14:45:23,579 |-INFO in ch.qos.logback.classic.LoggerContext[default] - Found resource [logback.xml] at [jar:file:/home/nikitasokolov/flamestream/lib/flamestream-runtime-1.0-SNAPSHOT.jar!/logback.xml]
14:45:23,579 |-WARN in ch.qos.logback.classic.LoggerContext[default] - Resource [logback.xml] occurs multiple times on the classpath.
14:45:23,579 |-WARN in ch.qos.logback.classic.LoggerContext[default] - Resource [logback.xml] occurs at [jar:file:/home/nikitasokolov/flamestream/lib/flamestream-runtime-1.0-SNAPSHOT.jar!/logback.xml]
14:45:23,579 |-WARN in ch.qos.logback.classic.LoggerContext[default] - Resource [logback.xml] occurs at [jar:file:/home/nikitasokolov/flamestream/flamestream-runtime-1.0-SNAPSHOT.jar!/logback.xml]
14:45:23,595 |-INFO in ch.qos.logback.core.joran.spi.ConfigurationWatchList@6108b2d7 - URL [jar:file:/home/nikitasokolov/flamestream/lib/flamestream-runtime-1.0-SNAPSHOT.jar!/logback.xml] is not of type file
14:45:23,648 |-INFO in ch.qos.logback.classic.joran.action.ConfigurationAction - debug attribute not set
14:45:23,649 |-INFO in ch.qos.logback.core.joran.action.AppenderAction - About to instantiate appender of type [ch.qos.logback.core.ConsoleAppender]
14:45:23,658 |-INFO in ch.qos.logback.core.joran.action.AppenderAction - Naming appender as [STDOUT]
14:45:23,666 |-INFO in ch.qos.logback.core.joran.action.NestedComplexPropertyIA - Assuming default type [ch.qos.logback.classic.encoder.PatternLayoutEncoder] for [encoder] property
14:45:23,723 |-INFO in ch.qos.logback.core.joran.action.AppenderAction - About to instantiate appender of type [ch.qos.logback.core.rolling.RollingFileAppender]
14:45:23,728 |-INFO in ch.qos.logback.core.joran.action.AppenderAction - Naming appender as [FILE]
14:45:23,751 |-INFO in c.q.l.core.rolling.TimeBasedRollingPolicy@357863579 - No compression will be used
14:45:23,752 |-INFO in c.q.l.core.rolling.TimeBasedRollingPolicy@357863579 - Will use the pattern /tmp/application_%d{yyyy-MM-dd}.%i.log for the active file
14:45:23,755 |-INFO in ch.qos.logback.core.rolling.SizeAndTimeBasedFNATP@6bf256fa - The date pattern is 'yyyy-MM-dd' from file name pattern '/tmp/application_%d{yyyy-MM-dd}.%i.log'.
14:45:23,755 |-INFO in ch.qos.logback.core.rolling.SizeAndTimeBasedFNATP@6bf256fa - Roll-over at midnight.
14:45:23,759 |-INFO in ch.qos.logback.core.rolling.SizeAndTimeBasedFNATP@6bf256fa - Setting initial period to Sun Jun 09 14:44:08 MSK 2019
14:45:23,759 |-WARN in ch.qos.logback.core.rolling.SizeAndTimeBasedFNATP@6bf256fa - SizeAndTimeBasedFNATP is deprecated. Use SizeAndTimeBasedRollingPolicy instead
14:45:23,759 |-WARN in ch.qos.logback.core.rolling.SizeAndTimeBasedFNATP@6bf256fa - For more information see http://logback.qos.ch/manual/appenders.html#SizeAndTimeBasedRollingPolicy
14:45:23,764 |-INFO in ch.qos.logback.core.joran.action.NestedComplexPropertyIA - Assuming default type [ch.qos.logback.classic.encoder.PatternLayoutEncoder] for [encoder] property
14:45:23,767 |-INFO in ch.qos.logback.core.rolling.RollingFileAppender[FILE] - Active log file name: /tmp/application.log
14:45:23,767 |-INFO in ch.qos.logback.core.rolling.RollingFileAppender[FILE] - File property is set to [/tmp/application.log]
14:45:23,769 |-INFO in ch.qos.logback.classic.joran.action.RootLoggerAction - Setting level of ROOT logger to WARN
14:45:23,769 |-INFO in ch.qos.logback.core.joran.action.AppenderRefAction - Attaching appender named [STDOUT] to Logger[ROOT]
14:45:23,770 |-INFO in ch.qos.logback.core.joran.action.AppenderRefAction - Attaching appender named [FILE] to Logger[ROOT]
14:45:23,770 |-INFO in ch.qos.logback.classic.joran.action.ConfigurationAction - End of configuration.
14:45:23,771 |-INFO in ch.qos.logback.classic.joran.JoranConfigurator@6cd8737 - Registering current configuration as safe fallback point

2019-06-09T14:45:24.741+0300: 1.357: [GC (Metadata GC Threshold) [PSYoungGen: 110721K->15928K(149504K)] 110721K->16008K(491008K), 0.0231925 secs] [Times: user=0.11 sys=0.04, real=0.02 secs] 
2019-06-09T14:45:24.764+0300: 1.380: [Full GC (Metadata GC Threshold) [PSYoungGen: 15928K->0K(149504K)] [ParOldGen: 80K->15078K(341504K)] 16008K->15078K(491008K), [Metaspace: 20800K->20800K(1067008K)], 0.0258503 secs] [Times: user=0.14 sys=0.02, real=0.03 secs] 
14:45:36.506 [Curator-PathChildrenCache-1] WARN  o.a.c.u.ZKPaths  - The version of ZooKeeper being used doesn't support Container nodes. CreateMode.PERSISTENT will be used instead.
2019-06-09T14:45:37.513+0300: 14.128: [GC (Metadata GC Threshold) [PSYoungGen: 127572K->15860K(149504K)] 142650K->50478K(491008K), 0.0258229 secs] [Times: user=0.24 sys=0.03, real=0.03 secs] 
2019-06-09T14:45:37.539+0300: 14.154: [Full GC (Metadata GC Threshold) [PSYoungGen: 15860K->0K(149504K)] [ParOldGen: 34617K->38822K(341504K)] 50478K->38822K(491008K), [Metaspace: 34540K->34540K(1079296K)], 0.0481016 secs] [Times: user=0.28 sys=0.04, real=0.04 secs] 
2019-06-09T14:45:45.471+0300: 22.087: [GC (Allocation Failure) [PSYoungGen: 128512K->416K(149504K)] 167334K->39246K(491008K), 0.0079403 secs] [Times: user=0.07 sys=0.00, real=0.01 secs] 
2019-06-09T14:45:54.276+0300: 30.891: [GC (Allocation Failure) [PSYoungGen: 128928K->384K(149504K)] 167758K->39222K(491008K), 0.0689190 secs] [Times: user=0.03 sys=0.00, real=0.07 secs] 
2019-06-09T14:46:03.205+0300: 39.820: [GC (Allocation Failure) [PSYoungGen: 128896K->448K(129024K)] 167734K->39294K(470528K), 0.0035290 secs] [Times: user=0.02 sys=0.01, real=0.00 secs] 
2019-06-09T14:46:12.280+0300: 48.896: [GC (Allocation Failure) [PSYoungGen: 128960K->480K(150016K)] 167806K->39334K(491520K), 0.0042266 secs] [Times: user=0.03 sys=0.00, real=0.00 secs] 
2019-06-09T14:46:21.298+0300: 57.914: [GC (Allocation Failure) [PSYoungGen: 128992K->544K(148992K)] 167846K->39406K(490496K), 0.0027788 secs] [Times: user=0.02 sys=0.00, real=0.00 secs] 
2019-06-09T14:46:31.592+0300: 68.208: [GC (Allocation Failure) [PSYoungGen: 129056K->919K(151552K)] 167918K->39789K(493056K), 0.0048152 secs] [Times: user=0.03 sys=0.01, real=0.00 secs] 
14:46:52.521 [Curator-PathChildrenCache-0] ERROR o.a.c.f.r.c.PathChildrenCache  - 
java.lang.IllegalStateException: instance must be started before calling this method
	at org.apache.curator.shaded.com.google.common.base.Preconditions.checkState(Preconditions.java:444)
	at org.apache.curator.framework.imps.CuratorFrameworkImpl.getChildren(CuratorFrameworkImpl.java:456)
	at org.apache.curator.framework.recipes.cache.PathChildrenCache.refresh(PathChildrenCache.java:521)
	at org.apache.curator.framework.recipes.cache.RefreshOperation.invoke(RefreshOperation.java:35)
	at org.apache.curator.framework.recipes.cache.PathChildrenCache$9.run(PathChildrenCache.java:786)
	at java.util.concurrent.Executors$RunnableAdapter.call(Executors.java:511)
	at java.util.concurrent.FutureTask.run(FutureTask.java:266)
	at java.util.concurrent.Executors$RunnableAdapter.call(Executors.java:511)
	at java.util.concurrent.FutureTask.run(FutureTask.java:266)
	at java.util.concurrent.ThreadPoolExecutor.runWorker(ThreadPoolExecutor.java:1149)
	at java.util.concurrent.ThreadPoolExecutor$Worker.run(ThreadPoolExecutor.java:624)
	at java.lang.Thread.run(Thread.java:748)
Heap
 PSYoungGen      total 151552K, used 122452K [0x00000000f5980000, 0x0000000100000000, 0x0000000100000000)
  eden space 132096K, 92% used [0x00000000f5980000,0x00000000fd02f308,0x00000000fda80000)
  from space 19456K, 4% used [0x00000000fed00000,0x00000000fede5d40,0x0000000100000000)
  to   space 18944K, 0% used [0x00000000fda80000,0x00000000fda80000,0x00000000fed00000)
 ParOldGen       total 341504K, used 38870K [0x00000000e0c00000, 0x00000000f5980000, 0x00000000f5980000)
  object space 341504K, 11% used [0x00000000e0c00000,0x00000000e31f58f0,0x00000000f5980000)
 Metaspace       used 36029K, capacity 36894K, committed 37208K, reserved 1081344K
  class space    used 4979K, capacity 5161K, committed 5248K, reserved 1048576K
