13:43:56,163 |-INFO in ch.qos.logback.classic.LoggerContext[default] - Could NOT find resource [logback-test.xml]
13:43:56,163 |-INFO in ch.qos.logback.classic.LoggerContext[default] - Could NOT find resource [logback.groovy]
13:43:56,163 |-INFO in ch.qos.logback.classic.LoggerContext[default] - Found resource [logback.xml] at [jar:file:/root/flamestream/lib/flamestream-runtime-1.0-SNAPSHOT.jar!/logback.xml]
13:43:56,164 |-WARN in ch.qos.logback.classic.LoggerContext[default] - Resource [logback.xml] occurs multiple times on the classpath.
13:43:56,164 |-WARN in ch.qos.logback.classic.LoggerContext[default] - Resource [logback.xml] occurs at [jar:file:/root/flamestream/lib/flamestream-runtime-1.0-SNAPSHOT.jar!/logback.xml]
13:43:56,164 |-WARN in ch.qos.logback.classic.LoggerContext[default] - Resource [logback.xml] occurs at [jar:file:/root/flamestream/flamestream-runtime-1.0-SNAPSHOT.jar!/logback.xml]
13:43:56,185 |-INFO in ch.qos.logback.core.joran.spi.ConfigurationWatchList@3fb6a447 - URL [jar:file:/root/flamestream/lib/flamestream-runtime-1.0-SNAPSHOT.jar!/logback.xml] is not of type file
13:43:56,257 |-INFO in ch.qos.logback.classic.joran.action.ConfigurationAction - debug attribute not set
13:43:56,258 |-INFO in ch.qos.logback.core.joran.action.AppenderAction - About to instantiate appender of type [ch.qos.logback.core.ConsoleAppender]
13:43:56,276 |-INFO in ch.qos.logback.core.joran.action.AppenderAction - Naming appender as [STDOUT]
13:43:56,288 |-INFO in ch.qos.logback.core.joran.action.NestedComplexPropertyIA - Assuming default type [ch.qos.logback.classic.encoder.PatternLayoutEncoder] for [encoder] property
13:43:56,370 |-INFO in ch.qos.logback.core.joran.action.AppenderAction - About to instantiate appender of type [ch.qos.logback.core.rolling.RollingFileAppender]
13:43:56,379 |-INFO in ch.qos.logback.core.joran.action.AppenderAction - Naming appender as [FILE]
13:43:56,410 |-INFO in c.q.l.core.rolling.TimeBasedRollingPolicy@127618319 - No compression will be used
13:43:56,411 |-INFO in c.q.l.core.rolling.TimeBasedRollingPolicy@127618319 - Will use the pattern /tmp/application_%d{yyyy-MM-dd}.%i.log for the active file
13:43:56,414 |-INFO in ch.qos.logback.core.rolling.SizeAndTimeBasedFNATP@6b2fad11 - The date pattern is 'yyyy-MM-dd' from file name pattern '/tmp/application_%d{yyyy-MM-dd}.%i.log'.
13:43:56,414 |-INFO in ch.qos.logback.core.rolling.SizeAndTimeBasedFNATP@6b2fad11 - Roll-over at midnight.
13:43:56,419 |-INFO in ch.qos.logback.core.rolling.SizeAndTimeBasedFNATP@6b2fad11 - Setting initial period to Mon Jun 10 13:42:41 UTC 2019
13:43:56,420 |-WARN in ch.qos.logback.core.rolling.SizeAndTimeBasedFNATP@6b2fad11 - SizeAndTimeBasedFNATP is deprecated. Use SizeAndTimeBasedRollingPolicy instead
13:43:56,420 |-WARN in ch.qos.logback.core.rolling.SizeAndTimeBasedFNATP@6b2fad11 - For more information see http://logback.qos.ch/manual/appenders.html#SizeAndTimeBasedRollingPolicy
13:43:56,423 |-INFO in ch.qos.logback.core.joran.action.NestedComplexPropertyIA - Assuming default type [ch.qos.logback.classic.encoder.PatternLayoutEncoder] for [encoder] property
13:43:56,428 |-INFO in ch.qos.logback.core.rolling.RollingFileAppender[FILE] - Active log file name: /tmp/application.log
13:43:56,428 |-INFO in ch.qos.logback.core.rolling.RollingFileAppender[FILE] - File property is set to [/tmp/application.log]
13:43:56,429 |-INFO in ch.qos.logback.classic.joran.action.RootLoggerAction - Setting level of ROOT logger to WARN
13:43:56,429 |-INFO in ch.qos.logback.core.joran.action.AppenderRefAction - Attaching appender named [STDOUT] to Logger[ROOT]
13:43:56,431 |-INFO in ch.qos.logback.core.joran.action.AppenderRefAction - Attaching appender named [FILE] to Logger[ROOT]
13:43:56,431 |-INFO in ch.qos.logback.classic.joran.action.ConfigurationAction - End of configuration.
13:43:56,431 |-INFO in ch.qos.logback.classic.joran.JoranConfigurator@79698539 - Registering current configuration as safe fallback point

Ama winner
Ama winner
2019-06-10T13:43:57.737+0000: 1.760: [Full GC (Metadata GC Threshold) 2019-06-10T13:43:57.737+0000: 1.760: [Tenured: 0K->15209K(341376K), 0.0388346 secs] 114924K->15209K(494976K), [Metaspace: 20741K->20741K(1067008K)], 0.0389010 secs] [Times: user=0.03 sys=0.00, real=0.04 secs] 
13:44:18.441 [Curator-PathChildrenCache-2] WARN  o.a.c.u.ZKPaths  - The version of ZooKeeper being used doesn't support Container nodes. CreateMode.PERSISTENT will be used instead.
2019-06-10T13:44:21.017+0000: 25.039: [GC (Allocation Failure) 2019-06-10T13:44:21.017+0000: 25.039: [DefNew: 121716K->16901K(153600K), 0.0179309 secs] 136925K->32110K(494976K), 0.0180068 secs] [Times: user=0.01 sys=0.01, real=0.02 secs] 
2019-06-10T13:44:21.472+0000: 25.495: [Full GC (Metadata GC Threshold) 2019-06-10T13:44:21.472+0000: 25.495: [Tenured: 15209K->43529K(341376K), 0.0452958 secs] 70458K->43529K(494976K), [Metaspace: 34588K->34588K(1079296K)], 0.0453709 secs] [Times: user=0.04 sys=0.02, real=0.04 secs] 
2019-06-10T13:44:23.605+0000: 27.628: [GC (Allocation Failure) 2019-06-10T13:44:23.605+0000: 27.628: [DefNew: 136576K->360K(153600K), 0.0026333 secs] 180105K->43889K(494976K), 0.0026998 secs] [Times: user=0.00 sys=0.00, real=0.00 secs] 
2019-06-10T13:44:25.239+0000: 29.261: [GC (Allocation Failure) 2019-06-10T13:44:25.239+0000: 29.261: [DefNew: 136936K->288K(153600K), 0.0023032 secs] 180465K->43817K(494976K), 0.0023601 secs] [Times: user=0.00 sys=0.00, real=0.01 secs] 
2019-06-10T13:44:26.653+0000: 30.676: [GC (Allocation Failure) 2019-06-10T13:44:26.653+0000: 30.676: [DefNew: 136864K->300K(153600K), 0.0023130 secs] 180393K->43829K(494976K), 0.0023828 secs] [Times: user=0.00 sys=0.00, real=0.00 secs] 
2019-06-10T13:44:28.079+0000: 32.102: [GC (Allocation Failure) 2019-06-10T13:44:28.079+0000: 32.102: [DefNew: 136876K->286K(153600K), 0.0022505 secs] 180405K->43815K(494976K), 0.0023120 secs] [Times: user=0.00 sys=0.00, real=0.00 secs] 
2019-06-10T13:44:29.491+0000: 33.514: [GC (Allocation Failure) 2019-06-10T13:44:29.491+0000: 33.514: [DefNew: 136862K->296K(153600K), 0.0021996 secs] 180391K->43825K(494976K), 0.0022596 secs] [Times: user=0.00 sys=0.00, real=0.00 secs] 
13:44:35.943 [Curator-PathChildrenCache-0] ERROR o.a.c.f.r.c.PathChildrenCache  - 
java.lang.IllegalStateException: instance must be started before calling this method
	at org.apache.curator.shaded.com.google.common.base.Preconditions.checkState(Preconditions.java:444)
	at org.apache.curator.framework.imps.CuratorFrameworkImpl.getChildren(CuratorFrameworkImpl.java:456)
	at org.apache.curator.framework.recipes.cache.PathChildrenCache.refresh(PathChildrenCache.java:521)
	at org.apache.curator.framework.recipes.cache.RefreshOperation.invoke(RefreshOperation.java:35)
	at org.apache.curator.framework.recipes.cache.PathChildrenCache$9.run(PathChildrenCache.java:786)
	at java.util.concurrent.Executors$RunnableAdapter.call(Executors.java:511)
	at java.util.concurrent.FutureTask.run(FutureTask.java:266)
	at java.util.concurrent.Executors$RunnableAdapter.call(Executors.java:511)
	at java.util.concurrent.FutureTask.run(FutureTask.java:266)
	at java.util.concurrent.ThreadPoolExecutor.runWorker(ThreadPoolExecutor.java:1149)
	at java.util.concurrent.ThreadPoolExecutor$Worker.run(ThreadPoolExecutor.java:624)
	at java.lang.Thread.run(Thread.java:748)
Heap
 def new generation   total 153600K, used 112718K [0x00000000e0c00000, 0x00000000eb2a0000, 0x00000000eb2a0000)
  eden space 136576K,  82% used [0x00000000e0c00000, 0x00000000e79c9860, 0x00000000e9160000)
  from space 17024K,   1% used [0x00000000e9160000, 0x00000000e91aa0d8, 0x00000000ea200000)
  to   space 17024K,   0% used [0x00000000ea200000, 0x00000000ea200000, 0x00000000eb2a0000)
 tenured generation   total 341376K, used 43529K [0x00000000eb2a0000, 0x0000000100000000, 0x0000000100000000)
   the space 341376K,  12% used [0x00000000eb2a0000, 0x00000000edd22478, 0x00000000edd22600, 0x0000000100000000)
 Metaspace       used 36039K, capacity 36940K, committed 37120K, reserved 1081344K
  class space    used 4859K, capacity 5060K, committed 5120K, reserved 1048576K
