16:16:16,032 |-INFO in ch.qos.logback.classic.LoggerContext[default] - Could NOT find resource [logback-test.xml]
16:16:16,032 |-INFO in ch.qos.logback.classic.LoggerContext[default] - Could NOT find resource [logback.groovy]
16:16:16,032 |-INFO in ch.qos.logback.classic.LoggerContext[default] - Found resource [logback.xml] at [jar:file:/root/flamestream/lib/flamestream-runtime-1.0-SNAPSHOT.jar!/logback.xml]
16:16:16,033 |-WARN in ch.qos.logback.classic.LoggerContext[default] - Resource [logback.xml] occurs multiple times on the classpath.
16:16:16,033 |-WARN in ch.qos.logback.classic.LoggerContext[default] - Resource [logback.xml] occurs at [jar:file:/root/flamestream/lib/flamestream-runtime-1.0-SNAPSHOT.jar!/logback.xml]
16:16:16,033 |-WARN in ch.qos.logback.classic.LoggerContext[default] - Resource [logback.xml] occurs at [jar:file:/root/flamestream/flamestream-runtime-1.0-SNAPSHOT.jar!/logback.xml]
16:16:16,052 |-INFO in ch.qos.logback.core.joran.spi.ConfigurationWatchList@3fb6a447 - URL [jar:file:/root/flamestream/lib/flamestream-runtime-1.0-SNAPSHOT.jar!/logback.xml] is not of type file
16:16:16,123 |-INFO in ch.qos.logback.classic.joran.action.ConfigurationAction - debug attribute not set
16:16:16,123 |-INFO in ch.qos.logback.core.joran.action.AppenderAction - About to instantiate appender of type [ch.qos.logback.core.ConsoleAppender]
16:16:16,143 |-INFO in ch.qos.logback.core.joran.action.AppenderAction - Naming appender as [STDOUT]
16:16:16,159 |-INFO in ch.qos.logback.core.joran.action.NestedComplexPropertyIA - Assuming default type [ch.qos.logback.classic.encoder.PatternLayoutEncoder] for [encoder] property
16:16:16,242 |-INFO in ch.qos.logback.core.joran.action.AppenderAction - About to instantiate appender of type [ch.qos.logback.core.rolling.RollingFileAppender]
16:16:16,247 |-INFO in ch.qos.logback.core.joran.action.AppenderAction - Naming appender as [FILE]
16:16:16,277 |-INFO in c.q.l.core.rolling.TimeBasedRollingPolicy@127618319 - No compression will be used
16:16:16,278 |-INFO in c.q.l.core.rolling.TimeBasedRollingPolicy@127618319 - Will use the pattern /tmp/application_%d{yyyy-MM-dd}.%i.log for the active file
16:16:16,281 |-INFO in ch.qos.logback.core.rolling.SizeAndTimeBasedFNATP@6b2fad11 - The date pattern is 'yyyy-MM-dd' from file name pattern '/tmp/application_%d{yyyy-MM-dd}.%i.log'.
16:16:16,281 |-INFO in ch.qos.logback.core.rolling.SizeAndTimeBasedFNATP@6b2fad11 - Roll-over at midnight.
16:16:16,286 |-INFO in ch.qos.logback.core.rolling.SizeAndTimeBasedFNATP@6b2fad11 - Setting initial period to Mon Jun 10 16:14:47 UTC 2019
16:16:16,286 |-WARN in ch.qos.logback.core.rolling.SizeAndTimeBasedFNATP@6b2fad11 - SizeAndTimeBasedFNATP is deprecated. Use SizeAndTimeBasedRollingPolicy instead
16:16:16,286 |-WARN in ch.qos.logback.core.rolling.SizeAndTimeBasedFNATP@6b2fad11 - For more information see http://logback.qos.ch/manual/appenders.html#SizeAndTimeBasedRollingPolicy
16:16:16,290 |-INFO in ch.qos.logback.core.joran.action.NestedComplexPropertyIA - Assuming default type [ch.qos.logback.classic.encoder.PatternLayoutEncoder] for [encoder] property
16:16:16,295 |-INFO in ch.qos.logback.core.rolling.RollingFileAppender[FILE] - Active log file name: /tmp/application.log
16:16:16,295 |-INFO in ch.qos.logback.core.rolling.RollingFileAppender[FILE] - File property is set to [/tmp/application.log]
16:16:16,296 |-INFO in ch.qos.logback.classic.joran.action.RootLoggerAction - Setting level of ROOT logger to WARN
16:16:16,296 |-INFO in ch.qos.logback.core.joran.action.AppenderRefAction - Attaching appender named [STDOUT] to Logger[ROOT]
16:16:16,298 |-INFO in ch.qos.logback.core.joran.action.AppenderRefAction - Attaching appender named [FILE] to Logger[ROOT]
16:16:16,298 |-INFO in ch.qos.logback.classic.joran.action.ConfigurationAction - End of configuration.
16:16:16,298 |-INFO in ch.qos.logback.classic.joran.JoranConfigurator@79698539 - Registering current configuration as safe fallback point

Ama winner
Ama winner
2019-06-10T16:16:17.574+0000: 1.725: [Full GC (Metadata GC Threshold) 2019-06-10T16:16:17.574+0000: 1.725: [Tenured: 0K->15176K(341376K), 0.0392202 secs] 114987K->15176K(494976K), [Metaspace: 20729K->20729K(1067008K)], 0.0392881 secs] [Times: user=0.04 sys=0.00, real=0.04 secs] 
16:16:30.861 [Curator-PathChildrenCache-1] WARN  o.a.c.u.ZKPaths  - The version of ZooKeeper being used doesn't support Container nodes. CreateMode.PERSISTENT will be used instead.
2019-06-10T16:16:33.091+0000: 17.242: [GC (Allocation Failure) 2019-06-10T16:16:33.091+0000: 17.242: [DefNew: 136576K->17023K(153600K), 0.0435673 secs] 151752K->52564K(494976K), 0.0436409 secs] [Times: user=0.03 sys=0.01, real=0.04 secs] 
2019-06-10T16:16:34.677+0000: 18.828: [Full GC (Metadata GC Threshold) 2019-06-10T16:16:34.677+0000: 18.828: [Tenured: 35540K->44072K(341376K), 0.0424172 secs] 87378K->44072K(494976K), [Metaspace: 34598K->34598K(1079296K)], 0.0424905 secs] [Times: user=0.04 sys=0.00, real=0.05 secs] 
2019-06-10T16:16:40.665+0000: 24.815: [GC (Allocation Failure) 2019-06-10T16:16:40.665+0000: 24.815: [DefNew: 136576K->65K(153600K), 0.0017494 secs] 180648K->44137K(494976K), 0.0018068 secs] [Times: user=0.00 sys=0.00, real=0.00 secs] 
2019-06-10T16:16:46.534+0000: 30.685: [GC (Allocation Failure) 2019-06-10T16:16:46.534+0000: 30.685: [DefNew: 136641K->66K(153600K), 0.0017446 secs] 180713K->44139K(494976K), 0.0018062 secs] [Times: user=0.00 sys=0.00, real=0.00 secs] 
2019-06-10T16:16:52.199+0000: 36.349: [GC (Allocation Failure) 2019-06-10T16:16:52.199+0000: 36.349: [DefNew: 136642K->74K(153600K), 0.0017512 secs] 180715K->44147K(494976K), 0.0018125 secs] [Times: user=0.00 sys=0.00, real=0.01 secs] 
2019-06-10T16:16:57.877+0000: 42.028: [GC (Allocation Failure) 2019-06-10T16:16:57.877+0000: 42.028: [DefNew: 136650K->74K(153600K), 0.0017401 secs] 180723K->44146K(494976K), 0.0018009 secs] [Times: user=0.00 sys=0.00, real=0.01 secs] 
2019-06-10T16:17:09.725+0000: 53.876: [GC (Allocation Failure) 2019-06-10T16:17:09.725+0000: 53.876: [DefNew: 136650K->69K(153600K), 0.0017827 secs] 180722K->44142K(494976K), 0.0018468 secs] [Times: user=0.00 sys=0.00, real=0.00 secs] 
16:17:11.197 [Curator-PathChildrenCache-0] ERROR o.a.c.f.r.c.PathChildrenCache  - 
java.lang.IllegalStateException: instance must be started before calling this method
	at org.apache.curator.shaded.com.google.common.base.Preconditions.checkState(Preconditions.java:444)
	at org.apache.curator.framework.imps.CuratorFrameworkImpl.getChildren(CuratorFrameworkImpl.java:456)
	at org.apache.curator.framework.recipes.cache.PathChildrenCache.refresh(PathChildrenCache.java:521)
	at org.apache.curator.framework.recipes.cache.RefreshOperation.invoke(RefreshOperation.java:35)
	at org.apache.curator.framework.recipes.cache.PathChildrenCache$9.run(PathChildrenCache.java:786)
	at java.util.concurrent.Executors$RunnableAdapter.call(Executors.java:511)
	at java.util.concurrent.FutureTask.run(FutureTask.java:266)
	at java.util.concurrent.Executors$RunnableAdapter.call(Executors.java:511)
	at java.util.concurrent.FutureTask.run(FutureTask.java:266)
	at java.util.concurrent.ThreadPoolExecutor.runWorker(ThreadPoolExecutor.java:1149)
	at java.util.concurrent.ThreadPoolExecutor$Worker.run(ThreadPoolExecutor.java:624)
	at java.lang.Thread.run(Thread.java:748)
Heap
 def new generation   total 153600K, used 34791K [0x00000000e0c00000, 0x00000000eb2a0000, 0x00000000eb2a0000)
  eden space 136576K,  25% used [0x00000000e0c00000, 0x00000000e2de8890, 0x00000000e9160000)
  from space 17024K,   0% used [0x00000000e9160000, 0x00000000e91716f8, 0x00000000ea200000)
  to   space 17024K,   0% used [0x00000000ea200000, 0x00000000ea200000, 0x00000000eb2a0000)
 tenured generation   total 341376K, used 44072K [0x00000000eb2a0000, 0x0000000100000000, 0x0000000100000000)
   the space 341376K,  12% used [0x00000000eb2a0000, 0x00000000eddaa1e8, 0x00000000eddaa200, 0x0000000100000000)
 Metaspace       used 35871K, capacity 36774K, committed 37120K, reserved 1081344K
  class space    used 4824K, capacity 5043K, committed 5120K, reserved 1048576K
