05:46:24,742 |-INFO in ch.qos.logback.classic.LoggerContext[default] - Could NOT find resource [logback-test.xml]
05:46:24,742 |-INFO in ch.qos.logback.classic.LoggerContext[default] - Could NOT find resource [logback.groovy]
05:46:24,742 |-INFO in ch.qos.logback.classic.LoggerContext[default] - Found resource [logback.xml] at [jar:file:/root/flamestream/lib/flamestream-runtime-1.0-SNAPSHOT.jar!/logback.xml]
05:46:24,747 |-WARN in ch.qos.logback.classic.LoggerContext[default] - Resource [logback.xml] occurs multiple times on the classpath.
05:46:24,747 |-WARN in ch.qos.logback.classic.LoggerContext[default] - Resource [logback.xml] occurs at [jar:file:/root/flamestream/lib/flamestream-runtime-1.0-SNAPSHOT.jar!/logback.xml]
05:46:24,747 |-WARN in ch.qos.logback.classic.LoggerContext[default] - Resource [logback.xml] occurs at [jar:file:/root/flamestream/flamestream-runtime-1.0-SNAPSHOT.jar!/logback.xml]
05:46:24,768 |-INFO in ch.qos.logback.core.joran.spi.ConfigurationWatchList@3fb6a447 - URL [jar:file:/root/flamestream/lib/flamestream-runtime-1.0-SNAPSHOT.jar!/logback.xml] is not of type file
05:46:24,837 |-INFO in ch.qos.logback.classic.joran.action.ConfigurationAction - debug attribute not set
05:46:24,838 |-INFO in ch.qos.logback.core.joran.action.AppenderAction - About to instantiate appender of type [ch.qos.logback.core.ConsoleAppender]
05:46:24,854 |-INFO in ch.qos.logback.core.joran.action.AppenderAction - Naming appender as [STDOUT]
05:46:24,873 |-INFO in ch.qos.logback.core.joran.action.NestedComplexPropertyIA - Assuming default type [ch.qos.logback.classic.encoder.PatternLayoutEncoder] for [encoder] property
05:46:24,971 |-INFO in ch.qos.logback.core.joran.action.AppenderAction - About to instantiate appender of type [ch.qos.logback.core.rolling.RollingFileAppender]
05:46:24,976 |-INFO in ch.qos.logback.core.joran.action.AppenderAction - Naming appender as [FILE]
05:46:25,012 |-INFO in c.q.l.core.rolling.TimeBasedRollingPolicy@127618319 - No compression will be used
05:46:25,014 |-INFO in c.q.l.core.rolling.TimeBasedRollingPolicy@127618319 - Will use the pattern /tmp/application_%d{yyyy-MM-dd}.%i.log for the active file
05:46:25,016 |-INFO in ch.qos.logback.core.rolling.SizeAndTimeBasedFNATP@6b2fad11 - The date pattern is 'yyyy-MM-dd' from file name pattern '/tmp/application_%d{yyyy-MM-dd}.%i.log'.
05:46:25,016 |-INFO in ch.qos.logback.core.rolling.SizeAndTimeBasedFNATP@6b2fad11 - Roll-over at midnight.
05:46:25,022 |-INFO in ch.qos.logback.core.rolling.SizeAndTimeBasedFNATP@6b2fad11 - Setting initial period to Tue Jun 11 05:45:08 UTC 2019
05:46:25,022 |-WARN in ch.qos.logback.core.rolling.SizeAndTimeBasedFNATP@6b2fad11 - SizeAndTimeBasedFNATP is deprecated. Use SizeAndTimeBasedRollingPolicy instead
05:46:25,022 |-WARN in ch.qos.logback.core.rolling.SizeAndTimeBasedFNATP@6b2fad11 - For more information see http://logback.qos.ch/manual/appenders.html#SizeAndTimeBasedRollingPolicy
05:46:25,026 |-INFO in ch.qos.logback.core.joran.action.NestedComplexPropertyIA - Assuming default type [ch.qos.logback.classic.encoder.PatternLayoutEncoder] for [encoder] property
05:46:25,030 |-INFO in ch.qos.logback.core.rolling.RollingFileAppender[FILE] - Active log file name: /tmp/application.log
05:46:25,030 |-INFO in ch.qos.logback.core.rolling.RollingFileAppender[FILE] - File property is set to [/tmp/application.log]
05:46:25,031 |-INFO in ch.qos.logback.classic.joran.action.RootLoggerAction - Setting level of ROOT logger to WARN
05:46:25,031 |-INFO in ch.qos.logback.core.joran.action.AppenderRefAction - Attaching appender named [STDOUT] to Logger[ROOT]
05:46:25,033 |-INFO in ch.qos.logback.core.joran.action.AppenderRefAction - Attaching appender named [FILE] to Logger[ROOT]
05:46:25,033 |-INFO in ch.qos.logback.classic.joran.action.ConfigurationAction - End of configuration.
05:46:25,034 |-INFO in ch.qos.logback.classic.joran.JoranConfigurator@79698539 - Registering current configuration as safe fallback point

Ama winner
Ama winner
2019-06-11T05:46:26.315+0000: 1.754: [Full GC (Metadata GC Threshold) 2019-06-11T05:46:26.315+0000: 1.754: [Tenured: 0K->15199K(341376K), 0.0399187 secs] 114987K->15199K(494976K), [Metaspace: 20724K->20724K(1067008K)], 0.0399840 secs] [Times: user=0.03 sys=0.00, real=0.04 secs] 
05:46:39.033 [Curator-PathChildrenCache-1] WARN  o.a.c.u.ZKPaths  - The version of ZooKeeper being used doesn't support Container nodes. CreateMode.PERSISTENT will be used instead.
2019-06-11T05:46:41.334+0000: 16.772: [GC (Allocation Failure) 2019-06-11T05:46:41.334+0000: 16.772: [DefNew: 136576K->17023K(153600K), 0.0262431 secs] 151775K->52707K(494976K), 0.0263123 secs] [Times: user=0.02 sys=0.01, real=0.02 secs] 
2019-06-11T05:46:42.600+0000: 18.038: [Full GC (Metadata GC Threshold) 2019-06-11T05:46:42.600+0000: 18.038: [Tenured: 35683K->44136K(341376K), 0.0606795 secs] 86500K->44136K(494976K), [Metaspace: 34509K->34509K(1079296K)], 0.0607532 secs] [Times: user=0.06 sys=0.00, real=0.06 secs] 
2019-06-11T05:46:48.252+0000: 23.691: [GC (Allocation Failure) 2019-06-11T05:46:48.252+0000: 23.691: [DefNew: 136576K->72K(153600K), 0.0018063 secs] 180712K->44208K(494976K), 0.0018662 secs] [Times: user=0.00 sys=0.00, real=0.00 secs] 
2019-06-11T05:46:53.774+0000: 29.213: [GC (Allocation Failure) 2019-06-11T05:46:53.775+0000: 29.213: [DefNew: 136648K->71K(153600K), 0.0017907 secs] 180784K->44207K(494976K), 0.0018647 secs] [Times: user=0.00 sys=0.00, real=0.00 secs] 
2019-06-11T05:46:59.378+0000: 34.817: [GC (Allocation Failure) 2019-06-11T05:46:59.378+0000: 34.817: [DefNew: 136647K->68K(153600K), 0.0016687 secs] 180783K->44205K(494976K), 0.0017286 secs] [Times: user=0.00 sys=0.00, real=0.00 secs] 
2019-06-11T05:47:05.024+0000: 40.462: [GC (Allocation Failure) 2019-06-11T05:47:05.024+0000: 40.462: [DefNew: 136644K->73K(153600K), 0.0017983 secs] 180781K->44210K(494976K), 0.0018714 secs] [Times: user=0.00 sys=0.00, real=0.00 secs] 
2019-06-11T05:47:14.329+0000: 49.767: [GC (Allocation Failure) 2019-06-11T05:47:14.329+0000: 49.767: [DefNew: 136649K->70K(153600K), 0.0017328 secs] 180786K->44207K(494976K), 0.0017962 secs] [Times: user=0.00 sys=0.00, real=0.00 secs] 
05:47:16.504 [Curator-PathChildrenCache-0] ERROR o.a.c.f.r.c.PathChildrenCache  - 
java.lang.IllegalStateException: instance must be started before calling this method
	at org.apache.curator.shaded.com.google.common.base.Preconditions.checkState(Preconditions.java:444)
	at org.apache.curator.framework.imps.CuratorFrameworkImpl.getChildren(CuratorFrameworkImpl.java:456)
	at org.apache.curator.framework.recipes.cache.PathChildrenCache.refresh(PathChildrenCache.java:521)
	at org.apache.curator.framework.recipes.cache.RefreshOperation.invoke(RefreshOperation.java:35)
	at org.apache.curator.framework.recipes.cache.PathChildrenCache$9.run(PathChildrenCache.java:786)
	at java.util.concurrent.Executors$RunnableAdapter.call(Executors.java:511)
	at java.util.concurrent.FutureTask.run(FutureTask.java:266)
	at java.util.concurrent.Executors$RunnableAdapter.call(Executors.java:511)
	at java.util.concurrent.FutureTask.run(FutureTask.java:266)
	at java.util.concurrent.ThreadPoolExecutor.runWorker(ThreadPoolExecutor.java:1149)
	at java.util.concurrent.ThreadPoolExecutor$Worker.run(ThreadPoolExecutor.java:624)
	at java.lang.Thread.run(Thread.java:748)
Heap
 def new generation   total 153600K, used 27252K [0x00000000e0c00000, 0x00000000eb2a0000, 0x00000000eb2a0000)
  eden space 136576K,  19% used [0x00000000e0c00000, 0x00000000e268b820, 0x00000000e9160000)
  from space 17024K,   0% used [0x00000000e9160000, 0x00000000e9171ae0, 0x00000000ea200000)
  to   space 17024K,   0% used [0x00000000ea200000, 0x00000000ea200000, 0x00000000eb2a0000)
 tenured generation   total 341376K, used 44136K [0x00000000eb2a0000, 0x0000000100000000, 0x0000000100000000)
   the space 341376K,  12% used [0x00000000eb2a0000, 0x00000000eddba208, 0x00000000eddba400, 0x0000000100000000)
 Metaspace       used 35701K, capacity 36646K, committed 36864K, reserved 1081344K
  class space    used 4826K, capacity 5043K, committed 5120K, reserved 1048576K
