18:55:28,945 |-INFO in ch.qos.logback.classic.LoggerContext[default] - Could NOT find resource [logback-test.xml]
18:55:28,946 |-INFO in ch.qos.logback.classic.LoggerContext[default] - Could NOT find resource [logback.groovy]
18:55:28,946 |-INFO in ch.qos.logback.classic.LoggerContext[default] - Found resource [logback.xml] at [jar:file:/root/flamestream/lib/flamestream-runtime-1.0-SNAPSHOT.jar!/logback.xml]
18:55:28,951 |-WARN in ch.qos.logback.classic.LoggerContext[default] - Resource [logback.xml] occurs multiple times on the classpath.
18:55:28,951 |-WARN in ch.qos.logback.classic.LoggerContext[default] - Resource [logback.xml] occurs at [jar:file:/root/flamestream/lib/flamestream-runtime-1.0-SNAPSHOT.jar!/logback.xml]
18:55:28,951 |-WARN in ch.qos.logback.classic.LoggerContext[default] - Resource [logback.xml] occurs at [jar:file:/root/flamestream/flamestream-runtime-1.0-SNAPSHOT.jar!/logback.xml]
18:55:28,971 |-INFO in ch.qos.logback.core.joran.spi.ConfigurationWatchList@3fb6a447 - URL [jar:file:/root/flamestream/lib/flamestream-runtime-1.0-SNAPSHOT.jar!/logback.xml] is not of type file
18:55:29,044 |-INFO in ch.qos.logback.classic.joran.action.ConfigurationAction - debug attribute not set
18:55:29,045 |-INFO in ch.qos.logback.core.joran.action.AppenderAction - About to instantiate appender of type [ch.qos.logback.core.ConsoleAppender]
18:55:29,061 |-INFO in ch.qos.logback.core.joran.action.AppenderAction - Naming appender as [STDOUT]
18:55:29,083 |-INFO in ch.qos.logback.core.joran.action.NestedComplexPropertyIA - Assuming default type [ch.qos.logback.classic.encoder.PatternLayoutEncoder] for [encoder] property
18:55:29,162 |-INFO in ch.qos.logback.core.joran.action.AppenderAction - About to instantiate appender of type [ch.qos.logback.core.rolling.RollingFileAppender]
18:55:29,167 |-INFO in ch.qos.logback.core.joran.action.AppenderAction - Naming appender as [FILE]
18:55:29,198 |-INFO in c.q.l.core.rolling.TimeBasedRollingPolicy@127618319 - No compression will be used
18:55:29,200 |-INFO in c.q.l.core.rolling.TimeBasedRollingPolicy@127618319 - Will use the pattern /tmp/application_%d{yyyy-MM-dd}.%i.log for the active file
18:55:29,203 |-INFO in ch.qos.logback.core.rolling.SizeAndTimeBasedFNATP@6b2fad11 - The date pattern is 'yyyy-MM-dd' from file name pattern '/tmp/application_%d{yyyy-MM-dd}.%i.log'.
18:55:29,203 |-INFO in ch.qos.logback.core.rolling.SizeAndTimeBasedFNATP@6b2fad11 - Roll-over at midnight.
18:55:29,208 |-INFO in ch.qos.logback.core.rolling.SizeAndTimeBasedFNATP@6b2fad11 - Setting initial period to Mon Jun 10 18:53:52 UTC 2019
18:55:29,208 |-WARN in ch.qos.logback.core.rolling.SizeAndTimeBasedFNATP@6b2fad11 - SizeAndTimeBasedFNATP is deprecated. Use SizeAndTimeBasedRollingPolicy instead
18:55:29,208 |-WARN in ch.qos.logback.core.rolling.SizeAndTimeBasedFNATP@6b2fad11 - For more information see http://logback.qos.ch/manual/appenders.html#SizeAndTimeBasedRollingPolicy
18:55:29,212 |-INFO in ch.qos.logback.core.joran.action.NestedComplexPropertyIA - Assuming default type [ch.qos.logback.classic.encoder.PatternLayoutEncoder] for [encoder] property
18:55:29,217 |-INFO in ch.qos.logback.core.rolling.RollingFileAppender[FILE] - Active log file name: /tmp/application.log
18:55:29,217 |-INFO in ch.qos.logback.core.rolling.RollingFileAppender[FILE] - File property is set to [/tmp/application.log]
18:55:29,218 |-INFO in ch.qos.logback.classic.joran.action.RootLoggerAction - Setting level of ROOT logger to WARN
18:55:29,218 |-INFO in ch.qos.logback.core.joran.action.AppenderRefAction - Attaching appender named [STDOUT] to Logger[ROOT]
18:55:29,220 |-INFO in ch.qos.logback.core.joran.action.AppenderRefAction - Attaching appender named [FILE] to Logger[ROOT]
18:55:29,220 |-INFO in ch.qos.logback.classic.joran.action.ConfigurationAction - End of configuration.
18:55:29,221 |-INFO in ch.qos.logback.classic.joran.JoranConfigurator@79698539 - Registering current configuration as safe fallback point

Ama winner
Ama winner
2019-06-10T18:55:30.539+0000: 1.781: [Full GC (Metadata GC Threshold) 2019-06-10T18:55:30.539+0000: 1.781: [Tenured: 0K->15210K(341376K), 0.0393694 secs] 114987K->15210K(494976K), [Metaspace: 20737K->20737K(1067008K)], 0.0394428 secs] [Times: user=0.04 sys=0.00, real=0.04 secs] 
18:55:51.308 [Curator-PathChildrenCache-1] WARN  o.a.c.u.ZKPaths  - The version of ZooKeeper being used doesn't support Container nodes. CreateMode.PERSISTENT will be used instead.
2019-06-10T18:55:53.368+0000: 24.610: [GC (Allocation Failure) 2019-06-10T18:55:53.368+0000: 24.610: [DefNew: 136576K->17023K(153600K), 0.0248137 secs] 151786K->52641K(494976K), 0.0248950 secs] [Times: user=0.01 sys=0.01, real=0.03 secs] 
2019-06-10T18:55:55.071+0000: 26.314: [Full GC (Metadata GC Threshold) 2019-06-10T18:55:55.071+0000: 26.314: [Tenured: 35617K->44289K(341376K), 0.0433104 secs] 93769K->44289K(494976K), [Metaspace: 34600K->34600K(1079296K)], 0.0433887 secs] [Times: user=0.04 sys=0.00, real=0.04 secs] 
2019-06-10T18:56:00.812+0000: 32.054: [GC (Allocation Failure) 2019-06-10T18:56:00.812+0000: 32.054: [DefNew: 136576K->68K(153600K), 0.0018050 secs] 180865K->44358K(494976K), 0.0018672 secs] [Times: user=0.00 sys=0.00, real=0.00 secs] 
2019-06-10T18:56:06.440+0000: 37.682: [GC (Allocation Failure) 2019-06-10T18:56:06.440+0000: 37.682: [DefNew: 136644K->69K(153600K), 0.0017180 secs] 180934K->44359K(494976K), 0.0017891 secs] [Times: user=0.00 sys=0.01, real=0.00 secs] 
2019-06-10T18:56:12.094+0000: 43.337: [GC (Allocation Failure) 2019-06-10T18:56:12.095+0000: 43.337: [DefNew: 136645K->72K(153600K), 0.0016820 secs] 180935K->44362K(494976K), 0.0017429 secs] [Times: user=0.01 sys=0.00, real=0.00 secs] 
2019-06-10T18:56:17.650+0000: 48.892: [GC (Allocation Failure) 2019-06-10T18:56:17.650+0000: 48.892: [DefNew: 136648K->75K(153600K), 0.0017044 secs] 180938K->44364K(494976K), 0.0017642 secs] [Times: user=0.00 sys=0.00, real=0.00 secs] 
2019-06-10T18:56:28.618+0000: 59.860: [GC (Allocation Failure) 2019-06-10T18:56:28.618+0000: 59.860: [DefNew: 136651K->72K(153600K), 0.0018884 secs] 180940K->44362K(494976K), 0.0019528 secs] [Times: user=0.00 sys=0.00, real=0.00 secs] 
18:56:32.820 [Curator-PathChildrenCache-0] ERROR o.a.c.f.r.c.PathChildrenCache  - 
java.lang.IllegalStateException: instance must be started before calling this method
	at org.apache.curator.shaded.com.google.common.base.Preconditions.checkState(Preconditions.java:444)
	at org.apache.curator.framework.imps.CuratorFrameworkImpl.getChildren(CuratorFrameworkImpl.java:456)
	at org.apache.curator.framework.recipes.cache.PathChildrenCache.refresh(PathChildrenCache.java:521)
	at org.apache.curator.framework.recipes.cache.RefreshOperation.invoke(RefreshOperation.java:35)
	at org.apache.curator.framework.recipes.cache.PathChildrenCache$9.run(PathChildrenCache.java:786)
	at java.util.concurrent.Executors$RunnableAdapter.call(Executors.java:511)
	at java.util.concurrent.FutureTask.run(FutureTask.java:266)
	at java.util.concurrent.Executors$RunnableAdapter.call(Executors.java:511)
	at java.util.concurrent.FutureTask.run(FutureTask.java:266)
	at java.util.concurrent.ThreadPoolExecutor.runWorker(ThreadPoolExecutor.java:1149)
	at java.util.concurrent.ThreadPoolExecutor$Worker.run(ThreadPoolExecutor.java:624)
	at java.lang.Thread.run(Thread.java:748)
Heap
 def new generation   total 153600K, used 34584K [0x00000000e0c00000, 0x00000000eb2a0000, 0x00000000eb2a0000)
  eden space 136576K,  25% used [0x00000000e0c00000, 0x00000000e2db4208, 0x00000000e9160000)
  from space 17024K,   0% used [0x00000000e9160000, 0x00000000e9172158, 0x00000000ea200000)
  to   space 17024K,   0% used [0x00000000ea200000, 0x00000000ea200000, 0x00000000eb2a0000)
 tenured generation   total 341376K, used 44289K [0x00000000eb2a0000, 0x0000000100000000, 0x0000000100000000)
   the space 341376K,  12% used [0x00000000eb2a0000, 0x00000000edde06e8, 0x00000000edde0800, 0x0000000100000000)
 Metaspace       used 36146K, capacity 37058K, committed 37376K, reserved 1081344K
  class space    used 4875K, capacity 5085K, committed 5120K, reserved 1048576K
