16:53:53,393 |-INFO in ch.qos.logback.classic.LoggerContext[default] - Could NOT find resource [logback-test.xml]
16:53:53,393 |-INFO in ch.qos.logback.classic.LoggerContext[default] - Could NOT find resource [logback.groovy]
16:53:53,393 |-INFO in ch.qos.logback.classic.LoggerContext[default] - Found resource [logback.xml] at [jar:file:/root/flamestream/lib/flamestream-runtime-1.0-SNAPSHOT.jar!/logback.xml]
16:53:53,394 |-WARN in ch.qos.logback.classic.LoggerContext[default] - Resource [logback.xml] occurs multiple times on the classpath.
16:53:53,394 |-WARN in ch.qos.logback.classic.LoggerContext[default] - Resource [logback.xml] occurs at [jar:file:/root/flamestream/lib/flamestream-runtime-1.0-SNAPSHOT.jar!/logback.xml]
16:53:53,394 |-WARN in ch.qos.logback.classic.LoggerContext[default] - Resource [logback.xml] occurs at [jar:file:/root/flamestream/flamestream-runtime-1.0-SNAPSHOT.jar!/logback.xml]
16:53:53,414 |-INFO in ch.qos.logback.core.joran.spi.ConfigurationWatchList@3fb6a447 - URL [jar:file:/root/flamestream/lib/flamestream-runtime-1.0-SNAPSHOT.jar!/logback.xml] is not of type file
16:53:53,481 |-INFO in ch.qos.logback.classic.joran.action.ConfigurationAction - debug attribute not set
16:53:53,482 |-INFO in ch.qos.logback.core.joran.action.AppenderAction - About to instantiate appender of type [ch.qos.logback.core.ConsoleAppender]
16:53:53,497 |-INFO in ch.qos.logback.core.joran.action.AppenderAction - Naming appender as [STDOUT]
16:53:53,517 |-INFO in ch.qos.logback.core.joran.action.NestedComplexPropertyIA - Assuming default type [ch.qos.logback.classic.encoder.PatternLayoutEncoder] for [encoder] property
16:53:53,600 |-INFO in ch.qos.logback.core.joran.action.AppenderAction - About to instantiate appender of type [ch.qos.logback.core.rolling.RollingFileAppender]
16:53:53,605 |-INFO in ch.qos.logback.core.joran.action.AppenderAction - Naming appender as [FILE]
16:53:53,635 |-INFO in c.q.l.core.rolling.TimeBasedRollingPolicy@127618319 - No compression will be used
16:53:53,636 |-INFO in c.q.l.core.rolling.TimeBasedRollingPolicy@127618319 - Will use the pattern /tmp/application_%d{yyyy-MM-dd}.%i.log for the active file
16:53:53,639 |-INFO in ch.qos.logback.core.rolling.SizeAndTimeBasedFNATP@6b2fad11 - The date pattern is 'yyyy-MM-dd' from file name pattern '/tmp/application_%d{yyyy-MM-dd}.%i.log'.
16:53:53,639 |-INFO in ch.qos.logback.core.rolling.SizeAndTimeBasedFNATP@6b2fad11 - Roll-over at midnight.
16:53:53,644 |-INFO in ch.qos.logback.core.rolling.SizeAndTimeBasedFNATP@6b2fad11 - Setting initial period to Mon Jun 10 16:52:23 UTC 2019
16:53:53,644 |-WARN in ch.qos.logback.core.rolling.SizeAndTimeBasedFNATP@6b2fad11 - SizeAndTimeBasedFNATP is deprecated. Use SizeAndTimeBasedRollingPolicy instead
16:53:53,644 |-WARN in ch.qos.logback.core.rolling.SizeAndTimeBasedFNATP@6b2fad11 - For more information see http://logback.qos.ch/manual/appenders.html#SizeAndTimeBasedRollingPolicy
16:53:53,648 |-INFO in ch.qos.logback.core.joran.action.NestedComplexPropertyIA - Assuming default type [ch.qos.logback.classic.encoder.PatternLayoutEncoder] for [encoder] property
16:53:53,653 |-INFO in ch.qos.logback.core.rolling.RollingFileAppender[FILE] - Active log file name: /tmp/application.log
16:53:53,653 |-INFO in ch.qos.logback.core.rolling.RollingFileAppender[FILE] - File property is set to [/tmp/application.log]
16:53:53,654 |-INFO in ch.qos.logback.classic.joran.action.RootLoggerAction - Setting level of ROOT logger to WARN
16:53:53,654 |-INFO in ch.qos.logback.core.joran.action.AppenderRefAction - Attaching appender named [STDOUT] to Logger[ROOT]
16:53:53,656 |-INFO in ch.qos.logback.core.joran.action.AppenderRefAction - Attaching appender named [FILE] to Logger[ROOT]
16:53:53,656 |-INFO in ch.qos.logback.classic.joran.action.ConfigurationAction - End of configuration.
16:53:53,657 |-INFO in ch.qos.logback.classic.joran.JoranConfigurator@79698539 - Registering current configuration as safe fallback point

Ama winner
Ama winner
2019-06-10T16:53:54.928+0000: 1.719: [Full GC (Metadata GC Threshold) 2019-06-10T16:53:54.928+0000: 1.719: [Tenured: 0K->15208K(341376K), 0.0395433 secs] 114987K->15208K(494976K), [Metaspace: 20737K->20737K(1067008K)], 0.0396115 secs] [Times: user=0.04 sys=0.00, real=0.04 secs] 
16:54:15.888 [Curator-PathChildrenCache-2] WARN  o.a.c.u.ZKPaths  - The version of ZooKeeper being used doesn't support Container nodes. CreateMode.PERSISTENT will be used instead.
2019-06-10T16:54:17.910+0000: 24.702: [GC (Allocation Failure) 2019-06-10T16:54:17.911+0000: 24.702: [DefNew: 117557K->17023K(153600K), 0.0183277 secs] 132766K->33144K(494976K), 0.0184022 secs] [Times: user=0.01 sys=0.00, real=0.02 secs] 
2019-06-10T16:54:18.709+0000: 25.500: [Full GC (Metadata GC Threshold) 2019-06-10T16:54:18.709+0000: 25.500: [Tenured: 16120K->44416K(341376K), 0.0647377 secs] 76088K->44416K(494976K), [Metaspace: 34624K->34624K(1079296K)], 0.0648178 secs] [Times: user=0.05 sys=0.01, real=0.07 secs] 
2019-06-10T16:54:21.063+0000: 27.855: [GC (Allocation Failure) 2019-06-10T16:54:21.063+0000: 27.855: [DefNew: 136576K->176K(153600K), 0.0021346 secs] 180992K->44593K(494976K), 0.0021932 secs] [Times: user=0.00 sys=0.00, real=0.00 secs] 
2019-06-10T16:54:23.200+0000: 29.991: [GC (Allocation Failure) 2019-06-10T16:54:23.200+0000: 29.991: [DefNew: 136752K->192K(153600K), 0.0019520 secs] 181169K->44609K(494976K), 0.0020133 secs] [Times: user=0.00 sys=0.00, real=0.00 secs] 
2019-06-10T16:54:25.417+0000: 32.209: [GC (Allocation Failure) 2019-06-10T16:54:25.417+0000: 32.209: [DefNew: 136768K->197K(153600K), 0.0020040 secs] 181185K->44614K(494976K), 0.0020621 secs] [Times: user=0.01 sys=0.00, real=0.01 secs] 
2019-06-10T16:54:27.643+0000: 34.434: [GC (Allocation Failure) 2019-06-10T16:54:27.643+0000: 34.434: [DefNew: 136773K->203K(153600K), 0.0019568 secs] 181190K->44620K(494976K), 0.0020292 secs] [Times: user=0.01 sys=0.00, real=0.00 secs] 
2019-06-10T16:54:29.864+0000: 36.656: [GC (Allocation Failure) 2019-06-10T16:54:29.864+0000: 36.656: [DefNew: 136779K->207K(153600K), 0.0020611 secs] 181196K->44624K(494976K), 0.0021304 secs] [Times: user=0.00 sys=0.00, real=0.00 secs] 
2019-06-10T16:54:40.287+0000: 47.078: [GC (Allocation Failure) 2019-06-10T16:54:40.287+0000: 47.078: [DefNew: 136783K->435K(153600K), 0.0038992 secs] 181200K->44852K(494976K), 0.0039775 secs] [Times: user=0.00 sys=0.00, real=0.00 secs] 
16:54:40.323 [Curator-PathChildrenCache-0] ERROR o.a.c.f.r.c.PathChildrenCache  - 
java.lang.IllegalStateException: instance must be started before calling this method
	at org.apache.curator.shaded.com.google.common.base.Preconditions.checkState(Preconditions.java:444)
	at org.apache.curator.framework.imps.CuratorFrameworkImpl.getChildren(CuratorFrameworkImpl.java:456)
	at org.apache.curator.framework.recipes.cache.PathChildrenCache.refresh(PathChildrenCache.java:521)
	at org.apache.curator.framework.recipes.cache.RefreshOperation.invoke(RefreshOperation.java:35)
	at org.apache.curator.framework.recipes.cache.PathChildrenCache$9.run(PathChildrenCache.java:786)
	at java.util.concurrent.Executors$RunnableAdapter.call(Executors.java:511)
	at java.util.concurrent.FutureTask.run(FutureTask.java:266)
	at java.util.concurrent.Executors$RunnableAdapter.call(Executors.java:511)
	at java.util.concurrent.FutureTask.run(FutureTask.java:266)
	at java.util.concurrent.ThreadPoolExecutor.runWorker(ThreadPoolExecutor.java:1149)
	at java.util.concurrent.ThreadPoolExecutor$Worker.run(ThreadPoolExecutor.java:624)
	at java.lang.Thread.run(Thread.java:748)
Heap
 def new generation   total 153600K, used 23133K [0x00000000e0c00000, 0x00000000eb2a0000, 0x00000000eb2a0000)
  eden space 136576K,  16% used [0x00000000e0c00000, 0x00000000e222a5d8, 0x00000000e9160000)
  from space 17024K,   2% used [0x00000000ea200000, 0x00000000ea26cf80, 0x00000000eb2a0000)
  to   space 17024K,   0% used [0x00000000e9160000, 0x00000000e9160000, 0x00000000ea200000)
 tenured generation   total 341376K, used 44416K [0x00000000eb2a0000, 0x0000000100000000, 0x0000000100000000)
   the space 341376K,  13% used [0x00000000eb2a0000, 0x00000000ede003e8, 0x00000000ede00400, 0x0000000100000000)
 Metaspace       used 35884K, capacity 36808K, committed 37120K, reserved 1081344K
  class space    used 4857K, capacity 5060K, committed 5120K, reserved 1048576K
