14:56:09,578 |-INFO in ch.qos.logback.classic.LoggerContext[default] - Could NOT find resource [logback-test.xml]
14:56:09,578 |-INFO in ch.qos.logback.classic.LoggerContext[default] - Could NOT find resource [logback.groovy]
14:56:09,578 |-INFO in ch.qos.logback.classic.LoggerContext[default] - Found resource [logback.xml] at [jar:file:/root/flamestream/lib/flamestream-runtime-1.0-SNAPSHOT.jar!/logback.xml]
14:56:09,578 |-WARN in ch.qos.logback.classic.LoggerContext[default] - Resource [logback.xml] occurs multiple times on the classpath.
14:56:09,578 |-WARN in ch.qos.logback.classic.LoggerContext[default] - Resource [logback.xml] occurs at [jar:file:/root/flamestream/lib/flamestream-runtime-1.0-SNAPSHOT.jar!/logback.xml]
14:56:09,578 |-WARN in ch.qos.logback.classic.LoggerContext[default] - Resource [logback.xml] occurs at [jar:file:/root/flamestream/flamestream-runtime-1.0-SNAPSHOT.jar!/logback.xml]
14:56:09,601 |-INFO in ch.qos.logback.core.joran.spi.ConfigurationWatchList@3fb6a447 - URL [jar:file:/root/flamestream/lib/flamestream-runtime-1.0-SNAPSHOT.jar!/logback.xml] is not of type file
14:56:09,673 |-INFO in ch.qos.logback.classic.joran.action.ConfigurationAction - debug attribute not set
14:56:09,674 |-INFO in ch.qos.logback.core.joran.action.AppenderAction - About to instantiate appender of type [ch.qos.logback.core.ConsoleAppender]
14:56:09,689 |-INFO in ch.qos.logback.core.joran.action.AppenderAction - Naming appender as [STDOUT]
14:56:09,709 |-INFO in ch.qos.logback.core.joran.action.NestedComplexPropertyIA - Assuming default type [ch.qos.logback.classic.encoder.PatternLayoutEncoder] for [encoder] property
14:56:09,785 |-INFO in ch.qos.logback.core.joran.action.AppenderAction - About to instantiate appender of type [ch.qos.logback.core.rolling.RollingFileAppender]
14:56:09,790 |-INFO in ch.qos.logback.core.joran.action.AppenderAction - Naming appender as [FILE]
14:56:09,821 |-INFO in c.q.l.core.rolling.TimeBasedRollingPolicy@127618319 - No compression will be used
14:56:09,823 |-INFO in c.q.l.core.rolling.TimeBasedRollingPolicy@127618319 - Will use the pattern /tmp/application_%d{yyyy-MM-dd}.%i.log for the active file
14:56:09,826 |-INFO in ch.qos.logback.core.rolling.SizeAndTimeBasedFNATP@6b2fad11 - The date pattern is 'yyyy-MM-dd' from file name pattern '/tmp/application_%d{yyyy-MM-dd}.%i.log'.
14:56:09,826 |-INFO in ch.qos.logback.core.rolling.SizeAndTimeBasedFNATP@6b2fad11 - Roll-over at midnight.
14:56:09,831 |-INFO in ch.qos.logback.core.rolling.SizeAndTimeBasedFNATP@6b2fad11 - Setting initial period to Mon Jun 10 14:54:53 UTC 2019
14:56:09,831 |-WARN in ch.qos.logback.core.rolling.SizeAndTimeBasedFNATP@6b2fad11 - SizeAndTimeBasedFNATP is deprecated. Use SizeAndTimeBasedRollingPolicy instead
14:56:09,831 |-WARN in ch.qos.logback.core.rolling.SizeAndTimeBasedFNATP@6b2fad11 - For more information see http://logback.qos.ch/manual/appenders.html#SizeAndTimeBasedRollingPolicy
14:56:09,835 |-INFO in ch.qos.logback.core.joran.action.NestedComplexPropertyIA - Assuming default type [ch.qos.logback.classic.encoder.PatternLayoutEncoder] for [encoder] property
14:56:09,839 |-INFO in ch.qos.logback.core.rolling.RollingFileAppender[FILE] - Active log file name: /tmp/application.log
14:56:09,839 |-INFO in ch.qos.logback.core.rolling.RollingFileAppender[FILE] - File property is set to [/tmp/application.log]
14:56:09,840 |-INFO in ch.qos.logback.classic.joran.action.RootLoggerAction - Setting level of ROOT logger to WARN
14:56:09,840 |-INFO in ch.qos.logback.core.joran.action.AppenderRefAction - Attaching appender named [STDOUT] to Logger[ROOT]
14:56:09,842 |-INFO in ch.qos.logback.core.joran.action.AppenderRefAction - Attaching appender named [FILE] to Logger[ROOT]
14:56:09,842 |-INFO in ch.qos.logback.classic.joran.action.ConfigurationAction - End of configuration.
14:56:09,843 |-INFO in ch.qos.logback.classic.joran.JoranConfigurator@79698539 - Registering current configuration as safe fallback point

Ama winner
Ama winner
2019-06-10T14:56:11.413+0000: 2.014: [Full GC (Metadata GC Threshold) 2019-06-10T14:56:11.413+0000: 2.014: [Tenured: 0K->15176K(341376K), 0.0373579 secs] 117783K->15176K(494976K), [Metaspace: 20731K->20731K(1067008K)], 0.0374245 secs] [Times: user=0.03 sys=0.01, real=0.03 secs] 
14:56:28.559 [Curator-PathChildrenCache-1] WARN  o.a.c.u.ZKPaths  - The version of ZooKeeper being used doesn't support Container nodes. CreateMode.PERSISTENT will be used instead.
2019-06-10T14:56:31.039+0000: 21.640: [GC (Allocation Failure) 2019-06-10T14:56:31.039+0000: 21.640: [DefNew: 136576K->17023K(153600K), 0.0263462 secs] 151752K->52689K(494976K), 0.0264263 secs] [Times: user=0.03 sys=0.00, real=0.02 secs] 
2019-06-10T14:56:32.413+0000: 23.013: [Full GC (Metadata GC Threshold) 2019-06-10T14:56:32.413+0000: 23.013: [Tenured: 35665K->44384K(341376K), 0.0500598 secs] 86199K->44384K(494976K), [Metaspace: 34601K->34601K(1079296K)], 0.0501546 secs] [Times: user=0.04 sys=0.00, real=0.05 secs] 
2019-06-10T14:56:39.678+0000: 30.279: [GC (Allocation Failure) 2019-06-10T14:56:39.678+0000: 30.279: [DefNew: 136576K->74K(153600K), 0.0018895 secs] 180960K->44458K(494976K), 0.0019459 secs] [Times: user=0.00 sys=0.00, real=0.01 secs] 
2019-06-10T14:56:46.956+0000: 37.556: [GC (Allocation Failure) 2019-06-10T14:56:46.956+0000: 37.556: [DefNew: 136650K->68K(153600K), 0.0017301 secs] 181034K->44452K(494976K), 0.0017928 secs] [Times: user=0.00 sys=0.00, real=0.00 secs] 
2019-06-10T14:56:54.054+0000: 44.655: [GC (Allocation Failure) 2019-06-10T14:56:54.055+0000: 44.655: [DefNew: 136644K->68K(153600K), 0.0017271 secs] 181028K->44453K(494976K), 0.0017949 secs] [Times: user=0.00 sys=0.00, real=0.00 secs] 
2019-06-10T14:57:01.109+0000: 51.710: [GC (Allocation Failure) 2019-06-10T14:57:01.109+0000: 51.710: [DefNew: 136644K->77K(153600K), 0.0018285 secs] 181029K->44461K(494976K), 0.0018923 secs] [Times: user=0.00 sys=0.00, real=0.01 secs] 
2019-06-10T14:57:08.250+0000: 58.851: [GC (Allocation Failure) 2019-06-10T14:57:08.250+0000: 58.851: [DefNew: 136653K->73K(153600K), 0.0018159 secs] 181037K->44457K(494976K), 0.0018772 secs] [Times: user=0.01 sys=0.00, real=0.01 secs] 
14:57:19.923 [Curator-PathChildrenCache-0] ERROR o.a.c.f.r.c.PathChildrenCache  - 
java.lang.IllegalStateException: instance must be started before calling this method
	at org.apache.curator.shaded.com.google.common.base.Preconditions.checkState(Preconditions.java:444)
	at org.apache.curator.framework.imps.CuratorFrameworkImpl.getChildren(CuratorFrameworkImpl.java:456)
	at org.apache.curator.framework.recipes.cache.PathChildrenCache.refresh(PathChildrenCache.java:521)
	at org.apache.curator.framework.recipes.cache.RefreshOperation.invoke(RefreshOperation.java:35)
	at org.apache.curator.framework.recipes.cache.PathChildrenCache$9.run(PathChildrenCache.java:786)
	at java.util.concurrent.Executors$RunnableAdapter.call(Executors.java:511)
	at java.util.concurrent.FutureTask.run(FutureTask.java:266)
	at java.util.concurrent.Executors$RunnableAdapter.call(Executors.java:511)
	at java.util.concurrent.FutureTask.run(FutureTask.java:266)
	at java.util.concurrent.ThreadPoolExecutor.runWorker(ThreadPoolExecutor.java:1149)
	at java.util.concurrent.ThreadPoolExecutor$Worker.run(ThreadPoolExecutor.java:624)
	at java.lang.Thread.run(Thread.java:748)
Heap
 def new generation   total 153600K, used 120941K [0x00000000e0c00000, 0x00000000eb2a0000, 0x00000000eb2a0000)
  eden space 136576K,  88% used [0x00000000e0c00000, 0x00000000e8209190, 0x00000000e9160000)
  from space 17024K,   0% used [0x00000000e9160000, 0x00000000e91724f0, 0x00000000ea200000)
  to   space 17024K,   0% used [0x00000000ea200000, 0x00000000ea200000, 0x00000000eb2a0000)
 tenured generation   total 341376K, used 44384K [0x00000000eb2a0000, 0x0000000100000000, 0x0000000100000000)
   the space 341376K,  13% used [0x00000000eb2a0000, 0x00000000eddf8228, 0x00000000eddf8400, 0x0000000100000000)
 Metaspace       used 36221K, capacity 37126K, committed 37376K, reserved 1081344K
  class space    used 4868K, capacity 5075K, committed 5120K, reserved 1048576K
