04:47:48,039 |-INFO in ch.qos.logback.classic.LoggerContext[default] - Could NOT find resource [logback-test.xml]
04:47:48,039 |-INFO in ch.qos.logback.classic.LoggerContext[default] - Could NOT find resource [logback.groovy]
04:47:48,039 |-INFO in ch.qos.logback.classic.LoggerContext[default] - Found resource [logback.xml] at [jar:file:/home/nikitasokolov/flamestream/lib/flamestream-runtime-1.0-SNAPSHOT.jar!/logback.xml]
04:47:48,040 |-WARN in ch.qos.logback.classic.LoggerContext[default] - Resource [logback.xml] occurs multiple times on the classpath.
04:47:48,040 |-WARN in ch.qos.logback.classic.LoggerContext[default] - Resource [logback.xml] occurs at [jar:file:/home/nikitasokolov/flamestream/lib/flamestream-runtime-1.0-SNAPSHOT.jar!/logback.xml]
04:47:48,040 |-WARN in ch.qos.logback.classic.LoggerContext[default] - Resource [logback.xml] occurs at [jar:file:/home/nikitasokolov/flamestream/flamestream-runtime-1.0-SNAPSHOT.jar!/logback.xml]
04:47:48,057 |-INFO in ch.qos.logback.core.joran.spi.ConfigurationWatchList@6108b2d7 - URL [jar:file:/home/nikitasokolov/flamestream/lib/flamestream-runtime-1.0-SNAPSHOT.jar!/logback.xml] is not of type file
04:47:48,106 |-INFO in ch.qos.logback.classic.joran.action.ConfigurationAction - debug attribute not set
04:47:48,107 |-INFO in ch.qos.logback.core.joran.action.AppenderAction - About to instantiate appender of type [ch.qos.logback.core.ConsoleAppender]
04:47:48,115 |-INFO in ch.qos.logback.core.joran.action.AppenderAction - Naming appender as [STDOUT]
04:47:48,124 |-INFO in ch.qos.logback.core.joran.action.NestedComplexPropertyIA - Assuming default type [ch.qos.logback.classic.encoder.PatternLayoutEncoder] for [encoder] property
04:47:48,182 |-INFO in ch.qos.logback.core.joran.action.AppenderAction - About to instantiate appender of type [ch.qos.logback.core.rolling.RollingFileAppender]
04:47:48,187 |-INFO in ch.qos.logback.core.joran.action.AppenderAction - Naming appender as [FILE]
04:47:48,209 |-INFO in c.q.l.core.rolling.TimeBasedRollingPolicy@357863579 - No compression will be used
04:47:48,211 |-INFO in c.q.l.core.rolling.TimeBasedRollingPolicy@357863579 - Will use the pattern /tmp/application_%d{yyyy-MM-dd}.%i.log for the active file
04:47:48,213 |-INFO in ch.qos.logback.core.rolling.SizeAndTimeBasedFNATP@6bf256fa - The date pattern is 'yyyy-MM-dd' from file name pattern '/tmp/application_%d{yyyy-MM-dd}.%i.log'.
04:47:48,213 |-INFO in ch.qos.logback.core.rolling.SizeAndTimeBasedFNATP@6bf256fa - Roll-over at midnight.
04:47:48,217 |-INFO in ch.qos.logback.core.rolling.SizeAndTimeBasedFNATP@6bf256fa - Setting initial period to Sun Jun 09 04:47:01 MSK 2019
04:47:48,217 |-WARN in ch.qos.logback.core.rolling.SizeAndTimeBasedFNATP@6bf256fa - SizeAndTimeBasedFNATP is deprecated. Use SizeAndTimeBasedRollingPolicy instead
04:47:48,217 |-WARN in ch.qos.logback.core.rolling.SizeAndTimeBasedFNATP@6bf256fa - For more information see http://logback.qos.ch/manual/appenders.html#SizeAndTimeBasedRollingPolicy
04:47:48,222 |-INFO in ch.qos.logback.core.joran.action.NestedComplexPropertyIA - Assuming default type [ch.qos.logback.classic.encoder.PatternLayoutEncoder] for [encoder] property
04:47:48,224 |-INFO in ch.qos.logback.core.rolling.RollingFileAppender[FILE] - Active log file name: /tmp/application.log
04:47:48,224 |-INFO in ch.qos.logback.core.rolling.RollingFileAppender[FILE] - File property is set to [/tmp/application.log]
04:47:48,225 |-INFO in ch.qos.logback.classic.joran.action.RootLoggerAction - Setting level of ROOT logger to WARN
04:47:48,225 |-INFO in ch.qos.logback.core.joran.action.AppenderRefAction - Attaching appender named [STDOUT] to Logger[ROOT]
04:47:48,226 |-INFO in ch.qos.logback.core.joran.action.AppenderRefAction - Attaching appender named [FILE] to Logger[ROOT]
04:47:48,226 |-INFO in ch.qos.logback.classic.joran.action.ConfigurationAction - End of configuration.
04:47:48,226 |-INFO in ch.qos.logback.classic.joran.JoranConfigurator@6cd8737 - Registering current configuration as safe fallback point

2019-06-09T04:47:49.218+0300: 1.378: [GC (Metadata GC Threshold) [PSYoungGen: 110722K->15895K(149504K)] 110722K->15975K(491008K), 0.0206872 secs] [Times: user=0.08 sys=0.01, real=0.02 secs] 
2019-06-09T04:47:49.238+0300: 1.399: [Full GC (Metadata GC Threshold) [PSYoungGen: 15895K->0K(149504K)] [ParOldGen: 80K->15078K(341504K)] 15975K->15078K(491008K), [Metaspace: 20806K->20806K(1067008K)], 0.0269734 secs] [Times: user=0.18 sys=0.00, real=0.02 secs] 
04:47:56.563 [Curator-PathChildrenCache-1] WARN  o.a.c.u.ZKPaths  - The version of ZooKeeper being used doesn't support Container nodes. CreateMode.PERSISTENT will be used instead.
2019-06-09T04:47:57.485+0300: 9.645: [GC (Metadata GC Threshold) [PSYoungGen: 126533K->15930K(149504K)] 141611K->50548K(491008K), 0.0302806 secs] [Times: user=0.25 sys=0.03, real=0.03 secs] 
2019-06-09T04:47:57.515+0300: 9.676: [Full GC (Metadata GC Threshold) [PSYoungGen: 15930K->0K(149504K)] [ParOldGen: 34617K->39003K(341504K)] 50548K->39003K(491008K), [Metaspace: 34570K->34570K(1079296K)], 0.0382894 secs] [Times: user=0.21 sys=0.01, real=0.04 secs] 
2019-06-09T04:47:59.352+0300: 11.513: [GC (Allocation Failure) [PSYoungGen: 128512K->512K(149504K)] 167515K->39523K(491008K), 0.0035723 secs] [Times: user=0.01 sys=0.02, real=0.00 secs] 
2019-06-09T04:48:01.569+0300: 13.730: [GC (Allocation Failure) [PSYoungGen: 129024K->544K(149504K)] 168035K->39563K(491008K), 0.0790477 secs] [Times: user=0.01 sys=0.00, real=0.08 secs] 
2019-06-09T04:48:03.793+0300: 15.954: [GC (Allocation Failure) [PSYoungGen: 129056K->544K(129536K)] 168075K->39571K(471040K), 0.0043552 secs] [Times: user=0.02 sys=0.01, real=0.00 secs] 
2019-06-09T04:48:06.014+0300: 18.175: [GC (Allocation Failure) [PSYoungGen: 129056K->480K(150016K)] 168083K->39515K(491520K), 0.0034552 secs] [Times: user=0.01 sys=0.00, real=0.01 secs] 
2019-06-09T04:48:08.262+0300: 20.423: [GC (Allocation Failure) [PSYoungGen: 128992K->448K(148992K)] 168027K->39483K(490496K), 0.0026706 secs] [Times: user=0.01 sys=0.00, real=0.00 secs] 
2019-06-09T04:48:10.513+0300: 22.674: [GC (Allocation Failure) [PSYoungGen: 128960K->576K(151552K)] 167995K->39619K(493056K), 0.0046277 secs] [Times: user=0.03 sys=0.01, real=0.01 secs] 
2019-06-09T04:48:12.798+0300: 24.958: [GC (Allocation Failure) [PSYoungGen: 132160K->608K(150528K)] 171203K->39651K(492032K), 0.0039291 secs] [Times: user=0.01 sys=0.00, real=0.01 secs] 
2019-06-09T04:48:15.082+0300: 27.243: [GC (Allocation Failure) [PSYoungGen: 132192K->448K(153088K)] 171235K->39499K(494592K), 0.0036757 secs] [Times: user=0.02 sys=0.00, real=0.00 secs] 
2019-06-09T04:48:17.457+0300: 29.618: [GC (Allocation Failure) [PSYoungGen: 135616K->576K(152576K)] 174667K->39635K(494080K), 0.0027227 secs] [Times: user=0.01 sys=0.00, real=0.01 secs] 
2019-06-09T04:48:19.826+0300: 31.987: [GC (Allocation Failure) [PSYoungGen: 135744K->608K(154624K)] 174803K->39667K(496128K), 0.0039797 secs] [Times: user=0.02 sys=0.00, real=0.01 secs] 
2019-06-09T04:48:22.228+0300: 34.389: [GC (Allocation Failure) [PSYoungGen: 138848K->480K(154112K)] 177907K->39539K(495616K), 0.0025482 secs] [Times: user=0.01 sys=0.00, real=0.01 secs] 
2019-06-09T04:48:24.630+0300: 36.791: [GC (Allocation Failure) [PSYoungGen: 138720K->576K(156672K)] 177779K->39635K(498176K), 0.0045710 secs] [Times: user=0.01 sys=0.01, real=0.00 secs] 
2019-06-09T04:48:27.114+0300: 39.275: [GC (Allocation Failure) [PSYoungGen: 142400K->608K(155648K)] 181459K->39667K(497152K), 0.0033040 secs] [Times: user=0.01 sys=0.00, real=0.00 secs] 
2019-06-09T04:48:29.587+0300: 41.748: [GC (Allocation Failure) [PSYoungGen: 142432K->544K(158208K)] 181491K->39603K(499712K), 0.0031424 secs] [Times: user=0.01 sys=0.00, real=0.01 secs] 
2019-06-09T04:48:32.143+0300: 44.304: [GC (Allocation Failure) [PSYoungGen: 145440K->544K(157184K)] 184499K->39611K(498688K), 0.0026820 secs] [Times: user=0.02 sys=0.00, real=0.00 secs] 
04:48:43.677 [Curator-PathChildrenCache-0] ERROR o.a.c.f.r.c.PathChildrenCache  - 
java.lang.IllegalStateException: instance must be started before calling this method
	at org.apache.curator.shaded.com.google.common.base.Preconditions.checkState(Preconditions.java:444)
	at org.apache.curator.framework.imps.CuratorFrameworkImpl.getChildren(CuratorFrameworkImpl.java:456)
	at org.apache.curator.framework.recipes.cache.PathChildrenCache.refresh(PathChildrenCache.java:521)
	at org.apache.curator.framework.recipes.cache.RefreshOperation.invoke(RefreshOperation.java:35)
	at org.apache.curator.framework.recipes.cache.PathChildrenCache$9.run(PathChildrenCache.java:786)
	at java.util.concurrent.Executors$RunnableAdapter.call(Executors.java:511)
	at java.util.concurrent.FutureTask.run(FutureTask.java:266)
	at java.util.concurrent.Executors$RunnableAdapter.call(Executors.java:511)
	at java.util.concurrent.FutureTask.run(FutureTask.java:266)
	at java.util.concurrent.ThreadPoolExecutor.runWorker(ThreadPoolExecutor.java:1149)
	at java.util.concurrent.ThreadPoolExecutor$Worker.run(ThreadPoolExecutor.java:624)
	at java.lang.Thread.run(Thread.java:748)
Heap
 PSYoungGen      total 157184K, used 99870K [0x00000000f5980000, 0x0000000100000000, 0x0000000100000000)
  eden space 144896K, 68% used [0x00000000f5980000,0x00000000fba7fa28,0x00000000fe700000)
  from space 12288K, 4% used [0x00000000fe700000,0x00000000fe788010,0x00000000ff300000)
  to   space 11776K, 0% used [0x00000000ff480000,0x00000000ff480000,0x0000000100000000)
 ParOldGen       total 341504K, used 39067K [0x00000000e0c00000, 0x00000000f5980000, 0x00000000f5980000)
  object space 341504K, 11% used [0x00000000e0c00000,0x00000000e3226f60,0x00000000f5980000)
 Metaspace       used 35783K, capacity 36614K, committed 36952K, reserved 1081344K
  class space    used 4936K, capacity 5129K, committed 5248K, reserved 1048576K
