16:41:18,390 |-INFO in ch.qos.logback.classic.LoggerContext[default] - Could NOT find resource [logback-test.xml]
16:41:18,390 |-INFO in ch.qos.logback.classic.LoggerContext[default] - Could NOT find resource [logback.groovy]
16:41:18,390 |-INFO in ch.qos.logback.classic.LoggerContext[default] - Found resource [logback.xml] at [jar:file:/root/flamestream/lib/flamestream-runtime-1.0-SNAPSHOT.jar!/logback.xml]
16:41:18,390 |-WARN in ch.qos.logback.classic.LoggerContext[default] - Resource [logback.xml] occurs multiple times on the classpath.
16:41:18,391 |-WARN in ch.qos.logback.classic.LoggerContext[default] - Resource [logback.xml] occurs at [jar:file:/root/flamestream/lib/flamestream-runtime-1.0-SNAPSHOT.jar!/logback.xml]
16:41:18,391 |-WARN in ch.qos.logback.classic.LoggerContext[default] - Resource [logback.xml] occurs at [jar:file:/root/flamestream/flamestream-runtime-1.0-SNAPSHOT.jar!/logback.xml]
16:41:18,414 |-INFO in ch.qos.logback.core.joran.spi.ConfigurationWatchList@3fb6a447 - URL [jar:file:/root/flamestream/lib/flamestream-runtime-1.0-SNAPSHOT.jar!/logback.xml] is not of type file
16:41:18,481 |-INFO in ch.qos.logback.classic.joran.action.ConfigurationAction - debug attribute not set
16:41:18,482 |-INFO in ch.qos.logback.core.joran.action.AppenderAction - About to instantiate appender of type [ch.qos.logback.core.ConsoleAppender]
16:41:18,497 |-INFO in ch.qos.logback.core.joran.action.AppenderAction - Naming appender as [STDOUT]
16:41:18,510 |-INFO in ch.qos.logback.core.joran.action.NestedComplexPropertyIA - Assuming default type [ch.qos.logback.classic.encoder.PatternLayoutEncoder] for [encoder] property
16:41:18,610 |-INFO in ch.qos.logback.core.joran.action.AppenderAction - About to instantiate appender of type [ch.qos.logback.core.rolling.RollingFileAppender]
16:41:18,615 |-INFO in ch.qos.logback.core.joran.action.AppenderAction - Naming appender as [FILE]
16:41:18,655 |-INFO in c.q.l.core.rolling.TimeBasedRollingPolicy@127618319 - No compression will be used
16:41:18,656 |-INFO in c.q.l.core.rolling.TimeBasedRollingPolicy@127618319 - Will use the pattern /tmp/application_%d{yyyy-MM-dd}.%i.log for the active file
16:41:18,658 |-INFO in ch.qos.logback.core.rolling.SizeAndTimeBasedFNATP@6b2fad11 - The date pattern is 'yyyy-MM-dd' from file name pattern '/tmp/application_%d{yyyy-MM-dd}.%i.log'.
16:41:18,658 |-INFO in ch.qos.logback.core.rolling.SizeAndTimeBasedFNATP@6b2fad11 - Roll-over at midnight.
16:41:18,664 |-INFO in ch.qos.logback.core.rolling.SizeAndTimeBasedFNATP@6b2fad11 - Setting initial period to Mon Jun 10 16:39:58 UTC 2019
16:41:18,664 |-WARN in ch.qos.logback.core.rolling.SizeAndTimeBasedFNATP@6b2fad11 - SizeAndTimeBasedFNATP is deprecated. Use SizeAndTimeBasedRollingPolicy instead
16:41:18,664 |-WARN in ch.qos.logback.core.rolling.SizeAndTimeBasedFNATP@6b2fad11 - For more information see http://logback.qos.ch/manual/appenders.html#SizeAndTimeBasedRollingPolicy
16:41:18,668 |-INFO in ch.qos.logback.core.joran.action.NestedComplexPropertyIA - Assuming default type [ch.qos.logback.classic.encoder.PatternLayoutEncoder] for [encoder] property
16:41:18,673 |-INFO in ch.qos.logback.core.rolling.RollingFileAppender[FILE] - Active log file name: /tmp/application.log
16:41:18,673 |-INFO in ch.qos.logback.core.rolling.RollingFileAppender[FILE] - File property is set to [/tmp/application.log]
16:41:18,674 |-INFO in ch.qos.logback.classic.joran.action.RootLoggerAction - Setting level of ROOT logger to WARN
16:41:18,674 |-INFO in ch.qos.logback.core.joran.action.AppenderRefAction - Attaching appender named [STDOUT] to Logger[ROOT]
16:41:18,674 |-INFO in ch.qos.logback.core.joran.action.AppenderRefAction - Attaching appender named [FILE] to Logger[ROOT]
16:41:18,674 |-INFO in ch.qos.logback.classic.joran.action.ConfigurationAction - End of configuration.
16:41:18,675 |-INFO in ch.qos.logback.classic.joran.JoranConfigurator@79698539 - Registering current configuration as safe fallback point

Ama winner
Ama winner
2019-06-10T16:41:19.964+0000: 1.757: [Full GC (Metadata GC Threshold) 2019-06-10T16:41:19.964+0000: 1.757: [Tenured: 0K->15177K(341376K), 0.0406248 secs] 114987K->15177K(494976K), [Metaspace: 20733K->20733K(1067008K)], 0.0406913 secs] [Times: user=0.04 sys=0.01, real=0.04 secs] 
16:41:42.312 [Curator-PathChildrenCache-1] WARN  o.a.c.u.ZKPaths  - The version of ZooKeeper being used doesn't support Container nodes. CreateMode.PERSISTENT will be used instead.
2019-06-10T16:41:44.681+0000: 26.475: [GC (Allocation Failure) 2019-06-10T16:41:44.681+0000: 26.475: [DefNew: 136576K->17023K(153600K), 0.0265555 secs] 151753K->52580K(494976K), 0.0266422 secs] [Times: user=0.02 sys=0.01, real=0.03 secs] 
2019-06-10T16:41:45.442+0000: 27.235: [Full GC (Metadata GC Threshold) 2019-06-10T16:41:45.442+0000: 27.235: [Tenured: 35556K->44057K(341376K), 0.0374562 secs] 73468K->44057K(494976K), [Metaspace: 34570K->34570K(1079296K)], 0.0375434 secs] [Times: user=0.04 sys=0.00, real=0.04 secs] 
2019-06-10T16:41:51.571+0000: 33.364: [GC (Allocation Failure) 2019-06-10T16:41:51.571+0000: 33.364: [DefNew: 136576K->74K(153600K), 0.0018367 secs] 180633K->44131K(494976K), 0.0018993 secs] [Times: user=0.01 sys=0.00, real=0.00 secs] 
2019-06-10T16:41:57.589+0000: 39.383: [GC (Allocation Failure) 2019-06-10T16:41:57.589+0000: 39.383: [DefNew: 136650K->75K(153600K), 0.0017422 secs] 180707K->44132K(494976K), 0.0018059 secs] [Times: user=0.00 sys=0.00, real=0.00 secs] 
2019-06-10T16:42:03.689+0000: 45.483: [GC (Allocation Failure) 2019-06-10T16:42:03.689+0000: 45.483: [DefNew: 136651K->75K(153600K), 0.0018320 secs] 180708K->44132K(494976K), 0.0018943 secs] [Times: user=0.00 sys=0.00, real=0.00 secs] 
2019-06-10T16:42:09.762+0000: 51.555: [GC (Allocation Failure) 2019-06-10T16:42:09.762+0000: 51.555: [DefNew: 136651K->74K(153600K), 0.0018062 secs] 180708K->44131K(494976K), 0.0018667 secs] [Times: user=0.00 sys=0.00, real=0.00 secs] 
2019-06-10T16:42:15.865+0000: 57.658: [GC (Allocation Failure) 2019-06-10T16:42:15.865+0000: 57.658: [DefNew: 136650K->74K(153600K), 0.0018168 secs] 180707K->44131K(494976K), 0.0018823 secs] [Times: user=0.00 sys=0.00, real=0.01 secs] 
16:42:25.108 [Curator-PathChildrenCache-0] ERROR o.a.c.f.r.c.PathChildrenCache  - 
java.lang.IllegalStateException: instance must be started before calling this method
	at org.apache.curator.shaded.com.google.common.base.Preconditions.checkState(Preconditions.java:444)
	at org.apache.curator.framework.imps.CuratorFrameworkImpl.getChildren(CuratorFrameworkImpl.java:456)
	at org.apache.curator.framework.recipes.cache.PathChildrenCache.refresh(PathChildrenCache.java:521)
	at org.apache.curator.framework.recipes.cache.RefreshOperation.invoke(RefreshOperation.java:35)
	at org.apache.curator.framework.recipes.cache.PathChildrenCache$9.run(PathChildrenCache.java:786)
	at java.util.concurrent.Executors$RunnableAdapter.call(Executors.java:511)
	at java.util.concurrent.FutureTask.run(FutureTask.java:266)
	at java.util.concurrent.Executors$RunnableAdapter.call(Executors.java:511)
	at java.util.concurrent.FutureTask.run(FutureTask.java:266)
	at java.util.concurrent.ThreadPoolExecutor.runWorker(ThreadPoolExecutor.java:1149)
	at java.util.concurrent.ThreadPoolExecutor$Worker.run(ThreadPoolExecutor.java:624)
	at java.lang.Thread.run(Thread.java:748)
Heap
 def new generation   total 153600K, used 90030K [0x00000000e0c00000, 0x00000000eb2a0000, 0x00000000eb2a0000)
  eden space 136576K,  65% used [0x00000000e0c00000, 0x00000000e63d90b0, 0x00000000e9160000)
  from space 17024K,   0% used [0x00000000e9160000, 0x00000000e91729e8, 0x00000000ea200000)
  to   space 17024K,   0% used [0x00000000ea200000, 0x00000000ea200000, 0x00000000eb2a0000)
 tenured generation   total 341376K, used 44057K [0x00000000eb2a0000, 0x0000000100000000, 0x0000000100000000)
   the space 341376K,  12% used [0x00000000eb2a0000, 0x00000000edda6488, 0x00000000edda6600, 0x0000000100000000)
 Metaspace       used 36237K, capacity 37126K, committed 37376K, reserved 1081344K
  class space    used 4868K, capacity 5075K, committed 5120K, reserved 1048576K
