10:29:32,356 |-INFO in ch.qos.logback.classic.LoggerContext[default] - Could NOT find resource [logback-test.xml]
10:29:32,356 |-INFO in ch.qos.logback.classic.LoggerContext[default] - Could NOT find resource [logback.groovy]
10:29:32,356 |-INFO in ch.qos.logback.classic.LoggerContext[default] - Found resource [logback.xml] at [jar:file:/home/nikitasokolov/flamestream/lib/flamestream-runtime-1.0-SNAPSHOT.jar!/logback.xml]
10:29:32,357 |-WARN in ch.qos.logback.classic.LoggerContext[default] - Resource [logback.xml] occurs multiple times on the classpath.
10:29:32,357 |-WARN in ch.qos.logback.classic.LoggerContext[default] - Resource [logback.xml] occurs at [jar:file:/home/nikitasokolov/flamestream/lib/flamestream-runtime-1.0-SNAPSHOT.jar!/logback.xml]
10:29:32,357 |-WARN in ch.qos.logback.classic.LoggerContext[default] - Resource [logback.xml] occurs at [jar:file:/home/nikitasokolov/flamestream/flamestream-runtime-1.0-SNAPSHOT.jar!/logback.xml]
10:29:32,372 |-INFO in ch.qos.logback.core.joran.spi.ConfigurationWatchList@6108b2d7 - URL [jar:file:/home/nikitasokolov/flamestream/lib/flamestream-runtime-1.0-SNAPSHOT.jar!/logback.xml] is not of type file
10:29:32,424 |-INFO in ch.qos.logback.classic.joran.action.ConfigurationAction - debug attribute not set
10:29:32,424 |-INFO in ch.qos.logback.core.joran.action.AppenderAction - About to instantiate appender of type [ch.qos.logback.core.ConsoleAppender]
10:29:32,432 |-INFO in ch.qos.logback.core.joran.action.AppenderAction - Naming appender as [STDOUT]
10:29:32,441 |-INFO in ch.qos.logback.core.joran.action.NestedComplexPropertyIA - Assuming default type [ch.qos.logback.classic.encoder.PatternLayoutEncoder] for [encoder] property
10:29:32,496 |-INFO in ch.qos.logback.core.joran.action.AppenderAction - About to instantiate appender of type [ch.qos.logback.core.rolling.RollingFileAppender]
10:29:32,501 |-INFO in ch.qos.logback.core.joran.action.AppenderAction - Naming appender as [FILE]
10:29:32,523 |-INFO in c.q.l.core.rolling.TimeBasedRollingPolicy@357863579 - No compression will be used
10:29:32,525 |-INFO in c.q.l.core.rolling.TimeBasedRollingPolicy@357863579 - Will use the pattern /tmp/application_%d{yyyy-MM-dd}.%i.log for the active file
10:29:32,528 |-INFO in ch.qos.logback.core.rolling.SizeAndTimeBasedFNATP@6bf256fa - The date pattern is 'yyyy-MM-dd' from file name pattern '/tmp/application_%d{yyyy-MM-dd}.%i.log'.
10:29:32,528 |-INFO in ch.qos.logback.core.rolling.SizeAndTimeBasedFNATP@6bf256fa - Roll-over at midnight.
10:29:32,532 |-INFO in ch.qos.logback.core.rolling.SizeAndTimeBasedFNATP@6bf256fa - Setting initial period to Sun Jun 09 10:28:46 MSK 2019
10:29:32,532 |-WARN in ch.qos.logback.core.rolling.SizeAndTimeBasedFNATP@6bf256fa - SizeAndTimeBasedFNATP is deprecated. Use SizeAndTimeBasedRollingPolicy instead
10:29:32,532 |-WARN in ch.qos.logback.core.rolling.SizeAndTimeBasedFNATP@6bf256fa - For more information see http://logback.qos.ch/manual/appenders.html#SizeAndTimeBasedRollingPolicy
10:29:32,536 |-INFO in ch.qos.logback.core.joran.action.NestedComplexPropertyIA - Assuming default type [ch.qos.logback.classic.encoder.PatternLayoutEncoder] for [encoder] property
10:29:32,539 |-INFO in ch.qos.logback.core.rolling.RollingFileAppender[FILE] - Active log file name: /tmp/application.log
10:29:32,539 |-INFO in ch.qos.logback.core.rolling.RollingFileAppender[FILE] - File property is set to [/tmp/application.log]
10:29:32,540 |-INFO in ch.qos.logback.classic.joran.action.RootLoggerAction - Setting level of ROOT logger to WARN
10:29:32,540 |-INFO in ch.qos.logback.core.joran.action.AppenderRefAction - Attaching appender named [STDOUT] to Logger[ROOT]
10:29:32,540 |-INFO in ch.qos.logback.core.joran.action.AppenderRefAction - Attaching appender named [FILE] to Logger[ROOT]
10:29:32,540 |-INFO in ch.qos.logback.classic.joran.action.ConfigurationAction - End of configuration.
10:29:32,541 |-INFO in ch.qos.logback.classic.joran.JoranConfigurator@6cd8737 - Registering current configuration as safe fallback point

2019-06-09T10:29:33.513+0300: 1.362: [GC (Metadata GC Threshold) [PSYoungGen: 110722K->15914K(149504K)] 110722K->15994K(491008K), 0.0194977 secs] [Times: user=0.06 sys=0.03, real=0.02 secs] 
2019-06-09T10:29:33.532+0300: 1.382: [Full GC (Metadata GC Threshold) [PSYoungGen: 15914K->0K(149504K)] [ParOldGen: 80K->15078K(341504K)] 15994K->15078K(491008K), [Metaspace: 20802K->20802K(1067008K)], 0.0246066 secs] [Times: user=0.15 sys=0.01, real=0.02 secs] 
10:29:44.607 [Curator-PathChildrenCache-1] WARN  o.a.c.u.ZKPaths  - The version of ZooKeeper being used doesn't support Container nodes. CreateMode.PERSISTENT will be used instead.
2019-06-09T10:29:45.919+0300: 13.769: [GC (Metadata GC Threshold) [PSYoungGen: 123138K->20987K(149504K)] 138216K->49990K(491008K), 0.0214125 secs] [Times: user=0.24 sys=0.02, real=0.02 secs] 
2019-06-09T10:29:45.941+0300: 13.790: [Full GC (Metadata GC Threshold) [PSYoungGen: 20987K->0K(149504K)] [ParOldGen: 29003K->38922K(341504K)] 49990K->38922K(491008K), [Metaspace: 34556K->34556K(1079296K)], 0.0349250 secs] [Times: user=0.15 sys=0.02, real=0.03 secs] 
2019-06-09T10:29:48.623+0300: 16.472: [GC (Allocation Failure) [PSYoungGen: 128512K->416K(149504K)] 167434K->39347K(491008K), 0.0044750 secs] [Times: user=0.02 sys=0.00, real=0.00 secs] 
2019-06-09T10:29:52.249+0300: 20.099: [GC (Allocation Failure) [PSYoungGen: 128928K->480K(149504K)] 167859K->39419K(491008K), 0.0036366 secs] [Times: user=0.01 sys=0.01, real=0.01 secs] 
2019-06-09T10:29:55.902+0300: 23.752: [GC (Allocation Failure) [PSYoungGen: 128992K->512K(129536K)] 167931K->39459K(471040K), 0.0074948 secs] [Times: user=0.06 sys=0.01, real=0.01 secs] 
2019-06-09T10:29:59.578+0300: 27.428: [GC (Allocation Failure) [PSYoungGen: 129024K->512K(132608K)] 167971K->39467K(474112K), 0.0034380 secs] [Times: user=0.01 sys=0.01, real=0.00 secs] 
2019-06-09T10:30:02.197+0300: 30.047: [GC (Allocation Failure) [PSYoungGen: 93184K->544K(130560K)] 132139K->39507K(472064K), 0.0051969 secs] [Times: user=0.01 sys=0.02, real=0.01 secs] 
2019-06-09T10:30:04.859+0300: 32.709: [GC (Allocation Failure) [PSYoungGen: 93216K->512K(136704K)] 132179K->39483K(478208K), 0.0041007 secs] [Times: user=0.02 sys=0.00, real=0.00 secs] 
2019-06-09T10:30:07.733+0300: 35.583: [GC (Allocation Failure) [PSYoungGen: 101888K->480K(135168K)] 140859K->39459K(476672K), 0.0033949 secs] [Times: user=0.01 sys=0.01, real=0.00 secs] 
2019-06-09T10:30:10.661+0300: 38.511: [GC (Allocation Failure) [PSYoungGen: 101856K->416K(140288K)] 140835K->39403K(481792K), 0.0033009 secs] [Times: user=0.01 sys=0.01, real=0.00 secs] 
2019-06-09T10:30:13.775+0300: 41.624: [GC (Allocation Failure) [PSYoungGen: 108960K->544K(138752K)] 147947K->39531K(480256K), 0.0033153 secs] [Times: user=0.01 sys=0.01, real=0.01 secs] 
2019-06-09T10:30:16.885+0300: 44.734: [GC (Allocation Failure) [PSYoungGen: 109088K->480K(143360K)] 148075K->39475K(484864K), 0.0092424 secs] [Times: user=0.07 sys=0.01, real=0.01 secs] 
2019-06-09T10:30:20.183+0300: 48.033: [GC (Allocation Failure) [PSYoungGen: 115168K->576K(141824K)] 154163K->39571K(483328K), 0.0040011 secs] [Times: user=0.01 sys=0.00, real=0.00 secs] 
2019-06-09T10:30:23.459+0300: 51.309: [GC (Allocation Failure) [PSYoungGen: 115264K->544K(146432K)] 154259K->39539K(487936K), 0.0032471 secs] [Times: user=0.01 sys=0.00, real=0.00 secs] 
10:30:34.111 [Curator-PathChildrenCache-0] ERROR o.a.c.f.r.c.PathChildrenCache  - 
java.lang.IllegalStateException: instance must be started before calling this method
	at org.apache.curator.shaded.com.google.common.base.Preconditions.checkState(Preconditions.java:444)
	at org.apache.curator.framework.imps.CuratorFrameworkImpl.getChildren(CuratorFrameworkImpl.java:456)
	at org.apache.curator.framework.recipes.cache.PathChildrenCache.refresh(PathChildrenCache.java:521)
	at org.apache.curator.framework.recipes.cache.RefreshOperation.invoke(RefreshOperation.java:35)
	at org.apache.curator.framework.recipes.cache.PathChildrenCache$9.run(PathChildrenCache.java:786)
	at java.util.concurrent.Executors$RunnableAdapter.call(Executors.java:511)
	at java.util.concurrent.FutureTask.run(FutureTask.java:266)
	at java.util.concurrent.Executors$RunnableAdapter.call(Executors.java:511)
	at java.util.concurrent.FutureTask.run(FutureTask.java:266)
	at java.util.concurrent.ThreadPoolExecutor.runWorker(ThreadPoolExecutor.java:1149)
	at java.util.concurrent.ThreadPoolExecutor$Worker.run(ThreadPoolExecutor.java:624)
	at java.lang.Thread.run(Thread.java:748)
Heap
 PSYoungGen      total 146432K, used 91316K [0x00000000f5980000, 0x0000000100000000, 0x0000000100000000)
  eden space 120832K, 75% used [0x00000000f5980000,0x00000000fb2251a0,0x00000000fcf80000)
  from space 25600K, 2% used [0x00000000fe700000,0x00000000fe788010,0x0000000100000000)
  to   space 24064K, 0% used [0x00000000fcf80000,0x00000000fcf80000,0x00000000fe700000)
 ParOldGen       total 341504K, used 38994K [0x00000000e0c00000, 0x00000000f5980000, 0x00000000f5980000)
  object space 341504K, 11% used [0x00000000e0c00000,0x00000000e3214bf0,0x00000000f5980000)
 Metaspace       used 36055K, capacity 36894K, committed 37208K, reserved 1081344K
  class space    used 4978K, capacity 5161K, committed 5248K, reserved 1048576K
