19:18:12,804 |-INFO in ch.qos.logback.classic.LoggerContext[default] - Could NOT find resource [logback-test.xml]
19:18:12,804 |-INFO in ch.qos.logback.classic.LoggerContext[default] - Could NOT find resource [logback.groovy]
19:18:12,805 |-INFO in ch.qos.logback.classic.LoggerContext[default] - Found resource [logback.xml] at [jar:file:/root/flamestream/lib/flamestream-runtime-1.0-SNAPSHOT.jar!/logback.xml]
19:18:12,810 |-WARN in ch.qos.logback.classic.LoggerContext[default] - Resource [logback.xml] occurs multiple times on the classpath.
19:18:12,810 |-WARN in ch.qos.logback.classic.LoggerContext[default] - Resource [logback.xml] occurs at [jar:file:/root/flamestream/lib/flamestream-runtime-1.0-SNAPSHOT.jar!/logback.xml]
19:18:12,810 |-WARN in ch.qos.logback.classic.LoggerContext[default] - Resource [logback.xml] occurs at [jar:file:/root/flamestream/flamestream-runtime-1.0-SNAPSHOT.jar!/logback.xml]
19:18:12,830 |-INFO in ch.qos.logback.core.joran.spi.ConfigurationWatchList@3fb6a447 - URL [jar:file:/root/flamestream/lib/flamestream-runtime-1.0-SNAPSHOT.jar!/logback.xml] is not of type file
19:18:12,895 |-INFO in ch.qos.logback.classic.joran.action.ConfigurationAction - debug attribute not set
19:18:12,896 |-INFO in ch.qos.logback.core.joran.action.AppenderAction - About to instantiate appender of type [ch.qos.logback.core.ConsoleAppender]
19:18:12,914 |-INFO in ch.qos.logback.core.joran.action.AppenderAction - Naming appender as [STDOUT]
19:18:12,936 |-INFO in ch.qos.logback.core.joran.action.NestedComplexPropertyIA - Assuming default type [ch.qos.logback.classic.encoder.PatternLayoutEncoder] for [encoder] property
19:18:13,027 |-INFO in ch.qos.logback.core.joran.action.AppenderAction - About to instantiate appender of type [ch.qos.logback.core.rolling.RollingFileAppender]
19:18:13,038 |-INFO in ch.qos.logback.core.joran.action.AppenderAction - Naming appender as [FILE]
19:18:13,068 |-INFO in c.q.l.core.rolling.TimeBasedRollingPolicy@127618319 - No compression will be used
19:18:13,069 |-INFO in c.q.l.core.rolling.TimeBasedRollingPolicy@127618319 - Will use the pattern /tmp/application_%d{yyyy-MM-dd}.%i.log for the active file
19:18:13,072 |-INFO in ch.qos.logback.core.rolling.SizeAndTimeBasedFNATP@6b2fad11 - The date pattern is 'yyyy-MM-dd' from file name pattern '/tmp/application_%d{yyyy-MM-dd}.%i.log'.
19:18:13,072 |-INFO in ch.qos.logback.core.rolling.SizeAndTimeBasedFNATP@6b2fad11 - Roll-over at midnight.
19:18:13,078 |-INFO in ch.qos.logback.core.rolling.SizeAndTimeBasedFNATP@6b2fad11 - Setting initial period to Mon Jun 10 19:16:39 UTC 2019
19:18:13,078 |-WARN in ch.qos.logback.core.rolling.SizeAndTimeBasedFNATP@6b2fad11 - SizeAndTimeBasedFNATP is deprecated. Use SizeAndTimeBasedRollingPolicy instead
19:18:13,078 |-WARN in ch.qos.logback.core.rolling.SizeAndTimeBasedFNATP@6b2fad11 - For more information see http://logback.qos.ch/manual/appenders.html#SizeAndTimeBasedRollingPolicy
19:18:13,082 |-INFO in ch.qos.logback.core.joran.action.NestedComplexPropertyIA - Assuming default type [ch.qos.logback.classic.encoder.PatternLayoutEncoder] for [encoder] property
19:18:13,087 |-INFO in ch.qos.logback.core.rolling.RollingFileAppender[FILE] - Active log file name: /tmp/application.log
19:18:13,087 |-INFO in ch.qos.logback.core.rolling.RollingFileAppender[FILE] - File property is set to [/tmp/application.log]
19:18:13,088 |-INFO in ch.qos.logback.classic.joran.action.RootLoggerAction - Setting level of ROOT logger to WARN
19:18:13,088 |-INFO in ch.qos.logback.core.joran.action.AppenderRefAction - Attaching appender named [STDOUT] to Logger[ROOT]
19:18:13,090 |-INFO in ch.qos.logback.core.joran.action.AppenderRefAction - Attaching appender named [FILE] to Logger[ROOT]
19:18:13,090 |-INFO in ch.qos.logback.classic.joran.action.ConfigurationAction - End of configuration.
19:18:13,090 |-INFO in ch.qos.logback.classic.joran.JoranConfigurator@79698539 - Registering current configuration as safe fallback point

Ama winner
Ama winner
2019-06-10T19:18:14.373+0000: 1.757: [Full GC (Metadata GC Threshold) 2019-06-10T19:18:14.373+0000: 1.757: [Tenured: 0K->15177K(341376K), 0.0403476 secs] 114987K->15177K(494976K), [Metaspace: 20736K->20736K(1067008K)], 0.0404138 secs] [Times: user=0.04 sys=0.00, real=0.04 secs] 
19:18:37.043 [Curator-PathChildrenCache-1] WARN  o.a.c.u.ZKPaths  - The version of ZooKeeper being used doesn't support Container nodes. CreateMode.PERSISTENT will be used instead.
2019-06-10T19:18:39.494+0000: 26.878: [GC (Allocation Failure) 2019-06-10T19:18:39.494+0000: 26.878: [DefNew: 136576K->17024K(153600K), 0.0281553 secs] 151753K->52723K(494976K), 0.0282279 secs] [Times: user=0.02 sys=0.01, real=0.03 secs] 
2019-06-10T19:18:40.771+0000: 28.155: [Full GC (Metadata GC Threshold) 2019-06-10T19:18:40.771+0000: 28.155: [Tenured: 35699K->44320K(341376K), 0.0383824 secs] 79038K->44320K(494976K), [Metaspace: 34556K->34556K(1079296K)], 0.0384541 secs] [Times: user=0.03 sys=0.00, real=0.04 secs] 
2019-06-10T19:18:49.640+0000: 37.024: [GC (Allocation Failure) 2019-06-10T19:18:49.640+0000: 37.024: [DefNew: 136576K->76K(153600K), 0.0019657 secs] 180896K->44396K(494976K), 0.0020244 secs] [Times: user=0.00 sys=0.00, real=0.00 secs] 
2019-06-10T19:18:58.649+0000: 46.033: [GC (Allocation Failure) 2019-06-10T19:18:58.649+0000: 46.033: [DefNew: 136652K->77K(153600K), 0.0018713 secs] 180972K->44397K(494976K), 0.0019258 secs] [Times: user=0.00 sys=0.00, real=0.00 secs] 
2019-06-10T19:19:07.798+0000: 55.182: [GC (Allocation Failure) 2019-06-10T19:19:07.798+0000: 55.182: [DefNew: 136653K->77K(153600K), 0.0018797 secs] 180973K->44397K(494976K), 0.0019403 secs] [Times: user=0.00 sys=0.00, real=0.00 secs] 
2019-06-10T19:19:17.134+0000: 64.518: [GC (Allocation Failure) 2019-06-10T19:19:17.134+0000: 64.518: [DefNew: 136653K->415K(153600K), 0.0024093 secs] 180973K->44735K(494976K), 0.0024823 secs] [Times: user=0.00 sys=0.00, real=0.00 secs] 
2019-06-10T19:19:27.942+0000: 75.326: [GC (Allocation Failure) 2019-06-10T19:19:27.942+0000: 75.326: [DefNew: 136991K->167K(153600K), 0.0022609 secs] 181311K->44487K(494976K), 0.0023190 secs] [Times: user=0.00 sys=0.00, real=0.00 secs] 
2019-06-10T19:19:38.668+0000: 86.052: [GC (Allocation Failure) 2019-06-10T19:19:38.668+0000: 86.052: [DefNew: 136743K->169K(153600K), 0.0022050 secs] 181063K->44489K(494976K), 0.0022716 secs] [Times: user=0.00 sys=0.00, real=0.00 secs] 
19:19:50.252 [Curator-PathChildrenCache-0] ERROR o.a.c.f.r.c.PathChildrenCache  - 
java.lang.IllegalStateException: instance must be started before calling this method
	at org.apache.curator.shaded.com.google.common.base.Preconditions.checkState(Preconditions.java:444)
	at org.apache.curator.framework.imps.CuratorFrameworkImpl.getChildren(CuratorFrameworkImpl.java:456)
	at org.apache.curator.framework.recipes.cache.PathChildrenCache.refresh(PathChildrenCache.java:521)
	at org.apache.curator.framework.recipes.cache.RefreshOperation.invoke(RefreshOperation.java:35)
	at org.apache.curator.framework.recipes.cache.PathChildrenCache$9.run(PathChildrenCache.java:786)
	at java.util.concurrent.Executors$RunnableAdapter.call(Executors.java:511)
	at java.util.concurrent.FutureTask.run(FutureTask.java:266)
	at java.util.concurrent.Executors$RunnableAdapter.call(Executors.java:511)
	at java.util.concurrent.FutureTask.run(FutureTask.java:266)
	at java.util.concurrent.ThreadPoolExecutor.runWorker(ThreadPoolExecutor.java:1149)
	at java.util.concurrent.ThreadPoolExecutor$Worker.run(ThreadPoolExecutor.java:624)
	at java.lang.Thread.run(Thread.java:748)
Heap
 def new generation   total 153600K, used 72220K [0x00000000e0c00000, 0x00000000eb2a0000, 0x00000000eb2a0000)
  eden space 136576K,  52% used [0x00000000e0c00000, 0x00000000e525cb18, 0x00000000e9160000)
  from space 17024K,   0% used [0x00000000ea200000, 0x00000000ea22a5f0, 0x00000000eb2a0000)
  to   space 17024K,   0% used [0x00000000e9160000, 0x00000000e9160000, 0x00000000ea200000)
 tenured generation   total 341376K, used 44320K [0x00000000eb2a0000, 0x0000000100000000, 0x0000000100000000)
   the space 341376K,  12% used [0x00000000eb2a0000, 0x00000000edde8028, 0x00000000edde8200, 0x0000000100000000)
 Metaspace       used 36274K, capacity 37198K, committed 37376K, reserved 1081344K
  class space    used 4863K, capacity 5087K, committed 5120K, reserved 1048576K
