05:58:23,599 |-INFO in ch.qos.logback.classic.LoggerContext[default] - Could NOT find resource [logback-test.xml]
05:58:23,599 |-INFO in ch.qos.logback.classic.LoggerContext[default] - Could NOT find resource [logback.groovy]
05:58:23,600 |-INFO in ch.qos.logback.classic.LoggerContext[default] - Found resource [logback.xml] at [jar:file:/home/nikitasokolov/flamestream/lib/flamestream-runtime-1.0-SNAPSHOT.jar!/logback.xml]
05:58:23,600 |-WARN in ch.qos.logback.classic.LoggerContext[default] - Resource [logback.xml] occurs multiple times on the classpath.
05:58:23,600 |-WARN in ch.qos.logback.classic.LoggerContext[default] - Resource [logback.xml] occurs at [jar:file:/home/nikitasokolov/flamestream/lib/flamestream-runtime-1.0-SNAPSHOT.jar!/logback.xml]
05:58:23,600 |-WARN in ch.qos.logback.classic.LoggerContext[default] - Resource [logback.xml] occurs at [jar:file:/home/nikitasokolov/flamestream/flamestream-runtime-1.0-SNAPSHOT.jar!/logback.xml]
05:58:23,617 |-INFO in ch.qos.logback.core.joran.spi.ConfigurationWatchList@6108b2d7 - URL [jar:file:/home/nikitasokolov/flamestream/lib/flamestream-runtime-1.0-SNAPSHOT.jar!/logback.xml] is not of type file
05:58:23,668 |-INFO in ch.qos.logback.classic.joran.action.ConfigurationAction - debug attribute not set
05:58:23,669 |-INFO in ch.qos.logback.core.joran.action.AppenderAction - About to instantiate appender of type [ch.qos.logback.core.ConsoleAppender]
05:58:23,680 |-INFO in ch.qos.logback.core.joran.action.AppenderAction - Naming appender as [STDOUT]
05:58:23,690 |-INFO in ch.qos.logback.core.joran.action.NestedComplexPropertyIA - Assuming default type [ch.qos.logback.classic.encoder.PatternLayoutEncoder] for [encoder] property
05:58:23,747 |-INFO in ch.qos.logback.core.joran.action.AppenderAction - About to instantiate appender of type [ch.qos.logback.core.rolling.RollingFileAppender]
05:58:23,753 |-INFO in ch.qos.logback.core.joran.action.AppenderAction - Naming appender as [FILE]
05:58:23,775 |-INFO in c.q.l.core.rolling.TimeBasedRollingPolicy@357863579 - No compression will be used
05:58:23,776 |-INFO in c.q.l.core.rolling.TimeBasedRollingPolicy@357863579 - Will use the pattern /tmp/application_%d{yyyy-MM-dd}.%i.log for the active file
05:58:23,779 |-INFO in ch.qos.logback.core.rolling.SizeAndTimeBasedFNATP@6bf256fa - The date pattern is 'yyyy-MM-dd' from file name pattern '/tmp/application_%d{yyyy-MM-dd}.%i.log'.
05:58:23,779 |-INFO in ch.qos.logback.core.rolling.SizeAndTimeBasedFNATP@6bf256fa - Roll-over at midnight.
05:58:23,783 |-INFO in ch.qos.logback.core.rolling.SizeAndTimeBasedFNATP@6bf256fa - Setting initial period to Sun Jun 09 05:57:39 MSK 2019
05:58:23,783 |-WARN in ch.qos.logback.core.rolling.SizeAndTimeBasedFNATP@6bf256fa - SizeAndTimeBasedFNATP is deprecated. Use SizeAndTimeBasedRollingPolicy instead
05:58:23,783 |-WARN in ch.qos.logback.core.rolling.SizeAndTimeBasedFNATP@6bf256fa - For more information see http://logback.qos.ch/manual/appenders.html#SizeAndTimeBasedRollingPolicy
05:58:23,787 |-INFO in ch.qos.logback.core.joran.action.NestedComplexPropertyIA - Assuming default type [ch.qos.logback.classic.encoder.PatternLayoutEncoder] for [encoder] property
05:58:23,790 |-INFO in ch.qos.logback.core.rolling.RollingFileAppender[FILE] - Active log file name: /tmp/application.log
05:58:23,791 |-INFO in ch.qos.logback.core.rolling.RollingFileAppender[FILE] - File property is set to [/tmp/application.log]
05:58:23,792 |-INFO in ch.qos.logback.classic.joran.action.RootLoggerAction - Setting level of ROOT logger to WARN
05:58:23,792 |-INFO in ch.qos.logback.core.joran.action.AppenderRefAction - Attaching appender named [STDOUT] to Logger[ROOT]
05:58:23,792 |-INFO in ch.qos.logback.core.joran.action.AppenderRefAction - Attaching appender named [FILE] to Logger[ROOT]
05:58:23,792 |-INFO in ch.qos.logback.classic.joran.action.ConfigurationAction - End of configuration.
05:58:23,793 |-INFO in ch.qos.logback.classic.joran.JoranConfigurator@6cd8737 - Registering current configuration as safe fallback point

2019-06-09T05:58:24.774+0300: 1.381: [GC (Metadata GC Threshold) [PSYoungGen: 110722K->15769K(149504K)] 110722K->15849K(491008K), 0.0202759 secs] [Times: user=0.10 sys=0.00, real=0.02 secs] 
2019-06-09T05:58:24.794+0300: 1.402: [Full GC (Metadata GC Threshold) [PSYoungGen: 15769K->0K(149504K)] [ParOldGen: 80K->15078K(341504K)] 15849K->15078K(491008K), [Metaspace: 20807K->20807K(1067008K)], 0.0295950 secs] [Times: user=0.20 sys=0.01, real=0.03 secs] 
05:58:31.984 [Curator-PathChildrenCache-1] WARN  o.a.c.u.ZKPaths  - The version of ZooKeeper being used doesn't support Container nodes. CreateMode.PERSISTENT will be used instead.
2019-06-09T05:58:32.931+0300: 9.539: [GC (Metadata GC Threshold) [PSYoungGen: 125597K->15851K(149504K)] 140675K->50468K(491008K), 0.0267296 secs] [Times: user=0.23 sys=0.02, real=0.03 secs] 
2019-06-09T05:58:32.958+0300: 9.565: [Full GC (Metadata GC Threshold) [PSYoungGen: 15851K->0K(149504K)] [ParOldGen: 34617K->38982K(341504K)] 50468K->38982K(491008K), [Metaspace: 34569K->34569K(1079296K)], 0.0371490 secs] [Times: user=0.19 sys=0.01, real=0.03 secs] 
2019-06-09T05:58:34.856+0300: 11.463: [GC (Allocation Failure) [PSYoungGen: 128512K->544K(149504K)] 167494K->39534K(491008K), 0.0040201 secs] [Times: user=0.03 sys=0.00, real=0.01 secs] 
2019-06-09T05:58:36.696+0300: 13.304: [GC (Allocation Failure) [PSYoungGen: 129056K->576K(149504K)] 168046K->39574K(491008K), 0.0023225 secs] [Times: user=0.01 sys=0.00, real=0.01 secs] 
2019-06-09T05:58:38.799+0300: 15.406: [GC (Allocation Failure) [PSYoungGen: 129088K->576K(129536K)] 168086K->39582K(471040K), 0.0027006 secs] [Times: user=0.02 sys=0.01, real=0.00 secs] 
2019-06-09T05:58:40.930+0300: 17.537: [GC (Allocation Failure) [PSYoungGen: 129088K->576K(150016K)] 168094K->39590K(491520K), 0.0074106 secs] [Times: user=0.06 sys=0.00, real=0.00 secs] 
2019-06-09T05:58:43.075+0300: 19.683: [GC (Allocation Failure) [PSYoungGen: 129088K->544K(148992K)] 168102K->39558K(490496K), 0.0027722 secs] [Times: user=0.02 sys=0.00, real=0.01 secs] 
2019-06-09T05:58:45.235+0300: 21.843: [GC (Allocation Failure) [PSYoungGen: 129056K->576K(151552K)] 168070K->39590K(493056K), 0.0047077 secs] [Times: user=0.03 sys=0.00, real=0.01 secs] 
2019-06-09T05:58:47.432+0300: 24.039: [GC (Allocation Failure) [PSYoungGen: 132672K->576K(151040K)] 171686K->39598K(492544K), 0.0040334 secs] [Times: user=0.02 sys=0.00, real=0.00 secs] 
2019-06-09T05:58:49.642+0300: 26.249: [GC (Allocation Failure) [PSYoungGen: 132672K->512K(153088K)] 171694K->39534K(494592K), 0.0795963 secs] [Times: user=0.01 sys=0.00, real=0.08 secs] 
2019-06-09T05:58:51.902+0300: 28.510: [GC (Allocation Failure) [PSYoungGen: 135680K->480K(152576K)] 174702K->39510K(494080K), 0.0026975 secs] [Times: user=0.01 sys=0.01, real=0.00 secs] 
2019-06-09T05:58:54.145+0300: 30.753: [GC (Allocation Failure) [PSYoungGen: 135648K->480K(155136K)] 174678K->39510K(496640K), 0.0030046 secs] [Times: user=0.00 sys=0.01, real=0.00 secs] 
2019-06-09T05:58:56.461+0300: 33.069: [GC (Allocation Failure) [PSYoungGen: 139232K->416K(154112K)] 178262K->39446K(495616K), 0.0032901 secs] [Times: user=0.01 sys=0.00, real=0.00 secs] 
2019-06-09T05:58:58.771+0300: 35.378: [GC (Allocation Failure) [PSYoungGen: 139168K->448K(156672K)] 178198K->39478K(498176K), 0.0023417 secs] [Times: user=0.01 sys=0.01, real=0.00 secs] 
2019-06-09T05:59:01.138+0300: 37.745: [GC (Allocation Failure) [PSYoungGen: 142272K->512K(155648K)] 181302K->39542K(497152K), 0.0028863 secs] [Times: user=0.01 sys=0.00, real=0.00 secs] 
2019-06-09T05:59:03.506+0300: 40.113: [GC (Allocation Failure) [PSYoungGen: 142336K->416K(158208K)] 181366K->39446K(499712K), 0.0044240 secs] [Times: user=0.02 sys=0.00, real=0.01 secs] 
05:59:10.006 [Curator-PathChildrenCache-0] ERROR o.a.c.f.r.c.PathChildrenCache  - 
java.lang.IllegalStateException: instance must be started before calling this method
	at org.apache.curator.shaded.com.google.common.base.Preconditions.checkState(Preconditions.java:444)
	at org.apache.curator.framework.imps.CuratorFrameworkImpl.getChildren(CuratorFrameworkImpl.java:456)
	at org.apache.curator.framework.recipes.cache.PathChildrenCache.refresh(PathChildrenCache.java:521)
	at org.apache.curator.framework.recipes.cache.RefreshOperation.invoke(RefreshOperation.java:35)
	at org.apache.curator.framework.recipes.cache.PathChildrenCache$9.run(PathChildrenCache.java:786)
	at java.util.concurrent.Executors$RunnableAdapter.call(Executors.java:511)
	at java.util.concurrent.FutureTask.run(FutureTask.java:266)
	at java.util.concurrent.Executors$RunnableAdapter.call(Executors.java:511)
	at java.util.concurrent.FutureTask.run(FutureTask.java:266)
	at java.util.concurrent.ThreadPoolExecutor.runWorker(ThreadPoolExecutor.java:1149)
	at java.util.concurrent.ThreadPoolExecutor$Worker.run(ThreadPoolExecutor.java:624)
	at java.lang.Thread.run(Thread.java:748)
Heap
 PSYoungGen      total 158208K, used 103001K [0x00000000f5980000, 0x0000000100000000, 0x0000000100000000)
  eden space 144896K, 70% used [0x00000000f5980000,0x00000000fbdae640,0x00000000fe700000)
  from space 13312K, 3% used [0x00000000ff300000,0x00000000ff368020,0x0000000100000000)
  to   space 12288K, 0% used [0x00000000fe700000,0x00000000fe700000,0x00000000ff300000)
 ParOldGen       total 341504K, used 39030K [0x00000000e0c00000, 0x00000000f5980000, 0x00000000f5980000)
  object space 341504K, 11% used [0x00000000e0c00000,0x00000000e321db38,0x00000000f5980000)
 Metaspace       used 35761K, capacity 36606K, committed 36952K, reserved 1081344K
  class space    used 4936K, capacity 5129K, committed 5248K, reserved 1048576K
