08:20:38,798 |-INFO in ch.qos.logback.classic.LoggerContext[default] - Could NOT find resource [logback-test.xml]
08:20:38,798 |-INFO in ch.qos.logback.classic.LoggerContext[default] - Could NOT find resource [logback.groovy]
08:20:38,798 |-INFO in ch.qos.logback.classic.LoggerContext[default] - Found resource [logback.xml] at [jar:file:/root/flamestream/lib/flamestream-runtime-1.0-SNAPSHOT.jar!/logback.xml]
08:20:38,798 |-WARN in ch.qos.logback.classic.LoggerContext[default] - Resource [logback.xml] occurs multiple times on the classpath.
08:20:38,799 |-WARN in ch.qos.logback.classic.LoggerContext[default] - Resource [logback.xml] occurs at [jar:file:/root/flamestream/lib/flamestream-runtime-1.0-SNAPSHOT.jar!/logback.xml]
08:20:38,799 |-WARN in ch.qos.logback.classic.LoggerContext[default] - Resource [logback.xml] occurs at [jar:file:/root/flamestream/flamestream-runtime-1.0-SNAPSHOT.jar!/logback.xml]
08:20:38,822 |-INFO in ch.qos.logback.core.joran.spi.ConfigurationWatchList@3fb6a447 - URL [jar:file:/root/flamestream/lib/flamestream-runtime-1.0-SNAPSHOT.jar!/logback.xml] is not of type file
08:20:38,893 |-INFO in ch.qos.logback.classic.joran.action.ConfigurationAction - debug attribute not set
08:20:38,893 |-INFO in ch.qos.logback.core.joran.action.AppenderAction - About to instantiate appender of type [ch.qos.logback.core.ConsoleAppender]
08:20:38,908 |-INFO in ch.qos.logback.core.joran.action.AppenderAction - Naming appender as [STDOUT]
08:20:38,925 |-INFO in ch.qos.logback.core.joran.action.NestedComplexPropertyIA - Assuming default type [ch.qos.logback.classic.encoder.PatternLayoutEncoder] for [encoder] property
08:20:39,013 |-INFO in ch.qos.logback.core.joran.action.AppenderAction - About to instantiate appender of type [ch.qos.logback.core.rolling.RollingFileAppender]
08:20:39,018 |-INFO in ch.qos.logback.core.joran.action.AppenderAction - Naming appender as [FILE]
08:20:39,048 |-INFO in c.q.l.core.rolling.TimeBasedRollingPolicy@127618319 - No compression will be used
08:20:39,049 |-INFO in c.q.l.core.rolling.TimeBasedRollingPolicy@127618319 - Will use the pattern /tmp/application_%d{yyyy-MM-dd}.%i.log for the active file
08:20:39,052 |-INFO in ch.qos.logback.core.rolling.SizeAndTimeBasedFNATP@6b2fad11 - The date pattern is 'yyyy-MM-dd' from file name pattern '/tmp/application_%d{yyyy-MM-dd}.%i.log'.
08:20:39,052 |-INFO in ch.qos.logback.core.rolling.SizeAndTimeBasedFNATP@6b2fad11 - Roll-over at midnight.
08:20:39,057 |-INFO in ch.qos.logback.core.rolling.SizeAndTimeBasedFNATP@6b2fad11 - Setting initial period to Tue Jun 11 08:19:21 UTC 2019
08:20:39,057 |-WARN in ch.qos.logback.core.rolling.SizeAndTimeBasedFNATP@6b2fad11 - SizeAndTimeBasedFNATP is deprecated. Use SizeAndTimeBasedRollingPolicy instead
08:20:39,057 |-WARN in ch.qos.logback.core.rolling.SizeAndTimeBasedFNATP@6b2fad11 - For more information see http://logback.qos.ch/manual/appenders.html#SizeAndTimeBasedRollingPolicy
08:20:39,061 |-INFO in ch.qos.logback.core.joran.action.NestedComplexPropertyIA - Assuming default type [ch.qos.logback.classic.encoder.PatternLayoutEncoder] for [encoder] property
08:20:39,065 |-INFO in ch.qos.logback.core.rolling.RollingFileAppender[FILE] - Active log file name: /tmp/application.log
08:20:39,065 |-INFO in ch.qos.logback.core.rolling.RollingFileAppender[FILE] - File property is set to [/tmp/application.log]
08:20:39,066 |-INFO in ch.qos.logback.classic.joran.action.RootLoggerAction - Setting level of ROOT logger to WARN
08:20:39,066 |-INFO in ch.qos.logback.core.joran.action.AppenderRefAction - Attaching appender named [STDOUT] to Logger[ROOT]
08:20:39,068 |-INFO in ch.qos.logback.core.joran.action.AppenderRefAction - Attaching appender named [FILE] to Logger[ROOT]
08:20:39,068 |-INFO in ch.qos.logback.classic.joran.action.ConfigurationAction - End of configuration.
08:20:39,069 |-INFO in ch.qos.logback.classic.joran.JoranConfigurator@79698539 - Registering current configuration as safe fallback point

Ama winner
Ama winner
2019-06-11T08:20:40.334+0000: 1.715: [Full GC (Metadata GC Threshold) 2019-06-11T08:20:40.334+0000: 1.715: [Tenured: 0K->15144K(341376K), 0.0390486 secs] 114923K->15144K(494976K), [Metaspace: 20735K->20735K(1067008K)], 0.0391116 secs] [Times: user=0.04 sys=0.00, real=0.04 secs] 
08:20:58.752 [Curator-PathChildrenCache-1] WARN  o.a.c.u.ZKPaths  - The version of ZooKeeper being used doesn't support Container nodes. CreateMode.PERSISTENT will be used instead.
2019-06-11T08:21:00.979+0000: 22.360: [GC (Allocation Failure) 2019-06-11T08:21:00.979+0000: 22.360: [DefNew: 136576K->17023K(153600K), 0.0293292 secs] 151720K->52447K(494976K), 0.0294000 secs] [Times: user=0.01 sys=0.01, real=0.03 secs] 
2019-06-11T08:21:06.060+0000: 27.441: [GC (Allocation Failure) 2019-06-11T08:21:06.060+0000: 27.441: [DefNew: 153599K->220K(153600K), 0.0095788 secs] 189023K->43777K(494976K), 0.0096403 secs] [Times: user=0.01 sys=0.00, real=0.01 secs] 
2019-06-11T08:21:10.909+0000: 32.291: [GC (Allocation Failure) 2019-06-11T08:21:10.909+0000: 32.291: [DefNew: 136796K->208K(153600K), 0.0026609 secs] 180353K->43765K(494976K), 0.0027209 secs] [Times: user=0.00 sys=0.00, real=0.00 secs] 
2019-06-11T08:21:13.271+0000: 34.653: [Full GC (Metadata GC Threshold) 2019-06-11T08:21:13.271+0000: 34.653: [Tenured: 43556K->43764K(341376K), 0.0464382 secs] 112402K->43764K(494976K), [Metaspace: 34599K->34599K(1079296K)], 0.0465164 secs] [Times: user=0.05 sys=0.00, real=0.05 secs] 
2019-06-11T08:21:18.115+0000: 39.497: [GC (Allocation Failure) 2019-06-11T08:21:18.115+0000: 39.497: [DefNew: 136576K->44K(153600K), 0.0016008 secs] 180340K->43809K(494976K), 0.0016689 secs] [Times: user=0.00 sys=0.00, real=0.00 secs] 
2019-06-11T08:21:22.968+0000: 44.349: [GC (Allocation Failure) 2019-06-11T08:21:22.968+0000: 44.349: [DefNew: 136620K->45K(153600K), 0.0015697 secs] 180385K->43810K(494976K), 0.0016295 secs] [Times: user=0.01 sys=0.00, real=0.00 secs] 
08:21:35.456 [Curator-PathChildrenCache-0] ERROR o.a.c.f.r.c.PathChildrenCache  - 
java.lang.IllegalStateException: instance must be started before calling this method
	at org.apache.curator.shaded.com.google.common.base.Preconditions.checkState(Preconditions.java:444)
	at org.apache.curator.framework.imps.CuratorFrameworkImpl.getChildren(CuratorFrameworkImpl.java:456)
	at org.apache.curator.framework.recipes.cache.PathChildrenCache.refresh(PathChildrenCache.java:521)
	at org.apache.curator.framework.recipes.cache.RefreshOperation.invoke(RefreshOperation.java:35)
	at org.apache.curator.framework.recipes.cache.PathChildrenCache$9.run(PathChildrenCache.java:786)
	at java.util.concurrent.Executors$RunnableAdapter.call(Executors.java:511)
	at java.util.concurrent.FutureTask.run(FutureTask.java:266)
	at java.util.concurrent.Executors$RunnableAdapter.call(Executors.java:511)
	at java.util.concurrent.FutureTask.run(FutureTask.java:266)
	at java.util.concurrent.ThreadPoolExecutor.runWorker(ThreadPoolExecutor.java:1149)
	at java.util.concurrent.ThreadPoolExecutor$Worker.run(ThreadPoolExecutor.java:624)
	at java.lang.Thread.run(Thread.java:748)
2019-06-11T08:21:35.504+0000: 56.886: [GC (Allocation Failure) 2019-06-11T08:21:35.504+0000: 56.886: [DefNew: 136621K->761K(153600K), 0.0029166 secs] 180386K->44525K(494976K), 0.0029720 secs] [Times: user=0.00 sys=0.00, real=0.01 secs] 
Heap
 def new generation   total 153600K, used 15591K [0x00000000e0c00000, 0x00000000eb2a0000, 0x00000000eb2a0000)
  eden space 136576K,  10% used [0x00000000e0c00000, 0x00000000e1a7bb28, 0x00000000e9160000)
  from space 17024K,   4% used [0x00000000e9160000, 0x00000000e921e420, 0x00000000ea200000)
  to   space 17024K,   0% used [0x00000000ea200000, 0x00000000ea200000, 0x00000000eb2a0000)
 tenured generation   total 341376K, used 43764K [0x00000000eb2a0000, 0x0000000100000000, 0x0000000100000000)
   the space 341376K,  12% used [0x00000000eb2a0000, 0x00000000edd5d350, 0x00000000edd5d400, 0x0000000100000000)
 Metaspace       used 35729K, capacity 36602K, committed 36864K, reserved 1081344K
  class space    used 4811K, capacity 5009K, committed 5120K, reserved 1048576K
