05:58:01,988 |-INFO in ch.qos.logback.classic.LoggerContext[default] - Could NOT find resource [logback-test.xml]
05:58:01,988 |-INFO in ch.qos.logback.classic.LoggerContext[default] - Could NOT find resource [logback.groovy]
05:58:01,988 |-INFO in ch.qos.logback.classic.LoggerContext[default] - Found resource [logback.xml] at [jar:file:/root/flamestream/lib/flamestream-runtime-1.0-SNAPSHOT.jar!/logback.xml]
05:58:01,989 |-WARN in ch.qos.logback.classic.LoggerContext[default] - Resource [logback.xml] occurs multiple times on the classpath.
05:58:01,989 |-WARN in ch.qos.logback.classic.LoggerContext[default] - Resource [logback.xml] occurs at [jar:file:/root/flamestream/lib/flamestream-runtime-1.0-SNAPSHOT.jar!/logback.xml]
05:58:01,989 |-WARN in ch.qos.logback.classic.LoggerContext[default] - Resource [logback.xml] occurs at [jar:file:/root/flamestream/flamestream-runtime-1.0-SNAPSHOT.jar!/logback.xml]
05:58:02,009 |-INFO in ch.qos.logback.core.joran.spi.ConfigurationWatchList@3fb6a447 - URL [jar:file:/root/flamestream/lib/flamestream-runtime-1.0-SNAPSHOT.jar!/logback.xml] is not of type file
05:58:02,076 |-INFO in ch.qos.logback.classic.joran.action.ConfigurationAction - debug attribute not set
05:58:02,076 |-INFO in ch.qos.logback.core.joran.action.AppenderAction - About to instantiate appender of type [ch.qos.logback.core.ConsoleAppender]
05:58:02,092 |-INFO in ch.qos.logback.core.joran.action.AppenderAction - Naming appender as [STDOUT]
05:58:02,112 |-INFO in ch.qos.logback.core.joran.action.NestedComplexPropertyIA - Assuming default type [ch.qos.logback.classic.encoder.PatternLayoutEncoder] for [encoder] property
05:58:02,195 |-INFO in ch.qos.logback.core.joran.action.AppenderAction - About to instantiate appender of type [ch.qos.logback.core.rolling.RollingFileAppender]
05:58:02,199 |-INFO in ch.qos.logback.core.joran.action.AppenderAction - Naming appender as [FILE]
05:58:02,230 |-INFO in c.q.l.core.rolling.TimeBasedRollingPolicy@127618319 - No compression will be used
05:58:02,231 |-INFO in c.q.l.core.rolling.TimeBasedRollingPolicy@127618319 - Will use the pattern /tmp/application_%d{yyyy-MM-dd}.%i.log for the active file
05:58:02,234 |-INFO in ch.qos.logback.core.rolling.SizeAndTimeBasedFNATP@6b2fad11 - The date pattern is 'yyyy-MM-dd' from file name pattern '/tmp/application_%d{yyyy-MM-dd}.%i.log'.
05:58:02,234 |-INFO in ch.qos.logback.core.rolling.SizeAndTimeBasedFNATP@6b2fad11 - Roll-over at midnight.
05:58:02,239 |-INFO in ch.qos.logback.core.rolling.SizeAndTimeBasedFNATP@6b2fad11 - Setting initial period to Tue Jun 11 05:56:43 UTC 2019
05:58:02,239 |-WARN in ch.qos.logback.core.rolling.SizeAndTimeBasedFNATP@6b2fad11 - SizeAndTimeBasedFNATP is deprecated. Use SizeAndTimeBasedRollingPolicy instead
05:58:02,239 |-WARN in ch.qos.logback.core.rolling.SizeAndTimeBasedFNATP@6b2fad11 - For more information see http://logback.qos.ch/manual/appenders.html#SizeAndTimeBasedRollingPolicy
05:58:02,243 |-INFO in ch.qos.logback.core.joran.action.NestedComplexPropertyIA - Assuming default type [ch.qos.logback.classic.encoder.PatternLayoutEncoder] for [encoder] property
05:58:02,248 |-INFO in ch.qos.logback.core.rolling.RollingFileAppender[FILE] - Active log file name: /tmp/application.log
05:58:02,248 |-INFO in ch.qos.logback.core.rolling.RollingFileAppender[FILE] - File property is set to [/tmp/application.log]
05:58:02,249 |-INFO in ch.qos.logback.classic.joran.action.RootLoggerAction - Setting level of ROOT logger to WARN
05:58:02,249 |-INFO in ch.qos.logback.core.joran.action.AppenderRefAction - Attaching appender named [STDOUT] to Logger[ROOT]
05:58:02,251 |-INFO in ch.qos.logback.core.joran.action.AppenderRefAction - Attaching appender named [FILE] to Logger[ROOT]
05:58:02,251 |-INFO in ch.qos.logback.classic.joran.action.ConfigurationAction - End of configuration.
05:58:02,251 |-INFO in ch.qos.logback.classic.joran.JoranConfigurator@79698539 - Registering current configuration as safe fallback point

Ama winner
Ama winner
2019-06-11T05:58:03.534+0000: 1.733: [Full GC (Metadata GC Threshold) 2019-06-11T05:58:03.534+0000: 1.733: [Tenured: 0K->15145K(341376K), 0.0391780 secs] 114987K->15145K(494976K), [Metaspace: 20737K->20737K(1067008K)], 0.0392509 secs] [Times: user=0.04 sys=0.00, real=0.04 secs] 
05:58:20.169 [Curator-PathChildrenCache-2] WARN  o.a.c.u.ZKPaths  - The version of ZooKeeper being used doesn't support Container nodes. CreateMode.PERSISTENT will be used instead.
2019-06-11T05:58:22.082+0000: 20.281: [GC (Allocation Failure) 2019-06-11T05:58:22.082+0000: 20.281: [DefNew: 117652K->17023K(153600K), 0.0216876 secs] 132797K->32975K(494976K), 0.0217710 secs] [Times: user=0.02 sys=0.01, real=0.02 secs] 
2019-06-11T05:58:22.712+0000: 20.911: [Full GC (Metadata GC Threshold) 2019-06-11T05:58:22.712+0000: 20.911: [Tenured: 15951K->44047K(341376K), 0.0784792 secs] 73252K->44047K(494976K), [Metaspace: 34585K->34585K(1079296K)], 0.0785670 secs] [Times: user=0.07 sys=0.01, real=0.08 secs] 
2019-06-11T05:58:24.429+0000: 22.628: [GC (Allocation Failure) 2019-06-11T05:58:24.429+0000: 22.628: [DefNew: 136576K->92K(153600K), 0.0018600 secs] 180623K->44140K(494976K), 0.0019180 secs] [Times: user=0.01 sys=0.00, real=0.00 secs] 
2019-06-11T05:58:25.802+0000: 24.001: [GC (Allocation Failure) 2019-06-11T05:58:25.802+0000: 24.001: [DefNew: 136668K->119K(153600K), 0.0017520 secs] 180716K->44167K(494976K), 0.0018114 secs] [Times: user=0.00 sys=0.00, real=0.00 secs] 
2019-06-11T05:58:27.128+0000: 25.327: [GC (Allocation Failure) 2019-06-11T05:58:27.128+0000: 25.327: [DefNew: 136695K->120K(153600K), 0.0017091 secs] 180743K->44167K(494976K), 0.0017731 secs] [Times: user=0.00 sys=0.00, real=0.00 secs] 
2019-06-11T05:58:28.435+0000: 26.634: [GC (Allocation Failure) 2019-06-11T05:58:28.435+0000: 26.634: [DefNew: 136696K->126K(153600K), 0.0018099 secs] 180743K->44174K(494976K), 0.0018675 secs] [Times: user=0.00 sys=0.00, real=0.00 secs] 
2019-06-11T05:58:29.773+0000: 27.972: [GC (Allocation Failure) 2019-06-11T05:58:29.773+0000: 27.972: [DefNew: 136702K->129K(153600K), 0.0017938 secs] 180750K->44177K(494976K), 0.0018518 secs] [Times: user=0.01 sys=0.00, real=0.00 secs] 
2019-06-11T05:58:31.583+0000: 29.781: [GC (Allocation Failure) 2019-06-11T05:58:31.583+0000: 29.781: [DefNew: 136705K->129K(153600K), 0.0018535 secs] 180753K->44177K(494976K), 0.0019112 secs] [Times: user=0.01 sys=0.00, real=0.00 secs] 
05:58:36.732 [Curator-PathChildrenCache-0] ERROR o.a.c.f.r.c.PathChildrenCache  - 
java.lang.IllegalStateException: instance must be started before calling this method
	at org.apache.curator.shaded.com.google.common.base.Preconditions.checkState(Preconditions.java:444)
	at org.apache.curator.framework.imps.CuratorFrameworkImpl.getChildren(CuratorFrameworkImpl.java:456)
	at org.apache.curator.framework.recipes.cache.PathChildrenCache.refresh(PathChildrenCache.java:521)
	at org.apache.curator.framework.recipes.cache.RefreshOperation.invoke(RefreshOperation.java:35)
	at org.apache.curator.framework.recipes.cache.PathChildrenCache$9.run(PathChildrenCache.java:786)
	at java.util.concurrent.Executors$RunnableAdapter.call(Executors.java:511)
	at java.util.concurrent.FutureTask.run(FutureTask.java:266)
	at java.util.concurrent.Executors$RunnableAdapter.call(Executors.java:511)
	at java.util.concurrent.FutureTask.run(FutureTask.java:266)
	at java.util.concurrent.ThreadPoolExecutor.runWorker(ThreadPoolExecutor.java:1149)
	at java.util.concurrent.ThreadPoolExecutor$Worker.run(ThreadPoolExecutor.java:624)
	at java.lang.Thread.run(Thread.java:748)
Heap
 def new generation   total 153600K, used 46477K [0x00000000e0c00000, 0x00000000eb2a0000, 0x00000000eb2a0000)
  eden space 136576K,  33% used [0x00000000e0c00000, 0x00000000e3943128, 0x00000000e9160000)
  from space 17024K,   0% used [0x00000000ea200000, 0x00000000ea2205b0, 0x00000000eb2a0000)
  to   space 17024K,   0% used [0x00000000e9160000, 0x00000000e9160000, 0x00000000ea200000)
 tenured generation   total 341376K, used 44047K [0x00000000eb2a0000, 0x0000000100000000, 0x0000000100000000)
   the space 341376K,  12% used [0x00000000eb2a0000, 0x00000000edda3f98, 0x00000000edda4000, 0x0000000100000000)
 Metaspace       used 35759K, capacity 36674K, committed 36864K, reserved 1081344K
  class space    used 4860K, capacity 5059K, committed 5120K, reserved 1048576K
