18:00:19,016 |-INFO in ch.qos.logback.classic.LoggerContext[default] - Could NOT find resource [logback-test.xml]
18:00:19,017 |-INFO in ch.qos.logback.classic.LoggerContext[default] - Could NOT find resource [logback.groovy]
18:00:19,017 |-INFO in ch.qos.logback.classic.LoggerContext[default] - Found resource [logback.xml] at [jar:file:/root/flamestream/lib/flamestream-runtime-1.0-SNAPSHOT.jar!/logback.xml]
18:00:19,017 |-WARN in ch.qos.logback.classic.LoggerContext[default] - Resource [logback.xml] occurs multiple times on the classpath.
18:00:19,022 |-WARN in ch.qos.logback.classic.LoggerContext[default] - Resource [logback.xml] occurs at [jar:file:/root/flamestream/lib/flamestream-runtime-1.0-SNAPSHOT.jar!/logback.xml]
18:00:19,022 |-WARN in ch.qos.logback.classic.LoggerContext[default] - Resource [logback.xml] occurs at [jar:file:/root/flamestream/flamestream-runtime-1.0-SNAPSHOT.jar!/logback.xml]
18:00:19,041 |-INFO in ch.qos.logback.core.joran.spi.ConfigurationWatchList@3fb6a447 - URL [jar:file:/root/flamestream/lib/flamestream-runtime-1.0-SNAPSHOT.jar!/logback.xml] is not of type file
18:00:19,108 |-INFO in ch.qos.logback.classic.joran.action.ConfigurationAction - debug attribute not set
18:00:19,108 |-INFO in ch.qos.logback.core.joran.action.AppenderAction - About to instantiate appender of type [ch.qos.logback.core.ConsoleAppender]
18:00:19,124 |-INFO in ch.qos.logback.core.joran.action.AppenderAction - Naming appender as [STDOUT]
18:00:19,144 |-INFO in ch.qos.logback.core.joran.action.NestedComplexPropertyIA - Assuming default type [ch.qos.logback.classic.encoder.PatternLayoutEncoder] for [encoder] property
18:00:19,241 |-INFO in ch.qos.logback.core.joran.action.AppenderAction - About to instantiate appender of type [ch.qos.logback.core.rolling.RollingFileAppender]
18:00:19,252 |-INFO in ch.qos.logback.core.joran.action.AppenderAction - Naming appender as [FILE]
18:00:19,280 |-INFO in c.q.l.core.rolling.TimeBasedRollingPolicy@127618319 - No compression will be used
18:00:19,281 |-INFO in c.q.l.core.rolling.TimeBasedRollingPolicy@127618319 - Will use the pattern /tmp/application_%d{yyyy-MM-dd}.%i.log for the active file
18:00:19,284 |-INFO in ch.qos.logback.core.rolling.SizeAndTimeBasedFNATP@6b2fad11 - The date pattern is 'yyyy-MM-dd' from file name pattern '/tmp/application_%d{yyyy-MM-dd}.%i.log'.
18:00:19,284 |-INFO in ch.qos.logback.core.rolling.SizeAndTimeBasedFNATP@6b2fad11 - Roll-over at midnight.
18:00:19,289 |-INFO in ch.qos.logback.core.rolling.SizeAndTimeBasedFNATP@6b2fad11 - Setting initial period to Tue Jun 11 17:59:11 UTC 2019
18:00:19,290 |-WARN in ch.qos.logback.core.rolling.SizeAndTimeBasedFNATP@6b2fad11 - SizeAndTimeBasedFNATP is deprecated. Use SizeAndTimeBasedRollingPolicy instead
18:00:19,290 |-WARN in ch.qos.logback.core.rolling.SizeAndTimeBasedFNATP@6b2fad11 - For more information see http://logback.qos.ch/manual/appenders.html#SizeAndTimeBasedRollingPolicy
18:00:19,294 |-INFO in ch.qos.logback.core.joran.action.NestedComplexPropertyIA - Assuming default type [ch.qos.logback.classic.encoder.PatternLayoutEncoder] for [encoder] property
18:00:19,299 |-INFO in ch.qos.logback.core.rolling.RollingFileAppender[FILE] - Active log file name: /tmp/application.log
18:00:19,299 |-INFO in ch.qos.logback.core.rolling.RollingFileAppender[FILE] - File property is set to [/tmp/application.log]
18:00:19,300 |-INFO in ch.qos.logback.classic.joran.action.RootLoggerAction - Setting level of ROOT logger to WARN
18:00:19,300 |-INFO in ch.qos.logback.core.joran.action.AppenderRefAction - Attaching appender named [STDOUT] to Logger[ROOT]
18:00:19,302 |-INFO in ch.qos.logback.core.joran.action.AppenderRefAction - Attaching appender named [FILE] to Logger[ROOT]
18:00:19,302 |-INFO in ch.qos.logback.classic.joran.action.ConfigurationAction - End of configuration.
18:00:19,302 |-INFO in ch.qos.logback.classic.joran.JoranConfigurator@79698539 - Registering current configuration as safe fallback point

Ama winner
Ama winner
2019-06-11T18:00:20.821+0000: 1.985: [Full GC (Metadata GC Threshold) 2019-06-11T18:00:20.821+0000: 1.985: [Tenured: 0K->15144K(341376K), 0.0607680 secs] 114923K->15144K(494976K), [Metaspace: 20745K->20745K(1067008K)], 0.0608651 secs] [Times: user=0.04 sys=0.00, real=0.06 secs] 
18:00:33.868 [Curator-PathChildrenCache-2] WARN  o.a.c.u.ZKPaths  - The version of ZooKeeper being used doesn't support Container nodes. CreateMode.PERSISTENT will be used instead.
2019-06-11T18:00:35.686+0000: 16.850: [Full GC (Metadata GC Threshold) 2019-06-11T18:00:35.686+0000: 16.850: [Tenured: 15144K->49682K(341376K), 0.0603210 secs] 148261K->49682K(494976K), [Metaspace: 34382K->34382K(1079296K)], 0.0603962 secs] [Times: user=0.04 sys=0.01, real=0.06 secs] 
2019-06-11T18:00:43.614+0000: 24.778: [GC (Allocation Failure) 2019-06-11T18:00:43.614+0000: 24.778: [DefNew: 136576K->133K(153600K), 0.0041280 secs] 186258K->49816K(494976K), 0.0041877 secs] [Times: user=0.00 sys=0.00, real=0.00 secs] 
2019-06-11T18:00:53.182+0000: 34.345: [GC (Allocation Failure) 2019-06-11T18:00:53.182+0000: 34.346: [DefNew: 136709K->135K(153600K), 0.0016353 secs] 186392K->49818K(494976K), 0.0017002 secs] [Times: user=0.00 sys=0.00, real=0.00 secs] 
2019-06-11T18:01:02.982+0000: 44.146: [GC (Allocation Failure) 2019-06-11T18:01:02.982+0000: 44.146: [DefNew: 136711K->132K(153600K), 0.0016784 secs] 186394K->49814K(494976K), 0.0017410 secs] [Times: user=0.00 sys=0.00, real=0.00 secs] 
2019-06-11T18:01:12.925+0000: 54.088: [GC (Allocation Failure) 2019-06-11T18:01:12.925+0000: 54.088: [DefNew: 136708K->133K(153600K), 0.0016719 secs] 186390K->49815K(494976K), 0.0017336 secs] [Times: user=0.01 sys=0.00, real=0.01 secs] 
2019-06-11T18:01:23.117+0000: 64.281: [GC (Allocation Failure) 2019-06-11T18:01:23.117+0000: 64.281: [DefNew: 136709K->434K(153600K), 0.0020436 secs] 186391K->50117K(494976K), 0.0021070 secs] [Times: user=0.00 sys=0.00, real=0.00 secs] 
2019-06-11T18:01:36.212+0000: 77.375: [GC (Allocation Failure) 2019-06-11T18:01:36.212+0000: 77.375: [DefNew: 137010K->187K(153600K), 0.0019010 secs] 186693K->49869K(494976K), 0.0019626 secs] [Times: user=0.00 sys=0.00, real=0.01 secs] 
2019-06-11T18:01:49.174+0000: 90.338: [GC (Allocation Failure) 2019-06-11T18:01:49.174+0000: 90.338: [DefNew: 136763K->187K(153600K), 0.0018952 secs] 186445K->49870K(494976K), 0.0019563 secs] [Times: user=0.00 sys=0.00, real=0.00 secs] 
2019-06-11T18:02:02.253+0000: 103.417: [GC (Allocation Failure) 2019-06-11T18:02:02.253+0000: 103.417: [DefNew: 136763K->191K(153600K), 0.0019066 secs] 186446K->49874K(494976K), 0.0019700 secs] [Times: user=0.00 sys=0.00, real=0.01 secs] 
18:02:15.862 [Curator-PathChildrenCache-0] ERROR o.a.c.f.r.c.PathChildrenCache  - 
java.lang.IllegalStateException: instance must be started before calling this method
	at org.apache.curator.shaded.com.google.common.base.Preconditions.checkState(Preconditions.java:444)
	at org.apache.curator.framework.imps.CuratorFrameworkImpl.getChildren(CuratorFrameworkImpl.java:456)
	at org.apache.curator.framework.recipes.cache.PathChildrenCache.refresh(PathChildrenCache.java:521)
	at org.apache.curator.framework.recipes.cache.RefreshOperation.invoke(RefreshOperation.java:35)
	at org.apache.curator.framework.recipes.cache.PathChildrenCache$9.run(PathChildrenCache.java:786)
	at java.util.concurrent.Executors$RunnableAdapter.call(Executors.java:511)
	at java.util.concurrent.FutureTask.run(FutureTask.java:266)
	at java.util.concurrent.Executors$RunnableAdapter.call(Executors.java:511)
	at java.util.concurrent.FutureTask.run(FutureTask.java:266)
	at java.util.concurrent.ThreadPoolExecutor.runWorker(ThreadPoolExecutor.java:1149)
	at java.util.concurrent.ThreadPoolExecutor$Worker.run(ThreadPoolExecutor.java:624)
	at java.lang.Thread.run(Thread.java:748)
Heap
 def new generation   total 153600K, used 62496K [0x00000000e0c00000, 0x00000000eb2a0000, 0x00000000eb2a0000)
  eden space 136576K,  45% used [0x00000000e0c00000, 0x00000000e48d81b8, 0x00000000e9160000)
  from space 17024K,   1% used [0x00000000e9160000, 0x00000000e918fef0, 0x00000000ea200000)
  to   space 17024K,   0% used [0x00000000ea200000, 0x00000000ea200000, 0x00000000eb2a0000)
 tenured generation   total 341376K, used 49682K [0x00000000eb2a0000, 0x0000000100000000, 0x0000000100000000)
   the space 341376K,  14% used [0x00000000eb2a0000, 0x00000000ee324b08, 0x00000000ee324c00, 0x0000000100000000)
 Metaspace       used 35923K, capacity 36930K, committed 37120K, reserved 1081344K
  class space    used 4894K, capacity 5113K, committed 5120K, reserved 1048576K
