18:53:47,875 |-INFO in ch.qos.logback.classic.LoggerContext[default] - Could NOT find resource [logback-test.xml]
18:53:47,876 |-INFO in ch.qos.logback.classic.LoggerContext[default] - Could NOT find resource [logback.groovy]
18:53:47,876 |-INFO in ch.qos.logback.classic.LoggerContext[default] - Found resource [logback.xml] at [jar:file:/home/ubuntu/flamestream/lib/flamestream-runtime-1.0-SNAPSHOT.jar!/logback.xml]
18:53:47,876 |-WARN in ch.qos.logback.classic.LoggerContext[default] - Resource [logback.xml] occurs multiple times on the classpath.
18:53:47,876 |-WARN in ch.qos.logback.classic.LoggerContext[default] - Resource [logback.xml] occurs at [jar:file:/home/ubuntu/flamestream/flamestream-runtime-1.0-SNAPSHOT.jar!/logback.xml]
18:53:47,876 |-WARN in ch.qos.logback.classic.LoggerContext[default] - Resource [logback.xml] occurs at [jar:file:/home/ubuntu/flamestream/lib/flamestream-runtime-1.0-SNAPSHOT.jar!/logback.xml]
18:53:47,894 |-INFO in ch.qos.logback.core.joran.spi.ConfigurationWatchList@4678c730 - URL [jar:file:/home/ubuntu/flamestream/lib/flamestream-runtime-1.0-SNAPSHOT.jar!/logback.xml] is not of type file
18:53:47,974 |-INFO in ch.qos.logback.classic.joran.action.ConfigurationAction - debug attribute not set
18:53:47,974 |-INFO in ch.qos.logback.core.joran.action.AppenderAction - About to instantiate appender of type [ch.qos.logback.core.ConsoleAppender]
18:53:47,991 |-INFO in ch.qos.logback.core.joran.action.AppenderAction - Naming appender as [STDOUT]
18:53:48,004 |-INFO in ch.qos.logback.core.joran.action.NestedComplexPropertyIA - Assuming default type [ch.qos.logback.classic.encoder.PatternLayoutEncoder] for [encoder] property
18:53:48,090 |-INFO in ch.qos.logback.core.joran.action.AppenderAction - About to instantiate appender of type [ch.qos.logback.core.rolling.RollingFileAppender]
18:53:48,094 |-INFO in ch.qos.logback.core.joran.action.AppenderAction - Naming appender as [FILE]
18:53:48,130 |-INFO in c.q.l.core.rolling.TimeBasedRollingPolicy@1734853116 - No compression will be used
18:53:48,136 |-INFO in c.q.l.core.rolling.TimeBasedRollingPolicy@1734853116 - Will use the pattern /tmp/application_%d{yyyy-MM-dd}.%i.log for the active file
18:53:48,138 |-INFO in ch.qos.logback.core.rolling.SizeAndTimeBasedFNATP@29ee9faa - The date pattern is 'yyyy-MM-dd' from file name pattern '/tmp/application_%d{yyyy-MM-dd}.%i.log'.
18:53:48,138 |-INFO in ch.qos.logback.core.rolling.SizeAndTimeBasedFNATP@29ee9faa - Roll-over at midnight.
18:53:48,147 |-INFO in ch.qos.logback.core.rolling.SizeAndTimeBasedFNATP@29ee9faa - Setting initial period to Sat Sep 28 18:52:00 UTC 2019
18:53:48,147 |-WARN in ch.qos.logback.core.rolling.SizeAndTimeBasedFNATP@29ee9faa - SizeAndTimeBasedFNATP is deprecated. Use SizeAndTimeBasedRollingPolicy instead
18:53:48,147 |-WARN in ch.qos.logback.core.rolling.SizeAndTimeBasedFNATP@29ee9faa - For more information see http://logback.qos.ch/manual/appenders.html#SizeAndTimeBasedRollingPolicy
18:53:48,151 |-INFO in ch.qos.logback.core.joran.action.NestedComplexPropertyIA - Assuming default type [ch.qos.logback.classic.encoder.PatternLayoutEncoder] for [encoder] property
18:53:48,155 |-INFO in ch.qos.logback.core.rolling.RollingFileAppender[FILE] - Active log file name: /tmp/application.log
18:53:48,155 |-INFO in ch.qos.logback.core.rolling.RollingFileAppender[FILE] - File property is set to [/tmp/application.log]
18:53:48,156 |-INFO in ch.qos.logback.classic.joran.action.RootLoggerAction - Setting level of ROOT logger to INFO
18:53:48,156 |-INFO in ch.qos.logback.core.joran.action.AppenderRefAction - Attaching appender named [STDOUT] to Logger[ROOT]
18:53:48,157 |-INFO in ch.qos.logback.core.joran.action.AppenderRefAction - Attaching appender named [FILE] to Logger[ROOT]
18:53:48,157 |-INFO in ch.qos.logback.classic.joran.action.ConfigurationAction - End of configuration.
18:53:48,158 |-INFO in ch.qos.logback.classic.joran.JoranConfigurator@c038203 - Registering current configuration as safe fallback point

18:53:48.164 [main] INFO  c.s.f.r.WorkerApplication  - Starting worker with workerConfig 'WorkerConfig{id='flamestream-benchmarks-worker-9', localAddress=flamestream-benchmarks-worker-9/10.0.0.9:5412, zkString='flamestream-benchmarks-manager:12181', snapshotPath='/home/ubuntu/flamestream/data', guarantees=AT_MOST_ONCE}'
18:53:49.557 [worker-akka.actor.default-dispatcher-6] INFO  a.e.s.Slf4jLogger  - Slf4jLogger started
2019-09-28T18:53:49.711+0000: 2.161: [Full GC (Metadata GC Threshold) 2019-09-28T18:53:49.711+0000: 2.161: [Tenured: 0K->13625K(1024000K), 0.0484605 secs] 139456K->13625K(1484800K), [Metaspace: 20227K->20227K(1067008K)], 0.0485593 secs] [Times: user=0.04 sys=0.01, real=0.05 secs] 
18:53:49.856 [worker-akka.actor.default-dispatcher-6] WARN  a.r.RemoteActorRefProvider akka.remote.RemoteActorRefProvider - Using the 'remote' ActorRefProvider directly, which is a low-level layer. For most use cases, the 'cluster' abstraction on top of remoting is more suitable instead.
18:53:49.862 [worker-akka.actor.default-dispatcher-6] WARN  a.r.RemoteActorRefProvider akka.remote.RemoteActorRefProvider - Akka Cluster not in use - Using Akka Cluster is recommended if you need remote watch and deploy.
18:53:49.971 [worker-akka.actor.default-dispatcher-6] INFO  a.r.a.a.ArteryAeronUdpTransport(akka://worker) akka.remote.artery.aeron.ArteryAeronUdpTransport(akka://worker) - Started embedded media driver in directory [/dev/shm/aeron-flamestream-benchmarks-worker-9]
18:53:50.005 [worker-akka.actor.default-dispatcher-6] WARN  a.r.a.a.ArteryAeronUdpTransport(akka://worker) akka.remote.artery.aeron.ArteryAeronUdpTransport(akka://worker) - Aeron CnC version mismatch: compiled version = 15, file version = 16
18:53:50.241 [worker-akka.actor.default-dispatcher-6] INFO  a.r.a.a.ArteryAeronUdpTransport(akka://worker) akka.remote.artery.aeron.ArteryAeronUdpTransport(akka://worker) - Remoting started with transport [Artery aeron-udp]; listening on address [akka://worker@flamestream-benchmarks-worker-9:5412] and bound to [akka://worker@0.0.0.0:5412] with UID [4080062077442090896]
18:53:50.814 [worker-akka.actor.default-dispatcher-6] WARN  a.s.Serialization(akka://worker) akka.serialization.Serialization(akka://worker) - Using serializer [com.romix.akka.serialization.kryo.KryoSerializer] for message [akka.actor.ActorSelectionMessage]. Note that this serializer is not implemented by Akka. It's not recommended to replace serializers for messages provided by Akka.
18:53:50.815 [worker-akka.actor.default-dispatcher-6] WARN  a.s.Serialization(akka://worker) akka.serialization.Serialization(akka://worker) - Using serializer [com.romix.akka.serialization.kryo.KryoSerializer] for message [akka.actor.ActorIdentity]. Note that this serializer is not implemented by Akka. It's not recommended to replace serializers for messages provided by Akka.
18:53:50.862 [worker-akka.actor.default-dispatcher-9] INFO  a.a.RepointableActorRef akka://worker/user/watcher - Starting...
18:53:50.964 [worker-akka.actor.default-dispatcher-6] INFO  o.a.c.u.Compatibility  - Running in ZooKeeper 3.4.x compatibility mode
18:53:51.017 [worker-akka.actor.default-dispatcher-6] INFO  o.a.c.f.i.CuratorFrameworkImpl  - Starting
18:53:51.039 [worker-akka.actor.default-dispatcher-6] INFO  o.a.z.ZooKeeper  - Client environment:zookeeper.version=3.4.14-4c25d480e66aadd371de8bd2fd8da255ac140bcf, built on 03/06/2019 16:18 GMT
18:53:51.040 [worker-akka.actor.default-dispatcher-6] INFO  o.a.z.ZooKeeper  - Client environment:host.name=flamestream-benchmarks-worker-9
18:53:51.040 [worker-akka.actor.default-dispatcher-6] INFO  o.a.z.ZooKeeper  - Client environment:java.version=1.8.0_222
18:53:51.041 [worker-akka.actor.default-dispatcher-6] INFO  o.a.z.ZooKeeper  - Client environment:java.vendor=Private Build
18:53:51.043 [worker-akka.actor.default-dispatcher-6] INFO  o.a.z.ZooKeeper  - Client environment:java.home=/usr/lib/jvm/java-8-openjdk-amd64/jre
18:53:51.044 [worker-akka.actor.default-dispatcher-6] INFO  o.a.z.ZooKeeper  - Client environment:java.class.path=lib/curator-framework-4.0.1.jar:lib/commons-csv-1.4.jar:lib/aeron-client-1.21.2.jar:lib/scala-library-2.12.9.jar:lib/asm-5.0.4.jar:lib/agrona-1.0.1.jar:lib/curator-recipes-4.0.1.jar:lib/akka-testkit_2.12-2.6.0-M6.jar:lib/flamestream-runtime-1.0-SNAPSHOT.jar:lib/jsr305-3.0.2.jar:lib/trove4j-3.0.3.jar:lib/flamestream-core-1.0-SNAPSHOT.jar:lib/commons-io-2.4.jar:lib/minlog-1.3.0.jar:lib/kryonet-2.21.jar:lib/commons-1.4.9.jar:lib/jline-0.9.94.jar:lib/akka-remote_2.12-2.6.0-M6.jar:lib/leveldbjni-all-1.8.jar:lib/lz4-1.3.0.jar:lib/slf4j-api-1.7.24.jar:lib/scala-parser-combinators_2.12-1.1.2.jar:lib/flamestream-core-1.0-SNAPSHOT-tests.jar:lib/logback-core-1.2.3.jar:lib/netty-3.10.6.Final.jar:lib/protobuf-java-3.9.0.jar:lib/minlog-1.2.jar:lib/leveldb-api-0.7.jar:lib/jool-0.9.12.jar:lib/commons-cli-1.4.jar:lib/jblas-1.2.4.jar:lib/reflectasm-1.11.3.jar:lib/reflectasm-1.07-shaded.jar:lib/audience-annotations-0.5.0.jar:lib/jackson-annotations-2.9.6.jar:lib/commons-lang-2.6.jar:lib/ssl-config-core_2.12-0.3.8.jar:lib/annotations-13.0.jar:lib/logback-classic-1.2.3.jar:lib/guava-21.0.jar:lib/reactive-streams-1.0.2.jar:lib/spotbugs-annotations-3.1.9.jar:lib/leveldb-0.7.jar:lib/commons-pool2-2.4.2.jar:lib/rocksdbjni-5.5.1.jar:lib/jackson-core-2.9.9.jar:lib/jackson-databind-2.9.9.2.jar:lib/akka-protobuf-v3_2.12-2.6.0-M6.jar:lib/jackson-annotations-2.9.0.jar:lib/flamestream-examples-1.0-SNAPSHOT.jar:lib/objenesis-2.1.jar:lib/akka-kryo-serialization_2.12-0.5.2.jar:lib/scala-java8-compat_2.12-0.8.0.jar:lib/zookeeper-3.4.14.jar:lib/akka-slf4j_2.12-2.6.0-M6.jar:lib/kryo-4.0.0.jar:lib/akka-stream_2.12-2.6.0-M6.jar:lib/slf4j-simple-2.0.0-alpha0.jar:lib/aeron-driver-1.21.2.jar:lib/config-1.3.1.jar:lib/annotations-12.0.jar:lib/jedis-2.9.0.jar:lib/jcommander-1.48.jar:lib/testng-6.10.jar:lib/akka-actor_2.12-2.6.0-M6.jar:lib/curator-client-4.0.1.jar:flamestream-runtime-1.0-SNAPSHOT.jar
18:53:51.047 [worker-akka.actor.default-dispatcher-6] INFO  o.a.z.ZooKeeper  - Client environment:java.library.path=/usr/java/packages/lib/amd64:/usr/lib/x86_64-linux-gnu/jni:/lib/x86_64-linux-gnu:/usr/lib/x86_64-linux-gnu:/usr/lib/jni:/lib:/usr/lib
18:53:51.047 [worker-akka.actor.default-dispatcher-6] INFO  o.a.z.ZooKeeper  - Client environment:java.io.tmpdir=/tmp
18:53:51.047 [worker-akka.actor.default-dispatcher-6] INFO  o.a.z.ZooKeeper  - Client environment:java.compiler=<NA>
18:53:51.048 [worker-akka.actor.default-dispatcher-6] INFO  o.a.z.ZooKeeper  - Client environment:os.name=Linux
18:53:51.048 [worker-akka.actor.default-dispatcher-6] INFO  o.a.z.ZooKeeper  - Client environment:os.arch=amd64
18:53:51.048 [worker-akka.actor.default-dispatcher-6] INFO  o.a.z.ZooKeeper  - Client environment:os.version=4.15.0-1040-gcp
18:53:51.048 [worker-akka.actor.default-dispatcher-6] INFO  o.a.z.ZooKeeper  - Client environment:user.name=ubuntu
18:53:51.049 [worker-akka.actor.default-dispatcher-6] INFO  o.a.z.ZooKeeper  - Client environment:user.home=/home/ubuntu
18:53:51.049 [worker-akka.actor.default-dispatcher-6] INFO  o.a.z.ZooKeeper  - Client environment:user.dir=/home/ubuntu/flamestream
18:53:51.052 [worker-akka.actor.default-dispatcher-6] INFO  o.a.z.ZooKeeper  - Initiating client connection, connectString=flamestream-benchmarks-manager:12181 sessionTimeout=60000 watcher=org.apache.curator.ConnectionState@652f61e2
18:53:51.100 [worker-akka.actor.default-dispatcher-6-SendThread(flamestream-benchmarks-manager:12181)] INFO  o.a.z.ClientCnxn  - Opening socket connection to server flamestream-benchmarks-manager/10.0.0.2:12181. Will not attempt to authenticate using SASL (unknown error)
18:53:51.103 [worker-akka.actor.default-dispatcher-6] INFO  o.a.c.f.i.CuratorFrameworkImpl  - Default schema
18:53:51.107 [worker-akka.actor.default-dispatcher-6-SendThread(flamestream-benchmarks-manager:12181)] INFO  o.a.z.ClientCnxn  - Socket connection established to flamestream-benchmarks-manager/10.0.0.2:12181, initiating session
18:53:51.120 [worker-akka.actor.default-dispatcher-6-SendThread(flamestream-benchmarks-manager:12181)] INFO  o.a.z.ClientCnxn  - Session establishment complete on server flamestream-benchmarks-manager/10.0.0.2:12181, sessionid = 0x100015787a40008, negotiated timeout = 60000
18:53:51.129 [worker-akka.actor.default-dispatcher-6-EventThread] INFO  o.a.c.f.s.ConnectionStateManager  - State change: CONNECTED
18:53:51.132 [worker-akka.actor.default-dispatcher-9] INFO  a.a.RepointableActorRef akka://worker/user/watcher - Initializing rocksDB backend
2019-09-28T18:53:51.958+0000: 4.408: [Full GC (Metadata GC Threshold) 2019-09-28T18:53:51.958+0000: 4.409: [Tenured: 13625K->25911K(1024000K), 0.1912849 secs] 161115K->25911K(1484800K), [Metaspace: 33690K->33690K(1079296K)], 0.1913733 secs] [Times: user=0.13 sys=0.01, real=0.19 secs] 
18:53:52.269 [worker-akka.actor.default-dispatcher-6] INFO  a.a.LocalActorRef akka://worker/user/watcher/processing-watcher - Starting...
18:54:00.541 [Curator-PathChildrenCache-2] WARN  o.a.c.u.ZKPaths  - The version of ZooKeeper being used doesn't support Container nodes. CreateMode.PERSISTENT will be used instead.
18:54:00.658 [worker-akka.actor.default-dispatcher-10] INFO  a.a.LocalActorRef akka://worker/user/watcher/processing-watcher/$a - Starting...
18:54:00.693 [worker-akka.actor.default-dispatcher-6] INFO  a.a.LocalActorRef akka://worker/user/watcher/processing-watcher/$a - Stopped
18:54:03.290 [worker-akka.actor.default-dispatcher-9] INFO  a.a.LocalActorRef akka://worker/user/watcher/processing-watcher/graph/graph - Starting...
18:54:07.108 [worker-akka.actor.default-dispatcher-6] INFO  a.a.LocalActorRef akka://worker/user/watcher/processing-watcher/graph/graph - Finishing constructor
18:54:07.113 [worker-akka.actor.default-dispatcher-9] INFO  a.a.LocalActorRef akka://worker/user/watcher/processing-watcher/graph/negotiator - Starting...
18:54:07.115 [worker-akka.actor.default-dispatcher-9] INFO  a.a.LocalActorRef akka://worker/user/watcher/processing-watcher/graph/edge - Starting...
18:54:07.121 [worker-akka.actor.default-dispatcher-6] INFO  a.a.LocalActorRef akka://worker/user/watcher/processing-watcher/graph - Starting FlameNode with config 'ClusterConfig{paths={flamestream-benchmarks-worker-1=akka://worker@flamestream-benchmarks-worker-1:5412/user/watcher/processing-watcher/graph, flamestream-benchmarks-worker-0=akka://worker@flamestream-benchmarks-worker-0:5412/user/watcher/processing-watcher/graph, flamestream-benchmarks-worker-9=akka://worker@flamestream-benchmarks-worker-9:5412/user/watcher/processing-watcher/graph, flamestream-benchmarks-worker-8=akka://worker@flamestream-benchmarks-worker-8:5412/user/watcher/processing-watcher/graph, flamestream-benchmarks-worker-7=akka://worker@flamestream-benchmarks-worker-7:5412/user/watcher/processing-watcher/graph, flamestream-benchmarks-worker-6=akka://worker@flamestream-benchmarks-worker-6:5412/user/watcher/processing-watcher/graph, flamestream-benchmarks-worker-5=akka://worker@flamestream-benchmarks-worker-5:5412/user/watcher/processing-watcher/graph, flamestream-benchmarks-worker-4=akka://worker@flamestream-benchmarks-worker-4:5412/user/watcher/processing-watcher/graph, flamestream-benchmarks-worker-3=akka://worker@flamestream-benchmarks-worker-3:5412/user/watcher/processing-watcher/graph, flamestream-benchmarks-worker-2=akka://worker@flamestream-benchmarks-worker-2:5412/user/watcher/processing-watcher/graph, flamestream-benchmarks-worker-14=akka://worker@flamestream-benchmarks-worker-14:5412/user/watcher/processing-watcher/graph, flamestream-benchmarks-worker-13=akka://worker@flamestream-benchmarks-worker-13:5412/user/watcher/processing-watcher/graph, flamestream-benchmarks-worker-12=akka://worker@flamestream-benchmarks-worker-12:5412/user/watcher/processing-watcher/graph, flamestream-benchmarks-worker-11=akka://worker@flamestream-benchmarks-worker-11:5412/user/watcher/processing-watcher/graph, flamestream-benchmarks-worker-10=akka://worker@flamestream-benchmarks-worker-10:5412/user/watcher/processing-watcher/graph}}'
18:54:07.145 [worker-akka.actor.default-dispatcher-6] INFO  a.a.LocalActorRef akka://worker/user/watcher/processing-watcher/graph/negotiator - Requesting ticket for the frontClass FlameSocketGraphDeployerFront@flamestream-benchmarks-worker-9
18:54:07.175 [worker-akka.actor.default-dispatcher-13] INFO  a.a.LocalActorRef akka://worker/user/watcher/processing-watcher/graph/graph - Received last commit 'LastCommit{globalTime=(0000000, min@min)}'
18:54:07.212 [worker-akka.actor.default-dispatcher-10] INFO  c.s.f.r.e.s.SocketRear  - FlameSocketGraphDeployerRear@flamestream-benchmarks-worker-9: connecting to flamestream-benchmarks-manager:5678
18:54:07.214 [worker-akka.actor.default-dispatcher-13] INFO  a.a.LocalActorRef akka://worker/user/watcher/processing-watcher/graph/edge/FlameSocketGraphDeployerFront - Starting...
18:54:07.224 [worker-akka.actor.default-dispatcher-10] INFO  c.s.f.r.e.s.SocketRear  - FlameSocketGraphDeployerRear@flamestream-benchmarks-worker-9: connected to flamestream-benchmarks-manager:5678
18:54:07.225 [worker-akka.actor.default-dispatcher-10] INFO  a.a.LocalActorRef akka://worker/user/watcher/processing-watcher/graph/edge/FlameSocketGraphDeployerRear - Starting...
18:54:07.244 [worker-akka.actor.default-dispatcher-9] INFO  a.a.LocalActorRef akka://worker/user/watcher/processing-watcher/graph/negotiator - Ticket for the frontClass received: FrontTicket{allowedTimestamp=(0000000, FlameSocketGraphDeployerFront@flamestream-benchmarks-worker-9)}
18:54:07.248 [worker-akka.actor.default-dispatcher-9] INFO  c.s.f.r.e.s.SocketFront  - FlameSocketGraphDeployerFront@flamestream-benchmarks-worker-9: connecting to flamestream-benchmarks-manager:4567
18:54:07.431 [worker-akka.actor.default-dispatcher-9] INFO  a.a.LocalActorRef akka://worker/user/watcher/processing-watcher/graph/graph/$a - Starting...
18:54:07.433 [worker-akka.actor.default-dispatcher-9] INFO  a.a.LocalActorRef akka://worker/user/watcher/processing-watcher/graph/graph/$b - Starting...
18:54:07.435 [worker-akka.actor.default-dispatcher-9] INFO  a.a.LocalActorRef akka://worker/user/watcher/processing-watcher/graph/graph/$c - Starting...
18:54:07.437 [worker-akka.actor.default-dispatcher-9] INFO  a.a.LocalActorRef akka://worker/user/watcher/processing-watcher/graph/graph/$d - Starting...
18:54:07.438 [worker-akka.actor.default-dispatcher-9] INFO  a.a.LocalActorRef akka://worker/user/watcher/processing-watcher/graph/graph/$e - Starting...
18:54:07.439 [worker-akka.actor.default-dispatcher-9] INFO  a.a.LocalActorRef akka://worker/user/watcher/processing-watcher/graph/graph/$f - Starting...
18:54:07.441 [worker-akka.actor.default-dispatcher-9] INFO  a.a.LocalActorRef akka://worker/user/watcher/processing-watcher/graph/graph/$g - Starting...
18:54:07.444 [worker-akka.actor.default-dispatcher-9] INFO  a.a.LocalActorRef akka://worker/user/watcher/processing-watcher/graph/graph/$h - Starting...
18:54:07.446 [worker-akka.actor.default-dispatcher-9] INFO  a.a.LocalActorRef akka://worker/user/watcher/processing-watcher/graph/graph/$i - Starting...
18:54:07.448 [worker-akka.actor.default-dispatcher-9] INFO  a.a.LocalActorRef akka://worker/user/watcher/processing-watcher/graph/graph/$j - Starting...
18:54:07.450 [worker-akka.actor.default-dispatcher-9] INFO  a.a.LocalActorRef akka://worker/user/watcher/processing-watcher/graph/graph/$k - Starting...
18:54:07.451 [worker-akka.actor.default-dispatcher-9] INFO  a.a.LocalActorRef akka://worker/user/watcher/processing-watcher/graph/graph/$l - Starting...
18:54:07.453 [worker-akka.actor.default-dispatcher-9] INFO  a.a.LocalActorRef akka://worker/user/watcher/processing-watcher/graph/graph/$m - Starting...
18:54:07.454 [worker-akka.actor.default-dispatcher-9] INFO  a.a.LocalActorRef akka://worker/user/watcher/processing-watcher/graph/graph/$n - Starting...
18:54:07.456 [worker-akka.actor.default-dispatcher-9] INFO  a.a.LocalActorRef akka://worker/user/watcher/processing-watcher/graph/graph/$o - Starting...
18:54:07.460 [worker-akka.actor.default-dispatcher-9] INFO  a.a.LocalActorRef akka://worker/user/watcher/processing-watcher/graph/graph/$p - Starting...
18:54:07.463 [worker-akka.actor.default-dispatcher-9] INFO  a.a.LocalActorRef akka://worker/user/watcher/processing-watcher/graph/graph/$q - Starting...
18:54:07.464 [worker-akka.actor.default-dispatcher-9] INFO  a.a.LocalActorRef akka://worker/user/watcher/processing-watcher/graph/graph/$r - Starting...
18:54:07.465 [worker-akka.actor.default-dispatcher-9] INFO  a.a.LocalActorRef akka://worker/user/watcher/processing-watcher/graph/graph/$s - Starting...
18:54:07.467 [worker-akka.actor.default-dispatcher-9] INFO  a.a.LocalActorRef akka://worker/user/watcher/processing-watcher/graph/graph/$t - Starting...
18:54:07.470 [worker-akka.actor.default-dispatcher-9] INFO  a.a.LocalActorRef akka://worker/user/watcher/processing-watcher/graph/graph/$u - Starting...
18:54:07.472 [worker-akka.actor.default-dispatcher-9] INFO  a.a.LocalActorRef akka://worker/user/watcher/processing-watcher/graph/graph/$v - Starting...
18:54:07.473 [worker-akka.actor.default-dispatcher-9] INFO  a.a.LocalActorRef akka://worker/user/watcher/processing-watcher/graph/graph/$w - Starting...
18:54:07.474 [worker-akka.actor.default-dispatcher-9] INFO  a.a.LocalActorRef akka://worker/user/watcher/processing-watcher/graph/graph/$x - Starting...
18:54:07.476 [worker-akka.actor.default-dispatcher-9] INFO  a.a.LocalActorRef akka://worker/user/watcher/processing-watcher/graph/graph/$y - Starting...
18:54:07.477 [worker-akka.actor.default-dispatcher-9] INFO  a.a.LocalActorRef akka://worker/user/watcher/processing-watcher/graph/graph/$z - Starting...
18:54:07.479 [worker-akka.actor.default-dispatcher-9] INFO  a.a.LocalActorRef akka://worker/user/watcher/processing-watcher/graph/graph/$A - Starting...
18:54:07.480 [worker-akka.actor.default-dispatcher-9] INFO  a.a.LocalActorRef akka://worker/user/watcher/processing-watcher/graph/graph/$B - Starting...
18:54:07.481 [worker-akka.actor.default-dispatcher-9] INFO  a.a.LocalActorRef akka://worker/user/watcher/processing-watcher/graph/graph/$C - Starting...
18:54:07.482 [worker-akka.actor.default-dispatcher-9] INFO  a.a.LocalActorRef akka://worker/user/watcher/processing-watcher/graph/graph/$D - Starting...
18:54:07.484 [worker-akka.actor.default-dispatcher-9] INFO  a.a.LocalActorRef akka://worker/user/watcher/processing-watcher/graph/graph/$E - Starting...
18:54:07.485 [worker-akka.actor.default-dispatcher-9] INFO  a.a.LocalActorRef akka://worker/user/watcher/processing-watcher/graph/graph/$F - Starting...
18:54:07.487 [worker-akka.actor.default-dispatcher-9] INFO  a.a.LocalActorRef akka://worker/user/watcher/processing-watcher/graph/graph/$G - Starting...
18:54:07.488 [worker-akka.actor.default-dispatcher-9] INFO  a.a.LocalActorRef akka://worker/user/watcher/processing-watcher/graph/graph/$H - Starting...
18:54:07.490 [worker-akka.actor.default-dispatcher-9] INFO  a.a.LocalActorRef akka://worker/user/watcher/processing-watcher/graph/graph/$I - Starting...
18:54:07.492 [worker-akka.actor.default-dispatcher-9] INFO  a.a.LocalActorRef akka://worker/user/watcher/processing-watcher/graph/graph/$J - Starting...
18:54:07.493 [worker-akka.actor.default-dispatcher-9] INFO  a.a.LocalActorRef akka://worker/user/watcher/processing-watcher/graph/graph/$K - Starting...
18:54:07.494 [worker-akka.actor.default-dispatcher-9] INFO  a.a.LocalActorRef akka://worker/user/watcher/processing-watcher/graph/graph/$L - Starting...
18:54:07.495 [worker-akka.actor.default-dispatcher-9] INFO  a.a.LocalActorRef akka://worker/user/watcher/processing-watcher/graph/graph/$M - Starting...
18:54:07.497 [worker-akka.actor.default-dispatcher-9] INFO  a.a.LocalActorRef akka://worker/user/watcher/processing-watcher/graph/graph/$N - Starting...
18:54:07.498 [worker-akka.actor.default-dispatcher-9] INFO  a.a.LocalActorRef akka://worker/user/watcher/processing-watcher/graph/graph/$O - Starting...
18:54:07.499 [worker-akka.actor.default-dispatcher-9] INFO  a.a.LocalActorRef akka://worker/user/watcher/processing-watcher/graph/graph/$P - Starting...
18:54:07.500 [worker-akka.actor.default-dispatcher-9] INFO  a.a.LocalActorRef akka://worker/user/watcher/processing-watcher/graph/graph/$Q - Starting...
18:54:07.502 [worker-akka.actor.default-dispatcher-9] INFO  a.a.LocalActorRef akka://worker/user/watcher/processing-watcher/graph/graph/$R - Starting...
18:54:07.503 [worker-akka.actor.default-dispatcher-9] INFO  a.a.LocalActorRef akka://worker/user/watcher/processing-watcher/graph/graph/$S - Starting...
18:54:07.504 [worker-akka.actor.default-dispatcher-9] INFO  a.a.LocalActorRef akka://worker/user/watcher/processing-watcher/graph/graph/$T - Starting...
18:54:07.506 [worker-akka.actor.default-dispatcher-9] INFO  a.a.LocalActorRef akka://worker/user/watcher/processing-watcher/graph/graph/$U - Starting...
18:54:07.507 [worker-akka.actor.default-dispatcher-9] INFO  a.a.LocalActorRef akka://worker/user/watcher/processing-watcher/graph/graph/$V - Starting...
18:54:07.508 [worker-akka.actor.default-dispatcher-9] INFO  a.a.LocalActorRef akka://worker/user/watcher/processing-watcher/graph/graph/$W - Starting...
18:54:07.510 [worker-akka.actor.default-dispatcher-9] INFO  a.a.LocalActorRef akka://worker/user/watcher/processing-watcher/graph/graph/$X - Starting...
18:54:07.511 [worker-akka.actor.default-dispatcher-9] INFO  a.a.LocalActorRef akka://worker/user/watcher/processing-watcher/graph/graph/$Y - Starting...
18:54:07.513 [worker-akka.actor.default-dispatcher-9] INFO  a.a.LocalActorRef akka://worker/user/watcher/processing-watcher/graph/graph/$Z - Starting...
18:54:07.514 [worker-akka.actor.default-dispatcher-9] INFO  a.a.LocalActorRef akka://worker/user/watcher/processing-watcher/graph/graph/$0 - Starting...
18:54:07.515 [worker-akka.actor.default-dispatcher-9] INFO  a.a.LocalActorRef akka://worker/user/watcher/processing-watcher/graph/graph/$1 - Starting...
18:54:07.516 [worker-akka.actor.default-dispatcher-9] INFO  a.a.LocalActorRef akka://worker/user/watcher/processing-watcher/graph/graph/$2 - Starting...
18:54:07.518 [worker-akka.actor.default-dispatcher-9] INFO  a.a.LocalActorRef akka://worker/user/watcher/processing-watcher/graph/graph/$3 - Starting...
18:54:07.519 [worker-akka.actor.default-dispatcher-9] INFO  a.a.LocalActorRef akka://worker/user/watcher/processing-watcher/graph/graph/$4 - Starting...
18:54:07.520 [worker-akka.actor.default-dispatcher-9] INFO  a.a.LocalActorRef akka://worker/user/watcher/processing-watcher/graph/graph/$5 - Starting...
18:54:07.522 [worker-akka.actor.default-dispatcher-9] INFO  a.a.LocalActorRef akka://worker/user/watcher/processing-watcher/graph/graph/$6 - Starting...
18:54:07.523 [worker-akka.actor.default-dispatcher-9] INFO  a.a.LocalActorRef akka://worker/user/watcher/processing-watcher/graph/graph/$7 - Starting...
18:54:07.525 [worker-akka.actor.default-dispatcher-9] INFO  a.a.LocalActorRef akka://worker/user/watcher/processing-watcher/graph/graph/$8 - Starting...
18:54:07.526 [worker-akka.actor.default-dispatcher-9] INFO  a.a.LocalActorRef akka://worker/user/watcher/processing-watcher/graph/graph/$9 - Starting...
18:54:07.527 [worker-akka.actor.default-dispatcher-9] INFO  a.a.LocalActorRef akka://worker/user/watcher/processing-watcher/graph/graph/$+ - Starting...
18:54:07.529 [worker-akka.actor.default-dispatcher-9] INFO  a.a.LocalActorRef akka://worker/user/watcher/processing-watcher/graph/graph/$~ - Starting...
18:54:07.529 [worker-akka.actor.default-dispatcher-9] INFO  a.a.LocalActorRef akka://worker/user/watcher/processing-watcher/graph/graph/$ab - Starting...
18:54:07.530 [worker-akka.actor.default-dispatcher-9] INFO  a.a.LocalActorRef akka://worker/user/watcher/processing-watcher/graph/graph/$bb - Starting...
18:54:07.531 [worker-akka.actor.default-dispatcher-9] INFO  a.a.LocalActorRef akka://worker/user/watcher/processing-watcher/graph/graph/$cb - Starting...
18:54:07.533 [worker-akka.actor.default-dispatcher-9] INFO  a.a.LocalActorRef akka://worker/user/watcher/processing-watcher/graph/graph/$db - Starting...
18:54:07.535 [worker-akka.actor.default-dispatcher-9] INFO  a.a.LocalActorRef akka://worker/user/watcher/processing-watcher/graph/graph/$eb - Starting...
18:54:07.536 [worker-akka.actor.default-dispatcher-9] INFO  a.a.LocalActorRef akka://worker/user/watcher/processing-watcher/graph/graph/$fb - Starting...
18:54:07.537 [worker-akka.actor.default-dispatcher-9] INFO  a.a.LocalActorRef akka://worker/user/watcher/processing-watcher/graph/graph/$gb - Starting...
18:54:07.539 [worker-akka.actor.default-dispatcher-9] INFO  a.a.LocalActorRef akka://worker/user/watcher/processing-watcher/graph/graph/$hb - Starting...
18:54:07.540 [worker-akka.actor.default-dispatcher-9] INFO  a.a.LocalActorRef akka://worker/user/watcher/processing-watcher/graph/graph/$ib - Starting...
18:54:07.542 [worker-akka.actor.default-dispatcher-9] INFO  a.a.LocalActorRef akka://worker/user/watcher/processing-watcher/graph/graph/$jb - Starting...
18:54:07.543 [worker-akka.actor.default-dispatcher-9] INFO  a.a.LocalActorRef akka://worker/user/watcher/processing-watcher/graph/graph/$kb - Starting...
18:54:07.544 [worker-akka.actor.default-dispatcher-9] INFO  a.a.LocalActorRef akka://worker/user/watcher/processing-watcher/graph/graph/$lb - Starting...
18:54:07.545 [worker-akka.actor.default-dispatcher-9] INFO  a.a.LocalActorRef akka://worker/user/watcher/processing-watcher/graph/graph/$mb - Starting...
18:54:07.547 [worker-akka.actor.default-dispatcher-9] INFO  a.a.LocalActorRef akka://worker/user/watcher/processing-watcher/graph/graph/$nb - Starting...
18:54:07.548 [worker-akka.actor.default-dispatcher-9] INFO  a.a.LocalActorRef akka://worker/user/watcher/processing-watcher/graph/graph/$ob - Starting...
18:54:07.549 [worker-akka.actor.default-dispatcher-9] INFO  a.a.LocalActorRef akka://worker/user/watcher/processing-watcher/graph/graph/$pb - Starting...
18:54:07.550 [worker-akka.actor.default-dispatcher-9] INFO  a.a.LocalActorRef akka://worker/user/watcher/processing-watcher/graph/graph/$qb - Starting...
18:54:07.552 [worker-akka.actor.default-dispatcher-9] INFO  a.a.LocalActorRef akka://worker/user/watcher/processing-watcher/graph/graph/$rb - Starting...
18:54:07.553 [worker-akka.actor.default-dispatcher-9] INFO  a.a.LocalActorRef akka://worker/user/watcher/processing-watcher/graph/graph/$sb - Starting...
18:54:07.554 [worker-akka.actor.default-dispatcher-9] INFO  a.a.LocalActorRef akka://worker/user/watcher/processing-watcher/graph/graph/$tb - Starting...
18:54:07.555 [worker-akka.actor.default-dispatcher-9] INFO  a.a.LocalActorRef akka://worker/user/watcher/processing-watcher/graph/graph/$ub - Starting...
18:54:07.557 [worker-akka.actor.default-dispatcher-9] INFO  a.a.LocalActorRef akka://worker/user/watcher/processing-watcher/graph/graph/$vb - Starting...
18:54:07.558 [worker-akka.actor.default-dispatcher-9] INFO  a.a.LocalActorRef akka://worker/user/watcher/processing-watcher/graph/graph/$wb - Starting...
18:54:07.559 [worker-akka.actor.default-dispatcher-9] INFO  a.a.LocalActorRef akka://worker/user/watcher/processing-watcher/graph/graph/$xb - Starting...
18:54:07.560 [worker-akka.actor.default-dispatcher-9] INFO  a.a.LocalActorRef akka://worker/user/watcher/processing-watcher/graph/graph/$yb - Starting...
18:54:07.562 [worker-akka.actor.default-dispatcher-9] INFO  a.a.LocalActorRef akka://worker/user/watcher/processing-watcher/graph/graph/$zb - Starting...
18:54:07.563 [worker-akka.actor.default-dispatcher-9] INFO  a.a.LocalActorRef akka://worker/user/watcher/processing-watcher/graph/graph/$Ab - Starting...
18:54:07.564 [worker-akka.actor.default-dispatcher-9] INFO  a.a.LocalActorRef akka://worker/user/watcher/processing-watcher/graph/graph/$Bb - Starting...
18:54:07.565 [worker-akka.actor.default-dispatcher-9] INFO  a.a.LocalActorRef akka://worker/user/watcher/processing-watcher/graph/graph/$Cb - Starting...
18:54:07.567 [worker-akka.actor.default-dispatcher-9] INFO  a.a.LocalActorRef akka://worker/user/watcher/processing-watcher/graph/graph/$Db - Starting...
18:54:07.573 [worker-akka.actor.default-dispatcher-9] INFO  a.a.LocalActorRef akka://worker/user/watcher/processing-watcher/graph/graph/$Eb - Starting...
18:54:07.594 [worker-akka.actor.default-dispatcher-9] INFO  a.a.LocalActorRef akka://worker/user/watcher/processing-watcher/graph/graph/$Fb - Starting...
18:54:07.596 [worker-akka.actor.default-dispatcher-9] INFO  a.a.LocalActorRef akka://worker/user/watcher/processing-watcher/graph/graph/$Gb - Starting...
18:54:07.599 [worker-akka.actor.default-dispatcher-9] INFO  a.a.LocalActorRef akka://worker/user/watcher/processing-watcher/graph/graph/$Hb - Starting...
18:54:07.602 [worker-akka.actor.default-dispatcher-9] INFO  a.a.LocalActorRef akka://worker/user/watcher/processing-watcher/graph/graph/$Ib - Starting...
18:54:07.613 [worker-akka.actor.default-dispatcher-9] INFO  a.a.LocalActorRef akka://worker/user/watcher/processing-watcher/graph/graph/$Eb - Attached rear to graph (-9223372036854775808, min@min)
18:54:07.614 [worker-akka.actor.default-dispatcher-9] INFO  a.a.LocalActorRef akka://worker/user/watcher/processing-watcher/graph/graph/$Jb - Starting...
18:54:07.614 [worker-akka.actor.default-dispatcher-9] INFO  a.a.LocalActorRef akka://worker/user/watcher/processing-watcher/graph/graph/$Kb - Starting...
18:54:07.619 [worker-akka.actor.default-dispatcher-9] INFO  a.a.LocalActorRef akka://worker/user/watcher/processing-watcher/graph/graph/$Lb - Starting...
18:54:07.619 [worker-akka.actor.default-dispatcher-9] INFO  a.a.LocalActorRef akka://worker/user/watcher/processing-watcher/graph/graph/$Mb - Starting...
18:54:07.619 [worker-akka.actor.default-dispatcher-9] INFO  a.a.LocalActorRef akka://worker/user/watcher/processing-watcher/graph/graph/$Nb - Starting...
2019-09-28T18:54:24.645+0000: 37.095: [GC (Allocation Failure) 2019-09-28T18:54:24.645+0000: 37.095: [DefNew: 409600K->32465K(460800K), 0.1037788 secs] 435511K->58377K(1484800K), 0.1038815 secs] [Times: user=0.09 sys=0.01, real=0.10 secs] 
2019-09-28T18:54:34.524+0000: 46.974: [GC (Allocation Failure) 2019-09-28T18:54:34.524+0000: 46.974: [DefNew: 442065K->1232K(460800K), 0.0361468 secs] 467977K->56285K(1484800K), 0.0362352 secs] [Times: user=0.03 sys=0.01, real=0.03 secs] 
2019-09-28T18:54:41.396+0000: 53.846: [GC (Allocation Failure) 2019-09-28T18:54:41.396+0000: 53.846: [DefNew: 410832K->1108K(460800K), 0.0061762 secs] 465885K->56161K(1484800K), 0.0062681 secs] [Times: user=0.00 sys=0.00, real=0.01 secs] 
2019-09-28T18:54:46.811+0000: 59.262: [GC (Allocation Failure) 2019-09-28T18:54:46.812+0000: 59.262: [DefNew: 410708K->1195K(460800K), 0.0050154 secs] 465761K->56248K(1484800K), 0.0064439 secs] [Times: user=0.00 sys=0.00, real=0.01 secs] 
2019-09-28T18:54:54.555+0000: 67.005: [GC (Allocation Failure) 2019-09-28T18:54:54.555+0000: 67.005: [DefNew: 410795K->1818K(460800K), 0.0062839 secs] 465848K->56871K(1484800K), 0.0063803 secs] [Times: user=0.01 sys=0.00, real=0.01 secs] 
2019-09-28T18:55:01.551+0000: 74.002: [GC (Allocation Failure) 2019-09-28T18:55:01.552+0000: 74.002: [DefNew: 411418K->1600K(460800K), 0.0044999 secs] 466471K->56653K(1484800K), 0.0045883 secs] [Times: user=0.00 sys=0.00, real=0.01 secs] 
2019-09-28T18:55:08.763+0000: 81.214: [GC (Allocation Failure) 2019-09-28T18:55:08.763+0000: 81.214: [DefNew: 411200K->1572K(460800K), 0.0041786 secs] 466253K->56625K(1484800K), 0.0042631 secs] [Times: user=0.00 sys=0.00, real=0.00 secs] 
2019-09-28T18:55:16.238+0000: 88.688: [GC (Allocation Failure) 2019-09-28T18:55:16.238+0000: 88.688: [DefNew: 411172K->1547K(460800K), 0.0040160 secs] 466225K->56600K(1484800K), 0.0041280 secs] [Times: user=0.00 sys=0.00, real=0.01 secs] 
2019-09-28T18:55:23.773+0000: 96.223: [GC (Allocation Failure) 2019-09-28T18:55:23.773+0000: 96.223: [DefNew: 411147K->1576K(460800K), 0.0041761 secs] 466200K->56629K(1484800K), 0.0042655 secs] [Times: user=0.00 sys=0.00, real=0.00 secs] 
2019-09-28T18:55:31.053+0000: 103.503: [GC (Allocation Failure) 2019-09-28T18:55:31.053+0000: 103.503: [DefNew: 411176K->1550K(460800K), 0.0042748 secs] 466229K->56603K(1484800K), 0.0043631 secs] [Times: user=0.01 sys=0.00, real=0.01 secs] 
2019-09-28T18:55:38.310+0000: 110.760: [GC (Allocation Failure) 2019-09-28T18:55:38.310+0000: 110.760: [DefNew: 411150K->1643K(460800K), 0.0043043 secs] 466203K->56696K(1484800K), 0.0043879 secs] [Times: user=0.01 sys=0.00, real=0.01 secs] 
2019-09-28T18:55:46.073+0000: 118.523: [GC (Allocation Failure) 2019-09-28T18:55:46.073+0000: 118.523: [DefNew: 411243K->1547K(460800K), 0.0041977 secs] 466296K->56599K(1484800K), 0.0042981 secs] [Times: user=0.01 sys=0.00, real=0.01 secs] 
2019-09-28T18:55:53.339+0000: 125.789: [GC (Allocation Failure) 2019-09-28T18:55:53.339+0000: 125.789: [DefNew: 411147K->1655K(460800K), 0.0044759 secs] 466199K->56708K(1484800K), 0.0045669 secs] [Times: user=0.00 sys=0.00, real=0.01 secs] 
2019-09-28T18:56:00.670+0000: 133.121: [GC (Allocation Failure) 2019-09-28T18:56:00.670+0000: 133.121: [DefNew: 411255K->1581K(460800K), 0.0063096 secs] 466308K->56633K(1484800K), 0.0064008 secs] [Times: user=0.00 sys=0.00, real=0.01 secs] 
2019-09-28T18:56:08.446+0000: 140.896: [GC (Allocation Failure) 2019-09-28T18:56:08.446+0000: 140.896: [DefNew: 411181K->1586K(460800K), 0.0041709 secs] 466233K->56639K(1484800K), 0.0042662 secs] [Times: user=0.00 sys=0.00, real=0.00 secs] 
2019-09-28T18:56:15.816+0000: 148.267: [GC (Allocation Failure) 2019-09-28T18:56:15.817+0000: 148.267: [DefNew: 411186K->1602K(460800K), 0.0043473 secs] 466239K->56655K(1484800K), 0.0044356 secs] [Times: user=0.00 sys=0.01, real=0.01 secs] 
2019-09-28T18:56:23.230+0000: 155.680: [GC (Allocation Failure) 2019-09-28T18:56:23.230+0000: 155.680: [DefNew: 411202K->1451K(460800K), 0.0044077 secs] 466255K->56647K(1484800K), 0.0045047 secs] [Times: user=0.00 sys=0.00, real=0.01 secs] 
2019-09-28T18:56:31.074+0000: 163.524: [GC (Allocation Failure) 2019-09-28T18:56:31.074+0000: 163.524: [DefNew: 411051K->1354K(460800K), 0.0042366 secs] 466247K->56635K(1484800K), 0.0043235 secs] [Times: user=0.01 sys=0.00, real=0.00 secs] 
2019-09-28T18:56:38.347+0000: 170.797: [GC (Allocation Failure) 2019-09-28T18:56:38.347+0000: 170.797: [DefNew: 410954K->1293K(460800K), 0.0040584 secs] 466235K->56665K(1484800K), 0.0041543 secs] [Times: user=0.00 sys=0.00, real=0.00 secs] 
2019-09-28T18:56:46.191+0000: 178.641: [GC (Allocation Failure) 2019-09-28T18:56:46.191+0000: 178.641: [DefNew: 410893K->207K(460800K), 0.0047272 secs] 466265K->56672K(1484800K), 0.0048141 secs] [Times: user=0.00 sys=0.00, real=0.01 secs] 
2019-09-28T18:56:53.467+0000: 185.917: [GC (Allocation Failure) 2019-09-28T18:56:53.467+0000: 185.917: [DefNew: 409807K->225K(460800K), 0.0029632 secs] 466272K->56690K(1484800K), 0.0030444 secs] [Times: user=0.01 sys=0.00, real=0.00 secs] 
2019-09-28T18:57:00.765+0000: 193.215: [GC (Allocation Failure) 2019-09-28T18:57:00.765+0000: 193.215: [DefNew: 409825K->301K(460800K), 0.0027665 secs] 466290K->56767K(1484800K), 0.0028746 secs] [Times: user=0.00 sys=0.00, real=0.00 secs] 
2019-09-28T18:57:08.625+0000: 201.075: [GC (Allocation Failure) 2019-09-28T18:57:08.625+0000: 201.075: [DefNew: 409901K->207K(460800K), 0.0026866 secs] 466367K->56672K(1484800K), 0.0027715 secs] [Times: user=0.00 sys=0.00, real=0.00 secs] 
2019-09-28T18:57:15.893+0000: 208.343: [GC (Allocation Failure) 2019-09-28T18:57:15.893+0000: 208.343: [DefNew: 409807K->275K(460800K), 0.0027648 secs] 466272K->56740K(1484800K), 0.0028913 secs] [Times: user=0.00 sys=0.01, real=0.01 secs] 
2019-09-28T18:57:23.209+0000: 215.660: [GC (Allocation Failure) 2019-09-28T18:57:23.210+0000: 215.660: [DefNew: 409875K->218K(460800K), 0.0027642 secs] 466340K->56684K(1484800K), 0.0028438 secs] [Times: user=0.00 sys=0.00, real=0.00 secs] 
2019-09-28T18:57:31.047+0000: 223.497: [GC (Allocation Failure) 2019-09-28T18:57:31.047+0000: 223.498: [DefNew: 409818K->209K(460800K), 0.0027184 secs] 466284K->56674K(1484800K), 0.0028127 secs] [Times: user=0.00 sys=0.00, real=0.00 secs] 
2019-09-28T18:57:38.351+0000: 230.801: [GC (Allocation Failure) 2019-09-28T18:57:38.351+0000: 230.801: [DefNew: 409809K->208K(460800K), 0.0025959 secs] 466274K->56674K(1484800K), 0.0026656 secs] [Times: user=0.01 sys=0.00, real=0.01 secs] 
2019-09-28T18:57:45.661+0000: 238.112: [GC (Allocation Failure) 2019-09-28T18:57:45.662+0000: 238.112: [DefNew: 409808K->176K(460800K), 0.0028438 secs] 466274K->56674K(1484800K), 0.0029302 secs] [Times: user=0.00 sys=0.00, real=0.00 secs] 
2019-09-28T18:57:53.424+0000: 245.875: [GC (Allocation Failure) 2019-09-28T18:57:53.424+0000: 245.875: [DefNew: 409776K->201K(460800K), 0.0028259 secs] 466274K->56699K(1484800K), 0.0029417 secs] [Times: user=0.00 sys=0.00, real=0.00 secs] 
2019-09-28T18:58:00.694+0000: 253.144: [GC (Allocation Failure) 2019-09-28T18:58:00.694+0000: 253.144: [DefNew: 409801K->200K(460800K), 0.0025468 secs] 466299K->56699K(1484800K), 0.0026284 secs] [Times: user=0.00 sys=0.00, real=0.00 secs] 
2019-09-28T18:58:08.004+0000: 260.454: [GC (Allocation Failure) 2019-09-28T18:58:08.004+0000: 260.454: [DefNew: 409800K->201K(460800K), 0.0026566 secs] 466299K->56700K(1484800K), 0.0027450 secs] [Times: user=0.00 sys=0.00, real=0.00 secs] 
2019-09-28T18:58:15.839+0000: 268.290: [GC (Allocation Failure) 2019-09-28T18:58:15.840+0000: 268.290: [DefNew: 409801K->221K(460800K), 0.0026985 secs] 466300K->56720K(1484800K), 0.0027924 secs] [Times: user=0.01 sys=0.00, real=0.01 secs] 
2019-09-28T18:58:23.168+0000: 275.618: [GC (Allocation Failure) 2019-09-28T18:58:23.168+0000: 275.619: [DefNew: 409821K->202K(460800K), 0.0026557 secs] 466320K->56701K(1484800K), 0.0027358 secs] [Times: user=0.00 sys=0.00, real=0.00 secs] 
2019-09-28T18:58:30.497+0000: 282.947: [GC (Allocation Failure) 2019-09-28T18:58:30.497+0000: 282.947: [DefNew: 409802K->200K(460800K), 0.0025310 secs] 466301K->56699K(1484800K), 0.0026172 secs] [Times: user=0.00 sys=0.00, real=0.00 secs] 
2019-09-28T18:58:38.331+0000: 290.781: [GC (Allocation Failure) 2019-09-28T18:58:38.331+0000: 290.781: [DefNew: 409800K->196K(460800K), 0.0025635 secs] 466299K->56699K(1484800K), 0.0026342 secs] [Times: user=0.00 sys=0.00, real=0.01 secs] 
2019-09-28T18:58:45.655+0000: 298.105: [GC (Allocation Failure) 2019-09-28T18:58:45.655+0000: 298.105: [DefNew: 409796K->205K(460800K), 0.0028352 secs] 466299K->56741K(1484800K), 0.0029168 secs] [Times: user=0.00 sys=0.00, real=0.00 secs] 
2019-09-28T18:58:52.883+0000: 305.333: [GC (Allocation Failure) 2019-09-28T18:58:52.883+0000: 305.333: [DefNew: 409805K->196K(460800K), 0.0028613 secs] 466341K->56732K(1484800K), 0.0029461 secs] [Times: user=0.00 sys=0.00, real=0.00 secs] 
2019-09-28T18:59:00.710+0000: 313.161: [GC (Allocation Failure) 2019-09-28T18:59:00.710+0000: 313.161: [DefNew: 409796K->236K(460800K), 0.0027510 secs] 466332K->56772K(1484800K), 0.0028331 secs] [Times: user=0.01 sys=0.00, real=0.01 secs] 
2019-09-28T18:59:08.039+0000: 320.489: [GC (Allocation Failure) 2019-09-28T18:59:08.039+0000: 320.489: [DefNew: 409836K->194K(460800K), 0.0026701 secs] 466372K->56730K(1484800K), 0.0027709 secs] [Times: user=0.00 sys=0.00, real=0.01 secs] 
2019-09-28T18:59:15.396+0000: 327.846: [GC (Allocation Failure) 2019-09-28T18:59:15.396+0000: 327.847: [DefNew: 409794K->231K(460800K), 0.0026342 secs] 466330K->56767K(1484800K), 0.0027154 secs] [Times: user=0.00 sys=0.00, real=0.00 secs] 
2019-09-28T18:59:23.196+0000: 335.646: [GC (Allocation Failure) 2019-09-28T18:59:23.196+0000: 335.646: [DefNew: 409831K->193K(460800K), 0.0025375 secs] 466367K->56730K(1484800K), 0.0026279 secs] [Times: user=0.00 sys=0.00, real=0.00 secs] 
2019-09-28T18:59:30.473+0000: 342.923: [GC (Allocation Failure) 2019-09-28T18:59:30.473+0000: 342.924: [DefNew: 409793K->218K(460800K), 0.0026230 secs] 466330K->56755K(1484800K), 0.0027058 secs] [Times: user=0.00 sys=0.00, real=0.00 secs] 
2019-09-28T18:59:37.776+0000: 350.227: [GC (Allocation Failure) 2019-09-28T18:59:37.777+0000: 350.227: [DefNew: 409818K->197K(460800K), 0.0026538 secs] 466355K->56734K(1484800K), 0.0027383 secs] [Times: user=0.00 sys=0.00, real=0.00 secs] 
2019-09-28T18:59:45.639+0000: 358.089: [GC (Allocation Failure) 2019-09-28T18:59:45.639+0000: 358.089: [DefNew: 409797K->178K(460800K), 0.0027358 secs] 466334K->56741K(1484800K), 0.0028236 secs] [Times: user=0.01 sys=0.00, real=0.01 secs] 
2019-09-28T18:59:52.909+0000: 365.359: [GC (Allocation Failure) 2019-09-28T18:59:52.909+0000: 365.359: [DefNew: 409778K->196K(460800K), 0.0027254 secs] 466341K->56760K(1484800K), 0.0028011 secs] [Times: user=0.00 sys=0.00, real=0.00 secs] 
2019-09-28T19:00:00.201+0000: 372.652: [GC (Allocation Failure) 2019-09-28T19:00:00.201+0000: 372.652: [DefNew: 409796K->195K(460800K), 0.0027980 secs] 466360K->56758K(1484800K), 0.0028899 secs] [Times: user=0.00 sys=0.00, real=0.00 secs] 
2019-09-28T19:00:07.998+0000: 380.449: [GC (Allocation Failure) 2019-09-28T19:00:07.999+0000: 380.449: [DefNew: 409795K->194K(460800K), 0.0026063 secs] 466358K->56758K(1484800K), 0.0026804 secs] [Times: user=0.00 sys=0.00, real=0.01 secs] 
2019-09-28T19:00:15.315+0000: 387.765: [GC (Allocation Failure) 2019-09-28T19:00:15.315+0000: 387.765: [DefNew: 409794K->288K(460800K), 0.0027087 secs] 466358K->56851K(1484800K), 0.0028062 secs] [Times: user=0.01 sys=0.00, real=0.00 secs] 
2019-09-28T19:00:22.628+0000: 395.078: [GC (Allocation Failure) 2019-09-28T19:00:22.628+0000: 395.078: [DefNew: 409888K->204K(460800K), 0.0027238 secs] 466451K->56768K(1484800K), 0.0028088 secs] [Times: user=0.00 sys=0.00, real=0.00 secs] 
2019-09-28T19:00:30.406+0000: 402.856: [GC (Allocation Failure) 2019-09-28T19:00:30.406+0000: 402.856: [DefNew: 409804K->227K(460800K), 0.0026830 secs] 466368K->56791K(1484800K), 0.0027661 secs] [Times: user=0.01 sys=0.00, real=0.00 secs] 
2019-09-28T19:00:37.716+0000: 410.166: [GC (Allocation Failure) 2019-09-28T19:00:37.716+0000: 410.166: [DefNew: 409827K->197K(460800K), 0.0026333 secs] 466391K->56760K(1484800K), 0.0027166 secs] [Times: user=0.00 sys=0.00, real=0.00 secs] 
2019-09-28T19:00:45.007+0000: 417.457: [GC (Allocation Failure) 2019-09-28T19:00:45.007+0000: 417.457: [DefNew: 409797K->174K(460800K), 0.0027055 secs] 466360K->56768K(1484800K), 0.0027873 secs] [Times: user=0.00 sys=0.00, real=0.00 secs] 
2019-09-28T19:00:52.773+0000: 425.224: [GC (Allocation Failure) 2019-09-28T19:00:52.774+0000: 425.224: [DefNew: 409774K->178K(460800K), 0.0027607 secs] 466368K->56772K(1484800K), 0.0028463 secs] [Times: user=0.00 sys=0.00, real=0.00 secs] 
2019-09-28T19:01:00.072+0000: 432.522: [GC (Allocation Failure) 2019-09-28T19:01:00.072+0000: 432.522: [DefNew: 409778K->182K(460800K), 0.0026116 secs] 466372K->56776K(1484800K), 0.0027125 secs] [Times: user=0.00 sys=0.00, real=0.01 secs] 
2019-09-28T19:01:07.393+0000: 439.843: [GC (Allocation Failure) 2019-09-28T19:01:07.393+0000: 439.843: [DefNew: 409782K->210K(460800K), 0.0026771 secs] 466376K->56804K(1484800K), 0.0027543 secs] [Times: user=0.00 sys=0.00, real=0.00 secs] 
2019-09-28T19:01:15.234+0000: 447.684: [GC (Allocation Failure) 2019-09-28T19:01:15.234+0000: 447.684: [DefNew: 409810K->239K(460800K), 0.0027773 secs] 466404K->56833K(1484800K), 0.0028644 secs] [Times: user=0.01 sys=0.00, real=0.00 secs] 
2019-09-28T19:01:22.558+0000: 455.008: [GC (Allocation Failure) 2019-09-28T19:01:22.558+0000: 455.008: [DefNew: 409839K->184K(460800K), 0.0026592 secs] 466433K->56778K(1484800K), 0.0027427 secs] [Times: user=0.00 sys=0.00, real=0.00 secs] 
2019-09-28T19:01:30.337+0000: 462.787: [GC (Allocation Failure) 2019-09-28T19:01:30.337+0000: 462.787: [DefNew: 409784K->182K(460800K), 0.0026045 secs] 466378K->56778K(1484800K), 0.0026913 secs] [Times: user=0.00 sys=0.00, real=0.00 secs] 
19:01:31.940 [worker-akka.actor.default-dispatcher-10] INFO  a.r.a.Association(akka://worker) akka.remote.artery.Association(akka://worker) - Stopping idle outbound stream [2] to [akka://worker@flamestream-benchmarks-worker-0:5412]
2019-09-28T19:01:37.648+0000: 470.098: [GC (Allocation Failure) 2019-09-28T19:01:37.648+0000: 470.098: [DefNew: 409782K->334K(460800K), 0.0031223 secs] 466378K->56930K(1484800K), 0.0032069 secs] [Times: user=0.00 sys=0.00, real=0.00 secs] 
2019-09-28T19:01:44.969+0000: 477.419: [GC (Allocation Failure) 2019-09-28T19:01:44.969+0000: 477.419: [DefNew: 409934K->280K(460800K), 0.0030930 secs] 466530K->56902K(1484800K), 0.0031763 secs] [Times: user=0.00 sys=0.00, real=0.00 secs] 
2019-09-28T19:01:52.246+0000: 484.696: [GC (Allocation Failure) 2019-09-28T19:01:52.246+0000: 484.696: [DefNew: 409880K->276K(460800K), 0.0029614 secs] 466502K->56899K(1484800K), 0.0030500 secs] [Times: user=0.00 sys=0.00, real=0.00 secs] 
2019-09-28T19:02:00.047+0000: 492.498: [GC (Allocation Failure) 2019-09-28T19:02:00.048+0000: 492.498: [DefNew: 409876K->255K(460800K), 0.0028031 secs] 466499K->56877K(1484800K), 0.0028842 secs] [Times: user=0.00 sys=0.00, real=0.00 secs] 
2019-09-28T19:02:07.407+0000: 499.857: [GC (Allocation Failure) 2019-09-28T19:02:07.407+0000: 499.857: [DefNew: 409855K->259K(460800K), 0.0029046 secs] 466477K->56881K(1484800K), 0.0029866 secs] [Times: user=0.01 sys=0.00, real=0.00 secs] 
2019-09-28T19:02:15.234+0000: 507.684: [GC (Allocation Failure) 2019-09-28T19:02:15.234+0000: 507.684: [DefNew: 409859K->255K(460800K), 0.0028062 secs] 466481K->56877K(1484800K), 0.0028930 secs] [Times: user=0.00 sys=0.00, real=0.00 secs] 
2019-09-28T19:02:22.560+0000: 515.011: [GC (Allocation Failure) 2019-09-28T19:02:22.560+0000: 515.011: [DefNew: 409855K->256K(460800K), 0.0028424 secs] 466477K->56878K(1484800K), 0.0029250 secs] [Times: user=0.00 sys=0.00, real=0.01 secs] 
2019-09-28T19:02:29.875+0000: 522.325: [GC (Allocation Failure) 2019-09-28T19:02:29.875+0000: 522.325: [DefNew: 409856K->291K(460800K), 0.0029384 secs] 466478K->56913K(1484800K), 0.0030145 secs] [Times: user=0.00 sys=0.00, real=0.00 secs] 
2019-09-28T19:02:37.674+0000: 530.124: [GC (Allocation Failure) 2019-09-28T19:02:37.674+0000: 530.124: [DefNew: 409891K->298K(460800K), 0.0029955 secs] 466513K->56920K(1484800K), 0.0030921 secs] [Times: user=0.00 sys=0.00, real=0.00 secs] 
2019-09-28T19:02:44.966+0000: 537.416: [GC (Allocation Failure) 2019-09-28T19:02:44.966+0000: 537.416: [DefNew: 409898K->246K(460800K), 0.0029056 secs] 466520K->56882K(1484800K), 0.0029794 secs] [Times: user=0.00 sys=0.00, real=0.00 secs] 
2019-09-28T19:02:52.377+0000: 544.827: [GC (Allocation Failure) 2019-09-28T19:02:52.377+0000: 544.827: [DefNew: 409846K->321K(460800K), 0.0030580 secs] 466482K->56961K(1484800K), 0.0031388 secs] [Times: user=0.00 sys=0.00, real=0.00 secs] 
2019-09-28T19:03:00.190+0000: 552.640: [GC (Allocation Failure) 2019-09-28T19:03:00.190+0000: 552.640: [DefNew: 409921K->289K(460800K), 0.0028086 secs] 466561K->56929K(1484800K), 0.0028955 secs] [Times: user=0.00 sys=0.00, real=0.01 secs] 
2019-09-28T19:03:07.503+0000: 559.953: [GC (Allocation Failure) 2019-09-28T19:03:07.503+0000: 559.953: [DefNew: 409889K->251K(460800K), 0.0029176 secs] 466529K->56892K(1484800K), 0.0030019 secs] [Times: user=0.00 sys=0.00, real=0.00 secs] 
2019-09-28T19:03:15.249+0000: 567.700: [GC (Allocation Failure) 2019-09-28T19:03:15.249+0000: 567.700: [DefNew: 409851K->249K(460800K), 0.0027879 secs] 466492K->56891K(1484800K), 0.0028654 secs] [Times: user=0.01 sys=0.00, real=0.00 secs] 
2019-09-28T19:03:22.669+0000: 575.120: [GC (Allocation Failure) 2019-09-28T19:03:22.670+0000: 575.120: [DefNew: 409849K->272K(460800K), 0.0028875 secs] 466491K->56913K(1484800K), 0.0029686 secs] [Times: user=0.00 sys=0.00, real=0.00 secs] 
2019-09-28T19:03:29.928+0000: 582.378: [GC (Allocation Failure) 2019-09-28T19:03:29.928+0000: 582.378: [DefNew: 409872K->167K(460800K), 0.0030689 secs] 466513K->56898K(1484800K), 0.0031578 secs] [Times: user=0.00 sys=0.00, real=0.00 secs] 
2019-09-28T19:03:37.764+0000: 590.214: [GC (Allocation Failure) 2019-09-28T19:03:37.764+0000: 590.214: [DefNew: 409767K->160K(460800K), 0.0025490 secs] 466498K->56892K(1484800K), 0.0026405 secs] [Times: user=0.01 sys=0.00, real=0.00 secs] 
2019-09-28T19:03:45.083+0000: 597.533: [GC (Allocation Failure) 2019-09-28T19:03:45.083+0000: 597.533: [DefNew: 409760K->155K(460800K), 0.0027169 secs] 466492K->56896K(1484800K), 0.0027877 secs] [Times: user=0.01 sys=0.00, real=0.00 secs] 
2019-09-28T19:03:52.410+0000: 604.860: [GC (Allocation Failure) 2019-09-28T19:03:52.410+0000: 604.860: [DefNew: 409755K->304K(460800K), 0.0029121 secs] 466496K->57045K(1484800K), 0.0030022 secs] [Times: user=0.00 sys=0.00, real=0.00 secs] 
2019-09-28T19:04:00.159+0000: 612.609: [GC (Allocation Failure) 2019-09-28T19:04:00.159+0000: 612.609: [DefNew: 409904K->223K(460800K), 0.0026206 secs] 466645K->56964K(1484800K), 0.0027097 secs] [Times: user=0.00 sys=0.00, real=0.01 secs] 
2019-09-28T19:04:07.426+0000: 619.877: [GC (Allocation Failure) 2019-09-28T19:04:07.426+0000: 619.877: [DefNew: 409823K->230K(460800K), 0.0026319 secs] 466564K->56971K(1484800K), 0.0027212 secs] [Times: user=0.00 sys=0.00, real=0.00 secs] 
2019-09-28T19:04:14.755+0000: 627.205: [GC (Allocation Failure) 2019-09-28T19:04:14.755+0000: 627.205: [DefNew: 409830K->240K(460800K), 0.0026053 secs] 466571K->56982K(1484800K), 0.0026894 secs] [Times: user=0.00 sys=0.00, real=0.00 secs] 
2019-09-28T19:04:22.544+0000: 634.994: [GC (Allocation Failure) 2019-09-28T19:04:22.544+0000: 634.994: [DefNew: 409840K->229K(460800K), 0.0026562 secs] 466582K->56970K(1484800K), 0.0027394 secs] [Times: user=0.00 sys=0.00, real=0.00 secs] 
2019-09-28T19:04:29.862+0000: 642.312: [GC (Allocation Failure) 2019-09-28T19:04:29.862+0000: 642.312: [DefNew: 409829K->225K(460800K), 0.0025724 secs] 466570K->56967K(1484800K), 0.0026836 secs] [Times: user=0.01 sys=0.00, real=0.00 secs] 
2019-09-28T19:04:37.165+0000: 649.616: [GC (Allocation Failure) 2019-09-28T19:04:37.165+0000: 649.616: [DefNew: 409825K->249K(460800K), 0.0026425 secs] 466567K->56990K(1484800K), 0.0027361 secs] [Times: user=0.01 sys=0.00, real=0.00 secs] 
2019-09-28T19:04:44.990+0000: 657.440: [GC (Allocation Failure) 2019-09-28T19:04:44.990+0000: 657.440: [DefNew: 409849K->210K(460800K), 0.0027091 secs] 466590K->56964K(1484800K), 0.0027882 secs] [Times: user=0.01 sys=0.00, real=0.00 secs] 
2019-09-28T19:04:52.257+0000: 664.707: [GC (Allocation Failure) 2019-09-28T19:04:52.257+0000: 664.707: [DefNew: 409810K->257K(460800K), 0.0027644 secs] 466564K->57011K(1484800K), 0.0028496 secs] [Times: user=0.00 sys=0.00, real=0.00 secs] 
2019-09-28T19:04:59.933+0000: 672.384: [GC (Allocation Failure) 2019-09-28T19:04:59.933+0000: 672.384: [DefNew: 409857K->236K(460800K), 0.0025515 secs] 466611K->56991K(1484800K), 0.0026311 secs] [Times: user=0.01 sys=0.01, real=0.00 secs] 
2019-09-28T19:05:07.636+0000: 680.086: [GC (Allocation Failure) 2019-09-28T19:05:07.636+0000: 680.086: [DefNew: 409836K->277K(460800K), 0.0027059 secs] 466591K->57032K(1484800K), 0.0027886 secs] [Times: user=0.00 sys=0.00, real=0.00 secs] 
2019-09-28T19:05:14.973+0000: 687.423: [GC (Allocation Failure) 2019-09-28T19:05:14.973+0000: 687.423: [DefNew: 409877K->274K(460800K), 0.0026394 secs] 466632K->57029K(1484800K), 0.0027235 secs] [Times: user=0.00 sys=0.00, real=0.00 secs] 
2019-09-28T19:05:22.776+0000: 695.226: [GC (Allocation Failure) 2019-09-28T19:05:22.776+0000: 695.226: [DefNew: 409874K->258K(460800K), 0.0025862 secs] 466629K->57012K(1484800K), 0.0026705 secs] [Times: user=0.00 sys=0.00, real=0.00 secs] 
2019-09-28T19:05:30.093+0000: 702.543: [GC (Allocation Failure) 2019-09-28T19:05:30.093+0000: 702.543: [DefNew: 409858K->289K(460800K), 0.0027069 secs] 466612K->57044K(1484800K), 0.0027925 secs] [Times: user=0.00 sys=0.00, real=0.01 secs] 
2019-09-28T19:05:37.310+0000: 709.761: [GC (Allocation Failure) 2019-09-28T19:05:37.310+0000: 709.761: [DefNew: 409889K->279K(460800K), 0.0027989 secs] 466644K->57034K(1484800K), 0.0029012 secs] [Times: user=0.00 sys=0.00, real=0.01 secs] 
2019-09-28T19:05:45.241+0000: 717.691: [GC (Allocation Failure) 2019-09-28T19:05:45.241+0000: 717.691: [DefNew: 409879K->174K(460800K), 0.0028446 secs] 466634K->57002K(1484800K), 0.0029253 secs] [Times: user=0.00 sys=0.00, real=0.00 secs] 
2019-09-28T19:05:52.543+0000: 724.993: [GC (Allocation Failure) 2019-09-28T19:05:52.543+0000: 724.993: [DefNew: 409774K->172K(460800K), 0.0028256 secs] 466602K->56999K(1484800K), 0.0029130 secs] [Times: user=0.00 sys=0.00, real=0.00 secs] 
2019-09-28T19:05:59.833+0000: 732.283: [GC (Allocation Failure) 2019-09-28T19:05:59.833+0000: 732.283: [DefNew: 409772K->266K(460800K), 0.0027260 secs] 466599K->57094K(1484800K), 0.0028116 secs] [Times: user=0.00 sys=0.00, real=0.00 secs] 
2019-09-28T19:06:07.639+0000: 740.089: [GC (Allocation Failure) 2019-09-28T19:06:07.639+0000: 740.089: [DefNew: 409866K->171K(460800K), 0.0027017 secs] 466694K->56999K(1484800K), 0.0027959 secs] [Times: user=0.00 sys=0.00, real=0.01 secs] 
2019-09-28T19:06:14.939+0000: 747.389: [GC (Allocation Failure) 2019-09-28T19:06:14.939+0000: 747.389: [DefNew: 409771K->229K(460800K), 0.0027278 secs] 466599K->57057K(1484800K), 0.0027981 secs] [Times: user=0.00 sys=0.00, real=0.01 secs] 
2019-09-28T19:06:22.322+0000: 754.773: [GC (Allocation Failure) 2019-09-28T19:06:22.323+0000: 754.773: [DefNew: 409829K->172K(460800K), 0.0026481 secs] 466657K->57000K(1484800K), 0.0027676 secs] [Times: user=0.00 sys=0.00, real=0.00 secs] 
2019-09-28T19:06:30.149+0000: 762.599: [GC (Allocation Failure) 2019-09-28T19:06:30.149+0000: 762.599: [DefNew: 409772K->170K(460800K), 0.0025075 secs] 466600K->56998K(1484800K), 0.0025852 secs] [Times: user=0.01 sys=0.00, real=0.00 secs] 
2019-09-28T19:06:37.421+0000: 769.871: [GC (Allocation Failure) 2019-09-28T19:06:37.421+0000: 769.871: [DefNew: 409770K->171K(460800K), 0.0025065 secs] 466598K->56998K(1484800K), 0.0025859 secs] [Times: user=0.01 sys=0.00, real=0.01 secs] 
2019-09-28T19:06:44.648+0000: 777.098: [GC (Allocation Failure) 2019-09-28T19:06:44.648+0000: 777.098: [DefNew: 409771K->204K(460800K), 0.0027397 secs] 466598K->57057K(1484800K), 0.0028214 secs] [Times: user=0.01 sys=0.00, real=0.00 secs] 
2019-09-28T19:06:52.494+0000: 784.944: [GC (Allocation Failure) 2019-09-28T19:06:52.494+0000: 784.944: [DefNew: 409804K->182K(460800K), 0.0028144 secs] 466657K->57036K(1484800K), 0.0028968 secs] [Times: user=0.01 sys=0.00, real=0.00 secs] 
2019-09-28T19:06:59.766+0000: 792.216: [GC (Allocation Failure) 2019-09-28T19:06:59.766+0000: 792.216: [DefNew: 409782K->161K(460800K), 0.0024200 secs] 466636K->57015K(1484800K), 0.0025046 secs] [Times: user=0.00 sys=0.00, real=0.00 secs] 
2019-09-28T19:07:07.056+0000: 799.506: [GC (Allocation Failure) 2019-09-28T19:07:07.056+0000: 799.506: [DefNew: 409761K->179K(460800K), 0.0026358 secs] 466615K->57032K(1484800K), 0.0027222 secs] [Times: user=0.01 sys=0.00, real=0.00 secs] 
2019-09-28T19:07:14.910+0000: 807.360: [GC (Allocation Failure) 2019-09-28T19:07:14.910+0000: 807.360: [DefNew: 409779K->207K(460800K), 0.0026304 secs] 466632K->57061K(1484800K), 0.0027288 secs] [Times: user=0.00 sys=0.00, real=0.00 secs] 
2019-09-28T19:07:22.235+0000: 814.685: [GC (Allocation Failure) 2019-09-28T19:07:22.235+0000: 814.685: [DefNew: 409807K->172K(460800K), 0.0026211 secs] 466661K->57025K(1484800K), 0.0027008 secs] [Times: user=0.00 sys=0.00, real=0.00 secs] 
2019-09-28T19:07:29.525+0000: 821.975: [GC (Allocation Failure) 2019-09-28T19:07:29.525+0000: 821.975: [DefNew: 409772K->164K(460800K), 0.0025503 secs] 466625K->57017K(1484800K), 0.0026319 secs] [Times: user=0.00 sys=0.00, real=0.00 secs] 
2019-09-28T19:07:37.351+0000: 829.801: [GC (Allocation Failure) 2019-09-28T19:07:37.351+0000: 829.801: [DefNew: 409764K->161K(460800K), 0.0027310 secs] 466617K->57015K(1484800K), 0.0028141 secs] [Times: user=0.00 sys=0.00, real=0.01 secs] 
2019-09-28T19:07:44.676+0000: 837.126: [GC (Allocation Failure) 2019-09-28T19:07:44.676+0000: 837.126: [DefNew: 409761K->154K(460800K), 0.0026272 secs] 466615K->57016K(1484800K), 0.0027129 secs] [Times: user=0.00 sys=0.00, real=0.00 secs] 
2019-09-28T19:07:52.026+0000: 844.476: [GC (Allocation Failure) 2019-09-28T19:07:52.026+0000: 844.476: [DefNew: 409754K->211K(460800K), 0.0028768 secs] 466616K->57073K(1484800K), 0.0029598 secs] [Times: user=0.00 sys=0.00, real=0.00 secs] 
2019-09-28T19:07:59.721+0000: 852.171: [GC (Allocation Failure) 2019-09-28T19:07:59.721+0000: 852.171: [DefNew: 409811K->188K(460800K), 0.0025759 secs] 466673K->57051K(1484800K), 0.0026879 secs] [Times: user=0.00 sys=0.00, real=0.01 secs] 
2019-09-28T19:08:06.971+0000: 859.422: [GC (Allocation Failure) 2019-09-28T19:08:06.972+0000: 859.422: [DefNew: 409788K->162K(460800K), 0.0025292 secs] 466651K->57024K(1484800K), 0.0026125 secs] [Times: user=0.01 sys=0.00, real=0.01 secs] 
2019-09-28T19:08:14.254+0000: 866.704: [GC (Allocation Failure) 2019-09-28T19:08:14.254+0000: 866.704: [DefNew: 409762K->212K(460800K), 0.0026377 secs] 466624K->57074K(1484800K), 0.0027149 secs] [Times: user=0.01 sys=0.00, real=0.00 secs] 
2019-09-28T19:08:22.141+0000: 874.591: [GC (Allocation Failure) 2019-09-28T19:08:22.141+0000: 874.591: [DefNew: 409812K->161K(460800K), 0.0025455 secs] 466674K->57023K(1484800K), 0.0026204 secs] [Times: user=0.00 sys=0.00, real=0.01 secs] 
2019-09-28T19:08:29.499+0000: 881.949: [GC (Allocation Failure) 2019-09-28T19:08:29.499+0000: 881.949: [DefNew: 409761K->161K(460800K), 0.0026903 secs] 466623K->57024K(1484800K), 0.0027762 secs] [Times: user=0.00 sys=0.00, real=0.01 secs] 
2019-09-28T19:08:37.351+0000: 889.801: [GC (Allocation Failure) 2019-09-28T19:08:37.351+0000: 889.801: [DefNew: 409761K->170K(460800K), 0.0026820 secs] 466624K->57032K(1484800K), 0.0027623 secs] [Times: user=0.00 sys=0.00, real=0.01 secs] 
2019-09-28T19:08:44.668+0000: 897.118: [GC (Allocation Failure) 2019-09-28T19:08:44.668+0000: 897.118: [DefNew: 409770K->158K(460800K), 0.0026267 secs] 466632K->57036K(1484800K), 0.0027070 secs] [Times: user=0.01 sys=0.00, real=0.00 secs] 
2019-09-28T19:08:51.929+0000: 904.379: [GC (Allocation Failure) 2019-09-28T19:08:51.929+0000: 904.379: [DefNew: 409758K->191K(460800K), 0.0026764 secs] 466636K->57069K(1484800K), 0.0027551 secs] [Times: user=0.00 sys=0.00, real=0.00 secs] 
2019-09-28T19:08:59.164+0000: 911.614: [GC (Allocation Failure) 2019-09-28T19:08:59.164+0000: 911.614: [DefNew: 409791K->157K(460800K), 0.0026077 secs] 466669K->57034K(1484800K), 0.0026881 secs] [Times: user=0.00 sys=0.00, real=0.00 secs] 
2019-09-28T19:09:07.014+0000: 919.464: [GC (Allocation Failure) 2019-09-28T19:09:07.014+0000: 919.464: [DefNew: 409757K->171K(460800K), 0.0026641 secs] 466634K->57049K(1484800K), 0.0027501 secs] [Times: user=0.01 sys=0.00, real=0.00 secs] 
2019-09-28T19:09:14.309+0000: 926.759: [GC (Allocation Failure) 2019-09-28T19:09:14.309+0000: 926.759: [DefNew: 409771K->158K(460800K), 0.0026264 secs] 466649K->57035K(1484800K), 0.0027154 secs] [Times: user=0.00 sys=0.00, real=0.00 secs] 
2019-09-28T19:09:22.185+0000: 934.635: [GC (Allocation Failure) 2019-09-28T19:09:22.185+0000: 934.635: [DefNew: 409758K->157K(460800K), 0.0026999 secs] 466635K->57034K(1484800K), 0.0027722 secs] [Times: user=0.00 sys=0.00, real=0.00 secs] 
2019-09-28T19:09:29.489+0000: 941.939: [GC (Allocation Failure) 2019-09-28T19:09:29.489+0000: 941.939: [DefNew: 409757K->155K(460800K), 0.0025496 secs] 466634K->57033K(1484800K), 0.0026318 secs] [Times: user=0.00 sys=0.00, real=0.00 secs] 
2019-09-28T19:09:36.813+0000: 949.263: [GC (Allocation Failure) 2019-09-28T19:09:36.813+0000: 949.263: [DefNew: 409755K->158K(460800K), 0.0025575 secs] 466633K->57035K(1484800K), 0.0026455 secs] [Times: user=0.00 sys=0.00, real=0.01 secs] 
2019-09-28T19:09:44.611+0000: 957.061: [GC (Allocation Failure) 2019-09-28T19:09:44.611+0000: 957.061: [DefNew: 409758K->149K(460800K), 0.0026042 secs] 466635K->57036K(1484800K), 0.0026917 secs] [Times: user=0.00 sys=0.00, real=0.01 secs] 
2019-09-28T19:09:51.901+0000: 964.351: [GC (Allocation Failure) 2019-09-28T19:09:51.901+0000: 964.351: [DefNew: 409749K->158K(460800K), 0.0026319 secs] 466636K->57045K(1484800K), 0.0027461 secs] [Times: user=0.00 sys=0.00, real=0.01 secs] 
2019-09-28T19:09:59.160+0000: 971.610: [GC (Allocation Failure) 2019-09-28T19:09:59.160+0000: 971.610: [DefNew: 409758K->155K(460800K), 0.0025337 secs] 466645K->57042K(1484800K), 0.0026170 secs] [Times: user=0.01 sys=0.00, real=0.01 secs] 
2019-09-28T19:10:07.028+0000: 979.478: [GC (Allocation Failure) 2019-09-28T19:10:07.028+0000: 979.478: [DefNew: 409755K->156K(460800K), 0.0025468 secs] 466642K->57043K(1484800K), 0.0026343 secs] [Times: user=0.00 sys=0.00, real=0.00 secs] 
2019-09-28T19:10:14.352+0000: 986.802: [GC (Allocation Failure) 2019-09-28T19:10:14.352+0000: 986.802: [DefNew: 409756K->243K(460800K), 0.0026934 secs] 466643K->57130K(1484800K), 0.0027737 secs] [Times: user=0.00 sys=0.00, real=0.01 secs] 
2019-09-28T19:10:21.634+0000: 994.084: [GC (Allocation Failure) 2019-09-28T19:10:21.634+0000: 994.084: [DefNew: 409843K->162K(460800K), 0.0026250 secs] 466730K->57049K(1484800K), 0.0026954 secs] [Times: user=0.01 sys=0.00, real=0.00 secs] 
2019-09-28T19:10:29.469+0000: 1001.919: [GC (Allocation Failure) 2019-09-28T19:10:29.469+0000: 1001.919: [DefNew: 409762K->157K(460800K), 0.0025941 secs] 466649K->57044K(1484800K), 0.0026794 secs] [Times: user=0.00 sys=0.00, real=0.00 secs] 
2019-09-28T19:10:36.768+0000: 1009.218: [GC (Allocation Failure) 2019-09-28T19:10:36.768+0000: 1009.218: [DefNew: 409757K->208K(460800K), 0.0025927 secs] 466644K->57095K(1484800K), 0.0026861 secs] [Times: user=0.00 sys=0.00, real=0.00 secs] 
2019-09-28T19:10:44.015+0000: 1016.465: [GC (Allocation Failure) 2019-09-28T19:10:44.015+0000: 1016.465: [DefNew: 409808K->211K(460800K), 0.0027821 secs] 466695K->57107K(1484800K), 0.0028657 secs] [Times: user=0.00 sys=0.00, real=0.00 secs] 
2019-09-28T19:10:51.897+0000: 1024.347: [GC (Allocation Failure) 2019-09-28T19:10:51.897+0000: 1024.347: [DefNew: 409811K->155K(460800K), 0.0025463 secs] 466707K->57052K(1484800K), 0.0026277 secs] [Times: user=0.00 sys=0.01, real=0.00 secs] 
19:10:55.522 [Client] INFO  c.s.f.r.e.s.SocketRear  - FlameSocketGraphDeployerRear@flamestream-benchmarks-worker-9: has been disconnected from Connection 3
19:10:55.525 [Client] INFO  c.s.f.r.e.s.SocketFront  - FlameSocketGraphDeployerFront@flamestream-benchmarks-worker-9 has been disconnected from Connection 3
19:11:14.747 [worker-akka.actor.default-dispatcher-13] INFO  a.r.a.Association(akka://worker) akka.remote.artery.Association(akka://worker) - Association to [akka://worker@flamestream-benchmarks-worker-0:5412] having UID [8671737266674996310] has been stopped. All messages to this UID will be delivered to dead letters. Reason: ActorSystem terminated
19:11:14.753 [worker-akka.actor.default-dispatcher-13] INFO  a.r.a.Association(akka://worker) akka.remote.artery.Association(akka://worker) - Association to [akka://worker@flamestream-benchmarks-worker-2:5412] having UID [-1357220282590935731] has been stopped. All messages to this UID will be delivered to dead letters. Reason: ActorSystem terminated
19:11:14.806 [worker-akka.actor.default-dispatcher-13] INFO  a.r.a.Association(akka://worker) akka.remote.artery.Association(akka://worker) - Association to [akka://worker@flamestream-benchmarks-worker-1:5412] having UID [9003752637410361599] has been stopped. All messages to this UID will be delivered to dead letters. Reason: ActorSystem terminated
19:11:15.018 [worker-akka.actor.default-dispatcher-6] INFO  a.a.LocalActorRef akka://worker/user/watcher/processing-watcher/graph/edge/FlameSocketGraphDeployerRear - Stopped
19:11:15.026 [worker-akka.actor.default-dispatcher-6] INFO  a.r.a.Association(akka://worker) akka.remote.artery.Association(akka://worker) - Association to [akka://worker@flamestream-benchmarks-worker-3:5412] having UID [2415480863962131759] has been stopped. All messages to this UID will be delivered to dead letters. Reason: ActorSystem terminated
19:11:15.037 [worker-akka.actor.default-dispatcher-6] INFO  a.a.LocalActorRef akka://worker/user/watcher/processing-watcher/graph/negotiator - Stopped
19:11:15.058 [worker-akka.actor.default-dispatcher-9] INFO  a.a.LocalActorRef akka://worker/user/watcher/processing-watcher/graph/edge/FlameSocketGraphDeployerFront - Stopped
19:11:15.062 [worker-akka.actor.default-dispatcher-10] INFO  a.a.LocalActorRef akka://worker/user/watcher/processing-watcher/graph/graph/$+ - Stopped
19:11:15.062 [worker-akka.actor.default-dispatcher-10] INFO  a.a.LocalActorRef akka://worker/user/watcher/processing-watcher/graph/edge - Stopped
19:11:15.063 [worker-akka.actor.default-dispatcher-19] INFO  a.a.LocalActorRef akka://worker/user/watcher/processing-watcher/graph/graph/$0 - Stopped
19:11:15.063 [worker-akka.actor.default-dispatcher-19] INFO  a.a.LocalActorRef akka://worker/user/watcher/processing-watcher/graph/graph/$1 - Stopped
19:11:15.063 [worker-akka.actor.default-dispatcher-19] INFO  a.a.LocalActorRef akka://worker/user/watcher/processing-watcher/graph/graph/$2 - Stopped
19:11:15.063 [worker-akka.actor.default-dispatcher-19] INFO  a.a.LocalActorRef akka://worker/user/watcher/processing-watcher/graph/graph/$3 - Stopped
19:11:15.064 [worker-akka.actor.default-dispatcher-19] INFO  a.a.LocalActorRef akka://worker/user/watcher/processing-watcher/graph/graph/$4 - Stopped
19:11:15.065 [worker-akka.actor.default-dispatcher-21] INFO  a.a.LocalActorRef akka://worker/user/watcher/processing-watcher/graph/graph/$5 - Stopped
19:11:15.066 [worker-akka.actor.default-dispatcher-21] INFO  a.a.LocalActorRef akka://worker/user/watcher/processing-watcher/graph/graph/$6 - Stopped
19:11:15.067 [worker-akka.actor.default-dispatcher-21] INFO  a.a.LocalActorRef akka://worker/user/watcher/processing-watcher/graph/graph/$7 - Stopped
19:11:15.068 [worker-akka.actor.default-dispatcher-21] INFO  a.a.LocalActorRef akka://worker/user/watcher/processing-watcher/graph/graph/$8 - Stopped
19:11:15.070 [worker-akka.actor.default-dispatcher-21] INFO  a.a.LocalActorRef akka://worker/user/watcher/processing-watcher/graph/graph/$9 - Stopped
19:11:15.071 [worker-akka.actor.default-dispatcher-21] INFO  a.a.LocalActorRef akka://worker/user/watcher/processing-watcher/graph/graph/$A - Stopped
19:11:15.071 [worker-akka.actor.default-dispatcher-21] INFO  a.a.LocalActorRef akka://worker/user/watcher/processing-watcher/graph/graph/$Ab - Stopped
19:11:15.072 [worker-akka.actor.default-dispatcher-21] INFO  a.a.LocalActorRef akka://worker/user/watcher/processing-watcher/graph/graph/$B - Stopped
19:11:15.072 [worker-akka.actor.default-dispatcher-21] INFO  a.a.LocalActorRef akka://worker/user/watcher/processing-watcher/graph/graph/$Bb - Stopped
19:11:15.073 [worker-akka.actor.default-dispatcher-21] INFO  a.a.LocalActorRef akka://worker/user/watcher/processing-watcher/graph/graph/$C - Stopped
19:11:15.075 [worker-akka.actor.default-dispatcher-21] INFO  a.a.LocalActorRef akka://worker/user/watcher/processing-watcher/graph/graph/$Cb - Stopped
19:11:15.076 [worker-akka.actor.default-dispatcher-21] INFO  a.a.LocalActorRef akka://worker/user/watcher/processing-watcher/graph/graph/$D - Stopped
19:11:15.077 [worker-akka.actor.default-dispatcher-20] INFO  a.r.a.Association(akka://worker) akka.remote.artery.Association(akka://worker) - Association to [akka://worker@flamestream-benchmarks-worker-4:5412] having UID [1738623144942720681] has been stopped. All messages to this UID will be delivered to dead letters. Reason: ActorSystem terminated
19:11:15.078 [worker-akka.actor.default-dispatcher-20] INFO  a.a.LocalActorRef akka://worker/user/watcher/processing-watcher/graph/graph/$Db - Stopped
19:11:15.078 [worker-akka.actor.default-dispatcher-20] INFO  a.a.LocalActorRef akka://worker/user/watcher/processing-watcher/graph/graph/$E - Stopped
19:11:15.078 [worker-akka.actor.default-dispatcher-20] INFO  a.a.LocalActorRef akka://worker/user/watcher/processing-watcher/graph/graph/$Eb - Stopped
19:11:15.079 [worker-akka.actor.default-dispatcher-21] INFO  a.a.LocalActorRef akka://worker/user/watcher/processing-watcher/graph/graph/$F - Stopped
19:11:15.079 [worker-akka.actor.default-dispatcher-21] INFO  a.a.LocalActorRef akka://worker/user/watcher/processing-watcher/graph/graph/$Fb - Stopped
19:11:15.080 [worker-akka.actor.default-dispatcher-21] INFO  a.a.LocalActorRef akka://worker/user/watcher/processing-watcher/graph/graph/$G - Stopped
19:11:15.081 [worker-akka.actor.default-dispatcher-21] INFO  a.a.LocalActorRef akka://worker/user/watcher/processing-watcher/graph/graph/$Gb - Stopped
19:11:15.082 [worker-akka.actor.default-dispatcher-21] INFO  a.a.LocalActorRef akka://worker/user/watcher/processing-watcher/graph/graph/$H - Stopped
19:11:15.083 [worker-akka.actor.default-dispatcher-21] INFO  a.a.LocalActorRef akka://worker/user/watcher/processing-watcher/graph/graph/$Hb - Stopped
19:11:15.084 [worker-akka.actor.default-dispatcher-21] INFO  a.a.LocalActorRef akka://worker/user/watcher/processing-watcher/graph/graph/$I - Stopped
19:11:15.085 [worker-akka.actor.default-dispatcher-21] INFO  a.a.LocalActorRef akka://worker/user/watcher/processing-watcher/graph/graph/$Ib - Stopped
19:11:15.085 [worker-akka.actor.default-dispatcher-21] INFO  a.a.LocalActorRef akka://worker/user/watcher/processing-watcher/graph/graph/$J - Stopped
19:11:15.086 [worker-akka.actor.default-dispatcher-21] INFO  a.a.LocalActorRef akka://worker/user/watcher/processing-watcher/graph/graph/$Jb - Stopped
19:11:15.087 [worker-akka.actor.default-dispatcher-21] INFO  a.a.LocalActorRef akka://worker/user/watcher/processing-watcher/graph/graph/$K - Stopped
19:11:15.088 [worker-akka.actor.default-dispatcher-21] INFO  a.a.LocalActorRef akka://worker/user/watcher/processing-watcher/graph/graph/$Kb - Stopped
19:11:15.089 [worker-akka.actor.default-dispatcher-21] INFO  a.a.LocalActorRef akka://worker/user/watcher/processing-watcher/graph/graph/$L - Stopped
19:11:15.090 [worker-akka.actor.default-dispatcher-21] INFO  a.a.LocalActorRef akka://worker/user/watcher/processing-watcher/graph/graph/$Lb - Stopped
19:11:15.091 [worker-akka.actor.default-dispatcher-21] INFO  a.a.LocalActorRef akka://worker/user/watcher/processing-watcher/graph/graph/$M - Stopped
19:11:15.091 [worker-akka.actor.default-dispatcher-21] INFO  a.a.LocalActorRef akka://worker/user/watcher/processing-watcher/graph/graph/$Mb - Stopped
19:11:15.092 [worker-akka.actor.default-dispatcher-21] INFO  a.a.LocalActorRef akka://worker/user/watcher/processing-watcher/graph/graph/$N - Stopped
19:11:15.094 [worker-akka.actor.default-dispatcher-21] INFO  a.a.LocalActorRef akka://worker/user/watcher/processing-watcher/graph/graph/$Nb - Stopped
19:11:15.094 [worker-akka.actor.default-dispatcher-21] INFO  a.a.LocalActorRef akka://worker/user/watcher/processing-watcher/graph/graph/$O - Stopped
19:11:15.095 [worker-akka.actor.default-dispatcher-21] INFO  a.a.LocalActorRef akka://worker/user/watcher/processing-watcher/graph/graph/$P - Stopped
19:11:15.097 [worker-akka.actor.default-dispatcher-21] INFO  a.a.LocalActorRef akka://worker/user/watcher/processing-watcher/graph/graph/$Q - Stopped
19:11:15.097 [worker-akka.actor.default-dispatcher-21] INFO  a.a.LocalActorRef akka://worker/user/watcher/processing-watcher/graph/graph/$R - Stopped
19:11:15.098 [worker-akka.actor.default-dispatcher-21] INFO  a.a.LocalActorRef akka://worker/user/watcher/processing-watcher/graph/graph/$S - Stopped
19:11:15.099 [worker-akka.actor.default-dispatcher-21] INFO  a.a.LocalActorRef akka://worker/user/watcher/processing-watcher/graph/graph/$T - Stopped
19:11:15.100 [worker-akka.actor.default-dispatcher-21] INFO  a.a.LocalActorRef akka://worker/user/watcher/processing-watcher/graph/graph/$U - Stopped
19:11:15.100 [worker-akka.actor.default-dispatcher-21] INFO  a.a.LocalActorRef akka://worker/user/watcher/processing-watcher/graph/graph/$V - Stopped
19:11:15.102 [worker-akka.actor.default-dispatcher-21] INFO  a.a.LocalActorRef akka://worker/user/watcher/processing-watcher/graph/graph/$W - Stopped
19:11:15.103 [worker-akka.actor.default-dispatcher-21] INFO  a.a.LocalActorRef akka://worker/user/watcher/processing-watcher/graph/graph/$X - Stopped
19:11:15.104 [worker-akka.actor.default-dispatcher-21] INFO  a.a.LocalActorRef akka://worker/user/watcher/processing-watcher/graph/graph/$Y - Stopped
19:11:15.105 [worker-akka.actor.default-dispatcher-20] INFO  a.a.LocalActorRef akka://worker/user/watcher/processing-watcher/graph/graph/$Z - Stopped
19:11:15.105 [worker-akka.actor.default-dispatcher-20] INFO  a.a.LocalActorRef akka://worker/user/watcher/processing-watcher/graph/graph/$a - Stopped
19:11:15.106 [worker-akka.actor.default-dispatcher-21] INFO  a.a.LocalActorRef akka://worker/user/watcher/processing-watcher/graph/graph/$ab - Stopped
19:11:15.107 [worker-akka.actor.default-dispatcher-21] INFO  a.a.LocalActorRef akka://worker/user/watcher/processing-watcher/graph/graph/$b - Stopped
19:11:15.108 [worker-akka.actor.default-dispatcher-21] INFO  a.a.LocalActorRef akka://worker/user/watcher/processing-watcher/graph/graph/$bb - Stopped
19:11:15.109 [worker-akka.actor.default-dispatcher-21] INFO  a.a.LocalActorRef akka://worker/user/watcher/processing-watcher/graph/graph/$c - Stopped
19:11:15.110 [worker-akka.actor.default-dispatcher-21] INFO  a.a.LocalActorRef akka://worker/user/watcher/processing-watcher/graph/graph/$cb - Stopped
19:11:15.110 [worker-akka.actor.default-dispatcher-21] INFO  a.a.LocalActorRef akka://worker/user/watcher/processing-watcher/graph/graph/$d - Stopped
19:11:15.111 [worker-akka.actor.default-dispatcher-21] INFO  a.a.LocalActorRef akka://worker/user/watcher/processing-watcher/graph/graph/$db - Stopped
19:11:15.113 [worker-akka.actor.default-dispatcher-21] INFO  a.a.LocalActorRef akka://worker/user/watcher/processing-watcher/graph/graph/$e - Stopped
19:11:15.113 [worker-akka.actor.default-dispatcher-21] INFO  a.a.LocalActorRef akka://worker/user/watcher/processing-watcher/graph/graph/$eb - Stopped
19:11:15.114 [worker-akka.actor.default-dispatcher-20] INFO  a.a.LocalActorRef akka://worker/user/watcher/processing-watcher/graph/graph/$f - Stopped
19:11:15.114 [worker-akka.actor.default-dispatcher-20] INFO  a.a.LocalActorRef akka://worker/user/watcher/processing-watcher/graph/graph/$fb - Stopped
19:11:15.115 [worker-akka.actor.default-dispatcher-21] INFO  a.a.LocalActorRef akka://worker/user/watcher/processing-watcher/graph/graph/$g - Stopped
19:11:15.115 [worker-akka.actor.default-dispatcher-21] INFO  a.a.LocalActorRef akka://worker/user/watcher/processing-watcher/graph/graph/$gb - Stopped
19:11:15.116 [worker-akka.actor.default-dispatcher-21] INFO  a.a.LocalActorRef akka://worker/user/watcher/processing-watcher/graph/graph/$h - Stopped
19:11:15.117 [worker-akka.actor.default-dispatcher-21] INFO  a.a.LocalActorRef akka://worker/user/watcher/processing-watcher/graph/graph/$hb - Stopped
19:11:15.117 [worker-akka.actor.default-dispatcher-21] INFO  a.a.LocalActorRef akka://worker/user/watcher/processing-watcher/graph/graph/$i - Stopped
19:11:15.118 [worker-akka.actor.default-dispatcher-20] INFO  a.a.LocalActorRef akka://worker/user/watcher/processing-watcher/graph/graph/$ib - Stopped
19:11:15.119 [worker-akka.actor.default-dispatcher-21] INFO  a.a.LocalActorRef akka://worker/user/watcher/processing-watcher/graph/graph/$j - Stopped
19:11:15.119 [worker-akka.actor.default-dispatcher-21] INFO  a.a.LocalActorRef akka://worker/user/watcher/processing-watcher/graph/graph/$jb - Stopped
19:11:15.120 [worker-akka.actor.default-dispatcher-21] INFO  a.a.LocalActorRef akka://worker/user/watcher/processing-watcher/graph/graph/$k - Stopped
19:11:15.121 [worker-akka.actor.default-dispatcher-20] INFO  a.a.LocalActorRef akka://worker/user/watcher/processing-watcher/graph/graph/$kb - Stopped
19:11:15.121 [worker-akka.actor.default-dispatcher-21] INFO  a.a.LocalActorRef akka://worker/user/watcher/processing-watcher/graph/graph/$l - Stopped
19:11:15.123 [worker-akka.actor.default-dispatcher-20] INFO  a.a.LocalActorRef akka://worker/user/watcher/processing-watcher/graph/graph/$lb - Stopped
19:11:15.124 [worker-akka.actor.default-dispatcher-20] INFO  a.a.LocalActorRef akka://worker/user/watcher/processing-watcher/graph/graph/$m - Stopped
19:11:15.125 [worker-akka.actor.default-dispatcher-20] INFO  a.a.LocalActorRef akka://worker/user/watcher/processing-watcher/graph/graph/$mb - Stopped
19:11:15.126 [worker-akka.actor.default-dispatcher-20] INFO  a.a.LocalActorRef akka://worker/user/watcher/processing-watcher/graph/graph/$n - Stopped
19:11:15.126 [worker-akka.actor.default-dispatcher-20] INFO  a.a.LocalActorRef akka://worker/user/watcher/processing-watcher/graph/graph/$nb - Stopped
19:11:15.127 [worker-akka.actor.default-dispatcher-20] INFO  a.a.LocalActorRef akka://worker/user/watcher/processing-watcher/graph/graph/$o - Stopped
19:11:15.128 [worker-akka.actor.default-dispatcher-20] INFO  a.a.LocalActorRef akka://worker/user/watcher/processing-watcher/graph/graph/$ob - Stopped
19:11:15.128 [worker-akka.actor.default-dispatcher-20] INFO  a.a.LocalActorRef akka://worker/user/watcher/processing-watcher/graph/graph/$p - Stopped
19:11:15.129 [worker-akka.actor.default-dispatcher-20] INFO  a.a.LocalActorRef akka://worker/user/watcher/processing-watcher/graph/graph/$pb - Stopped
19:11:15.130 [worker-akka.actor.default-dispatcher-20] INFO  a.a.LocalActorRef akka://worker/user/watcher/processing-watcher/graph/graph/$q - Stopped
19:11:15.130 [worker-akka.actor.default-dispatcher-20] INFO  a.a.LocalActorRef akka://worker/user/watcher/processing-watcher/graph/graph/$qb - Stopped
19:11:15.131 [worker-akka.actor.default-dispatcher-20] INFO  a.a.LocalActorRef akka://worker/user/watcher/processing-watcher/graph/graph/$r - Stopped
19:11:15.133 [worker-akka.actor.default-dispatcher-20] INFO  a.a.LocalActorRef akka://worker/user/watcher/processing-watcher/graph/graph/$rb - Stopped
19:11:15.133 [worker-akka.actor.default-dispatcher-20] INFO  a.a.LocalActorRef akka://worker/user/watcher/processing-watcher/graph/graph/$s - Stopped
19:11:15.134 [worker-akka.actor.default-dispatcher-20] INFO  a.a.LocalActorRef akka://worker/user/watcher/processing-watcher/graph/graph/$sb - Stopped
19:11:15.135 [worker-akka.actor.default-dispatcher-20] INFO  a.a.LocalActorRef akka://worker/user/watcher/processing-watcher/graph/graph/$t - Stopped
19:11:15.136 [worker-akka.actor.default-dispatcher-20] INFO  a.a.LocalActorRef akka://worker/user/watcher/processing-watcher/graph/graph/$tb - Stopped
19:11:15.137 [worker-akka.actor.default-dispatcher-20] INFO  a.a.LocalActorRef akka://worker/user/watcher/processing-watcher/graph/graph/$u - Stopped
19:11:15.138 [worker-akka.actor.default-dispatcher-20] INFO  a.a.LocalActorRef akka://worker/user/watcher/processing-watcher/graph/graph/$ub - Stopped
19:11:15.139 [worker-akka.actor.default-dispatcher-20] INFO  a.a.LocalActorRef akka://worker/user/watcher/processing-watcher/graph/graph/$v - Stopped
19:11:15.139 [worker-akka.actor.default-dispatcher-20] INFO  a.a.LocalActorRef akka://worker/user/watcher/processing-watcher/graph/graph/$vb - Stopped
19:11:15.140 [worker-akka.actor.default-dispatcher-20] INFO  a.a.LocalActorRef akka://worker/user/watcher/processing-watcher/graph/graph/$w - Stopped
19:11:15.141 [worker-akka.actor.default-dispatcher-20] INFO  a.a.LocalActorRef akka://worker/user/watcher/processing-watcher/graph/graph/$wb - Stopped
19:11:15.141 [worker-akka.actor.default-dispatcher-20] INFO  a.a.LocalActorRef akka://worker/user/watcher/processing-watcher/graph/graph/$x - Stopped
19:11:15.142 [worker-akka.actor.default-dispatcher-20] INFO  a.a.LocalActorRef akka://worker/user/watcher/processing-watcher/graph/graph/$xb - Stopped
19:11:15.143 [worker-akka.actor.default-dispatcher-20] INFO  a.a.LocalActorRef akka://worker/user/watcher/processing-watcher/graph/graph/$y - Stopped
19:11:15.144 [worker-akka.actor.default-dispatcher-20] INFO  a.a.LocalActorRef akka://worker/user/watcher/processing-watcher/graph/graph/$yb - Stopped
19:11:15.145 [worker-akka.actor.default-dispatcher-20] INFO  a.a.LocalActorRef akka://worker/user/watcher/processing-watcher/graph/graph/$z - Stopped
19:11:15.145 [worker-akka.actor.default-dispatcher-20] INFO  a.a.LocalActorRef akka://worker/user/watcher/processing-watcher/graph/graph/$zb - Stopped
19:11:15.146 [worker-akka.actor.default-dispatcher-20] INFO  a.a.LocalActorRef akka://worker/user/watcher/processing-watcher/graph/graph/$~ - Stopped
19:11:15.159 [worker-akka.actor.default-dispatcher-20] INFO  a.a.LocalActorRef akka://worker/user/watcher/processing-watcher/graph/graph - Stopped
19:11:15.163 [worker-akka.actor.default-dispatcher-20] INFO  a.a.LocalActorRef akka://worker/user/watcher/processing-watcher/graph - Stopped
19:11:15.164 [worker-akka.actor.default-dispatcher-21] INFO  a.a.LocalActorRef akka://worker/user/watcher/processing-watcher - Stopped
19:11:15.165 [Curator-Framework-0] INFO  o.a.c.f.i.CuratorFrameworkImpl  - backgroundOperationsLoop exiting
19:11:15.172 [worker-akka.actor.default-dispatcher-6-EventThread] INFO  o.a.z.ClientCnxn  - EventThread shut down for session: 0x100015787a40008
19:11:15.172 [worker-akka.actor.default-dispatcher-21] INFO  o.a.z.ZooKeeper  - Session: 0x100015787a40008 closed
19:11:15.173 [worker-akka.actor.default-dispatcher-20] INFO  a.a.RepointableActorRef akka://worker/user/watcher - Stopped
19:11:15.173 [Curator-PathChildrenCache-0] ERROR o.a.c.f.r.c.PathChildrenCache  - 
java.lang.IllegalStateException: instance must be started before calling this method
	at org.apache.curator.shaded.com.google.common.base.Preconditions.checkState(Preconditions.java:444)
	at org.apache.curator.framework.imps.CuratorFrameworkImpl.getChildren(CuratorFrameworkImpl.java:456)
	at org.apache.curator.framework.recipes.cache.PathChildrenCache.refresh(PathChildrenCache.java:521)
	at org.apache.curator.framework.recipes.cache.RefreshOperation.invoke(RefreshOperation.java:35)
	at org.apache.curator.framework.recipes.cache.PathChildrenCache$9.run(PathChildrenCache.java:786)
	at java.util.concurrent.Executors$RunnableAdapter.call(Executors.java:511)
	at java.util.concurrent.FutureTask.run(FutureTask.java:266)
	at java.util.concurrent.Executors$RunnableAdapter.call(Executors.java:511)
	at java.util.concurrent.FutureTask.run(FutureTask.java:266)
	at java.util.concurrent.ThreadPoolExecutor.runWorker(ThreadPoolExecutor.java:1149)
	at java.util.concurrent.ThreadPoolExecutor$Worker.run(ThreadPoolExecutor.java:624)
	at java.lang.Thread.run(Thread.java:748)
19:11:15.185 [worker-akka.actor.default-dispatcher-21] INFO  a.r.RemoteActorRefProvider$RemotingTerminator akka://worker@flamestream-benchmarks-worker-9:5412/system/remoting-terminator - Shutting down remote daemon.
19:11:15.185 [worker-akka.actor.default-dispatcher-21] INFO  a.r.RemoteActorRefProvider$RemotingTerminator akka://worker@flamestream-benchmarks-worker-9:5412/system/remoting-terminator - Remote daemon shut down; proceeding with flushing remote transports.
19:11:16.433 [worker-akka.actor.default-dispatcher-21] INFO  a.r.RemoteActorRefProvider$RemotingTerminator akka://worker@flamestream-benchmarks-worker-9:5412/system/remoting-terminator - Remoting shut down.
Heap
 def new generation   total 460800K, used 251575K [0x00000000a2400000, 0x00000000c1800000, 0x00000000c1800000)
  eden space 409600K,  61% used [0x00000000a2400000, 0x00000000b19872d0, 0x00000000bb400000)
  from space 51200K,   0% used [0x00000000be600000, 0x00000000be626cb8, 0x00000000c1800000)
  to   space 51200K,   0% used [0x00000000bb400000, 0x00000000bb400000, 0x00000000be600000)
 tenured generation   total 1024000K, used 56897K [0x00000000c1800000, 0x0000000100000000, 0x0000000100000000)
   the space 1024000K,   5% used [0x00000000c1800000, 0x00000000c4f90460, 0x00000000c4f90600, 0x0000000100000000)
 Metaspace       used 40770K, capacity 43540K, committed 43648K, reserved 1087488K
  class space    used 5340K, capacity 5659K, committed 5760K, reserved 1048576K
