17:10:54,243 |-INFO in ch.qos.logback.classic.LoggerContext[default] - Could NOT find resource [logback-test.xml]
17:10:54,243 |-INFO in ch.qos.logback.classic.LoggerContext[default] - Could NOT find resource [logback.groovy]
17:10:54,243 |-INFO in ch.qos.logback.classic.LoggerContext[default] - Found resource [logback.xml] at [jar:file:/root/flamestream/lib/flamestream-runtime-1.0-SNAPSHOT.jar!/logback.xml]
17:10:54,244 |-WARN in ch.qos.logback.classic.LoggerContext[default] - Resource [logback.xml] occurs multiple times on the classpath.
17:10:54,244 |-WARN in ch.qos.logback.classic.LoggerContext[default] - Resource [logback.xml] occurs at [jar:file:/root/flamestream/lib/flamestream-runtime-1.0-SNAPSHOT.jar!/logback.xml]
17:10:54,244 |-WARN in ch.qos.logback.classic.LoggerContext[default] - Resource [logback.xml] occurs at [jar:file:/root/flamestream/flamestream-runtime-1.0-SNAPSHOT.jar!/logback.xml]
17:10:54,264 |-INFO in ch.qos.logback.core.joran.spi.ConfigurationWatchList@3fb6a447 - URL [jar:file:/root/flamestream/lib/flamestream-runtime-1.0-SNAPSHOT.jar!/logback.xml] is not of type file
17:10:54,332 |-INFO in ch.qos.logback.classic.joran.action.ConfigurationAction - debug attribute not set
17:10:54,333 |-INFO in ch.qos.logback.core.joran.action.AppenderAction - About to instantiate appender of type [ch.qos.logback.core.ConsoleAppender]
17:10:54,348 |-INFO in ch.qos.logback.core.joran.action.AppenderAction - Naming appender as [STDOUT]
17:10:54,369 |-INFO in ch.qos.logback.core.joran.action.NestedComplexPropertyIA - Assuming default type [ch.qos.logback.classic.encoder.PatternLayoutEncoder] for [encoder] property
17:10:54,449 |-INFO in ch.qos.logback.core.joran.action.AppenderAction - About to instantiate appender of type [ch.qos.logback.core.rolling.RollingFileAppender]
17:10:54,458 |-INFO in ch.qos.logback.core.joran.action.AppenderAction - Naming appender as [FILE]
17:10:54,488 |-INFO in c.q.l.core.rolling.TimeBasedRollingPolicy@127618319 - No compression will be used
17:10:54,489 |-INFO in c.q.l.core.rolling.TimeBasedRollingPolicy@127618319 - Will use the pattern /tmp/application_%d{yyyy-MM-dd}.%i.log for the active file
17:10:54,492 |-INFO in ch.qos.logback.core.rolling.SizeAndTimeBasedFNATP@6b2fad11 - The date pattern is 'yyyy-MM-dd' from file name pattern '/tmp/application_%d{yyyy-MM-dd}.%i.log'.
17:10:54,492 |-INFO in ch.qos.logback.core.rolling.SizeAndTimeBasedFNATP@6b2fad11 - Roll-over at midnight.
17:10:54,498 |-INFO in ch.qos.logback.core.rolling.SizeAndTimeBasedFNATP@6b2fad11 - Setting initial period to Mon Jun 10 17:09:26 UTC 2019
17:10:54,498 |-WARN in ch.qos.logback.core.rolling.SizeAndTimeBasedFNATP@6b2fad11 - SizeAndTimeBasedFNATP is deprecated. Use SizeAndTimeBasedRollingPolicy instead
17:10:54,498 |-WARN in ch.qos.logback.core.rolling.SizeAndTimeBasedFNATP@6b2fad11 - For more information see http://logback.qos.ch/manual/appenders.html#SizeAndTimeBasedRollingPolicy
17:10:54,501 |-INFO in ch.qos.logback.core.joran.action.NestedComplexPropertyIA - Assuming default type [ch.qos.logback.classic.encoder.PatternLayoutEncoder] for [encoder] property
17:10:54,506 |-INFO in ch.qos.logback.core.rolling.RollingFileAppender[FILE] - Active log file name: /tmp/application.log
17:10:54,506 |-INFO in ch.qos.logback.core.rolling.RollingFileAppender[FILE] - File property is set to [/tmp/application.log]
17:10:54,507 |-INFO in ch.qos.logback.classic.joran.action.RootLoggerAction - Setting level of ROOT logger to WARN
17:10:54,507 |-INFO in ch.qos.logback.core.joran.action.AppenderRefAction - Attaching appender named [STDOUT] to Logger[ROOT]
17:10:54,509 |-INFO in ch.qos.logback.core.joran.action.AppenderRefAction - Attaching appender named [FILE] to Logger[ROOT]
17:10:54,509 |-INFO in ch.qos.logback.classic.joran.action.ConfigurationAction - End of configuration.
17:10:54,510 |-INFO in ch.qos.logback.classic.joran.JoranConfigurator@79698539 - Registering current configuration as safe fallback point

Ama winner
Ama winner
2019-06-10T17:10:55.758+0000: 1.698: [Full GC (Metadata GC Threshold) 2019-06-10T17:10:55.758+0000: 1.698: [Tenured: 0K->15209K(341376K), 0.0347599 secs] 114986K->15209K(494976K), [Metaspace: 20731K->20731K(1067008K)], 0.0348243 secs] [Times: user=0.03 sys=0.01, real=0.04 secs] 
17:11:17.904 [Curator-PathChildrenCache-1] WARN  o.a.c.u.ZKPaths  - The version of ZooKeeper being used doesn't support Container nodes. CreateMode.PERSISTENT will be used instead.
2019-06-10T17:11:20.316+0000: 26.257: [GC (Allocation Failure) 2019-06-10T17:11:20.316+0000: 26.257: [DefNew: 136005K->16440K(153600K), 0.0251446 secs] 151214K->51180K(494976K), 0.0252219 secs] [Times: user=0.01 sys=0.01, real=0.02 secs] 
2019-06-10T17:11:22.475+0000: 28.416: [Full GC (Metadata GC Threshold) 2019-06-10T17:11:22.475+0000: 28.416: [Tenured: 34740K->43347K(341376K), 0.0443067 secs] 97622K->43347K(494976K), [Metaspace: 34588K->34588K(1079296K)], 0.0443844 secs] [Times: user=0.04 sys=0.01, real=0.04 secs] 
2019-06-10T17:11:29.593+0000: 35.533: [GC (Allocation Failure) 2019-06-10T17:11:29.593+0000: 35.533: [DefNew: 136576K->62K(153600K), 0.0018013 secs] 179923K->43410K(494976K), 0.0018611 secs] [Times: user=0.00 sys=0.00, real=0.00 secs] 
2019-06-10T17:11:36.781+0000: 42.721: [GC (Allocation Failure) 2019-06-10T17:11:36.781+0000: 42.721: [DefNew: 136638K->61K(153600K), 0.0017198 secs] 179986K->43409K(494976K), 0.0017776 secs] [Times: user=0.00 sys=0.00, real=0.01 secs] 
2019-06-10T17:11:43.926+0000: 49.866: [GC (Allocation Failure) 2019-06-10T17:11:43.926+0000: 49.866: [DefNew: 136637K->63K(153600K), 0.0017115 secs] 179985K->43411K(494976K), 0.0017793 secs] [Times: user=0.00 sys=0.00, real=0.00 secs] 
2019-06-10T17:11:51.170+0000: 57.110: [GC (Allocation Failure) 2019-06-10T17:11:51.170+0000: 57.110: [DefNew: 136639K->67K(153600K), 0.0017242 secs] 179987K->43415K(494976K), 0.0018078 secs] [Times: user=0.00 sys=0.00, real=0.01 secs] 
2019-06-10T17:11:58.848+0000: 64.788: [GC (Allocation Failure) 2019-06-10T17:11:58.848+0000: 64.788: [DefNew: 136643K->389K(153600K), 0.0022584 secs] 179991K->43737K(494976K), 0.0023240 secs] [Times: user=0.00 sys=0.00, real=0.01 secs] 
17:12:12.107 [Curator-PathChildrenCache-0] ERROR o.a.c.f.r.c.PathChildrenCache  - 
java.lang.IllegalStateException: instance must be started before calling this method
	at org.apache.curator.shaded.com.google.common.base.Preconditions.checkState(Preconditions.java:444)
	at org.apache.curator.framework.imps.CuratorFrameworkImpl.getChildren(CuratorFrameworkImpl.java:456)
	at org.apache.curator.framework.recipes.cache.PathChildrenCache.refresh(PathChildrenCache.java:521)
	at org.apache.curator.framework.recipes.cache.RefreshOperation.invoke(RefreshOperation.java:35)
	at org.apache.curator.framework.recipes.cache.PathChildrenCache$9.run(PathChildrenCache.java:786)
	at java.util.concurrent.Executors$RunnableAdapter.call(Executors.java:511)
	at java.util.concurrent.FutureTask.run(FutureTask.java:266)
	at java.util.concurrent.Executors$RunnableAdapter.call(Executors.java:511)
	at java.util.concurrent.FutureTask.run(FutureTask.java:266)
	at java.util.concurrent.ThreadPoolExecutor.runWorker(ThreadPoolExecutor.java:1149)
	at java.util.concurrent.ThreadPoolExecutor$Worker.run(ThreadPoolExecutor.java:624)
	at java.lang.Thread.run(Thread.java:748)
Heap
 def new generation   total 153600K, used 82069K [0x00000000e0c00000, 0x00000000eb2a0000, 0x00000000eb2a0000)
  eden space 136576K,  59% used [0x00000000e0c00000, 0x00000000e5bc3d78, 0x00000000e9160000)
  from space 17024K,   2% used [0x00000000e9160000, 0x00000000e91c1728, 0x00000000ea200000)
  to   space 17024K,   0% used [0x00000000ea200000, 0x00000000ea200000, 0x00000000eb2a0000)
 tenured generation   total 341376K, used 43347K [0x00000000eb2a0000, 0x0000000100000000, 0x0000000100000000)
   the space 341376K,  12% used [0x00000000eb2a0000, 0x00000000edcf4ee0, 0x00000000edcf5000, 0x0000000100000000)
 Metaspace       used 36077K, capacity 36992K, committed 37120K, reserved 1081344K
  class space    used 4873K, capacity 5074K, committed 5120K, reserved 1048576K
