20:03:19,753 |-INFO in ch.qos.logback.classic.LoggerContext[default] - Could NOT find resource [logback-test.xml]
20:03:19,753 |-INFO in ch.qos.logback.classic.LoggerContext[default] - Could NOT find resource [logback.groovy]
20:03:19,753 |-INFO in ch.qos.logback.classic.LoggerContext[default] - Found resource [logback.xml] at [jar:file:/root/flamestream/lib/flamestream-runtime-1.0-SNAPSHOT.jar!/logback.xml]
20:03:19,754 |-WARN in ch.qos.logback.classic.LoggerContext[default] - Resource [logback.xml] occurs multiple times on the classpath.
20:03:19,754 |-WARN in ch.qos.logback.classic.LoggerContext[default] - Resource [logback.xml] occurs at [jar:file:/root/flamestream/lib/flamestream-runtime-1.0-SNAPSHOT.jar!/logback.xml]
20:03:19,754 |-WARN in ch.qos.logback.classic.LoggerContext[default] - Resource [logback.xml] occurs at [jar:file:/root/flamestream/flamestream-runtime-1.0-SNAPSHOT.jar!/logback.xml]
20:03:19,778 |-INFO in ch.qos.logback.core.joran.spi.ConfigurationWatchList@3fb6a447 - URL [jar:file:/root/flamestream/lib/flamestream-runtime-1.0-SNAPSHOT.jar!/logback.xml] is not of type file
20:03:19,853 |-INFO in ch.qos.logback.classic.joran.action.ConfigurationAction - debug attribute not set
20:03:19,854 |-INFO in ch.qos.logback.core.joran.action.AppenderAction - About to instantiate appender of type [ch.qos.logback.core.ConsoleAppender]
20:03:19,866 |-INFO in ch.qos.logback.core.joran.action.AppenderAction - Naming appender as [STDOUT]
20:03:19,884 |-INFO in ch.qos.logback.core.joran.action.NestedComplexPropertyIA - Assuming default type [ch.qos.logback.classic.encoder.PatternLayoutEncoder] for [encoder] property
20:03:19,963 |-INFO in ch.qos.logback.core.joran.action.AppenderAction - About to instantiate appender of type [ch.qos.logback.core.rolling.RollingFileAppender]
20:03:19,967 |-INFO in ch.qos.logback.core.joran.action.AppenderAction - Naming appender as [FILE]
20:03:19,997 |-INFO in c.q.l.core.rolling.TimeBasedRollingPolicy@127618319 - No compression will be used
20:03:19,999 |-INFO in c.q.l.core.rolling.TimeBasedRollingPolicy@127618319 - Will use the pattern /tmp/application_%d{yyyy-MM-dd}.%i.log for the active file
20:03:20,001 |-INFO in ch.qos.logback.core.rolling.SizeAndTimeBasedFNATP@6b2fad11 - The date pattern is 'yyyy-MM-dd' from file name pattern '/tmp/application_%d{yyyy-MM-dd}.%i.log'.
20:03:20,001 |-INFO in ch.qos.logback.core.rolling.SizeAndTimeBasedFNATP@6b2fad11 - Roll-over at midnight.
20:03:20,006 |-INFO in ch.qos.logback.core.rolling.SizeAndTimeBasedFNATP@6b2fad11 - Setting initial period to Mon Jun 10 20:01:52 UTC 2019
20:03:20,007 |-WARN in ch.qos.logback.core.rolling.SizeAndTimeBasedFNATP@6b2fad11 - SizeAndTimeBasedFNATP is deprecated. Use SizeAndTimeBasedRollingPolicy instead
20:03:20,007 |-WARN in ch.qos.logback.core.rolling.SizeAndTimeBasedFNATP@6b2fad11 - For more information see http://logback.qos.ch/manual/appenders.html#SizeAndTimeBasedRollingPolicy
20:03:20,010 |-INFO in ch.qos.logback.core.joran.action.NestedComplexPropertyIA - Assuming default type [ch.qos.logback.classic.encoder.PatternLayoutEncoder] for [encoder] property
20:03:20,015 |-INFO in ch.qos.logback.core.rolling.RollingFileAppender[FILE] - Active log file name: /tmp/application.log
20:03:20,015 |-INFO in ch.qos.logback.core.rolling.RollingFileAppender[FILE] - File property is set to [/tmp/application.log]
20:03:20,016 |-INFO in ch.qos.logback.classic.joran.action.RootLoggerAction - Setting level of ROOT logger to WARN
20:03:20,016 |-INFO in ch.qos.logback.core.joran.action.AppenderRefAction - Attaching appender named [STDOUT] to Logger[ROOT]
20:03:20,018 |-INFO in ch.qos.logback.core.joran.action.AppenderRefAction - Attaching appender named [FILE] to Logger[ROOT]
20:03:20,018 |-INFO in ch.qos.logback.classic.joran.action.ConfigurationAction - End of configuration.
20:03:20,018 |-INFO in ch.qos.logback.classic.joran.JoranConfigurator@79698539 - Registering current configuration as safe fallback point

Ama winner
Ama winner
2019-06-10T20:03:21.296+0000: 1.719: [Full GC (Metadata GC Threshold) 2019-06-10T20:03:21.296+0000: 1.719: [Tenured: 0K->15167K(341376K), 0.0354103 secs] 115050K->15167K(494976K), [Metaspace: 20730K->20730K(1067008K)], 0.0354796 secs] [Times: user=0.03 sys=0.00, real=0.03 secs] 
20:03:44.537 [Curator-PathChildrenCache-2] WARN  o.a.c.u.ZKPaths  - The version of ZooKeeper being used doesn't support Container nodes. CreateMode.PERSISTENT will be used instead.
2019-06-10T20:03:46.991+0000: 27.414: [GC (Allocation Failure) 2019-06-10T20:03:46.991+0000: 27.414: [DefNew: 118328K->17023K(153600K), 0.0203134 secs] 133496K->33098K(494976K), 0.0204014 secs] [Times: user=0.01 sys=0.01, real=0.02 secs] 
2019-06-10T20:03:47.213+0000: 27.636: [Full GC (Metadata GC Threshold) 2019-06-10T20:03:47.213+0000: 27.637: [Tenured: 16074K->44461K(341376K), 0.0452901 secs] 66307K->44461K(494976K), [Metaspace: 34506K->34506K(1079296K)], 0.0453806 secs] [Times: user=0.03 sys=0.01, real=0.05 secs] 
2019-06-10T20:03:49.609+0000: 30.033: [GC (Allocation Failure) 2019-06-10T20:03:49.609+0000: 30.033: [DefNew: 136576K->242K(153600K), 0.0026169 secs] 181037K->44703K(494976K), 0.0026833 secs] [Times: user=0.00 sys=0.00, real=0.00 secs] 
2019-06-10T20:03:51.513+0000: 31.937: [GC (Allocation Failure) 2019-06-10T20:03:51.513+0000: 31.937: [DefNew: 136818K->251K(153600K), 0.0022634 secs] 181279K->44712K(494976K), 0.0023227 secs] [Times: user=0.00 sys=0.00, real=0.01 secs] 
2019-06-10T20:03:53.565+0000: 33.989: [GC (Allocation Failure) 2019-06-10T20:03:53.565+0000: 33.989: [DefNew: 136827K->261K(153600K), 0.0023559 secs] 181288K->44722K(494976K), 0.0024177 secs] [Times: user=0.00 sys=0.00, real=0.01 secs] 
2019-06-10T20:03:55.624+0000: 36.048: [GC (Allocation Failure) 2019-06-10T20:03:55.625+0000: 36.048: [DefNew: 136837K->262K(153600K), 0.0024304 secs] 181298K->44723K(494976K), 0.0024898 secs] [Times: user=0.00 sys=0.00, real=0.01 secs] 
2019-06-10T20:03:57.649+0000: 38.073: [GC (Allocation Failure) 2019-06-10T20:03:57.649+0000: 38.073: [DefNew: 136838K->260K(153600K), 0.0023644 secs] 181299K->44721K(494976K), 0.0024333 secs] [Times: user=0.00 sys=0.00, real=0.00 secs] 
2019-06-10T20:04:05.012+0000: 45.436: [GC (Allocation Failure) 2019-06-10T20:04:05.012+0000: 45.436: [DefNew: 136836K->260K(153600K), 0.0024415 secs] 181297K->44721K(494976K), 0.0025065 secs] [Times: user=0.00 sys=0.00, real=0.01 secs] 
20:04:11.701 [Curator-PathChildrenCache-0] ERROR o.a.c.f.r.c.PathChildrenCache  - 
java.lang.IllegalStateException: instance must be started before calling this method
	at org.apache.curator.shaded.com.google.common.base.Preconditions.checkState(Preconditions.java:444)
	at org.apache.curator.framework.imps.CuratorFrameworkImpl.getChildren(CuratorFrameworkImpl.java:456)
	at org.apache.curator.framework.recipes.cache.PathChildrenCache.refresh(PathChildrenCache.java:521)
	at org.apache.curator.framework.recipes.cache.RefreshOperation.invoke(RefreshOperation.java:35)
	at org.apache.curator.framework.recipes.cache.PathChildrenCache$9.run(PathChildrenCache.java:786)
	at java.util.concurrent.Executors$RunnableAdapter.call(Executors.java:511)
	at java.util.concurrent.FutureTask.run(FutureTask.java:266)
	at java.util.concurrent.Executors$RunnableAdapter.call(Executors.java:511)
	at java.util.concurrent.FutureTask.run(FutureTask.java:266)
	at java.util.concurrent.ThreadPoolExecutor.runWorker(ThreadPoolExecutor.java:1149)
	at java.util.concurrent.ThreadPoolExecutor$Worker.run(ThreadPoolExecutor.java:624)
	at java.lang.Thread.run(Thread.java:748)
Heap
 def new generation   total 153600K, used 57273K [0x00000000e0c00000, 0x00000000eb2a0000, 0x00000000eb2a0000)
  eden space 136576K,  41% used [0x00000000e0c00000, 0x00000000e43ad258, 0x00000000e9160000)
  from space 17024K,   1% used [0x00000000ea200000, 0x00000000ea2412b0, 0x00000000eb2a0000)
  to   space 17024K,   0% used [0x00000000e9160000, 0x00000000e9160000, 0x00000000ea200000)
 tenured generation   total 341376K, used 44461K [0x00000000eb2a0000, 0x0000000100000000, 0x0000000100000000)
   the space 341376K,  13% used [0x00000000eb2a0000, 0x00000000ede0b4c0, 0x00000000ede0b600, 0x0000000100000000)
 Metaspace       used 36022K, capacity 36936K, committed 37120K, reserved 1081344K
  class space    used 4859K, capacity 5060K, committed 5120K, reserved 1048576K
