09:37:45,604 |-INFO in ch.qos.logback.classic.LoggerContext[default] - Could NOT find resource [logback-test.xml]
09:37:45,604 |-INFO in ch.qos.logback.classic.LoggerContext[default] - Could NOT find resource [logback.groovy]
09:37:45,605 |-INFO in ch.qos.logback.classic.LoggerContext[default] - Found resource [logback.xml] at [jar:file:/root/flamestream/lib/flamestream-runtime-1.0-SNAPSHOT.jar!/logback.xml]
09:37:45,606 |-WARN in ch.qos.logback.classic.LoggerContext[default] - Resource [logback.xml] occurs multiple times on the classpath.
09:37:45,606 |-WARN in ch.qos.logback.classic.LoggerContext[default] - Resource [logback.xml] occurs at [jar:file:/root/flamestream/lib/flamestream-runtime-1.0-SNAPSHOT.jar!/logback.xml]
09:37:45,606 |-WARN in ch.qos.logback.classic.LoggerContext[default] - Resource [logback.xml] occurs at [jar:file:/root/flamestream/flamestream-runtime-1.0-SNAPSHOT.jar!/logback.xml]
09:37:45,626 |-INFO in ch.qos.logback.core.joran.spi.ConfigurationWatchList@3fb6a447 - URL [jar:file:/root/flamestream/lib/flamestream-runtime-1.0-SNAPSHOT.jar!/logback.xml] is not of type file
09:37:45,693 |-INFO in ch.qos.logback.classic.joran.action.ConfigurationAction - debug attribute not set
09:37:45,694 |-INFO in ch.qos.logback.core.joran.action.AppenderAction - About to instantiate appender of type [ch.qos.logback.core.ConsoleAppender]
09:37:45,709 |-INFO in ch.qos.logback.core.joran.action.AppenderAction - Naming appender as [STDOUT]
09:37:45,729 |-INFO in ch.qos.logback.core.joran.action.NestedComplexPropertyIA - Assuming default type [ch.qos.logback.classic.encoder.PatternLayoutEncoder] for [encoder] property
09:37:45,806 |-INFO in ch.qos.logback.core.joran.action.AppenderAction - About to instantiate appender of type [ch.qos.logback.core.rolling.RollingFileAppender]
09:37:45,815 |-INFO in ch.qos.logback.core.joran.action.AppenderAction - Naming appender as [FILE]
09:37:45,845 |-INFO in c.q.l.core.rolling.TimeBasedRollingPolicy@127618319 - No compression will be used
09:37:45,846 |-INFO in c.q.l.core.rolling.TimeBasedRollingPolicy@127618319 - Will use the pattern /tmp/application_%d{yyyy-MM-dd}.%i.log for the active file
09:37:45,849 |-INFO in ch.qos.logback.core.rolling.SizeAndTimeBasedFNATP@6b2fad11 - The date pattern is 'yyyy-MM-dd' from file name pattern '/tmp/application_%d{yyyy-MM-dd}.%i.log'.
09:37:45,849 |-INFO in ch.qos.logback.core.rolling.SizeAndTimeBasedFNATP@6b2fad11 - Roll-over at midnight.
09:37:45,854 |-INFO in ch.qos.logback.core.rolling.SizeAndTimeBasedFNATP@6b2fad11 - Setting initial period to Tue Jun 11 09:36:31 UTC 2019
09:37:45,854 |-WARN in ch.qos.logback.core.rolling.SizeAndTimeBasedFNATP@6b2fad11 - SizeAndTimeBasedFNATP is deprecated. Use SizeAndTimeBasedRollingPolicy instead
09:37:45,854 |-WARN in ch.qos.logback.core.rolling.SizeAndTimeBasedFNATP@6b2fad11 - For more information see http://logback.qos.ch/manual/appenders.html#SizeAndTimeBasedRollingPolicy
09:37:45,858 |-INFO in ch.qos.logback.core.joran.action.NestedComplexPropertyIA - Assuming default type [ch.qos.logback.classic.encoder.PatternLayoutEncoder] for [encoder] property
09:37:45,863 |-INFO in ch.qos.logback.core.rolling.RollingFileAppender[FILE] - Active log file name: /tmp/application.log
09:37:45,863 |-INFO in ch.qos.logback.core.rolling.RollingFileAppender[FILE] - File property is set to [/tmp/application.log]
09:37:45,863 |-INFO in ch.qos.logback.classic.joran.action.RootLoggerAction - Setting level of ROOT logger to WARN
09:37:45,864 |-INFO in ch.qos.logback.core.joran.action.AppenderRefAction - Attaching appender named [STDOUT] to Logger[ROOT]
09:37:45,865 |-INFO in ch.qos.logback.core.joran.action.AppenderRefAction - Attaching appender named [FILE] to Logger[ROOT]
09:37:45,865 |-INFO in ch.qos.logback.classic.joran.action.ConfigurationAction - End of configuration.
09:37:45,866 |-INFO in ch.qos.logback.classic.joran.JoranConfigurator@79698539 - Registering current configuration as safe fallback point

Ama winner
Ama winner
2019-06-11T09:37:47.154+0000: 1.733: [Full GC (Metadata GC Threshold) 2019-06-11T09:37:47.154+0000: 1.733: [Tenured: 0K->15176K(341376K), 0.0394153 secs] 114923K->15176K(494976K), [Metaspace: 20738K->20738K(1067008K)], 0.0394879 secs] [Times: user=0.04 sys=0.01, real=0.04 secs] 
09:38:09.048 [Curator-PathChildrenCache-2] WARN  o.a.c.u.ZKPaths  - The version of ZooKeeper being used doesn't support Container nodes. CreateMode.PERSISTENT will be used instead.
2019-06-11T09:38:12.833+0000: 27.413: [GC (Allocation Failure) 2019-06-11T09:38:12.833+0000: 27.413: [DefNew: 136576K->17013K(153600K), 0.0287004 secs] 151752K->51722K(494976K), 0.0287824 secs] [Times: user=0.02 sys=0.01, real=0.03 secs] 
2019-06-11T09:38:13.890+0000: 28.469: [Full GC (Metadata GC Threshold) 2019-06-11T09:38:13.890+0000: 28.469: [Tenured: 34708K->42276K(341376K), 0.0426867 secs] 96660K->42276K(494976K), [Metaspace: 34555K->34555K(1079296K)], 0.0427625 secs] [Times: user=0.04 sys=0.00, real=0.05 secs] 
2019-06-11T09:38:17.240+0000: 31.819: [GC (Allocation Failure) 2019-06-11T09:38:17.240+0000: 31.819: [DefNew: 136576K->447K(153600K), 0.0028537 secs] 178852K->42723K(494976K), 0.0029124 secs] [Times: user=0.00 sys=0.00, real=0.00 secs] 
2019-06-11T09:38:19.543+0000: 34.122: [GC (Allocation Failure) 2019-06-11T09:38:19.543+0000: 34.122: [DefNew: 137023K->2426K(153600K), 0.0060481 secs] 179299K->44702K(494976K), 0.0061091 secs] [Times: user=0.01 sys=0.00, real=0.00 secs] 
2019-06-11T09:38:22.637+0000: 37.217: [GC (Allocation Failure) 2019-06-11T09:38:22.637+0000: 37.217: [DefNew: 139002K->447K(153600K), 0.0024439 secs] 181278K->42724K(494976K), 0.0025065 secs] [Times: user=0.00 sys=0.00, real=0.01 secs] 
2019-06-11T09:38:27.282+0000: 41.862: [GC (Allocation Failure) 2019-06-11T09:38:27.282+0000: 41.862: [DefNew: 137023K->529K(153600K), 0.0026630 secs] 179300K->42806K(494976K), 0.0027226 secs] [Times: user=0.00 sys=0.00, real=0.00 secs] 
2019-06-11T09:38:31.626+0000: 46.205: [GC (Allocation Failure) 2019-06-11T09:38:31.626+0000: 46.205: [DefNew: 137105K->497K(153600K), 0.0026704 secs] 179382K->42773K(494976K), 0.0027450 secs] [Times: user=0.00 sys=0.00, real=0.00 secs] 
2019-06-11T09:38:36.280+0000: 50.859: [GC (Allocation Failure) 2019-06-11T09:38:36.280+0000: 50.859: [DefNew: 137073K->530K(153600K), 0.0026277 secs] 179349K->42806K(494976K), 0.0027228 secs] [Times: user=0.01 sys=0.00, real=0.00 secs] 
2019-06-11T09:38:40.090+0000: 54.669: [GC (Allocation Failure) 2019-06-11T09:38:40.090+0000: 54.669: [DefNew: 137106K->561K(153600K), 0.0025390 secs] 179382K->42838K(494976K), 0.0026163 secs] [Times: user=0.01 sys=0.00, real=0.01 secs] 
2019-06-11T09:38:44.011+0000: 58.590: [GC (Allocation Failure) 2019-06-11T09:38:44.011+0000: 58.591: [DefNew: 137137K->636K(153600K), 0.0028898 secs] 179414K->42912K(494976K), 0.0029500 secs] [Times: user=0.00 sys=0.01, real=0.00 secs] 
2019-06-11T09:38:48.071+0000: 62.650: [GC (Allocation Failure) 2019-06-11T09:38:48.071+0000: 62.650: [DefNew: 137212K->1039K(153600K), 0.0033013 secs] 179488K->43316K(494976K), 0.0033643 secs] [Times: user=0.00 sys=0.00, real=0.00 secs] 
2019-06-11T09:38:51.646+0000: 66.225: [GC (Allocation Failure) 2019-06-11T09:38:51.646+0000: 66.225: [DefNew: 137615K->718K(153600K), 0.0029253 secs] 179892K->42994K(494976K), 0.0029890 secs] [Times: user=0.01 sys=0.00, real=0.00 secs] 
2019-06-11T09:38:55.689+0000: 70.269: [GC (Allocation Failure) 2019-06-11T09:38:55.689+0000: 70.269: [DefNew: 137294K->810K(153600K), 0.0030550 secs] 179570K->43087K(494976K), 0.0031188 secs] [Times: user=0.00 sys=0.00, real=0.01 secs] 
2019-06-11T09:38:59.273+0000: 73.852: [GC (Allocation Failure) 2019-06-11T09:38:59.273+0000: 73.852: [DefNew: 137386K->827K(153600K), 0.0031169 secs] 179663K->43103K(494976K), 0.0031784 secs] [Times: user=0.00 sys=0.00, real=0.00 secs] 
2019-06-11T09:39:03.229+0000: 77.809: [GC (Allocation Failure) 2019-06-11T09:39:03.229+0000: 77.809: [DefNew: 137403K->876K(153600K), 0.0030915 secs] 179679K->43153K(494976K), 0.0031526 secs] [Times: user=0.00 sys=0.00, real=0.01 secs] 
2019-06-11T09:39:06.836+0000: 81.416: [GC (Allocation Failure) 2019-06-11T09:39:06.836+0000: 81.416: [DefNew: 137452K->891K(153600K), 0.0029623 secs] 179729K->43167K(494976K), 0.0030256 secs] [Times: user=0.00 sys=0.00, real=0.01 secs] 
2019-06-11T09:39:10.230+0000: 84.809: [GC (Allocation Failure) 2019-06-11T09:39:10.230+0000: 84.809: [DefNew: 137467K->920K(153600K), 0.0029717 secs] 179743K->43196K(494976K), 0.0030330 secs] [Times: user=0.00 sys=0.00, real=0.01 secs] 
2019-06-11T09:39:14.323+0000: 88.902: [GC (Allocation Failure) 2019-06-11T09:39:14.323+0000: 88.902: [DefNew: 137496K->758K(153600K), 0.0037005 secs] 179772K->43259K(494976K), 0.0037637 secs] [Times: user=0.00 sys=0.00, real=0.00 secs] 
2019-06-11T09:39:17.301+0000: 91.880: [GC (Allocation Failure) 2019-06-11T09:39:17.301+0000: 91.880: [DefNew: 137334K->1197K(153600K), 0.0033203 secs] 179835K->43760K(494976K), 0.0033790 secs] [Times: user=0.01 sys=0.00, real=0.00 secs] 
2019-06-11T09:39:21.453+0000: 96.033: [GC (Allocation Failure) 2019-06-11T09:39:21.453+0000: 96.033: [DefNew: 137773K->765K(153600K), 0.0029789 secs] 180336K->43355K(494976K), 0.0030354 secs] [Times: user=0.01 sys=0.00, real=0.00 secs] 
2019-06-11T09:39:25.413+0000: 99.993: [GC (Allocation Failure) 2019-06-11T09:39:25.414+0000: 99.993: [DefNew: 137341K->1242K(153600K), 0.0032724 secs] 179931K->43867K(494976K), 0.0033317 secs] [Times: user=0.01 sys=0.00, real=0.00 secs] 
2019-06-11T09:39:29.254+0000: 103.833: [GC (Allocation Failure) 2019-06-11T09:39:29.254+0000: 103.833: [DefNew: 137818K->713K(153600K), 0.0028635 secs] 180443K->43365K(494976K), 0.0029217 secs] [Times: user=0.00 sys=0.00, real=0.00 secs] 
2019-06-11T09:39:32.419+0000: 106.998: [GC (Allocation Failure) 2019-06-11T09:39:32.419+0000: 106.999: [DefNew: 137289K->705K(153600K), 0.0028226 secs] 179941K->43388K(494976K), 0.0028855 secs] [Times: user=0.00 sys=0.00, real=0.00 secs] 
2019-06-11T09:39:37.171+0000: 111.751: [GC (Allocation Failure) 2019-06-11T09:39:37.171+0000: 111.751: [DefNew: 137281K->689K(153600K), 0.0028916 secs] 179964K->43403K(494976K), 0.0029669 secs] [Times: user=0.00 sys=0.00, real=0.00 secs] 
2019-06-11T09:39:40.608+0000: 115.187: [GC (Allocation Failure) 2019-06-11T09:39:40.608+0000: 115.187: [DefNew: 137265K->1233K(153600K), 0.0033297 secs] 179979K->43982K(494976K), 0.0034052 secs] [Times: user=0.01 sys=0.00, real=0.01 secs] 
2019-06-11T09:39:45.105+0000: 119.685: [GC (Allocation Failure) 2019-06-11T09:39:45.105+0000: 119.685: [DefNew: 137809K->622K(153600K), 0.0030218 secs] 180558K->43460K(494976K), 0.0030845 secs] [Times: user=0.00 sys=0.00, real=0.00 secs] 
2019-06-11T09:39:47.819+0000: 122.398: [GC (Allocation Failure) 2019-06-11T09:39:47.819+0000: 122.398: [DefNew: 137198K->587K(153600K), 0.0026209 secs] 180036K->43458K(494976K), 0.0026995 secs] [Times: user=0.00 sys=0.00, real=0.01 secs] 
2019-06-11T09:39:52.756+0000: 127.335: [GC (Allocation Failure) 2019-06-11T09:39:52.756+0000: 127.335: [DefNew: 137163K->568K(153600K), 0.0024461 secs] 180034K->43496K(494976K), 0.0025026 secs] [Times: user=0.01 sys=0.00, real=0.00 secs] 
2019-06-11T09:39:57.195+0000: 131.774: [GC (Allocation Failure) 2019-06-11T09:39:57.195+0000: 131.774: [DefNew: 137144K->868K(153600K), 0.0028762 secs] 180072K->43832K(494976K), 0.0029388 secs] [Times: user=0.00 sys=0.00, real=0.00 secs] 
2019-06-11T09:40:00.466+0000: 135.045: [GC (Allocation Failure) 2019-06-11T09:40:00.466+0000: 135.045: [DefNew: 137444K->759K(153600K), 0.0029592 secs] 180408K->43764K(494976K), 0.0030202 secs] [Times: user=0.00 sys=0.00, real=0.00 secs] 
2019-06-11T09:40:04.344+0000: 138.924: [GC (Allocation Failure) 2019-06-11T09:40:04.345+0000: 138.924: [DefNew: 137335K->741K(153600K), 0.0028265 secs] 180340K->43770K(494976K), 0.0028876 secs] [Times: user=0.00 sys=0.00, real=0.00 secs] 
2019-06-11T09:40:08.382+0000: 142.962: [GC (Allocation Failure) 2019-06-11T09:40:08.382+0000: 142.962: [DefNew: 137317K->541K(153600K), 0.0025037 secs] 180346K->43595K(494976K), 0.0025666 secs] [Times: user=0.01 sys=0.00, real=0.00 secs] 
2019-06-11T09:40:12.579+0000: 147.159: [GC (Allocation Failure) 2019-06-11T09:40:12.579+0000: 147.159: [DefNew: 137117K->594K(153600K), 0.0027315 secs] 180171K->43676K(494976K), 0.0028052 secs] [Times: user=0.00 sys=0.00, real=0.00 secs] 
2019-06-11T09:40:16.703+0000: 151.282: [GC (Allocation Failure) 2019-06-11T09:40:16.703+0000: 151.282: [DefNew: 137170K->535K(153600K), 0.0025340 secs] 180252K->43647K(494976K), 0.0025901 secs] [Times: user=0.00 sys=0.00, real=0.00 secs] 
2019-06-11T09:40:19.919+0000: 154.498: [GC (Allocation Failure) 2019-06-11T09:40:19.919+0000: 154.498: [DefNew: 137111K->684K(153600K), 0.0026252 secs] 180223K->43820K(494976K), 0.0026944 secs] [Times: user=0.00 sys=0.00, real=0.01 secs] 
2019-06-11T09:40:24.977+0000: 159.557: [GC (Allocation Failure) 2019-06-11T09:40:24.977+0000: 159.557: [DefNew: 137260K->533K(153600K), 0.0024859 secs] 180396K->43687K(494976K), 0.0025417 secs] [Times: user=0.00 sys=0.00, real=0.01 secs] 
2019-06-11T09:40:28.846+0000: 163.425: [GC (Allocation Failure) 2019-06-11T09:40:28.846+0000: 163.425: [DefNew: 137109K->529K(153600K), 0.0025141 secs] 180263K->43708K(494976K), 0.0025731 secs] [Times: user=0.00 sys=0.00, real=0.00 secs] 
2019-06-11T09:40:33.603+0000: 168.182: [GC (Allocation Failure) 2019-06-11T09:40:33.603+0000: 168.182: [DefNew: 137105K->527K(153600K), 0.0024020 secs] 180284K->43734K(494976K), 0.0024616 secs] [Times: user=0.00 sys=0.00, real=0.00 secs] 
2019-06-11T09:40:37.777+0000: 172.356: [GC (Allocation Failure) 2019-06-11T09:40:37.777+0000: 172.356: [DefNew: 137103K->585K(153600K), 0.0026218 secs] 180310K->43811K(494976K), 0.0026924 secs] [Times: user=0.00 sys=0.00, real=0.01 secs] 
2019-06-11T09:40:41.551+0000: 176.130: [GC (Allocation Failure) 2019-06-11T09:40:41.551+0000: 176.130: [DefNew: 137161K->543K(153600K), 0.0026130 secs] 180387K->43788K(494976K), 0.0026845 secs] [Times: user=0.01 sys=0.00, real=0.01 secs] 
2019-06-11T09:40:44.949+0000: 179.528: [GC (Allocation Failure) 2019-06-11T09:40:44.949+0000: 179.528: [DefNew: 137119K->790K(153600K), 0.0029364 secs] 180364K->44060K(494976K), 0.0030099 secs] [Times: user=0.00 sys=0.00, real=0.01 secs] 
2019-06-11T09:40:48.246+0000: 182.825: [GC (Allocation Failure) 2019-06-11T09:40:48.246+0000: 182.825: [DefNew: 137366K->535K(153600K), 0.0025479 secs] 180636K->43835K(494976K), 0.0026082 secs] [Times: user=0.00 sys=0.00, real=0.00 secs] 
2019-06-11T09:40:53.734+0000: 188.313: [GC (Allocation Failure) 2019-06-11T09:40:53.734+0000: 188.313: [DefNew: 137111K->530K(153600K), 0.0025468 secs] 180411K->43857K(494976K), 0.0026107 secs] [Times: user=0.00 sys=0.00, real=0.00 secs] 
2019-06-11T09:40:58.536+0000: 193.115: [GC (Allocation Failure) 2019-06-11T09:40:58.536+0000: 193.115: [DefNew: 137106K->526K(153600K), 0.0024447 secs] 180433K->43883K(494976K), 0.0025042 secs] [Times: user=0.00 sys=0.00, real=0.00 secs] 
2019-06-11T09:41:02.326+0000: 196.905: [GC (Allocation Failure) 2019-06-11T09:41:02.326+0000: 196.905: [DefNew: 137102K->527K(153600K), 0.0025349 secs] 180459K->43908K(494976K), 0.0025955 secs] [Times: user=0.01 sys=0.00, real=0.00 secs] 
2019-06-11T09:41:06.483+0000: 201.062: [GC (Allocation Failure) 2019-06-11T09:41:06.483+0000: 201.062: [DefNew: 137103K->518K(153600K), 0.0025212 secs] 180484K->43925K(494976K), 0.0025832 secs] [Times: user=0.00 sys=0.00, real=0.00 secs] 
2019-06-11T09:41:09.930+0000: 204.509: [GC (Allocation Failure) 2019-06-11T09:41:09.930+0000: 204.509: [DefNew: 137094K->572K(153600K), 0.0026628 secs] 180501K->44000K(494976K), 0.0027241 secs] [Times: user=0.00 sys=0.00, real=0.01 secs] 
2019-06-11T09:41:15.072+0000: 209.652: [GC (Allocation Failure) 2019-06-11T09:41:15.073+0000: 209.652: [DefNew: 137148K->513K(153600K), 0.0025407 secs] 180576K->43967K(494976K), 0.0026037 secs] [Times: user=0.01 sys=0.00, real=0.00 secs] 
2019-06-11T09:41:19.115+0000: 213.694: [GC (Allocation Failure) 2019-06-11T09:41:19.115+0000: 213.694: [DefNew: 137089K->514K(153600K), 0.0025667 secs] 180543K->43986K(494976K), 0.0026320 secs] [Times: user=0.01 sys=0.00, real=0.00 secs] 
2019-06-11T09:41:24.775+0000: 219.354: [GC (Allocation Failure) 2019-06-11T09:41:24.775+0000: 219.354: [DefNew: 137090K->593K(153600K), 0.0026400 secs] 180562K->44088K(494976K), 0.0027029 secs] [Times: user=0.00 sys=0.00, real=0.00 secs] 
2019-06-11T09:41:28.887+0000: 223.466: [GC (Allocation Failure) 2019-06-11T09:41:28.887+0000: 223.466: [DefNew: 137169K->512K(153600K), 0.0025277 secs] 180664K->44029K(494976K), 0.0025859 secs] [Times: user=0.01 sys=0.00, real=0.00 secs] 
2019-06-11T09:41:31.940+0000: 226.519: [GC (Allocation Failure) 2019-06-11T09:41:31.940+0000: 226.519: [DefNew: 137088K->517K(153600K), 0.0025833 secs] 180605K->44055K(494976K), 0.0026505 secs] [Times: user=0.01 sys=0.00, real=0.00 secs] 
2019-06-11T09:41:36.136+0000: 230.716: [GC (Allocation Failure) 2019-06-11T09:41:36.136+0000: 230.716: [DefNew: 137093K->504K(153600K), 0.0024776 secs] 180631K->44068K(494976K), 0.0025519 secs] [Times: user=0.01 sys=0.00, real=0.01 secs] 
2019-06-11T09:41:40.757+0000: 235.337: [GC (Allocation Failure) 2019-06-11T09:41:40.758+0000: 235.337: [DefNew: 137080K->832K(153600K), 0.0027622 secs] 180644K->44414K(494976K), 0.0028228 secs] [Times: user=0.00 sys=0.00, real=0.01 secs] 
2019-06-11T09:41:45.407+0000: 239.986: [GC (Allocation Failure) 2019-06-11T09:41:45.407+0000: 239.986: [DefNew: 137408K->590K(153600K), 0.0027929 secs] 180990K->44200K(494976K), 0.0028600 secs] [Times: user=0.00 sys=0.00, real=0.00 secs] 
2019-06-11T09:41:50.033+0000: 244.612: [GC (Allocation Failure) 2019-06-11T09:41:50.033+0000: 244.612: [DefNew: 137166K->516K(153600K), 0.0025239 secs] 180776K->44139K(494976K), 0.0025937 secs] [Times: user=0.00 sys=0.00, real=0.00 secs] 
2019-06-11T09:41:54.719+0000: 249.298: [GC (Allocation Failure) 2019-06-11T09:41:54.719+0000: 249.298: [DefNew: 137092K->678K(153600K), 0.0027997 secs] 180715K->44332K(494976K), 0.0028688 secs] [Times: user=0.01 sys=0.00, real=0.00 secs] 
2019-06-11T09:41:59.036+0000: 253.616: [GC (Allocation Failure) 2019-06-11T09:41:59.036+0000: 253.616: [DefNew: 137254K->515K(153600K), 0.0024304 secs] 180908K->44190K(494976K), 0.0024899 secs] [Times: user=0.00 sys=0.00, real=0.01 secs] 
2019-06-11T09:42:03.386+0000: 257.965: [GC (Allocation Failure) 2019-06-11T09:42:03.386+0000: 257.965: [DefNew: 137091K->678K(153600K), 0.0026680 secs] 180766K->44376K(494976K), 0.0027285 secs] [Times: user=0.00 sys=0.00, real=0.00 secs] 
2019-06-11T09:42:06.225+0000: 260.804: [GC (Allocation Failure) 2019-06-11T09:42:06.225+0000: 260.804: [DefNew: 137254K->508K(153600K), 0.0024340 secs] 180952K->44232K(494976K), 0.0024952 secs] [Times: user=0.01 sys=0.00, real=0.00 secs] 
2019-06-11T09:42:12.020+0000: 266.599: [GC (Allocation Failure) 2019-06-11T09:42:12.020+0000: 266.599: [DefNew: 137084K->516K(153600K), 0.0025617 secs] 180808K->44256K(494976K), 0.0026217 secs] [Times: user=0.01 sys=0.00, real=0.00 secs] 
2019-06-11T09:42:15.279+0000: 269.858: [GC (Allocation Failure) 2019-06-11T09:42:15.279+0000: 269.858: [DefNew: 137092K->501K(153600K), 0.0023545 secs] 180832K->44266K(494976K), 0.0024131 secs] [Times: user=0.01 sys=0.00, real=0.00 secs] 
2019-06-11T09:42:21.237+0000: 275.817: [GC (Allocation Failure) 2019-06-11T09:42:21.238+0000: 275.817: [DefNew: 137077K->497K(153600K), 0.0023274 secs] 180842K->44280K(494976K), 0.0023821 secs] [Times: user=0.01 sys=0.00, real=0.01 secs] 
2019-06-11T09:42:25.049+0000: 279.629: [GC (Allocation Failure) 2019-06-11T09:42:25.049+0000: 279.629: [DefNew: 137073K->500K(153600K), 0.0024250 secs] 180856K->44302K(494976K), 0.0024851 secs] [Times: user=0.00 sys=0.00, real=0.01 secs] 
09:42:37.570 [Curator-PathChildrenCache-0] ERROR o.a.c.f.r.c.PathChildrenCache  - 
java.lang.IllegalStateException: instance must be started before calling this method
	at org.apache.curator.shaded.com.google.common.base.Preconditions.checkState(Preconditions.java:444)
	at org.apache.curator.framework.imps.CuratorFrameworkImpl.getChildren(CuratorFrameworkImpl.java:456)
	at org.apache.curator.framework.recipes.cache.PathChildrenCache.refresh(PathChildrenCache.java:521)
	at org.apache.curator.framework.recipes.cache.RefreshOperation.invoke(RefreshOperation.java:35)
	at org.apache.curator.framework.recipes.cache.PathChildrenCache$9.run(PathChildrenCache.java:786)
	at java.util.concurrent.Executors$RunnableAdapter.call(Executors.java:511)
	at java.util.concurrent.FutureTask.run(FutureTask.java:266)
	at java.util.concurrent.Executors$RunnableAdapter.call(Executors.java:511)
	at java.util.concurrent.FutureTask.run(FutureTask.java:266)
	at java.util.concurrent.ThreadPoolExecutor.runWorker(ThreadPoolExecutor.java:1149)
	at java.util.concurrent.ThreadPoolExecutor$Worker.run(ThreadPoolExecutor.java:624)
	at java.lang.Thread.run(Thread.java:748)
Heap
 def new generation   total 153600K, used 100369K [0x00000000e0c00000, 0x00000000eb2a0000, 0x00000000eb2a0000)
  eden space 136576K,  73% used [0x00000000e0c00000, 0x00000000e6d874e8, 0x00000000e9160000)
  from space 17024K,   2% used [0x00000000ea200000, 0x00000000ea27d0e0, 0x00000000eb2a0000)
  to   space 17024K,   0% used [0x00000000e9160000, 0x00000000e9160000, 0x00000000ea200000)
 tenured generation   total 341376K, used 43802K [0x00000000eb2a0000, 0x0000000100000000, 0x0000000100000000)
   the space 341376K,  12% used [0x00000000eb2a0000, 0x00000000edd66960, 0x00000000edd66a00, 0x0000000100000000)
 Metaspace       used 36195K, capacity 37074K, committed 37376K, reserved 1081344K
  class space    used 4859K, capacity 5067K, committed 5120K, reserved 1048576K
