04:59:31,690 |-INFO in ch.qos.logback.classic.LoggerContext[default] - Could NOT find resource [logback-test.xml]
04:59:31,690 |-INFO in ch.qos.logback.classic.LoggerContext[default] - Could NOT find resource [logback.groovy]
04:59:31,690 |-INFO in ch.qos.logback.classic.LoggerContext[default] - Found resource [logback.xml] at [jar:file:/home/nikitasokolov/flamestream/lib/flamestream-runtime-1.0-SNAPSHOT.jar!/logback.xml]
04:59:31,691 |-WARN in ch.qos.logback.classic.LoggerContext[default] - Resource [logback.xml] occurs multiple times on the classpath.
04:59:31,691 |-WARN in ch.qos.logback.classic.LoggerContext[default] - Resource [logback.xml] occurs at [jar:file:/home/nikitasokolov/flamestream/lib/flamestream-runtime-1.0-SNAPSHOT.jar!/logback.xml]
04:59:31,691 |-WARN in ch.qos.logback.classic.LoggerContext[default] - Resource [logback.xml] occurs at [jar:file:/home/nikitasokolov/flamestream/flamestream-runtime-1.0-SNAPSHOT.jar!/logback.xml]
04:59:31,710 |-INFO in ch.qos.logback.core.joran.spi.ConfigurationWatchList@6108b2d7 - URL [jar:file:/home/nikitasokolov/flamestream/lib/flamestream-runtime-1.0-SNAPSHOT.jar!/logback.xml] is not of type file
04:59:31,764 |-INFO in ch.qos.logback.classic.joran.action.ConfigurationAction - debug attribute not set
04:59:31,765 |-INFO in ch.qos.logback.core.joran.action.AppenderAction - About to instantiate appender of type [ch.qos.logback.core.ConsoleAppender]
04:59:31,776 |-INFO in ch.qos.logback.core.joran.action.AppenderAction - Naming appender as [STDOUT]
04:59:31,785 |-INFO in ch.qos.logback.core.joran.action.NestedComplexPropertyIA - Assuming default type [ch.qos.logback.classic.encoder.PatternLayoutEncoder] for [encoder] property
04:59:31,840 |-INFO in ch.qos.logback.core.joran.action.AppenderAction - About to instantiate appender of type [ch.qos.logback.core.rolling.RollingFileAppender]
04:59:31,845 |-INFO in ch.qos.logback.core.joran.action.AppenderAction - Naming appender as [FILE]
04:59:31,867 |-INFO in c.q.l.core.rolling.TimeBasedRollingPolicy@357863579 - No compression will be used
04:59:31,868 |-INFO in c.q.l.core.rolling.TimeBasedRollingPolicy@357863579 - Will use the pattern /tmp/application_%d{yyyy-MM-dd}.%i.log for the active file
04:59:31,871 |-INFO in ch.qos.logback.core.rolling.SizeAndTimeBasedFNATP@6bf256fa - The date pattern is 'yyyy-MM-dd' from file name pattern '/tmp/application_%d{yyyy-MM-dd}.%i.log'.
04:59:31,871 |-INFO in ch.qos.logback.core.rolling.SizeAndTimeBasedFNATP@6bf256fa - Roll-over at midnight.
04:59:31,875 |-INFO in ch.qos.logback.core.rolling.SizeAndTimeBasedFNATP@6bf256fa - Setting initial period to Sun Jun 09 04:58:52 MSK 2019
04:59:31,875 |-WARN in ch.qos.logback.core.rolling.SizeAndTimeBasedFNATP@6bf256fa - SizeAndTimeBasedFNATP is deprecated. Use SizeAndTimeBasedRollingPolicy instead
04:59:31,875 |-WARN in ch.qos.logback.core.rolling.SizeAndTimeBasedFNATP@6bf256fa - For more information see http://logback.qos.ch/manual/appenders.html#SizeAndTimeBasedRollingPolicy
04:59:31,880 |-INFO in ch.qos.logback.core.joran.action.NestedComplexPropertyIA - Assuming default type [ch.qos.logback.classic.encoder.PatternLayoutEncoder] for [encoder] property
04:59:31,882 |-INFO in ch.qos.logback.core.rolling.RollingFileAppender[FILE] - Active log file name: /tmp/application.log
04:59:31,882 |-INFO in ch.qos.logback.core.rolling.RollingFileAppender[FILE] - File property is set to [/tmp/application.log]
04:59:31,883 |-INFO in ch.qos.logback.classic.joran.action.RootLoggerAction - Setting level of ROOT logger to WARN
04:59:31,883 |-INFO in ch.qos.logback.core.joran.action.AppenderRefAction - Attaching appender named [STDOUT] to Logger[ROOT]
04:59:31,884 |-INFO in ch.qos.logback.core.joran.action.AppenderRefAction - Attaching appender named [FILE] to Logger[ROOT]
04:59:31,884 |-INFO in ch.qos.logback.classic.joran.action.ConfigurationAction - End of configuration.
04:59:31,884 |-INFO in ch.qos.logback.classic.joran.JoranConfigurator@6cd8737 - Registering current configuration as safe fallback point

2019-06-09T04:59:32.858+0300: 1.376: [GC (Metadata GC Threshold) [PSYoungGen: 108152K->15786K(149504K)] 108152K->15866K(491008K), 0.0210227 secs] [Times: user=0.08 sys=0.02, real=0.02 secs] 
2019-06-09T04:59:32.879+0300: 1.397: [Full GC (Metadata GC Threshold) [PSYoungGen: 15786K->0K(149504K)] [ParOldGen: 80K->14989K(341504K)] 15866K->14989K(491008K), [Metaspace: 20802K->20802K(1067008K)], 0.0288895 secs] [Times: user=0.19 sys=0.01, real=0.02 secs] 
04:59:41.035 [Curator-PathChildrenCache-1] WARN  o.a.c.u.ZKPaths  - The version of ZooKeeper being used doesn't support Container nodes. CreateMode.PERSISTENT will be used instead.
2019-06-09T04:59:41.892+0300: 10.410: [GC (Metadata GC Threshold) [PSYoungGen: 124915K->20991K(149504K)] 139905K->49944K(491008K), 0.0199210 secs] [Times: user=0.20 sys=0.03, real=0.02 secs] 
2019-06-09T04:59:41.912+0300: 10.430: [Full GC (Metadata GC Threshold) [PSYoungGen: 20991K->0K(149504K)] [ParOldGen: 28952K->38804K(341504K)] 49944K->38804K(491008K), [Metaspace: 34532K->34532K(1079296K)], 0.0427855 secs] [Times: user=0.17 sys=0.03, real=0.04 secs] 
2019-06-09T04:59:43.902+0300: 12.420: [GC (Allocation Failure) [PSYoungGen: 128512K->544K(149504K)] 167316K->39356K(491008K), 0.0032972 secs] [Times: user=0.02 sys=0.00, real=0.00 secs] 
2019-06-09T04:59:45.999+0300: 14.517: [GC (Allocation Failure) [PSYoungGen: 129056K->544K(149504K)] 167868K->39364K(491008K), 0.0043192 secs] [Times: user=0.03 sys=0.00, real=0.00 secs] 
2019-06-09T04:59:47.919+0300: 16.437: [GC (Allocation Failure) [PSYoungGen: 129056K->544K(129536K)] 167876K->39372K(471040K), 0.0036559 secs] [Times: user=0.01 sys=0.00, real=0.00 secs] 
2019-06-09T04:59:49.513+0300: 18.030: [GC (Allocation Failure) [PSYoungGen: 129056K->608K(132608K)] 167884K->39444K(474112K), 0.0024034 secs] [Times: user=0.02 sys=0.00, real=0.00 secs] 
2019-06-09T04:59:50.493+0300: 19.011: [GC (Allocation Failure) [PSYoungGen: 93280K->576K(130560K)] 132116K->39420K(472064K), 0.0034572 secs] [Times: user=0.01 sys=0.01, real=0.00 secs] 
2019-06-09T04:59:51.653+0300: 20.170: [GC (Allocation Failure) [PSYoungGen: 93248K->736K(136704K)] 132092K->39588K(478208K), 0.0085474 secs] [Times: user=0.09 sys=0.01, real=0.01 secs] 
2019-06-09T04:59:52.928+0300: 21.446: [GC (Allocation Failure) [PSYoungGen: 102112K->640K(135168K)] 140964K->39500K(476672K), 0.0056274 secs] [Times: user=0.02 sys=0.02, real=0.01 secs] 
2019-06-09T04:59:54.068+0300: 22.586: [GC (Allocation Failure) [PSYoungGen: 102016K->544K(140288K)] 140876K->39404K(481792K), 0.0098728 secs] [Times: user=0.07 sys=0.01, real=0.02 secs] 
2019-06-09T04:59:55.351+0300: 23.868: [GC (Allocation Failure) [PSYoungGen: 109088K->576K(138752K)] 147948K->39444K(480256K), 0.0026226 secs] [Times: user=0.01 sys=0.00, real=0.00 secs] 
2019-06-09T04:59:56.727+0300: 25.245: [GC (Allocation Failure) [PSYoungGen: 109120K->672K(143360K)] 147988K->39540K(484864K), 0.0033546 secs] [Times: user=0.02 sys=0.01, real=0.01 secs] 
2019-06-09T04:59:58.001+0300: 26.519: [GC (Allocation Failure) [PSYoungGen: 115360K->608K(141824K)] 154228K->39484K(483328K), 0.0028481 secs] [Times: user=0.01 sys=0.00, real=0.00 secs] 
2019-06-09T04:59:58.970+0300: 27.488: [GC (Allocation Failure) [PSYoungGen: 115296K->672K(146432K)] 154172K->39548K(487936K), 0.0030749 secs] [Times: user=0.01 sys=0.01, real=0.00 secs] 
2019-06-09T05:00:00.132+0300: 28.650: [GC (Allocation Failure) [PSYoungGen: 121504K->672K(144896K)] 160380K->39548K(486400K), 0.0062247 secs] [Times: user=0.05 sys=0.00, real=0.01 secs] 
2019-06-09T05:00:01.049+0300: 29.567: [GC (Allocation Failure) [PSYoungGen: 121504K->800K(148992K)] 160380K->39684K(490496K), 0.0054681 secs] [Times: user=0.03 sys=0.01, real=0.01 secs] 
2019-06-09T05:00:03.053+0300: 31.571: [GC (Allocation Failure) [PSYoungGen: 127264K->672K(147968K)] 166148K->39564K(489472K), 0.0029927 secs] [Times: user=0.01 sys=0.00, real=0.00 secs] 
2019-06-09T05:00:04.405+0300: 32.922: [GC (Allocation Failure) [PSYoungGen: 127136K->608K(151552K)] 166028K->39788K(493056K), 0.0074248 secs] [Times: user=0.06 sys=0.00, real=0.01 secs] 
2019-06-09T05:00:06.326+0300: 34.844: [GC (Allocation Failure) [PSYoungGen: 132192K->320K(150528K)] 171372K->39572K(492032K), 0.0032005 secs] [Times: user=0.01 sys=0.01, real=0.00 secs] 
05:00:13.683 [Curator-PathChildrenCache-0] ERROR o.a.c.f.r.c.PathChildrenCache  - 
java.lang.IllegalStateException: instance must be started before calling this method
	at org.apache.curator.shaded.com.google.common.base.Preconditions.checkState(Preconditions.java:444)
	at org.apache.curator.framework.imps.CuratorFrameworkImpl.getChildren(CuratorFrameworkImpl.java:456)
	at org.apache.curator.framework.recipes.cache.PathChildrenCache.refresh(PathChildrenCache.java:521)
	at org.apache.curator.framework.recipes.cache.RefreshOperation.invoke(RefreshOperation.java:35)
	at org.apache.curator.framework.recipes.cache.PathChildrenCache$9.run(PathChildrenCache.java:786)
	at java.util.concurrent.Executors$RunnableAdapter.call(Executors.java:511)
	at java.util.concurrent.FutureTask.run(FutureTask.java:266)
	at java.util.concurrent.Executors$RunnableAdapter.call(Executors.java:511)
	at java.util.concurrent.FutureTask.run(FutureTask.java:266)
	at java.util.concurrent.ThreadPoolExecutor.runWorker(ThreadPoolExecutor.java:1149)
	at java.util.concurrent.ThreadPoolExecutor$Worker.run(ThreadPoolExecutor.java:624)
	at java.lang.Thread.run(Thread.java:748)
Heap
 PSYoungGen      total 150528K, used 121764K [0x00000000f5980000, 0x0000000100000000, 0x0000000100000000)
  eden space 131584K, 92% used [0x00000000f5980000,0x00000000fd019028,0x00000000fda00000)
  from space 18944K, 1% used [0x00000000fda00000,0x00000000fda50000,0x00000000fec80000)
  to   space 17408K, 0% used [0x00000000fef00000,0x00000000fef00000,0x0000000100000000)
 ParOldGen       total 341504K, used 39252K [0x00000000e0c00000, 0x00000000f5980000, 0x00000000f5980000)
  object space 341504K, 11% used [0x00000000e0c00000,0x00000000e3255268,0x00000000f5980000)
 Metaspace       used 35811K, capacity 36676K, committed 36992K, reserved 1081344K
  class space    used 4941K, capacity 5138K, committed 5248K, reserved 1048576K
