09:41:44,383 |-INFO in ch.qos.logback.classic.LoggerContext[default] - Could NOT find resource [logback-test.xml]
09:41:44,383 |-INFO in ch.qos.logback.classic.LoggerContext[default] - Could NOT find resource [logback.groovy]
09:41:44,383 |-INFO in ch.qos.logback.classic.LoggerContext[default] - Found resource [logback.xml] at [jar:file:/home/nikitasokolov/flamestream/lib/flamestream-runtime-1.0-SNAPSHOT.jar!/logback.xml]
09:41:44,384 |-WARN in ch.qos.logback.classic.LoggerContext[default] - Resource [logback.xml] occurs multiple times on the classpath.
09:41:44,384 |-WARN in ch.qos.logback.classic.LoggerContext[default] - Resource [logback.xml] occurs at [jar:file:/home/nikitasokolov/flamestream/lib/flamestream-runtime-1.0-SNAPSHOT.jar!/logback.xml]
09:41:44,384 |-WARN in ch.qos.logback.classic.LoggerContext[default] - Resource [logback.xml] occurs at [jar:file:/home/nikitasokolov/flamestream/flamestream-runtime-1.0-SNAPSHOT.jar!/logback.xml]
09:41:44,400 |-INFO in ch.qos.logback.core.joran.spi.ConfigurationWatchList@6108b2d7 - URL [jar:file:/home/nikitasokolov/flamestream/lib/flamestream-runtime-1.0-SNAPSHOT.jar!/logback.xml] is not of type file
09:41:44,452 |-INFO in ch.qos.logback.classic.joran.action.ConfigurationAction - debug attribute not set
09:41:44,453 |-INFO in ch.qos.logback.core.joran.action.AppenderAction - About to instantiate appender of type [ch.qos.logback.core.ConsoleAppender]
09:41:44,464 |-INFO in ch.qos.logback.core.joran.action.AppenderAction - Naming appender as [STDOUT]
09:41:44,474 |-INFO in ch.qos.logback.core.joran.action.NestedComplexPropertyIA - Assuming default type [ch.qos.logback.classic.encoder.PatternLayoutEncoder] for [encoder] property
09:41:44,531 |-INFO in ch.qos.logback.core.joran.action.AppenderAction - About to instantiate appender of type [ch.qos.logback.core.rolling.RollingFileAppender]
09:41:44,536 |-INFO in ch.qos.logback.core.joran.action.AppenderAction - Naming appender as [FILE]
09:41:44,557 |-INFO in c.q.l.core.rolling.TimeBasedRollingPolicy@357863579 - No compression will be used
09:41:44,559 |-INFO in c.q.l.core.rolling.TimeBasedRollingPolicy@357863579 - Will use the pattern /tmp/application_%d{yyyy-MM-dd}.%i.log for the active file
09:41:44,561 |-INFO in ch.qos.logback.core.rolling.SizeAndTimeBasedFNATP@6bf256fa - The date pattern is 'yyyy-MM-dd' from file name pattern '/tmp/application_%d{yyyy-MM-dd}.%i.log'.
09:41:44,561 |-INFO in ch.qos.logback.core.rolling.SizeAndTimeBasedFNATP@6bf256fa - Roll-over at midnight.
09:41:44,566 |-INFO in ch.qos.logback.core.rolling.SizeAndTimeBasedFNATP@6bf256fa - Setting initial period to Sun Jun 09 09:41:04 MSK 2019
09:41:44,566 |-WARN in ch.qos.logback.core.rolling.SizeAndTimeBasedFNATP@6bf256fa - SizeAndTimeBasedFNATP is deprecated. Use SizeAndTimeBasedRollingPolicy instead
09:41:44,566 |-WARN in ch.qos.logback.core.rolling.SizeAndTimeBasedFNATP@6bf256fa - For more information see http://logback.qos.ch/manual/appenders.html#SizeAndTimeBasedRollingPolicy
09:41:44,570 |-INFO in ch.qos.logback.core.joran.action.NestedComplexPropertyIA - Assuming default type [ch.qos.logback.classic.encoder.PatternLayoutEncoder] for [encoder] property
09:41:44,573 |-INFO in ch.qos.logback.core.rolling.RollingFileAppender[FILE] - Active log file name: /tmp/application.log
09:41:44,573 |-INFO in ch.qos.logback.core.rolling.RollingFileAppender[FILE] - File property is set to [/tmp/application.log]
09:41:44,574 |-INFO in ch.qos.logback.classic.joran.action.RootLoggerAction - Setting level of ROOT logger to WARN
09:41:44,574 |-INFO in ch.qos.logback.core.joran.action.AppenderRefAction - Attaching appender named [STDOUT] to Logger[ROOT]
09:41:44,575 |-INFO in ch.qos.logback.core.joran.action.AppenderRefAction - Attaching appender named [FILE] to Logger[ROOT]
09:41:44,575 |-INFO in ch.qos.logback.classic.joran.action.ConfigurationAction - End of configuration.
09:41:44,575 |-INFO in ch.qos.logback.classic.joran.JoranConfigurator@6cd8737 - Registering current configuration as safe fallback point

2019-06-09T09:41:45.566+0300: 1.391: [GC (Metadata GC Threshold) [PSYoungGen: 110722K->15944K(149504K)] 110722K->16024K(491008K), 0.0225840 secs] [Times: user=0.15 sys=0.02, real=0.02 secs] 
2019-06-09T09:41:45.588+0300: 1.414: [Full GC (Metadata GC Threshold) [PSYoungGen: 15944K->0K(149504K)] [ParOldGen: 80K->15078K(341504K)] 16024K->15078K(491008K), [Metaspace: 20805K->20805K(1067008K)], 0.0259725 secs] [Times: user=0.18 sys=0.00, real=0.03 secs] 
09:41:53.337 [Curator-PathChildrenCache-2] WARN  o.a.c.u.ZKPaths  - The version of ZooKeeper being used doesn't support Container nodes. CreateMode.PERSISTENT will be used instead.
2019-06-09T09:41:54.033+0300: 9.859: [GC (Metadata GC Threshold) [PSYoungGen: 125424K->16963K(149504K)] 140502K->51581K(491008K), 0.0323276 secs] [Times: user=0.28 sys=0.02, real=0.03 secs] 
2019-06-09T09:41:54.066+0300: 9.891: [Full GC (Metadata GC Threshold) [PSYoungGen: 16963K->0K(149504K)] [ParOldGen: 34617K->39940K(341504K)] 51581K->39940K(491008K), [Metaspace: 34476K->34474K(1079296K)], 0.0464539 secs] [Times: user=0.32 sys=0.00, real=0.05 secs] 
2019-06-09T09:41:55.997+0300: 11.822: [GC (Allocation Failure) [PSYoungGen: 128512K->576K(149504K)] 168452K->40524K(491008K), 0.0028481 secs] [Times: user=0.02 sys=0.01, real=0.01 secs] 
2019-06-09T09:41:57.862+0300: 13.909: [GC (Allocation Failure) [PSYoungGen: 129088K->544K(149504K)] 169036K->40500K(491008K), 0.2245515 secs] [Times: user=0.01 sys=0.00, real=0.22 secs] 
2019-06-09T09:41:59.314+0300: 15.140: [GC (Allocation Failure) [PSYoungGen: 129056K->832K(129536K)] 169012K->40796K(471040K), 0.0032652 secs] [Times: user=0.01 sys=0.00, real=0.00 secs] 
2019-06-09T09:42:00.703+0300: 16.528: [GC (Allocation Failure) [PSYoungGen: 129344K->704K(148992K)] 169308K->40668K(490496K), 0.0044358 secs] [Times: user=0.02 sys=0.01, real=0.00 secs] 
2019-06-09T09:42:02.144+0300: 17.970: [GC (Allocation Failure) [PSYoungGen: 127168K->832K(147968K)] 167132K->40796K(489472K), 0.0028932 secs] [Times: user=0.02 sys=0.00, real=0.00 secs] 
2019-06-09T09:42:03.230+0300: 19.056: [GC (Allocation Failure) [PSYoungGen: 127296K->768K(151040K)] 167260K->40740K(492544K), 0.0032043 secs] [Times: user=0.01 sys=0.00, real=0.00 secs] 
2019-06-09T09:42:04.576+0300: 20.401: [GC (Allocation Failure) [PSYoungGen: 131328K->832K(150016K)] 171300K->40812K(491520K), 0.0725888 secs] [Times: user=0.02 sys=0.00, real=0.07 secs] 
2019-06-09T09:42:05.831+0300: 21.657: [GC (Allocation Failure) [PSYoungGen: 131392K->832K(152576K)] 171372K->40820K(494080K), 0.0037809 secs] [Times: user=0.02 sys=0.00, real=0.00 secs] 
2019-06-09T09:42:06.898+0300: 22.724: [GC (Allocation Failure) [PSYoungGen: 134464K->896K(151552K)] 174452K->40884K(493056K), 0.0047565 secs] [Times: user=0.03 sys=0.00, real=0.00 secs] 
2019-06-09T09:42:08.422+0300: 24.248: [GC (Allocation Failure) [PSYoungGen: 134528K->800K(154112K)] 174516K->40788K(495616K), 0.0031809 secs] [Times: user=0.02 sys=0.01, real=0.00 secs] 
2019-06-09T09:42:10.403+0300: 26.228: [GC (Allocation Failure) [PSYoungGen: 138016K->800K(153600K)] 178004K->40796K(495104K), 0.0566032 secs] [Times: user=0.02 sys=0.00, real=0.06 secs] 
09:42:17.722 [Curator-PathChildrenCache-0] ERROR o.a.c.f.r.c.PathChildrenCache  - 
java.lang.IllegalStateException: instance must be started before calling this method
	at org.apache.curator.shaded.com.google.common.base.Preconditions.checkState(Preconditions.java:444)
	at org.apache.curator.framework.imps.CuratorFrameworkImpl.getChildren(CuratorFrameworkImpl.java:456)
	at org.apache.curator.framework.recipes.cache.PathChildrenCache.refresh(PathChildrenCache.java:521)
	at org.apache.curator.framework.recipes.cache.RefreshOperation.invoke(RefreshOperation.java:35)
	at org.apache.curator.framework.recipes.cache.PathChildrenCache$9.run(PathChildrenCache.java:786)
	at java.util.concurrent.Executors$RunnableAdapter.call(Executors.java:511)
	at java.util.concurrent.FutureTask.run(FutureTask.java:266)
	at java.util.concurrent.Executors$RunnableAdapter.call(Executors.java:511)
	at java.util.concurrent.FutureTask.run(FutureTask.java:266)
	at java.util.concurrent.ThreadPoolExecutor.runWorker(ThreadPoolExecutor.java:1149)
	at java.util.concurrent.ThreadPoolExecutor$Worker.run(ThreadPoolExecutor.java:624)
	at java.lang.Thread.run(Thread.java:748)
2019-06-09T09:42:18.843+0300: 34.669: [GC (Allocation Failure) [PSYoungGen: 138016K->1754K(156160K)] 178012K->41758K(497664K), 0.0048968 secs] [Times: user=0.01 sys=0.01, real=0.00 secs] 
Heap
 PSYoungGen      total 156160K, used 5367K [0x00000000f5980000, 0x0000000100000000, 0x0000000100000000)
  eden space 140800K, 2% used [0x00000000f5980000,0x00000000f5d07260,0x00000000fe300000)
  from space 15360K, 11% used [0x00000000ff100000,0x00000000ff2b69b8,0x0000000100000000)
  to   space 14336K, 0% used [0x00000000fe300000,0x00000000fe300000,0x00000000ff100000)
 ParOldGen       total 341504K, used 40004K [0x00000000e0c00000, 0x00000000f5980000, 0x00000000f5980000)
  object space 341504K, 11% used [0x00000000e0c00000,0x00000000e3311168,0x00000000f5980000)
 Metaspace       used 35973K, capacity 36970K, committed 37208K, reserved 1081344K
  class space    used 4977K, capacity 5195K, committed 5248K, reserved 1048576K
