18:13:48,615 |-INFO in ch.qos.logback.classic.LoggerContext[default] - Could NOT find resource [logback-test.xml]
18:13:48,615 |-INFO in ch.qos.logback.classic.LoggerContext[default] - Could NOT find resource [logback.groovy]
18:13:48,615 |-INFO in ch.qos.logback.classic.LoggerContext[default] - Found resource [logback.xml] at [jar:file:/root/flamestream/lib/flamestream-runtime-1.0-SNAPSHOT.jar!/logback.xml]
18:13:48,616 |-WARN in ch.qos.logback.classic.LoggerContext[default] - Resource [logback.xml] occurs multiple times on the classpath.
18:13:48,616 |-WARN in ch.qos.logback.classic.LoggerContext[default] - Resource [logback.xml] occurs at [jar:file:/root/flamestream/lib/flamestream-runtime-1.0-SNAPSHOT.jar!/logback.xml]
18:13:48,616 |-WARN in ch.qos.logback.classic.LoggerContext[default] - Resource [logback.xml] occurs at [jar:file:/root/flamestream/flamestream-runtime-1.0-SNAPSHOT.jar!/logback.xml]
18:13:48,636 |-INFO in ch.qos.logback.core.joran.spi.ConfigurationWatchList@3fb6a447 - URL [jar:file:/root/flamestream/lib/flamestream-runtime-1.0-SNAPSHOT.jar!/logback.xml] is not of type file
18:13:48,707 |-INFO in ch.qos.logback.classic.joran.action.ConfigurationAction - debug attribute not set
18:13:48,707 |-INFO in ch.qos.logback.core.joran.action.AppenderAction - About to instantiate appender of type [ch.qos.logback.core.ConsoleAppender]
18:13:48,724 |-INFO in ch.qos.logback.core.joran.action.AppenderAction - Naming appender as [STDOUT]
18:13:48,743 |-INFO in ch.qos.logback.core.joran.action.NestedComplexPropertyIA - Assuming default type [ch.qos.logback.classic.encoder.PatternLayoutEncoder] for [encoder] property
18:13:48,831 |-INFO in ch.qos.logback.core.joran.action.AppenderAction - About to instantiate appender of type [ch.qos.logback.core.rolling.RollingFileAppender]
18:13:48,840 |-INFO in ch.qos.logback.core.joran.action.AppenderAction - Naming appender as [FILE]
18:13:48,868 |-INFO in c.q.l.core.rolling.TimeBasedRollingPolicy@127618319 - No compression will be used
18:13:48,870 |-INFO in c.q.l.core.rolling.TimeBasedRollingPolicy@127618319 - Will use the pattern /tmp/application_%d{yyyy-MM-dd}.%i.log for the active file
18:13:48,873 |-INFO in ch.qos.logback.core.rolling.SizeAndTimeBasedFNATP@6b2fad11 - The date pattern is 'yyyy-MM-dd' from file name pattern '/tmp/application_%d{yyyy-MM-dd}.%i.log'.
18:13:48,873 |-INFO in ch.qos.logback.core.rolling.SizeAndTimeBasedFNATP@6b2fad11 - Roll-over at midnight.
18:13:48,878 |-INFO in ch.qos.logback.core.rolling.SizeAndTimeBasedFNATP@6b2fad11 - Setting initial period to Mon Jun 10 18:12:26 UTC 2019
18:13:48,878 |-WARN in ch.qos.logback.core.rolling.SizeAndTimeBasedFNATP@6b2fad11 - SizeAndTimeBasedFNATP is deprecated. Use SizeAndTimeBasedRollingPolicy instead
18:13:48,878 |-WARN in ch.qos.logback.core.rolling.SizeAndTimeBasedFNATP@6b2fad11 - For more information see http://logback.qos.ch/manual/appenders.html#SizeAndTimeBasedRollingPolicy
18:13:48,883 |-INFO in ch.qos.logback.core.joran.action.NestedComplexPropertyIA - Assuming default type [ch.qos.logback.classic.encoder.PatternLayoutEncoder] for [encoder] property
18:13:48,887 |-INFO in ch.qos.logback.core.rolling.RollingFileAppender[FILE] - Active log file name: /tmp/application.log
18:13:48,887 |-INFO in ch.qos.logback.core.rolling.RollingFileAppender[FILE] - File property is set to [/tmp/application.log]
18:13:48,888 |-INFO in ch.qos.logback.classic.joran.action.RootLoggerAction - Setting level of ROOT logger to WARN
18:13:48,888 |-INFO in ch.qos.logback.core.joran.action.AppenderRefAction - Attaching appender named [STDOUT] to Logger[ROOT]
18:13:48,889 |-INFO in ch.qos.logback.core.joran.action.AppenderRefAction - Attaching appender named [FILE] to Logger[ROOT]
18:13:48,889 |-INFO in ch.qos.logback.classic.joran.action.ConfigurationAction - End of configuration.
18:13:48,890 |-INFO in ch.qos.logback.classic.joran.JoranConfigurator@79698539 - Registering current configuration as safe fallback point

Ama winner
Ama winner
2019-06-10T18:13:50.198+0000: 1.773: [Full GC (Metadata GC Threshold) 2019-06-10T18:13:50.198+0000: 1.773: [Tenured: 0K->15146K(341376K), 0.0395383 secs] 114987K->15146K(494976K), [Metaspace: 20731K->20731K(1067008K)], 0.0396060 secs] [Times: user=0.03 sys=0.00, real=0.04 secs] 
18:14:09.543 [Curator-PathChildrenCache-2] WARN  o.a.c.u.ZKPaths  - The version of ZooKeeper being used doesn't support Container nodes. CreateMode.PERSISTENT will be used instead.
2019-06-10T18:14:11.921+0000: 23.496: [GC (Allocation Failure) 2019-06-10T18:14:11.921+0000: 23.496: [DefNew: 136576K->17024K(153600K), 0.0267711 secs] 151722K->52782K(494976K), 0.0268518 secs] [Times: user=0.02 sys=0.01, real=0.02 secs] 
2019-06-10T18:14:12.270+0000: 23.845: [Full GC (Metadata GC Threshold) 2019-06-10T18:14:12.270+0000: 23.845: [Tenured: 35758K->44337K(341376K), 0.0389891 secs] 69054K->44337K(494976K), [Metaspace: 34572K->34572K(1079296K)], 0.0391012 secs] [Times: user=0.03 sys=0.00, real=0.04 secs] 
2019-06-10T18:14:16.065+0000: 27.640: [GC (Allocation Failure) 2019-06-10T18:14:16.065+0000: 27.640: [DefNew: 136576K->194K(153600K), 0.0023626 secs] 180913K->44532K(494976K), 0.0024223 secs] [Times: user=0.00 sys=0.00, real=0.00 secs] 
2019-06-10T18:14:19.478+0000: 31.053: [GC (Allocation Failure) 2019-06-10T18:14:19.478+0000: 31.053: [DefNew: 136770K->216K(153600K), 0.0021927 secs] 181108K->44553K(494976K), 0.0022526 secs] [Times: user=0.00 sys=0.00, real=0.00 secs] 
2019-06-10T18:14:22.773+0000: 34.348: [GC (Allocation Failure) 2019-06-10T18:14:22.773+0000: 34.348: [DefNew: 136792K->215K(153600K), 0.0022574 secs] 181129K->44552K(494976K), 0.0023339 secs] [Times: user=0.00 sys=0.00, real=0.00 secs] 
2019-06-10T18:14:26.117+0000: 37.692: [GC (Allocation Failure) 2019-06-10T18:14:26.117+0000: 37.692: [DefNew: 136791K->202K(153600K), 0.0022097 secs] 181128K->44539K(494976K), 0.0022701 secs] [Times: user=0.00 sys=0.00, real=0.00 secs] 
2019-06-10T18:14:29.516+0000: 41.091: [GC (Allocation Failure) 2019-06-10T18:14:29.516+0000: 41.091: [DefNew: 136778K->201K(153600K), 0.0022205 secs] 181115K->44538K(494976K), 0.0022795 secs] [Times: user=0.01 sys=0.00, real=0.01 secs] 
2019-06-10T18:14:32.836+0000: 44.411: [GC (Allocation Failure) 2019-06-10T18:14:32.836+0000: 44.411: [DefNew: 136777K->206K(153600K), 0.0021061 secs] 181114K->44543K(494976K), 0.0021639 secs] [Times: user=0.01 sys=0.00, real=0.01 secs] 
2019-06-10T18:14:36.200+0000: 47.775: [GC (Allocation Failure) 2019-06-10T18:14:36.200+0000: 47.775: [DefNew: 136782K->216K(153600K), 0.0022033 secs] 181119K->44553K(494976K), 0.0022730 secs] [Times: user=0.00 sys=0.00, real=0.00 secs] 
2019-06-10T18:14:39.495+0000: 51.070: [GC (Allocation Failure) 2019-06-10T18:14:39.495+0000: 51.070: [DefNew: 136792K->205K(153600K), 0.0021850 secs] 181129K->44542K(494976K), 0.0022447 secs] [Times: user=0.00 sys=0.00, real=0.01 secs] 
18:14:49.039 [Curator-PathChildrenCache-0] ERROR o.a.c.f.r.c.PathChildrenCache  - 
java.lang.IllegalStateException: instance must be started before calling this method
	at org.apache.curator.shaded.com.google.common.base.Preconditions.checkState(Preconditions.java:444)
	at org.apache.curator.framework.imps.CuratorFrameworkImpl.getChildren(CuratorFrameworkImpl.java:456)
	at org.apache.curator.framework.recipes.cache.PathChildrenCache.refresh(PathChildrenCache.java:521)
	at org.apache.curator.framework.recipes.cache.RefreshOperation.invoke(RefreshOperation.java:35)
	at org.apache.curator.framework.recipes.cache.PathChildrenCache$9.run(PathChildrenCache.java:786)
	at java.util.concurrent.Executors$RunnableAdapter.call(Executors.java:511)
	at java.util.concurrent.FutureTask.run(FutureTask.java:266)
	at java.util.concurrent.Executors$RunnableAdapter.call(Executors.java:511)
	at java.util.concurrent.FutureTask.run(FutureTask.java:266)
	at java.util.concurrent.ThreadPoolExecutor.runWorker(ThreadPoolExecutor.java:1149)
	at java.util.concurrent.ThreadPoolExecutor$Worker.run(ThreadPoolExecutor.java:624)
	at java.lang.Thread.run(Thread.java:748)
Heap
 def new generation   total 153600K, used 110414K [0x00000000e0c00000, 0x00000000eb2a0000, 0x00000000eb2a0000)
  eden space 136576K,  80% used [0x00000000e0c00000, 0x00000000e77a0408, 0x00000000e9160000)
  from space 17024K,   1% used [0x00000000ea200000, 0x00000000ea233658, 0x00000000eb2a0000)
  to   space 17024K,   0% used [0x00000000e9160000, 0x00000000e9160000, 0x00000000ea200000)
 tenured generation   total 341376K, used 44337K [0x00000000eb2a0000, 0x0000000100000000, 0x0000000100000000)
   the space 341376K,  12% used [0x00000000eb2a0000, 0x00000000eddec460, 0x00000000eddec600, 0x0000000100000000)
 Metaspace       used 36104K, capacity 37134K, committed 37376K, reserved 1081344K
  class space    used 4877K, capacity 5099K, committed 5120K, reserved 1048576K
