08:02:35,289 |-INFO in ch.qos.logback.classic.LoggerContext[default] - Could NOT find resource [logback-test.xml]
08:02:35,289 |-INFO in ch.qos.logback.classic.LoggerContext[default] - Could NOT find resource [logback.groovy]
08:02:35,290 |-INFO in ch.qos.logback.classic.LoggerContext[default] - Found resource [logback.xml] at [jar:file:/root/flamestream/lib/flamestream-runtime-1.0-SNAPSHOT.jar!/logback.xml]
08:02:35,291 |-WARN in ch.qos.logback.classic.LoggerContext[default] - Resource [logback.xml] occurs multiple times on the classpath.
08:02:35,291 |-WARN in ch.qos.logback.classic.LoggerContext[default] - Resource [logback.xml] occurs at [jar:file:/root/flamestream/lib/flamestream-runtime-1.0-SNAPSHOT.jar!/logback.xml]
08:02:35,291 |-WARN in ch.qos.logback.classic.LoggerContext[default] - Resource [logback.xml] occurs at [jar:file:/root/flamestream/flamestream-runtime-1.0-SNAPSHOT.jar!/logback.xml]
08:02:35,311 |-INFO in ch.qos.logback.core.joran.spi.ConfigurationWatchList@3fb6a447 - URL [jar:file:/root/flamestream/lib/flamestream-runtime-1.0-SNAPSHOT.jar!/logback.xml] is not of type file
08:02:35,379 |-INFO in ch.qos.logback.classic.joran.action.ConfigurationAction - debug attribute not set
08:02:35,380 |-INFO in ch.qos.logback.core.joran.action.AppenderAction - About to instantiate appender of type [ch.qos.logback.core.ConsoleAppender]
08:02:35,397 |-INFO in ch.qos.logback.core.joran.action.AppenderAction - Naming appender as [STDOUT]
08:02:35,414 |-INFO in ch.qos.logback.core.joran.action.NestedComplexPropertyIA - Assuming default type [ch.qos.logback.classic.encoder.PatternLayoutEncoder] for [encoder] property
08:02:35,518 |-INFO in ch.qos.logback.core.joran.action.AppenderAction - About to instantiate appender of type [ch.qos.logback.core.rolling.RollingFileAppender]
08:02:35,522 |-INFO in ch.qos.logback.core.joran.action.AppenderAction - Naming appender as [FILE]
08:02:35,559 |-INFO in c.q.l.core.rolling.TimeBasedRollingPolicy@127618319 - No compression will be used
08:02:35,560 |-INFO in c.q.l.core.rolling.TimeBasedRollingPolicy@127618319 - Will use the pattern /tmp/application_%d{yyyy-MM-dd}.%i.log for the active file
08:02:35,563 |-INFO in ch.qos.logback.core.rolling.SizeAndTimeBasedFNATP@6b2fad11 - The date pattern is 'yyyy-MM-dd' from file name pattern '/tmp/application_%d{yyyy-MM-dd}.%i.log'.
08:02:35,563 |-INFO in ch.qos.logback.core.rolling.SizeAndTimeBasedFNATP@6b2fad11 - Roll-over at midnight.
08:02:35,568 |-INFO in ch.qos.logback.core.rolling.SizeAndTimeBasedFNATP@6b2fad11 - Setting initial period to Tue Jun 11 08:01:16 UTC 2019
08:02:35,568 |-WARN in ch.qos.logback.core.rolling.SizeAndTimeBasedFNATP@6b2fad11 - SizeAndTimeBasedFNATP is deprecated. Use SizeAndTimeBasedRollingPolicy instead
08:02:35,568 |-WARN in ch.qos.logback.core.rolling.SizeAndTimeBasedFNATP@6b2fad11 - For more information see http://logback.qos.ch/manual/appenders.html#SizeAndTimeBasedRollingPolicy
08:02:35,573 |-INFO in ch.qos.logback.core.joran.action.NestedComplexPropertyIA - Assuming default type [ch.qos.logback.classic.encoder.PatternLayoutEncoder] for [encoder] property
08:02:35,578 |-INFO in ch.qos.logback.core.rolling.RollingFileAppender[FILE] - Active log file name: /tmp/application.log
08:02:35,578 |-INFO in ch.qos.logback.core.rolling.RollingFileAppender[FILE] - File property is set to [/tmp/application.log]
08:02:35,578 |-INFO in ch.qos.logback.classic.joran.action.RootLoggerAction - Setting level of ROOT logger to WARN
08:02:35,579 |-INFO in ch.qos.logback.core.joran.action.AppenderRefAction - Attaching appender named [STDOUT] to Logger[ROOT]
08:02:35,580 |-INFO in ch.qos.logback.core.joran.action.AppenderRefAction - Attaching appender named [FILE] to Logger[ROOT]
08:02:35,580 |-INFO in ch.qos.logback.classic.joran.action.ConfigurationAction - End of configuration.
08:02:35,581 |-INFO in ch.qos.logback.classic.joran.JoranConfigurator@79698539 - Registering current configuration as safe fallback point

Ama winner
Ama winner
2019-06-11T08:02:36.931+0000: 1.833: [Full GC (Metadata GC Threshold) 2019-06-11T08:02:36.931+0000: 1.833: [Tenured: 0K->15242K(341376K), 0.0385854 secs] 117814K->15242K(494976K), [Metaspace: 20738K->20738K(1067008K)], 0.0386505 secs] [Times: user=0.04 sys=0.00, real=0.04 secs] 
08:02:59.523 [Curator-PathChildrenCache-1] WARN  o.a.c.u.ZKPaths  - The version of ZooKeeper being used doesn't support Container nodes. CreateMode.PERSISTENT will be used instead.
2019-06-11T08:03:01.873+0000: 26.775: [GC (Allocation Failure) 2019-06-11T08:03:01.873+0000: 26.775: [DefNew: 136576K->17023K(153600K), 0.0293411 secs] 151818K->52731K(494976K), 0.0294306 secs] [Times: user=0.02 sys=0.01, real=0.03 secs] 
2019-06-11T08:03:03.203+0000: 28.105: [Full GC (Metadata GC Threshold) 2019-06-11T08:03:03.203+0000: 28.105: [Tenured: 35707K->44180K(341376K), 0.0512390 secs] 83866K->44180K(494976K), [Metaspace: 34569K->34569K(1079296K)], 0.0513152 secs] [Times: user=0.05 sys=0.00, real=0.05 secs] 
2019-06-11T08:03:09.274+0000: 34.176: [GC (Allocation Failure) 2019-06-11T08:03:09.274+0000: 34.176: [DefNew: 136576K->100K(153600K), 0.0018800 secs] 180756K->44280K(494976K), 0.0019431 secs] [Times: user=0.00 sys=0.00, real=0.00 secs] 
2019-06-11T08:03:15.236+0000: 40.138: [GC (Allocation Failure) 2019-06-11T08:03:15.236+0000: 40.138: [DefNew: 136676K->171K(153600K), 0.0018187 secs] 180856K->44351K(494976K), 0.0018813 secs] [Times: user=0.00 sys=0.00, real=0.01 secs] 
2019-06-11T08:03:21.263+0000: 46.165: [GC (Allocation Failure) 2019-06-11T08:03:21.263+0000: 46.165: [DefNew: 136747K->175K(153600K), 0.0018250 secs] 180927K->44355K(494976K), 0.0018849 secs] [Times: user=0.00 sys=0.00, real=0.00 secs] 
2019-06-11T08:03:27.323+0000: 52.225: [GC (Allocation Failure) 2019-06-11T08:03:27.323+0000: 52.225: [DefNew: 136751K->167K(153600K), 0.0017907 secs] 180931K->44348K(494976K), 0.0018630 secs] [Times: user=0.00 sys=0.00, real=0.00 secs] 
2019-06-11T08:03:33.380+0000: 58.282: [GC (Allocation Failure) 2019-06-11T08:03:33.380+0000: 58.282: [DefNew: 136743K->166K(153600K), 0.0018759 secs] 180924K->44347K(494976K), 0.0019373 secs] [Times: user=0.00 sys=0.00, real=0.00 secs] 
08:03:40.799 [Curator-PathChildrenCache-0] ERROR o.a.c.f.r.c.PathChildrenCache  - 
java.lang.IllegalStateException: instance must be started before calling this method
	at org.apache.curator.shaded.com.google.common.base.Preconditions.checkState(Preconditions.java:444)
	at org.apache.curator.framework.imps.CuratorFrameworkImpl.getChildren(CuratorFrameworkImpl.java:456)
	at org.apache.curator.framework.recipes.cache.PathChildrenCache.refresh(PathChildrenCache.java:521)
	at org.apache.curator.framework.recipes.cache.RefreshOperation.invoke(RefreshOperation.java:35)
	at org.apache.curator.framework.recipes.cache.PathChildrenCache$9.run(PathChildrenCache.java:786)
	at java.util.concurrent.Executors$RunnableAdapter.call(Executors.java:511)
	at java.util.concurrent.FutureTask.run(FutureTask.java:266)
	at java.util.concurrent.Executors$RunnableAdapter.call(Executors.java:511)
	at java.util.concurrent.FutureTask.run(FutureTask.java:266)
	at java.util.concurrent.ThreadPoolExecutor.runWorker(ThreadPoolExecutor.java:1149)
	at java.util.concurrent.ThreadPoolExecutor$Worker.run(ThreadPoolExecutor.java:624)
	at java.lang.Thread.run(Thread.java:748)
Heap
 def new generation   total 153600K, used 79272K [0x00000000e0c00000, 0x00000000eb2a0000, 0x00000000eb2a0000)
  eden space 136576K,  57% used [0x00000000e0c00000, 0x00000000e5940490, 0x00000000e9160000)
  from space 17024K,   0% used [0x00000000e9160000, 0x00000000e9189bb8, 0x00000000ea200000)
  to   space 17024K,   0% used [0x00000000ea200000, 0x00000000ea200000, 0x00000000eb2a0000)
 tenured generation   total 341376K, used 44180K [0x00000000eb2a0000, 0x0000000100000000, 0x0000000100000000)
   the space 341376K,  12% used [0x00000000eb2a0000, 0x00000000eddc50e8, 0x00000000eddc5200, 0x0000000100000000)
 Metaspace       used 36138K, capacity 37030K, committed 37120K, reserved 1081344K
  class space    used 4882K, capacity 5081K, committed 5120K, reserved 1048576K
