07:42:21,153 |-INFO in ch.qos.logback.classic.LoggerContext[default] - Could NOT find resource [logback-test.xml]
07:42:21,153 |-INFO in ch.qos.logback.classic.LoggerContext[default] - Could NOT find resource [logback.groovy]
07:42:21,153 |-INFO in ch.qos.logback.classic.LoggerContext[default] - Found resource [logback.xml] at [jar:file:/root/flamestream/lib/flamestream-runtime-1.0-SNAPSHOT.jar!/logback.xml]
07:42:21,154 |-WARN in ch.qos.logback.classic.LoggerContext[default] - Resource [logback.xml] occurs multiple times on the classpath.
07:42:21,154 |-WARN in ch.qos.logback.classic.LoggerContext[default] - Resource [logback.xml] occurs at [jar:file:/root/flamestream/lib/flamestream-runtime-1.0-SNAPSHOT.jar!/logback.xml]
07:42:21,154 |-WARN in ch.qos.logback.classic.LoggerContext[default] - Resource [logback.xml] occurs at [jar:file:/root/flamestream/flamestream-runtime-1.0-SNAPSHOT.jar!/logback.xml]
07:42:21,176 |-INFO in ch.qos.logback.core.joran.spi.ConfigurationWatchList@3fb6a447 - URL [jar:file:/root/flamestream/lib/flamestream-runtime-1.0-SNAPSHOT.jar!/logback.xml] is not of type file
07:42:21,241 |-INFO in ch.qos.logback.classic.joran.action.ConfigurationAction - debug attribute not set
07:42:21,242 |-INFO in ch.qos.logback.core.joran.action.AppenderAction - About to instantiate appender of type [ch.qos.logback.core.ConsoleAppender]
07:42:21,258 |-INFO in ch.qos.logback.core.joran.action.AppenderAction - Naming appender as [STDOUT]
07:42:21,277 |-INFO in ch.qos.logback.core.joran.action.NestedComplexPropertyIA - Assuming default type [ch.qos.logback.classic.encoder.PatternLayoutEncoder] for [encoder] property
07:42:21,373 |-INFO in ch.qos.logback.core.joran.action.AppenderAction - About to instantiate appender of type [ch.qos.logback.core.rolling.RollingFileAppender]
07:42:21,378 |-INFO in ch.qos.logback.core.joran.action.AppenderAction - Naming appender as [FILE]
07:42:21,413 |-INFO in c.q.l.core.rolling.TimeBasedRollingPolicy@127618319 - No compression will be used
07:42:21,414 |-INFO in c.q.l.core.rolling.TimeBasedRollingPolicy@127618319 - Will use the pattern /tmp/application_%d{yyyy-MM-dd}.%i.log for the active file
07:42:21,417 |-INFO in ch.qos.logback.core.rolling.SizeAndTimeBasedFNATP@6b2fad11 - The date pattern is 'yyyy-MM-dd' from file name pattern '/tmp/application_%d{yyyy-MM-dd}.%i.log'.
07:42:21,417 |-INFO in ch.qos.logback.core.rolling.SizeAndTimeBasedFNATP@6b2fad11 - Roll-over at midnight.
07:42:21,422 |-INFO in ch.qos.logback.core.rolling.SizeAndTimeBasedFNATP@6b2fad11 - Setting initial period to Tue Jun 11 07:41:01 UTC 2019
07:42:21,422 |-WARN in ch.qos.logback.core.rolling.SizeAndTimeBasedFNATP@6b2fad11 - SizeAndTimeBasedFNATP is deprecated. Use SizeAndTimeBasedRollingPolicy instead
07:42:21,422 |-WARN in ch.qos.logback.core.rolling.SizeAndTimeBasedFNATP@6b2fad11 - For more information see http://logback.qos.ch/manual/appenders.html#SizeAndTimeBasedRollingPolicy
07:42:21,426 |-INFO in ch.qos.logback.core.joran.action.NestedComplexPropertyIA - Assuming default type [ch.qos.logback.classic.encoder.PatternLayoutEncoder] for [encoder] property
07:42:21,431 |-INFO in ch.qos.logback.core.rolling.RollingFileAppender[FILE] - Active log file name: /tmp/application.log
07:42:21,431 |-INFO in ch.qos.logback.core.rolling.RollingFileAppender[FILE] - File property is set to [/tmp/application.log]
07:42:21,432 |-INFO in ch.qos.logback.classic.joran.action.RootLoggerAction - Setting level of ROOT logger to WARN
07:42:21,432 |-INFO in ch.qos.logback.core.joran.action.AppenderRefAction - Attaching appender named [STDOUT] to Logger[ROOT]
07:42:21,434 |-INFO in ch.qos.logback.core.joran.action.AppenderRefAction - Attaching appender named [FILE] to Logger[ROOT]
07:42:21,434 |-INFO in ch.qos.logback.classic.joran.action.ConfigurationAction - End of configuration.
07:42:21,434 |-INFO in ch.qos.logback.classic.joran.JoranConfigurator@79698539 - Registering current configuration as safe fallback point

Ama winner
Ama winner
2019-06-11T07:42:22.707+0000: 1.731: [Full GC (Metadata GC Threshold) 2019-06-11T07:42:22.707+0000: 1.731: [Tenured: 0K->15241K(341376K), 0.0356950 secs] 117750K->15241K(494976K), [Metaspace: 20734K->20734K(1067008K)], 0.0357819 secs] [Times: user=0.03 sys=0.01, real=0.04 secs] 
07:42:36.079 [Curator-PathChildrenCache-1] WARN  o.a.c.u.ZKPaths  - The version of ZooKeeper being used doesn't support Container nodes. CreateMode.PERSISTENT will be used instead.
2019-06-11T07:42:38.560+0000: 17.584: [GC (Allocation Failure) 2019-06-11T07:42:38.560+0000: 17.584: [DefNew: 136576K->17023K(153600K), 0.0256353 secs] 151817K->52629K(494976K), 0.0257341 secs] [Times: user=0.02 sys=0.01, real=0.02 secs] 
2019-06-11T07:42:40.749+0000: 19.773: [Full GC (Metadata GC Threshold) 2019-06-11T07:42:40.749+0000: 19.773: [Tenured: 35605K->43967K(341376K), 0.0455618 secs] 101821K->43967K(494976K), [Metaspace: 34586K->34586K(1079296K)], 0.0456361 secs] [Times: user=0.05 sys=0.00, real=0.05 secs] 
2019-06-11T07:42:47.183+0000: 26.207: [GC (Allocation Failure) 2019-06-11T07:42:47.183+0000: 26.207: [DefNew: 136576K->55K(153600K), 0.0017979 secs] 180543K->44023K(494976K), 0.0018546 secs] [Times: user=0.01 sys=0.00, real=0.00 secs] 
2019-06-11T07:42:53.671+0000: 32.695: [GC (Allocation Failure) 2019-06-11T07:42:53.671+0000: 32.695: [DefNew: 136631K->90K(153600K), 0.0016778 secs] 180599K->44057K(494976K), 0.0017319 secs] [Times: user=0.00 sys=0.00, real=0.00 secs] 
2019-06-11T07:43:00.187+0000: 39.212: [GC (Allocation Failure) 2019-06-11T07:43:00.187+0000: 39.212: [DefNew: 136666K->87K(153600K), 0.0016364 secs] 180633K->44055K(494976K), 0.0016954 secs] [Times: user=0.00 sys=0.00, real=0.00 secs] 
2019-06-11T07:43:06.715+0000: 45.740: [GC (Allocation Failure) 2019-06-11T07:43:06.715+0000: 45.740: [DefNew: 136663K->87K(153600K), 0.0017409 secs] 180631K->44055K(494976K), 0.0018020 secs] [Times: user=0.01 sys=0.00, real=0.00 secs] 
2019-06-11T07:43:13.298+0000: 52.322: [GC (Allocation Failure) 2019-06-11T07:43:13.298+0000: 52.322: [DefNew: 136663K->87K(153600K), 0.0017310 secs] 180631K->44055K(494976K), 0.0017925 secs] [Times: user=0.00 sys=0.00, real=0.01 secs] 
07:43:23.505 [Curator-PathChildrenCache-0] ERROR o.a.c.f.r.c.PathChildrenCache  - 
java.lang.IllegalStateException: instance must be started before calling this method
	at org.apache.curator.shaded.com.google.common.base.Preconditions.checkState(Preconditions.java:444)
	at org.apache.curator.framework.imps.CuratorFrameworkImpl.getChildren(CuratorFrameworkImpl.java:456)
	at org.apache.curator.framework.recipes.cache.PathChildrenCache.refresh(PathChildrenCache.java:521)
	at org.apache.curator.framework.recipes.cache.RefreshOperation.invoke(RefreshOperation.java:35)
	at org.apache.curator.framework.recipes.cache.PathChildrenCache$9.run(PathChildrenCache.java:786)
	at java.util.concurrent.Executors$RunnableAdapter.call(Executors.java:511)
	at java.util.concurrent.FutureTask.run(FutureTask.java:266)
	at java.util.concurrent.Executors$RunnableAdapter.call(Executors.java:511)
	at java.util.concurrent.FutureTask.run(FutureTask.java:266)
	at java.util.concurrent.ThreadPoolExecutor.runWorker(ThreadPoolExecutor.java:1149)
	at java.util.concurrent.ThreadPoolExecutor$Worker.run(ThreadPoolExecutor.java:624)
	at java.lang.Thread.run(Thread.java:748)
Heap
 def new generation   total 153600K, used 100516K [0x00000000e0c00000, 0x00000000eb2a0000, 0x00000000eb2a0000)
  eden space 136576K,  73% used [0x00000000e0c00000, 0x00000000e6e131f0, 0x00000000e9160000)
  from space 17024K,   0% used [0x00000000e9160000, 0x00000000e9175e70, 0x00000000ea200000)
  to   space 17024K,   0% used [0x00000000ea200000, 0x00000000ea200000, 0x00000000eb2a0000)
 tenured generation   total 341376K, used 43967K [0x00000000eb2a0000, 0x0000000100000000, 0x0000000100000000)
   the space 341376K,  12% used [0x00000000eb2a0000, 0x00000000edd8fe90, 0x00000000edd90000, 0x0000000100000000)
 Metaspace       used 36021K, capacity 36870K, committed 37120K, reserved 1081344K
  class space    used 4872K, capacity 5075K, committed 5120K, reserved 1048576K
