16:20:48,639 |-INFO in ch.qos.logback.classic.LoggerContext[default] - Could NOT find resource [logback-test.xml]
16:20:48,639 |-INFO in ch.qos.logback.classic.LoggerContext[default] - Could NOT find resource [logback.groovy]
16:20:48,639 |-INFO in ch.qos.logback.classic.LoggerContext[default] - Found resource [logback.xml] at [jar:file:/root/flamestream/lib/flamestream-runtime-1.0-SNAPSHOT.jar!/logback.xml]
16:20:48,640 |-WARN in ch.qos.logback.classic.LoggerContext[default] - Resource [logback.xml] occurs multiple times on the classpath.
16:20:48,640 |-WARN in ch.qos.logback.classic.LoggerContext[default] - Resource [logback.xml] occurs at [jar:file:/root/flamestream/lib/flamestream-runtime-1.0-SNAPSHOT.jar!/logback.xml]
16:20:48,640 |-WARN in ch.qos.logback.classic.LoggerContext[default] - Resource [logback.xml] occurs at [jar:file:/root/flamestream/flamestream-runtime-1.0-SNAPSHOT.jar!/logback.xml]
16:20:48,663 |-INFO in ch.qos.logback.core.joran.spi.ConfigurationWatchList@3fb6a447 - URL [jar:file:/root/flamestream/lib/flamestream-runtime-1.0-SNAPSHOT.jar!/logback.xml] is not of type file
16:20:48,737 |-INFO in ch.qos.logback.classic.joran.action.ConfigurationAction - debug attribute not set
16:20:48,737 |-INFO in ch.qos.logback.core.joran.action.AppenderAction - About to instantiate appender of type [ch.qos.logback.core.ConsoleAppender]
16:20:48,757 |-INFO in ch.qos.logback.core.joran.action.AppenderAction - Naming appender as [STDOUT]
16:20:48,775 |-INFO in ch.qos.logback.core.joran.action.NestedComplexPropertyIA - Assuming default type [ch.qos.logback.classic.encoder.PatternLayoutEncoder] for [encoder] property
16:20:48,860 |-INFO in ch.qos.logback.core.joran.action.AppenderAction - About to instantiate appender of type [ch.qos.logback.core.rolling.RollingFileAppender]
16:20:48,867 |-INFO in ch.qos.logback.core.joran.action.AppenderAction - Naming appender as [FILE]
16:20:48,897 |-INFO in c.q.l.core.rolling.TimeBasedRollingPolicy@127618319 - No compression will be used
16:20:48,899 |-INFO in c.q.l.core.rolling.TimeBasedRollingPolicy@127618319 - Will use the pattern /tmp/application_%d{yyyy-MM-dd}.%i.log for the active file
16:20:48,902 |-INFO in ch.qos.logback.core.rolling.SizeAndTimeBasedFNATP@6b2fad11 - The date pattern is 'yyyy-MM-dd' from file name pattern '/tmp/application_%d{yyyy-MM-dd}.%i.log'.
16:20:48,902 |-INFO in ch.qos.logback.core.rolling.SizeAndTimeBasedFNATP@6b2fad11 - Roll-over at midnight.
16:20:48,907 |-INFO in ch.qos.logback.core.rolling.SizeAndTimeBasedFNATP@6b2fad11 - Setting initial period to Mon Jun 10 16:19:23 UTC 2019
16:20:48,907 |-WARN in ch.qos.logback.core.rolling.SizeAndTimeBasedFNATP@6b2fad11 - SizeAndTimeBasedFNATP is deprecated. Use SizeAndTimeBasedRollingPolicy instead
16:20:48,907 |-WARN in ch.qos.logback.core.rolling.SizeAndTimeBasedFNATP@6b2fad11 - For more information see http://logback.qos.ch/manual/appenders.html#SizeAndTimeBasedRollingPolicy
16:20:48,910 |-INFO in ch.qos.logback.core.joran.action.NestedComplexPropertyIA - Assuming default type [ch.qos.logback.classic.encoder.PatternLayoutEncoder] for [encoder] property
16:20:48,915 |-INFO in ch.qos.logback.core.rolling.RollingFileAppender[FILE] - Active log file name: /tmp/application.log
16:20:48,915 |-INFO in ch.qos.logback.core.rolling.RollingFileAppender[FILE] - File property is set to [/tmp/application.log]
16:20:48,916 |-INFO in ch.qos.logback.classic.joran.action.RootLoggerAction - Setting level of ROOT logger to WARN
16:20:48,916 |-INFO in ch.qos.logback.core.joran.action.AppenderRefAction - Attaching appender named [STDOUT] to Logger[ROOT]
16:20:48,918 |-INFO in ch.qos.logback.core.joran.action.AppenderRefAction - Attaching appender named [FILE] to Logger[ROOT]
16:20:48,918 |-INFO in ch.qos.logback.classic.joran.action.ConfigurationAction - End of configuration.
16:20:48,919 |-INFO in ch.qos.logback.classic.joran.JoranConfigurator@79698539 - Registering current configuration as safe fallback point

Ama winner
Ama winner
2019-06-10T16:20:50.210+0000: 1.755: [Full GC (Metadata GC Threshold) 2019-06-10T16:20:50.210+0000: 1.755: [Tenured: 0K->15208K(341376K), 0.0354883 secs] 114986K->15208K(494976K), [Metaspace: 20730K->20730K(1067008K)], 0.0355538 secs] [Times: user=0.04 sys=0.00, real=0.03 secs] 
16:21:07.922 [Curator-PathChildrenCache-1] WARN  o.a.c.u.ZKPaths  - The version of ZooKeeper being used doesn't support Container nodes. CreateMode.PERSISTENT will be used instead.
2019-06-10T16:21:10.136+0000: 21.681: [GC (Allocation Failure) 2019-06-10T16:21:10.136+0000: 21.681: [DefNew: 136576K->17023K(153600K), 0.0258362 secs] 151784K->52894K(494976K), 0.0259080 secs] [Times: user=0.02 sys=0.01, real=0.03 secs] 
2019-06-10T16:21:11.894+0000: 23.439: [Full GC (Metadata GC Threshold) 2019-06-10T16:21:11.894+0000: 23.439: [Tenured: 35870K->44803K(341376K), 0.0480134 secs] 88314K->44803K(494976K), [Metaspace: 34580K->34580K(1079296K)], 0.0480934 secs] [Times: user=0.04 sys=0.01, real=0.05 secs] 
2019-06-10T16:21:18.290+0000: 29.835: [GC (Allocation Failure) 2019-06-10T16:21:18.290+0000: 29.835: [DefNew: 136576K->95K(153600K), 0.0019588 secs] 181379K->44899K(494976K), 0.0020162 secs] [Times: user=0.00 sys=0.00, real=0.00 secs] 
2019-06-10T16:21:24.647+0000: 36.192: [GC (Allocation Failure) 2019-06-10T16:21:24.647+0000: 36.192: [DefNew: 136671K->100K(153600K), 0.0017590 secs] 181475K->44904K(494976K), 0.0018216 secs] [Times: user=0.00 sys=0.00, real=0.01 secs] 
2019-06-10T16:21:31.159+0000: 42.704: [GC (Allocation Failure) 2019-06-10T16:21:31.159+0000: 42.704: [DefNew: 136676K->104K(153600K), 0.0017953 secs] 181480K->44908K(494976K), 0.0018638 secs] [Times: user=0.00 sys=0.00, real=0.00 secs] 
2019-06-10T16:21:37.695+0000: 49.240: [GC (Allocation Failure) 2019-06-10T16:21:37.695+0000: 49.240: [DefNew: 136680K->129K(153600K), 0.0018042 secs] 181484K->44933K(494976K), 0.0018715 secs] [Times: user=0.00 sys=0.00, real=0.01 secs] 
2019-06-10T16:21:44.218+0000: 55.763: [GC (Allocation Failure) 2019-06-10T16:21:44.218+0000: 55.763: [DefNew: 136705K->130K(153600K), 0.0019218 secs] 181509K->44934K(494976K), 0.0019832 secs] [Times: user=0.00 sys=0.00, real=0.00 secs] 
16:21:58.290 [Curator-PathChildrenCache-0] ERROR o.a.c.f.r.c.PathChildrenCache  - 
java.lang.IllegalStateException: instance must be started before calling this method
	at org.apache.curator.shaded.com.google.common.base.Preconditions.checkState(Preconditions.java:444)
	at org.apache.curator.framework.imps.CuratorFrameworkImpl.getChildren(CuratorFrameworkImpl.java:456)
	at org.apache.curator.framework.recipes.cache.PathChildrenCache.refresh(PathChildrenCache.java:521)
	at org.apache.curator.framework.recipes.cache.RefreshOperation.invoke(RefreshOperation.java:35)
	at org.apache.curator.framework.recipes.cache.PathChildrenCache$9.run(PathChildrenCache.java:786)
	at java.util.concurrent.Executors$RunnableAdapter.call(Executors.java:511)
	at java.util.concurrent.FutureTask.run(FutureTask.java:266)
	at java.util.concurrent.Executors$RunnableAdapter.call(Executors.java:511)
	at java.util.concurrent.FutureTask.run(FutureTask.java:266)
	at java.util.concurrent.ThreadPoolExecutor.runWorker(ThreadPoolExecutor.java:1149)
	at java.util.concurrent.ThreadPoolExecutor$Worker.run(ThreadPoolExecutor.java:624)
	at java.lang.Thread.run(Thread.java:748)
Heap
 def new generation   total 153600K, used 120479K [0x00000000e0c00000, 0x00000000eb2a0000, 0x00000000eb2a0000)
  eden space 136576K,  88% used [0x00000000e0c00000, 0x00000000e81874a8, 0x00000000e9160000)
  from space 17024K,   0% used [0x00000000e9160000, 0x00000000e9180920, 0x00000000ea200000)
  to   space 17024K,   0% used [0x00000000ea200000, 0x00000000ea200000, 0x00000000eb2a0000)
 tenured generation   total 341376K, used 44803K [0x00000000eb2a0000, 0x0000000100000000, 0x0000000100000000)
   the space 341376K,  13% used [0x00000000eb2a0000, 0x00000000ede60ff8, 0x00000000ede61000, 0x0000000100000000)
 Metaspace       used 36109K, capacity 37030K, committed 37120K, reserved 1081344K
  class space    used 4869K, capacity 5081K, committed 5120K, reserved 1048576K
