05:53:12,110 |-INFO in ch.qos.logback.classic.LoggerContext[default] - Could NOT find resource [logback-test.xml]
05:53:12,110 |-INFO in ch.qos.logback.classic.LoggerContext[default] - Could NOT find resource [logback.groovy]
05:53:12,110 |-INFO in ch.qos.logback.classic.LoggerContext[default] - Found resource [logback.xml] at [jar:file:/root/flamestream/lib/flamestream-runtime-1.0-SNAPSHOT.jar!/logback.xml]
05:53:12,111 |-WARN in ch.qos.logback.classic.LoggerContext[default] - Resource [logback.xml] occurs multiple times on the classpath.
05:53:12,115 |-WARN in ch.qos.logback.classic.LoggerContext[default] - Resource [logback.xml] occurs at [jar:file:/root/flamestream/lib/flamestream-runtime-1.0-SNAPSHOT.jar!/logback.xml]
05:53:12,115 |-WARN in ch.qos.logback.classic.LoggerContext[default] - Resource [logback.xml] occurs at [jar:file:/root/flamestream/flamestream-runtime-1.0-SNAPSHOT.jar!/logback.xml]
05:53:12,135 |-INFO in ch.qos.logback.core.joran.spi.ConfigurationWatchList@3fb6a447 - URL [jar:file:/root/flamestream/lib/flamestream-runtime-1.0-SNAPSHOT.jar!/logback.xml] is not of type file
05:53:12,201 |-INFO in ch.qos.logback.classic.joran.action.ConfigurationAction - debug attribute not set
05:53:12,202 |-INFO in ch.qos.logback.core.joran.action.AppenderAction - About to instantiate appender of type [ch.qos.logback.core.ConsoleAppender]
05:53:12,218 |-INFO in ch.qos.logback.core.joran.action.AppenderAction - Naming appender as [STDOUT]
05:53:12,236 |-INFO in ch.qos.logback.core.joran.action.NestedComplexPropertyIA - Assuming default type [ch.qos.logback.classic.encoder.PatternLayoutEncoder] for [encoder] property
05:53:12,318 |-INFO in ch.qos.logback.core.joran.action.AppenderAction - About to instantiate appender of type [ch.qos.logback.core.rolling.RollingFileAppender]
05:53:12,323 |-INFO in ch.qos.logback.core.joran.action.AppenderAction - Naming appender as [FILE]
05:53:12,353 |-INFO in c.q.l.core.rolling.TimeBasedRollingPolicy@127618319 - No compression will be used
05:53:12,354 |-INFO in c.q.l.core.rolling.TimeBasedRollingPolicy@127618319 - Will use the pattern /tmp/application_%d{yyyy-MM-dd}.%i.log for the active file
05:53:12,357 |-INFO in ch.qos.logback.core.rolling.SizeAndTimeBasedFNATP@6b2fad11 - The date pattern is 'yyyy-MM-dd' from file name pattern '/tmp/application_%d{yyyy-MM-dd}.%i.log'.
05:53:12,357 |-INFO in ch.qos.logback.core.rolling.SizeAndTimeBasedFNATP@6b2fad11 - Roll-over at midnight.
05:53:12,362 |-INFO in ch.qos.logback.core.rolling.SizeAndTimeBasedFNATP@6b2fad11 - Setting initial period to Tue Jun 11 05:52:00 UTC 2019
05:53:12,362 |-WARN in ch.qos.logback.core.rolling.SizeAndTimeBasedFNATP@6b2fad11 - SizeAndTimeBasedFNATP is deprecated. Use SizeAndTimeBasedRollingPolicy instead
05:53:12,362 |-WARN in ch.qos.logback.core.rolling.SizeAndTimeBasedFNATP@6b2fad11 - For more information see http://logback.qos.ch/manual/appenders.html#SizeAndTimeBasedRollingPolicy
05:53:12,366 |-INFO in ch.qos.logback.core.joran.action.NestedComplexPropertyIA - Assuming default type [ch.qos.logback.classic.encoder.PatternLayoutEncoder] for [encoder] property
05:53:12,370 |-INFO in ch.qos.logback.core.rolling.RollingFileAppender[FILE] - Active log file name: /tmp/application.log
05:53:12,370 |-INFO in ch.qos.logback.core.rolling.RollingFileAppender[FILE] - File property is set to [/tmp/application.log]
05:53:12,371 |-INFO in ch.qos.logback.classic.joran.action.RootLoggerAction - Setting level of ROOT logger to WARN
05:53:12,371 |-INFO in ch.qos.logback.core.joran.action.AppenderRefAction - Attaching appender named [STDOUT] to Logger[ROOT]
05:53:12,373 |-INFO in ch.qos.logback.core.joran.action.AppenderRefAction - Attaching appender named [FILE] to Logger[ROOT]
05:53:12,373 |-INFO in ch.qos.logback.classic.joran.action.ConfigurationAction - End of configuration.
05:53:12,374 |-INFO in ch.qos.logback.classic.joran.JoranConfigurator@79698539 - Registering current configuration as safe fallback point

Ama winner
Ama winner
2019-06-11T05:53:13.636+0000: 1.707: [Full GC (Metadata GC Threshold) 2019-06-11T05:53:13.637+0000: 1.707: [Tenured: 0K->15176K(341376K), 0.0384646 secs] 112223K->15176K(494976K), [Metaspace: 20724K->20724K(1067008K)], 0.0385314 secs] [Times: user=0.04 sys=0.00, real=0.04 secs] 
05:53:30.857 [Curator-PathChildrenCache-1] WARN  o.a.c.u.ZKPaths  - The version of ZooKeeper being used doesn't support Container nodes. CreateMode.PERSISTENT will be used instead.
2019-06-11T05:53:32.856+0000: 20.926: [GC (Allocation Failure) 2019-06-11T05:53:32.856+0000: 20.926: [DefNew: 136576K->17023K(153600K), 0.0250216 secs] 151752K->52849K(494976K), 0.0251021 secs] [Times: user=0.01 sys=0.02, real=0.03 secs] 
2019-06-11T05:53:36.307+0000: 24.377: [Full GC (Metadata GC Threshold) 2019-06-11T05:53:36.307+0000: 24.377: [Tenured: 35825K->44676K(341376K), 0.0485197 secs] 117888K->44676K(494976K), [Metaspace: 34590K->34590K(1079296K)], 0.0486032 secs] [Times: user=0.04 sys=0.01, real=0.05 secs] 
2019-06-11T05:53:43.196+0000: 31.266: [GC (Allocation Failure) 2019-06-11T05:53:43.196+0000: 31.266: [DefNew: 136576K->93K(153600K), 0.0018022 secs] 181252K->44769K(494976K), 0.0018620 secs] [Times: user=0.00 sys=0.00, real=0.00 secs] 
2019-06-11T05:53:50.032+0000: 38.102: [GC (Allocation Failure) 2019-06-11T05:53:50.032+0000: 38.102: [DefNew: 136669K->95K(153600K), 0.0017337 secs] 181345K->44772K(494976K), 0.0018000 secs] [Times: user=0.00 sys=0.00, real=0.00 secs] 
2019-06-11T05:53:57.007+0000: 45.077: [GC (Allocation Failure) 2019-06-11T05:53:57.007+0000: 45.077: [DefNew: 136671K->123K(153600K), 0.0017065 secs] 181348K->44800K(494976K), 0.0017685 secs] [Times: user=0.00 sys=0.00, real=0.00 secs] 
2019-06-11T05:54:04.079+0000: 52.150: [GC (Allocation Failure) 2019-06-11T05:54:04.079+0000: 52.150: [DefNew: 136699K->127K(153600K), 0.0016911 secs] 181376K->44803K(494976K), 0.0017527 secs] [Times: user=0.00 sys=0.00, real=0.00 secs] 
2019-06-11T05:54:12.134+0000: 60.204: [GC (Allocation Failure) 2019-06-11T05:54:12.134+0000: 60.204: [DefNew: 136703K->125K(153600K), 0.0017770 secs] 181379K->44802K(494976K), 0.0018428 secs] [Times: user=0.00 sys=0.00, real=0.00 secs] 
05:54:32.086 [Curator-PathChildrenCache-0] ERROR o.a.c.f.r.c.PathChildrenCache  - 
java.lang.IllegalStateException: instance must be started before calling this method
	at org.apache.curator.shaded.com.google.common.base.Preconditions.checkState(Preconditions.java:444)
	at org.apache.curator.framework.imps.CuratorFrameworkImpl.getChildren(CuratorFrameworkImpl.java:456)
	at org.apache.curator.framework.recipes.cache.PathChildrenCache.refresh(PathChildrenCache.java:521)
	at org.apache.curator.framework.recipes.cache.RefreshOperation.invoke(RefreshOperation.java:35)
	at org.apache.curator.framework.recipes.cache.PathChildrenCache$9.run(PathChildrenCache.java:786)
	at java.util.concurrent.Executors$RunnableAdapter.call(Executors.java:511)
	at java.util.concurrent.FutureTask.run(FutureTask.java:266)
	at java.util.concurrent.Executors$RunnableAdapter.call(Executors.java:511)
	at java.util.concurrent.FutureTask.run(FutureTask.java:266)
	at java.util.concurrent.ThreadPoolExecutor.runWorker(ThreadPoolExecutor.java:1149)
	at java.util.concurrent.ThreadPoolExecutor$Worker.run(ThreadPoolExecutor.java:624)
	at java.lang.Thread.run(Thread.java:748)
Heap
 def new generation   total 153600K, used 84873K [0x00000000e0c00000, 0x00000000eb2a0000, 0x00000000eb2a0000)
  eden space 136576K,  62% used [0x00000000e0c00000, 0x00000000e5ec30c0, 0x00000000e9160000)
  from space 17024K,   0% used [0x00000000e9160000, 0x00000000e917f708, 0x00000000ea200000)
  to   space 17024K,   0% used [0x00000000ea200000, 0x00000000ea200000, 0x00000000eb2a0000)
 tenured generation   total 341376K, used 44676K [0x00000000eb2a0000, 0x0000000100000000, 0x0000000100000000)
   the space 341376K,  13% used [0x00000000eb2a0000, 0x00000000ede41228, 0x00000000ede41400, 0x0000000100000000)
 Metaspace       used 36073K, capacity 36934K, committed 37120K, reserved 1081344K
  class space    used 4872K, capacity 5075K, committed 5120K, reserved 1048576K
