13:14:49,529 |-INFO in ch.qos.logback.classic.LoggerContext[default] - Could NOT find resource [logback-test.xml]
13:14:49,529 |-INFO in ch.qos.logback.classic.LoggerContext[default] - Could NOT find resource [logback.groovy]
13:14:49,529 |-INFO in ch.qos.logback.classic.LoggerContext[default] - Found resource [logback.xml] at [jar:file:/root/flamestream/lib/flamestream-runtime-1.0-SNAPSHOT.jar!/logback.xml]
13:14:49,530 |-WARN in ch.qos.logback.classic.LoggerContext[default] - Resource [logback.xml] occurs multiple times on the classpath.
13:14:49,530 |-WARN in ch.qos.logback.classic.LoggerContext[default] - Resource [logback.xml] occurs at [jar:file:/root/flamestream/lib/flamestream-runtime-1.0-SNAPSHOT.jar!/logback.xml]
13:14:49,530 |-WARN in ch.qos.logback.classic.LoggerContext[default] - Resource [logback.xml] occurs at [jar:file:/root/flamestream/flamestream-runtime-1.0-SNAPSHOT.jar!/logback.xml]
13:14:49,549 |-INFO in ch.qos.logback.core.joran.spi.ConfigurationWatchList@3fb6a447 - URL [jar:file:/root/flamestream/lib/flamestream-runtime-1.0-SNAPSHOT.jar!/logback.xml] is not of type file
13:14:49,623 |-INFO in ch.qos.logback.classic.joran.action.ConfigurationAction - debug attribute not set
13:14:49,623 |-INFO in ch.qos.logback.core.joran.action.AppenderAction - About to instantiate appender of type [ch.qos.logback.core.ConsoleAppender]
13:14:49,641 |-INFO in ch.qos.logback.core.joran.action.AppenderAction - Naming appender as [STDOUT]
13:14:49,659 |-INFO in ch.qos.logback.core.joran.action.NestedComplexPropertyIA - Assuming default type [ch.qos.logback.classic.encoder.PatternLayoutEncoder] for [encoder] property
13:14:49,743 |-INFO in ch.qos.logback.core.joran.action.AppenderAction - About to instantiate appender of type [ch.qos.logback.core.rolling.RollingFileAppender]
13:14:49,747 |-INFO in ch.qos.logback.core.joran.action.AppenderAction - Naming appender as [FILE]
13:14:49,780 |-INFO in c.q.l.core.rolling.TimeBasedRollingPolicy@127618319 - No compression will be used
13:14:49,781 |-INFO in c.q.l.core.rolling.TimeBasedRollingPolicy@127618319 - Will use the pattern /tmp/application_%d{yyyy-MM-dd}.%i.log for the active file
13:14:49,784 |-INFO in ch.qos.logback.core.rolling.SizeAndTimeBasedFNATP@6b2fad11 - The date pattern is 'yyyy-MM-dd' from file name pattern '/tmp/application_%d{yyyy-MM-dd}.%i.log'.
13:14:49,784 |-INFO in ch.qos.logback.core.rolling.SizeAndTimeBasedFNATP@6b2fad11 - Roll-over at midnight.
13:14:49,789 |-INFO in ch.qos.logback.core.rolling.SizeAndTimeBasedFNATP@6b2fad11 - Setting initial period to Mon Jun 10 13:13:31 UTC 2019
13:14:49,789 |-WARN in ch.qos.logback.core.rolling.SizeAndTimeBasedFNATP@6b2fad11 - SizeAndTimeBasedFNATP is deprecated. Use SizeAndTimeBasedRollingPolicy instead
13:14:49,789 |-WARN in ch.qos.logback.core.rolling.SizeAndTimeBasedFNATP@6b2fad11 - For more information see http://logback.qos.ch/manual/appenders.html#SizeAndTimeBasedRollingPolicy
13:14:49,793 |-INFO in ch.qos.logback.core.joran.action.NestedComplexPropertyIA - Assuming default type [ch.qos.logback.classic.encoder.PatternLayoutEncoder] for [encoder] property
13:14:49,798 |-INFO in ch.qos.logback.core.rolling.RollingFileAppender[FILE] - Active log file name: /tmp/application.log
13:14:49,798 |-INFO in ch.qos.logback.core.rolling.RollingFileAppender[FILE] - File property is set to [/tmp/application.log]
13:14:49,799 |-INFO in ch.qos.logback.classic.joran.action.RootLoggerAction - Setting level of ROOT logger to WARN
13:14:49,799 |-INFO in ch.qos.logback.core.joran.action.AppenderRefAction - Attaching appender named [STDOUT] to Logger[ROOT]
13:14:49,801 |-INFO in ch.qos.logback.core.joran.action.AppenderRefAction - Attaching appender named [FILE] to Logger[ROOT]
13:14:49,801 |-INFO in ch.qos.logback.classic.joran.action.ConfigurationAction - End of configuration.
13:14:49,802 |-INFO in ch.qos.logback.classic.joran.JoranConfigurator@79698539 - Registering current configuration as safe fallback point

Ama winner
Ama winner
2019-06-10T13:14:51.134+0000: 1.795: [Full GC (Metadata GC Threshold) 2019-06-10T13:14:51.134+0000: 1.795: [Tenured: 0K->15241K(341376K), 0.0413113 secs] 114924K->15241K(494976K), [Metaspace: 20737K->20737K(1067008K)], 0.0413782 secs] [Times: user=0.03 sys=0.01, real=0.04 secs] 
13:15:12.404 [Curator-PathChildrenCache-1] WARN  o.a.c.u.ZKPaths  - The version of ZooKeeper being used doesn't support Container nodes. CreateMode.PERSISTENT will be used instead.
2019-06-10T13:15:14.862+0000: 25.523: [GC (Allocation Failure) 2019-06-10T13:15:14.862+0000: 25.523: [DefNew: 136576K->17023K(153600K), 0.0296541 secs] 151817K->52760K(494976K), 0.0297379 secs] [Times: user=0.02 sys=0.01, real=0.03 secs] 
2019-06-10T13:15:15.779+0000: 26.440: [Full GC (Metadata GC Threshold) 2019-06-10T13:15:15.779+0000: 26.440: [Tenured: 35736K->44562K(341376K), 0.0402056 secs] 74908K->44562K(494976K), [Metaspace: 34580K->34580K(1079296K)], 0.0402805 secs] [Times: user=0.04 sys=0.00, real=0.04 secs] 
2019-06-10T13:15:23.973+0000: 34.634: [GC (Allocation Failure) 2019-06-10T13:15:23.973+0000: 34.634: [DefNew: 136576K->119K(153600K), 0.0019891 secs] 181138K->44682K(494976K), 0.0020518 secs] [Times: user=0.01 sys=0.00, real=0.00 secs] 
2019-06-10T13:15:31.890+0000: 42.551: [GC (Allocation Failure) 2019-06-10T13:15:31.890+0000: 42.551: [DefNew: 136695K->184K(153600K), 0.0018642 secs] 181258K->44746K(494976K), 0.0019256 secs] [Times: user=0.00 sys=0.00, real=0.00 secs] 
2019-06-10T13:15:39.988+0000: 50.649: [GC (Allocation Failure) 2019-06-10T13:15:39.988+0000: 50.649: [DefNew: 136760K->182K(153600K), 0.0018320 secs] 181322K->44744K(494976K), 0.0019041 secs] [Times: user=0.01 sys=0.00, real=0.01 secs] 
2019-06-10T13:15:48.082+0000: 58.743: [GC (Allocation Failure) 2019-06-10T13:15:48.082+0000: 58.743: [DefNew: 136758K->184K(153600K), 0.0018977 secs] 181320K->44746K(494976K), 0.0019584 secs] [Times: user=0.00 sys=0.00, real=0.00 secs] 
2019-06-10T13:15:56.985+0000: 67.646: [GC (Allocation Failure) 2019-06-10T13:15:56.985+0000: 67.646: [DefNew: 136760K->536K(153600K), 0.0023355 secs] 181322K->45099K(494976K), 0.0024076 secs] [Times: user=0.00 sys=0.00, real=0.00 secs] 
2019-06-10T13:16:06.810+0000: 77.470: [GC (Allocation Failure) 2019-06-10T13:16:06.810+0000: 77.471: [DefNew: 137112K->281K(153600K), 0.0021806 secs] 181675K->44843K(494976K), 0.0022442 secs] [Times: user=0.00 sys=0.00, real=0.00 secs] 
13:16:23.168 [Curator-PathChildrenCache-0] ERROR o.a.c.f.r.c.PathChildrenCache  - 
java.lang.IllegalStateException: instance must be started before calling this method
	at org.apache.curator.shaded.com.google.common.base.Preconditions.checkState(Preconditions.java:444)
	at org.apache.curator.framework.imps.CuratorFrameworkImpl.getChildren(CuratorFrameworkImpl.java:456)
	at org.apache.curator.framework.recipes.cache.PathChildrenCache.refresh(PathChildrenCache.java:521)
	at org.apache.curator.framework.recipes.cache.RefreshOperation.invoke(RefreshOperation.java:35)
	at org.apache.curator.framework.recipes.cache.PathChildrenCache$9.run(PathChildrenCache.java:786)
	at java.util.concurrent.Executors$RunnableAdapter.call(Executors.java:511)
	at java.util.concurrent.FutureTask.run(FutureTask.java:266)
	at java.util.concurrent.Executors$RunnableAdapter.call(Executors.java:511)
	at java.util.concurrent.FutureTask.run(FutureTask.java:266)
	at java.util.concurrent.ThreadPoolExecutor.runWorker(ThreadPoolExecutor.java:1149)
	at java.util.concurrent.ThreadPoolExecutor$Worker.run(ThreadPoolExecutor.java:624)
	at java.lang.Thread.run(Thread.java:748)
Heap
 def new generation   total 153600K, used 123583K [0x00000000e0c00000, 0x00000000eb2a0000, 0x00000000eb2a0000)
  eden space 136576K,  90% used [0x00000000e0c00000, 0x00000000e8469aa0, 0x00000000e9160000)
  from space 17024K,   1% used [0x00000000ea200000, 0x00000000ea246420, 0x00000000eb2a0000)
  to   space 17024K,   0% used [0x00000000e9160000, 0x00000000e9160000, 0x00000000ea200000)
 tenured generation   total 341376K, used 44562K [0x00000000eb2a0000, 0x0000000100000000, 0x0000000100000000)
   the space 341376K,  13% used [0x00000000eb2a0000, 0x00000000ede24868, 0x00000000ede24a00, 0x0000000100000000)
 Metaspace       used 36344K, capacity 37232K, committed 37376K, reserved 1081344K
  class space    used 4883K, capacity 5082K, committed 5120K, reserved 1048576K
