07:11:49,006 |-INFO in ch.qos.logback.classic.LoggerContext[default] - Could NOT find resource [logback-test.xml]
07:11:49,006 |-INFO in ch.qos.logback.classic.LoggerContext[default] - Could NOT find resource [logback.groovy]
07:11:49,006 |-INFO in ch.qos.logback.classic.LoggerContext[default] - Found resource [logback.xml] at [jar:file:/root/flamestream/lib/flamestream-runtime-1.0-SNAPSHOT.jar!/logback.xml]
07:11:49,006 |-WARN in ch.qos.logback.classic.LoggerContext[default] - Resource [logback.xml] occurs multiple times on the classpath.
07:11:49,007 |-WARN in ch.qos.logback.classic.LoggerContext[default] - Resource [logback.xml] occurs at [jar:file:/root/flamestream/lib/flamestream-runtime-1.0-SNAPSHOT.jar!/logback.xml]
07:11:49,007 |-WARN in ch.qos.logback.classic.LoggerContext[default] - Resource [logback.xml] occurs at [jar:file:/root/flamestream/flamestream-runtime-1.0-SNAPSHOT.jar!/logback.xml]
07:11:49,029 |-INFO in ch.qos.logback.core.joran.spi.ConfigurationWatchList@3fb6a447 - URL [jar:file:/root/flamestream/lib/flamestream-runtime-1.0-SNAPSHOT.jar!/logback.xml] is not of type file
07:11:49,099 |-INFO in ch.qos.logback.classic.joran.action.ConfigurationAction - debug attribute not set
07:11:49,099 |-INFO in ch.qos.logback.core.joran.action.AppenderAction - About to instantiate appender of type [ch.qos.logback.core.ConsoleAppender]
07:11:49,118 |-INFO in ch.qos.logback.core.joran.action.AppenderAction - Naming appender as [STDOUT]
07:11:49,136 |-INFO in ch.qos.logback.core.joran.action.NestedComplexPropertyIA - Assuming default type [ch.qos.logback.classic.encoder.PatternLayoutEncoder] for [encoder] property
07:11:49,218 |-INFO in ch.qos.logback.core.joran.action.AppenderAction - About to instantiate appender of type [ch.qos.logback.core.rolling.RollingFileAppender]
07:11:49,226 |-INFO in ch.qos.logback.core.joran.action.AppenderAction - Naming appender as [FILE]
07:11:49,257 |-INFO in c.q.l.core.rolling.TimeBasedRollingPolicy@127618319 - No compression will be used
07:11:49,258 |-INFO in c.q.l.core.rolling.TimeBasedRollingPolicy@127618319 - Will use the pattern /tmp/application_%d{yyyy-MM-dd}.%i.log for the active file
07:11:49,261 |-INFO in ch.qos.logback.core.rolling.SizeAndTimeBasedFNATP@6b2fad11 - The date pattern is 'yyyy-MM-dd' from file name pattern '/tmp/application_%d{yyyy-MM-dd}.%i.log'.
07:11:49,261 |-INFO in ch.qos.logback.core.rolling.SizeAndTimeBasedFNATP@6b2fad11 - Roll-over at midnight.
07:11:49,266 |-INFO in ch.qos.logback.core.rolling.SizeAndTimeBasedFNATP@6b2fad11 - Setting initial period to Tue Jun 11 07:10:19 UTC 2019
07:11:49,266 |-WARN in ch.qos.logback.core.rolling.SizeAndTimeBasedFNATP@6b2fad11 - SizeAndTimeBasedFNATP is deprecated. Use SizeAndTimeBasedRollingPolicy instead
07:11:49,266 |-WARN in ch.qos.logback.core.rolling.SizeAndTimeBasedFNATP@6b2fad11 - For more information see http://logback.qos.ch/manual/appenders.html#SizeAndTimeBasedRollingPolicy
07:11:49,270 |-INFO in ch.qos.logback.core.joran.action.NestedComplexPropertyIA - Assuming default type [ch.qos.logback.classic.encoder.PatternLayoutEncoder] for [encoder] property
07:11:49,275 |-INFO in ch.qos.logback.core.rolling.RollingFileAppender[FILE] - Active log file name: /tmp/application.log
07:11:49,275 |-INFO in ch.qos.logback.core.rolling.RollingFileAppender[FILE] - File property is set to [/tmp/application.log]
07:11:49,276 |-INFO in ch.qos.logback.classic.joran.action.RootLoggerAction - Setting level of ROOT logger to WARN
07:11:49,276 |-INFO in ch.qos.logback.core.joran.action.AppenderRefAction - Attaching appender named [STDOUT] to Logger[ROOT]
07:11:49,278 |-INFO in ch.qos.logback.core.joran.action.AppenderRefAction - Attaching appender named [FILE] to Logger[ROOT]
07:11:49,278 |-INFO in ch.qos.logback.classic.joran.action.ConfigurationAction - End of configuration.
07:11:49,278 |-INFO in ch.qos.logback.classic.joran.JoranConfigurator@79698539 - Registering current configuration as safe fallback point

Ama winner
Ama winner
2019-06-11T07:11:50.566+0000: 1.742: [Full GC (Metadata GC Threshold) 2019-06-11T07:11:50.566+0000: 1.742: [Tenured: 0K->15241K(341376K), 0.0381764 secs] 117814K->15241K(494976K), [Metaspace: 20740K->20740K(1067008K)], 0.0382432 secs] [Times: user=0.03 sys=0.00, real=0.04 secs] 
07:12:16.342 [Curator-PathChildrenCache-1] WARN  o.a.c.u.ZKPaths  - The version of ZooKeeper being used doesn't support Container nodes. CreateMode.PERSISTENT will be used instead.
2019-06-11T07:12:18.565+0000: 29.741: [GC (Allocation Failure) 2019-06-11T07:12:18.565+0000: 29.741: [DefNew: 136576K->17024K(153600K), 0.0251334 secs] 151817K->52786K(494976K), 0.0251990 secs] [Times: user=0.02 sys=0.00, real=0.03 secs] 
2019-06-11T07:12:24.058+0000: 35.234: [GC (Allocation Failure) 2019-06-11T07:12:24.058+0000: 35.234: [DefNew: 153600K->249K(153600K), 0.0098299 secs] 189362K->44353K(494976K), 0.0099312 secs] [Times: user=0.01 sys=0.00, real=0.01 secs] 
2019-06-11T07:12:25.234+0000: 36.410: [Full GC (Metadata GC Threshold) 2019-06-11T07:12:25.234+0000: 36.410: [Tenured: 44104K->44332K(341376K), 0.0373102 secs] 77145K->44332K(494976K), [Metaspace: 34597K->34597K(1079296K)], 0.0373937 secs] [Times: user=0.04 sys=0.00, real=0.04 secs] 
2019-06-11T07:12:30.647+0000: 41.824: [GC (Allocation Failure) 2019-06-11T07:12:30.648+0000: 41.824: [DefNew: 136576K->60K(153600K), 0.0016588 secs] 180908K->44393K(494976K), 0.0017176 secs] [Times: user=0.00 sys=0.00, real=0.00 secs] 
2019-06-11T07:12:36.003+0000: 47.180: [GC (Allocation Failure) 2019-06-11T07:12:36.003+0000: 47.180: [DefNew: 136636K->54K(153600K), 0.0015788 secs] 180969K->44387K(494976K), 0.0016376 secs] [Times: user=0.00 sys=0.00, real=0.00 secs] 
2019-06-11T07:12:41.374+0000: 52.550: [GC (Allocation Failure) 2019-06-11T07:12:41.374+0000: 52.550: [DefNew: 136630K->59K(153600K), 0.0015528 secs] 180963K->44392K(494976K), 0.0016108 secs] [Times: user=0.00 sys=0.00, real=0.01 secs] 
2019-06-11T07:12:46.810+0000: 57.987: [GC (Allocation Failure) 2019-06-11T07:12:46.810+0000: 57.987: [DefNew: 136635K->51K(153600K), 0.0016105 secs] 180968K->44384K(494976K), 0.0016780 secs] [Times: user=0.00 sys=0.00, real=0.00 secs] 
07:12:56.785 [Curator-PathChildrenCache-0] ERROR o.a.c.f.r.c.PathChildrenCache  - 
java.lang.IllegalStateException: instance must be started before calling this method
	at org.apache.curator.shaded.com.google.common.base.Preconditions.checkState(Preconditions.java:444)
	at org.apache.curator.framework.imps.CuratorFrameworkImpl.getChildren(CuratorFrameworkImpl.java:456)
	at org.apache.curator.framework.recipes.cache.PathChildrenCache.refresh(PathChildrenCache.java:521)
	at org.apache.curator.framework.recipes.cache.RefreshOperation.invoke(RefreshOperation.java:35)
	at org.apache.curator.framework.recipes.cache.PathChildrenCache$9.run(PathChildrenCache.java:786)
	at java.util.concurrent.Executors$RunnableAdapter.call(Executors.java:511)
	at java.util.concurrent.FutureTask.run(FutureTask.java:266)
	at java.util.concurrent.Executors$RunnableAdapter.call(Executors.java:511)
	at java.util.concurrent.FutureTask.run(FutureTask.java:266)
	at java.util.concurrent.ThreadPoolExecutor.runWorker(ThreadPoolExecutor.java:1149)
	at java.util.concurrent.ThreadPoolExecutor$Worker.run(ThreadPoolExecutor.java:624)
	at java.lang.Thread.run(Thread.java:748)
Heap
 def new generation   total 153600K, used 82234K [0x00000000e0c00000, 0x00000000eb2a0000, 0x00000000eb2a0000)
  eden space 136576K,  60% used [0x00000000e0c00000, 0x00000000e5c41d58, 0x00000000e9160000)
  from space 17024K,   0% used [0x00000000e9160000, 0x00000000e916cd00, 0x00000000ea200000)
  to   space 17024K,   0% used [0x00000000ea200000, 0x00000000ea200000, 0x00000000eb2a0000)
 tenured generation   total 341376K, used 44332K [0x00000000eb2a0000, 0x0000000100000000, 0x0000000100000000)
   the space 341376K,  12% used [0x00000000eb2a0000, 0x00000000eddeb380, 0x00000000eddeb400, 0x0000000100000000)
 Metaspace       used 36093K, capacity 36992K, committed 37120K, reserved 1081344K
  class space    used 4858K, capacity 5074K, committed 5120K, reserved 1048576K
