20:17:26,264 |-INFO in ch.qos.logback.classic.LoggerContext[default] - Could NOT find resource [logback-test.xml]
20:17:26,264 |-INFO in ch.qos.logback.classic.LoggerContext[default] - Could NOT find resource [logback.groovy]
20:17:26,264 |-INFO in ch.qos.logback.classic.LoggerContext[default] - Found resource [logback.xml] at [jar:file:/root/flamestream/lib/flamestream-runtime-1.0-SNAPSHOT.jar!/logback.xml]
20:17:26,265 |-WARN in ch.qos.logback.classic.LoggerContext[default] - Resource [logback.xml] occurs multiple times on the classpath.
20:17:26,265 |-WARN in ch.qos.logback.classic.LoggerContext[default] - Resource [logback.xml] occurs at [jar:file:/root/flamestream/lib/flamestream-runtime-1.0-SNAPSHOT.jar!/logback.xml]
20:17:26,265 |-WARN in ch.qos.logback.classic.LoggerContext[default] - Resource [logback.xml] occurs at [jar:file:/root/flamestream/flamestream-runtime-1.0-SNAPSHOT.jar!/logback.xml]
20:17:26,285 |-INFO in ch.qos.logback.core.joran.spi.ConfigurationWatchList@3fb6a447 - URL [jar:file:/root/flamestream/lib/flamestream-runtime-1.0-SNAPSHOT.jar!/logback.xml] is not of type file
20:17:26,357 |-INFO in ch.qos.logback.classic.joran.action.ConfigurationAction - debug attribute not set
20:17:26,357 |-INFO in ch.qos.logback.core.joran.action.AppenderAction - About to instantiate appender of type [ch.qos.logback.core.ConsoleAppender]
20:17:26,377 |-INFO in ch.qos.logback.core.joran.action.AppenderAction - Naming appender as [STDOUT]
20:17:26,395 |-INFO in ch.qos.logback.core.joran.action.NestedComplexPropertyIA - Assuming default type [ch.qos.logback.classic.encoder.PatternLayoutEncoder] for [encoder] property
20:17:26,472 |-INFO in ch.qos.logback.core.joran.action.AppenderAction - About to instantiate appender of type [ch.qos.logback.core.rolling.RollingFileAppender]
20:17:26,477 |-INFO in ch.qos.logback.core.joran.action.AppenderAction - Naming appender as [FILE]
20:17:26,510 |-INFO in c.q.l.core.rolling.TimeBasedRollingPolicy@127618319 - No compression will be used
20:17:26,512 |-INFO in c.q.l.core.rolling.TimeBasedRollingPolicy@127618319 - Will use the pattern /tmp/application_%d{yyyy-MM-dd}.%i.log for the active file
20:17:26,515 |-INFO in ch.qos.logback.core.rolling.SizeAndTimeBasedFNATP@6b2fad11 - The date pattern is 'yyyy-MM-dd' from file name pattern '/tmp/application_%d{yyyy-MM-dd}.%i.log'.
20:17:26,515 |-INFO in ch.qos.logback.core.rolling.SizeAndTimeBasedFNATP@6b2fad11 - Roll-over at midnight.
20:17:26,520 |-INFO in ch.qos.logback.core.rolling.SizeAndTimeBasedFNATP@6b2fad11 - Setting initial period to Mon Jun 10 20:15:57 UTC 2019
20:17:26,520 |-WARN in ch.qos.logback.core.rolling.SizeAndTimeBasedFNATP@6b2fad11 - SizeAndTimeBasedFNATP is deprecated. Use SizeAndTimeBasedRollingPolicy instead
20:17:26,520 |-WARN in ch.qos.logback.core.rolling.SizeAndTimeBasedFNATP@6b2fad11 - For more information see http://logback.qos.ch/manual/appenders.html#SizeAndTimeBasedRollingPolicy
20:17:26,524 |-INFO in ch.qos.logback.core.joran.action.NestedComplexPropertyIA - Assuming default type [ch.qos.logback.classic.encoder.PatternLayoutEncoder] for [encoder] property
20:17:26,529 |-INFO in ch.qos.logback.core.rolling.RollingFileAppender[FILE] - Active log file name: /tmp/application.log
20:17:26,529 |-INFO in ch.qos.logback.core.rolling.RollingFileAppender[FILE] - File property is set to [/tmp/application.log]
20:17:26,530 |-INFO in ch.qos.logback.classic.joran.action.RootLoggerAction - Setting level of ROOT logger to WARN
20:17:26,530 |-INFO in ch.qos.logback.core.joran.action.AppenderRefAction - Attaching appender named [STDOUT] to Logger[ROOT]
20:17:26,532 |-INFO in ch.qos.logback.core.joran.action.AppenderRefAction - Attaching appender named [FILE] to Logger[ROOT]
20:17:26,532 |-INFO in ch.qos.logback.classic.joran.action.ConfigurationAction - End of configuration.
20:17:26,532 |-INFO in ch.qos.logback.classic.joran.JoranConfigurator@79698539 - Registering current configuration as safe fallback point

Ama winner
Ama winner
2019-06-10T20:17:27.877+0000: 1.805: [Full GC (Metadata GC Threshold) 2019-06-10T20:17:27.877+0000: 1.805: [Tenured: 0K->15208K(341376K), 0.0407519 secs] 114988K->15208K(494976K), [Metaspace: 20741K->20741K(1067008K)], 0.0408273 secs] [Times: user=0.04 sys=0.00, real=0.04 secs] 
20:17:43.855 [Curator-PathChildrenCache-1] WARN  o.a.c.u.ZKPaths  - The version of ZooKeeper being used doesn't support Container nodes. CreateMode.PERSISTENT will be used instead.
2019-06-10T20:17:46.125+0000: 20.052: [GC (Allocation Failure) 2019-06-10T20:17:46.125+0000: 20.052: [DefNew: 136576K->17023K(153600K), 0.0273516 secs] 151784K->52744K(494976K), 0.0274387 secs] [Times: user=0.03 sys=0.01, real=0.02 secs] 
2019-06-10T20:17:47.134+0000: 21.062: [Full GC (Metadata GC Threshold) 2019-06-10T20:17:47.134+0000: 21.062: [Tenured: 35720K->44367K(341376K), 0.0371771 secs] 77562K->44367K(494976K), [Metaspace: 34548K->34548K(1079296K)], 0.0372558 secs] [Times: user=0.04 sys=0.01, real=0.04 secs] 
2019-06-10T20:17:53.913+0000: 27.841: [GC (Allocation Failure) 2019-06-10T20:17:53.913+0000: 27.841: [DefNew: 136576K->69K(153600K), 0.0018614 secs] 180943K->44436K(494976K), 0.0019202 secs] [Times: user=0.00 sys=0.00, real=0.00 secs] 
2019-06-10T20:18:00.614+0000: 34.542: [GC (Allocation Failure) 2019-06-10T20:18:00.614+0000: 34.542: [DefNew: 136645K->74K(153600K), 0.0017118 secs] 181012K->44441K(494976K), 0.0017752 secs] [Times: user=0.00 sys=0.00, real=0.00 secs] 
2019-06-10T20:18:07.519+0000: 41.447: [GC (Allocation Failure) 2019-06-10T20:18:07.519+0000: 41.447: [DefNew: 136650K->77K(153600K), 0.0017391 secs] 181017K->44444K(494976K), 0.0017992 secs] [Times: user=0.00 sys=0.00, real=0.00 secs] 
2019-06-10T20:18:14.433+0000: 48.361: [GC (Allocation Failure) 2019-06-10T20:18:14.433+0000: 48.361: [DefNew: 136653K->74K(153600K), 0.0017251 secs] 181020K->44441K(494976K), 0.0017955 secs] [Times: user=0.00 sys=0.00, real=0.00 secs] 
2019-06-10T20:18:21.299+0000: 55.226: [GC (Allocation Failure) 2019-06-10T20:18:21.299+0000: 55.227: [DefNew: 136650K->73K(153600K), 0.0018351 secs] 181017K->44441K(494976K), 0.0018977 secs] [Times: user=0.00 sys=0.00, real=0.00 secs] 
20:18:30.565 [Curator-PathChildrenCache-0] ERROR o.a.c.f.r.c.PathChildrenCache  - 
java.lang.IllegalStateException: instance must be started before calling this method
	at org.apache.curator.shaded.com.google.common.base.Preconditions.checkState(Preconditions.java:444)
	at org.apache.curator.framework.imps.CuratorFrameworkImpl.getChildren(CuratorFrameworkImpl.java:456)
	at org.apache.curator.framework.recipes.cache.PathChildrenCache.refresh(PathChildrenCache.java:521)
	at org.apache.curator.framework.recipes.cache.RefreshOperation.invoke(RefreshOperation.java:35)
	at org.apache.curator.framework.recipes.cache.PathChildrenCache$9.run(PathChildrenCache.java:786)
	at java.util.concurrent.Executors$RunnableAdapter.call(Executors.java:511)
	at java.util.concurrent.FutureTask.run(FutureTask.java:266)
	at java.util.concurrent.Executors$RunnableAdapter.call(Executors.java:511)
	at java.util.concurrent.FutureTask.run(FutureTask.java:266)
	at java.util.concurrent.ThreadPoolExecutor.runWorker(ThreadPoolExecutor.java:1149)
	at java.util.concurrent.ThreadPoolExecutor$Worker.run(ThreadPoolExecutor.java:624)
	at java.lang.Thread.run(Thread.java:748)
Heap
 def new generation   total 153600K, used 80954K [0x00000000e0c00000, 0x00000000eb2a0000, 0x00000000eb2a0000)
  eden space 136576K,  59% used [0x00000000e0c00000, 0x00000000e5afc3d0, 0x00000000e9160000)
  from space 17024K,   0% used [0x00000000e9160000, 0x00000000e9172798, 0x00000000ea200000)
  to   space 17024K,   0% used [0x00000000ea200000, 0x00000000ea200000, 0x00000000eb2a0000)
 tenured generation   total 341376K, used 44367K [0x00000000eb2a0000, 0x0000000100000000, 0x0000000100000000)
   the space 341376K,  12% used [0x00000000eb2a0000, 0x00000000eddf3cb0, 0x00000000eddf3e00, 0x0000000100000000)
 Metaspace       used 36134K, capacity 37058K, committed 37376K, reserved 1081344K
  class space    used 4874K, capacity 5085K, committed 5120K, reserved 1048576K
