15:33:22,279 |-INFO in ch.qos.logback.classic.LoggerContext[default] - Could NOT find resource [logback-test.xml]
15:33:22,279 |-INFO in ch.qos.logback.classic.LoggerContext[default] - Could NOT find resource [logback.groovy]
15:33:22,279 |-INFO in ch.qos.logback.classic.LoggerContext[default] - Found resource [logback.xml] at [jar:file:/home/nikitasokolov/flamestream/lib/flamestream-runtime-1.0-SNAPSHOT.jar!/logback.xml]
15:33:22,280 |-WARN in ch.qos.logback.classic.LoggerContext[default] - Resource [logback.xml] occurs multiple times on the classpath.
15:33:22,280 |-WARN in ch.qos.logback.classic.LoggerContext[default] - Resource [logback.xml] occurs at [jar:file:/home/nikitasokolov/flamestream/lib/flamestream-runtime-1.0-SNAPSHOT.jar!/logback.xml]
15:33:22,280 |-WARN in ch.qos.logback.classic.LoggerContext[default] - Resource [logback.xml] occurs at [jar:file:/home/nikitasokolov/flamestream/flamestream-runtime-1.0-SNAPSHOT.jar!/logback.xml]
15:33:22,296 |-INFO in ch.qos.logback.core.joran.spi.ConfigurationWatchList@6108b2d7 - URL [jar:file:/home/nikitasokolov/flamestream/lib/flamestream-runtime-1.0-SNAPSHOT.jar!/logback.xml] is not of type file
15:33:22,349 |-INFO in ch.qos.logback.classic.joran.action.ConfigurationAction - debug attribute not set
15:33:22,349 |-INFO in ch.qos.logback.core.joran.action.AppenderAction - About to instantiate appender of type [ch.qos.logback.core.ConsoleAppender]
15:33:22,360 |-INFO in ch.qos.logback.core.joran.action.AppenderAction - Naming appender as [STDOUT]
15:33:22,369 |-INFO in ch.qos.logback.core.joran.action.NestedComplexPropertyIA - Assuming default type [ch.qos.logback.classic.encoder.PatternLayoutEncoder] for [encoder] property
15:33:22,423 |-INFO in ch.qos.logback.core.joran.action.AppenderAction - About to instantiate appender of type [ch.qos.logback.core.rolling.RollingFileAppender]
15:33:22,429 |-INFO in ch.qos.logback.core.joran.action.AppenderAction - Naming appender as [FILE]
15:33:22,450 |-INFO in c.q.l.core.rolling.TimeBasedRollingPolicy@357863579 - No compression will be used
15:33:22,451 |-INFO in c.q.l.core.rolling.TimeBasedRollingPolicy@357863579 - Will use the pattern /tmp/application_%d{yyyy-MM-dd}.%i.log for the active file
15:33:22,454 |-INFO in ch.qos.logback.core.rolling.SizeAndTimeBasedFNATP@6bf256fa - The date pattern is 'yyyy-MM-dd' from file name pattern '/tmp/application_%d{yyyy-MM-dd}.%i.log'.
15:33:22,454 |-INFO in ch.qos.logback.core.rolling.SizeAndTimeBasedFNATP@6bf256fa - Roll-over at midnight.
15:33:22,458 |-INFO in ch.qos.logback.core.rolling.SizeAndTimeBasedFNATP@6bf256fa - Setting initial period to Sun Jun 09 15:32:32 MSK 2019
15:33:22,458 |-WARN in ch.qos.logback.core.rolling.SizeAndTimeBasedFNATP@6bf256fa - SizeAndTimeBasedFNATP is deprecated. Use SizeAndTimeBasedRollingPolicy instead
15:33:22,458 |-WARN in ch.qos.logback.core.rolling.SizeAndTimeBasedFNATP@6bf256fa - For more information see http://logback.qos.ch/manual/appenders.html#SizeAndTimeBasedRollingPolicy
15:33:22,463 |-INFO in ch.qos.logback.core.joran.action.NestedComplexPropertyIA - Assuming default type [ch.qos.logback.classic.encoder.PatternLayoutEncoder] for [encoder] property
15:33:22,466 |-INFO in ch.qos.logback.core.rolling.RollingFileAppender[FILE] - Active log file name: /tmp/application.log
15:33:22,466 |-INFO in ch.qos.logback.core.rolling.RollingFileAppender[FILE] - File property is set to [/tmp/application.log]
15:33:22,468 |-INFO in ch.qos.logback.classic.joran.action.RootLoggerAction - Setting level of ROOT logger to WARN
15:33:22,468 |-INFO in ch.qos.logback.core.joran.action.AppenderRefAction - Attaching appender named [STDOUT] to Logger[ROOT]
15:33:22,469 |-INFO in ch.qos.logback.core.joran.action.AppenderRefAction - Attaching appender named [FILE] to Logger[ROOT]
15:33:22,469 |-INFO in ch.qos.logback.classic.joran.action.ConfigurationAction - End of configuration.
15:33:22,469 |-INFO in ch.qos.logback.classic.joran.JoranConfigurator@6cd8737 - Registering current configuration as safe fallback point

2019-06-09T15:33:23.432+0300: 1.367: [GC (Metadata GC Threshold) [PSYoungGen: 110722K->15929K(149504K)] 110722K->16009K(491008K), 0.0189340 secs] [Times: user=0.07 sys=0.01, real=0.02 secs] 
2019-06-09T15:33:23.451+0300: 1.386: [Full GC (Metadata GC Threshold) [PSYoungGen: 15929K->0K(149504K)] [ParOldGen: 80K->15078K(341504K)] 16009K->15078K(491008K), [Metaspace: 20802K->20802K(1067008K)], 0.0243416 secs] [Times: user=0.15 sys=0.01, real=0.02 secs] 
15:33:34.342 [Curator-PathChildrenCache-1] WARN  o.a.c.u.ZKPaths  - The version of ZooKeeper being used doesn't support Container nodes. CreateMode.PERSISTENT will be used instead.
2019-06-09T15:33:35.284+0300: 13.219: [GC (Allocation Failure) [PSYoungGen: 128512K->20987K(149504K)] 143590K->49870K(491008K), 0.0207194 secs] [Times: user=0.24 sys=0.04, real=0.02 secs] 
2019-06-09T15:33:35.569+0300: 13.504: [GC (Metadata GC Threshold) [PSYoungGen: 37283K->20971K(149504K)] 66165K->50014K(491008K), 0.0103111 secs] [Times: user=0.15 sys=0.00, real=0.02 secs] 
2019-06-09T15:33:35.579+0300: 13.514: [Full GC (Metadata GC Threshold) [PSYoungGen: 20971K->0K(149504K)] [ParOldGen: 29042K->38807K(341504K)] 50014K->38807K(491008K), [Metaspace: 34570K->34570K(1079296K)], 0.0399781 secs] [Times: user=0.17 sys=0.02, real=0.04 secs] 
2019-06-09T15:33:37.250+0300: 15.185: [GC (Allocation Failure) [PSYoungGen: 128512K->416K(149504K)] 167319K->39231K(491008K), 0.0041881 secs] [Times: user=0.01 sys=0.00, real=0.00 secs] 
2019-06-09T15:33:38.498+0300: 16.433: [GC (Allocation Failure) [PSYoungGen: 128928K->416K(129024K)] 167743K->39239K(470528K), 0.0027552 secs] [Times: user=0.01 sys=0.00, real=0.00 secs] 
2019-06-09T15:33:40.119+0300: 18.054: [GC (Allocation Failure) [PSYoungGen: 128928K->544K(130048K)] 167751K->39375K(471552K), 0.0040958 secs] [Times: user=0.03 sys=0.00, real=0.00 secs] 
2019-06-09T15:33:40.972+0300: 18.907: [GC (Allocation Failure) [PSYoungGen: 89120K->512K(129024K)] 127951K->39351K(470528K), 0.0035274 secs] [Times: user=0.02 sys=0.00, real=0.00 secs] 
2019-06-09T15:33:41.713+0300: 19.648: [GC (Allocation Failure) [PSYoungGen: 89088K->544K(132608K)] 127927K->39383K(474112K), 0.0030726 secs] [Times: user=0.01 sys=0.00, real=0.00 secs] 
2019-06-09T15:33:42.788+0300: 20.723: [GC (Allocation Failure) [PSYoungGen: 94240K->608K(131584K)] 133079K->39455K(473088K), 0.0027618 secs] [Times: user=0.01 sys=0.01, real=0.01 secs] 
2019-06-09T15:33:43.819+0300: 21.754: [GC (Allocation Failure) [PSYoungGen: 94304K->512K(135680K)] 133151K->39359K(477184K), 0.0037194 secs] [Times: user=0.02 sys=0.00, real=0.00 secs] 
2019-06-09T15:33:44.934+0300: 22.869: [GC (Allocation Failure) [PSYoungGen: 99840K->608K(134144K)] 138687K->39455K(475648K), 0.0039034 secs] [Times: user=0.03 sys=0.00, real=0.01 secs] 
15:33:54.612 [Curator-PathChildrenCache-0] ERROR o.a.c.f.r.c.PathChildrenCache  - 
java.lang.IllegalStateException: instance must be started before calling this method
	at org.apache.curator.shaded.com.google.common.base.Preconditions.checkState(Preconditions.java:444)
	at org.apache.curator.framework.imps.CuratorFrameworkImpl.getChildren(CuratorFrameworkImpl.java:456)
	at org.apache.curator.framework.recipes.cache.PathChildrenCache.refresh(PathChildrenCache.java:521)
	at org.apache.curator.framework.recipes.cache.RefreshOperation.invoke(RefreshOperation.java:35)
	at org.apache.curator.framework.recipes.cache.PathChildrenCache$9.run(PathChildrenCache.java:786)
	at java.util.concurrent.Executors$RunnableAdapter.call(Executors.java:511)
	at java.util.concurrent.FutureTask.run(FutureTask.java:266)
	at java.util.concurrent.Executors$RunnableAdapter.call(Executors.java:511)
	at java.util.concurrent.FutureTask.run(FutureTask.java:266)
	at java.util.concurrent.ThreadPoolExecutor.runWorker(ThreadPoolExecutor.java:1149)
	at java.util.concurrent.ThreadPoolExecutor$Worker.run(ThreadPoolExecutor.java:624)
	at java.lang.Thread.run(Thread.java:748)
Heap
 PSYoungGen      total 134144K, used 56734K [0x00000000f5980000, 0x0000000100000000, 0x0000000100000000)
  eden space 99328K, 56% used [0x00000000f5980000,0x00000000f904fbc0,0x00000000fba80000)
  from space 34816K, 1% used [0x00000000fba80000,0x00000000fbb18020,0x00000000fdc80000)
  to   space 33280K, 0% used [0x00000000fdf80000,0x00000000fdf80000,0x0000000100000000)
 ParOldGen       total 341504K, used 38847K [0x00000000e0c00000, 0x00000000f5980000, 0x00000000f5980000)
  object space 341504K, 11% used [0x00000000e0c00000,0x00000000e31eff08,0x00000000f5980000)
 Metaspace       used 35613K, capacity 36486K, committed 36696K, reserved 1081344K
  class space    used 4935K, capacity 5129K, committed 5248K, reserved 1048576K
