13:33:13,997 |-INFO in ch.qos.logback.classic.LoggerContext[default] - Could NOT find resource [logback-test.xml]
13:33:13,997 |-INFO in ch.qos.logback.classic.LoggerContext[default] - Could NOT find resource [logback.groovy]
13:33:13,998 |-INFO in ch.qos.logback.classic.LoggerContext[default] - Found resource [logback.xml] at [jar:file:/root/flamestream/lib/flamestream-runtime-1.0-SNAPSHOT.jar!/logback.xml]
13:33:13,998 |-WARN in ch.qos.logback.classic.LoggerContext[default] - Resource [logback.xml] occurs multiple times on the classpath.
13:33:13,999 |-WARN in ch.qos.logback.classic.LoggerContext[default] - Resource [logback.xml] occurs at [jar:file:/root/flamestream/lib/flamestream-runtime-1.0-SNAPSHOT.jar!/logback.xml]
13:33:13,999 |-WARN in ch.qos.logback.classic.LoggerContext[default] - Resource [logback.xml] occurs at [jar:file:/root/flamestream/flamestream-runtime-1.0-SNAPSHOT.jar!/logback.xml]
13:33:14,018 |-INFO in ch.qos.logback.core.joran.spi.ConfigurationWatchList@3fb6a447 - URL [jar:file:/root/flamestream/lib/flamestream-runtime-1.0-SNAPSHOT.jar!/logback.xml] is not of type file
13:33:14,094 |-INFO in ch.qos.logback.classic.joran.action.ConfigurationAction - debug attribute not set
13:33:14,094 |-INFO in ch.qos.logback.core.joran.action.AppenderAction - About to instantiate appender of type [ch.qos.logback.core.ConsoleAppender]
13:33:14,109 |-INFO in ch.qos.logback.core.joran.action.AppenderAction - Naming appender as [STDOUT]
13:33:14,127 |-INFO in ch.qos.logback.core.joran.action.NestedComplexPropertyIA - Assuming default type [ch.qos.logback.classic.encoder.PatternLayoutEncoder] for [encoder] property
13:33:14,212 |-INFO in ch.qos.logback.core.joran.action.AppenderAction - About to instantiate appender of type [ch.qos.logback.core.rolling.RollingFileAppender]
13:33:14,217 |-INFO in ch.qos.logback.core.joran.action.AppenderAction - Naming appender as [FILE]
13:33:14,247 |-INFO in c.q.l.core.rolling.TimeBasedRollingPolicy@127618319 - No compression will be used
13:33:14,248 |-INFO in c.q.l.core.rolling.TimeBasedRollingPolicy@127618319 - Will use the pattern /tmp/application_%d{yyyy-MM-dd}.%i.log for the active file
13:33:14,251 |-INFO in ch.qos.logback.core.rolling.SizeAndTimeBasedFNATP@6b2fad11 - The date pattern is 'yyyy-MM-dd' from file name pattern '/tmp/application_%d{yyyy-MM-dd}.%i.log'.
13:33:14,251 |-INFO in ch.qos.logback.core.rolling.SizeAndTimeBasedFNATP@6b2fad11 - Roll-over at midnight.
13:33:14,257 |-INFO in ch.qos.logback.core.rolling.SizeAndTimeBasedFNATP@6b2fad11 - Setting initial period to Mon Jun 10 13:31:53 UTC 2019
13:33:14,257 |-WARN in ch.qos.logback.core.rolling.SizeAndTimeBasedFNATP@6b2fad11 - SizeAndTimeBasedFNATP is deprecated. Use SizeAndTimeBasedRollingPolicy instead
13:33:14,257 |-WARN in ch.qos.logback.core.rolling.SizeAndTimeBasedFNATP@6b2fad11 - For more information see http://logback.qos.ch/manual/appenders.html#SizeAndTimeBasedRollingPolicy
13:33:14,261 |-INFO in ch.qos.logback.core.joran.action.NestedComplexPropertyIA - Assuming default type [ch.qos.logback.classic.encoder.PatternLayoutEncoder] for [encoder] property
13:33:14,265 |-INFO in ch.qos.logback.core.rolling.RollingFileAppender[FILE] - Active log file name: /tmp/application.log
13:33:14,265 |-INFO in ch.qos.logback.core.rolling.RollingFileAppender[FILE] - File property is set to [/tmp/application.log]
13:33:14,266 |-INFO in ch.qos.logback.classic.joran.action.RootLoggerAction - Setting level of ROOT logger to WARN
13:33:14,266 |-INFO in ch.qos.logback.core.joran.action.AppenderRefAction - Attaching appender named [STDOUT] to Logger[ROOT]
13:33:14,268 |-INFO in ch.qos.logback.core.joran.action.AppenderRefAction - Attaching appender named [FILE] to Logger[ROOT]
13:33:14,268 |-INFO in ch.qos.logback.classic.joran.action.ConfigurationAction - End of configuration.
13:33:14,269 |-INFO in ch.qos.logback.classic.joran.JoranConfigurator@79698539 - Registering current configuration as safe fallback point

Ama winner
Ama winner
2019-06-10T13:33:15.578+0000: 1.763: [Full GC (Metadata GC Threshold) 2019-06-10T13:33:15.578+0000: 1.763: [Tenured: 0K->15145K(341376K), 0.0399432 secs] 114987K->15145K(494976K), [Metaspace: 20740K->20740K(1067008K)], 0.0400093 secs] [Times: user=0.04 sys=0.00, real=0.04 secs] 
13:33:39.020 [Curator-PathChildrenCache-2] WARN  o.a.c.u.ZKPaths  - The version of ZooKeeper being used doesn't support Container nodes. CreateMode.PERSISTENT will be used instead.
2019-06-10T13:33:41.207+0000: 27.392: [GC (Allocation Failure) 2019-06-10T13:33:41.207+0000: 27.392: [DefNew: 136576K->17023K(153600K), 0.0261065 secs] 151721K->53022K(494976K), 0.0261859 secs] [Times: user=0.01 sys=0.01, real=0.02 secs] 
2019-06-10T13:33:41.645+0000: 27.831: [Full GC (Metadata GC Threshold) 2019-06-10T13:33:41.645+0000: 27.831: [Tenured: 35998K->44810K(341376K), 0.0352952 secs] 72693K->44810K(494976K), [Metaspace: 34628K->34628K(1079296K)], 0.0353843 secs] [Times: user=0.03 sys=0.00, real=0.04 secs] 
2019-06-10T13:33:46.097+0000: 32.282: [GC (Allocation Failure) 2019-06-10T13:33:46.097+0000: 32.283: [DefNew: 136576K->260K(153600K), 0.0024991 secs] 181386K->45071K(494976K), 0.0025617 secs] [Times: user=0.01 sys=0.00, real=0.00 secs] 
2019-06-10T13:33:50.190+0000: 36.376: [GC (Allocation Failure) 2019-06-10T13:33:50.190+0000: 36.376: [DefNew: 136836K->260K(153600K), 0.0021754 secs] 181647K->45070K(494976K), 0.0022470 secs] [Times: user=0.01 sys=0.00, real=0.00 secs] 
2019-06-10T13:33:54.165+0000: 40.350: [GC (Allocation Failure) 2019-06-10T13:33:54.165+0000: 40.350: [DefNew: 136836K->260K(153600K), 0.0022270 secs] 181646K->45070K(494976K), 0.0022864 secs] [Times: user=0.01 sys=0.00, real=0.01 secs] 
2019-06-10T13:33:58.158+0000: 44.343: [GC (Allocation Failure) 2019-06-10T13:33:58.158+0000: 44.343: [DefNew: 136836K->260K(153600K), 0.0020842 secs] 181646K->45071K(494976K), 0.0021431 secs] [Times: user=0.00 sys=0.00, real=0.00 secs] 
2019-06-10T13:34:02.167+0000: 48.352: [GC (Allocation Failure) 2019-06-10T13:34:02.167+0000: 48.352: [DefNew: 136836K->260K(153600K), 0.0022161 secs] 181647K->45070K(494976K), 0.0022748 secs] [Times: user=0.00 sys=0.00, real=0.00 secs] 
2019-06-10T13:34:06.243+0000: 52.428: [GC (Allocation Failure) 2019-06-10T13:34:06.243+0000: 52.428: [DefNew: 136836K->267K(153600K), 0.0022340 secs] 181646K->45077K(494976K), 0.0022963 secs] [Times: user=0.01 sys=0.00, real=0.00 secs] 
2019-06-10T13:34:11.719+0000: 57.904: [GC (Allocation Failure) 2019-06-10T13:34:11.719+0000: 57.904: [DefNew: 136843K->259K(153600K), 0.0022880 secs] 181653K->45070K(494976K), 0.0023468 secs] [Times: user=0.01 sys=0.00, real=0.00 secs] 
13:34:16.521 [Curator-PathChildrenCache-0] ERROR o.a.c.f.r.c.PathChildrenCache  - 
java.lang.IllegalStateException: instance must be started before calling this method
	at org.apache.curator.shaded.com.google.common.base.Preconditions.checkState(Preconditions.java:444)
	at org.apache.curator.framework.imps.CuratorFrameworkImpl.getChildren(CuratorFrameworkImpl.java:456)
	at org.apache.curator.framework.recipes.cache.PathChildrenCache.refresh(PathChildrenCache.java:521)
	at org.apache.curator.framework.recipes.cache.RefreshOperation.invoke(RefreshOperation.java:35)
	at org.apache.curator.framework.recipes.cache.PathChildrenCache$9.run(PathChildrenCache.java:786)
	at java.util.concurrent.Executors$RunnableAdapter.call(Executors.java:511)
	at java.util.concurrent.FutureTask.run(FutureTask.java:266)
	at java.util.concurrent.Executors$RunnableAdapter.call(Executors.java:511)
	at java.util.concurrent.FutureTask.run(FutureTask.java:266)
	at java.util.concurrent.ThreadPoolExecutor.runWorker(ThreadPoolExecutor.java:1149)
	at java.util.concurrent.ThreadPoolExecutor$Worker.run(ThreadPoolExecutor.java:624)
	at java.lang.Thread.run(Thread.java:748)
Heap
 def new generation   total 153600K, used 52449K [0x00000000e0c00000, 0x00000000eb2a0000, 0x00000000eb2a0000)
  eden space 136576K,  38% used [0x00000000e0c00000, 0x00000000e3ef7570, 0x00000000e9160000)
  from space 17024K,   1% used [0x00000000e9160000, 0x00000000e91a0f98, 0x00000000ea200000)
  to   space 17024K,   0% used [0x00000000ea200000, 0x00000000ea200000, 0x00000000eb2a0000)
 tenured generation   total 341376K, used 44810K [0x00000000eb2a0000, 0x0000000100000000, 0x0000000100000000)
   the space 341376K,  13% used [0x00000000eb2a0000, 0x00000000ede62988, 0x00000000ede62a00, 0x0000000100000000)
 Metaspace       used 36480K, capacity 37445K, committed 37760K, reserved 1081344K
  class space    used 4901K, capacity 5123K, committed 5248K, reserved 1048576K
