06:18:43,735 |-INFO in ch.qos.logback.classic.LoggerContext[default] - Could NOT find resource [logback-test.xml]
06:18:43,735 |-INFO in ch.qos.logback.classic.LoggerContext[default] - Could NOT find resource [logback.groovy]
06:18:43,735 |-INFO in ch.qos.logback.classic.LoggerContext[default] - Found resource [logback.xml] at [jar:file:/home/nikitasokolov/flamestream/lib/flamestream-runtime-1.0-SNAPSHOT.jar!/logback.xml]
06:18:43,736 |-WARN in ch.qos.logback.classic.LoggerContext[default] - Resource [logback.xml] occurs multiple times on the classpath.
06:18:43,736 |-WARN in ch.qos.logback.classic.LoggerContext[default] - Resource [logback.xml] occurs at [jar:file:/home/nikitasokolov/flamestream/lib/flamestream-runtime-1.0-SNAPSHOT.jar!/logback.xml]
06:18:43,736 |-WARN in ch.qos.logback.classic.LoggerContext[default] - Resource [logback.xml] occurs at [jar:file:/home/nikitasokolov/flamestream/flamestream-runtime-1.0-SNAPSHOT.jar!/logback.xml]
06:18:43,752 |-INFO in ch.qos.logback.core.joran.spi.ConfigurationWatchList@6108b2d7 - URL [jar:file:/home/nikitasokolov/flamestream/lib/flamestream-runtime-1.0-SNAPSHOT.jar!/logback.xml] is not of type file
06:18:43,804 |-INFO in ch.qos.logback.classic.joran.action.ConfigurationAction - debug attribute not set
06:18:43,805 |-INFO in ch.qos.logback.core.joran.action.AppenderAction - About to instantiate appender of type [ch.qos.logback.core.ConsoleAppender]
06:18:43,816 |-INFO in ch.qos.logback.core.joran.action.AppenderAction - Naming appender as [STDOUT]
06:18:43,825 |-INFO in ch.qos.logback.core.joran.action.NestedComplexPropertyIA - Assuming default type [ch.qos.logback.classic.encoder.PatternLayoutEncoder] for [encoder] property
06:18:43,881 |-INFO in ch.qos.logback.core.joran.action.AppenderAction - About to instantiate appender of type [ch.qos.logback.core.rolling.RollingFileAppender]
06:18:43,887 |-INFO in ch.qos.logback.core.joran.action.AppenderAction - Naming appender as [FILE]
06:18:43,910 |-INFO in c.q.l.core.rolling.TimeBasedRollingPolicy@357863579 - No compression will be used
06:18:43,911 |-INFO in c.q.l.core.rolling.TimeBasedRollingPolicy@357863579 - Will use the pattern /tmp/application_%d{yyyy-MM-dd}.%i.log for the active file
06:18:43,914 |-INFO in ch.qos.logback.core.rolling.SizeAndTimeBasedFNATP@6bf256fa - The date pattern is 'yyyy-MM-dd' from file name pattern '/tmp/application_%d{yyyy-MM-dd}.%i.log'.
06:18:43,914 |-INFO in ch.qos.logback.core.rolling.SizeAndTimeBasedFNATP@6bf256fa - Roll-over at midnight.
06:18:43,918 |-INFO in ch.qos.logback.core.rolling.SizeAndTimeBasedFNATP@6bf256fa - Setting initial period to Sun Jun 09 06:17:58 MSK 2019
06:18:43,918 |-WARN in ch.qos.logback.core.rolling.SizeAndTimeBasedFNATP@6bf256fa - SizeAndTimeBasedFNATP is deprecated. Use SizeAndTimeBasedRollingPolicy instead
06:18:43,918 |-WARN in ch.qos.logback.core.rolling.SizeAndTimeBasedFNATP@6bf256fa - For more information see http://logback.qos.ch/manual/appenders.html#SizeAndTimeBasedRollingPolicy
06:18:43,922 |-INFO in ch.qos.logback.core.joran.action.NestedComplexPropertyIA - Assuming default type [ch.qos.logback.classic.encoder.PatternLayoutEncoder] for [encoder] property
06:18:43,925 |-INFO in ch.qos.logback.core.rolling.RollingFileAppender[FILE] - Active log file name: /tmp/application.log
06:18:43,925 |-INFO in ch.qos.logback.core.rolling.RollingFileAppender[FILE] - File property is set to [/tmp/application.log]
06:18:43,927 |-INFO in ch.qos.logback.classic.joran.action.RootLoggerAction - Setting level of ROOT logger to WARN
06:18:43,927 |-INFO in ch.qos.logback.core.joran.action.AppenderRefAction - Attaching appender named [STDOUT] to Logger[ROOT]
06:18:43,927 |-INFO in ch.qos.logback.core.joran.action.AppenderRefAction - Attaching appender named [FILE] to Logger[ROOT]
06:18:43,927 |-INFO in ch.qos.logback.classic.joran.action.ConfigurationAction - End of configuration.
06:18:43,928 |-INFO in ch.qos.logback.classic.joran.JoranConfigurator@6cd8737 - Registering current configuration as safe fallback point

2019-06-09T06:18:44.934+0300: 1.400: [GC (Metadata GC Threshold) [PSYoungGen: 108151K->15738K(149504K)] 108151K->15818K(491008K), 0.0267181 secs] [Times: user=0.07 sys=0.07, real=0.03 secs] 
2019-06-09T06:18:44.960+0300: 1.427: [Full GC (Metadata GC Threshold) [PSYoungGen: 15738K->0K(149504K)] [ParOldGen: 80K->14981K(341504K)] 15818K->14981K(491008K), [Metaspace: 20801K->20801K(1067008K)], 0.0264413 secs] [Times: user=0.17 sys=0.00, real=0.02 secs] 
06:18:52.114 [Curator-PathChildrenCache-1] WARN  o.a.c.u.ZKPaths  - The version of ZooKeeper being used doesn't support Container nodes. CreateMode.PERSISTENT will be used instead.
2019-06-09T06:18:53.087+0300: 9.554: [GC (Metadata GC Threshold) [PSYoungGen: 125860K->15873K(149504K)] 140842K->50394K(491008K), 0.0275255 secs] [Times: user=0.23 sys=0.02, real=0.03 secs] 
2019-06-09T06:18:53.115+0300: 9.581: [Full GC (Metadata GC Threshold) [PSYoungGen: 15873K->0K(149504K)] [ParOldGen: 34521K->38952K(341504K)] 50394K->38952K(491008K), [Metaspace: 34568K->34568K(1079296K)], 0.0359799 secs] [Times: user=0.17 sys=0.03, real=0.04 secs] 
2019-06-09T06:18:57.875+0300: 14.342: [GC (Allocation Failure) [PSYoungGen: 128512K->448K(149504K)] 167464K->39408K(491008K), 0.0043295 secs] [Times: user=0.03 sys=0.00, real=0.01 secs] 
2019-06-09T06:19:03.462+0300: 19.929: [GC (Allocation Failure) [PSYoungGen: 128960K->416K(149504K)] 167920K->39384K(491008K), 0.0040017 secs] [Times: user=0.03 sys=0.00, real=0.00 secs] 
2019-06-09T06:19:09.108+0300: 25.575: [GC (Allocation Failure) [PSYoungGen: 128928K->448K(129024K)] 167896K->39424K(470528K), 0.0763976 secs] [Times: user=0.11 sys=0.01, real=0.08 secs] 
2019-06-09T06:19:14.800+0300: 31.267: [GC (Allocation Failure) [PSYoungGen: 128960K->384K(150016K)] 167936K->39368K(491520K), 0.0030823 secs] [Times: user=0.01 sys=0.00, real=0.00 secs] 
2019-06-09T06:19:20.505+0300: 36.971: [GC (Allocation Failure) [PSYoungGen: 128896K->448K(148992K)] 167880K->39440K(490496K), 0.0035519 secs] [Times: user=0.02 sys=0.00, real=0.00 secs] 
2019-06-09T06:19:26.251+0300: 42.717: [GC (Allocation Failure) [PSYoungGen: 128960K->448K(151552K)] 167952K->39448K(493056K), 0.0024719 secs] [Times: user=0.01 sys=0.00, real=0.00 secs] 
2019-06-09T06:19:32.084+0300: 48.551: [GC (Allocation Failure) [PSYoungGen: 132544K->448K(151040K)] 171544K->39456K(492544K), 0.0040696 secs] [Times: user=0.02 sys=0.01, real=0.00 secs] 
2019-06-09T06:19:37.928+0300: 54.394: [GC (Allocation Failure) [PSYoungGen: 132544K->416K(153088K)] 171552K->39432K(494592K), 0.0036652 secs] [Times: user=0.01 sys=0.01, real=0.01 secs] 
2019-06-09T06:19:43.923+0300: 60.390: [GC (Allocation Failure) [PSYoungGen: 135584K->352K(152576K)] 174600K->39368K(494080K), 0.0031983 secs] [Times: user=0.00 sys=0.01, real=0.00 secs] 
2019-06-09T06:19:51.105+0300: 67.572: [GC (Allocation Failure) [PSYoungGen: 135520K->727K(155136K)] 174536K->39751K(496640K), 0.0037308 secs] [Times: user=0.01 sys=0.01, real=0.00 secs] 
2019-06-09T06:19:58.937+0300: 75.404: [GC (Allocation Failure) [PSYoungGen: 139479K->448K(154112K)] 178503K->39472K(495616K), 0.0027392 secs] [Times: user=0.01 sys=0.00, real=0.01 secs] 
2019-06-09T06:20:06.800+0300: 83.267: [GC (Allocation Failure) [PSYoungGen: 139200K->640K(156672K)] 178224K->39672K(498176K), 0.0030598 secs] [Times: user=0.01 sys=0.00, real=0.00 secs] 
06:20:20.754 [Curator-PathChildrenCache-0] ERROR o.a.c.f.r.c.PathChildrenCache  - 
java.lang.IllegalStateException: instance must be started before calling this method
	at org.apache.curator.shaded.com.google.common.base.Preconditions.checkState(Preconditions.java:444)
	at org.apache.curator.framework.imps.CuratorFrameworkImpl.getChildren(CuratorFrameworkImpl.java:456)
	at org.apache.curator.framework.recipes.cache.PathChildrenCache.refresh(PathChildrenCache.java:521)
	at org.apache.curator.framework.recipes.cache.RefreshOperation.invoke(RefreshOperation.java:35)
	at org.apache.curator.framework.recipes.cache.PathChildrenCache$9.run(PathChildrenCache.java:786)
	at java.util.concurrent.Executors$RunnableAdapter.call(Executors.java:511)
	at java.util.concurrent.FutureTask.run(FutureTask.java:266)
	at java.util.concurrent.Executors$RunnableAdapter.call(Executors.java:511)
	at java.util.concurrent.FutureTask.run(FutureTask.java:266)
	at java.util.concurrent.ThreadPoolExecutor.runWorker(ThreadPoolExecutor.java:1149)
	at java.util.concurrent.ThreadPoolExecutor$Worker.run(ThreadPoolExecutor.java:624)
	at java.lang.Thread.run(Thread.java:748)
Heap
 PSYoungGen      total 156672K, used 124455K [0x00000000f5980000, 0x0000000100000000, 0x0000000100000000)
  eden space 141824K, 87% used [0x00000000f5980000,0x00000000fd269f70,0x00000000fe400000)
  from space 14848K, 4% used [0x00000000ff180000,0x00000000ff220040,0x0000000100000000)
  to   space 13824K, 0% used [0x00000000fe400000,0x00000000fe400000,0x00000000ff180000)
 ParOldGen       total 341504K, used 39032K [0x00000000e0c00000, 0x00000000f5980000, 0x00000000f5980000)
  object space 341504K, 11% used [0x00000000e0c00000,0x00000000e321e1b0,0x00000000f5980000)
 Metaspace       used 36202K, capacity 37022K, committed 37208K, reserved 1081344K
  class space    used 4977K, capacity 5161K, committed 5248K, reserved 1048576K
