19:53:37,620 |-INFO in ch.qos.logback.classic.LoggerContext[default] - Could NOT find resource [logback-test.xml]
19:53:37,620 |-INFO in ch.qos.logback.classic.LoggerContext[default] - Could NOT find resource [logback.groovy]
19:53:37,621 |-INFO in ch.qos.logback.classic.LoggerContext[default] - Found resource [logback.xml] at [jar:file:/root/flamestream/lib/flamestream-runtime-1.0-SNAPSHOT.jar!/logback.xml]
19:53:37,621 |-WARN in ch.qos.logback.classic.LoggerContext[default] - Resource [logback.xml] occurs multiple times on the classpath.
19:53:37,622 |-WARN in ch.qos.logback.classic.LoggerContext[default] - Resource [logback.xml] occurs at [jar:file:/root/flamestream/lib/flamestream-runtime-1.0-SNAPSHOT.jar!/logback.xml]
19:53:37,622 |-WARN in ch.qos.logback.classic.LoggerContext[default] - Resource [logback.xml] occurs at [jar:file:/root/flamestream/flamestream-runtime-1.0-SNAPSHOT.jar!/logback.xml]
19:53:37,643 |-INFO in ch.qos.logback.core.joran.spi.ConfigurationWatchList@3fb6a447 - URL [jar:file:/root/flamestream/lib/flamestream-runtime-1.0-SNAPSHOT.jar!/logback.xml] is not of type file
19:53:37,708 |-INFO in ch.qos.logback.classic.joran.action.ConfigurationAction - debug attribute not set
19:53:37,709 |-INFO in ch.qos.logback.core.joran.action.AppenderAction - About to instantiate appender of type [ch.qos.logback.core.ConsoleAppender]
19:53:37,724 |-INFO in ch.qos.logback.core.joran.action.AppenderAction - Naming appender as [STDOUT]
19:53:37,745 |-INFO in ch.qos.logback.core.joran.action.NestedComplexPropertyIA - Assuming default type [ch.qos.logback.classic.encoder.PatternLayoutEncoder] for [encoder] property
19:53:37,829 |-INFO in ch.qos.logback.core.joran.action.AppenderAction - About to instantiate appender of type [ch.qos.logback.core.rolling.RollingFileAppender]
19:53:37,834 |-INFO in ch.qos.logback.core.joran.action.AppenderAction - Naming appender as [FILE]
19:53:37,865 |-INFO in c.q.l.core.rolling.TimeBasedRollingPolicy@127618319 - No compression will be used
19:53:37,866 |-INFO in c.q.l.core.rolling.TimeBasedRollingPolicy@127618319 - Will use the pattern /tmp/application_%d{yyyy-MM-dd}.%i.log for the active file
19:53:37,869 |-INFO in ch.qos.logback.core.rolling.SizeAndTimeBasedFNATP@6b2fad11 - The date pattern is 'yyyy-MM-dd' from file name pattern '/tmp/application_%d{yyyy-MM-dd}.%i.log'.
19:53:37,869 |-INFO in ch.qos.logback.core.rolling.SizeAndTimeBasedFNATP@6b2fad11 - Roll-over at midnight.
19:53:37,874 |-INFO in ch.qos.logback.core.rolling.SizeAndTimeBasedFNATP@6b2fad11 - Setting initial period to Mon Jun 10 19:52:19 UTC 2019
19:53:37,875 |-WARN in ch.qos.logback.core.rolling.SizeAndTimeBasedFNATP@6b2fad11 - SizeAndTimeBasedFNATP is deprecated. Use SizeAndTimeBasedRollingPolicy instead
19:53:37,875 |-WARN in ch.qos.logback.core.rolling.SizeAndTimeBasedFNATP@6b2fad11 - For more information see http://logback.qos.ch/manual/appenders.html#SizeAndTimeBasedRollingPolicy
19:53:37,879 |-INFO in ch.qos.logback.core.joran.action.NestedComplexPropertyIA - Assuming default type [ch.qos.logback.classic.encoder.PatternLayoutEncoder] for [encoder] property
19:53:37,883 |-INFO in ch.qos.logback.core.rolling.RollingFileAppender[FILE] - Active log file name: /tmp/application.log
19:53:37,883 |-INFO in ch.qos.logback.core.rolling.RollingFileAppender[FILE] - File property is set to [/tmp/application.log]
19:53:37,884 |-INFO in ch.qos.logback.classic.joran.action.RootLoggerAction - Setting level of ROOT logger to WARN
19:53:37,884 |-INFO in ch.qos.logback.core.joran.action.AppenderRefAction - Attaching appender named [STDOUT] to Logger[ROOT]
19:53:37,885 |-INFO in ch.qos.logback.core.joran.action.AppenderRefAction - Attaching appender named [FILE] to Logger[ROOT]
19:53:37,885 |-INFO in ch.qos.logback.classic.joran.action.ConfigurationAction - End of configuration.
19:53:37,885 |-INFO in ch.qos.logback.classic.joran.JoranConfigurator@79698539 - Registering current configuration as safe fallback point

Ama winner
Ama winner
2019-06-10T19:53:39.228+0000: 1.797: [Full GC (Metadata GC Threshold) 2019-06-10T19:53:39.228+0000: 1.797: [Tenured: 0K->15207K(341376K), 0.0406764 secs] 114986K->15207K(494976K), [Metaspace: 20729K->20729K(1067008K)], 0.0407465 secs] [Times: user=0.03 sys=0.00, real=0.04 secs] 
19:53:56.068 [Curator-PathChildrenCache-1] WARN  o.a.c.u.ZKPaths  - The version of ZooKeeper being used doesn't support Container nodes. CreateMode.PERSISTENT will be used instead.
2019-06-10T19:53:58.261+0000: 20.830: [GC (Allocation Failure) 2019-06-10T19:53:58.261+0000: 20.830: [DefNew: 136576K->17023K(153600K), 0.0281874 secs] 151783K->52693K(494976K), 0.0282561 secs] [Times: user=0.02 sys=0.00, real=0.03 secs] 
2019-06-10T19:54:00.673+0000: 23.242: [Full GC (Metadata GC Threshold) 2019-06-10T19:54:00.673+0000: 23.242: [Tenured: 35669K->44369K(341376K), 0.0551218 secs] 97242K->44369K(494976K), [Metaspace: 34577K->34577K(1079296K)], 0.0551965 secs] [Times: user=0.04 sys=0.01, real=0.06 secs] 
2019-06-10T19:54:09.476+0000: 32.045: [GC (Allocation Failure) 2019-06-10T19:54:09.476+0000: 32.045: [DefNew: 136576K->93K(153600K), 0.0017745 secs] 180945K->44462K(494976K), 0.0018306 secs] [Times: user=0.00 sys=0.00, real=0.00 secs] 
2019-06-10T19:54:18.172+0000: 40.741: [GC (Allocation Failure) 2019-06-10T19:54:18.172+0000: 40.741: [DefNew: 136669K->95K(153600K), 0.0017151 secs] 181038K->44464K(494976K), 0.0017752 secs] [Times: user=0.00 sys=0.00, real=0.00 secs] 
2019-06-10T19:54:27.054+0000: 49.623: [GC (Allocation Failure) 2019-06-10T19:54:27.054+0000: 49.623: [DefNew: 136671K->93K(153600K), 0.0017945 secs] 181040K->44462K(494976K), 0.0018548 secs] [Times: user=0.00 sys=0.00, real=0.01 secs] 
2019-06-10T19:54:35.979+0000: 58.548: [GC (Allocation Failure) 2019-06-10T19:54:35.979+0000: 58.548: [DefNew: 136669K->96K(153600K), 0.0018098 secs] 181038K->44466K(494976K), 0.0018975 secs] [Times: user=0.00 sys=0.00, real=0.00 secs] 
2019-06-10T19:54:45.849+0000: 68.418: [GC (Allocation Failure) 2019-06-10T19:54:45.849+0000: 68.418: [DefNew: 136672K->421K(153600K), 0.0021947 secs] 181042K->44791K(494976K), 0.0022595 secs] [Times: user=0.00 sys=0.00, real=0.00 secs] 
2019-06-10T19:55:00.893+0000: 83.462: [GC (Allocation Failure) 2019-06-10T19:55:00.893+0000: 83.462: [DefNew: 136997K->174K(153600K), 0.0020160 secs] 181367K->44544K(494976K), 0.0020773 secs] [Times: user=0.00 sys=0.00, real=0.01 secs] 
19:55:14.526 [Curator-PathChildrenCache-0] ERROR o.a.c.f.r.c.PathChildrenCache  - 
java.lang.IllegalStateException: instance must be started before calling this method
	at org.apache.curator.shaded.com.google.common.base.Preconditions.checkState(Preconditions.java:444)
	at org.apache.curator.framework.imps.CuratorFrameworkImpl.getChildren(CuratorFrameworkImpl.java:456)
	at org.apache.curator.framework.recipes.cache.PathChildrenCache.refresh(PathChildrenCache.java:521)
	at org.apache.curator.framework.recipes.cache.RefreshOperation.invoke(RefreshOperation.java:35)
	at org.apache.curator.framework.recipes.cache.PathChildrenCache$9.run(PathChildrenCache.java:786)
	at java.util.concurrent.Executors$RunnableAdapter.call(Executors.java:511)
	at java.util.concurrent.FutureTask.run(FutureTask.java:266)
	at java.util.concurrent.Executors$RunnableAdapter.call(Executors.java:511)
	at java.util.concurrent.FutureTask.run(FutureTask.java:266)
	at java.util.concurrent.ThreadPoolExecutor.runWorker(ThreadPoolExecutor.java:1149)
	at java.util.concurrent.ThreadPoolExecutor$Worker.run(ThreadPoolExecutor.java:624)
	at java.lang.Thread.run(Thread.java:748)
Heap
 def new generation   total 153600K, used 48951K [0x00000000e0c00000, 0x00000000eb2a0000, 0x00000000eb2a0000)
  eden space 136576K,  35% used [0x00000000e0c00000, 0x00000000e3ba22a0, 0x00000000e9160000)
  from space 17024K,   1% used [0x00000000ea200000, 0x00000000ea22bbc8, 0x00000000eb2a0000)
  to   space 17024K,   0% used [0x00000000e9160000, 0x00000000e9160000, 0x00000000ea200000)
 tenured generation   total 341376K, used 44369K [0x00000000eb2a0000, 0x0000000100000000, 0x0000000100000000)
   the space 341376K,  12% used [0x00000000eb2a0000, 0x00000000eddf4580, 0x00000000eddf4600, 0x0000000100000000)
 Metaspace       used 36080K, capacity 36994K, committed 37120K, reserved 1081344K
  class space    used 4869K, capacity 5085K, committed 5120K, reserved 1048576K
