18:16:09,061 |-INFO in ch.qos.logback.classic.LoggerContext[default] - Could NOT find resource [logback-test.xml]
18:16:09,061 |-INFO in ch.qos.logback.classic.LoggerContext[default] - Could NOT find resource [logback.groovy]
18:16:09,062 |-INFO in ch.qos.logback.classic.LoggerContext[default] - Found resource [logback.xml] at [jar:file:/root/flamestream/lib/flamestream-runtime-1.0-SNAPSHOT.jar!/logback.xml]
18:16:09,062 |-WARN in ch.qos.logback.classic.LoggerContext[default] - Resource [logback.xml] occurs multiple times on the classpath.
18:16:09,062 |-WARN in ch.qos.logback.classic.LoggerContext[default] - Resource [logback.xml] occurs at [jar:file:/root/flamestream/lib/flamestream-runtime-1.0-SNAPSHOT.jar!/logback.xml]
18:16:09,062 |-WARN in ch.qos.logback.classic.LoggerContext[default] - Resource [logback.xml] occurs at [jar:file:/root/flamestream/flamestream-runtime-1.0-SNAPSHOT.jar!/logback.xml]
18:16:09,085 |-INFO in ch.qos.logback.core.joran.spi.ConfigurationWatchList@3fb6a447 - URL [jar:file:/root/flamestream/lib/flamestream-runtime-1.0-SNAPSHOT.jar!/logback.xml] is not of type file
18:16:09,149 |-INFO in ch.qos.logback.classic.joran.action.ConfigurationAction - debug attribute not set
18:16:09,150 |-INFO in ch.qos.logback.core.joran.action.AppenderAction - About to instantiate appender of type [ch.qos.logback.core.ConsoleAppender]
18:16:09,166 |-INFO in ch.qos.logback.core.joran.action.AppenderAction - Naming appender as [STDOUT]
18:16:09,186 |-INFO in ch.qos.logback.core.joran.action.NestedComplexPropertyIA - Assuming default type [ch.qos.logback.classic.encoder.PatternLayoutEncoder] for [encoder] property
18:16:09,266 |-INFO in ch.qos.logback.core.joran.action.AppenderAction - About to instantiate appender of type [ch.qos.logback.core.rolling.RollingFileAppender]
18:16:09,276 |-INFO in ch.qos.logback.core.joran.action.AppenderAction - Naming appender as [FILE]
18:16:09,306 |-INFO in c.q.l.core.rolling.TimeBasedRollingPolicy@127618319 - No compression will be used
18:16:09,307 |-INFO in c.q.l.core.rolling.TimeBasedRollingPolicy@127618319 - Will use the pattern /tmp/application_%d{yyyy-MM-dd}.%i.log for the active file
18:16:09,310 |-INFO in ch.qos.logback.core.rolling.SizeAndTimeBasedFNATP@6b2fad11 - The date pattern is 'yyyy-MM-dd' from file name pattern '/tmp/application_%d{yyyy-MM-dd}.%i.log'.
18:16:09,310 |-INFO in ch.qos.logback.core.rolling.SizeAndTimeBasedFNATP@6b2fad11 - Roll-over at midnight.
18:16:09,315 |-INFO in ch.qos.logback.core.rolling.SizeAndTimeBasedFNATP@6b2fad11 - Setting initial period to Mon Jun 10 18:14:49 UTC 2019
18:16:09,315 |-WARN in ch.qos.logback.core.rolling.SizeAndTimeBasedFNATP@6b2fad11 - SizeAndTimeBasedFNATP is deprecated. Use SizeAndTimeBasedRollingPolicy instead
18:16:09,315 |-WARN in ch.qos.logback.core.rolling.SizeAndTimeBasedFNATP@6b2fad11 - For more information see http://logback.qos.ch/manual/appenders.html#SizeAndTimeBasedRollingPolicy
18:16:09,319 |-INFO in ch.qos.logback.core.joran.action.NestedComplexPropertyIA - Assuming default type [ch.qos.logback.classic.encoder.PatternLayoutEncoder] for [encoder] property
18:16:09,324 |-INFO in ch.qos.logback.core.rolling.RollingFileAppender[FILE] - Active log file name: /tmp/application.log
18:16:09,324 |-INFO in ch.qos.logback.core.rolling.RollingFileAppender[FILE] - File property is set to [/tmp/application.log]
18:16:09,325 |-INFO in ch.qos.logback.classic.joran.action.RootLoggerAction - Setting level of ROOT logger to WARN
18:16:09,325 |-INFO in ch.qos.logback.core.joran.action.AppenderRefAction - Attaching appender named [STDOUT] to Logger[ROOT]
18:16:09,327 |-INFO in ch.qos.logback.core.joran.action.AppenderRefAction - Attaching appender named [FILE] to Logger[ROOT]
18:16:09,327 |-INFO in ch.qos.logback.classic.joran.action.ConfigurationAction - End of configuration.
18:16:09,328 |-INFO in ch.qos.logback.classic.joran.JoranConfigurator@79698539 - Registering current configuration as safe fallback point

Ama winner
Ama winner
2019-06-10T18:16:10.626+0000: 1.742: [Full GC (Metadata GC Threshold) 2019-06-10T18:16:10.626+0000: 1.742: [Tenured: 0K->15208K(341376K), 0.0350968 secs] 114923K->15208K(494976K), [Metaspace: 20738K->20738K(1067008K)], 0.0351783 secs] [Times: user=0.04 sys=0.00, real=0.04 secs] 
18:16:28.534 [Curator-PathChildrenCache-2] WARN  o.a.c.u.ZKPaths  - The version of ZooKeeper being used doesn't support Container nodes. CreateMode.PERSISTENT will be used instead.
2019-06-10T18:16:30.889+0000: 22.005: [GC (Allocation Failure) 2019-06-10T18:16:30.889+0000: 22.006: [DefNew: 122555K->17024K(153600K), 0.0200362 secs] 137763K->33327K(494976K), 0.0201042 secs] [Times: user=0.02 sys=0.00, real=0.02 secs] 
2019-06-10T18:16:31.260+0000: 22.377: [Full GC (Metadata GC Threshold) 2019-06-10T18:16:31.260+0000: 22.377: [Tenured: 16303K->44880K(341376K), 0.0449191 secs] 68062K->44880K(494976K), [Metaspace: 34572K->34572K(1079296K)], 0.0449978 secs] [Times: user=0.04 sys=0.00, real=0.04 secs] 
2019-06-10T18:16:35.166+0000: 26.283: [GC (Allocation Failure) 2019-06-10T18:16:35.166+0000: 26.283: [DefNew: 136576K->189K(153600K), 0.0023647 secs] 181456K->45070K(494976K), 0.0024237 secs] [Times: user=0.00 sys=0.00, real=0.00 secs] 
2019-06-10T18:16:38.897+0000: 30.014: [GC (Allocation Failure) 2019-06-10T18:16:38.897+0000: 30.014: [DefNew: 136765K->223K(153600K), 0.0019969 secs] 181646K->45104K(494976K), 0.0020596 secs] [Times: user=0.00 sys=0.00, real=0.01 secs] 
2019-06-10T18:16:42.698+0000: 33.815: [GC (Allocation Failure) 2019-06-10T18:16:42.698+0000: 33.815: [DefNew: 136799K->228K(153600K), 0.0020027 secs] 181680K->45109K(494976K), 0.0020576 secs] [Times: user=0.00 sys=0.00, real=0.01 secs] 
2019-06-10T18:16:46.499+0000: 37.615: [GC (Allocation Failure) 2019-06-10T18:16:46.499+0000: 37.615: [DefNew: 136804K->229K(153600K), 0.0019980 secs] 181685K->45110K(494976K), 0.0020645 secs] [Times: user=0.00 sys=0.00, real=0.00 secs] 
2019-06-10T18:16:50.291+0000: 41.407: [GC (Allocation Failure) 2019-06-10T18:16:50.291+0000: 41.407: [DefNew: 136805K->229K(153600K), 0.0020690 secs] 181686K->45110K(494976K), 0.0021286 secs] [Times: user=0.00 sys=0.00, real=0.01 secs] 
2019-06-10T18:16:54.082+0000: 45.199: [GC (Allocation Failure) 2019-06-10T18:16:54.082+0000: 45.199: [DefNew: 136805K->233K(153600K), 0.0021351 secs] 181686K->45114K(494976K), 0.0021950 secs] [Times: user=0.00 sys=0.00, real=0.00 secs] 
2019-06-10T18:16:57.840+0000: 48.956: [GC (Allocation Failure) 2019-06-10T18:16:57.840+0000: 48.956: [DefNew: 136809K->238K(153600K), 0.0020147 secs] 181690K->45119K(494976K), 0.0020786 secs] [Times: user=0.00 sys=0.00, real=0.00 secs] 
2019-06-10T18:17:01.611+0000: 52.727: [GC (Allocation Failure) 2019-06-10T18:17:01.611+0000: 52.727: [DefNew: 136814K->228K(153600K), 0.0020889 secs] 181695K->45108K(494976K), 0.0021510 secs] [Times: user=0.00 sys=0.00, real=0.00 secs] 
18:17:09.900 [Curator-PathChildrenCache-0] ERROR o.a.c.f.r.c.PathChildrenCache  - 
java.lang.IllegalStateException: instance must be started before calling this method
	at org.apache.curator.shaded.com.google.common.base.Preconditions.checkState(Preconditions.java:444)
	at org.apache.curator.framework.imps.CuratorFrameworkImpl.getChildren(CuratorFrameworkImpl.java:456)
	at org.apache.curator.framework.recipes.cache.PathChildrenCache.refresh(PathChildrenCache.java:521)
	at org.apache.curator.framework.recipes.cache.RefreshOperation.invoke(RefreshOperation.java:35)
	at org.apache.curator.framework.recipes.cache.PathChildrenCache$9.run(PathChildrenCache.java:786)
	at java.util.concurrent.Executors$RunnableAdapter.call(Executors.java:511)
	at java.util.concurrent.FutureTask.run(FutureTask.java:266)
	at java.util.concurrent.Executors$RunnableAdapter.call(Executors.java:511)
	at java.util.concurrent.FutureTask.run(FutureTask.java:266)
	at java.util.concurrent.ThreadPoolExecutor.runWorker(ThreadPoolExecutor.java:1149)
	at java.util.concurrent.ThreadPoolExecutor$Worker.run(ThreadPoolExecutor.java:624)
	at java.lang.Thread.run(Thread.java:748)
Heap
 def new generation   total 153600K, used 113279K [0x00000000e0c00000, 0x00000000eb2a0000, 0x00000000eb2a0000)
  eden space 136576K,  82% used [0x00000000e0c00000, 0x00000000e7a66df8, 0x00000000e9160000)
  from space 17024K,   1% used [0x00000000ea200000, 0x00000000ea239040, 0x00000000eb2a0000)
  to   space 17024K,   0% used [0x00000000e9160000, 0x00000000e9160000, 0x00000000ea200000)
 tenured generation   total 341376K, used 44880K [0x00000000eb2a0000, 0x0000000100000000, 0x0000000100000000)
   the space 341376K,  13% used [0x00000000eb2a0000, 0x00000000ede74360, 0x00000000ede74400, 0x0000000100000000)
 Metaspace       used 35950K, capacity 36872K, committed 37120K, reserved 1081344K
  class space    used 4858K, capacity 5060K, committed 5120K, reserved 1048576K
