17:35:11,065 |-INFO in ch.qos.logback.classic.LoggerContext[default] - Could NOT find resource [logback-test.xml]
17:35:11,065 |-INFO in ch.qos.logback.classic.LoggerContext[default] - Could NOT find resource [logback.groovy]
17:35:11,065 |-INFO in ch.qos.logback.classic.LoggerContext[default] - Found resource [logback.xml] at [jar:file:/root/flamestream/lib/flamestream-runtime-1.0-SNAPSHOT.jar!/logback.xml]
17:35:11,066 |-WARN in ch.qos.logback.classic.LoggerContext[default] - Resource [logback.xml] occurs multiple times on the classpath.
17:35:11,066 |-WARN in ch.qos.logback.classic.LoggerContext[default] - Resource [logback.xml] occurs at [jar:file:/root/flamestream/lib/flamestream-runtime-1.0-SNAPSHOT.jar!/logback.xml]
17:35:11,066 |-WARN in ch.qos.logback.classic.LoggerContext[default] - Resource [logback.xml] occurs at [jar:file:/root/flamestream/flamestream-runtime-1.0-SNAPSHOT.jar!/logback.xml]
17:35:11,090 |-INFO in ch.qos.logback.core.joran.spi.ConfigurationWatchList@3fb6a447 - URL [jar:file:/root/flamestream/lib/flamestream-runtime-1.0-SNAPSHOT.jar!/logback.xml] is not of type file
17:35:11,165 |-INFO in ch.qos.logback.classic.joran.action.ConfigurationAction - debug attribute not set
17:35:11,166 |-INFO in ch.qos.logback.core.joran.action.AppenderAction - About to instantiate appender of type [ch.qos.logback.core.ConsoleAppender]
17:35:11,182 |-INFO in ch.qos.logback.core.joran.action.AppenderAction - Naming appender as [STDOUT]
17:35:11,203 |-INFO in ch.qos.logback.core.joran.action.NestedComplexPropertyIA - Assuming default type [ch.qos.logback.classic.encoder.PatternLayoutEncoder] for [encoder] property
17:35:11,286 |-INFO in ch.qos.logback.core.joran.action.AppenderAction - About to instantiate appender of type [ch.qos.logback.core.rolling.RollingFileAppender]
17:35:11,292 |-INFO in ch.qos.logback.core.joran.action.AppenderAction - Naming appender as [FILE]
17:35:11,325 |-INFO in c.q.l.core.rolling.TimeBasedRollingPolicy@127618319 - No compression will be used
17:35:11,326 |-INFO in c.q.l.core.rolling.TimeBasedRollingPolicy@127618319 - Will use the pattern /tmp/application_%d{yyyy-MM-dd}.%i.log for the active file
17:35:11,329 |-INFO in ch.qos.logback.core.rolling.SizeAndTimeBasedFNATP@6b2fad11 - The date pattern is 'yyyy-MM-dd' from file name pattern '/tmp/application_%d{yyyy-MM-dd}.%i.log'.
17:35:11,329 |-INFO in ch.qos.logback.core.rolling.SizeAndTimeBasedFNATP@6b2fad11 - Roll-over at midnight.
17:35:11,335 |-INFO in ch.qos.logback.core.rolling.SizeAndTimeBasedFNATP@6b2fad11 - Setting initial period to Mon Jun 10 17:33:41 UTC 2019
17:35:11,335 |-WARN in ch.qos.logback.core.rolling.SizeAndTimeBasedFNATP@6b2fad11 - SizeAndTimeBasedFNATP is deprecated. Use SizeAndTimeBasedRollingPolicy instead
17:35:11,335 |-WARN in ch.qos.logback.core.rolling.SizeAndTimeBasedFNATP@6b2fad11 - For more information see http://logback.qos.ch/manual/appenders.html#SizeAndTimeBasedRollingPolicy
17:35:11,339 |-INFO in ch.qos.logback.core.joran.action.NestedComplexPropertyIA - Assuming default type [ch.qos.logback.classic.encoder.PatternLayoutEncoder] for [encoder] property
17:35:11,344 |-INFO in ch.qos.logback.core.rolling.RollingFileAppender[FILE] - Active log file name: /tmp/application.log
17:35:11,344 |-INFO in ch.qos.logback.core.rolling.RollingFileAppender[FILE] - File property is set to [/tmp/application.log]
17:35:11,345 |-INFO in ch.qos.logback.classic.joran.action.RootLoggerAction - Setting level of ROOT logger to WARN
17:35:11,345 |-INFO in ch.qos.logback.core.joran.action.AppenderRefAction - Attaching appender named [STDOUT] to Logger[ROOT]
17:35:11,347 |-INFO in ch.qos.logback.core.joran.action.AppenderRefAction - Attaching appender named [FILE] to Logger[ROOT]
17:35:11,347 |-INFO in ch.qos.logback.classic.joran.action.ConfigurationAction - End of configuration.
17:35:11,347 |-INFO in ch.qos.logback.classic.joran.JoranConfigurator@79698539 - Registering current configuration as safe fallback point

Ama winner
Ama winner
2019-06-10T17:35:12.703+0000: 1.826: [Full GC (Metadata GC Threshold) 2019-06-10T17:35:12.703+0000: 1.826: [Tenured: 0K->15176K(341376K), 0.0393989 secs] 114924K->15176K(494976K), [Metaspace: 20735K->20735K(1067008K)], 0.0394668 secs] [Times: user=0.03 sys=0.01, real=0.04 secs] 
2019-06-10T17:35:27.403+0000: 16.527: [GC (Allocation Failure) 2019-06-10T17:35:27.403+0000: 16.527: [DefNew: 136572K->17023K(153600K), 0.0292190 secs] 151749K->52653K(494976K), 0.0292977 secs] [Times: user=0.03 sys=0.01, real=0.03 secs] 
2019-06-10T17:35:30.459+0000: 19.582: [Full GC (Metadata GC Threshold) 2019-06-10T17:35:30.459+0000: 19.582: [Tenured: 35629K->44048K(341376K), 0.0471136 secs] 114843K->44048K(494976K), [Metaspace: 34594K->34594K(1079296K)], 0.0472014 secs] [Times: user=0.04 sys=0.00, real=0.05 secs] 
2019-06-10T17:35:37.584+0000: 26.708: [GC (Allocation Failure) 2019-06-10T17:35:37.584+0000: 26.708: [DefNew: 136576K->61K(153600K), 0.0017614 secs] 180624K->44109K(494976K), 0.0018193 secs] [Times: user=0.00 sys=0.00, real=0.00 secs] 
2019-06-10T17:35:44.652+0000: 33.775: [GC (Allocation Failure) 2019-06-10T17:35:44.652+0000: 33.775: [DefNew: 136637K->62K(153600K), 0.0016628 secs] 180685K->44110K(494976K), 0.0017174 secs] [Times: user=0.00 sys=0.00, real=0.00 secs] 
2019-06-10T17:35:51.828+0000: 40.951: [GC (Allocation Failure) 2019-06-10T17:35:51.828+0000: 40.951: [DefNew: 136638K->65K(153600K), 0.0017445 secs] 180686K->44114K(494976K), 0.0018039 secs] [Times: user=0.00 sys=0.00, real=0.00 secs] 
2019-06-10T17:35:59.033+0000: 48.156: [GC (Allocation Failure) 2019-06-10T17:35:59.033+0000: 48.156: [DefNew: 136641K->62K(153600K), 0.0016294 secs] 180690K->44111K(494976K), 0.0016900 secs] [Times: user=0.00 sys=0.00, real=0.00 secs] 
2019-06-10T17:36:06.247+0000: 55.370: [GC (Allocation Failure) 2019-06-10T17:36:06.247+0000: 55.370: [DefNew: 136638K->68K(153600K), 0.0017098 secs] 180687K->44116K(494976K), 0.0017901 secs] [Times: user=0.00 sys=0.00, real=0.00 secs] 
17:36:14.842 [Curator-PathChildrenCache-0] ERROR o.a.c.f.r.c.PathChildrenCache  - 
java.lang.IllegalStateException: instance must be started before calling this method
	at org.apache.curator.shaded.com.google.common.base.Preconditions.checkState(Preconditions.java:444)
	at org.apache.curator.framework.imps.CuratorFrameworkImpl.getChildren(CuratorFrameworkImpl.java:456)
	at org.apache.curator.framework.recipes.cache.PathChildrenCache.refresh(PathChildrenCache.java:521)
	at org.apache.curator.framework.recipes.cache.RefreshOperation.invoke(RefreshOperation.java:35)
	at org.apache.curator.framework.recipes.cache.PathChildrenCache$9.run(PathChildrenCache.java:786)
	at java.util.concurrent.Executors$RunnableAdapter.call(Executors.java:511)
	at java.util.concurrent.FutureTask.run(FutureTask.java:266)
	at java.util.concurrent.Executors$RunnableAdapter.call(Executors.java:511)
	at java.util.concurrent.FutureTask.run(FutureTask.java:266)
	at java.util.concurrent.ThreadPoolExecutor.runWorker(ThreadPoolExecutor.java:1149)
	at java.util.concurrent.ThreadPoolExecutor$Worker.run(ThreadPoolExecutor.java:624)
	at java.lang.Thread.run(Thread.java:748)
Heap
 def new generation   total 153600K, used 76044K [0x00000000e0c00000, 0x00000000eb2a0000, 0x00000000eb2a0000)
  eden space 136576K,  55% used [0x00000000e0c00000, 0x00000000e5632080, 0x00000000e9160000)
  from space 17024K,   0% used [0x00000000e9160000, 0x00000000e9171048, 0x00000000ea200000)
  to   space 17024K,   0% used [0x00000000ea200000, 0x00000000ea200000, 0x00000000eb2a0000)
 tenured generation   total 341376K, used 44048K [0x00000000eb2a0000, 0x0000000100000000, 0x0000000100000000)
   the space 341376K,  12% used [0x00000000eb2a0000, 0x00000000edda42d8, 0x00000000edda4400, 0x0000000100000000)
 Metaspace       used 36062K, capacity 36986K, committed 37120K, reserved 1081344K
  class space    used 4860K, capacity 5073K, committed 5120K, reserved 1048576K
