13:51:22,060 |-INFO in ch.qos.logback.classic.LoggerContext[default] - Could NOT find resource [logback-test.xml]
13:51:22,060 |-INFO in ch.qos.logback.classic.LoggerContext[default] - Could NOT find resource [logback.groovy]
13:51:22,060 |-INFO in ch.qos.logback.classic.LoggerContext[default] - Found resource [logback.xml] at [jar:file:/home/nikitasokolov/flamestream/lib/flamestream-runtime-1.0-SNAPSHOT.jar!/logback.xml]
13:51:22,061 |-WARN in ch.qos.logback.classic.LoggerContext[default] - Resource [logback.xml] occurs multiple times on the classpath.
13:51:22,061 |-WARN in ch.qos.logback.classic.LoggerContext[default] - Resource [logback.xml] occurs at [jar:file:/home/nikitasokolov/flamestream/lib/flamestream-runtime-1.0-SNAPSHOT.jar!/logback.xml]
13:51:22,061 |-WARN in ch.qos.logback.classic.LoggerContext[default] - Resource [logback.xml] occurs at [jar:file:/home/nikitasokolov/flamestream/flamestream-runtime-1.0-SNAPSHOT.jar!/logback.xml]
13:51:22,078 |-INFO in ch.qos.logback.core.joran.spi.ConfigurationWatchList@2f7a2457 - URL [jar:file:/home/nikitasokolov/flamestream/lib/flamestream-runtime-1.0-SNAPSHOT.jar!/logback.xml] is not of type file
13:51:22,130 |-INFO in ch.qos.logback.classic.joran.action.ConfigurationAction - debug attribute not set
13:51:22,131 |-INFO in ch.qos.logback.core.joran.action.AppenderAction - About to instantiate appender of type [ch.qos.logback.core.ConsoleAppender]
13:51:22,139 |-INFO in ch.qos.logback.core.joran.action.AppenderAction - Naming appender as [STDOUT]
13:51:22,147 |-INFO in ch.qos.logback.core.joran.action.NestedComplexPropertyIA - Assuming default type [ch.qos.logback.classic.encoder.PatternLayoutEncoder] for [encoder] property
13:51:22,207 |-INFO in ch.qos.logback.core.joran.action.AppenderAction - About to instantiate appender of type [ch.qos.logback.core.rolling.RollingFileAppender]
13:51:22,214 |-INFO in ch.qos.logback.core.joran.action.AppenderAction - Naming appender as [FILE]
13:51:22,246 |-INFO in c.q.l.core.rolling.TimeBasedRollingPolicy@1449621165 - No compression will be used
13:51:22,248 |-INFO in c.q.l.core.rolling.TimeBasedRollingPolicy@1449621165 - Will use the pattern /tmp/application_%d{yyyy-MM-dd}.%i.log for the active file
13:51:22,253 |-INFO in ch.qos.logback.core.rolling.SizeAndTimeBasedFNATP@6108b2d7 - The date pattern is 'yyyy-MM-dd' from file name pattern '/tmp/application_%d{yyyy-MM-dd}.%i.log'.
13:51:22,253 |-INFO in ch.qos.logback.core.rolling.SizeAndTimeBasedFNATP@6108b2d7 - Roll-over at midnight.
13:51:22,259 |-INFO in ch.qos.logback.core.rolling.SizeAndTimeBasedFNATP@6108b2d7 - Setting initial period to Thu May 30 13:50:24 MSK 2019
13:51:22,259 |-WARN in ch.qos.logback.core.rolling.SizeAndTimeBasedFNATP@6108b2d7 - SizeAndTimeBasedFNATP is deprecated. Use SizeAndTimeBasedRollingPolicy instead
13:51:22,259 |-WARN in ch.qos.logback.core.rolling.SizeAndTimeBasedFNATP@6108b2d7 - For more information see http://logback.qos.ch/manual/appenders.html#SizeAndTimeBasedRollingPolicy
13:51:22,265 |-INFO in ch.qos.logback.core.joran.action.NestedComplexPropertyIA - Assuming default type [ch.qos.logback.classic.encoder.PatternLayoutEncoder] for [encoder] property
13:51:22,268 |-INFO in ch.qos.logback.core.rolling.RollingFileAppender[FILE] - Active log file name: /tmp/application.log
13:51:22,268 |-INFO in ch.qos.logback.core.rolling.RollingFileAppender[FILE] - File property is set to [/tmp/application.log]
13:51:22,270 |-INFO in ch.qos.logback.classic.joran.action.RootLoggerAction - Setting level of ROOT logger to WARN
13:51:22,270 |-INFO in ch.qos.logback.core.joran.action.AppenderRefAction - Attaching appender named [STDOUT] to Logger[ROOT]
13:51:22,271 |-INFO in ch.qos.logback.core.joran.action.AppenderRefAction - Attaching appender named [FILE] to Logger[ROOT]
13:51:22,271 |-INFO in ch.qos.logback.classic.joran.action.ConfigurationAction - End of configuration.
13:51:22,272 |-INFO in ch.qos.logback.classic.joran.JoranConfigurator@1554909b - Registering current configuration as safe fallback point

2019-05-30T13:51:23.293+0300: 1.431: [GC (Metadata GC Threshold) [PSYoungGen: 108082K->15740K(149504K)] 108082K->15820K(491008K), 0.0195133 secs] [Times: user=0.09 sys=0.01, real=0.02 secs] 
2019-05-30T13:51:23.313+0300: 1.450: [Full GC (Metadata GC Threshold) [PSYoungGen: 15740K->0K(149504K)] [ParOldGen: 80K->14984K(341504K)] 15820K->14984K(491008K), [Metaspace: 20804K->20804K(1067008K)], 0.0241985 secs] [Times: user=0.15 sys=0.02, real=0.02 secs] 
13:51:35.744 [Curator-PathChildrenCache-1] WARN  o.a.c.u.ZKPaths  - The version of ZooKeeper being used doesn't support Container nodes. CreateMode.PERSISTENT will be used instead.
2019-05-30T13:51:36.347+0300: 14.484: [GC (Allocation Failure) [PSYoungGen: 128512K->15908K(149504K)] 143496K->50432K(491008K), 0.0289179 secs] [Times: user=0.22 sys=0.03, real=0.03 secs] 
2019-05-30T13:51:37.050+0300: 15.188: [GC (Metadata GC Threshold) [PSYoungGen: 32623K->6016K(149504K)] 67147K->40549K(491008K), 0.0049884 secs] [Times: user=0.03 sys=0.00, real=0.00 secs] 
2019-05-30T13:51:37.055+0300: 15.193: [Full GC (Metadata GC Threshold) [PSYoungGen: 6016K->0K(149504K)] [ParOldGen: 34532K->29519K(341504K)] 40549K->29519K(491008K), [Metaspace: 34547K->34547K(1079296K)], 0.0511258 secs] [Times: user=0.30 sys=0.01, real=0.05 secs] 
2019-05-30T13:51:52.050+0300: 30.188: [GC (Allocation Failure) [PSYoungGen: 128512K->608K(149504K)] 158031K->30135K(491008K), 0.0042287 secs] [Times: user=0.03 sys=0.01, real=0.00 secs] 
2019-05-30T13:52:07.502+0300: 45.640: [GC (Allocation Failure) [PSYoungGen: 129120K->640K(129536K)] 158647K->30175K(471040K), 0.0025690 secs] [Times: user=0.02 sys=0.01, real=0.00 secs] 
2019-05-30T13:52:24.785+0300: 62.923: [GC (Allocation Failure) [PSYoungGen: 129152K->1099K(149504K)] 158687K->30642K(491008K), 0.0044143 secs] [Times: user=0.02 sys=0.00, real=0.01 secs] 
2019-05-30T13:52:47.879+0300: 86.016: [GC (Allocation Failure) [PSYoungGen: 129099K->820K(148992K)] 158642K->30363K(490496K), 0.0032122 secs] [Times: user=0.01 sys=0.00, real=0.00 secs] 
2019-05-30T13:53:07.939+0300: 106.076: [GC (Allocation Failure) [PSYoungGen: 128820K->788K(150528K)] 158363K->30339K(492032K), 0.0037649 secs] [Times: user=0.03 sys=0.00, real=0.00 secs] 
2019-05-30T13:53:27.313+0300: 125.451: [GC (Allocation Failure) [PSYoungGen: 130836K->788K(150016K)] 160387K->30347K(491520K), 0.0031168 secs] [Times: user=0.01 sys=0.00, real=0.00 secs] 
2019-05-30T13:53:49.083+0300: 147.220: [GC (Allocation Failure) [PSYoungGen: 130836K->788K(152064K)] 160395K->30355K(493568K), 0.0019989 secs] [Times: user=0.00 sys=0.00, real=0.00 secs] 
2019-05-30T13:54:10.924+0300: 169.061: [GC (Allocation Failure) [PSYoungGen: 133908K->820K(151552K)] 163475K->30395K(493056K), 0.0043252 secs] [Times: user=0.03 sys=0.00, real=0.00 secs] 
2019-05-30T13:54:36.746+0300: 194.883: [GC (Allocation Failure) [PSYoungGen: 133940K->884K(153600K)] 163515K->30467K(495104K), 0.0024189 secs] [Times: user=0.01 sys=0.01, real=0.00 secs] 
2019-05-30T13:54:57.774+0300: 215.912: [GC (Allocation Failure) [PSYoungGen: 137076K->820K(153088K)] 166659K->30411K(494592K), 0.0043339 secs] [Times: user=0.02 sys=0.01, real=0.01 secs] 
2019-05-30T13:55:22.494+0300: 240.631: [GC (Allocation Failure) [PSYoungGen: 137012K->820K(155136K)] 166603K->30419K(496640K), 0.0046636 secs] [Times: user=0.01 sys=0.01, real=0.01 secs] 
2019-05-30T13:55:44.022+0300: 262.159: [GC (Allocation Failure) [PSYoungGen: 140084K->724K(154624K)] 169683K->30331K(496128K), 0.0026220 secs] [Times: user=0.00 sys=0.00, real=0.00 secs] 
2019-05-30T13:56:11.920+0300: 290.057: [GC (Allocation Failure) [PSYoungGen: 139988K->756K(156672K)] 169595K->30363K(498176K), 0.0028934 secs] [Times: user=0.01 sys=0.00, real=0.00 secs] 
2019-05-30T13:56:31.006+0300: 309.143: [GC (Allocation Failure) [PSYoungGen: 143092K->756K(156160K)] 172699K->30363K(497664K), 0.0023175 secs] [Times: user=0.00 sys=0.00, real=0.00 secs] 
2019-05-30T13:56:56.924+0300: 335.062: [GC (Allocation Failure) [PSYoungGen: 143092K->724K(158208K)] 172699K->30331K(499712K), 0.0032809 secs] [Times: user=0.02 sys=0.00, real=0.00 secs] 
2019-05-30T13:57:23.426+0300: 361.563: [GC (Allocation Failure) [PSYoungGen: 146132K->468K(157696K)] 175739K->30483K(499200K), 0.0032971 secs] [Times: user=0.01 sys=0.00, real=0.00 secs] 
2019-05-30T13:57:48.621+0300: 386.759: [GC (Allocation Failure) [PSYoungGen: 145876K->392K(159744K)] 175891K->30447K(501248K), 0.0028940 secs] [Times: user=0.01 sys=0.01, real=0.00 secs] 
2019-05-30T13:58:14.178+0300: 412.315: [GC (Allocation Failure) [PSYoungGen: 148360K->224K(158720K)] 178415K->30463K(500224K), 0.0023059 secs] [Times: user=0.01 sys=0.01, real=0.00 secs] 
2019-05-30T13:58:32.305+0300: 430.443: [GC (Allocation Failure) [PSYoungGen: 148192K->224K(160768K)] 178431K->30495K(502272K), 0.0028961 secs] [Times: user=0.01 sys=0.00, real=0.00 secs] 
2019-05-30T13:58:57.100+0300: 455.237: [GC (Allocation Failure) [PSYoungGen: 150752K->224K(160256K)] 181023K->30495K(501760K), 0.0021602 secs] [Times: user=0.01 sys=0.00, real=0.00 secs] 
2019-05-30T13:59:24.117+0300: 482.255: [GC (Allocation Failure) [PSYoungGen: 150752K->192K(161792K)] 181023K->30535K(503296K), 0.0031135 secs] [Times: user=0.01 sys=0.00, real=0.01 secs] 
2019-05-30T13:59:48.909+0300: 507.046: [GC (Allocation Failure) [PSYoungGen: 152768K->192K(161280K)] 183111K->30559K(502784K), 0.0019902 secs] [Times: user=0.01 sys=0.00, real=0.01 secs] 
2019-05-30T14:00:14.031+0300: 532.169: [GC (Allocation Failure) [PSYoungGen: 152768K->224K(162816K)] 183135K->30631K(504320K), 0.0024939 secs] [Times: user=0.01 sys=0.00, real=0.00 secs] 
2019-05-30T14:00:36.556+0300: 554.693: [GC (Allocation Failure) [PSYoungGen: 154848K->352K(162304K)] 185255K->30791K(503808K), 0.0039316 secs] [Times: user=0.03 sys=0.00, real=0.01 secs] 
2019-05-30T14:01:02.655+0300: 580.792: [GC (Allocation Failure) [PSYoungGen: 154976K->288K(163840K)] 185415K->30783K(505344K), 0.0024552 secs] [Times: user=0.02 sys=0.00, real=0.00 secs] 
2019-05-30T14:01:30.124+0300: 608.261: [GC (Allocation Failure) [PSYoungGen: 156960K->320K(163328K)] 187455K->30831K(504832K), 0.0020472 secs] [Times: user=0.01 sys=0.00, real=0.00 secs] 
2019-05-30T14:01:58.163+0300: 636.300: [GC (Allocation Failure) [PSYoungGen: 156992K->288K(164352K)] 187503K->30823K(505856K), 0.0019493 secs] [Times: user=0.01 sys=0.00, real=0.00 secs] 
2019-05-30T14:02:26.543+0300: 664.681: [GC (Allocation Failure) [PSYoungGen: 158496K->320K(164352K)] 189031K->30871K(505856K), 0.0099387 secs] [Times: user=0.11 sys=0.00, real=0.01 secs] 
2019-05-30T14:02:59.993+0300: 698.131: [GC (Allocation Failure) [PSYoungGen: 158528K->256K(165376K)] 189079K->30839K(506880K), 0.0025411 secs] [Times: user=0.01 sys=0.01, real=0.00 secs] 
2019-05-30T14:03:27.305+0300: 725.442: [GC (Allocation Failure) [PSYoungGen: 160000K->320K(164864K)] 190583K->30911K(506368K), 0.0024019 secs] [Times: user=0.01 sys=0.00, real=0.00 secs] 
2019-05-30T14:03:55.419+0300: 753.556: [GC (Allocation Failure) [PSYoungGen: 160064K->352K(165888K)] 190655K->30975K(507392K), 0.0030859 secs] [Times: user=0.01 sys=0.00, real=0.00 secs] 
2019-05-30T14:04:20.364+0300: 778.501: [GC (Allocation Failure) [PSYoungGen: 161632K->352K(165888K)] 192255K->30999K(507392K), 0.0027875 secs] [Times: user=0.01 sys=0.00, real=0.00 secs] 
2019-05-30T14:04:48.587+0300: 806.725: [GC (Allocation Failure) [PSYoungGen: 161632K->384K(166400K)] 192279K->31031K(507904K), 0.0040663 secs] [Times: user=0.03 sys=0.00, real=0.01 secs] 
2019-05-30T14:05:12.614+0300: 830.751: [GC (Allocation Failure) [PSYoungGen: 162688K->288K(166400K)] 193335K->30943K(507904K), 0.0020611 secs] [Times: user=0.00 sys=0.00, real=0.00 secs] 
14:05:26.726 [Curator-PathChildrenCache-0] ERROR o.a.c.f.r.c.PathChildrenCache  - 
java.lang.IllegalStateException: instance must be started before calling this method
	at org.apache.curator.shaded.com.google.common.base.Preconditions.checkState(Preconditions.java:444)
	at org.apache.curator.framework.imps.CuratorFrameworkImpl.getChildren(CuratorFrameworkImpl.java:456)
	at org.apache.curator.framework.recipes.cache.PathChildrenCache.refresh(PathChildrenCache.java:521)
	at org.apache.curator.framework.recipes.cache.RefreshOperation.invoke(RefreshOperation.java:35)
	at org.apache.curator.framework.recipes.cache.PathChildrenCache$9.run(PathChildrenCache.java:786)
	at java.util.concurrent.Executors$RunnableAdapter.call(Executors.java:511)
	at java.util.concurrent.FutureTask.run(FutureTask.java:266)
	at java.util.concurrent.Executors$RunnableAdapter.call(Executors.java:511)
	at java.util.concurrent.FutureTask.run(FutureTask.java:266)
	at java.util.concurrent.ThreadPoolExecutor.runWorker(ThreadPoolExecutor.java:1149)
	at java.util.concurrent.ThreadPoolExecutor$Worker.run(ThreadPoolExecutor.java:624)
	at java.lang.Thread.run(Thread.java:748)
Heap
 PSYoungGen      total 166400K, used 60517K [0x00000000f5980000, 0x0000000100000000, 0x0000000100000000)
  eden space 162304K, 37% used [0x00000000f5980000,0x00000000f9451788,0x00000000ff800000)
  from space 4096K, 7% used [0x00000000ff800000,0x00000000ff848030,0x00000000ffc00000)
  to   space 3584K, 0% used [0x00000000ffc80000,0x00000000ffc80000,0x0000000100000000)
 ParOldGen       total 341504K, used 30655K [0x00000000e0c00000, 0x00000000f5980000, 0x00000000f5980000)
  object space 341504K, 8% used [0x00000000e0c00000,0x00000000e29eff30,0x00000000f5980000)
 Metaspace       used 36640K, capacity 37524K, committed 37720K, reserved 1081344K
  class space    used 4988K, capacity 5168K, committed 5248K, reserved 1048576K
