15:55:42,334 |-INFO in ch.qos.logback.classic.LoggerContext[default] - Could NOT find resource [logback-test.xml]
15:55:42,334 |-INFO in ch.qos.logback.classic.LoggerContext[default] - Could NOT find resource [logback.groovy]
15:55:42,334 |-INFO in ch.qos.logback.classic.LoggerContext[default] - Found resource [logback.xml] at [jar:file:/root/flamestream/lib/flamestream-runtime-1.0-SNAPSHOT.jar!/logback.xml]
15:55:42,334 |-WARN in ch.qos.logback.classic.LoggerContext[default] - Resource [logback.xml] occurs multiple times on the classpath.
15:55:42,334 |-WARN in ch.qos.logback.classic.LoggerContext[default] - Resource [logback.xml] occurs at [jar:file:/root/flamestream/lib/flamestream-runtime-1.0-SNAPSHOT.jar!/logback.xml]
15:55:42,334 |-WARN in ch.qos.logback.classic.LoggerContext[default] - Resource [logback.xml] occurs at [jar:file:/root/flamestream/flamestream-runtime-1.0-SNAPSHOT.jar!/logback.xml]
15:55:42,357 |-INFO in ch.qos.logback.core.joran.spi.ConfigurationWatchList@3fb6a447 - URL [jar:file:/root/flamestream/lib/flamestream-runtime-1.0-SNAPSHOT.jar!/logback.xml] is not of type file
15:55:42,425 |-INFO in ch.qos.logback.classic.joran.action.ConfigurationAction - debug attribute not set
15:55:42,426 |-INFO in ch.qos.logback.core.joran.action.AppenderAction - About to instantiate appender of type [ch.qos.logback.core.ConsoleAppender]
15:55:42,440 |-INFO in ch.qos.logback.core.joran.action.AppenderAction - Naming appender as [STDOUT]
15:55:42,457 |-INFO in ch.qos.logback.core.joran.action.NestedComplexPropertyIA - Assuming default type [ch.qos.logback.classic.encoder.PatternLayoutEncoder] for [encoder] property
15:55:42,553 |-INFO in ch.qos.logback.core.joran.action.AppenderAction - About to instantiate appender of type [ch.qos.logback.core.rolling.RollingFileAppender]
15:55:42,558 |-INFO in ch.qos.logback.core.joran.action.AppenderAction - Naming appender as [FILE]
15:55:42,595 |-INFO in c.q.l.core.rolling.TimeBasedRollingPolicy@127618319 - No compression will be used
15:55:42,596 |-INFO in c.q.l.core.rolling.TimeBasedRollingPolicy@127618319 - Will use the pattern /tmp/application_%d{yyyy-MM-dd}.%i.log for the active file
15:55:42,599 |-INFO in ch.qos.logback.core.rolling.SizeAndTimeBasedFNATP@6b2fad11 - The date pattern is 'yyyy-MM-dd' from file name pattern '/tmp/application_%d{yyyy-MM-dd}.%i.log'.
15:55:42,599 |-INFO in ch.qos.logback.core.rolling.SizeAndTimeBasedFNATP@6b2fad11 - Roll-over at midnight.
15:55:42,604 |-INFO in ch.qos.logback.core.rolling.SizeAndTimeBasedFNATP@6b2fad11 - Setting initial period to Mon Jun 10 15:54:24 UTC 2019
15:55:42,604 |-WARN in ch.qos.logback.core.rolling.SizeAndTimeBasedFNATP@6b2fad11 - SizeAndTimeBasedFNATP is deprecated. Use SizeAndTimeBasedRollingPolicy instead
15:55:42,604 |-WARN in ch.qos.logback.core.rolling.SizeAndTimeBasedFNATP@6b2fad11 - For more information see http://logback.qos.ch/manual/appenders.html#SizeAndTimeBasedRollingPolicy
15:55:42,608 |-INFO in ch.qos.logback.core.joran.action.NestedComplexPropertyIA - Assuming default type [ch.qos.logback.classic.encoder.PatternLayoutEncoder] for [encoder] property
15:55:42,612 |-INFO in ch.qos.logback.core.rolling.RollingFileAppender[FILE] - Active log file name: /tmp/application.log
15:55:42,612 |-INFO in ch.qos.logback.core.rolling.RollingFileAppender[FILE] - File property is set to [/tmp/application.log]
15:55:42,613 |-INFO in ch.qos.logback.classic.joran.action.RootLoggerAction - Setting level of ROOT logger to WARN
15:55:42,613 |-INFO in ch.qos.logback.core.joran.action.AppenderRefAction - Attaching appender named [STDOUT] to Logger[ROOT]
15:55:42,615 |-INFO in ch.qos.logback.core.joran.action.AppenderRefAction - Attaching appender named [FILE] to Logger[ROOT]
15:55:42,615 |-INFO in ch.qos.logback.classic.joran.action.ConfigurationAction - End of configuration.
15:55:42,616 |-INFO in ch.qos.logback.classic.joran.JoranConfigurator@79698539 - Registering current configuration as safe fallback point

Ama winner
Ama winner
2019-06-10T15:55:43.878+0000: 1.729: [Full GC (Metadata GC Threshold) 2019-06-10T15:55:43.878+0000: 1.729: [Tenured: 0K->15176K(341376K), 0.0373005 secs] 114987K->15176K(494976K), [Metaspace: 20737K->20737K(1067008K)], 0.0373687 secs] [Times: user=0.04 sys=0.00, real=0.04 secs] 
15:56:05.132 [Curator-PathChildrenCache-1] WARN  o.a.c.u.ZKPaths  - The version of ZooKeeper being used doesn't support Container nodes. CreateMode.PERSISTENT will be used instead.
2019-06-10T15:56:07.341+0000: 25.193: [GC (Allocation Failure) 2019-06-10T15:56:07.341+0000: 25.193: [DefNew: 136043K->16416K(153600K), 0.0248540 secs] 151219K->51124K(494976K), 0.0249240 secs] [Times: user=0.01 sys=0.01, real=0.02 secs] 
2019-06-10T15:56:09.363+0000: 27.214: [Full GC (Metadata GC Threshold) 2019-06-10T15:56:09.363+0000: 27.214: [Tenured: 34707K->43378K(341376K), 0.0450998 secs] 96079K->43378K(494976K), [Metaspace: 34585K->34585K(1079296K)], 0.0451851 secs] [Times: user=0.04 sys=0.00, real=0.04 secs] 
2019-06-10T15:56:15.344+0000: 33.196: [GC (Allocation Failure) 2019-06-10T15:56:15.344+0000: 33.196: [DefNew: 136576K->78K(153600K), 0.0019346 secs] 179954K->43456K(494976K), 0.0019918 secs] [Times: user=0.00 sys=0.00, real=0.00 secs] 
2019-06-10T15:56:21.405+0000: 39.256: [GC (Allocation Failure) 2019-06-10T15:56:21.405+0000: 39.256: [DefNew: 136654K->70K(153600K), 0.0017009 secs] 180032K->43449K(494976K), 0.0017695 secs] [Times: user=0.00 sys=0.00, real=0.00 secs] 
2019-06-10T15:56:27.432+0000: 45.284: [GC (Allocation Failure) 2019-06-10T15:56:27.433+0000: 45.284: [DefNew: 136646K->74K(153600K), 0.0018388 secs] 180025K->43452K(494976K), 0.0018997 secs] [Times: user=0.00 sys=0.00, real=0.00 secs] 
2019-06-10T15:56:33.442+0000: 51.293: [GC (Allocation Failure) 2019-06-10T15:56:33.442+0000: 51.293: [DefNew: 136650K->71K(153600K), 0.0018329 secs] 180028K->43449K(494976K), 0.0019053 secs] [Times: user=0.00 sys=0.00, real=0.00 secs] 
2019-06-10T15:56:39.445+0000: 57.296: [GC (Allocation Failure) 2019-06-10T15:56:39.445+0000: 57.296: [DefNew: 136647K->71K(153600K), 0.0018380 secs] 180025K->43450K(494976K), 0.0018997 secs] [Times: user=0.01 sys=0.00, real=0.00 secs] 
15:56:52.437 [Curator-PathChildrenCache-0] ERROR o.a.c.f.r.c.PathChildrenCache  - 
java.lang.IllegalStateException: instance must be started before calling this method
	at org.apache.curator.shaded.com.google.common.base.Preconditions.checkState(Preconditions.java:444)
	at org.apache.curator.framework.imps.CuratorFrameworkImpl.getChildren(CuratorFrameworkImpl.java:456)
	at org.apache.curator.framework.recipes.cache.PathChildrenCache.refresh(PathChildrenCache.java:521)
	at org.apache.curator.framework.recipes.cache.RefreshOperation.invoke(RefreshOperation.java:35)
	at org.apache.curator.framework.recipes.cache.PathChildrenCache$9.run(PathChildrenCache.java:786)
	at java.util.concurrent.Executors$RunnableAdapter.call(Executors.java:511)
	at java.util.concurrent.FutureTask.run(FutureTask.java:266)
	at java.util.concurrent.Executors$RunnableAdapter.call(Executors.java:511)
	at java.util.concurrent.FutureTask.run(FutureTask.java:266)
	at java.util.concurrent.ThreadPoolExecutor.runWorker(ThreadPoolExecutor.java:1149)
	at java.util.concurrent.ThreadPoolExecutor$Worker.run(ThreadPoolExecutor.java:624)
	at java.lang.Thread.run(Thread.java:748)
Heap
 def new generation   total 153600K, used 88483K [0x00000000e0c00000, 0x00000000eb2a0000, 0x00000000eb2a0000)
  eden space 136576K,  64% used [0x00000000e0c00000, 0x00000000e62570b8, 0x00000000e9160000)
  from space 17024K,   0% used [0x00000000e9160000, 0x00000000e9171ea8, 0x00000000ea200000)
  to   space 17024K,   0% used [0x00000000ea200000, 0x00000000ea200000, 0x00000000eb2a0000)
 tenured generation   total 341376K, used 43378K [0x00000000eb2a0000, 0x0000000100000000, 0x0000000100000000)
   the space 341376K,  12% used [0x00000000eb2a0000, 0x00000000edcfc9c8, 0x00000000edcfca00, 0x0000000100000000)
 Metaspace       used 36192K, capacity 37126K, committed 37376K, reserved 1081344K
  class space    used 4869K, capacity 5075K, committed 5120K, reserved 1048576K
