11:34:50,706 |-INFO in ch.qos.logback.classic.LoggerContext[default] - Could NOT find resource [logback-test.xml]
11:34:50,706 |-INFO in ch.qos.logback.classic.LoggerContext[default] - Could NOT find resource [logback.groovy]
11:34:50,706 |-INFO in ch.qos.logback.classic.LoggerContext[default] - Found resource [logback.xml] at [jar:file:/home/ubuntu/flamestream/lib/flamestream-runtime-1.0-SNAPSHOT.jar!/logback.xml]
11:34:50,706 |-WARN in ch.qos.logback.classic.LoggerContext[default] - Resource [logback.xml] occurs multiple times on the classpath.
11:34:50,707 |-WARN in ch.qos.logback.classic.LoggerContext[default] - Resource [logback.xml] occurs at [jar:file:/home/ubuntu/flamestream/flamestream-runtime-1.0-SNAPSHOT.jar!/logback.xml]
11:34:50,707 |-WARN in ch.qos.logback.classic.LoggerContext[default] - Resource [logback.xml] occurs at [jar:file:/home/ubuntu/flamestream/lib/flamestream-runtime-1.0-SNAPSHOT.jar!/logback.xml]
11:34:50,728 |-INFO in ch.qos.logback.core.joran.spi.ConfigurationWatchList@4678c730 - URL [jar:file:/home/ubuntu/flamestream/lib/flamestream-runtime-1.0-SNAPSHOT.jar!/logback.xml] is not of type file
11:34:50,805 |-INFO in ch.qos.logback.classic.joran.action.ConfigurationAction - debug attribute not set
11:34:50,811 |-INFO in ch.qos.logback.core.joran.action.AppenderAction - About to instantiate appender of type [ch.qos.logback.core.ConsoleAppender]
11:34:50,829 |-INFO in ch.qos.logback.core.joran.action.AppenderAction - Naming appender as [STDOUT]
11:34:50,848 |-INFO in ch.qos.logback.core.joran.action.NestedComplexPropertyIA - Assuming default type [ch.qos.logback.classic.encoder.PatternLayoutEncoder] for [encoder] property
11:34:50,953 |-INFO in ch.qos.logback.core.joran.action.AppenderAction - About to instantiate appender of type [ch.qos.logback.core.rolling.RollingFileAppender]
11:34:50,963 |-INFO in ch.qos.logback.core.joran.action.AppenderAction - Naming appender as [FILE]
11:34:51,008 |-INFO in c.q.l.core.rolling.TimeBasedRollingPolicy@1734853116 - No compression will be used
11:34:51,010 |-INFO in c.q.l.core.rolling.TimeBasedRollingPolicy@1734853116 - Will use the pattern /tmp/application_%d{yyyy-MM-dd}.%i.log for the active file
11:34:51,017 |-INFO in ch.qos.logback.core.rolling.SizeAndTimeBasedFNATP@29ee9faa - The date pattern is 'yyyy-MM-dd' from file name pattern '/tmp/application_%d{yyyy-MM-dd}.%i.log'.
11:34:51,017 |-INFO in ch.qos.logback.core.rolling.SizeAndTimeBasedFNATP@29ee9faa - Roll-over at midnight.
11:34:51,022 |-INFO in ch.qos.logback.core.rolling.SizeAndTimeBasedFNATP@29ee9faa - Setting initial period to Thu Oct 10 11:34:26 UTC 2019
11:34:51,022 |-WARN in ch.qos.logback.core.rolling.SizeAndTimeBasedFNATP@29ee9faa - SizeAndTimeBasedFNATP is deprecated. Use SizeAndTimeBasedRollingPolicy instead
11:34:51,022 |-WARN in ch.qos.logback.core.rolling.SizeAndTimeBasedFNATP@29ee9faa - For more information see http://logback.qos.ch/manual/appenders.html#SizeAndTimeBasedRollingPolicy
11:34:51,029 |-INFO in ch.qos.logback.core.joran.action.NestedComplexPropertyIA - Assuming default type [ch.qos.logback.classic.encoder.PatternLayoutEncoder] for [encoder] property
11:34:51,040 |-INFO in ch.qos.logback.core.rolling.RollingFileAppender[FILE] - Active log file name: /tmp/application.log
11:34:51,040 |-INFO in ch.qos.logback.core.rolling.RollingFileAppender[FILE] - File property is set to [/tmp/application.log]
11:34:51,043 |-INFO in ch.qos.logback.classic.joran.action.RootLoggerAction - Setting level of ROOT logger to INFO
11:34:51,043 |-INFO in ch.qos.logback.core.joran.action.AppenderRefAction - Attaching appender named [STDOUT] to Logger[ROOT]
11:34:51,043 |-INFO in ch.qos.logback.core.joran.action.AppenderRefAction - Attaching appender named [FILE] to Logger[ROOT]
11:34:51,044 |-INFO in ch.qos.logback.classic.joran.action.ConfigurationAction - End of configuration.
11:34:51,044 |-INFO in ch.qos.logback.classic.joran.JoranConfigurator@c038203 - Registering current configuration as safe fallback point

11:34:51.053 [main] INFO  c.s.f.r.WorkerApplication  - Starting worker with workerConfig 'WorkerConfig{id='flamestream-benchmarks-worker-3', localAddress=flamestream-benchmarks-worker-3/10.0.0.8:5412, zkString='flamestream-benchmarks-manager:12181', snapshotPath='/home/ubuntu/flamestream/data', guarantees=AT_MOST_ONCE}'
11:34:52.692 [worker-akka.actor.default-dispatcher-6] INFO  a.e.s.Slf4jLogger  - Slf4jLogger started
2019-10-10T11:34:52.876+0000: 2.557: [Full GC (Metadata GC Threshold) 2019-10-10T11:34:52.876+0000: 2.557: [Tenured: 0K->13624K(1024000K), 0.0695666 secs] 139464K->13624K(1484800K), [Metaspace: 20214K->20214K(1067008K)], 0.0696787 secs] [Times: user=0.06 sys=0.01, real=0.07 secs] 
11:34:53.070 [worker-akka.actor.default-dispatcher-6] WARN  a.r.RemoteActorRefProvider akka.remote.RemoteActorRefProvider - Using the 'remote' ActorRefProvider directly, which is a low-level layer. For most use cases, the 'cluster' abstraction on top of remoting is more suitable instead.
11:34:53.083 [worker-akka.actor.default-dispatcher-6] WARN  a.r.RemoteActorRefProvider akka.remote.RemoteActorRefProvider - Akka Cluster not in use - Using Akka Cluster is recommended if you need remote watch and deploy.
11:34:53.221 [worker-akka.actor.default-dispatcher-6] INFO  a.r.a.a.ArteryAeronUdpTransport(akka://worker) akka.remote.artery.aeron.ArteryAeronUdpTransport(akka://worker) - Started embedded media driver in directory [/dev/shm/aeron-flamestream-benchmarks-worker-3]
11:34:53.259 [worker-akka.actor.default-dispatcher-6] WARN  a.r.a.a.ArteryAeronUdpTransport(akka://worker) akka.remote.artery.aeron.ArteryAeronUdpTransport(akka://worker) - Aeron CnC version mismatch: compiled version = 15, file version = 16
11:34:53.621 [worker-akka.actor.default-dispatcher-6] INFO  a.r.a.a.ArteryAeronUdpTransport(akka://worker) akka.remote.artery.aeron.ArteryAeronUdpTransport(akka://worker) - Remoting started with transport [Artery aeron-udp]; listening on address [akka://worker@flamestream-benchmarks-worker-3:5412] and bound to [akka://worker@0.0.0.0:5412] with UID [-4933178446897725924]
11:34:54.321 [worker-akka.actor.default-dispatcher-6] WARN  a.s.Serialization(akka://worker) akka.serialization.Serialization(akka://worker) - Using serializer [com.romix.akka.serialization.kryo.KryoSerializer] for message [akka.actor.ActorSelectionMessage]. Note that this serializer is not implemented by Akka. It's not recommended to replace serializers for messages provided by Akka.
11:34:54.322 [worker-akka.actor.default-dispatcher-6] WARN  a.s.Serialization(akka://worker) akka.serialization.Serialization(akka://worker) - Using serializer [com.romix.akka.serialization.kryo.KryoSerializer] for message [akka.actor.ActorIdentity]. Note that this serializer is not implemented by Akka. It's not recommended to replace serializers for messages provided by Akka.
11:34:54.395 [worker-akka.actor.default-dispatcher-9] INFO  a.a.RepointableActorRef akka://worker/user/watcher - Starting...
11:34:54.693 [worker-akka.actor.default-dispatcher-6] INFO  o.a.c.u.Compatibility  - Running in ZooKeeper 3.4.x compatibility mode
11:34:54.838 [worker-akka.actor.default-dispatcher-6] INFO  o.a.c.f.i.CuratorFrameworkImpl  - Starting
11:34:54.872 [worker-akka.actor.default-dispatcher-6] INFO  o.a.z.ZooKeeper  - Client environment:zookeeper.version=3.4.14-4c25d480e66aadd371de8bd2fd8da255ac140bcf, built on 03/06/2019 16:18 GMT
11:34:54.874 [worker-akka.actor.default-dispatcher-6] INFO  o.a.z.ZooKeeper  - Client environment:host.name=flamestream-benchmarks-worker-3
11:34:54.874 [worker-akka.actor.default-dispatcher-6] INFO  o.a.z.ZooKeeper  - Client environment:java.version=1.8.0_222
11:34:54.874 [worker-akka.actor.default-dispatcher-6] INFO  o.a.z.ZooKeeper  - Client environment:java.vendor=Private Build
11:34:54.877 [worker-akka.actor.default-dispatcher-6] INFO  o.a.z.ZooKeeper  - Client environment:java.home=/usr/lib/jvm/java-8-openjdk-amd64/jre
11:34:54.877 [worker-akka.actor.default-dispatcher-6] INFO  o.a.z.ZooKeeper  - Client environment:java.class.path=lib/curator-framework-4.0.1.jar:lib/commons-csv-1.4.jar:lib/aeron-client-1.21.2.jar:lib/scala-library-2.12.9.jar:lib/asm-5.0.4.jar:lib/agrona-1.0.1.jar:lib/curator-recipes-4.0.1.jar:lib/akka-testkit_2.12-2.6.0-M6.jar:lib/flamestream-runtime-1.0-SNAPSHOT.jar:lib/slf4j-simple-2.0.0-alpha1.jar:lib/jsr305-3.0.2.jar:lib/trove4j-3.0.3.jar:lib/flamestream-core-1.0-SNAPSHOT.jar:lib/commons-io-2.4.jar:lib/minlog-1.3.0.jar:lib/kryonet-2.21.jar:lib/commons-1.4.9.jar:lib/jline-0.9.94.jar:lib/akka-remote_2.12-2.6.0-M6.jar:lib/leveldbjni-all-1.8.jar:lib/lz4-1.3.0.jar:lib/slf4j-api-1.7.24.jar:lib/scala-parser-combinators_2.12-1.1.2.jar:lib/flamestream-core-1.0-SNAPSHOT-tests.jar:lib/logback-core-1.2.3.jar:lib/netty-3.10.6.Final.jar:lib/protobuf-java-3.9.0.jar:lib/minlog-1.2.jar:lib/leveldb-api-0.7.jar:lib/jool-0.9.12.jar:lib/commons-cli-1.4.jar:lib/jblas-1.2.4.jar:lib/reflectasm-1.11.3.jar:lib/reflectasm-1.07-shaded.jar:lib/audience-annotations-0.5.0.jar:lib/jackson-annotations-2.9.6.jar:lib/commons-lang-2.6.jar:lib/ssl-config-core_2.12-0.3.8.jar:lib/annotations-13.0.jar:lib/logback-classic-1.2.3.jar:lib/guava-21.0.jar:lib/reactive-streams-1.0.2.jar:lib/spotbugs-annotations-3.1.9.jar:lib/leveldb-0.7.jar:lib/commons-pool2-2.4.2.jar:lib/rocksdbjni-5.5.1.jar:lib/jackson-core-2.9.9.jar:lib/jackson-databind-2.9.9.2.jar:lib/akka-protobuf-v3_2.12-2.6.0-M6.jar:lib/jackson-annotations-2.9.0.jar:lib/flamestream-examples-1.0-SNAPSHOT.jar:lib/objenesis-2.1.jar:lib/akka-kryo-serialization_2.12-0.5.2.jar:lib/scala-java8-compat_2.12-0.8.0.jar:lib/zookeeper-3.4.14.jar:lib/akka-slf4j_2.12-2.6.0-M6.jar:lib/kryo-4.0.0.jar:lib/akka-stream_2.12-2.6.0-M6.jar:lib/aeron-driver-1.21.2.jar:lib/config-1.3.1.jar:lib/annotations-12.0.jar:lib/jedis-2.9.0.jar:lib/jcommander-1.48.jar:lib/testng-6.10.jar:lib/akka-actor_2.12-2.6.0-M6.jar:lib/curator-client-4.0.1.jar:flamestream-runtime-1.0-SNAPSHOT.jar
11:34:54.878 [worker-akka.actor.default-dispatcher-6] INFO  o.a.z.ZooKeeper  - Client environment:java.library.path=/usr/java/packages/lib/amd64:/usr/lib/x86_64-linux-gnu/jni:/lib/x86_64-linux-gnu:/usr/lib/x86_64-linux-gnu:/usr/lib/jni:/lib:/usr/lib
11:34:54.878 [worker-akka.actor.default-dispatcher-6] INFO  o.a.z.ZooKeeper  - Client environment:java.io.tmpdir=/tmp
11:34:54.878 [worker-akka.actor.default-dispatcher-6] INFO  o.a.z.ZooKeeper  - Client environment:java.compiler=<NA>
11:34:54.878 [worker-akka.actor.default-dispatcher-6] INFO  o.a.z.ZooKeeper  - Client environment:os.name=Linux
11:34:54.880 [worker-akka.actor.default-dispatcher-6] INFO  o.a.z.ZooKeeper  - Client environment:os.arch=amd64
11:34:54.881 [worker-akka.actor.default-dispatcher-6] INFO  o.a.z.ZooKeeper  - Client environment:os.version=4.15.0-1040-gcp
11:34:54.883 [worker-akka.actor.default-dispatcher-6] INFO  o.a.z.ZooKeeper  - Client environment:user.name=ubuntu
11:34:54.883 [worker-akka.actor.default-dispatcher-6] INFO  o.a.z.ZooKeeper  - Client environment:user.home=/home/ubuntu
11:34:54.884 [worker-akka.actor.default-dispatcher-6] INFO  o.a.z.ZooKeeper  - Client environment:user.dir=/home/ubuntu/flamestream
11:34:54.889 [worker-akka.actor.default-dispatcher-6] INFO  o.a.z.ZooKeeper  - Initiating client connection, connectString=flamestream-benchmarks-manager:12181 sessionTimeout=60000 watcher=org.apache.curator.ConnectionState@bd23c93
11:34:54.961 [worker-akka.actor.default-dispatcher-6-SendThread(flamestream-benchmarks-manager:12181)] INFO  o.a.z.ClientCnxn  - Opening socket connection to server flamestream-benchmarks-manager/10.0.0.21:12181. Will not attempt to authenticate using SASL (unknown error)
11:34:54.962 [worker-akka.actor.default-dispatcher-6] INFO  o.a.c.f.i.CuratorFrameworkImpl  - Default schema
11:34:54.972 [worker-akka.actor.default-dispatcher-6-SendThread(flamestream-benchmarks-manager:12181)] INFO  o.a.z.ClientCnxn  - Socket connection established to flamestream-benchmarks-manager/10.0.0.21:12181, initiating session
11:34:54.988 [worker-akka.actor.default-dispatcher-6-SendThread(flamestream-benchmarks-manager:12181)] INFO  o.a.z.ClientCnxn  - Session establishment complete on server flamestream-benchmarks-manager/10.0.0.21:12181, sessionid = 0x100002c53420004, negotiated timeout = 60000
11:34:55.005 [worker-akka.actor.default-dispatcher-6-EventThread] INFO  o.a.c.f.s.ConnectionStateManager  - State change: CONNECTED
11:34:55.009 [worker-akka.actor.default-dispatcher-9] INFO  a.a.RepointableActorRef akka://worker/user/watcher - Initializing rocksDB backend
2019-10-10T11:34:56.040+0000: 5.721: [Full GC (Metadata GC Threshold) 2019-10-10T11:34:56.040+0000: 5.721: [Tenured: 13624K->25939K(1024000K), 0.0931246 secs] 161114K->25939K(1484800K), [Metaspace: 33702K->33702K(1079296K)], 0.0932458 secs] [Times: user=0.09 sys=0.01, real=0.10 secs] 
11:34:56.245 [worker-akka.actor.default-dispatcher-6] INFO  a.a.LocalActorRef akka://worker/user/watcher/processing-watcher - Starting...
11:35:02.192 [Curator-PathChildrenCache-1] WARN  o.a.c.u.ZKPaths  - The version of ZooKeeper being used doesn't support Container nodes. CreateMode.PERSISTENT will be used instead.
11:35:02.345 [worker-akka.actor.default-dispatcher-6] INFO  a.a.LocalActorRef akka://worker/user/watcher/processing-watcher/$a - Starting...
11:35:02.391 [worker-akka.actor.default-dispatcher-6] INFO  a.a.LocalActorRef akka://worker/user/watcher/processing-watcher/$a - Stopped
11:35:04.053 [worker-akka.actor.default-dispatcher-6] INFO  a.a.LocalActorRef akka://worker/user/watcher/processing-watcher/graph/graph - Starting...
11:35:06.857 [worker-akka.actor.default-dispatcher-12] INFO  a.a.LocalActorRef akka://worker/user/watcher/processing-watcher/graph/graph - Finishing constructor
11:35:06.864 [worker-akka.actor.default-dispatcher-6] INFO  a.a.LocalActorRef akka://worker/user/watcher/processing-watcher/graph/negotiator - Starting...
11:35:06.872 [worker-akka.actor.default-dispatcher-6] INFO  a.a.LocalActorRef akka://worker/user/watcher/processing-watcher/graph/edge - Starting...
11:35:06.888 [worker-akka.actor.default-dispatcher-12] INFO  a.a.LocalActorRef akka://worker/user/watcher/processing-watcher/graph - Starting FlameNode with config 'ClusterConfig{paths={flamestream-benchmarks-worker-1=akka://worker@flamestream-benchmarks-worker-1:5412/user/watcher/processing-watcher/graph, flamestream-benchmarks-worker-0=akka://worker@flamestream-benchmarks-worker-0:5412/user/watcher/processing-watcher/graph, flamestream-benchmarks-worker-9=akka://worker@flamestream-benchmarks-worker-9:5412/user/watcher/processing-watcher/graph, flamestream-benchmarks-worker-8=akka://worker@flamestream-benchmarks-worker-8:5412/user/watcher/processing-watcher/graph, flamestream-benchmarks-worker-7=akka://worker@flamestream-benchmarks-worker-7:5412/user/watcher/processing-watcher/graph, flamestream-benchmarks-worker-6=akka://worker@flamestream-benchmarks-worker-6:5412/user/watcher/processing-watcher/graph, flamestream-benchmarks-worker-5=akka://worker@flamestream-benchmarks-worker-5:5412/user/watcher/processing-watcher/graph, flamestream-benchmarks-worker-4=akka://worker@flamestream-benchmarks-worker-4:5412/user/watcher/processing-watcher/graph, flamestream-benchmarks-worker-3=akka://worker@flamestream-benchmarks-worker-3:5412/user/watcher/processing-watcher/graph, flamestream-benchmarks-worker-2=akka://worker@flamestream-benchmarks-worker-2:5412/user/watcher/processing-watcher/graph, flamestream-benchmarks-worker-14=akka://worker@flamestream-benchmarks-worker-14:5412/user/watcher/processing-watcher/graph, flamestream-benchmarks-worker-13=akka://worker@flamestream-benchmarks-worker-13:5412/user/watcher/processing-watcher/graph, flamestream-benchmarks-worker-12=akka://worker@flamestream-benchmarks-worker-12:5412/user/watcher/processing-watcher/graph, flamestream-benchmarks-worker-11=akka://worker@flamestream-benchmarks-worker-11:5412/user/watcher/processing-watcher/graph, flamestream-benchmarks-worker-10=akka://worker@flamestream-benchmarks-worker-10:5412/user/watcher/processing-watcher/graph}}'
11:35:06.908 [worker-akka.actor.default-dispatcher-10] INFO  a.a.LocalActorRef akka://worker/user/watcher/processing-watcher/graph/negotiator - Requesting ticket for the frontClass FlameSocketGraphDeployerFront@flamestream-benchmarks-worker-3
11:35:06.967 [worker-akka.actor.default-dispatcher-12] INFO  a.a.LocalActorRef akka://worker/user/watcher/processing-watcher/graph/graph - Received last commit 'LastCommit{globalTime=(0000000, min@min)}'
11:35:06.981 [worker-akka.actor.default-dispatcher-12] INFO  a.a.LocalActorRef akka://worker/user/watcher/processing-watcher/graph/edge/FlameSocketGraphDeployerFront - Starting...
11:35:06.986 [worker-akka.actor.default-dispatcher-13] INFO  c.s.f.r.e.s.SocketRear  - FlameSocketGraphDeployerRear@flamestream-benchmarks-worker-3: connecting to flamestream-benchmarks-manager:5678
11:35:07.009 [worker-akka.actor.default-dispatcher-13] INFO  c.s.f.r.e.s.SocketRear  - FlameSocketGraphDeployerRear@flamestream-benchmarks-worker-3: connected to flamestream-benchmarks-manager:5678
11:35:07.011 [worker-akka.actor.default-dispatcher-6] INFO  a.a.LocalActorRef akka://worker/user/watcher/processing-watcher/graph/edge/FlameSocketGraphDeployerRear - Starting...
11:35:07.055 [worker-akka.actor.default-dispatcher-13] INFO  a.a.LocalActorRef akka://worker/user/watcher/processing-watcher/graph/negotiator - Ticket for the frontClass received: FrontTicket{allowedTimestamp=(0000000, FlameSocketGraphDeployerFront@flamestream-benchmarks-worker-3)}
11:35:07.058 [worker-akka.actor.default-dispatcher-13] INFO  c.s.f.r.e.s.SocketFront  - FlameSocketGraphDeployerFront@flamestream-benchmarks-worker-3: connecting to flamestream-benchmarks-manager:4567
11:35:07.337 [worker-akka.actor.default-dispatcher-13] INFO  a.a.LocalActorRef akka://worker/user/watcher/processing-watcher/graph/graph/$a - Starting...
11:35:07.340 [worker-akka.actor.default-dispatcher-13] INFO  a.a.LocalActorRef akka://worker/user/watcher/processing-watcher/graph/graph/$b - Starting...
11:35:07.343 [worker-akka.actor.default-dispatcher-13] INFO  a.a.LocalActorRef akka://worker/user/watcher/processing-watcher/graph/graph/$c - Starting...
11:35:07.345 [worker-akka.actor.default-dispatcher-13] INFO  a.a.LocalActorRef akka://worker/user/watcher/processing-watcher/graph/graph/$d - Starting...
11:35:07.348 [worker-akka.actor.default-dispatcher-13] INFO  a.a.LocalActorRef akka://worker/user/watcher/processing-watcher/graph/graph/$e - Starting...
11:35:07.354 [worker-akka.actor.default-dispatcher-13] INFO  a.a.LocalActorRef akka://worker/user/watcher/processing-watcher/graph/graph/$f - Starting...
11:35:07.358 [worker-akka.actor.default-dispatcher-13] INFO  a.a.LocalActorRef akka://worker/user/watcher/processing-watcher/graph/graph/$g - Starting...
11:35:07.361 [worker-akka.actor.default-dispatcher-13] INFO  a.a.LocalActorRef akka://worker/user/watcher/processing-watcher/graph/graph/$h - Starting...
11:35:07.363 [worker-akka.actor.default-dispatcher-13] INFO  a.a.LocalActorRef akka://worker/user/watcher/processing-watcher/graph/graph/$i - Starting...
11:35:07.366 [worker-akka.actor.default-dispatcher-13] INFO  a.a.LocalActorRef akka://worker/user/watcher/processing-watcher/graph/graph/$j - Starting...
11:35:07.368 [worker-akka.actor.default-dispatcher-13] INFO  a.a.LocalActorRef akka://worker/user/watcher/processing-watcher/graph/graph/$k - Starting...
11:35:07.370 [worker-akka.actor.default-dispatcher-13] INFO  a.a.LocalActorRef akka://worker/user/watcher/processing-watcher/graph/graph/$l - Starting...
11:35:07.373 [worker-akka.actor.default-dispatcher-13] INFO  a.a.LocalActorRef akka://worker/user/watcher/processing-watcher/graph/graph/$m - Starting...
11:35:07.376 [worker-akka.actor.default-dispatcher-13] INFO  a.a.LocalActorRef akka://worker/user/watcher/processing-watcher/graph/graph/$n - Starting...
11:35:07.379 [worker-akka.actor.default-dispatcher-13] INFO  a.a.LocalActorRef akka://worker/user/watcher/processing-watcher/graph/graph/$o - Starting...
11:35:07.385 [worker-akka.actor.default-dispatcher-13] INFO  a.a.LocalActorRef akka://worker/user/watcher/processing-watcher/graph/graph/$p - Starting...
11:35:07.389 [worker-akka.actor.default-dispatcher-13] INFO  a.a.LocalActorRef akka://worker/user/watcher/processing-watcher/graph/graph/$q - Starting...
11:35:07.393 [worker-akka.actor.default-dispatcher-13] INFO  a.a.LocalActorRef akka://worker/user/watcher/processing-watcher/graph/graph/$r - Starting...
11:35:07.396 [worker-akka.actor.default-dispatcher-13] INFO  a.a.LocalActorRef akka://worker/user/watcher/processing-watcher/graph/graph/$s - Starting...
11:35:07.399 [worker-akka.actor.default-dispatcher-13] INFO  a.a.LocalActorRef akka://worker/user/watcher/processing-watcher/graph/graph/$t - Starting...
11:35:07.402 [worker-akka.actor.default-dispatcher-13] INFO  a.a.LocalActorRef akka://worker/user/watcher/processing-watcher/graph/graph/$u - Starting...
11:35:07.404 [worker-akka.actor.default-dispatcher-13] INFO  a.a.LocalActorRef akka://worker/user/watcher/processing-watcher/graph/graph/$v - Starting...
11:35:07.407 [worker-akka.actor.default-dispatcher-13] INFO  a.a.LocalActorRef akka://worker/user/watcher/processing-watcher/graph/graph/$w - Starting...
11:35:07.410 [worker-akka.actor.default-dispatcher-13] INFO  a.a.LocalActorRef akka://worker/user/watcher/processing-watcher/graph/graph/$x - Starting...
11:35:07.412 [worker-akka.actor.default-dispatcher-13] INFO  a.a.LocalActorRef akka://worker/user/watcher/processing-watcher/graph/graph/$y - Starting...
11:35:07.414 [worker-akka.actor.default-dispatcher-13] INFO  a.a.LocalActorRef akka://worker/user/watcher/processing-watcher/graph/graph/$z - Starting...
11:35:07.426 [worker-akka.actor.default-dispatcher-13] INFO  a.a.LocalActorRef akka://worker/user/watcher/processing-watcher/graph/graph/$A - Starting...
11:35:07.464 [worker-akka.actor.default-dispatcher-6] INFO  a.a.LocalActorRef akka://worker/user/watcher/processing-watcher/graph/graph/$B - Starting...
11:35:07.465 [worker-akka.actor.default-dispatcher-6] INFO  a.a.LocalActorRef akka://worker/user/watcher/processing-watcher/graph/graph/$C - Starting...
11:35:07.466 [worker-akka.actor.default-dispatcher-6] INFO  a.a.LocalActorRef akka://worker/user/watcher/processing-watcher/graph/graph/$D - Starting...
11:35:07.466 [worker-akka.actor.default-dispatcher-6] INFO  a.a.LocalActorRef akka://worker/user/watcher/processing-watcher/graph/graph/$E - Starting...
11:35:07.467 [worker-akka.actor.default-dispatcher-6] INFO  a.a.LocalActorRef akka://worker/user/watcher/processing-watcher/graph/graph/$F - Starting...
11:35:07.469 [worker-akka.actor.default-dispatcher-13] INFO  a.a.LocalActorRef akka://worker/user/watcher/processing-watcher/graph/graph/$G - Starting...
11:35:07.470 [worker-akka.actor.default-dispatcher-13] INFO  a.a.LocalActorRef akka://worker/user/watcher/processing-watcher/graph/graph/$H - Starting...
11:35:07.472 [worker-akka.actor.default-dispatcher-13] INFO  a.a.LocalActorRef akka://worker/user/watcher/processing-watcher/graph/graph/$I - Starting...
11:35:07.473 [worker-akka.actor.default-dispatcher-13] INFO  a.a.LocalActorRef akka://worker/user/watcher/processing-watcher/graph/graph/$J - Starting...
11:35:07.474 [worker-akka.actor.default-dispatcher-13] INFO  a.a.LocalActorRef akka://worker/user/watcher/processing-watcher/graph/graph/$A - Attached rear to graph (-9223372036854775808, min@min)
11:35:07.475 [worker-akka.actor.default-dispatcher-13] INFO  a.a.LocalActorRef akka://worker/user/watcher/processing-watcher/graph/graph/$K - Starting...
11:35:07.476 [worker-akka.actor.default-dispatcher-13] INFO  a.a.LocalActorRef akka://worker/user/watcher/processing-watcher/graph/graph/$L - Starting...
11:35:07.478 [worker-akka.actor.default-dispatcher-6] INFO  a.a.LocalActorRef akka://worker/user/watcher/processing-watcher/graph/graph/$M - Starting...
11:35:07.478 [worker-akka.actor.default-dispatcher-6] INFO  a.a.LocalActorRef akka://worker/user/watcher/processing-watcher/graph/graph/$N - Starting...
11:35:07.478 [worker-akka.actor.default-dispatcher-6] INFO  a.a.LocalActorRef akka://worker/user/watcher/processing-watcher/graph/graph/$O - Starting...
11:35:07.478 [worker-akka.actor.default-dispatcher-6] INFO  a.a.LocalActorRef akka://worker/user/watcher/processing-watcher/graph/graph/$P - Starting...
11:35:07.478 [worker-akka.actor.default-dispatcher-6] INFO  a.a.LocalActorRef akka://worker/user/watcher/processing-watcher/graph/graph/$Q - Starting...
11:35:07.479 [worker-akka.actor.default-dispatcher-13] INFO  a.a.LocalActorRef akka://worker/user/watcher/processing-watcher/graph/graph/$R - Starting...
11:35:07.480 [worker-akka.actor.default-dispatcher-6] INFO  a.a.LocalActorRef akka://worker/user/watcher/processing-watcher/graph/graph/$S - Starting...
11:35:07.481 [worker-akka.actor.default-dispatcher-13] INFO  a.a.LocalActorRef akka://worker/user/watcher/processing-watcher/graph/graph/$T - Starting...
11:35:07.482 [worker-akka.actor.default-dispatcher-13] INFO  a.a.LocalActorRef akka://worker/user/watcher/processing-watcher/graph/graph/$U - Starting...
11:35:07.483 [worker-akka.actor.default-dispatcher-13] INFO  a.a.LocalActorRef akka://worker/user/watcher/processing-watcher/graph/graph/$V - Starting...
11:35:07.484 [worker-akka.actor.default-dispatcher-13] INFO  a.a.LocalActorRef akka://worker/user/watcher/processing-watcher/graph/graph/$W - Starting...
11:35:07.484 [worker-akka.actor.default-dispatcher-13] INFO  a.a.LocalActorRef akka://worker/user/watcher/processing-watcher/graph/graph/$X - Starting...
11:35:07.485 [worker-akka.actor.default-dispatcher-13] INFO  a.a.LocalActorRef akka://worker/user/watcher/processing-watcher/graph/graph/$Y - Starting...
11:35:07.486 [worker-akka.actor.default-dispatcher-6] INFO  a.a.LocalActorRef akka://worker/user/watcher/processing-watcher/graph/graph/$Z - Starting...
11:35:07.487 [worker-akka.actor.default-dispatcher-6] INFO  a.a.LocalActorRef akka://worker/user/watcher/processing-watcher/graph/graph/$0 - Starting...
11:35:07.487 [worker-akka.actor.default-dispatcher-13] INFO  a.a.LocalActorRef akka://worker/user/watcher/processing-watcher/graph/graph/$2 - Starting...
11:35:07.489 [worker-akka.actor.default-dispatcher-13] INFO  a.a.LocalActorRef akka://worker/user/watcher/processing-watcher/graph/graph/$3 - Starting...
11:35:07.491 [worker-akka.actor.default-dispatcher-13] INFO  a.a.LocalActorRef akka://worker/user/watcher/processing-watcher/graph/graph/$1 - Starting...
11:35:07.492 [worker-akka.actor.default-dispatcher-13] INFO  a.a.LocalActorRef akka://worker/user/watcher/processing-watcher/graph/graph/$4 - Starting...
11:35:07.494 [worker-akka.actor.default-dispatcher-13] INFO  a.a.LocalActorRef akka://worker/user/watcher/processing-watcher/graph/graph/$5 - Starting...
11:35:07.494 [worker-akka.actor.default-dispatcher-13] INFO  a.a.LocalActorRef akka://worker/user/watcher/processing-watcher/graph/graph/$6 - Starting...
11:35:07.495 [worker-akka.actor.default-dispatcher-13] INFO  a.a.LocalActorRef akka://worker/user/watcher/processing-watcher/graph/graph/$8 - Starting...
11:35:07.496 [worker-akka.actor.default-dispatcher-13] INFO  a.a.LocalActorRef akka://worker/user/watcher/processing-watcher/graph/graph/$7 - Starting...
11:35:07.497 [worker-akka.actor.default-dispatcher-13] INFO  a.a.LocalActorRef akka://worker/user/watcher/processing-watcher/graph/graph/$9 - Starting...
11:35:07.498 [worker-akka.actor.default-dispatcher-13] INFO  a.a.LocalActorRef akka://worker/user/watcher/processing-watcher/graph/graph/$+ - Starting...
11:35:07.500 [worker-akka.actor.default-dispatcher-13] INFO  a.a.LocalActorRef akka://worker/user/watcher/processing-watcher/graph/graph/$~ - Starting...
11:35:07.501 [worker-akka.actor.default-dispatcher-6] INFO  a.a.LocalActorRef akka://worker/user/watcher/processing-watcher/graph/graph/$ab - Starting...
11:35:07.502 [worker-akka.actor.default-dispatcher-6] INFO  a.a.LocalActorRef akka://worker/user/watcher/processing-watcher/graph/graph/$bb - Starting...
11:35:07.502 [worker-akka.actor.default-dispatcher-6] INFO  a.a.LocalActorRef akka://worker/user/watcher/processing-watcher/graph/graph/$cb - Starting...
11:35:07.502 [worker-akka.actor.default-dispatcher-6] INFO  a.a.LocalActorRef akka://worker/user/watcher/processing-watcher/graph/graph/$db - Starting...
11:35:07.502 [worker-akka.actor.default-dispatcher-13] INFO  a.a.LocalActorRef akka://worker/user/watcher/processing-watcher/graph/graph/$eb - Starting...
11:35:07.503 [worker-akka.actor.default-dispatcher-13] INFO  a.a.LocalActorRef akka://worker/user/watcher/processing-watcher/graph/graph/$fb - Starting...
11:35:07.504 [worker-akka.actor.default-dispatcher-13] INFO  a.a.LocalActorRef akka://worker/user/watcher/processing-watcher/graph/graph/$gb - Starting...
11:35:07.506 [worker-akka.actor.default-dispatcher-13] INFO  a.a.LocalActorRef akka://worker/user/watcher/processing-watcher/graph/graph/$hb - Starting...
11:35:07.507 [worker-akka.actor.default-dispatcher-13] INFO  a.a.LocalActorRef akka://worker/user/watcher/processing-watcher/graph/graph/$ib - Starting...
11:35:07.508 [worker-akka.actor.default-dispatcher-13] INFO  a.a.LocalActorRef akka://worker/user/watcher/processing-watcher/graph/graph/$jb - Starting...
11:35:07.509 [worker-akka.actor.default-dispatcher-13] INFO  a.a.LocalActorRef akka://worker/user/watcher/processing-watcher/graph/graph/$kb - Starting...
11:35:07.511 [worker-akka.actor.default-dispatcher-13] INFO  a.a.LocalActorRef akka://worker/user/watcher/processing-watcher/graph/graph/$lb - Starting...
11:35:07.513 [worker-akka.actor.default-dispatcher-13] INFO  a.a.LocalActorRef akka://worker/user/watcher/processing-watcher/graph/graph/$nb - Starting...
11:35:07.515 [worker-akka.actor.default-dispatcher-6] INFO  a.a.LocalActorRef akka://worker/user/watcher/processing-watcher/graph/graph/$mb - Starting...
11:35:07.515 [worker-akka.actor.default-dispatcher-6] INFO  a.a.LocalActorRef akka://worker/user/watcher/processing-watcher/graph/graph/$pb - Starting...
11:35:07.516 [worker-akka.actor.default-dispatcher-6] INFO  a.a.LocalActorRef akka://worker/user/watcher/processing-watcher/graph/graph/$ob - Starting...
11:35:07.516 [worker-akka.actor.default-dispatcher-6] INFO  a.a.LocalActorRef akka://worker/user/watcher/processing-watcher/graph/graph/$rb - Starting...
11:35:07.516 [worker-akka.actor.default-dispatcher-6] INFO  a.a.LocalActorRef akka://worker/user/watcher/processing-watcher/graph/graph/$qb - Starting...
11:35:07.516 [worker-akka.actor.default-dispatcher-6] INFO  a.a.LocalActorRef akka://worker/user/watcher/processing-watcher/graph/graph/$sb - Starting...
11:35:07.516 [worker-akka.actor.default-dispatcher-6] INFO  a.a.LocalActorRef akka://worker/user/watcher/processing-watcher/graph/graph/$tb - Starting...
11:35:07.516 [worker-akka.actor.default-dispatcher-6] INFO  a.a.LocalActorRef akka://worker/user/watcher/processing-watcher/graph/graph/$ub - Starting...
11:35:07.517 [worker-akka.actor.default-dispatcher-13] INFO  a.a.LocalActorRef akka://worker/user/watcher/processing-watcher/graph/graph/$vb - Starting...
11:35:07.518 [worker-akka.actor.default-dispatcher-13] INFO  a.a.LocalActorRef akka://worker/user/watcher/processing-watcher/graph/graph/$wb - Starting...
11:35:07.519 [worker-akka.actor.default-dispatcher-13] INFO  a.a.LocalActorRef akka://worker/user/watcher/processing-watcher/graph/graph/$xb - Starting...
11:35:07.520 [worker-akka.actor.default-dispatcher-13] INFO  a.a.LocalActorRef akka://worker/user/watcher/processing-watcher/graph/graph/$yb - Starting...
11:35:07.522 [worker-akka.actor.default-dispatcher-13] INFO  a.a.LocalActorRef akka://worker/user/watcher/processing-watcher/graph/graph/$Ab - Starting...
11:35:07.523 [worker-akka.actor.default-dispatcher-13] INFO  a.a.LocalActorRef akka://worker/user/watcher/processing-watcher/graph/graph/$zb - Starting...
11:35:07.526 [worker-akka.actor.default-dispatcher-13] INFO  a.a.LocalActorRef akka://worker/user/watcher/processing-watcher/graph/graph/$Bb - Starting...
11:35:07.527 [worker-akka.actor.default-dispatcher-13] INFO  a.a.LocalActorRef akka://worker/user/watcher/processing-watcher/graph/graph/$Cb - Starting...
11:35:07.529 [worker-akka.actor.default-dispatcher-12] INFO  a.a.LocalActorRef akka://worker/user/watcher/processing-watcher/graph/graph/$Db - Starting...
11:35:07.529 [worker-akka.actor.default-dispatcher-12] INFO  a.a.LocalActorRef akka://worker/user/watcher/processing-watcher/graph/graph/$Eb - Starting...
11:35:07.529 [worker-akka.actor.default-dispatcher-12] INFO  a.a.LocalActorRef akka://worker/user/watcher/processing-watcher/graph/graph/$Fb - Starting...
11:35:07.529 [worker-akka.actor.default-dispatcher-12] INFO  a.a.LocalActorRef akka://worker/user/watcher/processing-watcher/graph/graph/$Gb - Starting...
11:35:07.529 [worker-akka.actor.default-dispatcher-12] INFO  a.a.LocalActorRef akka://worker/user/watcher/processing-watcher/graph/graph/$Hb - Starting...
11:35:07.530 [worker-akka.actor.default-dispatcher-12] INFO  a.a.LocalActorRef akka://worker/user/watcher/processing-watcher/graph/graph/$Jb - Starting...
11:35:07.530 [worker-akka.actor.default-dispatcher-13] INFO  a.a.LocalActorRef akka://worker/user/watcher/processing-watcher/graph/graph/$Ib - Starting...
11:35:07.531 [worker-akka.actor.default-dispatcher-13] INFO  a.a.LocalActorRef akka://worker/user/watcher/processing-watcher/graph/graph/$Kb - Starting...
11:35:07.532 [worker-akka.actor.default-dispatcher-13] INFO  a.a.LocalActorRef akka://worker/user/watcher/processing-watcher/graph/graph/$Lb - Starting...
11:35:07.534 [worker-akka.actor.default-dispatcher-13] INFO  a.a.LocalActorRef akka://worker/user/watcher/processing-watcher/graph/graph/$Mb - Starting...
11:35:07.535 [worker-akka.actor.default-dispatcher-13] INFO  a.a.LocalActorRef akka://worker/user/watcher/processing-watcher/graph/graph/$Nb - Starting...
2019-10-10T11:35:22.709+0000: 32.391: [GC (Allocation Failure) 2019-10-10T11:35:22.709+0000: 32.391: [DefNew: 409600K->32442K(460800K), 0.0691775 secs] 435539K->58381K(1484800K), 0.0692893 secs] [Times: user=0.04 sys=0.03, real=0.07 secs] 
2019-10-10T11:35:34.698+0000: 44.380: [GC (Allocation Failure) 2019-10-10T11:35:34.698+0000: 44.380: [DefNew: 442042K->1162K(460800K), 0.0515391 secs] 467981K->56050K(1484800K), 0.0516594 secs] [Times: user=0.02 sys=0.03, real=0.05 secs] 
2019-10-10T11:35:43.333+0000: 53.015: [GC (Allocation Failure) 2019-10-10T11:35:43.333+0000: 53.015: [DefNew: 410762K->1695K(460800K), 0.0086256 secs] 465650K->56583K(1484800K), 0.0087408 secs] [Times: user=0.01 sys=0.00, real=0.00 secs] 
2019-10-10T11:35:49.892+0000: 59.573: [GC (Allocation Failure) 2019-10-10T11:35:49.892+0000: 59.573: [DefNew: 411295K->1366K(460800K), 0.0124338 secs] 466183K->56254K(1484800K), 0.0125523 secs] [Times: user=0.02 sys=0.00, real=0.01 secs] 
2019-10-10T11:35:59.131+0000: 68.812: [GC (Allocation Failure) 2019-10-10T11:35:59.131+0000: 68.813: [DefNew: 410966K->1963K(460800K), 0.0085808 secs] 465854K->56851K(1484800K), 0.0087097 secs] [Times: user=0.00 sys=0.00, real=0.01 secs] 
2019-10-10T11:36:08.824+0000: 78.506: [GC (Allocation Failure) 2019-10-10T11:36:08.824+0000: 78.506: [DefNew: 411563K->1741K(460800K), 0.0078884 secs] 466451K->56629K(1484800K), 0.0079911 secs] [Times: user=0.01 sys=0.01, real=0.01 secs] 
2019-10-10T11:36:16.703+0000: 86.385: [GC (Allocation Failure) 2019-10-10T11:36:16.703+0000: 86.385: [DefNew: 411341K->1716K(460800K), 0.0074719 secs] 466229K->56604K(1484800K), 0.0075895 secs] [Times: user=0.01 sys=0.00, real=0.00 secs] 
2019-10-10T11:36:23.403+0000: 93.085: [GC (Allocation Failure) 2019-10-10T11:36:23.403+0000: 93.085: [DefNew: 411316K->1651K(460800K), 0.0053072 secs] 466204K->56539K(1484800K), 0.0054340 secs] [Times: user=0.01 sys=0.00, real=0.00 secs] 
2019-10-10T11:36:31.154+0000: 100.836: [GC (Allocation Failure) 2019-10-10T11:36:31.154+0000: 100.836: [DefNew: 411251K->1635K(460800K), 0.0054898 secs] 466139K->56523K(1484800K), 0.0056932 secs] [Times: user=0.00 sys=0.00, real=0.00 secs] 
2019-10-10T11:36:38.392+0000: 108.074: [GC (Allocation Failure) 2019-10-10T11:36:38.392+0000: 108.074: [DefNew: 411235K->1637K(460800K), 0.0055376 secs] 466123K->56525K(1484800K), 0.0056596 secs] [Times: user=0.00 sys=0.00, real=0.00 secs] 
2019-10-10T11:36:45.547+0000: 115.229: [GC (Allocation Failure) 2019-10-10T11:36:45.547+0000: 115.229: [DefNew: 411237K->1634K(460800K), 0.0057452 secs] 466125K->56522K(1484800K), 0.0058895 secs] [Times: user=0.01 sys=0.00, real=0.01 secs] 
2019-10-10T11:36:52.797+0000: 122.479: [GC (Allocation Failure) 2019-10-10T11:36:52.797+0000: 122.479: [DefNew: 411234K->1695K(460800K), 0.0057820 secs] 466122K->56583K(1484800K), 0.0059044 secs] [Times: user=0.00 sys=0.00, real=0.01 secs] 
2019-10-10T11:37:00.593+0000: 130.275: [GC (Allocation Failure) 2019-10-10T11:37:00.594+0000: 130.275: [DefNew: 411295K->1755K(460800K), 0.0062480 secs] 466183K->56643K(1484800K), 0.0063894 secs] [Times: user=0.00 sys=0.00, real=0.00 secs] 
2019-10-10T11:37:07.820+0000: 137.502: [GC (Allocation Failure) 2019-10-10T11:37:07.820+0000: 137.502: [DefNew: 411355K->1733K(460800K), 0.0056049 secs] 466243K->56621K(1484800K), 0.0057244 secs] [Times: user=0.00 sys=0.00, real=0.01 secs] 
2019-10-10T11:37:15.063+0000: 144.744: [GC (Allocation Failure) 2019-10-10T11:37:15.063+0000: 144.744: [DefNew: 411333K->1769K(460800K), 0.0055515 secs] 466221K->56657K(1484800K), 0.0057672 secs] [Times: user=0.00 sys=0.00, real=0.01 secs] 
2019-10-10T11:37:22.900+0000: 152.582: [GC (Allocation Failure) 2019-10-10T11:37:22.900+0000: 152.582: [DefNew: 411369K->1724K(460800K), 0.0055514 secs] 466257K->56612K(1484800K), 0.0056848 secs] [Times: user=0.01 sys=0.00, real=0.01 secs] 
2019-10-10T11:37:30.175+0000: 159.857: [GC (Allocation Failure) 2019-10-10T11:37:30.176+0000: 159.857: [DefNew: 411324K->1578K(460800K), 0.0061969 secs] 466212K->56681K(1484800K), 0.0063170 secs] [Times: user=0.01 sys=0.00, real=0.00 secs] 
2019-10-10T11:37:37.439+0000: 167.121: [GC (Allocation Failure) 2019-10-10T11:37:37.439+0000: 167.121: [DefNew: 411178K->1383K(460800K), 0.0054321 secs] 466281K->56617K(1484800K), 0.0055401 secs] [Times: user=0.00 sys=0.00, real=0.01 secs] 
2019-10-10T11:37:45.332+0000: 175.014: [GC (Allocation Failure) 2019-10-10T11:37:45.332+0000: 175.014: [DefNew: 410983K->1222K(460800K), 0.0055381 secs] 466217K->56612K(1484800K), 0.0056633 secs] [Times: user=0.01 sys=0.00, real=0.00 secs] 
2019-10-10T11:37:52.680+0000: 182.362: [GC (Allocation Failure) 2019-10-10T11:37:52.680+0000: 182.362: [DefNew: 410822K->273K(460800K), 0.0073032 secs] 466212K->56653K(1484800K), 0.0074264 secs] [Times: user=0.01 sys=0.00, real=0.01 secs] 
2019-10-10T11:37:59.835+0000: 189.517: [GC (Allocation Failure) 2019-10-10T11:37:59.836+0000: 189.517: [DefNew: 409873K->334K(460800K), 0.0043401 secs] 466253K->56714K(1484800K), 0.0044814 secs] [Times: user=0.01 sys=0.00, real=0.00 secs] 
2019-10-10T11:38:07.581+0000: 197.262: [GC (Allocation Failure) 2019-10-10T11:38:07.581+0000: 197.262: [DefNew: 409934K->287K(460800K), 0.0040087 secs] 466314K->56670K(1484800K), 0.0041181 secs] [Times: user=0.00 sys=0.00, real=0.01 secs] 
2019-10-10T11:38:14.930+0000: 204.612: [GC (Allocation Failure) 2019-10-10T11:38:14.930+0000: 204.612: [DefNew: 409887K->339K(460800K), 0.0039161 secs] 466270K->56725K(1484800K), 0.0040280 secs] [Times: user=0.00 sys=0.00, real=0.01 secs] 
2019-10-10T11:38:22.329+0000: 212.011: [GC (Allocation Failure) 2019-10-10T11:38:22.329+0000: 212.011: [DefNew: 409939K->343K(460800K), 0.0039496 secs] 466325K->56731K(1484800K), 0.0040923 secs] [Times: user=0.01 sys=0.00, real=0.01 secs] 
2019-10-10T11:38:30.061+0000: 219.743: [GC (Allocation Failure) 2019-10-10T11:38:30.061+0000: 219.743: [DefNew: 409943K->295K(460800K), 0.0041179 secs] 466331K->56683K(1484800K), 0.0042557 secs] [Times: user=0.01 sys=0.00, real=0.01 secs] 
2019-10-10T11:38:37.343+0000: 227.025: [GC (Allocation Failure) 2019-10-10T11:38:37.343+0000: 227.025: [DefNew: 409895K->286K(460800K), 0.0038343 secs] 466283K->56675K(1484800K), 0.0039353 secs] [Times: user=0.01 sys=0.00, real=0.00 secs] 
2019-10-10T11:38:44.626+0000: 234.307: [GC (Allocation Failure) 2019-10-10T11:38:44.626+0000: 234.307: [DefNew: 409886K->455K(460800K), 0.0042355 secs] 466275K->56844K(1484800K), 0.0043559 secs] [Times: user=0.00 sys=0.00, real=0.00 secs] 
2019-10-10T11:38:52.353+0000: 242.035: [GC (Allocation Failure) 2019-10-10T11:38:52.353+0000: 242.035: [DefNew: 410055K->230K(460800K), 0.0039825 secs] 466444K->56705K(1484800K), 0.0040955 secs] [Times: user=0.00 sys=0.00, real=0.00 secs] 
2019-10-10T11:38:59.661+0000: 249.343: [GC (Allocation Failure) 2019-10-10T11:38:59.661+0000: 249.343: [DefNew: 409830K->241K(460800K), 0.0041076 secs] 466305K->56717K(1484800K), 0.0042476 secs] [Times: user=0.00 sys=0.00, real=0.01 secs] 
2019-10-10T11:39:06.936+0000: 256.618: [GC (Allocation Failure) 2019-10-10T11:39:06.936+0000: 256.618: [DefNew: 409841K->369K(460800K), 0.0039276 secs] 466317K->56845K(1484800K), 0.0040562 secs] [Times: user=0.01 sys=0.00, real=0.00 secs] 
2019-10-10T11:39:14.175+0000: 263.857: [GC (Allocation Failure) 2019-10-10T11:39:14.175+0000: 263.857: [DefNew: 409969K->241K(460800K), 0.0042631 secs] 466445K->56717K(1484800K), 0.0043742 secs] [Times: user=0.01 sys=0.00, real=0.00 secs] 
2019-10-10T11:39:21.945+0000: 271.626: [GC (Allocation Failure) 2019-10-10T11:39:21.945+0000: 271.626: [DefNew: 409841K->253K(460800K), 0.0039103 secs] 466317K->56729K(1484800K), 0.0040250 secs] [Times: user=0.00 sys=0.00, real=0.00 secs] 
2019-10-10T11:39:29.201+0000: 278.883: [GC (Allocation Failure) 2019-10-10T11:39:29.201+0000: 278.883: [DefNew: 409853K->239K(460800K), 0.0040755 secs] 466329K->56715K(1484800K), 0.0042147 secs] [Times: user=0.01 sys=0.00, real=0.01 secs] 
2019-10-10T11:39:36.462+0000: 286.144: [GC (Allocation Failure) 2019-10-10T11:39:36.462+0000: 286.144: [DefNew: 409839K->307K(460800K), 0.0037396 secs] 466315K->56784K(1484800K), 0.0038548 secs] [Times: user=0.00 sys=0.00, real=0.01 secs] 
2019-10-10T11:39:44.283+0000: 293.965: [GC (Allocation Failure) 2019-10-10T11:39:44.283+0000: 293.965: [DefNew: 409907K->240K(460800K), 0.0038558 secs] 466384K->56717K(1484800K), 0.0039735 secs] [Times: user=0.01 sys=0.00, real=0.00 secs] 
2019-10-10T11:39:51.581+0000: 301.263: [GC (Allocation Failure) 2019-10-10T11:39:51.581+0000: 301.263: [DefNew: 409840K->239K(460800K), 0.0040414 secs] 466317K->56772K(1484800K), 0.0041525 secs] [Times: user=0.00 sys=0.00, real=0.01 secs] 
2019-10-10T11:39:58.777+0000: 308.459: [GC (Allocation Failure) 2019-10-10T11:39:58.777+0000: 308.459: [DefNew: 409839K->293K(460800K), 0.0041460 secs] 466372K->56826K(1484800K), 0.0042633 secs] [Times: user=0.00 sys=0.00, real=0.00 secs] 
2019-10-10T11:40:06.050+0000: 315.732: [GC (Allocation Failure) 2019-10-10T11:40:06.050+0000: 315.732: [DefNew: 409893K->233K(460800K), 0.0036589 secs] 466426K->56771K(1484800K), 0.0037726 secs] [Times: user=0.00 sys=0.00, real=0.01 secs] 
2019-10-10T11:40:13.770+0000: 323.452: [GC (Allocation Failure) 2019-10-10T11:40:13.770+0000: 323.452: [DefNew: 409833K->262K(460800K), 0.0038872 secs] 466371K->56799K(1484800K), 0.0039855 secs] [Times: user=0.00 sys=0.00, real=0.01 secs] 
2019-10-10T11:40:21.122+0000: 330.803: [GC (Allocation Failure) 2019-10-10T11:40:21.122+0000: 330.803: [DefNew: 409862K->235K(460800K), 0.0037654 secs] 466399K->56773K(1484800K), 0.0038767 secs] [Times: user=0.01 sys=0.00, real=0.01 secs] 
2019-10-10T11:40:28.473+0000: 338.154: [GC (Allocation Failure) 2019-10-10T11:40:28.473+0000: 338.154: [DefNew: 409835K->233K(460800K), 0.0036593 secs] 466373K->56771K(1484800K), 0.0037690 secs] [Times: user=0.00 sys=0.00, real=0.00 secs] 
2019-10-10T11:40:36.143+0000: 345.825: [GC (Allocation Failure) 2019-10-10T11:40:36.143+0000: 345.825: [DefNew: 409833K->234K(460800K), 0.0038596 secs] 466371K->56772K(1484800K), 0.0039714 secs] [Times: user=0.00 sys=0.00, real=0.00 secs] 
2019-10-10T11:40:43.533+0000: 353.214: [GC (Allocation Failure) 2019-10-10T11:40:43.533+0000: 353.214: [DefNew: 409834K->232K(460800K), 0.0037269 secs] 466372K->56770K(1484800K), 0.0038294 secs] [Times: user=0.00 sys=0.00, real=0.00 secs] 
2019-10-10T11:40:50.811+0000: 360.493: [GC (Allocation Failure) 2019-10-10T11:40:50.811+0000: 360.493: [DefNew: 409832K->257K(460800K), 0.0039435 secs] 466370K->56836K(1484800K), 0.0040659 secs] [Times: user=0.01 sys=0.00, real=0.00 secs] 
2019-10-10T11:40:58.403+0000: 368.085: [GC (Allocation Failure) 2019-10-10T11:40:58.403+0000: 368.085: [DefNew: 409857K->239K(460800K), 0.0040475 secs] 466436K->56818K(1484800K), 0.0041900 secs] [Times: user=0.01 sys=0.00, real=0.00 secs] 
2019-10-10T11:41:05.681+0000: 375.363: [GC (Allocation Failure) 2019-10-10T11:41:05.681+0000: 375.363: [DefNew: 409839K->242K(460800K), 0.0039209 secs] 466418K->56821K(1484800K), 0.0040329 secs] [Times: user=0.00 sys=0.00, real=0.01 secs] 
2019-10-10T11:41:12.878+0000: 382.560: [GC (Allocation Failure) 2019-10-10T11:41:12.878+0000: 382.560: [DefNew: 409842K->274K(460800K), 0.0037968 secs] 466421K->56853K(1484800K), 0.0039239 secs] [Times: user=0.01 sys=0.00, real=0.00 secs] 
2019-10-10T11:41:20.175+0000: 389.856: [GC (Allocation Failure) 2019-10-10T11:41:20.175+0000: 389.856: [DefNew: 409874K->216K(460800K), 0.0037099 secs] 466453K->56795K(1484800K), 0.0038259 secs] [Times: user=0.01 sys=0.00, real=0.00 secs] 
2019-10-10T11:41:27.913+0000: 397.594: [GC (Allocation Failure) 2019-10-10T11:41:27.913+0000: 397.594: [DefNew: 409816K->309K(460800K), 0.0036746 secs] 466395K->56889K(1484800K), 0.0037882 secs] [Times: user=0.00 sys=0.00, real=0.00 secs] 
2019-10-10T11:41:35.206+0000: 404.888: [GC (Allocation Failure) 2019-10-10T11:41:35.206+0000: 404.888: [DefNew: 409909K->291K(460800K), 0.0039476 secs] 466489K->56871K(1484800K), 0.0040629 secs] [Times: user=0.00 sys=0.00, real=0.00 secs] 
2019-10-10T11:41:42.457+0000: 412.139: [GC (Allocation Failure) 2019-10-10T11:41:42.457+0000: 412.139: [DefNew: 409891K->300K(460800K), 0.0039691 secs] 466471K->56881K(1484800K), 0.0040660 secs] [Times: user=0.00 sys=0.00, real=0.00 secs] 
2019-10-10T11:41:50.210+0000: 419.892: [GC (Allocation Failure) 2019-10-10T11:41:50.210+0000: 419.892: [DefNew: 409900K->198K(460800K), 0.0037750 secs] 466481K->56801K(1484800K), 0.0038880 secs] [Times: user=0.00 sys=0.00, real=0.01 secs] 
2019-10-10T11:41:57.480+0000: 427.162: [GC (Allocation Failure) 2019-10-10T11:41:57.480+0000: 427.162: [DefNew: 409798K->272K(460800K), 0.0042198 secs] 466401K->56907K(1484800K), 0.0043353 secs] [Times: user=0.01 sys=0.00, real=0.01 secs] 
2019-10-10T11:42:04.738+0000: 434.420: [GC (Allocation Failure) 2019-10-10T11:42:04.739+0000: 434.420: [DefNew: 409872K->173K(460800K), 0.0038151 secs] 466507K->56808K(1484800K), 0.0039310 secs] [Times: user=0.01 sys=0.00, real=0.00 secs] 
2019-10-10T11:42:12.106+0000: 441.788: [GC (Allocation Failure) 2019-10-10T11:42:12.106+0000: 441.788: [DefNew: 409773K->172K(460800K), 0.0036297 secs] 466408K->56807K(1484800K), 0.0037452 secs] [Times: user=0.00 sys=0.00, real=0.00 secs] 
2019-10-10T11:42:19.764+0000: 449.445: [GC (Allocation Failure) 2019-10-10T11:42:19.764+0000: 449.445: [DefNew: 409772K->189K(460800K), 0.0038071 secs] 466407K->56824K(1484800K), 0.0039129 secs] [Times: user=0.00 sys=0.00, real=0.00 secs] 
2019-10-10T11:42:27.055+0000: 456.737: [GC (Allocation Failure) 2019-10-10T11:42:27.056+0000: 456.737: [DefNew: 409789K->174K(460800K), 0.0038642 secs] 466424K->56809K(1484800K), 0.0039793 secs] [Times: user=0.00 sys=0.01, real=0.00 secs] 
11:42:33.673 [worker-akka.actor.default-dispatcher-6] INFO  a.r.a.Association(akka://worker) akka.remote.artery.Association(akka://worker) - Stopping idle outbound stream [2] to [akka://worker@flamestream-benchmarks-worker-0:5412]
2019-10-10T11:42:34.802+0000: 464.484: [GC (Allocation Failure) 2019-10-10T11:42:34.802+0000: 464.484: [DefNew: 409774K->267K(460800K), 0.0042719 secs] 466409K->56901K(1484800K), 0.0043845 secs] [Times: user=0.01 sys=0.00, real=0.01 secs] 
2019-10-10T11:42:42.063+0000: 471.745: [GC (Allocation Failure) 2019-10-10T11:42:42.063+0000: 471.745: [DefNew: 409867K->268K(460800K), 0.0042977 secs] 466501K->56903K(1484800K), 0.0044565 secs] [Times: user=0.00 sys=0.01, real=0.01 secs] 
2019-10-10T11:42:49.365+0000: 479.047: [GC (Allocation Failure) 2019-10-10T11:42:49.365+0000: 479.047: [DefNew: 409868K->206K(460800K), 0.0041894 secs] 466503K->56865K(1484800K), 0.0043156 secs] [Times: user=0.01 sys=0.00, real=0.00 secs] 
2019-10-10T11:42:56.682+0000: 486.364: [GC (Allocation Failure) 2019-10-10T11:42:56.683+0000: 486.364: [DefNew: 409806K->218K(460800K), 0.0041827 secs] 466465K->56877K(1484800K), 0.0042937 secs] [Times: user=0.01 sys=0.00, real=0.01 secs] 
2019-10-10T11:43:04.403+0000: 494.085: [GC (Allocation Failure) 2019-10-10T11:43:04.403+0000: 494.085: [DefNew: 409818K->219K(460800K), 0.0042058 secs] 466477K->56878K(1484800K), 0.0043413 secs] [Times: user=0.01 sys=0.00, real=0.00 secs] 
2019-10-10T11:43:11.734+0000: 501.416: [GC (Allocation Failure) 2019-10-10T11:43:11.734+0000: 501.416: [DefNew: 409819K->216K(460800K), 0.0041984 secs] 466478K->56875K(1484800K), 0.0043462 secs] [Times: user=0.01 sys=0.00, real=0.00 secs] 
2019-10-10T11:43:18.960+0000: 508.642: [GC (Allocation Failure) 2019-10-10T11:43:18.960+0000: 508.642: [DefNew: 409816K->262K(460800K), 0.0041983 secs] 466475K->56922K(1484800K), 0.0043371 secs] [Times: user=0.01 sys=0.00, real=0.01 secs] 
2019-10-10T11:43:26.722+0000: 516.404: [GC (Allocation Failure) 2019-10-10T11:43:26.722+0000: 516.404: [DefNew: 409862K->218K(460800K), 0.0039399 secs] 466522K->56877K(1484800K), 0.0040551 secs] [Times: user=0.00 sys=0.00, real=0.01 secs] 
2019-10-10T11:43:34.053+0000: 523.735: [GC (Allocation Failure) 2019-10-10T11:43:34.053+0000: 523.735: [DefNew: 409818K->225K(460800K), 0.0040225 secs] 466477K->56884K(1484800K), 0.0041338 secs] [Times: user=0.00 sys=0.00, real=0.00 secs] 
2019-10-10T11:43:41.335+0000: 531.016: [GC (Allocation Failure) 2019-10-10T11:43:41.335+0000: 531.017: [DefNew: 409825K->273K(460800K), 0.0042403 secs] 466484K->56933K(1484800K), 0.0043562 secs] [Times: user=0.00 sys=0.00, real=0.00 secs] 
2019-10-10T11:43:48.732+0000: 538.413: [GC (Allocation Failure) 2019-10-10T11:43:48.732+0000: 538.413: [DefNew: 409873K->208K(460800K), 0.0039519 secs] 466533K->56878K(1484800K), 0.0040513 secs] [Times: user=0.00 sys=0.00, real=0.00 secs] 
2019-10-10T11:43:56.351+0000: 546.033: [GC (Allocation Failure) 2019-10-10T11:43:56.352+0000: 546.033: [DefNew: 409808K->219K(460800K), 0.0041414 secs] 466478K->56889K(1484800K), 0.0042968 secs] [Times: user=0.00 sys=0.00, real=0.00 secs] 
2019-10-10T11:44:03.616+0000: 553.298: [GC (Allocation Failure) 2019-10-10T11:44:03.616+0000: 553.298: [DefNew: 409819K->218K(460800K), 0.0041854 secs] 466489K->56888K(1484800K), 0.0043026 secs] [Times: user=0.00 sys=0.00, real=0.00 secs] 
2019-10-10T11:44:10.904+0000: 560.585: [GC (Allocation Failure) 2019-10-10T11:44:10.904+0000: 560.585: [DefNew: 409818K->252K(460800K), 0.0040068 secs] 466488K->56923K(1484800K), 0.0041196 secs] [Times: user=0.01 sys=0.00, real=0.00 secs] 
2019-10-10T11:44:18.657+0000: 568.339: [GC (Allocation Failure) 2019-10-10T11:44:18.657+0000: 568.339: [DefNew: 409852K->221K(460800K), 0.0040268 secs] 466523K->56892K(1484800K), 0.0041292 secs] [Times: user=0.01 sys=0.00, real=0.00 secs] 
2019-10-10T11:44:25.963+0000: 575.645: [GC (Allocation Failure) 2019-10-10T11:44:25.963+0000: 575.645: [DefNew: 409821K->237K(460800K), 0.0044305 secs] 466492K->56945K(1484800K), 0.0045554 secs] [Times: user=0.00 sys=0.00, real=0.00 secs] 
2019-10-10T11:44:33.232+0000: 582.914: [GC (Allocation Failure) 2019-10-10T11:44:33.233+0000: 582.914: [DefNew: 409837K->161K(460800K), 0.0038820 secs] 466545K->56889K(1484800K), 0.0040017 secs] [Times: user=0.00 sys=0.00, real=0.00 secs] 
2019-10-10T11:44:41.046+0000: 590.727: [GC (Allocation Failure) 2019-10-10T11:44:41.046+0000: 590.727: [DefNew: 409761K->162K(460800K), 0.0037268 secs] 466489K->56891K(1484800K), 0.0038483 secs] [Times: user=0.00 sys=0.00, real=0.00 secs] 
2019-10-10T11:44:48.327+0000: 598.009: [GC (Allocation Failure) 2019-10-10T11:44:48.327+0000: 598.009: [DefNew: 409762K->160K(460800K), 0.0038321 secs] 466491K->56900K(1484800K), 0.0039467 secs] [Times: user=0.00 sys=0.00, real=0.01 secs] 
2019-10-10T11:44:55.621+0000: 605.303: [GC (Allocation Failure) 2019-10-10T11:44:55.621+0000: 605.303: [DefNew: 409760K->159K(460800K), 0.0037413 secs] 466500K->56899K(1484800K), 0.0038741 secs] [Times: user=0.01 sys=0.00, real=0.01 secs] 
2019-10-10T11:45:03.315+0000: 612.997: [GC (Allocation Failure) 2019-10-10T11:45:03.315+0000: 612.997: [DefNew: 409759K->160K(460800K), 0.0037656 secs] 466499K->56900K(1484800K), 0.0038865 secs] [Times: user=0.01 sys=0.00, real=0.00 secs] 
2019-10-10T11:45:10.624+0000: 620.306: [GC (Allocation Failure) 2019-10-10T11:45:10.624+0000: 620.306: [DefNew: 409760K->167K(460800K), 0.0036600 secs] 466500K->56907K(1484800K), 0.0037877 secs] [Times: user=0.01 sys=0.00, real=0.00 secs] 
2019-10-10T11:45:17.987+0000: 627.668: [GC (Allocation Failure) 2019-10-10T11:45:17.987+0000: 627.668: [DefNew: 409767K->160K(460800K), 0.0035763 secs] 466507K->56901K(1484800K), 0.0036952 secs] [Times: user=0.00 sys=0.00, real=0.00 secs] 
2019-10-10T11:45:25.742+0000: 635.424: [GC (Allocation Failure) 2019-10-10T11:45:25.742+0000: 635.424: [DefNew: 409760K->160K(460800K), 0.0035037 secs] 466501K->56901K(1484800K), 0.0036054 secs] [Times: user=0.01 sys=0.00, real=0.01 secs] 
2019-10-10T11:45:32.994+0000: 642.675: [GC (Allocation Failure) 2019-10-10T11:45:32.994+0000: 642.675: [DefNew: 409760K->169K(460800K), 0.0037883 secs] 466501K->56910K(1484800K), 0.0039027 secs] [Times: user=0.00 sys=0.00, real=0.00 secs] 
2019-10-10T11:45:40.286+0000: 649.968: [GC (Allocation Failure) 2019-10-10T11:45:40.286+0000: 649.968: [DefNew: 409769K->194K(460800K), 0.0036871 secs] 466510K->56935K(1484800K), 0.0037910 secs] [Times: user=0.00 sys=0.00, real=0.00 secs] 
2019-10-10T11:45:47.588+0000: 657.270: [GC (Allocation Failure) 2019-10-10T11:45:47.588+0000: 657.270: [DefNew: 409794K->157K(460800K), 0.0037340 secs] 466535K->56909K(1484800K), 0.0038228 secs] [Times: user=0.00 sys=0.00, real=0.01 secs] 
2019-10-10T11:45:55.418+0000: 665.100: [GC (Allocation Failure) 2019-10-10T11:45:55.418+0000: 665.100: [DefNew: 409757K->198K(460800K), 0.0038322 secs] 466509K->56950K(1484800K), 0.0039457 secs] [Times: user=0.00 sys=0.00, real=0.00 secs] 
2019-10-10T11:46:02.642+0000: 672.324: [GC (Allocation Failure) 2019-10-10T11:46:02.642+0000: 672.324: [DefNew: 409798K->157K(460800K), 0.0036806 secs] 466550K->56910K(1484800K), 0.0038005 secs] [Times: user=0.01 sys=0.00, real=0.01 secs] 
2019-10-10T11:46:09.910+0000: 679.592: [GC (Allocation Failure) 2019-10-10T11:46:09.910+0000: 679.592: [DefNew: 409757K->178K(460800K), 0.0036535 secs] 466510K->56931K(1484800K), 0.0037526 secs] [Times: user=0.01 sys=0.00, real=0.01 secs] 
2019-10-10T11:46:17.725+0000: 687.406: [GC (Allocation Failure) 2019-10-10T11:46:17.725+0000: 687.406: [DefNew: 409778K->157K(460800K), 0.0037272 secs] 466531K->56911K(1484800K), 0.0038302 secs] [Times: user=0.01 sys=0.00, real=0.00 secs] 
2019-10-10T11:46:24.977+0000: 694.659: [GC (Allocation Failure) 2019-10-10T11:46:24.977+0000: 694.659: [DefNew: 409757K->160K(460800K), 0.0039325 secs] 466511K->56913K(1484800K), 0.0040492 secs] [Times: user=0.00 sys=0.00, real=0.00 secs] 
2019-10-10T11:46:32.343+0000: 702.025: [GC (Allocation Failure) 2019-10-10T11:46:32.343+0000: 702.025: [DefNew: 409760K->191K(460800K), 0.0039454 secs] 466513K->56945K(1484800K), 0.0040575 secs] [Times: user=0.00 sys=0.00, real=0.00 secs] 
2019-10-10T11:46:40.212+0000: 709.893: [GC (Allocation Failure) 2019-10-10T11:46:40.212+0000: 709.893: [DefNew: 409791K->171K(460800K), 0.0036359 secs] 466545K->56924K(1484800K), 0.0037496 secs] [Times: user=0.00 sys=0.00, real=0.00 secs] 
2019-10-10T11:46:47.602+0000: 717.284: [GC (Allocation Failure) 2019-10-10T11:46:47.602+0000: 717.284: [DefNew: 409771K->146K(460800K), 0.0036418 secs] 466524K->56909K(1484800K), 0.0037394 secs] [Times: user=0.01 sys=0.00, real=0.01 secs] 
2019-10-10T11:46:54.840+0000: 724.522: [GC (Allocation Failure) 2019-10-10T11:46:54.840+0000: 724.522: [DefNew: 409746K->158K(460800K), 0.0037490 secs] 466509K->56922K(1484800K), 0.0038741 secs] [Times: user=0.00 sys=0.00, real=0.01 secs] 
2019-10-10T11:47:02.473+0000: 732.154: [GC (Allocation Failure) 2019-10-10T11:47:02.473+0000: 732.154: [DefNew: 409758K->294K(460800K), 0.0038112 secs] 466522K->57058K(1484800K), 0.0039165 secs] [Times: user=0.01 sys=0.00, real=0.00 secs] 
2019-10-10T11:47:09.756+0000: 739.437: [GC (Allocation Failure) 2019-10-10T11:47:09.756+0000: 739.437: [DefNew: 409894K->316K(460800K), 0.0038995 secs] 466658K->57080K(1484800K), 0.0040285 secs] [Times: user=0.00 sys=0.00, real=0.00 secs] 
2019-10-10T11:47:17.039+0000: 746.720: [GC (Allocation Failure) 2019-10-10T11:47:17.039+0000: 746.720: [DefNew: 409916K->307K(460800K), 0.0038450 secs] 466680K->57070K(1484800K), 0.0039625 secs] [Times: user=0.01 sys=0.00, real=0.00 secs] 
2019-10-10T11:47:24.738+0000: 754.420: [GC (Allocation Failure) 2019-10-10T11:47:24.738+0000: 754.420: [DefNew: 409907K->253K(460800K), 0.0035979 secs] 466670K->57017K(1484800K), 0.0037099 secs] [Times: user=0.00 sys=0.00, real=0.00 secs] 
2019-10-10T11:47:32.086+0000: 761.767: [GC (Allocation Failure) 2019-10-10T11:47:32.086+0000: 761.768: [DefNew: 409853K->258K(460800K), 0.0035506 secs] 466617K->57022K(1484800K), 0.0036898 secs] [Times: user=0.00 sys=0.00, real=0.00 secs] 
2019-10-10T11:47:39.344+0000: 769.026: [GC (Allocation Failure) 2019-10-10T11:47:39.344+0000: 769.026: [DefNew: 409858K->342K(460800K), 0.0038074 secs] 466622K->57105K(1484800K), 0.0039254 secs] [Times: user=0.00 sys=0.00, real=0.00 secs] 
2019-10-10T11:47:47.132+0000: 776.814: [GC (Allocation Failure) 2019-10-10T11:47:47.132+0000: 776.814: [DefNew: 409942K->252K(460800K), 0.0038231 secs] 466705K->57024K(1484800K), 0.0039353 secs] [Times: user=0.01 sys=0.00, real=0.00 secs] 
2019-10-10T11:47:54.402+0000: 784.083: [GC (Allocation Failure) 2019-10-10T11:47:54.402+0000: 784.083: [DefNew: 409852K->292K(460800K), 0.0038042 secs] 466624K->57066K(1484800K), 0.0039305 secs] [Times: user=0.00 sys=0.00, real=0.01 secs] 
2019-10-10T11:48:01.672+0000: 791.354: [GC (Allocation Failure) 2019-10-10T11:48:01.672+0000: 791.354: [DefNew: 409892K->297K(460800K), 0.0038135 secs] 466666K->57070K(1484800K), 0.0039185 secs] [Times: user=0.01 sys=0.00, real=0.00 secs] 
2019-10-10T11:48:08.923+0000: 798.605: [GC (Allocation Failure) 2019-10-10T11:48:08.923+0000: 798.605: [DefNew: 409897K->252K(460800K), 0.0037333 secs] 466670K->57025K(1484800K), 0.0038552 secs] [Times: user=0.00 sys=0.00, real=0.00 secs] 
2019-10-10T11:48:16.742+0000: 806.424: [GC (Allocation Failure) 2019-10-10T11:48:16.742+0000: 806.424: [DefNew: 409852K->259K(460800K), 0.0036238 secs] 466625K->57032K(1484800K), 0.0037502 secs] [Times: user=0.00 sys=0.00, real=0.01 secs] 
2019-10-10T11:48:24.043+0000: 813.724: [GC (Allocation Failure) 2019-10-10T11:48:24.043+0000: 813.724: [DefNew: 409859K->256K(460800K), 0.0038865 secs] 466632K->57030K(1484800K), 0.0040174 secs] [Times: user=0.00 sys=0.00, real=0.01 secs] 
2019-10-10T11:48:31.257+0000: 820.939: [GC (Allocation Failure) 2019-10-10T11:48:31.257+0000: 820.939: [DefNew: 409856K->252K(460800K), 0.0039920 secs] 466630K->57026K(1484800K), 0.0041021 secs] [Times: user=0.00 sys=0.00, real=0.00 secs] 
2019-10-10T11:48:39.060+0000: 828.742: [GC (Allocation Failure) 2019-10-10T11:48:39.061+0000: 828.742: [DefNew: 409852K->254K(460800K), 0.0037820 secs] 466626K->57027K(1484800K), 0.0038896 secs] [Times: user=0.00 sys=0.00, real=0.01 secs] 
2019-10-10T11:48:46.375+0000: 836.057: [GC (Allocation Failure) 2019-10-10T11:48:46.375+0000: 836.057: [DefNew: 409854K->373K(460800K), 0.0039574 secs] 466627K->57155K(1484800K), 0.0040740 secs] [Times: user=0.01 sys=0.00, real=0.00 secs] 
2019-10-10T11:48:53.785+0000: 843.467: [GC (Allocation Failure) 2019-10-10T11:48:53.785+0000: 843.467: [DefNew: 409973K->146K(460800K), 0.0037851 secs] 466755K->57026K(1484800K), 0.0039059 secs] [Times: user=0.00 sys=0.00, real=0.00 secs] 
2019-10-10T11:49:01.344+0000: 851.025: [GC (Allocation Failure) 2019-10-10T11:49:01.344+0000: 851.025: [DefNew: 409746K->166K(460800K), 0.0038371 secs] 466626K->57046K(1484800K), 0.0039480 secs] [Times: user=0.01 sys=0.00, real=0.00 secs] 
2019-10-10T11:49:08.666+0000: 858.348: [GC (Allocation Failure) 2019-10-10T11:49:08.666+0000: 858.348: [DefNew: 409766K->156K(460800K), 0.0034213 secs] 466646K->57036K(1484800K), 0.0035264 secs] [Times: user=0.00 sys=0.00, real=0.00 secs] 
2019-10-10T11:49:15.905+0000: 865.587: [GC (Allocation Failure) 2019-10-10T11:49:15.905+0000: 865.587: [DefNew: 409756K->160K(460800K), 0.0036561 secs] 466636K->57040K(1484800K), 0.0037710 secs] [Times: user=0.01 sys=0.00, real=0.00 secs] 
2019-10-10T11:49:23.171+0000: 872.852: [GC (Allocation Failure) 2019-10-10T11:49:23.171+0000: 872.852: [DefNew: 409760K->199K(460800K), 0.0037786 secs] 466640K->57079K(1484800K), 0.0038821 secs] [Times: user=0.00 sys=0.00, real=0.01 secs] 
2019-10-10T11:49:30.918+0000: 880.600: [GC (Allocation Failure) 2019-10-10T11:49:30.918+0000: 880.600: [DefNew: 409799K->226K(460800K), 0.0037933 secs] 466679K->57106K(1484800K), 0.0039103 secs] [Times: user=0.01 sys=0.00, real=0.00 secs] 
2019-10-10T11:49:38.308+0000: 887.990: [GC (Allocation Failure) 2019-10-10T11:49:38.308+0000: 887.990: [DefNew: 409826K->180K(460800K), 0.0036915 secs] 466706K->57060K(1484800K), 0.0038029 secs] [Times: user=0.00 sys=0.00, real=0.01 secs] 
2019-10-10T11:49:45.521+0000: 895.203: [GC (Allocation Failure) 2019-10-10T11:49:45.521+0000: 895.203: [DefNew: 409780K->149K(460800K), 0.0036829 secs] 466660K->57036K(1484800K), 0.0038019 secs] [Times: user=0.01 sys=0.00, real=0.01 secs] 
2019-10-10T11:49:53.314+0000: 902.996: [GC (Allocation Failure) 2019-10-10T11:49:53.314+0000: 902.996: [DefNew: 409749K->162K(460800K), 0.0038231 secs] 466636K->57051K(1484800K), 0.0039375 secs] [Times: user=0.00 sys=0.00, real=0.00 secs] 
2019-10-10T11:50:00.533+0000: 910.215: [GC (Allocation Failure) 2019-10-10T11:50:00.533+0000: 910.215: [DefNew: 409762K->156K(460800K), 0.0037376 secs] 466651K->57045K(1484800K), 0.0038528 secs] [Times: user=0.00 sys=0.00, real=0.00 secs] 
2019-10-10T11:50:07.876+0000: 917.558: [GC (Allocation Failure) 2019-10-10T11:50:07.876+0000: 917.558: [DefNew: 409756K->212K(460800K), 0.0038372 secs] 466645K->57101K(1484800K), 0.0039598 secs] [Times: user=0.01 sys=0.00, real=0.00 secs] 
2019-10-10T11:50:15.616+0000: 925.298: [GC (Allocation Failure) 2019-10-10T11:50:15.616+0000: 925.298: [DefNew: 409812K->194K(460800K), 0.0037075 secs] 466701K->57083K(1484800K), 0.0038061 secs] [Times: user=0.01 sys=0.00, real=0.00 secs] 
2019-10-10T11:50:22.909+0000: 932.591: [GC (Allocation Failure) 2019-10-10T11:50:22.909+0000: 932.591: [DefNew: 409794K->159K(460800K), 0.0035826 secs] 466683K->57047K(1484800K), 0.0036935 secs] [Times: user=0.01 sys=0.00, real=0.01 secs] 
2019-10-10T11:50:30.198+0000: 939.880: [GC (Allocation Failure) 2019-10-10T11:50:30.198+0000: 939.880: [DefNew: 409759K->242K(460800K), 0.0041205 secs] 466647K->57131K(1484800K), 0.0042477 secs] [Times: user=0.00 sys=0.00, real=0.00 secs] 
2019-10-10T11:50:38.026+0000: 947.708: [GC (Allocation Failure) 2019-10-10T11:50:38.026+0000: 947.708: [DefNew: 409842K->179K(460800K), 0.0036630 secs] 466731K->57067K(1484800K), 0.0038193 secs] [Times: user=0.00 sys=0.00, real=0.00 secs] 
2019-10-10T11:50:45.320+0000: 955.002: [GC (Allocation Failure) 2019-10-10T11:50:45.320+0000: 955.002: [DefNew: 409779K->205K(460800K), 0.0038852 secs] 466667K->57095K(1484800K), 0.0039926 secs] [Times: user=0.01 sys=0.00, real=0.01 secs] 
2019-10-10T11:50:52.642+0000: 962.324: [GC (Allocation Failure) 2019-10-10T11:50:52.642+0000: 962.324: [DefNew: 409805K->147K(460800K), 0.0036320 secs] 466695K->57046K(1484800K), 0.0037491 secs] [Times: user=0.01 sys=0.00, real=0.01 secs] 
2019-10-10T11:51:00.397+0000: 970.079: [GC (Allocation Failure) 2019-10-10T11:51:00.397+0000: 970.079: [DefNew: 409747K->163K(460800K), 0.0041584 secs] 466646K->57061K(1484800K), 0.0042800 secs] [Times: user=0.00 sys=0.00, real=0.00 secs] 
2019-10-10T11:51:07.711+0000: 977.393: [GC (Allocation Failure) 2019-10-10T11:51:07.711+0000: 977.393: [DefNew: 409763K->155K(460800K), 0.0038291 secs] 466661K->57053K(1484800K), 0.0039634 secs] [Times: user=0.00 sys=0.00, real=0.01 secs] 
2019-10-10T11:51:14.919+0000: 984.601: [GC (Allocation Failure) 2019-10-10T11:51:14.919+0000: 984.601: [DefNew: 409755K->240K(460800K), 0.0038614 secs] 466653K->57139K(1484800K), 0.0039644 secs] [Times: user=0.00 sys=0.00, real=0.00 secs] 
2019-10-10T11:51:22.705+0000: 992.387: [GC (Allocation Failure) 2019-10-10T11:51:22.705+0000: 992.387: [DefNew: 409840K->157K(460800K), 0.0035008 secs] 466739K->57056K(1484800K), 0.0036188 secs] [Times: user=0.00 sys=0.00, real=0.00 secs] 
2019-10-10T11:51:30.021+0000: 999.703: [GC (Allocation Failure) 2019-10-10T11:51:30.021+0000: 999.703: [DefNew: 409757K->155K(460800K), 0.0036494 secs] 466656K->57054K(1484800K), 0.0037870 secs] [Times: user=0.00 sys=0.00, real=0.01 secs] 
2019-10-10T11:51:37.308+0000: 1006.990: [GC (Allocation Failure) 2019-10-10T11:51:37.308+0000: 1006.990: [DefNew: 409755K->157K(460800K), 0.0034939 secs] 466654K->57056K(1484800K), 0.0036127 secs] [Times: user=0.00 sys=0.00, real=0.01 secs] 
2019-10-10T11:51:44.509+0000: 1014.191: [GC (Allocation Failure) 2019-10-10T11:51:44.510+0000: 1014.191: [DefNew: 409757K->159K(460800K), 0.0037875 secs] 466656K->57058K(1484800K), 0.0038994 secs] [Times: user=0.00 sys=0.00, real=0.01 secs] 
11:51:50.321 [Client] INFO  c.s.f.r.e.s.SocketRear  - FlameSocketGraphDeployerRear@flamestream-benchmarks-worker-3: has been disconnected from Connection 12
11:51:50.329 [Client] INFO  c.s.f.r.e.s.SocketFront  - FlameSocketGraphDeployerFront@flamestream-benchmarks-worker-3 has been disconnected from Connection 12
11:51:53.831 [worker-akka.actor.default-dispatcher-10] INFO  a.a.LocalActorRef akka://worker/user/watcher/processing-watcher/graph/edge/FlameSocketGraphDeployerRear - Stopped
11:51:53.835 [worker-akka.actor.default-dispatcher-10] INFO  a.a.LocalActorRef akka://worker/user/watcher/processing-watcher/graph/graph/$+ - Stopped
11:51:53.836 [worker-akka.actor.default-dispatcher-10] INFO  a.a.LocalActorRef akka://worker/user/watcher/processing-watcher/graph/graph/$0 - Stopped
11:51:53.836 [worker-akka.actor.default-dispatcher-10] INFO  a.a.LocalActorRef akka://worker/user/watcher/processing-watcher/graph/graph/$1 - Stopped
11:51:53.836 [worker-akka.actor.default-dispatcher-10] INFO  a.a.LocalActorRef akka://worker/user/watcher/processing-watcher/graph/graph/$2 - Stopped
11:51:53.836 [worker-akka.actor.default-dispatcher-13] INFO  a.a.LocalActorRef akka://worker/user/watcher/processing-watcher/graph/graph/$3 - Stopped
11:51:53.836 [worker-akka.actor.default-dispatcher-13] INFO  a.a.LocalActorRef akka://worker/user/watcher/processing-watcher/graph/graph/$4 - Stopped
11:51:53.836 [worker-akka.actor.default-dispatcher-13] INFO  a.a.LocalActorRef akka://worker/user/watcher/processing-watcher/graph/graph/$5 - Stopped
11:51:53.836 [worker-akka.actor.default-dispatcher-13] INFO  a.a.LocalActorRef akka://worker/user/watcher/processing-watcher/graph/graph/$6 - Stopped
11:51:53.836 [worker-akka.actor.default-dispatcher-13] INFO  a.a.LocalActorRef akka://worker/user/watcher/processing-watcher/graph/graph/$7 - Stopped
11:51:53.841 [worker-akka.actor.default-dispatcher-9] INFO  a.a.LocalActorRef akka://worker/user/watcher/processing-watcher/graph/graph/$8 - Stopped
11:51:53.841 [worker-akka.actor.default-dispatcher-9] INFO  a.a.LocalActorRef akka://worker/user/watcher/processing-watcher/graph/graph/$9 - Stopped
11:51:53.842 [worker-akka.actor.default-dispatcher-9] INFO  a.a.LocalActorRef akka://worker/user/watcher/processing-watcher/graph/graph/$A - Stopped
11:51:53.842 [worker-akka.actor.default-dispatcher-9] INFO  a.a.LocalActorRef akka://worker/user/watcher/processing-watcher/graph/graph/$Ab - Stopped
11:51:53.842 [worker-akka.actor.default-dispatcher-9] INFO  a.a.LocalActorRef akka://worker/user/watcher/processing-watcher/graph/graph/$B - Stopped
11:51:53.848 [worker-akka.actor.default-dispatcher-16] INFO  a.a.LocalActorRef akka://worker/user/watcher/processing-watcher/graph/graph/$Bb - Stopped
11:51:53.849 [worker-akka.actor.default-dispatcher-16] INFO  a.a.LocalActorRef akka://worker/user/watcher/processing-watcher/graph/graph/$C - Stopped
11:51:53.849 [worker-akka.actor.default-dispatcher-16] INFO  a.a.LocalActorRef akka://worker/user/watcher/processing-watcher/graph/graph/$Cb - Stopped
11:51:53.849 [worker-akka.actor.default-dispatcher-16] INFO  a.a.LocalActorRef akka://worker/user/watcher/processing-watcher/graph/graph/$D - Stopped
11:51:53.849 [worker-akka.actor.default-dispatcher-16] INFO  a.a.LocalActorRef akka://worker/user/watcher/processing-watcher/graph/edge/FlameSocketGraphDeployerFront - Stopped
11:51:53.850 [worker-akka.actor.default-dispatcher-17] INFO  a.a.LocalActorRef akka://worker/user/watcher/processing-watcher/graph/graph/$Db - Stopped
11:51:53.850 [worker-akka.actor.default-dispatcher-17] INFO  a.a.LocalActorRef akka://worker/user/watcher/processing-watcher/graph/graph/$E - Stopped
11:51:53.850 [worker-akka.actor.default-dispatcher-17] INFO  a.a.LocalActorRef akka://worker/user/watcher/processing-watcher/graph/graph/$Eb - Stopped
11:51:53.850 [worker-akka.actor.default-dispatcher-17] INFO  a.a.LocalActorRef akka://worker/user/watcher/processing-watcher/graph/graph/$F - Stopped
11:51:53.850 [worker-akka.actor.default-dispatcher-17] INFO  a.a.LocalActorRef akka://worker/user/watcher/processing-watcher/graph/graph/$Fb - Stopped
11:51:53.855 [worker-akka.actor.default-dispatcher-9] INFO  a.a.LocalActorRef akka://worker/user/watcher/processing-watcher/graph/graph/$G - Stopped
11:51:53.855 [worker-akka.actor.default-dispatcher-9] INFO  a.a.LocalActorRef akka://worker/user/watcher/processing-watcher/graph/graph/$Gb - Stopped
11:51:53.855 [worker-akka.actor.default-dispatcher-9] INFO  a.a.LocalActorRef akka://worker/user/watcher/processing-watcher/graph/graph/$H - Stopped
11:51:53.855 [worker-akka.actor.default-dispatcher-9] INFO  a.a.LocalActorRef akka://worker/user/watcher/processing-watcher/graph/graph/$Hb - Stopped
11:51:53.856 [worker-akka.actor.default-dispatcher-9] INFO  a.a.LocalActorRef akka://worker/user/watcher/processing-watcher/graph/graph/$I - Stopped
11:51:53.856 [worker-akka.actor.default-dispatcher-18] INFO  a.a.LocalActorRef akka://worker/user/watcher/processing-watcher/graph/graph/$Ib - Stopped
11:51:53.856 [worker-akka.actor.default-dispatcher-18] INFO  a.a.LocalActorRef akka://worker/user/watcher/processing-watcher/graph/negotiator - Stopped
11:51:53.860 [worker-akka.actor.default-dispatcher-9] INFO  a.a.LocalActorRef akka://worker/user/watcher/processing-watcher/graph/graph/$J - Stopped
11:51:53.875 [worker-akka.actor.default-dispatcher-18] INFO  a.a.LocalActorRef akka://worker/user/watcher/processing-watcher/graph/graph/$Jb - Stopped
11:51:53.877 [worker-akka.actor.default-dispatcher-6] INFO  a.a.LocalActorRef akka://worker/user/watcher/processing-watcher/graph/graph/$K - Stopped
11:51:53.877 [worker-akka.actor.default-dispatcher-6] INFO  a.a.LocalActorRef akka://worker/user/watcher/processing-watcher/graph/edge - Stopped
11:51:53.887 [worker-akka.actor.default-dispatcher-16] INFO  a.a.LocalActorRef akka://worker/user/watcher/processing-watcher/graph/graph/$Kb - Stopped
11:51:53.887 [worker-akka.actor.default-dispatcher-16] INFO  a.a.LocalActorRef akka://worker/user/watcher/processing-watcher/graph/graph/$L - Stopped
11:51:53.887 [worker-akka.actor.default-dispatcher-16] INFO  a.a.LocalActorRef akka://worker/user/watcher/processing-watcher/graph/graph/$Lb - Stopped
11:51:53.888 [worker-akka.actor.default-dispatcher-16] INFO  a.a.LocalActorRef akka://worker/user/watcher/processing-watcher/graph/graph/$M - Stopped
11:51:53.888 [worker-akka.actor.default-dispatcher-16] INFO  a.a.LocalActorRef akka://worker/user/watcher/processing-watcher/graph/graph/$Mb - Stopped
11:51:53.888 [worker-akka.actor.default-dispatcher-16] INFO  a.a.LocalActorRef akka://worker/user/watcher/processing-watcher/graph/graph/$N - Stopped
11:51:53.888 [worker-akka.actor.default-dispatcher-16] INFO  a.a.LocalActorRef akka://worker/user/watcher/processing-watcher/graph/graph/$Nb - Stopped
11:51:53.888 [worker-akka.actor.default-dispatcher-16] INFO  a.a.LocalActorRef akka://worker/user/watcher/processing-watcher/graph/graph/$O - Stopped
11:51:53.888 [worker-akka.actor.default-dispatcher-16] INFO  a.a.LocalActorRef akka://worker/user/watcher/processing-watcher/graph/graph/$P - Stopped
11:51:53.888 [worker-akka.actor.default-dispatcher-16] INFO  a.a.LocalActorRef akka://worker/user/watcher/processing-watcher/graph/graph/$Q - Stopped
11:51:53.888 [worker-akka.actor.default-dispatcher-17] INFO  a.a.LocalActorRef akka://worker/user/watcher/processing-watcher/graph/graph/$R - Stopped
11:51:53.888 [worker-akka.actor.default-dispatcher-17] INFO  a.a.LocalActorRef akka://worker/user/watcher/processing-watcher/graph/graph/$S - Stopped
11:51:53.888 [worker-akka.actor.default-dispatcher-17] INFO  a.a.LocalActorRef akka://worker/user/watcher/processing-watcher/graph/graph/$T - Stopped
11:51:53.888 [worker-akka.actor.default-dispatcher-17] INFO  a.a.LocalActorRef akka://worker/user/watcher/processing-watcher/graph/graph/$U - Stopped
11:51:53.888 [worker-akka.actor.default-dispatcher-17] INFO  a.a.LocalActorRef akka://worker/user/watcher/processing-watcher/graph/graph/$V - Stopped
11:51:53.888 [worker-akka.actor.default-dispatcher-17] INFO  a.a.LocalActorRef akka://worker/user/watcher/processing-watcher/graph/graph/$W - Stopped
11:51:53.888 [worker-akka.actor.default-dispatcher-17] INFO  a.a.LocalActorRef akka://worker/user/watcher/processing-watcher/graph/graph/$X - Stopped
11:51:53.889 [worker-akka.actor.default-dispatcher-17] INFO  a.a.LocalActorRef akka://worker/user/watcher/processing-watcher/graph/graph/$Y - Stopped
11:51:53.889 [worker-akka.actor.default-dispatcher-17] INFO  a.a.LocalActorRef akka://worker/user/watcher/processing-watcher/graph/graph/$Z - Stopped
11:51:53.889 [worker-akka.actor.default-dispatcher-17] INFO  a.a.LocalActorRef akka://worker/user/watcher/processing-watcher/graph/graph/$a - Stopped
11:51:53.889 [worker-akka.actor.default-dispatcher-17] INFO  a.a.LocalActorRef akka://worker/user/watcher/processing-watcher/graph/graph/$ab - Stopped
11:51:53.889 [worker-akka.actor.default-dispatcher-17] INFO  a.a.LocalActorRef akka://worker/user/watcher/processing-watcher/graph/graph/$b - Stopped
11:51:53.889 [worker-akka.actor.default-dispatcher-17] INFO  a.a.LocalActorRef akka://worker/user/watcher/processing-watcher/graph/graph/$bb - Stopped
11:51:53.889 [worker-akka.actor.default-dispatcher-17] INFO  a.a.LocalActorRef akka://worker/user/watcher/processing-watcher/graph/graph/$c - Stopped
11:51:53.889 [worker-akka.actor.default-dispatcher-17] INFO  a.a.LocalActorRef akka://worker/user/watcher/processing-watcher/graph/graph/$cb - Stopped
11:51:53.889 [worker-akka.actor.default-dispatcher-6] INFO  a.a.LocalActorRef akka://worker/user/watcher/processing-watcher/graph/graph/$d - Stopped
11:51:53.889 [worker-akka.actor.default-dispatcher-6] INFO  a.a.LocalActorRef akka://worker/user/watcher/processing-watcher/graph/graph/$db - Stopped
11:51:53.889 [worker-akka.actor.default-dispatcher-6] INFO  a.a.LocalActorRef akka://worker/user/watcher/processing-watcher/graph/graph/$e - Stopped
11:51:53.889 [worker-akka.actor.default-dispatcher-6] INFO  a.a.LocalActorRef akka://worker/user/watcher/processing-watcher/graph/graph/$eb - Stopped
11:51:53.889 [worker-akka.actor.default-dispatcher-6] INFO  a.a.LocalActorRef akka://worker/user/watcher/processing-watcher/graph/graph/$f - Stopped
11:51:53.890 [worker-akka.actor.default-dispatcher-6] INFO  a.a.LocalActorRef akka://worker/user/watcher/processing-watcher/graph/graph/$fb - Stopped
11:51:53.890 [worker-akka.actor.default-dispatcher-6] INFO  a.a.LocalActorRef akka://worker/user/watcher/processing-watcher/graph/graph/$g - Stopped
11:51:53.890 [worker-akka.actor.default-dispatcher-6] INFO  a.a.LocalActorRef akka://worker/user/watcher/processing-watcher/graph/graph/$gb - Stopped
11:51:53.890 [worker-akka.actor.default-dispatcher-6] INFO  a.a.LocalActorRef akka://worker/user/watcher/processing-watcher/graph/graph/$h - Stopped
11:51:53.890 [worker-akka.actor.default-dispatcher-6] INFO  a.a.LocalActorRef akka://worker/user/watcher/processing-watcher/graph/graph/$hb - Stopped
11:51:53.893 [worker-akka.actor.default-dispatcher-25] INFO  a.a.LocalActorRef akka://worker/user/watcher/processing-watcher/graph/graph/$i - Stopped
11:51:53.895 [worker-akka.actor.default-dispatcher-25] INFO  a.a.LocalActorRef akka://worker/user/watcher/processing-watcher/graph/graph/$ib - Stopped
11:51:53.897 [worker-akka.actor.default-dispatcher-25] INFO  a.a.LocalActorRef akka://worker/user/watcher/processing-watcher/graph/graph/$j - Stopped
11:51:53.898 [worker-akka.actor.default-dispatcher-25] INFO  a.a.LocalActorRef akka://worker/user/watcher/processing-watcher/graph/graph/$jb - Stopped
11:51:53.899 [worker-akka.actor.default-dispatcher-25] INFO  a.a.LocalActorRef akka://worker/user/watcher/processing-watcher/graph/graph/$k - Stopped
11:51:53.901 [worker-akka.actor.default-dispatcher-25] INFO  a.a.LocalActorRef akka://worker/user/watcher/processing-watcher/graph/graph/$kb - Stopped
11:51:53.902 [worker-akka.actor.default-dispatcher-25] INFO  a.a.LocalActorRef akka://worker/user/watcher/processing-watcher/graph/graph/$l - Stopped
11:51:53.903 [worker-akka.actor.default-dispatcher-25] INFO  a.a.LocalActorRef akka://worker/user/watcher/processing-watcher/graph/graph/$lb - Stopped
11:51:53.904 [worker-akka.actor.default-dispatcher-25] INFO  a.a.LocalActorRef akka://worker/user/watcher/processing-watcher/graph/graph/$m - Stopped
11:51:53.906 [worker-akka.actor.default-dispatcher-25] INFO  a.a.LocalActorRef akka://worker/user/watcher/processing-watcher/graph/graph/$mb - Stopped
11:51:53.907 [worker-akka.actor.default-dispatcher-25] INFO  a.a.LocalActorRef akka://worker/user/watcher/processing-watcher/graph/graph/$n - Stopped
11:51:53.908 [worker-akka.actor.default-dispatcher-25] INFO  a.a.LocalActorRef akka://worker/user/watcher/processing-watcher/graph/graph/$nb - Stopped
11:51:53.908 [worker-akka.actor.default-dispatcher-25] INFO  a.a.LocalActorRef akka://worker/user/watcher/processing-watcher/graph/graph/$o - Stopped
11:51:53.909 [worker-akka.actor.default-dispatcher-25] INFO  a.a.LocalActorRef akka://worker/user/watcher/processing-watcher/graph/graph/$ob - Stopped
11:51:53.911 [worker-akka.actor.default-dispatcher-25] INFO  a.a.LocalActorRef akka://worker/user/watcher/processing-watcher/graph/graph/$p - Stopped
11:51:53.912 [worker-akka.actor.default-dispatcher-25] INFO  a.a.LocalActorRef akka://worker/user/watcher/processing-watcher/graph/graph/$pb - Stopped
11:51:53.913 [worker-akka.actor.default-dispatcher-25] INFO  a.a.LocalActorRef akka://worker/user/watcher/processing-watcher/graph/graph/$q - Stopped
11:51:53.915 [worker-akka.actor.default-dispatcher-25] INFO  a.a.LocalActorRef akka://worker/user/watcher/processing-watcher/graph/graph/$qb - Stopped
11:51:53.915 [worker-akka.actor.default-dispatcher-25] INFO  a.a.LocalActorRef akka://worker/user/watcher/processing-watcher/graph/graph/$r - Stopped
11:51:53.916 [worker-akka.actor.default-dispatcher-25] INFO  a.a.LocalActorRef akka://worker/user/watcher/processing-watcher/graph/graph/$rb - Stopped
11:51:53.917 [worker-akka.actor.default-dispatcher-25] INFO  a.a.LocalActorRef akka://worker/user/watcher/processing-watcher/graph/graph/$s - Stopped
11:51:53.917 [worker-akka.actor.default-dispatcher-25] INFO  a.a.LocalActorRef akka://worker/user/watcher/processing-watcher/graph/graph/$sb - Stopped
11:51:53.918 [worker-akka.actor.default-dispatcher-25] INFO  a.a.LocalActorRef akka://worker/user/watcher/processing-watcher/graph/graph/$t - Stopped
11:51:53.919 [worker-akka.actor.default-dispatcher-25] INFO  a.a.LocalActorRef akka://worker/user/watcher/processing-watcher/graph/graph/$tb - Stopped
11:51:53.920 [worker-akka.actor.default-dispatcher-25] INFO  a.a.LocalActorRef akka://worker/user/watcher/processing-watcher/graph/graph/$u - Stopped
11:51:53.922 [worker-akka.actor.default-dispatcher-24] INFO  a.a.LocalActorRef akka://worker/user/watcher/processing-watcher/graph/graph/$ub - Stopped
11:51:53.922 [worker-akka.actor.default-dispatcher-24] INFO  a.a.LocalActorRef akka://worker/user/watcher/processing-watcher/graph/graph/$v - Stopped
11:51:53.922 [worker-akka.actor.default-dispatcher-24] INFO  a.a.LocalActorRef akka://worker/user/watcher/processing-watcher/graph/graph/$vb - Stopped
11:51:53.923 [worker-akka.actor.default-dispatcher-25] INFO  a.a.LocalActorRef akka://worker/user/watcher/processing-watcher/graph/graph/$w - Stopped
11:51:53.923 [worker-akka.actor.default-dispatcher-25] INFO  a.a.LocalActorRef akka://worker/user/watcher/processing-watcher/graph/graph/$wb - Stopped
11:51:53.924 [worker-akka.actor.default-dispatcher-25] INFO  a.a.LocalActorRef akka://worker/user/watcher/processing-watcher/graph/graph/$x - Stopped
11:51:53.925 [worker-akka.actor.default-dispatcher-25] INFO  a.a.LocalActorRef akka://worker/user/watcher/processing-watcher/graph/graph/$xb - Stopped
11:51:53.926 [worker-akka.actor.default-dispatcher-25] INFO  a.a.LocalActorRef akka://worker/user/watcher/processing-watcher/graph/graph/$y - Stopped
11:51:53.927 [worker-akka.actor.default-dispatcher-25] INFO  a.a.LocalActorRef akka://worker/user/watcher/processing-watcher/graph/graph/$yb - Stopped
11:51:53.928 [worker-akka.actor.default-dispatcher-25] INFO  a.a.LocalActorRef akka://worker/user/watcher/processing-watcher/graph/graph/$z - Stopped
11:51:53.929 [worker-akka.actor.default-dispatcher-25] INFO  a.a.LocalActorRef akka://worker/user/watcher/processing-watcher/graph/graph/$zb - Stopped
11:51:53.929 [worker-akka.actor.default-dispatcher-25] INFO  a.a.LocalActorRef akka://worker/user/watcher/processing-watcher/graph/graph/$~ - Stopped
11:51:53.959 [worker-akka.actor.default-dispatcher-24] INFO  a.a.LocalActorRef akka://worker/user/watcher/processing-watcher/graph/graph - Stopped
11:51:53.978 [worker-akka.actor.default-dispatcher-24] INFO  a.a.LocalActorRef akka://worker/user/watcher/processing-watcher/graph - Stopped
11:51:53.980 [worker-akka.actor.default-dispatcher-16] INFO  a.a.LocalActorRef akka://worker/user/watcher/processing-watcher - Stopped
11:51:53.981 [Curator-Framework-0] INFO  o.a.c.f.i.CuratorFrameworkImpl  - backgroundOperationsLoop exiting
11:51:53.997 [Curator-PathChildrenCache-0] ERROR o.a.c.f.r.c.PathChildrenCache  - 
java.lang.IllegalStateException: instance must be started before calling this method
	at org.apache.curator.shaded.com.google.common.base.Preconditions.checkState(Preconditions.java:444)
	at org.apache.curator.framework.imps.CuratorFrameworkImpl.getChildren(CuratorFrameworkImpl.java:456)
	at org.apache.curator.framework.recipes.cache.PathChildrenCache.refresh(PathChildrenCache.java:521)
	at org.apache.curator.framework.recipes.cache.RefreshOperation.invoke(RefreshOperation.java:35)
	at org.apache.curator.framework.recipes.cache.PathChildrenCache$9.run(PathChildrenCache.java:786)
	at java.util.concurrent.Executors$RunnableAdapter.call(Executors.java:511)
	at java.util.concurrent.FutureTask.run(FutureTask.java:266)
	at java.util.concurrent.Executors$RunnableAdapter.call(Executors.java:511)
	at java.util.concurrent.FutureTask.run(FutureTask.java:266)
	at java.util.concurrent.ThreadPoolExecutor.runWorker(ThreadPoolExecutor.java:1149)
	at java.util.concurrent.ThreadPoolExecutor$Worker.run(ThreadPoolExecutor.java:624)
	at java.lang.Thread.run(Thread.java:748)
11:51:53.998 [worker-akka.actor.default-dispatcher-6-EventThread] INFO  o.a.z.ClientCnxn  - EventThread shut down for session: 0x100002c53420004
11:51:53.998 [worker-akka.actor.default-dispatcher-16] INFO  o.a.z.ZooKeeper  - Session: 0x100002c53420004 closed
11:51:53.999 [worker-akka.actor.default-dispatcher-24] INFO  a.a.RepointableActorRef akka://worker/user/watcher - Stopped
11:51:54.016 [worker-akka.actor.default-dispatcher-16] INFO  a.r.RemoteActorRefProvider$RemotingTerminator akka://worker@flamestream-benchmarks-worker-3:5412/system/remoting-terminator - Shutting down remote daemon.
11:51:54.018 [worker-akka.actor.default-dispatcher-16] INFO  a.r.RemoteActorRefProvider$RemotingTerminator akka://worker@flamestream-benchmarks-worker-3:5412/system/remoting-terminator - Remote daemon shut down; proceeding with flushing remote transports.
11:51:55.262 [worker-akka.actor.default-dispatcher-16] INFO  a.r.RemoteActorRefProvider$RemotingTerminator akka://worker@flamestream-benchmarks-worker-3:5412/system/remoting-terminator - Remoting shut down.
Heap
 def new generation   total 460800K, used 349275K [0x00000000a2400000, 0x00000000c1800000, 0x00000000c1800000)
  eden space 409600K,  85% used [0x00000000a2400000, 0x00000000b78eef10, 0x00000000bb400000)
  from space 51200K,   0% used [0x00000000bb400000, 0x00000000bb427de8, 0x00000000be600000)
  to   space 51200K,   0% used [0x00000000be600000, 0x00000000be600000, 0x00000000c1800000)
 tenured generation   total 1024000K, used 56898K [0x00000000c1800000, 0x0000000100000000, 0x0000000100000000)
   the space 1024000K,   5% used [0x00000000c1800000, 0x00000000c4f90b08, 0x00000000c4f90c00, 0x0000000100000000)
 Metaspace       used 40696K, capacity 43542K, committed 43648K, reserved 1087488K
  class space    used 5340K, capacity 5661K, committed 5760K, reserved 1048576K
