05:28:55,427 |-INFO in ch.qos.logback.classic.LoggerContext[default] - Could NOT find resource [logback-test.xml]
05:28:55,428 |-INFO in ch.qos.logback.classic.LoggerContext[default] - Could NOT find resource [logback.groovy]
05:28:55,428 |-INFO in ch.qos.logback.classic.LoggerContext[default] - Found resource [logback.xml] at [jar:file:/home/nikitasokolov/flamestream/lib/flamestream-runtime-1.0-SNAPSHOT.jar!/logback.xml]
05:28:55,428 |-WARN in ch.qos.logback.classic.LoggerContext[default] - Resource [logback.xml] occurs multiple times on the classpath.
05:28:55,429 |-WARN in ch.qos.logback.classic.LoggerContext[default] - Resource [logback.xml] occurs at [jar:file:/home/nikitasokolov/flamestream/lib/flamestream-runtime-1.0-SNAPSHOT.jar!/logback.xml]
05:28:55,429 |-WARN in ch.qos.logback.classic.LoggerContext[default] - Resource [logback.xml] occurs at [jar:file:/home/nikitasokolov/flamestream/flamestream-runtime-1.0-SNAPSHOT.jar!/logback.xml]
05:28:55,444 |-INFO in ch.qos.logback.core.joran.spi.ConfigurationWatchList@6108b2d7 - URL [jar:file:/home/nikitasokolov/flamestream/lib/flamestream-runtime-1.0-SNAPSHOT.jar!/logback.xml] is not of type file
05:28:55,497 |-INFO in ch.qos.logback.classic.joran.action.ConfigurationAction - debug attribute not set
05:28:55,498 |-INFO in ch.qos.logback.core.joran.action.AppenderAction - About to instantiate appender of type [ch.qos.logback.core.ConsoleAppender]
05:28:55,509 |-INFO in ch.qos.logback.core.joran.action.AppenderAction - Naming appender as [STDOUT]
05:28:55,518 |-INFO in ch.qos.logback.core.joran.action.NestedComplexPropertyIA - Assuming default type [ch.qos.logback.classic.encoder.PatternLayoutEncoder] for [encoder] property
05:28:55,576 |-INFO in ch.qos.logback.core.joran.action.AppenderAction - About to instantiate appender of type [ch.qos.logback.core.rolling.RollingFileAppender]
05:28:55,581 |-INFO in ch.qos.logback.core.joran.action.AppenderAction - Naming appender as [FILE]
05:28:55,603 |-INFO in c.q.l.core.rolling.TimeBasedRollingPolicy@357863579 - No compression will be used
05:28:55,604 |-INFO in c.q.l.core.rolling.TimeBasedRollingPolicy@357863579 - Will use the pattern /tmp/application_%d{yyyy-MM-dd}.%i.log for the active file
05:28:55,607 |-INFO in ch.qos.logback.core.rolling.SizeAndTimeBasedFNATP@6bf256fa - The date pattern is 'yyyy-MM-dd' from file name pattern '/tmp/application_%d{yyyy-MM-dd}.%i.log'.
05:28:55,607 |-INFO in ch.qos.logback.core.rolling.SizeAndTimeBasedFNATP@6bf256fa - Roll-over at midnight.
05:28:55,611 |-INFO in ch.qos.logback.core.rolling.SizeAndTimeBasedFNATP@6bf256fa - Setting initial period to Sun Jun 09 05:28:13 MSK 2019
05:28:55,611 |-WARN in ch.qos.logback.core.rolling.SizeAndTimeBasedFNATP@6bf256fa - SizeAndTimeBasedFNATP is deprecated. Use SizeAndTimeBasedRollingPolicy instead
05:28:55,611 |-WARN in ch.qos.logback.core.rolling.SizeAndTimeBasedFNATP@6bf256fa - For more information see http://logback.qos.ch/manual/appenders.html#SizeAndTimeBasedRollingPolicy
05:28:55,615 |-INFO in ch.qos.logback.core.joran.action.NestedComplexPropertyIA - Assuming default type [ch.qos.logback.classic.encoder.PatternLayoutEncoder] for [encoder] property
05:28:55,618 |-INFO in ch.qos.logback.core.rolling.RollingFileAppender[FILE] - Active log file name: /tmp/application.log
05:28:55,618 |-INFO in ch.qos.logback.core.rolling.RollingFileAppender[FILE] - File property is set to [/tmp/application.log]
05:28:55,619 |-INFO in ch.qos.logback.classic.joran.action.RootLoggerAction - Setting level of ROOT logger to WARN
05:28:55,619 |-INFO in ch.qos.logback.core.joran.action.AppenderRefAction - Attaching appender named [STDOUT] to Logger[ROOT]
05:28:55,619 |-INFO in ch.qos.logback.core.joran.action.AppenderRefAction - Attaching appender named [FILE] to Logger[ROOT]
05:28:55,619 |-INFO in ch.qos.logback.classic.joran.action.ConfigurationAction - End of configuration.
05:28:55,620 |-INFO in ch.qos.logback.classic.joran.JoranConfigurator@6cd8737 - Registering current configuration as safe fallback point

2019-06-09T05:28:56.601+0300: 1.396: [GC (Metadata GC Threshold) [PSYoungGen: 110722K->15846K(149504K)] 110722K->15926K(491008K), 0.0200966 secs] [Times: user=0.07 sys=0.01, real=0.02 secs] 
2019-06-09T05:28:56.622+0300: 1.417: [Full GC (Metadata GC Threshold) [PSYoungGen: 15846K->0K(149504K)] [ParOldGen: 80K->15078K(341504K)] 15926K->15078K(491008K), [Metaspace: 20800K->20800K(1067008K)], 0.0247658 secs] [Times: user=0.15 sys=0.01, real=0.02 secs] 
05:29:03.727 [Curator-PathChildrenCache-2] WARN  o.a.c.u.ZKPaths  - The version of ZooKeeper being used doesn't support Container nodes. CreateMode.PERSISTENT will be used instead.
2019-06-09T05:29:04.466+0300: 9.261: [GC (Metadata GC Threshold) [PSYoungGen: 127137K->16971K(149504K)] 142215K->51588K(491008K), 0.0337102 secs] [Times: user=0.30 sys=0.02, real=0.04 secs] 
2019-06-09T05:29:04.500+0300: 9.295: [Full GC (Metadata GC Threshold) [PSYoungGen: 16971K->0K(149504K)] [ParOldGen: 34617K->40080K(341504K)] 51588K->40080K(491008K), [Metaspace: 34491K->34489K(1079296K)], 0.0378526 secs] [Times: user=0.22 sys=0.01, real=0.04 secs] 
2019-06-09T05:29:08.205+0300: 13.000: [GC (Allocation Failure) [PSYoungGen: 128512K->672K(149504K)] 168592K->40760K(491008K), 0.0045565 secs] [Times: user=0.00 sys=0.02, real=0.00 secs] 
2019-06-09T05:29:12.343+0300: 17.138: [GC (Allocation Failure) [PSYoungGen: 129184K->608K(149504K)] 169272K->40704K(491008K), 0.0064383 secs] [Times: user=0.03 sys=0.00, real=0.00 secs] 
2019-06-09T05:29:16.524+0300: 21.319: [GC (Allocation Failure) [PSYoungGen: 129120K->608K(129536K)] 169216K->40712K(471040K), 0.0028164 secs] [Times: user=0.02 sys=0.00, real=0.00 secs] 
2019-06-09T05:29:20.747+0300: 25.542: [GC (Allocation Failure) [PSYoungGen: 129120K->672K(148992K)] 169224K->40784K(490496K), 0.0044131 secs] [Times: user=0.03 sys=0.00, real=0.01 secs] 
2019-06-09T05:29:24.898+0300: 29.693: [GC (Allocation Failure) [PSYoungGen: 127136K->704K(147968K)] 167248K->40824K(489472K), 0.0042374 secs] [Times: user=0.02 sys=0.00, real=0.00 secs] 
2019-06-09T05:29:29.106+0300: 33.901: [GC (Allocation Failure) [PSYoungGen: 127168K->672K(151040K)] 167288K->40800K(492544K), 0.0032280 secs] [Times: user=0.01 sys=0.00, real=0.00 secs] 
2019-06-09T05:29:33.455+0300: 38.250: [GC (Allocation Failure) [PSYoungGen: 131232K->704K(150016K)] 171360K->40832K(491520K), 0.0050552 secs] [Times: user=0.02 sys=0.01, real=0.01 secs] 
2019-06-09T05:29:37.802+0300: 42.597: [GC (Allocation Failure) [PSYoungGen: 131264K->704K(152576K)] 171392K->40840K(494080K), 0.0031421 secs] [Times: user=0.01 sys=0.00, real=0.00 secs] 
2019-06-09T05:29:42.261+0300: 47.056: [GC (Allocation Failure) [PSYoungGen: 134336K->832K(151552K)] 174472K->40968K(493056K), 0.0041011 secs] [Times: user=0.02 sys=0.00, real=0.00 secs] 
2019-06-09T05:29:46.661+0300: 51.456: [GC (Allocation Failure) [PSYoungGen: 134464K->640K(154112K)] 174600K->40776K(495616K), 0.0034161 secs] [Times: user=0.01 sys=0.00, real=0.00 secs] 
2019-06-09T05:29:51.184+0300: 55.979: [GC (Allocation Failure) [PSYoungGen: 137856K->672K(153600K)] 177992K->40816K(495104K), 0.0035559 secs] [Times: user=0.01 sys=0.00, real=0.00 secs] 
2019-06-09T05:29:55.689+0300: 60.484: [GC (Allocation Failure) [PSYoungGen: 137888K->736K(155648K)] 178032K->40880K(497152K), 0.0036199 secs] [Times: user=0.01 sys=0.00, real=0.01 secs] 
2019-06-09T05:30:01.142+0300: 65.937: [GC (Allocation Failure) [PSYoungGen: 141024K->1111K(155136K)] 181168K->41264K(496640K), 0.0041541 secs] [Times: user=0.01 sys=0.01, real=0.00 secs] 
2019-06-09T05:30:06.949+0300: 71.744: [GC (Allocation Failure) [PSYoungGen: 141399K->864K(157696K)] 181552K->41016K(499200K), 0.0036763 secs] [Times: user=0.01 sys=0.01, real=0.01 secs] 
05:30:17.973 [Curator-PathChildrenCache-0] ERROR o.a.c.f.r.c.PathChildrenCache  - 
java.lang.IllegalStateException: instance must be started before calling this method
	at org.apache.curator.shaded.com.google.common.base.Preconditions.checkState(Preconditions.java:444)
	at org.apache.curator.framework.imps.CuratorFrameworkImpl.getChildren(CuratorFrameworkImpl.java:456)
	at org.apache.curator.framework.recipes.cache.PathChildrenCache.refresh(PathChildrenCache.java:521)
	at org.apache.curator.framework.recipes.cache.RefreshOperation.invoke(RefreshOperation.java:35)
	at org.apache.curator.framework.recipes.cache.PathChildrenCache$9.run(PathChildrenCache.java:786)
	at java.util.concurrent.Executors$RunnableAdapter.call(Executors.java:511)
	at java.util.concurrent.FutureTask.run(FutureTask.java:266)
	at java.util.concurrent.Executors$RunnableAdapter.call(Executors.java:511)
	at java.util.concurrent.FutureTask.run(FutureTask.java:266)
	at java.util.concurrent.ThreadPoolExecutor.runWorker(ThreadPoolExecutor.java:1149)
	at java.util.concurrent.ThreadPoolExecutor$Worker.run(ThreadPoolExecutor.java:624)
	at java.lang.Thread.run(Thread.java:748)
Heap
 PSYoungGen      total 157696K, used 56616K [0x00000000f5980000, 0x0000000100000000, 0x0000000100000000)
  eden space 143872K, 38% used [0x00000000f5980000,0x00000000f8ff20a8,0x00000000fe600000)
  from space 13824K, 6% used [0x00000000ff280000,0x00000000ff3580a0,0x0000000100000000)
  to   space 12800K, 0% used [0x00000000fe600000,0x00000000fe600000,0x00000000ff280000)
 ParOldGen       total 341504K, used 40152K [0x00000000e0c00000, 0x00000000f5980000, 0x00000000f5980000)
  object space 341504K, 11% used [0x00000000e0c00000,0x00000000e33362e8,0x00000000f5980000)
 Metaspace       used 36421K, capacity 37394K, committed 37464K, reserved 1081344K
  class space    used 5017K, capacity 5219K, committed 5248K, reserved 1048576K
