16:24:20,440 |-INFO in ch.qos.logback.classic.LoggerContext[default] - Could NOT find resource [logback-test.xml]
16:24:20,440 |-INFO in ch.qos.logback.classic.LoggerContext[default] - Could NOT find resource [logback.groovy]
16:24:20,440 |-INFO in ch.qos.logback.classic.LoggerContext[default] - Found resource [logback.xml] at [jar:file:/home/nikitasokolov/flamestream/lib/flamestream-runtime-1.0-SNAPSHOT.jar!/logback.xml]
16:24:20,441 |-WARN in ch.qos.logback.classic.LoggerContext[default] - Resource [logback.xml] occurs multiple times on the classpath.
16:24:20,441 |-WARN in ch.qos.logback.classic.LoggerContext[default] - Resource [logback.xml] occurs at [jar:file:/home/nikitasokolov/flamestream/lib/flamestream-runtime-1.0-SNAPSHOT.jar!/logback.xml]
16:24:20,441 |-WARN in ch.qos.logback.classic.LoggerContext[default] - Resource [logback.xml] occurs at [jar:file:/home/nikitasokolov/flamestream/flamestream-runtime-1.0-SNAPSHOT.jar!/logback.xml]
16:24:20,456 |-INFO in ch.qos.logback.core.joran.spi.ConfigurationWatchList@6108b2d7 - URL [jar:file:/home/nikitasokolov/flamestream/lib/flamestream-runtime-1.0-SNAPSHOT.jar!/logback.xml] is not of type file
16:24:20,506 |-INFO in ch.qos.logback.classic.joran.action.ConfigurationAction - debug attribute not set
16:24:20,507 |-INFO in ch.qos.logback.core.joran.action.AppenderAction - About to instantiate appender of type [ch.qos.logback.core.ConsoleAppender]
16:24:20,515 |-INFO in ch.qos.logback.core.joran.action.AppenderAction - Naming appender as [STDOUT]
16:24:20,523 |-INFO in ch.qos.logback.core.joran.action.NestedComplexPropertyIA - Assuming default type [ch.qos.logback.classic.encoder.PatternLayoutEncoder] for [encoder] property
16:24:20,579 |-INFO in ch.qos.logback.core.joran.action.AppenderAction - About to instantiate appender of type [ch.qos.logback.core.rolling.RollingFileAppender]
16:24:20,585 |-INFO in ch.qos.logback.core.joran.action.AppenderAction - Naming appender as [FILE]
16:24:20,609 |-INFO in c.q.l.core.rolling.TimeBasedRollingPolicy@357863579 - No compression will be used
16:24:20,611 |-INFO in c.q.l.core.rolling.TimeBasedRollingPolicy@357863579 - Will use the pattern /tmp/application_%d{yyyy-MM-dd}.%i.log for the active file
16:24:20,613 |-INFO in ch.qos.logback.core.rolling.SizeAndTimeBasedFNATP@6bf256fa - The date pattern is 'yyyy-MM-dd' from file name pattern '/tmp/application_%d{yyyy-MM-dd}.%i.log'.
16:24:20,613 |-INFO in ch.qos.logback.core.rolling.SizeAndTimeBasedFNATP@6bf256fa - Roll-over at midnight.
16:24:20,617 |-INFO in ch.qos.logback.core.rolling.SizeAndTimeBasedFNATP@6bf256fa - Setting initial period to Sun Jun 09 16:23:24 MSK 2019
16:24:20,618 |-WARN in ch.qos.logback.core.rolling.SizeAndTimeBasedFNATP@6bf256fa - SizeAndTimeBasedFNATP is deprecated. Use SizeAndTimeBasedRollingPolicy instead
16:24:20,618 |-WARN in ch.qos.logback.core.rolling.SizeAndTimeBasedFNATP@6bf256fa - For more information see http://logback.qos.ch/manual/appenders.html#SizeAndTimeBasedRollingPolicy
16:24:20,622 |-INFO in ch.qos.logback.core.joran.action.NestedComplexPropertyIA - Assuming default type [ch.qos.logback.classic.encoder.PatternLayoutEncoder] for [encoder] property
16:24:20,625 |-INFO in ch.qos.logback.core.rolling.RollingFileAppender[FILE] - Active log file name: /tmp/application.log
16:24:20,625 |-INFO in ch.qos.logback.core.rolling.RollingFileAppender[FILE] - File property is set to [/tmp/application.log]
16:24:20,626 |-INFO in ch.qos.logback.classic.joran.action.RootLoggerAction - Setting level of ROOT logger to WARN
16:24:20,626 |-INFO in ch.qos.logback.core.joran.action.AppenderRefAction - Attaching appender named [STDOUT] to Logger[ROOT]
16:24:20,627 |-INFO in ch.qos.logback.core.joran.action.AppenderRefAction - Attaching appender named [FILE] to Logger[ROOT]
16:24:20,627 |-INFO in ch.qos.logback.classic.joran.action.ConfigurationAction - End of configuration.
16:24:20,627 |-INFO in ch.qos.logback.classic.joran.JoranConfigurator@6cd8737 - Registering current configuration as safe fallback point

2019-06-09T16:24:21.615+0300: 1.393: [GC (Metadata GC Threshold) [PSYoungGen: 108152K->15860K(149504K)] 108152K->15940K(491008K), 0.0208143 secs] [Times: user=0.07 sys=0.03, real=0.02 secs] 
2019-06-09T16:24:21.636+0300: 1.414: [Full GC (Metadata GC Threshold) [PSYoungGen: 15860K->0K(149504K)] [ParOldGen: 80K->15078K(341504K)] 15940K->15078K(491008K), [Metaspace: 20806K->20806K(1067008K)], 0.0258309 secs] [Times: user=0.16 sys=0.01, real=0.03 secs] 
16:24:32.953 [Curator-PathChildrenCache-1] WARN  o.a.c.u.ZKPaths  - The version of ZooKeeper being used doesn't support Container nodes. CreateMode.PERSISTENT will be used instead.
2019-06-09T16:24:33.985+0300: 13.762: [GC (Metadata GC Threshold) [PSYoungGen: 128318K->15667K(149504K)] 143397K->50285K(491008K), 0.0290471 secs] [Times: user=0.30 sys=0.02, real=0.03 secs] 
2019-06-09T16:24:34.014+0300: 13.792: [Full GC (Metadata GC Threshold) [PSYoungGen: 15667K->0K(149504K)] [ParOldGen: 34617K->38819K(341504K)] 50285K->38819K(491008K), [Metaspace: 34547K->34547K(1079296K)], 0.0330018 secs] [Times: user=0.21 sys=0.01, real=0.03 secs] 
2019-06-09T16:24:39.401+0300: 19.179: [GC (Allocation Failure) [PSYoungGen: 128512K->416K(149504K)] 167331K->39243K(491008K), 0.0049802 secs] [Times: user=0.02 sys=0.01, real=0.00 secs] 
2019-06-09T16:24:45.119+0300: 24.897: [GC (Allocation Failure) [PSYoungGen: 128928K->448K(149504K)] 167755K->39283K(491008K), 0.0045425 secs] [Times: user=0.04 sys=0.00, real=0.00 secs] 
2019-06-09T16:24:50.983+0300: 30.761: [GC (Allocation Failure) [PSYoungGen: 128960K->320K(129024K)] 167795K->39163K(470528K), 0.0052631 secs] [Times: user=0.03 sys=0.00, real=0.00 secs] 
2019-06-09T16:24:56.784+0300: 36.561: [GC (Allocation Failure) [PSYoungGen: 128832K->416K(150016K)] 167675K->39267K(491520K), 0.0027045 secs] [Times: user=0.02 sys=0.00, real=0.00 secs] 
2019-06-09T16:25:02.709+0300: 42.486: [GC (Allocation Failure) [PSYoungGen: 128928K->384K(148992K)] 167779K->39235K(490496K), 0.0028967 secs] [Times: user=0.01 sys=0.00, real=0.01 secs] 
2019-06-09T16:25:08.605+0300: 48.383: [GC (Allocation Failure) [PSYoungGen: 128896K->352K(151552K)] 167747K->39211K(493056K), 0.0040402 secs] [Times: user=0.02 sys=0.01, real=0.00 secs] 
16:25:16.328 [Curator-PathChildrenCache-0] ERROR o.a.c.f.r.c.PathChildrenCache  - 
java.lang.IllegalStateException: instance must be started before calling this method
	at org.apache.curator.shaded.com.google.common.base.Preconditions.checkState(Preconditions.java:444)
	at org.apache.curator.framework.imps.CuratorFrameworkImpl.getChildren(CuratorFrameworkImpl.java:456)
	at org.apache.curator.framework.recipes.cache.PathChildrenCache.refresh(PathChildrenCache.java:521)
	at org.apache.curator.framework.recipes.cache.RefreshOperation.invoke(RefreshOperation.java:35)
	at org.apache.curator.framework.recipes.cache.PathChildrenCache$9.run(PathChildrenCache.java:786)
	at java.util.concurrent.Executors$RunnableAdapter.call(Executors.java:511)
	at java.util.concurrent.FutureTask.run(FutureTask.java:266)
	at java.util.concurrent.Executors$RunnableAdapter.call(Executors.java:511)
	at java.util.concurrent.FutureTask.run(FutureTask.java:266)
	at java.util.concurrent.ThreadPoolExecutor.runWorker(ThreadPoolExecutor.java:1149)
	at java.util.concurrent.ThreadPoolExecutor$Worker.run(ThreadPoolExecutor.java:624)
	at java.lang.Thread.run(Thread.java:748)
Heap
 PSYoungGen      total 151552K, used 45006K [0x00000000f5980000, 0x0000000100000000, 0x0000000100000000)
  eden space 132096K, 33% used [0x00000000f5980000,0x00000000f851b840,0x00000000fda80000)
  from space 19456K, 1% used [0x00000000fed00000,0x00000000fed58010,0x0000000100000000)
  to   space 18944K, 0% used [0x00000000fda80000,0x00000000fda80000,0x00000000fed00000)
 ParOldGen       total 341504K, used 38859K [0x00000000e0c00000, 0x00000000f5980000, 0x00000000f5980000)
  object space 341504K, 11% used [0x00000000e0c00000,0x00000000e31f2e98,0x00000000f5980000)
 Metaspace       used 35638K, capacity 36542K, committed 36952K, reserved 1081344K
  class space    used 4935K, capacity 5129K, committed 5248K, reserved 1048576K
