17:49:43,659 |-INFO in ch.qos.logback.classic.LoggerContext[default] - Could NOT find resource [logback-test.xml]
17:49:43,659 |-INFO in ch.qos.logback.classic.LoggerContext[default] - Could NOT find resource [logback.groovy]
17:49:43,660 |-INFO in ch.qos.logback.classic.LoggerContext[default] - Found resource [logback.xml] at [jar:file:/root/flamestream/lib/flamestream-runtime-1.0-SNAPSHOT.jar!/logback.xml]
17:49:43,660 |-WARN in ch.qos.logback.classic.LoggerContext[default] - Resource [logback.xml] occurs multiple times on the classpath.
17:49:43,661 |-WARN in ch.qos.logback.classic.LoggerContext[default] - Resource [logback.xml] occurs at [jar:file:/root/flamestream/lib/flamestream-runtime-1.0-SNAPSHOT.jar!/logback.xml]
17:49:43,661 |-WARN in ch.qos.logback.classic.LoggerContext[default] - Resource [logback.xml] occurs at [jar:file:/root/flamestream/flamestream-runtime-1.0-SNAPSHOT.jar!/logback.xml]
17:49:43,680 |-INFO in ch.qos.logback.core.joran.spi.ConfigurationWatchList@3fb6a447 - URL [jar:file:/root/flamestream/lib/flamestream-runtime-1.0-SNAPSHOT.jar!/logback.xml] is not of type file
17:49:43,753 |-INFO in ch.qos.logback.classic.joran.action.ConfigurationAction - debug attribute not set
17:49:43,754 |-INFO in ch.qos.logback.core.joran.action.AppenderAction - About to instantiate appender of type [ch.qos.logback.core.ConsoleAppender]
17:49:43,772 |-INFO in ch.qos.logback.core.joran.action.AppenderAction - Naming appender as [STDOUT]
17:49:43,790 |-INFO in ch.qos.logback.core.joran.action.NestedComplexPropertyIA - Assuming default type [ch.qos.logback.classic.encoder.PatternLayoutEncoder] for [encoder] property
17:49:43,866 |-INFO in ch.qos.logback.core.joran.action.AppenderAction - About to instantiate appender of type [ch.qos.logback.core.rolling.RollingFileAppender]
17:49:43,871 |-INFO in ch.qos.logback.core.joran.action.AppenderAction - Naming appender as [FILE]
17:49:43,903 |-INFO in c.q.l.core.rolling.TimeBasedRollingPolicy@127618319 - No compression will be used
17:49:43,904 |-INFO in c.q.l.core.rolling.TimeBasedRollingPolicy@127618319 - Will use the pattern /tmp/application_%d{yyyy-MM-dd}.%i.log for the active file
17:49:43,907 |-INFO in ch.qos.logback.core.rolling.SizeAndTimeBasedFNATP@6b2fad11 - The date pattern is 'yyyy-MM-dd' from file name pattern '/tmp/application_%d{yyyy-MM-dd}.%i.log'.
17:49:43,907 |-INFO in ch.qos.logback.core.rolling.SizeAndTimeBasedFNATP@6b2fad11 - Roll-over at midnight.
17:49:43,913 |-INFO in ch.qos.logback.core.rolling.SizeAndTimeBasedFNATP@6b2fad11 - Setting initial period to Mon Jun 10 17:48:30 UTC 2019
17:49:43,913 |-WARN in ch.qos.logback.core.rolling.SizeAndTimeBasedFNATP@6b2fad11 - SizeAndTimeBasedFNATP is deprecated. Use SizeAndTimeBasedRollingPolicy instead
17:49:43,913 |-WARN in ch.qos.logback.core.rolling.SizeAndTimeBasedFNATP@6b2fad11 - For more information see http://logback.qos.ch/manual/appenders.html#SizeAndTimeBasedRollingPolicy
17:49:43,916 |-INFO in ch.qos.logback.core.joran.action.NestedComplexPropertyIA - Assuming default type [ch.qos.logback.classic.encoder.PatternLayoutEncoder] for [encoder] property
17:49:43,921 |-INFO in ch.qos.logback.core.rolling.RollingFileAppender[FILE] - Active log file name: /tmp/application.log
17:49:43,921 |-INFO in ch.qos.logback.core.rolling.RollingFileAppender[FILE] - File property is set to [/tmp/application.log]
17:49:43,922 |-INFO in ch.qos.logback.classic.joran.action.RootLoggerAction - Setting level of ROOT logger to WARN
17:49:43,922 |-INFO in ch.qos.logback.core.joran.action.AppenderRefAction - Attaching appender named [STDOUT] to Logger[ROOT]
17:49:43,924 |-INFO in ch.qos.logback.core.joran.action.AppenderRefAction - Attaching appender named [FILE] to Logger[ROOT]
17:49:43,924 |-INFO in ch.qos.logback.classic.joran.action.ConfigurationAction - End of configuration.
17:49:43,925 |-INFO in ch.qos.logback.classic.joran.JoranConfigurator@79698539 - Registering current configuration as safe fallback point

Ama winner
Ama winner
2019-06-10T17:49:45.250+0000: 1.777: [Full GC (Metadata GC Threshold) 2019-06-10T17:49:45.250+0000: 1.777: [Tenured: 0K->15176K(341376K), 0.0396107 secs] 114924K->15176K(494976K), [Metaspace: 20739K->20739K(1067008K)], 0.0396800 secs] [Times: user=0.04 sys=0.00, real=0.04 secs] 
17:50:06.521 [Curator-PathChildrenCache-1] WARN  o.a.c.u.ZKPaths  - The version of ZooKeeper being used doesn't support Container nodes. CreateMode.PERSISTENT will be used instead.
2019-06-10T17:50:09.056+0000: 25.582: [GC (Allocation Failure) 2019-06-10T17:50:09.056+0000: 25.582: [DefNew: 136576K->17023K(153600K), 0.0263377 secs] 151752K->52444K(494976K), 0.0264109 secs] [Times: user=0.01 sys=0.02, real=0.02 secs] 
2019-06-10T17:50:10.573+0000: 27.100: [Full GC (Metadata GC Threshold) 2019-06-10T17:50:10.573+0000: 27.100: [Tenured: 35420K->43896K(341376K), 0.0386203 secs] 85967K->43896K(494976K), [Metaspace: 34598K->34598K(1079296K)], 0.0386935 secs] [Times: user=0.04 sys=0.00, real=0.04 secs] 
2019-06-10T17:50:16.125+0000: 32.656: [GC (Allocation Failure) 2019-06-10T17:50:16.129+0000: 32.656: [DefNew: 136576K->61K(153600K), 0.0017597 secs] 180472K->43958K(494976K), 0.0056699 secs] [Times: user=0.01 sys=0.00, real=0.01 secs] 
2019-06-10T17:50:21.739+0000: 38.266: [GC (Allocation Failure) 2019-06-10T17:50:21.739+0000: 38.266: [DefNew: 136637K->66K(153600K), 0.0016460 secs] 180534K->43962K(494976K), 0.0017075 secs] [Times: user=0.00 sys=0.00, real=0.00 secs] 
2019-06-10T17:50:27.351+0000: 43.878: [GC (Allocation Failure) 2019-06-10T17:50:27.351+0000: 43.878: [DefNew: 136642K->64K(153600K), 0.0016281 secs] 180538K->43960K(494976K), 0.0016863 secs] [Times: user=0.00 sys=0.00, real=0.00 secs] 
2019-06-10T17:50:32.873+0000: 49.400: [GC (Allocation Failure) 2019-06-10T17:50:32.873+0000: 49.400: [DefNew: 136640K->63K(153600K), 0.0016603 secs] 180536K->43959K(494976K), 0.0017242 secs] [Times: user=0.00 sys=0.00, real=0.00 secs] 
2019-06-10T17:50:42.248+0000: 58.775: [GC (Allocation Failure) 2019-06-10T17:50:42.248+0000: 58.775: [DefNew: 136639K->64K(153600K), 0.0017004 secs] 180535K->43960K(494976K), 0.0017641 secs] [Times: user=0.01 sys=0.00, real=0.00 secs] 
17:50:43.840 [Curator-PathChildrenCache-0] ERROR o.a.c.f.r.c.PathChildrenCache  - 
java.lang.IllegalStateException: instance must be started before calling this method
	at org.apache.curator.shaded.com.google.common.base.Preconditions.checkState(Preconditions.java:444)
	at org.apache.curator.framework.imps.CuratorFrameworkImpl.getChildren(CuratorFrameworkImpl.java:456)
	at org.apache.curator.framework.recipes.cache.PathChildrenCache.refresh(PathChildrenCache.java:521)
	at org.apache.curator.framework.recipes.cache.RefreshOperation.invoke(RefreshOperation.java:35)
	at org.apache.curator.framework.recipes.cache.PathChildrenCache$9.run(PathChildrenCache.java:786)
	at java.util.concurrent.Executors$RunnableAdapter.call(Executors.java:511)
	at java.util.concurrent.FutureTask.run(FutureTask.java:266)
	at java.util.concurrent.Executors$RunnableAdapter.call(Executors.java:511)
	at java.util.concurrent.FutureTask.run(FutureTask.java:266)
	at java.util.concurrent.ThreadPoolExecutor.runWorker(ThreadPoolExecutor.java:1149)
	at java.util.concurrent.ThreadPoolExecutor$Worker.run(ThreadPoolExecutor.java:624)
	at java.lang.Thread.run(Thread.java:748)
Heap
 def new generation   total 153600K, used 33672K [0x00000000e0c00000, 0x00000000eb2a0000, 0x00000000eb2a0000)
  eden space 136576K,  24% used [0x00000000e0c00000, 0x00000000e2cd2070, 0x00000000e9160000)
  from space 17024K,   0% used [0x00000000e9160000, 0x00000000e9170090, 0x00000000ea200000)
  to   space 17024K,   0% used [0x00000000ea200000, 0x00000000ea200000, 0x00000000eb2a0000)
 tenured generation   total 341376K, used 43896K [0x00000000eb2a0000, 0x0000000100000000, 0x0000000100000000)
   the space 341376K,  12% used [0x00000000eb2a0000, 0x00000000edd7e190, 0x00000000edd7e200, 0x0000000100000000)
 Metaspace       used 35876K, capacity 36774K, committed 37120K, reserved 1081344K
  class space    used 4823K, capacity 5043K, committed 5120K, reserved 1048576K
