16:38:55,586 |-INFO in ch.qos.logback.classic.LoggerContext[default] - Could NOT find resource [logback-test.xml]
16:38:55,586 |-INFO in ch.qos.logback.classic.LoggerContext[default] - Could NOT find resource [logback.groovy]
16:38:55,586 |-INFO in ch.qos.logback.classic.LoggerContext[default] - Found resource [logback.xml] at [jar:file:/root/flamestream/lib/flamestream-runtime-1.0-SNAPSHOT.jar!/logback.xml]
16:38:55,587 |-WARN in ch.qos.logback.classic.LoggerContext[default] - Resource [logback.xml] occurs multiple times on the classpath.
16:38:55,587 |-WARN in ch.qos.logback.classic.LoggerContext[default] - Resource [logback.xml] occurs at [jar:file:/root/flamestream/lib/flamestream-runtime-1.0-SNAPSHOT.jar!/logback.xml]
16:38:55,587 |-WARN in ch.qos.logback.classic.LoggerContext[default] - Resource [logback.xml] occurs at [jar:file:/root/flamestream/flamestream-runtime-1.0-SNAPSHOT.jar!/logback.xml]
16:38:55,607 |-INFO in ch.qos.logback.core.joran.spi.ConfigurationWatchList@3fb6a447 - URL [jar:file:/root/flamestream/lib/flamestream-runtime-1.0-SNAPSHOT.jar!/logback.xml] is not of type file
16:38:55,673 |-INFO in ch.qos.logback.classic.joran.action.ConfigurationAction - debug attribute not set
16:38:55,674 |-INFO in ch.qos.logback.core.joran.action.AppenderAction - About to instantiate appender of type [ch.qos.logback.core.ConsoleAppender]
16:38:55,689 |-INFO in ch.qos.logback.core.joran.action.AppenderAction - Naming appender as [STDOUT]
16:38:55,704 |-INFO in ch.qos.logback.core.joran.action.NestedComplexPropertyIA - Assuming default type [ch.qos.logback.classic.encoder.PatternLayoutEncoder] for [encoder] property
16:38:55,793 |-INFO in ch.qos.logback.core.joran.action.AppenderAction - About to instantiate appender of type [ch.qos.logback.core.rolling.RollingFileAppender]
16:38:55,798 |-INFO in ch.qos.logback.core.joran.action.AppenderAction - Naming appender as [FILE]
16:38:55,833 |-INFO in c.q.l.core.rolling.TimeBasedRollingPolicy@127618319 - No compression will be used
16:38:55,834 |-INFO in c.q.l.core.rolling.TimeBasedRollingPolicy@127618319 - Will use the pattern /tmp/application_%d{yyyy-MM-dd}.%i.log for the active file
16:38:55,837 |-INFO in ch.qos.logback.core.rolling.SizeAndTimeBasedFNATP@6b2fad11 - The date pattern is 'yyyy-MM-dd' from file name pattern '/tmp/application_%d{yyyy-MM-dd}.%i.log'.
16:38:55,837 |-INFO in ch.qos.logback.core.rolling.SizeAndTimeBasedFNATP@6b2fad11 - Roll-over at midnight.
16:38:55,842 |-INFO in ch.qos.logback.core.rolling.SizeAndTimeBasedFNATP@6b2fad11 - Setting initial period to Mon Jun 10 16:37:20 UTC 2019
16:38:55,842 |-WARN in ch.qos.logback.core.rolling.SizeAndTimeBasedFNATP@6b2fad11 - SizeAndTimeBasedFNATP is deprecated. Use SizeAndTimeBasedRollingPolicy instead
16:38:55,842 |-WARN in ch.qos.logback.core.rolling.SizeAndTimeBasedFNATP@6b2fad11 - For more information see http://logback.qos.ch/manual/appenders.html#SizeAndTimeBasedRollingPolicy
16:38:55,846 |-INFO in ch.qos.logback.core.joran.action.NestedComplexPropertyIA - Assuming default type [ch.qos.logback.classic.encoder.PatternLayoutEncoder] for [encoder] property
16:38:55,851 |-INFO in ch.qos.logback.core.rolling.RollingFileAppender[FILE] - Active log file name: /tmp/application.log
16:38:55,851 |-INFO in ch.qos.logback.core.rolling.RollingFileAppender[FILE] - File property is set to [/tmp/application.log]
16:38:55,852 |-INFO in ch.qos.logback.classic.joran.action.RootLoggerAction - Setting level of ROOT logger to WARN
16:38:55,852 |-INFO in ch.qos.logback.core.joran.action.AppenderRefAction - Attaching appender named [STDOUT] to Logger[ROOT]
16:38:55,852 |-INFO in ch.qos.logback.core.joran.action.AppenderRefAction - Attaching appender named [FILE] to Logger[ROOT]
16:38:55,852 |-INFO in ch.qos.logback.classic.joran.action.ConfigurationAction - End of configuration.
16:38:55,853 |-INFO in ch.qos.logback.classic.joran.JoranConfigurator@79698539 - Registering current configuration as safe fallback point

Ama winner
Ama winner
2019-06-10T16:38:57.138+0000: 1.738: [Full GC (Metadata GC Threshold) 2019-06-10T16:38:57.138+0000: 1.738: [Tenured: 0K->15208K(341376K), 0.0395807 secs] 114923K->15208K(494976K), [Metaspace: 20734K->20734K(1067008K)], 0.0396471 secs] [Times: user=0.04 sys=0.01, real=0.04 secs] 
16:39:18.630 [Curator-PathChildrenCache-1] WARN  o.a.c.u.ZKPaths  - The version of ZooKeeper being used doesn't support Container nodes. CreateMode.PERSISTENT will be used instead.
2019-06-10T16:39:20.863+0000: 25.463: [GC (Allocation Failure) 2019-06-10T16:39:20.863+0000: 25.463: [DefNew: 136576K->16763K(153600K), 0.0311097 secs] 151784K->51502K(494976K), 0.0311773 secs] [Times: user=0.02 sys=0.00, real=0.03 secs] 
2019-06-10T16:39:22.453+0000: 27.052: [Full GC (Metadata GC Threshold) 2019-06-10T16:39:22.453+0000: 27.052: [Tenured: 34739K->43578K(341376K), 0.0408248 secs] 85378K->43578K(494976K), [Metaspace: 34587K->34587K(1079296K)], 0.0409061 secs] [Times: user=0.03 sys=0.01, real=0.04 secs] 
2019-06-10T16:39:28.021+0000: 32.621: [GC (Allocation Failure) 2019-06-10T16:39:28.022+0000: 32.621: [DefNew: 136576K->99K(153600K), 0.0019665 secs] 180154K->43678K(494976K), 0.0030008 secs] [Times: user=0.00 sys=0.00, real=0.00 secs] 
2019-06-10T16:39:33.617+0000: 38.216: [GC (Allocation Failure) 2019-06-10T16:39:33.617+0000: 38.216: [DefNew: 136675K->135K(153600K), 0.0017866 secs] 180254K->43713K(494976K), 0.0018480 secs] [Times: user=0.00 sys=0.00, real=0.01 secs] 
2019-06-10T16:39:39.146+0000: 43.745: [GC (Allocation Failure) 2019-06-10T16:39:39.146+0000: 43.745: [DefNew: 136711K->163K(153600K), 0.0018442 secs] 180289K->43742K(494976K), 0.0019202 secs] [Times: user=0.01 sys=0.00, real=0.00 secs] 
2019-06-10T16:39:44.617+0000: 49.217: [GC (Allocation Failure) 2019-06-10T16:39:44.617+0000: 49.217: [DefNew: 136739K->164K(153600K), 0.0018223 secs] 180318K->43743K(494976K), 0.0018836 secs] [Times: user=0.00 sys=0.00, real=0.01 secs] 
2019-06-10T16:39:51.543+0000: 56.142: [GC (Allocation Failure) 2019-06-10T16:39:51.543+0000: 56.142: [DefNew: 136740K->165K(153600K), 0.0018641 secs] 180319K->43744K(494976K), 0.0019271 secs] [Times: user=0.00 sys=0.00, real=0.00 secs] 
16:39:59.989 [Curator-PathChildrenCache-0] ERROR o.a.c.f.r.c.PathChildrenCache  - 
java.lang.IllegalStateException: instance must be started before calling this method
	at org.apache.curator.shaded.com.google.common.base.Preconditions.checkState(Preconditions.java:444)
	at org.apache.curator.framework.imps.CuratorFrameworkImpl.getChildren(CuratorFrameworkImpl.java:456)
	at org.apache.curator.framework.recipes.cache.PathChildrenCache.refresh(PathChildrenCache.java:521)
	at org.apache.curator.framework.recipes.cache.RefreshOperation.invoke(RefreshOperation.java:35)
	at org.apache.curator.framework.recipes.cache.PathChildrenCache$9.run(PathChildrenCache.java:786)
	at java.util.concurrent.Executors$RunnableAdapter.call(Executors.java:511)
	at java.util.concurrent.FutureTask.run(FutureTask.java:266)
	at java.util.concurrent.Executors$RunnableAdapter.call(Executors.java:511)
	at java.util.concurrent.FutureTask.run(FutureTask.java:266)
	at java.util.concurrent.ThreadPoolExecutor.runWorker(ThreadPoolExecutor.java:1149)
	at java.util.concurrent.ThreadPoolExecutor$Worker.run(ThreadPoolExecutor.java:624)
	at java.lang.Thread.run(Thread.java:748)
Heap
 def new generation   total 153600K, used 59460K [0x00000000e0c00000, 0x00000000eb2a0000, 0x00000000eb2a0000)
  eden space 136576K,  43% used [0x00000000e0c00000, 0x00000000e45e7da8, 0x00000000e9160000)
  from space 17024K,   0% used [0x00000000e9160000, 0x00000000e91894a8, 0x00000000ea200000)
  to   space 17024K,   0% used [0x00000000ea200000, 0x00000000ea200000, 0x00000000eb2a0000)
 tenured generation   total 341376K, used 43578K [0x00000000eb2a0000, 0x0000000100000000, 0x0000000100000000)
   the space 341376K,  12% used [0x00000000eb2a0000, 0x00000000edd2eb58, 0x00000000edd2ec00, 0x0000000100000000)
 Metaspace       used 36167K, capacity 37062K, committed 37376K, reserved 1081344K
  class space    used 4874K, capacity 5075K, committed 5120K, reserved 1048576K
