07:40:02,282 |-INFO in ch.qos.logback.classic.LoggerContext[default] - Could NOT find resource [logback-test.xml]
07:40:02,282 |-INFO in ch.qos.logback.classic.LoggerContext[default] - Could NOT find resource [logback.groovy]
07:40:02,283 |-INFO in ch.qos.logback.classic.LoggerContext[default] - Found resource [logback.xml] at [jar:file:/root/flamestream/lib/flamestream-runtime-1.0-SNAPSHOT.jar!/logback.xml]
07:40:02,283 |-WARN in ch.qos.logback.classic.LoggerContext[default] - Resource [logback.xml] occurs multiple times on the classpath.
07:40:02,283 |-WARN in ch.qos.logback.classic.LoggerContext[default] - Resource [logback.xml] occurs at [jar:file:/root/flamestream/lib/flamestream-runtime-1.0-SNAPSHOT.jar!/logback.xml]
07:40:02,283 |-WARN in ch.qos.logback.classic.LoggerContext[default] - Resource [logback.xml] occurs at [jar:file:/root/flamestream/flamestream-runtime-1.0-SNAPSHOT.jar!/logback.xml]
07:40:02,303 |-INFO in ch.qos.logback.core.joran.spi.ConfigurationWatchList@3fb6a447 - URL [jar:file:/root/flamestream/lib/flamestream-runtime-1.0-SNAPSHOT.jar!/logback.xml] is not of type file
07:40:02,369 |-INFO in ch.qos.logback.classic.joran.action.ConfigurationAction - debug attribute not set
07:40:02,369 |-INFO in ch.qos.logback.core.joran.action.AppenderAction - About to instantiate appender of type [ch.qos.logback.core.ConsoleAppender]
07:40:02,385 |-INFO in ch.qos.logback.core.joran.action.AppenderAction - Naming appender as [STDOUT]
07:40:02,405 |-INFO in ch.qos.logback.core.joran.action.NestedComplexPropertyIA - Assuming default type [ch.qos.logback.classic.encoder.PatternLayoutEncoder] for [encoder] property
07:40:02,509 |-INFO in ch.qos.logback.core.joran.action.AppenderAction - About to instantiate appender of type [ch.qos.logback.core.rolling.RollingFileAppender]
07:40:02,518 |-INFO in ch.qos.logback.core.joran.action.AppenderAction - Naming appender as [FILE]
07:40:02,546 |-INFO in c.q.l.core.rolling.TimeBasedRollingPolicy@127618319 - No compression will be used
07:40:02,547 |-INFO in c.q.l.core.rolling.TimeBasedRollingPolicy@127618319 - Will use the pattern /tmp/application_%d{yyyy-MM-dd}.%i.log for the active file
07:40:02,550 |-INFO in ch.qos.logback.core.rolling.SizeAndTimeBasedFNATP@6b2fad11 - The date pattern is 'yyyy-MM-dd' from file name pattern '/tmp/application_%d{yyyy-MM-dd}.%i.log'.
07:40:02,550 |-INFO in ch.qos.logback.core.rolling.SizeAndTimeBasedFNATP@6b2fad11 - Roll-over at midnight.
07:40:02,555 |-INFO in ch.qos.logback.core.rolling.SizeAndTimeBasedFNATP@6b2fad11 - Setting initial period to Tue Jun 11 07:38:33 UTC 2019
07:40:02,555 |-WARN in ch.qos.logback.core.rolling.SizeAndTimeBasedFNATP@6b2fad11 - SizeAndTimeBasedFNATP is deprecated. Use SizeAndTimeBasedRollingPolicy instead
07:40:02,555 |-WARN in ch.qos.logback.core.rolling.SizeAndTimeBasedFNATP@6b2fad11 - For more information see http://logback.qos.ch/manual/appenders.html#SizeAndTimeBasedRollingPolicy
07:40:02,560 |-INFO in ch.qos.logback.core.joran.action.NestedComplexPropertyIA - Assuming default type [ch.qos.logback.classic.encoder.PatternLayoutEncoder] for [encoder] property
07:40:02,564 |-INFO in ch.qos.logback.core.rolling.RollingFileAppender[FILE] - Active log file name: /tmp/application.log
07:40:02,564 |-INFO in ch.qos.logback.core.rolling.RollingFileAppender[FILE] - File property is set to [/tmp/application.log]
07:40:02,565 |-INFO in ch.qos.logback.classic.joran.action.RootLoggerAction - Setting level of ROOT logger to WARN
07:40:02,565 |-INFO in ch.qos.logback.core.joran.action.AppenderRefAction - Attaching appender named [STDOUT] to Logger[ROOT]
07:40:02,565 |-INFO in ch.qos.logback.core.joran.action.AppenderRefAction - Attaching appender named [FILE] to Logger[ROOT]
07:40:02,565 |-INFO in ch.qos.logback.classic.joran.action.ConfigurationAction - End of configuration.
07:40:02,566 |-INFO in ch.qos.logback.classic.joran.JoranConfigurator@79698539 - Registering current configuration as safe fallback point

Ama winner
Ama winner
2019-06-11T07:40:04.178+0000: 2.084: [Full GC (Metadata GC Threshold) 2019-06-11T07:40:04.178+0000: 2.084: [Tenured: 0K->15177K(341376K), 0.0403130 secs] 117718K->15177K(494976K), [Metaspace: 20734K->20734K(1067008K)], 0.0403818 secs] [Times: user=0.03 sys=0.00, real=0.04 secs] 
07:40:18.906 [Curator-PathChildrenCache-1] WARN  o.a.c.u.ZKPaths  - The version of ZooKeeper being used doesn't support Container nodes. CreateMode.PERSISTENT will be used instead.
2019-06-11T07:40:21.463+0000: 19.368: [GC (Allocation Failure) 2019-06-11T07:40:21.463+0000: 19.368: [DefNew: 136576K->17023K(153600K), 0.0312420 secs] 151753K->52390K(494976K), 0.0313181 secs] [Times: user=0.02 sys=0.01, real=0.03 secs] 
2019-06-11T07:40:27.494+0000: 25.400: [GC (Allocation Failure) 2019-06-11T07:40:27.494+0000: 25.400: [DefNew: 153599K->144K(153600K), 0.0092807 secs] 188966K->43553K(494976K), 0.0093570 secs] [Times: user=0.00 sys=0.01, real=0.01 secs] 
2019-06-11T07:40:33.399+0000: 31.305: [GC (Allocation Failure) 2019-06-11T07:40:33.399+0000: 31.305: [DefNew: 136720K->148K(153600K), 0.0026167 secs] 180129K->43557K(494976K), 0.0026741 secs] [Times: user=0.00 sys=0.00, real=0.00 secs] 
2019-06-11T07:40:39.394+0000: 37.300: [GC (Allocation Failure) 2019-06-11T07:40:39.394+0000: 37.300: [DefNew: 136724K->148K(153600K), 0.0026364 secs] 180133K->43557K(494976K), 0.0027013 secs] [Times: user=0.00 sys=0.00, real=0.01 secs] 
2019-06-11T07:40:39.829+0000: 37.735: [Full GC (Metadata GC Threshold) 2019-06-11T07:40:39.829+0000: 37.735: [Tenured: 43409K->43553K(341376K), 0.0308847 secs] 55557K->43553K(494976K), [Metaspace: 34631K->34631K(1079296K)], 0.0309609 secs] [Times: user=0.04 sys=0.00, real=0.03 secs] 
2019-06-11T07:40:45.820+0000: 43.726: [GC (Allocation Failure) 2019-06-11T07:40:45.820+0000: 43.726: [DefNew: 136576K->46K(153600K), 0.0016502 secs] 180129K->43599K(494976K), 0.0017106 secs] [Times: user=0.00 sys=0.00, real=0.00 secs] 
2019-06-11T07:40:51.874+0000: 49.780: [GC (Allocation Failure) 2019-06-11T07:40:51.874+0000: 49.780: [DefNew: 136622K->56K(153600K), 0.0016052 secs] 180175K->43610K(494976K), 0.0016790 secs] [Times: user=0.00 sys=0.00, real=0.01 secs] 
07:41:02.012 [Curator-PathChildrenCache-0] ERROR o.a.c.f.r.c.PathChildrenCache  - 
java.lang.IllegalStateException: instance must be started before calling this method
	at org.apache.curator.shaded.com.google.common.base.Preconditions.checkState(Preconditions.java:444)
	at org.apache.curator.framework.imps.CuratorFrameworkImpl.getChildren(CuratorFrameworkImpl.java:456)
	at org.apache.curator.framework.recipes.cache.PathChildrenCache.refresh(PathChildrenCache.java:521)
	at org.apache.curator.framework.recipes.cache.RefreshOperation.invoke(RefreshOperation.java:35)
	at org.apache.curator.framework.recipes.cache.PathChildrenCache$9.run(PathChildrenCache.java:786)
	at java.util.concurrent.Executors$RunnableAdapter.call(Executors.java:511)
	at java.util.concurrent.FutureTask.run(FutureTask.java:266)
	at java.util.concurrent.Executors$RunnableAdapter.call(Executors.java:511)
	at java.util.concurrent.FutureTask.run(FutureTask.java:266)
	at java.util.concurrent.ThreadPoolExecutor.runWorker(ThreadPoolExecutor.java:1149)
	at java.util.concurrent.ThreadPoolExecutor$Worker.run(ThreadPoolExecutor.java:624)
	at java.lang.Thread.run(Thread.java:748)
Heap
 def new generation   total 153600K, used 103999K [0x00000000e0c00000, 0x00000000eb2a0000, 0x00000000eb2a0000)
  eden space 136576K,  76% used [0x00000000e0c00000, 0x00000000e71819e8, 0x00000000e9160000)
  from space 17024K,   0% used [0x00000000e9160000, 0x00000000e916e3b8, 0x00000000ea200000)
  to   space 17024K,   0% used [0x00000000ea200000, 0x00000000ea200000, 0x00000000eb2a0000)
 tenured generation   total 341376K, used 43553K [0x00000000eb2a0000, 0x0000000100000000, 0x0000000100000000)
   the space 341376K,  12% used [0x00000000eb2a0000, 0x00000000edd28688, 0x00000000edd28800, 0x0000000100000000)
 Metaspace       used 35665K, capacity 36544K, committed 36864K, reserved 1081344K
  class space    used 4811K, capacity 5010K, committed 5120K, reserved 1048576K
