17:32:24,517 |-INFO in ch.qos.logback.classic.LoggerContext[default] - Could NOT find resource [logback-test.xml]
17:32:24,517 |-INFO in ch.qos.logback.classic.LoggerContext[default] - Could NOT find resource [logback.groovy]
17:32:24,517 |-INFO in ch.qos.logback.classic.LoggerContext[default] - Found resource [logback.xml] at [jar:file:/root/flamestream/lib/flamestream-runtime-1.0-SNAPSHOT.jar!/logback.xml]
17:32:24,518 |-WARN in ch.qos.logback.classic.LoggerContext[default] - Resource [logback.xml] occurs multiple times on the classpath.
17:32:24,518 |-WARN in ch.qos.logback.classic.LoggerContext[default] - Resource [logback.xml] occurs at [jar:file:/root/flamestream/lib/flamestream-runtime-1.0-SNAPSHOT.jar!/logback.xml]
17:32:24,518 |-WARN in ch.qos.logback.classic.LoggerContext[default] - Resource [logback.xml] occurs at [jar:file:/root/flamestream/flamestream-runtime-1.0-SNAPSHOT.jar!/logback.xml]
17:32:24,538 |-INFO in ch.qos.logback.core.joran.spi.ConfigurationWatchList@3fb6a447 - URL [jar:file:/root/flamestream/lib/flamestream-runtime-1.0-SNAPSHOT.jar!/logback.xml] is not of type file
17:32:24,611 |-INFO in ch.qos.logback.classic.joran.action.ConfigurationAction - debug attribute not set
17:32:24,611 |-INFO in ch.qos.logback.core.joran.action.AppenderAction - About to instantiate appender of type [ch.qos.logback.core.ConsoleAppender]
17:32:24,631 |-INFO in ch.qos.logback.core.joran.action.AppenderAction - Naming appender as [STDOUT]
17:32:24,649 |-INFO in ch.qos.logback.core.joran.action.NestedComplexPropertyIA - Assuming default type [ch.qos.logback.classic.encoder.PatternLayoutEncoder] for [encoder] property
17:32:24,730 |-INFO in ch.qos.logback.core.joran.action.AppenderAction - About to instantiate appender of type [ch.qos.logback.core.rolling.RollingFileAppender]
17:32:24,735 |-INFO in ch.qos.logback.core.joran.action.AppenderAction - Naming appender as [FILE]
17:32:24,767 |-INFO in c.q.l.core.rolling.TimeBasedRollingPolicy@127618319 - No compression will be used
17:32:24,768 |-INFO in c.q.l.core.rolling.TimeBasedRollingPolicy@127618319 - Will use the pattern /tmp/application_%d{yyyy-MM-dd}.%i.log for the active file
17:32:24,771 |-INFO in ch.qos.logback.core.rolling.SizeAndTimeBasedFNATP@6b2fad11 - The date pattern is 'yyyy-MM-dd' from file name pattern '/tmp/application_%d{yyyy-MM-dd}.%i.log'.
17:32:24,771 |-INFO in ch.qos.logback.core.rolling.SizeAndTimeBasedFNATP@6b2fad11 - Roll-over at midnight.
17:32:24,777 |-INFO in ch.qos.logback.core.rolling.SizeAndTimeBasedFNATP@6b2fad11 - Setting initial period to Mon Jun 10 17:30:49 UTC 2019
17:32:24,777 |-WARN in ch.qos.logback.core.rolling.SizeAndTimeBasedFNATP@6b2fad11 - SizeAndTimeBasedFNATP is deprecated. Use SizeAndTimeBasedRollingPolicy instead
17:32:24,777 |-WARN in ch.qos.logback.core.rolling.SizeAndTimeBasedFNATP@6b2fad11 - For more information see http://logback.qos.ch/manual/appenders.html#SizeAndTimeBasedRollingPolicy
17:32:24,781 |-INFO in ch.qos.logback.core.joran.action.NestedComplexPropertyIA - Assuming default type [ch.qos.logback.classic.encoder.PatternLayoutEncoder] for [encoder] property
17:32:24,785 |-INFO in ch.qos.logback.core.rolling.RollingFileAppender[FILE] - Active log file name: /tmp/application.log
17:32:24,785 |-INFO in ch.qos.logback.core.rolling.RollingFileAppender[FILE] - File property is set to [/tmp/application.log]
17:32:24,786 |-INFO in ch.qos.logback.classic.joran.action.RootLoggerAction - Setting level of ROOT logger to WARN
17:32:24,786 |-INFO in ch.qos.logback.core.joran.action.AppenderRefAction - Attaching appender named [STDOUT] to Logger[ROOT]
17:32:24,788 |-INFO in ch.qos.logback.core.joran.action.AppenderRefAction - Attaching appender named [FILE] to Logger[ROOT]
17:32:24,788 |-INFO in ch.qos.logback.classic.joran.action.ConfigurationAction - End of configuration.
17:32:24,789 |-INFO in ch.qos.logback.classic.joran.JoranConfigurator@79698539 - Registering current configuration as safe fallback point

Ama winner
Ama winner
2019-06-10T17:32:26.100+0000: 1.767: [Full GC (Metadata GC Threshold) 2019-06-10T17:32:26.100+0000: 1.767: [Tenured: 0K->15239K(341376K), 0.0399665 secs] 117751K->15239K(494976K), [Metaspace: 20729K->20729K(1067008K)], 0.0400466 secs] [Times: user=0.04 sys=0.00, real=0.04 secs] 
17:32:47.687 [Curator-PathChildrenCache-1] WARN  o.a.c.u.ZKPaths  - The version of ZooKeeper being used doesn't support Container nodes. CreateMode.PERSISTENT will be used instead.
2019-06-10T17:32:50.237+0000: 25.903: [GC (Allocation Failure) 2019-06-10T17:32:50.237+0000: 25.904: [DefNew: 136576K->17023K(153600K), 0.0266107 secs] 151815K->52695K(494976K), 0.0266797 secs] [Times: user=0.02 sys=0.01, real=0.03 secs] 
2019-06-10T17:32:53.279+0000: 28.945: [Full GC (Metadata GC Threshold) 2019-06-10T17:32:53.279+0000: 28.945: [Tenured: 35671K->44231K(341376K), 0.0482309 secs] 117694K->44231K(494976K), [Metaspace: 34599K->34599K(1079296K)], 0.0483057 secs] [Times: user=0.05 sys=0.00, real=0.05 secs] 
2019-06-10T17:33:00.127+0000: 35.793: [GC (Allocation Failure) 2019-06-10T17:33:00.127+0000: 35.793: [DefNew: 136576K->120K(153600K), 0.0018146 secs] 180807K->44352K(494976K), 0.0018818 secs] [Times: user=0.00 sys=0.00, real=0.00 secs] 
2019-06-10T17:33:06.960+0000: 42.627: [GC (Allocation Failure) 2019-06-10T17:33:06.960+0000: 42.627: [DefNew: 136696K->121K(153600K), 0.0016975 secs] 180928K->44353K(494976K), 0.0017596 secs] [Times: user=0.00 sys=0.00, real=0.01 secs] 
2019-06-10T17:33:13.781+0000: 49.448: [GC (Allocation Failure) 2019-06-10T17:33:13.782+0000: 49.448: [DefNew: 136697K->125K(153600K), 0.0017101 secs] 180929K->44357K(494976K), 0.0017711 secs] [Times: user=0.00 sys=0.00, real=0.01 secs] 
2019-06-10T17:33:20.692+0000: 56.359: [GC (Allocation Failure) 2019-06-10T17:33:20.692+0000: 56.359: [DefNew: 136701K->126K(153600K), 0.0017409 secs] 180933K->44358K(494976K), 0.0018052 secs] [Times: user=0.00 sys=0.00, real=0.00 secs] 
2019-06-10T17:33:32.181+0000: 67.847: [GC (Allocation Failure) 2019-06-10T17:33:32.181+0000: 67.847: [DefNew: 136702K->454K(153600K), 0.0022128 secs] 180934K->44686K(494976K), 0.0022781 secs] [Times: user=0.00 sys=0.00, real=0.01 secs] 
17:33:41.355 [Curator-PathChildrenCache-0] ERROR o.a.c.f.r.c.PathChildrenCache  - 
java.lang.IllegalStateException: instance must be started before calling this method
	at org.apache.curator.shaded.com.google.common.base.Preconditions.checkState(Preconditions.java:444)
	at org.apache.curator.framework.imps.CuratorFrameworkImpl.getChildren(CuratorFrameworkImpl.java:456)
	at org.apache.curator.framework.recipes.cache.PathChildrenCache.refresh(PathChildrenCache.java:521)
	at org.apache.curator.framework.recipes.cache.RefreshOperation.invoke(RefreshOperation.java:35)
	at org.apache.curator.framework.recipes.cache.PathChildrenCache$9.run(PathChildrenCache.java:786)
	at java.util.concurrent.Executors$RunnableAdapter.call(Executors.java:511)
	at java.util.concurrent.FutureTask.run(FutureTask.java:266)
	at java.util.concurrent.Executors$RunnableAdapter.call(Executors.java:511)
	at java.util.concurrent.FutureTask.run(FutureTask.java:266)
	at java.util.concurrent.ThreadPoolExecutor.runWorker(ThreadPoolExecutor.java:1149)
	at java.util.concurrent.ThreadPoolExecutor$Worker.run(ThreadPoolExecutor.java:624)
	at java.lang.Thread.run(Thread.java:748)
Heap
 def new generation   total 153600K, used 43794K [0x00000000e0c00000, 0x00000000eb2a0000, 0x00000000eb2a0000)
  eden space 136576K,  31% used [0x00000000e0c00000, 0x00000000e3653128, 0x00000000e9160000)
  from space 17024K,   2% used [0x00000000e9160000, 0x00000000e91d1a08, 0x00000000ea200000)
  to   space 17024K,   0% used [0x00000000ea200000, 0x00000000ea200000, 0x00000000eb2a0000)
 tenured generation   total 341376K, used 44231K [0x00000000eb2a0000, 0x0000000100000000, 0x0000000100000000)
   the space 341376K,  12% used [0x00000000eb2a0000, 0x00000000eddd1ed0, 0x00000000eddd2000, 0x0000000100000000)
 Metaspace       used 36071K, capacity 36992K, committed 37120K, reserved 1081344K
  class space    used 4860K, capacity 5074K, committed 5120K, reserved 1048576K
