20:01:20,103 |-INFO in ch.qos.logback.classic.LoggerContext[default] - Could NOT find resource [logback-test.xml]
20:01:20,103 |-INFO in ch.qos.logback.classic.LoggerContext[default] - Could NOT find resource [logback.groovy]
20:01:20,104 |-INFO in ch.qos.logback.classic.LoggerContext[default] - Found resource [logback.xml] at [jar:file:/root/flamestream/lib/flamestream-runtime-1.0-SNAPSHOT.jar!/logback.xml]
20:01:20,104 |-WARN in ch.qos.logback.classic.LoggerContext[default] - Resource [logback.xml] occurs multiple times on the classpath.
20:01:20,104 |-WARN in ch.qos.logback.classic.LoggerContext[default] - Resource [logback.xml] occurs at [jar:file:/root/flamestream/lib/flamestream-runtime-1.0-SNAPSHOT.jar!/logback.xml]
20:01:20,104 |-WARN in ch.qos.logback.classic.LoggerContext[default] - Resource [logback.xml] occurs at [jar:file:/root/flamestream/flamestream-runtime-1.0-SNAPSHOT.jar!/logback.xml]
20:01:20,128 |-INFO in ch.qos.logback.core.joran.spi.ConfigurationWatchList@3fb6a447 - URL [jar:file:/root/flamestream/lib/flamestream-runtime-1.0-SNAPSHOT.jar!/logback.xml] is not of type file
20:01:20,195 |-INFO in ch.qos.logback.classic.joran.action.ConfigurationAction - debug attribute not set
20:01:20,196 |-INFO in ch.qos.logback.core.joran.action.AppenderAction - About to instantiate appender of type [ch.qos.logback.core.ConsoleAppender]
20:01:20,212 |-INFO in ch.qos.logback.core.joran.action.AppenderAction - Naming appender as [STDOUT]
20:01:20,225 |-INFO in ch.qos.logback.core.joran.action.NestedComplexPropertyIA - Assuming default type [ch.qos.logback.classic.encoder.PatternLayoutEncoder] for [encoder] property
20:01:20,328 |-INFO in ch.qos.logback.core.joran.action.AppenderAction - About to instantiate appender of type [ch.qos.logback.core.rolling.RollingFileAppender]
20:01:20,332 |-INFO in ch.qos.logback.core.joran.action.AppenderAction - Naming appender as [FILE]
20:01:20,369 |-INFO in c.q.l.core.rolling.TimeBasedRollingPolicy@127618319 - No compression will be used
20:01:20,370 |-INFO in c.q.l.core.rolling.TimeBasedRollingPolicy@127618319 - Will use the pattern /tmp/application_%d{yyyy-MM-dd}.%i.log for the active file
20:01:20,373 |-INFO in ch.qos.logback.core.rolling.SizeAndTimeBasedFNATP@6b2fad11 - The date pattern is 'yyyy-MM-dd' from file name pattern '/tmp/application_%d{yyyy-MM-dd}.%i.log'.
20:01:20,373 |-INFO in ch.qos.logback.core.rolling.SizeAndTimeBasedFNATP@6b2fad11 - Roll-over at midnight.
20:01:20,378 |-INFO in ch.qos.logback.core.rolling.SizeAndTimeBasedFNATP@6b2fad11 - Setting initial period to Mon Jun 10 20:00:00 UTC 2019
20:01:20,378 |-WARN in ch.qos.logback.core.rolling.SizeAndTimeBasedFNATP@6b2fad11 - SizeAndTimeBasedFNATP is deprecated. Use SizeAndTimeBasedRollingPolicy instead
20:01:20,378 |-WARN in ch.qos.logback.core.rolling.SizeAndTimeBasedFNATP@6b2fad11 - For more information see http://logback.qos.ch/manual/appenders.html#SizeAndTimeBasedRollingPolicy
20:01:20,382 |-INFO in ch.qos.logback.core.joran.action.NestedComplexPropertyIA - Assuming default type [ch.qos.logback.classic.encoder.PatternLayoutEncoder] for [encoder] property
20:01:20,387 |-INFO in ch.qos.logback.core.rolling.RollingFileAppender[FILE] - Active log file name: /tmp/application.log
20:01:20,387 |-INFO in ch.qos.logback.core.rolling.RollingFileAppender[FILE] - File property is set to [/tmp/application.log]
20:01:20,388 |-INFO in ch.qos.logback.classic.joran.action.RootLoggerAction - Setting level of ROOT logger to WARN
20:01:20,388 |-INFO in ch.qos.logback.core.joran.action.AppenderRefAction - Attaching appender named [STDOUT] to Logger[ROOT]
20:01:20,390 |-INFO in ch.qos.logback.core.joran.action.AppenderRefAction - Attaching appender named [FILE] to Logger[ROOT]
20:01:20,390 |-INFO in ch.qos.logback.classic.joran.action.ConfigurationAction - End of configuration.
20:01:20,390 |-INFO in ch.qos.logback.classic.joran.JoranConfigurator@79698539 - Registering current configuration as safe fallback point

Ama winner
Ama winner
2019-06-10T20:01:21.663+0000: 1.742: [Full GC (Metadata GC Threshold) 2019-06-10T20:01:21.663+0000: 1.742: [Tenured: 0K->15241K(341376K), 0.0361494 secs] 114987K->15241K(494976K), [Metaspace: 20737K->20737K(1067008K)], 0.0362164 secs] [Times: user=0.03 sys=0.01, real=0.04 secs] 
20:01:35.451 [Curator-PathChildrenCache-2] WARN  o.a.c.u.ZKPaths  - The version of ZooKeeper being used doesn't support Container nodes. CreateMode.PERSISTENT will be used instead.
2019-06-10T20:01:37.428+0000: 17.507: [GC (Allocation Failure) 2019-06-10T20:01:37.428+0000: 17.508: [DefNew: 136541K->16730K(153600K), 0.0254181 secs] 151782K->51503K(494976K), 0.0254897 secs] [Times: user=0.02 sys=0.01, real=0.02 secs] 
2019-06-10T20:01:38.156+0000: 18.236: [Full GC (Metadata GC Threshold) 2019-06-10T20:01:38.156+0000: 18.236: [Tenured: 34772K->43396K(341376K), 0.0352345 secs] 71282K->43396K(494976K), [Metaspace: 34585K->34585K(1079296K)], 0.0353105 secs] [Times: user=0.03 sys=0.01, real=0.04 secs] 
2019-06-10T20:01:39.825+0000: 19.904: [GC (Allocation Failure) 2019-06-10T20:01:39.825+0000: 19.904: [DefNew: 136576K->172K(153600K), 0.0020346 secs] 179972K->43569K(494976K), 0.0020889 secs] [Times: user=0.00 sys=0.00, real=0.01 secs] 
2019-06-10T20:01:41.358+0000: 21.437: [GC (Allocation Failure) 2019-06-10T20:01:41.358+0000: 21.437: [DefNew: 136748K->193K(153600K), 0.0019193 secs] 180145K->43590K(494976K), 0.0019733 secs] [Times: user=0.00 sys=0.00, real=0.00 secs] 
2019-06-10T20:01:42.856+0000: 22.936: [GC (Allocation Failure) 2019-06-10T20:01:42.856+0000: 22.936: [DefNew: 136769K->223K(153600K), 0.0020398 secs] 180166K->43620K(494976K), 0.0021094 secs] [Times: user=0.00 sys=0.00, real=0.01 secs] 
2019-06-10T20:01:44.440+0000: 24.519: [GC (Allocation Failure) 2019-06-10T20:01:44.440+0000: 24.519: [DefNew: 136799K->259K(153600K), 0.0020597 secs] 180196K->43655K(494976K), 0.0021166 secs] [Times: user=0.00 sys=0.00, real=0.00 secs] 
2019-06-10T20:01:46.012+0000: 26.091: [GC (Allocation Failure) 2019-06-10T20:01:46.012+0000: 26.091: [DefNew: 136835K->236K(153600K), 0.0020763 secs] 180231K->43633K(494976K), 0.0021326 secs] [Times: user=0.00 sys=0.00, real=0.00 secs] 
20:01:52.708 [Curator-PathChildrenCache-0] ERROR o.a.c.f.r.c.PathChildrenCache  - 
java.lang.IllegalStateException: instance must be started before calling this method
	at org.apache.curator.shaded.com.google.common.base.Preconditions.checkState(Preconditions.java:444)
	at org.apache.curator.framework.imps.CuratorFrameworkImpl.getChildren(CuratorFrameworkImpl.java:456)
	at org.apache.curator.framework.recipes.cache.PathChildrenCache.refresh(PathChildrenCache.java:521)
	at org.apache.curator.framework.recipes.cache.RefreshOperation.invoke(RefreshOperation.java:35)
	at org.apache.curator.framework.recipes.cache.PathChildrenCache$9.run(PathChildrenCache.java:786)
	at java.util.concurrent.Executors$RunnableAdapter.call(Executors.java:511)
	at java.util.concurrent.FutureTask.run(FutureTask.java:266)
	at java.util.concurrent.Executors$RunnableAdapter.call(Executors.java:511)
	at java.util.concurrent.FutureTask.run(FutureTask.java:266)
	at java.util.concurrent.ThreadPoolExecutor.runWorker(ThreadPoolExecutor.java:1149)
	at java.util.concurrent.ThreadPoolExecutor$Worker.run(ThreadPoolExecutor.java:624)
	at java.lang.Thread.run(Thread.java:748)
Heap
 def new generation   total 153600K, used 88736K [0x00000000e0c00000, 0x00000000eb2a0000, 0x00000000eb2a0000)
  eden space 136576K,  64% used [0x00000000e0c00000, 0x00000000e626ce28, 0x00000000e9160000)
  from space 17024K,   1% used [0x00000000e9160000, 0x00000000e919b338, 0x00000000ea200000)
  to   space 17024K,   0% used [0x00000000ea200000, 0x00000000ea200000, 0x00000000eb2a0000)
 tenured generation   total 341376K, used 43396K [0x00000000eb2a0000, 0x0000000100000000, 0x0000000100000000)
   the space 341376K,  12% used [0x00000000eb2a0000, 0x00000000edd01288, 0x00000000edd01400, 0x0000000100000000)
 Metaspace       used 35889K, capacity 36820K, committed 37120K, reserved 1081344K
  class space    used 4859K, capacity 5062K, committed 5120K, reserved 1048576K
