08:05:08,585 |-INFO in ch.qos.logback.classic.LoggerContext[default] - Could NOT find resource [logback-test.xml]
08:05:08,585 |-INFO in ch.qos.logback.classic.LoggerContext[default] - Could NOT find resource [logback.groovy]
08:05:08,585 |-INFO in ch.qos.logback.classic.LoggerContext[default] - Found resource [logback.xml] at [jar:file:/root/flamestream/lib/flamestream-runtime-1.0-SNAPSHOT.jar!/logback.xml]
08:05:08,586 |-WARN in ch.qos.logback.classic.LoggerContext[default] - Resource [logback.xml] occurs multiple times on the classpath.
08:05:08,586 |-WARN in ch.qos.logback.classic.LoggerContext[default] - Resource [logback.xml] occurs at [jar:file:/root/flamestream/lib/flamestream-runtime-1.0-SNAPSHOT.jar!/logback.xml]
08:05:08,586 |-WARN in ch.qos.logback.classic.LoggerContext[default] - Resource [logback.xml] occurs at [jar:file:/root/flamestream/flamestream-runtime-1.0-SNAPSHOT.jar!/logback.xml]
08:05:08,605 |-INFO in ch.qos.logback.core.joran.spi.ConfigurationWatchList@3fb6a447 - URL [jar:file:/root/flamestream/lib/flamestream-runtime-1.0-SNAPSHOT.jar!/logback.xml] is not of type file
08:05:08,678 |-INFO in ch.qos.logback.classic.joran.action.ConfigurationAction - debug attribute not set
08:05:08,678 |-INFO in ch.qos.logback.core.joran.action.AppenderAction - About to instantiate appender of type [ch.qos.logback.core.ConsoleAppender]
08:05:08,692 |-INFO in ch.qos.logback.core.joran.action.AppenderAction - Naming appender as [STDOUT]
08:05:08,712 |-INFO in ch.qos.logback.core.joran.action.NestedComplexPropertyIA - Assuming default type [ch.qos.logback.classic.encoder.PatternLayoutEncoder] for [encoder] property
08:05:08,793 |-INFO in ch.qos.logback.core.joran.action.AppenderAction - About to instantiate appender of type [ch.qos.logback.core.rolling.RollingFileAppender]
08:05:08,801 |-INFO in ch.qos.logback.core.joran.action.AppenderAction - Naming appender as [FILE]
08:05:08,832 |-INFO in c.q.l.core.rolling.TimeBasedRollingPolicy@127618319 - No compression will be used
08:05:08,833 |-INFO in c.q.l.core.rolling.TimeBasedRollingPolicy@127618319 - Will use the pattern /tmp/application_%d{yyyy-MM-dd}.%i.log for the active file
08:05:08,836 |-INFO in ch.qos.logback.core.rolling.SizeAndTimeBasedFNATP@6b2fad11 - The date pattern is 'yyyy-MM-dd' from file name pattern '/tmp/application_%d{yyyy-MM-dd}.%i.log'.
08:05:08,836 |-INFO in ch.qos.logback.core.rolling.SizeAndTimeBasedFNATP@6b2fad11 - Roll-over at midnight.
08:05:08,841 |-INFO in ch.qos.logback.core.rolling.SizeAndTimeBasedFNATP@6b2fad11 - Setting initial period to Tue Jun 11 08:03:40 UTC 2019
08:05:08,841 |-WARN in ch.qos.logback.core.rolling.SizeAndTimeBasedFNATP@6b2fad11 - SizeAndTimeBasedFNATP is deprecated. Use SizeAndTimeBasedRollingPolicy instead
08:05:08,841 |-WARN in ch.qos.logback.core.rolling.SizeAndTimeBasedFNATP@6b2fad11 - For more information see http://logback.qos.ch/manual/appenders.html#SizeAndTimeBasedRollingPolicy
08:05:08,845 |-INFO in ch.qos.logback.core.joran.action.NestedComplexPropertyIA - Assuming default type [ch.qos.logback.classic.encoder.PatternLayoutEncoder] for [encoder] property
08:05:08,850 |-INFO in ch.qos.logback.core.rolling.RollingFileAppender[FILE] - Active log file name: /tmp/application.log
08:05:08,850 |-INFO in ch.qos.logback.core.rolling.RollingFileAppender[FILE] - File property is set to [/tmp/application.log]
08:05:08,851 |-INFO in ch.qos.logback.classic.joran.action.RootLoggerAction - Setting level of ROOT logger to WARN
08:05:08,851 |-INFO in ch.qos.logback.core.joran.action.AppenderRefAction - Attaching appender named [STDOUT] to Logger[ROOT]
08:05:08,853 |-INFO in ch.qos.logback.core.joran.action.AppenderRefAction - Attaching appender named [FILE] to Logger[ROOT]
08:05:08,853 |-INFO in ch.qos.logback.classic.joran.action.ConfigurationAction - End of configuration.
08:05:08,853 |-INFO in ch.qos.logback.classic.joran.JoranConfigurator@79698539 - Registering current configuration as safe fallback point

Ama winner
Ama winner
2019-06-11T08:05:10.209+0000: 1.811: [Full GC (Metadata GC Threshold) 2019-06-11T08:05:10.209+0000: 1.811: [Tenured: 0K->15175K(341376K), 0.0386325 secs] 114987K->15175K(494976K), [Metaspace: 20726K->20726K(1067008K)], 0.0386970 secs] [Times: user=0.03 sys=0.01, real=0.04 secs] 
08:05:28.111 [Curator-PathChildrenCache-1] WARN  o.a.c.u.ZKPaths  - The version of ZooKeeper being used doesn't support Container nodes. CreateMode.PERSISTENT will be used instead.
2019-06-11T08:05:30.287+0000: 21.888: [GC (Allocation Failure) 2019-06-11T08:05:30.287+0000: 21.888: [DefNew: 136576K->17024K(153600K), 0.0255523 secs] 151751K->52283K(494976K), 0.0256212 secs] [Times: user=0.02 sys=0.00, real=0.02 secs] 
2019-06-11T08:05:37.213+0000: 28.814: [GC (Allocation Failure) 2019-06-11T08:05:37.213+0000: 28.814: [DefNew: 153600K->344K(153600K), 0.0097952 secs] 188859K->43547K(494976K), 0.0098630 secs] [Times: user=0.00 sys=0.01, real=0.01 secs] 
2019-06-11T08:05:44.068+0000: 35.670: [GC (Allocation Failure) 2019-06-11T08:05:44.068+0000: 35.670: [DefNew: 136920K->324K(153600K), 0.0026392 secs] 180123K->43528K(494976K), 0.0027025 secs] [Times: user=0.00 sys=0.00, real=0.00 secs] 
2019-06-11T08:05:47.124+0000: 38.726: [Full GC (Metadata GC Threshold) 2019-06-11T08:05:47.124+0000: 38.726: [Tenured: 43203K->43525K(341376K), 0.0420561 secs] 106256K->43525K(494976K), [Metaspace: 34578K->34578K(1079296K)], 0.0421295 secs] [Times: user=0.05 sys=0.00, real=0.05 secs] 
2019-06-11T08:05:53.984+0000: 45.586: [GC (Allocation Failure) 2019-06-11T08:05:53.984+0000: 45.586: [DefNew: 136576K->54K(153600K), 0.0016757 secs] 180101K->43579K(494976K), 0.0017349 secs] [Times: user=0.00 sys=0.00, real=0.01 secs] 
2019-06-11T08:06:00.884+0000: 52.486: [GC (Allocation Failure) 2019-06-11T08:06:00.884+0000: 52.486: [DefNew: 136630K->51K(153600K), 0.0015941 secs] 180155K->43576K(494976K), 0.0016545 secs] [Times: user=0.01 sys=0.00, real=0.01 secs] 
2019-06-11T08:06:10.126+0000: 61.727: [GC (Allocation Failure) 2019-06-11T08:06:10.126+0000: 61.727: [DefNew: 136627K->48K(153600K), 0.0015591 secs] 180152K->43574K(494976K), 0.0016202 secs] [Times: user=0.00 sys=0.00, real=0.00 secs] 
08:06:19.959 [Curator-PathChildrenCache-0] ERROR o.a.c.f.r.c.PathChildrenCache  - 
java.lang.IllegalStateException: instance must be started before calling this method
	at org.apache.curator.shaded.com.google.common.base.Preconditions.checkState(Preconditions.java:444)
	at org.apache.curator.framework.imps.CuratorFrameworkImpl.getChildren(CuratorFrameworkImpl.java:456)
	at org.apache.curator.framework.recipes.cache.PathChildrenCache.refresh(PathChildrenCache.java:521)
	at org.apache.curator.framework.recipes.cache.RefreshOperation.invoke(RefreshOperation.java:35)
	at org.apache.curator.framework.recipes.cache.PathChildrenCache$9.run(PathChildrenCache.java:786)
	at java.util.concurrent.Executors$RunnableAdapter.call(Executors.java:511)
	at java.util.concurrent.FutureTask.run(FutureTask.java:266)
	at java.util.concurrent.Executors$RunnableAdapter.call(Executors.java:511)
	at java.util.concurrent.FutureTask.run(FutureTask.java:266)
	at java.util.concurrent.ThreadPoolExecutor.runWorker(ThreadPoolExecutor.java:1149)
	at java.util.concurrent.ThreadPoolExecutor$Worker.run(ThreadPoolExecutor.java:624)
	at java.lang.Thread.run(Thread.java:748)
Heap
 def new generation   total 153600K, used 55883K [0x00000000e0c00000, 0x00000000eb2a0000, 0x00000000eb2a0000)
  eden space 136576K,  40% used [0x00000000e0c00000, 0x00000000e4286bd8, 0x00000000e9160000)
  from space 17024K,   0% used [0x00000000e9160000, 0x00000000e916c280, 0x00000000ea200000)
  to   space 17024K,   0% used [0x00000000ea200000, 0x00000000ea200000, 0x00000000eb2a0000)
 tenured generation   total 341376K, used 43525K [0x00000000eb2a0000, 0x0000000100000000, 0x0000000100000000)
   the space 341376K,  12% used [0x00000000eb2a0000, 0x00000000edd21588, 0x00000000edd21600, 0x0000000100000000)
 Metaspace       used 35877K, capacity 36788K, committed 37120K, reserved 1081344K
  class space    used 4852K, capacity 5072K, committed 5120K, reserved 1048576K
