00:10:08,842 |-INFO in ch.qos.logback.classic.LoggerContext[default] - Could NOT find resource [logback-test.xml]
00:10:08,842 |-INFO in ch.qos.logback.classic.LoggerContext[default] - Could NOT find resource [logback.groovy]
00:10:08,843 |-INFO in ch.qos.logback.classic.LoggerContext[default] - Found resource [logback.xml] at [jar:file:/home/nikitasokolov/flamestream/lib/flamestream-runtime-1.0-SNAPSHOT.jar!/logback.xml]
00:10:08,843 |-WARN in ch.qos.logback.classic.LoggerContext[default] - Resource [logback.xml] occurs multiple times on the classpath.
00:10:08,843 |-WARN in ch.qos.logback.classic.LoggerContext[default] - Resource [logback.xml] occurs at [jar:file:/home/nikitasokolov/flamestream/lib/flamestream-runtime-1.0-SNAPSHOT.jar!/logback.xml]
00:10:08,843 |-WARN in ch.qos.logback.classic.LoggerContext[default] - Resource [logback.xml] occurs at [jar:file:/home/nikitasokolov/flamestream/flamestream-runtime-1.0-SNAPSHOT.jar!/logback.xml]
00:10:08,859 |-INFO in ch.qos.logback.core.joran.spi.ConfigurationWatchList@6aaa5eb0 - URL [jar:file:/home/nikitasokolov/flamestream/lib/flamestream-runtime-1.0-SNAPSHOT.jar!/logback.xml] is not of type file
00:10:08,912 |-INFO in ch.qos.logback.classic.joran.action.ConfigurationAction - debug attribute not set
00:10:08,913 |-INFO in ch.qos.logback.core.joran.action.AppenderAction - About to instantiate appender of type [ch.qos.logback.core.ConsoleAppender]
00:10:08,920 |-INFO in ch.qos.logback.core.joran.action.AppenderAction - Naming appender as [STDOUT]
00:10:08,927 |-INFO in ch.qos.logback.core.joran.action.NestedComplexPropertyIA - Assuming default type [ch.qos.logback.classic.encoder.PatternLayoutEncoder] for [encoder] property
00:10:08,994 |-INFO in ch.qos.logback.core.joran.action.AppenderAction - About to instantiate appender of type [ch.qos.logback.core.rolling.RollingFileAppender]
00:10:08,999 |-INFO in ch.qos.logback.core.joran.action.AppenderAction - Naming appender as [FILE]
00:10:09,022 |-INFO in c.q.l.core.rolling.TimeBasedRollingPolicy@3447021 - No compression will be used
00:10:09,023 |-INFO in c.q.l.core.rolling.TimeBasedRollingPolicy@3447021 - Will use the pattern /tmp/application_%d{yyyy-MM-dd}.%i.log for the active file
00:10:09,026 |-INFO in ch.qos.logback.core.rolling.SizeAndTimeBasedFNATP@1a407d53 - The date pattern is 'yyyy-MM-dd' from file name pattern '/tmp/application_%d{yyyy-MM-dd}.%i.log'.
00:10:09,026 |-INFO in ch.qos.logback.core.rolling.SizeAndTimeBasedFNATP@1a407d53 - Roll-over at midnight.
00:10:09,030 |-INFO in ch.qos.logback.core.rolling.SizeAndTimeBasedFNATP@1a407d53 - Setting initial period to Thu Jun 06 22:00:24 MSK 2019
00:10:09,031 |-WARN in ch.qos.logback.core.rolling.SizeAndTimeBasedFNATP@1a407d53 - SizeAndTimeBasedFNATP is deprecated. Use SizeAndTimeBasedRollingPolicy instead
00:10:09,031 |-WARN in ch.qos.logback.core.rolling.SizeAndTimeBasedFNATP@1a407d53 - For more information see http://logback.qos.ch/manual/appenders.html#SizeAndTimeBasedRollingPolicy
00:10:09,034 |-INFO in ch.qos.logback.core.joran.action.NestedComplexPropertyIA - Assuming default type [ch.qos.logback.classic.encoder.PatternLayoutEncoder] for [encoder] property
00:10:09,037 |-INFO in ch.qos.logback.core.rolling.RollingFileAppender[FILE] - Active log file name: /tmp/application.log
00:10:09,037 |-INFO in ch.qos.logback.core.rolling.RollingFileAppender[FILE] - File property is set to [/tmp/application.log]
00:10:09,039 |-ERROR in ch.qos.logback.core.rolling.RollingFileAppender[FILE] - openFile(/tmp/application.log,true) call failed. java.io.FileNotFoundException: /tmp/application.log (Permission denied)
	at java.io.FileNotFoundException: /tmp/application.log (Permission denied)
	at 	at java.io.FileOutputStream.open0(Native Method)
	at 	at java.io.FileOutputStream.open(FileOutputStream.java:270)
	at 	at java.io.FileOutputStream.<init>(FileOutputStream.java:213)
	at 	at ch.qos.logback.core.recovery.ResilientFileOutputStream.<init>(ResilientFileOutputStream.java:26)
	at 	at ch.qos.logback.core.FileAppender.openFile(FileAppender.java:204)
	at 	at ch.qos.logback.core.FileAppender.start(FileAppender.java:127)
	at 	at ch.qos.logback.core.rolling.RollingFileAppender.start(RollingFileAppender.java:100)
	at 	at ch.qos.logback.core.joran.action.AppenderAction.end(AppenderAction.java:90)
	at 	at ch.qos.logback.core.joran.spi.Interpreter.callEndAction(Interpreter.java:309)
	at 	at ch.qos.logback.core.joran.spi.Interpreter.endElement(Interpreter.java:193)
	at 	at ch.qos.logback.core.joran.spi.Interpreter.endElement(Interpreter.java:179)
	at 	at ch.qos.logback.core.joran.spi.EventPlayer.play(EventPlayer.java:62)
	at 	at ch.qos.logback.core.joran.GenericConfigurator.doConfigure(GenericConfigurator.java:165)
	at 	at ch.qos.logback.core.joran.GenericConfigurator.doConfigure(GenericConfigurator.java:152)
	at 	at ch.qos.logback.core.joran.GenericConfigurator.doConfigure(GenericConfigurator.java:110)
	at 	at ch.qos.logback.core.joran.GenericConfigurator.doConfigure(GenericConfigurator.java:53)
	at 	at ch.qos.logback.classic.util.ContextInitializer.configureByResource(ContextInitializer.java:75)
	at 	at ch.qos.logback.classic.util.ContextInitializer.autoConfig(ContextInitializer.java:150)
	at 	at org.slf4j.impl.StaticLoggerBinder.init(StaticLoggerBinder.java:84)
	at 	at org.slf4j.impl.StaticLoggerBinder.<clinit>(StaticLoggerBinder.java:55)
	at 	at org.slf4j.LoggerFactory.bind(LoggerFactory.java:150)
	at 	at org.slf4j.LoggerFactory.performInitialization(LoggerFactory.java:124)
	at 	at org.slf4j.LoggerFactory.getILoggerFactory(LoggerFactory.java:412)
	at 	at org.slf4j.LoggerFactory.getLogger(LoggerFactory.java:357)
	at 	at org.slf4j.LoggerFactory.getLogger(LoggerFactory.java:383)
	at 	at com.spbsu.flamestream.runtime.WorkerApplication.<init>(WorkerApplication.java:26)
	at 	at com.spbsu.flamestream.runtime.WorkerApplication.main(WorkerApplication.java:68)
00:10:09,039 |-INFO in ch.qos.logback.classic.joran.action.RootLoggerAction - Setting level of ROOT logger to WARN
00:10:09,039 |-INFO in ch.qos.logback.core.joran.action.AppenderRefAction - Attaching appender named [STDOUT] to Logger[ROOT]
00:10:09,039 |-INFO in ch.qos.logback.core.joran.action.AppenderRefAction - Attaching appender named [FILE] to Logger[ROOT]
00:10:09,039 |-INFO in ch.qos.logback.classic.joran.action.ConfigurationAction - End of configuration.
00:10:09,040 |-INFO in ch.qos.logback.classic.joran.JoranConfigurator@21bcffb5 - Registering current configuration as safe fallback point

Ama winner
Ama winner
2019-06-09T00:10:10.035+0300: 1.386: [GC (Metadata GC Threshold) [PSYoungGen: 92677K->16038K(149504K)] 92677K->16118K(491008K), 0.0177252 secs] [Times: user=0.09 sys=0.02, real=0.02 secs] 
2019-06-09T00:10:10.053+0300: 1.404: [Full GC (Metadata GC Threshold) [PSYoungGen: 16038K->0K(149504K)] [ParOldGen: 80K->15103K(341504K)] 16118K->15103K(491008K), [Metaspace: 20803K->20803K(1067008K)], 0.0253264 secs] [Times: user=0.14 sys=0.02, real=0.02 secs] 
00:10:19.350 [Curator-PathChildrenCache-1] WARN  o.a.c.u.ZKPaths  - The version of ZooKeeper being used doesn't support Container nodes. CreateMode.PERSISTENT will be used instead.
2019-06-09T00:10:20.284+0300: 11.635: [GC (Allocation Failure) [PSYoungGen: 128512K->20987K(149504K)] 143615K->49966K(491008K), 0.0190083 secs] [Times: user=0.22 sys=0.03, real=0.02 secs] 
2019-06-09T00:10:20.522+0300: 11.872: [GC (Metadata GC Threshold) [PSYoungGen: 32349K->20991K(149504K)] 61328K->50114K(491008K), 0.0139979 secs] [Times: user=0.16 sys=0.01, real=0.02 secs] 
2019-06-09T00:10:20.536+0300: 11.887: [Full GC (Metadata GC Threshold) [PSYoungGen: 20991K->0K(149504K)] [ParOldGen: 29122K->38998K(341504K)] 50114K->38998K(491008K), [Metaspace: 34544K->34544K(1079296K)], 0.0447880 secs] [Times: user=0.22 sys=0.03, real=0.04 secs] 
2019-06-09T00:10:22.891+0300: 14.242: [GC (Allocation Failure) [PSYoungGen: 128512K->512K(149504K)] 167510K->39518K(491008K), 0.0031311 secs] [Times: user=0.02 sys=0.00, real=0.01 secs] 
2019-06-09T00:10:25.421+0300: 16.772: [GC (Allocation Failure) [PSYoungGen: 129024K->544K(129536K)] 168030K->39558K(471040K), 0.0046421 secs] [Times: user=0.04 sys=0.00, real=0.01 secs] 
2019-06-09T00:10:27.434+0300: 18.785: [GC (Allocation Failure) [PSYoungGen: 129056K->576K(130048K)] 168070K->39598K(471552K), 0.0026620 secs] [Times: user=0.01 sys=0.00, real=0.00 secs] 
2019-06-09T00:10:28.888+0300: 20.239: [GC (Allocation Failure) [PSYoungGen: 89664K->608K(129536K)] 128686K->39638K(471040K), 0.0034636 secs] [Times: user=0.01 sys=0.01, real=0.00 secs] 
2019-06-09T00:10:30.670+0300: 22.021: [GC (Allocation Failure) [PSYoungGen: 89696K->608K(132608K)] 128726K->39646K(474112K), 0.0029193 secs] [Times: user=0.01 sys=0.00, real=0.01 secs] 
2019-06-09T00:10:32.423+0300: 23.774: [GC (Allocation Failure) [PSYoungGen: 93792K->640K(131072K)] 132830K->39686K(472576K), 0.0034689 secs] [Times: user=0.01 sys=0.00, real=0.01 secs] 
2019-06-09T00:10:34.085+0300: 25.436: [GC (Allocation Failure) [PSYoungGen: 93824K->736K(135680K)] 132870K->39790K(477184K), 0.0024922 secs] [Times: user=0.01 sys=0.00, real=0.00 secs] 
2019-06-09T00:10:36.347+0300: 27.698: [GC (Allocation Failure) [PSYoungGen: 100064K->736K(134144K)] 139118K->39790K(475648K), 0.0032064 secs] [Times: user=0.03 sys=0.00, real=0.00 secs] 
2019-06-09T00:10:38.404+0300: 29.755: [GC (Allocation Failure) [PSYoungGen: 100064K->640K(138752K)] 139118K->39694K(480256K), 0.0030267 secs] [Times: user=0.01 sys=0.01, real=0.01 secs] 
2019-06-09T00:10:39.953+0300: 31.303: [GC (Allocation Failure) [PSYoungGen: 106112K->736K(137216K)] 145166K->39798K(478720K), 0.0045962 secs] [Times: user=0.03 sys=0.01, real=0.00 secs] 
2019-06-09T00:10:42.203+0300: 33.554: [GC (Allocation Failure) [PSYoungGen: 106208K->832K(141824K)] 145270K->39902K(483328K), 0.0029923 secs] [Times: user=0.02 sys=0.00, real=0.01 secs] 
2019-06-09T00:10:44.204+0300: 35.555: [GC (Allocation Failure) [PSYoungGen: 112448K->800K(140288K)] 151518K->39878K(481792K), 0.0030415 secs] [Times: user=0.02 sys=0.01, real=0.01 secs] 
2019-06-09T00:10:46.186+0300: 37.537: [GC (Allocation Failure) [PSYoungGen: 112416K->832K(144896K)] 151494K->39910K(486400K), 0.0027842 secs] [Times: user=0.02 sys=0.00, real=0.00 secs] 
2019-06-09T00:10:48.440+0300: 39.791: [GC (Allocation Failure) [PSYoungGen: 118592K->864K(143360K)] 157670K->39942K(484864K), 0.0035434 secs] [Times: user=0.03 sys=0.00, real=0.00 secs] 
2019-06-09T00:10:50.700+0300: 42.051: [GC (Allocation Failure) [PSYoungGen: 118624K->864K(147456K)] 157702K->39950K(488960K), 0.0025758 secs] [Times: user=0.02 sys=0.00, real=0.00 secs] 
2019-06-09T00:10:52.855+0300: 44.206: [GC (Allocation Failure) [PSYoungGen: 124256K->736K(146432K)] 163342K->40078K(487936K), 0.0028397 secs] [Times: user=0.02 sys=0.00, real=0.00 secs] 
2019-06-09T00:10:54.825+0300: 46.176: [GC (Allocation Failure) [PSYoungGen: 124128K->640K(150528K)] 163470K->40078K(492032K), 0.0030043 secs] [Times: user=0.01 sys=0.01, real=0.00 secs] 
2019-06-09T00:10:57.010+0300: 48.361: [GC (Allocation Failure) [PSYoungGen: 129664K->736K(148992K)] 169102K->40206K(490496K), 0.0025436 secs] [Times: user=0.01 sys=0.00, real=0.01 secs] 
2019-06-09T00:10:59.378+0300: 50.729: [GC (Allocation Failure) [PSYoungGen: 129760K->640K(152576K)] 169230K->40174K(494080K), 0.0025883 secs] [Times: user=0.01 sys=0.00, real=0.00 secs] 
2019-06-09T00:11:01.779+0300: 53.130: [GC (Allocation Failure) [PSYoungGen: 134272K->960K(151552K)] 173806K->40510K(493056K), 0.0028295 secs] [Times: user=0.01 sys=0.01, real=0.00 secs] 
2019-06-09T00:11:10.663+0300: 62.014: [GC (Allocation Failure) [PSYoungGen: 134592K->983K(155136K)] 174142K->40606K(496640K), 0.0025171 secs] [Times: user=0.02 sys=0.00, real=0.01 secs] 
00:11:10.710 [Curator-PathChildrenCache-0] ERROR o.a.c.f.r.c.PathChildrenCache  - 
java.lang.IllegalStateException: instance must be started before calling this method
	at org.apache.curator.shaded.com.google.common.base.Preconditions.checkState(Preconditions.java:444)
	at org.apache.curator.framework.imps.CuratorFrameworkImpl.getChildren(CuratorFrameworkImpl.java:456)
	at org.apache.curator.framework.recipes.cache.PathChildrenCache.refresh(PathChildrenCache.java:521)
	at org.apache.curator.framework.recipes.cache.RefreshOperation.invoke(RefreshOperation.java:35)
	at org.apache.curator.framework.recipes.cache.PathChildrenCache$9.run(PathChildrenCache.java:786)
	at java.util.concurrent.Executors$RunnableAdapter.call(Executors.java:511)
	at java.util.concurrent.FutureTask.run(FutureTask.java:266)
	at java.util.concurrent.Executors$RunnableAdapter.call(Executors.java:511)
	at java.util.concurrent.FutureTask.run(FutureTask.java:266)
	at java.util.concurrent.ThreadPoolExecutor.runWorker(ThreadPoolExecutor.java:1149)
	at java.util.concurrent.ThreadPoolExecutor$Worker.run(ThreadPoolExecutor.java:624)
	at java.lang.Thread.run(Thread.java:748)
00:11:11.804 [worker-akka.actor.default-dispatcher-12] ERROR c.s.f.r.WorkerApplication  - Something went wrong during trace flush
java.nio.file.AccessDeniedException: /tmp/trace.csv
	at sun.nio.fs.UnixException.translateToIOException(UnixException.java:84)
	at sun.nio.fs.UnixException.rethrowAsIOException(UnixException.java:102)
	at sun.nio.fs.UnixException.rethrowAsIOException(UnixException.java:107)
	at sun.nio.fs.UnixFileSystemProvider.newByteChannel(UnixFileSystemProvider.java:214)
	at java.nio.file.spi.FileSystemProvider.newOutputStream(FileSystemProvider.java:434)
	at java.nio.file.Files.newOutputStream(Files.java:216)
	at java.nio.file.Files.newBufferedWriter(Files.java:2860)
	at java.nio.file.Files.newBufferedWriter(Files.java:2896)
	at com.spbsu.flamestream.runtime.utils.tracing.Tracing.flush(Tracing.java:35)
	at com.spbsu.flamestream.runtime.WorkerApplication.lambda$run$0(WorkerApplication.java:109)
	at akka.actor.ActorSystemImpl$TerminationCallbacks$$anonfun$addRec$1$1.applyOrElse(ActorSystem.scala:1036)
	at akka.actor.ActorSystemImpl$TerminationCallbacks$$anonfun$addRec$1$1.applyOrElse(ActorSystem.scala:1036)
	at scala.concurrent.Future$$anonfun$andThen$1.apply(Future.scala:436)
	at scala.concurrent.Future$$anonfun$andThen$1.apply(Future.scala:435)
	at scala.concurrent.impl.CallbackRunnable.run(Promise.scala:36)
	at akka.dispatch.BatchingExecutor$AbstractBatch.processBatch(BatchingExecutor.scala:55)
	at akka.dispatch.BatchingExecutor$BlockableBatch$$anonfun$run$1.apply$mcV$sp(BatchingExecutor.scala:91)
	at akka.dispatch.BatchingExecutor$BlockableBatch$$anonfun$run$1.apply(BatchingExecutor.scala:91)
	at akka.dispatch.BatchingExecutor$BlockableBatch$$anonfun$run$1.apply(BatchingExecutor.scala:91)
	at scala.concurrent.BlockContext$.withBlockContext(BlockContext.scala:72)
	at akka.dispatch.BatchingExecutor$BlockableBatch.run(BatchingExecutor.scala:90)
	at akka.dispatch.TaskInvocation.run(AbstractDispatcher.scala:40)
	at akka.dispatch.ForkJoinExecutorConfigurator$AkkaForkJoinTask.exec(ForkJoinExecutorConfigurator.scala:44)
	at akka.dispatch.forkjoin.ForkJoinTask.doExec(ForkJoinTask.java:260)
	at akka.dispatch.forkjoin.ForkJoinPool$WorkQueue.runTask(ForkJoinPool.java:1339)
	at akka.dispatch.forkjoin.ForkJoinPool.runWorker(ForkJoinPool.java:1979)
	at akka.dispatch.forkjoin.ForkJoinWorkerThread.run(ForkJoinWorkerThread.java:107)
Heap
 PSYoungGen      total 155136K, used 11344K [0x00000000f5980000, 0x0000000100000000, 0x0000000100000000)
  eden space 138752K, 7% used [0x00000000f5980000,0x00000000f639e5e0,0x00000000fe100000)
  from space 16384K, 6% used [0x00000000ff000000,0x00000000ff0f5d50,0x0000000100000000)
  to   space 15360K, 0% used [0x00000000fe100000,0x00000000fe100000,0x00000000ff000000)
 ParOldGen       total 341504K, used 39622K [0x00000000e0c00000, 0x00000000f5980000, 0x00000000f5980000)
  object space 341504K, 11% used [0x00000000e0c00000,0x00000000e32b1b48,0x00000000f5980000)
 Metaspace       used 36163K, capacity 37040K, committed 37208K, reserved 1081344K
  class space    used 4962K, capacity 5160K, committed 5248K, reserved 1048576K
