05:48:31,504 |-INFO in ch.qos.logback.classic.LoggerContext[default] - Could NOT find resource [logback-test.xml]
05:48:31,504 |-INFO in ch.qos.logback.classic.LoggerContext[default] - Could NOT find resource [logback.groovy]
05:48:31,504 |-INFO in ch.qos.logback.classic.LoggerContext[default] - Found resource [logback.xml] at [jar:file:/root/flamestream/lib/flamestream-runtime-1.0-SNAPSHOT.jar!/logback.xml]
05:48:31,505 |-WARN in ch.qos.logback.classic.LoggerContext[default] - Resource [logback.xml] occurs multiple times on the classpath.
05:48:31,505 |-WARN in ch.qos.logback.classic.LoggerContext[default] - Resource [logback.xml] occurs at [jar:file:/root/flamestream/lib/flamestream-runtime-1.0-SNAPSHOT.jar!/logback.xml]
05:48:31,505 |-WARN in ch.qos.logback.classic.LoggerContext[default] - Resource [logback.xml] occurs at [jar:file:/root/flamestream/flamestream-runtime-1.0-SNAPSHOT.jar!/logback.xml]
05:48:31,525 |-INFO in ch.qos.logback.core.joran.spi.ConfigurationWatchList@3fb6a447 - URL [jar:file:/root/flamestream/lib/flamestream-runtime-1.0-SNAPSHOT.jar!/logback.xml] is not of type file
05:48:31,594 |-INFO in ch.qos.logback.classic.joran.action.ConfigurationAction - debug attribute not set
05:48:31,595 |-INFO in ch.qos.logback.core.joran.action.AppenderAction - About to instantiate appender of type [ch.qos.logback.core.ConsoleAppender]
05:48:31,609 |-INFO in ch.qos.logback.core.joran.action.AppenderAction - Naming appender as [STDOUT]
05:48:31,628 |-INFO in ch.qos.logback.core.joran.action.NestedComplexPropertyIA - Assuming default type [ch.qos.logback.classic.encoder.PatternLayoutEncoder] for [encoder] property
05:48:31,722 |-INFO in ch.qos.logback.core.joran.action.AppenderAction - About to instantiate appender of type [ch.qos.logback.core.rolling.RollingFileAppender]
05:48:31,728 |-INFO in ch.qos.logback.core.joran.action.AppenderAction - Naming appender as [FILE]
05:48:31,760 |-INFO in c.q.l.core.rolling.TimeBasedRollingPolicy@127618319 - No compression will be used
05:48:31,761 |-INFO in c.q.l.core.rolling.TimeBasedRollingPolicy@127618319 - Will use the pattern /tmp/application_%d{yyyy-MM-dd}.%i.log for the active file
05:48:31,765 |-INFO in ch.qos.logback.core.rolling.SizeAndTimeBasedFNATP@6b2fad11 - The date pattern is 'yyyy-MM-dd' from file name pattern '/tmp/application_%d{yyyy-MM-dd}.%i.log'.
05:48:31,765 |-INFO in ch.qos.logback.core.rolling.SizeAndTimeBasedFNATP@6b2fad11 - Roll-over at midnight.
05:48:31,770 |-INFO in ch.qos.logback.core.rolling.SizeAndTimeBasedFNATP@6b2fad11 - Setting initial period to Tue Jun 11 05:47:16 UTC 2019
05:48:31,770 |-WARN in ch.qos.logback.core.rolling.SizeAndTimeBasedFNATP@6b2fad11 - SizeAndTimeBasedFNATP is deprecated. Use SizeAndTimeBasedRollingPolicy instead
05:48:31,770 |-WARN in ch.qos.logback.core.rolling.SizeAndTimeBasedFNATP@6b2fad11 - For more information see http://logback.qos.ch/manual/appenders.html#SizeAndTimeBasedRollingPolicy
05:48:31,774 |-INFO in ch.qos.logback.core.joran.action.NestedComplexPropertyIA - Assuming default type [ch.qos.logback.classic.encoder.PatternLayoutEncoder] for [encoder] property
05:48:31,779 |-INFO in ch.qos.logback.core.rolling.RollingFileAppender[FILE] - Active log file name: /tmp/application.log
05:48:31,779 |-INFO in ch.qos.logback.core.rolling.RollingFileAppender[FILE] - File property is set to [/tmp/application.log]
05:48:31,780 |-INFO in ch.qos.logback.classic.joran.action.RootLoggerAction - Setting level of ROOT logger to WARN
05:48:31,780 |-INFO in ch.qos.logback.core.joran.action.AppenderRefAction - Attaching appender named [STDOUT] to Logger[ROOT]
05:48:31,781 |-INFO in ch.qos.logback.core.joran.action.AppenderRefAction - Attaching appender named [FILE] to Logger[ROOT]
05:48:31,782 |-INFO in ch.qos.logback.classic.joran.action.ConfigurationAction - End of configuration.
05:48:31,782 |-INFO in ch.qos.logback.classic.joran.JoranConfigurator@79698539 - Registering current configuration as safe fallback point

Ama winner
Ama winner
2019-06-11T05:48:33.044+0000: 1.727: [Full GC (Metadata GC Threshold) 2019-06-11T05:48:33.044+0000: 1.727: [Tenured: 0K->15190K(341376K), 0.0393799 secs] 114988K->15190K(494976K), [Metaspace: 20722K->20722K(1067008K)], 0.0394599 secs] [Times: user=0.04 sys=0.00, real=0.04 secs] 
05:48:48.697 [Curator-PathChildrenCache-1] WARN  o.a.c.u.ZKPaths  - The version of ZooKeeper being used doesn't support Container nodes. CreateMode.PERSISTENT will be used instead.
2019-06-11T05:48:51.080+0000: 19.763: [GC (Allocation Failure) 2019-06-11T05:48:51.080+0000: 19.763: [DefNew: 136576K->17024K(153600K), 0.0253170 secs] 151766K->52665K(494976K), 0.0253756 secs] [Times: user=0.02 sys=0.01, real=0.02 secs] 
2019-06-11T05:48:53.288+0000: 21.971: [Full GC (Metadata GC Threshold) 2019-06-11T05:48:53.288+0000: 21.971: [Tenured: 35641K->44003K(341376K), 0.0465504 secs] 104211K->44003K(494976K), [Metaspace: 34564K->34564K(1079296K)], 0.0466240 secs] [Times: user=0.04 sys=0.00, real=0.04 secs] 
2019-06-11T05:48:59.419+0000: 28.103: [GC (Allocation Failure) 2019-06-11T05:48:59.419+0000: 28.103: [DefNew: 136576K->62K(153600K), 0.0018290 secs] 180579K->44066K(494976K), 0.0018876 secs] [Times: user=0.00 sys=0.00, real=0.00 secs] 
2019-06-11T05:49:05.633+0000: 34.316: [GC (Allocation Failure) 2019-06-11T05:49:05.633+0000: 34.316: [DefNew: 136638K->63K(153600K), 0.0017117 secs] 180642K->44066K(494976K), 0.0017730 secs] [Times: user=0.01 sys=0.00, real=0.00 secs] 
2019-06-11T05:49:11.845+0000: 40.528: [GC (Allocation Failure) 2019-06-11T05:49:11.845+0000: 40.528: [DefNew: 136639K->61K(153600K), 0.0016788 secs] 180642K->44065K(494976K), 0.0017386 secs] [Times: user=0.01 sys=0.00, real=0.00 secs] 
2019-06-11T05:49:18.026+0000: 46.710: [GC (Allocation Failure) 2019-06-11T05:49:18.026+0000: 46.710: [DefNew: 136637K->61K(153600K), 0.0017279 secs] 180641K->44065K(494976K), 0.0017872 secs] [Times: user=0.00 sys=0.00, real=0.01 secs] 
2019-06-11T05:49:26.973+0000: 55.656: [GC (Allocation Failure) 2019-06-11T05:49:26.973+0000: 55.656: [DefNew: 136637K->62K(153600K), 0.0017322 secs] 180641K->44066K(494976K), 0.0017918 secs] [Times: user=0.00 sys=0.00, real=0.00 secs] 
05:49:33.368 [Curator-PathChildrenCache-0] ERROR o.a.c.f.r.c.PathChildrenCache  - 
java.lang.IllegalStateException: instance must be started before calling this method
	at org.apache.curator.shaded.com.google.common.base.Preconditions.checkState(Preconditions.java:444)
	at org.apache.curator.framework.imps.CuratorFrameworkImpl.getChildren(CuratorFrameworkImpl.java:456)
	at org.apache.curator.framework.recipes.cache.PathChildrenCache.refresh(PathChildrenCache.java:521)
	at org.apache.curator.framework.recipes.cache.RefreshOperation.invoke(RefreshOperation.java:35)
	at org.apache.curator.framework.recipes.cache.PathChildrenCache$9.run(PathChildrenCache.java:786)
	at java.util.concurrent.Executors$RunnableAdapter.call(Executors.java:511)
	at java.util.concurrent.FutureTask.run(FutureTask.java:266)
	at java.util.concurrent.Executors$RunnableAdapter.call(Executors.java:511)
	at java.util.concurrent.FutureTask.run(FutureTask.java:266)
	at java.util.concurrent.ThreadPoolExecutor.runWorker(ThreadPoolExecutor.java:1149)
	at java.util.concurrent.ThreadPoolExecutor$Worker.run(ThreadPoolExecutor.java:624)
	at java.lang.Thread.run(Thread.java:748)
Heap
 def new generation   total 153600K, used 43153K [0x00000000e0c00000, 0x00000000eb2a0000, 0x00000000eb2a0000)
  eden space 136576K,  31% used [0x00000000e0c00000, 0x00000000e3614bb8, 0x00000000e9160000)
  from space 17024K,   0% used [0x00000000e9160000, 0x00000000e916fb18, 0x00000000ea200000)
  to   space 17024K,   0% used [0x00000000ea200000, 0x00000000ea200000, 0x00000000eb2a0000)
 tenured generation   total 341376K, used 44003K [0x00000000eb2a0000, 0x0000000100000000, 0x0000000100000000)
   the space 341376K,  12% used [0x00000000eb2a0000, 0x00000000edd98dc8, 0x00000000edd98e00, 0x0000000100000000)
 Metaspace       used 36048K, capacity 36928K, committed 37120K, reserved 1081344K
  class space    used 4874K, capacity 5074K, committed 5120K, reserved 1048576K
