15:39:17,484 |-INFO in ch.qos.logback.classic.LoggerContext[default] - Could NOT find resource [logback-test.xml]
15:39:17,484 |-INFO in ch.qos.logback.classic.LoggerContext[default] - Could NOT find resource [logback.groovy]
15:39:17,484 |-INFO in ch.qos.logback.classic.LoggerContext[default] - Found resource [logback.xml] at [jar:file:/root/flamestream/lib/flamestream-runtime-1.0-SNAPSHOT.jar!/logback.xml]
15:39:17,485 |-WARN in ch.qos.logback.classic.LoggerContext[default] - Resource [logback.xml] occurs multiple times on the classpath.
15:39:17,485 |-WARN in ch.qos.logback.classic.LoggerContext[default] - Resource [logback.xml] occurs at [jar:file:/root/flamestream/lib/flamestream-runtime-1.0-SNAPSHOT.jar!/logback.xml]
15:39:17,485 |-WARN in ch.qos.logback.classic.LoggerContext[default] - Resource [logback.xml] occurs at [jar:file:/root/flamestream/flamestream-runtime-1.0-SNAPSHOT.jar!/logback.xml]
15:39:17,505 |-INFO in ch.qos.logback.core.joran.spi.ConfigurationWatchList@3fb6a447 - URL [jar:file:/root/flamestream/lib/flamestream-runtime-1.0-SNAPSHOT.jar!/logback.xml] is not of type file
15:39:17,572 |-INFO in ch.qos.logback.classic.joran.action.ConfigurationAction - debug attribute not set
15:39:17,573 |-INFO in ch.qos.logback.core.joran.action.AppenderAction - About to instantiate appender of type [ch.qos.logback.core.ConsoleAppender]
15:39:17,588 |-INFO in ch.qos.logback.core.joran.action.AppenderAction - Naming appender as [STDOUT]
15:39:17,609 |-INFO in ch.qos.logback.core.joran.action.NestedComplexPropertyIA - Assuming default type [ch.qos.logback.classic.encoder.PatternLayoutEncoder] for [encoder] property
15:39:17,691 |-INFO in ch.qos.logback.core.joran.action.AppenderAction - About to instantiate appender of type [ch.qos.logback.core.rolling.RollingFileAppender]
15:39:17,696 |-INFO in ch.qos.logback.core.joran.action.AppenderAction - Naming appender as [FILE]
15:39:17,726 |-INFO in c.q.l.core.rolling.TimeBasedRollingPolicy@127618319 - No compression will be used
15:39:17,727 |-INFO in c.q.l.core.rolling.TimeBasedRollingPolicy@127618319 - Will use the pattern /tmp/application_%d{yyyy-MM-dd}.%i.log for the active file
15:39:17,730 |-INFO in ch.qos.logback.core.rolling.SizeAndTimeBasedFNATP@6b2fad11 - The date pattern is 'yyyy-MM-dd' from file name pattern '/tmp/application_%d{yyyy-MM-dd}.%i.log'.
15:39:17,730 |-INFO in ch.qos.logback.core.rolling.SizeAndTimeBasedFNATP@6b2fad11 - Roll-over at midnight.
15:39:17,735 |-INFO in ch.qos.logback.core.rolling.SizeAndTimeBasedFNATP@6b2fad11 - Setting initial period to Mon Jun 10 15:37:57 UTC 2019
15:39:17,735 |-WARN in ch.qos.logback.core.rolling.SizeAndTimeBasedFNATP@6b2fad11 - SizeAndTimeBasedFNATP is deprecated. Use SizeAndTimeBasedRollingPolicy instead
15:39:17,735 |-WARN in ch.qos.logback.core.rolling.SizeAndTimeBasedFNATP@6b2fad11 - For more information see http://logback.qos.ch/manual/appenders.html#SizeAndTimeBasedRollingPolicy
15:39:17,739 |-INFO in ch.qos.logback.core.joran.action.NestedComplexPropertyIA - Assuming default type [ch.qos.logback.classic.encoder.PatternLayoutEncoder] for [encoder] property
15:39:17,744 |-INFO in ch.qos.logback.core.rolling.RollingFileAppender[FILE] - Active log file name: /tmp/application.log
15:39:17,744 |-INFO in ch.qos.logback.core.rolling.RollingFileAppender[FILE] - File property is set to [/tmp/application.log]
15:39:17,744 |-INFO in ch.qos.logback.classic.joran.action.RootLoggerAction - Setting level of ROOT logger to WARN
15:39:17,744 |-INFO in ch.qos.logback.core.joran.action.AppenderRefAction - Attaching appender named [STDOUT] to Logger[ROOT]
15:39:17,746 |-INFO in ch.qos.logback.core.joran.action.AppenderRefAction - Attaching appender named [FILE] to Logger[ROOT]
15:39:17,747 |-INFO in ch.qos.logback.classic.joran.action.ConfigurationAction - End of configuration.
15:39:17,747 |-INFO in ch.qos.logback.classic.joran.JoranConfigurator@79698539 - Registering current configuration as safe fallback point

Ama winner
Ama winner
2019-06-10T15:39:19.362+0000: 2.062: [Full GC (Metadata GC Threshold) 2019-06-10T15:39:19.362+0000: 2.062: [Tenured: 0K->15240K(341376K), 0.0384986 secs] 117654K->15240K(494976K), [Metaspace: 20733K->20733K(1067008K)], 0.0385646 secs] [Times: user=0.04 sys=0.01, real=0.04 secs] 
15:39:31.003 [Curator-PathChildrenCache-1] WARN  o.a.c.u.ZKPaths  - The version of ZooKeeper being used doesn't support Container nodes. CreateMode.PERSISTENT will be used instead.
2019-06-10T15:39:33.298+0000: 15.998: [GC (Allocation Failure) 2019-06-10T15:39:33.298+0000: 15.998: [DefNew: 136576K->17023K(153600K), 0.0254774 secs] 151816K->52864K(494976K), 0.0255484 secs] [Times: user=0.01 sys=0.01, real=0.03 secs] 
2019-06-10T15:39:35.409+0000: 18.110: [Full GC (Metadata GC Threshold) 2019-06-10T15:39:35.409+0000: 18.110: [Tenured: 35840K->44552K(341376K), 0.0471999 secs] 90874K->44552K(494976K), [Metaspace: 34639K->34639K(1079296K)], 0.0472782 secs] [Times: user=0.05 sys=0.00, real=0.05 secs] 
2019-06-10T15:39:42.690+0000: 25.391: [GC (Allocation Failure) 2019-06-10T15:39:42.690+0000: 25.391: [DefNew: 136576K->99K(153600K), 0.0018727 secs] 181128K->44651K(494976K), 0.0019337 secs] [Times: user=0.00 sys=0.00, real=0.00 secs] 
2019-06-10T15:39:50.067+0000: 32.768: [GC (Allocation Failure) 2019-06-10T15:39:50.067+0000: 32.768: [DefNew: 136675K->130K(153600K), 0.0017167 secs] 181227K->44682K(494976K), 0.0017884 secs] [Times: user=0.00 sys=0.00, real=0.00 secs] 
2019-06-10T15:39:57.437+0000: 40.138: [GC (Allocation Failure) 2019-06-10T15:39:57.437+0000: 40.138: [DefNew: 136706K->194K(153600K), 0.0018012 secs] 181258K->44747K(494976K), 0.0018603 secs] [Times: user=0.00 sys=0.00, real=0.00 secs] 
2019-06-10T15:40:04.917+0000: 47.618: [GC (Allocation Failure) 2019-06-10T15:40:04.917+0000: 47.618: [DefNew: 136770K->196K(153600K), 0.0018555 secs] 181323K->44749K(494976K), 0.0019163 secs] [Times: user=0.00 sys=0.00, real=0.00 secs] 
2019-06-10T15:40:12.360+0000: 55.061: [GC (Allocation Failure) 2019-06-10T15:40:12.360+0000: 55.061: [DefNew: 136772K->197K(153600K), 0.0019568 secs] 181325K->44749K(494976K), 0.0020170 secs] [Times: user=0.00 sys=0.00, real=0.01 secs] 
15:40:24.712 [Curator-PathChildrenCache-0] ERROR o.a.c.f.r.c.PathChildrenCache  - 
java.lang.IllegalStateException: instance must be started before calling this method
	at org.apache.curator.shaded.com.google.common.base.Preconditions.checkState(Preconditions.java:444)
	at org.apache.curator.framework.imps.CuratorFrameworkImpl.getChildren(CuratorFrameworkImpl.java:456)
	at org.apache.curator.framework.recipes.cache.PathChildrenCache.refresh(PathChildrenCache.java:521)
	at org.apache.curator.framework.recipes.cache.RefreshOperation.invoke(RefreshOperation.java:35)
	at org.apache.curator.framework.recipes.cache.PathChildrenCache$9.run(PathChildrenCache.java:786)
	at java.util.concurrent.Executors$RunnableAdapter.call(Executors.java:511)
	at java.util.concurrent.FutureTask.run(FutureTask.java:266)
	at java.util.concurrent.Executors$RunnableAdapter.call(Executors.java:511)
	at java.util.concurrent.FutureTask.run(FutureTask.java:266)
	at java.util.concurrent.ThreadPoolExecutor.runWorker(ThreadPoolExecutor.java:1149)
	at java.util.concurrent.ThreadPoolExecutor$Worker.run(ThreadPoolExecutor.java:624)
	at java.lang.Thread.run(Thread.java:748)
Heap
 def new generation   total 153600K, used 96500K [0x00000000e0c00000, 0x00000000eb2a0000, 0x00000000eb2a0000)
  eden space 136576K,  70% used [0x00000000e0c00000, 0x00000000e6a0be28, 0x00000000e9160000)
  from space 17024K,   1% used [0x00000000e9160000, 0x00000000e9191548, 0x00000000ea200000)
  to   space 17024K,   0% used [0x00000000ea200000, 0x00000000ea200000, 0x00000000eb2a0000)
 tenured generation   total 341376K, used 44552K [0x00000000eb2a0000, 0x0000000100000000, 0x0000000100000000)
   the space 341376K,  13% used [0x00000000eb2a0000, 0x00000000ede22218, 0x00000000ede22400, 0x0000000100000000)
 Metaspace       used 36092K, capacity 36996K, committed 37120K, reserved 1081344K
  class space    used 4872K, capacity 5074K, committed 5120K, reserved 1048576K
