18:03:25,877 |-INFO in ch.qos.logback.classic.LoggerContext[default] - Could NOT find resource [logback-test.xml]
18:03:25,877 |-INFO in ch.qos.logback.classic.LoggerContext[default] - Could NOT find resource [logback.groovy]
18:03:25,882 |-INFO in ch.qos.logback.classic.LoggerContext[default] - Found resource [logback.xml] at [jar:file:/root/flamestream/lib/flamestream-runtime-1.0-SNAPSHOT.jar!/logback.xml]
18:03:25,883 |-WARN in ch.qos.logback.classic.LoggerContext[default] - Resource [logback.xml] occurs multiple times on the classpath.
18:03:25,883 |-WARN in ch.qos.logback.classic.LoggerContext[default] - Resource [logback.xml] occurs at [jar:file:/root/flamestream/lib/flamestream-runtime-1.0-SNAPSHOT.jar!/logback.xml]
18:03:25,883 |-WARN in ch.qos.logback.classic.LoggerContext[default] - Resource [logback.xml] occurs at [jar:file:/root/flamestream/flamestream-runtime-1.0-SNAPSHOT.jar!/logback.xml]
18:03:25,903 |-INFO in ch.qos.logback.core.joran.spi.ConfigurationWatchList@3fb6a447 - URL [jar:file:/root/flamestream/lib/flamestream-runtime-1.0-SNAPSHOT.jar!/logback.xml] is not of type file
18:03:25,968 |-INFO in ch.qos.logback.classic.joran.action.ConfigurationAction - debug attribute not set
18:03:25,968 |-INFO in ch.qos.logback.core.joran.action.AppenderAction - About to instantiate appender of type [ch.qos.logback.core.ConsoleAppender]
18:03:25,985 |-INFO in ch.qos.logback.core.joran.action.AppenderAction - Naming appender as [STDOUT]
18:03:26,004 |-INFO in ch.qos.logback.core.joran.action.NestedComplexPropertyIA - Assuming default type [ch.qos.logback.classic.encoder.PatternLayoutEncoder] for [encoder] property
18:03:26,099 |-INFO in ch.qos.logback.core.joran.action.AppenderAction - About to instantiate appender of type [ch.qos.logback.core.rolling.RollingFileAppender]
18:03:26,107 |-INFO in ch.qos.logback.core.joran.action.AppenderAction - Naming appender as [FILE]
18:03:26,137 |-INFO in c.q.l.core.rolling.TimeBasedRollingPolicy@127618319 - No compression will be used
18:03:26,138 |-INFO in c.q.l.core.rolling.TimeBasedRollingPolicy@127618319 - Will use the pattern /tmp/application_%d{yyyy-MM-dd}.%i.log for the active file
18:03:26,141 |-INFO in ch.qos.logback.core.rolling.SizeAndTimeBasedFNATP@6b2fad11 - The date pattern is 'yyyy-MM-dd' from file name pattern '/tmp/application_%d{yyyy-MM-dd}.%i.log'.
18:03:26,141 |-INFO in ch.qos.logback.core.rolling.SizeAndTimeBasedFNATP@6b2fad11 - Roll-over at midnight.
18:03:26,146 |-INFO in ch.qos.logback.core.rolling.SizeAndTimeBasedFNATP@6b2fad11 - Setting initial period to Tue Jun 11 18:02:15 UTC 2019
18:03:26,146 |-WARN in ch.qos.logback.core.rolling.SizeAndTimeBasedFNATP@6b2fad11 - SizeAndTimeBasedFNATP is deprecated. Use SizeAndTimeBasedRollingPolicy instead
18:03:26,146 |-WARN in ch.qos.logback.core.rolling.SizeAndTimeBasedFNATP@6b2fad11 - For more information see http://logback.qos.ch/manual/appenders.html#SizeAndTimeBasedRollingPolicy
18:03:26,151 |-INFO in ch.qos.logback.core.joran.action.NestedComplexPropertyIA - Assuming default type [ch.qos.logback.classic.encoder.PatternLayoutEncoder] for [encoder] property
18:03:26,155 |-INFO in ch.qos.logback.core.rolling.RollingFileAppender[FILE] - Active log file name: /tmp/application.log
18:03:26,155 |-INFO in ch.qos.logback.core.rolling.RollingFileAppender[FILE] - File property is set to [/tmp/application.log]
18:03:26,156 |-INFO in ch.qos.logback.classic.joran.action.RootLoggerAction - Setting level of ROOT logger to WARN
18:03:26,156 |-INFO in ch.qos.logback.core.joran.action.AppenderRefAction - Attaching appender named [STDOUT] to Logger[ROOT]
18:03:26,157 |-INFO in ch.qos.logback.core.joran.action.AppenderRefAction - Attaching appender named [FILE] to Logger[ROOT]
18:03:26,157 |-INFO in ch.qos.logback.classic.joran.action.ConfigurationAction - End of configuration.
18:03:26,159 |-INFO in ch.qos.logback.classic.joran.JoranConfigurator@79698539 - Registering current configuration as safe fallback point

Ama winner
Ama winner
2019-06-11T18:03:27.616+0000: 1.924: [Full GC (Metadata GC Threshold) 2019-06-11T18:03:27.616+0000: 1.924: [Tenured: 0K->15144K(341376K), 0.0764919 secs] 114987K->15144K(494976K), [Metaspace: 20733K->20733K(1067008K)], 0.0765600 secs] [Times: user=0.04 sys=0.00, real=0.07 secs] 
18:03:39.324 [Curator-PathChildrenCache-2] WARN  o.a.c.u.ZKPaths  - The version of ZooKeeper being used doesn't support Container nodes. CreateMode.PERSISTENT will be used instead.
2019-06-11T18:03:41.331+0000: 15.640: [GC (Allocation Failure) 2019-06-11T18:03:41.331+0000: 15.640: [DefNew: 136576K->15189K(153600K), 0.0241692 secs] 151720K->49864K(494976K), 0.0242469 secs] [Times: user=0.02 sys=0.00, real=0.03 secs] 
2019-06-11T18:03:41.375+0000: 15.684: [Full GC (Metadata GC Threshold) 2019-06-11T18:03:41.375+0000: 15.684: [Tenured: 34675K->40067K(341376K), 0.0285343 secs] 55415K->40067K(494976K), [Metaspace: 34437K->34437K(1079296K)], 0.0286111 secs] [Times: user=0.03 sys=0.00, real=0.02 secs] 
2019-06-11T18:03:44.830+0000: 19.139: [GC (Allocation Failure) 2019-06-11T18:03:44.831+0000: 19.139: [DefNew: 136576K->162K(153600K), 0.0017693 secs] 176643K->40229K(494976K), 0.0018261 secs] [Times: user=0.00 sys=0.00, real=0.00 secs] 
2019-06-11T18:03:46.914+0000: 21.223: [GC (Allocation Failure) 2019-06-11T18:03:46.914+0000: 21.223: [DefNew: 136738K->175K(153600K), 0.0016425 secs] 176805K->40242K(494976K), 0.0017022 secs] [Times: user=0.00 sys=0.00, real=0.00 secs] 
2019-06-11T18:03:49.768+0000: 24.077: [GC (Allocation Failure) 2019-06-11T18:03:49.768+0000: 24.077: [DefNew: 136751K->130K(153600K), 0.0015787 secs] 176818K->40197K(494976K), 0.0016392 secs] [Times: user=0.00 sys=0.00, real=0.00 secs] 
2019-06-11T18:03:53.052+0000: 27.360: [GC (Allocation Failure) 2019-06-11T18:03:53.052+0000: 27.360: [DefNew: 136706K->131K(153600K), 0.0016007 secs] 176773K->40198K(494976K), 0.0016613 secs] [Times: user=0.00 sys=0.00, real=0.01 secs] 
2019-06-11T18:03:56.341+0000: 30.650: [GC (Allocation Failure) 2019-06-11T18:03:56.341+0000: 30.650: [DefNew: 136707K->136K(153600K), 0.0015987 secs] 176774K->40203K(494976K), 0.0016704 secs] [Times: user=0.00 sys=0.00, real=0.00 secs] 
2019-06-11T18:03:59.662+0000: 33.970: [GC (Allocation Failure) 2019-06-11T18:03:59.662+0000: 33.970: [DefNew: 136712K->133K(153600K), 0.0015878 secs] 176779K->40200K(494976K), 0.0016502 secs] [Times: user=0.00 sys=0.00, real=0.00 secs] 
2019-06-11T18:04:02.990+0000: 37.299: [GC (Allocation Failure) 2019-06-11T18:04:02.990+0000: 37.299: [DefNew: 136709K->132K(153600K), 0.0016122 secs] 176776K->40199K(494976K), 0.0016706 secs] [Times: user=0.00 sys=0.00, real=0.00 secs] 
2019-06-11T18:04:06.311+0000: 40.619: [GC (Allocation Failure) 2019-06-11T18:04:06.311+0000: 40.619: [DefNew: 136708K->133K(153600K), 0.0016166 secs] 176775K->40200K(494976K), 0.0016813 secs] [Times: user=0.00 sys=0.00, real=0.00 secs] 
2019-06-11T18:04:09.631+0000: 43.940: [GC (Allocation Failure) 2019-06-11T18:04:09.631+0000: 43.940: [DefNew: 136709K->137K(153600K), 0.0016467 secs] 176776K->40204K(494976K), 0.0017090 secs] [Times: user=0.00 sys=0.00, real=0.00 secs] 
2019-06-11T18:04:12.931+0000: 47.239: [GC (Allocation Failure) 2019-06-11T18:04:12.931+0000: 47.239: [DefNew: 136713K->135K(153600K), 0.0016837 secs] 176780K->40202K(494976K), 0.0017456 secs] [Times: user=0.00 sys=0.00, real=0.00 secs] 
2019-06-11T18:04:16.214+0000: 50.522: [GC (Allocation Failure) 2019-06-11T18:04:16.214+0000: 50.522: [DefNew: 136711K->141K(153600K), 0.0016413 secs] 176778K->40209K(494976K), 0.0017031 secs] [Times: user=0.00 sys=0.00, real=0.00 secs] 
2019-06-11T18:04:19.502+0000: 53.811: [GC (Allocation Failure) 2019-06-11T18:04:19.502+0000: 53.811: [DefNew: 136717K->136K(153600K), 0.0016587 secs] 176785K->40203K(494976K), 0.0017195 secs] [Times: user=0.00 sys=0.00, real=0.00 secs] 
2019-06-11T18:04:22.820+0000: 57.129: [GC (Allocation Failure) 2019-06-11T18:04:22.820+0000: 57.129: [DefNew: 136712K->134K(153600K), 0.0017489 secs] 176779K->40202K(494976K), 0.0018202 secs] [Times: user=0.00 sys=0.00, real=0.00 secs] 
2019-06-11T18:04:26.180+0000: 60.489: [GC (Allocation Failure) 2019-06-11T18:04:26.180+0000: 60.489: [DefNew: 136710K->149K(153600K), 0.0016807 secs] 176778K->40216K(494976K), 0.0017491 secs] [Times: user=0.00 sys=0.00, real=0.00 secs] 
2019-06-11T18:04:29.854+0000: 64.164: [GC (Allocation Failure) 2019-06-11T18:04:29.855+0000: 64.164: [DefNew: 136725K->439K(153600K), 0.0020105 secs] 176792K->40506K(494976K), 0.0028515 secs] [Times: user=0.00 sys=0.00, real=0.00 secs] 
2019-06-11T18:04:34.063+0000: 68.372: [GC (Allocation Failure) 2019-06-11T18:04:34.063+0000: 68.372: [DefNew: 137015K->95K(153600K), 0.0018446 secs] 177082K->40255K(494976K), 0.0019197 secs] [Times: user=0.00 sys=0.00, real=0.00 secs] 
2019-06-11T18:04:38.295+0000: 72.604: [GC (Allocation Failure) 2019-06-11T18:04:38.295+0000: 72.604: [DefNew: 136671K->90K(153600K), 0.0017234 secs] 176831K->40255K(494976K), 0.0017846 secs] [Times: user=0.00 sys=0.00, real=0.00 secs] 
2019-06-11T18:04:42.499+0000: 76.807: [GC (Allocation Failure) 2019-06-11T18:04:42.499+0000: 76.807: [DefNew: 136666K->88K(153600K), 0.0017409 secs] 176831K->40255K(494976K), 0.0018024 secs] [Times: user=0.00 sys=0.00, real=0.00 secs] 
2019-06-11T18:04:46.716+0000: 81.024: [GC (Allocation Failure) 2019-06-11T18:04:46.716+0000: 81.024: [DefNew: 136664K->88K(153600K), 0.0017586 secs] 176831K->40257K(494976K), 0.0018191 secs] [Times: user=0.00 sys=0.00, real=0.00 secs] 
2019-06-11T18:04:50.917+0000: 85.225: [GC (Allocation Failure) 2019-06-11T18:04:50.917+0000: 85.225: [DefNew: 136664K->87K(153600K), 0.0017050 secs] 176833K->40257K(494976K), 0.0017665 secs] [Times: user=0.00 sys=0.00, real=0.00 secs] 
2019-06-11T18:04:55.172+0000: 89.481: [GC (Allocation Failure) 2019-06-11T18:04:55.172+0000: 89.481: [DefNew: 136663K->87K(153600K), 0.0017674 secs] 176833K->40257K(494976K), 0.0018282 secs] [Times: user=0.00 sys=0.00, real=0.01 secs] 
2019-06-11T18:04:59.400+0000: 93.709: [GC (Allocation Failure) 2019-06-11T18:04:59.400+0000: 93.709: [DefNew: 136663K->87K(153600K), 0.0017194 secs] 176833K->40258K(494976K), 0.0017753 secs] [Times: user=0.00 sys=0.00, real=0.00 secs] 
2019-06-11T18:05:03.643+0000: 97.951: [GC (Allocation Failure) 2019-06-11T18:05:03.643+0000: 97.951: [DefNew: 136663K->85K(153600K), 0.0017260 secs] 176834K->40257K(494976K), 0.0017911 secs] [Times: user=0.00 sys=0.00, real=0.00 secs] 
2019-06-11T18:05:07.887+0000: 102.195: [GC (Allocation Failure) 2019-06-11T18:05:07.887+0000: 102.195: [DefNew: 136661K->82K(153600K), 0.0016486 secs] 176833K->40257K(494976K), 0.0017116 secs] [Times: user=0.00 sys=0.00, real=0.00 secs] 
2019-06-11T18:05:18.315+0000: 112.624: [GC (Allocation Failure) 2019-06-11T18:05:18.315+0000: 112.624: [DefNew: 136658K->311K(153600K), 0.0035642 secs] 176833K->40486K(494976K), 0.0036184 secs] [Times: user=0.00 sys=0.00, real=0.00 secs] 
18:05:18.329 [Curator-PathChildrenCache-0] ERROR o.a.c.f.r.c.PathChildrenCache  - 
java.lang.IllegalStateException: instance must be started before calling this method
	at org.apache.curator.shaded.com.google.common.base.Preconditions.checkState(Preconditions.java:444)
	at org.apache.curator.framework.imps.CuratorFrameworkImpl.getChildren(CuratorFrameworkImpl.java:456)
	at org.apache.curator.framework.recipes.cache.PathChildrenCache.refresh(PathChildrenCache.java:521)
	at org.apache.curator.framework.recipes.cache.RefreshOperation.invoke(RefreshOperation.java:35)
	at org.apache.curator.framework.recipes.cache.PathChildrenCache$9.run(PathChildrenCache.java:786)
	at java.util.concurrent.Executors$RunnableAdapter.call(Executors.java:511)
	at java.util.concurrent.FutureTask.run(FutureTask.java:266)
	at java.util.concurrent.Executors$RunnableAdapter.call(Executors.java:511)
	at java.util.concurrent.FutureTask.run(FutureTask.java:266)
	at java.util.concurrent.ThreadPoolExecutor.runWorker(ThreadPoolExecutor.java:1149)
	at java.util.concurrent.ThreadPoolExecutor$Worker.run(ThreadPoolExecutor.java:624)
	at java.lang.Thread.run(Thread.java:748)
Heap
 def new generation   total 153600K, used 13391K [0x00000000e0c00000, 0x00000000eb2a0000, 0x00000000eb2a0000)
  eden space 136576K,   9% used [0x00000000e0c00000, 0x00000000e18c5e18, 0x00000000e9160000)
  from space 17024K,   1% used [0x00000000e9160000, 0x00000000e91ade48, 0x00000000ea200000)
  to   space 17024K,   0% used [0x00000000ea200000, 0x00000000ea200000, 0x00000000eb2a0000)
 tenured generation   total 341376K, used 40174K [0x00000000eb2a0000, 0x0000000100000000, 0x0000000100000000)
   the space 341376K,  11% used [0x00000000eb2a0000, 0x00000000ed9dbb60, 0x00000000ed9dbc00, 0x0000000100000000)
 Metaspace       used 35925K, capacity 36910K, committed 37248K, reserved 1081344K
  class space    used 4901K, capacity 5121K, committed 5248K, reserved 1048576K
