17:51:55,162 |-INFO in ch.qos.logback.classic.LoggerContext[default] - Could NOT find resource [logback-test.xml]
17:51:55,162 |-INFO in ch.qos.logback.classic.LoggerContext[default] - Could NOT find resource [logback.groovy]
17:51:55,162 |-INFO in ch.qos.logback.classic.LoggerContext[default] - Found resource [logback.xml] at [jar:file:/root/flamestream/lib/flamestream-runtime-1.0-SNAPSHOT.jar!/logback.xml]
17:51:55,163 |-WARN in ch.qos.logback.classic.LoggerContext[default] - Resource [logback.xml] occurs multiple times on the classpath.
17:51:55,163 |-WARN in ch.qos.logback.classic.LoggerContext[default] - Resource [logback.xml] occurs at [jar:file:/root/flamestream/lib/flamestream-runtime-1.0-SNAPSHOT.jar!/logback.xml]
17:51:55,163 |-WARN in ch.qos.logback.classic.LoggerContext[default] - Resource [logback.xml] occurs at [jar:file:/root/flamestream/flamestream-runtime-1.0-SNAPSHOT.jar!/logback.xml]
17:51:55,183 |-INFO in ch.qos.logback.core.joran.spi.ConfigurationWatchList@3fb6a447 - URL [jar:file:/root/flamestream/lib/flamestream-runtime-1.0-SNAPSHOT.jar!/logback.xml] is not of type file
17:51:55,255 |-INFO in ch.qos.logback.classic.joran.action.ConfigurationAction - debug attribute not set
17:51:55,255 |-INFO in ch.qos.logback.core.joran.action.AppenderAction - About to instantiate appender of type [ch.qos.logback.core.ConsoleAppender]
17:51:55,275 |-INFO in ch.qos.logback.core.joran.action.AppenderAction - Naming appender as [STDOUT]
17:51:55,293 |-INFO in ch.qos.logback.core.joran.action.NestedComplexPropertyIA - Assuming default type [ch.qos.logback.classic.encoder.PatternLayoutEncoder] for [encoder] property
17:51:55,377 |-INFO in ch.qos.logback.core.joran.action.AppenderAction - About to instantiate appender of type [ch.qos.logback.core.rolling.RollingFileAppender]
17:51:55,381 |-INFO in ch.qos.logback.core.joran.action.AppenderAction - Naming appender as [FILE]
17:51:55,411 |-INFO in c.q.l.core.rolling.TimeBasedRollingPolicy@127618319 - No compression will be used
17:51:55,412 |-INFO in c.q.l.core.rolling.TimeBasedRollingPolicy@127618319 - Will use the pattern /tmp/application_%d{yyyy-MM-dd}.%i.log for the active file
17:51:55,415 |-INFO in ch.qos.logback.core.rolling.SizeAndTimeBasedFNATP@6b2fad11 - The date pattern is 'yyyy-MM-dd' from file name pattern '/tmp/application_%d{yyyy-MM-dd}.%i.log'.
17:51:55,415 |-INFO in ch.qos.logback.core.rolling.SizeAndTimeBasedFNATP@6b2fad11 - Roll-over at midnight.
17:51:55,420 |-INFO in ch.qos.logback.core.rolling.SizeAndTimeBasedFNATP@6b2fad11 - Setting initial period to Mon Jun 10 17:50:44 UTC 2019
17:51:55,420 |-WARN in ch.qos.logback.core.rolling.SizeAndTimeBasedFNATP@6b2fad11 - SizeAndTimeBasedFNATP is deprecated. Use SizeAndTimeBasedRollingPolicy instead
17:51:55,420 |-WARN in ch.qos.logback.core.rolling.SizeAndTimeBasedFNATP@6b2fad11 - For more information see http://logback.qos.ch/manual/appenders.html#SizeAndTimeBasedRollingPolicy
17:51:55,424 |-INFO in ch.qos.logback.core.joran.action.NestedComplexPropertyIA - Assuming default type [ch.qos.logback.classic.encoder.PatternLayoutEncoder] for [encoder] property
17:51:55,429 |-INFO in ch.qos.logback.core.rolling.RollingFileAppender[FILE] - Active log file name: /tmp/application.log
17:51:55,429 |-INFO in ch.qos.logback.core.rolling.RollingFileAppender[FILE] - File property is set to [/tmp/application.log]
17:51:55,430 |-INFO in ch.qos.logback.classic.joran.action.RootLoggerAction - Setting level of ROOT logger to WARN
17:51:55,430 |-INFO in ch.qos.logback.core.joran.action.AppenderRefAction - Attaching appender named [STDOUT] to Logger[ROOT]
17:51:55,432 |-INFO in ch.qos.logback.core.joran.action.AppenderRefAction - Attaching appender named [FILE] to Logger[ROOT]
17:51:55,432 |-INFO in ch.qos.logback.classic.joran.action.ConfigurationAction - End of configuration.
17:51:55,432 |-INFO in ch.qos.logback.classic.joran.JoranConfigurator@79698539 - Registering current configuration as safe fallback point

Ama winner
Ama winner
2019-06-10T17:51:56.745+0000: 1.771: [Full GC (Metadata GC Threshold) 2019-06-10T17:51:56.745+0000: 1.772: [Tenured: 0K->15144K(341376K), 0.0407853 secs] 114987K->15144K(494976K), [Metaspace: 20733K->20733K(1067008K)], 0.0408518 secs] [Times: user=0.03 sys=0.00, real=0.04 secs] 
17:52:13.820 [Curator-PathChildrenCache-1] WARN  o.a.c.u.ZKPaths  - The version of ZooKeeper being used doesn't support Container nodes. CreateMode.PERSISTENT will be used instead.
2019-06-10T17:52:16.012+0000: 21.038: [GC (Allocation Failure) 2019-06-10T17:52:16.012+0000: 21.038: [DefNew: 136576K->17023K(153600K), 0.0257096 secs] 151720K->52391K(494976K), 0.0257790 secs] [Times: user=0.02 sys=0.01, real=0.03 secs] 
2019-06-10T17:52:18.085+0000: 23.111: [Full GC (Metadata GC Threshold) 2019-06-10T17:52:18.085+0000: 23.112: [Tenured: 35367K->43784K(341376K), 0.0426376 secs] 95225K->43784K(494976K), [Metaspace: 34615K->34615K(1079296K)], 0.0427155 secs] [Times: user=0.04 sys=0.00, real=0.05 secs] 
2019-06-10T17:52:24.132+0000: 29.158: [GC (Allocation Failure) 2019-06-10T17:52:24.132+0000: 29.158: [DefNew: 136576K->65K(153600K), 0.0018081 secs] 180360K->43850K(494976K), 0.0018679 secs] [Times: user=0.00 sys=0.00, real=0.00 secs] 
2019-06-10T17:52:30.092+0000: 35.118: [GC (Allocation Failure) 2019-06-10T17:52:30.092+0000: 35.118: [DefNew: 136641K->68K(153600K), 0.0017053 secs] 180426K->43853K(494976K), 0.0017604 secs] [Times: user=0.00 sys=0.00, real=0.00 secs] 
2019-06-10T17:52:36.111+0000: 41.137: [GC (Allocation Failure) 2019-06-10T17:52:36.111+0000: 41.137: [DefNew: 136644K->67K(153600K), 0.0017022 secs] 180429K->43851K(494976K), 0.0017625 secs] [Times: user=0.00 sys=0.00, real=0.00 secs] 
2019-06-10T17:52:42.175+0000: 47.202: [GC (Allocation Failure) 2019-06-10T17:52:42.175+0000: 47.202: [DefNew: 136643K->66K(153600K), 0.0017293 secs] 180427K->43851K(494976K), 0.0017978 secs] [Times: user=0.00 sys=0.00, real=0.00 secs] 
2019-06-10T17:52:48.149+0000: 53.175: [GC (Allocation Failure) 2019-06-10T17:52:48.149+0000: 53.176: [DefNew: 136642K->65K(153600K), 0.0016986 secs] 180427K->43850K(494976K), 0.0017572 secs] [Times: user=0.00 sys=0.00, real=0.00 secs] 
17:52:55.279 [Curator-PathChildrenCache-0] ERROR o.a.c.f.r.c.PathChildrenCache  - 
java.lang.IllegalStateException: instance must be started before calling this method
	at org.apache.curator.shaded.com.google.common.base.Preconditions.checkState(Preconditions.java:444)
	at org.apache.curator.framework.imps.CuratorFrameworkImpl.getChildren(CuratorFrameworkImpl.java:456)
	at org.apache.curator.framework.recipes.cache.PathChildrenCache.refresh(PathChildrenCache.java:521)
	at org.apache.curator.framework.recipes.cache.RefreshOperation.invoke(RefreshOperation.java:35)
	at org.apache.curator.framework.recipes.cache.PathChildrenCache$9.run(PathChildrenCache.java:786)
	at java.util.concurrent.Executors$RunnableAdapter.call(Executors.java:511)
	at java.util.concurrent.FutureTask.run(FutureTask.java:266)
	at java.util.concurrent.Executors$RunnableAdapter.call(Executors.java:511)
	at java.util.concurrent.FutureTask.run(FutureTask.java:266)
	at java.util.concurrent.ThreadPoolExecutor.runWorker(ThreadPoolExecutor.java:1149)
	at java.util.concurrent.ThreadPoolExecutor$Worker.run(ThreadPoolExecutor.java:624)
	at java.lang.Thread.run(Thread.java:748)
Heap
 def new generation   total 153600K, used 66666K [0x00000000e0c00000, 0x00000000eb2a0000, 0x00000000eb2a0000)
  eden space 136576K,  48% used [0x00000000e0c00000, 0x00000000e4d0a390, 0x00000000e9160000)
  from space 17024K,   0% used [0x00000000e9160000, 0x00000000e91706e8, 0x00000000ea200000)
  to   space 17024K,   0% used [0x00000000ea200000, 0x00000000ea200000, 0x00000000eb2a0000)
 tenured generation   total 341376K, used 43784K [0x00000000eb2a0000, 0x0000000100000000, 0x0000000100000000)
   the space 341376K,  12% used [0x00000000eb2a0000, 0x00000000edd62380, 0x00000000edd62400, 0x0000000100000000)
 Metaspace       used 35768K, capacity 36710K, committed 36864K, reserved 1081344K
  class space    used 4827K, capacity 5043K, committed 5120K, reserved 1048576K
