17:08:18,527 |-INFO in ch.qos.logback.classic.LoggerContext[default] - Could NOT find resource [logback-test.xml]
17:08:18,527 |-INFO in ch.qos.logback.classic.LoggerContext[default] - Could NOT find resource [logback.groovy]
17:08:18,527 |-INFO in ch.qos.logback.classic.LoggerContext[default] - Found resource [logback.xml] at [jar:file:/root/flamestream/lib/flamestream-runtime-1.0-SNAPSHOT.jar!/logback.xml]
17:08:18,528 |-WARN in ch.qos.logback.classic.LoggerContext[default] - Resource [logback.xml] occurs multiple times on the classpath.
17:08:18,528 |-WARN in ch.qos.logback.classic.LoggerContext[default] - Resource [logback.xml] occurs at [jar:file:/root/flamestream/lib/flamestream-runtime-1.0-SNAPSHOT.jar!/logback.xml]
17:08:18,528 |-WARN in ch.qos.logback.classic.LoggerContext[default] - Resource [logback.xml] occurs at [jar:file:/root/flamestream/flamestream-runtime-1.0-SNAPSHOT.jar!/logback.xml]
17:08:18,547 |-INFO in ch.qos.logback.core.joran.spi.ConfigurationWatchList@3fb6a447 - URL [jar:file:/root/flamestream/lib/flamestream-runtime-1.0-SNAPSHOT.jar!/logback.xml] is not of type file
17:08:18,619 |-INFO in ch.qos.logback.classic.joran.action.ConfigurationAction - debug attribute not set
17:08:18,619 |-INFO in ch.qos.logback.core.joran.action.AppenderAction - About to instantiate appender of type [ch.qos.logback.core.ConsoleAppender]
17:08:18,637 |-INFO in ch.qos.logback.core.joran.action.AppenderAction - Naming appender as [STDOUT]
17:08:18,650 |-INFO in ch.qos.logback.core.joran.action.NestedComplexPropertyIA - Assuming default type [ch.qos.logback.classic.encoder.PatternLayoutEncoder] for [encoder] property
17:08:18,736 |-INFO in ch.qos.logback.core.joran.action.AppenderAction - About to instantiate appender of type [ch.qos.logback.core.rolling.RollingFileAppender]
17:08:18,741 |-INFO in ch.qos.logback.core.joran.action.AppenderAction - Naming appender as [FILE]
17:08:18,773 |-INFO in c.q.l.core.rolling.TimeBasedRollingPolicy@127618319 - No compression will be used
17:08:18,774 |-INFO in c.q.l.core.rolling.TimeBasedRollingPolicy@127618319 - Will use the pattern /tmp/application_%d{yyyy-MM-dd}.%i.log for the active file
17:08:18,777 |-INFO in ch.qos.logback.core.rolling.SizeAndTimeBasedFNATP@6b2fad11 - The date pattern is 'yyyy-MM-dd' from file name pattern '/tmp/application_%d{yyyy-MM-dd}.%i.log'.
17:08:18,777 |-INFO in ch.qos.logback.core.rolling.SizeAndTimeBasedFNATP@6b2fad11 - Roll-over at midnight.
17:08:18,782 |-INFO in ch.qos.logback.core.rolling.SizeAndTimeBasedFNATP@6b2fad11 - Setting initial period to Mon Jun 10 17:06:55 UTC 2019
17:08:18,783 |-WARN in ch.qos.logback.core.rolling.SizeAndTimeBasedFNATP@6b2fad11 - SizeAndTimeBasedFNATP is deprecated. Use SizeAndTimeBasedRollingPolicy instead
17:08:18,783 |-WARN in ch.qos.logback.core.rolling.SizeAndTimeBasedFNATP@6b2fad11 - For more information see http://logback.qos.ch/manual/appenders.html#SizeAndTimeBasedRollingPolicy
17:08:18,787 |-INFO in ch.qos.logback.core.joran.action.NestedComplexPropertyIA - Assuming default type [ch.qos.logback.classic.encoder.PatternLayoutEncoder] for [encoder] property
17:08:18,792 |-INFO in ch.qos.logback.core.rolling.RollingFileAppender[FILE] - Active log file name: /tmp/application.log
17:08:18,792 |-INFO in ch.qos.logback.core.rolling.RollingFileAppender[FILE] - File property is set to [/tmp/application.log]
17:08:18,793 |-INFO in ch.qos.logback.classic.joran.action.RootLoggerAction - Setting level of ROOT logger to WARN
17:08:18,793 |-INFO in ch.qos.logback.core.joran.action.AppenderRefAction - Attaching appender named [STDOUT] to Logger[ROOT]
17:08:18,795 |-INFO in ch.qos.logback.core.joran.action.AppenderRefAction - Attaching appender named [FILE] to Logger[ROOT]
17:08:18,795 |-INFO in ch.qos.logback.classic.joran.action.ConfigurationAction - End of configuration.
17:08:18,795 |-INFO in ch.qos.logback.classic.joran.JoranConfigurator@79698539 - Registering current configuration as safe fallback point

Ama winner
Ama winner
2019-06-10T17:08:20.045+0000: 1.707: [Full GC (Metadata GC Threshold) 2019-06-10T17:08:20.045+0000: 1.707: [Tenured: 0K->15143K(341376K), 0.0392530 secs] 114924K->15143K(494976K), [Metaspace: 20728K->20728K(1067008K)], 0.0393171 secs] [Times: user=0.04 sys=0.00, real=0.04 secs] 
17:08:36.350 [Curator-PathChildrenCache-1] WARN  o.a.c.u.ZKPaths  - The version of ZooKeeper being used doesn't support Container nodes. CreateMode.PERSISTENT will be used instead.
2019-06-10T17:08:38.797+0000: 20.460: [GC (Allocation Failure) 2019-06-10T17:08:38.797+0000: 20.460: [DefNew: 135990K->16499K(153600K), 0.0261062 secs] 151133K->51174K(494976K), 0.0261723 secs] [Times: user=0.01 sys=0.02, real=0.02 secs] 
2019-06-10T17:08:39.998+0000: 21.660: [Full GC (Metadata GC Threshold) 2019-06-10T17:08:39.998+0000: 21.660: [Tenured: 34674K->43194K(341376K), 0.0363799 secs] 78325K->43194K(494976K), [Metaspace: 34571K->34571K(1079296K)], 0.0364505 secs] [Times: user=0.03 sys=0.00, real=0.03 secs] 
2019-06-10T17:08:46.931+0000: 28.594: [GC (Allocation Failure) 2019-06-10T17:08:46.931+0000: 28.594: [DefNew: 136576K->72K(153600K), 0.0018166 secs] 179770K->43266K(494976K), 0.0018739 secs] [Times: user=0.01 sys=0.00, real=0.00 secs] 
2019-06-10T17:08:53.627+0000: 35.290: [GC (Allocation Failure) 2019-06-10T17:08:53.627+0000: 35.290: [DefNew: 136648K->69K(153600K), 0.0017149 secs] 179842K->43263K(494976K), 0.0017817 secs] [Times: user=0.00 sys=0.00, real=0.01 secs] 
2019-06-10T17:09:00.426+0000: 42.089: [GC (Allocation Failure) 2019-06-10T17:09:00.426+0000: 42.089: [DefNew: 136645K->68K(153600K), 0.0017425 secs] 179839K->43262K(494976K), 0.0018039 secs] [Times: user=0.00 sys=0.00, real=0.00 secs] 
2019-06-10T17:09:07.336+0000: 48.999: [GC (Allocation Failure) 2019-06-10T17:09:07.336+0000: 48.999: [DefNew: 136644K->69K(153600K), 0.0017477 secs] 179838K->43263K(494976K), 0.0018176 secs] [Times: user=0.00 sys=0.00, real=0.00 secs] 
2019-06-10T17:09:14.148+0000: 55.811: [GC (Allocation Failure) 2019-06-10T17:09:14.148+0000: 55.811: [DefNew: 136645K->69K(153600K), 0.0017807 secs] 179839K->43264K(494976K), 0.0018400 secs] [Times: user=0.00 sys=0.00, real=0.00 secs] 
17:09:26.306 [Curator-PathChildrenCache-0] ERROR o.a.c.f.r.c.PathChildrenCache  - 
java.lang.IllegalStateException: instance must be started before calling this method
	at org.apache.curator.shaded.com.google.common.base.Preconditions.checkState(Preconditions.java:444)
	at org.apache.curator.framework.imps.CuratorFrameworkImpl.getChildren(CuratorFrameworkImpl.java:456)
	at org.apache.curator.framework.recipes.cache.PathChildrenCache.refresh(PathChildrenCache.java:521)
	at org.apache.curator.framework.recipes.cache.RefreshOperation.invoke(RefreshOperation.java:35)
	at org.apache.curator.framework.recipes.cache.PathChildrenCache$9.run(PathChildrenCache.java:786)
	at java.util.concurrent.Executors$RunnableAdapter.call(Executors.java:511)
	at java.util.concurrent.FutureTask.run(FutureTask.java:266)
	at java.util.concurrent.Executors$RunnableAdapter.call(Executors.java:511)
	at java.util.concurrent.FutureTask.run(FutureTask.java:266)
	at java.util.concurrent.ThreadPoolExecutor.runWorker(ThreadPoolExecutor.java:1149)
	at java.util.concurrent.ThreadPoolExecutor$Worker.run(ThreadPoolExecutor.java:624)
	at java.lang.Thread.run(Thread.java:748)
Heap
 def new generation   total 153600K, used 89775K [0x00000000e0c00000, 0x00000000eb2a0000, 0x00000000eb2a0000)
  eden space 136576K,  65% used [0x00000000e0c00000, 0x00000000e639a680, 0x00000000e9160000)
  from space 17024K,   0% used [0x00000000e9160000, 0x00000000e9171678, 0x00000000ea200000)
  to   space 17024K,   0% used [0x00000000ea200000, 0x00000000ea200000, 0x00000000eb2a0000)
 tenured generation   total 341376K, used 43194K [0x00000000eb2a0000, 0x0000000100000000, 0x0000000100000000)
   the space 341376K,  12% used [0x00000000eb2a0000, 0x00000000edcce9d0, 0x00000000edccea00, 0x0000000100000000)
 Metaspace       used 36200K, capacity 37056K, committed 37376K, reserved 1081344K
  class space    used 4868K, capacity 5074K, committed 5120K, reserved 1048576K
