09:27:13,694 |-INFO in ch.qos.logback.classic.LoggerContext[default] - Could NOT find resource [logback-test.xml]
09:27:13,695 |-INFO in ch.qos.logback.classic.LoggerContext[default] - Could NOT find resource [logback.groovy]
09:27:13,695 |-INFO in ch.qos.logback.classic.LoggerContext[default] - Found resource [logback.xml] at [jar:file:/home/nikitasokolov/flamestream/lib/flamestream-runtime-1.0-SNAPSHOT.jar!/logback.xml]
09:27:13,695 |-WARN in ch.qos.logback.classic.LoggerContext[default] - Resource [logback.xml] occurs multiple times on the classpath.
09:27:13,696 |-WARN in ch.qos.logback.classic.LoggerContext[default] - Resource [logback.xml] occurs at [jar:file:/home/nikitasokolov/flamestream/lib/flamestream-runtime-1.0-SNAPSHOT.jar!/logback.xml]
09:27:13,696 |-WARN in ch.qos.logback.classic.LoggerContext[default] - Resource [logback.xml] occurs at [jar:file:/home/nikitasokolov/flamestream/flamestream-runtime-1.0-SNAPSHOT.jar!/logback.xml]
09:27:13,713 |-INFO in ch.qos.logback.core.joran.spi.ConfigurationWatchList@6108b2d7 - URL [jar:file:/home/nikitasokolov/flamestream/lib/flamestream-runtime-1.0-SNAPSHOT.jar!/logback.xml] is not of type file
09:27:13,765 |-INFO in ch.qos.logback.classic.joran.action.ConfigurationAction - debug attribute not set
09:27:13,766 |-INFO in ch.qos.logback.core.joran.action.AppenderAction - About to instantiate appender of type [ch.qos.logback.core.ConsoleAppender]
09:27:13,776 |-INFO in ch.qos.logback.core.joran.action.AppenderAction - Naming appender as [STDOUT]
09:27:13,784 |-INFO in ch.qos.logback.core.joran.action.NestedComplexPropertyIA - Assuming default type [ch.qos.logback.classic.encoder.PatternLayoutEncoder] for [encoder] property
09:27:13,840 |-INFO in ch.qos.logback.core.joran.action.AppenderAction - About to instantiate appender of type [ch.qos.logback.core.rolling.RollingFileAppender]
09:27:13,845 |-INFO in ch.qos.logback.core.joran.action.AppenderAction - Naming appender as [FILE]
09:27:13,868 |-INFO in c.q.l.core.rolling.TimeBasedRollingPolicy@357863579 - No compression will be used
09:27:13,869 |-INFO in c.q.l.core.rolling.TimeBasedRollingPolicy@357863579 - Will use the pattern /tmp/application_%d{yyyy-MM-dd}.%i.log for the active file
09:27:13,872 |-INFO in ch.qos.logback.core.rolling.SizeAndTimeBasedFNATP@6bf256fa - The date pattern is 'yyyy-MM-dd' from file name pattern '/tmp/application_%d{yyyy-MM-dd}.%i.log'.
09:27:13,872 |-INFO in ch.qos.logback.core.rolling.SizeAndTimeBasedFNATP@6bf256fa - Roll-over at midnight.
09:27:13,876 |-INFO in ch.qos.logback.core.rolling.SizeAndTimeBasedFNATP@6bf256fa - Setting initial period to Sun Jun 09 09:26:33 MSK 2019
09:27:13,876 |-WARN in ch.qos.logback.core.rolling.SizeAndTimeBasedFNATP@6bf256fa - SizeAndTimeBasedFNATP is deprecated. Use SizeAndTimeBasedRollingPolicy instead
09:27:13,876 |-WARN in ch.qos.logback.core.rolling.SizeAndTimeBasedFNATP@6bf256fa - For more information see http://logback.qos.ch/manual/appenders.html#SizeAndTimeBasedRollingPolicy
09:27:13,880 |-INFO in ch.qos.logback.core.joran.action.NestedComplexPropertyIA - Assuming default type [ch.qos.logback.classic.encoder.PatternLayoutEncoder] for [encoder] property
09:27:13,884 |-INFO in ch.qos.logback.core.rolling.RollingFileAppender[FILE] - Active log file name: /tmp/application.log
09:27:13,884 |-INFO in ch.qos.logback.core.rolling.RollingFileAppender[FILE] - File property is set to [/tmp/application.log]
09:27:13,885 |-INFO in ch.qos.logback.classic.joran.action.RootLoggerAction - Setting level of ROOT logger to WARN
09:27:13,885 |-INFO in ch.qos.logback.core.joran.action.AppenderRefAction - Attaching appender named [STDOUT] to Logger[ROOT]
09:27:13,886 |-INFO in ch.qos.logback.core.joran.action.AppenderRefAction - Attaching appender named [FILE] to Logger[ROOT]
09:27:13,886 |-INFO in ch.qos.logback.classic.joran.action.ConfigurationAction - End of configuration.
09:27:13,887 |-INFO in ch.qos.logback.classic.joran.JoranConfigurator@6cd8737 - Registering current configuration as safe fallback point

2019-06-09T09:27:14.861+0300: 1.373: [GC (Metadata GC Threshold) [PSYoungGen: 110722K->15997K(149504K)] 110722K->16077K(491008K), 0.0192896 secs] [Times: user=0.06 sys=0.02, real=0.02 secs] 
2019-06-09T09:27:14.880+0300: 1.392: [Full GC (Metadata GC Threshold) [PSYoungGen: 15997K->0K(149504K)] [ParOldGen: 80K->15078K(341504K)] 16077K->15078K(491008K), [Metaspace: 20800K->20800K(1067008K)], 0.0270293 secs] [Times: user=0.17 sys=0.02, real=0.02 secs] 
09:27:25.882 [Curator-PathChildrenCache-1] WARN  o.a.c.u.ZKPaths  - The version of ZooKeeper being used doesn't support Container nodes. CreateMode.PERSISTENT will be used instead.
2019-06-09T09:27:27.073+0300: 13.585: [GC (Metadata GC Threshold) [PSYoungGen: 125183K->20987K(149504K)] 140262K->50132K(491008K), 0.0255013 secs] [Times: user=0.25 sys=0.05, real=0.03 secs] 
2019-06-09T09:27:27.099+0300: 13.611: [Full GC (Metadata GC Threshold) [PSYoungGen: 20987K->0K(149504K)] [ParOldGen: 29145K->39057K(341504K)] 50132K->39057K(491008K), [Metaspace: 34560K->34560K(1079296K)], 0.0366087 secs] [Times: user=0.15 sys=0.01, real=0.03 secs] 
2019-06-09T09:27:29.056+0300: 15.568: [GC (Allocation Failure) [PSYoungGen: 128512K->608K(149504K)] 167569K->39673K(491008K), 0.0030601 secs] [Times: user=0.01 sys=0.00, real=0.01 secs] 
2019-06-09T09:27:31.721+0300: 18.233: [GC (Allocation Failure) [PSYoungGen: 129120K->544K(149504K)] 168185K->39617K(491008K), 0.0052308 secs] [Times: user=0.02 sys=0.01, real=0.00 secs] 
2019-06-09T09:27:34.385+0300: 20.896: [GC (Allocation Failure) [PSYoungGen: 129056K->608K(129536K)] 168129K->39689K(471040K), 0.0031018 secs] [Times: user=0.01 sys=0.00, real=0.00 secs] 
2019-06-09T09:27:37.093+0300: 23.605: [GC (Allocation Failure) [PSYoungGen: 129120K->672K(132608K)] 168201K->39753K(474112K), 0.0735842 secs] [Times: user=0.03 sys=0.02, real=0.07 secs] 
2019-06-09T09:27:39.062+0300: 25.574: [GC (Allocation Failure) [PSYoungGen: 93344K->544K(130560K)] 132425K->39625K(472064K), 0.0044459 secs] [Times: user=0.02 sys=0.00, real=0.00 secs] 
2019-06-09T09:27:40.987+0300: 27.499: [GC (Allocation Failure) [PSYoungGen: 93216K->704K(136704K)] 132297K->39793K(478208K), 0.0027018 secs] [Times: user=0.02 sys=0.01, real=0.00 secs] 
2019-06-09T09:27:43.103+0300: 29.615: [GC (Allocation Failure) [PSYoungGen: 101568K->640K(134656K)] 140657K->39737K(476160K), 0.0031495 secs] [Times: user=0.02 sys=0.00, real=0.00 secs] 
2019-06-09T09:27:45.245+0300: 31.757: [GC (Allocation Failure) [PSYoungGen: 101504K->704K(140288K)] 140601K->39809K(481792K), 0.0041305 secs] [Times: user=0.02 sys=0.00, real=0.00 secs] 
2019-06-09T09:27:47.508+0300: 34.020: [GC (Allocation Failure) [PSYoungGen: 108736K->704K(138240K)] 147841K->39817K(479744K), 0.0066893 secs] [Times: user=0.05 sys=0.00, real=0.01 secs] 
2019-06-09T09:27:49.799+0300: 36.311: [GC (Allocation Failure) [PSYoungGen: 108736K->640K(143360K)] 147849K->39753K(484864K), 0.0025181 secs] [Times: user=0.01 sys=0.00, real=0.00 secs] 
2019-06-09T09:27:52.238+0300: 38.750: [GC (Allocation Failure) [PSYoungGen: 115328K->768K(141824K)] 154441K->39881K(483328K), 0.0030200 secs] [Times: user=0.02 sys=0.00, real=0.00 secs] 
2019-06-09T09:27:54.664+0300: 41.176: [GC (Allocation Failure) [PSYoungGen: 115456K->736K(146432K)] 154569K->39849K(487936K), 0.0031084 secs] [Times: user=0.02 sys=0.00, real=0.00 secs] 
2019-06-09T09:27:57.213+0300: 43.725: [GC (Allocation Failure) [PSYoungGen: 121568K->768K(144896K)] 160681K->39881K(486400K), 0.0031971 secs] [Times: user=0.02 sys=0.00, real=0.00 secs] 
09:28:07.125 [Curator-PathChildrenCache-0] ERROR o.a.c.f.r.c.PathChildrenCache  - 
java.lang.IllegalStateException: instance must be started before calling this method
	at org.apache.curator.shaded.com.google.common.base.Preconditions.checkState(Preconditions.java:444)
	at org.apache.curator.framework.imps.CuratorFrameworkImpl.getChildren(CuratorFrameworkImpl.java:456)
	at org.apache.curator.framework.recipes.cache.PathChildrenCache.refresh(PathChildrenCache.java:521)
	at org.apache.curator.framework.recipes.cache.RefreshOperation.invoke(RefreshOperation.java:35)
	at org.apache.curator.framework.recipes.cache.PathChildrenCache$9.run(PathChildrenCache.java:786)
	at java.util.concurrent.Executors$RunnableAdapter.call(Executors.java:511)
	at java.util.concurrent.FutureTask.run(FutureTask.java:266)
	at java.util.concurrent.Executors$RunnableAdapter.call(Executors.java:511)
	at java.util.concurrent.FutureTask.run(FutureTask.java:266)
	at java.util.concurrent.ThreadPoolExecutor.runWorker(ThreadPoolExecutor.java:1149)
	at java.util.concurrent.ThreadPoolExecutor$Worker.run(ThreadPoolExecutor.java:624)
	at java.lang.Thread.run(Thread.java:748)
Heap
 PSYoungGen      total 144896K, used 92630K [0x00000000f5980000, 0x0000000100000000, 0x0000000100000000)
  eden space 120832K, 76% used [0x00000000f5980000,0x00000000fb335b60,0x00000000fcf80000)
  from space 24064K, 3% used [0x00000000fcf80000,0x00000000fd040090,0x00000000fe700000)
  to   space 23040K, 0% used [0x00000000fe980000,0x00000000fe980000,0x0000000100000000)
 ParOldGen       total 341504K, used 39113K [0x00000000e0c00000, 0x00000000f5980000, 0x00000000f5980000)
  object space 341504K, 11% used [0x00000000e0c00000,0x00000000e3232530,0x00000000f5980000)
 Metaspace       used 35735K, capacity 36606K, committed 36952K, reserved 1081344K
  class space    used 4935K, capacity 5129K, committed 5248K, reserved 1048576K
