22:53:27,094 |-INFO in ch.qos.logback.classic.LoggerContext[default] - Could NOT find resource [logback-test.xml]
22:53:27,094 |-INFO in ch.qos.logback.classic.LoggerContext[default] - Could NOT find resource [logback.groovy]
22:53:27,095 |-INFO in ch.qos.logback.classic.LoggerContext[default] - Found resource [logback.xml] at [jar:file:/home/nikitasokolov/flamestream/lib/flamestream-runtime-1.0-SNAPSHOT.jar!/logback.xml]
22:53:27,095 |-WARN in ch.qos.logback.classic.LoggerContext[default] - Resource [logback.xml] occurs multiple times on the classpath.
22:53:27,095 |-WARN in ch.qos.logback.classic.LoggerContext[default] - Resource [logback.xml] occurs at [jar:file:/home/nikitasokolov/flamestream/lib/flamestream-runtime-1.0-SNAPSHOT.jar!/logback.xml]
22:53:27,095 |-WARN in ch.qos.logback.classic.LoggerContext[default] - Resource [logback.xml] occurs at [jar:file:/home/nikitasokolov/flamestream/flamestream-runtime-1.0-SNAPSHOT.jar!/logback.xml]
22:53:27,112 |-INFO in ch.qos.logback.core.joran.spi.ConfigurationWatchList@6bf256fa - URL [jar:file:/home/nikitasokolov/flamestream/lib/flamestream-runtime-1.0-SNAPSHOT.jar!/logback.xml] is not of type file
22:53:27,167 |-INFO in ch.qos.logback.classic.joran.action.ConfigurationAction - debug attribute not set
22:53:27,167 |-INFO in ch.qos.logback.core.joran.action.AppenderAction - About to instantiate appender of type [ch.qos.logback.core.ConsoleAppender]
22:53:27,175 |-INFO in ch.qos.logback.core.joran.action.AppenderAction - Naming appender as [STDOUT]
22:53:27,183 |-INFO in ch.qos.logback.core.joran.action.NestedComplexPropertyIA - Assuming default type [ch.qos.logback.classic.encoder.PatternLayoutEncoder] for [encoder] property
22:53:27,243 |-INFO in ch.qos.logback.core.joran.action.AppenderAction - About to instantiate appender of type [ch.qos.logback.core.rolling.RollingFileAppender]
22:53:27,248 |-INFO in ch.qos.logback.core.joran.action.AppenderAction - Naming appender as [FILE]
22:53:27,272 |-INFO in c.q.l.core.rolling.TimeBasedRollingPolicy@114132791 - No compression will be used
22:53:27,273 |-INFO in c.q.l.core.rolling.TimeBasedRollingPolicy@114132791 - Will use the pattern /tmp/application_%d{yyyy-MM-dd}.%i.log for the active file
22:53:27,276 |-INFO in ch.qos.logback.core.rolling.SizeAndTimeBasedFNATP@22f71333 - The date pattern is 'yyyy-MM-dd' from file name pattern '/tmp/application_%d{yyyy-MM-dd}.%i.log'.
22:53:27,276 |-INFO in ch.qos.logback.core.rolling.SizeAndTimeBasedFNATP@22f71333 - Roll-over at midnight.
22:53:27,280 |-INFO in ch.qos.logback.core.rolling.SizeAndTimeBasedFNATP@22f71333 - Setting initial period to Thu Jun 06 22:00:24 MSK 2019
22:53:27,280 |-WARN in ch.qos.logback.core.rolling.SizeAndTimeBasedFNATP@22f71333 - SizeAndTimeBasedFNATP is deprecated. Use SizeAndTimeBasedRollingPolicy instead
22:53:27,280 |-WARN in ch.qos.logback.core.rolling.SizeAndTimeBasedFNATP@22f71333 - For more information see http://logback.qos.ch/manual/appenders.html#SizeAndTimeBasedRollingPolicy
22:53:27,284 |-INFO in ch.qos.logback.core.joran.action.NestedComplexPropertyIA - Assuming default type [ch.qos.logback.classic.encoder.PatternLayoutEncoder] for [encoder] property
22:53:27,286 |-INFO in ch.qos.logback.core.rolling.RollingFileAppender[FILE] - Active log file name: /tmp/application.log
22:53:27,286 |-INFO in ch.qos.logback.core.rolling.RollingFileAppender[FILE] - File property is set to [/tmp/application.log]
22:53:27,288 |-ERROR in ch.qos.logback.core.rolling.RollingFileAppender[FILE] - openFile(/tmp/application.log,true) call failed. java.io.FileNotFoundException: /tmp/application.log (Permission denied)
	at java.io.FileNotFoundException: /tmp/application.log (Permission denied)
	at 	at java.io.FileOutputStream.open0(Native Method)
	at 	at java.io.FileOutputStream.open(FileOutputStream.java:270)
	at 	at java.io.FileOutputStream.<init>(FileOutputStream.java:213)
	at 	at ch.qos.logback.core.recovery.ResilientFileOutputStream.<init>(ResilientFileOutputStream.java:26)
	at 	at ch.qos.logback.core.FileAppender.openFile(FileAppender.java:204)
	at 	at ch.qos.logback.core.FileAppender.start(FileAppender.java:127)
	at 	at ch.qos.logback.core.rolling.RollingFileAppender.start(RollingFileAppender.java:100)
	at 	at ch.qos.logback.core.joran.action.AppenderAction.end(AppenderAction.java:90)
	at 	at ch.qos.logback.core.joran.spi.Interpreter.callEndAction(Interpreter.java:309)
	at 	at ch.qos.logback.core.joran.spi.Interpreter.endElement(Interpreter.java:193)
	at 	at ch.qos.logback.core.joran.spi.Interpreter.endElement(Interpreter.java:179)
	at 	at ch.qos.logback.core.joran.spi.EventPlayer.play(EventPlayer.java:62)
	at 	at ch.qos.logback.core.joran.GenericConfigurator.doConfigure(GenericConfigurator.java:165)
	at 	at ch.qos.logback.core.joran.GenericConfigurator.doConfigure(GenericConfigurator.java:152)
	at 	at ch.qos.logback.core.joran.GenericConfigurator.doConfigure(GenericConfigurator.java:110)
	at 	at ch.qos.logback.core.joran.GenericConfigurator.doConfigure(GenericConfigurator.java:53)
	at 	at ch.qos.logback.classic.util.ContextInitializer.configureByResource(ContextInitializer.java:75)
	at 	at ch.qos.logback.classic.util.ContextInitializer.autoConfig(ContextInitializer.java:150)
	at 	at org.slf4j.impl.StaticLoggerBinder.init(StaticLoggerBinder.java:84)
	at 	at org.slf4j.impl.StaticLoggerBinder.<clinit>(StaticLoggerBinder.java:55)
	at 	at org.slf4j.LoggerFactory.bind(LoggerFactory.java:150)
	at 	at org.slf4j.LoggerFactory.performInitialization(LoggerFactory.java:124)
	at 	at org.slf4j.LoggerFactory.getILoggerFactory(LoggerFactory.java:412)
	at 	at org.slf4j.LoggerFactory.getLogger(LoggerFactory.java:357)
	at 	at org.slf4j.LoggerFactory.getLogger(LoggerFactory.java:383)
	at 	at com.spbsu.flamestream.runtime.WorkerApplication.<init>(WorkerApplication.java:26)
	at 	at com.spbsu.flamestream.runtime.WorkerApplication.main(WorkerApplication.java:68)
22:53:27,288 |-INFO in ch.qos.logback.classic.joran.action.RootLoggerAction - Setting level of ROOT logger to WARN
22:53:27,288 |-INFO in ch.qos.logback.core.joran.action.AppenderRefAction - Attaching appender named [STDOUT] to Logger[ROOT]
22:53:27,288 |-INFO in ch.qos.logback.core.joran.action.AppenderRefAction - Attaching appender named [FILE] to Logger[ROOT]
22:53:27,288 |-INFO in ch.qos.logback.classic.joran.action.ConfigurationAction - End of configuration.
22:53:27,289 |-INFO in ch.qos.logback.classic.joran.JoranConfigurator@3498ed - Registering current configuration as safe fallback point

2019-06-08T22:53:28.315+0300: 1.421: [GC (Metadata GC Threshold) [PSYoungGen: 97865K->15966K(149504K)] 97865K->16046K(491008K), 0.0163314 secs] [Times: user=0.05 sys=0.01, real=0.01 secs] 
2019-06-08T22:53:28.331+0300: 1.437: [Full GC (Metadata GC Threshold) [PSYoungGen: 15966K->0K(149504K)] [ParOldGen: 80K->15081K(341504K)] 16046K->15081K(491008K), [Metaspace: 20807K->20807K(1067008K)], 0.0271036 secs] [Times: user=0.11 sys=0.01, real=0.03 secs] 
22:53:35.886 [Curator-PathChildrenCache-2] WARN  o.a.c.u.ZKPaths  - The version of ZooKeeper being used doesn't support Container nodes. CreateMode.PERSISTENT will be used instead.
2019-06-08T22:53:36.532+0300: 9.638: [GC (Allocation Failure) [PSYoungGen: 128512K->20971K(149504K)] 143593K->50879K(491008K), 0.0394115 secs] [Times: user=0.25 sys=0.05, real=0.04 secs] 
2019-06-08T22:53:36.623+0300: 9.729: [GC (Metadata GC Threshold) [PSYoungGen: 29468K->20991K(149504K)] 59376K->51143K(491008K), 0.0149016 secs] [Times: user=0.14 sys=0.01, real=0.01 secs] 
2019-06-08T22:53:36.638+0300: 9.744: [Full GC (Metadata GC Threshold) [PSYoungGen: 20991K->0K(149504K)] [ParOldGen: 30151K->39997K(341504K)] 51143K->39997K(491008K), [Metaspace: 34434K->34432K(1079296K)], 0.0348894 secs] [Times: user=0.18 sys=0.00, real=0.03 secs] 
2019-06-08T22:53:38.902+0300: 12.008: [GC (Allocation Failure) [PSYoungGen: 128512K->576K(149504K)] 168509K->40573K(491008K), 0.0032211 secs] [Times: user=0.01 sys=0.00, real=0.01 secs] 
2019-06-08T22:53:41.352+0300: 14.458: [GC (Allocation Failure) [PSYoungGen: 129088K->640K(129536K)] 169085K->40645K(471040K), 0.0044357 secs] [Times: user=0.03 sys=0.00, real=0.01 secs] 
2019-06-08T22:53:43.772+0300: 16.878: [GC (Allocation Failure) [PSYoungGen: 129152K->672K(128512K)] 169157K->40685K(470016K), 0.0051681 secs] [Times: user=0.03 sys=0.00, real=0.01 secs] 
2019-06-08T22:53:45.446+0300: 18.552: [GC (Allocation Failure) [PSYoungGen: 88224K->672K(129024K)] 128237K->40693K(470528K), 0.0030312 secs] [Times: user=0.02 sys=0.00, real=0.00 secs] 
2019-06-08T22:53:47.130+0300: 20.236: [GC (Allocation Failure) [PSYoungGen: 88224K->384K(132096K)] 128245K->40805K(473600K), 0.0035043 secs] [Times: user=0.01 sys=0.01, real=0.00 secs] 
2019-06-08T22:53:48.903+0300: 22.009: [GC (Allocation Failure) [PSYoungGen: 92544K->384K(130560K)] 132965K->40893K(472064K), 0.0038073 secs] [Times: user=0.03 sys=0.01, real=0.00 secs] 
2019-06-08T22:53:50.684+0300: 23.790: [GC (Allocation Failure) [PSYoungGen: 92544K->320K(134656K)] 133053K->40909K(476160K), 0.0026306 secs] [Times: user=0.02 sys=0.00, real=0.00 secs] 
2019-06-08T22:53:52.558+0300: 25.663: [GC (Allocation Failure) [PSYoungGen: 98112K->192K(133632K)] 138701K->40829K(475136K), 0.0026201 secs] [Times: user=0.01 sys=0.01, real=0.00 secs] 
2019-06-08T22:53:54.459+0300: 27.565: [GC (Allocation Failure) [PSYoungGen: 97984K->256K(137728K)] 138621K->40893K(479232K), 0.0020337 secs] [Times: user=0.01 sys=0.01, real=0.00 secs] 
2019-06-08T22:53:56.506+0300: 29.612: [GC (Allocation Failure) [PSYoungGen: 103680K->320K(136192K)] 144317K->40965K(477696K), 0.0025560 secs] [Times: user=0.01 sys=0.00, real=0.00 secs] 
2019-06-08T22:53:58.399+0300: 31.505: [GC (Allocation Failure) [PSYoungGen: 103744K->192K(140800K)] 144389K->40845K(482304K), 0.0019914 secs] [Times: user=0.01 sys=0.00, real=0.00 secs] 
2019-06-08T22:54:00.525+0300: 33.631: [GC (Allocation Failure) [PSYoungGen: 109760K->384K(139264K)] 150413K->41037K(480768K), 0.0109057 secs] [Times: user=0.10 sys=0.00, real=0.01 secs] 
2019-06-08T22:54:02.616+0300: 35.722: [GC (Allocation Failure) [PSYoungGen: 109952K->224K(143872K)] 150605K->40877K(485376K), 0.0027229 secs] [Times: user=0.01 sys=0.00, real=0.00 secs] 
2019-06-08T22:54:04.880+0300: 37.986: [GC (Allocation Failure) [PSYoungGen: 115936K->352K(142336K)] 156589K->41005K(483840K), 0.0019392 secs] [Times: user=0.02 sys=0.00, real=0.01 secs] 
2019-06-08T22:54:07.146+0300: 40.252: [GC (Allocation Failure) [PSYoungGen: 116064K->384K(146944K)] 156717K->41037K(488448K), 0.0022760 secs] [Times: user=0.02 sys=0.00, real=0.00 secs] 
2019-06-08T22:54:09.461+0300: 42.567: [GC (Allocation Failure) [PSYoungGen: 122240K->416K(145408K)] 162893K->41069K(486912K), 0.0026847 secs] [Times: user=0.01 sys=0.00, real=0.01 secs] 
2019-06-08T22:54:11.813+0300: 44.919: [GC (Allocation Failure) [PSYoungGen: 122272K->480K(150016K)] 162925K->41133K(491520K), 0.0024671 secs] [Times: user=0.02 sys=0.00, real=0.01 secs] 
2019-06-08T22:54:14.305+0300: 47.411: [GC (Allocation Failure) [PSYoungGen: 128480K->384K(148480K)] 169133K->41037K(489984K), 0.0032464 secs] [Times: user=0.01 sys=0.01, real=0.00 secs] 
2019-06-08T22:54:16.725+0300: 49.831: [GC (Allocation Failure) [PSYoungGen: 128384K->384K(152576K)] 169037K->41037K(494080K), 0.0021865 secs] [Times: user=0.01 sys=0.00, real=0.00 secs] 
2019-06-08T22:54:19.279+0300: 52.385: [GC (Allocation Failure) [PSYoungGen: 133504K->448K(151040K)] 174157K->41109K(492544K), 0.0024662 secs] [Times: user=0.01 sys=0.00, real=0.00 secs] 
2019-06-08T22:54:21.836+0300: 54.942: [GC (Allocation Failure) [PSYoungGen: 133568K->544K(154624K)] 174229K->41213K(496128K), 0.0031628 secs] [Times: user=0.01 sys=0.00, real=0.00 secs] 
2019-06-08T22:54:24.497+0300: 57.603: [GC (Allocation Failure) [PSYoungGen: 138272K->384K(153600K)] 178941K->41109K(495104K), 0.0492832 secs] [Times: user=0.01 sys=0.00, real=0.05 secs] 
22:54:34.315 [Curator-PathChildrenCache-0] ERROR o.a.c.f.r.c.PathChildrenCache  - 
java.lang.IllegalStateException: instance must be started before calling this method
	at org.apache.curator.shaded.com.google.common.base.Preconditions.checkState(Preconditions.java:444)
	at org.apache.curator.framework.imps.CuratorFrameworkImpl.getChildren(CuratorFrameworkImpl.java:456)
	at org.apache.curator.framework.recipes.cache.PathChildrenCache.refresh(PathChildrenCache.java:521)
	at org.apache.curator.framework.recipes.cache.RefreshOperation.invoke(RefreshOperation.java:35)
	at org.apache.curator.framework.recipes.cache.PathChildrenCache$9.run(PathChildrenCache.java:786)
	at java.util.concurrent.Executors$RunnableAdapter.call(Executors.java:511)
	at java.util.concurrent.FutureTask.run(FutureTask.java:266)
	at java.util.concurrent.Executors$RunnableAdapter.call(Executors.java:511)
	at java.util.concurrent.FutureTask.run(FutureTask.java:266)
	at java.util.concurrent.ThreadPoolExecutor.runWorker(ThreadPoolExecutor.java:1149)
	at java.util.concurrent.ThreadPoolExecutor$Worker.run(ThreadPoolExecutor.java:624)
	at java.lang.Thread.run(Thread.java:748)
22:54:34.411 [worker-akka.actor.default-dispatcher-2] ERROR c.s.f.r.WorkerApplication  - Something went wrong during trace flush
java.nio.file.AccessDeniedException: /tmp/trace.csv
	at sun.nio.fs.UnixException.translateToIOException(UnixException.java:84)
	at sun.nio.fs.UnixException.rethrowAsIOException(UnixException.java:102)
	at sun.nio.fs.UnixException.rethrowAsIOException(UnixException.java:107)
	at sun.nio.fs.UnixFileSystemProvider.newByteChannel(UnixFileSystemProvider.java:214)
	at java.nio.file.spi.FileSystemProvider.newOutputStream(FileSystemProvider.java:434)
	at java.nio.file.Files.newOutputStream(Files.java:216)
	at java.nio.file.Files.newBufferedWriter(Files.java:2860)
	at java.nio.file.Files.newBufferedWriter(Files.java:2896)
	at com.spbsu.flamestream.runtime.utils.tracing.Tracing.flush(Tracing.java:35)
	at com.spbsu.flamestream.runtime.WorkerApplication.lambda$run$0(WorkerApplication.java:109)
	at akka.actor.ActorSystemImpl$TerminationCallbacks$$anonfun$addRec$1$1.applyOrElse(ActorSystem.scala:1036)
	at akka.actor.ActorSystemImpl$TerminationCallbacks$$anonfun$addRec$1$1.applyOrElse(ActorSystem.scala:1036)
	at scala.concurrent.Future$$anonfun$andThen$1.apply(Future.scala:436)
	at scala.concurrent.Future$$anonfun$andThen$1.apply(Future.scala:435)
	at scala.concurrent.impl.CallbackRunnable.run(Promise.scala:36)
	at akka.dispatch.BatchingExecutor$AbstractBatch.processBatch(BatchingExecutor.scala:55)
	at akka.dispatch.BatchingExecutor$BlockableBatch$$anonfun$run$1.apply$mcV$sp(BatchingExecutor.scala:91)
	at akka.dispatch.BatchingExecutor$BlockableBatch$$anonfun$run$1.apply(BatchingExecutor.scala:91)
	at akka.dispatch.BatchingExecutor$BlockableBatch$$anonfun$run$1.apply(BatchingExecutor.scala:91)
	at scala.concurrent.BlockContext$.withBlockContext(BlockContext.scala:72)
	at akka.dispatch.BatchingExecutor$BlockableBatch.run(BatchingExecutor.scala:90)
	at akka.dispatch.TaskInvocation.run(AbstractDispatcher.scala:40)
	at akka.dispatch.ForkJoinExecutorConfigurator$AkkaForkJoinTask.exec(ForkJoinExecutorConfigurator.scala:44)
	at akka.dispatch.forkjoin.ForkJoinTask.doExec(ForkJoinTask.java:260)
	at akka.dispatch.forkjoin.ForkJoinPool$WorkQueue.runTask(ForkJoinPool.java:1339)
	at akka.dispatch.forkjoin.ForkJoinPool.runWorker(ForkJoinPool.java:1979)
	at akka.dispatch.forkjoin.ForkJoinWorkerThread.run(ForkJoinWorkerThread.java:107)
Heap
 PSYoungGen      total 153600K, used 44746K [0x00000000f5980000, 0x0000000100000000, 0x0000000100000000)
  eden space 137728K, 32% used [0x00000000f5980000,0x00000000f84d2ba0,0x00000000fe000000)
  from space 15872K, 2% used [0x00000000fe000000,0x00000000fe060050,0x00000000fef80000)
  to   space 14848K, 0% used [0x00000000ff180000,0x00000000ff180000,0x0000000100000000)
 ParOldGen       total 341504K, used 40725K [0x00000000e0c00000, 0x00000000f5980000, 0x00000000f5980000)
  object space 341504K, 11% used [0x00000000e0c00000,0x00000000e33c5558,0x00000000f5980000)
 Metaspace       used 36476K, capacity 37424K, committed 37720K, reserved 1081344K
  class space    used 5029K, capacity 5220K, committed 5248K, reserved 1048576K
