19:14:56,202 |-INFO in ch.qos.logback.classic.LoggerContext[default] - Could NOT find resource [logback-test.xml]
19:14:56,202 |-INFO in ch.qos.logback.classic.LoggerContext[default] - Could NOT find resource [logback.groovy]
19:14:56,202 |-INFO in ch.qos.logback.classic.LoggerContext[default] - Found resource [logback.xml] at [jar:file:/root/flamestream/lib/flamestream-runtime-1.0-SNAPSHOT.jar!/logback.xml]
19:14:56,203 |-WARN in ch.qos.logback.classic.LoggerContext[default] - Resource [logback.xml] occurs multiple times on the classpath.
19:14:56,203 |-WARN in ch.qos.logback.classic.LoggerContext[default] - Resource [logback.xml] occurs at [jar:file:/root/flamestream/lib/flamestream-runtime-1.0-SNAPSHOT.jar!/logback.xml]
19:14:56,203 |-WARN in ch.qos.logback.classic.LoggerContext[default] - Resource [logback.xml] occurs at [jar:file:/root/flamestream/flamestream-runtime-1.0-SNAPSHOT.jar!/logback.xml]
19:14:56,222 |-INFO in ch.qos.logback.core.joran.spi.ConfigurationWatchList@3fb6a447 - URL [jar:file:/root/flamestream/lib/flamestream-runtime-1.0-SNAPSHOT.jar!/logback.xml] is not of type file
19:14:56,294 |-INFO in ch.qos.logback.classic.joran.action.ConfigurationAction - debug attribute not set
19:14:56,294 |-INFO in ch.qos.logback.core.joran.action.AppenderAction - About to instantiate appender of type [ch.qos.logback.core.ConsoleAppender]
19:14:56,312 |-INFO in ch.qos.logback.core.joran.action.AppenderAction - Naming appender as [STDOUT]
19:14:56,330 |-INFO in ch.qos.logback.core.joran.action.NestedComplexPropertyIA - Assuming default type [ch.qos.logback.classic.encoder.PatternLayoutEncoder] for [encoder] property
19:14:56,409 |-INFO in ch.qos.logback.core.joran.action.AppenderAction - About to instantiate appender of type [ch.qos.logback.core.rolling.RollingFileAppender]
19:14:56,414 |-INFO in ch.qos.logback.core.joran.action.AppenderAction - Naming appender as [FILE]
19:14:56,444 |-INFO in c.q.l.core.rolling.TimeBasedRollingPolicy@127618319 - No compression will be used
19:14:56,446 |-INFO in c.q.l.core.rolling.TimeBasedRollingPolicy@127618319 - Will use the pattern /tmp/application_%d{yyyy-MM-dd}.%i.log for the active file
19:14:56,449 |-INFO in ch.qos.logback.core.rolling.SizeAndTimeBasedFNATP@6b2fad11 - The date pattern is 'yyyy-MM-dd' from file name pattern '/tmp/application_%d{yyyy-MM-dd}.%i.log'.
19:14:56,449 |-INFO in ch.qos.logback.core.rolling.SizeAndTimeBasedFNATP@6b2fad11 - Roll-over at midnight.
19:14:56,454 |-INFO in ch.qos.logback.core.rolling.SizeAndTimeBasedFNATP@6b2fad11 - Setting initial period to Mon Jun 10 19:13:19 UTC 2019
19:14:56,454 |-WARN in ch.qos.logback.core.rolling.SizeAndTimeBasedFNATP@6b2fad11 - SizeAndTimeBasedFNATP is deprecated. Use SizeAndTimeBasedRollingPolicy instead
19:14:56,454 |-WARN in ch.qos.logback.core.rolling.SizeAndTimeBasedFNATP@6b2fad11 - For more information see http://logback.qos.ch/manual/appenders.html#SizeAndTimeBasedRollingPolicy
19:14:56,458 |-INFO in ch.qos.logback.core.joran.action.NestedComplexPropertyIA - Assuming default type [ch.qos.logback.classic.encoder.PatternLayoutEncoder] for [encoder] property
19:14:56,463 |-INFO in ch.qos.logback.core.rolling.RollingFileAppender[FILE] - Active log file name: /tmp/application.log
19:14:56,463 |-INFO in ch.qos.logback.core.rolling.RollingFileAppender[FILE] - File property is set to [/tmp/application.log]
19:14:56,463 |-INFO in ch.qos.logback.classic.joran.action.RootLoggerAction - Setting level of ROOT logger to WARN
19:14:56,464 |-INFO in ch.qos.logback.core.joran.action.AppenderRefAction - Attaching appender named [STDOUT] to Logger[ROOT]
19:14:56,466 |-INFO in ch.qos.logback.core.joran.action.AppenderRefAction - Attaching appender named [FILE] to Logger[ROOT]
19:14:56,466 |-INFO in ch.qos.logback.classic.joran.action.ConfigurationAction - End of configuration.
19:14:56,466 |-INFO in ch.qos.logback.classic.joran.JoranConfigurator@79698539 - Registering current configuration as safe fallback point

Ama winner
Ama winner
2019-06-10T19:14:57.760+0000: 1.747: [Full GC (Metadata GC Threshold) 2019-06-10T19:14:57.760+0000: 1.747: [Tenured: 0K->15159K(341376K), 0.0392189 secs] 114923K->15159K(494976K), [Metaspace: 20729K->20729K(1067008K)], 0.0392898 secs] [Times: user=0.04 sys=0.00, real=0.04 secs] 
19:15:30.252 [Curator-PathChildrenCache-1] WARN  o.a.c.u.ZKPaths  - The version of ZooKeeper being used doesn't support Container nodes. CreateMode.PERSISTENT will be used instead.
2019-06-10T19:15:32.493+0000: 36.480: [GC (Allocation Failure) 2019-06-10T19:15:32.493+0000: 36.480: [DefNew: 136576K->17023K(153600K), 0.0273361 secs] 151735K->52771K(494976K), 0.0274047 secs] [Times: user=0.03 sys=0.01, real=0.03 secs] 
2019-06-10T19:15:34.915+0000: 38.902: [Full GC (Metadata GC Threshold) 2019-06-10T19:15:34.915+0000: 38.902: [Tenured: 35747K->44460K(341376K), 0.0425430 secs] 95893K->44460K(494976K), [Metaspace: 34522K->34522K(1079296K)], 0.0426200 secs] [Times: user=0.03 sys=0.01, real=0.04 secs] 
2019-06-10T19:15:43.847+0000: 47.834: [GC (Allocation Failure) 2019-06-10T19:15:43.847+0000: 47.834: [DefNew: 136576K->58K(153600K), 0.0017710 secs] 181036K->44518K(494976K), 0.0018338 secs] [Times: user=0.00 sys=0.00, real=0.00 secs] 
2019-06-10T19:15:52.680+0000: 56.667: [GC (Allocation Failure) 2019-06-10T19:15:52.680+0000: 56.667: [DefNew: 136634K->58K(153600K), 0.0016440 secs] 181094K->44518K(494976K), 0.0017037 secs] [Times: user=0.00 sys=0.00, real=0.00 secs] 
2019-06-10T19:16:01.996+0000: 65.983: [GC (Allocation Failure) 2019-06-10T19:16:01.996+0000: 65.983: [DefNew: 136634K->375K(153600K), 0.0022525 secs] 181094K->44835K(494976K), 0.0023184 secs] [Times: user=0.01 sys=0.00, real=0.00 secs] 
2019-06-10T19:16:12.671+0000: 76.658: [GC (Allocation Failure) 2019-06-10T19:16:12.671+0000: 76.658: [DefNew: 136951K->131K(153600K), 0.0019487 secs] 181411K->44592K(494976K), 0.0020096 secs] [Times: user=0.00 sys=0.00, real=0.00 secs] 
2019-06-10T19:16:23.250+0000: 87.237: [GC (Allocation Failure) 2019-06-10T19:16:23.250+0000: 87.237: [DefNew: 136707K->132K(153600K), 0.0019406 secs] 181168K->44593K(494976K), 0.0020011 secs] [Times: user=0.00 sys=0.00, real=0.00 secs] 
19:16:39.642 [Curator-PathChildrenCache-0] ERROR o.a.c.f.r.c.PathChildrenCache  - 
java.lang.IllegalStateException: instance must be started before calling this method
	at org.apache.curator.shaded.com.google.common.base.Preconditions.checkState(Preconditions.java:444)
	at org.apache.curator.framework.imps.CuratorFrameworkImpl.getChildren(CuratorFrameworkImpl.java:456)
	at org.apache.curator.framework.recipes.cache.PathChildrenCache.refresh(PathChildrenCache.java:521)
	at org.apache.curator.framework.recipes.cache.RefreshOperation.invoke(RefreshOperation.java:35)
	at org.apache.curator.framework.recipes.cache.PathChildrenCache$9.run(PathChildrenCache.java:786)
	at java.util.concurrent.Executors$RunnableAdapter.call(Executors.java:511)
	at java.util.concurrent.FutureTask.run(FutureTask.java:266)
	at java.util.concurrent.Executors$RunnableAdapter.call(Executors.java:511)
	at java.util.concurrent.FutureTask.run(FutureTask.java:266)
	at java.util.concurrent.ThreadPoolExecutor.runWorker(ThreadPoolExecutor.java:1149)
	at java.util.concurrent.ThreadPoolExecutor$Worker.run(ThreadPoolExecutor.java:624)
	at java.lang.Thread.run(Thread.java:748)
Heap
 def new generation   total 153600K, used 125024K [0x00000000e0c00000, 0x00000000eb2a0000, 0x00000000eb2a0000)
  eden space 136576K,  91% used [0x00000000e0c00000, 0x00000000e85f6ed8, 0x00000000e9160000)
  from space 17024K,   0% used [0x00000000e9160000, 0x00000000e9181398, 0x00000000ea200000)
  to   space 17024K,   0% used [0x00000000ea200000, 0x00000000ea200000, 0x00000000eb2a0000)
 tenured generation   total 341376K, used 44460K [0x00000000eb2a0000, 0x0000000100000000, 0x0000000100000000)
   the space 341376K,  13% used [0x00000000eb2a0000, 0x00000000ede0b1d0, 0x00000000ede0b200, 0x0000000100000000)
 Metaspace       used 36001K, capacity 36858K, committed 37120K, reserved 1081344K
  class space    used 4856K, capacity 5073K, committed 5120K, reserved 1048576K
