05:53:13,574 |-INFO in ch.qos.logback.classic.LoggerContext[default] - Could NOT find resource [logback-test.xml]
05:53:13,574 |-INFO in ch.qos.logback.classic.LoggerContext[default] - Could NOT find resource [logback.groovy]
05:53:13,574 |-INFO in ch.qos.logback.classic.LoggerContext[default] - Found resource [logback.xml] at [jar:file:/root/flamestream/lib/flamestream-runtime-1.0-SNAPSHOT.jar!/logback.xml]
05:53:13,579 |-WARN in ch.qos.logback.classic.LoggerContext[default] - Resource [logback.xml] occurs multiple times on the classpath.
05:53:13,580 |-WARN in ch.qos.logback.classic.LoggerContext[default] - Resource [logback.xml] occurs at [jar:file:/root/flamestream/lib/flamestream-runtime-1.0-SNAPSHOT.jar!/logback.xml]
05:53:13,580 |-WARN in ch.qos.logback.classic.LoggerContext[default] - Resource [logback.xml] occurs at [jar:file:/root/flamestream/flamestream-runtime-1.0-SNAPSHOT.jar!/logback.xml]
05:53:13,599 |-INFO in ch.qos.logback.core.joran.spi.ConfigurationWatchList@3fb6a447 - URL [jar:file:/root/flamestream/lib/flamestream-runtime-1.0-SNAPSHOT.jar!/logback.xml] is not of type file
05:53:13,665 |-INFO in ch.qos.logback.classic.joran.action.ConfigurationAction - debug attribute not set
05:53:13,666 |-INFO in ch.qos.logback.core.joran.action.AppenderAction - About to instantiate appender of type [ch.qos.logback.core.ConsoleAppender]
05:53:13,682 |-INFO in ch.qos.logback.core.joran.action.AppenderAction - Naming appender as [STDOUT]
05:53:13,695 |-INFO in ch.qos.logback.core.joran.action.NestedComplexPropertyIA - Assuming default type [ch.qos.logback.classic.encoder.PatternLayoutEncoder] for [encoder] property
05:53:13,801 |-INFO in ch.qos.logback.core.joran.action.AppenderAction - About to instantiate appender of type [ch.qos.logback.core.rolling.RollingFileAppender]
05:53:13,810 |-INFO in ch.qos.logback.core.joran.action.AppenderAction - Naming appender as [FILE]
05:53:13,839 |-INFO in c.q.l.core.rolling.TimeBasedRollingPolicy@127618319 - No compression will be used
05:53:13,840 |-INFO in c.q.l.core.rolling.TimeBasedRollingPolicy@127618319 - Will use the pattern /tmp/application_%d{yyyy-MM-dd}.%i.log for the active file
05:53:13,843 |-INFO in ch.qos.logback.core.rolling.SizeAndTimeBasedFNATP@6b2fad11 - The date pattern is 'yyyy-MM-dd' from file name pattern '/tmp/application_%d{yyyy-MM-dd}.%i.log'.
05:53:13,843 |-INFO in ch.qos.logback.core.rolling.SizeAndTimeBasedFNATP@6b2fad11 - Roll-over at midnight.
05:53:13,848 |-INFO in ch.qos.logback.core.rolling.SizeAndTimeBasedFNATP@6b2fad11 - Setting initial period to Tue Jun 11 05:52:00 UTC 2019
05:53:13,848 |-WARN in ch.qos.logback.core.rolling.SizeAndTimeBasedFNATP@6b2fad11 - SizeAndTimeBasedFNATP is deprecated. Use SizeAndTimeBasedRollingPolicy instead
05:53:13,848 |-WARN in ch.qos.logback.core.rolling.SizeAndTimeBasedFNATP@6b2fad11 - For more information see http://logback.qos.ch/manual/appenders.html#SizeAndTimeBasedRollingPolicy
05:53:13,853 |-INFO in ch.qos.logback.core.joran.action.NestedComplexPropertyIA - Assuming default type [ch.qos.logback.classic.encoder.PatternLayoutEncoder] for [encoder] property
05:53:13,858 |-INFO in ch.qos.logback.core.rolling.RollingFileAppender[FILE] - Active log file name: /tmp/application.log
05:53:13,858 |-INFO in ch.qos.logback.core.rolling.RollingFileAppender[FILE] - File property is set to [/tmp/application.log]
05:53:13,858 |-INFO in ch.qos.logback.classic.joran.action.RootLoggerAction - Setting level of ROOT logger to WARN
05:53:13,859 |-INFO in ch.qos.logback.core.joran.action.AppenderRefAction - Attaching appender named [STDOUT] to Logger[ROOT]
05:53:13,861 |-INFO in ch.qos.logback.core.joran.action.AppenderRefAction - Attaching appender named [FILE] to Logger[ROOT]
05:53:13,861 |-INFO in ch.qos.logback.classic.joran.action.ConfigurationAction - End of configuration.
05:53:13,862 |-INFO in ch.qos.logback.classic.joran.JoranConfigurator@79698539 - Registering current configuration as safe fallback point

Ama winner
Ama winner
2019-06-11T05:53:15.486+0000: 2.093: [Full GC (Metadata GC Threshold) 2019-06-11T05:53:15.486+0000: 2.093: [Tenured: 0K->15143K(341376K), 0.0385300 secs] 117718K->15143K(494976K), [Metaspace: 20730K->20730K(1067008K)], 0.0385965 secs] [Times: user=0.03 sys=0.00, real=0.04 secs] 
05:53:30.853 [Curator-PathChildrenCache-1] WARN  o.a.c.u.ZKPaths  - The version of ZooKeeper being used doesn't support Container nodes. CreateMode.PERSISTENT will be used instead.
2019-06-11T05:53:33.397+0000: 20.004: [GC (Allocation Failure) 2019-06-11T05:53:33.397+0000: 20.004: [DefNew: 136576K->17023K(153600K), 0.0271049 secs] 151719K->52511K(494976K), 0.0271844 secs] [Times: user=0.02 sys=0.02, real=0.03 secs] 
2019-06-11T05:53:36.499+0000: 23.106: [Full GC (Metadata GC Threshold) 2019-06-11T05:53:36.499+0000: 23.106: [Tenured: 35487K->43764K(341376K), 0.0474527 secs] 114303K->43764K(494976K), [Metaspace: 34588K->34588K(1079296K)], 0.0475396 secs] [Times: user=0.03 sys=0.02, real=0.05 secs] 
2019-06-11T05:53:43.458+0000: 30.065: [GC (Allocation Failure) 2019-06-11T05:53:43.458+0000: 30.065: [DefNew: 136576K->55K(153600K), 0.0017894 secs] 180340K->43819K(494976K), 0.0018542 secs] [Times: user=0.00 sys=0.00, real=0.00 secs] 
2019-06-11T05:53:50.439+0000: 37.045: [GC (Allocation Failure) 2019-06-11T05:53:50.439+0000: 37.045: [DefNew: 136631K->55K(153600K), 0.0016380 secs] 180395K->43820K(494976K), 0.0016998 secs] [Times: user=0.00 sys=0.00, real=0.00 secs] 
2019-06-11T05:53:57.506+0000: 44.113: [GC (Allocation Failure) 2019-06-11T05:53:57.506+0000: 44.113: [DefNew: 136631K->58K(153600K), 0.0016818 secs] 180396K->43822K(494976K), 0.0017519 secs] [Times: user=0.00 sys=0.00, real=0.00 secs] 
2019-06-11T05:54:04.728+0000: 51.334: [GC (Allocation Failure) 2019-06-11T05:54:04.728+0000: 51.334: [DefNew: 136634K->64K(153600K), 0.0016119 secs] 180398K->43829K(494976K), 0.0016811 secs] [Times: user=0.00 sys=0.00, real=0.00 secs] 
2019-06-11T05:54:13.029+0000: 59.636: [GC (Allocation Failure) 2019-06-11T05:54:13.029+0000: 59.636: [DefNew: 136640K->61K(153600K), 0.0017014 secs] 180405K->43826K(494976K), 0.0017633 secs] [Times: user=0.00 sys=0.00, real=0.01 secs] 
05:54:33.241 [Curator-PathChildrenCache-0] ERROR o.a.c.f.r.c.PathChildrenCache  - 
java.lang.IllegalStateException: instance must be started before calling this method
	at org.apache.curator.shaded.com.google.common.base.Preconditions.checkState(Preconditions.java:444)
	at org.apache.curator.framework.imps.CuratorFrameworkImpl.getChildren(CuratorFrameworkImpl.java:456)
	at org.apache.curator.framework.recipes.cache.PathChildrenCache.refresh(PathChildrenCache.java:521)
	at org.apache.curator.framework.recipes.cache.RefreshOperation.invoke(RefreshOperation.java:35)
	at org.apache.curator.framework.recipes.cache.PathChildrenCache$9.run(PathChildrenCache.java:786)
	at java.util.concurrent.Executors$RunnableAdapter.call(Executors.java:511)
	at java.util.concurrent.FutureTask.run(FutureTask.java:266)
	at java.util.concurrent.Executors$RunnableAdapter.call(Executors.java:511)
	at java.util.concurrent.FutureTask.run(FutureTask.java:266)
	at java.util.concurrent.ThreadPoolExecutor.runWorker(ThreadPoolExecutor.java:1149)
	at java.util.concurrent.ThreadPoolExecutor$Worker.run(ThreadPoolExecutor.java:624)
	at java.lang.Thread.run(Thread.java:748)
Heap
 def new generation   total 153600K, used 65437K [0x00000000e0c00000, 0x00000000eb2a0000, 0x00000000eb2a0000)
  eden space 136576K,  47% used [0x00000000e0c00000, 0x00000000e4bd7da0, 0x00000000e9160000)
  from space 17024K,   0% used [0x00000000e9160000, 0x00000000e916f738, 0x00000000ea200000)
  to   space 17024K,   0% used [0x00000000ea200000, 0x00000000ea200000, 0x00000000eb2a0000)
 tenured generation   total 341376K, used 43764K [0x00000000eb2a0000, 0x0000000100000000, 0x0000000100000000)
   the space 341376K,  12% used [0x00000000eb2a0000, 0x00000000edd5d208, 0x00000000edd5d400, 0x0000000100000000)
 Metaspace       used 36085K, capacity 36998K, committed 37120K, reserved 1081344K
  class space    used 4870K, capacity 5075K, committed 5120K, reserved 1048576K
