05:31:17,581 |-INFO in ch.qos.logback.classic.LoggerContext[default] - Could NOT find resource [logback-test.xml]
05:31:17,582 |-INFO in ch.qos.logback.classic.LoggerContext[default] - Could NOT find resource [logback.groovy]
05:31:17,582 |-INFO in ch.qos.logback.classic.LoggerContext[default] - Found resource [logback.xml] at [jar:file:/root/flamestream/lib/flamestream-runtime-1.0-SNAPSHOT.jar!/logback.xml]
05:31:17,582 |-WARN in ch.qos.logback.classic.LoggerContext[default] - Resource [logback.xml] occurs multiple times on the classpath.
05:31:17,582 |-WARN in ch.qos.logback.classic.LoggerContext[default] - Resource [logback.xml] occurs at [jar:file:/root/flamestream/lib/flamestream-runtime-1.0-SNAPSHOT.jar!/logback.xml]
05:31:17,582 |-WARN in ch.qos.logback.classic.LoggerContext[default] - Resource [logback.xml] occurs at [jar:file:/root/flamestream/flamestream-runtime-1.0-SNAPSHOT.jar!/logback.xml]
05:31:17,606 |-INFO in ch.qos.logback.core.joran.spi.ConfigurationWatchList@3fb6a447 - URL [jar:file:/root/flamestream/lib/flamestream-runtime-1.0-SNAPSHOT.jar!/logback.xml] is not of type file
05:31:17,673 |-INFO in ch.qos.logback.classic.joran.action.ConfigurationAction - debug attribute not set
05:31:17,674 |-INFO in ch.qos.logback.core.joran.action.AppenderAction - About to instantiate appender of type [ch.qos.logback.core.ConsoleAppender]
05:31:17,691 |-INFO in ch.qos.logback.core.joran.action.AppenderAction - Naming appender as [STDOUT]
05:31:17,708 |-INFO in ch.qos.logback.core.joran.action.NestedComplexPropertyIA - Assuming default type [ch.qos.logback.classic.encoder.PatternLayoutEncoder] for [encoder] property
05:31:17,792 |-INFO in ch.qos.logback.core.joran.action.AppenderAction - About to instantiate appender of type [ch.qos.logback.core.rolling.RollingFileAppender]
05:31:17,803 |-INFO in ch.qos.logback.core.joran.action.AppenderAction - Naming appender as [FILE]
05:31:17,834 |-INFO in c.q.l.core.rolling.TimeBasedRollingPolicy@127618319 - No compression will be used
05:31:17,835 |-INFO in c.q.l.core.rolling.TimeBasedRollingPolicy@127618319 - Will use the pattern /tmp/application_%d{yyyy-MM-dd}.%i.log for the active file
05:31:17,838 |-INFO in ch.qos.logback.core.rolling.SizeAndTimeBasedFNATP@6b2fad11 - The date pattern is 'yyyy-MM-dd' from file name pattern '/tmp/application_%d{yyyy-MM-dd}.%i.log'.
05:31:17,838 |-INFO in ch.qos.logback.core.rolling.SizeAndTimeBasedFNATP@6b2fad11 - Roll-over at midnight.
05:31:17,843 |-INFO in ch.qos.logback.core.rolling.SizeAndTimeBasedFNATP@6b2fad11 - Setting initial period to Tue Jun 11 05:29:56 UTC 2019
05:31:17,844 |-WARN in ch.qos.logback.core.rolling.SizeAndTimeBasedFNATP@6b2fad11 - SizeAndTimeBasedFNATP is deprecated. Use SizeAndTimeBasedRollingPolicy instead
05:31:17,844 |-WARN in ch.qos.logback.core.rolling.SizeAndTimeBasedFNATP@6b2fad11 - For more information see http://logback.qos.ch/manual/appenders.html#SizeAndTimeBasedRollingPolicy
05:31:17,848 |-INFO in ch.qos.logback.core.joran.action.NestedComplexPropertyIA - Assuming default type [ch.qos.logback.classic.encoder.PatternLayoutEncoder] for [encoder] property
05:31:17,852 |-INFO in ch.qos.logback.core.rolling.RollingFileAppender[FILE] - Active log file name: /tmp/application.log
05:31:17,852 |-INFO in ch.qos.logback.core.rolling.RollingFileAppender[FILE] - File property is set to [/tmp/application.log]
05:31:17,853 |-INFO in ch.qos.logback.classic.joran.action.RootLoggerAction - Setting level of ROOT logger to WARN
05:31:17,853 |-INFO in ch.qos.logback.core.joran.action.AppenderRefAction - Attaching appender named [STDOUT] to Logger[ROOT]
05:31:17,855 |-INFO in ch.qos.logback.core.joran.action.AppenderRefAction - Attaching appender named [FILE] to Logger[ROOT]
05:31:17,855 |-INFO in ch.qos.logback.classic.joran.action.ConfigurationAction - End of configuration.
05:31:17,856 |-INFO in ch.qos.logback.classic.joran.JoranConfigurator@79698539 - Registering current configuration as safe fallback point

Ama winner
Ama winner
2019-06-11T05:31:19.174+0000: 1.783: [Full GC (Metadata GC Threshold) 2019-06-11T05:31:19.174+0000: 1.783: [Tenured: 0K->15209K(341376K), 0.0353494 secs] 114923K->15209K(494976K), [Metaspace: 20726K->20726K(1067008K)], 0.0354155 secs] [Times: user=0.03 sys=0.00, real=0.03 secs] 
05:31:36.125 [Curator-PathChildrenCache-1] WARN  o.a.c.u.ZKPaths  - The version of ZooKeeper being used doesn't support Container nodes. CreateMode.PERSISTENT will be used instead.
2019-06-11T05:31:38.485+0000: 21.094: [GC (Allocation Failure) 2019-06-11T05:31:38.485+0000: 21.094: [DefNew: 136576K->17023K(153600K), 0.0266703 secs] 151785K->52796K(494976K), 0.0267366 secs] [Times: user=0.01 sys=0.01, real=0.03 secs] 
2019-06-11T05:31:41.170+0000: 23.778: [Full GC (Metadata GC Threshold) 2019-06-11T05:31:41.170+0000: 23.778: [Tenured: 35772K->44260K(341376K), 0.0439987 secs] 104789K->44260K(494976K), [Metaspace: 34584K->34584K(1079296K)], 0.0440718 secs] [Times: user=0.04 sys=0.00, real=0.05 secs] 
2019-06-11T05:31:48.089+0000: 30.697: [GC (Allocation Failure) 2019-06-11T05:31:48.089+0000: 30.697: [DefNew: 136576K->64K(153600K), 0.0018002 secs] 180836K->44325K(494976K), 0.0018550 secs] [Times: user=0.00 sys=0.00, real=0.01 secs] 
2019-06-11T05:31:55.106+0000: 37.715: [GC (Allocation Failure) 2019-06-11T05:31:55.106+0000: 37.715: [DefNew: 136640K->59K(153600K), 0.0017031 secs] 180901K->44320K(494976K), 0.0017710 secs] [Times: user=0.00 sys=0.00, real=0.00 secs] 
2019-06-11T05:32:02.211+0000: 44.819: [GC (Allocation Failure) 2019-06-11T05:32:02.211+0000: 44.819: [DefNew: 136635K->59K(153600K), 0.0017449 secs] 180896K->44320K(494976K), 0.0018186 secs] [Times: user=0.00 sys=0.00, real=0.01 secs] 
2019-06-11T05:32:09.350+0000: 51.958: [GC (Allocation Failure) 2019-06-11T05:32:09.350+0000: 51.958: [DefNew: 136635K->57K(153600K), 0.0017857 secs] 180896K->44318K(494976K), 0.0018476 secs] [Times: user=0.01 sys=0.00, real=0.01 secs] 
2019-06-11T05:32:16.509+0000: 59.117: [GC (Allocation Failure) 2019-06-11T05:32:16.509+0000: 59.117: [DefNew: 136633K->58K(153600K), 0.0018015 secs] 180894K->44319K(494976K), 0.0018640 secs] [Times: user=0.00 sys=0.00, real=0.01 secs] 
05:32:31.072 [Curator-PathChildrenCache-0] ERROR o.a.c.f.r.c.PathChildrenCache  - 
java.lang.IllegalStateException: instance must be started before calling this method
	at org.apache.curator.shaded.com.google.common.base.Preconditions.checkState(Preconditions.java:444)
	at org.apache.curator.framework.imps.CuratorFrameworkImpl.getChildren(CuratorFrameworkImpl.java:456)
	at org.apache.curator.framework.recipes.cache.PathChildrenCache.refresh(PathChildrenCache.java:521)
	at org.apache.curator.framework.recipes.cache.RefreshOperation.invoke(RefreshOperation.java:35)
	at org.apache.curator.framework.recipes.cache.PathChildrenCache$9.run(PathChildrenCache.java:786)
	at java.util.concurrent.Executors$RunnableAdapter.call(Executors.java:511)
	at java.util.concurrent.FutureTask.run(FutureTask.java:266)
	at java.util.concurrent.Executors$RunnableAdapter.call(Executors.java:511)
	at java.util.concurrent.FutureTask.run(FutureTask.java:266)
	at java.util.concurrent.ThreadPoolExecutor.runWorker(ThreadPoolExecutor.java:1149)
	at java.util.concurrent.ThreadPoolExecutor$Worker.run(ThreadPoolExecutor.java:624)
	at java.lang.Thread.run(Thread.java:748)
Heap
 def new generation   total 153600K, used 113551K [0x00000000e0c00000, 0x00000000eb2a0000, 0x00000000eb2a0000)
  eden space 136576K,  83% used [0x00000000e0c00000, 0x00000000e7ad5238, 0x00000000e9160000)
  from space 17024K,   0% used [0x00000000e9160000, 0x00000000e916eaa8, 0x00000000ea200000)
  to   space 17024K,   0% used [0x00000000ea200000, 0x00000000ea200000, 0x00000000eb2a0000)
 tenured generation   total 341376K, used 44260K [0x00000000eb2a0000, 0x0000000100000000, 0x0000000100000000)
   the space 341376K,  12% used [0x00000000eb2a0000, 0x00000000eddd9368, 0x00000000eddd9400, 0x0000000100000000)
 Metaspace       used 36163K, capacity 37062K, committed 37376K, reserved 1081344K
  class space    used 4867K, capacity 5075K, committed 5120K, reserved 1048576K
