18:53:46,084 |-INFO in ch.qos.logback.classic.LoggerContext[default] - Could NOT find resource [logback-test.xml]
18:53:46,084 |-INFO in ch.qos.logback.classic.LoggerContext[default] - Could NOT find resource [logback.groovy]
18:53:46,084 |-INFO in ch.qos.logback.classic.LoggerContext[default] - Found resource [logback.xml] at [jar:file:/home/ubuntu/flamestream/lib/flamestream-runtime-1.0-SNAPSHOT.jar!/logback.xml]
18:53:46,085 |-WARN in ch.qos.logback.classic.LoggerContext[default] - Resource [logback.xml] occurs multiple times on the classpath.
18:53:46,085 |-WARN in ch.qos.logback.classic.LoggerContext[default] - Resource [logback.xml] occurs at [jar:file:/home/ubuntu/flamestream/flamestream-runtime-1.0-SNAPSHOT.jar!/logback.xml]
18:53:46,085 |-WARN in ch.qos.logback.classic.LoggerContext[default] - Resource [logback.xml] occurs at [jar:file:/home/ubuntu/flamestream/lib/flamestream-runtime-1.0-SNAPSHOT.jar!/logback.xml]
18:53:46,098 |-INFO in ch.qos.logback.core.joran.spi.ConfigurationWatchList@4678c730 - URL [jar:file:/home/ubuntu/flamestream/lib/flamestream-runtime-1.0-SNAPSHOT.jar!/logback.xml] is not of type file
18:53:46,149 |-INFO in ch.qos.logback.classic.joran.action.ConfigurationAction - debug attribute not set
18:53:46,149 |-INFO in ch.qos.logback.core.joran.action.AppenderAction - About to instantiate appender of type [ch.qos.logback.core.ConsoleAppender]
18:53:46,165 |-INFO in ch.qos.logback.core.joran.action.AppenderAction - Naming appender as [STDOUT]
18:53:46,191 |-INFO in ch.qos.logback.core.joran.action.NestedComplexPropertyIA - Assuming default type [ch.qos.logback.classic.encoder.PatternLayoutEncoder] for [encoder] property
18:53:46,260 |-INFO in ch.qos.logback.core.joran.action.AppenderAction - About to instantiate appender of type [ch.qos.logback.core.rolling.RollingFileAppender]
18:53:46,271 |-INFO in ch.qos.logback.core.joran.action.AppenderAction - Naming appender as [FILE]
18:53:46,300 |-INFO in c.q.l.core.rolling.TimeBasedRollingPolicy@1734853116 - No compression will be used
18:53:46,301 |-INFO in c.q.l.core.rolling.TimeBasedRollingPolicy@1734853116 - Will use the pattern /tmp/application_%d{yyyy-MM-dd}.%i.log for the active file
18:53:46,309 |-INFO in ch.qos.logback.core.rolling.SizeAndTimeBasedFNATP@29ee9faa - The date pattern is 'yyyy-MM-dd' from file name pattern '/tmp/application_%d{yyyy-MM-dd}.%i.log'.
18:53:46,309 |-INFO in ch.qos.logback.core.rolling.SizeAndTimeBasedFNATP@29ee9faa - Roll-over at midnight.
18:53:46,318 |-INFO in ch.qos.logback.core.rolling.SizeAndTimeBasedFNATP@29ee9faa - Setting initial period to Sat Sep 28 18:51:57 UTC 2019
18:53:46,318 |-WARN in ch.qos.logback.core.rolling.SizeAndTimeBasedFNATP@29ee9faa - SizeAndTimeBasedFNATP is deprecated. Use SizeAndTimeBasedRollingPolicy instead
18:53:46,318 |-WARN in ch.qos.logback.core.rolling.SizeAndTimeBasedFNATP@29ee9faa - For more information see http://logback.qos.ch/manual/appenders.html#SizeAndTimeBasedRollingPolicy
18:53:46,324 |-INFO in ch.qos.logback.core.joran.action.NestedComplexPropertyIA - Assuming default type [ch.qos.logback.classic.encoder.PatternLayoutEncoder] for [encoder] property
18:53:46,328 |-INFO in ch.qos.logback.core.rolling.RollingFileAppender[FILE] - Active log file name: /tmp/application.log
18:53:46,328 |-INFO in ch.qos.logback.core.rolling.RollingFileAppender[FILE] - File property is set to [/tmp/application.log]
18:53:46,329 |-INFO in ch.qos.logback.classic.joran.action.RootLoggerAction - Setting level of ROOT logger to INFO
18:53:46,329 |-INFO in ch.qos.logback.core.joran.action.AppenderRefAction - Attaching appender named [STDOUT] to Logger[ROOT]
18:53:46,330 |-INFO in ch.qos.logback.core.joran.action.AppenderRefAction - Attaching appender named [FILE] to Logger[ROOT]
18:53:46,330 |-INFO in ch.qos.logback.classic.joran.action.ConfigurationAction - End of configuration.
18:53:46,330 |-INFO in ch.qos.logback.classic.joran.JoranConfigurator@c038203 - Registering current configuration as safe fallback point

18:53:46.336 [main] INFO  c.s.f.r.WorkerApplication  - Starting worker with workerConfig 'WorkerConfig{id='flamestream-benchmarks-worker-2', localAddress=flamestream-benchmarks-worker-2/10.0.0.12:5412, zkString='flamestream-benchmarks-manager:12181', snapshotPath='/home/ubuntu/flamestream/data', guarantees=AT_MOST_ONCE}'
18:53:47.538 [worker-akka.actor.default-dispatcher-6] INFO  a.e.s.Slf4jLogger  - Slf4jLogger started
2019-09-28T18:53:47.674+0000: 1.871: [Full GC (Metadata GC Threshold) 2019-09-28T18:53:47.674+0000: 1.871: [Tenured: 0K->13625K(1024000K), 0.0428891 secs] 139471K->13625K(1484800K), [Metaspace: 20203K->20203K(1067008K)], 0.0429590 secs] [Times: user=0.04 sys=0.00, real=0.04 secs] 
18:53:47.804 [worker-akka.actor.default-dispatcher-6] WARN  a.r.RemoteActorRefProvider akka.remote.RemoteActorRefProvider - Using the 'remote' ActorRefProvider directly, which is a low-level layer. For most use cases, the 'cluster' abstraction on top of remoting is more suitable instead.
18:53:47.809 [worker-akka.actor.default-dispatcher-6] WARN  a.r.RemoteActorRefProvider akka.remote.RemoteActorRefProvider - Akka Cluster not in use - Using Akka Cluster is recommended if you need remote watch and deploy.
18:53:47.900 [worker-akka.actor.default-dispatcher-6] INFO  a.r.a.a.ArteryAeronUdpTransport(akka://worker) akka.remote.artery.aeron.ArteryAeronUdpTransport(akka://worker) - Started embedded media driver in directory [/dev/shm/aeron-flamestream-benchmarks-worker-2]
18:53:47.925 [worker-akka.actor.default-dispatcher-6] WARN  a.r.a.a.ArteryAeronUdpTransport(akka://worker) akka.remote.artery.aeron.ArteryAeronUdpTransport(akka://worker) - Aeron CnC version mismatch: compiled version = 15, file version = 16
18:53:48.130 [worker-akka.actor.default-dispatcher-6] INFO  a.r.a.a.ArteryAeronUdpTransport(akka://worker) akka.remote.artery.aeron.ArteryAeronUdpTransport(akka://worker) - Remoting started with transport [Artery aeron-udp]; listening on address [akka://worker@flamestream-benchmarks-worker-2:5412] and bound to [akka://worker@0.0.0.0:5412] with UID [-1357220282590935731]
18:53:48.611 [worker-akka.actor.default-dispatcher-10] WARN  a.s.Serialization(akka://worker) akka.serialization.Serialization(akka://worker) - Using serializer [com.romix.akka.serialization.kryo.KryoSerializer] for message [akka.actor.ActorSelectionMessage]. Note that this serializer is not implemented by Akka. It's not recommended to replace serializers for messages provided by Akka.
18:53:48.612 [worker-akka.actor.default-dispatcher-10] WARN  a.s.Serialization(akka://worker) akka.serialization.Serialization(akka://worker) - Using serializer [com.romix.akka.serialization.kryo.KryoSerializer] for message [akka.actor.ActorIdentity]. Note that this serializer is not implemented by Akka. It's not recommended to replace serializers for messages provided by Akka.
18:53:48.636 [worker-akka.actor.default-dispatcher-6] INFO  a.a.RepointableActorRef akka://worker/user/watcher - Starting...
18:53:48.778 [worker-akka.actor.default-dispatcher-10] INFO  o.a.c.u.Compatibility  - Running in ZooKeeper 3.4.x compatibility mode
18:53:48.832 [worker-akka.actor.default-dispatcher-10] INFO  o.a.c.f.i.CuratorFrameworkImpl  - Starting
18:53:48.851 [worker-akka.actor.default-dispatcher-10] INFO  o.a.z.ZooKeeper  - Client environment:zookeeper.version=3.4.14-4c25d480e66aadd371de8bd2fd8da255ac140bcf, built on 03/06/2019 16:18 GMT
18:53:48.851 [worker-akka.actor.default-dispatcher-10] INFO  o.a.z.ZooKeeper  - Client environment:host.name=flamestream-benchmarks-worker-2
18:53:48.852 [worker-akka.actor.default-dispatcher-10] INFO  o.a.z.ZooKeeper  - Client environment:java.version=1.8.0_222
18:53:48.852 [worker-akka.actor.default-dispatcher-10] INFO  o.a.z.ZooKeeper  - Client environment:java.vendor=Private Build
18:53:48.855 [worker-akka.actor.default-dispatcher-10] INFO  o.a.z.ZooKeeper  - Client environment:java.home=/usr/lib/jvm/java-8-openjdk-amd64/jre
18:53:48.855 [worker-akka.actor.default-dispatcher-10] INFO  o.a.z.ZooKeeper  - Client environment:java.class.path=lib/curator-framework-4.0.1.jar:lib/commons-csv-1.4.jar:lib/aeron-client-1.21.2.jar:lib/scala-library-2.12.9.jar:lib/asm-5.0.4.jar:lib/agrona-1.0.1.jar:lib/curator-recipes-4.0.1.jar:lib/akka-testkit_2.12-2.6.0-M6.jar:lib/flamestream-runtime-1.0-SNAPSHOT.jar:lib/jsr305-3.0.2.jar:lib/trove4j-3.0.3.jar:lib/flamestream-core-1.0-SNAPSHOT.jar:lib/commons-io-2.4.jar:lib/minlog-1.3.0.jar:lib/kryonet-2.21.jar:lib/commons-1.4.9.jar:lib/jline-0.9.94.jar:lib/akka-remote_2.12-2.6.0-M6.jar:lib/leveldbjni-all-1.8.jar:lib/lz4-1.3.0.jar:lib/slf4j-api-1.7.24.jar:lib/scala-parser-combinators_2.12-1.1.2.jar:lib/flamestream-core-1.0-SNAPSHOT-tests.jar:lib/logback-core-1.2.3.jar:lib/netty-3.10.6.Final.jar:lib/protobuf-java-3.9.0.jar:lib/minlog-1.2.jar:lib/leveldb-api-0.7.jar:lib/jool-0.9.12.jar:lib/commons-cli-1.4.jar:lib/jblas-1.2.4.jar:lib/reflectasm-1.11.3.jar:lib/reflectasm-1.07-shaded.jar:lib/audience-annotations-0.5.0.jar:lib/jackson-annotations-2.9.6.jar:lib/commons-lang-2.6.jar:lib/ssl-config-core_2.12-0.3.8.jar:lib/annotations-13.0.jar:lib/logback-classic-1.2.3.jar:lib/guava-21.0.jar:lib/reactive-streams-1.0.2.jar:lib/spotbugs-annotations-3.1.9.jar:lib/leveldb-0.7.jar:lib/commons-pool2-2.4.2.jar:lib/rocksdbjni-5.5.1.jar:lib/jackson-core-2.9.9.jar:lib/jackson-databind-2.9.9.2.jar:lib/akka-protobuf-v3_2.12-2.6.0-M6.jar:lib/jackson-annotations-2.9.0.jar:lib/flamestream-examples-1.0-SNAPSHOT.jar:lib/objenesis-2.1.jar:lib/akka-kryo-serialization_2.12-0.5.2.jar:lib/scala-java8-compat_2.12-0.8.0.jar:lib/zookeeper-3.4.14.jar:lib/akka-slf4j_2.12-2.6.0-M6.jar:lib/kryo-4.0.0.jar:lib/akka-stream_2.12-2.6.0-M6.jar:lib/slf4j-simple-2.0.0-alpha0.jar:lib/aeron-driver-1.21.2.jar:lib/config-1.3.1.jar:lib/annotations-12.0.jar:lib/jedis-2.9.0.jar:lib/jcommander-1.48.jar:lib/testng-6.10.jar:lib/akka-actor_2.12-2.6.0-M6.jar:lib/curator-client-4.0.1.jar:flamestream-runtime-1.0-SNAPSHOT.jar
18:53:48.855 [worker-akka.actor.default-dispatcher-10] INFO  o.a.z.ZooKeeper  - Client environment:java.library.path=/usr/java/packages/lib/amd64:/usr/lib/x86_64-linux-gnu/jni:/lib/x86_64-linux-gnu:/usr/lib/x86_64-linux-gnu:/usr/lib/jni:/lib:/usr/lib
18:53:48.855 [worker-akka.actor.default-dispatcher-10] INFO  o.a.z.ZooKeeper  - Client environment:java.io.tmpdir=/tmp
18:53:48.856 [worker-akka.actor.default-dispatcher-10] INFO  o.a.z.ZooKeeper  - Client environment:java.compiler=<NA>
18:53:48.856 [worker-akka.actor.default-dispatcher-10] INFO  o.a.z.ZooKeeper  - Client environment:os.name=Linux
18:53:48.857 [worker-akka.actor.default-dispatcher-10] INFO  o.a.z.ZooKeeper  - Client environment:os.arch=amd64
18:53:48.858 [worker-akka.actor.default-dispatcher-10] INFO  o.a.z.ZooKeeper  - Client environment:os.version=4.15.0-1040-gcp
18:53:48.860 [worker-akka.actor.default-dispatcher-10] INFO  o.a.z.ZooKeeper  - Client environment:user.name=ubuntu
18:53:48.860 [worker-akka.actor.default-dispatcher-10] INFO  o.a.z.ZooKeeper  - Client environment:user.home=/home/ubuntu
18:53:48.860 [worker-akka.actor.default-dispatcher-10] INFO  o.a.z.ZooKeeper  - Client environment:user.dir=/home/ubuntu/flamestream
18:53:48.863 [worker-akka.actor.default-dispatcher-10] INFO  o.a.z.ZooKeeper  - Initiating client connection, connectString=flamestream-benchmarks-manager:12181 sessionTimeout=60000 watcher=org.apache.curator.ConnectionState@5f50de87
18:53:48.906 [worker-akka.actor.default-dispatcher-10-SendThread(flamestream-benchmarks-manager:12181)] INFO  o.a.z.ClientCnxn  - Opening socket connection to server flamestream-benchmarks-manager/10.0.0.2:12181. Will not attempt to authenticate using SASL (unknown error)
18:53:48.908 [worker-akka.actor.default-dispatcher-10] INFO  o.a.c.f.i.CuratorFrameworkImpl  - Default schema
18:53:48.912 [worker-akka.actor.default-dispatcher-10-SendThread(flamestream-benchmarks-manager:12181)] INFO  o.a.z.ClientCnxn  - Socket connection established to flamestream-benchmarks-manager/10.0.0.2:12181, initiating session
18:53:48.941 [worker-akka.actor.default-dispatcher-10-SendThread(flamestream-benchmarks-manager:12181)] INFO  o.a.z.ClientCnxn  - Session establishment complete on server flamestream-benchmarks-manager/10.0.0.2:12181, sessionid = 0x100015787a40000, negotiated timeout = 60000
18:53:48.948 [worker-akka.actor.default-dispatcher-10-EventThread] INFO  o.a.c.f.s.ConnectionStateManager  - State change: CONNECTED
18:53:48.951 [worker-akka.actor.default-dispatcher-6] INFO  a.a.RepointableActorRef akka://worker/user/watcher - Initializing rocksDB backend
18:53:49.392 [Curator-PathChildrenCache-0] WARN  o.a.c.u.ZKPaths  - The version of ZooKeeper being used doesn't support Container nodes. CreateMode.PERSISTENT will be used instead.
2019-09-28T18:53:49.522+0000: 3.719: [Full GC (Metadata GC Threshold) 2019-09-28T18:53:49.522+0000: 3.719: [Tenured: 13625K->25957K(1024000K), 0.0558266 secs] 169341K->25957K(1484800K), [Metaspace: 33678K->33678K(1079296K)], 0.0559123 secs] [Times: user=0.06 sys=0.01, real=0.05 secs] 
18:53:49.640 [worker-akka.actor.default-dispatcher-9] INFO  a.a.LocalActorRef akka://worker/user/watcher/processing-watcher - Starting...
18:54:00.597 [worker-akka.actor.default-dispatcher-10] INFO  a.a.LocalActorRef akka://worker/user/watcher/processing-watcher/$a - Starting...
18:54:00.622 [worker-akka.actor.default-dispatcher-9] INFO  a.a.LocalActorRef akka://worker/user/watcher/processing-watcher/$a - Stopped
18:54:03.273 [worker-akka.actor.default-dispatcher-6] INFO  a.a.LocalActorRef akka://worker/user/watcher/processing-watcher/graph/graph - Starting...
18:54:12.123 [worker-akka.actor.default-dispatcher-9] INFO  a.a.LocalActorRef akka://worker/user/watcher/processing-watcher/graph/graph - Finishing constructor
18:54:12.124 [worker-akka.actor.default-dispatcher-12] INFO  a.a.LocalActorRef akka://worker/user/watcher/processing-watcher/graph/negotiator - Starting...
18:54:12.128 [worker-akka.actor.default-dispatcher-6] INFO  a.a.LocalActorRef akka://worker/user/watcher/processing-watcher/graph/edge - Starting...
18:54:12.131 [worker-akka.actor.default-dispatcher-9] INFO  a.a.LocalActorRef akka://worker/user/watcher/processing-watcher/graph - Starting FlameNode with config 'ClusterConfig{paths={flamestream-benchmarks-worker-1=akka://worker@flamestream-benchmarks-worker-1:5412/user/watcher/processing-watcher/graph, flamestream-benchmarks-worker-0=akka://worker@flamestream-benchmarks-worker-0:5412/user/watcher/processing-watcher/graph, flamestream-benchmarks-worker-9=akka://worker@flamestream-benchmarks-worker-9:5412/user/watcher/processing-watcher/graph, flamestream-benchmarks-worker-8=akka://worker@flamestream-benchmarks-worker-8:5412/user/watcher/processing-watcher/graph, flamestream-benchmarks-worker-7=akka://worker@flamestream-benchmarks-worker-7:5412/user/watcher/processing-watcher/graph, flamestream-benchmarks-worker-6=akka://worker@flamestream-benchmarks-worker-6:5412/user/watcher/processing-watcher/graph, flamestream-benchmarks-worker-5=akka://worker@flamestream-benchmarks-worker-5:5412/user/watcher/processing-watcher/graph, flamestream-benchmarks-worker-4=akka://worker@flamestream-benchmarks-worker-4:5412/user/watcher/processing-watcher/graph, flamestream-benchmarks-worker-3=akka://worker@flamestream-benchmarks-worker-3:5412/user/watcher/processing-watcher/graph, flamestream-benchmarks-worker-2=akka://worker@flamestream-benchmarks-worker-2:5412/user/watcher/processing-watcher/graph, flamestream-benchmarks-worker-14=akka://worker@flamestream-benchmarks-worker-14:5412/user/watcher/processing-watcher/graph, flamestream-benchmarks-worker-13=akka://worker@flamestream-benchmarks-worker-13:5412/user/watcher/processing-watcher/graph, flamestream-benchmarks-worker-12=akka://worker@flamestream-benchmarks-worker-12:5412/user/watcher/processing-watcher/graph, flamestream-benchmarks-worker-11=akka://worker@flamestream-benchmarks-worker-11:5412/user/watcher/processing-watcher/graph, flamestream-benchmarks-worker-10=akka://worker@flamestream-benchmarks-worker-10:5412/user/watcher/processing-watcher/graph}}'
18:54:12.138 [worker-akka.actor.default-dispatcher-9] INFO  a.a.LocalActorRef akka://worker/user/watcher/processing-watcher/graph/negotiator - Requesting ticket for the frontClass FlameSocketGraphDeployerFront@flamestream-benchmarks-worker-2
18:54:12.166 [worker-akka.actor.default-dispatcher-10] INFO  a.a.LocalActorRef akka://worker/user/watcher/processing-watcher/graph/graph - Received last commit 'LastCommit{globalTime=(0000000, min@min)}'
18:54:12.184 [worker-akka.actor.default-dispatcher-12] INFO  c.s.f.r.e.s.SocketRear  - FlameSocketGraphDeployerRear@flamestream-benchmarks-worker-2: connecting to flamestream-benchmarks-manager:5678
18:54:12.199 [worker-akka.actor.default-dispatcher-10] INFO  a.a.LocalActorRef akka://worker/user/watcher/processing-watcher/graph/edge/FlameSocketGraphDeployerFront - Starting...
18:54:12.211 [worker-akka.actor.default-dispatcher-12] INFO  c.s.f.r.e.s.SocketRear  - FlameSocketGraphDeployerRear@flamestream-benchmarks-worker-2: connected to flamestream-benchmarks-manager:5678
18:54:12.212 [worker-akka.actor.default-dispatcher-12] INFO  a.a.LocalActorRef akka://worker/user/watcher/processing-watcher/graph/edge/FlameSocketGraphDeployerRear - Starting...
18:54:12.218 [worker-akka.actor.default-dispatcher-6] INFO  a.a.LocalActorRef akka://worker/user/watcher/processing-watcher/graph/negotiator - Ticket for the frontClass received: FrontTicket{allowedTimestamp=(0000000, FlameSocketGraphDeployerFront@flamestream-benchmarks-worker-2)}
18:54:12.218 [worker-akka.actor.default-dispatcher-6] INFO  c.s.f.r.e.s.SocketFront  - FlameSocketGraphDeployerFront@flamestream-benchmarks-worker-2: connecting to flamestream-benchmarks-manager:4567
18:54:12.426 [worker-akka.actor.default-dispatcher-6] INFO  a.a.LocalActorRef akka://worker/user/watcher/processing-watcher/graph/graph/$a - Starting...
18:54:12.429 [worker-akka.actor.default-dispatcher-6] INFO  a.a.LocalActorRef akka://worker/user/watcher/processing-watcher/graph/graph/$b - Starting...
18:54:12.431 [worker-akka.actor.default-dispatcher-6] INFO  a.a.LocalActorRef akka://worker/user/watcher/processing-watcher/graph/graph/$c - Starting...
18:54:12.432 [worker-akka.actor.default-dispatcher-6] INFO  a.a.LocalActorRef akka://worker/user/watcher/processing-watcher/graph/graph/$d - Starting...
18:54:12.433 [worker-akka.actor.default-dispatcher-6] INFO  a.a.LocalActorRef akka://worker/user/watcher/processing-watcher/graph/graph/$e - Starting...
18:54:12.434 [worker-akka.actor.default-dispatcher-6] INFO  a.a.LocalActorRef akka://worker/user/watcher/processing-watcher/graph/graph/$f - Starting...
18:54:12.436 [worker-akka.actor.default-dispatcher-6] INFO  a.a.LocalActorRef akka://worker/user/watcher/processing-watcher/graph/graph/$g - Starting...
18:54:12.438 [worker-akka.actor.default-dispatcher-6] INFO  a.a.LocalActorRef akka://worker/user/watcher/processing-watcher/graph/graph/$h - Starting...
18:54:12.439 [worker-akka.actor.default-dispatcher-6] INFO  a.a.LocalActorRef akka://worker/user/watcher/processing-watcher/graph/graph/$i - Starting...
18:54:12.440 [worker-akka.actor.default-dispatcher-6] INFO  a.a.LocalActorRef akka://worker/user/watcher/processing-watcher/graph/graph/$j - Starting...
18:54:12.441 [worker-akka.actor.default-dispatcher-6] INFO  a.a.LocalActorRef akka://worker/user/watcher/processing-watcher/graph/graph/$k - Starting...
18:54:12.442 [worker-akka.actor.default-dispatcher-6] INFO  a.a.LocalActorRef akka://worker/user/watcher/processing-watcher/graph/graph/$l - Starting...
18:54:12.444 [worker-akka.actor.default-dispatcher-6] INFO  a.a.LocalActorRef akka://worker/user/watcher/processing-watcher/graph/graph/$m - Starting...
18:54:12.447 [worker-akka.actor.default-dispatcher-6] INFO  a.a.LocalActorRef akka://worker/user/watcher/processing-watcher/graph/graph/$n - Starting...
18:54:12.448 [worker-akka.actor.default-dispatcher-6] INFO  a.a.LocalActorRef akka://worker/user/watcher/processing-watcher/graph/graph/$o - Starting...
18:54:12.450 [worker-akka.actor.default-dispatcher-6] INFO  a.a.LocalActorRef akka://worker/user/watcher/processing-watcher/graph/graph/$p - Starting...
18:54:12.451 [worker-akka.actor.default-dispatcher-6] INFO  a.a.LocalActorRef akka://worker/user/watcher/processing-watcher/graph/graph/$q - Starting...
18:54:12.453 [worker-akka.actor.default-dispatcher-6] INFO  a.a.LocalActorRef akka://worker/user/watcher/processing-watcher/graph/graph/$r - Starting...
18:54:12.455 [worker-akka.actor.default-dispatcher-6] INFO  a.a.LocalActorRef akka://worker/user/watcher/processing-watcher/graph/graph/$s - Starting...
18:54:12.460 [worker-akka.actor.default-dispatcher-6] INFO  a.a.LocalActorRef akka://worker/user/watcher/processing-watcher/graph/graph/$t - Starting...
18:54:12.478 [worker-akka.actor.default-dispatcher-6] INFO  a.a.LocalActorRef akka://worker/user/watcher/processing-watcher/graph/graph/$u - Starting...
18:54:12.479 [worker-akka.actor.default-dispatcher-6] INFO  a.a.LocalActorRef akka://worker/user/watcher/processing-watcher/graph/graph/$v - Starting...
18:54:12.483 [worker-akka.actor.default-dispatcher-6] INFO  a.a.LocalActorRef akka://worker/user/watcher/processing-watcher/graph/graph/$w - Starting...
18:54:12.484 [worker-akka.actor.default-dispatcher-6] INFO  a.a.LocalActorRef akka://worker/user/watcher/processing-watcher/graph/graph/$t - Attached rear to graph (-9223372036854775808, min@min)
18:54:12.485 [worker-akka.actor.default-dispatcher-6] INFO  a.a.LocalActorRef akka://worker/user/watcher/processing-watcher/graph/graph/$y - Starting...
18:54:12.486 [worker-akka.actor.default-dispatcher-6] INFO  a.a.LocalActorRef akka://worker/user/watcher/processing-watcher/graph/graph/$x - Starting...
18:54:12.486 [worker-akka.actor.default-dispatcher-6] INFO  a.a.LocalActorRef akka://worker/user/watcher/processing-watcher/graph/graph/$z - Starting...
18:54:12.489 [worker-akka.actor.default-dispatcher-6] INFO  a.a.LocalActorRef akka://worker/user/watcher/processing-watcher/graph/graph/$B - Starting...
18:54:12.489 [worker-akka.actor.default-dispatcher-6] INFO  a.a.LocalActorRef akka://worker/user/watcher/processing-watcher/graph/graph/$A - Starting...
18:54:12.490 [worker-akka.actor.default-dispatcher-6] INFO  a.a.LocalActorRef akka://worker/user/watcher/processing-watcher/graph/graph/$C - Starting...
18:54:12.490 [worker-akka.actor.default-dispatcher-6] INFO  a.a.LocalActorRef akka://worker/user/watcher/processing-watcher/graph/graph/$D - Starting...
18:54:12.491 [worker-akka.actor.default-dispatcher-6] INFO  a.a.LocalActorRef akka://worker/user/watcher/processing-watcher/graph/graph/$E - Starting...
18:54:12.492 [worker-akka.actor.default-dispatcher-6] INFO  a.a.LocalActorRef akka://worker/user/watcher/processing-watcher/graph/graph/$F - Starting...
18:54:12.493 [worker-akka.actor.default-dispatcher-6] INFO  a.a.LocalActorRef akka://worker/user/watcher/processing-watcher/graph/graph/$G - Starting...
18:54:12.493 [worker-akka.actor.default-dispatcher-6] INFO  a.a.LocalActorRef akka://worker/user/watcher/processing-watcher/graph/graph/$H - Starting...
18:54:12.494 [worker-akka.actor.default-dispatcher-6] INFO  a.a.LocalActorRef akka://worker/user/watcher/processing-watcher/graph/graph/$I - Starting...
18:54:12.494 [worker-akka.actor.default-dispatcher-6] INFO  a.a.LocalActorRef akka://worker/user/watcher/processing-watcher/graph/graph/$J - Starting...
18:54:12.495 [worker-akka.actor.default-dispatcher-6] INFO  a.a.LocalActorRef akka://worker/user/watcher/processing-watcher/graph/graph/$K - Starting...
18:54:12.496 [worker-akka.actor.default-dispatcher-6] INFO  a.a.LocalActorRef akka://worker/user/watcher/processing-watcher/graph/graph/$L - Starting...
18:54:12.497 [worker-akka.actor.default-dispatcher-6] INFO  a.a.LocalActorRef akka://worker/user/watcher/processing-watcher/graph/graph/$M - Starting...
18:54:12.497 [worker-akka.actor.default-dispatcher-6] INFO  a.a.LocalActorRef akka://worker/user/watcher/processing-watcher/graph/graph/$N - Starting...
18:54:12.499 [worker-akka.actor.default-dispatcher-6] INFO  a.a.LocalActorRef akka://worker/user/watcher/processing-watcher/graph/graph/$P - Starting...
18:54:12.499 [worker-akka.actor.default-dispatcher-6] INFO  a.a.LocalActorRef akka://worker/user/watcher/processing-watcher/graph/graph/$O - Starting...
18:54:12.500 [worker-akka.actor.default-dispatcher-6] INFO  a.a.LocalActorRef akka://worker/user/watcher/processing-watcher/graph/graph/$R - Starting...
18:54:12.501 [worker-akka.actor.default-dispatcher-6] INFO  a.a.LocalActorRef akka://worker/user/watcher/processing-watcher/graph/graph/$Q - Starting...
18:54:12.502 [worker-akka.actor.default-dispatcher-6] INFO  a.a.LocalActorRef akka://worker/user/watcher/processing-watcher/graph/graph/$S - Starting...
18:54:12.504 [worker-akka.actor.default-dispatcher-6] INFO  a.a.LocalActorRef akka://worker/user/watcher/processing-watcher/graph/graph/$T - Starting...
18:54:12.505 [worker-akka.actor.default-dispatcher-6] INFO  a.a.LocalActorRef akka://worker/user/watcher/processing-watcher/graph/graph/$U - Starting...
18:54:12.506 [worker-akka.actor.default-dispatcher-12] INFO  a.a.LocalActorRef akka://worker/user/watcher/processing-watcher/graph/graph/$V - Starting...
18:54:12.506 [worker-akka.actor.default-dispatcher-12] INFO  a.a.LocalActorRef akka://worker/user/watcher/processing-watcher/graph/graph/$W - Starting...
18:54:12.506 [worker-akka.actor.default-dispatcher-12] INFO  a.a.LocalActorRef akka://worker/user/watcher/processing-watcher/graph/graph/$X - Starting...
18:54:12.506 [worker-akka.actor.default-dispatcher-12] INFO  a.a.LocalActorRef akka://worker/user/watcher/processing-watcher/graph/graph/$Z - Starting...
18:54:12.507 [worker-akka.actor.default-dispatcher-12] INFO  a.a.LocalActorRef akka://worker/user/watcher/processing-watcher/graph/graph/$Y - Starting...
18:54:12.507 [worker-akka.actor.default-dispatcher-12] INFO  a.a.LocalActorRef akka://worker/user/watcher/processing-watcher/graph/graph/$0 - Starting...
18:54:12.508 [worker-akka.actor.default-dispatcher-6] INFO  a.a.LocalActorRef akka://worker/user/watcher/processing-watcher/graph/graph/$1 - Starting...
18:54:12.508 [worker-akka.actor.default-dispatcher-6] INFO  a.a.LocalActorRef akka://worker/user/watcher/processing-watcher/graph/graph/$2 - Starting...
18:54:12.509 [worker-akka.actor.default-dispatcher-10] INFO  a.a.LocalActorRef akka://worker/user/watcher/processing-watcher/graph/graph/$4 - Starting...
18:54:12.510 [worker-akka.actor.default-dispatcher-10] INFO  a.a.LocalActorRef akka://worker/user/watcher/processing-watcher/graph/graph/$3 - Starting...
18:54:12.510 [worker-akka.actor.default-dispatcher-10] INFO  a.a.LocalActorRef akka://worker/user/watcher/processing-watcher/graph/graph/$5 - Starting...
18:54:12.511 [worker-akka.actor.default-dispatcher-10] INFO  a.a.LocalActorRef akka://worker/user/watcher/processing-watcher/graph/graph/$7 - Starting...
18:54:12.511 [worker-akka.actor.default-dispatcher-10] INFO  a.a.LocalActorRef akka://worker/user/watcher/processing-watcher/graph/graph/$6 - Starting...
18:54:12.512 [worker-akka.actor.default-dispatcher-10] INFO  a.a.LocalActorRef akka://worker/user/watcher/processing-watcher/graph/graph/$8 - Starting...
18:54:12.513 [worker-akka.actor.default-dispatcher-10] INFO  a.a.LocalActorRef akka://worker/user/watcher/processing-watcher/graph/graph/$9 - Starting...
18:54:12.514 [worker-akka.actor.default-dispatcher-10] INFO  a.a.LocalActorRef akka://worker/user/watcher/processing-watcher/graph/graph/$+ - Starting...
18:54:12.515 [worker-akka.actor.default-dispatcher-10] INFO  a.a.LocalActorRef akka://worker/user/watcher/processing-watcher/graph/graph/$~ - Starting...
18:54:12.515 [worker-akka.actor.default-dispatcher-10] INFO  a.a.LocalActorRef akka://worker/user/watcher/processing-watcher/graph/graph/$ab - Starting...
18:54:12.517 [worker-akka.actor.default-dispatcher-10] INFO  a.a.LocalActorRef akka://worker/user/watcher/processing-watcher/graph/graph/$cb - Starting...
18:54:12.517 [worker-akka.actor.default-dispatcher-10] INFO  a.a.LocalActorRef akka://worker/user/watcher/processing-watcher/graph/graph/$bb - Starting...
18:54:12.518 [worker-akka.actor.default-dispatcher-10] INFO  a.a.LocalActorRef akka://worker/user/watcher/processing-watcher/graph/graph/$db - Starting...
18:54:12.519 [worker-akka.actor.default-dispatcher-10] INFO  a.a.LocalActorRef akka://worker/user/watcher/processing-watcher/graph/graph/$eb - Starting...
18:54:12.519 [worker-akka.actor.default-dispatcher-10] INFO  a.a.LocalActorRef akka://worker/user/watcher/processing-watcher/graph/graph/$fb - Starting...
18:54:12.520 [worker-akka.actor.default-dispatcher-10] INFO  a.a.LocalActorRef akka://worker/user/watcher/processing-watcher/graph/graph/$gb - Starting...
18:54:12.520 [worker-akka.actor.default-dispatcher-10] INFO  a.a.LocalActorRef akka://worker/user/watcher/processing-watcher/graph/graph/$hb - Starting...
18:54:12.521 [worker-akka.actor.default-dispatcher-10] INFO  a.a.LocalActorRef akka://worker/user/watcher/processing-watcher/graph/graph/$jb - Starting...
18:54:12.521 [worker-akka.actor.default-dispatcher-10] INFO  a.a.LocalActorRef akka://worker/user/watcher/processing-watcher/graph/graph/$ib - Starting...
18:54:12.523 [worker-akka.actor.default-dispatcher-10] INFO  a.a.LocalActorRef akka://worker/user/watcher/processing-watcher/graph/graph/$lb - Starting...
18:54:12.523 [worker-akka.actor.default-dispatcher-10] INFO  a.a.LocalActorRef akka://worker/user/watcher/processing-watcher/graph/graph/$kb - Starting...
18:54:12.524 [worker-akka.actor.default-dispatcher-10] INFO  a.a.LocalActorRef akka://worker/user/watcher/processing-watcher/graph/graph/$mb - Starting...
18:54:12.524 [worker-akka.actor.default-dispatcher-10] INFO  a.a.LocalActorRef akka://worker/user/watcher/processing-watcher/graph/graph/$nb - Starting...
18:54:12.526 [worker-akka.actor.default-dispatcher-10] INFO  a.a.LocalActorRef akka://worker/user/watcher/processing-watcher/graph/graph/$ob - Starting...
18:54:12.526 [worker-akka.actor.default-dispatcher-10] INFO  a.a.LocalActorRef akka://worker/user/watcher/processing-watcher/graph/graph/$pb - Starting...
18:54:12.527 [worker-akka.actor.default-dispatcher-10] INFO  a.a.LocalActorRef akka://worker/user/watcher/processing-watcher/graph/graph/$rb - Starting...
18:54:12.527 [worker-akka.actor.default-dispatcher-10] INFO  a.a.LocalActorRef akka://worker/user/watcher/processing-watcher/graph/graph/$qb - Starting...
18:54:12.528 [worker-akka.actor.default-dispatcher-10] INFO  a.a.LocalActorRef akka://worker/user/watcher/processing-watcher/graph/graph/$sb - Starting...
18:54:12.528 [worker-akka.actor.default-dispatcher-10] INFO  a.a.LocalActorRef akka://worker/user/watcher/processing-watcher/graph/graph/$tb - Starting...
18:54:12.530 [worker-akka.actor.default-dispatcher-10] INFO  a.a.LocalActorRef akka://worker/user/watcher/processing-watcher/graph/graph/$vb - Starting...
18:54:12.530 [worker-akka.actor.default-dispatcher-10] INFO  a.a.LocalActorRef akka://worker/user/watcher/processing-watcher/graph/graph/$ub - Starting...
18:54:12.531 [worker-akka.actor.default-dispatcher-10] INFO  a.a.LocalActorRef akka://worker/user/watcher/processing-watcher/graph/graph/$wb - Starting...
18:54:12.532 [worker-akka.actor.default-dispatcher-10] INFO  a.a.LocalActorRef akka://worker/user/watcher/processing-watcher/graph/graph/$xb - Starting...
18:54:12.532 [worker-akka.actor.default-dispatcher-10] INFO  a.a.LocalActorRef akka://worker/user/watcher/processing-watcher/graph/graph/$yb - Starting...
18:54:12.533 [worker-akka.actor.default-dispatcher-10] INFO  a.a.LocalActorRef akka://worker/user/watcher/processing-watcher/graph/graph/$zb - Starting...
18:54:12.534 [worker-akka.actor.default-dispatcher-10] INFO  a.a.LocalActorRef akka://worker/user/watcher/processing-watcher/graph/graph/$Ab - Starting...
18:54:12.534 [worker-akka.actor.default-dispatcher-10] INFO  a.a.LocalActorRef akka://worker/user/watcher/processing-watcher/graph/graph/$Bb - Starting...
18:54:12.535 [worker-akka.actor.default-dispatcher-10] INFO  a.a.LocalActorRef akka://worker/user/watcher/processing-watcher/graph/graph/$Cb - Starting...
18:54:12.536 [worker-akka.actor.default-dispatcher-10] INFO  a.a.LocalActorRef akka://worker/user/watcher/processing-watcher/graph/graph/$Db - Starting...
18:54:12.537 [worker-akka.actor.default-dispatcher-10] INFO  a.a.LocalActorRef akka://worker/user/watcher/processing-watcher/graph/graph/$Eb - Starting...
18:54:12.538 [worker-akka.actor.default-dispatcher-10] INFO  a.a.LocalActorRef akka://worker/user/watcher/processing-watcher/graph/graph/$Fb - Starting...
18:54:12.539 [worker-akka.actor.default-dispatcher-10] INFO  a.a.LocalActorRef akka://worker/user/watcher/processing-watcher/graph/graph/$Gb - Starting...
18:54:12.540 [worker-akka.actor.default-dispatcher-10] INFO  a.a.LocalActorRef akka://worker/user/watcher/processing-watcher/graph/graph/$Hb - Starting...
18:54:12.540 [worker-akka.actor.default-dispatcher-10] INFO  a.a.LocalActorRef akka://worker/user/watcher/processing-watcher/graph/graph/$Ib - Starting...
18:54:12.541 [worker-akka.actor.default-dispatcher-10] INFO  a.a.LocalActorRef akka://worker/user/watcher/processing-watcher/graph/graph/$Jb - Starting...
18:54:12.541 [worker-akka.actor.default-dispatcher-10] INFO  a.a.LocalActorRef akka://worker/user/watcher/processing-watcher/graph/graph/$Kb - Starting...
18:54:12.542 [worker-akka.actor.default-dispatcher-10] INFO  a.a.LocalActorRef akka://worker/user/watcher/processing-watcher/graph/graph/$Lb - Starting...
18:54:12.543 [worker-akka.actor.default-dispatcher-10] INFO  a.a.LocalActorRef akka://worker/user/watcher/processing-watcher/graph/graph/$Mb - Starting...
18:54:12.544 [worker-akka.actor.default-dispatcher-10] INFO  a.a.LocalActorRef akka://worker/user/watcher/processing-watcher/graph/graph/$Nb - Starting...
2019-09-28T18:54:24.620+0000: 38.818: [GC (Allocation Failure) 2019-09-28T18:54:24.620+0000: 38.818: [DefNew: 409600K->32227K(460800K), 0.0442086 secs] 435557K->58184K(1484800K), 0.0442976 secs] [Times: user=0.03 sys=0.01, real=0.05 secs] 
2019-09-28T18:54:34.583+0000: 48.781: [GC (Allocation Failure) 2019-09-28T18:54:34.583+0000: 48.781: [DefNew: 441827K->1136K(460800K), 0.0337802 secs] 467784K->55960K(1484800K), 0.0338644 secs] [Times: user=0.01 sys=0.02, real=0.03 secs] 
2019-09-28T18:54:41.466+0000: 55.663: [GC (Allocation Failure) 2019-09-28T18:54:41.466+0000: 55.663: [DefNew: 410736K->1224K(460800K), 0.0046267 secs] 465560K->56048K(1484800K), 0.0047060 secs] [Times: user=0.00 sys=0.00, real=0.00 secs] 
2019-09-28T18:54:46.861+0000: 61.058: [GC (Allocation Failure) 2019-09-28T18:54:46.861+0000: 61.058: [DefNew: 410824K->1342K(460800K), 0.0048169 secs] 465648K->56166K(1484800K), 0.0048836 secs] [Times: user=0.00 sys=0.00, real=0.01 secs] 
2019-09-28T18:54:54.731+0000: 68.928: [GC (Allocation Failure) 2019-09-28T18:54:54.731+0000: 68.928: [DefNew: 410942K->1979K(460800K), 0.0060913 secs] 465766K->56803K(1484800K), 0.0061726 secs] [Times: user=0.01 sys=0.00, real=0.01 secs] 
2019-09-28T18:55:01.636+0000: 75.834: [GC (Allocation Failure) 2019-09-28T18:55:01.636+0000: 75.834: [DefNew: 411579K->1620K(460800K), 0.0042405 secs] 466403K->56444K(1484800K), 0.0043091 secs] [Times: user=0.01 sys=0.00, real=0.00 secs] 
2019-09-28T18:55:08.822+0000: 83.020: [GC (Allocation Failure) 2019-09-28T18:55:08.822+0000: 83.020: [DefNew: 411220K->1708K(460800K), 0.0041033 secs] 466044K->56533K(1484800K), 0.0041770 secs] [Times: user=0.00 sys=0.00, real=0.00 secs] 
2019-09-28T18:55:16.559+0000: 90.757: [GC (Allocation Failure) 2019-09-28T18:55:16.559+0000: 90.757: [DefNew: 411308K->1618K(460800K), 0.0039272 secs] 466133K->56442K(1484800K), 0.0040220 secs] [Times: user=0.00 sys=0.00, real=0.01 secs] 
2019-09-28T18:55:23.788+0000: 97.985: [GC (Allocation Failure) 2019-09-28T18:55:23.788+0000: 97.985: [DefNew: 411218K->1618K(460800K), 0.0039313 secs] 466042K->56442K(1484800K), 0.0040028 secs] [Times: user=0.00 sys=0.00, real=0.00 secs] 
2019-09-28T18:55:31.026+0000: 105.223: [GC (Allocation Failure) 2019-09-28T18:55:31.026+0000: 105.223: [DefNew: 411218K->1650K(460800K), 0.0040696 secs] 466042K->56474K(1484800K), 0.0041449 secs] [Times: user=0.01 sys=0.00, real=0.00 secs] 
2019-09-28T18:55:38.240+0000: 112.437: [GC (Allocation Failure) 2019-09-28T18:55:38.240+0000: 112.437: [DefNew: 411250K->1625K(460800K), 0.0040538 secs] 466074K->56449K(1484800K), 0.0041258 secs] [Times: user=0.01 sys=0.00, real=0.01 secs] 
2019-09-28T18:55:45.420+0000: 119.618: [GC (Allocation Failure) 2019-09-28T18:55:45.420+0000: 119.618: [DefNew: 411225K->1731K(460800K), 0.0040974 secs] 466049K->56555K(1484800K), 0.0041723 secs] [Times: user=0.00 sys=0.00, real=0.01 secs] 
2019-09-28T18:55:53.079+0000: 127.276: [GC (Allocation Failure) 2019-09-28T18:55:53.079+0000: 127.276: [DefNew: 411331K->1851K(460800K), 0.0043593 secs] 466155K->56675K(1484800K), 0.0044439 secs] [Times: user=0.01 sys=0.00, real=0.01 secs] 
2019-09-28T18:56:00.355+0000: 134.553: [GC (Allocation Failure) 2019-09-28T18:56:00.355+0000: 134.553: [DefNew: 411451K->1851K(460800K), 0.0044672 secs] 466275K->56675K(1484800K), 0.0045350 secs] [Times: user=0.01 sys=0.00, real=0.00 secs] 
2019-09-28T18:56:07.548+0000: 141.746: [GC (Allocation Failure) 2019-09-28T18:56:07.548+0000: 141.746: [DefNew: 411451K->1820K(460800K), 0.0040038 secs] 466275K->56644K(1484800K), 0.0040912 secs] [Times: user=0.00 sys=0.00, real=0.00 secs] 
2019-09-28T18:56:15.402+0000: 149.599: [GC (Allocation Failure) 2019-09-28T18:56:15.402+0000: 149.600: [DefNew: 411420K->1819K(460800K), 0.0041037 secs] 466244K->56643K(1484800K), 0.0041802 secs] [Times: user=0.00 sys=0.00, real=0.00 secs] 
2019-09-28T18:56:22.704+0000: 156.901: [GC (Allocation Failure) 2019-09-28T18:56:22.704+0000: 156.901: [DefNew: 411419K->1583K(460800K), 0.0044688 secs] 466243K->56644K(1484800K), 0.0045410 secs] [Times: user=0.01 sys=0.00, real=0.00 secs] 
2019-09-28T18:56:29.918+0000: 164.115: [GC (Allocation Failure) 2019-09-28T18:56:29.918+0000: 164.115: [DefNew: 411183K->1472K(460800K), 0.0040283 secs] 466244K->56644K(1484800K), 0.0041032 secs] [Times: user=0.01 sys=0.00, real=0.01 secs] 
2019-09-28T18:56:37.826+0000: 172.024: [GC (Allocation Failure) 2019-09-28T18:56:37.826+0000: 172.024: [DefNew: 411072K->1363K(460800K), 0.0038716 secs] 466244K->56656K(1484800K), 0.0039505 secs] [Times: user=0.00 sys=0.00, real=0.00 secs] 
2019-09-28T18:56:45.079+0000: 179.277: [GC (Allocation Failure) 2019-09-28T18:56:45.079+0000: 179.277: [DefNew: 410963K->336K(460800K), 0.0041163 secs] 466256K->56643K(1484800K), 0.0041969 secs] [Times: user=0.01 sys=0.00, real=0.01 secs] 
2019-09-28T18:56:52.311+0000: 186.509: [GC (Allocation Failure) 2019-09-28T18:56:52.311+0000: 186.509: [DefNew: 409936K->367K(460800K), 0.0025935 secs] 466243K->56675K(1484800K), 0.0026662 secs] [Times: user=0.00 sys=0.00, real=0.01 secs] 
2019-09-28T18:56:59.629+0000: 193.826: [GC (Allocation Failure) 2019-09-28T18:56:59.629+0000: 193.826: [DefNew: 409967K->377K(460800K), 0.0025403 secs] 466275K->56685K(1484800K), 0.0026105 secs] [Times: user=0.00 sys=0.00, real=0.00 secs] 
2019-09-28T18:57:07.432+0000: 201.630: [GC (Allocation Failure) 2019-09-28T18:57:07.432+0000: 201.630: [DefNew: 409977K->368K(460800K), 0.0025164 secs] 466285K->56677K(1484800K), 0.0025880 secs] [Times: user=0.00 sys=0.00, real=0.01 secs] 
2019-09-28T18:57:14.756+0000: 208.954: [GC (Allocation Failure) 2019-09-28T18:57:14.756+0000: 208.954: [DefNew: 409968K->367K(460800K), 0.0025350 secs] 466277K->56675K(1484800K), 0.0026171 secs] [Times: user=0.00 sys=0.00, real=0.00 secs] 
2019-09-28T18:57:22.259+0000: 216.457: [GC (Allocation Failure) 2019-09-28T18:57:22.259+0000: 216.457: [DefNew: 409967K->368K(460800K), 0.0025142 secs] 466275K->56677K(1484800K), 0.0025936 secs] [Times: user=0.00 sys=0.00, real=0.01 secs] 
2019-09-28T18:57:29.804+0000: 224.002: [GC (Allocation Failure) 2019-09-28T18:57:29.804+0000: 224.002: [DefNew: 409968K->402K(460800K), 0.0025471 secs] 466277K->56711K(1484800K), 0.0026184 secs] [Times: user=0.00 sys=0.00, real=0.00 secs] 
2019-09-28T18:57:37.061+0000: 231.258: [GC (Allocation Failure) 2019-09-28T18:57:37.061+0000: 231.258: [DefNew: 410002K->323K(460800K), 0.0027345 secs] 466311K->56730K(1484800K), 0.0028131 secs] [Times: user=0.00 sys=0.00, real=0.01 secs] 
2019-09-28T18:57:44.335+0000: 238.533: [GC (Allocation Failure) 2019-09-28T18:57:44.335+0000: 238.533: [DefNew: 409923K->200K(460800K), 0.0026552 secs] 466330K->56707K(1484800K), 0.0027268 secs] [Times: user=0.00 sys=0.00, real=0.00 secs] 
2019-09-28T18:57:52.054+0000: 246.252: [GC (Allocation Failure) 2019-09-28T18:57:52.054+0000: 246.252: [DefNew: 409800K->206K(460800K), 0.0025184 secs] 466307K->56713K(1484800K), 0.0025934 secs] [Times: user=0.00 sys=0.00, real=0.00 secs] 
2019-09-28T18:57:59.378+0000: 253.575: [GC (Allocation Failure) 2019-09-28T18:57:59.378+0000: 253.576: [DefNew: 409806K->187K(460800K), 0.0024474 secs] 466313K->56694K(1484800K), 0.0025412 secs] [Times: user=0.00 sys=0.00, real=0.00 secs] 
2019-09-28T18:58:06.617+0000: 260.814: [GC (Allocation Failure) 2019-09-28T18:58:06.617+0000: 260.814: [DefNew: 409787K->188K(460800K), 0.0024420 secs] 466294K->56695K(1484800K), 0.0025138 secs] [Times: user=0.00 sys=0.00, real=0.00 secs] 
2019-09-28T18:58:14.399+0000: 268.596: [GC (Allocation Failure) 2019-09-28T18:58:14.399+0000: 268.596: [DefNew: 409788K->191K(460800K), 0.0023314 secs] 466295K->56698K(1484800K), 0.0023987 secs] [Times: user=0.00 sys=0.00, real=0.00 secs] 
2019-09-28T18:58:21.690+0000: 275.887: [GC (Allocation Failure) 2019-09-28T18:58:21.690+0000: 275.887: [DefNew: 409791K->187K(460800K), 0.0023954 secs] 466298K->56694K(1484800K), 0.0024608 secs] [Times: user=0.00 sys=0.00, real=0.00 secs] 
2019-09-28T18:58:28.962+0000: 283.159: [GC (Allocation Failure) 2019-09-28T18:58:28.962+0000: 283.159: [DefNew: 409787K->188K(460800K), 0.0024102 secs] 466294K->56696K(1484800K), 0.0024814 secs] [Times: user=0.01 sys=0.00, real=0.00 secs] 
2019-09-28T18:58:36.748+0000: 290.946: [GC (Allocation Failure) 2019-09-28T18:58:36.748+0000: 290.946: [DefNew: 409788K->188K(460800K), 0.0025817 secs] 466296K->56695K(1484800K), 0.0026781 secs] [Times: user=0.00 sys=0.00, real=0.00 secs] 
2019-09-28T18:58:44.031+0000: 298.228: [GC (Allocation Failure) 2019-09-28T18:58:44.031+0000: 298.228: [DefNew: 409788K->157K(460800K), 0.0026901 secs] 466295K->56695K(1484800K), 0.0027821 secs] [Times: user=0.00 sys=0.00, real=0.01 secs] 
2019-09-28T18:58:51.302+0000: 305.499: [GC (Allocation Failure) 2019-09-28T18:58:51.302+0000: 305.499: [DefNew: 409757K->240K(460800K), 0.0026646 secs] 466295K->56778K(1484800K), 0.0027423 secs] [Times: user=0.00 sys=0.00, real=0.00 secs] 
2019-09-28T18:58:58.659+0000: 312.857: [GC (Allocation Failure) 2019-09-28T18:58:58.659+0000: 312.857: [DefNew: 409840K->182K(460800K), 0.0024896 secs] 466378K->56720K(1484800K), 0.0025648 secs] [Times: user=0.00 sys=0.00, real=0.01 secs] 
2019-09-28T18:59:06.404+0000: 320.602: [GC (Allocation Failure) 2019-09-28T18:59:06.404+0000: 320.602: [DefNew: 409782K->213K(460800K), 0.0023764 secs] 466320K->56752K(1484800K), 0.0024499 secs] [Times: user=0.00 sys=0.00, real=0.00 secs] 
2019-09-28T18:59:13.759+0000: 327.957: [GC (Allocation Failure) 2019-09-28T18:59:13.759+0000: 327.957: [DefNew: 409813K->246K(460800K), 0.0025192 secs] 466352K->56786K(1484800K), 0.0025978 secs] [Times: user=0.00 sys=0.00, real=0.01 secs] 
2019-09-28T18:59:20.974+0000: 335.172: [GC (Allocation Failure) 2019-09-28T18:59:20.974+0000: 335.172: [DefNew: 409846K->238K(460800K), 0.0024048 secs] 466386K->56778K(1484800K), 0.0024721 secs] [Times: user=0.00 sys=0.00, real=0.00 secs] 
2019-09-28T18:59:28.733+0000: 342.931: [GC (Allocation Failure) 2019-09-28T18:59:28.733+0000: 342.931: [DefNew: 409838K->259K(460800K), 0.0024522 secs] 466378K->56799K(1484800K), 0.0025481 secs] [Times: user=0.00 sys=0.00, real=0.01 secs] 
2019-09-28T18:59:36.004+0000: 350.202: [GC (Allocation Failure) 2019-09-28T18:59:36.004+0000: 350.202: [DefNew: 409859K->225K(460800K), 0.0024631 secs] 466399K->56765K(1484800K), 0.0025375 secs] [Times: user=0.00 sys=0.00, real=0.00 secs] 
2019-09-28T18:59:43.251+0000: 357.449: [GC (Allocation Failure) 2019-09-28T18:59:43.251+0000: 357.449: [DefNew: 409825K->240K(460800K), 0.0025328 secs] 466365K->56797K(1484800K), 0.0026068 secs] [Times: user=0.01 sys=0.00, real=0.01 secs] 
2019-09-28T18:59:51.062+0000: 365.260: [GC (Allocation Failure) 2019-09-28T18:59:51.062+0000: 365.260: [DefNew: 409840K->243K(460800K), 0.0024388 secs] 466397K->56800K(1484800K), 0.0025146 secs] [Times: user=0.00 sys=0.00, real=0.00 secs] 
2019-09-28T18:59:58.312+0000: 372.510: [GC (Allocation Failure) 2019-09-28T18:59:58.312+0000: 372.510: [DefNew: 409843K->219K(460800K), 0.0023614 secs] 466400K->56777K(1484800K), 0.0024367 secs] [Times: user=0.00 sys=0.00, real=0.01 secs] 
2019-09-28T19:00:05.612+0000: 379.810: [GC (Allocation Failure) 2019-09-28T19:00:05.612+0000: 379.810: [DefNew: 409819K->222K(460800K), 0.0024537 secs] 466377K->56779K(1484800K), 0.0025364 secs] [Times: user=0.00 sys=0.00, real=0.01 secs] 
2019-09-28T19:00:13.398+0000: 387.596: [GC (Allocation Failure) 2019-09-28T19:00:13.398+0000: 387.596: [DefNew: 409822K->255K(460800K), 0.0024620 secs] 466379K->56812K(1484800K), 0.0025316 secs] [Times: user=0.00 sys=0.00, real=0.00 secs] 
2019-09-28T19:00:20.648+0000: 394.846: [GC (Allocation Failure) 2019-09-28T19:00:20.648+0000: 394.846: [DefNew: 409855K->225K(460800K), 0.0024551 secs] 466412K->56783K(1484800K), 0.0025429 secs] [Times: user=0.00 sys=0.00, real=0.00 secs] 
2019-09-28T19:00:27.910+0000: 402.107: [GC (Allocation Failure) 2019-09-28T19:00:27.910+0000: 402.107: [DefNew: 409825K->220K(460800K), 0.0025323 secs] 466383K->56777K(1484800K), 0.0026168 secs] [Times: user=0.00 sys=0.00, real=0.00 secs] 
2019-09-28T19:00:35.151+0000: 409.349: [GC (Allocation Failure) 2019-09-28T19:00:35.151+0000: 409.349: [DefNew: 409820K->249K(460800K), 0.0025356 secs] 466377K->56807K(1484800K), 0.0025920 secs] [Times: user=0.00 sys=0.00, real=0.01 secs] 
2019-09-28T19:00:42.966+0000: 417.163: [GC (Allocation Failure) 2019-09-28T19:00:42.966+0000: 417.163: [DefNew: 409849K->197K(460800K), 0.0023953 secs] 466407K->56779K(1484800K), 0.0024643 secs] [Times: user=0.01 sys=0.00, real=0.00 secs] 
2019-09-28T19:00:50.405+0000: 424.602: [GC (Allocation Failure) 2019-09-28T19:00:50.405+0000: 424.602: [DefNew: 409797K->213K(460800K), 0.0026380 secs] 466379K->56797K(1484800K), 0.0027212 secs] [Times: user=0.00 sys=0.00, real=0.00 secs] 
2019-09-28T19:00:57.483+0000: 431.680: [GC (Allocation Failure) 2019-09-28T19:00:57.483+0000: 431.680: [DefNew: 409813K->259K(460800K), 0.0025979 secs] 466397K->56874K(1484800K), 0.0026662 secs] [Times: user=0.00 sys=0.01, real=0.00 secs] 
2019-09-28T19:01:05.262+0000: 439.460: [GC (Allocation Failure) 2019-09-28T19:01:05.262+0000: 439.460: [DefNew: 409859K->199K(460800K), 0.0026160 secs] 466474K->56815K(1484800K), 0.0027282 secs] [Times: user=0.00 sys=0.01, real=0.00 secs] 
2019-09-28T19:01:12.554+0000: 446.751: [GC (Allocation Failure) 2019-09-28T19:01:12.554+0000: 446.751: [DefNew: 409799K->189K(460800K), 0.0023528 secs] 466415K->56805K(1484800K), 0.0024226 secs] [Times: user=0.00 sys=0.00, real=0.00 secs] 
2019-09-28T19:01:19.799+0000: 453.997: [GC (Allocation Failure) 2019-09-28T19:01:19.799+0000: 453.997: [DefNew: 409789K->207K(460800K), 0.0024993 secs] 466405K->56824K(1484800K), 0.0025786 secs] [Times: user=0.01 sys=0.00, real=0.01 secs] 
2019-09-28T19:01:27.569+0000: 461.766: [GC (Allocation Failure) 2019-09-28T19:01:27.569+0000: 461.766: [DefNew: 409807K->188K(460800K), 0.0024126 secs] 466424K->56806K(1484800K), 0.0024847 secs] [Times: user=0.00 sys=0.00, real=0.00 secs] 
19:01:31.832 [worker-akka.actor.default-dispatcher-6] INFO  a.r.a.Association(akka://worker) akka.remote.artery.Association(akka://worker) - Stopping idle outbound stream [2] to [akka://worker@flamestream-benchmarks-worker-0:5412]
2019-09-28T19:01:34.851+0000: 469.049: [GC (Allocation Failure) 2019-09-28T19:01:34.851+0000: 469.049: [DefNew: 409788K->292K(460800K), 0.0027104 secs] 466406K->56910K(1484800K), 0.0027838 secs] [Times: user=0.00 sys=0.00, real=0.01 secs] 
2019-09-28T19:01:42.018+0000: 476.215: [GC (Allocation Failure) 2019-09-28T19:01:42.018+0000: 476.215: [DefNew: 409892K->226K(460800K), 0.0025554 secs] 466510K->56866K(1484800K), 0.0026372 secs] [Times: user=0.00 sys=0.00, real=0.00 secs] 
2019-09-28T19:01:49.324+0000: 483.521: [GC (Allocation Failure) 2019-09-28T19:01:49.324+0000: 483.521: [DefNew: 409826K->229K(460800K), 0.0027100 secs] 466466K->56870K(1484800K), 0.0027850 secs] [Times: user=0.01 sys=0.00, real=0.00 secs] 
2019-09-28T19:01:56.988+0000: 491.185: [GC (Allocation Failure) 2019-09-28T19:01:56.988+0000: 491.185: [DefNew: 409829K->288K(460800K), 0.0027835 secs] 466470K->56929K(1484800K), 0.0028578 secs] [Times: user=0.00 sys=0.00, real=0.00 secs] 
2019-09-28T19:02:04.379+0000: 498.577: [GC (Allocation Failure) 2019-09-28T19:02:04.379+0000: 498.577: [DefNew: 409888K->241K(460800K), 0.0025084 secs] 466529K->56882K(1484800K), 0.0025916 secs] [Times: user=0.00 sys=0.00, real=0.01 secs] 
2019-09-28T19:02:11.600+0000: 505.798: [GC (Allocation Failure) 2019-09-28T19:02:11.601+0000: 505.798: [DefNew: 409841K->349K(460800K), 0.0027703 secs] 466482K->56990K(1484800K), 0.0028590 secs] [Times: user=0.00 sys=0.00, real=0.01 secs] 
2019-09-28T19:02:19.404+0000: 513.601: [GC (Allocation Failure) 2019-09-28T19:02:19.404+0000: 513.601: [DefNew: 409949K->246K(460800K), 0.0025966 secs] 466590K->56887K(1484800K), 0.0026716 secs] [Times: user=0.00 sys=0.00, real=0.00 secs] 
2019-09-28T19:02:26.675+0000: 520.873: [GC (Allocation Failure) 2019-09-28T19:02:26.675+0000: 520.873: [DefNew: 409846K->244K(460800K), 0.0026598 secs] 466487K->56885K(1484800K), 0.0027321 secs] [Times: user=0.01 sys=0.00, real=0.00 secs] 
2019-09-28T19:02:33.996+0000: 528.193: [GC (Allocation Failure) 2019-09-28T19:02:33.996+0000: 528.193: [DefNew: 409844K->243K(460800K), 0.0026656 secs] 466485K->56884K(1484800K), 0.0027339 secs] [Times: user=0.00 sys=0.00, real=0.00 secs] 
2019-09-28T19:02:41.747+0000: 535.944: [GC (Allocation Failure) 2019-09-28T19:02:41.747+0000: 535.944: [DefNew: 409843K->237K(460800K), 0.0028438 secs] 466484K->56896K(1484800K), 0.0029130 secs] [Times: user=0.00 sys=0.00, real=0.00 secs] 
2019-09-28T19:02:49.056+0000: 543.253: [GC (Allocation Failure) 2019-09-28T19:02:49.056+0000: 543.253: [DefNew: 409837K->224K(460800K), 0.0027348 secs] 466496K->56892K(1484800K), 0.0028269 secs] [Times: user=0.00 sys=0.00, real=0.00 secs] 
2019-09-28T19:02:56.240+0000: 550.437: [GC (Allocation Failure) 2019-09-28T19:02:56.240+0000: 550.437: [DefNew: 409824K->223K(460800K), 0.0027735 secs] 466492K->56891K(1484800K), 0.0028502 secs] [Times: user=0.00 sys=0.00, real=0.01 secs] 
2019-09-28T19:03:03.688+0000: 557.885: [GC (Allocation Failure) 2019-09-28T19:03:03.688+0000: 557.885: [DefNew: 409823K->224K(460800K), 0.0025411 secs] 466491K->56892K(1484800K), 0.0026148 secs] [Times: user=0.01 sys=0.00, real=0.00 secs] 
2019-09-28T19:03:11.414+0000: 565.611: [GC (Allocation Failure) 2019-09-28T19:03:11.414+0000: 565.611: [DefNew: 409824K->268K(460800K), 0.0027547 secs] 466492K->56937K(1484800K), 0.0028277 secs] [Times: user=0.01 sys=0.00, real=0.00 secs] 
2019-09-28T19:03:18.681+0000: 572.878: [GC (Allocation Failure) 2019-09-28T19:03:18.681+0000: 572.878: [DefNew: 409868K->222K(460800K), 0.0026240 secs] 466537K->56891K(1484800K), 0.0026994 secs] [Times: user=0.00 sys=0.00, real=0.01 secs] 
2019-09-28T19:03:25.996+0000: 580.193: [GC (Allocation Failure) 2019-09-28T19:03:25.996+0000: 580.193: [DefNew: 409822K->185K(460800K), 0.0028132 secs] 466491K->56901K(1484800K), 0.0028750 secs] [Times: user=0.00 sys=0.00, real=0.00 secs] 
2019-09-28T19:03:33.754+0000: 587.951: [GC (Allocation Failure) 2019-09-28T19:03:33.754+0000: 587.951: [DefNew: 409785K->169K(460800K), 0.0024935 secs] 466501K->56894K(1484800K), 0.0025669 secs] [Times: user=0.00 sys=0.00, real=0.00 secs] 
2019-09-28T19:03:41.019+0000: 595.216: [GC (Allocation Failure) 2019-09-28T19:03:41.019+0000: 595.216: [DefNew: 409769K->218K(460800K), 0.0024042 secs] 466494K->56953K(1484800K), 0.0024787 secs] [Times: user=0.00 sys=0.00, real=0.00 secs] 
2019-09-28T19:03:48.220+0000: 602.417: [GC (Allocation Failure) 2019-09-28T19:03:48.220+0000: 602.417: [DefNew: 409818K->145K(460800K), 0.0024982 secs] 466553K->56891K(1484800K), 0.0025680 secs] [Times: user=0.00 sys=0.00, real=0.01 secs] 
2019-09-28T19:03:56.129+0000: 610.327: [GC (Allocation Failure) 2019-09-28T19:03:56.129+0000: 610.327: [DefNew: 409745K->155K(460800K), 0.0025238 secs] 466491K->56901K(1484800K), 0.0026012 secs] [Times: user=0.00 sys=0.00, real=0.00 secs] 
2019-09-28T19:04:03.419+0000: 617.616: [GC (Allocation Failure) 2019-09-28T19:04:03.419+0000: 617.617: [DefNew: 409755K->154K(460800K), 0.0026691 secs] 466501K->56901K(1484800K), 0.0027821 secs] [Times: user=0.00 sys=0.00, real=0.01 secs] 
2019-09-28T19:04:10.590+0000: 624.788: [GC (Allocation Failure) 2019-09-28T19:04:10.590+0000: 624.788: [DefNew: 409754K->223K(460800K), 0.0025644 secs] 466501K->56970K(1484800K), 0.0026397 secs] [Times: user=0.01 sys=0.00, real=0.00 secs] 
2019-09-28T19:04:18.424+0000: 632.621: [GC (Allocation Failure) 2019-09-28T19:04:18.424+0000: 632.621: [DefNew: 409823K->155K(460800K), 0.0024042 secs] 466570K->56901K(1484800K), 0.0024752 secs] [Times: user=0.01 sys=0.00, real=0.00 secs] 
2019-09-28T19:04:25.739+0000: 639.937: [GC (Allocation Failure) 2019-09-28T19:04:25.739+0000: 639.937: [DefNew: 409755K->187K(460800K), 0.0025004 secs] 466501K->56934K(1484800K), 0.0025843 secs] [Times: user=0.00 sys=0.00, real=0.01 secs] 
2019-09-28T19:04:32.951+0000: 647.149: [GC (Allocation Failure) 2019-09-28T19:04:32.951+0000: 647.149: [DefNew: 409787K->155K(460800K), 0.0023959 secs] 466534K->56901K(1484800K), 0.0024842 secs] [Times: user=0.00 sys=0.00, real=0.01 secs] 
2019-09-28T19:04:40.481+0000: 654.679: [GC (Allocation Failure) 2019-09-28T19:04:40.481+0000: 654.679: [DefNew: 409755K->148K(460800K), 0.0024556 secs] 466501K->56902K(1484800K), 0.0025327 secs] [Times: user=0.00 sys=0.00, real=0.01 secs] 
2019-09-28T19:04:48.016+0000: 662.213: [GC (Allocation Failure) 2019-09-28T19:04:48.016+0000: 662.213: [DefNew: 409748K->147K(460800K), 0.0024887 secs] 466502K->56902K(1484800K), 0.0025605 secs] [Times: user=0.00 sys=0.00, real=0.00 secs] 
2019-09-28T19:04:55.274+0000: 669.472: [GC (Allocation Failure) 2019-09-28T19:04:55.274+0000: 669.472: [DefNew: 409747K->156K(460800K), 0.0024962 secs] 466502K->56911K(1484800K), 0.0025757 secs] [Times: user=0.00 sys=0.00, real=0.00 secs] 
2019-09-28T19:05:03.247+0000: 677.445: [GC (Allocation Failure) 2019-09-28T19:05:03.247+0000: 677.445: [DefNew: 409756K->158K(460800K), 0.0023799 secs] 466511K->56913K(1484800K), 0.0024543 secs] [Times: user=0.00 sys=0.00, real=0.00 secs] 
2019-09-28T19:05:10.520+0000: 684.718: [GC (Allocation Failure) 2019-09-28T19:05:10.520+0000: 684.718: [DefNew: 409758K->158K(460800K), 0.0023270 secs] 466513K->56913K(1484800K), 0.0023999 secs] [Times: user=0.00 sys=0.00, real=0.01 secs] 
2019-09-28T19:05:17.828+0000: 692.026: [GC (Allocation Failure) 2019-09-28T19:05:17.828+0000: 692.026: [DefNew: 409758K->158K(460800K), 0.0023148 secs] 466513K->56913K(1484800K), 0.0023918 secs] [Times: user=0.00 sys=0.00, real=0.00 secs] 
2019-09-28T19:05:25.217+0000: 699.415: [GC (Allocation Failure) 2019-09-28T19:05:25.217+0000: 699.415: [DefNew: 409758K->162K(460800K), 0.0024112 secs] 466513K->56916K(1484800K), 0.0024932 secs] [Times: user=0.00 sys=0.00, real=0.00 secs] 
2019-09-28T19:05:32.798+0000: 706.996: [GC (Allocation Failure) 2019-09-28T19:05:32.798+0000: 706.996: [DefNew: 409762K->195K(460800K), 0.0023780 secs] 466516K->56950K(1484800K), 0.0024479 secs] [Times: user=0.00 sys=0.00, real=0.00 secs] 
2019-09-28T19:05:40.120+0000: 714.317: [GC (Allocation Failure) 2019-09-28T19:05:40.120+0000: 714.317: [DefNew: 409795K->227K(460800K), 0.0023696 secs] 466550K->56982K(1484800K), 0.0024427 secs] [Times: user=0.00 sys=0.00, real=0.01 secs] 
2019-09-28T19:05:47.352+0000: 721.550: [GC (Allocation Failure) 2019-09-28T19:05:47.353+0000: 721.550: [DefNew: 409827K->148K(460800K), 0.0023243 secs] 466582K->56912K(1484800K), 0.0023906 secs] [Times: user=0.00 sys=0.00, real=0.01 secs] 
2019-09-28T19:05:55.167+0000: 729.364: [GC (Allocation Failure) 2019-09-28T19:05:55.167+0000: 729.364: [DefNew: 409748K->167K(460800K), 0.0024688 secs] 466512K->56932K(1484800K), 0.0025451 secs] [Times: user=0.00 sys=0.00, real=0.00 secs] 
2019-09-28T19:06:02.373+0000: 736.571: [GC (Allocation Failure) 2019-09-28T19:06:02.373+0000: 736.571: [DefNew: 409767K->244K(460800K), 0.0024165 secs] 466532K->57008K(1484800K), 0.0024883 secs] [Times: user=0.01 sys=0.00, real=0.01 secs] 
2019-09-28T19:06:09.597+0000: 743.794: [GC (Allocation Failure) 2019-09-28T19:06:09.597+0000: 743.794: [DefNew: 409844K->220K(460800K), 0.0024613 secs] 466608K->56985K(1484800K), 0.0026597 secs] [Times: user=0.01 sys=0.00, real=0.00 secs] 
2019-09-28T19:06:17.454+0000: 751.651: [GC (Allocation Failure) 2019-09-28T19:06:17.454+0000: 751.651: [DefNew: 409820K->166K(460800K), 0.0022466 secs] 466585K->56931K(1484800K), 0.0023179 secs] [Times: user=0.00 sys=0.00, real=0.00 secs] 
2019-09-28T19:06:24.721+0000: 758.919: [GC (Allocation Failure) 2019-09-28T19:06:24.721+0000: 758.919: [DefNew: 409766K->181K(460800K), 0.0024083 secs] 466531K->56946K(1484800K), 0.0024787 secs] [Times: user=0.00 sys=0.00, real=0.01 secs] 
2019-09-28T19:06:31.982+0000: 766.180: [GC (Allocation Failure) 2019-09-28T19:06:31.982+0000: 766.180: [DefNew: 409781K->165K(460800K), 0.0024821 secs] 466546K->56930K(1484800K), 0.0025584 secs] [Times: user=0.01 sys=0.00, real=0.00 secs] 
2019-09-28T19:06:39.792+0000: 773.989: [GC (Allocation Failure) 2019-09-28T19:06:39.792+0000: 773.989: [DefNew: 409765K->157K(460800K), 0.0025298 secs] 466530K->56922K(1484800K), 0.0026194 secs] [Times: user=0.00 sys=0.00, real=0.01 secs] 
2019-09-28T19:06:47.054+0000: 781.252: [GC (Allocation Failure) 2019-09-28T19:06:47.054+0000: 781.252: [DefNew: 409757K->148K(460800K), 0.0026253 secs] 466522K->56924K(1484800K), 0.0026956 secs] [Times: user=0.01 sys=0.00, real=0.00 secs] 
2019-09-28T19:06:54.298+0000: 788.495: [GC (Allocation Failure) 2019-09-28T19:06:54.298+0000: 788.495: [DefNew: 409748K->205K(460800K), 0.0026074 secs] 466524K->56980K(1484800K), 0.0026719 secs] [Times: user=0.01 sys=0.00, real=0.00 secs] 
2019-09-28T19:07:01.636+0000: 795.834: [GC (Allocation Failure) 2019-09-28T19:07:01.636+0000: 795.834: [DefNew: 409805K->205K(460800K), 0.0025765 secs] 466580K->56980K(1484800K), 0.0026400 secs] [Times: user=0.01 sys=0.00, real=0.00 secs] 
2019-09-28T19:07:09.346+0000: 803.544: [GC (Allocation Failure) 2019-09-28T19:07:09.346+0000: 803.544: [DefNew: 409805K->157K(460800K), 0.0025183 secs] 466580K->56932K(1484800K), 0.0025911 secs] [Times: user=0.00 sys=0.00, real=0.00 secs] 
2019-09-28T19:07:16.647+0000: 810.844: [GC (Allocation Failure) 2019-09-28T19:07:16.647+0000: 810.844: [DefNew: 409757K->156K(460800K), 0.0023723 secs] 466532K->56931K(1484800K), 0.0024459 secs] [Times: user=0.01 sys=0.00, real=0.00 secs] 
2019-09-28T19:07:23.842+0000: 818.039: [GC (Allocation Failure) 2019-09-28T19:07:23.842+0000: 818.039: [DefNew: 409756K->221K(460800K), 0.0024354 secs] 466531K->56996K(1484800K), 0.0025058 secs] [Times: user=0.00 sys=0.00, real=0.00 secs] 
2019-09-28T19:07:31.661+0000: 825.858: [GC (Allocation Failure) 2019-09-28T19:07:31.661+0000: 825.858: [DefNew: 409821K->157K(460800K), 0.0024178 secs] 466596K->56932K(1484800K), 0.0024972 secs] [Times: user=0.00 sys=0.00, real=0.01 secs] 
2019-09-28T19:07:38.930+0000: 833.127: [GC (Allocation Failure) 2019-09-28T19:07:38.930+0000: 833.128: [DefNew: 409757K->156K(460800K), 0.0024163 secs] 466532K->56931K(1484800K), 0.0024896 secs] [Times: user=0.00 sys=0.00, real=0.00 secs] 
2019-09-28T19:07:46.187+0000: 840.385: [GC (Allocation Failure) 2019-09-28T19:07:46.187+0000: 840.385: [DefNew: 409756K->168K(460800K), 0.0024736 secs] 466531K->56953K(1484800K), 0.0025459 secs] [Times: user=0.01 sys=0.00, real=0.00 secs] 
2019-09-28T19:07:53.395+0000: 847.593: [GC (Allocation Failure) 2019-09-28T19:07:53.396+0000: 847.593: [DefNew: 409768K->175K(460800K), 0.0025139 secs] 466553K->56959K(1484800K), 0.0025788 secs] [Times: user=0.00 sys=0.00, real=0.00 secs] 
2019-09-28T19:08:01.191+0000: 855.389: [GC (Allocation Failure) 2019-09-28T19:08:01.191+0000: 855.389: [DefNew: 409775K->169K(460800K), 0.0025645 secs] 466559K->56954K(1484800K), 0.0026261 secs] [Times: user=0.01 sys=0.00, real=0.01 secs] 
2019-09-28T19:08:08.485+0000: 862.682: [GC (Allocation Failure) 2019-09-28T19:08:08.485+0000: 862.682: [DefNew: 409769K->172K(460800K), 0.0023823 secs] 466554K->56957K(1484800K), 0.0024525 secs] [Times: user=0.00 sys=0.00, real=0.00 secs] 
2019-09-28T19:08:15.719+0000: 869.917: [GC (Allocation Failure) 2019-09-28T19:08:15.719+0000: 869.917: [DefNew: 409772K->173K(460800K), 0.0023309 secs] 466557K->56957K(1484800K), 0.0023974 secs] [Times: user=0.01 sys=0.00, real=0.00 secs] 
2019-09-28T19:08:23.525+0000: 877.723: [GC (Allocation Failure) 2019-09-28T19:08:23.525+0000: 877.723: [DefNew: 409773K->166K(460800K), 0.0024945 secs] 466557K->56950K(1484800K), 0.0025744 secs] [Times: user=0.00 sys=0.00, real=0.00 secs] 
2019-09-28T19:08:30.853+0000: 885.050: [GC (Allocation Failure) 2019-09-28T19:08:30.853+0000: 885.050: [DefNew: 409766K->165K(460800K), 0.0023008 secs] 466550K->56950K(1484800K), 0.0023593 secs] [Times: user=0.00 sys=0.00, real=0.01 secs] 
2019-09-28T19:08:38.144+0000: 892.341: [GC (Allocation Failure) 2019-09-28T19:08:38.144+0000: 892.342: [DefNew: 409765K->166K(460800K), 0.0025079 secs] 466550K->56951K(1484800K), 0.0025756 secs] [Times: user=0.00 sys=0.00, real=0.00 secs] 
2019-09-28T19:08:45.906+0000: 900.104: [GC (Allocation Failure) 2019-09-28T19:08:45.906+0000: 900.104: [DefNew: 409766K->156K(460800K), 0.0024375 secs] 466551K->56950K(1484800K), 0.0025168 secs] [Times: user=0.00 sys=0.00, real=0.00 secs] 
2019-09-28T19:08:53.155+0000: 907.353: [GC (Allocation Failure) 2019-09-28T19:08:53.155+0000: 907.353: [DefNew: 409756K->165K(460800K), 0.0027547 secs] 466550K->56959K(1484800K), 0.0028446 secs] [Times: user=0.00 sys=0.00, real=0.00 secs] 
2019-09-28T19:09:00.386+0000: 914.584: [GC (Allocation Failure) 2019-09-28T19:09:00.386+0000: 914.584: [DefNew: 409765K->164K(460800K), 0.0024809 secs] 466559K->56958K(1484800K), 0.0025639 secs] [Times: user=0.00 sys=0.00, real=0.00 secs] 
2019-09-28T19:09:08.191+0000: 922.388: [GC (Allocation Failure) 2019-09-28T19:09:08.191+0000: 922.388: [DefNew: 409764K->164K(460800K), 0.0024415 secs] 466558K->56958K(1484800K), 0.0025137 secs] [Times: user=0.01 sys=0.00, real=0.00 secs] 
2019-09-28T19:09:15.490+0000: 929.688: [GC (Allocation Failure) 2019-09-28T19:09:15.490+0000: 929.688: [DefNew: 409764K->164K(460800K), 0.0024746 secs] 466558K->56958K(1484800K), 0.0025540 secs] [Times: user=0.00 sys=0.00, real=0.00 secs] 
2019-09-28T19:09:22.643+0000: 936.841: [GC (Allocation Failure) 2019-09-28T19:09:22.643+0000: 936.841: [DefNew: 409764K->217K(460800K), 0.0023277 secs] 466558K->57010K(1484800K), 0.0023981 secs] [Times: user=0.01 sys=0.00, real=0.00 secs] 
2019-09-28T19:09:29.916+0000: 944.113: [GC (Allocation Failure) 2019-09-28T19:09:29.916+0000: 944.113: [DefNew: 409817K->165K(460800K), 0.0024776 secs] 466610K->56958K(1484800K), 0.0025384 secs] [Times: user=0.01 sys=0.00, real=0.00 secs] 
2019-09-28T19:09:37.729+0000: 951.927: [GC (Allocation Failure) 2019-09-28T19:09:37.729+0000: 951.927: [DefNew: 409765K->214K(460800K), 0.0023979 secs] 466558K->57008K(1484800K), 0.0024775 secs] [Times: user=0.00 sys=0.00, real=0.00 secs] 
2019-09-28T19:09:44.965+0000: 959.163: [GC (Allocation Failure) 2019-09-28T19:09:44.965+0000: 959.163: [DefNew: 409814K->208K(460800K), 0.0024464 secs] 466608K->57020K(1484800K), 0.0025308 secs] [Times: user=0.00 sys=0.00, real=0.00 secs] 
2019-09-28T19:09:52.255+0000: 966.452: [GC (Allocation Failure) 2019-09-28T19:09:52.255+0000: 966.452: [DefNew: 409808K->162K(460800K), 0.0023428 secs] 466620K->56975K(1484800K), 0.0024143 secs] [Times: user=0.01 sys=0.00, real=0.00 secs] 
2019-09-28T19:10:00.009+0000: 974.206: [GC (Allocation Failure) 2019-09-28T19:10:00.009+0000: 974.207: [DefNew: 409762K->163K(460800K), 0.0024245 secs] 466575K->56976K(1484800K), 0.0024914 secs] [Times: user=0.00 sys=0.00, real=0.00 secs] 
2019-09-28T19:10:07.371+0000: 981.569: [GC (Allocation Failure) 2019-09-28T19:10:07.371+0000: 981.569: [DefNew: 409763K->230K(460800K), 0.0024979 secs] 466576K->57043K(1484800K), 0.0025710 secs] [Times: user=0.00 sys=0.00, real=0.01 secs] 
2019-09-28T19:10:14.626+0000: 988.824: [GC (Allocation Failure) 2019-09-28T19:10:14.627+0000: 988.824: [DefNew: 409830K->244K(460800K), 0.0024369 secs] 466643K->57057K(1484800K), 0.0025173 secs] [Times: user=0.00 sys=0.00, real=0.00 secs] 
2019-09-28T19:10:22.416+0000: 996.614: [GC (Allocation Failure) 2019-09-28T19:10:22.416+0000: 996.614: [DefNew: 409844K->162K(460800K), 0.0024915 secs] 466657K->56975K(1484800K), 0.0025708 secs] [Times: user=0.00 sys=0.00, real=0.00 secs] 
2019-09-28T19:10:29.706+0000: 1003.904: [GC (Allocation Failure) 2019-09-28T19:10:29.706+0000: 1003.904: [DefNew: 409762K->162K(460800K), 0.0025073 secs] 466575K->56974K(1484800K), 0.0025773 secs] [Times: user=0.00 sys=0.00, real=0.00 secs] 
2019-09-28T19:10:36.905+0000: 1011.102: [GC (Allocation Failure) 2019-09-28T19:10:36.905+0000: 1011.102: [DefNew: 409762K->162K(460800K), 0.0023157 secs] 466574K->56974K(1484800K), 0.0024022 secs] [Times: user=0.01 sys=0.00, real=0.00 secs] 
2019-09-28T19:10:44.496+0000: 1018.694: [GC (Allocation Failure) 2019-09-28T19:10:44.496+0000: 1018.694: [DefNew: 409762K->154K(460800K), 0.0025175 secs] 466574K->56975K(1484800K), 0.0025999 secs] [Times: user=0.01 sys=0.00, real=0.00 secs] 
2019-09-28T19:10:51.991+0000: 1026.189: [GC (Allocation Failure) 2019-09-28T19:10:51.991+0000: 1026.189: [DefNew: 409754K->162K(460800K), 0.0024168 secs] 466575K->56983K(1484800K), 0.0024884 secs] [Times: user=0.00 sys=0.00, real=0.01 secs] 
19:10:55.519 [Client] INFO  c.s.f.r.e.s.SocketRear  - FlameSocketGraphDeployerRear@flamestream-benchmarks-worker-2: has been disconnected from Connection 10
19:10:55.524 [Client] INFO  c.s.f.r.e.s.SocketFront  - FlameSocketGraphDeployerFront@flamestream-benchmarks-worker-2 has been disconnected from Connection 10
19:11:13.569 [worker-akka.actor.default-dispatcher-10] INFO  a.a.LocalActorRef akka://worker/user/watcher/processing-watcher/graph/edge/FlameSocketGraphDeployerRear - Stopped
19:11:13.574 [worker-akka.actor.default-dispatcher-10] INFO  a.a.LocalActorRef akka://worker/user/watcher/processing-watcher/graph/negotiator - Stopped
19:11:13.584 [worker-akka.actor.default-dispatcher-13] INFO  a.a.LocalActorRef akka://worker/user/watcher/processing-watcher/graph/edge/FlameSocketGraphDeployerFront - Stopped
19:11:13.588 [worker-akka.actor.default-dispatcher-12] INFO  a.a.LocalActorRef akka://worker/user/watcher/processing-watcher/graph/graph/$+ - Stopped
19:11:13.588 [worker-akka.actor.default-dispatcher-12] INFO  a.a.LocalActorRef akka://worker/user/watcher/processing-watcher/graph/edge - Stopped
19:11:13.592 [worker-akka.actor.default-dispatcher-6] INFO  a.a.LocalActorRef akka://worker/user/watcher/processing-watcher/graph/graph/$0 - Stopped
19:11:13.592 [worker-akka.actor.default-dispatcher-6] INFO  a.a.LocalActorRef akka://worker/user/watcher/processing-watcher/graph/graph/$1 - Stopped
19:11:13.593 [worker-akka.actor.default-dispatcher-6] INFO  a.a.LocalActorRef akka://worker/user/watcher/processing-watcher/graph/graph/$2 - Stopped
19:11:13.593 [worker-akka.actor.default-dispatcher-6] INFO  a.a.LocalActorRef akka://worker/user/watcher/processing-watcher/graph/graph/$3 - Stopped
19:11:13.593 [worker-akka.actor.default-dispatcher-6] INFO  a.a.LocalActorRef akka://worker/user/watcher/processing-watcher/graph/graph/$4 - Stopped
19:11:13.594 [worker-akka.actor.default-dispatcher-19] INFO  a.a.LocalActorRef akka://worker/user/watcher/processing-watcher/graph/graph/$5 - Stopped
19:11:13.595 [worker-akka.actor.default-dispatcher-19] INFO  a.a.LocalActorRef akka://worker/user/watcher/processing-watcher/graph/graph/$6 - Stopped
19:11:13.595 [worker-akka.actor.default-dispatcher-19] INFO  a.a.LocalActorRef akka://worker/user/watcher/processing-watcher/graph/graph/$7 - Stopped
19:11:13.595 [worker-akka.actor.default-dispatcher-19] INFO  a.a.LocalActorRef akka://worker/user/watcher/processing-watcher/graph/graph/$8 - Stopped
19:11:13.595 [worker-akka.actor.default-dispatcher-19] INFO  a.a.LocalActorRef akka://worker/user/watcher/processing-watcher/graph/graph/$9 - Stopped
19:11:13.595 [worker-akka.actor.default-dispatcher-18] INFO  a.a.LocalActorRef akka://worker/user/watcher/processing-watcher/graph/graph/$A - Stopped
19:11:13.596 [worker-akka.actor.default-dispatcher-18] INFO  a.a.LocalActorRef akka://worker/user/watcher/processing-watcher/graph/graph/$Ab - Stopped
19:11:13.596 [worker-akka.actor.default-dispatcher-18] INFO  a.a.LocalActorRef akka://worker/user/watcher/processing-watcher/graph/graph/$B - Stopped
19:11:13.596 [worker-akka.actor.default-dispatcher-18] INFO  a.a.LocalActorRef akka://worker/user/watcher/processing-watcher/graph/graph/$Bb - Stopped
19:11:13.596 [worker-akka.actor.default-dispatcher-18] INFO  a.a.LocalActorRef akka://worker/user/watcher/processing-watcher/graph/graph/$C - Stopped
19:11:13.596 [worker-akka.actor.default-dispatcher-6] INFO  a.a.LocalActorRef akka://worker/user/watcher/processing-watcher/graph/graph/$Cb - Stopped
19:11:13.596 [worker-akka.actor.default-dispatcher-6] INFO  a.a.LocalActorRef akka://worker/user/watcher/processing-watcher/graph/graph/$D - Stopped
19:11:13.596 [worker-akka.actor.default-dispatcher-6] INFO  a.a.LocalActorRef akka://worker/user/watcher/processing-watcher/graph/graph/$Db - Stopped
19:11:13.599 [worker-akka.actor.default-dispatcher-20] INFO  a.a.LocalActorRef akka://worker/user/watcher/processing-watcher/graph/graph/$E - Stopped
19:11:13.600 [worker-akka.actor.default-dispatcher-20] INFO  a.a.LocalActorRef akka://worker/user/watcher/processing-watcher/graph/graph/$Eb - Stopped
19:11:13.600 [worker-akka.actor.default-dispatcher-20] INFO  a.a.LocalActorRef akka://worker/user/watcher/processing-watcher/graph/graph/$F - Stopped
19:11:13.600 [worker-akka.actor.default-dispatcher-20] INFO  a.a.LocalActorRef akka://worker/user/watcher/processing-watcher/graph/graph/$Fb - Stopped
19:11:13.600 [worker-akka.actor.default-dispatcher-20] INFO  a.a.LocalActorRef akka://worker/user/watcher/processing-watcher/graph/graph/$G - Stopped
19:11:13.601 [worker-akka.actor.default-dispatcher-20] INFO  a.a.LocalActorRef akka://worker/user/watcher/processing-watcher/graph/graph/$Gb - Stopped
19:11:13.601 [worker-akka.actor.default-dispatcher-20] INFO  a.a.LocalActorRef akka://worker/user/watcher/processing-watcher/graph/graph/$H - Stopped
19:11:13.601 [worker-akka.actor.default-dispatcher-20] INFO  a.a.LocalActorRef akka://worker/user/watcher/processing-watcher/graph/graph/$Hb - Stopped
19:11:13.601 [worker-akka.actor.default-dispatcher-20] INFO  a.a.LocalActorRef akka://worker/user/watcher/processing-watcher/graph/graph/$I - Stopped
19:11:13.601 [worker-akka.actor.default-dispatcher-20] INFO  a.a.LocalActorRef akka://worker/user/watcher/processing-watcher/graph/graph/$Ib - Stopped
19:11:13.601 [worker-akka.actor.default-dispatcher-20] INFO  a.a.LocalActorRef akka://worker/user/watcher/processing-watcher/graph/graph/$J - Stopped
19:11:13.605 [worker-akka.actor.default-dispatcher-20] INFO  a.a.LocalActorRef akka://worker/user/watcher/processing-watcher/graph/graph/$Jb - Stopped
19:11:13.606 [worker-akka.actor.default-dispatcher-20] INFO  a.a.LocalActorRef akka://worker/user/watcher/processing-watcher/graph/graph/$K - Stopped
19:11:13.607 [worker-akka.actor.default-dispatcher-20] INFO  a.a.LocalActorRef akka://worker/user/watcher/processing-watcher/graph/graph/$Kb - Stopped
19:11:13.607 [worker-akka.actor.default-dispatcher-20] INFO  a.a.LocalActorRef akka://worker/user/watcher/processing-watcher/graph/graph/$L - Stopped
19:11:13.609 [worker-akka.actor.default-dispatcher-20] INFO  a.a.LocalActorRef akka://worker/user/watcher/processing-watcher/graph/graph/$Lb - Stopped
19:11:13.610 [worker-akka.actor.default-dispatcher-20] INFO  a.a.LocalActorRef akka://worker/user/watcher/processing-watcher/graph/graph/$M - Stopped
19:11:13.610 [worker-akka.actor.default-dispatcher-20] INFO  a.a.LocalActorRef akka://worker/user/watcher/processing-watcher/graph/graph/$Mb - Stopped
19:11:13.611 [worker-akka.actor.default-dispatcher-20] INFO  a.a.LocalActorRef akka://worker/user/watcher/processing-watcher/graph/graph/$N - Stopped
19:11:13.612 [worker-akka.actor.default-dispatcher-20] INFO  a.a.LocalActorRef akka://worker/user/watcher/processing-watcher/graph/graph/$Nb - Stopped
19:11:13.614 [worker-akka.actor.default-dispatcher-20] INFO  a.a.LocalActorRef akka://worker/user/watcher/processing-watcher/graph/graph/$O - Stopped
19:11:13.614 [worker-akka.actor.default-dispatcher-20] INFO  a.a.LocalActorRef akka://worker/user/watcher/processing-watcher/graph/graph/$P - Stopped
19:11:13.615 [worker-akka.actor.default-dispatcher-20] INFO  a.a.LocalActorRef akka://worker/user/watcher/processing-watcher/graph/graph/$Q - Stopped
19:11:13.616 [worker-akka.actor.default-dispatcher-20] INFO  a.a.LocalActorRef akka://worker/user/watcher/processing-watcher/graph/graph/$R - Stopped
19:11:13.616 [worker-akka.actor.default-dispatcher-20] INFO  a.a.LocalActorRef akka://worker/user/watcher/processing-watcher/graph/graph/$S - Stopped
19:11:13.617 [worker-akka.actor.default-dispatcher-20] INFO  a.a.LocalActorRef akka://worker/user/watcher/processing-watcher/graph/graph/$T - Stopped
19:11:13.618 [worker-akka.actor.default-dispatcher-20] INFO  a.a.LocalActorRef akka://worker/user/watcher/processing-watcher/graph/graph/$U - Stopped
19:11:13.618 [worker-akka.actor.default-dispatcher-20] INFO  a.a.LocalActorRef akka://worker/user/watcher/processing-watcher/graph/graph/$V - Stopped
19:11:13.618 [worker-akka.actor.default-dispatcher-20] INFO  a.a.LocalActorRef akka://worker/user/watcher/processing-watcher/graph/graph/$W - Stopped
19:11:13.619 [worker-akka.actor.default-dispatcher-20] INFO  a.a.LocalActorRef akka://worker/user/watcher/processing-watcher/graph/graph/$X - Stopped
19:11:13.620 [worker-akka.actor.default-dispatcher-20] INFO  a.a.LocalActorRef akka://worker/user/watcher/processing-watcher/graph/graph/$Y - Stopped
19:11:13.620 [worker-akka.actor.default-dispatcher-20] INFO  a.a.LocalActorRef akka://worker/user/watcher/processing-watcher/graph/graph/$Z - Stopped
19:11:13.621 [worker-akka.actor.default-dispatcher-20] INFO  a.a.LocalActorRef akka://worker/user/watcher/processing-watcher/graph/graph/$a - Stopped
19:11:13.622 [worker-akka.actor.default-dispatcher-20] INFO  a.a.LocalActorRef akka://worker/user/watcher/processing-watcher/graph/graph/$ab - Stopped
19:11:13.624 [worker-akka.actor.default-dispatcher-20] INFO  a.a.LocalActorRef akka://worker/user/watcher/processing-watcher/graph/graph/$b - Stopped
19:11:13.625 [worker-akka.actor.default-dispatcher-20] INFO  a.a.LocalActorRef akka://worker/user/watcher/processing-watcher/graph/graph/$bb - Stopped
19:11:13.625 [worker-akka.actor.default-dispatcher-20] INFO  a.a.LocalActorRef akka://worker/user/watcher/processing-watcher/graph/graph/$c - Stopped
19:11:13.626 [worker-akka.actor.default-dispatcher-20] INFO  a.a.LocalActorRef akka://worker/user/watcher/processing-watcher/graph/graph/$cb - Stopped
19:11:13.627 [worker-akka.actor.default-dispatcher-20] INFO  a.a.LocalActorRef akka://worker/user/watcher/processing-watcher/graph/graph/$d - Stopped
19:11:13.628 [worker-akka.actor.default-dispatcher-20] INFO  a.a.LocalActorRef akka://worker/user/watcher/processing-watcher/graph/graph/$db - Stopped
19:11:13.628 [worker-akka.actor.default-dispatcher-20] INFO  a.a.LocalActorRef akka://worker/user/watcher/processing-watcher/graph/graph/$e - Stopped
19:11:13.628 [worker-akka.actor.default-dispatcher-20] INFO  a.a.LocalActorRef akka://worker/user/watcher/processing-watcher/graph/graph/$eb - Stopped
19:11:13.629 [worker-akka.actor.default-dispatcher-20] INFO  a.a.LocalActorRef akka://worker/user/watcher/processing-watcher/graph/graph/$f - Stopped
19:11:13.630 [worker-akka.actor.default-dispatcher-20] INFO  a.a.LocalActorRef akka://worker/user/watcher/processing-watcher/graph/graph/$fb - Stopped
19:11:13.631 [worker-akka.actor.default-dispatcher-20] INFO  a.a.LocalActorRef akka://worker/user/watcher/processing-watcher/graph/graph/$g - Stopped
19:11:13.632 [worker-akka.actor.default-dispatcher-20] INFO  a.a.LocalActorRef akka://worker/user/watcher/processing-watcher/graph/graph/$gb - Stopped
19:11:13.632 [worker-akka.actor.default-dispatcher-20] INFO  a.a.LocalActorRef akka://worker/user/watcher/processing-watcher/graph/graph/$h - Stopped
19:11:13.633 [worker-akka.actor.default-dispatcher-20] INFO  a.a.LocalActorRef akka://worker/user/watcher/processing-watcher/graph/graph/$hb - Stopped
19:11:13.635 [worker-akka.actor.default-dispatcher-20] INFO  a.a.LocalActorRef akka://worker/user/watcher/processing-watcher/graph/graph/$i - Stopped
19:11:13.635 [worker-akka.actor.default-dispatcher-20] INFO  a.a.LocalActorRef akka://worker/user/watcher/processing-watcher/graph/graph/$ib - Stopped
19:11:13.636 [worker-akka.actor.default-dispatcher-19] INFO  a.a.LocalActorRef akka://worker/user/watcher/processing-watcher/graph/graph/$j - Stopped
19:11:13.637 [worker-akka.actor.default-dispatcher-19] INFO  a.a.LocalActorRef akka://worker/user/watcher/processing-watcher/graph/graph/$jb - Stopped
19:11:13.637 [worker-akka.actor.default-dispatcher-19] INFO  a.a.LocalActorRef akka://worker/user/watcher/processing-watcher/graph/graph/$k - Stopped
19:11:13.637 [worker-akka.actor.default-dispatcher-19] INFO  a.a.LocalActorRef akka://worker/user/watcher/processing-watcher/graph/graph/$kb - Stopped
19:11:13.637 [worker-akka.actor.default-dispatcher-20] INFO  a.a.LocalActorRef akka://worker/user/watcher/processing-watcher/graph/graph/$l - Stopped
19:11:13.638 [worker-akka.actor.default-dispatcher-20] INFO  a.a.LocalActorRef akka://worker/user/watcher/processing-watcher/graph/graph/$lb - Stopped
19:11:13.639 [worker-akka.actor.default-dispatcher-20] INFO  a.a.LocalActorRef akka://worker/user/watcher/processing-watcher/graph/graph/$m - Stopped
19:11:13.639 [worker-akka.actor.default-dispatcher-20] INFO  a.a.LocalActorRef akka://worker/user/watcher/processing-watcher/graph/graph/$mb - Stopped
19:11:13.640 [worker-akka.actor.default-dispatcher-20] INFO  a.a.LocalActorRef akka://worker/user/watcher/processing-watcher/graph/graph/$n - Stopped
19:11:13.641 [worker-akka.actor.default-dispatcher-20] INFO  a.a.LocalActorRef akka://worker/user/watcher/processing-watcher/graph/graph/$nb - Stopped
19:11:13.643 [worker-akka.actor.default-dispatcher-19] INFO  a.a.LocalActorRef akka://worker/user/watcher/processing-watcher/graph/graph/$o - Stopped
19:11:13.643 [worker-akka.actor.default-dispatcher-19] INFO  a.a.LocalActorRef akka://worker/user/watcher/processing-watcher/graph/graph/$ob - Stopped
19:11:13.643 [worker-akka.actor.default-dispatcher-19] INFO  a.a.LocalActorRef akka://worker/user/watcher/processing-watcher/graph/graph/$p - Stopped
19:11:13.643 [worker-akka.actor.default-dispatcher-20] INFO  a.a.LocalActorRef akka://worker/user/watcher/processing-watcher/graph/graph/$pb - Stopped
19:11:13.644 [worker-akka.actor.default-dispatcher-20] INFO  a.a.LocalActorRef akka://worker/user/watcher/processing-watcher/graph/graph/$q - Stopped
19:11:13.644 [worker-akka.actor.default-dispatcher-20] INFO  a.a.LocalActorRef akka://worker/user/watcher/processing-watcher/graph/graph/$qb - Stopped
19:11:13.645 [worker-akka.actor.default-dispatcher-20] INFO  a.a.LocalActorRef akka://worker/user/watcher/processing-watcher/graph/graph/$r - Stopped
19:11:13.646 [worker-akka.actor.default-dispatcher-20] INFO  a.a.LocalActorRef akka://worker/user/watcher/processing-watcher/graph/graph/$rb - Stopped
19:11:13.647 [worker-akka.actor.default-dispatcher-20] INFO  a.a.LocalActorRef akka://worker/user/watcher/processing-watcher/graph/graph/$s - Stopped
19:11:13.647 [worker-akka.actor.default-dispatcher-20] INFO  a.a.LocalActorRef akka://worker/user/watcher/processing-watcher/graph/graph/$sb - Stopped
19:11:13.648 [worker-akka.actor.default-dispatcher-19] INFO  a.a.LocalActorRef akka://worker/user/watcher/processing-watcher/graph/graph/$t - Stopped
19:11:13.648 [worker-akka.actor.default-dispatcher-19] INFO  a.a.LocalActorRef akka://worker/user/watcher/processing-watcher/graph/graph/$tb - Stopped
19:11:13.649 [worker-akka.actor.default-dispatcher-19] INFO  a.a.LocalActorRef akka://worker/user/watcher/processing-watcher/graph/graph/$u - Stopped
19:11:13.649 [worker-akka.actor.default-dispatcher-19] INFO  a.a.LocalActorRef akka://worker/user/watcher/processing-watcher/graph/graph/$ub - Stopped
19:11:13.650 [worker-akka.actor.default-dispatcher-19] INFO  a.a.LocalActorRef akka://worker/user/watcher/processing-watcher/graph/graph/$v - Stopped
19:11:13.650 [worker-akka.actor.default-dispatcher-19] INFO  a.a.LocalActorRef akka://worker/user/watcher/processing-watcher/graph/graph/$vb - Stopped
19:11:13.651 [worker-akka.actor.default-dispatcher-20] INFO  a.a.LocalActorRef akka://worker/user/watcher/processing-watcher/graph/graph/$w - Stopped
19:11:13.651 [worker-akka.actor.default-dispatcher-20] INFO  a.a.LocalActorRef akka://worker/user/watcher/processing-watcher/graph/graph/$wb - Stopped
19:11:13.651 [worker-akka.actor.default-dispatcher-20] INFO  a.a.LocalActorRef akka://worker/user/watcher/processing-watcher/graph/graph/$x - Stopped
19:11:13.652 [worker-akka.actor.default-dispatcher-20] INFO  a.a.LocalActorRef akka://worker/user/watcher/processing-watcher/graph/graph/$xb - Stopped
19:11:13.652 [worker-akka.actor.default-dispatcher-20] INFO  a.a.LocalActorRef akka://worker/user/watcher/processing-watcher/graph/graph/$y - Stopped
19:11:13.654 [worker-akka.actor.default-dispatcher-20] INFO  a.a.LocalActorRef akka://worker/user/watcher/processing-watcher/graph/graph/$yb - Stopped
19:11:13.654 [worker-akka.actor.default-dispatcher-20] INFO  a.a.LocalActorRef akka://worker/user/watcher/processing-watcher/graph/graph/$z - Stopped
19:11:13.655 [worker-akka.actor.default-dispatcher-20] INFO  a.a.LocalActorRef akka://worker/user/watcher/processing-watcher/graph/graph/$zb - Stopped
19:11:13.655 [worker-akka.actor.default-dispatcher-20] INFO  a.a.LocalActorRef akka://worker/user/watcher/processing-watcher/graph/graph/$~ - Stopped
19:11:13.670 [worker-akka.actor.default-dispatcher-20] INFO  a.a.LocalActorRef akka://worker/user/watcher/processing-watcher/graph/graph - Stopped
19:11:13.674 [worker-akka.actor.default-dispatcher-20] INFO  a.a.LocalActorRef akka://worker/user/watcher/processing-watcher/graph - Stopped
19:11:13.675 [worker-akka.actor.default-dispatcher-20] INFO  a.a.LocalActorRef akka://worker/user/watcher/processing-watcher - Stopped
19:11:13.682 [Curator-Framework-0] INFO  o.a.c.f.i.CuratorFrameworkImpl  - backgroundOperationsLoop exiting
19:11:13.695 [Curator-PathChildrenCache-0] ERROR o.a.c.f.r.c.PathChildrenCache  - 
java.lang.IllegalStateException: instance must be started before calling this method
	at org.apache.curator.shaded.com.google.common.base.Preconditions.checkState(Preconditions.java:444)
	at org.apache.curator.framework.imps.CuratorFrameworkImpl.getChildren(CuratorFrameworkImpl.java:456)
	at org.apache.curator.framework.recipes.cache.PathChildrenCache.refresh(PathChildrenCache.java:521)
	at org.apache.curator.framework.recipes.cache.RefreshOperation.invoke(RefreshOperation.java:35)
	at org.apache.curator.framework.recipes.cache.PathChildrenCache$9.run(PathChildrenCache.java:786)
	at java.util.concurrent.Executors$RunnableAdapter.call(Executors.java:511)
	at java.util.concurrent.FutureTask.run(FutureTask.java:266)
	at java.util.concurrent.Executors$RunnableAdapter.call(Executors.java:511)
	at java.util.concurrent.FutureTask.run(FutureTask.java:266)
	at java.util.concurrent.ThreadPoolExecutor.runWorker(ThreadPoolExecutor.java:1149)
	at java.util.concurrent.ThreadPoolExecutor$Worker.run(ThreadPoolExecutor.java:624)
	at java.lang.Thread.run(Thread.java:748)
19:11:13.696 [worker-akka.actor.default-dispatcher-10-EventThread] INFO  o.a.z.ClientCnxn  - EventThread shut down for session: 0x100015787a40000
19:11:13.696 [worker-akka.actor.default-dispatcher-20] INFO  o.a.z.ZooKeeper  - Session: 0x100015787a40000 closed
19:11:13.696 [worker-akka.actor.default-dispatcher-13] INFO  a.a.RepointableActorRef akka://worker/user/watcher - Stopped
19:11:13.702 [worker-akka.actor.default-dispatcher-13] INFO  a.r.RemoteActorRefProvider$RemotingTerminator akka://worker@flamestream-benchmarks-worker-2:5412/system/remoting-terminator - Shutting down remote daemon.
19:11:13.703 [worker-akka.actor.default-dispatcher-13] INFO  a.r.RemoteActorRefProvider$RemotingTerminator akka://worker@flamestream-benchmarks-worker-2:5412/system/remoting-terminator - Remote daemon shut down; proceeding with flushing remote transports.
19:11:14.938 [worker-akka.actor.default-dispatcher-20] INFO  a.r.RemoteActorRefProvider$RemotingTerminator akka://worker@flamestream-benchmarks-worker-2:5412/system/remoting-terminator - Remoting shut down.
Heap
 def new generation   total 460800K, used 249517K [0x00000000a2400000, 0x00000000c1800000, 0x00000000c1800000)
  eden space 409600K,  60% used [0x00000000a2400000, 0x00000000b1782928, 0x00000000bb400000)
  from space 51200K,   0% used [0x00000000bb400000, 0x00000000bb428b38, 0x00000000be600000)
  to   space 51200K,   0% used [0x00000000be600000, 0x00000000be600000, 0x00000000c1800000)
 tenured generation   total 1024000K, used 56820K [0x00000000c1800000, 0x0000000100000000, 0x0000000100000000)
   the space 1024000K,   5% used [0x00000000c1800000, 0x00000000c4f7d3e0, 0x00000000c4f7d400, 0x0000000100000000)
 Metaspace       used 40675K, capacity 43452K, committed 43648K, reserved 1087488K
  class space    used 5335K, capacity 5655K, committed 5760K, reserved 1048576K
