05:38:00,659 |-INFO in ch.qos.logback.classic.LoggerContext[default] - Could NOT find resource [logback-test.xml]
05:38:00,659 |-INFO in ch.qos.logback.classic.LoggerContext[default] - Could NOT find resource [logback.groovy]
05:38:00,662 |-INFO in ch.qos.logback.classic.LoggerContext[default] - Found resource [logback.xml] at [jar:file:/root/flamestream/lib/flamestream-runtime-1.0-SNAPSHOT.jar!/logback.xml]
05:38:00,662 |-WARN in ch.qos.logback.classic.LoggerContext[default] - Resource [logback.xml] occurs multiple times on the classpath.
05:38:00,662 |-WARN in ch.qos.logback.classic.LoggerContext[default] - Resource [logback.xml] occurs at [jar:file:/root/flamestream/lib/flamestream-runtime-1.0-SNAPSHOT.jar!/logback.xml]
05:38:00,662 |-WARN in ch.qos.logback.classic.LoggerContext[default] - Resource [logback.xml] occurs at [jar:file:/root/flamestream/flamestream-runtime-1.0-SNAPSHOT.jar!/logback.xml]
05:38:00,682 |-INFO in ch.qos.logback.core.joran.spi.ConfigurationWatchList@3fb6a447 - URL [jar:file:/root/flamestream/lib/flamestream-runtime-1.0-SNAPSHOT.jar!/logback.xml] is not of type file
05:38:00,757 |-INFO in ch.qos.logback.classic.joran.action.ConfigurationAction - debug attribute not set
05:38:00,758 |-INFO in ch.qos.logback.core.joran.action.AppenderAction - About to instantiate appender of type [ch.qos.logback.core.ConsoleAppender]
05:38:00,770 |-INFO in ch.qos.logback.core.joran.action.AppenderAction - Naming appender as [STDOUT]
05:38:00,788 |-INFO in ch.qos.logback.core.joran.action.NestedComplexPropertyIA - Assuming default type [ch.qos.logback.classic.encoder.PatternLayoutEncoder] for [encoder] property
05:38:00,870 |-INFO in ch.qos.logback.core.joran.action.AppenderAction - About to instantiate appender of type [ch.qos.logback.core.rolling.RollingFileAppender]
05:38:00,879 |-INFO in ch.qos.logback.core.joran.action.AppenderAction - Naming appender as [FILE]
05:38:00,910 |-INFO in c.q.l.core.rolling.TimeBasedRollingPolicy@127618319 - No compression will be used
05:38:00,911 |-INFO in c.q.l.core.rolling.TimeBasedRollingPolicy@127618319 - Will use the pattern /tmp/application_%d{yyyy-MM-dd}.%i.log for the active file
05:38:00,914 |-INFO in ch.qos.logback.core.rolling.SizeAndTimeBasedFNATP@6b2fad11 - The date pattern is 'yyyy-MM-dd' from file name pattern '/tmp/application_%d{yyyy-MM-dd}.%i.log'.
05:38:00,914 |-INFO in ch.qos.logback.core.rolling.SizeAndTimeBasedFNATP@6b2fad11 - Roll-over at midnight.
05:38:00,920 |-INFO in ch.qos.logback.core.rolling.SizeAndTimeBasedFNATP@6b2fad11 - Setting initial period to Tue Jun 11 05:36:42 UTC 2019
05:38:00,920 |-WARN in ch.qos.logback.core.rolling.SizeAndTimeBasedFNATP@6b2fad11 - SizeAndTimeBasedFNATP is deprecated. Use SizeAndTimeBasedRollingPolicy instead
05:38:00,920 |-WARN in ch.qos.logback.core.rolling.SizeAndTimeBasedFNATP@6b2fad11 - For more information see http://logback.qos.ch/manual/appenders.html#SizeAndTimeBasedRollingPolicy
05:38:00,924 |-INFO in ch.qos.logback.core.joran.action.NestedComplexPropertyIA - Assuming default type [ch.qos.logback.classic.encoder.PatternLayoutEncoder] for [encoder] property
05:38:00,928 |-INFO in ch.qos.logback.core.rolling.RollingFileAppender[FILE] - Active log file name: /tmp/application.log
05:38:00,928 |-INFO in ch.qos.logback.core.rolling.RollingFileAppender[FILE] - File property is set to [/tmp/application.log]
05:38:00,929 |-INFO in ch.qos.logback.classic.joran.action.RootLoggerAction - Setting level of ROOT logger to WARN
05:38:00,929 |-INFO in ch.qos.logback.core.joran.action.AppenderRefAction - Attaching appender named [STDOUT] to Logger[ROOT]
05:38:00,931 |-INFO in ch.qos.logback.core.joran.action.AppenderRefAction - Attaching appender named [FILE] to Logger[ROOT]
05:38:00,931 |-INFO in ch.qos.logback.classic.joran.action.ConfigurationAction - End of configuration.
05:38:00,932 |-INFO in ch.qos.logback.classic.joran.JoranConfigurator@79698539 - Registering current configuration as safe fallback point

Ama winner
Ama winner
2019-06-11T05:38:02.237+0000: 1.759: [Full GC (Metadata GC Threshold) 2019-06-11T05:38:02.237+0000: 1.759: [Tenured: 0K->15240K(341376K), 0.0389593 secs] 114987K->15240K(494976K), [Metaspace: 20734K->20734K(1067008K)], 0.0390265 secs] [Times: user=0.03 sys=0.01, real=0.04 secs] 
05:38:17.410 [Curator-PathChildrenCache-3] WARN  o.a.c.u.ZKPaths  - The version of ZooKeeper being used doesn't support Container nodes. CreateMode.PERSISTENT will be used instead.
2019-06-11T05:38:19.443+0000: 18.966: [GC (Allocation Failure) 2019-06-11T05:38:19.444+0000: 18.966: [DefNew: 118488K->17024K(153600K), 0.0204624 secs] 133728K->33160K(494976K), 0.0205477 secs] [Times: user=0.01 sys=0.00, real=0.02 secs] 
2019-06-11T05:38:19.894+0000: 19.416: [Full GC (Metadata GC Threshold) 2019-06-11T05:38:19.894+0000: 19.416: [Tenured: 16136K->44374K(341376K), 0.0455273 secs] 69232K->44374K(494976K), [Metaspace: 34526K->34526K(1079296K)], 0.0456576 secs] [Times: user=0.04 sys=0.00, real=0.05 secs] 
2019-06-11T05:38:22.057+0000: 21.579: [GC (Allocation Failure) 2019-06-11T05:38:22.057+0000: 21.579: [DefNew: 136576K->148K(153600K), 0.0020925 secs] 180950K->44523K(494976K), 0.0021529 secs] [Times: user=0.00 sys=0.00, real=0.01 secs] 
2019-06-11T05:38:23.828+0000: 23.351: [GC (Allocation Failure) 2019-06-11T05:38:23.828+0000: 23.351: [DefNew: 136724K->156K(153600K), 0.0019010 secs] 181099K->44531K(494976K), 0.0019612 secs] [Times: user=0.00 sys=0.00, real=0.00 secs] 
2019-06-11T05:38:25.543+0000: 25.066: [GC (Allocation Failure) 2019-06-11T05:38:25.544+0000: 25.066: [DefNew: 136732K->170K(153600K), 0.0018862 secs] 181107K->44544K(494976K), 0.0019456 secs] [Times: user=0.00 sys=0.00, real=0.00 secs] 
2019-06-11T05:38:27.348+0000: 26.871: [GC (Allocation Failure) 2019-06-11T05:38:27.348+0000: 26.871: [DefNew: 136746K->171K(153600K), 0.0018488 secs] 181120K->44546K(494976K), 0.0019069 secs] [Times: user=0.00 sys=0.00, real=0.00 secs] 
2019-06-11T05:38:29.118+0000: 28.640: [GC (Allocation Failure) 2019-06-11T05:38:29.118+0000: 28.640: [DefNew: 136747K->176K(153600K), 0.0018525 secs] 181122K->44550K(494976K), 0.0019078 secs] [Times: user=0.00 sys=0.00, real=0.01 secs] 
2019-06-11T05:38:30.842+0000: 30.364: [GC (Allocation Failure) 2019-06-11T05:38:30.842+0000: 30.364: [DefNew: 136752K->203K(153600K), 0.0018897 secs] 181126K->44578K(494976K), 0.0019630 secs] [Times: user=0.00 sys=0.00, real=0.00 secs] 
2019-06-11T05:38:38.404+0000: 37.926: [GC (Allocation Failure) 2019-06-11T05:38:38.404+0000: 37.926: [DefNew: 136779K->235K(153600K), 0.0019651 secs] 181154K->44610K(494976K), 0.0020270 secs] [Times: user=0.00 sys=0.01, real=0.00 secs] 
05:38:42.492 [Curator-PathChildrenCache-0] ERROR o.a.c.f.r.c.PathChildrenCache  - 
java.lang.IllegalStateException: instance must be started before calling this method
	at org.apache.curator.shaded.com.google.common.base.Preconditions.checkState(Preconditions.java:444)
	at org.apache.curator.framework.imps.CuratorFrameworkImpl.getChildren(CuratorFrameworkImpl.java:456)
	at org.apache.curator.framework.recipes.cache.PathChildrenCache.refresh(PathChildrenCache.java:521)
	at org.apache.curator.framework.recipes.cache.RefreshOperation.invoke(RefreshOperation.java:35)
	at org.apache.curator.framework.recipes.cache.PathChildrenCache$9.run(PathChildrenCache.java:786)
	at java.util.concurrent.Executors$RunnableAdapter.call(Executors.java:511)
	at java.util.concurrent.FutureTask.run(FutureTask.java:266)
	at java.util.concurrent.Executors$RunnableAdapter.call(Executors.java:511)
	at java.util.concurrent.FutureTask.run(FutureTask.java:266)
	at java.util.concurrent.ThreadPoolExecutor.runWorker(ThreadPoolExecutor.java:1149)
	at java.util.concurrent.ThreadPoolExecutor$Worker.run(ThreadPoolExecutor.java:624)
	at java.lang.Thread.run(Thread.java:748)
Heap
 def new generation   total 153600K, used 54087K [0x00000000e0c00000, 0x00000000eb2a0000, 0x00000000eb2a0000)
  eden space 136576K,  39% used [0x00000000e0c00000, 0x00000000e4096f60, 0x00000000e9160000)
  from space 17024K,   1% used [0x00000000e9160000, 0x00000000e919aee0, 0x00000000ea200000)
  to   space 17024K,   0% used [0x00000000ea200000, 0x00000000ea200000, 0x00000000eb2a0000)
 tenured generation   total 341376K, used 44374K [0x00000000eb2a0000, 0x0000000100000000, 0x0000000100000000)
   the space 341376K,  12% used [0x00000000eb2a0000, 0x00000000eddf5a68, 0x00000000eddf5c00, 0x0000000100000000)
 Metaspace       used 35947K, capacity 36936K, committed 37120K, reserved 1081344K
  class space    used 4858K, capacity 5060K, committed 5120K, reserved 1048576K
