15:55:44,005 |-INFO in ch.qos.logback.classic.LoggerContext[default] - Could NOT find resource [logback-test.xml]
15:55:44,005 |-INFO in ch.qos.logback.classic.LoggerContext[default] - Could NOT find resource [logback.groovy]
15:55:44,005 |-INFO in ch.qos.logback.classic.LoggerContext[default] - Found resource [logback.xml] at [jar:file:/root/flamestream/lib/flamestream-runtime-1.0-SNAPSHOT.jar!/logback.xml]
15:55:44,006 |-WARN in ch.qos.logback.classic.LoggerContext[default] - Resource [logback.xml] occurs multiple times on the classpath.
15:55:44,010 |-WARN in ch.qos.logback.classic.LoggerContext[default] - Resource [logback.xml] occurs at [jar:file:/root/flamestream/lib/flamestream-runtime-1.0-SNAPSHOT.jar!/logback.xml]
15:55:44,010 |-WARN in ch.qos.logback.classic.LoggerContext[default] - Resource [logback.xml] occurs at [jar:file:/root/flamestream/flamestream-runtime-1.0-SNAPSHOT.jar!/logback.xml]
15:55:44,032 |-INFO in ch.qos.logback.core.joran.spi.ConfigurationWatchList@3fb6a447 - URL [jar:file:/root/flamestream/lib/flamestream-runtime-1.0-SNAPSHOT.jar!/logback.xml] is not of type file
15:55:44,104 |-INFO in ch.qos.logback.classic.joran.action.ConfigurationAction - debug attribute not set
15:55:44,104 |-INFO in ch.qos.logback.core.joran.action.AppenderAction - About to instantiate appender of type [ch.qos.logback.core.ConsoleAppender]
15:55:44,121 |-INFO in ch.qos.logback.core.joran.action.AppenderAction - Naming appender as [STDOUT]
15:55:44,139 |-INFO in ch.qos.logback.core.joran.action.NestedComplexPropertyIA - Assuming default type [ch.qos.logback.classic.encoder.PatternLayoutEncoder] for [encoder] property
15:55:44,220 |-INFO in ch.qos.logback.core.joran.action.AppenderAction - About to instantiate appender of type [ch.qos.logback.core.rolling.RollingFileAppender]
15:55:44,225 |-INFO in ch.qos.logback.core.joran.action.AppenderAction - Naming appender as [FILE]
15:55:44,257 |-INFO in c.q.l.core.rolling.TimeBasedRollingPolicy@127618319 - No compression will be used
15:55:44,259 |-INFO in c.q.l.core.rolling.TimeBasedRollingPolicy@127618319 - Will use the pattern /tmp/application_%d{yyyy-MM-dd}.%i.log for the active file
15:55:44,262 |-INFO in ch.qos.logback.core.rolling.SizeAndTimeBasedFNATP@6b2fad11 - The date pattern is 'yyyy-MM-dd' from file name pattern '/tmp/application_%d{yyyy-MM-dd}.%i.log'.
15:55:44,262 |-INFO in ch.qos.logback.core.rolling.SizeAndTimeBasedFNATP@6b2fad11 - Roll-over at midnight.
15:55:44,267 |-INFO in ch.qos.logback.core.rolling.SizeAndTimeBasedFNATP@6b2fad11 - Setting initial period to Mon Jun 10 15:54:25 UTC 2019
15:55:44,267 |-WARN in ch.qos.logback.core.rolling.SizeAndTimeBasedFNATP@6b2fad11 - SizeAndTimeBasedFNATP is deprecated. Use SizeAndTimeBasedRollingPolicy instead
15:55:44,267 |-WARN in ch.qos.logback.core.rolling.SizeAndTimeBasedFNATP@6b2fad11 - For more information see http://logback.qos.ch/manual/appenders.html#SizeAndTimeBasedRollingPolicy
15:55:44,271 |-INFO in ch.qos.logback.core.joran.action.NestedComplexPropertyIA - Assuming default type [ch.qos.logback.classic.encoder.PatternLayoutEncoder] for [encoder] property
15:55:44,276 |-INFO in ch.qos.logback.core.rolling.RollingFileAppender[FILE] - Active log file name: /tmp/application.log
15:55:44,276 |-INFO in ch.qos.logback.core.rolling.RollingFileAppender[FILE] - File property is set to [/tmp/application.log]
15:55:44,277 |-INFO in ch.qos.logback.classic.joran.action.RootLoggerAction - Setting level of ROOT logger to WARN
15:55:44,277 |-INFO in ch.qos.logback.core.joran.action.AppenderRefAction - Attaching appender named [STDOUT] to Logger[ROOT]
15:55:44,279 |-INFO in ch.qos.logback.core.joran.action.AppenderRefAction - Attaching appender named [FILE] to Logger[ROOT]
15:55:44,279 |-INFO in ch.qos.logback.classic.joran.action.ConfigurationAction - End of configuration.
15:55:44,279 |-INFO in ch.qos.logback.classic.joran.JoranConfigurator@79698539 - Registering current configuration as safe fallback point

Ama winner
Ama winner
2019-06-10T15:55:45.578+0000: 1.751: [Full GC (Metadata GC Threshold) 2019-06-10T15:55:45.578+0000: 1.751: [Tenured: 0K->15144K(341376K), 0.0397590 secs] 114988K->15144K(494976K), [Metaspace: 20735K->20735K(1067008K)], 0.0398290 secs] [Times: user=0.04 sys=0.00, real=0.04 secs] 
15:56:05.126 [Curator-PathChildrenCache-1] WARN  o.a.c.u.ZKPaths  - The version of ZooKeeper being used doesn't support Container nodes. CreateMode.PERSISTENT will be used instead.
2019-06-10T15:56:07.568+0000: 23.740: [GC (Allocation Failure) 2019-06-10T15:56:07.568+0000: 23.740: [DefNew: 136576K->17023K(153600K), 0.0249752 secs] 151720K->52602K(494976K), 0.0250380 secs] [Times: user=0.02 sys=0.01, real=0.03 secs] 
2019-06-10T15:56:08.151+0000: 24.323: [Full GC (Metadata GC Threshold) 2019-06-10T15:56:08.151+0000: 24.324: [Tenured: 35578K->44117K(341376K), 0.0379634 secs] 70411K->44117K(494976K), [Metaspace: 34563K->34563K(1079296K)], 0.0380621 secs] [Times: user=0.02 sys=0.01, real=0.03 secs] 
2019-06-10T15:56:14.492+0000: 30.665: [GC (Allocation Failure) 2019-06-10T15:56:14.493+0000: 30.665: [DefNew: 136576K->118K(153600K), 0.0018643 secs] 180693K->44235K(494976K), 0.0019213 secs] [Times: user=0.00 sys=0.00, real=0.00 secs] 
2019-06-10T15:56:20.761+0000: 36.934: [GC (Allocation Failure) 2019-06-10T15:56:20.761+0000: 36.934: [DefNew: 136694K->116K(153600K), 0.0017784 secs] 180811K->44233K(494976K), 0.0018401 secs] [Times: user=0.00 sys=0.00, real=0.01 secs] 
2019-06-10T15:56:27.008+0000: 43.181: [GC (Allocation Failure) 2019-06-10T15:56:27.008+0000: 43.181: [DefNew: 136692K->117K(153600K), 0.0018485 secs] 180809K->44234K(494976K), 0.0019163 secs] [Times: user=0.00 sys=0.00, real=0.00 secs] 
2019-06-10T15:56:33.262+0000: 49.435: [GC (Allocation Failure) 2019-06-10T15:56:33.262+0000: 49.435: [DefNew: 136693K->118K(153600K), 0.0017905 secs] 180810K->44236K(494976K), 0.0018519 secs] [Times: user=0.00 sys=0.00, real=0.01 secs] 
2019-06-10T15:56:39.532+0000: 55.705: [GC (Allocation Failure) 2019-06-10T15:56:39.532+0000: 55.705: [DefNew: 136694K->128K(153600K), 0.0018722 secs] 180812K->44245K(494976K), 0.0019381 secs] [Times: user=0.00 sys=0.00, real=0.00 secs] 
15:56:53.112 [Curator-PathChildrenCache-0] ERROR o.a.c.f.r.c.PathChildrenCache  - 
java.lang.IllegalStateException: instance must be started before calling this method
	at org.apache.curator.shaded.com.google.common.base.Preconditions.checkState(Preconditions.java:444)
	at org.apache.curator.framework.imps.CuratorFrameworkImpl.getChildren(CuratorFrameworkImpl.java:456)
	at org.apache.curator.framework.recipes.cache.PathChildrenCache.refresh(PathChildrenCache.java:521)
	at org.apache.curator.framework.recipes.cache.RefreshOperation.invoke(RefreshOperation.java:35)
	at org.apache.curator.framework.recipes.cache.PathChildrenCache$9.run(PathChildrenCache.java:786)
	at java.util.concurrent.Executors$RunnableAdapter.call(Executors.java:511)
	at java.util.concurrent.FutureTask.run(FutureTask.java:266)
	at java.util.concurrent.Executors$RunnableAdapter.call(Executors.java:511)
	at java.util.concurrent.FutureTask.run(FutureTask.java:266)
	at java.util.concurrent.ThreadPoolExecutor.runWorker(ThreadPoolExecutor.java:1149)
	at java.util.concurrent.ThreadPoolExecutor$Worker.run(ThreadPoolExecutor.java:624)
	at java.lang.Thread.run(Thread.java:748)
Heap
 def new generation   total 153600K, used 78998K [0x00000000e0c00000, 0x00000000eb2a0000, 0x00000000eb2a0000)
  eden space 136576K,  57% used [0x00000000e0c00000, 0x00000000e59058f0, 0x00000000e9160000)
  from space 17024K,   0% used [0x00000000e9160000, 0x00000000e91801a0, 0x00000000ea200000)
  to   space 17024K,   0% used [0x00000000ea200000, 0x00000000ea200000, 0x00000000eb2a0000)
 tenured generation   total 341376K, used 44117K [0x00000000eb2a0000, 0x0000000100000000, 0x0000000100000000)
   the space 341376K,  12% used [0x00000000eb2a0000, 0x00000000eddb55a8, 0x00000000eddb5600, 0x0000000100000000)
 Metaspace       used 36147K, capacity 37058K, committed 37376K, reserved 1081344K
  class space    used 4875K, capacity 5085K, committed 5120K, reserved 1048576K
