09:16:34,902 |-INFO in ch.qos.logback.classic.LoggerContext[default] - Could NOT find resource [logback-test.xml]
09:16:34,902 |-INFO in ch.qos.logback.classic.LoggerContext[default] - Could NOT find resource [logback.groovy]
09:16:34,903 |-INFO in ch.qos.logback.classic.LoggerContext[default] - Found resource [logback.xml] at [jar:file:/home/nikitasokolov/flamestream/lib/flamestream-runtime-1.0-SNAPSHOT.jar!/logback.xml]
09:16:34,903 |-WARN in ch.qos.logback.classic.LoggerContext[default] - Resource [logback.xml] occurs multiple times on the classpath.
09:16:34,903 |-WARN in ch.qos.logback.classic.LoggerContext[default] - Resource [logback.xml] occurs at [jar:file:/home/nikitasokolov/flamestream/lib/flamestream-runtime-1.0-SNAPSHOT.jar!/logback.xml]
09:16:34,903 |-WARN in ch.qos.logback.classic.LoggerContext[default] - Resource [logback.xml] occurs at [jar:file:/home/nikitasokolov/flamestream/flamestream-runtime-1.0-SNAPSHOT.jar!/logback.xml]
09:16:34,920 |-INFO in ch.qos.logback.core.joran.spi.ConfigurationWatchList@6108b2d7 - URL [jar:file:/home/nikitasokolov/flamestream/lib/flamestream-runtime-1.0-SNAPSHOT.jar!/logback.xml] is not of type file
09:16:34,972 |-INFO in ch.qos.logback.classic.joran.action.ConfigurationAction - debug attribute not set
09:16:34,973 |-INFO in ch.qos.logback.core.joran.action.AppenderAction - About to instantiate appender of type [ch.qos.logback.core.ConsoleAppender]
09:16:34,981 |-INFO in ch.qos.logback.core.joran.action.AppenderAction - Naming appender as [STDOUT]
09:16:34,990 |-INFO in ch.qos.logback.core.joran.action.NestedComplexPropertyIA - Assuming default type [ch.qos.logback.classic.encoder.PatternLayoutEncoder] for [encoder] property
09:16:35,047 |-INFO in ch.qos.logback.core.joran.action.AppenderAction - About to instantiate appender of type [ch.qos.logback.core.rolling.RollingFileAppender]
09:16:35,052 |-INFO in ch.qos.logback.core.joran.action.AppenderAction - Naming appender as [FILE]
09:16:35,074 |-INFO in c.q.l.core.rolling.TimeBasedRollingPolicy@357863579 - No compression will be used
09:16:35,075 |-INFO in c.q.l.core.rolling.TimeBasedRollingPolicy@357863579 - Will use the pattern /tmp/application_%d{yyyy-MM-dd}.%i.log for the active file
09:16:35,078 |-INFO in ch.qos.logback.core.rolling.SizeAndTimeBasedFNATP@6bf256fa - The date pattern is 'yyyy-MM-dd' from file name pattern '/tmp/application_%d{yyyy-MM-dd}.%i.log'.
09:16:35,078 |-INFO in ch.qos.logback.core.rolling.SizeAndTimeBasedFNATP@6bf256fa - Roll-over at midnight.
09:16:35,082 |-INFO in ch.qos.logback.core.rolling.SizeAndTimeBasedFNATP@6bf256fa - Setting initial period to Sun Jun 09 09:15:48 MSK 2019
09:16:35,082 |-WARN in ch.qos.logback.core.rolling.SizeAndTimeBasedFNATP@6bf256fa - SizeAndTimeBasedFNATP is deprecated. Use SizeAndTimeBasedRollingPolicy instead
09:16:35,082 |-WARN in ch.qos.logback.core.rolling.SizeAndTimeBasedFNATP@6bf256fa - For more information see http://logback.qos.ch/manual/appenders.html#SizeAndTimeBasedRollingPolicy
09:16:35,086 |-INFO in ch.qos.logback.core.joran.action.NestedComplexPropertyIA - Assuming default type [ch.qos.logback.classic.encoder.PatternLayoutEncoder] for [encoder] property
09:16:35,089 |-INFO in ch.qos.logback.core.rolling.RollingFileAppender[FILE] - Active log file name: /tmp/application.log
09:16:35,089 |-INFO in ch.qos.logback.core.rolling.RollingFileAppender[FILE] - File property is set to [/tmp/application.log]
09:16:35,090 |-INFO in ch.qos.logback.classic.joran.action.RootLoggerAction - Setting level of ROOT logger to WARN
09:16:35,090 |-INFO in ch.qos.logback.core.joran.action.AppenderRefAction - Attaching appender named [STDOUT] to Logger[ROOT]
09:16:35,091 |-INFO in ch.qos.logback.core.joran.action.AppenderRefAction - Attaching appender named [FILE] to Logger[ROOT]
09:16:35,091 |-INFO in ch.qos.logback.classic.joran.action.ConfigurationAction - End of configuration.
09:16:35,091 |-INFO in ch.qos.logback.classic.joran.JoranConfigurator@6cd8737 - Registering current configuration as safe fallback point

2019-06-09T09:16:36.086+0300: 1.380: [GC (Metadata GC Threshold) [PSYoungGen: 110722K->16008K(149504K)] 110722K->16088K(491008K), 0.0191243 secs] [Times: user=0.07 sys=0.01, real=0.02 secs] 
2019-06-09T09:16:36.105+0300: 1.399: [Full GC (Metadata GC Threshold) [PSYoungGen: 16008K->0K(149504K)] [ParOldGen: 80K->15078K(341504K)] 16088K->15078K(491008K), [Metaspace: 20800K->20800K(1067008K)], 0.0256235 secs] [Times: user=0.15 sys=0.02, real=0.03 secs] 
09:16:48.795 [Curator-PathChildrenCache-1] WARN  o.a.c.u.ZKPaths  - The version of ZooKeeper being used doesn't support Container nodes. CreateMode.PERSISTENT will be used instead.
2019-06-09T09:16:49.657+0300: 14.951: [GC (Metadata GC Threshold) [PSYoungGen: 124874K->15852K(149504K)] 139953K->50470K(491008K), 0.0322267 secs] [Times: user=0.28 sys=0.02, real=0.04 secs] 
2019-06-09T09:16:49.690+0300: 14.984: [Full GC (Metadata GC Threshold) [PSYoungGen: 15852K->0K(149504K)] [ParOldGen: 34617K->38768K(341504K)] 50470K->38768K(491008K), [Metaspace: 34541K->34541K(1079296K)], 0.0508079 secs] [Times: user=0.33 sys=0.00, real=0.05 secs] 
2019-06-09T09:16:52.777+0300: 18.071: [GC (Allocation Failure) [PSYoungGen: 128512K->480K(149504K)] 167280K->39256K(491008K), 0.0024436 secs] [Times: user=0.01 sys=0.00, real=0.01 secs] 
2019-06-09T09:16:56.372+0300: 21.666: [GC (Allocation Failure) [PSYoungGen: 128992K->672K(149504K)] 167768K->39456K(491008K), 0.0034069 secs] [Times: user=0.02 sys=0.00, real=0.00 secs] 
2019-06-09T09:17:00.058+0300: 25.352: [GC (Allocation Failure) [PSYoungGen: 129184K->704K(129536K)] 167968K->39496K(471040K), 0.0050223 secs] [Times: user=0.04 sys=0.00, real=0.00 secs] 
2019-06-09T09:17:03.730+0300: 29.024: [GC (Allocation Failure) [PSYoungGen: 129216K->576K(150016K)] 168008K->39376K(491520K), 0.0035060 secs] [Times: user=0.02 sys=0.00, real=0.00 secs] 
2019-06-09T09:17:07.440+0300: 32.735: [GC (Allocation Failure) [PSYoungGen: 129088K->576K(148992K)] 167888K->39376K(490496K), 0.0040696 secs] [Times: user=0.01 sys=0.01, real=0.00 secs] 
2019-06-09T09:17:11.071+0300: 36.365: [GC (Allocation Failure) [PSYoungGen: 129088K->672K(151552K)] 167888K->39480K(493056K), 0.0029510 secs] [Times: user=0.01 sys=0.00, real=0.00 secs] 
2019-06-09T09:17:14.886+0300: 40.180: [GC (Allocation Failure) [PSYoungGen: 132256K->608K(150528K)] 171064K->39424K(492032K), 0.0767076 secs] [Times: user=0.01 sys=0.00, real=0.08 secs] 
2019-06-09T09:17:18.694+0300: 43.988: [GC (Allocation Failure) [PSYoungGen: 132192K->672K(153088K)] 171008K->39496K(494592K), 0.0036950 secs] [Times: user=0.01 sys=0.01, real=0.01 secs] 
2019-06-09T09:17:22.607+0300: 47.901: [GC (Allocation Failure) [PSYoungGen: 135840K->864K(152576K)] 174664K->39696K(494080K), 0.0034798 secs] [Times: user=0.01 sys=0.00, real=0.01 secs] 
2019-06-09T09:17:26.513+0300: 51.807: [GC (Allocation Failure) [PSYoungGen: 136032K->832K(155136K)] 174864K->39664K(496640K), 0.0065298 secs] [Times: user=0.05 sys=0.01, real=0.01 secs] 
2019-06-09T09:17:30.509+0300: 55.803: [GC (Allocation Failure) [PSYoungGen: 139584K->864K(154112K)] 178416K->39696K(495616K), 0.0756924 secs] [Times: user=0.02 sys=0.00, real=0.08 secs] 
09:17:45.540 [Curator-PathChildrenCache-0] ERROR o.a.c.f.r.c.PathChildrenCache  - 
java.lang.IllegalStateException: instance must be started before calling this method
	at org.apache.curator.shaded.com.google.common.base.Preconditions.checkState(Preconditions.java:444)
	at org.apache.curator.framework.imps.CuratorFrameworkImpl.getChildren(CuratorFrameworkImpl.java:456)
	at org.apache.curator.framework.recipes.cache.PathChildrenCache.refresh(PathChildrenCache.java:521)
	at org.apache.curator.framework.recipes.cache.RefreshOperation.invoke(RefreshOperation.java:35)
	at org.apache.curator.framework.recipes.cache.PathChildrenCache$9.run(PathChildrenCache.java:786)
	at java.util.concurrent.Executors$RunnableAdapter.call(Executors.java:511)
	at java.util.concurrent.FutureTask.run(FutureTask.java:266)
	at java.util.concurrent.Executors$RunnableAdapter.call(Executors.java:511)
	at java.util.concurrent.FutureTask.run(FutureTask.java:266)
	at java.util.concurrent.ThreadPoolExecutor.runWorker(ThreadPoolExecutor.java:1149)
	at java.util.concurrent.ThreadPoolExecutor$Worker.run(ThreadPoolExecutor.java:624)
	at java.lang.Thread.run(Thread.java:748)
Heap
 PSYoungGen      total 154112K, used 129440K [0x00000000f5980000, 0x0000000100000000, 0x0000000100000000)
  eden space 138752K, 92% used [0x00000000f5980000,0x00000000fd710200,0x00000000fe100000)
  from space 15360K, 5% used [0x00000000fe100000,0x00000000fe1d80c0,0x00000000ff000000)
  to   space 14848K, 0% used [0x00000000ff180000,0x00000000ff180000,0x0000000100000000)
 ParOldGen       total 341504K, used 38832K [0x00000000e0c00000, 0x00000000f5980000, 0x00000000f5980000)
  object space 341504K, 11% used [0x00000000e0c00000,0x00000000e31ec218,0x00000000f5980000)
 Metaspace       used 36050K, capacity 36894K, committed 37208K, reserved 1081344K
  class space    used 4980K, capacity 5161K, committed 5248K, reserved 1048576K
