01:39:51,479 |-INFO in ch.qos.logback.classic.LoggerContext[default] - Could NOT find resource [logback-test.xml]
01:39:51,479 |-INFO in ch.qos.logback.classic.LoggerContext[default] - Could NOT find resource [logback.groovy]
01:39:51,480 |-INFO in ch.qos.logback.classic.LoggerContext[default] - Found resource [logback.xml] at [jar:file:/home/nikitasokolov/flamestream/lib/flamestream-runtime-1.0-SNAPSHOT.jar!/logback.xml]
01:39:51,480 |-WARN in ch.qos.logback.classic.LoggerContext[default] - Resource [logback.xml] occurs multiple times on the classpath.
01:39:51,480 |-WARN in ch.qos.logback.classic.LoggerContext[default] - Resource [logback.xml] occurs at [jar:file:/home/nikitasokolov/flamestream/lib/flamestream-runtime-1.0-SNAPSHOT.jar!/logback.xml]
01:39:51,480 |-WARN in ch.qos.logback.classic.LoggerContext[default] - Resource [logback.xml] occurs at [jar:file:/home/nikitasokolov/flamestream/flamestream-runtime-1.0-SNAPSHOT.jar!/logback.xml]
01:39:51,497 |-INFO in ch.qos.logback.core.joran.spi.ConfigurationWatchList@2f7a2457 - URL [jar:file:/home/nikitasokolov/flamestream/lib/flamestream-runtime-1.0-SNAPSHOT.jar!/logback.xml] is not of type file
01:39:51,550 |-INFO in ch.qos.logback.classic.joran.action.ConfigurationAction - debug attribute not set
01:39:51,550 |-INFO in ch.qos.logback.core.joran.action.AppenderAction - About to instantiate appender of type [ch.qos.logback.core.ConsoleAppender]
01:39:51,559 |-INFO in ch.qos.logback.core.joran.action.AppenderAction - Naming appender as [STDOUT]
01:39:51,567 |-INFO in ch.qos.logback.core.joran.action.NestedComplexPropertyIA - Assuming default type [ch.qos.logback.classic.encoder.PatternLayoutEncoder] for [encoder] property
01:39:51,621 |-INFO in ch.qos.logback.core.joran.action.AppenderAction - About to instantiate appender of type [ch.qos.logback.core.rolling.RollingFileAppender]
01:39:51,627 |-INFO in ch.qos.logback.core.joran.action.AppenderAction - Naming appender as [FILE]
01:39:51,650 |-INFO in c.q.l.core.rolling.TimeBasedRollingPolicy@1449621165 - No compression will be used
01:39:51,651 |-INFO in c.q.l.core.rolling.TimeBasedRollingPolicy@1449621165 - Will use the pattern /tmp/application_%d{yyyy-MM-dd}.%i.log for the active file
01:39:51,654 |-INFO in ch.qos.logback.core.rolling.SizeAndTimeBasedFNATP@6108b2d7 - The date pattern is 'yyyy-MM-dd' from file name pattern '/tmp/application_%d{yyyy-MM-dd}.%i.log'.
01:39:51,654 |-INFO in ch.qos.logback.core.rolling.SizeAndTimeBasedFNATP@6108b2d7 - Roll-over at midnight.
01:39:51,658 |-INFO in ch.qos.logback.core.rolling.SizeAndTimeBasedFNATP@6108b2d7 - Setting initial period to Sat Jun 08 01:39:04 MSK 2019
01:39:51,658 |-WARN in ch.qos.logback.core.rolling.SizeAndTimeBasedFNATP@6108b2d7 - SizeAndTimeBasedFNATP is deprecated. Use SizeAndTimeBasedRollingPolicy instead
01:39:51,658 |-WARN in ch.qos.logback.core.rolling.SizeAndTimeBasedFNATP@6108b2d7 - For more information see http://logback.qos.ch/manual/appenders.html#SizeAndTimeBasedRollingPolicy
01:39:51,663 |-INFO in ch.qos.logback.core.joran.action.NestedComplexPropertyIA - Assuming default type [ch.qos.logback.classic.encoder.PatternLayoutEncoder] for [encoder] property
01:39:51,666 |-INFO in ch.qos.logback.core.rolling.RollingFileAppender[FILE] - Active log file name: /tmp/application.log
01:39:51,666 |-INFO in ch.qos.logback.core.rolling.RollingFileAppender[FILE] - File property is set to [/tmp/application.log]
01:39:51,667 |-INFO in ch.qos.logback.classic.joran.action.RootLoggerAction - Setting level of ROOT logger to WARN
01:39:51,667 |-INFO in ch.qos.logback.core.joran.action.AppenderRefAction - Attaching appender named [STDOUT] to Logger[ROOT]
01:39:51,667 |-INFO in ch.qos.logback.core.joran.action.AppenderRefAction - Attaching appender named [FILE] to Logger[ROOT]
01:39:51,667 |-INFO in ch.qos.logback.classic.joran.action.ConfigurationAction - End of configuration.
01:39:51,668 |-INFO in ch.qos.logback.classic.joran.JoranConfigurator@1554909b - Registering current configuration as safe fallback point

2019-06-08T01:39:52.708+0300: 1.423: [GC (Metadata GC Threshold) [PSYoungGen: 110652K->15955K(149504K)] 110652K->16035K(491008K), 0.0195028 secs] [Times: user=0.08 sys=0.01, real=0.02 secs] 
2019-06-08T01:39:52.728+0300: 1.442: [Full GC (Metadata GC Threshold) [PSYoungGen: 15955K->0K(149504K)] [ParOldGen: 80K->15123K(341504K)] 16035K->15123K(491008K), [Metaspace: 20805K->20805K(1067008K)], 0.0288749 secs] [Times: user=0.18 sys=0.02, real=0.03 secs] 
01:40:01.179 [Curator-PathChildrenCache-2] WARN  o.a.c.u.ZKPaths  - The version of ZooKeeper being used doesn't support Container nodes. CreateMode.PERSISTENT will be used instead.
2019-06-08T01:40:01.892+0300: 10.606: [GC (Metadata GC Threshold) [PSYoungGen: 125130K->20971K(149504K)] 140253K->50910K(491008K), 0.0185630 secs] [Times: user=0.16 sys=0.04, real=0.02 secs] 
2019-06-08T01:40:01.911+0300: 10.625: [Full GC (Metadata GC Threshold) [PSYoungGen: 20971K->0K(149504K)] [ParOldGen: 29939K->39855K(341504K)] 50910K->39855K(491008K), [Metaspace: 34379K->34377K(1079296K)], 0.0356860 secs] [Times: user=0.18 sys=0.00, real=0.03 secs] 
2019-06-08T01:40:05.832+0300: 14.546: [GC (Allocation Failure) [PSYoungGen: 128512K->608K(149504K)] 168367K->40471K(491008K), 0.0026577 secs] [Times: user=0.01 sys=0.00, real=0.00 secs] 
2019-06-08T01:40:10.409+0300: 19.124: [GC (Allocation Failure) [PSYoungGen: 129120K->544K(149504K)] 168983K->40415K(491008K), 0.0030967 secs] [Times: user=0.01 sys=0.01, real=0.01 secs] 
2019-06-08T01:40:15.086+0300: 23.800: [GC (Allocation Failure) [PSYoungGen: 129056K->512K(129536K)] 168927K->40383K(471040K), 0.0045257 secs] [Times: user=0.01 sys=0.00, real=0.01 secs] 
2019-06-08T01:40:19.703+0300: 28.418: [GC (Allocation Failure) [PSYoungGen: 129024K->512K(132096K)] 168895K->40383K(473600K), 0.0027508 secs] [Times: user=0.01 sys=0.00, real=0.00 secs] 
2019-06-08T01:40:22.609+0300: 31.323: [GC (Allocation Failure) [PSYoungGen: 91648K->544K(129536K)] 131519K->40423K(471040K), 0.0049718 secs] [Times: user=0.03 sys=0.00, real=0.01 secs] 
2019-06-08T01:40:25.947+0300: 34.662: [GC (Allocation Failure) [PSYoungGen: 91680K->672K(136192K)] 131559K->40551K(477696K), 0.0032573 secs] [Times: user=0.02 sys=0.00, real=0.01 secs] 
2019-06-08T01:40:29.316+0300: 38.030: [GC (Allocation Failure) [PSYoungGen: 100512K->608K(134144K)] 140391K->40495K(475648K), 0.0037718 secs] [Times: user=0.03 sys=0.00, real=0.01 secs] 
2019-06-08T01:40:33.024+0300: 41.738: [GC (Allocation Failure) [PSYoungGen: 100448K->608K(139776K)] 140335K->40495K(481280K), 0.0031137 secs] [Times: user=0.01 sys=0.00, real=0.00 secs] 
2019-06-08T01:40:37.389+0300: 46.103: [GC (Allocation Failure) [PSYoungGen: 107616K->672K(137728K)] 147503K->40567K(479232K), 0.0026017 secs] [Times: user=0.01 sys=0.00, real=0.01 secs] 
2019-06-08T01:40:41.171+0300: 49.885: [GC (Allocation Failure) [PSYoungGen: 107680K->608K(142848K)] 147575K->40511K(484352K), 0.0032607 secs] [Times: user=0.02 sys=0.00, real=0.00 secs] 
01:40:49.388 [Curator-PathChildrenCache-0] ERROR o.a.c.f.r.c.PathChildrenCache  - 
java.lang.IllegalStateException: instance must be started before calling this method
	at org.apache.curator.shaded.com.google.common.base.Preconditions.checkState(Preconditions.java:444)
	at org.apache.curator.framework.imps.CuratorFrameworkImpl.getChildren(CuratorFrameworkImpl.java:456)
	at org.apache.curator.framework.recipes.cache.PathChildrenCache.refresh(PathChildrenCache.java:521)
	at org.apache.curator.framework.recipes.cache.RefreshOperation.invoke(RefreshOperation.java:35)
	at org.apache.curator.framework.recipes.cache.PathChildrenCache$9.run(PathChildrenCache.java:786)
	at java.util.concurrent.Executors$RunnableAdapter.call(Executors.java:511)
	at java.util.concurrent.FutureTask.run(FutureTask.java:266)
	at java.util.concurrent.Executors$RunnableAdapter.call(Executors.java:511)
	at java.util.concurrent.FutureTask.run(FutureTask.java:266)
	at java.util.concurrent.ThreadPoolExecutor.runWorker(ThreadPoolExecutor.java:1149)
	at java.util.concurrent.ThreadPoolExecutor$Worker.run(ThreadPoolExecutor.java:624)
	at java.lang.Thread.run(Thread.java:748)
Heap
 PSYoungGen      total 142848K, used 82240K [0x00000000f5980000, 0x0000000100000000, 0x0000000100000000)
  eden space 113664K, 71% used [0x00000000f5980000,0x00000000fa938030,0x00000000fc880000)
  from space 29184K, 2% used [0x00000000fe380000,0x00000000fe418060,0x0000000100000000)
  to   space 27648K, 0% used [0x00000000fc880000,0x00000000fc880000,0x00000000fe380000)
 ParOldGen       total 341504K, used 39903K [0x00000000e0c00000, 0x00000000f5980000, 0x00000000f5980000)
  object space 341504K, 11% used [0x00000000e0c00000,0x00000000e32f7c30,0x00000000f5980000)
 Metaspace       used 36088K, capacity 37063K, committed 37208K, reserved 1081344K
  class space    used 4985K, capacity 5202K, committed 5248K, reserved 1048576K
