16:43:52,039 |-INFO in ch.qos.logback.classic.LoggerContext[default] - Could NOT find resource [logback-test.xml]
16:43:52,039 |-INFO in ch.qos.logback.classic.LoggerContext[default] - Could NOT find resource [logback.groovy]
16:43:52,042 |-INFO in ch.qos.logback.classic.LoggerContext[default] - Found resource [logback.xml] at [jar:file:/root/flamestream/lib/flamestream-runtime-1.0-SNAPSHOT.jar!/logback.xml]
16:43:52,042 |-WARN in ch.qos.logback.classic.LoggerContext[default] - Resource [logback.xml] occurs multiple times on the classpath.
16:43:52,043 |-WARN in ch.qos.logback.classic.LoggerContext[default] - Resource [logback.xml] occurs at [jar:file:/root/flamestream/lib/flamestream-runtime-1.0-SNAPSHOT.jar!/logback.xml]
16:43:52,043 |-WARN in ch.qos.logback.classic.LoggerContext[default] - Resource [logback.xml] occurs at [jar:file:/root/flamestream/flamestream-runtime-1.0-SNAPSHOT.jar!/logback.xml]
16:43:52,064 |-INFO in ch.qos.logback.core.joran.spi.ConfigurationWatchList@3fb6a447 - URL [jar:file:/root/flamestream/lib/flamestream-runtime-1.0-SNAPSHOT.jar!/logback.xml] is not of type file
16:43:52,135 |-INFO in ch.qos.logback.classic.joran.action.ConfigurationAction - debug attribute not set
16:43:52,136 |-INFO in ch.qos.logback.core.joran.action.AppenderAction - About to instantiate appender of type [ch.qos.logback.core.ConsoleAppender]
16:43:52,152 |-INFO in ch.qos.logback.core.joran.action.AppenderAction - Naming appender as [STDOUT]
16:43:52,168 |-INFO in ch.qos.logback.core.joran.action.NestedComplexPropertyIA - Assuming default type [ch.qos.logback.classic.encoder.PatternLayoutEncoder] for [encoder] property
16:43:52,253 |-INFO in ch.qos.logback.core.joran.action.AppenderAction - About to instantiate appender of type [ch.qos.logback.core.rolling.RollingFileAppender]
16:43:52,258 |-INFO in ch.qos.logback.core.joran.action.AppenderAction - Naming appender as [FILE]
16:43:52,290 |-INFO in c.q.l.core.rolling.TimeBasedRollingPolicy@127618319 - No compression will be used
16:43:52,291 |-INFO in c.q.l.core.rolling.TimeBasedRollingPolicy@127618319 - Will use the pattern /tmp/application_%d{yyyy-MM-dd}.%i.log for the active file
16:43:52,294 |-INFO in ch.qos.logback.core.rolling.SizeAndTimeBasedFNATP@6b2fad11 - The date pattern is 'yyyy-MM-dd' from file name pattern '/tmp/application_%d{yyyy-MM-dd}.%i.log'.
16:43:52,294 |-INFO in ch.qos.logback.core.rolling.SizeAndTimeBasedFNATP@6b2fad11 - Roll-over at midnight.
16:43:52,299 |-INFO in ch.qos.logback.core.rolling.SizeAndTimeBasedFNATP@6b2fad11 - Setting initial period to Mon Jun 10 16:42:25 UTC 2019
16:43:52,300 |-WARN in ch.qos.logback.core.rolling.SizeAndTimeBasedFNATP@6b2fad11 - SizeAndTimeBasedFNATP is deprecated. Use SizeAndTimeBasedRollingPolicy instead
16:43:52,300 |-WARN in ch.qos.logback.core.rolling.SizeAndTimeBasedFNATP@6b2fad11 - For more information see http://logback.qos.ch/manual/appenders.html#SizeAndTimeBasedRollingPolicy
16:43:52,303 |-INFO in ch.qos.logback.core.joran.action.NestedComplexPropertyIA - Assuming default type [ch.qos.logback.classic.encoder.PatternLayoutEncoder] for [encoder] property
16:43:52,308 |-INFO in ch.qos.logback.core.rolling.RollingFileAppender[FILE] - Active log file name: /tmp/application.log
16:43:52,308 |-INFO in ch.qos.logback.core.rolling.RollingFileAppender[FILE] - File property is set to [/tmp/application.log]
16:43:52,309 |-INFO in ch.qos.logback.classic.joran.action.RootLoggerAction - Setting level of ROOT logger to WARN
16:43:52,309 |-INFO in ch.qos.logback.core.joran.action.AppenderRefAction - Attaching appender named [STDOUT] to Logger[ROOT]
16:43:52,311 |-INFO in ch.qos.logback.core.joran.action.AppenderRefAction - Attaching appender named [FILE] to Logger[ROOT]
16:43:52,311 |-INFO in ch.qos.logback.classic.joran.action.ConfigurationAction - End of configuration.
16:43:52,311 |-INFO in ch.qos.logback.classic.joran.JoranConfigurator@79698539 - Registering current configuration as safe fallback point

Ama winner
Ama winner
2019-06-10T16:43:53.920+0000: 2.062: [Full GC (Metadata GC Threshold) 2019-06-10T16:43:53.920+0000: 2.062: [Tenured: 0K->15241K(341376K), 0.0390732 secs] 117783K->15241K(494976K), [Metaspace: 20736K->20736K(1067008K)], 0.0391411 secs] [Times: user=0.04 sys=0.00, real=0.04 secs] 
16:44:11.455 [Curator-PathChildrenCache-1] WARN  o.a.c.u.ZKPaths  - The version of ZooKeeper being used doesn't support Container nodes. CreateMode.PERSISTENT will be used instead.
2019-06-10T16:44:13.555+0000: 21.697: [GC (Allocation Failure) 2019-06-10T16:44:13.556+0000: 21.697: [DefNew: 136576K->17023K(153600K), 0.0275190 secs] 151817K->52733K(494976K), 0.0275914 secs] [Times: user=0.02 sys=0.00, real=0.03 secs] 
2019-06-10T16:44:15.433+0000: 23.575: [Full GC (Metadata GC Threshold) 2019-06-10T16:44:15.433+0000: 23.575: [Tenured: 35709K->44373K(341376K), 0.0415924 secs] 88176K->44373K(494976K), [Metaspace: 34601K->34601K(1079296K)], 0.0416654 secs] [Times: user=0.04 sys=0.00, real=0.04 secs] 
2019-06-10T16:44:21.885+0000: 30.027: [GC (Allocation Failure) 2019-06-10T16:44:21.886+0000: 30.027: [DefNew: 136576K->103K(153600K), 0.0019317 secs] 180949K->44477K(494976K), 0.0019901 secs] [Times: user=0.01 sys=0.00, real=0.00 secs] 
2019-06-10T16:44:28.448+0000: 36.590: [GC (Allocation Failure) 2019-06-10T16:44:28.448+0000: 36.590: [DefNew: 136679K->135K(153600K), 0.0017767 secs] 181053K->44508K(494976K), 0.0018377 secs] [Times: user=0.00 sys=0.00, real=0.00 secs] 
2019-06-10T16:44:35.033+0000: 43.175: [GC (Allocation Failure) 2019-06-10T16:44:35.033+0000: 43.175: [DefNew: 136711K->168K(153600K), 0.0018901 secs] 181084K->44542K(494976K), 0.0019541 secs] [Times: user=0.00 sys=0.00, real=0.00 secs] 
2019-06-10T16:44:41.587+0000: 49.729: [GC (Allocation Failure) 2019-06-10T16:44:41.587+0000: 49.729: [DefNew: 136744K->173K(153600K), 0.0018153 secs] 181118K->44547K(494976K), 0.0018747 secs] [Times: user=0.00 sys=0.00, real=0.00 secs] 
2019-06-10T16:44:48.128+0000: 56.269: [GC (Allocation Failure) 2019-06-10T16:44:48.128+0000: 56.269: [DefNew: 136749K->171K(153600K), 0.0018614 secs] 181123K->44545K(494976K), 0.0019219 secs] [Times: user=0.00 sys=0.00, real=0.00 secs] 
16:44:59.660 [Curator-PathChildrenCache-0] ERROR o.a.c.f.r.c.PathChildrenCache  - 
java.lang.IllegalStateException: instance must be started before calling this method
	at org.apache.curator.shaded.com.google.common.base.Preconditions.checkState(Preconditions.java:444)
	at org.apache.curator.framework.imps.CuratorFrameworkImpl.getChildren(CuratorFrameworkImpl.java:456)
	at org.apache.curator.framework.recipes.cache.PathChildrenCache.refresh(PathChildrenCache.java:521)
	at org.apache.curator.framework.recipes.cache.RefreshOperation.invoke(RefreshOperation.java:35)
	at org.apache.curator.framework.recipes.cache.PathChildrenCache$9.run(PathChildrenCache.java:786)
	at java.util.concurrent.Executors$RunnableAdapter.call(Executors.java:511)
	at java.util.concurrent.FutureTask.run(FutureTask.java:266)
	at java.util.concurrent.Executors$RunnableAdapter.call(Executors.java:511)
	at java.util.concurrent.FutureTask.run(FutureTask.java:266)
	at java.util.concurrent.ThreadPoolExecutor.runWorker(ThreadPoolExecutor.java:1149)
	at java.util.concurrent.ThreadPoolExecutor$Worker.run(ThreadPoolExecutor.java:624)
	at java.lang.Thread.run(Thread.java:748)
Heap
 def new generation   total 153600K, used 115533K [0x00000000e0c00000, 0x00000000eb2a0000, 0x00000000eb2a0000)
  eden space 136576K,  84% used [0x00000000e0c00000, 0x00000000e7ca8590, 0x00000000e9160000)
  from space 17024K,   1% used [0x00000000e9160000, 0x00000000e918aef0, 0x00000000ea200000)
  to   space 17024K,   0% used [0x00000000ea200000, 0x00000000ea200000, 0x00000000eb2a0000)
 tenured generation   total 341376K, used 44373K [0x00000000eb2a0000, 0x0000000100000000, 0x0000000100000000)
   the space 341376K,  12% used [0x00000000eb2a0000, 0x00000000eddf55a8, 0x00000000eddf5600, 0x0000000100000000)
 Metaspace       used 36205K, capacity 37128K, committed 37376K, reserved 1081344K
  class space    used 4865K, capacity 5086K, committed 5120K, reserved 1048576K
