18:53:48,968 |-INFO in ch.qos.logback.classic.LoggerContext[default] - Could NOT find resource [logback-test.xml]
18:53:48,968 |-INFO in ch.qos.logback.classic.LoggerContext[default] - Could NOT find resource [logback.groovy]
18:53:48,968 |-INFO in ch.qos.logback.classic.LoggerContext[default] - Found resource [logback.xml] at [jar:file:/home/ubuntu/flamestream/lib/flamestream-runtime-1.0-SNAPSHOT.jar!/logback.xml]
18:53:48,969 |-WARN in ch.qos.logback.classic.LoggerContext[default] - Resource [logback.xml] occurs multiple times on the classpath.
18:53:48,969 |-WARN in ch.qos.logback.classic.LoggerContext[default] - Resource [logback.xml] occurs at [jar:file:/home/ubuntu/flamestream/flamestream-runtime-1.0-SNAPSHOT.jar!/logback.xml]
18:53:48,969 |-WARN in ch.qos.logback.classic.LoggerContext[default] - Resource [logback.xml] occurs at [jar:file:/home/ubuntu/flamestream/lib/flamestream-runtime-1.0-SNAPSHOT.jar!/logback.xml]
18:53:48,987 |-INFO in ch.qos.logback.core.joran.spi.ConfigurationWatchList@4678c730 - URL [jar:file:/home/ubuntu/flamestream/lib/flamestream-runtime-1.0-SNAPSHOT.jar!/logback.xml] is not of type file
18:53:49,061 |-INFO in ch.qos.logback.classic.joran.action.ConfigurationAction - debug attribute not set
18:53:49,063 |-INFO in ch.qos.logback.core.joran.action.AppenderAction - About to instantiate appender of type [ch.qos.logback.core.ConsoleAppender]
18:53:49,074 |-INFO in ch.qos.logback.core.joran.action.AppenderAction - Naming appender as [STDOUT]
18:53:49,091 |-INFO in ch.qos.logback.core.joran.action.NestedComplexPropertyIA - Assuming default type [ch.qos.logback.classic.encoder.PatternLayoutEncoder] for [encoder] property
18:53:49,167 |-INFO in ch.qos.logback.core.joran.action.AppenderAction - About to instantiate appender of type [ch.qos.logback.core.rolling.RollingFileAppender]
18:53:49,179 |-INFO in ch.qos.logback.core.joran.action.AppenderAction - Naming appender as [FILE]
18:53:49,213 |-INFO in c.q.l.core.rolling.TimeBasedRollingPolicy@1734853116 - No compression will be used
18:53:49,214 |-INFO in c.q.l.core.rolling.TimeBasedRollingPolicy@1734853116 - Will use the pattern /tmp/application_%d{yyyy-MM-dd}.%i.log for the active file
18:53:49,221 |-INFO in ch.qos.logback.core.rolling.SizeAndTimeBasedFNATP@29ee9faa - The date pattern is 'yyyy-MM-dd' from file name pattern '/tmp/application_%d{yyyy-MM-dd}.%i.log'.
18:53:49,221 |-INFO in ch.qos.logback.core.rolling.SizeAndTimeBasedFNATP@29ee9faa - Roll-over at midnight.
18:53:49,230 |-INFO in ch.qos.logback.core.rolling.SizeAndTimeBasedFNATP@29ee9faa - Setting initial period to Sat Sep 28 18:52:01 UTC 2019
18:53:49,230 |-WARN in ch.qos.logback.core.rolling.SizeAndTimeBasedFNATP@29ee9faa - SizeAndTimeBasedFNATP is deprecated. Use SizeAndTimeBasedRollingPolicy instead
18:53:49,230 |-WARN in ch.qos.logback.core.rolling.SizeAndTimeBasedFNATP@29ee9faa - For more information see http://logback.qos.ch/manual/appenders.html#SizeAndTimeBasedRollingPolicy
18:53:49,236 |-INFO in ch.qos.logback.core.joran.action.NestedComplexPropertyIA - Assuming default type [ch.qos.logback.classic.encoder.PatternLayoutEncoder] for [encoder] property
18:53:49,243 |-INFO in ch.qos.logback.core.rolling.RollingFileAppender[FILE] - Active log file name: /tmp/application.log
18:53:49,243 |-INFO in ch.qos.logback.core.rolling.RollingFileAppender[FILE] - File property is set to [/tmp/application.log]
18:53:49,244 |-INFO in ch.qos.logback.classic.joran.action.RootLoggerAction - Setting level of ROOT logger to INFO
18:53:49,244 |-INFO in ch.qos.logback.core.joran.action.AppenderRefAction - Attaching appender named [STDOUT] to Logger[ROOT]
18:53:49,245 |-INFO in ch.qos.logback.core.joran.action.AppenderRefAction - Attaching appender named [FILE] to Logger[ROOT]
18:53:49,245 |-INFO in ch.qos.logback.classic.joran.action.ConfigurationAction - End of configuration.
18:53:49,246 |-INFO in ch.qos.logback.classic.joran.JoranConfigurator@c038203 - Registering current configuration as safe fallback point

18:53:49.250 [main] INFO  c.s.f.r.WorkerApplication  - Starting worker with workerConfig 'WorkerConfig{id='flamestream-benchmarks-worker-11', localAddress=flamestream-benchmarks-worker-11/10.0.0.18:5412, zkString='flamestream-benchmarks-manager:12181', snapshotPath='/home/ubuntu/flamestream/data', guarantees=AT_MOST_ONCE}'
18:53:50.602 [worker-akka.actor.default-dispatcher-6] INFO  a.e.s.Slf4jLogger  - Slf4jLogger started
2019-09-28T18:53:50.734+0000: 2.078: [Full GC (Metadata GC Threshold) 2019-09-28T18:53:50.734+0000: 2.078: [Tenured: 0K->13626K(1024000K), 0.0460666 secs] 139471K->13626K(1484800K), [Metaspace: 20224K->20224K(1067008K)], 0.0461490 secs] [Times: user=0.03 sys=0.02, real=0.04 secs] 
18:53:50.875 [worker-akka.actor.default-dispatcher-6] WARN  a.r.RemoteActorRefProvider akka.remote.RemoteActorRefProvider - Using the 'remote' ActorRefProvider directly, which is a low-level layer. For most use cases, the 'cluster' abstraction on top of remoting is more suitable instead.
18:53:50.880 [worker-akka.actor.default-dispatcher-6] WARN  a.r.RemoteActorRefProvider akka.remote.RemoteActorRefProvider - Akka Cluster not in use - Using Akka Cluster is recommended if you need remote watch and deploy.
18:53:50.984 [worker-akka.actor.default-dispatcher-6] INFO  a.r.a.a.ArteryAeronUdpTransport(akka://worker) akka.remote.artery.aeron.ArteryAeronUdpTransport(akka://worker) - Started embedded media driver in directory [/dev/shm/aeron-flamestream-benchmarks-worker-11]
18:53:51.017 [worker-akka.actor.default-dispatcher-6] WARN  a.r.a.a.ArteryAeronUdpTransport(akka://worker) akka.remote.artery.aeron.ArteryAeronUdpTransport(akka://worker) - Aeron CnC version mismatch: compiled version = 15, file version = 16
18:53:51.242 [worker-akka.actor.default-dispatcher-6] INFO  a.r.a.a.ArteryAeronUdpTransport(akka://worker) akka.remote.artery.aeron.ArteryAeronUdpTransport(akka://worker) - Remoting started with transport [Artery aeron-udp]; listening on address [akka://worker@flamestream-benchmarks-worker-11:5412] and bound to [akka://worker@0.0.0.0:5412] with UID [-45229830633973587]
18:53:51.749 [worker-akka.actor.default-dispatcher-6] WARN  a.s.Serialization(akka://worker) akka.serialization.Serialization(akka://worker) - Using serializer [com.romix.akka.serialization.kryo.KryoSerializer] for message [akka.actor.ActorSelectionMessage]. Note that this serializer is not implemented by Akka. It's not recommended to replace serializers for messages provided by Akka.
18:53:51.750 [worker-akka.actor.default-dispatcher-6] WARN  a.s.Serialization(akka://worker) akka.serialization.Serialization(akka://worker) - Using serializer [com.romix.akka.serialization.kryo.KryoSerializer] for message [akka.actor.ActorIdentity]. Note that this serializer is not implemented by Akka. It's not recommended to replace serializers for messages provided by Akka.
18:53:51.797 [worker-akka.actor.default-dispatcher-9] INFO  a.a.RepointableActorRef akka://worker/user/watcher - Starting...
18:53:51.938 [worker-akka.actor.default-dispatcher-6] INFO  o.a.c.u.Compatibility  - Running in ZooKeeper 3.4.x compatibility mode
18:53:51.993 [worker-akka.actor.default-dispatcher-6] INFO  o.a.c.f.i.CuratorFrameworkImpl  - Starting
18:53:52.014 [worker-akka.actor.default-dispatcher-6] INFO  o.a.z.ZooKeeper  - Client environment:zookeeper.version=3.4.14-4c25d480e66aadd371de8bd2fd8da255ac140bcf, built on 03/06/2019 16:18 GMT
18:53:52.016 [worker-akka.actor.default-dispatcher-6] INFO  o.a.z.ZooKeeper  - Client environment:host.name=flamestream-benchmarks-worker-11
18:53:52.016 [worker-akka.actor.default-dispatcher-6] INFO  o.a.z.ZooKeeper  - Client environment:java.version=1.8.0_222
18:53:52.016 [worker-akka.actor.default-dispatcher-6] INFO  o.a.z.ZooKeeper  - Client environment:java.vendor=Private Build
18:53:52.018 [worker-akka.actor.default-dispatcher-6] INFO  o.a.z.ZooKeeper  - Client environment:java.home=/usr/lib/jvm/java-8-openjdk-amd64/jre
18:53:52.019 [worker-akka.actor.default-dispatcher-6] INFO  o.a.z.ZooKeeper  - Client environment:java.class.path=lib/curator-framework-4.0.1.jar:lib/commons-csv-1.4.jar:lib/aeron-client-1.21.2.jar:lib/scala-library-2.12.9.jar:lib/asm-5.0.4.jar:lib/agrona-1.0.1.jar:lib/curator-recipes-4.0.1.jar:lib/akka-testkit_2.12-2.6.0-M6.jar:lib/flamestream-runtime-1.0-SNAPSHOT.jar:lib/jsr305-3.0.2.jar:lib/trove4j-3.0.3.jar:lib/flamestream-core-1.0-SNAPSHOT.jar:lib/commons-io-2.4.jar:lib/minlog-1.3.0.jar:lib/kryonet-2.21.jar:lib/commons-1.4.9.jar:lib/jline-0.9.94.jar:lib/akka-remote_2.12-2.6.0-M6.jar:lib/leveldbjni-all-1.8.jar:lib/lz4-1.3.0.jar:lib/slf4j-api-1.7.24.jar:lib/scala-parser-combinators_2.12-1.1.2.jar:lib/flamestream-core-1.0-SNAPSHOT-tests.jar:lib/logback-core-1.2.3.jar:lib/netty-3.10.6.Final.jar:lib/protobuf-java-3.9.0.jar:lib/minlog-1.2.jar:lib/leveldb-api-0.7.jar:lib/jool-0.9.12.jar:lib/commons-cli-1.4.jar:lib/jblas-1.2.4.jar:lib/reflectasm-1.11.3.jar:lib/reflectasm-1.07-shaded.jar:lib/audience-annotations-0.5.0.jar:lib/jackson-annotations-2.9.6.jar:lib/commons-lang-2.6.jar:lib/ssl-config-core_2.12-0.3.8.jar:lib/annotations-13.0.jar:lib/logback-classic-1.2.3.jar:lib/guava-21.0.jar:lib/reactive-streams-1.0.2.jar:lib/spotbugs-annotations-3.1.9.jar:lib/leveldb-0.7.jar:lib/commons-pool2-2.4.2.jar:lib/rocksdbjni-5.5.1.jar:lib/jackson-core-2.9.9.jar:lib/jackson-databind-2.9.9.2.jar:lib/akka-protobuf-v3_2.12-2.6.0-M6.jar:lib/jackson-annotations-2.9.0.jar:lib/flamestream-examples-1.0-SNAPSHOT.jar:lib/objenesis-2.1.jar:lib/akka-kryo-serialization_2.12-0.5.2.jar:lib/scala-java8-compat_2.12-0.8.0.jar:lib/zookeeper-3.4.14.jar:lib/akka-slf4j_2.12-2.6.0-M6.jar:lib/kryo-4.0.0.jar:lib/akka-stream_2.12-2.6.0-M6.jar:lib/slf4j-simple-2.0.0-alpha0.jar:lib/aeron-driver-1.21.2.jar:lib/config-1.3.1.jar:lib/annotations-12.0.jar:lib/jedis-2.9.0.jar:lib/jcommander-1.48.jar:lib/testng-6.10.jar:lib/akka-actor_2.12-2.6.0-M6.jar:lib/curator-client-4.0.1.jar:flamestream-runtime-1.0-SNAPSHOT.jar
18:53:52.020 [worker-akka.actor.default-dispatcher-6] INFO  o.a.z.ZooKeeper  - Client environment:java.library.path=/usr/java/packages/lib/amd64:/usr/lib/x86_64-linux-gnu/jni:/lib/x86_64-linux-gnu:/usr/lib/x86_64-linux-gnu:/usr/lib/jni:/lib:/usr/lib
18:53:52.022 [worker-akka.actor.default-dispatcher-6] INFO  o.a.z.ZooKeeper  - Client environment:java.io.tmpdir=/tmp
18:53:52.023 [worker-akka.actor.default-dispatcher-6] INFO  o.a.z.ZooKeeper  - Client environment:java.compiler=<NA>
18:53:52.023 [worker-akka.actor.default-dispatcher-6] INFO  o.a.z.ZooKeeper  - Client environment:os.name=Linux
18:53:52.024 [worker-akka.actor.default-dispatcher-6] INFO  o.a.z.ZooKeeper  - Client environment:os.arch=amd64
18:53:52.024 [worker-akka.actor.default-dispatcher-6] INFO  o.a.z.ZooKeeper  - Client environment:os.version=4.15.0-1040-gcp
18:53:52.024 [worker-akka.actor.default-dispatcher-6] INFO  o.a.z.ZooKeeper  - Client environment:user.name=ubuntu
18:53:52.024 [worker-akka.actor.default-dispatcher-6] INFO  o.a.z.ZooKeeper  - Client environment:user.home=/home/ubuntu
18:53:52.025 [worker-akka.actor.default-dispatcher-6] INFO  o.a.z.ZooKeeper  - Client environment:user.dir=/home/ubuntu/flamestream
18:53:52.028 [worker-akka.actor.default-dispatcher-6] INFO  o.a.z.ZooKeeper  - Initiating client connection, connectString=flamestream-benchmarks-manager:12181 sessionTimeout=60000 watcher=org.apache.curator.ConnectionState@3c5e82fa
18:53:52.072 [worker-akka.actor.default-dispatcher-6-SendThread(flamestream-benchmarks-manager:12181)] INFO  o.a.z.ClientCnxn  - Opening socket connection to server flamestream-benchmarks-manager/10.0.0.2:12181. Will not attempt to authenticate using SASL (unknown error)
18:53:52.075 [worker-akka.actor.default-dispatcher-6] INFO  o.a.c.f.i.CuratorFrameworkImpl  - Default schema
18:53:52.080 [worker-akka.actor.default-dispatcher-6-SendThread(flamestream-benchmarks-manager:12181)] INFO  o.a.z.ClientCnxn  - Socket connection established to flamestream-benchmarks-manager/10.0.0.2:12181, initiating session
18:53:52.089 [worker-akka.actor.default-dispatcher-6-SendThread(flamestream-benchmarks-manager:12181)] INFO  o.a.z.ClientCnxn  - Session establishment complete on server flamestream-benchmarks-manager/10.0.0.2:12181, sessionid = 0x100015787a4000b, negotiated timeout = 60000
18:53:52.098 [worker-akka.actor.default-dispatcher-6-EventThread] INFO  o.a.c.f.s.ConnectionStateManager  - State change: CONNECTED
18:53:52.102 [worker-akka.actor.default-dispatcher-9] INFO  a.a.RepointableActorRef akka://worker/user/watcher - Initializing rocksDB backend
2019-09-28T18:53:53.103+0000: 4.448: [Full GC (Metadata GC Threshold) 2019-09-28T18:53:53.103+0000: 4.448: [Tenured: 13626K->25921K(1024000K), 0.1589877 secs] 161148K->25921K(1484800K), [Metaspace: 33688K->33688K(1079296K)], 0.1590826 secs] [Times: user=0.12 sys=0.01, real=0.16 secs] 
18:53:53.343 [worker-akka.actor.default-dispatcher-6] INFO  a.a.LocalActorRef akka://worker/user/watcher/processing-watcher - Starting...
18:54:00.527 [Curator-PathChildrenCache-1] WARN  o.a.c.u.ZKPaths  - The version of ZooKeeper being used doesn't support Container nodes. CreateMode.PERSISTENT will be used instead.
18:54:00.658 [worker-akka.actor.default-dispatcher-6] INFO  a.a.LocalActorRef akka://worker/user/watcher/processing-watcher/$a - Starting...
18:54:00.698 [worker-akka.actor.default-dispatcher-10] INFO  a.a.LocalActorRef akka://worker/user/watcher/processing-watcher/$a - Stopped
18:54:03.277 [worker-akka.actor.default-dispatcher-12] INFO  a.a.LocalActorRef akka://worker/user/watcher/processing-watcher/graph/graph - Starting...
18:54:13.053 [worker-akka.actor.default-dispatcher-12] INFO  a.a.LocalActorRef akka://worker/user/watcher/processing-watcher/graph/graph - Finishing constructor
18:54:13.053 [worker-akka.actor.default-dispatcher-12] INFO  a.a.LocalActorRef akka://worker/user/watcher/processing-watcher/graph/negotiator - Starting...
18:54:13.056 [worker-akka.actor.default-dispatcher-10] INFO  a.a.LocalActorRef akka://worker/user/watcher/processing-watcher/graph/edge - Starting...
18:54:13.058 [worker-akka.actor.default-dispatcher-12] INFO  a.a.LocalActorRef akka://worker/user/watcher/processing-watcher/graph - Starting FlameNode with config 'ClusterConfig{paths={flamestream-benchmarks-worker-1=akka://worker@flamestream-benchmarks-worker-1:5412/user/watcher/processing-watcher/graph, flamestream-benchmarks-worker-0=akka://worker@flamestream-benchmarks-worker-0:5412/user/watcher/processing-watcher/graph, flamestream-benchmarks-worker-9=akka://worker@flamestream-benchmarks-worker-9:5412/user/watcher/processing-watcher/graph, flamestream-benchmarks-worker-8=akka://worker@flamestream-benchmarks-worker-8:5412/user/watcher/processing-watcher/graph, flamestream-benchmarks-worker-7=akka://worker@flamestream-benchmarks-worker-7:5412/user/watcher/processing-watcher/graph, flamestream-benchmarks-worker-6=akka://worker@flamestream-benchmarks-worker-6:5412/user/watcher/processing-watcher/graph, flamestream-benchmarks-worker-5=akka://worker@flamestream-benchmarks-worker-5:5412/user/watcher/processing-watcher/graph, flamestream-benchmarks-worker-4=akka://worker@flamestream-benchmarks-worker-4:5412/user/watcher/processing-watcher/graph, flamestream-benchmarks-worker-3=akka://worker@flamestream-benchmarks-worker-3:5412/user/watcher/processing-watcher/graph, flamestream-benchmarks-worker-2=akka://worker@flamestream-benchmarks-worker-2:5412/user/watcher/processing-watcher/graph, flamestream-benchmarks-worker-14=akka://worker@flamestream-benchmarks-worker-14:5412/user/watcher/processing-watcher/graph, flamestream-benchmarks-worker-13=akka://worker@flamestream-benchmarks-worker-13:5412/user/watcher/processing-watcher/graph, flamestream-benchmarks-worker-12=akka://worker@flamestream-benchmarks-worker-12:5412/user/watcher/processing-watcher/graph, flamestream-benchmarks-worker-11=akka://worker@flamestream-benchmarks-worker-11:5412/user/watcher/processing-watcher/graph, flamestream-benchmarks-worker-10=akka://worker@flamestream-benchmarks-worker-10:5412/user/watcher/processing-watcher/graph}}'
18:54:13.072 [worker-akka.actor.default-dispatcher-6] INFO  a.a.LocalActorRef akka://worker/user/watcher/processing-watcher/graph/negotiator - Requesting ticket for the frontClass FlameSocketGraphDeployerFront@flamestream-benchmarks-worker-11
18:54:13.130 [worker-akka.actor.default-dispatcher-10] INFO  a.a.LocalActorRef akka://worker/user/watcher/processing-watcher/graph/edge/FlameSocketGraphDeployerFront - Starting...
18:54:13.131 [worker-akka.actor.default-dispatcher-10] INFO  a.a.LocalActorRef akka://worker/user/watcher/processing-watcher/graph/graph - Received last commit 'LastCommit{globalTime=(0000000, min@min)}'
18:54:13.131 [worker-akka.actor.default-dispatcher-12] INFO  c.s.f.r.e.s.SocketRear  - FlameSocketGraphDeployerRear@flamestream-benchmarks-worker-11: connecting to flamestream-benchmarks-manager:5678
18:54:13.163 [worker-akka.actor.default-dispatcher-13] INFO  a.a.LocalActorRef akka://worker/user/watcher/processing-watcher/graph/negotiator - Ticket for the frontClass received: FrontTicket{allowedTimestamp=(0000000, FlameSocketGraphDeployerFront@flamestream-benchmarks-worker-11)}
18:54:13.163 [worker-akka.actor.default-dispatcher-13] INFO  c.s.f.r.e.s.SocketFront  - FlameSocketGraphDeployerFront@flamestream-benchmarks-worker-11: connecting to flamestream-benchmarks-manager:4567
18:54:13.168 [worker-akka.actor.default-dispatcher-12] INFO  c.s.f.r.e.s.SocketRear  - FlameSocketGraphDeployerRear@flamestream-benchmarks-worker-11: connected to flamestream-benchmarks-manager:5678
18:54:13.169 [worker-akka.actor.default-dispatcher-12] INFO  a.a.LocalActorRef akka://worker/user/watcher/processing-watcher/graph/edge/FlameSocketGraphDeployerRear - Starting...
18:54:13.427 [worker-akka.actor.default-dispatcher-13] INFO  a.a.LocalActorRef akka://worker/user/watcher/processing-watcher/graph/graph/$a - Starting...
18:54:13.461 [worker-akka.actor.default-dispatcher-13] INFO  a.a.LocalActorRef akka://worker/user/watcher/processing-watcher/graph/graph/$b - Starting...
18:54:13.465 [worker-akka.actor.default-dispatcher-13] INFO  a.a.LocalActorRef akka://worker/user/watcher/processing-watcher/graph/graph/$c - Starting...
18:54:13.467 [worker-akka.actor.default-dispatcher-13] INFO  a.a.LocalActorRef akka://worker/user/watcher/processing-watcher/graph/graph/$d - Starting...
18:54:13.469 [worker-akka.actor.default-dispatcher-13] INFO  a.a.LocalActorRef akka://worker/user/watcher/processing-watcher/graph/graph/$e - Starting...
18:54:13.471 [worker-akka.actor.default-dispatcher-13] INFO  a.a.LocalActorRef akka://worker/user/watcher/processing-watcher/graph/graph/$f - Starting...
18:54:13.472 [worker-akka.actor.default-dispatcher-13] INFO  a.a.LocalActorRef akka://worker/user/watcher/processing-watcher/graph/graph/$g - Starting...
18:54:13.475 [worker-akka.actor.default-dispatcher-13] INFO  a.a.LocalActorRef akka://worker/user/watcher/processing-watcher/graph/graph/$h - Starting...
18:54:13.478 [worker-akka.actor.default-dispatcher-13] INFO  a.a.LocalActorRef akka://worker/user/watcher/processing-watcher/graph/graph/$i - Starting...
18:54:13.479 [worker-akka.actor.default-dispatcher-13] INFO  a.a.LocalActorRef akka://worker/user/watcher/processing-watcher/graph/graph/$j - Starting...
18:54:13.481 [worker-akka.actor.default-dispatcher-13] INFO  a.a.LocalActorRef akka://worker/user/watcher/processing-watcher/graph/graph/$k - Starting...
18:54:13.482 [worker-akka.actor.default-dispatcher-13] INFO  a.a.LocalActorRef akka://worker/user/watcher/processing-watcher/graph/graph/$l - Starting...
18:54:13.484 [worker-akka.actor.default-dispatcher-13] INFO  a.a.LocalActorRef akka://worker/user/watcher/processing-watcher/graph/graph/$m - Starting...
18:54:13.485 [worker-akka.actor.default-dispatcher-13] INFO  a.a.LocalActorRef akka://worker/user/watcher/processing-watcher/graph/graph/$n - Starting...
18:54:13.487 [worker-akka.actor.default-dispatcher-13] INFO  a.a.LocalActorRef akka://worker/user/watcher/processing-watcher/graph/graph/$o - Starting...
18:54:13.489 [worker-akka.actor.default-dispatcher-13] INFO  a.a.LocalActorRef akka://worker/user/watcher/processing-watcher/graph/graph/$p - Starting...
18:54:13.490 [worker-akka.actor.default-dispatcher-13] INFO  a.a.LocalActorRef akka://worker/user/watcher/processing-watcher/graph/graph/$q - Starting...
18:54:13.492 [worker-akka.actor.default-dispatcher-13] INFO  a.a.LocalActorRef akka://worker/user/watcher/processing-watcher/graph/graph/$r - Starting...
18:54:13.495 [worker-akka.actor.default-dispatcher-13] INFO  a.a.LocalActorRef akka://worker/user/watcher/processing-watcher/graph/graph/$s - Starting...
18:54:13.496 [worker-akka.actor.default-dispatcher-13] INFO  a.a.LocalActorRef akka://worker/user/watcher/processing-watcher/graph/graph/$t - Starting...
18:54:13.497 [worker-akka.actor.default-dispatcher-13] INFO  a.a.LocalActorRef akka://worker/user/watcher/processing-watcher/graph/graph/$u - Starting...
18:54:13.500 [worker-akka.actor.default-dispatcher-13] INFO  a.a.LocalActorRef akka://worker/user/watcher/processing-watcher/graph/graph/$v - Starting...
18:54:13.501 [worker-akka.actor.default-dispatcher-13] INFO  a.a.LocalActorRef akka://worker/user/watcher/processing-watcher/graph/graph/$w - Starting...
18:54:13.502 [worker-akka.actor.default-dispatcher-13] INFO  a.a.LocalActorRef akka://worker/user/watcher/processing-watcher/graph/graph/$x - Starting...
18:54:13.504 [worker-akka.actor.default-dispatcher-13] INFO  a.a.LocalActorRef akka://worker/user/watcher/processing-watcher/graph/graph/$y - Starting...
18:54:13.506 [worker-akka.actor.default-dispatcher-13] INFO  a.a.LocalActorRef akka://worker/user/watcher/processing-watcher/graph/graph/$z - Starting...
18:54:13.511 [worker-akka.actor.default-dispatcher-13] INFO  a.a.LocalActorRef akka://worker/user/watcher/processing-watcher/graph/graph/$A - Starting...
18:54:13.543 [worker-akka.actor.default-dispatcher-13] INFO  a.a.LocalActorRef akka://worker/user/watcher/processing-watcher/graph/graph/$B - Starting...
18:54:13.545 [worker-akka.actor.default-dispatcher-13] INFO  a.a.LocalActorRef akka://worker/user/watcher/processing-watcher/graph/graph/$C - Starting...
18:54:13.549 [worker-akka.actor.default-dispatcher-13] INFO  a.a.LocalActorRef akka://worker/user/watcher/processing-watcher/graph/graph/$D - Starting...
18:54:13.550 [worker-akka.actor.default-dispatcher-13] INFO  a.a.LocalActorRef akka://worker/user/watcher/processing-watcher/graph/graph/$E - Starting...
18:54:13.550 [worker-akka.actor.default-dispatcher-13] INFO  a.a.LocalActorRef akka://worker/user/watcher/processing-watcher/graph/graph/$A - Attached rear to graph (-9223372036854775808, min@min)
18:54:13.551 [worker-akka.actor.default-dispatcher-13] INFO  a.a.LocalActorRef akka://worker/user/watcher/processing-watcher/graph/graph/$F - Starting...
18:54:13.554 [worker-akka.actor.default-dispatcher-13] INFO  a.a.LocalActorRef akka://worker/user/watcher/processing-watcher/graph/graph/$H - Starting...
18:54:13.555 [worker-akka.actor.default-dispatcher-13] INFO  a.a.LocalActorRef akka://worker/user/watcher/processing-watcher/graph/graph/$I - Starting...
18:54:13.555 [worker-akka.actor.default-dispatcher-13] INFO  a.a.LocalActorRef akka://worker/user/watcher/processing-watcher/graph/graph/$G - Starting...
18:54:13.596 [worker-akka.actor.default-dispatcher-13] INFO  a.a.LocalActorRef akka://worker/user/watcher/processing-watcher/graph/graph/$J - Starting...
18:54:13.597 [worker-akka.actor.default-dispatcher-13] INFO  a.a.LocalActorRef akka://worker/user/watcher/processing-watcher/graph/graph/$K - Starting...
18:54:13.597 [worker-akka.actor.default-dispatcher-13] INFO  a.a.LocalActorRef akka://worker/user/watcher/processing-watcher/graph/graph/$L - Starting...
18:54:13.600 [worker-akka.actor.default-dispatcher-13] INFO  a.a.LocalActorRef akka://worker/user/watcher/processing-watcher/graph/graph/$M - Starting...
18:54:13.600 [worker-akka.actor.default-dispatcher-13] INFO  a.a.LocalActorRef akka://worker/user/watcher/processing-watcher/graph/graph/$N - Starting...
18:54:13.600 [worker-akka.actor.default-dispatcher-13] INFO  a.a.LocalActorRef akka://worker/user/watcher/processing-watcher/graph/graph/$O - Starting...
18:54:13.601 [worker-akka.actor.default-dispatcher-13] INFO  a.a.LocalActorRef akka://worker/user/watcher/processing-watcher/graph/graph/$Q - Starting...
18:54:13.601 [worker-akka.actor.default-dispatcher-13] INFO  a.a.LocalActorRef akka://worker/user/watcher/processing-watcher/graph/graph/$P - Starting...
18:54:13.602 [worker-akka.actor.default-dispatcher-13] INFO  a.a.LocalActorRef akka://worker/user/watcher/processing-watcher/graph/graph/$R - Starting...
18:54:13.603 [worker-akka.actor.default-dispatcher-13] INFO  a.a.LocalActorRef akka://worker/user/watcher/processing-watcher/graph/graph/$S - Starting...
18:54:13.607 [worker-akka.actor.default-dispatcher-13] INFO  a.a.LocalActorRef akka://worker/user/watcher/processing-watcher/graph/graph/$T - Starting...
18:54:13.607 [worker-akka.actor.default-dispatcher-13] INFO  a.a.LocalActorRef akka://worker/user/watcher/processing-watcher/graph/graph/$U - Starting...
18:54:13.609 [worker-akka.actor.default-dispatcher-13] INFO  a.a.LocalActorRef akka://worker/user/watcher/processing-watcher/graph/graph/$W - Starting...
18:54:13.609 [worker-akka.actor.default-dispatcher-13] INFO  a.a.LocalActorRef akka://worker/user/watcher/processing-watcher/graph/graph/$V - Starting...
18:54:13.609 [worker-akka.actor.default-dispatcher-13] INFO  a.a.LocalActorRef akka://worker/user/watcher/processing-watcher/graph/graph/$X - Starting...
18:54:13.609 [worker-akka.actor.default-dispatcher-13] INFO  a.a.LocalActorRef akka://worker/user/watcher/processing-watcher/graph/graph/$Y - Starting...
18:54:13.611 [worker-akka.actor.default-dispatcher-13] INFO  a.a.LocalActorRef akka://worker/user/watcher/processing-watcher/graph/graph/$Z - Starting...
18:54:13.612 [worker-akka.actor.default-dispatcher-13] INFO  a.a.LocalActorRef akka://worker/user/watcher/processing-watcher/graph/graph/$0 - Starting...
18:54:13.613 [worker-akka.actor.default-dispatcher-13] INFO  a.a.LocalActorRef akka://worker/user/watcher/processing-watcher/graph/graph/$1 - Starting...
18:54:13.613 [worker-akka.actor.default-dispatcher-13] INFO  a.a.LocalActorRef akka://worker/user/watcher/processing-watcher/graph/graph/$3 - Starting...
18:54:13.616 [worker-akka.actor.default-dispatcher-13] INFO  a.a.LocalActorRef akka://worker/user/watcher/processing-watcher/graph/graph/$4 - Starting...
18:54:13.619 [worker-akka.actor.default-dispatcher-13] INFO  a.a.LocalActorRef akka://worker/user/watcher/processing-watcher/graph/graph/$5 - Starting...
18:54:13.619 [worker-akka.actor.default-dispatcher-13] INFO  a.a.LocalActorRef akka://worker/user/watcher/processing-watcher/graph/graph/$2 - Starting...
18:54:13.619 [worker-akka.actor.default-dispatcher-13] INFO  a.a.LocalActorRef akka://worker/user/watcher/processing-watcher/graph/graph/$6 - Starting...
18:54:13.619 [worker-akka.actor.default-dispatcher-13] INFO  a.a.LocalActorRef akka://worker/user/watcher/processing-watcher/graph/graph/$7 - Starting...
18:54:13.620 [worker-akka.actor.default-dispatcher-13] INFO  a.a.LocalActorRef akka://worker/user/watcher/processing-watcher/graph/graph/$9 - Starting...
18:54:13.622 [worker-akka.actor.default-dispatcher-13] INFO  a.a.LocalActorRef akka://worker/user/watcher/processing-watcher/graph/graph/$+ - Starting...
18:54:13.623 [worker-akka.actor.default-dispatcher-13] INFO  a.a.LocalActorRef akka://worker/user/watcher/processing-watcher/graph/graph/$8 - Starting...
18:54:13.623 [worker-akka.actor.default-dispatcher-13] INFO  a.a.LocalActorRef akka://worker/user/watcher/processing-watcher/graph/graph/$~ - Starting...
18:54:13.624 [worker-akka.actor.default-dispatcher-13] INFO  a.a.LocalActorRef akka://worker/user/watcher/processing-watcher/graph/graph/$ab - Starting...
18:54:13.628 [worker-akka.actor.default-dispatcher-13] INFO  a.a.LocalActorRef akka://worker/user/watcher/processing-watcher/graph/graph/$bb - Starting...
18:54:13.628 [worker-akka.actor.default-dispatcher-13] INFO  a.a.LocalActorRef akka://worker/user/watcher/processing-watcher/graph/graph/$cb - Starting...
18:54:13.631 [worker-akka.actor.default-dispatcher-13] INFO  a.a.LocalActorRef akka://worker/user/watcher/processing-watcher/graph/graph/$db - Starting...
18:54:13.632 [worker-akka.actor.default-dispatcher-13] INFO  a.a.LocalActorRef akka://worker/user/watcher/processing-watcher/graph/graph/$eb - Starting...
18:54:13.632 [worker-akka.actor.default-dispatcher-13] INFO  a.a.LocalActorRef akka://worker/user/watcher/processing-watcher/graph/graph/$fb - Starting...
18:54:13.632 [worker-akka.actor.default-dispatcher-9] INFO  a.a.LocalActorRef akka://worker/user/watcher/processing-watcher/graph/graph/$gb - Starting...
18:54:13.632 [worker-akka.actor.default-dispatcher-9] INFO  a.a.LocalActorRef akka://worker/user/watcher/processing-watcher/graph/graph/$hb - Starting...
18:54:13.636 [worker-akka.actor.default-dispatcher-13] INFO  a.a.LocalActorRef akka://worker/user/watcher/processing-watcher/graph/graph/$jb - Starting...
18:54:13.636 [worker-akka.actor.default-dispatcher-13] INFO  a.a.LocalActorRef akka://worker/user/watcher/processing-watcher/graph/graph/$kb - Starting...
18:54:13.637 [worker-akka.actor.default-dispatcher-13] INFO  a.a.LocalActorRef akka://worker/user/watcher/processing-watcher/graph/graph/$lb - Starting...
18:54:13.642 [worker-akka.actor.default-dispatcher-13] INFO  a.a.LocalActorRef akka://worker/user/watcher/processing-watcher/graph/graph/$ib - Starting...
18:54:13.643 [worker-akka.actor.default-dispatcher-13] INFO  a.a.LocalActorRef akka://worker/user/watcher/processing-watcher/graph/graph/$mb - Starting...
18:54:13.643 [worker-akka.actor.default-dispatcher-13] INFO  a.a.LocalActorRef akka://worker/user/watcher/processing-watcher/graph/graph/$nb - Starting...
18:54:13.643 [worker-akka.actor.default-dispatcher-13] INFO  a.a.LocalActorRef akka://worker/user/watcher/processing-watcher/graph/graph/$ob - Starting...
18:54:13.646 [worker-akka.actor.default-dispatcher-9] INFO  a.a.LocalActorRef akka://worker/user/watcher/processing-watcher/graph/graph/$pb - Starting...
18:54:13.646 [worker-akka.actor.default-dispatcher-9] INFO  a.a.LocalActorRef akka://worker/user/watcher/processing-watcher/graph/graph/$qb - Starting...
18:54:13.646 [worker-akka.actor.default-dispatcher-9] INFO  a.a.LocalActorRef akka://worker/user/watcher/processing-watcher/graph/graph/$rb - Starting...
18:54:13.646 [worker-akka.actor.default-dispatcher-9] INFO  a.a.LocalActorRef akka://worker/user/watcher/processing-watcher/graph/graph/$sb - Starting...
18:54:13.646 [worker-akka.actor.default-dispatcher-9] INFO  a.a.LocalActorRef akka://worker/user/watcher/processing-watcher/graph/graph/$tb - Starting...
18:54:13.646 [worker-akka.actor.default-dispatcher-9] INFO  a.a.LocalActorRef akka://worker/user/watcher/processing-watcher/graph/graph/$ub - Starting...
18:54:13.648 [worker-akka.actor.default-dispatcher-13] INFO  a.a.LocalActorRef akka://worker/user/watcher/processing-watcher/graph/graph/$wb - Starting...
18:54:13.649 [worker-akka.actor.default-dispatcher-13] INFO  a.a.LocalActorRef akka://worker/user/watcher/processing-watcher/graph/graph/$xb - Starting...
18:54:13.652 [worker-akka.actor.default-dispatcher-13] INFO  a.a.LocalActorRef akka://worker/user/watcher/processing-watcher/graph/graph/$yb - Starting...
18:54:13.654 [worker-akka.actor.default-dispatcher-13] INFO  a.a.LocalActorRef akka://worker/user/watcher/processing-watcher/graph/graph/$zb - Starting...
18:54:13.654 [worker-akka.actor.default-dispatcher-13] INFO  a.a.LocalActorRef akka://worker/user/watcher/processing-watcher/graph/graph/$vb - Starting...
18:54:13.654 [worker-akka.actor.default-dispatcher-13] INFO  a.a.LocalActorRef akka://worker/user/watcher/processing-watcher/graph/graph/$Ab - Starting...
18:54:13.656 [worker-akka.actor.default-dispatcher-13] INFO  a.a.LocalActorRef akka://worker/user/watcher/processing-watcher/graph/graph/$Cb - Starting...
18:54:13.656 [worker-akka.actor.default-dispatcher-13] INFO  a.a.LocalActorRef akka://worker/user/watcher/processing-watcher/graph/graph/$Bb - Starting...
18:54:13.656 [worker-akka.actor.default-dispatcher-13] INFO  a.a.LocalActorRef akka://worker/user/watcher/processing-watcher/graph/graph/$Db - Starting...
18:54:13.656 [worker-akka.actor.default-dispatcher-13] INFO  a.a.LocalActorRef akka://worker/user/watcher/processing-watcher/graph/graph/$Eb - Starting...
18:54:13.656 [worker-akka.actor.default-dispatcher-13] INFO  a.a.LocalActorRef akka://worker/user/watcher/processing-watcher/graph/graph/$Fb - Starting...
18:54:13.656 [worker-akka.actor.default-dispatcher-12] INFO  a.a.LocalActorRef akka://worker/user/watcher/processing-watcher/graph/graph/$Gb - Starting...
18:54:13.659 [worker-akka.actor.default-dispatcher-13] INFO  a.a.LocalActorRef akka://worker/user/watcher/processing-watcher/graph/graph/$Ib - Starting...
18:54:13.660 [worker-akka.actor.default-dispatcher-13] INFO  a.a.LocalActorRef akka://worker/user/watcher/processing-watcher/graph/graph/$Jb - Starting...
18:54:13.662 [worker-akka.actor.default-dispatcher-13] INFO  a.a.LocalActorRef akka://worker/user/watcher/processing-watcher/graph/graph/$Kb - Starting...
18:54:13.662 [worker-akka.actor.default-dispatcher-13] INFO  a.a.LocalActorRef akka://worker/user/watcher/processing-watcher/graph/graph/$Hb - Starting...
18:54:13.667 [worker-akka.actor.default-dispatcher-13] INFO  a.a.LocalActorRef akka://worker/user/watcher/processing-watcher/graph/graph/$Lb - Starting...
18:54:13.667 [worker-akka.actor.default-dispatcher-13] INFO  a.a.LocalActorRef akka://worker/user/watcher/processing-watcher/graph/graph/$Mb - Starting...
18:54:13.667 [worker-akka.actor.default-dispatcher-13] INFO  a.a.LocalActorRef akka://worker/user/watcher/processing-watcher/graph/graph/$Nb - Starting...
2019-09-28T18:54:24.548+0000: 35.893: [GC (Allocation Failure) 2019-09-28T18:54:24.548+0000: 35.893: [DefNew: 409600K->32303K(460800K), 0.0510515 secs] 435521K->58225K(1484800K), 0.0511418 secs] [Times: user=0.03 sys=0.01, real=0.05 secs] 
2019-09-28T18:54:34.553+0000: 45.897: [GC (Allocation Failure) 2019-09-28T18:54:34.553+0000: 45.897: [DefNew: 441903K->1084K(460800K), 0.0345859 secs] 467825K->56037K(1484800K), 0.0346787 secs] [Times: user=0.03 sys=0.00, real=0.03 secs] 
2019-09-28T18:54:41.385+0000: 52.730: [GC (Allocation Failure) 2019-09-28T18:54:41.386+0000: 52.730: [DefNew: 410684K->1217K(460800K), 0.0048729 secs] 465637K->56171K(1484800K), 0.0049644 secs] [Times: user=0.01 sys=0.00, real=0.01 secs] 
2019-09-28T18:54:46.634+0000: 57.979: [GC (Allocation Failure) 2019-09-28T18:54:46.634+0000: 57.979: [DefNew: 410817K->1264K(460800K), 0.0052853 secs] 465771K->56217K(1484800K), 0.0053660 secs] [Times: user=0.01 sys=0.00, real=0.00 secs] 
2019-09-28T18:54:53.962+0000: 65.307: [GC (Allocation Failure) 2019-09-28T18:54:53.962+0000: 65.307: [DefNew: 410864K->1910K(460800K), 0.0061927 secs] 465817K->56863K(1484800K), 0.0062810 secs] [Times: user=0.01 sys=0.00, real=0.00 secs] 
2019-09-28T18:55:01.236+0000: 72.581: [GC (Allocation Failure) 2019-09-28T18:55:01.236+0000: 72.581: [DefNew: 411510K->1581K(460800K), 0.0041555 secs] 466463K->56534K(1484800K), 0.0042443 secs] [Times: user=0.01 sys=0.00, real=0.00 secs] 
2019-09-28T18:55:08.381+0000: 79.725: [GC (Allocation Failure) 2019-09-28T18:55:08.381+0000: 79.725: [DefNew: 411181K->1668K(460800K), 0.0040957 secs] 466134K->56621K(1484800K), 0.0041808 secs] [Times: user=0.00 sys=0.00, real=0.01 secs] 
2019-09-28T18:55:15.685+0000: 87.029: [GC (Allocation Failure) 2019-09-28T18:55:15.685+0000: 87.029: [DefNew: 411268K->1599K(460800K), 0.0039785 secs] 466221K->56553K(1484800K), 0.0040612 secs] [Times: user=0.00 sys=0.00, real=0.00 secs] 
2019-09-28T18:55:22.876+0000: 94.221: [GC (Allocation Failure) 2019-09-28T18:55:22.876+0000: 94.221: [DefNew: 411199K->1586K(460800K), 0.0039009 secs] 466153K->56539K(1484800K), 0.0039831 secs] [Times: user=0.00 sys=0.00, real=0.00 secs] 
2019-09-28T18:55:30.622+0000: 101.967: [GC (Allocation Failure) 2019-09-28T18:55:30.622+0000: 101.967: [DefNew: 411186K->1582K(460800K), 0.0040271 secs] 466139K->56535K(1484800K), 0.0041204 secs] [Times: user=0.00 sys=0.00, real=0.00 secs] 
2019-09-28T18:55:37.855+0000: 109.199: [GC (Allocation Failure) 2019-09-28T18:55:37.855+0000: 109.200: [DefNew: 411182K->1582K(460800K), 0.0038933 secs] 466135K->56535K(1484800K), 0.0040044 secs] [Times: user=0.01 sys=0.00, real=0.00 secs] 
2019-09-28T18:55:45.079+0000: 116.424: [GC (Allocation Failure) 2019-09-28T18:55:45.079+0000: 116.424: [DefNew: 411182K->1652K(460800K), 0.0041200 secs] 466135K->56606K(1484800K), 0.0042043 secs] [Times: user=0.01 sys=0.00, real=0.01 secs] 
2019-09-28T18:55:52.623+0000: 123.967: [GC (Allocation Failure) 2019-09-28T18:55:52.623+0000: 123.967: [DefNew: 411252K->1649K(460800K), 0.0043551 secs] 466206K->56603K(1484800K), 0.0044342 secs] [Times: user=0.00 sys=0.00, real=0.00 secs] 
2019-09-28T18:56:00.022+0000: 131.366: [GC (Allocation Failure) 2019-09-28T18:56:00.022+0000: 131.366: [DefNew: 411249K->1638K(460800K), 0.0042250 secs] 466203K->56592K(1484800K), 0.0043086 secs] [Times: user=0.01 sys=0.00, real=0.01 secs] 
2019-09-28T18:56:07.258+0000: 138.602: [GC (Allocation Failure) 2019-09-28T18:56:07.258+0000: 138.602: [DefNew: 411238K->1639K(460800K), 0.0041116 secs] 466192K->56592K(1484800K), 0.0041857 secs] [Times: user=0.00 sys=0.00, real=0.00 secs] 
2019-09-28T18:56:14.546+0000: 145.890: [GC (Allocation Failure) 2019-09-28T18:56:14.546+0000: 145.890: [DefNew: 411239K->1637K(460800K), 0.0040759 secs] 466192K->56590K(1484800K), 0.0041561 secs] [Times: user=0.01 sys=0.00, real=0.01 secs] 
2019-09-28T18:56:22.347+0000: 153.692: [GC (Allocation Failure) 2019-09-28T18:56:22.347+0000: 153.692: [DefNew: 411237K->1420K(460800K), 0.0043798 secs] 466190K->56591K(1484800K), 0.0044679 secs] [Times: user=0.01 sys=0.00, real=0.01 secs] 
2019-09-28T18:56:29.634+0000: 160.978: [GC (Allocation Failure) 2019-09-28T18:56:29.634+0000: 160.978: [DefNew: 411020K->1339K(460800K), 0.0038468 secs] 466191K->56591K(1484800K), 0.0039275 secs] [Times: user=0.00 sys=0.00, real=0.00 secs] 
2019-09-28T18:56:37.009+0000: 168.353: [GC (Allocation Failure) 2019-09-28T18:56:37.009+0000: 168.353: [DefNew: 410939K->1275K(460800K), 0.0038741 secs] 466191K->56593K(1484800K), 0.0039580 secs] [Times: user=0.01 sys=0.00, real=0.01 secs] 
2019-09-28T18:56:44.772+0000: 176.117: [GC (Allocation Failure) 2019-09-28T18:56:44.772+0000: 176.117: [DefNew: 410875K->204K(460800K), 0.0044562 secs] 466193K->56596K(1484800K), 0.0045430 secs] [Times: user=0.00 sys=0.00, real=0.00 secs] 
2019-09-28T18:56:51.989+0000: 183.333: [GC (Allocation Failure) 2019-09-28T18:56:51.989+0000: 183.333: [DefNew: 409804K->230K(460800K), 0.0028147 secs] 466196K->56627K(1484800K), 0.0028924 secs] [Times: user=0.01 sys=0.00, real=0.01 secs] 
2019-09-28T18:56:59.281+0000: 190.626: [GC (Allocation Failure) 2019-09-28T18:56:59.281+0000: 190.626: [DefNew: 409830K->291K(460800K), 0.0026251 secs] 466227K->56689K(1484800K), 0.0027101 secs] [Times: user=0.01 sys=0.00, real=0.01 secs] 
2019-09-28T18:57:06.482+0000: 197.826: [GC (Allocation Failure) 2019-09-28T18:57:06.482+0000: 197.826: [DefNew: 409891K->237K(460800K), 0.0027179 secs] 466289K->56635K(1484800K), 0.0027939 secs] [Times: user=0.00 sys=0.00, real=0.01 secs] 
2019-09-28T18:57:14.366+0000: 205.710: [GC (Allocation Failure) 2019-09-28T18:57:14.366+0000: 205.710: [DefNew: 409837K->230K(460800K), 0.0025408 secs] 466235K->56629K(1484800K), 0.0026186 secs] [Times: user=0.00 sys=0.00, real=0.00 secs] 
2019-09-28T18:57:21.644+0000: 212.988: [GC (Allocation Failure) 2019-09-28T18:57:21.644+0000: 212.988: [DefNew: 409830K->305K(460800K), 0.0026677 secs] 466229K->56705K(1484800K), 0.0027502 secs] [Times: user=0.00 sys=0.00, real=0.00 secs] 
2019-09-28T18:57:28.919+0000: 220.264: [GC (Allocation Failure) 2019-09-28T18:57:28.919+0000: 220.264: [DefNew: 409905K->255K(460800K), 0.0026173 secs] 466305K->56655K(1484800K), 0.0026923 secs] [Times: user=0.00 sys=0.00, real=0.00 secs] 
2019-09-28T18:57:36.694+0000: 228.039: [GC (Allocation Failure) 2019-09-28T18:57:36.695+0000: 228.039: [DefNew: 409855K->241K(460800K), 0.0026837 secs] 466255K->56641K(1484800K), 0.0027634 secs] [Times: user=0.00 sys=0.01, real=0.00 secs] 
2019-09-28T18:57:44.010+0000: 235.354: [GC (Allocation Failure) 2019-09-28T18:57:44.010+0000: 235.355: [DefNew: 409841K->208K(460800K), 0.0027637 secs] 466241K->56661K(1484800K), 0.0028340 secs] [Times: user=0.00 sys=0.00, real=0.00 secs] 
2019-09-28T18:57:51.231+0000: 242.575: [GC (Allocation Failure) 2019-09-28T18:57:51.231+0000: 242.575: [DefNew: 409808K->211K(460800K), 0.0026232 secs] 466261K->56664K(1484800K), 0.0027043 secs] [Times: user=0.00 sys=0.00, real=0.00 secs] 
2019-09-28T18:57:58.751+0000: 250.096: [GC (Allocation Failure) 2019-09-28T18:57:58.751+0000: 250.096: [DefNew: 409811K->197K(460800K), 0.0027142 secs] 466264K->56650K(1484800K), 0.0027974 secs] [Times: user=0.00 sys=0.00, real=0.00 secs] 
2019-09-28T18:58:06.221+0000: 257.566: [GC (Allocation Failure) 2019-09-28T18:58:06.221+0000: 257.566: [DefNew: 409797K->195K(460800K), 0.0025272 secs] 466250K->56648K(1484800K), 0.0026188 secs] [Times: user=0.01 sys=0.00, real=0.01 secs] 
2019-09-28T18:58:13.458+0000: 264.802: [GC (Allocation Failure) 2019-09-28T18:58:13.458+0000: 264.802: [DefNew: 409795K->196K(460800K), 0.0025645 secs] 466248K->56649K(1484800K), 0.0026855 secs] [Times: user=0.00 sys=0.00, real=0.00 secs] 
2019-09-28T18:58:20.742+0000: 272.087: [GC (Allocation Failure) 2019-09-28T18:58:20.742+0000: 272.087: [DefNew: 409796K->198K(460800K), 0.0025585 secs] 466249K->56651K(1484800K), 0.0026340 secs] [Times: user=0.00 sys=0.00, real=0.00 secs] 
2019-09-28T18:58:28.580+0000: 279.924: [GC (Allocation Failure) 2019-09-28T18:58:28.580+0000: 279.924: [DefNew: 409798K->195K(460800K), 0.0025525 secs] 466251K->56649K(1484800K), 0.0026334 secs] [Times: user=0.01 sys=0.00, real=0.01 secs] 
2019-09-28T18:58:35.884+0000: 287.229: [GC (Allocation Failure) 2019-09-28T18:58:35.884+0000: 287.229: [DefNew: 409795K->191K(460800K), 0.0026095 secs] 466249K->56649K(1484800K), 0.0027036 secs] [Times: user=0.01 sys=0.00, real=0.00 secs] 
2019-09-28T18:58:43.135+0000: 294.479: [GC (Allocation Failure) 2019-09-28T18:58:43.135+0000: 294.479: [DefNew: 409791K->162K(460800K), 0.0026275 secs] 466249K->56651K(1484800K), 0.0027141 secs] [Times: user=0.01 sys=0.00, real=0.00 secs] 
2019-09-28T18:58:50.891+0000: 302.236: [GC (Allocation Failure) 2019-09-28T18:58:50.891+0000: 302.236: [DefNew: 409762K->176K(460800K), 0.0025217 secs] 466251K->56664K(1484800K), 0.0026081 secs] [Times: user=0.00 sys=0.00, real=0.00 secs] 
2019-09-28T18:58:58.178+0000: 309.523: [GC (Allocation Failure) 2019-09-28T18:58:58.178+0000: 309.523: [DefNew: 409776K->256K(460800K), 0.0026520 secs] 466264K->56745K(1484800K), 0.0027370 secs] [Times: user=0.01 sys=0.00, real=0.00 secs] 
2019-09-28T18:59:05.480+0000: 316.825: [GC (Allocation Failure) 2019-09-28T18:59:05.480+0000: 316.825: [DefNew: 409856K->238K(460800K), 0.0026161 secs] 466345K->56727K(1484800K), 0.0026897 secs] [Times: user=0.01 sys=0.00, real=0.01 secs] 
2019-09-28T18:59:13.306+0000: 324.650: [GC (Allocation Failure) 2019-09-28T18:59:13.306+0000: 324.651: [DefNew: 409838K->216K(460800K), 0.0025333 secs] 466327K->56705K(1484800K), 0.0026237 secs] [Times: user=0.00 sys=0.00, real=0.00 secs] 
2019-09-28T18:59:20.566+0000: 331.910: [GC (Allocation Failure) 2019-09-28T18:59:20.566+0000: 331.910: [DefNew: 409816K->280K(460800K), 0.0025736 secs] 466305K->56769K(1484800K), 0.0026562 secs] [Times: user=0.00 sys=0.00, real=0.00 secs] 
2019-09-28T18:59:27.857+0000: 339.202: [GC (Allocation Failure) 2019-09-28T18:59:27.857+0000: 339.202: [DefNew: 409880K->290K(460800K), 0.0026952 secs] 466369K->56780K(1484800K), 0.0027760 secs] [Times: user=0.00 sys=0.00, real=0.00 secs] 
2019-09-28T18:59:35.610+0000: 346.955: [GC (Allocation Failure) 2019-09-28T18:59:35.610+0000: 346.955: [DefNew: 409890K->216K(460800K), 0.0026038 secs] 466380K->56705K(1484800K), 0.0027151 secs] [Times: user=0.00 sys=0.00, real=0.00 secs] 
2019-09-28T18:59:42.856+0000: 354.201: [GC (Allocation Failure) 2019-09-28T18:59:42.856+0000: 354.201: [DefNew: 409816K->207K(460800K), 0.0025691 secs] 466305K->56705K(1484800K), 0.0026403 secs] [Times: user=0.01 sys=0.00, real=0.00 secs] 
2019-09-28T18:59:50.200+0000: 361.544: [GC (Allocation Failure) 2019-09-28T18:59:50.200+0000: 361.544: [DefNew: 409807K->210K(460800K), 0.0026535 secs] 466305K->56720K(1484800K), 0.0027362 secs] [Times: user=0.00 sys=0.00, real=0.01 secs] 
2019-09-28T18:59:57.358+0000: 368.702: [GC (Allocation Failure) 2019-09-28T18:59:57.358+0000: 368.702: [DefNew: 409810K->218K(460800K), 0.0027137 secs] 466320K->56728K(1484800K), 0.0028145 secs] [Times: user=0.00 sys=0.00, real=0.00 secs] 
2019-09-28T19:00:05.149+0000: 376.493: [GC (Allocation Failure) 2019-09-28T19:00:05.149+0000: 376.493: [DefNew: 409818K->217K(460800K), 0.0028832 secs] 466328K->56727K(1484800K), 0.0029602 secs] [Times: user=0.01 sys=0.00, real=0.01 secs] 
2019-09-28T19:00:12.408+0000: 383.752: [GC (Allocation Failure) 2019-09-28T19:00:12.408+0000: 383.752: [DefNew: 409817K->246K(460800K), 0.0026881 secs] 466327K->56756K(1484800K), 0.0027636 secs] [Times: user=0.01 sys=0.00, real=0.01 secs] 
2019-09-28T19:00:19.681+0000: 391.025: [GC (Allocation Failure) 2019-09-28T19:00:19.681+0000: 391.025: [DefNew: 409846K->215K(460800K), 0.0024973 secs] 466356K->56726K(1484800K), 0.0025695 secs] [Times: user=0.00 sys=0.00, real=0.01 secs] 
2019-09-28T19:00:27.442+0000: 398.786: [GC (Allocation Failure) 2019-09-28T19:00:27.442+0000: 398.786: [DefNew: 409815K->217K(460800K), 0.0025842 secs] 466326K->56727K(1484800K), 0.0026630 secs] [Times: user=0.00 sys=0.00, real=0.01 secs] 
2019-09-28T19:00:34.717+0000: 406.062: [GC (Allocation Failure) 2019-09-28T19:00:34.717+0000: 406.062: [DefNew: 409817K->283K(460800K), 0.0027341 secs] 466327K->56793K(1484800K), 0.0028220 secs] [Times: user=0.00 sys=0.00, real=0.00 secs] 
2019-09-28T19:00:41.978+0000: 413.323: [GC (Allocation Failure) 2019-09-28T19:00:41.978+0000: 413.323: [DefNew: 409883K->201K(460800K), 0.0025928 secs] 466393K->56726K(1484800K), 0.0026724 secs] [Times: user=0.00 sys=0.00, real=0.00 secs] 
2019-09-28T19:00:49.771+0000: 421.115: [GC (Allocation Failure) 2019-09-28T19:00:49.771+0000: 421.115: [DefNew: 409801K->207K(460800K), 0.0026843 secs] 466326K->56741K(1484800K), 0.0027738 secs] [Times: user=0.01 sys=0.00, real=0.00 secs] 
2019-09-28T19:00:57.018+0000: 428.362: [GC (Allocation Failure) 2019-09-28T19:00:57.018+0000: 428.362: [DefNew: 409807K->193K(460800K), 0.0028463 secs] 466341K->56759K(1484800K), 0.0029322 secs] [Times: user=0.01 sys=0.00, real=0.00 secs] 
2019-09-28T19:01:04.287+0000: 435.631: [GC (Allocation Failure) 2019-09-28T19:01:04.287+0000: 435.631: [DefNew: 409793K->171K(460800K), 0.0025643 secs] 466359K->56738K(1484800K), 0.0026573 secs] [Times: user=0.00 sys=0.00, real=0.00 secs] 
2019-09-28T19:01:11.580+0000: 442.924: [GC (Allocation Failure) 2019-09-28T19:01:11.580+0000: 442.924: [DefNew: 409771K->230K(460800K), 0.0026915 secs] 466338K->56797K(1484800K), 0.0027777 secs] [Times: user=0.00 sys=0.00, real=0.01 secs] 
2019-09-28T19:01:19.302+0000: 450.646: [GC (Allocation Failure) 2019-09-28T19:01:19.302+0000: 450.646: [DefNew: 409830K->234K(460800K), 0.0026877 secs] 466397K->56801K(1484800K), 0.0027774 secs] [Times: user=0.00 sys=0.00, real=0.00 secs] 
2019-09-28T19:01:26.604+0000: 457.949: [GC (Allocation Failure) 2019-09-28T19:01:26.604+0000: 457.949: [DefNew: 409834K->188K(460800K), 0.0028218 secs] 466401K->56755K(1484800K), 0.0029020 secs] [Times: user=0.00 sys=0.00, real=0.00 secs] 
19:01:31.921 [worker-akka.actor.default-dispatcher-12] INFO  a.r.a.Association(akka://worker) akka.remote.artery.Association(akka://worker) - Stopping idle outbound stream [2] to [akka://worker@flamestream-benchmarks-worker-0:5412]
2019-09-28T19:01:33.986+0000: 465.331: [GC (Allocation Failure) 2019-09-28T19:01:33.986+0000: 465.331: [DefNew: 409788K->265K(460800K), 0.0027785 secs] 466355K->56832K(1484800K), 0.0028559 secs] [Times: user=0.00 sys=0.00, real=0.00 secs] 
2019-09-28T19:01:41.610+0000: 472.954: [GC (Allocation Failure) 2019-09-28T19:01:41.610+0000: 472.954: [DefNew: 409865K->229K(460800K), 0.0028335 secs] 466432K->56800K(1484800K), 0.0029154 secs] [Times: user=0.00 sys=0.00, real=0.01 secs] 
2019-09-28T19:01:48.987+0000: 480.332: [GC (Allocation Failure) 2019-09-28T19:01:48.988+0000: 480.332: [DefNew: 409829K->224K(460800K), 0.0029696 secs] 466400K->56811K(1484800K), 0.0041731 secs] [Times: user=0.00 sys=0.00, real=0.01 secs] 
2019-09-28T19:01:56.083+0000: 487.427: [GC (Allocation Failure) 2019-09-28T19:01:56.083+0000: 487.427: [DefNew: 409824K->219K(460800K), 0.0029224 secs] 466411K->56806K(1484800K), 0.0030031 secs] [Times: user=0.01 sys=0.00, real=0.00 secs] 
2019-09-28T19:02:04.023+0000: 495.368: [GC (Allocation Failure) 2019-09-28T19:02:04.023+0000: 495.368: [DefNew: 409819K->218K(460800K), 0.0026811 secs] 466406K->56806K(1484800K), 0.0027785 secs] [Times: user=0.01 sys=0.00, real=0.00 secs] 
2019-09-28T19:02:11.283+0000: 502.628: [GC (Allocation Failure) 2019-09-28T19:02:11.284+0000: 502.628: [DefNew: 409818K->219K(460800K), 0.0027237 secs] 466406K->56807K(1484800K), 0.0028119 secs] [Times: user=0.01 sys=0.00, real=0.00 secs] 
2019-09-28T19:02:18.560+0000: 509.904: [GC (Allocation Failure) 2019-09-28T19:02:18.560+0000: 509.905: [DefNew: 409819K->300K(460800K), 0.0029488 secs] 466407K->56888K(1484800K), 0.0030323 secs] [Times: user=0.01 sys=0.00, real=0.01 secs] 
2019-09-28T19:02:25.746+0000: 517.091: [GC (Allocation Failure) 2019-09-28T19:02:25.746+0000: 517.091: [DefNew: 409900K->254K(460800K), 0.0027978 secs] 466488K->56842K(1484800K), 0.0028699 secs] [Times: user=0.01 sys=0.00, real=0.00 secs] 
2019-09-28T19:02:33.554+0000: 524.898: [GC (Allocation Failure) 2019-09-28T19:02:33.554+0000: 524.898: [DefNew: 409854K->217K(460800K), 0.0027661 secs] 466442K->56805K(1484800K), 0.0028524 secs] [Times: user=0.00 sys=0.00, real=0.00 secs] 
2019-09-28T19:02:40.831+0000: 532.175: [GC (Allocation Failure) 2019-09-28T19:02:40.831+0000: 532.175: [DefNew: 409817K->217K(460800K), 0.0026561 secs] 466405K->56805K(1484800K), 0.0027375 secs] [Times: user=0.00 sys=0.00, real=0.00 secs] 
2019-09-28T19:02:48.098+0000: 539.443: [GC (Allocation Failure) 2019-09-28T19:02:48.098+0000: 539.443: [DefNew: 409817K->275K(460800K), 0.0029572 secs] 466405K->56873K(1484800K), 0.0030247 secs] [Times: user=0.00 sys=0.00, real=0.00 secs] 
2019-09-28T19:02:55.830+0000: 547.174: [GC (Allocation Failure) 2019-09-28T19:02:55.830+0000: 547.174: [DefNew: 409875K->248K(460800K), 0.0029590 secs] 466473K->56846K(1484800K), 0.0030630 secs] [Times: user=0.00 sys=0.00, real=0.01 secs] 
2019-09-28T19:03:03.252+0000: 554.597: [GC (Allocation Failure) 2019-09-28T19:03:03.252+0000: 554.597: [DefNew: 409848K->217K(460800K), 0.0027840 secs] 466446K->56815K(1484800K), 0.0028753 secs] [Times: user=0.00 sys=0.00, real=0.00 secs] 
2019-09-28T19:03:10.529+0000: 561.874: [GC (Allocation Failure) 2019-09-28T19:03:10.529+0000: 561.874: [DefNew: 409817K->275K(460800K), 0.0029509 secs] 466415K->56875K(1484800K), 0.0030262 secs] [Times: user=0.00 sys=0.00, real=0.01 secs] 
2019-09-28T19:03:18.295+0000: 569.640: [GC (Allocation Failure) 2019-09-28T19:03:18.295+0000: 569.640: [DefNew: 409875K->312K(460800K), 0.0030261 secs] 466475K->56912K(1484800K), 0.0031052 secs] [Times: user=0.00 sys=0.00, real=0.00 secs] 
2019-09-28T19:03:25.602+0000: 576.946: [GC (Allocation Failure) 2019-09-28T19:03:25.602+0000: 576.946: [DefNew: 409912K->178K(460800K), 0.0028507 secs] 466512K->56815K(1484800K), 0.0029406 secs] [Times: user=0.00 sys=0.00, real=0.01 secs] 
2019-09-28T19:03:32.807+0000: 584.151: [GC (Allocation Failure) 2019-09-28T19:03:32.807+0000: 584.151: [DefNew: 409778K->157K(460800K), 0.0024623 secs] 466415K->56815K(1484800K), 0.0025463 secs] [Times: user=0.00 sys=0.00, real=0.00 secs] 
2019-09-28T19:03:40.605+0000: 591.950: [GC (Allocation Failure) 2019-09-28T19:03:40.606+0000: 591.950: [DefNew: 409757K->184K(460800K), 0.0025541 secs] 466415K->56842K(1484800K), 0.0026398 secs] [Times: user=0.00 sys=0.00, real=0.00 secs] 
2019-09-28T19:03:47.887+0000: 599.232: [GC (Allocation Failure) 2019-09-28T19:03:47.887+0000: 599.232: [DefNew: 409784K->151K(460800K), 0.0025045 secs] 466442K->56818K(1484800K), 0.0025889 secs] [Times: user=0.00 sys=0.00, real=0.00 secs] 
2019-09-28T19:03:55.155+0000: 606.500: [GC (Allocation Failure) 2019-09-28T19:03:55.155+0000: 606.500: [DefNew: 409751K->165K(460800K), 0.0028020 secs] 466418K->56832K(1484800K), 0.0028843 secs] [Times: user=0.00 sys=0.00, real=0.00 secs] 
2019-09-28T19:04:02.927+0000: 614.272: [GC (Allocation Failure) 2019-09-28T19:04:02.927+0000: 614.272: [DefNew: 409765K->166K(460800K), 0.0024774 secs] 466432K->56833K(1484800K), 0.0025639 secs] [Times: user=0.00 sys=0.00, real=0.00 secs] 
2019-09-28T19:04:10.179+0000: 621.524: [GC (Allocation Failure) 2019-09-28T19:04:10.179+0000: 621.524: [DefNew: 409766K->203K(460800K), 0.0026762 secs] 466433K->56870K(1484800K), 0.0027826 secs] [Times: user=0.01 sys=0.00, real=0.01 secs] 
2019-09-28T19:04:17.482+0000: 628.826: [GC (Allocation Failure) 2019-09-28T19:04:17.482+0000: 628.826: [DefNew: 409803K->222K(460800K), 0.0025419 secs] 466470K->56889K(1484800K), 0.0026286 secs] [Times: user=0.00 sys=0.00, real=0.01 secs] 
2019-09-28T19:04:24.765+0000: 636.109: [GC (Allocation Failure) 2019-09-28T19:04:24.765+0000: 636.109: [DefNew: 409822K->186K(460800K), 0.0025561 secs] 466489K->56853K(1484800K), 0.0026283 secs] [Times: user=0.01 sys=0.00, real=0.00 secs] 
2019-09-28T19:04:32.534+0000: 643.878: [GC (Allocation Failure) 2019-09-28T19:04:32.534+0000: 643.878: [DefNew: 409786K->166K(460800K), 0.0025215 secs] 466453K->56833K(1484800K), 0.0026053 secs] [Times: user=0.00 sys=0.00, real=0.00 secs] 
2019-09-28T19:04:39.815+0000: 651.160: [GC (Allocation Failure) 2019-09-28T19:04:39.815+0000: 651.160: [DefNew: 409766K->165K(460800K), 0.0024777 secs] 466433K->56833K(1484800K), 0.0025677 secs] [Times: user=0.00 sys=0.00, real=0.00 secs] 
2019-09-28T19:04:47.046+0000: 658.390: [GC (Allocation Failure) 2019-09-28T19:04:47.046+0000: 658.390: [DefNew: 409765K->157K(460800K), 0.0026233 secs] 466433K->56834K(1484800K), 0.0027033 secs] [Times: user=0.00 sys=0.01, real=0.00 secs] 
2019-09-28T19:04:54.793+0000: 666.137: [GC (Allocation Failure) 2019-09-28T19:04:54.793+0000: 666.137: [DefNew: 409757K->165K(460800K), 0.0027834 secs] 466434K->56843K(1484800K), 0.0028666 secs] [Times: user=0.00 sys=0.00, real=0.00 secs] 
2019-09-28T19:05:02.282+0000: 673.626: [GC (Allocation Failure) 2019-09-28T19:05:02.282+0000: 673.626: [DefNew: 409765K->164K(460800K), 0.0027714 secs] 466443K->56841K(1484800K), 0.0028892 secs] [Times: user=0.00 sys=0.00, real=0.01 secs] 
2019-09-28T19:05:09.476+0000: 680.821: [GC (Allocation Failure) 2019-09-28T19:05:09.476+0000: 680.821: [DefNew: 409764K->167K(460800K), 0.0027072 secs] 466441K->56844K(1484800K), 0.0028166 secs] [Times: user=0.00 sys=0.00, real=0.00 secs] 
2019-09-28T19:05:17.337+0000: 688.681: [GC (Allocation Failure) 2019-09-28T19:05:17.337+0000: 688.681: [DefNew: 409767K->170K(460800K), 0.0025979 secs] 466444K->56848K(1484800K), 0.0026808 secs] [Times: user=0.01 sys=0.00, real=0.00 secs] 
2019-09-28T19:05:24.600+0000: 695.944: [GC (Allocation Failure) 2019-09-28T19:05:24.600+0000: 695.945: [DefNew: 409770K->205K(460800K), 0.0025629 secs] 466448K->56882K(1484800K), 0.0026451 secs] [Times: user=0.00 sys=0.00, real=0.01 secs] 
2019-09-28T19:05:31.844+0000: 703.188: [GC (Allocation Failure) 2019-09-28T19:05:31.844+0000: 703.188: [DefNew: 409805K->163K(460800K), 0.0025908 secs] 466482K->56843K(1484800K), 0.0026848 secs] [Times: user=0.00 sys=0.00, real=0.00 secs] 
2019-09-28T19:05:39.722+0000: 711.066: [GC (Allocation Failure) 2019-09-28T19:05:39.722+0000: 711.066: [DefNew: 409763K->163K(460800K), 0.0025132 secs] 466443K->56843K(1484800K), 0.0025942 secs] [Times: user=0.01 sys=0.00, real=0.00 secs] 
2019-09-28T19:05:46.996+0000: 718.341: [GC (Allocation Failure) 2019-09-28T19:05:46.996+0000: 718.341: [DefNew: 409763K->147K(460800K), 0.0025327 secs] 466443K->56842K(1484800K), 0.0026194 secs] [Times: user=0.00 sys=0.00, real=0.00 secs] 
2019-09-28T19:05:54.234+0000: 725.578: [GC (Allocation Failure) 2019-09-28T19:05:54.234+0000: 725.578: [DefNew: 409747K->197K(460800K), 0.0027619 secs] 466442K->56891K(1484800K), 0.0028875 secs] [Times: user=0.00 sys=0.00, real=0.00 secs] 
2019-09-28T19:06:02.006+0000: 733.351: [GC (Allocation Failure) 2019-09-28T19:06:02.006+0000: 733.351: [DefNew: 409797K->161K(460800K), 0.0025404 secs] 466491K->56856K(1484800K), 0.0026424 secs] [Times: user=0.00 sys=0.00, real=0.00 secs] 
2019-09-28T19:06:09.290+0000: 740.634: [GC (Allocation Failure) 2019-09-28T19:06:09.290+0000: 740.634: [DefNew: 409761K->156K(460800K), 0.0024068 secs] 466456K->56851K(1484800K), 0.0024837 secs] [Times: user=0.00 sys=0.00, real=0.01 secs] 
2019-09-28T19:06:16.563+0000: 747.907: [GC (Allocation Failure) 2019-09-28T19:06:16.563+0000: 747.907: [DefNew: 409756K->157K(460800K), 0.0024278 secs] 466451K->56852K(1484800K), 0.0025199 secs] [Times: user=0.00 sys=0.00, real=0.00 secs] 
2019-09-28T19:06:24.407+0000: 755.752: [GC (Allocation Failure) 2019-09-28T19:06:24.408+0000: 755.752: [DefNew: 409757K->160K(460800K), 0.0025685 secs] 466452K->56855K(1484800K), 0.0026323 secs] [Times: user=0.01 sys=0.00, real=0.01 secs] 
2019-09-28T19:06:31.699+0000: 763.044: [GC (Allocation Failure) 2019-09-28T19:06:31.699+0000: 763.044: [DefNew: 409760K->164K(460800K), 0.0025155 secs] 466455K->56859K(1484800K), 0.0026042 secs] [Times: user=0.00 sys=0.00, real=0.00 secs] 
2019-09-28T19:06:38.955+0000: 770.300: [GC (Allocation Failure) 2019-09-28T19:06:38.955+0000: 770.300: [DefNew: 409764K->208K(460800K), 0.0026272 secs] 466459K->56903K(1484800K), 0.0027104 secs] [Times: user=0.00 sys=0.00, real=0.00 secs] 
2019-09-28T19:06:46.712+0000: 778.057: [GC (Allocation Failure) 2019-09-28T19:06:46.712+0000: 778.057: [DefNew: 409808K->179K(460800K), 0.0025846 secs] 466503K->56883K(1484800K), 0.0026685 secs] [Times: user=0.00 sys=0.00, real=0.00 secs] 
2019-09-28T19:06:53.961+0000: 785.305: [GC (Allocation Failure) 2019-09-28T19:06:53.961+0000: 785.305: [DefNew: 409779K->224K(460800K), 0.0027823 secs] 466483K->56927K(1484800K), 0.0028684 secs] [Times: user=0.01 sys=0.00, real=0.01 secs] 
2019-09-28T19:07:01.341+0000: 792.686: [GC (Allocation Failure) 2019-09-28T19:07:01.341+0000: 792.686: [DefNew: 409824K->189K(460800K), 0.0025629 secs] 466527K->56893K(1484800K), 0.0026436 secs] [Times: user=0.00 sys=0.00, real=0.01 secs] 
2019-09-28T19:07:08.525+0000: 799.870: [GC (Allocation Failure) 2019-09-28T19:07:08.525+0000: 799.870: [DefNew: 409789K->203K(460800K), 0.0026060 secs] 466493K->56907K(1484800K), 0.0026817 secs] [Times: user=0.00 sys=0.00, real=0.00 secs] 
2019-09-28T19:07:16.310+0000: 807.655: [GC (Allocation Failure) 2019-09-28T19:07:16.310+0000: 807.655: [DefNew: 409803K->188K(460800K), 0.0025017 secs] 466507K->56892K(1484800K), 0.0025982 secs] [Times: user=0.00 sys=0.00, real=0.00 secs] 
2019-09-28T19:07:23.564+0000: 814.909: [GC (Allocation Failure) 2019-09-28T19:07:23.564+0000: 814.909: [DefNew: 409788K->209K(460800K), 0.0026347 secs] 466492K->56913K(1484800K), 0.0027301 secs] [Times: user=0.01 sys=0.00, real=0.00 secs] 
2019-09-28T19:07:30.760+0000: 822.105: [GC (Allocation Failure) 2019-09-28T19:07:30.761+0000: 822.105: [DefNew: 409809K->192K(460800K), 0.0025783 secs] 466513K->56896K(1484800K), 0.0026566 secs] [Times: user=0.00 sys=0.00, real=0.01 secs] 
2019-09-28T19:07:38.510+0000: 829.855: [GC (Allocation Failure) 2019-09-28T19:07:38.510+0000: 829.855: [DefNew: 409792K->193K(460800K), 0.0024604 secs] 466496K->56897K(1484800K), 0.0025408 secs] [Times: user=0.00 sys=0.01, real=0.00 secs] 
2019-09-28T19:07:45.802+0000: 837.146: [GC (Allocation Failure) 2019-09-28T19:07:45.802+0000: 837.146: [DefNew: 409793K->233K(460800K), 0.0025689 secs] 466497K->56945K(1484800K), 0.0026527 secs] [Times: user=0.00 sys=0.00, real=0.01 secs] 
2019-09-28T19:07:53.036+0000: 844.381: [GC (Allocation Failure) 2019-09-28T19:07:53.037+0000: 844.381: [DefNew: 409833K->266K(460800K), 0.0027942 secs] 466545K->56978K(1484800K), 0.0028867 secs] [Times: user=0.00 sys=0.00, real=0.00 secs] 
2019-09-28T19:08:00.260+0000: 851.604: [GC (Allocation Failure) 2019-09-28T19:08:00.260+0000: 851.604: [DefNew: 409866K->267K(460800K), 0.0025347 secs] 466578K->56979K(1484800K), 0.0026082 secs] [Times: user=0.01 sys=0.00, real=0.01 secs] 
2019-09-28T19:08:08.107+0000: 859.451: [GC (Allocation Failure) 2019-09-28T19:08:08.107+0000: 859.451: [DefNew: 409867K->309K(460800K), 0.0025894 secs] 466579K->57021K(1484800K), 0.0026599 secs] [Times: user=0.00 sys=0.00, real=0.00 secs] 
2019-09-28T19:08:15.364+0000: 866.708: [GC (Allocation Failure) 2019-09-28T19:08:15.364+0000: 866.709: [DefNew: 409909K->266K(460800K), 0.0026149 secs] 466621K->56978K(1484800K), 0.0026943 secs] [Times: user=0.00 sys=0.00, real=0.00 secs] 
2019-09-28T19:08:22.605+0000: 873.950: [GC (Allocation Failure) 2019-09-28T19:08:22.605+0000: 873.950: [DefNew: 409866K->267K(460800K), 0.0026708 secs] 466578K->56979K(1484800K), 0.0027512 secs] [Times: user=0.00 sys=0.00, real=0.00 secs] 
2019-09-28T19:08:30.482+0000: 881.826: [GC (Allocation Failure) 2019-09-28T19:08:30.482+0000: 881.826: [DefNew: 409867K->236K(460800K), 0.0026913 secs] 466579K->56980K(1484800K), 0.0027745 secs] [Times: user=0.00 sys=0.00, real=0.00 secs] 
2019-09-28T19:08:37.759+0000: 889.103: [GC (Allocation Failure) 2019-09-28T19:08:37.759+0000: 889.103: [DefNew: 409836K->233K(460800K), 0.0024727 secs] 466580K->56977K(1484800K), 0.0025490 secs] [Times: user=0.00 sys=0.01, real=0.00 secs] 
2019-09-28T19:08:45.032+0000: 896.377: [GC (Allocation Failure) 2019-09-28T19:08:45.032+0000: 896.377: [DefNew: 409833K->307K(460800K), 0.0026504 secs] 466577K->57060K(1484800K), 0.0027286 secs] [Times: user=0.00 sys=0.00, real=0.00 secs] 
2019-09-28T19:08:52.313+0000: 903.657: [GC (Allocation Failure) 2019-09-28T19:08:52.313+0000: 903.657: [DefNew: 409907K->244K(460800K), 0.0027083 secs] 466660K->56997K(1484800K), 0.0027851 secs] [Times: user=0.01 sys=0.00, real=0.00 secs] 
2019-09-28T19:09:00.004+0000: 911.349: [GC (Allocation Failure) 2019-09-28T19:09:00.005+0000: 911.349: [DefNew: 409844K->245K(460800K), 0.0025798 secs] 466597K->56998K(1484800K), 0.0026596 secs] [Times: user=0.01 sys=0.00, real=0.00 secs] 
2019-09-28T19:09:07.236+0000: 918.581: [GC (Allocation Failure) 2019-09-28T19:09:07.236+0000: 918.581: [DefNew: 409845K->246K(460800K), 0.0025957 secs] 466598K->56999K(1484800K), 0.0026723 secs] [Times: user=0.01 sys=0.00, real=0.00 secs] 
2019-09-28T19:09:14.514+0000: 925.858: [GC (Allocation Failure) 2019-09-28T19:09:14.514+0000: 925.858: [DefNew: 409846K->264K(460800K), 0.0026116 secs] 466599K->57017K(1484800K), 0.0026820 secs] [Times: user=0.00 sys=0.00, real=0.00 secs] 
2019-09-28T19:09:22.365+0000: 933.710: [GC (Allocation Failure) 2019-09-28T19:09:22.365+0000: 933.710: [DefNew: 409864K->291K(460800K), 0.0026694 secs] 466617K->57044K(1484800K), 0.0027527 secs] [Times: user=0.00 sys=0.00, real=0.00 secs] 
2019-09-28T19:09:29.625+0000: 940.970: [GC (Allocation Failure) 2019-09-28T19:09:29.625+0000: 940.970: [DefNew: 409891K->247K(460800K), 0.0026522 secs] 466644K->57000K(1484800K), 0.0027319 secs] [Times: user=0.00 sys=0.00, real=0.00 secs] 
2019-09-28T19:09:36.919+0000: 948.264: [GC (Allocation Failure) 2019-09-28T19:09:36.920+0000: 948.264: [DefNew: 409847K->255K(460800K), 0.0028355 secs] 466600K->57008K(1484800K), 0.0029166 secs] [Times: user=0.01 sys=0.00, real=0.01 secs] 
2019-09-28T19:09:44.674+0000: 956.019: [GC (Allocation Failure) 2019-09-28T19:09:44.674+0000: 956.019: [DefNew: 409855K->192K(460800K), 0.0028170 secs] 466608K->57031K(1484800K), 0.0028879 secs] [Times: user=0.00 sys=0.00, real=0.00 secs] 
2019-09-28T19:09:51.913+0000: 963.258: [GC (Allocation Failure) 2019-09-28T19:09:51.913+0000: 963.258: [DefNew: 409792K->166K(460800K), 0.0026748 secs] 466631K->57005K(1484800K), 0.0027604 secs] [Times: user=0.00 sys=0.00, real=0.00 secs] 
2019-09-28T19:09:59.145+0000: 970.489: [GC (Allocation Failure) 2019-09-28T19:09:59.145+0000: 970.489: [DefNew: 409766K->250K(460800K), 0.0025775 secs] 466605K->57089K(1484800K), 0.0026586 secs] [Times: user=0.00 sys=0.00, real=0.00 secs] 
2019-09-28T19:10:07.008+0000: 978.353: [GC (Allocation Failure) 2019-09-28T19:10:07.008+0000: 978.353: [DefNew: 409850K->167K(460800K), 0.0025156 secs] 466689K->57006K(1484800K), 0.0026277 secs] [Times: user=0.01 sys=0.00, real=0.01 secs] 
2019-09-28T19:10:14.293+0000: 985.637: [GC (Allocation Failure) 2019-09-28T19:10:14.293+0000: 985.637: [DefNew: 409767K->167K(460800K), 0.0025576 secs] 466606K->57006K(1484800K), 0.0026309 secs] [Times: user=0.01 sys=0.00, real=0.00 secs] 
2019-09-28T19:10:21.554+0000: 992.898: [GC (Allocation Failure) 2019-09-28T19:10:21.554+0000: 992.898: [DefNew: 409767K->168K(460800K), 0.0025410 secs] 466606K->57007K(1484800K), 0.0026209 secs] [Times: user=0.00 sys=0.00, real=0.00 secs] 
2019-09-28T19:10:28.793+0000: 1000.137: [GC (Allocation Failure) 2019-09-28T19:10:28.793+0000: 1000.138: [DefNew: 409768K->190K(460800K), 0.0024792 secs] 466607K->57030K(1484800K), 0.0025503 secs] [Times: user=0.01 sys=0.00, real=0.00 secs] 
2019-09-28T19:10:36.551+0000: 1007.895: [GC (Allocation Failure) 2019-09-28T19:10:36.551+0000: 1007.895: [DefNew: 409790K->166K(460800K), 0.0024889 secs] 466630K->57006K(1484800K), 0.0025716 secs] [Times: user=0.01 sys=0.00, real=0.00 secs] 
2019-09-28T19:10:43.790+0000: 1015.135: [GC (Allocation Failure) 2019-09-28T19:10:43.791+0000: 1015.135: [DefNew: 409766K->181K(460800K), 0.0026170 secs] 466606K->57040K(1484800K), 0.0026839 secs] [Times: user=0.00 sys=0.00, real=0.00 secs] 
2019-09-28T19:10:51.072+0000: 1022.416: [GC (Allocation Failure) 2019-09-28T19:10:51.072+0000: 1022.416: [DefNew: 409781K->195K(460800K), 0.0026118 secs] 466640K->57054K(1484800K), 0.0026904 secs] [Times: user=0.00 sys=0.00, real=0.00 secs] 
19:10:55.517 [Client] INFO  c.s.f.r.e.s.SocketRear  - FlameSocketGraphDeployerRear@flamestream-benchmarks-worker-11: has been disconnected from Connection 14
19:10:55.523 [Client] INFO  c.s.f.r.e.s.SocketFront  - FlameSocketGraphDeployerFront@flamestream-benchmarks-worker-11 has been disconnected from Connection 14
19:10:55.574 [worker-akka.actor.default-dispatcher-12] WARN  c.s.f.r.e.s.SocketRear  - FlameSocketGraphDeployerRear@flamestream-benchmarks-worker-11: writing to closed log
19:10:55.578 [worker-akka.actor.default-dispatcher-12] WARN  c.s.f.r.e.s.SocketRear  - FlameSocketGraphDeployerRear@flamestream-benchmarks-worker-11: writing to closed log
19:11:14.751 [worker-akka.actor.default-dispatcher-12] INFO  a.r.a.Association(akka://worker) akka.remote.artery.Association(akka://worker) - Association to [akka://worker@flamestream-benchmarks-worker-0:5412] having UID [8671737266674996310] has been stopped. All messages to this UID will be delivered to dead letters. Reason: ActorSystem terminated
19:11:14.760 [worker-akka.actor.default-dispatcher-12] INFO  a.r.a.Association(akka://worker) akka.remote.artery.Association(akka://worker) - Association to [akka://worker@flamestream-benchmarks-worker-2:5412] having UID [-1357220282590935731] has been stopped. All messages to this UID will be delivered to dead letters. Reason: ActorSystem terminated
19:11:14.800 [worker-akka.actor.default-dispatcher-12] INFO  a.r.a.Association(akka://worker) akka.remote.artery.Association(akka://worker) - Association to [akka://worker@flamestream-benchmarks-worker-1:5412] having UID [9003752637410361599] has been stopped. All messages to this UID will be delivered to dead letters. Reason: ActorSystem terminated
19:11:15.031 [worker-akka.actor.default-dispatcher-12] INFO  a.r.a.Association(akka://worker) akka.remote.artery.Association(akka://worker) - Association to [akka://worker@flamestream-benchmarks-worker-3:5412] having UID [2415480863962131759] has been stopped. All messages to this UID will be delivered to dead letters. Reason: ActorSystem terminated
19:11:15.080 [worker-akka.actor.default-dispatcher-12] INFO  a.r.a.Association(akka://worker) akka.remote.artery.Association(akka://worker) - Association to [akka://worker@flamestream-benchmarks-worker-4:5412] having UID [1738623144942720681] has been stopped. All messages to this UID will be delivered to dead letters. Reason: ActorSystem terminated
19:11:15.389 [worker-akka.actor.default-dispatcher-10] INFO  a.a.LocalActorRef akka://worker/user/watcher/processing-watcher/graph/edge/FlameSocketGraphDeployerRear - Stopped
19:11:15.390 [worker-akka.actor.default-dispatcher-13] INFO  a.a.LocalActorRef akka://worker/user/watcher/processing-watcher/graph/edge/FlameSocketGraphDeployerFront - Stopped
19:11:15.390 [worker-akka.actor.default-dispatcher-9] INFO  a.a.LocalActorRef akka://worker/user/watcher/processing-watcher/graph/edge - Stopped
19:11:15.397 [worker-akka.actor.default-dispatcher-12] INFO  a.a.LocalActorRef akka://worker/user/watcher/processing-watcher/graph/negotiator - Stopped
19:11:15.426 [worker-akka.actor.default-dispatcher-9] INFO  a.a.LocalActorRef akka://worker/user/watcher/processing-watcher/graph/graph/$+ - Stopped
19:11:15.427 [worker-akka.actor.default-dispatcher-9] INFO  a.a.LocalActorRef akka://worker/user/watcher/processing-watcher/graph/graph/$0 - Stopped
19:11:15.428 [worker-akka.actor.default-dispatcher-9] INFO  a.a.LocalActorRef akka://worker/user/watcher/processing-watcher/graph/graph/$1 - Stopped
19:11:15.429 [worker-akka.actor.default-dispatcher-9] INFO  a.a.LocalActorRef akka://worker/user/watcher/processing-watcher/graph/graph/$2 - Stopped
19:11:15.433 [worker-akka.actor.default-dispatcher-9] INFO  a.a.LocalActorRef akka://worker/user/watcher/processing-watcher/graph/graph/$3 - Stopped
19:11:15.434 [worker-akka.actor.default-dispatcher-9] INFO  a.a.LocalActorRef akka://worker/user/watcher/processing-watcher/graph/graph/$4 - Stopped
19:11:15.435 [worker-akka.actor.default-dispatcher-9] INFO  a.a.LocalActorRef akka://worker/user/watcher/processing-watcher/graph/graph/$5 - Stopped
19:11:15.436 [worker-akka.actor.default-dispatcher-9] INFO  a.a.LocalActorRef akka://worker/user/watcher/processing-watcher/graph/graph/$6 - Stopped
19:11:15.437 [worker-akka.actor.default-dispatcher-9] INFO  a.a.LocalActorRef akka://worker/user/watcher/processing-watcher/graph/graph/$7 - Stopped
19:11:15.438 [worker-akka.actor.default-dispatcher-9] INFO  a.a.LocalActorRef akka://worker/user/watcher/processing-watcher/graph/graph/$8 - Stopped
19:11:15.439 [worker-akka.actor.default-dispatcher-9] INFO  a.a.LocalActorRef akka://worker/user/watcher/processing-watcher/graph/graph/$9 - Stopped
19:11:15.440 [worker-akka.actor.default-dispatcher-9] INFO  a.a.LocalActorRef akka://worker/user/watcher/processing-watcher/graph/graph/$A - Stopped
19:11:15.441 [worker-akka.actor.default-dispatcher-9] INFO  a.a.LocalActorRef akka://worker/user/watcher/processing-watcher/graph/graph/$Ab - Stopped
19:11:15.442 [worker-akka.actor.default-dispatcher-9] INFO  a.a.LocalActorRef akka://worker/user/watcher/processing-watcher/graph/graph/$B - Stopped
19:11:15.443 [worker-akka.actor.default-dispatcher-9] INFO  a.a.LocalActorRef akka://worker/user/watcher/processing-watcher/graph/graph/$Bb - Stopped
19:11:15.444 [worker-akka.actor.default-dispatcher-9] INFO  a.a.LocalActorRef akka://worker/user/watcher/processing-watcher/graph/graph/$C - Stopped
19:11:15.445 [worker-akka.actor.default-dispatcher-9] INFO  a.a.LocalActorRef akka://worker/user/watcher/processing-watcher/graph/graph/$Cb - Stopped
19:11:15.446 [worker-akka.actor.default-dispatcher-9] INFO  a.a.LocalActorRef akka://worker/user/watcher/processing-watcher/graph/graph/$D - Stopped
19:11:15.447 [worker-akka.actor.default-dispatcher-9] INFO  a.a.LocalActorRef akka://worker/user/watcher/processing-watcher/graph/graph/$Db - Stopped
19:11:15.448 [worker-akka.actor.default-dispatcher-9] INFO  a.a.LocalActorRef akka://worker/user/watcher/processing-watcher/graph/graph/$E - Stopped
19:11:15.449 [worker-akka.actor.default-dispatcher-9] INFO  a.a.LocalActorRef akka://worker/user/watcher/processing-watcher/graph/graph/$Eb - Stopped
19:11:15.450 [worker-akka.actor.default-dispatcher-9] INFO  a.a.LocalActorRef akka://worker/user/watcher/processing-watcher/graph/graph/$F - Stopped
19:11:15.451 [worker-akka.actor.default-dispatcher-9] INFO  a.a.LocalActorRef akka://worker/user/watcher/processing-watcher/graph/graph/$Fb - Stopped
19:11:15.452 [worker-akka.actor.default-dispatcher-9] INFO  a.a.LocalActorRef akka://worker/user/watcher/processing-watcher/graph/graph/$G - Stopped
19:11:15.453 [worker-akka.actor.default-dispatcher-9] INFO  a.a.LocalActorRef akka://worker/user/watcher/processing-watcher/graph/graph/$Gb - Stopped
19:11:15.454 [worker-akka.actor.default-dispatcher-9] INFO  a.a.LocalActorRef akka://worker/user/watcher/processing-watcher/graph/graph/$H - Stopped
19:11:15.455 [worker-akka.actor.default-dispatcher-9] INFO  a.a.LocalActorRef akka://worker/user/watcher/processing-watcher/graph/graph/$Hb - Stopped
19:11:15.456 [worker-akka.actor.default-dispatcher-9] INFO  a.a.LocalActorRef akka://worker/user/watcher/processing-watcher/graph/graph/$I - Stopped
19:11:15.457 [worker-akka.actor.default-dispatcher-9] INFO  a.a.LocalActorRef akka://worker/user/watcher/processing-watcher/graph/graph/$Ib - Stopped
19:11:15.458 [worker-akka.actor.default-dispatcher-9] INFO  a.a.LocalActorRef akka://worker/user/watcher/processing-watcher/graph/graph/$J - Stopped
19:11:15.459 [worker-akka.actor.default-dispatcher-9] INFO  a.a.LocalActorRef akka://worker/user/watcher/processing-watcher/graph/graph/$Jb - Stopped
19:11:15.459 [worker-akka.actor.default-dispatcher-9] INFO  a.a.LocalActorRef akka://worker/user/watcher/processing-watcher/graph/graph/$K - Stopped
19:11:15.460 [worker-akka.actor.default-dispatcher-9] INFO  a.a.LocalActorRef akka://worker/user/watcher/processing-watcher/graph/graph/$Kb - Stopped
19:11:15.461 [worker-akka.actor.default-dispatcher-9] INFO  a.a.LocalActorRef akka://worker/user/watcher/processing-watcher/graph/graph/$L - Stopped
19:11:15.461 [worker-akka.actor.default-dispatcher-9] INFO  a.a.LocalActorRef akka://worker/user/watcher/processing-watcher/graph/graph/$Lb - Stopped
19:11:15.463 [worker-akka.actor.default-dispatcher-9] INFO  a.a.LocalActorRef akka://worker/user/watcher/processing-watcher/graph/graph/$M - Stopped
19:11:15.464 [worker-akka.actor.default-dispatcher-9] INFO  a.a.LocalActorRef akka://worker/user/watcher/processing-watcher/graph/graph/$Mb - Stopped
19:11:15.465 [worker-akka.actor.default-dispatcher-9] INFO  a.a.LocalActorRef akka://worker/user/watcher/processing-watcher/graph/graph/$N - Stopped
19:11:15.466 [worker-akka.actor.default-dispatcher-9] INFO  a.a.LocalActorRef akka://worker/user/watcher/processing-watcher/graph/graph/$Nb - Stopped
19:11:15.466 [worker-akka.actor.default-dispatcher-9] INFO  a.a.LocalActorRef akka://worker/user/watcher/processing-watcher/graph/graph/$O - Stopped
19:11:15.467 [worker-akka.actor.default-dispatcher-9] INFO  a.a.LocalActorRef akka://worker/user/watcher/processing-watcher/graph/graph/$P - Stopped
19:11:15.468 [worker-akka.actor.default-dispatcher-9] INFO  a.a.LocalActorRef akka://worker/user/watcher/processing-watcher/graph/graph/$Q - Stopped
19:11:15.469 [worker-akka.actor.default-dispatcher-9] INFO  a.a.LocalActorRef akka://worker/user/watcher/processing-watcher/graph/graph/$R - Stopped
19:11:15.470 [worker-akka.actor.default-dispatcher-9] INFO  a.a.LocalActorRef akka://worker/user/watcher/processing-watcher/graph/graph/$S - Stopped
19:11:15.470 [worker-akka.actor.default-dispatcher-9] INFO  a.a.LocalActorRef akka://worker/user/watcher/processing-watcher/graph/graph/$T - Stopped
19:11:15.472 [worker-akka.actor.default-dispatcher-9] INFO  a.a.LocalActorRef akka://worker/user/watcher/processing-watcher/graph/graph/$U - Stopped
19:11:15.472 [worker-akka.actor.default-dispatcher-9] INFO  a.a.LocalActorRef akka://worker/user/watcher/processing-watcher/graph/graph/$V - Stopped
19:11:15.472 [worker-akka.actor.default-dispatcher-9] INFO  a.a.LocalActorRef akka://worker/user/watcher/processing-watcher/graph/graph/$W - Stopped
19:11:15.473 [worker-akka.actor.default-dispatcher-9] INFO  a.a.LocalActorRef akka://worker/user/watcher/processing-watcher/graph/graph/$X - Stopped
19:11:15.474 [worker-akka.actor.default-dispatcher-9] INFO  a.a.LocalActorRef akka://worker/user/watcher/processing-watcher/graph/graph/$Y - Stopped
19:11:15.475 [worker-akka.actor.default-dispatcher-9] INFO  a.a.LocalActorRef akka://worker/user/watcher/processing-watcher/graph/graph/$Z - Stopped
19:11:15.477 [worker-akka.actor.default-dispatcher-9] INFO  a.a.LocalActorRef akka://worker/user/watcher/processing-watcher/graph/graph/$a - Stopped
19:11:15.477 [worker-akka.actor.default-dispatcher-9] INFO  a.a.LocalActorRef akka://worker/user/watcher/processing-watcher/graph/graph/$ab - Stopped
19:11:15.478 [worker-akka.actor.default-dispatcher-9] INFO  a.a.LocalActorRef akka://worker/user/watcher/processing-watcher/graph/graph/$b - Stopped
19:11:15.479 [worker-akka.actor.default-dispatcher-9] INFO  a.a.LocalActorRef akka://worker/user/watcher/processing-watcher/graph/graph/$bb - Stopped
19:11:15.480 [worker-akka.actor.default-dispatcher-9] INFO  a.a.LocalActorRef akka://worker/user/watcher/processing-watcher/graph/graph/$c - Stopped
19:11:15.481 [worker-akka.actor.default-dispatcher-9] INFO  a.a.LocalActorRef akka://worker/user/watcher/processing-watcher/graph/graph/$cb - Stopped
19:11:15.481 [worker-akka.actor.default-dispatcher-9] INFO  a.a.LocalActorRef akka://worker/user/watcher/processing-watcher/graph/graph/$d - Stopped
19:11:15.482 [worker-akka.actor.default-dispatcher-9] INFO  a.a.LocalActorRef akka://worker/user/watcher/processing-watcher/graph/graph/$db - Stopped
19:11:15.483 [worker-akka.actor.default-dispatcher-9] INFO  a.a.LocalActorRef akka://worker/user/watcher/processing-watcher/graph/graph/$e - Stopped
19:11:15.484 [worker-akka.actor.default-dispatcher-9] INFO  a.a.LocalActorRef akka://worker/user/watcher/processing-watcher/graph/graph/$eb - Stopped
19:11:15.484 [worker-akka.actor.default-dispatcher-9] INFO  a.a.LocalActorRef akka://worker/user/watcher/processing-watcher/graph/graph/$f - Stopped
19:11:15.484 [worker-akka.actor.default-dispatcher-9] INFO  a.a.LocalActorRef akka://worker/user/watcher/processing-watcher/graph/graph/$fb - Stopped
19:11:15.485 [worker-akka.actor.default-dispatcher-9] INFO  a.a.LocalActorRef akka://worker/user/watcher/processing-watcher/graph/graph/$g - Stopped
19:11:15.485 [worker-akka.actor.default-dispatcher-9] INFO  a.a.LocalActorRef akka://worker/user/watcher/processing-watcher/graph/graph/$gb - Stopped
19:11:15.487 [worker-akka.actor.default-dispatcher-9] INFO  a.a.LocalActorRef akka://worker/user/watcher/processing-watcher/graph/graph/$h - Stopped
19:11:15.487 [worker-akka.actor.default-dispatcher-9] INFO  a.a.LocalActorRef akka://worker/user/watcher/processing-watcher/graph/graph/$hb - Stopped
19:11:15.488 [worker-akka.actor.default-dispatcher-9] INFO  a.a.LocalActorRef akka://worker/user/watcher/processing-watcher/graph/graph/$i - Stopped
19:11:15.488 [worker-akka.actor.default-dispatcher-9] INFO  a.a.LocalActorRef akka://worker/user/watcher/processing-watcher/graph/graph/$ib - Stopped
19:11:15.489 [worker-akka.actor.default-dispatcher-9] INFO  a.a.LocalActorRef akka://worker/user/watcher/processing-watcher/graph/graph/$j - Stopped
19:11:15.490 [worker-akka.actor.default-dispatcher-9] INFO  a.a.LocalActorRef akka://worker/user/watcher/processing-watcher/graph/graph/$jb - Stopped
19:11:15.490 [worker-akka.actor.default-dispatcher-9] INFO  a.a.LocalActorRef akka://worker/user/watcher/processing-watcher/graph/graph/$k - Stopped
19:11:15.491 [worker-akka.actor.default-dispatcher-9] INFO  a.a.LocalActorRef akka://worker/user/watcher/processing-watcher/graph/graph/$kb - Stopped
19:11:15.492 [worker-akka.actor.default-dispatcher-9] INFO  a.a.LocalActorRef akka://worker/user/watcher/processing-watcher/graph/graph/$l - Stopped
19:11:15.492 [worker-akka.actor.default-dispatcher-9] INFO  a.a.LocalActorRef akka://worker/user/watcher/processing-watcher/graph/graph/$lb - Stopped
19:11:15.493 [worker-akka.actor.default-dispatcher-9] INFO  a.a.LocalActorRef akka://worker/user/watcher/processing-watcher/graph/graph/$m - Stopped
19:11:15.494 [worker-akka.actor.default-dispatcher-9] INFO  a.a.LocalActorRef akka://worker/user/watcher/processing-watcher/graph/graph/$mb - Stopped
19:11:15.495 [worker-akka.actor.default-dispatcher-9] INFO  a.a.LocalActorRef akka://worker/user/watcher/processing-watcher/graph/graph/$n - Stopped
19:11:15.496 [worker-akka.actor.default-dispatcher-9] INFO  a.a.LocalActorRef akka://worker/user/watcher/processing-watcher/graph/graph/$nb - Stopped
19:11:15.496 [worker-akka.actor.default-dispatcher-9] INFO  a.a.LocalActorRef akka://worker/user/watcher/processing-watcher/graph/graph/$o - Stopped
19:11:15.497 [worker-akka.actor.default-dispatcher-9] INFO  a.a.LocalActorRef akka://worker/user/watcher/processing-watcher/graph/graph/$ob - Stopped
19:11:15.497 [worker-akka.actor.default-dispatcher-9] INFO  a.a.LocalActorRef akka://worker/user/watcher/processing-watcher/graph/graph/$p - Stopped
19:11:15.498 [worker-akka.actor.default-dispatcher-9] INFO  a.a.LocalActorRef akka://worker/user/watcher/processing-watcher/graph/graph/$pb - Stopped
19:11:15.499 [worker-akka.actor.default-dispatcher-9] INFO  a.a.LocalActorRef akka://worker/user/watcher/processing-watcher/graph/graph/$q - Stopped
19:11:15.499 [worker-akka.actor.default-dispatcher-9] INFO  a.a.LocalActorRef akka://worker/user/watcher/processing-watcher/graph/graph/$qb - Stopped
19:11:15.500 [worker-akka.actor.default-dispatcher-9] INFO  a.a.LocalActorRef akka://worker/user/watcher/processing-watcher/graph/graph/$r - Stopped
19:11:15.500 [worker-akka.actor.default-dispatcher-9] INFO  a.a.LocalActorRef akka://worker/user/watcher/processing-watcher/graph/graph/$rb - Stopped
19:11:15.501 [worker-akka.actor.default-dispatcher-9] INFO  a.a.LocalActorRef akka://worker/user/watcher/processing-watcher/graph/graph/$s - Stopped
19:11:15.501 [worker-akka.actor.default-dispatcher-9] INFO  a.a.LocalActorRef akka://worker/user/watcher/processing-watcher/graph/graph/$sb - Stopped
19:11:15.502 [worker-akka.actor.default-dispatcher-9] INFO  a.a.LocalActorRef akka://worker/user/watcher/processing-watcher/graph/graph/$t - Stopped
19:11:15.503 [worker-akka.actor.default-dispatcher-9] INFO  a.a.LocalActorRef akka://worker/user/watcher/processing-watcher/graph/graph/$tb - Stopped
19:11:15.503 [worker-akka.actor.default-dispatcher-9] INFO  a.a.LocalActorRef akka://worker/user/watcher/processing-watcher/graph/graph/$u - Stopped
19:11:15.504 [worker-akka.actor.default-dispatcher-9] INFO  a.a.LocalActorRef akka://worker/user/watcher/processing-watcher/graph/graph/$ub - Stopped
19:11:15.505 [worker-akka.actor.default-dispatcher-9] INFO  a.a.LocalActorRef akka://worker/user/watcher/processing-watcher/graph/graph/$v - Stopped
19:11:15.505 [worker-akka.actor.default-dispatcher-9] INFO  a.a.LocalActorRef akka://worker/user/watcher/processing-watcher/graph/graph/$vb - Stopped
19:11:15.506 [worker-akka.actor.default-dispatcher-9] INFO  a.a.LocalActorRef akka://worker/user/watcher/processing-watcher/graph/graph/$w - Stopped
19:11:15.506 [worker-akka.actor.default-dispatcher-9] INFO  a.a.LocalActorRef akka://worker/user/watcher/processing-watcher/graph/graph/$wb - Stopped
19:11:15.507 [worker-akka.actor.default-dispatcher-9] INFO  a.a.LocalActorRef akka://worker/user/watcher/processing-watcher/graph/graph/$x - Stopped
19:11:15.507 [worker-akka.actor.default-dispatcher-9] INFO  a.a.LocalActorRef akka://worker/user/watcher/processing-watcher/graph/graph/$xb - Stopped
19:11:15.508 [worker-akka.actor.default-dispatcher-9] INFO  a.a.LocalActorRef akka://worker/user/watcher/processing-watcher/graph/graph/$y - Stopped
19:11:15.509 [worker-akka.actor.default-dispatcher-9] INFO  a.a.LocalActorRef akka://worker/user/watcher/processing-watcher/graph/graph/$yb - Stopped
19:11:15.509 [worker-akka.actor.default-dispatcher-9] INFO  a.a.LocalActorRef akka://worker/user/watcher/processing-watcher/graph/graph/$z - Stopped
19:11:15.510 [worker-akka.actor.default-dispatcher-9] INFO  a.a.LocalActorRef akka://worker/user/watcher/processing-watcher/graph/graph/$zb - Stopped
19:11:15.511 [worker-akka.actor.default-dispatcher-9] INFO  a.a.LocalActorRef akka://worker/user/watcher/processing-watcher/graph/graph/$~ - Stopped
19:11:15.527 [worker-akka.actor.default-dispatcher-9] INFO  a.a.LocalActorRef akka://worker/user/watcher/processing-watcher/graph/graph - Stopped
19:11:15.531 [worker-akka.actor.default-dispatcher-9] INFO  a.a.LocalActorRef akka://worker/user/watcher/processing-watcher/graph - Stopped
19:11:15.535 [Curator-Framework-0] INFO  o.a.c.f.i.CuratorFrameworkImpl  - backgroundOperationsLoop exiting
19:11:15.537 [worker-akka.actor.default-dispatcher-6] INFO  a.a.LocalActorRef akka://worker/user/watcher/processing-watcher - Stopped
19:11:15.545 [Curator-PathChildrenCache-0] ERROR o.a.c.f.r.c.PathChildrenCache  - 
java.lang.IllegalStateException: instance must be started before calling this method
	at org.apache.curator.shaded.com.google.common.base.Preconditions.checkState(Preconditions.java:444)
	at org.apache.curator.framework.imps.CuratorFrameworkImpl.getChildren(CuratorFrameworkImpl.java:456)
	at org.apache.curator.framework.recipes.cache.PathChildrenCache.refresh(PathChildrenCache.java:521)
	at org.apache.curator.framework.recipes.cache.RefreshOperation.invoke(RefreshOperation.java:35)
	at org.apache.curator.framework.recipes.cache.PathChildrenCache$9.run(PathChildrenCache.java:786)
	at java.util.concurrent.Executors$RunnableAdapter.call(Executors.java:511)
	at java.util.concurrent.FutureTask.run(FutureTask.java:266)
	at java.util.concurrent.Executors$RunnableAdapter.call(Executors.java:511)
	at java.util.concurrent.FutureTask.run(FutureTask.java:266)
	at java.util.concurrent.ThreadPoolExecutor.runWorker(ThreadPoolExecutor.java:1149)
	at java.util.concurrent.ThreadPoolExecutor$Worker.run(ThreadPoolExecutor.java:624)
	at java.lang.Thread.run(Thread.java:748)
19:11:15.546 [worker-akka.actor.default-dispatcher-13] INFO  o.a.z.ZooKeeper  - Session: 0x100015787a4000b closed
19:11:15.546 [worker-akka.actor.default-dispatcher-6-EventThread] INFO  o.a.z.ClientCnxn  - EventThread shut down for session: 0x100015787a4000b
19:11:15.551 [worker-akka.actor.default-dispatcher-13] INFO  a.a.RepointableActorRef akka://worker/user/watcher - Stopped
19:11:15.552 [worker-akka.actor.default-dispatcher-13] INFO  a.r.RemoteActorRefProvider$RemotingTerminator akka://worker@flamestream-benchmarks-worker-11:5412/system/remoting-terminator - Shutting down remote daemon.
19:11:15.552 [worker-akka.actor.default-dispatcher-13] INFO  a.r.RemoteActorRefProvider$RemotingTerminator akka://worker@flamestream-benchmarks-worker-11:5412/system/remoting-terminator - Remote daemon shut down; proceeding with flushing remote transports.
19:11:16.778 [worker-akka.actor.default-dispatcher-17] INFO  a.r.RemoteActorRefProvider$RemotingTerminator akka://worker@flamestream-benchmarks-worker-11:5412/system/remoting-terminator - Remoting shut down.
Heap
 def new generation   total 460800K, used 275140K [0x00000000a2400000, 0x00000000c1800000, 0x00000000c1800000)
  eden space 409600K,  67% used [0x00000000a2400000, 0x00000000b3080578, 0x00000000bb400000)
  from space 51200K,   0% used [0x00000000bb400000, 0x00000000bb430e08, 0x00000000be600000)
  to   space 51200K,   0% used [0x00000000be600000, 0x00000000be600000, 0x00000000c1800000)
 tenured generation   total 1024000K, used 56859K [0x00000000c1800000, 0x0000000100000000, 0x0000000100000000)
   the space 1024000K,   5% used [0x00000000c1800000, 0x00000000c4f86d00, 0x00000000c4f86e00, 0x0000000100000000)
 Metaspace       used 40747K, capacity 43558K, committed 43904K, reserved 1087488K
  class space    used 5341K, capacity 5663K, committed 5760K, reserved 1048576K
