13:11:54,015 |-INFO in ch.qos.logback.classic.LoggerContext[default] - Could NOT find resource [logback-test.xml]
13:11:54,015 |-INFO in ch.qos.logback.classic.LoggerContext[default] - Could NOT find resource [logback.groovy]
13:11:54,015 |-INFO in ch.qos.logback.classic.LoggerContext[default] - Found resource [logback.xml] at [jar:file:/root/flamestream/lib/flamestream-runtime-1.0-SNAPSHOT.jar!/logback.xml]
13:11:54,016 |-WARN in ch.qos.logback.classic.LoggerContext[default] - Resource [logback.xml] occurs multiple times on the classpath.
13:11:54,016 |-WARN in ch.qos.logback.classic.LoggerContext[default] - Resource [logback.xml] occurs at [jar:file:/root/flamestream/lib/flamestream-runtime-1.0-SNAPSHOT.jar!/logback.xml]
13:11:54,016 |-WARN in ch.qos.logback.classic.LoggerContext[default] - Resource [logback.xml] occurs at [jar:file:/root/flamestream/flamestream-runtime-1.0-SNAPSHOT.jar!/logback.xml]
13:11:54,035 |-INFO in ch.qos.logback.core.joran.spi.ConfigurationWatchList@3fb6a447 - URL [jar:file:/root/flamestream/lib/flamestream-runtime-1.0-SNAPSHOT.jar!/logback.xml] is not of type file
13:11:54,110 |-INFO in ch.qos.logback.classic.joran.action.ConfigurationAction - debug attribute not set
13:11:54,111 |-INFO in ch.qos.logback.core.joran.action.AppenderAction - About to instantiate appender of type [ch.qos.logback.core.ConsoleAppender]
13:11:54,123 |-INFO in ch.qos.logback.core.joran.action.AppenderAction - Naming appender as [STDOUT]
13:11:54,141 |-INFO in ch.qos.logback.core.joran.action.NestedComplexPropertyIA - Assuming default type [ch.qos.logback.classic.encoder.PatternLayoutEncoder] for [encoder] property
13:11:54,226 |-INFO in ch.qos.logback.core.joran.action.AppenderAction - About to instantiate appender of type [ch.qos.logback.core.rolling.RollingFileAppender]
13:11:54,231 |-INFO in ch.qos.logback.core.joran.action.AppenderAction - Naming appender as [FILE]
13:11:54,262 |-INFO in c.q.l.core.rolling.TimeBasedRollingPolicy@127618319 - No compression will be used
13:11:54,263 |-INFO in c.q.l.core.rolling.TimeBasedRollingPolicy@127618319 - Will use the pattern /tmp/application_%d{yyyy-MM-dd}.%i.log for the active file
13:11:54,266 |-INFO in ch.qos.logback.core.rolling.SizeAndTimeBasedFNATP@6b2fad11 - The date pattern is 'yyyy-MM-dd' from file name pattern '/tmp/application_%d{yyyy-MM-dd}.%i.log'.
13:11:54,266 |-INFO in ch.qos.logback.core.rolling.SizeAndTimeBasedFNATP@6b2fad11 - Roll-over at midnight.
13:11:54,271 |-INFO in ch.qos.logback.core.rolling.SizeAndTimeBasedFNATP@6b2fad11 - Setting initial period to Mon Jun 10 13:10:27 UTC 2019
13:11:54,271 |-WARN in ch.qos.logback.core.rolling.SizeAndTimeBasedFNATP@6b2fad11 - SizeAndTimeBasedFNATP is deprecated. Use SizeAndTimeBasedRollingPolicy instead
13:11:54,271 |-WARN in ch.qos.logback.core.rolling.SizeAndTimeBasedFNATP@6b2fad11 - For more information see http://logback.qos.ch/manual/appenders.html#SizeAndTimeBasedRollingPolicy
13:11:54,275 |-INFO in ch.qos.logback.core.joran.action.NestedComplexPropertyIA - Assuming default type [ch.qos.logback.classic.encoder.PatternLayoutEncoder] for [encoder] property
13:11:54,280 |-INFO in ch.qos.logback.core.rolling.RollingFileAppender[FILE] - Active log file name: /tmp/application.log
13:11:54,280 |-INFO in ch.qos.logback.core.rolling.RollingFileAppender[FILE] - File property is set to [/tmp/application.log]
13:11:54,280 |-INFO in ch.qos.logback.classic.joran.action.RootLoggerAction - Setting level of ROOT logger to WARN
13:11:54,280 |-INFO in ch.qos.logback.core.joran.action.AppenderRefAction - Attaching appender named [STDOUT] to Logger[ROOT]
13:11:54,282 |-INFO in ch.qos.logback.core.joran.action.AppenderRefAction - Attaching appender named [FILE] to Logger[ROOT]
13:11:54,282 |-INFO in ch.qos.logback.classic.joran.action.ConfigurationAction - End of configuration.
13:11:54,283 |-INFO in ch.qos.logback.classic.joran.JoranConfigurator@79698539 - Registering current configuration as safe fallback point

Ama winner
Ama winner
2019-06-10T13:11:55.567+0000: 1.738: [Full GC (Metadata GC Threshold) 2019-06-10T13:11:55.567+0000: 1.738: [Tenured: 0K->15176K(341376K), 0.0403736 secs] 114924K->15176K(494976K), [Metaspace: 20727K->20727K(1067008K)], 0.0404412 secs] [Times: user=0.04 sys=0.00, real=0.05 secs] 
13:12:13.087 [Curator-PathChildrenCache-1] WARN  o.a.c.u.ZKPaths  - The version of ZooKeeper being used doesn't support Container nodes. CreateMode.PERSISTENT will be used instead.
2019-06-10T13:12:15.310+0000: 21.480: [GC (Allocation Failure) 2019-06-10T13:12:15.310+0000: 21.480: [DefNew: 136576K->17024K(153600K), 0.0257918 secs] 151752K->52627K(494976K), 0.0258724 secs] [Times: user=0.02 sys=0.01, real=0.03 secs] 
2019-06-10T13:12:17.822+0000: 23.992: [Full GC (Metadata GC Threshold) 2019-06-10T13:12:17.822+0000: 23.992: [Tenured: 35603K->44348K(341376K), 0.0436997 secs] 91454K->44348K(494976K), [Metaspace: 34573K->34573K(1079296K)], 0.0437973 secs] [Times: user=0.05 sys=0.00, real=0.04 secs] 
2019-06-10T13:12:26.735+0000: 32.905: [GC (Allocation Failure) 2019-06-10T13:12:26.735+0000: 32.905: [DefNew: 136576K->65K(153600K), 0.0018626 secs] 180924K->44413K(494976K), 0.0027411 secs] [Times: user=0.00 sys=0.00, real=0.01 secs] 
2019-06-10T13:12:35.741+0000: 41.912: [GC (Allocation Failure) 2019-06-10T13:12:35.741+0000: 41.912: [DefNew: 136641K->62K(153600K), 0.0017594 secs] 180989K->44410K(494976K), 0.0018190 secs] [Times: user=0.01 sys=0.00, real=0.00 secs] 
2019-06-10T13:12:44.826+0000: 50.996: [GC (Allocation Failure) 2019-06-10T13:12:44.826+0000: 50.996: [DefNew: 136638K->62K(153600K), 0.0017572 secs] 180986K->44410K(494976K), 0.0018172 secs] [Times: user=0.00 sys=0.00, real=0.00 secs] 
2019-06-10T13:12:53.740+0000: 59.910: [GC (Allocation Failure) 2019-06-10T13:12:53.740+0000: 59.910: [DefNew: 136638K->227K(153600K), 0.0019482 secs] 180986K->44575K(494976K), 0.0020073 secs] [Times: user=0.00 sys=0.00, real=0.00 secs] 
2019-06-10T13:13:04.368+0000: 70.538: [GC (Allocation Failure) 2019-06-10T13:13:04.368+0000: 70.538: [DefNew: 136803K->285K(153600K), 0.0022158 secs] 181151K->44633K(494976K), 0.0022845 secs] [Times: user=0.00 sys=0.00, real=0.00 secs] 
2019-06-10T13:13:15.373+0000: 81.543: [GC (Allocation Failure) 2019-06-10T13:13:15.373+0000: 81.543: [DefNew: 136861K->166K(153600K), 0.0020509 secs] 181209K->44514K(494976K), 0.0021189 secs] [Times: user=0.00 sys=0.00, real=0.00 secs] 
13:13:31.729 [Curator-PathChildrenCache-0] ERROR o.a.c.f.r.c.PathChildrenCache  - 
java.lang.IllegalStateException: instance must be started before calling this method
	at org.apache.curator.shaded.com.google.common.base.Preconditions.checkState(Preconditions.java:444)
	at org.apache.curator.framework.imps.CuratorFrameworkImpl.getChildren(CuratorFrameworkImpl.java:456)
	at org.apache.curator.framework.recipes.cache.PathChildrenCache.refresh(PathChildrenCache.java:521)
	at org.apache.curator.framework.recipes.cache.RefreshOperation.invoke(RefreshOperation.java:35)
	at org.apache.curator.framework.recipes.cache.PathChildrenCache$9.run(PathChildrenCache.java:786)
	at java.util.concurrent.Executors$RunnableAdapter.call(Executors.java:511)
	at java.util.concurrent.FutureTask.run(FutureTask.java:266)
	at java.util.concurrent.Executors$RunnableAdapter.call(Executors.java:511)
	at java.util.concurrent.FutureTask.run(FutureTask.java:266)
	at java.util.concurrent.ThreadPoolExecutor.runWorker(ThreadPoolExecutor.java:1149)
	at java.util.concurrent.ThreadPoolExecutor$Worker.run(ThreadPoolExecutor.java:624)
	at java.lang.Thread.run(Thread.java:748)
Heap
 def new generation   total 153600K, used 75030K [0x00000000e0c00000, 0x00000000eb2a0000, 0x00000000eb2a0000)
  eden space 136576K,  54% used [0x00000000e0c00000, 0x00000000e551bfc0, 0x00000000e9160000)
  from space 17024K,   0% used [0x00000000ea200000, 0x00000000ea2298d0, 0x00000000eb2a0000)
  to   space 17024K,   0% used [0x00000000e9160000, 0x00000000e9160000, 0x00000000ea200000)
 tenured generation   total 341376K, used 44348K [0x00000000eb2a0000, 0x0000000100000000, 0x0000000100000000)
   the space 341376K,  12% used [0x00000000eb2a0000, 0x00000000eddef008, 0x00000000eddef200, 0x0000000100000000)
 Metaspace       used 36072K, capacity 36926K, committed 37120K, reserved 1081344K
  class space    used 4857K, capacity 5073K, committed 5120K, reserved 1048576K
