23:23:58,652 |-INFO in ch.qos.logback.classic.LoggerContext[default] - Could NOT find resource [logback-test.xml]
23:23:58,652 |-INFO in ch.qos.logback.classic.LoggerContext[default] - Could NOT find resource [logback.groovy]
23:23:58,652 |-INFO in ch.qos.logback.classic.LoggerContext[default] - Found resource [logback.xml] at [jar:file:/home/nikitasokolov/flamestream/lib/flamestream-runtime-1.0-SNAPSHOT.jar!/logback.xml]
23:23:58,653 |-WARN in ch.qos.logback.classic.LoggerContext[default] - Resource [logback.xml] occurs multiple times on the classpath.
23:23:58,653 |-WARN in ch.qos.logback.classic.LoggerContext[default] - Resource [logback.xml] occurs at [jar:file:/home/nikitasokolov/flamestream/lib/flamestream-runtime-1.0-SNAPSHOT.jar!/logback.xml]
23:23:58,653 |-WARN in ch.qos.logback.classic.LoggerContext[default] - Resource [logback.xml] occurs at [jar:file:/home/nikitasokolov/flamestream/flamestream-runtime-1.0-SNAPSHOT.jar!/logback.xml]
23:23:58,670 |-INFO in ch.qos.logback.core.joran.spi.ConfigurationWatchList@6108b2d7 - URL [jar:file:/home/nikitasokolov/flamestream/lib/flamestream-runtime-1.0-SNAPSHOT.jar!/logback.xml] is not of type file
23:23:58,720 |-INFO in ch.qos.logback.classic.joran.action.ConfigurationAction - debug attribute not set
23:23:58,721 |-INFO in ch.qos.logback.core.joran.action.AppenderAction - About to instantiate appender of type [ch.qos.logback.core.ConsoleAppender]
23:23:58,728 |-INFO in ch.qos.logback.core.joran.action.AppenderAction - Naming appender as [STDOUT]
23:23:58,736 |-INFO in ch.qos.logback.core.joran.action.NestedComplexPropertyIA - Assuming default type [ch.qos.logback.classic.encoder.PatternLayoutEncoder] for [encoder] property
23:23:58,799 |-INFO in ch.qos.logback.core.joran.action.AppenderAction - About to instantiate appender of type [ch.qos.logback.core.rolling.RollingFileAppender]
23:23:58,807 |-INFO in ch.qos.logback.core.joran.action.AppenderAction - Naming appender as [FILE]
23:23:58,830 |-INFO in c.q.l.core.rolling.TimeBasedRollingPolicy@357863579 - No compression will be used
23:23:58,831 |-INFO in c.q.l.core.rolling.TimeBasedRollingPolicy@357863579 - Will use the pattern /tmp/application_%d{yyyy-MM-dd}.%i.log for the active file
23:23:58,834 |-INFO in ch.qos.logback.core.rolling.SizeAndTimeBasedFNATP@6bf256fa - The date pattern is 'yyyy-MM-dd' from file name pattern '/tmp/application_%d{yyyy-MM-dd}.%i.log'.
23:23:58,834 |-INFO in ch.qos.logback.core.rolling.SizeAndTimeBasedFNATP@6bf256fa - Roll-over at midnight.
23:23:58,838 |-INFO in ch.qos.logback.core.rolling.SizeAndTimeBasedFNATP@6bf256fa - Setting initial period to Sat Jun 08 23:23:15 MSK 2019
23:23:58,838 |-WARN in ch.qos.logback.core.rolling.SizeAndTimeBasedFNATP@6bf256fa - SizeAndTimeBasedFNATP is deprecated. Use SizeAndTimeBasedRollingPolicy instead
23:23:58,838 |-WARN in ch.qos.logback.core.rolling.SizeAndTimeBasedFNATP@6bf256fa - For more information see http://logback.qos.ch/manual/appenders.html#SizeAndTimeBasedRollingPolicy
23:23:58,842 |-INFO in ch.qos.logback.core.joran.action.NestedComplexPropertyIA - Assuming default type [ch.qos.logback.classic.encoder.PatternLayoutEncoder] for [encoder] property
23:23:58,845 |-INFO in ch.qos.logback.core.rolling.RollingFileAppender[FILE] - Active log file name: /tmp/application.log
23:23:58,845 |-INFO in ch.qos.logback.core.rolling.RollingFileAppender[FILE] - File property is set to [/tmp/application.log]
23:23:58,846 |-INFO in ch.qos.logback.classic.joran.action.RootLoggerAction - Setting level of ROOT logger to WARN
23:23:58,846 |-INFO in ch.qos.logback.core.joran.action.AppenderRefAction - Attaching appender named [STDOUT] to Logger[ROOT]
23:23:58,846 |-INFO in ch.qos.logback.core.joran.action.AppenderRefAction - Attaching appender named [FILE] to Logger[ROOT]
23:23:58,846 |-INFO in ch.qos.logback.classic.joran.action.ConfigurationAction - End of configuration.
23:23:58,847 |-INFO in ch.qos.logback.classic.joran.JoranConfigurator@6cd8737 - Registering current configuration as safe fallback point

2019-06-08T23:23:59.819+0300: 1.369: [GC (Metadata GC Threshold) [PSYoungGen: 110722K->15940K(149504K)] 110722K->16021K(491008K), 0.0194305 secs] [Times: user=0.07 sys=0.02, real=0.02 secs] 
2019-06-08T23:23:59.839+0300: 1.388: [Full GC (Metadata GC Threshold) [PSYoungGen: 15940K->0K(149504K)] [ParOldGen: 80K->15078K(341504K)] 16021K->15078K(491008K), [Metaspace: 20800K->20800K(1067008K)], 0.0305512 secs] [Times: user=0.20 sys=0.01, real=0.03 secs] 
23:24:10.943 [Curator-PathChildrenCache-1] WARN  o.a.c.u.ZKPaths  - The version of ZooKeeper being used doesn't support Container nodes. CreateMode.PERSISTENT will be used instead.
2019-06-08T23:24:11.939+0300: 13.488: [GC (Metadata GC Threshold) [PSYoungGen: 127446K->15882K(149504K)] 142525K->50500K(491008K), 0.0339163 secs] [Times: user=0.32 sys=0.00, real=0.03 secs] 
2019-06-08T23:24:11.973+0300: 13.522: [Full GC (Metadata GC Threshold) [PSYoungGen: 15882K->0K(149504K)] [ParOldGen: 34617K->38902K(341504K)] 50500K->38902K(491008K), [Metaspace: 34575K->34575K(1079296K)], 0.0475797 secs] [Times: user=0.32 sys=0.02, real=0.05 secs] 
2019-06-08T23:24:13.659+0300: 15.208: [GC (Allocation Failure) [PSYoungGen: 128512K->576K(149504K)] 167414K->39487K(491008K), 0.0037884 secs] [Times: user=0.02 sys=0.00, real=0.00 secs] 
2019-06-08T23:24:15.018+0300: 16.568: [GC (Allocation Failure) [PSYoungGen: 129088K->608K(149504K)] 167999K->39527K(491008K), 0.0028354 secs] [Times: user=0.01 sys=0.00, real=0.00 secs] 
2019-06-08T23:24:16.226+0300: 17.775: [GC (Allocation Failure) [PSYoungGen: 129120K->832K(129536K)] 168039K->39759K(471040K), 0.0034578 secs] [Times: user=0.02 sys=0.01, real=0.00 secs] 
2019-06-08T23:24:17.210+0300: 18.759: [GC (Allocation Failure) [PSYoungGen: 129344K->608K(150016K)] 168271K->39543K(491520K), 0.0061775 secs] [Times: user=0.05 sys=0.01, real=0.00 secs] 
2019-06-08T23:24:18.366+0300: 19.915: [GC (Allocation Failure) [PSYoungGen: 129120K->768K(148992K)] 168055K->39703K(490496K), 0.0037359 secs] [Times: user=0.02 sys=0.00, real=0.00 secs] 
2019-06-08T23:24:19.506+0300: 21.055: [GC (Allocation Failure) [PSYoungGen: 129280K->832K(151552K)] 168215K->39767K(493056K), 0.0028603 secs] [Times: user=0.02 sys=0.00, real=0.00 secs] 
2019-06-08T23:24:20.500+0300: 22.049: [GC (Allocation Failure) [PSYoungGen: 132928K->2080K(151040K)] 171863K->41023K(492544K), 0.0051798 secs] [Times: user=0.02 sys=0.02, real=0.00 secs] 
2019-06-08T23:24:21.756+0300: 23.306: [GC (Allocation Failure) [PSYoungGen: 134176K->960K(153600K)] 173119K->39903K(495104K), 0.0038577 secs] [Times: user=0.01 sys=0.00, real=0.01 secs] 
2019-06-08T23:24:22.921+0300: 24.470: [GC (Allocation Failure) [PSYoungGen: 136640K->1664K(152576K)] 175583K->40607K(494080K), 0.0039440 secs] [Times: user=0.01 sys=0.01, real=0.00 secs] 
2019-06-08T23:24:24.022+0300: 25.571: [GC (Allocation Failure) [PSYoungGen: 137344K->992K(155136K)] 176287K->39943K(496640K), 0.0026780 secs] [Times: user=0.01 sys=0.00, real=0.00 secs] 
2019-06-08T23:24:24.956+0300: 26.506: [GC (Allocation Failure) [PSYoungGen: 140256K->928K(154624K)] 179207K->39887K(496128K), 0.0040356 secs] [Times: user=0.01 sys=0.01, real=0.01 secs] 
2019-06-08T23:24:25.910+0300: 27.459: [GC (Allocation Failure) [PSYoungGen: 140192K->1440K(156672K)] 179151K->40399K(498176K), 0.0609833 secs] [Times: user=0.01 sys=0.00, real=0.06 secs] 
2019-06-08T23:24:27.283+0300: 28.833: [GC (Allocation Failure) [PSYoungGen: 143264K->1120K(155648K)] 182223K->40079K(497152K), 0.0037935 secs] [Times: user=0.02 sys=0.00, real=0.00 secs] 
2019-06-08T23:24:28.278+0300: 29.827: [GC (Allocation Failure) [PSYoungGen: 142944K->960K(158208K)] 181903K->39927K(499712K), 0.0031049 secs] [Times: user=0.01 sys=0.01, real=0.00 secs] 
2019-06-08T23:24:29.784+0300: 31.333: [GC (Allocation Failure) [PSYoungGen: 145856K->928K(157184K)] 184823K->39895K(498688K), 0.0038891 secs] [Times: user=0.01 sys=0.01, real=0.00 secs] 
2019-06-08T23:24:31.096+0300: 32.645: [GC (Allocation Failure) [PSYoungGen: 145824K->800K(159232K)] 184791K->40063K(500736K), 0.0043471 secs] [Times: user=0.03 sys=0.00, real=0.01 secs] 
2019-06-08T23:24:32.392+0300: 33.942: [GC (Allocation Failure) [PSYoungGen: 148256K->640K(158720K)] 187519K->39983K(500224K), 0.0030190 secs] [Times: user=0.00 sys=0.01, real=0.00 secs] 
2019-06-08T23:24:33.953+0300: 35.503: [GC (Allocation Failure) [PSYoungGen: 148096K->640K(160256K)] 187439K->40079K(501760K), 0.0048166 secs] [Times: user=0.03 sys=0.01, real=0.01 secs] 
23:24:40.298 [Curator-PathChildrenCache-0] ERROR o.a.c.f.r.c.PathChildrenCache  - 
java.lang.IllegalStateException: instance must be started before calling this method
	at org.apache.curator.shaded.com.google.common.base.Preconditions.checkState(Preconditions.java:444)
	at org.apache.curator.framework.imps.CuratorFrameworkImpl.getChildren(CuratorFrameworkImpl.java:456)
	at org.apache.curator.framework.recipes.cache.PathChildrenCache.refresh(PathChildrenCache.java:521)
	at org.apache.curator.framework.recipes.cache.RefreshOperation.invoke(RefreshOperation.java:35)
	at org.apache.curator.framework.recipes.cache.PathChildrenCache$9.run(PathChildrenCache.java:786)
	at java.util.concurrent.Executors$RunnableAdapter.call(Executors.java:511)
	at java.util.concurrent.FutureTask.run(FutureTask.java:266)
	at java.util.concurrent.Executors$RunnableAdapter.call(Executors.java:511)
	at java.util.concurrent.FutureTask.run(FutureTask.java:266)
	at java.util.concurrent.ThreadPoolExecutor.runWorker(ThreadPoolExecutor.java:1149)
	at java.util.concurrent.ThreadPoolExecutor$Worker.run(ThreadPoolExecutor.java:624)
	at java.lang.Thread.run(Thread.java:748)
Heap
 PSYoungGen      total 160256K, used 61186K [0x00000000f5980000, 0x0000000100000000, 0x0000000100000000)
  eden space 149504K, 40% used [0x00000000f5980000,0x00000000f94a0b28,0x00000000feb80000)
  from space 10752K, 5% used [0x00000000ff580000,0x00000000ff620040,0x0000000100000000)
  to   space 10240K, 0% used [0x00000000feb80000,0x00000000feb80000,0x00000000ff580000)
 ParOldGen       total 341504K, used 39439K [0x00000000e0c00000, 0x00000000f5980000, 0x00000000f5980000)
  object space 341504K, 11% used [0x00000000e0c00000,0x00000000e3283c00,0x00000000f5980000)
 Metaspace       used 35794K, capacity 36622K, committed 36952K, reserved 1081344K
  class space    used 4935K, capacity 5129K, committed 5248K, reserved 1048576K
