20:05:43,699 |-INFO in ch.qos.logback.classic.LoggerContext[default] - Could NOT find resource [logback-test.xml]
20:05:43,699 |-INFO in ch.qos.logback.classic.LoggerContext[default] - Could NOT find resource [logback.groovy]
20:05:43,700 |-INFO in ch.qos.logback.classic.LoggerContext[default] - Found resource [logback.xml] at [jar:file:/root/flamestream/lib/flamestream-runtime-1.0-SNAPSHOT.jar!/logback.xml]
20:05:43,700 |-WARN in ch.qos.logback.classic.LoggerContext[default] - Resource [logback.xml] occurs multiple times on the classpath.
20:05:43,701 |-WARN in ch.qos.logback.classic.LoggerContext[default] - Resource [logback.xml] occurs at [jar:file:/root/flamestream/lib/flamestream-runtime-1.0-SNAPSHOT.jar!/logback.xml]
20:05:43,701 |-WARN in ch.qos.logback.classic.LoggerContext[default] - Resource [logback.xml] occurs at [jar:file:/root/flamestream/flamestream-runtime-1.0-SNAPSHOT.jar!/logback.xml]
20:05:43,719 |-INFO in ch.qos.logback.core.joran.spi.ConfigurationWatchList@3fb6a447 - URL [jar:file:/root/flamestream/lib/flamestream-runtime-1.0-SNAPSHOT.jar!/logback.xml] is not of type file
20:05:43,791 |-INFO in ch.qos.logback.classic.joran.action.ConfigurationAction - debug attribute not set
20:05:43,791 |-INFO in ch.qos.logback.core.joran.action.AppenderAction - About to instantiate appender of type [ch.qos.logback.core.ConsoleAppender]
20:05:43,809 |-INFO in ch.qos.logback.core.joran.action.AppenderAction - Naming appender as [STDOUT]
20:05:43,822 |-INFO in ch.qos.logback.core.joran.action.NestedComplexPropertyIA - Assuming default type [ch.qos.logback.classic.encoder.PatternLayoutEncoder] for [encoder] property
20:05:43,904 |-INFO in ch.qos.logback.core.joran.action.AppenderAction - About to instantiate appender of type [ch.qos.logback.core.rolling.RollingFileAppender]
20:05:43,909 |-INFO in ch.qos.logback.core.joran.action.AppenderAction - Naming appender as [FILE]
20:05:43,941 |-INFO in c.q.l.core.rolling.TimeBasedRollingPolicy@127618319 - No compression will be used
20:05:43,942 |-INFO in c.q.l.core.rolling.TimeBasedRollingPolicy@127618319 - Will use the pattern /tmp/application_%d{yyyy-MM-dd}.%i.log for the active file
20:05:43,945 |-INFO in ch.qos.logback.core.rolling.SizeAndTimeBasedFNATP@6b2fad11 - The date pattern is 'yyyy-MM-dd' from file name pattern '/tmp/application_%d{yyyy-MM-dd}.%i.log'.
20:05:43,945 |-INFO in ch.qos.logback.core.rolling.SizeAndTimeBasedFNATP@6b2fad11 - Roll-over at midnight.
20:05:43,950 |-INFO in ch.qos.logback.core.rolling.SizeAndTimeBasedFNATP@6b2fad11 - Setting initial period to Mon Jun 10 20:04:11 UTC 2019
20:05:43,950 |-WARN in ch.qos.logback.core.rolling.SizeAndTimeBasedFNATP@6b2fad11 - SizeAndTimeBasedFNATP is deprecated. Use SizeAndTimeBasedRollingPolicy instead
20:05:43,950 |-WARN in ch.qos.logback.core.rolling.SizeAndTimeBasedFNATP@6b2fad11 - For more information see http://logback.qos.ch/manual/appenders.html#SizeAndTimeBasedRollingPolicy
20:05:43,954 |-INFO in ch.qos.logback.core.joran.action.NestedComplexPropertyIA - Assuming default type [ch.qos.logback.classic.encoder.PatternLayoutEncoder] for [encoder] property
20:05:43,959 |-INFO in ch.qos.logback.core.rolling.RollingFileAppender[FILE] - Active log file name: /tmp/application.log
20:05:43,959 |-INFO in ch.qos.logback.core.rolling.RollingFileAppender[FILE] - File property is set to [/tmp/application.log]
20:05:43,959 |-INFO in ch.qos.logback.classic.joran.action.RootLoggerAction - Setting level of ROOT logger to WARN
20:05:43,960 |-INFO in ch.qos.logback.core.joran.action.AppenderRefAction - Attaching appender named [STDOUT] to Logger[ROOT]
20:05:43,961 |-INFO in ch.qos.logback.core.joran.action.AppenderRefAction - Attaching appender named [FILE] to Logger[ROOT]
20:05:43,961 |-INFO in ch.qos.logback.classic.joran.action.ConfigurationAction - End of configuration.
20:05:43,962 |-INFO in ch.qos.logback.classic.joran.JoranConfigurator@79698539 - Registering current configuration as safe fallback point

Ama winner
Ama winner
2019-06-10T20:05:45.268+0000: 1.756: [Full GC (Metadata GC Threshold) 2019-06-10T20:05:45.268+0000: 1.756: [Tenured: 0K->15144K(341376K), 0.0404084 secs] 114988K->15144K(494976K), [Metaspace: 20728K->20728K(1067008K)], 0.0404779 secs] [Times: user=0.04 sys=0.00, real=0.04 secs] 
20:06:04.028 [Curator-PathChildrenCache-2] WARN  o.a.c.u.ZKPaths  - The version of ZooKeeper being used doesn't support Container nodes. CreateMode.PERSISTENT will be used instead.
2019-06-10T20:06:06.598+0000: 23.086: [GC (Allocation Failure) 2019-06-10T20:06:06.598+0000: 23.087: [DefNew: 124482K->17024K(153600K), 0.0185364 secs] 139626K->32275K(494976K), 0.0186155 secs] [Times: user=0.00 sys=0.01, real=0.02 secs] 
2019-06-10T20:06:06.828+0000: 23.317: [Full GC (Metadata GC Threshold) 2019-06-10T20:06:06.828+0000: 23.317: [Tenured: 15251K->43543K(341376K), 0.0483747 secs] 61910K->43543K(494976K), [Metaspace: 34493K->34493K(1079296K)], 0.0484528 secs] [Times: user=0.04 sys=0.01, real=0.05 secs] 
2019-06-10T20:06:09.605+0000: 26.093: [GC (Allocation Failure) 2019-06-10T20:06:09.605+0000: 26.093: [DefNew: 136576K->244K(153600K), 0.0024891 secs] 180119K->43787K(494976K), 0.0025501 secs] [Times: user=0.01 sys=0.00, real=0.00 secs] 
2019-06-10T20:06:12.061+0000: 28.550: [GC (Allocation Failure) 2019-06-10T20:06:12.061+0000: 28.550: [DefNew: 136820K->253K(153600K), 0.0021447 secs] 180363K->43797K(494976K), 0.0022037 secs] [Times: user=0.00 sys=0.00, real=0.00 secs] 
2019-06-10T20:06:14.452+0000: 30.940: [GC (Allocation Failure) 2019-06-10T20:06:14.452+0000: 30.940: [DefNew: 136829K->253K(153600K), 0.0020652 secs] 180373K->43796K(494976K), 0.0021217 secs] [Times: user=0.00 sys=0.00, real=0.00 secs] 
2019-06-10T20:06:16.714+0000: 33.203: [GC (Allocation Failure) 2019-06-10T20:06:16.714+0000: 33.203: [DefNew: 136829K->269K(153600K), 0.0021482 secs] 180372K->43813K(494976K), 0.0022158 secs] [Times: user=0.00 sys=0.00, real=0.00 secs] 
2019-06-10T20:06:19.083+0000: 35.572: [GC (Allocation Failure) 2019-06-10T20:06:19.083+0000: 35.572: [DefNew: 136845K->260K(153600K), 0.0021225 secs] 180389K->43803K(494976K), 0.0021944 secs] [Times: user=0.00 sys=0.00, real=0.00 secs] 
2019-06-10T20:06:21.421+0000: 37.910: [GC (Allocation Failure) 2019-06-10T20:06:21.421+0000: 37.910: [DefNew: 136836K->257K(153600K), 0.0021896 secs] 180379K->43800K(494976K), 0.0022492 secs] [Times: user=0.00 sys=0.00, real=0.00 secs] 
2019-06-10T20:06:29.664+0000: 46.152: [GC (Allocation Failure) 2019-06-10T20:06:29.664+0000: 46.152: [DefNew: 136833K->257K(153600K), 0.0021583 secs] 180376K->43800K(494976K), 0.0022256 secs] [Times: user=0.00 sys=0.00, real=0.00 secs] 
20:06:29.898 [Curator-PathChildrenCache-0] ERROR o.a.c.f.r.c.PathChildrenCache  - 
java.lang.IllegalStateException: instance must be started before calling this method
	at org.apache.curator.shaded.com.google.common.base.Preconditions.checkState(Preconditions.java:444)
	at org.apache.curator.framework.imps.CuratorFrameworkImpl.getChildren(CuratorFrameworkImpl.java:456)
	at org.apache.curator.framework.recipes.cache.PathChildrenCache.refresh(PathChildrenCache.java:521)
	at org.apache.curator.framework.recipes.cache.RefreshOperation.invoke(RefreshOperation.java:35)
	at org.apache.curator.framework.recipes.cache.PathChildrenCache$9.run(PathChildrenCache.java:786)
	at java.util.concurrent.Executors$RunnableAdapter.call(Executors.java:511)
	at java.util.concurrent.FutureTask.run(FutureTask.java:266)
	at java.util.concurrent.Executors$RunnableAdapter.call(Executors.java:511)
	at java.util.concurrent.FutureTask.run(FutureTask.java:266)
	at java.util.concurrent.ThreadPoolExecutor.runWorker(ThreadPoolExecutor.java:1149)
	at java.util.concurrent.ThreadPoolExecutor$Worker.run(ThreadPoolExecutor.java:624)
	at java.lang.Thread.run(Thread.java:748)
Heap
 def new generation   total 153600K, used 38434K [0x00000000e0c00000, 0x00000000eb2a0000, 0x00000000eb2a0000)
  eden space 136576K,  27% used [0x00000000e0c00000, 0x00000000e3148798, 0x00000000e9160000)
  from space 17024K,   1% used [0x00000000e9160000, 0x00000000e91a0450, 0x00000000ea200000)
  to   space 17024K,   0% used [0x00000000ea200000, 0x00000000ea200000, 0x00000000eb2a0000)
 tenured generation   total 341376K, used 43543K [0x00000000eb2a0000, 0x0000000100000000, 0x0000000100000000)
   the space 341376K,  12% used [0x00000000eb2a0000, 0x00000000edd25cb8, 0x00000000edd25e00, 0x0000000100000000)
 Metaspace       used 35993K, capacity 36939K, committed 37120K, reserved 1081344K
  class space    used 4859K, capacity 5060K, committed 5120K, reserved 1048576K
