13:20:43,072 |-INFO in ch.qos.logback.classic.LoggerContext[default] - Could NOT find resource [logback-test.xml]
13:20:43,073 |-INFO in ch.qos.logback.classic.LoggerContext[default] - Could NOT find resource [logback.groovy]
13:20:43,073 |-INFO in ch.qos.logback.classic.LoggerContext[default] - Found resource [logback.xml] at [jar:file:/root/flamestream/lib/flamestream-runtime-1.0-SNAPSHOT.jar!/logback.xml]
13:20:43,074 |-WARN in ch.qos.logback.classic.LoggerContext[default] - Resource [logback.xml] occurs multiple times on the classpath.
13:20:43,074 |-WARN in ch.qos.logback.classic.LoggerContext[default] - Resource [logback.xml] occurs at [jar:file:/root/flamestream/lib/flamestream-runtime-1.0-SNAPSHOT.jar!/logback.xml]
13:20:43,074 |-WARN in ch.qos.logback.classic.LoggerContext[default] - Resource [logback.xml] occurs at [jar:file:/root/flamestream/flamestream-runtime-1.0-SNAPSHOT.jar!/logback.xml]
13:20:43,094 |-INFO in ch.qos.logback.core.joran.spi.ConfigurationWatchList@3fb6a447 - URL [jar:file:/root/flamestream/lib/flamestream-runtime-1.0-SNAPSHOT.jar!/logback.xml] is not of type file
13:20:43,161 |-INFO in ch.qos.logback.classic.joran.action.ConfigurationAction - debug attribute not set
13:20:43,162 |-INFO in ch.qos.logback.core.joran.action.AppenderAction - About to instantiate appender of type [ch.qos.logback.core.ConsoleAppender]
13:20:43,178 |-INFO in ch.qos.logback.core.joran.action.AppenderAction - Naming appender as [STDOUT]
13:20:43,194 |-INFO in ch.qos.logback.core.joran.action.NestedComplexPropertyIA - Assuming default type [ch.qos.logback.classic.encoder.PatternLayoutEncoder] for [encoder] property
13:20:43,301 |-INFO in ch.qos.logback.core.joran.action.AppenderAction - About to instantiate appender of type [ch.qos.logback.core.rolling.RollingFileAppender]
13:20:43,306 |-INFO in ch.qos.logback.core.joran.action.AppenderAction - Naming appender as [FILE]
13:20:43,343 |-INFO in c.q.l.core.rolling.TimeBasedRollingPolicy@127618319 - No compression will be used
13:20:43,344 |-INFO in c.q.l.core.rolling.TimeBasedRollingPolicy@127618319 - Will use the pattern /tmp/application_%d{yyyy-MM-dd}.%i.log for the active file
13:20:43,347 |-INFO in ch.qos.logback.core.rolling.SizeAndTimeBasedFNATP@6b2fad11 - The date pattern is 'yyyy-MM-dd' from file name pattern '/tmp/application_%d{yyyy-MM-dd}.%i.log'.
13:20:43,347 |-INFO in ch.qos.logback.core.rolling.SizeAndTimeBasedFNATP@6b2fad11 - Roll-over at midnight.
13:20:43,353 |-INFO in ch.qos.logback.core.rolling.SizeAndTimeBasedFNATP@6b2fad11 - Setting initial period to Mon Jun 10 13:19:16 UTC 2019
13:20:43,353 |-WARN in ch.qos.logback.core.rolling.SizeAndTimeBasedFNATP@6b2fad11 - SizeAndTimeBasedFNATP is deprecated. Use SizeAndTimeBasedRollingPolicy instead
13:20:43,353 |-WARN in ch.qos.logback.core.rolling.SizeAndTimeBasedFNATP@6b2fad11 - For more information see http://logback.qos.ch/manual/appenders.html#SizeAndTimeBasedRollingPolicy
13:20:43,357 |-INFO in ch.qos.logback.core.joran.action.NestedComplexPropertyIA - Assuming default type [ch.qos.logback.classic.encoder.PatternLayoutEncoder] for [encoder] property
13:20:43,362 |-INFO in ch.qos.logback.core.rolling.RollingFileAppender[FILE] - Active log file name: /tmp/application.log
13:20:43,362 |-INFO in ch.qos.logback.core.rolling.RollingFileAppender[FILE] - File property is set to [/tmp/application.log]
13:20:43,363 |-INFO in ch.qos.logback.classic.joran.action.RootLoggerAction - Setting level of ROOT logger to WARN
13:20:43,363 |-INFO in ch.qos.logback.core.joran.action.AppenderRefAction - Attaching appender named [STDOUT] to Logger[ROOT]
13:20:43,365 |-INFO in ch.qos.logback.core.joran.action.AppenderRefAction - Attaching appender named [FILE] to Logger[ROOT]
13:20:43,365 |-INFO in ch.qos.logback.classic.joran.action.ConfigurationAction - End of configuration.
13:20:43,365 |-INFO in ch.qos.logback.classic.joran.JoranConfigurator@79698539 - Registering current configuration as safe fallback point

Ama winner
Ama winner
2019-06-10T13:20:44.665+0000: 1.782: [Full GC (Metadata GC Threshold) 2019-06-10T13:20:44.665+0000: 1.782: [Tenured: 0K->15176K(341376K), 0.0415637 secs] 114923K->15176K(494976K), [Metaspace: 20739K->20739K(1067008K)], 0.0416340 secs] [Times: user=0.04 sys=0.00, real=0.04 secs] 
13:21:02.696 [Curator-PathChildrenCache-1] WARN  o.a.c.u.ZKPaths  - The version of ZooKeeper being used doesn't support Container nodes. CreateMode.PERSISTENT will be used instead.
2019-06-10T13:21:05.438+0000: 22.555: [GC (Allocation Failure) 2019-06-10T13:21:05.438+0000: 22.556: [DefNew: 118729K->17023K(153600K), 0.0183257 secs] 133906K->32587K(494976K), 0.0183940 secs] [Times: user=0.01 sys=0.00, real=0.02 secs] 
2019-06-10T13:21:06.581+0000: 23.699: [Full GC (Metadata GC Threshold) 2019-06-10T13:21:06.582+0000: 23.699: [Tenured: 15563K->43724K(341376K), 0.1001672 secs] 76058K->43724K(494976K), [Metaspace: 34632K->34632K(1079296K)], 0.1002509 secs] [Times: user=0.08 sys=0.02, real=0.10 secs] 
2019-06-10T13:21:14.256+0000: 31.373: [GC (Allocation Failure) 2019-06-10T13:21:14.256+0000: 31.373: [DefNew: 136576K->74K(153600K), 0.0019879 secs] 180300K->43798K(494976K), 0.0020504 secs] [Times: user=0.00 sys=0.00, real=0.00 secs] 
2019-06-10T13:21:21.968+0000: 39.086: [GC (Allocation Failure) 2019-06-10T13:21:21.968+0000: 39.086: [DefNew: 136650K->85K(153600K), 0.0017959 secs] 180374K->43809K(494976K), 0.0018598 secs] [Times: user=0.00 sys=0.00, real=0.00 secs] 
2019-06-10T13:21:29.707+0000: 46.825: [GC (Allocation Failure) 2019-06-10T13:21:29.707+0000: 46.825: [DefNew: 136661K->77K(153600K), 0.0017894 secs] 180385K->43802K(494976K), 0.0018516 secs] [Times: user=0.00 sys=0.00, real=0.00 secs] 
2019-06-10T13:21:37.488+0000: 54.606: [GC (Allocation Failure) 2019-06-10T13:21:37.488+0000: 54.606: [DefNew: 136653K->80K(153600K), 0.0018468 secs] 180378K->43804K(494976K), 0.0019082 secs] [Times: user=0.01 sys=0.00, real=0.00 secs] 
2019-06-10T13:21:45.124+0000: 62.242: [GC (Allocation Failure) 2019-06-10T13:21:45.124+0000: 62.242: [DefNew: 136656K->373K(153600K), 0.0021992 secs] 180380K->44098K(494976K), 0.0022619 secs] [Times: user=0.00 sys=0.00, real=0.00 secs] 
2019-06-10T13:21:54.685+0000: 71.803: [GC (Allocation Failure) 2019-06-10T13:21:54.685+0000: 71.803: [DefNew: 136949K->174K(153600K), 0.0020981 secs] 180674K->43898K(494976K), 0.0021677 secs] [Times: user=0.00 sys=0.00, real=0.00 secs] 
13:22:03.972 [Curator-PathChildrenCache-0] ERROR o.a.c.f.r.c.PathChildrenCache  - 
java.lang.IllegalStateException: instance must be started before calling this method
	at org.apache.curator.shaded.com.google.common.base.Preconditions.checkState(Preconditions.java:444)
	at org.apache.curator.framework.imps.CuratorFrameworkImpl.getChildren(CuratorFrameworkImpl.java:456)
	at org.apache.curator.framework.recipes.cache.PathChildrenCache.refresh(PathChildrenCache.java:521)
	at org.apache.curator.framework.recipes.cache.RefreshOperation.invoke(RefreshOperation.java:35)
	at org.apache.curator.framework.recipes.cache.PathChildrenCache$9.run(PathChildrenCache.java:786)
	at java.util.concurrent.Executors$RunnableAdapter.call(Executors.java:511)
	at java.util.concurrent.FutureTask.run(FutureTask.java:266)
	at java.util.concurrent.Executors$RunnableAdapter.call(Executors.java:511)
	at java.util.concurrent.FutureTask.run(FutureTask.java:266)
	at java.util.concurrent.ThreadPoolExecutor.runWorker(ThreadPoolExecutor.java:1149)
	at java.util.concurrent.ThreadPoolExecutor$Worker.run(ThreadPoolExecutor.java:624)
	at java.lang.Thread.run(Thread.java:748)
Heap
 def new generation   total 153600K, used 56204K [0x00000000e0c00000, 0x00000000eb2a0000, 0x00000000eb2a0000)
  eden space 136576K,  41% used [0x00000000e0c00000, 0x00000000e42b7590, 0x00000000e9160000)
  from space 17024K,   1% used [0x00000000ea200000, 0x00000000ea22bb38, 0x00000000eb2a0000)
  to   space 17024K,   0% used [0x00000000e9160000, 0x00000000e9160000, 0x00000000ea200000)
 tenured generation   total 341376K, used 43724K [0x00000000eb2a0000, 0x0000000100000000, 0x0000000100000000)
   the space 341376K,  12% used [0x00000000eb2a0000, 0x00000000edd53098, 0x00000000edd53200, 0x0000000100000000)
 Metaspace       used 36281K, capacity 37126K, committed 37376K, reserved 1081344K
  class space    used 4872K, capacity 5075K, committed 5120K, reserved 1048576K
