11:27:12,879 |-INFO in ch.qos.logback.classic.LoggerContext[default] - Could NOT find resource [logback-test.xml]
11:27:12,879 |-INFO in ch.qos.logback.classic.LoggerContext[default] - Could NOT find resource [logback.groovy]
11:27:12,879 |-INFO in ch.qos.logback.classic.LoggerContext[default] - Found resource [logback.xml] at [jar:file:/home/nikitasokolov/flamestream/lib/flamestream-runtime-1.0-SNAPSHOT.jar!/logback.xml]
11:27:12,880 |-WARN in ch.qos.logback.classic.LoggerContext[default] - Resource [logback.xml] occurs multiple times on the classpath.
11:27:12,880 |-WARN in ch.qos.logback.classic.LoggerContext[default] - Resource [logback.xml] occurs at [jar:file:/home/nikitasokolov/flamestream/lib/flamestream-runtime-1.0-SNAPSHOT.jar!/logback.xml]
11:27:12,880 |-WARN in ch.qos.logback.classic.LoggerContext[default] - Resource [logback.xml] occurs at [jar:file:/home/nikitasokolov/flamestream/flamestream-runtime-1.0-SNAPSHOT.jar!/logback.xml]
11:27:12,897 |-INFO in ch.qos.logback.core.joran.spi.ConfigurationWatchList@6108b2d7 - URL [jar:file:/home/nikitasokolov/flamestream/lib/flamestream-runtime-1.0-SNAPSHOT.jar!/logback.xml] is not of type file
11:27:12,946 |-INFO in ch.qos.logback.classic.joran.action.ConfigurationAction - debug attribute not set
11:27:12,947 |-INFO in ch.qos.logback.core.joran.action.AppenderAction - About to instantiate appender of type [ch.qos.logback.core.ConsoleAppender]
11:27:12,955 |-INFO in ch.qos.logback.core.joran.action.AppenderAction - Naming appender as [STDOUT]
11:27:12,963 |-INFO in ch.qos.logback.core.joran.action.NestedComplexPropertyIA - Assuming default type [ch.qos.logback.classic.encoder.PatternLayoutEncoder] for [encoder] property
11:27:13,016 |-INFO in ch.qos.logback.core.joran.action.AppenderAction - About to instantiate appender of type [ch.qos.logback.core.rolling.RollingFileAppender]
11:27:13,021 |-INFO in ch.qos.logback.core.joran.action.AppenderAction - Naming appender as [FILE]
11:27:13,044 |-INFO in c.q.l.core.rolling.TimeBasedRollingPolicy@357863579 - No compression will be used
11:27:13,045 |-INFO in c.q.l.core.rolling.TimeBasedRollingPolicy@357863579 - Will use the pattern /tmp/application_%d{yyyy-MM-dd}.%i.log for the active file
11:27:13,048 |-INFO in ch.qos.logback.core.rolling.SizeAndTimeBasedFNATP@6bf256fa - The date pattern is 'yyyy-MM-dd' from file name pattern '/tmp/application_%d{yyyy-MM-dd}.%i.log'.
11:27:13,048 |-INFO in ch.qos.logback.core.rolling.SizeAndTimeBasedFNATP@6bf256fa - Roll-over at midnight.
11:27:13,052 |-INFO in ch.qos.logback.core.rolling.SizeAndTimeBasedFNATP@6bf256fa - Setting initial period to Sun Jun 09 11:26:30 MSK 2019
11:27:13,052 |-WARN in ch.qos.logback.core.rolling.SizeAndTimeBasedFNATP@6bf256fa - SizeAndTimeBasedFNATP is deprecated. Use SizeAndTimeBasedRollingPolicy instead
11:27:13,052 |-WARN in ch.qos.logback.core.rolling.SizeAndTimeBasedFNATP@6bf256fa - For more information see http://logback.qos.ch/manual/appenders.html#SizeAndTimeBasedRollingPolicy
11:27:13,057 |-INFO in ch.qos.logback.core.joran.action.NestedComplexPropertyIA - Assuming default type [ch.qos.logback.classic.encoder.PatternLayoutEncoder] for [encoder] property
11:27:13,059 |-INFO in ch.qos.logback.core.rolling.RollingFileAppender[FILE] - Active log file name: /tmp/application.log
11:27:13,059 |-INFO in ch.qos.logback.core.rolling.RollingFileAppender[FILE] - File property is set to [/tmp/application.log]
11:27:13,060 |-INFO in ch.qos.logback.classic.joran.action.RootLoggerAction - Setting level of ROOT logger to WARN
11:27:13,060 |-INFO in ch.qos.logback.core.joran.action.AppenderRefAction - Attaching appender named [STDOUT] to Logger[ROOT]
11:27:13,061 |-INFO in ch.qos.logback.core.joran.action.AppenderRefAction - Attaching appender named [FILE] to Logger[ROOT]
11:27:13,061 |-INFO in ch.qos.logback.classic.joran.action.ConfigurationAction - End of configuration.
11:27:13,062 |-INFO in ch.qos.logback.classic.joran.JoranConfigurator@6cd8737 - Registering current configuration as safe fallback point

2019-06-09T11:27:14.069+0300: 1.388: [GC (Metadata GC Threshold) [PSYoungGen: 108151K->15854K(149504K)] 108151K->15934K(491008K), 0.0237114 secs] [Times: user=0.07 sys=0.05, real=0.03 secs] 
2019-06-09T11:27:14.093+0300: 1.411: [Full GC (Metadata GC Threshold) [PSYoungGen: 15854K->0K(149504K)] [ParOldGen: 80K->15078K(341504K)] 15934K->15078K(491008K), [Metaspace: 20800K->20800K(1067008K)], 0.0288655 secs] [Times: user=0.18 sys=0.00, real=0.03 secs] 
11:27:21.382 [Curator-PathChildrenCache-1] WARN  o.a.c.u.ZKPaths  - The version of ZooKeeper being used doesn't support Container nodes. CreateMode.PERSISTENT will be used instead.
2019-06-09T11:27:22.332+0300: 9.651: [GC (Metadata GC Threshold) [PSYoungGen: 123477K->15662K(149504K)] 138555K->50279K(491008K), 0.0261864 secs] [Times: user=0.20 sys=0.03, real=0.03 secs] 
2019-06-09T11:27:22.358+0300: 9.677: [Full GC (Metadata GC Threshold) [PSYoungGen: 15662K->0K(149504K)] [ParOldGen: 34617K->38850K(341504K)] 50279K->38850K(491008K), [Metaspace: 34540K->34540K(1079296K)], 0.0361888 secs] [Times: user=0.18 sys=0.02, real=0.03 secs] 
2019-06-09T11:27:26.992+0300: 14.311: [GC (Allocation Failure) [PSYoungGen: 128512K->384K(149504K)] 167362K->39242K(491008K), 0.0766119 secs] [Times: user=0.00 sys=0.02, real=0.07 secs] 
2019-06-09T11:27:32.131+0300: 19.450: [GC (Allocation Failure) [PSYoungGen: 128896K->480K(149504K)] 167754K->39346K(491008K), 0.0044272 secs] [Times: user=0.04 sys=0.00, real=0.00 secs] 
2019-06-09T11:27:37.342+0300: 24.661: [GC (Allocation Failure) [PSYoungGen: 128992K->512K(129536K)] 167858K->39386K(471040K), 0.0058338 secs] [Times: user=0.04 sys=0.00, real=0.00 secs] 
2019-06-09T11:27:42.584+0300: 29.903: [GC (Allocation Failure) [PSYoungGen: 129024K->480K(150016K)] 167898K->39362K(491520K), 0.0764378 secs] [Times: user=0.01 sys=0.00, real=0.08 secs] 
2019-06-09T11:27:47.843+0300: 35.161: [GC (Allocation Failure) [PSYoungGen: 128992K->576K(148992K)] 167874K->39466K(490496K), 0.0029298 secs] [Times: user=0.01 sys=0.00, real=0.00 secs] 
2019-06-09T11:27:53.074+0300: 40.393: [GC (Allocation Failure) [PSYoungGen: 129088K->512K(151552K)] 167978K->39410K(493056K), 0.0759403 secs] [Times: user=0.02 sys=0.01, real=0.08 secs] 
2019-06-09T11:27:58.522+0300: 45.841: [GC (Allocation Failure) [PSYoungGen: 132608K->544K(151040K)] 171506K->39450K(492544K), 0.0030554 secs] [Times: user=0.01 sys=0.00, real=0.00 secs] 
2019-06-09T11:28:03.901+0300: 51.220: [GC (Allocation Failure) [PSYoungGen: 132640K->608K(153600K)] 171546K->39522K(495104K), 0.0029038 secs] [Times: user=0.01 sys=0.01, real=0.00 secs] 
2019-06-09T11:28:09.488+0300: 56.806: [GC (Allocation Failure) [PSYoungGen: 136288K->576K(152576K)] 175202K->39490K(494080K), 0.0031257 secs] [Times: user=0.01 sys=0.01, real=0.01 secs] 
11:28:23.214 [Curator-PathChildrenCache-0] ERROR o.a.c.f.r.c.PathChildrenCache  - 
java.lang.IllegalStateException: instance must be started before calling this method
	at org.apache.curator.shaded.com.google.common.base.Preconditions.checkState(Preconditions.java:444)
	at org.apache.curator.framework.imps.CuratorFrameworkImpl.getChildren(CuratorFrameworkImpl.java:456)
	at org.apache.curator.framework.recipes.cache.PathChildrenCache.refresh(PathChildrenCache.java:521)
	at org.apache.curator.framework.recipes.cache.RefreshOperation.invoke(RefreshOperation.java:35)
	at org.apache.curator.framework.recipes.cache.PathChildrenCache$9.run(PathChildrenCache.java:786)
	at java.util.concurrent.Executors$RunnableAdapter.call(Executors.java:511)
	at java.util.concurrent.FutureTask.run(FutureTask.java:266)
	at java.util.concurrent.Executors$RunnableAdapter.call(Executors.java:511)
	at java.util.concurrent.FutureTask.run(FutureTask.java:266)
	at java.util.concurrent.ThreadPoolExecutor.runWorker(ThreadPoolExecutor.java:1149)
	at java.util.concurrent.ThreadPoolExecutor$Worker.run(ThreadPoolExecutor.java:624)
	at java.lang.Thread.run(Thread.java:748)
2019-06-09T11:28:24.314+0300: 71.633: [GC (Allocation Failure) [PSYoungGen: 136256K->1640K(155136K)] 175170K->40563K(496640K), 0.0041991 secs] [Times: user=0.02 sys=0.00, real=0.01 secs] 
Heap
 PSYoungGen      total 155136K, used 5137K [0x00000000f5980000, 0x0000000100000000, 0x0000000100000000)
  eden space 138752K, 2% used [0x00000000f5980000,0x00000000f5cea288,0x00000000fe100000)
  from space 16384K, 10% used [0x00000000ff000000,0x00000000ff19a1f8,0x0000000100000000)
  to   space 15360K, 0% used [0x00000000fe100000,0x00000000fe100000,0x00000000ff000000)
 ParOldGen       total 341504K, used 38922K [0x00000000e0c00000, 0x00000000f5980000, 0x00000000f5980000)
  object space 341504K, 11% used [0x00000000e0c00000,0x00000000e3202b98,0x00000000f5980000)
 Metaspace       used 36048K, capacity 36894K, committed 37208K, reserved 1081344K
  class space    used 4978K, capacity 5161K, committed 5248K, reserved 1048576K
