15:51:23,855 |-INFO in ch.qos.logback.classic.LoggerContext[default] - Could NOT find resource [logback-test.xml]
15:51:23,855 |-INFO in ch.qos.logback.classic.LoggerContext[default] - Could NOT find resource [logback.groovy]
15:51:23,856 |-INFO in ch.qos.logback.classic.LoggerContext[default] - Found resource [logback.xml] at [jar:file:/root/flamestream/lib/flamestream-runtime-1.0-SNAPSHOT.jar!/logback.xml]
15:51:23,856 |-WARN in ch.qos.logback.classic.LoggerContext[default] - Resource [logback.xml] occurs multiple times on the classpath.
15:51:23,856 |-WARN in ch.qos.logback.classic.LoggerContext[default] - Resource [logback.xml] occurs at [jar:file:/root/flamestream/lib/flamestream-runtime-1.0-SNAPSHOT.jar!/logback.xml]
15:51:23,856 |-WARN in ch.qos.logback.classic.LoggerContext[default] - Resource [logback.xml] occurs at [jar:file:/root/flamestream/flamestream-runtime-1.0-SNAPSHOT.jar!/logback.xml]
15:51:23,877 |-INFO in ch.qos.logback.core.joran.spi.ConfigurationWatchList@3fb6a447 - URL [jar:file:/root/flamestream/lib/flamestream-runtime-1.0-SNAPSHOT.jar!/logback.xml] is not of type file
15:51:23,951 |-INFO in ch.qos.logback.classic.joran.action.ConfigurationAction - debug attribute not set
15:51:23,952 |-INFO in ch.qos.logback.core.joran.action.AppenderAction - About to instantiate appender of type [ch.qos.logback.core.ConsoleAppender]
15:51:23,966 |-INFO in ch.qos.logback.core.joran.action.AppenderAction - Naming appender as [STDOUT]
15:51:23,983 |-INFO in ch.qos.logback.core.joran.action.NestedComplexPropertyIA - Assuming default type [ch.qos.logback.classic.encoder.PatternLayoutEncoder] for [encoder] property
15:51:24,065 |-INFO in ch.qos.logback.core.joran.action.AppenderAction - About to instantiate appender of type [ch.qos.logback.core.rolling.RollingFileAppender]
15:51:24,070 |-INFO in ch.qos.logback.core.joran.action.AppenderAction - Naming appender as [FILE]
15:51:24,102 |-INFO in c.q.l.core.rolling.TimeBasedRollingPolicy@127618319 - No compression will be used
15:51:24,103 |-INFO in c.q.l.core.rolling.TimeBasedRollingPolicy@127618319 - Will use the pattern /tmp/application_%d{yyyy-MM-dd}.%i.log for the active file
15:51:24,106 |-INFO in ch.qos.logback.core.rolling.SizeAndTimeBasedFNATP@6b2fad11 - The date pattern is 'yyyy-MM-dd' from file name pattern '/tmp/application_%d{yyyy-MM-dd}.%i.log'.
15:51:24,106 |-INFO in ch.qos.logback.core.rolling.SizeAndTimeBasedFNATP@6b2fad11 - Roll-over at midnight.
15:51:24,111 |-INFO in ch.qos.logback.core.rolling.SizeAndTimeBasedFNATP@6b2fad11 - Setting initial period to Mon Jun 10 15:50:08 UTC 2019
15:51:24,112 |-WARN in ch.qos.logback.core.rolling.SizeAndTimeBasedFNATP@6b2fad11 - SizeAndTimeBasedFNATP is deprecated. Use SizeAndTimeBasedRollingPolicy instead
15:51:24,112 |-WARN in ch.qos.logback.core.rolling.SizeAndTimeBasedFNATP@6b2fad11 - For more information see http://logback.qos.ch/manual/appenders.html#SizeAndTimeBasedRollingPolicy
15:51:24,115 |-INFO in ch.qos.logback.core.joran.action.NestedComplexPropertyIA - Assuming default type [ch.qos.logback.classic.encoder.PatternLayoutEncoder] for [encoder] property
15:51:24,120 |-INFO in ch.qos.logback.core.rolling.RollingFileAppender[FILE] - Active log file name: /tmp/application.log
15:51:24,120 |-INFO in ch.qos.logback.core.rolling.RollingFileAppender[FILE] - File property is set to [/tmp/application.log]
15:51:24,121 |-INFO in ch.qos.logback.classic.joran.action.RootLoggerAction - Setting level of ROOT logger to WARN
15:51:24,121 |-INFO in ch.qos.logback.core.joran.action.AppenderRefAction - Attaching appender named [STDOUT] to Logger[ROOT]
15:51:24,123 |-INFO in ch.qos.logback.core.joran.action.AppenderRefAction - Attaching appender named [FILE] to Logger[ROOT]
15:51:24,123 |-INFO in ch.qos.logback.classic.joran.action.ConfigurationAction - End of configuration.
15:51:24,124 |-INFO in ch.qos.logback.classic.joran.JoranConfigurator@79698539 - Registering current configuration as safe fallback point

Ama winner
Ama winner
2019-06-10T15:51:25.406+0000: 1.735: [Full GC (Metadata GC Threshold) 2019-06-10T15:51:25.406+0000: 1.735: [Tenured: 0K->15144K(341376K), 0.0355449 secs] 114989K->15144K(494976K), [Metaspace: 20733K->20733K(1067008K)], 0.0356144 secs] [Times: user=0.04 sys=0.00, real=0.04 secs] 
15:51:43.908 [Curator-PathChildrenCache-2] WARN  o.a.c.u.ZKPaths  - The version of ZooKeeper being used doesn't support Container nodes. CreateMode.PERSISTENT will be used instead.
2019-06-10T15:51:46.413+0000: 22.743: [GC (Allocation Failure) 2019-06-10T15:51:46.413+0000: 22.743: [DefNew: 121252K->17023K(153600K), 0.0245794 secs] 136397K->33317K(494976K), 0.0246518 secs] [Times: user=0.02 sys=0.00, real=0.02 secs] 
2019-06-10T15:51:46.799+0000: 23.129: [Full GC (Metadata GC Threshold) 2019-06-10T15:51:46.799+0000: 23.129: [Tenured: 16293K->44837K(341376K), 0.0460427 secs] 66265K->44837K(494976K), [Metaspace: 34511K->34511K(1079296K)], 0.0461303 secs] [Times: user=0.03 sys=0.01, real=0.04 secs] 
2019-06-10T15:51:50.306+0000: 26.636: [GC (Allocation Failure) 2019-06-10T15:51:50.306+0000: 26.636: [DefNew: 136576K->350K(153600K), 0.0026976 secs] 181413K->45187K(494976K), 0.0027543 secs] [Times: user=0.00 sys=0.00, real=0.00 secs] 
2019-06-10T15:51:53.644+0000: 29.974: [GC (Allocation Failure) 2019-06-10T15:51:53.644+0000: 29.974: [DefNew: 136926K->359K(153600K), 0.0023022 secs] 181763K->45197K(494976K), 0.0023603 secs] [Times: user=0.00 sys=0.00, real=0.00 secs] 
2019-06-10T15:51:57.018+0000: 33.348: [GC (Allocation Failure) 2019-06-10T15:51:57.018+0000: 33.348: [DefNew: 136935K->360K(153600K), 0.0022683 secs] 181773K->45197K(494976K), 0.0023257 secs] [Times: user=0.00 sys=0.00, real=0.01 secs] 
2019-06-10T15:52:00.369+0000: 36.698: [GC (Allocation Failure) 2019-06-10T15:52:00.369+0000: 36.698: [DefNew: 136936K->361K(153600K), 0.0023101 secs] 181773K->45199K(494976K), 0.0023716 secs] [Times: user=0.01 sys=0.00, real=0.01 secs] 
2019-06-10T15:52:03.837+0000: 40.167: [GC (Allocation Failure) 2019-06-10T15:52:03.837+0000: 40.167: [DefNew: 136937K->362K(153600K), 0.0024203 secs] 181775K->45200K(494976K), 0.0024889 secs] [Times: user=0.00 sys=0.00, real=0.01 secs] 
2019-06-10T15:52:07.187+0000: 43.517: [GC (Allocation Failure) 2019-06-10T15:52:07.187+0000: 43.517: [DefNew: 136938K->362K(153600K), 0.0023814 secs] 181776K->45200K(494976K), 0.0024472 secs] [Times: user=0.00 sys=0.00, real=0.00 secs] 
2019-06-10T15:52:10.497+0000: 46.827: [GC (Allocation Failure) 2019-06-10T15:52:10.497+0000: 46.827: [DefNew: 136938K->363K(153600K), 0.0022558 secs] 181776K->45201K(494976K), 0.0023143 secs] [Times: user=0.01 sys=0.00, real=0.01 secs] 
15:52:16.697 [Curator-PathChildrenCache-0] ERROR o.a.c.f.r.c.PathChildrenCache  - 
java.lang.IllegalStateException: instance must be started before calling this method
	at org.apache.curator.shaded.com.google.common.base.Preconditions.checkState(Preconditions.java:444)
	at org.apache.curator.framework.imps.CuratorFrameworkImpl.getChildren(CuratorFrameworkImpl.java:456)
	at org.apache.curator.framework.recipes.cache.PathChildrenCache.refresh(PathChildrenCache.java:521)
	at org.apache.curator.framework.recipes.cache.RefreshOperation.invoke(RefreshOperation.java:35)
	at org.apache.curator.framework.recipes.cache.PathChildrenCache$9.run(PathChildrenCache.java:786)
	at java.util.concurrent.Executors$RunnableAdapter.call(Executors.java:511)
	at java.util.concurrent.FutureTask.run(FutureTask.java:266)
	at java.util.concurrent.Executors$RunnableAdapter.call(Executors.java:511)
	at java.util.concurrent.FutureTask.run(FutureTask.java:266)
	at java.util.concurrent.ThreadPoolExecutor.runWorker(ThreadPoolExecutor.java:1149)
	at java.util.concurrent.ThreadPoolExecutor$Worker.run(ThreadPoolExecutor.java:624)
	at java.lang.Thread.run(Thread.java:748)
Heap
 def new generation   total 153600K, used 73244K [0x00000000e0c00000, 0x00000000eb2a0000, 0x00000000eb2a0000)
  eden space 136576K,  53% used [0x00000000e0c00000, 0x00000000e532c120, 0x00000000e9160000)
  from space 17024K,   2% used [0x00000000e9160000, 0x00000000e91baef0, 0x00000000ea200000)
  to   space 17024K,   0% used [0x00000000ea200000, 0x00000000ea200000, 0x00000000eb2a0000)
 tenured generation   total 341376K, used 44837K [0x00000000eb2a0000, 0x0000000100000000, 0x0000000100000000)
   the space 341376K,  13% used [0x00000000eb2a0000, 0x00000000ede69648, 0x00000000ede69800, 0x0000000100000000)
 Metaspace       used 36088K, capacity 37006K, committed 37120K, reserved 1081344K
  class space    used 4859K, capacity 5061K, committed 5120K, reserved 1048576K
