06:02:20,640 |-INFO in ch.qos.logback.classic.LoggerContext[default] - Could NOT find resource [logback-test.xml]
06:02:20,640 |-INFO in ch.qos.logback.classic.LoggerContext[default] - Could NOT find resource [logback.groovy]
06:02:20,640 |-INFO in ch.qos.logback.classic.LoggerContext[default] - Found resource [logback.xml] at [jar:file:/root/flamestream/lib/flamestream-runtime-1.0-SNAPSHOT.jar!/logback.xml]
06:02:20,641 |-WARN in ch.qos.logback.classic.LoggerContext[default] - Resource [logback.xml] occurs multiple times on the classpath.
06:02:20,641 |-WARN in ch.qos.logback.classic.LoggerContext[default] - Resource [logback.xml] occurs at [jar:file:/root/flamestream/lib/flamestream-runtime-1.0-SNAPSHOT.jar!/logback.xml]
06:02:20,641 |-WARN in ch.qos.logback.classic.LoggerContext[default] - Resource [logback.xml] occurs at [jar:file:/root/flamestream/flamestream-runtime-1.0-SNAPSHOT.jar!/logback.xml]
06:02:20,660 |-INFO in ch.qos.logback.core.joran.spi.ConfigurationWatchList@3fb6a447 - URL [jar:file:/root/flamestream/lib/flamestream-runtime-1.0-SNAPSHOT.jar!/logback.xml] is not of type file
06:02:20,732 |-INFO in ch.qos.logback.classic.joran.action.ConfigurationAction - debug attribute not set
06:02:20,733 |-INFO in ch.qos.logback.core.joran.action.AppenderAction - About to instantiate appender of type [ch.qos.logback.core.ConsoleAppender]
06:02:20,752 |-INFO in ch.qos.logback.core.joran.action.AppenderAction - Naming appender as [STDOUT]
06:02:20,770 |-INFO in ch.qos.logback.core.joran.action.NestedComplexPropertyIA - Assuming default type [ch.qos.logback.classic.encoder.PatternLayoutEncoder] for [encoder] property
06:02:20,851 |-INFO in ch.qos.logback.core.joran.action.AppenderAction - About to instantiate appender of type [ch.qos.logback.core.rolling.RollingFileAppender]
06:02:20,856 |-INFO in ch.qos.logback.core.joran.action.AppenderAction - Naming appender as [FILE]
06:02:20,889 |-INFO in c.q.l.core.rolling.TimeBasedRollingPolicy@127618319 - No compression will be used
06:02:20,890 |-INFO in c.q.l.core.rolling.TimeBasedRollingPolicy@127618319 - Will use the pattern /tmp/application_%d{yyyy-MM-dd}.%i.log for the active file
06:02:20,893 |-INFO in ch.qos.logback.core.rolling.SizeAndTimeBasedFNATP@6b2fad11 - The date pattern is 'yyyy-MM-dd' from file name pattern '/tmp/application_%d{yyyy-MM-dd}.%i.log'.
06:02:20,893 |-INFO in ch.qos.logback.core.rolling.SizeAndTimeBasedFNATP@6b2fad11 - Roll-over at midnight.
06:02:20,899 |-INFO in ch.qos.logback.core.rolling.SizeAndTimeBasedFNATP@6b2fad11 - Setting initial period to Tue Jun 11 06:00:44 UTC 2019
06:02:20,899 |-WARN in ch.qos.logback.core.rolling.SizeAndTimeBasedFNATP@6b2fad11 - SizeAndTimeBasedFNATP is deprecated. Use SizeAndTimeBasedRollingPolicy instead
06:02:20,899 |-WARN in ch.qos.logback.core.rolling.SizeAndTimeBasedFNATP@6b2fad11 - For more information see http://logback.qos.ch/manual/appenders.html#SizeAndTimeBasedRollingPolicy
06:02:20,903 |-INFO in ch.qos.logback.core.joran.action.NestedComplexPropertyIA - Assuming default type [ch.qos.logback.classic.encoder.PatternLayoutEncoder] for [encoder] property
06:02:20,908 |-INFO in ch.qos.logback.core.rolling.RollingFileAppender[FILE] - Active log file name: /tmp/application.log
06:02:20,908 |-INFO in ch.qos.logback.core.rolling.RollingFileAppender[FILE] - File property is set to [/tmp/application.log]
06:02:20,909 |-INFO in ch.qos.logback.classic.joran.action.RootLoggerAction - Setting level of ROOT logger to WARN
06:02:20,909 |-INFO in ch.qos.logback.core.joran.action.AppenderRefAction - Attaching appender named [STDOUT] to Logger[ROOT]
06:02:20,911 |-INFO in ch.qos.logback.core.joran.action.AppenderRefAction - Attaching appender named [FILE] to Logger[ROOT]
06:02:20,911 |-INFO in ch.qos.logback.classic.joran.action.ConfigurationAction - End of configuration.
06:02:20,911 |-INFO in ch.qos.logback.classic.joran.JoranConfigurator@79698539 - Registering current configuration as safe fallback point

Ama winner
Ama winner
2019-06-11T06:02:22.222+0000: 1.773: [Full GC (Metadata GC Threshold) 2019-06-11T06:02:22.222+0000: 1.773: [Tenured: 0K->15200K(341376K), 0.0402773 secs] 114923K->15200K(494976K), [Metaspace: 20730K->20730K(1067008K)], 0.0403746 secs] [Times: user=0.04 sys=0.01, real=0.04 secs] 
06:03:14.713 [Curator-PathChildrenCache-1] WARN  o.a.c.u.ZKPaths  - The version of ZooKeeper being used doesn't support Container nodes. CreateMode.PERSISTENT will be used instead.
2019-06-11T06:03:42.800+0000: 82.350: [GC (Allocation Failure) 2019-06-11T06:03:42.800+0000: 82.350: [DefNew: 136576K->16556K(153600K), 0.0168881 secs] 151776K->31756K(494976K), 0.0169619 secs] [Times: user=0.01 sys=0.01, real=0.02 secs] 
2019-06-11T06:04:02.376+0000: 101.926: [Full GC (Metadata GC Threshold) 2019-06-11T06:04:02.376+0000: 101.926: [Tenured: 15200K->43492K(341376K), 0.0625801 secs] 151504K->43492K(494976K), [Metaspace: 34692K->34692K(1079296K)], 0.0626622 secs] [Times: user=0.06 sys=0.00, real=0.07 secs] 
2019-06-11T06:04:10.314+0000: 109.865: [GC (Allocation Failure) 2019-06-11T06:04:10.314+0000: 109.865: [DefNew: 136576K->293K(153600K), 0.0025173 secs] 180068K->43786K(494976K), 0.0025791 secs] [Times: user=0.01 sys=0.00, real=0.01 secs] 
2019-06-11T06:04:16.902+0000: 116.453: [GC (Allocation Failure) 2019-06-11T06:04:16.902+0000: 116.453: [DefNew: 136869K->271K(153600K), 0.0021839 secs] 180362K->43764K(494976K), 0.0022454 secs] [Times: user=0.00 sys=0.00, real=0.00 secs] 
2019-06-11T06:04:46.855+0000: 146.405: [GC (Allocation Failure) 2019-06-11T06:04:46.855+0000: 146.405: [DefNew: 136847K->321K(153600K), 0.0023913 secs] 180340K->43813K(494976K), 0.0024539 secs] [Times: user=0.00 sys=0.00, real=0.01 secs] 
2019-06-11T06:05:33.647+0000: 193.197: [GC (Allocation Failure) 2019-06-11T06:05:33.647+0000: 193.197: [DefNew: 136897K->334K(153600K), 0.0023683 secs] 180389K->43826K(494976K), 0.0024326 secs] [Times: user=0.00 sys=0.00, real=0.01 secs] 
2019-06-11T06:06:20.711+0000: 240.261: [GC (Allocation Failure) 2019-06-11T06:06:20.711+0000: 240.261: [DefNew: 136910K->331K(153600K), 0.0023836 secs] 180402K->43823K(494976K), 0.0024443 secs] [Times: user=0.00 sys=0.00, real=0.00 secs] 
2019-06-11T06:07:08.349+0000: 287.900: [GC (Allocation Failure) 2019-06-11T06:07:08.349+0000: 287.900: [DefNew: 136907K->339K(153600K), 0.0023296 secs] 180399K->43831K(494976K), 0.0024065 secs] [Times: user=0.00 sys=0.00, real=0.00 secs] 
2019-06-11T06:07:54.818+0000: 334.370: [GC (Allocation Failure) 2019-06-11T06:07:54.819+0000: 334.370: [DefNew: 136915K->336K(153600K), 0.0023928 secs] 180407K->43829K(494976K), 0.0031349 secs] [Times: user=0.00 sys=0.00, real=0.00 secs] 
2019-06-11T06:08:54.809+0000: 394.360: [GC (Allocation Failure) 2019-06-11T06:08:54.809+0000: 394.360: [DefNew: 136912K->339K(153600K), 0.0023140 secs] 180405K->43831K(494976K), 0.0023777 secs] [Times: user=0.01 sys=0.00, real=0.00 secs] 
2019-06-11T06:09:56.452+0000: 456.002: [GC (Allocation Failure) 2019-06-11T06:09:56.452+0000: 456.002: [DefNew: 136915K->341K(153600K), 0.0022513 secs] 180407K->43833K(494976K), 0.0023069 secs] [Times: user=0.00 sys=0.00, real=0.00 secs] 
2019-06-11T06:10:44.258+0000: 503.809: [GC (Allocation Failure) 2019-06-11T06:10:44.258+0000: 503.809: [DefNew: 136917K->343K(153600K), 0.0023169 secs] 180409K->43835K(494976K), 0.0023895 secs] [Times: user=0.00 sys=0.00, real=0.00 secs] 
2019-06-11T06:11:29.291+0000: 548.842: [GC (Allocation Failure) 2019-06-11T06:11:29.291+0000: 548.842: [DefNew: 136919K->345K(153600K), 0.0023211 secs] 180411K->43837K(494976K), 0.0023780 secs] [Times: user=0.00 sys=0.00, real=0.00 secs] 
2019-06-11T06:12:22.935+0000: 602.485: [GC (Allocation Failure) 2019-06-11T06:12:22.935+0000: 602.485: [DefNew: 136921K->346K(153600K), 0.0022829 secs] 180413K->43838K(494976K), 0.0023492 secs] [Times: user=0.00 sys=0.00, real=0.01 secs] 
2019-06-11T06:13:26.502+0000: 666.052: [GC (Allocation Failure) 2019-06-11T06:13:26.502+0000: 666.052: [DefNew: 136922K->340K(153600K), 0.0022424 secs] 180414K->43832K(494976K), 0.0023022 secs] [Times: user=0.00 sys=0.00, real=0.00 secs] 
2019-06-11T06:14:30.461+0000: 730.012: [GC (Allocation Failure) 2019-06-11T06:14:30.461+0000: 730.012: [DefNew: 136916K->341K(153600K), 0.0144663 secs] 180408K->43833K(494976K), 0.0145242 secs] [Times: user=0.02 sys=0.00, real=0.01 secs] 
2019-06-11T06:15:27.400+0000: 786.951: [GC (Allocation Failure) 2019-06-11T06:15:27.400+0000: 786.951: [DefNew: 136917K->344K(153600K), 0.0021926 secs] 180409K->43836K(494976K), 0.0022541 secs] [Times: user=0.00 sys=0.00, real=0.00 secs] 
2019-06-11T06:16:17.511+0000: 837.062: [GC (Allocation Failure) 2019-06-11T06:16:17.511+0000: 837.062: [DefNew: 136920K->126K(153600K), 0.0023081 secs] 180412K->43836K(494976K), 0.0023728 secs] [Times: user=0.01 sys=0.00, real=0.00 secs] 
2019-06-11T06:17:21.939+0000: 901.489: [GC (Allocation Failure) 2019-06-11T06:17:21.939+0000: 901.490: [DefNew: 136702K->124K(153600K), 0.0018659 secs] 180412K->43838K(494976K), 0.0019283 secs] [Times: user=0.00 sys=0.00, real=0.00 secs] 
2019-06-11T06:18:46.324+0000: 985.874: [GC (Allocation Failure) 2019-06-11T06:18:46.324+0000: 985.874: [DefNew: 136700K->77K(153600K), 0.0140389 secs] 180414K->43842K(494976K), 0.0141031 secs] [Times: user=0.02 sys=0.00, real=0.02 secs] 
2019-06-11T06:20:09.029+0000: 1068.579: [GC (Allocation Failure) 2019-06-11T06:20:09.029+0000: 1068.579: [DefNew: 136653K->61K(153600K), 0.0017314 secs] 180418K->43834K(494976K), 0.0017968 secs] [Times: user=0.00 sys=0.00, real=0.00 secs] 
2019-06-11T06:20:59.884+0000: 1119.435: [GC (Allocation Failure) 2019-06-11T06:20:59.884+0000: 1119.435: [DefNew: 136637K->60K(153600K), 0.0016460 secs] 180410K->43834K(494976K), 0.0016998 secs] [Times: user=0.01 sys=0.00, real=0.00 secs] 
2019-06-11T06:22:12.869+0000: 1192.419: [GC (Allocation Failure) 2019-06-11T06:22:12.869+0000: 1192.419: [DefNew: 136636K->61K(153600K), 0.0016573 secs] 180410K->43836K(494976K), 0.0017172 secs] [Times: user=0.00 sys=0.00, real=0.00 secs] 
2019-06-11T06:23:36.372+0000: 1275.922: [GC (Allocation Failure) 2019-06-11T06:23:36.372+0000: 1275.922: [DefNew: 136637K->98K(153600K), 0.0017649 secs] 180412K->43874K(494976K), 0.0018244 secs] [Times: user=0.00 sys=0.00, real=0.00 secs] 
2019-06-11T06:25:11.474+0000: 1371.025: [GC (Allocation Failure) 2019-06-11T06:25:11.474+0000: 1371.025: [DefNew: 136674K->101K(153600K), 0.0017395 secs] 180450K->43878K(494976K), 0.0018008 secs] [Times: user=0.00 sys=0.00, real=0.01 secs] 
2019-06-11T06:26:05.719+0000: 1425.270: [GC (Allocation Failure) 2019-06-11T06:26:05.719+0000: 1425.270: [DefNew: 136677K->102K(153600K), 0.0017326 secs] 180454K->43880K(494976K), 0.0017924 secs] [Times: user=0.01 sys=0.00, real=0.00 secs] 
2019-06-11T06:27:23.339+0000: 1502.890: [GC (Allocation Failure) 2019-06-11T06:27:23.339+0000: 1502.890: [DefNew: 136678K->105K(153600K), 0.0017574 secs] 180456K->43884K(494976K), 0.0018220 secs] [Times: user=0.00 sys=0.00, real=0.00 secs] 
2019-06-11T06:28:40.452+0000: 1580.003: [GC (Allocation Failure) 2019-06-11T06:28:40.452+0000: 1580.003: [DefNew: 136681K->105K(153600K), 0.0016850 secs] 180460K->43885K(494976K), 0.0017481 secs] [Times: user=0.00 sys=0.00, real=0.00 secs] 
2019-06-11T06:29:58.034+0000: 1657.584: [GC (Allocation Failure) 2019-06-11T06:29:58.034+0000: 1657.584: [DefNew: 136681K->106K(153600K), 0.0017036 secs] 180461K->43887K(494976K), 0.0017724 secs] [Times: user=0.00 sys=0.00, real=0.00 secs] 
2019-06-11T06:30:48.683+0000: 1708.233: [GC (Allocation Failure) 2019-06-11T06:30:48.683+0000: 1708.233: [DefNew: 136682K->108K(153600K), 0.0016996 secs] 180463K->43889K(494976K), 0.0017637 secs] [Times: user=0.00 sys=0.00, real=0.00 secs] 
2019-06-11T06:31:45.728+0000: 1765.278: [GC (Allocation Failure) 2019-06-11T06:31:45.728+0000: 1765.278: [DefNew: 136684K->108K(153600K), 0.0383411 secs] 180465K->43890K(494976K), 0.0384057 secs] [Times: user=0.02 sys=0.00, real=0.03 secs] 
2019-06-11T06:32:57.968+0000: 1837.519: [GC (Allocation Failure) 2019-06-11T06:32:57.968+0000: 1837.519: [DefNew: 136684K->107K(153600K), 0.0017085 secs] 180466K->43892K(494976K), 0.0017763 secs] [Times: user=0.00 sys=0.00, real=0.00 secs] 
2019-06-11T06:34:17.475+0000: 1917.026: [GC (Allocation Failure) 2019-06-11T06:34:17.475+0000: 1917.026: [DefNew: 136683K->110K(153600K), 0.0384953 secs] 180468K->43895K(494976K), 0.0385583 secs] [Times: user=0.02 sys=0.00, real=0.04 secs] 
2019-06-11T06:35:19.544+0000: 1979.094: [GC (Allocation Failure) 2019-06-11T06:35:19.544+0000: 1979.094: [DefNew: 136686K->109K(153600K), 0.0016665 secs] 180471K->43895K(494976K), 0.0017221 secs] [Times: user=0.01 sys=0.00, real=0.00 secs] 
2019-06-11T06:36:08.529+0000: 2028.079: [GC (Allocation Failure) 2019-06-11T06:36:08.529+0000: 2028.080: [DefNew: 136685K->95K(153600K), 0.0016975 secs] 180471K->43882K(494976K), 0.0017535 secs] [Times: user=0.00 sys=0.00, real=0.00 secs] 
2019-06-11T06:37:07.874+0000: 2087.425: [GC (Allocation Failure) 2019-06-11T06:37:07.874+0000: 2087.425: [DefNew: 136671K->95K(153600K), 0.0017252 secs] 180458K->43884K(494976K), 0.0017791 secs] [Times: user=0.00 sys=0.00, real=0.01 secs] 
2019-06-11T06:38:19.558+0000: 2159.109: [GC (Allocation Failure) 2019-06-11T06:38:19.558+0000: 2159.109: [DefNew: 136671K->96K(153600K), 0.0016637 secs] 180460K->43885K(494976K), 0.0017264 secs] [Times: user=0.00 sys=0.00, real=0.00 secs] 
2019-06-11T06:39:31.457+0000: 2231.007: [GC (Allocation Failure) 2019-06-11T06:39:31.457+0000: 2231.007: [DefNew: 136672K->98K(153600K), 0.0140228 secs] 180461K->43889K(494976K), 0.0140953 secs] [Times: user=0.02 sys=0.00, real=0.01 secs] 
2019-06-11T06:40:30.032+0000: 2289.582: [GC (Allocation Failure) 2019-06-11T06:40:30.032+0000: 2289.582: [DefNew: 136674K->64K(153600K), 0.0016969 secs] 180465K->43890K(494976K), 0.0017524 secs] [Times: user=0.00 sys=0.00, real=0.00 secs] 
2019-06-11T06:41:19.381+0000: 2338.932: [GC (Allocation Failure) 2019-06-11T06:41:19.381+0000: 2338.932: [DefNew: 136640K->61K(153600K), 0.0016607 secs] 180466K->43890K(494976K), 0.0017352 secs] [Times: user=0.00 sys=0.00, real=0.00 secs] 
2019-06-11T06:42:16.662+0000: 2396.212: [GC (Allocation Failure) 2019-06-11T06:42:16.662+0000: 2396.212: [DefNew: 136637K->61K(153600K), 0.0016662 secs] 180466K->43892K(494976K), 0.0017194 secs] [Times: user=0.00 sys=0.00, real=0.00 secs] 
2019-06-11T06:43:18.988+0000: 2458.539: [GC (Allocation Failure) 2019-06-11T06:43:18.988+0000: 2458.539: [DefNew: 136637K->62K(153600K), 0.0139991 secs] 180468K->43894K(494976K), 0.0140560 secs] [Times: user=0.01 sys=0.00, real=0.01 secs] 
2019-06-11T06:44:19.774+0000: 2519.324: [GC (Allocation Failure) 2019-06-11T06:44:19.774+0000: 2519.324: [DefNew: 136638K->61K(153600K), 0.0017975 secs] 180470K->43895K(494976K), 0.0018546 secs] [Times: user=0.00 sys=0.00, real=0.00 secs] 
2019-06-11T06:45:22.346+0000: 2581.896: [GC (Allocation Failure) 2019-06-11T06:45:22.346+0000: 2581.896: [DefNew: 136637K->63K(153600K), 0.0017187 secs] 180471K->43897K(494976K), 0.0017750 secs] [Times: user=0.00 sys=0.00, real=0.00 secs] 
2019-06-11T06:46:10.695+0000: 2630.245: [GC (Allocation Failure) 2019-06-11T06:46:10.695+0000: 2630.245: [DefNew: 136639K->64K(153600K), 0.0016431 secs] 180473K->43899K(494976K), 0.0016974 secs] [Times: user=0.01 sys=0.00, real=0.01 secs] 
2019-06-11T06:47:03.327+0000: 2682.878: [GC (Allocation Failure) 2019-06-11T06:47:03.327+0000: 2682.878: [DefNew: 136640K->64K(153600K), 0.0016874 secs] 180475K->43900K(494976K), 0.0017450 secs] [Times: user=0.00 sys=0.00, real=0.01 secs] 
2019-06-11T06:48:04.079+0000: 2743.629: [GC (Allocation Failure) 2019-06-11T06:48:04.079+0000: 2743.629: [DefNew: 136640K->65K(153600K), 0.0099227 secs] 180476K->43902K(494976K), 0.0099936 secs] [Times: user=0.01 sys=0.00, real=0.01 secs] 
2019-06-11T06:49:04.979+0000: 2804.529: [GC (Allocation Failure) 2019-06-11T06:49:04.979+0000: 2804.529: [DefNew: 136641K->66K(153600K), 0.0016645 secs] 180478K->43904K(494976K), 0.0017248 secs] [Times: user=0.01 sys=0.00, real=0.00 secs] 
2019-06-11T06:50:05.717+0000: 2865.267: [GC (Allocation Failure) 2019-06-11T06:50:05.717+0000: 2865.267: [DefNew: 136642K->67K(153600K), 0.0017105 secs] 180480K->43905K(494976K), 0.0017754 secs] [Times: user=0.00 sys=0.00, real=0.00 secs] 
2019-06-11T06:50:51.098+0000: 2910.648: [GC (Allocation Failure) 2019-06-11T06:50:51.098+0000: 2910.648: [DefNew: 136643K->67K(153600K), 0.0016217 secs] 180481K->43907K(494976K), 0.0016763 secs] [Times: user=0.00 sys=0.00, real=0.00 secs] 
2019-06-11T06:51:36.106+0000: 2955.656: [GC (Allocation Failure) 2019-06-11T06:51:36.106+0000: 2955.656: [DefNew: 136643K->67K(153600K), 0.0017446 secs] 180483K->43908K(494976K), 0.0018002 secs] [Times: user=0.00 sys=0.00, real=0.00 secs] 
2019-06-11T06:52:33.326+0000: 3012.877: [GC (Allocation Failure) 2019-06-11T06:52:33.326+0000: 3012.877: [DefNew: 136643K->68K(153600K), 0.0016951 secs] 180484K->43910K(494976K), 0.0017515 secs] [Times: user=0.00 sys=0.00, real=0.01 secs] 
2019-06-11T06:53:35.204+0000: 3074.754: [GC (Allocation Failure) 2019-06-11T06:53:35.204+0000: 3074.754: [DefNew: 136644K->57K(153600K), 0.0017168 secs] 180486K->43901K(494976K), 0.0017847 secs] [Times: user=0.00 sys=0.00, real=0.00 secs] 
2019-06-11T06:54:38.463+0000: 3138.013: [GC (Allocation Failure) 2019-06-11T06:54:38.463+0000: 3138.013: [DefNew: 136633K->58K(153600K), 0.0016725 secs] 180477K->43902K(494976K), 0.0017287 secs] [Times: user=0.00 sys=0.00, real=0.00 secs] 
2019-06-11T06:55:31.997+0000: 3191.547: [GC (Allocation Failure) 2019-06-11T06:55:31.997+0000: 3191.547: [DefNew: 136634K->59K(153600K), 0.0016586 secs] 180478K->43904K(494976K), 0.0017301 secs] [Times: user=0.00 sys=0.00, real=0.00 secs] 
2019-06-11T06:56:17.619+0000: 3237.170: [GC (Allocation Failure) 2019-06-11T06:56:17.619+0000: 3237.170: [DefNew: 136635K->59K(153600K), 0.0016359 secs] 180480K->43904K(494976K), 0.0016928 secs] [Times: user=0.00 sys=0.00, real=0.00 secs] 
2019-06-11T06:57:12.267+0000: 3291.817: [GC (Allocation Failure) 2019-06-11T06:57:12.267+0000: 3291.817: [DefNew: 136635K->60K(153600K), 0.0016579 secs] 180480K->43907K(494976K), 0.0017112 secs] [Times: user=0.00 sys=0.00, real=0.01 secs] 
2019-06-11T06:58:16.997+0000: 3356.547: [GC (Allocation Failure) 2019-06-11T06:58:16.997+0000: 3356.547: [DefNew: 136636K->61K(153600K), 0.0017269 secs] 180483K->43908K(494976K), 0.0017816 secs] [Times: user=0.00 sys=0.00, real=0.00 secs] 
2019-06-11T06:59:24.139+0000: 3423.690: [GC (Allocation Failure) 2019-06-11T06:59:24.139+0000: 3423.690: [DefNew: 136637K->63K(153600K), 0.0098371 secs] 180484K->43911K(494976K), 0.0099088 secs] [Times: user=0.00 sys=0.01, real=0.01 secs] 
2019-06-11T07:00:23.594+0000: 3483.144: [GC (Allocation Failure) 2019-06-11T07:00:23.594+0000: 3483.144: [DefNew: 136639K->64K(153600K), 0.0016842 secs] 180487K->43913K(494976K), 0.0017397 secs] [Times: user=0.00 sys=0.00, real=0.00 secs] 
2019-06-11T07:01:12.778+0000: 3532.328: [GC (Allocation Failure) 2019-06-11T07:01:12.778+0000: 3532.328: [DefNew: 136640K->63K(153600K), 0.0017334 secs] 180489K->43913K(494976K), 0.0017885 secs] [Times: user=0.00 sys=0.00, real=0.00 secs] 
2019-06-11T07:02:10.976+0000: 3590.527: [GC (Allocation Failure) 2019-06-11T07:02:10.976+0000: 3590.527: [DefNew: 136639K->63K(153600K), 0.0016923 secs] 180489K->43914K(494976K), 0.0017480 secs] [Times: user=0.00 sys=0.00, real=0.00 secs] 
2019-06-11T07:03:18.011+0000: 3657.562: [GC (Allocation Failure) 2019-06-11T07:03:18.011+0000: 3657.562: [DefNew: 136639K->121K(153600K), 0.0140097 secs] 180490K->43973K(494976K), 0.0140826 secs] [Times: user=0.02 sys=0.00, real=0.01 secs] 
07:03:53.163 [Curator-PathChildrenCache-0] ERROR o.a.c.f.r.c.PathChildrenCache  - 
java.lang.IllegalStateException: instance must be started before calling this method
	at org.apache.curator.shaded.com.google.common.base.Preconditions.checkState(Preconditions.java:444)
	at org.apache.curator.framework.imps.CuratorFrameworkImpl.getChildren(CuratorFrameworkImpl.java:456)
	at org.apache.curator.framework.recipes.cache.PathChildrenCache.refresh(PathChildrenCache.java:521)
	at org.apache.curator.framework.recipes.cache.RefreshOperation.invoke(RefreshOperation.java:35)
	at org.apache.curator.framework.recipes.cache.PathChildrenCache$9.run(PathChildrenCache.java:786)
	at java.util.concurrent.Executors$RunnableAdapter.call(Executors.java:511)
	at java.util.concurrent.FutureTask.run(FutureTask.java:266)
	at java.util.concurrent.Executors$RunnableAdapter.call(Executors.java:511)
	at java.util.concurrent.FutureTask.run(FutureTask.java:266)
	at java.util.concurrent.ThreadPoolExecutor.runWorker(ThreadPoolExecutor.java:1149)
	at java.util.concurrent.ThreadPoolExecutor$Worker.run(ThreadPoolExecutor.java:624)
	at java.lang.Thread.run(Thread.java:748)
07:03:54.228 [worker-akka.actor.default-dispatcher-14] ERROR a.r.a.Association(akka://worker) akka.remote.artery.Association(akka://worker) - Outbound control stream to [akka://worker@10.0.0.34:5412] failed after shutdown. 
akka.remote.artery.Association$OutboundStreamStopQuarantinedSignal$: 
07:03:54.228 [worker-akka.actor.default-dispatcher-14] ERROR a.r.a.Association(akka://worker) akka.remote.artery.Association(akka://worker) - Outbound message stream to [akka://worker@10.0.0.34:5412] failed after shutdown. 
akka.remote.artery.Association$OutboundStreamStopQuarantinedSignal$: 
Heap
 def new generation   total 153600K, used 64430K [0x00000000e0c00000, 0x00000000eb2a0000, 0x00000000eb2a0000)
  eden space 136576K,  47% used [0x00000000e0c00000, 0x00000000e4acd410, 0x00000000e9160000)
  from space 17024K,   0% used [0x00000000e9160000, 0x00000000e917e498, 0x00000000ea200000)
  to   space 17024K,   0% used [0x00000000ea200000, 0x00000000ea200000, 0x00000000eb2a0000)
 tenured generation   total 341376K, used 43851K [0x00000000eb2a0000, 0x0000000100000000, 0x0000000100000000)
   the space 341376K,  12% used [0x00000000eb2a0000, 0x00000000edd72f80, 0x00000000edd73000, 0x0000000100000000)
 Metaspace       used 36548K, capacity 37472K, committed 37632K, reserved 1081344K
  class space    used 4890K, capacity 5106K, committed 5120K, reserved 1048576K
