22:49:43,007 |-INFO in ch.qos.logback.classic.LoggerContext[default] - Could NOT find resource [logback-test.xml]
22:49:43,007 |-INFO in ch.qos.logback.classic.LoggerContext[default] - Could NOT find resource [logback.groovy]
22:49:43,007 |-INFO in ch.qos.logback.classic.LoggerContext[default] - Found resource [logback.xml] at [jar:file:/home/nikitasokolov/flamestream/lib/flamestream-runtime-1.0-SNAPSHOT.jar!/logback.xml]
22:49:43,008 |-WARN in ch.qos.logback.classic.LoggerContext[default] - Resource [logback.xml] occurs multiple times on the classpath.
22:49:43,008 |-WARN in ch.qos.logback.classic.LoggerContext[default] - Resource [logback.xml] occurs at [jar:file:/home/nikitasokolov/flamestream/lib/flamestream-runtime-1.0-SNAPSHOT.jar!/logback.xml]
22:49:43,008 |-WARN in ch.qos.logback.classic.LoggerContext[default] - Resource [logback.xml] occurs at [jar:file:/home/nikitasokolov/flamestream/flamestream-runtime-1.0-SNAPSHOT.jar!/logback.xml]
22:49:43,023 |-INFO in ch.qos.logback.core.joran.spi.ConfigurationWatchList@6aaa5eb0 - URL [jar:file:/home/nikitasokolov/flamestream/lib/flamestream-runtime-1.0-SNAPSHOT.jar!/logback.xml] is not of type file
22:49:43,074 |-INFO in ch.qos.logback.classic.joran.action.ConfigurationAction - debug attribute not set
22:49:43,075 |-INFO in ch.qos.logback.core.joran.action.AppenderAction - About to instantiate appender of type [ch.qos.logback.core.ConsoleAppender]
22:49:43,082 |-INFO in ch.qos.logback.core.joran.action.AppenderAction - Naming appender as [STDOUT]
22:49:43,090 |-INFO in ch.qos.logback.core.joran.action.NestedComplexPropertyIA - Assuming default type [ch.qos.logback.classic.encoder.PatternLayoutEncoder] for [encoder] property
22:49:43,144 |-INFO in ch.qos.logback.core.joran.action.AppenderAction - About to instantiate appender of type [ch.qos.logback.core.rolling.RollingFileAppender]
22:49:43,149 |-INFO in ch.qos.logback.core.joran.action.AppenderAction - Naming appender as [FILE]
22:49:43,171 |-INFO in c.q.l.core.rolling.TimeBasedRollingPolicy@3447021 - No compression will be used
22:49:43,172 |-INFO in c.q.l.core.rolling.TimeBasedRollingPolicy@3447021 - Will use the pattern /tmp/application_%d{yyyy-MM-dd}.%i.log for the active file
22:49:43,175 |-INFO in ch.qos.logback.core.rolling.SizeAndTimeBasedFNATP@1a407d53 - The date pattern is 'yyyy-MM-dd' from file name pattern '/tmp/application_%d{yyyy-MM-dd}.%i.log'.
22:49:43,175 |-INFO in ch.qos.logback.core.rolling.SizeAndTimeBasedFNATP@1a407d53 - Roll-over at midnight.
22:49:43,179 |-INFO in ch.qos.logback.core.rolling.SizeAndTimeBasedFNATP@1a407d53 - Setting initial period to Thu Jun 06 22:00:24 MSK 2019
22:49:43,179 |-WARN in ch.qos.logback.core.rolling.SizeAndTimeBasedFNATP@1a407d53 - SizeAndTimeBasedFNATP is deprecated. Use SizeAndTimeBasedRollingPolicy instead
22:49:43,179 |-WARN in ch.qos.logback.core.rolling.SizeAndTimeBasedFNATP@1a407d53 - For more information see http://logback.qos.ch/manual/appenders.html#SizeAndTimeBasedRollingPolicy
22:49:43,183 |-INFO in ch.qos.logback.core.joran.action.NestedComplexPropertyIA - Assuming default type [ch.qos.logback.classic.encoder.PatternLayoutEncoder] for [encoder] property
22:49:43,185 |-INFO in ch.qos.logback.core.rolling.RollingFileAppender[FILE] - Active log file name: /tmp/application.log
22:49:43,185 |-INFO in ch.qos.logback.core.rolling.RollingFileAppender[FILE] - File property is set to [/tmp/application.log]
22:49:43,186 |-ERROR in ch.qos.logback.core.rolling.RollingFileAppender[FILE] - openFile(/tmp/application.log,true) call failed. java.io.FileNotFoundException: /tmp/application.log (Permission denied)
	at java.io.FileNotFoundException: /tmp/application.log (Permission denied)
	at 	at java.io.FileOutputStream.open0(Native Method)
	at 	at java.io.FileOutputStream.open(FileOutputStream.java:270)
	at 	at java.io.FileOutputStream.<init>(FileOutputStream.java:213)
	at 	at ch.qos.logback.core.recovery.ResilientFileOutputStream.<init>(ResilientFileOutputStream.java:26)
	at 	at ch.qos.logback.core.FileAppender.openFile(FileAppender.java:204)
	at 	at ch.qos.logback.core.FileAppender.start(FileAppender.java:127)
	at 	at ch.qos.logback.core.rolling.RollingFileAppender.start(RollingFileAppender.java:100)
	at 	at ch.qos.logback.core.joran.action.AppenderAction.end(AppenderAction.java:90)
	at 	at ch.qos.logback.core.joran.spi.Interpreter.callEndAction(Interpreter.java:309)
	at 	at ch.qos.logback.core.joran.spi.Interpreter.endElement(Interpreter.java:193)
	at 	at ch.qos.logback.core.joran.spi.Interpreter.endElement(Interpreter.java:179)
	at 	at ch.qos.logback.core.joran.spi.EventPlayer.play(EventPlayer.java:62)
	at 	at ch.qos.logback.core.joran.GenericConfigurator.doConfigure(GenericConfigurator.java:165)
	at 	at ch.qos.logback.core.joran.GenericConfigurator.doConfigure(GenericConfigurator.java:152)
	at 	at ch.qos.logback.core.joran.GenericConfigurator.doConfigure(GenericConfigurator.java:110)
	at 	at ch.qos.logback.core.joran.GenericConfigurator.doConfigure(GenericConfigurator.java:53)
	at 	at ch.qos.logback.classic.util.ContextInitializer.configureByResource(ContextInitializer.java:75)
	at 	at ch.qos.logback.classic.util.ContextInitializer.autoConfig(ContextInitializer.java:150)
	at 	at org.slf4j.impl.StaticLoggerBinder.init(StaticLoggerBinder.java:84)
	at 	at org.slf4j.impl.StaticLoggerBinder.<clinit>(StaticLoggerBinder.java:55)
	at 	at org.slf4j.LoggerFactory.bind(LoggerFactory.java:150)
	at 	at org.slf4j.LoggerFactory.performInitialization(LoggerFactory.java:124)
	at 	at org.slf4j.LoggerFactory.getILoggerFactory(LoggerFactory.java:412)
	at 	at org.slf4j.LoggerFactory.getLogger(LoggerFactory.java:357)
	at 	at org.slf4j.LoggerFactory.getLogger(LoggerFactory.java:383)
	at 	at com.spbsu.flamestream.runtime.WorkerApplication.<init>(WorkerApplication.java:26)
	at 	at com.spbsu.flamestream.runtime.WorkerApplication.main(WorkerApplication.java:68)
22:49:43,187 |-INFO in ch.qos.logback.classic.joran.action.RootLoggerAction - Setting level of ROOT logger to WARN
22:49:43,187 |-INFO in ch.qos.logback.core.joran.action.AppenderRefAction - Attaching appender named [STDOUT] to Logger[ROOT]
22:49:43,187 |-INFO in ch.qos.logback.core.joran.action.AppenderRefAction - Attaching appender named [FILE] to Logger[ROOT]
22:49:43,187 |-INFO in ch.qos.logback.classic.joran.action.ConfigurationAction - End of configuration.
22:49:43,188 |-INFO in ch.qos.logback.classic.joran.JoranConfigurator@21bcffb5 - Registering current configuration as safe fallback point

Ama winner
Ama winner
2019-06-08T22:49:44.204+0300: 1.392: [GC (Metadata GC Threshold) [PSYoungGen: 92676K->15940K(149504K)] 92676K->16020K(491008K), 0.0214605 secs] [Times: user=0.12 sys=0.03, real=0.02 secs] 
2019-06-08T22:49:44.226+0300: 1.413: [Full GC (Metadata GC Threshold) [PSYoungGen: 15940K->0K(149504K)] [ParOldGen: 80K->15102K(341504K)] 16020K->15102K(491008K), [Metaspace: 20804K->20804K(1067008K)], 0.0266566 secs] [Times: user=0.16 sys=0.01, real=0.03 secs] 
22:49:52.950 [Curator-PathChildrenCache-2] WARN  o.a.c.u.ZKPaths  - The version of ZooKeeper being used doesn't support Container nodes. CreateMode.PERSISTENT will be used instead.
2019-06-08T22:49:53.609+0300: 10.796: [GC (Allocation Failure) [PSYoungGen: 128512K->16870K(149504K)] 143614K->51512K(491008K), 0.0262015 secs] [Times: user=0.21 sys=0.01, real=0.03 secs] 
2019-06-08T22:49:53.663+0300: 10.850: [GC (Metadata GC Threshold) [PSYoungGen: 26603K->6482K(149504K)] 61245K->41132K(491008K), 0.0039711 secs] [Times: user=0.03 sys=0.00, real=0.01 secs] 
2019-06-08T22:49:53.667+0300: 10.854: [Full GC (Metadata GC Threshold) [PSYoungGen: 6482K->0K(149504K)] [ParOldGen: 34650K->30246K(341504K)] 41132K->30246K(491008K), [Metaspace: 34474K->34472K(1079296K)], 0.0339131 secs] [Times: user=0.19 sys=0.01, real=0.03 secs] 
2019-06-08T22:49:55.913+0300: 13.100: [GC (Allocation Failure) [PSYoungGen: 128512K->608K(149504K)] 158758K->30862K(491008K), 0.0041478 secs] [Times: user=0.01 sys=0.00, real=0.00 secs] 
2019-06-08T22:49:58.512+0300: 15.699: [GC (Allocation Failure) [PSYoungGen: 129120K->640K(129536K)] 159374K->30902K(471040K), 0.0716527 secs] [Times: user=0.02 sys=0.00, real=0.07 secs] 
2019-06-08T22:50:01.147+0300: 18.334: [GC (Allocation Failure) [PSYoungGen: 129152K->672K(148480K)] 159414K->30942K(489984K), 0.0043191 secs] [Times: user=0.03 sys=0.00, real=0.00 secs] 
2019-06-08T22:50:03.704+0300: 20.891: [GC (Allocation Failure) [PSYoungGen: 126624K->800K(147968K)] 156894K->31078K(489472K), 0.0575963 secs] [Times: user=0.02 sys=0.02, real=0.06 secs] 
2019-06-08T22:50:06.312+0300: 23.499: [GC (Allocation Failure) [PSYoungGen: 126752K->480K(149504K)] 157030K->31182K(491008K), 0.0027366 secs] [Times: user=0.00 sys=0.01, real=0.01 secs] 
2019-06-08T22:50:08.952+0300: 26.139: [GC (Allocation Failure) [PSYoungGen: 128480K->384K(148992K)] 159182K->31190K(490496K), 0.0647847 secs] [Times: user=0.02 sys=0.02, real=0.07 secs] 
2019-06-08T22:50:11.593+0300: 28.780: [GC (Allocation Failure) [PSYoungGen: 128384K->544K(151040K)] 159190K->31350K(492544K), 0.0028502 secs] [Times: user=0.01 sys=0.00, real=0.00 secs] 
2019-06-08T22:50:14.280+0300: 31.467: [GC (Allocation Failure) [PSYoungGen: 131616K->576K(150528K)] 162422K->31390K(492032K), 0.0694200 secs] [Times: user=0.02 sys=0.00, real=0.07 secs] 
2019-06-08T22:50:16.973+0300: 34.160: [GC (Allocation Failure) [PSYoungGen: 131648K->544K(153088K)] 162462K->31358K(494592K), 0.0025179 secs] [Times: user=0.01 sys=0.00, real=0.00 secs] 
2019-06-08T22:50:19.769+0300: 36.956: [GC (Allocation Failure) [PSYoungGen: 135200K->640K(152064K)] 166014K->31454K(493568K), 0.0024095 secs] [Times: user=0.00 sys=0.00, real=0.00 secs] 
2019-06-08T22:50:22.533+0300: 39.720: [GC (Allocation Failure) [PSYoungGen: 135296K->736K(154624K)] 166110K->31550K(496128K), 0.0027037 secs] [Times: user=0.01 sys=0.00, real=0.00 secs] 
2019-06-08T22:50:25.369+0300: 42.556: [GC (Allocation Failure) [PSYoungGen: 138464K->640K(153600K)] 169278K->31462K(495104K), 0.0027870 secs] [Times: user=0.01 sys=0.01, real=0.00 secs] 
2019-06-08T22:50:28.202+0300: 45.389: [GC (Allocation Failure) [PSYoungGen: 138368K->768K(156160K)] 169190K->31590K(497664K), 0.0040059 secs] [Times: user=0.03 sys=0.00, real=0.01 secs] 
2019-06-08T22:50:31.136+0300: 48.323: [GC (Allocation Failure) [PSYoungGen: 142080K->736K(155648K)] 172902K->31558K(497152K), 0.0027020 secs] [Times: user=0.01 sys=0.00, real=0.00 secs] 
2019-06-08T22:50:34.052+0300: 51.239: [GC (Allocation Failure) [PSYoungGen: 142048K->800K(157696K)] 172870K->31622K(499200K), 0.0019851 secs] [Times: user=0.01 sys=0.00, real=0.01 secs] 
2019-06-08T22:50:37.036+0300: 54.223: [GC (Allocation Failure) [PSYoungGen: 145184K->704K(157184K)] 176006K->31534K(498688K), 0.0026781 secs] [Times: user=0.00 sys=0.01, real=0.00 secs] 
2019-06-08T22:50:40.018+0300: 57.205: [GC (Allocation Failure) [PSYoungGen: 145088K->640K(159232K)] 175918K->31470K(500736K), 0.0025228 secs] [Times: user=0.01 sys=0.00, real=0.00 secs] 
2019-06-08T22:50:43.093+0300: 60.291: [GC (Allocation Failure) [PSYoungGen: 148096K->736K(158720K)] 178926K->31614K(500224K), 0.0192450 secs] [Times: user=0.07 sys=0.01, real=0.02 secs] 
22:50:54.418 [Curator-PathChildrenCache-0] ERROR o.a.c.f.r.c.PathChildrenCache  - 
java.lang.IllegalStateException: instance must be started before calling this method
	at org.apache.curator.shaded.com.google.common.base.Preconditions.checkState(Preconditions.java:444)
	at org.apache.curator.framework.imps.CuratorFrameworkImpl.getChildren(CuratorFrameworkImpl.java:456)
	at org.apache.curator.framework.recipes.cache.PathChildrenCache.refresh(PathChildrenCache.java:521)
	at org.apache.curator.framework.recipes.cache.RefreshOperation.invoke(RefreshOperation.java:35)
	at org.apache.curator.framework.recipes.cache.PathChildrenCache$9.run(PathChildrenCache.java:786)
	at java.util.concurrent.Executors$RunnableAdapter.call(Executors.java:511)
	at java.util.concurrent.FutureTask.run(FutureTask.java:266)
	at java.util.concurrent.Executors$RunnableAdapter.call(Executors.java:511)
	at java.util.concurrent.FutureTask.run(FutureTask.java:266)
	at java.util.concurrent.ThreadPoolExecutor.runWorker(ThreadPoolExecutor.java:1149)
	at java.util.concurrent.ThreadPoolExecutor$Worker.run(ThreadPoolExecutor.java:624)
	at java.lang.Thread.run(Thread.java:748)
22:50:54.506 [worker-akka.actor.default-dispatcher-13] ERROR c.s.f.r.WorkerApplication  - Something went wrong during trace flush
java.nio.file.AccessDeniedException: /tmp/trace.csv
	at sun.nio.fs.UnixException.translateToIOException(UnixException.java:84)
	at sun.nio.fs.UnixException.rethrowAsIOException(UnixException.java:102)
	at sun.nio.fs.UnixException.rethrowAsIOException(UnixException.java:107)
	at sun.nio.fs.UnixFileSystemProvider.newByteChannel(UnixFileSystemProvider.java:214)
	at java.nio.file.spi.FileSystemProvider.newOutputStream(FileSystemProvider.java:434)
	at java.nio.file.Files.newOutputStream(Files.java:216)
	at java.nio.file.Files.newBufferedWriter(Files.java:2860)
	at java.nio.file.Files.newBufferedWriter(Files.java:2896)
	at com.spbsu.flamestream.runtime.utils.tracing.Tracing.flush(Tracing.java:35)
	at com.spbsu.flamestream.runtime.WorkerApplication.lambda$run$0(WorkerApplication.java:109)
	at akka.actor.ActorSystemImpl$TerminationCallbacks$$anonfun$addRec$1$1.applyOrElse(ActorSystem.scala:1036)
	at akka.actor.ActorSystemImpl$TerminationCallbacks$$anonfun$addRec$1$1.applyOrElse(ActorSystem.scala:1036)
	at scala.concurrent.Future$$anonfun$andThen$1.apply(Future.scala:436)
	at scala.concurrent.Future$$anonfun$andThen$1.apply(Future.scala:435)
	at scala.concurrent.impl.CallbackRunnable.run(Promise.scala:36)
	at akka.dispatch.BatchingExecutor$AbstractBatch.processBatch(BatchingExecutor.scala:55)
	at akka.dispatch.BatchingExecutor$BlockableBatch$$anonfun$run$1.apply$mcV$sp(BatchingExecutor.scala:91)
	at akka.dispatch.BatchingExecutor$BlockableBatch$$anonfun$run$1.apply(BatchingExecutor.scala:91)
	at akka.dispatch.BatchingExecutor$BlockableBatch$$anonfun$run$1.apply(BatchingExecutor.scala:91)
	at scala.concurrent.BlockContext$.withBlockContext(BlockContext.scala:72)
	at akka.dispatch.BatchingExecutor$BlockableBatch.run(BatchingExecutor.scala:90)
	at akka.dispatch.TaskInvocation.run(AbstractDispatcher.scala:40)
	at akka.dispatch.ForkJoinExecutorConfigurator$AkkaForkJoinTask.exec(ForkJoinExecutorConfigurator.scala:44)
	at akka.dispatch.forkjoin.ForkJoinTask.doExec(ForkJoinTask.java:260)
	at akka.dispatch.forkjoin.ForkJoinPool$WorkQueue.runTask(ForkJoinPool.java:1339)
	at akka.dispatch.forkjoin.ForkJoinPool.runWorker(ForkJoinPool.java:1979)
	at akka.dispatch.forkjoin.ForkJoinWorkerThread.run(ForkJoinWorkerThread.java:107)
Heap
 PSYoungGen      total 158720K, used 138423K [0x00000000f5980000, 0x0000000100000000, 0x0000000100000000)
  eden space 147456K, 93% used [0x00000000f5980000,0x00000000fdff5cf0,0x00000000fe980000)
  from space 11264K, 6% used [0x00000000fe980000,0x00000000fea380c0,0x00000000ff480000)
  to   space 10752K, 0% used [0x00000000ff580000,0x00000000ff580000,0x0000000100000000)
 ParOldGen       total 341504K, used 30878K [0x00000000e0c00000, 0x00000000f5980000, 0x00000000f5980000)
  object space 341504K, 9% used [0x00000000e0c00000,0x00000000e2a278a0,0x00000000f5980000)
 Metaspace       used 36483K, capacity 37413K, committed 37464K, reserved 1081344K
  class space    used 5025K, capacity 5219K, committed 5248K, reserved 1048576K
