04:44:18,450 |-INFO in ch.qos.logback.classic.LoggerContext[default] - Could NOT find resource [logback-test.xml]
04:44:18,450 |-INFO in ch.qos.logback.classic.LoggerContext[default] - Could NOT find resource [logback.groovy]
04:44:18,450 |-INFO in ch.qos.logback.classic.LoggerContext[default] - Found resource [logback.xml] at [jar:file:/home/nikitasokolov/flamestream/lib/flamestream-runtime-1.0-SNAPSHOT.jar!/logback.xml]
04:44:18,451 |-WARN in ch.qos.logback.classic.LoggerContext[default] - Resource [logback.xml] occurs multiple times on the classpath.
04:44:18,451 |-WARN in ch.qos.logback.classic.LoggerContext[default] - Resource [logback.xml] occurs at [jar:file:/home/nikitasokolov/flamestream/lib/flamestream-runtime-1.0-SNAPSHOT.jar!/logback.xml]
04:44:18,451 |-WARN in ch.qos.logback.classic.LoggerContext[default] - Resource [logback.xml] occurs at [jar:file:/home/nikitasokolov/flamestream/flamestream-runtime-1.0-SNAPSHOT.jar!/logback.xml]
04:44:18,467 |-INFO in ch.qos.logback.core.joran.spi.ConfigurationWatchList@6108b2d7 - URL [jar:file:/home/nikitasokolov/flamestream/lib/flamestream-runtime-1.0-SNAPSHOT.jar!/logback.xml] is not of type file
04:44:18,521 |-INFO in ch.qos.logback.classic.joran.action.ConfigurationAction - debug attribute not set
04:44:18,521 |-INFO in ch.qos.logback.core.joran.action.AppenderAction - About to instantiate appender of type [ch.qos.logback.core.ConsoleAppender]
04:44:18,529 |-INFO in ch.qos.logback.core.joran.action.AppenderAction - Naming appender as [STDOUT]
04:44:18,536 |-INFO in ch.qos.logback.core.joran.action.NestedComplexPropertyIA - Assuming default type [ch.qos.logback.classic.encoder.PatternLayoutEncoder] for [encoder] property
04:44:18,595 |-INFO in ch.qos.logback.core.joran.action.AppenderAction - About to instantiate appender of type [ch.qos.logback.core.rolling.RollingFileAppender]
04:44:18,600 |-INFO in ch.qos.logback.core.joran.action.AppenderAction - Naming appender as [FILE]
04:44:18,622 |-INFO in c.q.l.core.rolling.TimeBasedRollingPolicy@357863579 - No compression will be used
04:44:18,623 |-INFO in c.q.l.core.rolling.TimeBasedRollingPolicy@357863579 - Will use the pattern /tmp/application_%d{yyyy-MM-dd}.%i.log for the active file
04:44:18,626 |-INFO in ch.qos.logback.core.rolling.SizeAndTimeBasedFNATP@6bf256fa - The date pattern is 'yyyy-MM-dd' from file name pattern '/tmp/application_%d{yyyy-MM-dd}.%i.log'.
04:44:18,626 |-INFO in ch.qos.logback.core.rolling.SizeAndTimeBasedFNATP@6bf256fa - Roll-over at midnight.
04:44:18,630 |-INFO in ch.qos.logback.core.rolling.SizeAndTimeBasedFNATP@6bf256fa - Setting initial period to Sun Jun 09 04:43:30 MSK 2019
04:44:18,630 |-WARN in ch.qos.logback.core.rolling.SizeAndTimeBasedFNATP@6bf256fa - SizeAndTimeBasedFNATP is deprecated. Use SizeAndTimeBasedRollingPolicy instead
04:44:18,630 |-WARN in ch.qos.logback.core.rolling.SizeAndTimeBasedFNATP@6bf256fa - For more information see http://logback.qos.ch/manual/appenders.html#SizeAndTimeBasedRollingPolicy
04:44:18,634 |-INFO in ch.qos.logback.core.joran.action.NestedComplexPropertyIA - Assuming default type [ch.qos.logback.classic.encoder.PatternLayoutEncoder] for [encoder] property
04:44:18,636 |-INFO in ch.qos.logback.core.rolling.RollingFileAppender[FILE] - Active log file name: /tmp/application.log
04:44:18,636 |-INFO in ch.qos.logback.core.rolling.RollingFileAppender[FILE] - File property is set to [/tmp/application.log]
04:44:18,637 |-INFO in ch.qos.logback.classic.joran.action.RootLoggerAction - Setting level of ROOT logger to WARN
04:44:18,637 |-INFO in ch.qos.logback.core.joran.action.AppenderRefAction - Attaching appender named [STDOUT] to Logger[ROOT]
04:44:18,638 |-INFO in ch.qos.logback.core.joran.action.AppenderRefAction - Attaching appender named [FILE] to Logger[ROOT]
04:44:18,638 |-INFO in ch.qos.logback.classic.joran.action.ConfigurationAction - End of configuration.
04:44:18,639 |-INFO in ch.qos.logback.classic.joran.JoranConfigurator@6cd8737 - Registering current configuration as safe fallback point

2019-06-09T04:44:19.609+0300: 1.355: [GC (Metadata GC Threshold) [PSYoungGen: 110722K->15793K(149504K)] 110722K->15873K(491008K), 0.0291778 secs] [Times: user=0.08 sys=0.04, real=0.04 secs] 
2019-06-09T04:44:19.639+0300: 1.385: [Full GC (Metadata GC Threshold) [PSYoungGen: 15793K->0K(149504K)] [ParOldGen: 80K->15078K(341504K)] 15873K->15078K(491008K), [Metaspace: 20800K->20800K(1067008K)], 0.0303778 secs] [Times: user=0.18 sys=0.01, real=0.02 secs] 
04:44:31.436 [Curator-PathChildrenCache-1] WARN  o.a.c.u.ZKPaths  - The version of ZooKeeper being used doesn't support Container nodes. CreateMode.PERSISTENT will be used instead.
2019-06-09T04:44:32.342+0300: 14.088: [GC (Metadata GC Threshold) [PSYoungGen: 125622K->15690K(149504K)] 140701K->50308K(491008K), 0.0358920 secs] [Times: user=0.29 sys=0.02, real=0.04 secs] 
2019-06-09T04:44:32.378+0300: 14.124: [Full GC (Metadata GC Threshold) [PSYoungGen: 15690K->0K(149504K)] [ParOldGen: 34617K->38719K(341504K)] 50308K->38719K(491008K), [Metaspace: 34573K->34573K(1079296K)], 0.0582102 secs] [Times: user=0.35 sys=0.03, real=0.05 secs] 
2019-06-09T04:44:34.387+0300: 16.133: [GC (Allocation Failure) [PSYoungGen: 128512K->480K(149504K)] 167231K->39207K(491008K), 0.0030198 secs] [Times: user=0.02 sys=0.00, real=0.01 secs] 
2019-06-09T04:44:36.850+0300: 18.596: [GC (Allocation Failure) [PSYoungGen: 128992K->448K(149504K)] 167719K->39183K(491008K), 0.0038050 secs] [Times: user=0.02 sys=0.01, real=0.00 secs] 
2019-06-09T04:44:39.291+0300: 21.038: [GC (Allocation Failure) [PSYoungGen: 128960K->416K(129024K)] 167695K->39159K(470528K), 0.0040197 secs] [Times: user=0.02 sys=0.00, real=0.00 secs] 
2019-06-09T04:44:41.788+0300: 23.534: [GC (Allocation Failure) [PSYoungGen: 128928K->544K(150016K)] 167671K->39295K(491520K), 0.0045385 secs] [Times: user=0.03 sys=0.01, real=0.01 secs] 
2019-06-09T04:44:44.271+0300: 26.017: [GC (Allocation Failure) [PSYoungGen: 129056K->544K(148992K)] 167807K->39295K(490496K), 0.0038288 secs] [Times: user=0.01 sys=0.00, real=0.00 secs] 
2019-06-09T04:44:46.768+0300: 28.514: [GC (Allocation Failure) [PSYoungGen: 129056K->512K(152064K)] 167807K->39271K(493568K), 0.0035497 secs] [Times: user=0.01 sys=0.00, real=0.01 secs] 
2019-06-09T04:44:49.375+0300: 31.121: [GC (Allocation Failure) [PSYoungGen: 133120K->448K(151040K)] 171879K->39215K(492544K), 0.0030018 secs] [Times: user=0.01 sys=0.01, real=0.01 secs] 
2019-06-09T04:44:51.913+0300: 33.659: [GC (Allocation Failure) [PSYoungGen: 133056K->416K(153600K)] 171823K->39183K(495104K), 0.0040641 secs] [Times: user=0.02 sys=0.00, real=0.00 secs] 
2019-06-09T04:44:54.567+0300: 36.368: [GC (Allocation Failure) [PSYoungGen: 136096K->512K(152576K)] 174863K->39287K(494080K), 0.0586223 secs] [Times: user=0.02 sys=0.01, real=0.06 secs] 
2019-06-09T04:44:57.161+0300: 38.907: [GC (Allocation Failure) [PSYoungGen: 136192K->512K(155136K)] 174967K->39287K(496640K), 0.0025925 secs] [Times: user=0.01 sys=0.00, real=0.00 secs] 
2019-06-09T04:44:59.882+0300: 41.628: [GC (Allocation Failure) [PSYoungGen: 139264K->448K(154112K)] 178039K->39223K(495616K), 0.0030868 secs] [Times: user=0.01 sys=0.00, real=0.00 secs] 
2019-06-09T04:45:02.583+0300: 44.329: [GC (Allocation Failure) [PSYoungGen: 139200K->384K(156672K)] 177975K->39167K(498176K), 0.0042856 secs] [Times: user=0.02 sys=0.00, real=0.00 secs] 
2019-06-09T04:45:05.323+0300: 47.069: [GC (Allocation Failure) [PSYoungGen: 142208K->448K(155648K)] 180991K->39239K(497152K), 0.0028619 secs] [Times: user=0.00 sys=0.01, real=0.00 secs] 
2019-06-09T04:45:08.093+0300: 49.839: [GC (Allocation Failure) [PSYoungGen: 142272K->512K(158208K)] 181063K->39303K(499712K), 0.0026715 secs] [Times: user=0.00 sys=0.01, real=0.00 secs] 
2019-06-09T04:45:10.931+0300: 52.677: [GC (Allocation Failure) [PSYoungGen: 145408K->384K(157184K)] 184199K->39175K(498688K), 0.0025112 secs] [Times: user=0.01 sys=0.00, real=0.00 secs] 
04:45:23.308 [Curator-PathChildrenCache-0] ERROR o.a.c.f.r.c.PathChildrenCache  - 
java.lang.IllegalStateException: instance must be started before calling this method
	at org.apache.curator.shaded.com.google.common.base.Preconditions.checkState(Preconditions.java:444)
	at org.apache.curator.framework.imps.CuratorFrameworkImpl.getChildren(CuratorFrameworkImpl.java:456)
	at org.apache.curator.framework.recipes.cache.PathChildrenCache.refresh(PathChildrenCache.java:521)
	at org.apache.curator.framework.recipes.cache.RefreshOperation.invoke(RefreshOperation.java:35)
	at org.apache.curator.framework.recipes.cache.PathChildrenCache$9.run(PathChildrenCache.java:786)
	at java.util.concurrent.Executors$RunnableAdapter.call(Executors.java:511)
	at java.util.concurrent.FutureTask.run(FutureTask.java:266)
	at java.util.concurrent.Executors$RunnableAdapter.call(Executors.java:511)
	at java.util.concurrent.FutureTask.run(FutureTask.java:266)
	at java.util.concurrent.ThreadPoolExecutor.runWorker(ThreadPoolExecutor.java:1149)
	at java.util.concurrent.ThreadPoolExecutor$Worker.run(ThreadPoolExecutor.java:624)
	at java.lang.Thread.run(Thread.java:748)
Heap
 PSYoungGen      total 157184K, used 100098K [0x00000000f5980000, 0x0000000100000000, 0x0000000100000000)
  eden space 144896K, 68% used [0x00000000f5980000,0x00000000fbae0908,0x00000000fe700000)
  from space 12288K, 3% used [0x00000000fe700000,0x00000000fe760010,0x00000000ff300000)
  to   space 11776K, 0% used [0x00000000ff480000,0x00000000ff480000,0x0000000100000000)
 ParOldGen       total 341504K, used 38791K [0x00000000e0c00000, 0x00000000f5980000, 0x00000000f5980000)
  object space 341504K, 11% used [0x00000000e0c00000,0x00000000e31e1d40,0x00000000f5980000)
 Metaspace       used 36117K, capacity 36966K, committed 37208K, reserved 1081344K
  class space    used 4980K, capacity 5161K, committed 5248K, reserved 1048576K
