16:29:47,573 |-INFO in ch.qos.logback.classic.LoggerContext[default] - Could NOT find resource [logback-test.xml]
16:29:47,573 |-INFO in ch.qos.logback.classic.LoggerContext[default] - Could NOT find resource [logback.groovy]
16:29:47,573 |-INFO in ch.qos.logback.classic.LoggerContext[default] - Found resource [logback.xml] at [jar:file:/root/flamestream/lib/flamestream-runtime-1.0-SNAPSHOT.jar!/logback.xml]
16:29:47,574 |-WARN in ch.qos.logback.classic.LoggerContext[default] - Resource [logback.xml] occurs multiple times on the classpath.
16:29:47,574 |-WARN in ch.qos.logback.classic.LoggerContext[default] - Resource [logback.xml] occurs at [jar:file:/root/flamestream/lib/flamestream-runtime-1.0-SNAPSHOT.jar!/logback.xml]
16:29:47,574 |-WARN in ch.qos.logback.classic.LoggerContext[default] - Resource [logback.xml] occurs at [jar:file:/root/flamestream/flamestream-runtime-1.0-SNAPSHOT.jar!/logback.xml]
16:29:47,594 |-INFO in ch.qos.logback.core.joran.spi.ConfigurationWatchList@3fb6a447 - URL [jar:file:/root/flamestream/lib/flamestream-runtime-1.0-SNAPSHOT.jar!/logback.xml] is not of type file
16:29:47,666 |-INFO in ch.qos.logback.classic.joran.action.ConfigurationAction - debug attribute not set
16:29:47,666 |-INFO in ch.qos.logback.core.joran.action.AppenderAction - About to instantiate appender of type [ch.qos.logback.core.ConsoleAppender]
16:29:47,680 |-INFO in ch.qos.logback.core.joran.action.AppenderAction - Naming appender as [STDOUT]
16:29:47,698 |-INFO in ch.qos.logback.core.joran.action.NestedComplexPropertyIA - Assuming default type [ch.qos.logback.classic.encoder.PatternLayoutEncoder] for [encoder] property
16:29:47,785 |-INFO in ch.qos.logback.core.joran.action.AppenderAction - About to instantiate appender of type [ch.qos.logback.core.rolling.RollingFileAppender]
16:29:47,790 |-INFO in ch.qos.logback.core.joran.action.AppenderAction - Naming appender as [FILE]
16:29:47,820 |-INFO in c.q.l.core.rolling.TimeBasedRollingPolicy@127618319 - No compression will be used
16:29:47,821 |-INFO in c.q.l.core.rolling.TimeBasedRollingPolicy@127618319 - Will use the pattern /tmp/application_%d{yyyy-MM-dd}.%i.log for the active file
16:29:47,824 |-INFO in ch.qos.logback.core.rolling.SizeAndTimeBasedFNATP@6b2fad11 - The date pattern is 'yyyy-MM-dd' from file name pattern '/tmp/application_%d{yyyy-MM-dd}.%i.log'.
16:29:47,824 |-INFO in ch.qos.logback.core.rolling.SizeAndTimeBasedFNATP@6b2fad11 - Roll-over at midnight.
16:29:47,829 |-INFO in ch.qos.logback.core.rolling.SizeAndTimeBasedFNATP@6b2fad11 - Setting initial period to Mon Jun 10 16:28:32 UTC 2019
16:29:47,829 |-WARN in ch.qos.logback.core.rolling.SizeAndTimeBasedFNATP@6b2fad11 - SizeAndTimeBasedFNATP is deprecated. Use SizeAndTimeBasedRollingPolicy instead
16:29:47,829 |-WARN in ch.qos.logback.core.rolling.SizeAndTimeBasedFNATP@6b2fad11 - For more information see http://logback.qos.ch/manual/appenders.html#SizeAndTimeBasedRollingPolicy
16:29:47,833 |-INFO in ch.qos.logback.core.joran.action.NestedComplexPropertyIA - Assuming default type [ch.qos.logback.classic.encoder.PatternLayoutEncoder] for [encoder] property
16:29:47,838 |-INFO in ch.qos.logback.core.rolling.RollingFileAppender[FILE] - Active log file name: /tmp/application.log
16:29:47,838 |-INFO in ch.qos.logback.core.rolling.RollingFileAppender[FILE] - File property is set to [/tmp/application.log]
16:29:47,839 |-INFO in ch.qos.logback.classic.joran.action.RootLoggerAction - Setting level of ROOT logger to WARN
16:29:47,839 |-INFO in ch.qos.logback.core.joran.action.AppenderRefAction - Attaching appender named [STDOUT] to Logger[ROOT]
16:29:47,841 |-INFO in ch.qos.logback.core.joran.action.AppenderRefAction - Attaching appender named [FILE] to Logger[ROOT]
16:29:47,841 |-INFO in ch.qos.logback.classic.joran.action.ConfigurationAction - End of configuration.
16:29:47,841 |-INFO in ch.qos.logback.classic.joran.JoranConfigurator@79698539 - Registering current configuration as safe fallback point

Ama winner
Ama winner
2019-06-10T16:29:49.153+0000: 1.767: [Full GC (Metadata GC Threshold) 2019-06-10T16:29:49.153+0000: 1.767: [Tenured: 0K->15176K(341376K), 0.0401880 secs] 114988K->15176K(494976K), [Metaspace: 20738K->20738K(1067008K)], 0.0402544 secs] [Times: user=0.04 sys=0.01, real=0.04 secs] 
16:30:09.279 [Curator-PathChildrenCache-2] WARN  o.a.c.u.ZKPaths  - The version of ZooKeeper being used doesn't support Container nodes. CreateMode.PERSISTENT will be used instead.
2019-06-10T16:30:11.434+0000: 24.049: [GC (Allocation Failure) 2019-06-10T16:30:11.434+0000: 24.049: [DefNew: 118399K->16770K(153600K), 0.0180778 secs] 133576K->31947K(494976K), 0.0181498 secs] [Times: user=0.02 sys=0.00, real=0.01 secs] 
2019-06-10T16:30:12.133+0000: 24.748: [Full GC (Metadata GC Threshold) 2019-06-10T16:30:12.133+0000: 24.748: [Tenured: 15176K->43443K(341376K), 0.0471241 secs] 75623K->43443K(494976K), [Metaspace: 34624K->34624K(1079296K)], 0.0472166 secs] [Times: user=0.05 sys=0.00, real=0.05 secs] 
2019-06-10T16:30:14.448+0000: 27.062: [GC (Allocation Failure) 2019-06-10T16:30:14.448+0000: 27.062: [DefNew: 136576K->166K(153600K), 0.0020714 secs] 180019K->43609K(494976K), 0.0021295 secs] [Times: user=0.00 sys=0.00, real=0.00 secs] 
2019-06-10T16:30:16.742+0000: 29.357: [GC (Allocation Failure) 2019-06-10T16:30:16.742+0000: 29.357: [DefNew: 136742K->183K(153600K), 0.0018926 secs] 180185K->43627K(494976K), 0.0019508 secs] [Times: user=0.00 sys=0.00, real=0.00 secs] 
2019-06-10T16:30:19.088+0000: 31.702: [GC (Allocation Failure) 2019-06-10T16:30:19.088+0000: 31.702: [DefNew: 136759K->191K(153600K), 0.0020374 secs] 180203K->43635K(494976K), 0.0021065 secs] [Times: user=0.00 sys=0.00, real=0.00 secs] 
2019-06-10T16:30:21.443+0000: 34.058: [GC (Allocation Failure) 2019-06-10T16:30:21.443+0000: 34.058: [DefNew: 136767K->194K(153600K), 0.0019649 secs] 180211K->43638K(494976K), 0.0020389 secs] [Times: user=0.01 sys=0.00, real=0.00 secs] 
2019-06-10T16:30:23.813+0000: 36.427: [GC (Allocation Failure) 2019-06-10T16:30:23.813+0000: 36.427: [DefNew: 136770K->193K(153600K), 0.0020646 secs] 180214K->43637K(494976K), 0.0021319 secs] [Times: user=0.00 sys=0.00, real=0.01 secs] 
16:30:34.131 [Curator-PathChildrenCache-0] ERROR o.a.c.f.r.c.PathChildrenCache  - 
java.lang.IllegalStateException: instance must be started before calling this method
	at org.apache.curator.shaded.com.google.common.base.Preconditions.checkState(Preconditions.java:444)
	at org.apache.curator.framework.imps.CuratorFrameworkImpl.getChildren(CuratorFrameworkImpl.java:456)
	at org.apache.curator.framework.recipes.cache.PathChildrenCache.refresh(PathChildrenCache.java:521)
	at org.apache.curator.framework.recipes.cache.RefreshOperation.invoke(RefreshOperation.java:35)
	at org.apache.curator.framework.recipes.cache.PathChildrenCache$9.run(PathChildrenCache.java:786)
	at java.util.concurrent.Executors$RunnableAdapter.call(Executors.java:511)
	at java.util.concurrent.FutureTask.run(FutureTask.java:266)
	at java.util.concurrent.Executors$RunnableAdapter.call(Executors.java:511)
	at java.util.concurrent.FutureTask.run(FutureTask.java:266)
	at java.util.concurrent.ThreadPoolExecutor.runWorker(ThreadPoolExecutor.java:1149)
	at java.util.concurrent.ThreadPoolExecutor$Worker.run(ThreadPoolExecutor.java:624)
	at java.lang.Thread.run(Thread.java:748)
Heap
 def new generation   total 153600K, used 109619K [0x00000000e0c00000, 0x00000000eb2a0000, 0x00000000eb2a0000)
  eden space 136576K,  80% used [0x00000000e0c00000, 0x00000000e76dc8d0, 0x00000000e9160000)
  from space 17024K,   1% used [0x00000000e9160000, 0x00000000e91905b0, 0x00000000ea200000)
  to   space 17024K,   0% used [0x00000000ea200000, 0x00000000ea200000, 0x00000000eb2a0000)
 tenured generation   total 341376K, used 43443K [0x00000000eb2a0000, 0x0000000100000000, 0x0000000100000000)
   the space 341376K,  12% used [0x00000000eb2a0000, 0x00000000edd0ce88, 0x00000000edd0d000, 0x0000000100000000)
 Metaspace       used 35873K, capacity 36866K, committed 37120K, reserved 1081344K
  class space    used 4855K, capacity 5059K, committed 5120K, reserved 1048576K
