19:03:09,676 |-INFO in ch.qos.logback.classic.LoggerContext[default] - Could NOT find resource [logback-test.xml]
19:03:09,676 |-INFO in ch.qos.logback.classic.LoggerContext[default] - Could NOT find resource [logback.groovy]
19:03:09,677 |-INFO in ch.qos.logback.classic.LoggerContext[default] - Found resource [logback.xml] at [jar:file:/root/flamestream/lib/flamestream-runtime-1.0-SNAPSHOT.jar!/logback.xml]
19:03:09,677 |-WARN in ch.qos.logback.classic.LoggerContext[default] - Resource [logback.xml] occurs multiple times on the classpath.
19:03:09,678 |-WARN in ch.qos.logback.classic.LoggerContext[default] - Resource [logback.xml] occurs at [jar:file:/root/flamestream/lib/flamestream-runtime-1.0-SNAPSHOT.jar!/logback.xml]
19:03:09,678 |-WARN in ch.qos.logback.classic.LoggerContext[default] - Resource [logback.xml] occurs at [jar:file:/root/flamestream/flamestream-runtime-1.0-SNAPSHOT.jar!/logback.xml]
19:03:09,698 |-INFO in ch.qos.logback.core.joran.spi.ConfigurationWatchList@3fb6a447 - URL [jar:file:/root/flamestream/lib/flamestream-runtime-1.0-SNAPSHOT.jar!/logback.xml] is not of type file
19:03:09,769 |-INFO in ch.qos.logback.classic.joran.action.ConfigurationAction - debug attribute not set
19:03:09,769 |-INFO in ch.qos.logback.core.joran.action.AppenderAction - About to instantiate appender of type [ch.qos.logback.core.ConsoleAppender]
19:03:09,789 |-INFO in ch.qos.logback.core.joran.action.AppenderAction - Naming appender as [STDOUT]
19:03:09,807 |-INFO in ch.qos.logback.core.joran.action.NestedComplexPropertyIA - Assuming default type [ch.qos.logback.classic.encoder.PatternLayoutEncoder] for [encoder] property
19:03:09,892 |-INFO in ch.qos.logback.core.joran.action.AppenderAction - About to instantiate appender of type [ch.qos.logback.core.rolling.RollingFileAppender]
19:03:09,897 |-INFO in ch.qos.logback.core.joran.action.AppenderAction - Naming appender as [FILE]
19:03:09,928 |-INFO in c.q.l.core.rolling.TimeBasedRollingPolicy@127618319 - No compression will be used
19:03:09,929 |-INFO in c.q.l.core.rolling.TimeBasedRollingPolicy@127618319 - Will use the pattern /tmp/application_%d{yyyy-MM-dd}.%i.log for the active file
19:03:09,932 |-INFO in ch.qos.logback.core.rolling.SizeAndTimeBasedFNATP@6b2fad11 - The date pattern is 'yyyy-MM-dd' from file name pattern '/tmp/application_%d{yyyy-MM-dd}.%i.log'.
19:03:09,932 |-INFO in ch.qos.logback.core.rolling.SizeAndTimeBasedFNATP@6b2fad11 - Roll-over at midnight.
19:03:09,937 |-INFO in ch.qos.logback.core.rolling.SizeAndTimeBasedFNATP@6b2fad11 - Setting initial period to Mon Jun 10 19:01:43 UTC 2019
19:03:09,937 |-WARN in ch.qos.logback.core.rolling.SizeAndTimeBasedFNATP@6b2fad11 - SizeAndTimeBasedFNATP is deprecated. Use SizeAndTimeBasedRollingPolicy instead
19:03:09,937 |-WARN in ch.qos.logback.core.rolling.SizeAndTimeBasedFNATP@6b2fad11 - For more information see http://logback.qos.ch/manual/appenders.html#SizeAndTimeBasedRollingPolicy
19:03:09,941 |-INFO in ch.qos.logback.core.joran.action.NestedComplexPropertyIA - Assuming default type [ch.qos.logback.classic.encoder.PatternLayoutEncoder] for [encoder] property
19:03:09,946 |-INFO in ch.qos.logback.core.rolling.RollingFileAppender[FILE] - Active log file name: /tmp/application.log
19:03:09,946 |-INFO in ch.qos.logback.core.rolling.RollingFileAppender[FILE] - File property is set to [/tmp/application.log]
19:03:09,947 |-INFO in ch.qos.logback.classic.joran.action.RootLoggerAction - Setting level of ROOT logger to WARN
19:03:09,947 |-INFO in ch.qos.logback.core.joran.action.AppenderRefAction - Attaching appender named [STDOUT] to Logger[ROOT]
19:03:09,949 |-INFO in ch.qos.logback.core.joran.action.AppenderRefAction - Attaching appender named [FILE] to Logger[ROOT]
19:03:09,949 |-INFO in ch.qos.logback.classic.joran.action.ConfigurationAction - End of configuration.
19:03:09,950 |-INFO in ch.qos.logback.classic.joran.JoranConfigurator@79698539 - Registering current configuration as safe fallback point

Ama winner
Ama winner
2019-06-10T19:03:11.617+0000: 2.129: [Full GC (Metadata GC Threshold) 2019-06-10T19:03:11.617+0000: 2.129: [Tenured: 0K->15144K(341376K), 0.0399589 secs] 117718K->15144K(494976K), [Metaspace: 20730K->20730K(1067008K)], 0.0400328 secs] [Times: user=0.04 sys=0.00, real=0.04 secs] 
19:03:26.948 [Curator-PathChildrenCache-1] WARN  o.a.c.u.ZKPaths  - The version of ZooKeeper being used doesn't support Container nodes. CreateMode.PERSISTENT will be used instead.
2019-06-10T19:03:29.599+0000: 20.112: [GC (Allocation Failure) 2019-06-10T19:03:29.600+0000: 20.112: [DefNew: 136576K->17023K(153600K), 0.0262369 secs] 151720K->52646K(494976K), 0.0263133 secs] [Times: user=0.02 sys=0.01, real=0.03 secs] 
2019-06-10T19:03:31.625+0000: 22.137: [Full GC (Metadata GC Threshold) 2019-06-10T19:03:31.625+0000: 22.137: [Tenured: 35622K->44004K(341376K), 0.0469951 secs] 95966K->44004K(494976K), [Metaspace: 34581K->34581K(1079296K)], 0.0470697 secs] [Times: user=0.04 sys=0.00, real=0.04 secs] 
2019-06-10T19:03:39.044+0000: 29.556: [GC (Allocation Failure) 2019-06-10T19:03:39.044+0000: 29.556: [DefNew: 136576K->60K(153600K), 0.0018057 secs] 180580K->44065K(494976K), 0.0018639 secs] [Times: user=0.00 sys=0.00, real=0.01 secs] 
2019-06-10T19:03:46.419+0000: 36.931: [GC (Allocation Failure) 2019-06-10T19:03:46.419+0000: 36.931: [DefNew: 136636K->61K(153600K), 0.0017304 secs] 180641K->44066K(494976K), 0.0018070 secs] [Times: user=0.00 sys=0.00, real=0.00 secs] 
2019-06-10T19:03:53.919+0000: 44.431: [GC (Allocation Failure) 2019-06-10T19:03:53.919+0000: 44.431: [DefNew: 136637K->61K(153600K), 0.0017133 secs] 180642K->44066K(494976K), 0.0017741 secs] [Times: user=0.01 sys=0.00, real=0.00 secs] 
2019-06-10T19:04:01.475+0000: 51.987: [GC (Allocation Failure) 2019-06-10T19:04:01.475+0000: 51.987: [DefNew: 136637K->61K(153600K), 0.0017016 secs] 180642K->44066K(494976K), 0.0017633 secs] [Times: user=0.00 sys=0.00, real=0.01 secs] 
2019-06-10T19:04:09.016+0000: 59.528: [GC (Allocation Failure) 2019-06-10T19:04:09.016+0000: 59.528: [DefNew: 136637K->63K(153600K), 0.0017118 secs] 180642K->44068K(494976K), 0.0017845 secs] [Times: user=0.00 sys=0.00, real=0.01 secs] 
19:04:26.476 [Curator-PathChildrenCache-0] ERROR o.a.c.f.r.c.PathChildrenCache  - 
java.lang.IllegalStateException: instance must be started before calling this method
	at org.apache.curator.shaded.com.google.common.base.Preconditions.checkState(Preconditions.java:444)
	at org.apache.curator.framework.imps.CuratorFrameworkImpl.getChildren(CuratorFrameworkImpl.java:456)
	at org.apache.curator.framework.recipes.cache.PathChildrenCache.refresh(PathChildrenCache.java:521)
	at org.apache.curator.framework.recipes.cache.RefreshOperation.invoke(RefreshOperation.java:35)
	at org.apache.curator.framework.recipes.cache.PathChildrenCache$9.run(PathChildrenCache.java:786)
	at java.util.concurrent.Executors$RunnableAdapter.call(Executors.java:511)
	at java.util.concurrent.FutureTask.run(FutureTask.java:266)
	at java.util.concurrent.Executors$RunnableAdapter.call(Executors.java:511)
	at java.util.concurrent.FutureTask.run(FutureTask.java:266)
	at java.util.concurrent.ThreadPoolExecutor.runWorker(ThreadPoolExecutor.java:1149)
	at java.util.concurrent.ThreadPoolExecutor$Worker.run(ThreadPoolExecutor.java:624)
	at java.lang.Thread.run(Thread.java:748)
Heap
 def new generation   total 153600K, used 89807K [0x00000000e0c00000, 0x00000000eb2a0000, 0x00000000eb2a0000)
  eden space 136576K,  65% used [0x00000000e0c00000, 0x00000000e63a40f8, 0x00000000e9160000)
  from space 17024K,   0% used [0x00000000e9160000, 0x00000000e916fe68, 0x00000000ea200000)
  to   space 17024K,   0% used [0x00000000ea200000, 0x00000000ea200000, 0x00000000eb2a0000)
 tenured generation   total 341376K, used 44004K [0x00000000eb2a0000, 0x0000000100000000, 0x0000000100000000)
   the space 341376K,  12% used [0x00000000eb2a0000, 0x00000000edd993f0, 0x00000000edd99400, 0x0000000100000000)
 Metaspace       used 36163K, capacity 37056K, committed 37376K, reserved 1081344K
  class space    used 4871K, capacity 5074K, committed 5120K, reserved 1048576K
