13:23:14,629 |-INFO in ch.qos.logback.classic.LoggerContext[default] - Could NOT find resource [logback-test.xml]
13:23:14,629 |-INFO in ch.qos.logback.classic.LoggerContext[default] - Could NOT find resource [logback.groovy]
13:23:14,629 |-INFO in ch.qos.logback.classic.LoggerContext[default] - Found resource [logback.xml] at [jar:file:/root/flamestream/lib/flamestream-runtime-1.0-SNAPSHOT.jar!/logback.xml]
13:23:14,630 |-WARN in ch.qos.logback.classic.LoggerContext[default] - Resource [logback.xml] occurs multiple times on the classpath.
13:23:14,630 |-WARN in ch.qos.logback.classic.LoggerContext[default] - Resource [logback.xml] occurs at [jar:file:/root/flamestream/lib/flamestream-runtime-1.0-SNAPSHOT.jar!/logback.xml]
13:23:14,630 |-WARN in ch.qos.logback.classic.LoggerContext[default] - Resource [logback.xml] occurs at [jar:file:/root/flamestream/flamestream-runtime-1.0-SNAPSHOT.jar!/logback.xml]
13:23:14,653 |-INFO in ch.qos.logback.core.joran.spi.ConfigurationWatchList@3fb6a447 - URL [jar:file:/root/flamestream/lib/flamestream-runtime-1.0-SNAPSHOT.jar!/logback.xml] is not of type file
13:23:14,721 |-INFO in ch.qos.logback.classic.joran.action.ConfigurationAction - debug attribute not set
13:23:14,721 |-INFO in ch.qos.logback.core.joran.action.AppenderAction - About to instantiate appender of type [ch.qos.logback.core.ConsoleAppender]
13:23:14,737 |-INFO in ch.qos.logback.core.joran.action.AppenderAction - Naming appender as [STDOUT]
13:23:14,751 |-INFO in ch.qos.logback.core.joran.action.NestedComplexPropertyIA - Assuming default type [ch.qos.logback.classic.encoder.PatternLayoutEncoder] for [encoder] property
13:23:14,853 |-INFO in ch.qos.logback.core.joran.action.AppenderAction - About to instantiate appender of type [ch.qos.logback.core.rolling.RollingFileAppender]
13:23:14,860 |-INFO in ch.qos.logback.core.joran.action.AppenderAction - Naming appender as [FILE]
13:23:14,896 |-INFO in c.q.l.core.rolling.TimeBasedRollingPolicy@127618319 - No compression will be used
13:23:14,897 |-INFO in c.q.l.core.rolling.TimeBasedRollingPolicy@127618319 - Will use the pattern /tmp/application_%d{yyyy-MM-dd}.%i.log for the active file
13:23:14,900 |-INFO in ch.qos.logback.core.rolling.SizeAndTimeBasedFNATP@6b2fad11 - The date pattern is 'yyyy-MM-dd' from file name pattern '/tmp/application_%d{yyyy-MM-dd}.%i.log'.
13:23:14,900 |-INFO in ch.qos.logback.core.rolling.SizeAndTimeBasedFNATP@6b2fad11 - Roll-over at midnight.
13:23:14,905 |-INFO in ch.qos.logback.core.rolling.SizeAndTimeBasedFNATP@6b2fad11 - Setting initial period to Mon Jun 10 13:22:04 UTC 2019
13:23:14,905 |-WARN in ch.qos.logback.core.rolling.SizeAndTimeBasedFNATP@6b2fad11 - SizeAndTimeBasedFNATP is deprecated. Use SizeAndTimeBasedRollingPolicy instead
13:23:14,905 |-WARN in ch.qos.logback.core.rolling.SizeAndTimeBasedFNATP@6b2fad11 - For more information see http://logback.qos.ch/manual/appenders.html#SizeAndTimeBasedRollingPolicy
13:23:14,909 |-INFO in ch.qos.logback.core.joran.action.NestedComplexPropertyIA - Assuming default type [ch.qos.logback.classic.encoder.PatternLayoutEncoder] for [encoder] property
13:23:14,914 |-INFO in ch.qos.logback.core.rolling.RollingFileAppender[FILE] - Active log file name: /tmp/application.log
13:23:14,914 |-INFO in ch.qos.logback.core.rolling.RollingFileAppender[FILE] - File property is set to [/tmp/application.log]
13:23:14,915 |-INFO in ch.qos.logback.classic.joran.action.RootLoggerAction - Setting level of ROOT logger to WARN
13:23:14,915 |-INFO in ch.qos.logback.core.joran.action.AppenderRefAction - Attaching appender named [STDOUT] to Logger[ROOT]
13:23:14,917 |-INFO in ch.qos.logback.core.joran.action.AppenderRefAction - Attaching appender named [FILE] to Logger[ROOT]
13:23:14,917 |-INFO in ch.qos.logback.classic.joran.action.ConfigurationAction - End of configuration.
13:23:14,917 |-INFO in ch.qos.logback.classic.joran.JoranConfigurator@79698539 - Registering current configuration as safe fallback point

Ama winner
Ama winner
2019-06-10T13:23:16.198+0000: 1.751: [Full GC (Metadata GC Threshold) 2019-06-10T13:23:16.199+0000: 1.751: [Tenured: 0K->15241K(341376K), 0.0367930 secs] 117814K->15241K(494976K), [Metaspace: 20728K->20728K(1067008K)], 0.0368612 secs] [Times: user=0.03 sys=0.01, real=0.04 secs] 
13:23:32.715 [Curator-PathChildrenCache-1] WARN  o.a.c.u.ZKPaths  - The version of ZooKeeper being used doesn't support Container nodes. CreateMode.PERSISTENT will be used instead.
2019-06-10T13:23:35.168+0000: 20.721: [GC (Allocation Failure) 2019-06-10T13:23:35.168+0000: 20.721: [DefNew: 136576K->17024K(153600K), 0.0280452 secs] 151817K->52628K(494976K), 0.0281171 secs] [Times: user=0.02 sys=0.01, real=0.03 secs] 
2019-06-10T13:23:37.253+0000: 22.806: [Full GC (Metadata GC Threshold) 2019-06-10T13:23:37.253+0000: 22.806: [Tenured: 35604K->44246K(341376K), 0.0828892 secs] 94372K->44246K(494976K), [Metaspace: 34597K->34597K(1079296K)], 0.0829753 secs] [Times: user=0.08 sys=0.01, real=0.09 secs] 
2019-06-10T13:23:44.491+0000: 30.044: [GC (Allocation Failure) 2019-06-10T13:23:44.491+0000: 30.044: [DefNew: 136576K->97K(153600K), 0.0018421 secs] 180822K->44344K(494976K), 0.0018981 secs] [Times: user=0.00 sys=0.00, real=0.00 secs] 
2019-06-10T13:23:51.738+0000: 37.291: [GC (Allocation Failure) 2019-06-10T13:23:51.738+0000: 37.291: [DefNew: 136673K->128K(153600K), 0.0017417 secs] 180920K->44374K(494976K), 0.0018145 secs] [Times: user=0.00 sys=0.00, real=0.00 secs] 
2019-06-10T13:23:58.998+0000: 44.551: [GC (Allocation Failure) 2019-06-10T13:23:58.998+0000: 44.551: [DefNew: 136704K->161K(153600K), 0.0017831 secs] 180950K->44407K(494976K), 0.0018546 secs] [Times: user=0.00 sys=0.00, real=0.00 secs] 
2019-06-10T13:24:06.356+0000: 51.909: [GC (Allocation Failure) 2019-06-10T13:24:06.356+0000: 51.909: [DefNew: 136737K->164K(153600K), 0.0018288 secs] 180983K->44410K(494976K), 0.0018908 secs] [Times: user=0.00 sys=0.00, real=0.00 secs] 
2019-06-10T13:24:13.629+0000: 59.182: [GC (Allocation Failure) 2019-06-10T13:24:13.629+0000: 59.182: [DefNew: 136740K->164K(153600K), 0.0018370 secs] 180986K->44410K(494976K), 0.0018966 secs] [Times: user=0.00 sys=0.00, real=0.00 secs] 
2019-06-10T13:24:29.221+0000: 74.774: [GC (Allocation Failure) 2019-06-10T13:24:29.221+0000: 74.774: [DefNew: 136740K->515K(153600K), 0.0024699 secs] 180986K->44761K(494976K), 0.0025423 secs] [Times: user=0.00 sys=0.00, real=0.00 secs] 
13:24:33.348 [Curator-PathChildrenCache-0] ERROR o.a.c.f.r.c.PathChildrenCache  - 
java.lang.IllegalStateException: instance must be started before calling this method
	at org.apache.curator.shaded.com.google.common.base.Preconditions.checkState(Preconditions.java:444)
	at org.apache.curator.framework.imps.CuratorFrameworkImpl.getChildren(CuratorFrameworkImpl.java:456)
	at org.apache.curator.framework.recipes.cache.PathChildrenCache.refresh(PathChildrenCache.java:521)
	at org.apache.curator.framework.recipes.cache.RefreshOperation.invoke(RefreshOperation.java:35)
	at org.apache.curator.framework.recipes.cache.PathChildrenCache$9.run(PathChildrenCache.java:786)
	at java.util.concurrent.Executors$RunnableAdapter.call(Executors.java:511)
	at java.util.concurrent.FutureTask.run(FutureTask.java:266)
	at java.util.concurrent.Executors$RunnableAdapter.call(Executors.java:511)
	at java.util.concurrent.FutureTask.run(FutureTask.java:266)
	at java.util.concurrent.ThreadPoolExecutor.runWorker(ThreadPoolExecutor.java:1149)
	at java.util.concurrent.ThreadPoolExecutor$Worker.run(ThreadPoolExecutor.java:624)
	at java.lang.Thread.run(Thread.java:748)
Heap
 def new generation   total 153600K, used 28259K [0x00000000e0c00000, 0x00000000eb2a0000, 0x00000000eb2a0000)
  eden space 136576K,  20% used [0x00000000e0c00000, 0x00000000e2717fe8, 0x00000000e9160000)
  from space 17024K,   3% used [0x00000000ea200000, 0x00000000ea280d28, 0x00000000eb2a0000)
  to   space 17024K,   0% used [0x00000000e9160000, 0x00000000e9160000, 0x00000000ea200000)
 tenured generation   total 341376K, used 44246K [0x00000000eb2a0000, 0x0000000100000000, 0x0000000100000000)
   the space 341376K,  12% used [0x00000000eb2a0000, 0x00000000eddd5888, 0x00000000eddd5a00, 0x0000000100000000)
 Metaspace       used 36061K, capacity 36932K, committed 37120K, reserved 1081344K
  class space    used 4858K, capacity 5074K, committed 5120K, reserved 1048576K
