15:30:18,084 |-INFO in ch.qos.logback.classic.LoggerContext[default] - Could NOT find resource [logback-test.xml]
15:30:18,085 |-INFO in ch.qos.logback.classic.LoggerContext[default] - Could NOT find resource [logback.groovy]
15:30:18,085 |-INFO in ch.qos.logback.classic.LoggerContext[default] - Found resource [logback.xml] at [jar:file:/root/flamestream/lib/flamestream-runtime-1.0-SNAPSHOT.jar!/logback.xml]
15:30:18,086 |-WARN in ch.qos.logback.classic.LoggerContext[default] - Resource [logback.xml] occurs multiple times on the classpath.
15:30:18,086 |-WARN in ch.qos.logback.classic.LoggerContext[default] - Resource [logback.xml] occurs at [jar:file:/root/flamestream/lib/flamestream-runtime-1.0-SNAPSHOT.jar!/logback.xml]
15:30:18,086 |-WARN in ch.qos.logback.classic.LoggerContext[default] - Resource [logback.xml] occurs at [jar:file:/root/flamestream/flamestream-runtime-1.0-SNAPSHOT.jar!/logback.xml]
15:30:18,105 |-INFO in ch.qos.logback.core.joran.spi.ConfigurationWatchList@3fb6a447 - URL [jar:file:/root/flamestream/lib/flamestream-runtime-1.0-SNAPSHOT.jar!/logback.xml] is not of type file
15:30:18,181 |-INFO in ch.qos.logback.classic.joran.action.ConfigurationAction - debug attribute not set
15:30:18,182 |-INFO in ch.qos.logback.core.joran.action.AppenderAction - About to instantiate appender of type [ch.qos.logback.core.ConsoleAppender]
15:30:18,194 |-INFO in ch.qos.logback.core.joran.action.AppenderAction - Naming appender as [STDOUT]
15:30:18,212 |-INFO in ch.qos.logback.core.joran.action.NestedComplexPropertyIA - Assuming default type [ch.qos.logback.classic.encoder.PatternLayoutEncoder] for [encoder] property
15:30:18,296 |-INFO in ch.qos.logback.core.joran.action.AppenderAction - About to instantiate appender of type [ch.qos.logback.core.rolling.RollingFileAppender]
15:30:18,301 |-INFO in ch.qos.logback.core.joran.action.AppenderAction - Naming appender as [FILE]
15:30:18,333 |-INFO in c.q.l.core.rolling.TimeBasedRollingPolicy@127618319 - No compression will be used
15:30:18,334 |-INFO in c.q.l.core.rolling.TimeBasedRollingPolicy@127618319 - Will use the pattern /tmp/application_%d{yyyy-MM-dd}.%i.log for the active file
15:30:18,337 |-INFO in ch.qos.logback.core.rolling.SizeAndTimeBasedFNATP@6b2fad11 - The date pattern is 'yyyy-MM-dd' from file name pattern '/tmp/application_%d{yyyy-MM-dd}.%i.log'.
15:30:18,337 |-INFO in ch.qos.logback.core.rolling.SizeAndTimeBasedFNATP@6b2fad11 - Roll-over at midnight.
15:30:18,343 |-INFO in ch.qos.logback.core.rolling.SizeAndTimeBasedFNATP@6b2fad11 - Setting initial period to Mon Jun 10 15:29:05 UTC 2019
15:30:18,343 |-WARN in ch.qos.logback.core.rolling.SizeAndTimeBasedFNATP@6b2fad11 - SizeAndTimeBasedFNATP is deprecated. Use SizeAndTimeBasedRollingPolicy instead
15:30:18,343 |-WARN in ch.qos.logback.core.rolling.SizeAndTimeBasedFNATP@6b2fad11 - For more information see http://logback.qos.ch/manual/appenders.html#SizeAndTimeBasedRollingPolicy
15:30:18,346 |-INFO in ch.qos.logback.core.joran.action.NestedComplexPropertyIA - Assuming default type [ch.qos.logback.classic.encoder.PatternLayoutEncoder] for [encoder] property
15:30:18,351 |-INFO in ch.qos.logback.core.rolling.RollingFileAppender[FILE] - Active log file name: /tmp/application.log
15:30:18,351 |-INFO in ch.qos.logback.core.rolling.RollingFileAppender[FILE] - File property is set to [/tmp/application.log]
15:30:18,352 |-INFO in ch.qos.logback.classic.joran.action.RootLoggerAction - Setting level of ROOT logger to WARN
15:30:18,352 |-INFO in ch.qos.logback.core.joran.action.AppenderRefAction - Attaching appender named [STDOUT] to Logger[ROOT]
15:30:18,354 |-INFO in ch.qos.logback.core.joran.action.AppenderRefAction - Attaching appender named [FILE] to Logger[ROOT]
15:30:18,354 |-INFO in ch.qos.logback.classic.joran.action.ConfigurationAction - End of configuration.
15:30:18,355 |-INFO in ch.qos.logback.classic.joran.JoranConfigurator@79698539 - Registering current configuration as safe fallback point

Ama winner
Ama winner
2019-06-10T15:30:19.646+0000: 1.748: [Full GC (Metadata GC Threshold) 2019-06-10T15:30:19.646+0000: 1.748: [Tenured: 0K->15144K(341376K), 0.0423108 secs] 114988K->15144K(494976K), [Metaspace: 20730K->20730K(1067008K)], 0.0423881 secs] [Times: user=0.03 sys=0.01, real=0.04 secs] 
15:30:33.250 [Curator-PathChildrenCache-2] WARN  o.a.c.u.ZKPaths  - The version of ZooKeeper being used doesn't support Container nodes. CreateMode.PERSISTENT will be used instead.
2019-06-10T15:30:35.250+0000: 17.352: [GC (Allocation Failure) 2019-06-10T15:30:35.250+0000: 17.352: [DefNew: 136576K->17024K(153600K), 0.0249757 secs] 151720K->52730K(494976K), 0.0250466 secs] [Times: user=0.02 sys=0.00, real=0.03 secs] 
2019-06-10T15:30:35.956+0000: 18.058: [Full GC (Metadata GC Threshold) 2019-06-10T15:30:35.956+0000: 18.058: [Tenured: 35706K->44504K(341376K), 0.0384187 secs] 73026K->44504K(494976K), [Metaspace: 34621K->34621K(1079296K)], 0.0384954 secs] [Times: user=0.04 sys=0.01, real=0.04 secs] 
2019-06-10T15:30:39.672+0000: 21.774: [GC (Allocation Failure) 2019-06-10T15:30:39.672+0000: 21.774: [DefNew: 136576K->217K(153600K), 0.0022875 secs] 181080K->44721K(494976K), 0.0023635 secs] [Times: user=0.00 sys=0.00, real=0.00 secs] 
2019-06-10T15:30:43.319+0000: 25.421: [GC (Allocation Failure) 2019-06-10T15:30:43.319+0000: 25.421: [DefNew: 136793K->227K(153600K), 0.0020869 secs] 181297K->44731K(494976K), 0.0021470 secs] [Times: user=0.00 sys=0.00, real=0.00 secs] 
2019-06-10T15:30:46.774+0000: 28.876: [GC (Allocation Failure) 2019-06-10T15:30:46.774+0000: 28.876: [DefNew: 136803K->234K(153600K), 0.0019943 secs] 181307K->44739K(494976K), 0.0020532 secs] [Times: user=0.00 sys=0.00, real=0.00 secs] 
2019-06-10T15:30:50.279+0000: 32.381: [GC (Allocation Failure) 2019-06-10T15:30:50.279+0000: 32.381: [DefNew: 136810K->233K(153600K), 0.0020814 secs] 181315K->44737K(494976K), 0.0021443 secs] [Times: user=0.00 sys=0.00, real=0.00 secs] 
2019-06-10T15:30:53.733+0000: 35.835: [GC (Allocation Failure) 2019-06-10T15:30:53.733+0000: 35.835: [DefNew: 136809K->238K(153600K), 0.0020447 secs] 181313K->44742K(494976K), 0.0021200 secs] [Times: user=0.00 sys=0.00, real=0.00 secs] 
2019-06-10T15:30:57.144+0000: 39.246: [GC (Allocation Failure) 2019-06-10T15:30:57.144+0000: 39.246: [DefNew: 136814K->226K(153600K), 0.0020904 secs] 181318K->44730K(494976K), 0.0021519 secs] [Times: user=0.00 sys=0.00, real=0.00 secs] 
2019-06-10T15:31:01.832+0000: 43.933: [GC (Allocation Failure) 2019-06-10T15:31:01.832+0000: 43.933: [DefNew: 136802K->227K(153600K), 0.0022570 secs] 181306K->44731K(494976K), 0.0023226 secs] [Times: user=0.00 sys=0.00, real=0.00 secs] 
15:31:06.040 [Curator-PathChildrenCache-0] ERROR o.a.c.f.r.c.PathChildrenCache  - 
java.lang.IllegalStateException: instance must be started before calling this method
	at org.apache.curator.shaded.com.google.common.base.Preconditions.checkState(Preconditions.java:444)
	at org.apache.curator.framework.imps.CuratorFrameworkImpl.getChildren(CuratorFrameworkImpl.java:456)
	at org.apache.curator.framework.recipes.cache.PathChildrenCache.refresh(PathChildrenCache.java:521)
	at org.apache.curator.framework.recipes.cache.RefreshOperation.invoke(RefreshOperation.java:35)
	at org.apache.curator.framework.recipes.cache.PathChildrenCache$9.run(PathChildrenCache.java:786)
	at java.util.concurrent.Executors$RunnableAdapter.call(Executors.java:511)
	at java.util.concurrent.FutureTask.run(FutureTask.java:266)
	at java.util.concurrent.Executors$RunnableAdapter.call(Executors.java:511)
	at java.util.concurrent.FutureTask.run(FutureTask.java:266)
	at java.util.concurrent.ThreadPoolExecutor.runWorker(ThreadPoolExecutor.java:1149)
	at java.util.concurrent.ThreadPoolExecutor$Worker.run(ThreadPoolExecutor.java:624)
	at java.lang.Thread.run(Thread.java:748)
Heap
 def new generation   total 153600K, used 41958K [0x00000000e0c00000, 0x00000000eb2a0000, 0x00000000eb2a0000)
  eden space 136576K,  30% used [0x00000000e0c00000, 0x00000000e34c0e10, 0x00000000e9160000)
  from space 17024K,   1% used [0x00000000e9160000, 0x00000000e9198ca0, 0x00000000ea200000)
  to   space 17024K,   0% used [0x00000000ea200000, 0x00000000ea200000, 0x00000000eb2a0000)
 tenured generation   total 341376K, used 44504K [0x00000000eb2a0000, 0x0000000100000000, 0x0000000100000000)
   the space 341376K,  13% used [0x00000000eb2a0000, 0x00000000ede16028, 0x00000000ede16200, 0x0000000100000000)
 Metaspace       used 35948K, capacity 36872K, committed 37120K, reserved 1081344K
  class space    used 4855K, capacity 5060K, committed 5120K, reserved 1048576K
