23:00:23,608 |-INFO in ch.qos.logback.classic.LoggerContext[default] - Could NOT find resource [logback-test.xml]
23:00:23,608 |-INFO in ch.qos.logback.classic.LoggerContext[default] - Could NOT find resource [logback.groovy]
23:00:23,609 |-INFO in ch.qos.logback.classic.LoggerContext[default] - Found resource [logback.xml] at [jar:file:/home/nikitasokolov/flamestream/lib/flamestream-runtime-1.0-SNAPSHOT.jar!/logback.xml]
23:00:23,609 |-WARN in ch.qos.logback.classic.LoggerContext[default] - Resource [logback.xml] occurs multiple times on the classpath.
23:00:23,609 |-WARN in ch.qos.logback.classic.LoggerContext[default] - Resource [logback.xml] occurs at [jar:file:/home/nikitasokolov/flamestream/lib/flamestream-runtime-1.0-SNAPSHOT.jar!/logback.xml]
23:00:23,609 |-WARN in ch.qos.logback.classic.LoggerContext[default] - Resource [logback.xml] occurs at [jar:file:/home/nikitasokolov/flamestream/flamestream-runtime-1.0-SNAPSHOT.jar!/logback.xml]
23:00:23,625 |-INFO in ch.qos.logback.core.joran.spi.ConfigurationWatchList@6bf256fa - URL [jar:file:/home/nikitasokolov/flamestream/lib/flamestream-runtime-1.0-SNAPSHOT.jar!/logback.xml] is not of type file
23:00:23,677 |-INFO in ch.qos.logback.classic.joran.action.ConfigurationAction - debug attribute not set
23:00:23,677 |-INFO in ch.qos.logback.core.joran.action.AppenderAction - About to instantiate appender of type [ch.qos.logback.core.ConsoleAppender]
23:00:23,685 |-INFO in ch.qos.logback.core.joran.action.AppenderAction - Naming appender as [STDOUT]
23:00:23,693 |-INFO in ch.qos.logback.core.joran.action.NestedComplexPropertyIA - Assuming default type [ch.qos.logback.classic.encoder.PatternLayoutEncoder] for [encoder] property
23:00:23,748 |-INFO in ch.qos.logback.core.joran.action.AppenderAction - About to instantiate appender of type [ch.qos.logback.core.rolling.RollingFileAppender]
23:00:23,753 |-INFO in ch.qos.logback.core.joran.action.AppenderAction - Naming appender as [FILE]
23:00:23,775 |-INFO in c.q.l.core.rolling.TimeBasedRollingPolicy@114132791 - No compression will be used
23:00:23,777 |-INFO in c.q.l.core.rolling.TimeBasedRollingPolicy@114132791 - Will use the pattern /tmp/application_%d{yyyy-MM-dd}.%i.log for the active file
23:00:23,780 |-INFO in ch.qos.logback.core.rolling.SizeAndTimeBasedFNATP@22f71333 - The date pattern is 'yyyy-MM-dd' from file name pattern '/tmp/application_%d{yyyy-MM-dd}.%i.log'.
23:00:23,780 |-INFO in ch.qos.logback.core.rolling.SizeAndTimeBasedFNATP@22f71333 - Roll-over at midnight.
23:00:23,784 |-INFO in ch.qos.logback.core.rolling.SizeAndTimeBasedFNATP@22f71333 - Setting initial period to Thu Jun 06 22:00:24 MSK 2019
23:00:23,784 |-WARN in ch.qos.logback.core.rolling.SizeAndTimeBasedFNATP@22f71333 - SizeAndTimeBasedFNATP is deprecated. Use SizeAndTimeBasedRollingPolicy instead
23:00:23,784 |-WARN in ch.qos.logback.core.rolling.SizeAndTimeBasedFNATP@22f71333 - For more information see http://logback.qos.ch/manual/appenders.html#SizeAndTimeBasedRollingPolicy
23:00:23,787 |-INFO in ch.qos.logback.core.joran.action.NestedComplexPropertyIA - Assuming default type [ch.qos.logback.classic.encoder.PatternLayoutEncoder] for [encoder] property
23:00:23,790 |-INFO in ch.qos.logback.core.rolling.RollingFileAppender[FILE] - Active log file name: /tmp/application.log
23:00:23,790 |-INFO in ch.qos.logback.core.rolling.RollingFileAppender[FILE] - File property is set to [/tmp/application.log]
23:00:23,791 |-ERROR in ch.qos.logback.core.rolling.RollingFileAppender[FILE] - openFile(/tmp/application.log,true) call failed. java.io.FileNotFoundException: /tmp/application.log (Permission denied)
	at java.io.FileNotFoundException: /tmp/application.log (Permission denied)
	at 	at java.io.FileOutputStream.open0(Native Method)
	at 	at java.io.FileOutputStream.open(FileOutputStream.java:270)
	at 	at java.io.FileOutputStream.<init>(FileOutputStream.java:213)
	at 	at ch.qos.logback.core.recovery.ResilientFileOutputStream.<init>(ResilientFileOutputStream.java:26)
	at 	at ch.qos.logback.core.FileAppender.openFile(FileAppender.java:204)
	at 	at ch.qos.logback.core.FileAppender.start(FileAppender.java:127)
	at 	at ch.qos.logback.core.rolling.RollingFileAppender.start(RollingFileAppender.java:100)
	at 	at ch.qos.logback.core.joran.action.AppenderAction.end(AppenderAction.java:90)
	at 	at ch.qos.logback.core.joran.spi.Interpreter.callEndAction(Interpreter.java:309)
	at 	at ch.qos.logback.core.joran.spi.Interpreter.endElement(Interpreter.java:193)
	at 	at ch.qos.logback.core.joran.spi.Interpreter.endElement(Interpreter.java:179)
	at 	at ch.qos.logback.core.joran.spi.EventPlayer.play(EventPlayer.java:62)
	at 	at ch.qos.logback.core.joran.GenericConfigurator.doConfigure(GenericConfigurator.java:165)
	at 	at ch.qos.logback.core.joran.GenericConfigurator.doConfigure(GenericConfigurator.java:152)
	at 	at ch.qos.logback.core.joran.GenericConfigurator.doConfigure(GenericConfigurator.java:110)
	at 	at ch.qos.logback.core.joran.GenericConfigurator.doConfigure(GenericConfigurator.java:53)
	at 	at ch.qos.logback.classic.util.ContextInitializer.configureByResource(ContextInitializer.java:75)
	at 	at ch.qos.logback.classic.util.ContextInitializer.autoConfig(ContextInitializer.java:150)
	at 	at org.slf4j.impl.StaticLoggerBinder.init(StaticLoggerBinder.java:84)
	at 	at org.slf4j.impl.StaticLoggerBinder.<clinit>(StaticLoggerBinder.java:55)
	at 	at org.slf4j.LoggerFactory.bind(LoggerFactory.java:150)
	at 	at org.slf4j.LoggerFactory.performInitialization(LoggerFactory.java:124)
	at 	at org.slf4j.LoggerFactory.getILoggerFactory(LoggerFactory.java:412)
	at 	at org.slf4j.LoggerFactory.getLogger(LoggerFactory.java:357)
	at 	at org.slf4j.LoggerFactory.getLogger(LoggerFactory.java:383)
	at 	at com.spbsu.flamestream.runtime.WorkerApplication.<init>(WorkerApplication.java:26)
	at 	at com.spbsu.flamestream.runtime.WorkerApplication.main(WorkerApplication.java:68)
23:00:23,791 |-INFO in ch.qos.logback.classic.joran.action.RootLoggerAction - Setting level of ROOT logger to WARN
23:00:23,791 |-INFO in ch.qos.logback.core.joran.action.AppenderRefAction - Attaching appender named [STDOUT] to Logger[ROOT]
23:00:23,792 |-INFO in ch.qos.logback.core.joran.action.AppenderRefAction - Attaching appender named [FILE] to Logger[ROOT]
23:00:23,792 |-INFO in ch.qos.logback.classic.joran.action.ConfigurationAction - End of configuration.
23:00:23,792 |-INFO in ch.qos.logback.classic.joran.JoranConfigurator@3498ed - Registering current configuration as safe fallback point

2019-06-08T23:00:24.801+0300: 1.385: [GC (Metadata GC Threshold) [PSYoungGen: 97866K->15949K(149504K)] 97866K->16029K(491008K), 0.0187357 secs] [Times: user=0.09 sys=0.02, real=0.02 secs] 
2019-06-08T23:00:24.819+0300: 1.404: [Full GC (Metadata GC Threshold) [PSYoungGen: 15949K->0K(149504K)] [ParOldGen: 80K->15081K(341504K)] 16029K->15081K(491008K), [Metaspace: 20802K->20802K(1067008K)], 0.0244442 secs] [Times: user=0.13 sys=0.01, real=0.03 secs] 
23:00:32.067 [Curator-PathChildrenCache-3] WARN  o.a.c.u.ZKPaths  - The version of ZooKeeper being used doesn't support Container nodes. CreateMode.PERSISTENT will be used instead.
2019-06-08T23:00:32.656+0300: 9.240: [GC (Allocation Failure) [PSYoungGen: 128512K->20971K(149504K)] 143593K->50968K(491008K), 0.0191623 secs] [Times: user=0.20 sys=0.03, real=0.02 secs] 
2019-06-08T23:00:32.722+0300: 9.306: [GC (Metadata GC Threshold) [PSYoungGen: 31725K->20991K(149504K)] 61722K->51237K(491008K), 0.0119151 secs] [Times: user=0.13 sys=0.00, real=0.01 secs] 
2019-06-08T23:00:32.734+0300: 9.318: [Full GC (Metadata GC Threshold) [PSYoungGen: 20991K->0K(149504K)] [ParOldGen: 30245K->40055K(341504K)] 51237K->40055K(491008K), [Metaspace: 34435K->34434K(1079296K)], 0.0306784 secs] [Times: user=0.13 sys=0.03, real=0.04 secs] 
2019-06-08T23:00:34.868+0300: 11.453: [GC (Allocation Failure) [PSYoungGen: 128512K->640K(149504K)] 168567K->40703K(491008K), 0.0033155 secs] [Times: user=0.02 sys=0.00, real=0.00 secs] 
2019-06-08T23:00:36.639+0300: 13.224: [GC (Allocation Failure) [PSYoungGen: 129152K->544K(129536K)] 169215K->40615K(471040K), 0.0031926 secs] [Times: user=0.01 sys=0.00, real=0.01 secs] 
2019-06-08T23:00:38.691+0300: 15.276: [GC (Allocation Failure) [PSYoungGen: 129056K->640K(128512K)] 169127K->40720K(470016K), 0.0035183 secs] [Times: user=0.02 sys=0.00, real=0.01 secs] 
2019-06-08T23:00:40.106+0300: 16.691: [GC (Allocation Failure) [PSYoungGen: 88192K->640K(129024K)] 128272K->40728K(470528K), 0.0028109 secs] [Times: user=0.02 sys=0.00, real=0.00 secs] 
2019-06-08T23:00:41.500+0300: 18.085: [GC (Allocation Failure) [PSYoungGen: 88192K->416K(132096K)] 128280K->40880K(473600K), 0.0045879 secs] [Times: user=0.03 sys=0.00, real=0.01 secs] 
2019-06-08T23:00:42.988+0300: 19.573: [GC (Allocation Failure) [PSYoungGen: 92576K->384K(130560K)] 133040K->41000K(472064K), 0.0025779 secs] [Times: user=0.01 sys=0.00, real=0.00 secs] 
2019-06-08T23:00:44.442+0300: 21.026: [GC (Allocation Failure) [PSYoungGen: 92544K->320K(134656K)] 133160K->40992K(476160K), 0.0088707 secs] [Times: user=0.09 sys=0.01, real=0.01 secs] 
2019-06-08T23:00:46.012+0300: 22.597: [GC (Allocation Failure) [PSYoungGen: 97600K->288K(133120K)] 138272K->41032K(474624K), 0.0036376 secs] [Times: user=0.01 sys=0.00, real=0.01 secs] 
2019-06-08T23:00:47.595+0300: 24.180: [GC (Allocation Failure) [PSYoungGen: 97568K->224K(137728K)] 138312K->41048K(479232K), 0.0025198 secs] [Times: user=0.01 sys=0.00, real=0.00 secs] 
2019-06-08T23:00:49.240+0300: 25.825: [GC (Allocation Failure) [PSYoungGen: 103648K->288K(136192K)] 144472K->41112K(477696K), 0.0109618 secs] [Times: user=0.10 sys=0.00, real=0.01 secs] 
2019-06-08T23:00:50.910+0300: 27.494: [GC (Allocation Failure) [PSYoungGen: 103712K->192K(140800K)] 144536K->41016K(482304K), 0.0032742 secs] [Times: user=0.01 sys=0.01, real=0.00 secs] 
2019-06-08T23:00:52.664+0300: 29.249: [GC (Allocation Failure) [PSYoungGen: 109760K->288K(139264K)] 150584K->41120K(480768K), 0.0022151 secs] [Times: user=0.01 sys=0.01, real=0.00 secs] 
2019-06-08T23:00:54.407+0300: 30.992: [GC (Allocation Failure) [PSYoungGen: 109856K->288K(143872K)] 150688K->41128K(485376K), 0.0026244 secs] [Times: user=0.01 sys=0.00, real=0.00 secs] 
2019-06-08T23:00:56.281+0300: 32.866: [GC (Allocation Failure) [PSYoungGen: 116000K->224K(142336K)] 156840K->41072K(483840K), 0.0064437 secs] [Times: user=0.05 sys=0.00, real=0.01 secs] 
2019-06-08T23:00:58.140+0300: 34.725: [GC (Allocation Failure) [PSYoungGen: 115936K->288K(146944K)] 156784K->41136K(488448K), 0.0028688 secs] [Times: user=0.01 sys=0.00, real=0.01 secs] 
2019-06-08T23:01:00.087+0300: 36.672: [GC (Allocation Failure) [PSYoungGen: 122144K->192K(145408K)] 162992K->41040K(486912K), 0.0033183 secs] [Times: user=0.02 sys=0.01, real=0.00 secs] 
2019-06-08T23:01:02.051+0300: 38.635: [GC (Allocation Failure) [PSYoungGen: 122048K->256K(150016K)] 162896K->41104K(491520K), 0.0024633 secs] [Times: user=0.01 sys=0.00, real=0.00 secs] 
2019-06-08T23:01:04.115+0300: 40.700: [GC (Allocation Failure) [PSYoungGen: 128256K->192K(148480K)] 169104K->41040K(489984K), 0.0024802 secs] [Times: user=0.01 sys=0.00, real=0.00 secs] 
2019-06-08T23:01:06.170+0300: 42.755: [GC (Allocation Failure) [PSYoungGen: 128192K->256K(152576K)] 169040K->41112K(494080K), 0.0031270 secs] [Times: user=0.02 sys=0.00, real=0.00 secs] 
2019-06-08T23:01:08.318+0300: 44.903: [GC (Allocation Failure) [PSYoungGen: 133376K->256K(151040K)] 174232K->41112K(492544K), 0.0028468 secs] [Times: user=0.01 sys=0.00, real=0.00 secs] 
2019-06-08T23:01:10.459+0300: 47.043: [GC (Allocation Failure) [PSYoungGen: 133376K->320K(154624K)] 174232K->41176K(496128K), 0.0021769 secs] [Times: user=0.01 sys=0.00, real=0.00 secs] 
2019-06-08T23:01:12.669+0300: 49.254: [GC (Allocation Failure) [PSYoungGen: 138048K->224K(153600K)] 178904K->41080K(495104K), 0.0026556 secs] [Times: user=0.00 sys=0.01, real=0.00 secs] 
23:01:18.166 [Curator-PathChildrenCache-0] ERROR o.a.c.f.r.c.PathChildrenCache  - 
java.lang.IllegalStateException: instance must be started before calling this method
	at org.apache.curator.shaded.com.google.common.base.Preconditions.checkState(Preconditions.java:444)
	at org.apache.curator.framework.imps.CuratorFrameworkImpl.getChildren(CuratorFrameworkImpl.java:456)
	at org.apache.curator.framework.recipes.cache.PathChildrenCache.refresh(PathChildrenCache.java:521)
	at org.apache.curator.framework.recipes.cache.RefreshOperation.invoke(RefreshOperation.java:35)
	at org.apache.curator.framework.recipes.cache.PathChildrenCache$9.run(PathChildrenCache.java:786)
	at java.util.concurrent.Executors$RunnableAdapter.call(Executors.java:511)
	at java.util.concurrent.FutureTask.run(FutureTask.java:266)
	at java.util.concurrent.Executors$RunnableAdapter.call(Executors.java:511)
	at java.util.concurrent.FutureTask.run(FutureTask.java:266)
	at java.util.concurrent.ThreadPoolExecutor.runWorker(ThreadPoolExecutor.java:1149)
	at java.util.concurrent.ThreadPoolExecutor$Worker.run(ThreadPoolExecutor.java:624)
	at java.lang.Thread.run(Thread.java:748)
23:01:18.263 [worker-akka.actor.default-dispatcher-8] ERROR c.s.f.r.WorkerApplication  - Something went wrong during trace flush
java.nio.file.AccessDeniedException: /tmp/trace.csv
	at sun.nio.fs.UnixException.translateToIOException(UnixException.java:84)
	at sun.nio.fs.UnixException.rethrowAsIOException(UnixException.java:102)
	at sun.nio.fs.UnixException.rethrowAsIOException(UnixException.java:107)
	at sun.nio.fs.UnixFileSystemProvider.newByteChannel(UnixFileSystemProvider.java:214)
	at java.nio.file.spi.FileSystemProvider.newOutputStream(FileSystemProvider.java:434)
	at java.nio.file.Files.newOutputStream(Files.java:216)
	at java.nio.file.Files.newBufferedWriter(Files.java:2860)
	at java.nio.file.Files.newBufferedWriter(Files.java:2896)
	at com.spbsu.flamestream.runtime.utils.tracing.Tracing.flush(Tracing.java:35)
	at com.spbsu.flamestream.runtime.WorkerApplication.lambda$run$0(WorkerApplication.java:109)
	at akka.actor.ActorSystemImpl$TerminationCallbacks$$anonfun$addRec$1$1.applyOrElse(ActorSystem.scala:1036)
	at akka.actor.ActorSystemImpl$TerminationCallbacks$$anonfun$addRec$1$1.applyOrElse(ActorSystem.scala:1036)
	at scala.concurrent.Future$$anonfun$andThen$1.apply(Future.scala:436)
	at scala.concurrent.Future$$anonfun$andThen$1.apply(Future.scala:435)
	at scala.concurrent.impl.CallbackRunnable.run(Promise.scala:36)
	at akka.dispatch.BatchingExecutor$AbstractBatch.processBatch(BatchingExecutor.scala:55)
	at akka.dispatch.BatchingExecutor$BlockableBatch$$anonfun$run$1.apply$mcV$sp(BatchingExecutor.scala:91)
	at akka.dispatch.BatchingExecutor$BlockableBatch$$anonfun$run$1.apply(BatchingExecutor.scala:91)
	at akka.dispatch.BatchingExecutor$BlockableBatch$$anonfun$run$1.apply(BatchingExecutor.scala:91)
	at scala.concurrent.BlockContext$.withBlockContext(BlockContext.scala:72)
	at akka.dispatch.BatchingExecutor$BlockableBatch.run(BatchingExecutor.scala:90)
	at akka.dispatch.TaskInvocation.run(AbstractDispatcher.scala:40)
	at akka.dispatch.ForkJoinExecutorConfigurator$AkkaForkJoinTask.exec(ForkJoinExecutorConfigurator.scala:44)
	at akka.dispatch.forkjoin.ForkJoinTask.doExec(ForkJoinTask.java:260)
	at akka.dispatch.forkjoin.ForkJoinPool$WorkQueue.runTask(ForkJoinPool.java:1339)
	at akka.dispatch.forkjoin.ForkJoinPool.runWorker(ForkJoinPool.java:1979)
	at akka.dispatch.forkjoin.ForkJoinWorkerThread.run(ForkJoinWorkerThread.java:107)
Heap
 PSYoungGen      total 153600K, used 43614K [0x00000000f5980000, 0x0000000100000000, 0x0000000100000000)
  eden space 137728K, 31% used [0x00000000f5980000,0x00000000f83df858,0x00000000fe000000)
  from space 15872K, 1% used [0x00000000fe000000,0x00000000fe038000,0x00000000fef80000)
  to   space 14848K, 0% used [0x00000000ff180000,0x00000000ff180000,0x0000000100000000)
 ParOldGen       total 341504K, used 40856K [0x00000000e0c00000, 0x00000000f5980000, 0x00000000f5980000)
  object space 341504K, 11% used [0x00000000e0c00000,0x00000000e33e6010,0x00000000f5980000)
 Metaspace       used 36148K, capacity 37072K, committed 37248K, reserved 1081344K
  class space    used 4985K, capacity 5188K, committed 5248K, reserved 1048576K
