13:11:53,839 |-INFO in ch.qos.logback.classic.LoggerContext[default] - Could NOT find resource [logback-test.xml]
13:11:53,839 |-INFO in ch.qos.logback.classic.LoggerContext[default] - Could NOT find resource [logback.groovy]
13:11:53,839 |-INFO in ch.qos.logback.classic.LoggerContext[default] - Found resource [logback.xml] at [jar:file:/root/flamestream/lib/flamestream-runtime-1.0-SNAPSHOT.jar!/logback.xml]
13:11:53,840 |-WARN in ch.qos.logback.classic.LoggerContext[default] - Resource [logback.xml] occurs multiple times on the classpath.
13:11:53,840 |-WARN in ch.qos.logback.classic.LoggerContext[default] - Resource [logback.xml] occurs at [jar:file:/root/flamestream/lib/flamestream-runtime-1.0-SNAPSHOT.jar!/logback.xml]
13:11:53,840 |-WARN in ch.qos.logback.classic.LoggerContext[default] - Resource [logback.xml] occurs at [jar:file:/root/flamestream/flamestream-runtime-1.0-SNAPSHOT.jar!/logback.xml]
13:11:53,860 |-INFO in ch.qos.logback.core.joran.spi.ConfigurationWatchList@3fb6a447 - URL [jar:file:/root/flamestream/lib/flamestream-runtime-1.0-SNAPSHOT.jar!/logback.xml] is not of type file
13:11:53,931 |-INFO in ch.qos.logback.classic.joran.action.ConfigurationAction - debug attribute not set
13:11:53,931 |-INFO in ch.qos.logback.core.joran.action.AppenderAction - About to instantiate appender of type [ch.qos.logback.core.ConsoleAppender]
13:11:53,949 |-INFO in ch.qos.logback.core.joran.action.AppenderAction - Naming appender as [STDOUT]
13:11:53,970 |-INFO in ch.qos.logback.core.joran.action.NestedComplexPropertyIA - Assuming default type [ch.qos.logback.classic.encoder.PatternLayoutEncoder] for [encoder] property
13:11:54,054 |-INFO in ch.qos.logback.core.joran.action.AppenderAction - About to instantiate appender of type [ch.qos.logback.core.rolling.RollingFileAppender]
13:11:54,060 |-INFO in ch.qos.logback.core.joran.action.AppenderAction - Naming appender as [FILE]
13:11:54,093 |-INFO in c.q.l.core.rolling.TimeBasedRollingPolicy@127618319 - No compression will be used
13:11:54,094 |-INFO in c.q.l.core.rolling.TimeBasedRollingPolicy@127618319 - Will use the pattern /tmp/application_%d{yyyy-MM-dd}.%i.log for the active file
13:11:54,097 |-INFO in ch.qos.logback.core.rolling.SizeAndTimeBasedFNATP@6b2fad11 - The date pattern is 'yyyy-MM-dd' from file name pattern '/tmp/application_%d{yyyy-MM-dd}.%i.log'.
13:11:54,097 |-INFO in ch.qos.logback.core.rolling.SizeAndTimeBasedFNATP@6b2fad11 - Roll-over at midnight.
13:11:54,102 |-INFO in ch.qos.logback.core.rolling.SizeAndTimeBasedFNATP@6b2fad11 - Setting initial period to Mon Jun 10 13:10:26 UTC 2019
13:11:54,102 |-WARN in ch.qos.logback.core.rolling.SizeAndTimeBasedFNATP@6b2fad11 - SizeAndTimeBasedFNATP is deprecated. Use SizeAndTimeBasedRollingPolicy instead
13:11:54,102 |-WARN in ch.qos.logback.core.rolling.SizeAndTimeBasedFNATP@6b2fad11 - For more information see http://logback.qos.ch/manual/appenders.html#SizeAndTimeBasedRollingPolicy
13:11:54,106 |-INFO in ch.qos.logback.core.joran.action.NestedComplexPropertyIA - Assuming default type [ch.qos.logback.classic.encoder.PatternLayoutEncoder] for [encoder] property
13:11:54,111 |-INFO in ch.qos.logback.core.rolling.RollingFileAppender[FILE] - Active log file name: /tmp/application.log
13:11:54,111 |-INFO in ch.qos.logback.core.rolling.RollingFileAppender[FILE] - File property is set to [/tmp/application.log]
13:11:54,112 |-INFO in ch.qos.logback.classic.joran.action.RootLoggerAction - Setting level of ROOT logger to WARN
13:11:54,112 |-INFO in ch.qos.logback.core.joran.action.AppenderRefAction - Attaching appender named [STDOUT] to Logger[ROOT]
13:11:54,114 |-INFO in ch.qos.logback.core.joran.action.AppenderRefAction - Attaching appender named [FILE] to Logger[ROOT]
13:11:54,114 |-INFO in ch.qos.logback.classic.joran.action.ConfigurationAction - End of configuration.
13:11:54,115 |-INFO in ch.qos.logback.classic.joran.JoranConfigurator@79698539 - Registering current configuration as safe fallback point

Ama winner
Ama winner
2019-06-10T13:11:55.445+0000: 1.796: [Full GC (Metadata GC Threshold) 2019-06-10T13:11:55.445+0000: 1.796: [Tenured: 0K->15144K(341376K), 0.0396028 secs] 114924K->15144K(494976K), [Metaspace: 20742K->20742K(1067008K)], 0.0396714 secs] [Times: user=0.04 sys=0.00, real=0.04 secs] 
13:12:13.076 [Curator-PathChildrenCache-1] WARN  o.a.c.u.ZKPaths  - The version of ZooKeeper being used doesn't support Container nodes. CreateMode.PERSISTENT will be used instead.
2019-06-10T13:12:15.368+0000: 21.719: [GC (Allocation Failure) 2019-06-10T13:12:15.368+0000: 21.719: [DefNew: 136576K->17023K(153600K), 0.0313832 secs] 151720K->52522K(494976K), 0.0314559 secs] [Times: user=0.02 sys=0.01, real=0.03 secs] 
2019-06-10T13:12:17.957+0000: 24.308: [Full GC (Metadata GC Threshold) 2019-06-10T13:12:17.957+0000: 24.308: [Tenured: 35498K->44245K(341376K), 0.0451924 secs] 94700K->44245K(494976K), [Metaspace: 34572K->34572K(1079296K)], 0.0452748 secs] [Times: user=0.04 sys=0.00, real=0.04 secs] 
2019-06-10T13:12:26.575+0000: 32.926: [GC (Allocation Failure) 2019-06-10T13:12:26.576+0000: 32.926: [DefNew: 136576K->63K(153600K), 0.0018038 secs] 180821K->44309K(494976K), 0.0029667 secs] [Times: user=0.00 sys=0.00, real=0.00 secs] 
2019-06-10T13:12:35.105+0000: 41.455: [GC (Allocation Failure) 2019-06-10T13:12:35.105+0000: 41.455: [DefNew: 136639K->63K(153600K), 0.0016783 secs] 180885K->44308K(494976K), 0.0017449 secs] [Times: user=0.00 sys=0.00, real=0.01 secs] 
2019-06-10T13:12:43.763+0000: 50.114: [GC (Allocation Failure) 2019-06-10T13:12:43.763+0000: 50.114: [DefNew: 136639K->65K(153600K), 0.0016492 secs] 180884K->44310K(494976K), 0.0017209 secs] [Times: user=0.00 sys=0.00, real=0.00 secs] 
2019-06-10T13:12:52.406+0000: 58.757: [GC (Allocation Failure) 2019-06-10T13:12:52.406+0000: 58.757: [DefNew: 136641K->64K(153600K), 0.0017436 secs] 180886K->44310K(494976K), 0.0018052 secs] [Times: user=0.00 sys=0.00, real=0.01 secs] 
2019-06-10T13:13:02.202+0000: 68.553: [GC (Allocation Failure) 2019-06-10T13:13:02.202+0000: 68.553: [DefNew: 136640K->409K(153600K), 0.0023646 secs] 180886K->44654K(494976K), 0.0024307 secs] [Times: user=0.01 sys=0.00, real=0.00 secs] 
2019-06-10T13:13:12.694+0000: 79.045: [GC (Allocation Failure) 2019-06-10T13:13:12.694+0000: 79.045: [DefNew: 136985K->163K(153600K), 0.0020842 secs] 181230K->44408K(494976K), 0.0021499 secs] [Times: user=0.00 sys=0.00, real=0.00 secs] 
13:13:31.207 [Curator-PathChildrenCache-0] ERROR o.a.c.f.r.c.PathChildrenCache  - 
java.lang.IllegalStateException: instance must be started before calling this method
	at org.apache.curator.shaded.com.google.common.base.Preconditions.checkState(Preconditions.java:444)
	at org.apache.curator.framework.imps.CuratorFrameworkImpl.getChildren(CuratorFrameworkImpl.java:456)
	at org.apache.curator.framework.recipes.cache.PathChildrenCache.refresh(PathChildrenCache.java:521)
	at org.apache.curator.framework.recipes.cache.RefreshOperation.invoke(RefreshOperation.java:35)
	at org.apache.curator.framework.recipes.cache.PathChildrenCache$9.run(PathChildrenCache.java:786)
	at java.util.concurrent.Executors$RunnableAdapter.call(Executors.java:511)
	at java.util.concurrent.FutureTask.run(FutureTask.java:266)
	at java.util.concurrent.Executors$RunnableAdapter.call(Executors.java:511)
	at java.util.concurrent.FutureTask.run(FutureTask.java:266)
	at java.util.concurrent.ThreadPoolExecutor.runWorker(ThreadPoolExecutor.java:1149)
	at java.util.concurrent.ThreadPoolExecutor$Worker.run(ThreadPoolExecutor.java:624)
	at java.lang.Thread.run(Thread.java:748)
Heap
 def new generation   total 153600K, used 113812K [0x00000000e0c00000, 0x00000000eb2a0000, 0x00000000eb2a0000)
  eden space 136576K,  83% used [0x00000000e0c00000, 0x00000000e7afc730, 0x00000000e9160000)
  from space 17024K,   0% used [0x00000000ea200000, 0x00000000ea228cc0, 0x00000000eb2a0000)
  to   space 17024K,   0% used [0x00000000e9160000, 0x00000000e9160000, 0x00000000ea200000)
 tenured generation   total 341376K, used 44245K [0x00000000eb2a0000, 0x0000000100000000, 0x0000000100000000)
   the space 341376K,  12% used [0x00000000eb2a0000, 0x00000000eddd5638, 0x00000000eddd5800, 0x0000000100000000)
 Metaspace       used 36166K, capacity 37060K, committed 37376K, reserved 1081344K
  class space    used 4855K, capacity 5074K, committed 5120K, reserved 1048576K
