11:10:05,950 |-INFO in ch.qos.logback.classic.LoggerContext[default] - Could NOT find resource [logback-test.xml]
11:10:05,950 |-INFO in ch.qos.logback.classic.LoggerContext[default] - Could NOT find resource [logback.groovy]
11:10:05,950 |-INFO in ch.qos.logback.classic.LoggerContext[default] - Found resource [logback.xml] at [jar:file:/home/nikitasokolov/flamestream/lib/flamestream-runtime-1.0-SNAPSHOT.jar!/logback.xml]
11:10:05,951 |-WARN in ch.qos.logback.classic.LoggerContext[default] - Resource [logback.xml] occurs multiple times on the classpath.
11:10:05,951 |-WARN in ch.qos.logback.classic.LoggerContext[default] - Resource [logback.xml] occurs at [jar:file:/home/nikitasokolov/flamestream/lib/flamestream-runtime-1.0-SNAPSHOT.jar!/logback.xml]
11:10:05,951 |-WARN in ch.qos.logback.classic.LoggerContext[default] - Resource [logback.xml] occurs at [jar:file:/home/nikitasokolov/flamestream/flamestream-runtime-1.0-SNAPSHOT.jar!/logback.xml]
11:10:05,967 |-INFO in ch.qos.logback.core.joran.spi.ConfigurationWatchList@6108b2d7 - URL [jar:file:/home/nikitasokolov/flamestream/lib/flamestream-runtime-1.0-SNAPSHOT.jar!/logback.xml] is not of type file
11:10:06,020 |-INFO in ch.qos.logback.classic.joran.action.ConfigurationAction - debug attribute not set
11:10:06,020 |-INFO in ch.qos.logback.core.joran.action.AppenderAction - About to instantiate appender of type [ch.qos.logback.core.ConsoleAppender]
11:10:06,031 |-INFO in ch.qos.logback.core.joran.action.AppenderAction - Naming appender as [STDOUT]
11:10:06,040 |-INFO in ch.qos.logback.core.joran.action.NestedComplexPropertyIA - Assuming default type [ch.qos.logback.classic.encoder.PatternLayoutEncoder] for [encoder] property
11:10:06,096 |-INFO in ch.qos.logback.core.joran.action.AppenderAction - About to instantiate appender of type [ch.qos.logback.core.rolling.RollingFileAppender]
11:10:06,102 |-INFO in ch.qos.logback.core.joran.action.AppenderAction - Naming appender as [FILE]
11:10:06,124 |-INFO in c.q.l.core.rolling.TimeBasedRollingPolicy@357863579 - No compression will be used
11:10:06,125 |-INFO in c.q.l.core.rolling.TimeBasedRollingPolicy@357863579 - Will use the pattern /tmp/application_%d{yyyy-MM-dd}.%i.log for the active file
11:10:06,128 |-INFO in ch.qos.logback.core.rolling.SizeAndTimeBasedFNATP@6bf256fa - The date pattern is 'yyyy-MM-dd' from file name pattern '/tmp/application_%d{yyyy-MM-dd}.%i.log'.
11:10:06,128 |-INFO in ch.qos.logback.core.rolling.SizeAndTimeBasedFNATP@6bf256fa - Roll-over at midnight.
11:10:06,132 |-INFO in ch.qos.logback.core.rolling.SizeAndTimeBasedFNATP@6bf256fa - Setting initial period to Sun Jun 09 11:09:18 MSK 2019
11:10:06,132 |-WARN in ch.qos.logback.core.rolling.SizeAndTimeBasedFNATP@6bf256fa - SizeAndTimeBasedFNATP is deprecated. Use SizeAndTimeBasedRollingPolicy instead
11:10:06,132 |-WARN in ch.qos.logback.core.rolling.SizeAndTimeBasedFNATP@6bf256fa - For more information see http://logback.qos.ch/manual/appenders.html#SizeAndTimeBasedRollingPolicy
11:10:06,136 |-INFO in ch.qos.logback.core.joran.action.NestedComplexPropertyIA - Assuming default type [ch.qos.logback.classic.encoder.PatternLayoutEncoder] for [encoder] property
11:10:06,138 |-INFO in ch.qos.logback.core.rolling.RollingFileAppender[FILE] - Active log file name: /tmp/application.log
11:10:06,138 |-INFO in ch.qos.logback.core.rolling.RollingFileAppender[FILE] - File property is set to [/tmp/application.log]
11:10:06,139 |-INFO in ch.qos.logback.classic.joran.action.RootLoggerAction - Setting level of ROOT logger to WARN
11:10:06,139 |-INFO in ch.qos.logback.core.joran.action.AppenderRefAction - Attaching appender named [STDOUT] to Logger[ROOT]
11:10:06,140 |-INFO in ch.qos.logback.core.joran.action.AppenderRefAction - Attaching appender named [FILE] to Logger[ROOT]
11:10:06,140 |-INFO in ch.qos.logback.classic.joran.action.ConfigurationAction - End of configuration.
11:10:06,141 |-INFO in ch.qos.logback.classic.joran.JoranConfigurator@6cd8737 - Registering current configuration as safe fallback point

2019-06-09T11:10:07.160+0300: 1.405: [GC (Metadata GC Threshold) [PSYoungGen: 105582K->15771K(149504K)] 105582K->15851K(491008K), 0.0276105 secs] [Times: user=0.15 sys=0.03, real=0.02 secs] 
2019-06-09T11:10:07.188+0300: 1.433: [Full GC (Metadata GC Threshold) [PSYoungGen: 15771K->0K(149504K)] [ParOldGen: 80K->14982K(341504K)] 15851K->14982K(491008K), [Metaspace: 20803K->20803K(1067008K)], 0.0293574 secs] [Times: user=0.19 sys=0.01, real=0.03 secs] 
11:10:18.478 [Curator-PathChildrenCache-1] WARN  o.a.c.u.ZKPaths  - The version of ZooKeeper being used doesn't support Container nodes. CreateMode.PERSISTENT will be used instead.
2019-06-09T11:10:19.367+0300: 13.612: [GC (Metadata GC Threshold) [PSYoungGen: 124968K->20971K(149504K)] 139950K->49883K(491008K), 0.0201950 secs] [Times: user=0.21 sys=0.01, real=0.02 secs] 
2019-06-09T11:10:19.387+0300: 13.632: [Full GC (Metadata GC Threshold) [PSYoungGen: 20971K->0K(149504K)] [ParOldGen: 28912K->38775K(341504K)] 49883K->38775K(491008K), [Metaspace: 34516K->34516K(1079296K)], 0.0352696 secs] [Times: user=0.17 sys=0.01, real=0.04 secs] 
2019-06-09T11:10:25.354+0300: 19.598: [GC (Allocation Failure) [PSYoungGen: 128512K->352K(149504K)] 167287K->39135K(491008K), 0.0043641 secs] [Times: user=0.03 sys=0.01, real=0.01 secs] 
2019-06-09T11:10:32.051+0300: 26.296: [GC (Allocation Failure) [PSYoungGen: 128864K->416K(149504K)] 167647K->39207K(491008K), 0.0052999 secs] [Times: user=0.04 sys=0.01, real=0.00 secs] 
2019-06-09T11:10:38.802+0300: 33.047: [GC (Allocation Failure) [PSYoungGen: 128928K->512K(129536K)] 167719K->39312K(471040K), 0.0028117 secs] [Times: user=0.01 sys=0.01, real=0.00 secs] 
2019-06-09T11:10:45.597+0300: 39.842: [GC (Allocation Failure) [PSYoungGen: 129024K->448K(133120K)] 167824K->39256K(474624K), 0.0136799 secs] [Times: user=0.12 sys=0.02, real=0.02 secs] 
2019-06-09T11:10:50.534+0300: 44.779: [GC (Allocation Failure) [PSYoungGen: 93632K->480K(130560K)] 132440K->39296K(472064K), 0.0028494 secs] [Times: user=0.01 sys=0.00, real=0.00 secs] 
2019-06-09T11:10:55.489+0300: 49.734: [GC (Allocation Failure) [PSYoungGen: 93664K->544K(136704K)] 132480K->39360K(478208K), 0.0049758 secs] [Times: user=0.02 sys=0.02, real=0.01 secs] 
2019-06-09T11:11:00.910+0300: 55.155: [GC (Allocation Failure) [PSYoungGen: 101920K->416K(135168K)] 140736K->39240K(476672K), 0.0032342 secs] [Times: user=0.01 sys=0.00, real=0.00 secs] 
2019-06-09T11:11:06.292+0300: 60.600: [GC (Allocation Failure) [PSYoungGen: 101792K->544K(140288K)] 140616K->39376K(481792K), 0.0673198 secs] [Times: user=0.03 sys=0.00, real=0.07 secs] 
2019-06-09T11:11:13.108+0300: 67.353: [GC (Allocation Failure) [PSYoungGen: 109088K->951K(138752K)] 147920K->39791K(480256K), 0.0030537 secs] [Times: user=0.01 sys=0.00, real=0.01 secs] 
2019-06-09T11:11:20.526+0300: 74.771: [GC (Allocation Failure) [PSYoungGen: 109495K->640K(143360K)] 148335K->39488K(484864K), 0.0029477 secs] [Times: user=0.02 sys=0.00, real=0.00 secs] 
11:11:38.827 [Curator-PathChildrenCache-0] ERROR o.a.c.f.r.c.PathChildrenCache  - 
java.lang.IllegalStateException: instance must be started before calling this method
	at org.apache.curator.shaded.com.google.common.base.Preconditions.checkState(Preconditions.java:444)
	at org.apache.curator.framework.imps.CuratorFrameworkImpl.getChildren(CuratorFrameworkImpl.java:456)
	at org.apache.curator.framework.recipes.cache.PathChildrenCache.refresh(PathChildrenCache.java:521)
	at org.apache.curator.framework.recipes.cache.RefreshOperation.invoke(RefreshOperation.java:35)
	at org.apache.curator.framework.recipes.cache.PathChildrenCache$9.run(PathChildrenCache.java:786)
	at java.util.concurrent.Executors$RunnableAdapter.call(Executors.java:511)
	at java.util.concurrent.FutureTask.run(FutureTask.java:266)
	at java.util.concurrent.Executors$RunnableAdapter.call(Executors.java:511)
	at java.util.concurrent.FutureTask.run(FutureTask.java:266)
	at java.util.concurrent.ThreadPoolExecutor.runWorker(ThreadPoolExecutor.java:1149)
	at java.util.concurrent.ThreadPoolExecutor$Worker.run(ThreadPoolExecutor.java:624)
	at java.lang.Thread.run(Thread.java:748)
Heap
 PSYoungGen      total 143360K, used 113479K [0x00000000f5980000, 0x0000000100000000, 0x0000000100000000)
  eden space 114688K, 98% used [0x00000000f5980000,0x00000000fc7b1bd8,0x00000000fc980000)
  from space 28672K, 2% used [0x00000000fe400000,0x00000000fe4a0050,0x0000000100000000)
  to   space 27136K, 0% used [0x00000000fc980000,0x00000000fc980000,0x00000000fe400000)
 ParOldGen       total 341504K, used 38847K [0x00000000e0c00000, 0x00000000f5980000, 0x00000000f5980000)
  object space 341504K, 11% used [0x00000000e0c00000,0x00000000e31effe8,0x00000000f5980000)
 Metaspace       used 36203K, capacity 37076K, committed 37208K, reserved 1081344K
  class space    used 4984K, capacity 5170K, committed 5248K, reserved 1048576K
