05:39:57,448 |-INFO in ch.qos.logback.classic.LoggerContext[default] - Could NOT find resource [logback-test.xml]
05:39:57,449 |-INFO in ch.qos.logback.classic.LoggerContext[default] - Could NOT find resource [logback.groovy]
05:39:57,449 |-INFO in ch.qos.logback.classic.LoggerContext[default] - Found resource [logback.xml] at [jar:file:/root/flamestream/lib/flamestream-runtime-1.0-SNAPSHOT.jar!/logback.xml]
05:39:57,449 |-WARN in ch.qos.logback.classic.LoggerContext[default] - Resource [logback.xml] occurs multiple times on the classpath.
05:39:57,449 |-WARN in ch.qos.logback.classic.LoggerContext[default] - Resource [logback.xml] occurs at [jar:file:/root/flamestream/lib/flamestream-runtime-1.0-SNAPSHOT.jar!/logback.xml]
05:39:57,449 |-WARN in ch.qos.logback.classic.LoggerContext[default] - Resource [logback.xml] occurs at [jar:file:/root/flamestream/flamestream-runtime-1.0-SNAPSHOT.jar!/logback.xml]
05:39:57,471 |-INFO in ch.qos.logback.core.joran.spi.ConfigurationWatchList@3fb6a447 - URL [jar:file:/root/flamestream/lib/flamestream-runtime-1.0-SNAPSHOT.jar!/logback.xml] is not of type file
05:39:57,537 |-INFO in ch.qos.logback.classic.joran.action.ConfigurationAction - debug attribute not set
05:39:57,538 |-INFO in ch.qos.logback.core.joran.action.AppenderAction - About to instantiate appender of type [ch.qos.logback.core.ConsoleAppender]
05:39:57,554 |-INFO in ch.qos.logback.core.joran.action.AppenderAction - Naming appender as [STDOUT]
05:39:57,573 |-INFO in ch.qos.logback.core.joran.action.NestedComplexPropertyIA - Assuming default type [ch.qos.logback.classic.encoder.PatternLayoutEncoder] for [encoder] property
05:39:57,650 |-INFO in ch.qos.logback.core.joran.action.AppenderAction - About to instantiate appender of type [ch.qos.logback.core.rolling.RollingFileAppender]
05:39:57,663 |-INFO in ch.qos.logback.core.joran.action.AppenderAction - Naming appender as [FILE]
05:39:57,692 |-INFO in c.q.l.core.rolling.TimeBasedRollingPolicy@127618319 - No compression will be used
05:39:57,693 |-INFO in c.q.l.core.rolling.TimeBasedRollingPolicy@127618319 - Will use the pattern /tmp/application_%d{yyyy-MM-dd}.%i.log for the active file
05:39:57,696 |-INFO in ch.qos.logback.core.rolling.SizeAndTimeBasedFNATP@6b2fad11 - The date pattern is 'yyyy-MM-dd' from file name pattern '/tmp/application_%d{yyyy-MM-dd}.%i.log'.
05:39:57,696 |-INFO in ch.qos.logback.core.rolling.SizeAndTimeBasedFNATP@6b2fad11 - Roll-over at midnight.
05:39:57,701 |-INFO in ch.qos.logback.core.rolling.SizeAndTimeBasedFNATP@6b2fad11 - Setting initial period to Tue Jun 11 05:38:43 UTC 2019
05:39:57,701 |-WARN in ch.qos.logback.core.rolling.SizeAndTimeBasedFNATP@6b2fad11 - SizeAndTimeBasedFNATP is deprecated. Use SizeAndTimeBasedRollingPolicy instead
05:39:57,701 |-WARN in ch.qos.logback.core.rolling.SizeAndTimeBasedFNATP@6b2fad11 - For more information see http://logback.qos.ch/manual/appenders.html#SizeAndTimeBasedRollingPolicy
05:39:57,706 |-INFO in ch.qos.logback.core.joran.action.NestedComplexPropertyIA - Assuming default type [ch.qos.logback.classic.encoder.PatternLayoutEncoder] for [encoder] property
05:39:57,710 |-INFO in ch.qos.logback.core.rolling.RollingFileAppender[FILE] - Active log file name: /tmp/application.log
05:39:57,710 |-INFO in ch.qos.logback.core.rolling.RollingFileAppender[FILE] - File property is set to [/tmp/application.log]
05:39:57,712 |-INFO in ch.qos.logback.classic.joran.action.RootLoggerAction - Setting level of ROOT logger to WARN
05:39:57,712 |-INFO in ch.qos.logback.core.joran.action.AppenderRefAction - Attaching appender named [STDOUT] to Logger[ROOT]
05:39:57,714 |-INFO in ch.qos.logback.core.joran.action.AppenderRefAction - Attaching appender named [FILE] to Logger[ROOT]
05:39:57,714 |-INFO in ch.qos.logback.classic.joran.action.ConfigurationAction - End of configuration.
05:39:57,714 |-INFO in ch.qos.logback.classic.joran.JoranConfigurator@79698539 - Registering current configuration as safe fallback point

Ama winner
Ama winner
2019-06-11T05:39:59.002+0000: 1.742: [Full GC (Metadata GC Threshold) 2019-06-11T05:39:59.002+0000: 1.742: [Tenured: 0K->15209K(341376K), 0.0356848 secs] 114987K->15209K(494976K), [Metaspace: 20736K->20736K(1067008K)], 0.0357540 secs] [Times: user=0.03 sys=0.00, real=0.04 secs] 
05:40:13.536 [Curator-PathChildrenCache-2] WARN  o.a.c.u.ZKPaths  - The version of ZooKeeper being used doesn't support Container nodes. CreateMode.PERSISTENT will be used instead.
2019-06-11T05:40:15.741+0000: 18.481: [GC (Allocation Failure) 2019-06-11T05:40:15.741+0000: 18.481: [DefNew: 136576K->17024K(153600K), 0.0273087 secs] 151785K->52764K(494976K), 0.0273717 secs] [Times: user=0.02 sys=0.00, real=0.03 secs] 
2019-06-11T05:40:16.137+0000: 18.877: [Full GC (Metadata GC Threshold) 2019-06-11T05:40:16.137+0000: 18.877: [Tenured: 35740K->44190K(341376K), 0.0348781 secs] 69592K->44190K(494976K), [Metaspace: 34557K->34557K(1079296K)], 0.0349548 secs] [Times: user=0.02 sys=0.00, real=0.03 secs] 
2019-06-11T05:40:18.561+0000: 21.301: [GC (Allocation Failure) 2019-06-11T05:40:18.561+0000: 21.301: [DefNew: 136576K->107K(153600K), 0.0019341 secs] 180766K->44298K(494976K), 0.0019899 secs] [Times: user=0.00 sys=0.00, real=0.00 secs] 
2019-06-11T05:40:20.737+0000: 23.477: [GC (Allocation Failure) 2019-06-11T05:40:20.737+0000: 23.477: [DefNew: 136683K->126K(153600K), 0.0018697 secs] 180874K->44316K(494976K), 0.0019380 secs] [Times: user=0.00 sys=0.00, real=0.00 secs] 
2019-06-11T05:40:22.950+0000: 25.690: [GC (Allocation Failure) 2019-06-11T05:40:22.950+0000: 25.690: [DefNew: 136702K->126K(153600K), 0.0018086 secs] 180892K->44317K(494976K), 0.0018663 secs] [Times: user=0.01 sys=0.00, real=0.00 secs] 
2019-06-11T05:40:25.113+0000: 27.853: [GC (Allocation Failure) 2019-06-11T05:40:25.113+0000: 27.853: [DefNew: 136702K->128K(153600K), 0.0018622 secs] 180893K->44318K(494976K), 0.0019213 secs] [Times: user=0.00 sys=0.00, real=0.00 secs] 
2019-06-11T05:40:27.256+0000: 29.996: [GC (Allocation Failure) 2019-06-11T05:40:27.256+0000: 29.996: [DefNew: 136704K->128K(153600K), 0.0018875 secs] 180894K->44319K(494976K), 0.0019453 secs] [Times: user=0.00 sys=0.00, real=0.00 secs] 
2019-06-11T05:40:29.417+0000: 32.157: [GC (Allocation Failure) 2019-06-11T05:40:29.417+0000: 32.157: [DefNew: 136704K->125K(153600K), 0.0018697 secs] 180895K->44316K(494976K), 0.0019311 secs] [Times: user=0.00 sys=0.00, real=0.00 secs] 
2019-06-11T05:40:31.553+0000: 34.293: [GC (Allocation Failure) 2019-06-11T05:40:31.553+0000: 34.293: [DefNew: 136701K->127K(153600K), 0.0018392 secs] 180892K->44317K(494976K), 0.0018983 secs] [Times: user=0.01 sys=0.00, real=0.01 secs] 
05:40:38.227 [Curator-PathChildrenCache-0] ERROR o.a.c.f.r.c.PathChildrenCache  - 
java.lang.IllegalStateException: instance must be started before calling this method
	at org.apache.curator.shaded.com.google.common.base.Preconditions.checkState(Preconditions.java:444)
	at org.apache.curator.framework.imps.CuratorFrameworkImpl.getChildren(CuratorFrameworkImpl.java:456)
	at org.apache.curator.framework.recipes.cache.PathChildrenCache.refresh(PathChildrenCache.java:521)
	at org.apache.curator.framework.recipes.cache.RefreshOperation.invoke(RefreshOperation.java:35)
	at org.apache.curator.framework.recipes.cache.PathChildrenCache$9.run(PathChildrenCache.java:786)
	at java.util.concurrent.Executors$RunnableAdapter.call(Executors.java:511)
	at java.util.concurrent.FutureTask.run(FutureTask.java:266)
	at java.util.concurrent.Executors$RunnableAdapter.call(Executors.java:511)
	at java.util.concurrent.FutureTask.run(FutureTask.java:266)
	at java.util.concurrent.ThreadPoolExecutor.runWorker(ThreadPoolExecutor.java:1149)
	at java.util.concurrent.ThreadPoolExecutor$Worker.run(ThreadPoolExecutor.java:624)
	at java.lang.Thread.run(Thread.java:748)
Heap
 def new generation   total 153600K, used 103199K [0x00000000e0c00000, 0x00000000eb2a0000, 0x00000000eb2a0000)
  eden space 136576K,  75% used [0x00000000e0c00000, 0x00000000e70a8108, 0x00000000e9160000)
  from space 17024K,   0% used [0x00000000e9160000, 0x00000000e917fcf0, 0x00000000ea200000)
  to   space 17024K,   0% used [0x00000000ea200000, 0x00000000ea200000, 0x00000000eb2a0000)
 tenured generation   total 341376K, used 44190K [0x00000000eb2a0000, 0x0000000100000000, 0x0000000100000000)
   the space 341376K,  12% used [0x00000000eb2a0000, 0x00000000eddc7ae0, 0x00000000eddc7c00, 0x0000000100000000)
 Metaspace       used 35963K, capacity 36936K, committed 37120K, reserved 1081344K
  class space    used 4858K, capacity 5060K, committed 5120K, reserved 1048576K
