14:11:15,614 |-INFO in ch.qos.logback.classic.LoggerContext[default] - Could NOT find resource [logback-test.xml]
14:11:15,615 |-INFO in ch.qos.logback.classic.LoggerContext[default] - Could NOT find resource [logback.groovy]
14:11:15,615 |-INFO in ch.qos.logback.classic.LoggerContext[default] - Found resource [logback.xml] at [jar:file:/home/nikitasokolov/flamestream/lib/flamestream-runtime-1.0-SNAPSHOT.jar!/logback.xml]
14:11:15,615 |-WARN in ch.qos.logback.classic.LoggerContext[default] - Resource [logback.xml] occurs multiple times on the classpath.
14:11:15,616 |-WARN in ch.qos.logback.classic.LoggerContext[default] - Resource [logback.xml] occurs at [jar:file:/home/nikitasokolov/flamestream/lib/flamestream-runtime-1.0-SNAPSHOT.jar!/logback.xml]
14:11:15,616 |-WARN in ch.qos.logback.classic.LoggerContext[default] - Resource [logback.xml] occurs at [jar:file:/home/nikitasokolov/flamestream/flamestream-runtime-1.0-SNAPSHOT.jar!/logback.xml]
14:11:15,632 |-INFO in ch.qos.logback.core.joran.spi.ConfigurationWatchList@6108b2d7 - URL [jar:file:/home/nikitasokolov/flamestream/lib/flamestream-runtime-1.0-SNAPSHOT.jar!/logback.xml] is not of type file
14:11:15,682 |-INFO in ch.qos.logback.classic.joran.action.ConfigurationAction - debug attribute not set
14:11:15,682 |-INFO in ch.qos.logback.core.joran.action.AppenderAction - About to instantiate appender of type [ch.qos.logback.core.ConsoleAppender]
14:11:15,690 |-INFO in ch.qos.logback.core.joran.action.AppenderAction - Naming appender as [STDOUT]
14:11:15,697 |-INFO in ch.qos.logback.core.joran.action.NestedComplexPropertyIA - Assuming default type [ch.qos.logback.classic.encoder.PatternLayoutEncoder] for [encoder] property
14:11:15,754 |-INFO in ch.qos.logback.core.joran.action.AppenderAction - About to instantiate appender of type [ch.qos.logback.core.rolling.RollingFileAppender]
14:11:15,760 |-INFO in ch.qos.logback.core.joran.action.AppenderAction - Naming appender as [FILE]
14:11:15,782 |-INFO in c.q.l.core.rolling.TimeBasedRollingPolicy@357863579 - No compression will be used
14:11:15,783 |-INFO in c.q.l.core.rolling.TimeBasedRollingPolicy@357863579 - Will use the pattern /tmp/application_%d{yyyy-MM-dd}.%i.log for the active file
14:11:15,786 |-INFO in ch.qos.logback.core.rolling.SizeAndTimeBasedFNATP@6bf256fa - The date pattern is 'yyyy-MM-dd' from file name pattern '/tmp/application_%d{yyyy-MM-dd}.%i.log'.
14:11:15,786 |-INFO in ch.qos.logback.core.rolling.SizeAndTimeBasedFNATP@6bf256fa - Roll-over at midnight.
14:11:15,790 |-INFO in ch.qos.logback.core.rolling.SizeAndTimeBasedFNATP@6bf256fa - Setting initial period to Sun Jun 09 14:10:35 MSK 2019
14:11:15,790 |-WARN in ch.qos.logback.core.rolling.SizeAndTimeBasedFNATP@6bf256fa - SizeAndTimeBasedFNATP is deprecated. Use SizeAndTimeBasedRollingPolicy instead
14:11:15,790 |-WARN in ch.qos.logback.core.rolling.SizeAndTimeBasedFNATP@6bf256fa - For more information see http://logback.qos.ch/manual/appenders.html#SizeAndTimeBasedRollingPolicy
14:11:15,795 |-INFO in ch.qos.logback.core.joran.action.NestedComplexPropertyIA - Assuming default type [ch.qos.logback.classic.encoder.PatternLayoutEncoder] for [encoder] property
14:11:15,797 |-INFO in ch.qos.logback.core.rolling.RollingFileAppender[FILE] - Active log file name: /tmp/application.log
14:11:15,797 |-INFO in ch.qos.logback.core.rolling.RollingFileAppender[FILE] - File property is set to [/tmp/application.log]
14:11:15,798 |-INFO in ch.qos.logback.classic.joran.action.RootLoggerAction - Setting level of ROOT logger to WARN
14:11:15,798 |-INFO in ch.qos.logback.core.joran.action.AppenderRefAction - Attaching appender named [STDOUT] to Logger[ROOT]
14:11:15,799 |-INFO in ch.qos.logback.core.joran.action.AppenderRefAction - Attaching appender named [FILE] to Logger[ROOT]
14:11:15,799 |-INFO in ch.qos.logback.classic.joran.action.ConfigurationAction - End of configuration.
14:11:15,799 |-INFO in ch.qos.logback.classic.joran.JoranConfigurator@6cd8737 - Registering current configuration as safe fallback point

2019-06-09T14:11:16.780+0300: 1.365: [GC (Metadata GC Threshold) [PSYoungGen: 110722K->15977K(149504K)] 110722K->16057K(491008K), 0.0215768 secs] [Times: user=0.07 sys=0.04, real=0.02 secs] 
2019-06-09T14:11:16.801+0300: 1.386: [Full GC (Metadata GC Threshold) [PSYoungGen: 15977K->0K(149504K)] [ParOldGen: 80K->15078K(341504K)] 16057K->15078K(491008K), [Metaspace: 20802K->20802K(1067008K)], 0.0287698 secs] [Times: user=0.18 sys=0.02, real=0.03 secs] 
14:11:24.393 [Curator-PathChildrenCache-1] WARN  o.a.c.u.ZKPaths  - The version of ZooKeeper being used doesn't support Container nodes. CreateMode.PERSISTENT will be used instead.
2019-06-09T14:11:25.369+0300: 9.955: [GC (Metadata GC Threshold) [PSYoungGen: 126648K->15816K(149504K)] 141726K->50434K(491008K), 0.0271750 secs] [Times: user=0.22 sys=0.02, real=0.03 secs] 
2019-06-09T14:11:25.397+0300: 9.982: [Full GC (Metadata GC Threshold) [PSYoungGen: 15816K->0K(149504K)] [ParOldGen: 34617K->38826K(341504K)] 50434K->38826K(491008K), [Metaspace: 34544K->34544K(1079296K)], 0.0370351 secs] [Times: user=0.21 sys=0.01, real=0.04 secs] 
2019-06-09T14:11:28.045+0300: 12.630: [GC (Allocation Failure) [PSYoungGen: 128512K->480K(149504K)] 167338K->39314K(491008K), 0.0034085 secs] [Times: user=0.01 sys=0.00, real=0.00 secs] 
2019-06-09T14:11:31.020+0300: 15.606: [GC (Allocation Failure) [PSYoungGen: 128992K->448K(149504K)] 167826K->39290K(491008K), 0.0033715 secs] [Times: user=0.01 sys=0.00, real=0.00 secs] 
2019-06-09T14:11:34.051+0300: 18.636: [GC (Allocation Failure) [PSYoungGen: 128960K->480K(129024K)] 167802K->39330K(470528K), 0.0047938 secs] [Times: user=0.03 sys=0.00, real=0.00 secs] 
2019-06-09T14:11:37.108+0300: 21.693: [GC (Allocation Failure) [PSYoungGen: 128992K->416K(150016K)] 167842K->39266K(491520K), 0.0025665 secs] [Times: user=0.01 sys=0.01, real=0.01 secs] 
2019-06-09T14:11:40.175+0300: 24.760: [GC (Allocation Failure) [PSYoungGen: 128928K->448K(148992K)] 167778K->39298K(490496K), 0.0116600 secs] [Times: user=0.10 sys=0.01, real=0.01 secs] 
2019-06-09T14:11:43.246+0300: 27.831: [GC (Allocation Failure) [PSYoungGen: 128960K->384K(151552K)] 167810K->39234K(493056K), 0.0039024 secs] [Times: user=0.01 sys=0.00, real=0.01 secs] 
2019-06-09T14:11:46.377+0300: 30.962: [GC (Allocation Failure) [PSYoungGen: 131968K->512K(150528K)] 170818K->39370K(492032K), 0.0022918 secs] [Times: user=0.01 sys=0.00, real=0.01 secs] 
2019-06-09T14:11:55.636+0300: 40.221: [GC (Allocation Failure) [PSYoungGen: 132096K->448K(153088K)] 170954K->39314K(494592K), 0.0023822 secs] [Times: user=0.01 sys=0.00, real=0.01 secs] 
14:11:55.696 [Curator-PathChildrenCache-0] ERROR o.a.c.f.r.c.PathChildrenCache  - 
java.lang.IllegalStateException: instance must be started before calling this method
	at org.apache.curator.shaded.com.google.common.base.Preconditions.checkState(Preconditions.java:444)
	at org.apache.curator.framework.imps.CuratorFrameworkImpl.getChildren(CuratorFrameworkImpl.java:456)
	at org.apache.curator.framework.recipes.cache.PathChildrenCache.refresh(PathChildrenCache.java:521)
	at org.apache.curator.framework.recipes.cache.RefreshOperation.invoke(RefreshOperation.java:35)
	at org.apache.curator.framework.recipes.cache.PathChildrenCache$9.run(PathChildrenCache.java:786)
	at java.util.concurrent.Executors$RunnableAdapter.call(Executors.java:511)
	at java.util.concurrent.FutureTask.run(FutureTask.java:266)
	at java.util.concurrent.Executors$RunnableAdapter.call(Executors.java:511)
	at java.util.concurrent.FutureTask.run(FutureTask.java:266)
	at java.util.concurrent.ThreadPoolExecutor.runWorker(ThreadPoolExecutor.java:1149)
	at java.util.concurrent.ThreadPoolExecutor$Worker.run(ThreadPoolExecutor.java:624)
	at java.lang.Thread.run(Thread.java:748)
Heap
 PSYoungGen      total 153088K, used 15596K [0x00000000f5980000, 0x0000000100000000, 0x0000000100000000)
  eden space 135168K, 11% used [0x00000000f5980000,0x00000000f684b130,0x00000000fdd80000)
  from space 17920K, 2% used [0x00000000fee80000,0x00000000feef0020,0x0000000100000000)
  to   space 17408K, 0% used [0x00000000fdd80000,0x00000000fdd80000,0x00000000fee80000)
 ParOldGen       total 341504K, used 38866K [0x00000000e0c00000, 0x00000000f5980000, 0x00000000f5980000)
  object space 341504K, 11% used [0x00000000e0c00000,0x00000000e31f48b8,0x00000000f5980000)
 Metaspace       used 35687K, capacity 36542K, committed 36952K, reserved 1081344K
  class space    used 4935K, capacity 5129K, committed 5248K, reserved 1048576K
