08:16:32,387 |-INFO in ch.qos.logback.classic.LoggerContext[default] - Could NOT find resource [logback-test.xml]
08:16:32,387 |-INFO in ch.qos.logback.classic.LoggerContext[default] - Could NOT find resource [logback.groovy]
08:16:32,387 |-INFO in ch.qos.logback.classic.LoggerContext[default] - Found resource [logback.xml] at [jar:file:/root/flamestream/lib/flamestream-runtime-1.0-SNAPSHOT.jar!/logback.xml]
08:16:32,388 |-WARN in ch.qos.logback.classic.LoggerContext[default] - Resource [logback.xml] occurs multiple times on the classpath.
08:16:32,388 |-WARN in ch.qos.logback.classic.LoggerContext[default] - Resource [logback.xml] occurs at [jar:file:/root/flamestream/lib/flamestream-runtime-1.0-SNAPSHOT.jar!/logback.xml]
08:16:32,388 |-WARN in ch.qos.logback.classic.LoggerContext[default] - Resource [logback.xml] occurs at [jar:file:/root/flamestream/flamestream-runtime-1.0-SNAPSHOT.jar!/logback.xml]
08:16:32,409 |-INFO in ch.qos.logback.core.joran.spi.ConfigurationWatchList@3fb6a447 - URL [jar:file:/root/flamestream/lib/flamestream-runtime-1.0-SNAPSHOT.jar!/logback.xml] is not of type file
08:16:32,479 |-INFO in ch.qos.logback.classic.joran.action.ConfigurationAction - debug attribute not set
08:16:32,479 |-INFO in ch.qos.logback.core.joran.action.AppenderAction - About to instantiate appender of type [ch.qos.logback.core.ConsoleAppender]
08:16:32,496 |-INFO in ch.qos.logback.core.joran.action.AppenderAction - Naming appender as [STDOUT]
08:16:32,516 |-INFO in ch.qos.logback.core.joran.action.NestedComplexPropertyIA - Assuming default type [ch.qos.logback.classic.encoder.PatternLayoutEncoder] for [encoder] property
08:16:32,596 |-INFO in ch.qos.logback.core.joran.action.AppenderAction - About to instantiate appender of type [ch.qos.logback.core.rolling.RollingFileAppender]
08:16:32,605 |-INFO in ch.qos.logback.core.joran.action.AppenderAction - Naming appender as [FILE]
08:16:32,636 |-INFO in c.q.l.core.rolling.TimeBasedRollingPolicy@127618319 - No compression will be used
08:16:32,637 |-INFO in c.q.l.core.rolling.TimeBasedRollingPolicy@127618319 - Will use the pattern /tmp/application_%d{yyyy-MM-dd}.%i.log for the active file
08:16:32,640 |-INFO in ch.qos.logback.core.rolling.SizeAndTimeBasedFNATP@6b2fad11 - The date pattern is 'yyyy-MM-dd' from file name pattern '/tmp/application_%d{yyyy-MM-dd}.%i.log'.
08:16:32,640 |-INFO in ch.qos.logback.core.rolling.SizeAndTimeBasedFNATP@6b2fad11 - Roll-over at midnight.
08:16:32,645 |-INFO in ch.qos.logback.core.rolling.SizeAndTimeBasedFNATP@6b2fad11 - Setting initial period to Tue Jun 11 08:15:09 UTC 2019
08:16:32,645 |-WARN in ch.qos.logback.core.rolling.SizeAndTimeBasedFNATP@6b2fad11 - SizeAndTimeBasedFNATP is deprecated. Use SizeAndTimeBasedRollingPolicy instead
08:16:32,645 |-WARN in ch.qos.logback.core.rolling.SizeAndTimeBasedFNATP@6b2fad11 - For more information see http://logback.qos.ch/manual/appenders.html#SizeAndTimeBasedRollingPolicy
08:16:32,649 |-INFO in ch.qos.logback.core.joran.action.NestedComplexPropertyIA - Assuming default type [ch.qos.logback.classic.encoder.PatternLayoutEncoder] for [encoder] property
08:16:32,654 |-INFO in ch.qos.logback.core.rolling.RollingFileAppender[FILE] - Active log file name: /tmp/application.log
08:16:32,654 |-INFO in ch.qos.logback.core.rolling.RollingFileAppender[FILE] - File property is set to [/tmp/application.log]
08:16:32,655 |-INFO in ch.qos.logback.classic.joran.action.RootLoggerAction - Setting level of ROOT logger to WARN
08:16:32,655 |-INFO in ch.qos.logback.core.joran.action.AppenderRefAction - Attaching appender named [STDOUT] to Logger[ROOT]
08:16:32,657 |-INFO in ch.qos.logback.core.joran.action.AppenderRefAction - Attaching appender named [FILE] to Logger[ROOT]
08:16:32,657 |-INFO in ch.qos.logback.classic.joran.action.ConfigurationAction - End of configuration.
08:16:32,657 |-INFO in ch.qos.logback.classic.joran.JoranConfigurator@79698539 - Registering current configuration as safe fallback point

Ama winner
Ama winner
2019-06-11T08:16:33.974+0000: 1.775: [Full GC (Metadata GC Threshold) 2019-06-11T08:16:33.974+0000: 1.775: [Tenured: 0K->15208K(341376K), 0.0408068 secs] 114923K->15208K(494976K), [Metaspace: 20736K->20736K(1067008K)], 0.0408751 secs] [Times: user=0.04 sys=0.01, real=0.04 secs] 
08:16:48.126 [Curator-PathChildrenCache-2] WARN  o.a.c.u.ZKPaths  - The version of ZooKeeper being used doesn't support Container nodes. CreateMode.PERSISTENT will be used instead.
2019-06-11T08:16:50.058+0000: 17.860: [GC (Allocation Failure) 2019-06-11T08:16:50.058+0000: 17.860: [DefNew: 117453K->16832K(153600K), 0.0178699 secs] 132662K->32041K(494976K), 0.0179388 secs] [Times: user=0.00 sys=0.00, real=0.01 secs] 
2019-06-11T08:16:50.385+0000: 18.186: [Full GC (Metadata GC Threshold) 2019-06-11T08:16:50.385+0000: 18.186: [Tenured: 15208K->43433K(341376K), 0.0449006 secs] 68170K->43433K(494976K), [Metaspace: 34498K->34498K(1079296K)], 0.0449939 secs] [Times: user=0.03 sys=0.01, real=0.05 secs] 
2019-06-11T08:16:52.636+0000: 20.438: [GC (Allocation Failure) 2019-06-11T08:16:52.636+0000: 20.438: [DefNew: 136576K->121K(153600K), 0.0021173 secs] 180009K->43554K(494976K), 0.0021750 secs] [Times: user=0.00 sys=0.00, real=0.01 secs] 
2019-06-11T08:16:54.515+0000: 22.316: [GC (Allocation Failure) 2019-06-11T08:16:54.515+0000: 22.316: [DefNew: 136697K->129K(153600K), 0.0019432 secs] 180130K->43562K(494976K), 0.0020020 secs] [Times: user=0.00 sys=0.00, real=0.01 secs] 
2019-06-11T08:16:56.402+0000: 24.203: [GC (Allocation Failure) 2019-06-11T08:16:56.402+0000: 24.203: [DefNew: 136705K->146K(153600K), 0.0021821 secs] 180138K->43579K(494976K), 0.0022404 secs] [Times: user=0.00 sys=0.00, real=0.00 secs] 
2019-06-11T08:16:58.294+0000: 26.096: [GC (Allocation Failure) 2019-06-11T08:16:58.294+0000: 26.096: [DefNew: 136722K->156K(153600K), 0.0020402 secs] 180155K->43589K(494976K), 0.0021007 secs] [Times: user=0.00 sys=0.00, real=0.00 secs] 
2019-06-11T08:17:00.198+0000: 27.999: [GC (Allocation Failure) 2019-06-11T08:17:00.198+0000: 27.999: [DefNew: 136732K->154K(153600K), 0.0020178 secs] 180165K->43587K(494976K), 0.0020765 secs] [Times: user=0.01 sys=0.00, real=0.00 secs] 
2019-06-11T08:17:02.094+0000: 29.895: [GC (Allocation Failure) 2019-06-11T08:17:02.094+0000: 29.895: [DefNew: 136730K->180K(153600K), 0.0021200 secs] 180163K->43613K(494976K), 0.0021781 secs] [Times: user=0.00 sys=0.00, real=0.00 secs] 
2019-06-11T08:17:04.020+0000: 31.821: [GC (Allocation Failure) 2019-06-11T08:17:04.020+0000: 31.821: [DefNew: 136756K->193K(153600K), 0.0021898 secs] 180189K->43626K(494976K), 0.0022494 secs] [Times: user=0.00 sys=0.00, real=0.00 secs] 
2019-06-11T08:17:05.919+0000: 33.721: [GC (Allocation Failure) 2019-06-11T08:17:05.919+0000: 33.721: [DefNew: 136769K->185K(153600K), 0.0020832 secs] 180202K->43619K(494976K), 0.0021611 secs] [Times: user=0.00 sys=0.00, real=0.00 secs] 
08:17:12.380 [Curator-PathChildrenCache-0] ERROR o.a.c.f.r.c.PathChildrenCache  - 
java.lang.IllegalStateException: instance must be started before calling this method
	at org.apache.curator.shaded.com.google.common.base.Preconditions.checkState(Preconditions.java:444)
	at org.apache.curator.framework.imps.CuratorFrameworkImpl.getChildren(CuratorFrameworkImpl.java:456)
	at org.apache.curator.framework.recipes.cache.PathChildrenCache.refresh(PathChildrenCache.java:521)
	at org.apache.curator.framework.recipes.cache.RefreshOperation.invoke(RefreshOperation.java:35)
	at org.apache.curator.framework.recipes.cache.PathChildrenCache$9.run(PathChildrenCache.java:786)
	at java.util.concurrent.Executors$RunnableAdapter.call(Executors.java:511)
	at java.util.concurrent.FutureTask.run(FutureTask.java:266)
	at java.util.concurrent.Executors$RunnableAdapter.call(Executors.java:511)
	at java.util.concurrent.FutureTask.run(FutureTask.java:266)
	at java.util.concurrent.ThreadPoolExecutor.runWorker(ThreadPoolExecutor.java:1149)
	at java.util.concurrent.ThreadPoolExecutor$Worker.run(ThreadPoolExecutor.java:624)
	at java.lang.Thread.run(Thread.java:748)
Heap
 def new generation   total 153600K, used 105833K [0x00000000e0c00000, 0x00000000eb2a0000, 0x00000000eb2a0000)
  eden space 136576K,  77% used [0x00000000e0c00000, 0x00000000e732be68, 0x00000000e9160000)
  from space 17024K,   1% used [0x00000000ea200000, 0x00000000ea22e770, 0x00000000eb2a0000)
  to   space 17024K,   0% used [0x00000000e9160000, 0x00000000e9160000, 0x00000000ea200000)
 tenured generation   total 341376K, used 43433K [0x00000000eb2a0000, 0x0000000100000000, 0x0000000100000000)
   the space 341376K,  12% used [0x00000000eb2a0000, 0x00000000edd0a4b8, 0x00000000edd0a600, 0x0000000100000000)
 Metaspace       used 35945K, capacity 36904K, committed 37120K, reserved 1081344K
  class space    used 4873K, capacity 5066K, committed 5120K, reserved 1048576K
