04:07:47,248 |-INFO in ch.qos.logback.classic.LoggerContext[default] - Could NOT find resource [logback-test.xml]
04:07:47,248 |-INFO in ch.qos.logback.classic.LoggerContext[default] - Could NOT find resource [logback.groovy]
04:07:47,248 |-INFO in ch.qos.logback.classic.LoggerContext[default] - Found resource [logback.xml] at [jar:file:/home/nikitasokolov/flamestream/lib/flamestream-runtime-1.0-SNAPSHOT.jar!/logback.xml]
04:07:47,248 |-WARN in ch.qos.logback.classic.LoggerContext[default] - Resource [logback.xml] occurs multiple times on the classpath.
04:07:47,249 |-WARN in ch.qos.logback.classic.LoggerContext[default] - Resource [logback.xml] occurs at [jar:file:/home/nikitasokolov/flamestream/lib/flamestream-runtime-1.0-SNAPSHOT.jar!/logback.xml]
04:07:47,249 |-WARN in ch.qos.logback.classic.LoggerContext[default] - Resource [logback.xml] occurs at [jar:file:/home/nikitasokolov/flamestream/flamestream-runtime-1.0-SNAPSHOT.jar!/logback.xml]
04:07:47,264 |-INFO in ch.qos.logback.core.joran.spi.ConfigurationWatchList@6108b2d7 - URL [jar:file:/home/nikitasokolov/flamestream/lib/flamestream-runtime-1.0-SNAPSHOT.jar!/logback.xml] is not of type file
04:07:47,319 |-INFO in ch.qos.logback.classic.joran.action.ConfigurationAction - debug attribute not set
04:07:47,319 |-INFO in ch.qos.logback.core.joran.action.AppenderAction - About to instantiate appender of type [ch.qos.logback.core.ConsoleAppender]
04:07:47,327 |-INFO in ch.qos.logback.core.joran.action.AppenderAction - Naming appender as [STDOUT]
04:07:47,336 |-INFO in ch.qos.logback.core.joran.action.NestedComplexPropertyIA - Assuming default type [ch.qos.logback.classic.encoder.PatternLayoutEncoder] for [encoder] property
04:07:47,391 |-INFO in ch.qos.logback.core.joran.action.AppenderAction - About to instantiate appender of type [ch.qos.logback.core.rolling.RollingFileAppender]
04:07:47,396 |-INFO in ch.qos.logback.core.joran.action.AppenderAction - Naming appender as [FILE]
04:07:47,418 |-INFO in c.q.l.core.rolling.TimeBasedRollingPolicy@357863579 - No compression will be used
04:07:47,420 |-INFO in c.q.l.core.rolling.TimeBasedRollingPolicy@357863579 - Will use the pattern /tmp/application_%d{yyyy-MM-dd}.%i.log for the active file
04:07:47,422 |-INFO in ch.qos.logback.core.rolling.SizeAndTimeBasedFNATP@6bf256fa - The date pattern is 'yyyy-MM-dd' from file name pattern '/tmp/application_%d{yyyy-MM-dd}.%i.log'.
04:07:47,422 |-INFO in ch.qos.logback.core.rolling.SizeAndTimeBasedFNATP@6bf256fa - Roll-over at midnight.
04:07:47,426 |-INFO in ch.qos.logback.core.rolling.SizeAndTimeBasedFNATP@6bf256fa - Setting initial period to Sun Jun 09 04:07:04 MSK 2019
04:07:47,427 |-WARN in ch.qos.logback.core.rolling.SizeAndTimeBasedFNATP@6bf256fa - SizeAndTimeBasedFNATP is deprecated. Use SizeAndTimeBasedRollingPolicy instead
04:07:47,427 |-WARN in ch.qos.logback.core.rolling.SizeAndTimeBasedFNATP@6bf256fa - For more information see http://logback.qos.ch/manual/appenders.html#SizeAndTimeBasedRollingPolicy
04:07:47,431 |-INFO in ch.qos.logback.core.joran.action.NestedComplexPropertyIA - Assuming default type [ch.qos.logback.classic.encoder.PatternLayoutEncoder] for [encoder] property
04:07:47,433 |-INFO in ch.qos.logback.core.rolling.RollingFileAppender[FILE] - Active log file name: /tmp/application.log
04:07:47,433 |-INFO in ch.qos.logback.core.rolling.RollingFileAppender[FILE] - File property is set to [/tmp/application.log]
04:07:47,434 |-INFO in ch.qos.logback.classic.joran.action.RootLoggerAction - Setting level of ROOT logger to WARN
04:07:47,434 |-INFO in ch.qos.logback.core.joran.action.AppenderRefAction - Attaching appender named [STDOUT] to Logger[ROOT]
04:07:47,435 |-INFO in ch.qos.logback.core.joran.action.AppenderRefAction - Attaching appender named [FILE] to Logger[ROOT]
04:07:47,435 |-INFO in ch.qos.logback.classic.joran.action.ConfigurationAction - End of configuration.
04:07:47,435 |-INFO in ch.qos.logback.classic.joran.JoranConfigurator@6cd8737 - Registering current configuration as safe fallback point

2019-06-09T04:07:48.438+0300: 1.386: [GC (Metadata GC Threshold) [PSYoungGen: 108152K->15932K(149504K)] 108152K->16012K(491008K), 0.0198128 secs] [Times: user=0.06 sys=0.01, real=0.02 secs] 
2019-06-09T04:07:48.458+0300: 1.406: [Full GC (Metadata GC Threshold) [PSYoungGen: 15932K->0K(149504K)] [ParOldGen: 80K->15078K(341504K)] 16012K->15078K(491008K), [Metaspace: 20802K->20802K(1067008K)], 0.0280527 secs] [Times: user=0.16 sys=0.02, real=0.02 secs] 
04:07:55.644 [Curator-PathChildrenCache-1] WARN  o.a.c.u.ZKPaths  - The version of ZooKeeper being used doesn't support Container nodes. CreateMode.PERSISTENT will be used instead.
2019-06-09T04:07:56.636+0300: 9.584: [GC (Metadata GC Threshold) [PSYoungGen: 125703K->20987K(149504K)] 140782K->50039K(491008K), 0.0262541 secs] [Times: user=0.26 sys=0.03, real=0.03 secs] 
2019-06-09T04:07:56.663+0300: 9.610: [Full GC (Metadata GC Threshold) [PSYoungGen: 20987K->0K(149504K)] [ParOldGen: 29052K->38986K(341504K)] 50039K->38986K(491008K), [Metaspace: 34562K->34562K(1079296K)], 0.0435105 secs] [Times: user=0.17 sys=0.01, real=0.04 secs] 
2019-06-09T04:08:00.530+0300: 13.477: [GC (Allocation Failure) [PSYoungGen: 128512K->512K(149504K)] 167498K->39506K(491008K), 0.0053644 secs] [Times: user=0.04 sys=0.00, real=0.00 secs] 
2019-06-09T04:08:05.135+0300: 18.083: [GC (Allocation Failure) [PSYoungGen: 129024K->576K(149504K)] 168018K->39578K(491008K), 0.0038929 secs] [Times: user=0.01 sys=0.00, real=0.01 secs] 
2019-06-09T04:08:09.789+0300: 22.737: [GC (Allocation Failure) [PSYoungGen: 129088K->576K(129536K)] 168090K->39586K(471040K), 0.0050948 secs] [Times: user=0.02 sys=0.01, real=0.01 secs] 
2019-06-09T04:08:14.447+0300: 27.394: [GC (Allocation Failure) [PSYoungGen: 129088K->640K(132608K)] 168098K->39658K(474112K), 0.0033370 secs] [Times: user=0.01 sys=0.00, real=0.01 secs] 
2019-06-09T04:08:17.822+0300: 30.769: [GC (Allocation Failure) [PSYoungGen: 93312K->608K(130560K)] 132330K->39634K(472064K), 0.0029960 secs] [Times: user=0.01 sys=0.00, real=0.00 secs] 
2019-06-09T04:08:21.244+0300: 34.192: [GC (Allocation Failure) [PSYoungGen: 93280K->608K(136704K)] 132306K->39634K(478208K), 0.0026580 secs] [Times: user=0.02 sys=0.00, real=0.00 secs] 
2019-06-09T04:08:24.992+0300: 37.940: [GC (Allocation Failure) [PSYoungGen: 101984K->544K(135168K)] 141010K->39578K(476672K), 0.0084976 secs] [Times: user=0.07 sys=0.01, real=0.01 secs] 
2019-06-09T04:08:28.723+0300: 41.671: [GC (Allocation Failure) [PSYoungGen: 101920K->640K(140288K)] 140954K->39682K(481792K), 0.0035175 secs] [Times: user=0.01 sys=0.00, real=0.00 secs] 
2019-06-09T04:08:32.699+0300: 45.647: [GC (Allocation Failure) [PSYoungGen: 109184K->576K(138752K)] 148226K->39618K(480256K), 0.0036020 secs] [Times: user=0.01 sys=0.00, real=0.00 secs] 
2019-06-09T04:08:36.712+0300: 49.660: [GC (Allocation Failure) [PSYoungGen: 109120K->608K(143360K)] 148162K->39650K(484864K), 0.0031339 secs] [Times: user=0.01 sys=0.00, real=0.00 secs] 
2019-06-09T04:08:40.942+0300: 53.890: [GC (Allocation Failure) [PSYoungGen: 115296K->544K(141824K)] 154338K->39594K(483328K), 0.0022845 secs] [Times: user=0.01 sys=0.01, real=0.00 secs] 
2019-06-09T04:08:45.181+0300: 58.128: [GC (Allocation Failure) [PSYoungGen: 115232K->512K(146432K)] 154282K->39570K(487936K), 0.0026226 secs] [Times: user=0.01 sys=0.01, real=0.00 secs] 
2019-06-09T04:08:49.777+0300: 62.725: [GC (Allocation Failure) [PSYoungGen: 121344K->951K(144896K)] 160402K->40017K(486400K), 0.0025336 secs] [Times: user=0.02 sys=0.00, real=0.01 secs] 
2019-06-09T04:08:55.435+0300: 68.383: [GC (Allocation Failure) [PSYoungGen: 121783K->608K(148992K)] 160849K->39682K(490496K), 0.0030805 secs] [Times: user=0.01 sys=0.00, real=0.01 secs] 
2019-06-09T04:09:01.331+0300: 74.278: [GC (Allocation Failure) [PSYoungGen: 127072K->640K(147968K)] 166146K->39722K(489472K), 0.0047773 secs] [Times: user=0.03 sys=0.00, real=0.00 secs] 
2019-06-09T04:09:07.260+0300: 80.207: [GC (Allocation Failure) [PSYoungGen: 127104K->480K(151552K)] 166186K->39770K(493056K), 0.0044930 secs] [Times: user=0.02 sys=0.00, real=0.00 secs] 
04:09:21.178 [Curator-PathChildrenCache-0] ERROR o.a.c.f.r.c.PathChildrenCache  - 
java.lang.IllegalStateException: instance must be started before calling this method
	at org.apache.curator.shaded.com.google.common.base.Preconditions.checkState(Preconditions.java:444)
	at org.apache.curator.framework.imps.CuratorFrameworkImpl.getChildren(CuratorFrameworkImpl.java:456)
	at org.apache.curator.framework.recipes.cache.PathChildrenCache.refresh(PathChildrenCache.java:521)
	at org.apache.curator.framework.recipes.cache.RefreshOperation.invoke(RefreshOperation.java:35)
	at org.apache.curator.framework.recipes.cache.PathChildrenCache$9.run(PathChildrenCache.java:786)
	at java.util.concurrent.Executors$RunnableAdapter.call(Executors.java:511)
	at java.util.concurrent.FutureTask.run(FutureTask.java:266)
	at java.util.concurrent.Executors$RunnableAdapter.call(Executors.java:511)
	at java.util.concurrent.FutureTask.run(FutureTask.java:266)
	at java.util.concurrent.ThreadPoolExecutor.runWorker(ThreadPoolExecutor.java:1149)
	at java.util.concurrent.ThreadPoolExecutor$Worker.run(ThreadPoolExecutor.java:624)
	at java.lang.Thread.run(Thread.java:748)
Heap
 PSYoungGen      total 151552K, used 128585K [0x00000000f5980000, 0x0000000100000000, 0x0000000100000000)
  eden space 131584K, 97% used [0x00000000f5980000,0x00000000fd69a3c8,0x00000000fda00000)
  from space 19968K, 2% used [0x00000000fec80000,0x00000000fecf8040,0x0000000100000000)
  to   space 18944K, 0% used [0x00000000fda00000,0x00000000fda00000,0x00000000fec80000)
 ParOldGen       total 341504K, used 39290K [0x00000000e0c00000, 0x00000000f5980000, 0x00000000f5980000)
  object space 341504K, 11% used [0x00000000e0c00000,0x00000000e325e838,0x00000000f5980000)
 Metaspace       used 36226K, capacity 37030K, committed 37208K, reserved 1081344K
  class space    used 4979K, capacity 5161K, committed 5248K, reserved 1048576K
