07:44:46,371 |-INFO in ch.qos.logback.classic.LoggerContext[default] - Could NOT find resource [logback-test.xml]
07:44:46,371 |-INFO in ch.qos.logback.classic.LoggerContext[default] - Could NOT find resource [logback.groovy]
07:44:46,371 |-INFO in ch.qos.logback.classic.LoggerContext[default] - Found resource [logback.xml] at [jar:file:/root/flamestream/lib/flamestream-runtime-1.0-SNAPSHOT.jar!/logback.xml]
07:44:46,372 |-WARN in ch.qos.logback.classic.LoggerContext[default] - Resource [logback.xml] occurs multiple times on the classpath.
07:44:46,372 |-WARN in ch.qos.logback.classic.LoggerContext[default] - Resource [logback.xml] occurs at [jar:file:/root/flamestream/lib/flamestream-runtime-1.0-SNAPSHOT.jar!/logback.xml]
07:44:46,372 |-WARN in ch.qos.logback.classic.LoggerContext[default] - Resource [logback.xml] occurs at [jar:file:/root/flamestream/flamestream-runtime-1.0-SNAPSHOT.jar!/logback.xml]
07:44:46,392 |-INFO in ch.qos.logback.core.joran.spi.ConfigurationWatchList@3fb6a447 - URL [jar:file:/root/flamestream/lib/flamestream-runtime-1.0-SNAPSHOT.jar!/logback.xml] is not of type file
07:44:46,464 |-INFO in ch.qos.logback.classic.joran.action.ConfigurationAction - debug attribute not set
07:44:46,465 |-INFO in ch.qos.logback.core.joran.action.AppenderAction - About to instantiate appender of type [ch.qos.logback.core.ConsoleAppender]
07:44:46,485 |-INFO in ch.qos.logback.core.joran.action.AppenderAction - Naming appender as [STDOUT]
07:44:46,503 |-INFO in ch.qos.logback.core.joran.action.NestedComplexPropertyIA - Assuming default type [ch.qos.logback.classic.encoder.PatternLayoutEncoder] for [encoder] property
07:44:46,580 |-INFO in ch.qos.logback.core.joran.action.AppenderAction - About to instantiate appender of type [ch.qos.logback.core.rolling.RollingFileAppender]
07:44:46,586 |-INFO in ch.qos.logback.core.joran.action.AppenderAction - Naming appender as [FILE]
07:44:46,616 |-INFO in c.q.l.core.rolling.TimeBasedRollingPolicy@127618319 - No compression will be used
07:44:46,617 |-INFO in c.q.l.core.rolling.TimeBasedRollingPolicy@127618319 - Will use the pattern /tmp/application_%d{yyyy-MM-dd}.%i.log for the active file
07:44:46,620 |-INFO in ch.qos.logback.core.rolling.SizeAndTimeBasedFNATP@6b2fad11 - The date pattern is 'yyyy-MM-dd' from file name pattern '/tmp/application_%d{yyyy-MM-dd}.%i.log'.
07:44:46,620 |-INFO in ch.qos.logback.core.rolling.SizeAndTimeBasedFNATP@6b2fad11 - Roll-over at midnight.
07:44:46,625 |-INFO in ch.qos.logback.core.rolling.SizeAndTimeBasedFNATP@6b2fad11 - Setting initial period to Tue Jun 11 07:43:24 UTC 2019
07:44:46,626 |-WARN in ch.qos.logback.core.rolling.SizeAndTimeBasedFNATP@6b2fad11 - SizeAndTimeBasedFNATP is deprecated. Use SizeAndTimeBasedRollingPolicy instead
07:44:46,626 |-WARN in ch.qos.logback.core.rolling.SizeAndTimeBasedFNATP@6b2fad11 - For more information see http://logback.qos.ch/manual/appenders.html#SizeAndTimeBasedRollingPolicy
07:44:46,630 |-INFO in ch.qos.logback.core.joran.action.NestedComplexPropertyIA - Assuming default type [ch.qos.logback.classic.encoder.PatternLayoutEncoder] for [encoder] property
07:44:46,634 |-INFO in ch.qos.logback.core.rolling.RollingFileAppender[FILE] - Active log file name: /tmp/application.log
07:44:46,634 |-INFO in ch.qos.logback.core.rolling.RollingFileAppender[FILE] - File property is set to [/tmp/application.log]
07:44:46,635 |-INFO in ch.qos.logback.classic.joran.action.RootLoggerAction - Setting level of ROOT logger to WARN
07:44:46,635 |-INFO in ch.qos.logback.core.joran.action.AppenderRefAction - Attaching appender named [STDOUT] to Logger[ROOT]
07:44:46,637 |-INFO in ch.qos.logback.core.joran.action.AppenderRefAction - Attaching appender named [FILE] to Logger[ROOT]
07:44:46,637 |-INFO in ch.qos.logback.classic.joran.action.ConfigurationAction - End of configuration.
07:44:46,638 |-INFO in ch.qos.logback.classic.joran.JoranConfigurator@79698539 - Registering current configuration as safe fallback point

Ama winner
Ama winner
2019-06-11T07:44:47.940+0000: 1.755: [Full GC (Metadata GC Threshold) 2019-06-11T07:44:47.940+0000: 1.755: [Tenured: 0K->15136K(341376K), 0.0384954 secs] 114987K->15136K(494976K), [Metaspace: 20726K->20726K(1067008K)], 0.0385635 secs] [Times: user=0.03 sys=0.01, real=0.04 secs] 
07:45:14.079 [Curator-PathChildrenCache-1] WARN  o.a.c.u.ZKPaths  - The version of ZooKeeper being used doesn't support Container nodes. CreateMode.PERSISTENT will be used instead.
2019-06-11T07:45:16.364+0000: 30.179: [GC (Allocation Failure) 2019-06-11T07:45:16.364+0000: 30.179: [DefNew: 136576K->17023K(153600K), 0.0292880 secs] 151712K->52414K(494976K), 0.0293561 secs] [Times: user=0.01 sys=0.01, real=0.03 secs] 
2019-06-11T07:45:19.519+0000: 33.335: [Full GC (Metadata GC Threshold) 2019-06-11T07:45:19.519+0000: 33.335: [Tenured: 35390K->43836K(341376K), 0.0491072 secs] 118556K->43836K(494976K), [Metaspace: 34526K->34526K(1079296K)], 0.0491860 secs] [Times: user=0.05 sys=0.00, real=0.05 secs] 
2019-06-11T07:45:26.537+0000: 40.352: [GC (Allocation Failure) 2019-06-11T07:45:26.537+0000: 40.352: [DefNew: 136576K->53K(153600K), 0.0017900 secs] 180412K->43890K(494976K), 0.0018530 secs] [Times: user=0.00 sys=0.00, real=0.00 secs] 
2019-06-11T07:45:33.521+0000: 47.336: [GC (Allocation Failure) 2019-06-11T07:45:33.521+0000: 47.336: [DefNew: 136629K->54K(153600K), 0.0017129 secs] 180466K->43891K(494976K), 0.0017864 secs] [Times: user=0.00 sys=0.00, real=0.00 secs] 
2019-06-11T07:45:40.586+0000: 54.401: [GC (Allocation Failure) 2019-06-11T07:45:40.586+0000: 54.401: [DefNew: 136630K->54K(153600K), 0.0017186 secs] 180467K->43891K(494976K), 0.0017789 secs] [Times: user=0.00 sys=0.00, real=0.00 secs] 
2019-06-11T07:45:47.628+0000: 61.443: [GC (Allocation Failure) 2019-06-11T07:45:47.628+0000: 61.443: [DefNew: 136630K->221K(153600K), 0.0019254 secs] 180467K->44058K(494976K), 0.0019974 secs] [Times: user=0.00 sys=0.01, real=0.00 secs] 
2019-06-11T07:45:55.476+0000: 69.291: [GC (Allocation Failure) 2019-06-11T07:45:55.476+0000: 69.291: [DefNew: 136797K->245K(153600K), 0.0020343 secs] 180634K->44082K(494976K), 0.0021058 secs] [Times: user=0.00 sys=0.00, real=0.00 secs] 
07:46:09.855 [Curator-PathChildrenCache-0] ERROR o.a.c.f.r.c.PathChildrenCache  - 
java.lang.IllegalStateException: instance must be started before calling this method
	at org.apache.curator.shaded.com.google.common.base.Preconditions.checkState(Preconditions.java:444)
	at org.apache.curator.framework.imps.CuratorFrameworkImpl.getChildren(CuratorFrameworkImpl.java:456)
	at org.apache.curator.framework.recipes.cache.PathChildrenCache.refresh(PathChildrenCache.java:521)
	at org.apache.curator.framework.recipes.cache.RefreshOperation.invoke(RefreshOperation.java:35)
	at org.apache.curator.framework.recipes.cache.PathChildrenCache$9.run(PathChildrenCache.java:786)
	at java.util.concurrent.Executors$RunnableAdapter.call(Executors.java:511)
	at java.util.concurrent.FutureTask.run(FutureTask.java:266)
	at java.util.concurrent.Executors$RunnableAdapter.call(Executors.java:511)
	at java.util.concurrent.FutureTask.run(FutureTask.java:266)
	at java.util.concurrent.ThreadPoolExecutor.runWorker(ThreadPoolExecutor.java:1149)
	at java.util.concurrent.ThreadPoolExecutor$Worker.run(ThreadPoolExecutor.java:624)
	at java.lang.Thread.run(Thread.java:748)
Heap
 def new generation   total 153600K, used 82580K [0x00000000e0c00000, 0x00000000eb2a0000, 0x00000000eb2a0000)
  eden space 136576K,  60% used [0x00000000e0c00000, 0x00000000e5c67e58, 0x00000000e9160000)
  from space 17024K,   1% used [0x00000000e9160000, 0x00000000e919d490, 0x00000000ea200000)
  to   space 17024K,   0% used [0x00000000ea200000, 0x00000000ea200000, 0x00000000eb2a0000)
 tenured generation   total 341376K, used 43836K [0x00000000eb2a0000, 0x0000000100000000, 0x0000000100000000)
   the space 341376K,  12% used [0x00000000eb2a0000, 0x00000000edd6f388, 0x00000000edd6f400, 0x0000000100000000)
 Metaspace       used 35945K, capacity 36864K, committed 37120K, reserved 1081344K
  class space    used 4867K, capacity 5074K, committed 5120K, reserved 1048576K
