18:11:23,201 |-INFO in ch.qos.logback.classic.LoggerContext[default] - Could NOT find resource [logback-test.xml]
18:11:23,202 |-INFO in ch.qos.logback.classic.LoggerContext[default] - Could NOT find resource [logback.groovy]
18:11:23,202 |-INFO in ch.qos.logback.classic.LoggerContext[default] - Found resource [logback.xml] at [jar:file:/root/flamestream/lib/flamestream-runtime-1.0-SNAPSHOT.jar!/logback.xml]
18:11:23,202 |-WARN in ch.qos.logback.classic.LoggerContext[default] - Resource [logback.xml] occurs multiple times on the classpath.
18:11:23,202 |-WARN in ch.qos.logback.classic.LoggerContext[default] - Resource [logback.xml] occurs at [jar:file:/root/flamestream/lib/flamestream-runtime-1.0-SNAPSHOT.jar!/logback.xml]
18:11:23,202 |-WARN in ch.qos.logback.classic.LoggerContext[default] - Resource [logback.xml] occurs at [jar:file:/root/flamestream/flamestream-runtime-1.0-SNAPSHOT.jar!/logback.xml]
18:11:23,227 |-INFO in ch.qos.logback.core.joran.spi.ConfigurationWatchList@3fb6a447 - URL [jar:file:/root/flamestream/lib/flamestream-runtime-1.0-SNAPSHOT.jar!/logback.xml] is not of type file
18:11:23,299 |-INFO in ch.qos.logback.classic.joran.action.ConfigurationAction - debug attribute not set
18:11:23,300 |-INFO in ch.qos.logback.core.joran.action.AppenderAction - About to instantiate appender of type [ch.qos.logback.core.ConsoleAppender]
18:11:23,318 |-INFO in ch.qos.logback.core.joran.action.AppenderAction - Naming appender as [STDOUT]
18:11:23,336 |-INFO in ch.qos.logback.core.joran.action.NestedComplexPropertyIA - Assuming default type [ch.qos.logback.classic.encoder.PatternLayoutEncoder] for [encoder] property
18:11:23,419 |-INFO in ch.qos.logback.core.joran.action.AppenderAction - About to instantiate appender of type [ch.qos.logback.core.rolling.RollingFileAppender]
18:11:23,424 |-INFO in ch.qos.logback.core.joran.action.AppenderAction - Naming appender as [FILE]
18:11:23,456 |-INFO in c.q.l.core.rolling.TimeBasedRollingPolicy@127618319 - No compression will be used
18:11:23,457 |-INFO in c.q.l.core.rolling.TimeBasedRollingPolicy@127618319 - Will use the pattern /tmp/application_%d{yyyy-MM-dd}.%i.log for the active file
18:11:23,460 |-INFO in ch.qos.logback.core.rolling.SizeAndTimeBasedFNATP@6b2fad11 - The date pattern is 'yyyy-MM-dd' from file name pattern '/tmp/application_%d{yyyy-MM-dd}.%i.log'.
18:11:23,460 |-INFO in ch.qos.logback.core.rolling.SizeAndTimeBasedFNATP@6b2fad11 - Roll-over at midnight.
18:11:23,465 |-INFO in ch.qos.logback.core.rolling.SizeAndTimeBasedFNATP@6b2fad11 - Setting initial period to Mon Jun 10 18:09:55 UTC 2019
18:11:23,466 |-WARN in ch.qos.logback.core.rolling.SizeAndTimeBasedFNATP@6b2fad11 - SizeAndTimeBasedFNATP is deprecated. Use SizeAndTimeBasedRollingPolicy instead
18:11:23,466 |-WARN in ch.qos.logback.core.rolling.SizeAndTimeBasedFNATP@6b2fad11 - For more information see http://logback.qos.ch/manual/appenders.html#SizeAndTimeBasedRollingPolicy
18:11:23,469 |-INFO in ch.qos.logback.core.joran.action.NestedComplexPropertyIA - Assuming default type [ch.qos.logback.classic.encoder.PatternLayoutEncoder] for [encoder] property
18:11:23,474 |-INFO in ch.qos.logback.core.rolling.RollingFileAppender[FILE] - Active log file name: /tmp/application.log
18:11:23,475 |-INFO in ch.qos.logback.core.rolling.RollingFileAppender[FILE] - File property is set to [/tmp/application.log]
18:11:23,475 |-INFO in ch.qos.logback.classic.joran.action.RootLoggerAction - Setting level of ROOT logger to WARN
18:11:23,475 |-INFO in ch.qos.logback.core.joran.action.AppenderRefAction - Attaching appender named [STDOUT] to Logger[ROOT]
18:11:23,477 |-INFO in ch.qos.logback.core.joran.action.AppenderRefAction - Attaching appender named [FILE] to Logger[ROOT]
18:11:23,477 |-INFO in ch.qos.logback.classic.joran.action.ConfigurationAction - End of configuration.
18:11:23,478 |-INFO in ch.qos.logback.classic.joran.JoranConfigurator@79698539 - Registering current configuration as safe fallback point

Ama winner
Ama winner
2019-06-10T18:11:24.769+0000: 1.751: [Full GC (Metadata GC Threshold) 2019-06-10T18:11:24.769+0000: 1.751: [Tenured: 0K->15145K(341376K), 0.0348122 secs] 114986K->15145K(494976K), [Metaspace: 20745K->20745K(1067008K)], 0.0348775 secs] [Times: user=0.03 sys=0.01, real=0.04 secs] 
18:11:50.104 [Curator-PathChildrenCache-2] WARN  o.a.c.u.ZKPaths  - The version of ZooKeeper being used doesn't support Container nodes. CreateMode.PERSISTENT will be used instead.
2019-06-10T18:11:52.321+0000: 29.303: [GC (Allocation Failure) 2019-06-10T18:11:52.321+0000: 29.303: [DefNew: 136108K->16909K(153600K), 0.0298130 secs] 151254K->51585K(494976K), 0.0298844 secs] [Times: user=0.03 sys=0.01, real=0.02 secs] 
2019-06-10T18:11:52.882+0000: 29.864: [Full GC (Metadata GC Threshold) 2019-06-10T18:11:52.882+0000: 29.864: [Tenured: 34676K->43342K(341376K), 0.0372653 secs] 72860K->43342K(494976K), [Metaspace: 34610K->34610K(1079296K)], 0.0373398 secs] [Times: user=0.03 sys=0.00, real=0.04 secs] 
2019-06-10T18:11:56.183+0000: 33.165: [GC (Allocation Failure) 2019-06-10T18:11:56.183+0000: 33.165: [DefNew: 136576K->148K(153600K), 0.0021618 secs] 179918K->43491K(494976K), 0.0022203 secs] [Times: user=0.00 sys=0.00, real=0.00 secs] 
2019-06-10T18:11:59.265+0000: 36.247: [GC (Allocation Failure) 2019-06-10T18:11:59.265+0000: 36.247: [DefNew: 136724K->160K(153600K), 0.0019132 secs] 180067K->43503K(494976K), 0.0019875 secs] [Times: user=0.00 sys=0.00, real=0.00 secs] 
2019-06-10T18:12:02.449+0000: 39.431: [GC (Allocation Failure) 2019-06-10T18:12:02.449+0000: 39.431: [DefNew: 136736K->172K(153600K), 0.0019941 secs] 180079K->43514K(494976K), 0.0020582 secs] [Times: user=0.00 sys=0.00, real=0.01 secs] 
2019-06-10T18:12:05.607+0000: 42.589: [GC (Allocation Failure) 2019-06-10T18:12:05.607+0000: 42.589: [DefNew: 136748K->162K(153600K), 0.0019158 secs] 180090K->43505K(494976K), 0.0019842 secs] [Times: user=0.00 sys=0.00, real=0.00 secs] 
2019-06-10T18:12:08.736+0000: 45.718: [GC (Allocation Failure) 2019-06-10T18:12:08.736+0000: 45.718: [DefNew: 136738K->170K(153600K), 0.0019976 secs] 180081K->43512K(494976K), 0.0020608 secs] [Times: user=0.00 sys=0.00, real=0.00 secs] 
2019-06-10T18:12:11.887+0000: 48.869: [GC (Allocation Failure) 2019-06-10T18:12:11.887+0000: 48.869: [DefNew: 136746K->181K(153600K), 0.0020428 secs] 180088K->43524K(494976K), 0.0021054 secs] [Times: user=0.01 sys=0.00, real=0.00 secs] 
2019-06-10T18:12:15.010+0000: 51.992: [GC (Allocation Failure) 2019-06-10T18:12:15.010+0000: 51.992: [DefNew: 136757K->179K(153600K), 0.0019948 secs] 180100K->43521K(494976K), 0.0020683 secs] [Times: user=0.00 sys=0.00, real=0.01 secs] 
2019-06-10T18:12:24.993+0000: 61.976: [GC (Allocation Failure) 2019-06-10T18:12:24.993+0000: 61.976: [DefNew: 136755K->384K(153600K), 0.0023874 secs] 180097K->43726K(494976K), 0.0024488 secs] [Times: user=0.00 sys=0.00, real=0.00 secs] 
18:12:26.102 [Curator-PathChildrenCache-0] ERROR o.a.c.f.r.c.PathChildrenCache  - 
java.lang.IllegalStateException: instance must be started before calling this method
	at org.apache.curator.shaded.com.google.common.base.Preconditions.checkState(Preconditions.java:444)
	at org.apache.curator.framework.imps.CuratorFrameworkImpl.getChildren(CuratorFrameworkImpl.java:456)
	at org.apache.curator.framework.recipes.cache.PathChildrenCache.refresh(PathChildrenCache.java:521)
	at org.apache.curator.framework.recipes.cache.RefreshOperation.invoke(RefreshOperation.java:35)
	at org.apache.curator.framework.recipes.cache.PathChildrenCache$9.run(PathChildrenCache.java:786)
	at java.util.concurrent.Executors$RunnableAdapter.call(Executors.java:511)
	at java.util.concurrent.FutureTask.run(FutureTask.java:266)
	at java.util.concurrent.Executors$RunnableAdapter.call(Executors.java:511)
	at java.util.concurrent.FutureTask.run(FutureTask.java:266)
	at java.util.concurrent.ThreadPoolExecutor.runWorker(ThreadPoolExecutor.java:1149)
	at java.util.concurrent.ThreadPoolExecutor$Worker.run(ThreadPoolExecutor.java:624)
	at java.lang.Thread.run(Thread.java:748)
Heap
 def new generation   total 153600K, used 32763K [0x00000000e0c00000, 0x00000000eb2a0000, 0x00000000eb2a0000)
  eden space 136576K,  23% used [0x00000000e0c00000, 0x00000000e2b9ecc0, 0x00000000e9160000)
  from space 17024K,   2% used [0x00000000ea200000, 0x00000000ea260080, 0x00000000eb2a0000)
  to   space 17024K,   0% used [0x00000000e9160000, 0x00000000e9160000, 0x00000000ea200000)
 tenured generation   total 341376K, used 43342K [0x00000000eb2a0000, 0x0000000100000000, 0x0000000100000000)
   the space 341376K,  12% used [0x00000000eb2a0000, 0x00000000edcf3a68, 0x00000000edcf3c00, 0x0000000100000000)
 Metaspace       used 36389K, capacity 37384K, committed 37760K, reserved 1081344K
  class space    used 4904K, capacity 5124K, committed 5248K, reserved 1048576K
