17:10:54,114 |-INFO in ch.qos.logback.classic.LoggerContext[default] - Could NOT find resource [logback-test.xml]
17:10:54,114 |-INFO in ch.qos.logback.classic.LoggerContext[default] - Could NOT find resource [logback.groovy]
17:10:54,114 |-INFO in ch.qos.logback.classic.LoggerContext[default] - Found resource [logback.xml] at [jar:file:/root/flamestream/lib/flamestream-runtime-1.0-SNAPSHOT.jar!/logback.xml]
17:10:54,115 |-WARN in ch.qos.logback.classic.LoggerContext[default] - Resource [logback.xml] occurs multiple times on the classpath.
17:10:54,115 |-WARN in ch.qos.logback.classic.LoggerContext[default] - Resource [logback.xml] occurs at [jar:file:/root/flamestream/lib/flamestream-runtime-1.0-SNAPSHOT.jar!/logback.xml]
17:10:54,115 |-WARN in ch.qos.logback.classic.LoggerContext[default] - Resource [logback.xml] occurs at [jar:file:/root/flamestream/flamestream-runtime-1.0-SNAPSHOT.jar!/logback.xml]
17:10:54,135 |-INFO in ch.qos.logback.core.joran.spi.ConfigurationWatchList@3fb6a447 - URL [jar:file:/root/flamestream/lib/flamestream-runtime-1.0-SNAPSHOT.jar!/logback.xml] is not of type file
17:10:54,201 |-INFO in ch.qos.logback.classic.joran.action.ConfigurationAction - debug attribute not set
17:10:54,201 |-INFO in ch.qos.logback.core.joran.action.AppenderAction - About to instantiate appender of type [ch.qos.logback.core.ConsoleAppender]
17:10:54,217 |-INFO in ch.qos.logback.core.joran.action.AppenderAction - Naming appender as [STDOUT]
17:10:54,237 |-INFO in ch.qos.logback.core.joran.action.NestedComplexPropertyIA - Assuming default type [ch.qos.logback.classic.encoder.PatternLayoutEncoder] for [encoder] property
17:10:54,314 |-INFO in ch.qos.logback.core.joran.action.AppenderAction - About to instantiate appender of type [ch.qos.logback.core.rolling.RollingFileAppender]
17:10:54,323 |-INFO in ch.qos.logback.core.joran.action.AppenderAction - Naming appender as [FILE]
17:10:54,352 |-INFO in c.q.l.core.rolling.TimeBasedRollingPolicy@127618319 - No compression will be used
17:10:54,353 |-INFO in c.q.l.core.rolling.TimeBasedRollingPolicy@127618319 - Will use the pattern /tmp/application_%d{yyyy-MM-dd}.%i.log for the active file
17:10:54,356 |-INFO in ch.qos.logback.core.rolling.SizeAndTimeBasedFNATP@6b2fad11 - The date pattern is 'yyyy-MM-dd' from file name pattern '/tmp/application_%d{yyyy-MM-dd}.%i.log'.
17:10:54,356 |-INFO in ch.qos.logback.core.rolling.SizeAndTimeBasedFNATP@6b2fad11 - Roll-over at midnight.
17:10:54,361 |-INFO in ch.qos.logback.core.rolling.SizeAndTimeBasedFNATP@6b2fad11 - Setting initial period to Mon Jun 10 17:09:26 UTC 2019
17:10:54,361 |-WARN in ch.qos.logback.core.rolling.SizeAndTimeBasedFNATP@6b2fad11 - SizeAndTimeBasedFNATP is deprecated. Use SizeAndTimeBasedRollingPolicy instead
17:10:54,361 |-WARN in ch.qos.logback.core.rolling.SizeAndTimeBasedFNATP@6b2fad11 - For more information see http://logback.qos.ch/manual/appenders.html#SizeAndTimeBasedRollingPolicy
17:10:54,365 |-INFO in ch.qos.logback.core.joran.action.NestedComplexPropertyIA - Assuming default type [ch.qos.logback.classic.encoder.PatternLayoutEncoder] for [encoder] property
17:10:54,370 |-INFO in ch.qos.logback.core.rolling.RollingFileAppender[FILE] - Active log file name: /tmp/application.log
17:10:54,370 |-INFO in ch.qos.logback.core.rolling.RollingFileAppender[FILE] - File property is set to [/tmp/application.log]
17:10:54,371 |-INFO in ch.qos.logback.classic.joran.action.RootLoggerAction - Setting level of ROOT logger to WARN
17:10:54,371 |-INFO in ch.qos.logback.core.joran.action.AppenderRefAction - Attaching appender named [STDOUT] to Logger[ROOT]
17:10:54,373 |-INFO in ch.qos.logback.core.joran.action.AppenderRefAction - Attaching appender named [FILE] to Logger[ROOT]
17:10:54,374 |-INFO in ch.qos.logback.classic.joran.action.ConfigurationAction - End of configuration.
17:10:54,374 |-INFO in ch.qos.logback.classic.joran.JoranConfigurator@79698539 - Registering current configuration as safe fallback point

Ama winner
Ama winner
2019-06-10T17:10:55.642+0000: 1.714: [Full GC (Metadata GC Threshold) 2019-06-10T17:10:55.642+0000: 1.715: [Tenured: 0K->15176K(341376K), 0.0399302 secs] 114987K->15176K(494976K), [Metaspace: 20738K->20738K(1067008K)], 0.0399983 secs] [Times: user=0.04 sys=0.01, real=0.04 secs] 
17:11:17.810 [Curator-PathChildrenCache-1] WARN  o.a.c.u.ZKPaths  - The version of ZooKeeper being used doesn't support Container nodes. CreateMode.PERSISTENT will be used instead.
2019-06-10T17:11:19.938+0000: 26.010: [GC (Allocation Failure) 2019-06-10T17:11:19.938+0000: 26.010: [DefNew: 136576K->17023K(153600K), 0.0271563 secs] 151752K->52415K(494976K), 0.0272408 secs] [Times: user=0.01 sys=0.01, real=0.02 secs] 
2019-06-10T17:11:23.460+0000: 29.532: [Full GC (Metadata GC Threshold) 2019-06-10T17:11:23.460+0000: 29.532: [Tenured: 35392K->43879K(341376K), 0.0499411 secs] 118564K->43879K(494976K), [Metaspace: 34604K->34604K(1079296K)], 0.0500169 secs] [Times: user=0.05 sys=0.00, real=0.05 secs] 
2019-06-10T17:11:30.395+0000: 36.468: [GC (Allocation Failure) 2019-06-10T17:11:30.395+0000: 36.468: [DefNew: 136576K->58K(153600K), 0.0017176 secs] 180455K->43938K(494976K), 0.0017891 secs] [Times: user=0.00 sys=0.00, real=0.00 secs] 
2019-06-10T17:11:37.430+0000: 43.502: [GC (Allocation Failure) 2019-06-10T17:11:37.430+0000: 43.502: [DefNew: 136634K->58K(153600K), 0.0016692 secs] 180514K->43937K(494976K), 0.0017295 secs] [Times: user=0.00 sys=0.00, real=0.00 secs] 
2019-06-10T17:11:44.479+0000: 50.551: [GC (Allocation Failure) 2019-06-10T17:11:44.479+0000: 50.551: [DefNew: 136634K->61K(153600K), 0.0016965 secs] 180513K->43941K(494976K), 0.0017603 secs] [Times: user=0.00 sys=0.00, real=0.00 secs] 
2019-06-10T17:11:51.574+0000: 57.647: [GC (Allocation Failure) 2019-06-10T17:11:51.574+0000: 57.647: [DefNew: 136637K->64K(153600K), 0.0017428 secs] 180517K->43944K(494976K), 0.0018041 secs] [Times: user=0.00 sys=0.00, real=0.01 secs] 
2019-06-10T17:11:59.208+0000: 65.281: [GC (Allocation Failure) 2019-06-10T17:11:59.208+0000: 65.281: [DefNew: 136640K->393K(153600K), 0.0022350 secs] 180520K->44272K(494976K), 0.0023081 secs] [Times: user=0.00 sys=0.00, real=0.00 secs] 
17:12:11.988 [Curator-PathChildrenCache-0] ERROR o.a.c.f.r.c.PathChildrenCache  - 
java.lang.IllegalStateException: instance must be started before calling this method
	at org.apache.curator.shaded.com.google.common.base.Preconditions.checkState(Preconditions.java:444)
	at org.apache.curator.framework.imps.CuratorFrameworkImpl.getChildren(CuratorFrameworkImpl.java:456)
	at org.apache.curator.framework.recipes.cache.PathChildrenCache.refresh(PathChildrenCache.java:521)
	at org.apache.curator.framework.recipes.cache.RefreshOperation.invoke(RefreshOperation.java:35)
	at org.apache.curator.framework.recipes.cache.PathChildrenCache$9.run(PathChildrenCache.java:786)
	at java.util.concurrent.Executors$RunnableAdapter.call(Executors.java:511)
	at java.util.concurrent.FutureTask.run(FutureTask.java:266)
	at java.util.concurrent.Executors$RunnableAdapter.call(Executors.java:511)
	at java.util.concurrent.FutureTask.run(FutureTask.java:266)
	at java.util.concurrent.ThreadPoolExecutor.runWorker(ThreadPoolExecutor.java:1149)
	at java.util.concurrent.ThreadPoolExecutor$Worker.run(ThreadPoolExecutor.java:624)
	at java.lang.Thread.run(Thread.java:748)
Heap
 def new generation   total 153600K, used 73822K [0x00000000e0c00000, 0x00000000eb2a0000, 0x00000000eb2a0000)
  eden space 136576K,  53% used [0x00000000e0c00000, 0x00000000e53b52a0, 0x00000000e9160000)
  from space 17024K,   2% used [0x00000000e9160000, 0x00000000e91c25e8, 0x00000000ea200000)
  to   space 17024K,   0% used [0x00000000ea200000, 0x00000000ea200000, 0x00000000eb2a0000)
 tenured generation   total 341376K, used 43879K [0x00000000eb2a0000, 0x0000000100000000, 0x0000000100000000)
   the space 341376K,  12% used [0x00000000eb2a0000, 0x00000000edd79d48, 0x00000000edd79e00, 0x0000000100000000)
 Metaspace       used 35986K, capacity 36928K, committed 37120K, reserved 1081344K
  class space    used 4857K, capacity 5074K, committed 5120K, reserved 1048576K
