11:34:53,205 |-INFO in ch.qos.logback.classic.LoggerContext[default] - Could NOT find resource [logback-test.xml]
11:34:53,205 |-INFO in ch.qos.logback.classic.LoggerContext[default] - Could NOT find resource [logback.groovy]
11:34:53,205 |-INFO in ch.qos.logback.classic.LoggerContext[default] - Found resource [logback.xml] at [jar:file:/home/ubuntu/flamestream/lib/flamestream-runtime-1.0-SNAPSHOT.jar!/logback.xml]
11:34:53,206 |-WARN in ch.qos.logback.classic.LoggerContext[default] - Resource [logback.xml] occurs multiple times on the classpath.
11:34:53,206 |-WARN in ch.qos.logback.classic.LoggerContext[default] - Resource [logback.xml] occurs at [jar:file:/home/ubuntu/flamestream/flamestream-runtime-1.0-SNAPSHOT.jar!/logback.xml]
11:34:53,206 |-WARN in ch.qos.logback.classic.LoggerContext[default] - Resource [logback.xml] occurs at [jar:file:/home/ubuntu/flamestream/lib/flamestream-runtime-1.0-SNAPSHOT.jar!/logback.xml]
11:34:53,225 |-INFO in ch.qos.logback.core.joran.spi.ConfigurationWatchList@4678c730 - URL [jar:file:/home/ubuntu/flamestream/lib/flamestream-runtime-1.0-SNAPSHOT.jar!/logback.xml] is not of type file
11:34:53,301 |-INFO in ch.qos.logback.classic.joran.action.ConfigurationAction - debug attribute not set
11:34:53,302 |-INFO in ch.qos.logback.core.joran.action.AppenderAction - About to instantiate appender of type [ch.qos.logback.core.ConsoleAppender]
11:34:53,333 |-INFO in ch.qos.logback.core.joran.action.AppenderAction - Naming appender as [STDOUT]
11:34:53,345 |-INFO in ch.qos.logback.core.joran.action.NestedComplexPropertyIA - Assuming default type [ch.qos.logback.classic.encoder.PatternLayoutEncoder] for [encoder] property
11:34:53,464 |-INFO in ch.qos.logback.core.joran.action.AppenderAction - About to instantiate appender of type [ch.qos.logback.core.rolling.RollingFileAppender]
11:34:53,476 |-INFO in ch.qos.logback.core.joran.action.AppenderAction - Naming appender as [FILE]
11:34:53,524 |-INFO in c.q.l.core.rolling.TimeBasedRollingPolicy@1734853116 - No compression will be used
11:34:53,525 |-INFO in c.q.l.core.rolling.TimeBasedRollingPolicy@1734853116 - Will use the pattern /tmp/application_%d{yyyy-MM-dd}.%i.log for the active file
11:34:53,534 |-INFO in ch.qos.logback.core.rolling.SizeAndTimeBasedFNATP@29ee9faa - The date pattern is 'yyyy-MM-dd' from file name pattern '/tmp/application_%d{yyyy-MM-dd}.%i.log'.
11:34:53,534 |-INFO in ch.qos.logback.core.rolling.SizeAndTimeBasedFNATP@29ee9faa - Roll-over at midnight.
11:34:53,541 |-INFO in ch.qos.logback.core.rolling.SizeAndTimeBasedFNATP@29ee9faa - Setting initial period to Thu Oct 10 11:34:29 UTC 2019
11:34:53,541 |-WARN in ch.qos.logback.core.rolling.SizeAndTimeBasedFNATP@29ee9faa - SizeAndTimeBasedFNATP is deprecated. Use SizeAndTimeBasedRollingPolicy instead
11:34:53,541 |-WARN in ch.qos.logback.core.rolling.SizeAndTimeBasedFNATP@29ee9faa - For more information see http://logback.qos.ch/manual/appenders.html#SizeAndTimeBasedRollingPolicy
11:34:53,547 |-INFO in ch.qos.logback.core.joran.action.NestedComplexPropertyIA - Assuming default type [ch.qos.logback.classic.encoder.PatternLayoutEncoder] for [encoder] property
11:34:53,556 |-INFO in ch.qos.logback.core.rolling.RollingFileAppender[FILE] - Active log file name: /tmp/application.log
11:34:53,556 |-INFO in ch.qos.logback.core.rolling.RollingFileAppender[FILE] - File property is set to [/tmp/application.log]
11:34:53,557 |-INFO in ch.qos.logback.classic.joran.action.RootLoggerAction - Setting level of ROOT logger to INFO
11:34:53,557 |-INFO in ch.qos.logback.core.joran.action.AppenderRefAction - Attaching appender named [STDOUT] to Logger[ROOT]
11:34:53,558 |-INFO in ch.qos.logback.core.joran.action.AppenderRefAction - Attaching appender named [FILE] to Logger[ROOT]
11:34:53,558 |-INFO in ch.qos.logback.classic.joran.action.ConfigurationAction - End of configuration.
11:34:53,559 |-INFO in ch.qos.logback.classic.joran.JoranConfigurator@c038203 - Registering current configuration as safe fallback point

11:34:53.567 [main] INFO  c.s.f.r.WorkerApplication  - Starting worker with workerConfig 'WorkerConfig{id='flamestream-benchmarks-worker-14', localAddress=flamestream-benchmarks-worker-14/10.0.0.20:5412, zkString='flamestream-benchmarks-manager:12181', snapshotPath='/home/ubuntu/flamestream/data', guarantees=AT_MOST_ONCE}'
11:34:55.454 [worker-akka.actor.default-dispatcher-6] INFO  a.e.s.Slf4jLogger  - Slf4jLogger started
2019-10-10T11:34:55.627+0000: 2.822: [Full GC (Metadata GC Threshold) 2019-10-10T11:34:55.627+0000: 2.822: [Tenured: 0K->13625K(1024000K), 0.0531512 secs] 147656K->13625K(1484800K), [Metaspace: 20230K->20230K(1067008K)], 0.0532435 secs] [Times: user=0.05 sys=0.00, real=0.06 secs] 
11:34:55.791 [worker-akka.actor.default-dispatcher-6] WARN  a.r.RemoteActorRefProvider akka.remote.RemoteActorRefProvider - Using the 'remote' ActorRefProvider directly, which is a low-level layer. For most use cases, the 'cluster' abstraction on top of remoting is more suitable instead.
11:34:55.803 [worker-akka.actor.default-dispatcher-6] WARN  a.r.RemoteActorRefProvider akka.remote.RemoteActorRefProvider - Akka Cluster not in use - Using Akka Cluster is recommended if you need remote watch and deploy.
11:34:55.922 [worker-akka.actor.default-dispatcher-6] INFO  a.r.a.a.ArteryAeronUdpTransport(akka://worker) akka.remote.artery.aeron.ArteryAeronUdpTransport(akka://worker) - Started embedded media driver in directory [/dev/shm/aeron-flamestream-benchmarks-worker-14]
11:34:55.964 [worker-akka.actor.default-dispatcher-6] WARN  a.r.a.a.ArteryAeronUdpTransport(akka://worker) akka.remote.artery.aeron.ArteryAeronUdpTransport(akka://worker) - Aeron CnC version mismatch: compiled version = 15, file version = 16
11:34:56.250 [worker-akka.actor.default-dispatcher-6] INFO  a.r.a.a.ArteryAeronUdpTransport(akka://worker) akka.remote.artery.aeron.ArteryAeronUdpTransport(akka://worker) - Remoting started with transport [Artery aeron-udp]; listening on address [akka://worker@flamestream-benchmarks-worker-14:5412] and bound to [akka://worker@0.0.0.0:5412] with UID [6257148614540449481]
11:34:56.895 [worker-akka.actor.default-dispatcher-6] WARN  a.s.Serialization(akka://worker) akka.serialization.Serialization(akka://worker) - Using serializer [com.romix.akka.serialization.kryo.KryoSerializer] for message [akka.actor.ActorSelectionMessage]. Note that this serializer is not implemented by Akka. It's not recommended to replace serializers for messages provided by Akka.
11:34:56.896 [worker-akka.actor.default-dispatcher-6] WARN  a.s.Serialization(akka://worker) akka.serialization.Serialization(akka://worker) - Using serializer [com.romix.akka.serialization.kryo.KryoSerializer] for message [akka.actor.ActorIdentity]. Note that this serializer is not implemented by Akka. It's not recommended to replace serializers for messages provided by Akka.
11:34:56.976 [worker-akka.actor.default-dispatcher-9] INFO  a.a.RepointableActorRef akka://worker/user/watcher - Starting...
11:34:57.141 [worker-akka.actor.default-dispatcher-6] INFO  o.a.c.u.Compatibility  - Running in ZooKeeper 3.4.x compatibility mode
11:34:57.205 [worker-akka.actor.default-dispatcher-6] INFO  o.a.c.f.i.CuratorFrameworkImpl  - Starting
11:34:57.233 [worker-akka.actor.default-dispatcher-6] INFO  o.a.z.ZooKeeper  - Client environment:zookeeper.version=3.4.14-4c25d480e66aadd371de8bd2fd8da255ac140bcf, built on 03/06/2019 16:18 GMT
11:34:57.234 [worker-akka.actor.default-dispatcher-6] INFO  o.a.z.ZooKeeper  - Client environment:host.name=flamestream-benchmarks-worker-14
11:34:57.235 [worker-akka.actor.default-dispatcher-6] INFO  o.a.z.ZooKeeper  - Client environment:java.version=1.8.0_222
11:34:57.235 [worker-akka.actor.default-dispatcher-6] INFO  o.a.z.ZooKeeper  - Client environment:java.vendor=Private Build
11:34:57.237 [worker-akka.actor.default-dispatcher-6] INFO  o.a.z.ZooKeeper  - Client environment:java.home=/usr/lib/jvm/java-8-openjdk-amd64/jre
11:34:57.238 [worker-akka.actor.default-dispatcher-6] INFO  o.a.z.ZooKeeper  - Client environment:java.class.path=lib/curator-framework-4.0.1.jar:lib/commons-csv-1.4.jar:lib/aeron-client-1.21.2.jar:lib/scala-library-2.12.9.jar:lib/asm-5.0.4.jar:lib/agrona-1.0.1.jar:lib/curator-recipes-4.0.1.jar:lib/akka-testkit_2.12-2.6.0-M6.jar:lib/flamestream-runtime-1.0-SNAPSHOT.jar:lib/slf4j-simple-2.0.0-alpha1.jar:lib/jsr305-3.0.2.jar:lib/trove4j-3.0.3.jar:lib/flamestream-core-1.0-SNAPSHOT.jar:lib/commons-io-2.4.jar:lib/minlog-1.3.0.jar:lib/kryonet-2.21.jar:lib/commons-1.4.9.jar:lib/jline-0.9.94.jar:lib/akka-remote_2.12-2.6.0-M6.jar:lib/leveldbjni-all-1.8.jar:lib/lz4-1.3.0.jar:lib/slf4j-api-1.7.24.jar:lib/scala-parser-combinators_2.12-1.1.2.jar:lib/flamestream-core-1.0-SNAPSHOT-tests.jar:lib/logback-core-1.2.3.jar:lib/netty-3.10.6.Final.jar:lib/protobuf-java-3.9.0.jar:lib/minlog-1.2.jar:lib/leveldb-api-0.7.jar:lib/jool-0.9.12.jar:lib/commons-cli-1.4.jar:lib/jblas-1.2.4.jar:lib/reflectasm-1.11.3.jar:lib/reflectasm-1.07-shaded.jar:lib/audience-annotations-0.5.0.jar:lib/jackson-annotations-2.9.6.jar:lib/commons-lang-2.6.jar:lib/ssl-config-core_2.12-0.3.8.jar:lib/annotations-13.0.jar:lib/logback-classic-1.2.3.jar:lib/guava-21.0.jar:lib/reactive-streams-1.0.2.jar:lib/spotbugs-annotations-3.1.9.jar:lib/leveldb-0.7.jar:lib/commons-pool2-2.4.2.jar:lib/rocksdbjni-5.5.1.jar:lib/jackson-core-2.9.9.jar:lib/jackson-databind-2.9.9.2.jar:lib/akka-protobuf-v3_2.12-2.6.0-M6.jar:lib/jackson-annotations-2.9.0.jar:lib/flamestream-examples-1.0-SNAPSHOT.jar:lib/objenesis-2.1.jar:lib/akka-kryo-serialization_2.12-0.5.2.jar:lib/scala-java8-compat_2.12-0.8.0.jar:lib/zookeeper-3.4.14.jar:lib/akka-slf4j_2.12-2.6.0-M6.jar:lib/kryo-4.0.0.jar:lib/akka-stream_2.12-2.6.0-M6.jar:lib/aeron-driver-1.21.2.jar:lib/config-1.3.1.jar:lib/annotations-12.0.jar:lib/jedis-2.9.0.jar:lib/jcommander-1.48.jar:lib/testng-6.10.jar:lib/akka-actor_2.12-2.6.0-M6.jar:lib/curator-client-4.0.1.jar:flamestream-runtime-1.0-SNAPSHOT.jar
11:34:57.241 [worker-akka.actor.default-dispatcher-6] INFO  o.a.z.ZooKeeper  - Client environment:java.library.path=/usr/java/packages/lib/amd64:/usr/lib/x86_64-linux-gnu/jni:/lib/x86_64-linux-gnu:/usr/lib/x86_64-linux-gnu:/usr/lib/jni:/lib:/usr/lib
11:34:57.242 [worker-akka.actor.default-dispatcher-6] INFO  o.a.z.ZooKeeper  - Client environment:java.io.tmpdir=/tmp
11:34:57.242 [worker-akka.actor.default-dispatcher-6] INFO  o.a.z.ZooKeeper  - Client environment:java.compiler=<NA>
11:34:57.242 [worker-akka.actor.default-dispatcher-6] INFO  o.a.z.ZooKeeper  - Client environment:os.name=Linux
11:34:57.243 [worker-akka.actor.default-dispatcher-6] INFO  o.a.z.ZooKeeper  - Client environment:os.arch=amd64
11:34:57.243 [worker-akka.actor.default-dispatcher-6] INFO  o.a.z.ZooKeeper  - Client environment:os.version=4.15.0-1040-gcp
11:34:57.244 [worker-akka.actor.default-dispatcher-6] INFO  o.a.z.ZooKeeper  - Client environment:user.name=ubuntu
11:34:57.244 [worker-akka.actor.default-dispatcher-6] INFO  o.a.z.ZooKeeper  - Client environment:user.home=/home/ubuntu
11:34:57.244 [worker-akka.actor.default-dispatcher-6] INFO  o.a.z.ZooKeeper  - Client environment:user.dir=/home/ubuntu/flamestream
11:34:57.248 [worker-akka.actor.default-dispatcher-6] INFO  o.a.z.ZooKeeper  - Initiating client connection, connectString=flamestream-benchmarks-manager:12181 sessionTimeout=60000 watcher=org.apache.curator.ConnectionState@3c5e82fa
11:34:57.312 [worker-akka.actor.default-dispatcher-6-SendThread(flamestream-benchmarks-manager:12181)] INFO  o.a.z.ClientCnxn  - Opening socket connection to server flamestream-benchmarks-manager/10.0.0.21:12181. Will not attempt to authenticate using SASL (unknown error)
11:34:57.314 [worker-akka.actor.default-dispatcher-6] INFO  o.a.c.f.i.CuratorFrameworkImpl  - Default schema
11:34:57.321 [worker-akka.actor.default-dispatcher-6-SendThread(flamestream-benchmarks-manager:12181)] INFO  o.a.z.ClientCnxn  - Socket connection established to flamestream-benchmarks-manager/10.0.0.21:12181, initiating session
11:34:57.335 [worker-akka.actor.default-dispatcher-6-SendThread(flamestream-benchmarks-manager:12181)] INFO  o.a.z.ClientCnxn  - Session establishment complete on server flamestream-benchmarks-manager/10.0.0.21:12181, sessionid = 0x100002c5342000e, negotiated timeout = 60000
11:34:57.348 [worker-akka.actor.default-dispatcher-6-EventThread] INFO  o.a.c.f.s.ConnectionStateManager  - State change: CONNECTED
11:34:57.355 [worker-akka.actor.default-dispatcher-9] INFO  a.a.RepointableActorRef akka://worker/user/watcher - Initializing rocksDB backend
2019-10-10T11:34:58.477+0000: 5.672: [Full GC (Metadata GC Threshold) 2019-10-10T11:34:58.477+0000: 5.672: [Tenured: 13625K->25946K(1024000K), 0.1382565 secs] 159750K->25946K(1484800K), [Metaspace: 33697K->33697K(1079296K)], 0.1423989 secs] [Times: user=0.14 sys=0.01, real=0.14 secs] 
11:34:58.716 [worker-akka.actor.default-dispatcher-6] INFO  a.a.LocalActorRef akka://worker/user/watcher/processing-watcher - Starting...
11:35:02.195 [Curator-PathChildrenCache-1] WARN  o.a.c.u.ZKPaths  - The version of ZooKeeper being used doesn't support Container nodes. CreateMode.PERSISTENT will be used instead.
11:35:02.358 [worker-akka.actor.default-dispatcher-6] INFO  a.a.LocalActorRef akka://worker/user/watcher/processing-watcher/$a - Starting...
11:35:02.404 [worker-akka.actor.default-dispatcher-6] INFO  a.a.LocalActorRef akka://worker/user/watcher/processing-watcher/$a - Stopped
11:35:04.030 [worker-akka.actor.default-dispatcher-6] INFO  a.a.LocalActorRef akka://worker/user/watcher/processing-watcher/graph/graph - Starting...
11:35:07.763 [worker-akka.actor.default-dispatcher-12] INFO  a.a.LocalActorRef akka://worker/user/watcher/processing-watcher/graph/graph - Finishing constructor
11:35:07.769 [worker-akka.actor.default-dispatcher-6] INFO  a.a.LocalActorRef akka://worker/user/watcher/processing-watcher/graph/negotiator - Starting...
11:35:07.773 [worker-akka.actor.default-dispatcher-6] INFO  a.a.LocalActorRef akka://worker/user/watcher/processing-watcher/graph/edge - Starting...
11:35:07.783 [worker-akka.actor.default-dispatcher-12] INFO  a.a.LocalActorRef akka://worker/user/watcher/processing-watcher/graph - Starting FlameNode with config 'ClusterConfig{paths={flamestream-benchmarks-worker-1=akka://worker@flamestream-benchmarks-worker-1:5412/user/watcher/processing-watcher/graph, flamestream-benchmarks-worker-0=akka://worker@flamestream-benchmarks-worker-0:5412/user/watcher/processing-watcher/graph, flamestream-benchmarks-worker-9=akka://worker@flamestream-benchmarks-worker-9:5412/user/watcher/processing-watcher/graph, flamestream-benchmarks-worker-8=akka://worker@flamestream-benchmarks-worker-8:5412/user/watcher/processing-watcher/graph, flamestream-benchmarks-worker-7=akka://worker@flamestream-benchmarks-worker-7:5412/user/watcher/processing-watcher/graph, flamestream-benchmarks-worker-6=akka://worker@flamestream-benchmarks-worker-6:5412/user/watcher/processing-watcher/graph, flamestream-benchmarks-worker-5=akka://worker@flamestream-benchmarks-worker-5:5412/user/watcher/processing-watcher/graph, flamestream-benchmarks-worker-4=akka://worker@flamestream-benchmarks-worker-4:5412/user/watcher/processing-watcher/graph, flamestream-benchmarks-worker-3=akka://worker@flamestream-benchmarks-worker-3:5412/user/watcher/processing-watcher/graph, flamestream-benchmarks-worker-2=akka://worker@flamestream-benchmarks-worker-2:5412/user/watcher/processing-watcher/graph, flamestream-benchmarks-worker-14=akka://worker@flamestream-benchmarks-worker-14:5412/user/watcher/processing-watcher/graph, flamestream-benchmarks-worker-13=akka://worker@flamestream-benchmarks-worker-13:5412/user/watcher/processing-watcher/graph, flamestream-benchmarks-worker-12=akka://worker@flamestream-benchmarks-worker-12:5412/user/watcher/processing-watcher/graph, flamestream-benchmarks-worker-11=akka://worker@flamestream-benchmarks-worker-11:5412/user/watcher/processing-watcher/graph, flamestream-benchmarks-worker-10=akka://worker@flamestream-benchmarks-worker-10:5412/user/watcher/processing-watcher/graph}}'
11:35:07.815 [worker-akka.actor.default-dispatcher-10] INFO  a.a.LocalActorRef akka://worker/user/watcher/processing-watcher/graph/negotiator - Requesting ticket for the frontClass FlameSocketGraphDeployerFront@flamestream-benchmarks-worker-14
11:35:07.835 [worker-akka.actor.default-dispatcher-9] INFO  a.a.LocalActorRef akka://worker/user/watcher/processing-watcher/graph/graph - Received last commit 'LastCommit{globalTime=(0000000, min@min)}'
11:35:07.863 [worker-akka.actor.default-dispatcher-13] INFO  a.a.LocalActorRef akka://worker/user/watcher/processing-watcher/graph/edge/FlameSocketGraphDeployerFront - Starting...
11:35:07.878 [worker-akka.actor.default-dispatcher-6] INFO  c.s.f.r.e.s.SocketRear  - FlameSocketGraphDeployerRear@flamestream-benchmarks-worker-14: connecting to flamestream-benchmarks-manager:5678
11:35:07.900 [worker-akka.actor.default-dispatcher-6] INFO  c.s.f.r.e.s.SocketRear  - FlameSocketGraphDeployerRear@flamestream-benchmarks-worker-14: connected to flamestream-benchmarks-manager:5678
11:35:07.901 [worker-akka.actor.default-dispatcher-12] INFO  a.a.LocalActorRef akka://worker/user/watcher/processing-watcher/graph/edge/FlameSocketGraphDeployerRear - Starting...
11:35:07.907 [worker-akka.actor.default-dispatcher-6] INFO  a.a.LocalActorRef akka://worker/user/watcher/processing-watcher/graph/negotiator - Ticket for the frontClass received: FrontTicket{allowedTimestamp=(0000000, FlameSocketGraphDeployerFront@flamestream-benchmarks-worker-14)}
11:35:07.908 [worker-akka.actor.default-dispatcher-6] INFO  c.s.f.r.e.s.SocketFront  - FlameSocketGraphDeployerFront@flamestream-benchmarks-worker-14: connecting to flamestream-benchmarks-manager:4567
11:35:08.328 [worker-akka.actor.default-dispatcher-6] INFO  a.a.LocalActorRef akka://worker/user/watcher/processing-watcher/graph/graph/$a - Starting...
11:35:08.330 [worker-akka.actor.default-dispatcher-6] INFO  a.a.LocalActorRef akka://worker/user/watcher/processing-watcher/graph/graph/$b - Starting...
11:35:08.332 [worker-akka.actor.default-dispatcher-6] INFO  a.a.LocalActorRef akka://worker/user/watcher/processing-watcher/graph/graph/$c - Starting...
11:35:08.335 [worker-akka.actor.default-dispatcher-6] INFO  a.a.LocalActorRef akka://worker/user/watcher/processing-watcher/graph/graph/$d - Starting...
11:35:08.339 [worker-akka.actor.default-dispatcher-6] INFO  a.a.LocalActorRef akka://worker/user/watcher/processing-watcher/graph/graph/$e - Starting...
11:35:08.342 [worker-akka.actor.default-dispatcher-6] INFO  a.a.LocalActorRef akka://worker/user/watcher/processing-watcher/graph/graph/$f - Starting...
11:35:08.345 [worker-akka.actor.default-dispatcher-6] INFO  a.a.LocalActorRef akka://worker/user/watcher/processing-watcher/graph/graph/$g - Starting...
11:35:08.417 [worker-akka.actor.default-dispatcher-6] INFO  a.a.LocalActorRef akka://worker/user/watcher/processing-watcher/graph/graph/$h - Starting...
11:35:08.419 [worker-akka.actor.default-dispatcher-6] INFO  a.a.LocalActorRef akka://worker/user/watcher/processing-watcher/graph/graph/$i - Starting...
11:35:08.425 [worker-akka.actor.default-dispatcher-6] INFO  a.a.LocalActorRef akka://worker/user/watcher/processing-watcher/graph/graph/$j - Starting...
11:35:08.427 [worker-akka.actor.default-dispatcher-6] INFO  a.a.LocalActorRef akka://worker/user/watcher/processing-watcher/graph/graph/$k - Starting...
11:35:08.433 [worker-akka.actor.default-dispatcher-6] INFO  a.a.LocalActorRef akka://worker/user/watcher/processing-watcher/graph/graph/$l - Starting...
11:35:08.435 [worker-akka.actor.default-dispatcher-6] INFO  a.a.LocalActorRef akka://worker/user/watcher/processing-watcher/graph/graph/$m - Starting...
11:35:08.438 [worker-akka.actor.default-dispatcher-6] INFO  a.a.LocalActorRef akka://worker/user/watcher/processing-watcher/graph/graph/$n - Starting...
11:35:08.442 [worker-akka.actor.default-dispatcher-6] INFO  a.a.LocalActorRef akka://worker/user/watcher/processing-watcher/graph/graph/$o - Starting...
11:35:08.447 [worker-akka.actor.default-dispatcher-6] INFO  a.a.LocalActorRef akka://worker/user/watcher/processing-watcher/graph/graph/$p - Starting...
11:35:08.450 [worker-akka.actor.default-dispatcher-6] INFO  a.a.LocalActorRef akka://worker/user/watcher/processing-watcher/graph/graph/$q - Starting...
11:35:08.453 [worker-akka.actor.default-dispatcher-6] INFO  a.a.LocalActorRef akka://worker/user/watcher/processing-watcher/graph/graph/$r - Starting...
11:35:08.456 [worker-akka.actor.default-dispatcher-6] INFO  a.a.LocalActorRef akka://worker/user/watcher/processing-watcher/graph/graph/$s - Starting...
11:35:08.457 [worker-akka.actor.default-dispatcher-6] INFO  a.a.LocalActorRef akka://worker/user/watcher/processing-watcher/graph/graph/$t - Starting...
11:35:08.463 [worker-akka.actor.default-dispatcher-6] INFO  a.a.LocalActorRef akka://worker/user/watcher/processing-watcher/graph/graph/$u - Starting...
11:35:08.466 [worker-akka.actor.default-dispatcher-6] INFO  a.a.LocalActorRef akka://worker/user/watcher/processing-watcher/graph/graph/$v - Starting...
11:35:08.468 [worker-akka.actor.default-dispatcher-6] INFO  a.a.LocalActorRef akka://worker/user/watcher/processing-watcher/graph/graph/$w - Starting...
11:35:08.472 [worker-akka.actor.default-dispatcher-6] INFO  a.a.LocalActorRef akka://worker/user/watcher/processing-watcher/graph/graph/$x - Starting...
11:35:08.474 [worker-akka.actor.default-dispatcher-6] INFO  a.a.LocalActorRef akka://worker/user/watcher/processing-watcher/graph/graph/$y - Starting...
11:35:08.478 [worker-akka.actor.default-dispatcher-6] INFO  a.a.LocalActorRef akka://worker/user/watcher/processing-watcher/graph/graph/$z - Starting...
11:35:08.481 [worker-akka.actor.default-dispatcher-6] INFO  a.a.LocalActorRef akka://worker/user/watcher/processing-watcher/graph/graph/$A - Starting...
11:35:08.488 [worker-akka.actor.default-dispatcher-6] INFO  a.a.LocalActorRef akka://worker/user/watcher/processing-watcher/graph/graph/$B - Starting...
11:35:08.489 [worker-akka.actor.default-dispatcher-6] INFO  a.a.LocalActorRef akka://worker/user/watcher/processing-watcher/graph/graph/$C - Starting...
11:35:08.491 [worker-akka.actor.default-dispatcher-6] INFO  a.a.LocalActorRef akka://worker/user/watcher/processing-watcher/graph/graph/$D - Starting...
11:35:08.495 [worker-akka.actor.default-dispatcher-6] INFO  a.a.LocalActorRef akka://worker/user/watcher/processing-watcher/graph/graph/$E - Starting...
11:35:08.496 [worker-akka.actor.default-dispatcher-6] INFO  a.a.LocalActorRef akka://worker/user/watcher/processing-watcher/graph/graph/$F - Starting...
11:35:08.499 [worker-akka.actor.default-dispatcher-6] INFO  a.a.LocalActorRef akka://worker/user/watcher/processing-watcher/graph/graph/$G - Starting...
11:35:08.500 [worker-akka.actor.default-dispatcher-6] INFO  a.a.LocalActorRef akka://worker/user/watcher/processing-watcher/graph/graph/$H - Starting...
11:35:08.506 [worker-akka.actor.default-dispatcher-6] INFO  a.a.LocalActorRef akka://worker/user/watcher/processing-watcher/graph/graph/$I - Starting...
11:35:08.508 [worker-akka.actor.default-dispatcher-6] INFO  a.a.LocalActorRef akka://worker/user/watcher/processing-watcher/graph/graph/$J - Starting...
11:35:08.509 [worker-akka.actor.default-dispatcher-6] INFO  a.a.LocalActorRef akka://worker/user/watcher/processing-watcher/graph/graph/$K - Starting...
11:35:08.511 [worker-akka.actor.default-dispatcher-6] INFO  a.a.LocalActorRef akka://worker/user/watcher/processing-watcher/graph/graph/$L - Starting...
11:35:08.513 [worker-akka.actor.default-dispatcher-6] INFO  a.a.LocalActorRef akka://worker/user/watcher/processing-watcher/graph/graph/$M - Starting...
11:35:08.515 [worker-akka.actor.default-dispatcher-6] INFO  a.a.LocalActorRef akka://worker/user/watcher/processing-watcher/graph/graph/$N - Starting...
11:35:08.516 [worker-akka.actor.default-dispatcher-6] INFO  a.a.LocalActorRef akka://worker/user/watcher/processing-watcher/graph/graph/$O - Starting...
11:35:08.517 [worker-akka.actor.default-dispatcher-6] INFO  a.a.LocalActorRef akka://worker/user/watcher/processing-watcher/graph/graph/$P - Starting...
11:35:08.519 [worker-akka.actor.default-dispatcher-6] INFO  a.a.LocalActorRef akka://worker/user/watcher/processing-watcher/graph/graph/$Q - Starting...
11:35:08.520 [worker-akka.actor.default-dispatcher-6] INFO  a.a.LocalActorRef akka://worker/user/watcher/processing-watcher/graph/graph/$R - Starting...
11:35:08.521 [worker-akka.actor.default-dispatcher-6] INFO  a.a.LocalActorRef akka://worker/user/watcher/processing-watcher/graph/graph/$S - Starting...
11:35:08.522 [worker-akka.actor.default-dispatcher-6] INFO  a.a.LocalActorRef akka://worker/user/watcher/processing-watcher/graph/graph/$T - Starting...
11:35:08.524 [worker-akka.actor.default-dispatcher-6] INFO  a.a.LocalActorRef akka://worker/user/watcher/processing-watcher/graph/graph/$U - Starting...
11:35:08.526 [worker-akka.actor.default-dispatcher-6] INFO  a.a.LocalActorRef akka://worker/user/watcher/processing-watcher/graph/graph/$V - Starting...
11:35:08.527 [worker-akka.actor.default-dispatcher-6] INFO  a.a.LocalActorRef akka://worker/user/watcher/processing-watcher/graph/graph/$W - Starting...
11:35:08.528 [worker-akka.actor.default-dispatcher-6] INFO  a.a.LocalActorRef akka://worker/user/watcher/processing-watcher/graph/graph/$X - Starting...
11:35:08.529 [worker-akka.actor.default-dispatcher-6] INFO  a.a.LocalActorRef akka://worker/user/watcher/processing-watcher/graph/graph/$Y - Starting...
11:35:08.532 [worker-akka.actor.default-dispatcher-6] INFO  a.a.LocalActorRef akka://worker/user/watcher/processing-watcher/graph/graph/$Z - Starting...
11:35:08.534 [worker-akka.actor.default-dispatcher-6] INFO  a.a.LocalActorRef akka://worker/user/watcher/processing-watcher/graph/graph/$0 - Starting...
11:35:08.536 [worker-akka.actor.default-dispatcher-6] INFO  a.a.LocalActorRef akka://worker/user/watcher/processing-watcher/graph/graph/$1 - Starting...
11:35:08.538 [worker-akka.actor.default-dispatcher-6] INFO  a.a.LocalActorRef akka://worker/user/watcher/processing-watcher/graph/graph/$2 - Starting...
11:35:08.539 [worker-akka.actor.default-dispatcher-6] INFO  a.a.LocalActorRef akka://worker/user/watcher/processing-watcher/graph/graph/$3 - Starting...
11:35:08.540 [worker-akka.actor.default-dispatcher-6] INFO  a.a.LocalActorRef akka://worker/user/watcher/processing-watcher/graph/graph/$4 - Starting...
11:35:08.542 [worker-akka.actor.default-dispatcher-6] INFO  a.a.LocalActorRef akka://worker/user/watcher/processing-watcher/graph/graph/$5 - Starting...
11:35:08.544 [worker-akka.actor.default-dispatcher-6] INFO  a.a.LocalActorRef akka://worker/user/watcher/processing-watcher/graph/graph/$6 - Starting...
11:35:08.546 [worker-akka.actor.default-dispatcher-6] INFO  a.a.LocalActorRef akka://worker/user/watcher/processing-watcher/graph/graph/$7 - Starting...
11:35:08.548 [worker-akka.actor.default-dispatcher-6] INFO  a.a.LocalActorRef akka://worker/user/watcher/processing-watcher/graph/graph/$8 - Starting...
11:35:08.551 [worker-akka.actor.default-dispatcher-6] INFO  a.a.LocalActorRef akka://worker/user/watcher/processing-watcher/graph/graph/$9 - Starting...
11:35:08.552 [worker-akka.actor.default-dispatcher-6] INFO  a.a.LocalActorRef akka://worker/user/watcher/processing-watcher/graph/graph/$+ - Starting...
11:35:08.554 [worker-akka.actor.default-dispatcher-6] INFO  a.a.LocalActorRef akka://worker/user/watcher/processing-watcher/graph/graph/$~ - Starting...
11:35:08.555 [worker-akka.actor.default-dispatcher-6] INFO  a.a.LocalActorRef akka://worker/user/watcher/processing-watcher/graph/graph/$ab - Starting...
11:35:08.556 [worker-akka.actor.default-dispatcher-6] INFO  a.a.LocalActorRef akka://worker/user/watcher/processing-watcher/graph/graph/$bb - Starting...
11:35:08.557 [worker-akka.actor.default-dispatcher-6] INFO  a.a.LocalActorRef akka://worker/user/watcher/processing-watcher/graph/graph/$cb - Starting...
11:35:08.567 [worker-akka.actor.default-dispatcher-6] INFO  a.a.LocalActorRef akka://worker/user/watcher/processing-watcher/graph/graph/$db - Starting...
11:35:08.568 [worker-akka.actor.default-dispatcher-6] INFO  a.a.LocalActorRef akka://worker/user/watcher/processing-watcher/graph/graph/$eb - Starting...
11:35:08.569 [worker-akka.actor.default-dispatcher-6] INFO  a.a.LocalActorRef akka://worker/user/watcher/processing-watcher/graph/graph/$fb - Starting...
11:35:08.572 [worker-akka.actor.default-dispatcher-6] INFO  a.a.LocalActorRef akka://worker/user/watcher/processing-watcher/graph/graph/$gb - Starting...
11:35:08.578 [worker-akka.actor.default-dispatcher-6] INFO  a.a.LocalActorRef akka://worker/user/watcher/processing-watcher/graph/graph/$hb - Starting...
11:35:08.579 [worker-akka.actor.default-dispatcher-6] INFO  a.a.LocalActorRef akka://worker/user/watcher/processing-watcher/graph/graph/$ib - Starting...
11:35:08.581 [worker-akka.actor.default-dispatcher-6] INFO  a.a.LocalActorRef akka://worker/user/watcher/processing-watcher/graph/graph/$jb - Starting...
11:35:08.586 [worker-akka.actor.default-dispatcher-6] INFO  a.a.LocalActorRef akka://worker/user/watcher/processing-watcher/graph/graph/$kb - Starting...
11:35:08.588 [worker-akka.actor.default-dispatcher-6] INFO  a.a.LocalActorRef akka://worker/user/watcher/processing-watcher/graph/graph/$lb - Starting...
11:35:08.590 [worker-akka.actor.default-dispatcher-6] INFO  a.a.LocalActorRef akka://worker/user/watcher/processing-watcher/graph/graph/$mb - Starting...
11:35:08.592 [worker-akka.actor.default-dispatcher-6] INFO  a.a.LocalActorRef akka://worker/user/watcher/processing-watcher/graph/graph/$nb - Starting...
11:35:08.595 [worker-akka.actor.default-dispatcher-6] INFO  a.a.LocalActorRef akka://worker/user/watcher/processing-watcher/graph/graph/$ob - Starting...
11:35:08.596 [worker-akka.actor.default-dispatcher-6] INFO  a.a.LocalActorRef akka://worker/user/watcher/processing-watcher/graph/graph/$pb - Starting...
11:35:08.598 [worker-akka.actor.default-dispatcher-6] INFO  a.a.LocalActorRef akka://worker/user/watcher/processing-watcher/graph/graph/$qb - Starting...
11:35:08.600 [worker-akka.actor.default-dispatcher-6] INFO  a.a.LocalActorRef akka://worker/user/watcher/processing-watcher/graph/graph/$rb - Starting...
11:35:08.606 [worker-akka.actor.default-dispatcher-6] INFO  a.a.LocalActorRef akka://worker/user/watcher/processing-watcher/graph/graph/$sb - Starting...
11:35:08.610 [worker-akka.actor.default-dispatcher-6] INFO  a.a.LocalActorRef akka://worker/user/watcher/processing-watcher/graph/graph/$tb - Starting...
11:35:08.611 [worker-akka.actor.default-dispatcher-6] INFO  a.a.LocalActorRef akka://worker/user/watcher/processing-watcher/graph/graph/$ub - Starting...
11:35:08.615 [worker-akka.actor.default-dispatcher-6] INFO  a.a.LocalActorRef akka://worker/user/watcher/processing-watcher/graph/graph/$vb - Starting...
11:35:08.617 [worker-akka.actor.default-dispatcher-6] INFO  a.a.LocalActorRef akka://worker/user/watcher/processing-watcher/graph/graph/$wb - Starting...
11:35:08.618 [worker-akka.actor.default-dispatcher-6] INFO  a.a.LocalActorRef akka://worker/user/watcher/processing-watcher/graph/graph/$xb - Starting...
11:35:08.620 [worker-akka.actor.default-dispatcher-6] INFO  a.a.LocalActorRef akka://worker/user/watcher/processing-watcher/graph/graph/$yb - Starting...
11:35:08.623 [worker-akka.actor.default-dispatcher-6] INFO  a.a.LocalActorRef akka://worker/user/watcher/processing-watcher/graph/graph/$zb - Starting...
11:35:08.637 [worker-akka.actor.default-dispatcher-6] INFO  a.a.LocalActorRef akka://worker/user/watcher/processing-watcher/graph/graph/$Ab - Starting...
11:35:08.659 [worker-akka.actor.default-dispatcher-12] INFO  a.a.LocalActorRef akka://worker/user/watcher/processing-watcher/graph/graph/$Bb - Starting...
11:35:08.664 [worker-akka.actor.default-dispatcher-6] INFO  a.a.LocalActorRef akka://worker/user/watcher/processing-watcher/graph/graph/$Ab - Attached rear to graph (-9223372036854775808, min@min)
11:35:08.666 [worker-akka.actor.default-dispatcher-6] INFO  a.a.LocalActorRef akka://worker/user/watcher/processing-watcher/graph/graph/$Db - Starting...
11:35:08.668 [worker-akka.actor.default-dispatcher-6] INFO  a.a.LocalActorRef akka://worker/user/watcher/processing-watcher/graph/graph/$Eb - Starting...
11:35:08.669 [worker-akka.actor.default-dispatcher-6] INFO  a.a.LocalActorRef akka://worker/user/watcher/processing-watcher/graph/graph/$Cb - Starting...
11:35:08.679 [worker-akka.actor.default-dispatcher-6] INFO  a.a.LocalActorRef akka://worker/user/watcher/processing-watcher/graph/graph/$Fb - Starting...
11:35:08.680 [worker-akka.actor.default-dispatcher-6] INFO  a.a.LocalActorRef akka://worker/user/watcher/processing-watcher/graph/graph/$Gb - Starting...
11:35:08.682 [worker-akka.actor.default-dispatcher-6] INFO  a.a.LocalActorRef akka://worker/user/watcher/processing-watcher/graph/graph/$Ib - Starting...
11:35:08.682 [worker-akka.actor.default-dispatcher-6] INFO  a.a.LocalActorRef akka://worker/user/watcher/processing-watcher/graph/graph/$Hb - Starting...
11:35:08.682 [worker-akka.actor.default-dispatcher-6] INFO  a.a.LocalActorRef akka://worker/user/watcher/processing-watcher/graph/graph/$Jb - Starting...
11:35:08.682 [worker-akka.actor.default-dispatcher-6] INFO  a.a.LocalActorRef akka://worker/user/watcher/processing-watcher/graph/graph/$Kb - Starting...
11:35:08.682 [worker-akka.actor.default-dispatcher-6] INFO  a.a.LocalActorRef akka://worker/user/watcher/processing-watcher/graph/graph/$Lb - Starting...
11:35:08.683 [worker-akka.actor.default-dispatcher-6] INFO  a.a.LocalActorRef akka://worker/user/watcher/processing-watcher/graph/graph/$Nb - Starting...
11:35:08.686 [worker-akka.actor.default-dispatcher-6] INFO  a.a.LocalActorRef akka://worker/user/watcher/processing-watcher/graph/graph/$Mb - Starting...
2019-10-10T11:35:22.528+0000: 29.723: [GC (Allocation Failure) 2019-10-10T11:35:22.528+0000: 29.723: [DefNew: 409600K->32213K(460800K), 0.0998323 secs] 435546K->58159K(1484800K), 0.0999380 secs] [Times: user=0.07 sys=0.03, real=0.10 secs] 
2019-10-10T11:35:34.583+0000: 41.778: [GC (Allocation Failure) 2019-10-10T11:35:34.583+0000: 41.778: [DefNew: 441813K->1460K(460800K), 0.0479289 secs] 467759K->56169K(1484800K), 0.0480417 secs] [Times: user=0.02 sys=0.02, real=0.05 secs] 
2019-10-10T11:35:43.281+0000: 50.476: [GC (Allocation Failure) 2019-10-10T11:35:43.281+0000: 50.476: [DefNew: 411060K->1619K(460800K), 0.0112911 secs] 465769K->56328K(1484800K), 0.0113942 secs] [Times: user=0.01 sys=0.00, real=0.01 secs] 
2019-10-10T11:35:49.826+0000: 57.021: [GC (Allocation Failure) 2019-10-10T11:35:49.826+0000: 57.021: [DefNew: 411219K->1614K(460800K), 0.0070992 secs] 465928K->56323K(1484800K), 0.0072048 secs] [Times: user=0.01 sys=0.00, real=0.01 secs] 
2019-10-10T11:35:58.702+0000: 65.897: [GC (Allocation Failure) 2019-10-10T11:35:58.703+0000: 65.897: [DefNew: 411214K->2120K(460800K), 0.0069063 secs] 465923K->56829K(1484800K), 0.0070046 secs] [Times: user=0.01 sys=0.00, real=0.01 secs] 
2019-10-10T11:36:08.340+0000: 75.535: [GC (Allocation Failure) 2019-10-10T11:36:08.340+0000: 75.535: [DefNew: 411720K->1841K(460800K), 0.0047883 secs] 466429K->56549K(1484800K), 0.0048876 secs] [Times: user=0.01 sys=0.00, real=0.00 secs] 
2019-10-10T11:36:16.155+0000: 83.350: [GC (Allocation Failure) 2019-10-10T11:36:16.155+0000: 83.350: [DefNew: 411441K->1866K(460800K), 0.0047619 secs] 466149K->56575K(1484800K), 0.0048577 secs] [Times: user=0.00 sys=0.00, real=0.01 secs] 
2019-10-10T11:36:23.080+0000: 90.275: [GC (Allocation Failure) 2019-10-10T11:36:23.080+0000: 90.275: [DefNew: 411466K->1909K(460800K), 0.0047187 secs] 466175K->56618K(1484800K), 0.0048092 secs] [Times: user=0.00 sys=0.00, real=0.00 secs] 
2019-10-10T11:36:30.365+0000: 97.560: [GC (Allocation Failure) 2019-10-10T11:36:30.365+0000: 97.560: [DefNew: 411509K->1878K(460800K), 0.0047388 secs] 466218K->56587K(1484800K), 0.0048357 secs] [Times: user=0.00 sys=0.00, real=0.01 secs] 
2019-10-10T11:36:38.041+0000: 105.236: [GC (Allocation Failure) 2019-10-10T11:36:38.041+0000: 105.236: [DefNew: 411478K->1869K(460800K), 0.0046562 secs] 466187K->56578K(1484800K), 0.0047513 secs] [Times: user=0.01 sys=0.00, real=0.00 secs] 
2019-10-10T11:36:45.298+0000: 112.493: [GC (Allocation Failure) 2019-10-10T11:36:45.299+0000: 112.493: [DefNew: 411469K->1910K(460800K), 0.0048852 secs] 466178K->56619K(1484800K), 0.0049847 secs] [Times: user=0.00 sys=0.00, real=0.00 secs] 
2019-10-10T11:36:52.567+0000: 119.762: [GC (Allocation Failure) 2019-10-10T11:36:52.567+0000: 119.762: [DefNew: 411510K->1867K(460800K), 0.0048596 secs] 466219K->56576K(1484800K), 0.0049467 secs] [Times: user=0.01 sys=0.00, real=0.01 secs] 
2019-10-10T11:37:00.329+0000: 127.524: [GC (Allocation Failure) 2019-10-10T11:37:00.329+0000: 127.524: [DefNew: 411467K->1998K(460800K), 0.0057861 secs] 466176K->56706K(1484800K), 0.0059344 secs] [Times: user=0.00 sys=0.00, real=0.00 secs] 
2019-10-10T11:37:07.605+0000: 134.800: [GC (Allocation Failure) 2019-10-10T11:37:07.605+0000: 134.800: [DefNew: 411598K->2027K(460800K), 0.0050721 secs] 466306K->56735K(1484800K), 0.0051697 secs] [Times: user=0.00 sys=0.00, real=0.01 secs] 
2019-10-10T11:37:14.888+0000: 142.083: [GC (Allocation Failure) 2019-10-10T11:37:14.888+0000: 142.083: [DefNew: 411627K->2007K(460800K), 0.0048812 secs] 466335K->56716K(1484800K), 0.0049637 secs] [Times: user=0.01 sys=0.00, real=0.00 secs] 
2019-10-10T11:37:22.257+0000: 149.452: [GC (Allocation Failure) 2019-10-10T11:37:22.257+0000: 149.452: [DefNew: 411607K->1999K(460800K), 0.0047277 secs] 466316K->56708K(1484800K), 0.0048187 secs] [Times: user=0.00 sys=0.00, real=0.00 secs] 
2019-10-10T11:37:29.977+0000: 157.172: [GC (Allocation Failure) 2019-10-10T11:37:29.977+0000: 157.172: [DefNew: 411599K->1667K(460800K), 0.0050961 secs] 466308K->56704K(1484800K), 0.0051963 secs] [Times: user=0.01 sys=0.00, real=0.00 secs] 
2019-10-10T11:37:37.289+0000: 164.484: [GC (Allocation Failure) 2019-10-10T11:37:37.289+0000: 164.484: [DefNew: 411267K->1477K(460800K), 0.0046101 secs] 466304K->56721K(1484800K), 0.0047113 secs] [Times: user=0.00 sys=0.00, real=0.00 secs] 
2019-10-10T11:37:45.146+0000: 172.341: [GC (Allocation Failure) 2019-10-10T11:37:45.146+0000: 172.341: [DefNew: 411077K->1289K(460800K), 0.0046021 secs] 466321K->56704K(1484800K), 0.0047077 secs] [Times: user=0.01 sys=0.00, real=0.01 secs] 
2019-10-10T11:37:52.474+0000: 179.669: [GC (Allocation Failure) 2019-10-10T11:37:52.474+0000: 179.669: [DefNew: 410889K->298K(460800K), 0.0046393 secs] 466304K->56703K(1484800K), 0.0047303 secs] [Times: user=0.00 sys=0.00, real=0.01 secs] 
2019-10-10T11:37:59.691+0000: 186.886: [GC (Allocation Failure) 2019-10-10T11:37:59.691+0000: 186.886: [DefNew: 409898K->386K(460800K), 0.0033160 secs] 466303K->56797K(1484800K), 0.0034110 secs] [Times: user=0.00 sys=0.00, real=0.00 secs] 
2019-10-10T11:38:06.950+0000: 194.145: [GC (Allocation Failure) 2019-10-10T11:38:06.950+0000: 194.145: [DefNew: 409986K->403K(460800K), 0.0031029 secs] 466397K->56817K(1484800K), 0.0031916 secs] [Times: user=0.01 sys=0.00, real=0.00 secs] 
2019-10-10T11:38:14.679+0000: 201.874: [GC (Allocation Failure) 2019-10-10T11:38:14.679+0000: 201.874: [DefNew: 410003K->467K(460800K), 0.0032570 secs] 466417K->56881K(1484800K), 0.0033477 secs] [Times: user=0.00 sys=0.00, real=0.00 secs] 
2019-10-10T11:38:22.013+0000: 209.208: [GC (Allocation Failure) 2019-10-10T11:38:22.013+0000: 209.208: [DefNew: 410067K->431K(460800K), 0.0029823 secs] 466481K->56845K(1484800K), 0.0030819 secs] [Times: user=0.00 sys=0.01, real=0.01 secs] 
2019-10-10T11:38:29.293+0000: 216.488: [GC (Allocation Failure) 2019-10-10T11:38:29.293+0000: 216.488: [DefNew: 410031K->430K(460800K), 0.0030508 secs] 466445K->56845K(1484800K), 0.0031451 secs] [Times: user=0.01 sys=0.00, real=0.01 secs] 
2019-10-10T11:38:37.015+0000: 224.210: [GC (Allocation Failure) 2019-10-10T11:38:37.015+0000: 224.210: [DefNew: 410030K->465K(460800K), 0.0029876 secs] 466445K->56880K(1484800K), 0.0030807 secs] [Times: user=0.00 sys=0.00, real=0.00 secs] 
2019-10-10T11:38:44.311+0000: 231.506: [GC (Allocation Failure) 2019-10-10T11:38:44.311+0000: 231.506: [DefNew: 410065K->434K(460800K), 0.0029717 secs] 466480K->56854K(1484800K), 0.0030649 secs] [Times: user=0.00 sys=0.00, real=0.00 secs] 
2019-10-10T11:38:51.581+0000: 238.776: [GC (Allocation Failure) 2019-10-10T11:38:51.581+0000: 238.776: [DefNew: 410034K->283K(460800K), 0.0031794 secs] 466454K->56848K(1484800K), 0.0032708 secs] [Times: user=0.00 sys=0.00, real=0.00 secs] 
2019-10-10T11:38:58.845+0000: 246.040: [GC (Allocation Failure) 2019-10-10T11:38:58.845+0000: 246.040: [DefNew: 409883K->316K(460800K), 0.0031511 secs] 466448K->56881K(1484800K), 0.0032428 secs] [Times: user=0.00 sys=0.01, real=0.01 secs] 
2019-10-10T11:39:06.525+0000: 253.719: [GC (Allocation Failure) 2019-10-10T11:39:06.525+0000: 253.720: [DefNew: 409916K->316K(460800K), 0.0029182 secs] 466481K->56881K(1484800K), 0.0030080 secs] [Times: user=0.00 sys=0.00, real=0.01 secs] 
2019-10-10T11:39:13.783+0000: 260.978: [GC (Allocation Failure) 2019-10-10T11:39:13.783+0000: 260.978: [DefNew: 409916K->399K(460800K), 0.0029196 secs] 466481K->56964K(1484800K), 0.0029975 secs] [Times: user=0.00 sys=0.00, real=0.00 secs] 
2019-10-10T11:39:21.013+0000: 268.208: [GC (Allocation Failure) 2019-10-10T11:39:21.013+0000: 268.208: [DefNew: 409999K->308K(460800K), 0.0029720 secs] 466564K->56873K(1484800K), 0.0030639 secs] [Times: user=0.01 sys=0.00, real=0.01 secs] 
2019-10-10T11:39:28.793+0000: 275.988: [GC (Allocation Failure) 2019-10-10T11:39:28.793+0000: 275.988: [DefNew: 409908K->310K(460800K), 0.0028565 secs] 466473K->56875K(1484800K), 0.0029510 secs] [Times: user=0.01 sys=0.00, real=0.01 secs] 
2019-10-10T11:39:36.077+0000: 283.272: [GC (Allocation Failure) 2019-10-10T11:39:36.077+0000: 283.272: [DefNew: 409910K->320K(460800K), 0.0029757 secs] 466475K->56885K(1484800K), 0.0030709 secs] [Times: user=0.00 sys=0.00, real=0.00 secs] 
2019-10-10T11:39:43.504+0000: 290.699: [GC (Allocation Failure) 2019-10-10T11:39:43.504+0000: 290.699: [DefNew: 409920K->307K(460800K), 0.0028408 secs] 466485K->56873K(1484800K), 0.0029325 secs] [Times: user=0.00 sys=0.00, real=0.01 secs] 
2019-10-10T11:39:51.112+0000: 298.307: [GC (Allocation Failure) 2019-10-10T11:39:51.112+0000: 298.307: [DefNew: 409907K->266K(460800K), 0.0029323 secs] 466473K->56874K(1484800K), 0.0030300 secs] [Times: user=0.00 sys=0.00, real=0.00 secs] 
2019-10-10T11:39:58.388+0000: 305.583: [GC (Allocation Failure) 2019-10-10T11:39:58.388+0000: 305.583: [DefNew: 409866K->280K(460800K), 0.0030336 secs] 466474K->56888K(1484800K), 0.0031507 secs] [Times: user=0.00 sys=0.00, real=0.00 secs] 
2019-10-10T11:40:05.676+0000: 312.871: [GC (Allocation Failure) 2019-10-10T11:40:05.676+0000: 312.871: [DefNew: 409880K->213K(460800K), 0.0029776 secs] 466488K->56920K(1484800K), 0.0030680 secs] [Times: user=0.00 sys=0.00, real=0.00 secs] 
2019-10-10T11:40:12.914+0000: 320.109: [GC (Allocation Failure) 2019-10-10T11:40:12.914+0000: 320.109: [DefNew: 409813K->283K(460800K), 0.0030344 secs] 466520K->56990K(1484800K), 0.0031224 secs] [Times: user=0.01 sys=0.00, real=0.01 secs] 
2019-10-10T11:40:20.715+0000: 327.910: [GC (Allocation Failure) 2019-10-10T11:40:20.715+0000: 327.910: [DefNew: 409883K->267K(460800K), 0.0029001 secs] 466590K->56973K(1484800K), 0.0029963 secs] [Times: user=0.01 sys=0.00, real=0.01 secs] 
2019-10-10T11:40:28.033+0000: 335.228: [GC (Allocation Failure) 2019-10-10T11:40:28.033+0000: 335.228: [DefNew: 409867K->213K(460800K), 0.0027494 secs] 466573K->56920K(1484800K), 0.0028483 secs] [Times: user=0.01 sys=0.00, real=0.01 secs] 
2019-10-10T11:40:35.273+0000: 342.468: [GC (Allocation Failure) 2019-10-10T11:40:35.273+0000: 342.468: [DefNew: 409813K->212K(460800K), 0.0027833 secs] 466520K->56919K(1484800K), 0.0028736 secs] [Times: user=0.01 sys=0.00, real=0.01 secs] 
2019-10-10T11:40:43.105+0000: 350.300: [GC (Allocation Failure) 2019-10-10T11:40:43.105+0000: 350.300: [DefNew: 409812K->231K(460800K), 0.0028236 secs] 466519K->56940K(1484800K), 0.0029139 secs] [Times: user=0.00 sys=0.00, real=0.01 secs] 
2019-10-10T11:40:50.391+0000: 357.586: [GC (Allocation Failure) 2019-10-10T11:40:50.391+0000: 357.586: [DefNew: 409831K->275K(460800K), 0.0031825 secs] 466540K->57009K(1484800K), 0.0032841 secs] [Times: user=0.00 sys=0.00, real=0.00 secs] 
2019-10-10T11:40:57.591+0000: 364.786: [GC (Allocation Failure) 2019-10-10T11:40:57.591+0000: 364.786: [DefNew: 409875K->225K(460800K), 0.0032534 secs] 466609K->56960K(1484800K), 0.0033535 secs] [Times: user=0.00 sys=0.00, real=0.00 secs] 
2019-10-10T11:41:05.030+0000: 372.225: [GC (Allocation Failure) 2019-10-10T11:41:05.030+0000: 372.225: [DefNew: 409825K->206K(460800K), 0.0028077 secs] 466560K->56941K(1484800K), 0.0028970 secs] [Times: user=0.00 sys=0.00, real=0.00 secs] 
2019-10-10T11:41:12.603+0000: 379.798: [GC (Allocation Failure) 2019-10-10T11:41:12.603+0000: 379.798: [DefNew: 409806K->197K(460800K), 0.0028439 secs] 466541K->56932K(1484800K), 0.0029412 secs] [Times: user=0.01 sys=0.00, real=0.00 secs] 
2019-10-10T11:41:19.920+0000: 387.115: [GC (Allocation Failure) 2019-10-10T11:41:19.920+0000: 387.115: [DefNew: 409797K->214K(460800K), 0.0027319 secs] 466532K->56949K(1484800K), 0.0028215 secs] [Times: user=0.00 sys=0.00, real=0.00 secs] 
2019-10-10T11:41:27.196+0000: 394.391: [GC (Allocation Failure) 2019-10-10T11:41:27.196+0000: 394.391: [DefNew: 409814K->213K(460800K), 0.0027927 secs] 466549K->56948K(1484800K), 0.0028727 secs] [Times: user=0.00 sys=0.00, real=0.00 secs] 
2019-10-10T11:41:34.968+0000: 402.162: [GC (Allocation Failure) 2019-10-10T11:41:34.968+0000: 402.163: [DefNew: 409813K->209K(460800K), 0.0028749 secs] 466548K->56944K(1484800K), 0.0029571 secs] [Times: user=0.00 sys=0.00, real=0.00 secs] 
2019-10-10T11:41:42.257+0000: 409.452: [GC (Allocation Failure) 2019-10-10T11:41:42.257+0000: 409.452: [DefNew: 409809K->195K(460800K), 0.0029245 secs] 466544K->56931K(1484800K), 0.0030169 secs] [Times: user=0.01 sys=0.00, real=0.00 secs] 
2019-10-10T11:41:49.492+0000: 416.687: [GC (Allocation Failure) 2019-10-10T11:41:49.492+0000: 416.687: [DefNew: 409795K->184K(460800K), 0.0029289 secs] 466531K->56932K(1484800K), 0.0030106 secs] [Times: user=0.00 sys=0.00, real=0.01 secs] 
2019-10-10T11:41:57.146+0000: 424.341: [GC (Allocation Failure) 2019-10-10T11:41:57.146+0000: 424.341: [DefNew: 409784K->205K(460800K), 0.0033431 secs] 466532K->56986K(1484800K), 0.0034494 secs] [Times: user=0.01 sys=0.00, real=0.01 secs] 
2019-10-10T11:42:04.428+0000: 431.623: [GC (Allocation Failure) 2019-10-10T11:42:04.429+0000: 431.623: [DefNew: 409805K->159K(460800K), 0.0026513 secs] 466586K->56940K(1484800K), 0.0027421 secs] [Times: user=0.00 sys=0.01, real=0.00 secs] 
2019-10-10T11:42:11.678+0000: 438.873: [GC (Allocation Failure) 2019-10-10T11:42:11.678+0000: 438.873: [DefNew: 409759K->165K(460800K), 0.0027321 secs] 466540K->56946K(1484800K), 0.0028262 secs] [Times: user=0.01 sys=0.00, real=0.00 secs] 
2019-10-10T11:42:19.022+0000: 446.217: [GC (Allocation Failure) 2019-10-10T11:42:19.022+0000: 446.217: [DefNew: 409765K->200K(460800K), 0.0029207 secs] 466546K->56981K(1484800K), 0.0030497 secs] [Times: user=0.01 sys=0.00, real=0.00 secs] 
2019-10-10T11:42:26.741+0000: 453.936: [GC (Allocation Failure) 2019-10-10T11:42:26.741+0000: 453.936: [DefNew: 409800K->203K(460800K), 0.0027953 secs] 466581K->56984K(1484800K), 0.0028904 secs] [Times: user=0.01 sys=0.00, real=0.00 secs] 
11:42:33.700 [worker-akka.actor.default-dispatcher-6] INFO  a.r.a.Association(akka://worker) akka.remote.artery.Association(akka://worker) - Stopping idle outbound stream [2] to [akka://worker@flamestream-benchmarks-worker-0:5412]
2019-10-10T11:42:34.435+0000: 461.629: [GC (Allocation Failure) 2019-10-10T11:42:34.435+0000: 461.629: [DefNew: 409803K->289K(460800K), 0.0033272 secs] 466584K->57071K(1484800K), 0.0034078 secs] [Times: user=0.00 sys=0.00, real=0.01 secs] 
2019-10-10T11:42:41.410+0000: 468.605: [GC (Allocation Failure) 2019-10-10T11:42:41.410+0000: 468.605: [DefNew: 409889K->271K(460800K), 0.0031883 secs] 466671K->57053K(1484800K), 0.0032924 secs] [Times: user=0.01 sys=0.00, real=0.00 secs] 
2019-10-10T11:42:49.112+0000: 476.307: [GC (Allocation Failure) 2019-10-10T11:42:49.113+0000: 476.307: [DefNew: 409871K->239K(460800K), 0.0031207 secs] 466653K->57032K(1484800K), 0.0032167 secs] [Times: user=0.01 sys=0.00, real=0.01 secs] 
2019-10-10T11:42:56.484+0000: 483.679: [GC (Allocation Failure) 2019-10-10T11:42:56.484+0000: 483.679: [DefNew: 409839K->310K(460800K), 0.0033302 secs] 466632K->57103K(1484800K), 0.0034133 secs] [Times: user=0.00 sys=0.00, real=0.00 secs] 
2019-10-10T11:43:03.696+0000: 490.891: [GC (Allocation Failure) 2019-10-10T11:43:03.696+0000: 490.891: [DefNew: 408628K->309K(460800K), 0.0030493 secs] 465421K->57102K(1484800K), 0.0031359 secs] [Times: user=0.00 sys=0.00, real=0.00 secs] 
2019-10-10T11:43:11.418+0000: 498.613: [GC (Allocation Failure) 2019-10-10T11:43:11.418+0000: 498.613: [DefNew: 409909K->302K(460800K), 0.0032779 secs] 466702K->57095K(1484800K), 0.0033729 secs] [Times: user=0.01 sys=0.00, real=0.00 secs] 
2019-10-10T11:43:18.706+0000: 505.901: [GC (Allocation Failure) 2019-10-10T11:43:18.706+0000: 505.901: [DefNew: 409902K->279K(460800K), 0.0034484 secs] 466695K->57072K(1484800K), 0.0035401 secs] [Times: user=0.00 sys=0.00, real=0.01 secs] 
2019-10-10T11:43:25.995+0000: 513.190: [GC (Allocation Failure) 2019-10-10T11:43:25.995+0000: 513.190: [DefNew: 409879K->260K(460800K), 0.0031596 secs] 466672K->57053K(1484800K), 0.0032493 secs] [Times: user=0.00 sys=0.00, real=0.01 secs] 
2019-10-10T11:43:33.753+0000: 520.948: [GC (Allocation Failure) 2019-10-10T11:43:33.753+0000: 520.948: [DefNew: 409860K->260K(460800K), 0.0031039 secs] 466653K->57054K(1484800K), 0.0032121 secs] [Times: user=0.00 sys=0.00, real=0.01 secs] 
2019-10-10T11:43:41.062+0000: 528.257: [GC (Allocation Failure) 2019-10-10T11:43:41.062+0000: 528.257: [DefNew: 409860K->275K(460800K), 0.0031561 secs] 466654K->57069K(1484800K), 0.0032532 secs] [Times: user=0.00 sys=0.00, real=0.00 secs] 
2019-10-10T11:43:48.310+0000: 535.505: [GC (Allocation Failure) 2019-10-10T11:43:48.310+0000: 535.505: [DefNew: 409875K->332K(460800K), 0.0033303 secs] 466669K->57135K(1484800K), 0.0034139 secs] [Times: user=0.01 sys=0.00, real=0.00 secs] 
2019-10-10T11:43:55.613+0000: 542.808: [GC (Allocation Failure) 2019-10-10T11:43:55.613+0000: 542.808: [DefNew: 409932K->255K(460800K), 0.0031443 secs] 466735K->57058K(1484800K), 0.0032498 secs] [Times: user=0.00 sys=0.00, real=0.01 secs] 
2019-10-10T11:44:03.307+0000: 550.502: [GC (Allocation Failure) 2019-10-10T11:44:03.307+0000: 550.502: [DefNew: 409855K->294K(460800K), 0.0031091 secs] 466658K->57097K(1484800K), 0.0031984 secs] [Times: user=0.00 sys=0.00, real=0.01 secs] 
2019-10-10T11:44:10.607+0000: 557.802: [GC (Allocation Failure) 2019-10-10T11:44:10.607+0000: 557.802: [DefNew: 409894K->375K(460800K), 0.0033913 secs] 466697K->57178K(1484800K), 0.0034910 secs] [Times: user=0.01 sys=0.00, real=0.01 secs] 
2019-10-10T11:44:17.856+0000: 565.051: [GC (Allocation Failure) 2019-10-10T11:44:17.856+0000: 565.051: [DefNew: 409975K->344K(460800K), 0.0032235 secs] 466778K->57148K(1484800K), 0.0033133 secs] [Times: user=0.00 sys=0.00, real=0.00 secs] 
2019-10-10T11:44:25.614+0000: 572.809: [GC (Allocation Failure) 2019-10-10T11:44:25.614+0000: 572.809: [DefNew: 409944K->235K(460800K), 0.0033004 secs] 466748K->57108K(1484800K), 0.0033933 secs] [Times: user=0.00 sys=0.00, real=0.01 secs] 
2019-10-10T11:44:32.948+0000: 580.142: [GC (Allocation Failure) 2019-10-10T11:44:32.948+0000: 580.142: [DefNew: 409835K->179K(460800K), 0.0028991 secs] 466708K->57072K(1484800K), 0.0029870 secs] [Times: user=0.00 sys=0.00, real=0.00 secs] 
2019-10-10T11:44:40.279+0000: 587.474: [GC (Allocation Failure) 2019-10-10T11:44:40.279+0000: 587.474: [DefNew: 409779K->177K(460800K), 0.0029430 secs] 466672K->57071K(1484800K), 0.0030337 secs] [Times: user=0.00 sys=0.00, real=0.00 secs] 
2019-10-10T11:44:47.999+0000: 595.194: [GC (Allocation Failure) 2019-10-10T11:44:47.999+0000: 595.194: [DefNew: 409777K->243K(460800K), 0.0030230 secs] 466671K->57156K(1484800K), 0.0031241 secs] [Times: user=0.01 sys=0.00, real=0.00 secs] 
2019-10-10T11:44:55.261+0000: 602.456: [GC (Allocation Failure) 2019-10-10T11:44:55.261+0000: 602.456: [DefNew: 409843K->211K(460800K), 0.0029809 secs] 466756K->57123K(1484800K), 0.0030724 secs] [Times: user=0.00 sys=0.00, real=0.00 secs] 
2019-10-10T11:45:02.565+0000: 609.760: [GC (Allocation Failure) 2019-10-10T11:45:02.565+0000: 609.760: [DefNew: 409811K->252K(460800K), 0.0030896 secs] 466723K->57164K(1484800K), 0.0031869 secs] [Times: user=0.01 sys=0.00, real=0.01 secs] 
2019-10-10T11:45:09.783+0000: 616.978: [GC (Allocation Failure) 2019-10-10T11:45:09.783+0000: 616.978: [DefNew: 409852K->168K(460800K), 0.0028542 secs] 466764K->57081K(1484800K), 0.0029485 secs] [Times: user=0.01 sys=0.00, real=0.00 secs] 
2019-10-10T11:45:17.610+0000: 624.805: [GC (Allocation Failure) 2019-10-10T11:45:17.610+0000: 624.805: [DefNew: 409768K->166K(460800K), 0.0032153 secs] 466681K->57080K(1484800K), 0.0033361 secs] [Times: user=0.00 sys=0.00, real=0.00 secs] 
2019-10-10T11:45:24.924+0000: 632.119: [GC (Allocation Failure) 2019-10-10T11:45:24.924+0000: 632.119: [DefNew: 409766K->167K(460800K), 0.0027061 secs] 466680K->57081K(1484800K), 0.0027967 secs] [Times: user=0.01 sys=0.00, real=0.00 secs] 
2019-10-10T11:45:32.377+0000: 639.572: [GC (Allocation Failure) 2019-10-10T11:45:32.377+0000: 639.572: [DefNew: 409767K->167K(460800K), 0.0026724 secs] 466681K->57081K(1484800K), 0.0027563 secs] [Times: user=0.01 sys=0.00, real=0.00 secs] 
2019-10-10T11:45:39.978+0000: 647.173: [GC (Allocation Failure) 2019-10-10T11:45:39.978+0000: 647.173: [DefNew: 409767K->189K(460800K), 0.0028121 secs] 466681K->57103K(1484800K), 0.0029098 secs] [Times: user=0.01 sys=0.00, real=0.00 secs] 
2019-10-10T11:45:47.274+0000: 654.469: [GC (Allocation Failure) 2019-10-10T11:45:47.274+0000: 654.469: [DefNew: 409789K->162K(460800K), 0.0029052 secs] 466703K->57081K(1484800K), 0.0029991 secs] [Times: user=0.00 sys=0.00, real=0.01 secs] 
2019-10-10T11:45:54.719+0000: 661.914: [GC (Allocation Failure) 2019-10-10T11:45:54.719+0000: 661.914: [DefNew: 409762K->152K(460800K), 0.0028237 secs] 466681K->57083K(1484800K), 0.0029130 secs] [Times: user=0.00 sys=0.00, real=0.00 secs] 
2019-10-10T11:46:02.246+0000: 669.441: [GC (Allocation Failure) 2019-10-10T11:46:02.246+0000: 669.441: [DefNew: 409752K->167K(460800K), 0.0029217 secs] 466683K->57099K(1484800K), 0.0030088 secs] [Times: user=0.01 sys=0.00, real=0.01 secs] 
2019-10-10T11:46:09.526+0000: 676.721: [GC (Allocation Failure) 2019-10-10T11:46:09.527+0000: 676.721: [DefNew: 409767K->171K(460800K), 0.0027406 secs] 466699K->57103K(1484800K), 0.0028324 secs] [Times: user=0.01 sys=0.00, real=0.01 secs] 
2019-10-10T11:46:16.853+0000: 684.048: [GC (Allocation Failure) 2019-10-10T11:46:16.853+0000: 684.048: [DefNew: 409771K->190K(460800K), 0.0028056 secs] 466703K->57122K(1484800K), 0.0028907 secs] [Times: user=0.01 sys=0.00, real=0.01 secs] 
2019-10-10T11:46:24.549+0000: 691.744: [GC (Allocation Failure) 2019-10-10T11:46:24.549+0000: 691.744: [DefNew: 409790K->173K(460800K), 0.0028086 secs] 466722K->57106K(1484800K), 0.0029126 secs] [Times: user=0.01 sys=0.00, real=0.00 secs] 
2019-10-10T11:46:31.890+0000: 699.085: [GC (Allocation Failure) 2019-10-10T11:46:31.890+0000: 699.085: [DefNew: 409773K->158K(460800K), 0.0028103 secs] 466706K->57090K(1484800K), 0.0028891 secs] [Times: user=0.00 sys=0.00, real=0.00 secs] 
2019-10-10T11:46:39.204+0000: 706.399: [GC (Allocation Failure) 2019-10-10T11:46:39.204+0000: 706.399: [DefNew: 409758K->158K(460800K), 0.0026798 secs] 466690K->57091K(1484800K), 0.0027886 secs] [Times: user=0.00 sys=0.01, real=0.00 secs] 
2019-10-10T11:46:47.013+0000: 714.208: [GC (Allocation Failure) 2019-10-10T11:46:47.013+0000: 714.208: [DefNew: 409758K->158K(460800K), 0.0027664 secs] 466691K->57092K(1484800K), 0.0028749 secs] [Times: user=0.00 sys=0.00, real=0.01 secs] 
2019-10-10T11:46:54.291+0000: 721.486: [GC (Allocation Failure) 2019-10-10T11:46:54.291+0000: 721.486: [DefNew: 409758K->210K(460800K), 0.0027543 secs] 466692K->57152K(1484800K), 0.0028854 secs] [Times: user=0.00 sys=0.01, real=0.00 secs] 
2019-10-10T11:47:01.567+0000: 728.762: [GC (Allocation Failure) 2019-10-10T11:47:01.567+0000: 728.762: [DefNew: 409810K->157K(460800K), 0.0028048 secs] 466752K->57100K(1484800K), 0.0029030 secs] [Times: user=0.00 sys=0.00, real=0.00 secs] 
2019-10-10T11:47:09.294+0000: 736.489: [GC (Allocation Failure) 2019-10-10T11:47:09.294+0000: 736.489: [DefNew: 409757K->159K(460800K), 0.0027938 secs] 466700K->57101K(1484800K), 0.0028859 secs] [Times: user=0.01 sys=0.00, real=0.01 secs] 
2019-10-10T11:47:16.603+0000: 743.798: [GC (Allocation Failure) 2019-10-10T11:47:16.603+0000: 743.798: [DefNew: 409759K->159K(460800K), 0.0027972 secs] 466701K->57101K(1484800K), 0.0028891 secs] [Times: user=0.01 sys=0.00, real=0.00 secs] 
2019-10-10T11:47:23.876+0000: 751.071: [GC (Allocation Failure) 2019-10-10T11:47:23.876+0000: 751.071: [DefNew: 409759K->238K(460800K), 0.0028472 secs] 466701K->57180K(1484800K), 0.0030027 secs] [Times: user=0.00 sys=0.00, real=0.00 secs] 
2019-10-10T11:47:31.708+0000: 758.903: [GC (Allocation Failure) 2019-10-10T11:47:31.708+0000: 758.903: [DefNew: 409838K->159K(460800K), 0.0026621 secs] 466780K->57101K(1484800K), 0.0027485 secs] [Times: user=0.00 sys=0.00, real=0.00 secs] 
2019-10-10T11:47:39.006+0000: 766.201: [GC (Allocation Failure) 2019-10-10T11:47:39.006+0000: 766.201: [DefNew: 409759K->160K(460800K), 0.0026360 secs] 466701K->57102K(1484800K), 0.0027116 secs] [Times: user=0.00 sys=0.00, real=0.01 secs] 
2019-10-10T11:47:46.331+0000: 773.526: [GC (Allocation Failure) 2019-10-10T11:47:46.331+0000: 773.526: [DefNew: 409760K->218K(460800K), 0.0028422 secs] 466702K->57163K(1484800K), 0.0029283 secs] [Times: user=0.00 sys=0.00, real=0.00 secs] 
2019-10-10T11:47:53.627+0000: 780.822: [GC (Allocation Failure) 2019-10-10T11:47:53.627+0000: 780.822: [DefNew: 409818K->212K(460800K), 0.0029905 secs] 466763K->57165K(1484800K), 0.0030875 secs] [Times: user=0.01 sys=0.00, real=0.01 secs] 
2019-10-10T11:48:01.244+0000: 788.439: [GC (Allocation Failure) 2019-10-10T11:48:01.244+0000: 788.439: [DefNew: 409812K->196K(460800K), 0.0028646 secs] 466765K->57148K(1484800K), 0.0029643 secs] [Times: user=0.00 sys=0.00, real=0.00 secs] 
2019-10-10T11:48:08.534+0000: 795.729: [GC (Allocation Failure) 2019-10-10T11:48:08.534+0000: 795.729: [DefNew: 409796K->240K(460800K), 0.0028086 secs] 466748K->57193K(1484800K), 0.0028928 secs] [Times: user=0.00 sys=0.00, real=0.01 secs] 
2019-10-10T11:48:15.856+0000: 803.051: [GC (Allocation Failure) 2019-10-10T11:48:15.856+0000: 803.051: [DefNew: 409840K->212K(460800K), 0.0028230 secs] 466793K->57165K(1484800K), 0.0029117 secs] [Times: user=0.00 sys=0.00, real=0.00 secs] 
2019-10-10T11:48:23.626+0000: 810.821: [GC (Allocation Failure) 2019-10-10T11:48:23.626+0000: 810.821: [DefNew: 409812K->170K(460800K), 0.0030837 secs] 466765K->57123K(1484800K), 0.0031905 secs] [Times: user=0.00 sys=0.00, real=0.01 secs] 
2019-10-10T11:48:30.874+0000: 818.069: [GC (Allocation Failure) 2019-10-10T11:48:30.874+0000: 818.069: [DefNew: 409770K->224K(460800K), 0.0027451 secs] 466723K->57176K(1484800K), 0.0028393 secs] [Times: user=0.00 sys=0.00, real=0.01 secs] 
2019-10-10T11:48:38.185+0000: 825.380: [GC (Allocation Failure) 2019-10-10T11:48:38.185+0000: 825.380: [DefNew: 409824K->162K(460800K), 0.0026790 secs] 466776K->57115K(1484800K), 0.0028122 secs] [Times: user=0.00 sys=0.00, real=0.01 secs] 
2019-10-10T11:48:45.930+0000: 833.125: [GC (Allocation Failure) 2019-10-10T11:48:45.930+0000: 833.125: [DefNew: 409762K->161K(460800K), 0.0027119 secs] 466715K->57114K(1484800K), 0.0027884 secs] [Times: user=0.00 sys=0.00, real=0.00 secs] 
2019-10-10T11:48:53.247+0000: 840.442: [GC (Allocation Failure) 2019-10-10T11:48:53.248+0000: 840.442: [DefNew: 409761K->151K(460800K), 0.0029937 secs] 466714K->57113K(1484800K), 0.0030857 secs] [Times: user=0.00 sys=0.00, real=0.00 secs] 
2019-10-10T11:49:00.506+0000: 847.701: [GC (Allocation Failure) 2019-10-10T11:49:00.506+0000: 847.701: [DefNew: 409751K->195K(460800K), 0.0029875 secs] 466713K->57158K(1484800K), 0.0030836 secs] [Times: user=0.01 sys=0.00, real=0.01 secs] 
2019-10-10T11:49:07.801+0000: 854.996: [GC (Allocation Failure) 2019-10-10T11:49:07.801+0000: 854.996: [DefNew: 409795K->164K(460800K), 0.0027043 secs] 466758K->57127K(1484800K), 0.0027906 secs] [Times: user=0.00 sys=0.00, real=0.00 secs] 
2019-10-10T11:49:15.486+0000: 862.680: [GC (Allocation Failure) 2019-10-10T11:49:15.486+0000: 862.680: [DefNew: 409764K->189K(460800K), 0.0027998 secs] 466727K->57151K(1484800K), 0.0028757 secs] [Times: user=0.01 sys=0.00, real=0.01 secs] 
2019-10-10T11:49:22.787+0000: 869.982: [GC (Allocation Failure) 2019-10-10T11:49:22.787+0000: 869.982: [DefNew: 409789K->160K(460800K), 0.0026214 secs] 466751K->57122K(1484800K), 0.0027187 secs] [Times: user=0.00 sys=0.00, real=0.01 secs] 
2019-10-10T11:49:30.024+0000: 877.219: [GC (Allocation Failure) 2019-10-10T11:49:30.024+0000: 877.219: [DefNew: 409760K->200K(460800K), 0.0028560 secs] 466722K->57163K(1484800K), 0.0029685 secs] [Times: user=0.00 sys=0.00, real=0.00 secs] 
2019-10-10T11:49:37.872+0000: 885.067: [GC (Allocation Failure) 2019-10-10T11:49:37.872+0000: 885.067: [DefNew: 409800K->161K(460800K), 0.0027681 secs] 466763K->57124K(1484800K), 0.0028651 secs] [Times: user=0.00 sys=0.00, real=0.00 secs] 
2019-10-10T11:49:45.187+0000: 892.382: [GC (Allocation Failure) 2019-10-10T11:49:45.187+0000: 892.382: [DefNew: 409761K->181K(460800K), 0.0028287 secs] 466724K->57144K(1484800K), 0.0029194 secs] [Times: user=0.00 sys=0.00, real=0.01 secs] 
2019-10-10T11:49:52.430+0000: 899.625: [GC (Allocation Failure) 2019-10-10T11:49:52.431+0000: 899.625: [DefNew: 409781K->150K(460800K), 0.0028203 secs] 466744K->57125K(1484800K), 0.0029076 secs] [Times: user=0.00 sys=0.00, real=0.00 secs] 
2019-10-10T11:50:00.095+0000: 907.290: [GC (Allocation Failure) 2019-10-10T11:50:00.095+0000: 907.290: [DefNew: 409750K->156K(460800K), 0.0029562 secs] 466725K->57132K(1484800K), 0.0030583 secs] [Times: user=0.01 sys=0.00, real=0.01 secs] 
2019-10-10T11:50:07.442+0000: 914.637: [GC (Allocation Failure) 2019-10-10T11:50:07.443+0000: 914.637: [DefNew: 409756K->156K(460800K), 0.0027363 secs] 466732K->57131K(1484800K), 0.0028254 secs] [Times: user=0.00 sys=0.00, real=0.00 secs] 
2019-10-10T11:50:14.732+0000: 921.927: [GC (Allocation Failure) 2019-10-10T11:50:14.732+0000: 921.927: [DefNew: 409756K->172K(460800K), 0.0027873 secs] 466731K->57148K(1484800K), 0.0028741 secs] [Times: user=0.00 sys=0.00, real=0.00 secs] 
2019-10-10T11:50:21.959+0000: 929.154: [GC (Allocation Failure) 2019-10-10T11:50:21.959+0000: 929.154: [DefNew: 409772K->232K(460800K), 0.0027222 secs] 466748K->57207K(1484800K), 0.0028035 secs] [Times: user=0.00 sys=0.00, real=0.00 secs] 
2019-10-10T11:50:29.748+0000: 936.943: [GC (Allocation Failure) 2019-10-10T11:50:29.748+0000: 936.943: [DefNew: 409832K->158K(460800K), 0.0027338 secs] 466807K->57133K(1484800K), 0.0028257 secs] [Times: user=0.00 sys=0.00, real=0.00 secs] 
2019-10-10T11:50:37.010+0000: 944.205: [GC (Allocation Failure) 2019-10-10T11:50:37.011+0000: 944.205: [DefNew: 409758K->210K(460800K), 0.0028604 secs] 466733K->57185K(1484800K), 0.0029522 secs] [Times: user=0.01 sys=0.00, real=0.00 secs] 
2019-10-10T11:50:44.309+0000: 951.504: [GC (Allocation Failure) 2019-10-10T11:50:44.309+0000: 951.504: [DefNew: 409810K->158K(460800K), 0.0028077 secs] 466785K->57134K(1484800K), 0.0028938 secs] [Times: user=0.00 sys=0.00, real=0.00 secs] 
2019-10-10T11:50:52.218+0000: 959.413: [GC (Allocation Failure) 2019-10-10T11:50:52.218+0000: 959.413: [DefNew: 409758K->173K(460800K), 0.0031356 secs] 466734K->57157K(1484800K), 0.0032588 secs] [Times: user=0.01 sys=0.00, real=0.00 secs] 
2019-10-10T11:50:59.520+0000: 966.715: [GC (Allocation Failure) 2019-10-10T11:50:59.520+0000: 966.715: [DefNew: 409773K->157K(460800K), 0.0027291 secs] 466757K->57140K(1484800K), 0.0028170 secs] [Times: user=0.00 sys=0.00, real=0.00 secs] 
2019-10-10T11:51:06.850+0000: 974.045: [GC (Allocation Failure) 2019-10-10T11:51:06.850+0000: 974.045: [DefNew: 409757K->156K(460800K), 0.0028023 secs] 466740K->57140K(1484800K), 0.0028993 secs] [Times: user=0.00 sys=0.00, real=0.00 secs] 
2019-10-10T11:51:14.531+0000: 981.726: [GC (Allocation Failure) 2019-10-10T11:51:14.531+0000: 981.726: [DefNew: 409756K->188K(460800K), 0.0027275 secs] 466740K->57171K(1484800K), 0.0028231 secs] [Times: user=0.00 sys=0.00, real=0.00 secs] 
2019-10-10T11:51:21.834+0000: 989.029: [GC (Allocation Failure) 2019-10-10T11:51:21.834+0000: 989.029: [DefNew: 409788K->157K(460800K), 0.0026748 secs] 466771K->57140K(1484800K), 0.0027639 secs] [Times: user=0.00 sys=0.00, real=0.01 secs] 
2019-10-10T11:51:29.155+0000: 996.350: [GC (Allocation Failure) 2019-10-10T11:51:29.155+0000: 996.350: [DefNew: 409757K->157K(460800K), 0.0027313 secs] 466740K->57140K(1484800K), 0.0028207 secs] [Times: user=0.00 sys=0.00, real=0.01 secs] 
2019-10-10T11:51:36.882+0000: 1004.077: [GC (Allocation Failure) 2019-10-10T11:51:36.882+0000: 1004.077: [DefNew: 409757K->157K(460800K), 0.0029150 secs] 466740K->57140K(1484800K), 0.0030153 secs] [Times: user=0.00 sys=0.00, real=0.00 secs] 
2019-10-10T11:51:44.142+0000: 1011.337: [GC (Allocation Failure) 2019-10-10T11:51:44.142+0000: 1011.337: [DefNew: 409757K->164K(460800K), 0.0028395 secs] 466740K->57147K(1484800K), 0.0029291 secs] [Times: user=0.00 sys=0.00, real=0.00 secs] 
11:51:50.321 [Client] INFO  c.s.f.r.e.s.SocketRear  - FlameSocketGraphDeployerRear@flamestream-benchmarks-worker-14: has been disconnected from Connection 13
11:51:50.329 [Client] INFO  c.s.f.r.e.s.SocketFront  - FlameSocketGraphDeployerFront@flamestream-benchmarks-worker-14 has been disconnected from Connection 13
11:51:50.344 [worker-akka.actor.default-dispatcher-12] WARN  c.s.f.r.e.s.SocketRear  - FlameSocketGraphDeployerRear@flamestream-benchmarks-worker-14: writing to closed log
11:51:50.420 [worker-akka.actor.default-dispatcher-12] WARN  c.s.f.r.e.s.SocketRear  - FlameSocketGraphDeployerRear@flamestream-benchmarks-worker-14: writing to closed log
11:51:54.738 [worker-akka.actor.default-dispatcher-12] INFO  a.r.a.Association(akka://worker) akka.remote.artery.Association(akka://worker) - Association to [akka://worker@flamestream-benchmarks-worker-1:5412] having UID [-1841295077369734911] has been stopped. All messages to this UID will be delivered to dead letters. Reason: ActorSystem terminated
11:51:54.907 [worker-akka.actor.default-dispatcher-12] INFO  a.r.a.Association(akka://worker) akka.remote.artery.Association(akka://worker) - Association to [akka://worker@flamestream-benchmarks-worker-2:5412] having UID [6444600634398261218] has been stopped. All messages to this UID will be delivered to dead letters. Reason: ActorSystem terminated
11:51:55.056 [worker-akka.actor.default-dispatcher-12] INFO  a.r.a.Association(akka://worker) akka.remote.artery.Association(akka://worker) - Association to [akka://worker@flamestream-benchmarks-worker-4:5412] having UID [8035050663617044396] has been stopped. All messages to this UID will be delivered to dead letters. Reason: ActorSystem terminated
11:51:55.077 [worker-akka.actor.default-dispatcher-12] INFO  a.r.a.Association(akka://worker) akka.remote.artery.Association(akka://worker) - Association to [akka://worker@flamestream-benchmarks-worker-3:5412] having UID [-4933178446897725924] has been stopped. All messages to this UID will be delivered to dead letters. Reason: ActorSystem terminated
11:51:55.596 [worker-akka.actor.default-dispatcher-12] INFO  a.r.a.Association(akka://worker) akka.remote.artery.Association(akka://worker) - Association to [akka://worker@flamestream-benchmarks-worker-0:5412] having UID [3620502731318403711] has been stopped. All messages to this UID will be delivered to dead letters. Reason: ActorSystem terminated
11:51:56.126 [worker-akka.actor.default-dispatcher-12] INFO  a.r.a.Association(akka://worker) akka.remote.artery.Association(akka://worker) - Association to [akka://worker@flamestream-benchmarks-worker-5:5412] having UID [4120531977976955677] has been stopped. All messages to this UID will be delivered to dead letters. Reason: ActorSystem terminated
11:51:56.126 [worker-akka.actor.default-dispatcher-12] INFO  a.r.a.Association(akka://worker) akka.remote.artery.Association(akka://worker) - Association to [akka://worker@flamestream-benchmarks-worker-6:5412] having UID [4037409460353836698] has been stopped. All messages to this UID will be delivered to dead letters. Reason: ActorSystem terminated
11:51:56.276 [worker-akka.actor.default-dispatcher-12] INFO  a.r.a.Association(akka://worker) akka.remote.artery.Association(akka://worker) - Association to [akka://worker@flamestream-benchmarks-worker-8:5412] having UID [1320043002536413206] has been stopped. All messages to this UID will be delivered to dead letters. Reason: ActorSystem terminated
11:51:56.316 [worker-akka.actor.default-dispatcher-12] INFO  a.r.a.Association(akka://worker) akka.remote.artery.Association(akka://worker) - Association to [akka://worker@flamestream-benchmarks-worker-7:5412] having UID [-5519852423143450638] has been stopped. All messages to this UID will be delivered to dead letters. Reason: ActorSystem terminated
11:51:56.944 [worker-akka.actor.default-dispatcher-10] INFO  a.a.LocalActorRef akka://worker/user/watcher/processing-watcher/graph/edge/FlameSocketGraphDeployerRear - Stopped
11:51:56.947 [worker-akka.actor.default-dispatcher-10] INFO  a.a.LocalActorRef akka://worker/user/watcher/processing-watcher/graph/negotiator - Stopped
11:51:56.963 [worker-akka.actor.default-dispatcher-13] INFO  a.a.LocalActorRef akka://worker/user/watcher/processing-watcher/graph/edge/FlameSocketGraphDeployerFront - Stopped
11:51:56.970 [worker-akka.actor.default-dispatcher-6] INFO  a.a.LocalActorRef akka://worker/user/watcher/processing-watcher/graph/graph/$+ - Stopped
11:51:56.970 [worker-akka.actor.default-dispatcher-6] INFO  a.a.LocalActorRef akka://worker/user/watcher/processing-watcher/graph/edge - Stopped
11:51:56.971 [worker-akka.actor.default-dispatcher-18] INFO  a.a.LocalActorRef akka://worker/user/watcher/processing-watcher/graph/graph/$0 - Stopped
11:51:56.972 [worker-akka.actor.default-dispatcher-20] INFO  a.a.LocalActorRef akka://worker/user/watcher/processing-watcher/graph/graph/$1 - Stopped
11:51:56.974 [worker-akka.actor.default-dispatcher-20] INFO  a.a.LocalActorRef akka://worker/user/watcher/processing-watcher/graph/graph/$2 - Stopped
11:51:56.976 [worker-akka.actor.default-dispatcher-20] INFO  a.a.LocalActorRef akka://worker/user/watcher/processing-watcher/graph/graph/$3 - Stopped
11:51:56.977 [worker-akka.actor.default-dispatcher-20] INFO  a.a.LocalActorRef akka://worker/user/watcher/processing-watcher/graph/graph/$4 - Stopped
11:51:56.978 [worker-akka.actor.default-dispatcher-20] INFO  a.a.LocalActorRef akka://worker/user/watcher/processing-watcher/graph/graph/$5 - Stopped
11:51:56.980 [worker-akka.actor.default-dispatcher-20] INFO  a.a.LocalActorRef akka://worker/user/watcher/processing-watcher/graph/graph/$6 - Stopped
11:51:56.982 [worker-akka.actor.default-dispatcher-20] INFO  a.a.LocalActorRef akka://worker/user/watcher/processing-watcher/graph/graph/$7 - Stopped
11:51:56.983 [worker-akka.actor.default-dispatcher-20] INFO  a.a.LocalActorRef akka://worker/user/watcher/processing-watcher/graph/graph/$8 - Stopped
11:51:56.984 [worker-akka.actor.default-dispatcher-20] INFO  a.a.LocalActorRef akka://worker/user/watcher/processing-watcher/graph/graph/$9 - Stopped
11:51:56.986 [worker-akka.actor.default-dispatcher-20] INFO  a.r.a.Association(akka://worker) akka.remote.artery.Association(akka://worker) - Association to [akka://worker@flamestream-benchmarks-worker-9:5412] having UID [558060612131952260] has been stopped. All messages to this UID will be delivered to dead letters. Reason: ActorSystem terminated
11:51:56.987 [worker-akka.actor.default-dispatcher-20] INFO  a.a.LocalActorRef akka://worker/user/watcher/processing-watcher/graph/graph/$A - Stopped
11:51:56.988 [worker-akka.actor.default-dispatcher-20] INFO  a.a.LocalActorRef akka://worker/user/watcher/processing-watcher/graph/graph/$Ab - Stopped
11:51:56.990 [worker-akka.actor.default-dispatcher-20] INFO  a.a.LocalActorRef akka://worker/user/watcher/processing-watcher/graph/graph/$B - Stopped
11:51:56.992 [worker-akka.actor.default-dispatcher-20] INFO  a.a.LocalActorRef akka://worker/user/watcher/processing-watcher/graph/graph/$Bb - Stopped
11:51:56.993 [worker-akka.actor.default-dispatcher-20] INFO  a.a.LocalActorRef akka://worker/user/watcher/processing-watcher/graph/graph/$C - Stopped
11:51:56.995 [worker-akka.actor.default-dispatcher-20] INFO  a.a.LocalActorRef akka://worker/user/watcher/processing-watcher/graph/graph/$Cb - Stopped
11:51:56.996 [worker-akka.actor.default-dispatcher-20] INFO  a.a.LocalActorRef akka://worker/user/watcher/processing-watcher/graph/graph/$D - Stopped
11:51:56.997 [worker-akka.actor.default-dispatcher-20] INFO  a.a.LocalActorRef akka://worker/user/watcher/processing-watcher/graph/graph/$Db - Stopped
11:51:56.998 [worker-akka.actor.default-dispatcher-20] INFO  a.a.LocalActorRef akka://worker/user/watcher/processing-watcher/graph/graph/$E - Stopped
11:51:57.000 [worker-akka.actor.default-dispatcher-20] INFO  a.a.LocalActorRef akka://worker/user/watcher/processing-watcher/graph/graph/$Eb - Stopped
11:51:57.000 [worker-akka.actor.default-dispatcher-20] INFO  a.a.LocalActorRef akka://worker/user/watcher/processing-watcher/graph/graph/$F - Stopped
11:51:57.002 [worker-akka.actor.default-dispatcher-20] INFO  a.a.LocalActorRef akka://worker/user/watcher/processing-watcher/graph/graph/$Fb - Stopped
11:51:57.003 [worker-akka.actor.default-dispatcher-20] INFO  a.a.LocalActorRef akka://worker/user/watcher/processing-watcher/graph/graph/$G - Stopped
11:51:57.004 [worker-akka.actor.default-dispatcher-20] INFO  a.a.LocalActorRef akka://worker/user/watcher/processing-watcher/graph/graph/$Gb - Stopped
11:51:57.005 [worker-akka.actor.default-dispatcher-20] INFO  a.a.LocalActorRef akka://worker/user/watcher/processing-watcher/graph/graph/$H - Stopped
11:51:57.007 [worker-akka.actor.default-dispatcher-20] INFO  a.a.LocalActorRef akka://worker/user/watcher/processing-watcher/graph/graph/$Hb - Stopped
11:51:57.007 [worker-akka.actor.default-dispatcher-20] INFO  a.a.LocalActorRef akka://worker/user/watcher/processing-watcher/graph/graph/$I - Stopped
11:51:57.008 [worker-akka.actor.default-dispatcher-20] INFO  a.a.LocalActorRef akka://worker/user/watcher/processing-watcher/graph/graph/$Ib - Stopped
11:51:57.009 [worker-akka.actor.default-dispatcher-20] INFO  a.a.LocalActorRef akka://worker/user/watcher/processing-watcher/graph/graph/$J - Stopped
11:51:57.010 [worker-akka.actor.default-dispatcher-20] INFO  a.a.LocalActorRef akka://worker/user/watcher/processing-watcher/graph/graph/$Jb - Stopped
11:51:57.011 [worker-akka.actor.default-dispatcher-20] INFO  a.a.LocalActorRef akka://worker/user/watcher/processing-watcher/graph/graph/$K - Stopped
11:51:57.012 [worker-akka.actor.default-dispatcher-20] INFO  a.a.LocalActorRef akka://worker/user/watcher/processing-watcher/graph/graph/$Kb - Stopped
11:51:57.012 [worker-akka.actor.default-dispatcher-20] INFO  a.a.LocalActorRef akka://worker/user/watcher/processing-watcher/graph/graph/$L - Stopped
11:51:57.013 [worker-akka.actor.default-dispatcher-20] INFO  a.a.LocalActorRef akka://worker/user/watcher/processing-watcher/graph/graph/$Lb - Stopped
11:51:57.014 [worker-akka.actor.default-dispatcher-20] INFO  a.a.LocalActorRef akka://worker/user/watcher/processing-watcher/graph/graph/$M - Stopped
11:51:57.015 [worker-akka.actor.default-dispatcher-20] INFO  a.a.LocalActorRef akka://worker/user/watcher/processing-watcher/graph/graph/$Mb - Stopped
11:51:57.015 [worker-akka.actor.default-dispatcher-20] INFO  a.a.LocalActorRef akka://worker/user/watcher/processing-watcher/graph/graph/$N - Stopped
11:51:57.016 [worker-akka.actor.default-dispatcher-20] INFO  a.a.LocalActorRef akka://worker/user/watcher/processing-watcher/graph/graph/$Nb - Stopped
11:51:57.017 [worker-akka.actor.default-dispatcher-20] INFO  a.a.LocalActorRef akka://worker/user/watcher/processing-watcher/graph/graph/$O - Stopped
11:51:57.018 [worker-akka.actor.default-dispatcher-20] INFO  a.a.LocalActorRef akka://worker/user/watcher/processing-watcher/graph/graph/$P - Stopped
11:51:57.019 [worker-akka.actor.default-dispatcher-20] INFO  a.a.LocalActorRef akka://worker/user/watcher/processing-watcher/graph/graph/$Q - Stopped
11:51:57.019 [worker-akka.actor.default-dispatcher-20] INFO  a.a.LocalActorRef akka://worker/user/watcher/processing-watcher/graph/graph/$R - Stopped
11:51:57.020 [worker-akka.actor.default-dispatcher-20] INFO  a.a.LocalActorRef akka://worker/user/watcher/processing-watcher/graph/graph/$S - Stopped
11:51:57.021 [worker-akka.actor.default-dispatcher-20] INFO  a.a.LocalActorRef akka://worker/user/watcher/processing-watcher/graph/graph/$T - Stopped
11:51:57.022 [worker-akka.actor.default-dispatcher-20] INFO  a.a.LocalActorRef akka://worker/user/watcher/processing-watcher/graph/graph/$U - Stopped
11:51:57.023 [worker-akka.actor.default-dispatcher-20] INFO  a.a.LocalActorRef akka://worker/user/watcher/processing-watcher/graph/graph/$V - Stopped
11:51:57.024 [worker-akka.actor.default-dispatcher-20] INFO  a.a.LocalActorRef akka://worker/user/watcher/processing-watcher/graph/graph/$W - Stopped
11:51:57.025 [worker-akka.actor.default-dispatcher-20] INFO  a.a.LocalActorRef akka://worker/user/watcher/processing-watcher/graph/graph/$X - Stopped
11:51:57.026 [worker-akka.actor.default-dispatcher-20] INFO  a.a.LocalActorRef akka://worker/user/watcher/processing-watcher/graph/graph/$Y - Stopped
11:51:57.027 [worker-akka.actor.default-dispatcher-20] INFO  a.a.LocalActorRef akka://worker/user/watcher/processing-watcher/graph/graph/$Z - Stopped
11:51:57.028 [worker-akka.actor.default-dispatcher-20] INFO  a.a.LocalActorRef akka://worker/user/watcher/processing-watcher/graph/graph/$a - Stopped
11:51:57.029 [worker-akka.actor.default-dispatcher-20] INFO  a.a.LocalActorRef akka://worker/user/watcher/processing-watcher/graph/graph/$ab - Stopped
11:51:57.029 [worker-akka.actor.default-dispatcher-20] INFO  a.a.LocalActorRef akka://worker/user/watcher/processing-watcher/graph/graph/$b - Stopped
11:51:57.030 [worker-akka.actor.default-dispatcher-20] INFO  a.a.LocalActorRef akka://worker/user/watcher/processing-watcher/graph/graph/$bb - Stopped
11:51:57.031 [worker-akka.actor.default-dispatcher-20] INFO  a.a.LocalActorRef akka://worker/user/watcher/processing-watcher/graph/graph/$c - Stopped
11:51:57.032 [worker-akka.actor.default-dispatcher-20] INFO  a.a.LocalActorRef akka://worker/user/watcher/processing-watcher/graph/graph/$cb - Stopped
11:51:57.033 [worker-akka.actor.default-dispatcher-20] INFO  a.a.LocalActorRef akka://worker/user/watcher/processing-watcher/graph/graph/$d - Stopped
11:51:57.034 [worker-akka.actor.default-dispatcher-20] INFO  a.a.LocalActorRef akka://worker/user/watcher/processing-watcher/graph/graph/$db - Stopped
11:51:57.034 [worker-akka.actor.default-dispatcher-20] INFO  a.a.LocalActorRef akka://worker/user/watcher/processing-watcher/graph/graph/$e - Stopped
11:51:57.035 [worker-akka.actor.default-dispatcher-20] INFO  a.a.LocalActorRef akka://worker/user/watcher/processing-watcher/graph/graph/$eb - Stopped
11:51:57.036 [worker-akka.actor.default-dispatcher-20] INFO  a.a.LocalActorRef akka://worker/user/watcher/processing-watcher/graph/graph/$f - Stopped
11:51:57.037 [worker-akka.actor.default-dispatcher-20] INFO  a.a.LocalActorRef akka://worker/user/watcher/processing-watcher/graph/graph/$fb - Stopped
11:51:57.038 [worker-akka.actor.default-dispatcher-20] INFO  a.a.LocalActorRef akka://worker/user/watcher/processing-watcher/graph/graph/$g - Stopped
11:51:57.039 [worker-akka.actor.default-dispatcher-20] INFO  a.a.LocalActorRef akka://worker/user/watcher/processing-watcher/graph/graph/$gb - Stopped
11:51:57.040 [worker-akka.actor.default-dispatcher-20] INFO  a.a.LocalActorRef akka://worker/user/watcher/processing-watcher/graph/graph/$h - Stopped
11:51:57.041 [worker-akka.actor.default-dispatcher-20] INFO  a.a.LocalActorRef akka://worker/user/watcher/processing-watcher/graph/graph/$hb - Stopped
11:51:57.041 [worker-akka.actor.default-dispatcher-20] INFO  a.a.LocalActorRef akka://worker/user/watcher/processing-watcher/graph/graph/$i - Stopped
11:51:57.042 [worker-akka.actor.default-dispatcher-20] INFO  a.a.LocalActorRef akka://worker/user/watcher/processing-watcher/graph/graph/$ib - Stopped
11:51:57.043 [worker-akka.actor.default-dispatcher-20] INFO  a.a.LocalActorRef akka://worker/user/watcher/processing-watcher/graph/graph/$j - Stopped
11:51:57.044 [worker-akka.actor.default-dispatcher-20] INFO  a.a.LocalActorRef akka://worker/user/watcher/processing-watcher/graph/graph/$jb - Stopped
11:51:57.045 [worker-akka.actor.default-dispatcher-20] INFO  a.a.LocalActorRef akka://worker/user/watcher/processing-watcher/graph/graph/$k - Stopped
11:51:57.047 [worker-akka.actor.default-dispatcher-20] INFO  a.a.LocalActorRef akka://worker/user/watcher/processing-watcher/graph/graph/$kb - Stopped
11:51:57.047 [worker-akka.actor.default-dispatcher-20] INFO  a.a.LocalActorRef akka://worker/user/watcher/processing-watcher/graph/graph/$l - Stopped
11:51:57.048 [worker-akka.actor.default-dispatcher-20] INFO  a.a.LocalActorRef akka://worker/user/watcher/processing-watcher/graph/graph/$lb - Stopped
11:51:57.049 [worker-akka.actor.default-dispatcher-20] INFO  a.a.LocalActorRef akka://worker/user/watcher/processing-watcher/graph/graph/$m - Stopped
11:51:57.050 [worker-akka.actor.default-dispatcher-20] INFO  a.a.LocalActorRef akka://worker/user/watcher/processing-watcher/graph/graph/$mb - Stopped
11:51:57.050 [worker-akka.actor.default-dispatcher-20] INFO  a.a.LocalActorRef akka://worker/user/watcher/processing-watcher/graph/graph/$n - Stopped
11:51:57.051 [worker-akka.actor.default-dispatcher-20] INFO  a.a.LocalActorRef akka://worker/user/watcher/processing-watcher/graph/graph/$nb - Stopped
11:51:57.052 [worker-akka.actor.default-dispatcher-20] INFO  a.a.LocalActorRef akka://worker/user/watcher/processing-watcher/graph/graph/$o - Stopped
11:51:57.053 [worker-akka.actor.default-dispatcher-20] INFO  a.a.LocalActorRef akka://worker/user/watcher/processing-watcher/graph/graph/$ob - Stopped
11:51:57.054 [worker-akka.actor.default-dispatcher-20] INFO  a.a.LocalActorRef akka://worker/user/watcher/processing-watcher/graph/graph/$p - Stopped
11:51:57.055 [worker-akka.actor.default-dispatcher-20] INFO  a.a.LocalActorRef akka://worker/user/watcher/processing-watcher/graph/graph/$pb - Stopped
11:51:57.056 [worker-akka.actor.default-dispatcher-20] INFO  a.a.LocalActorRef akka://worker/user/watcher/processing-watcher/graph/graph/$q - Stopped
11:51:57.056 [worker-akka.actor.default-dispatcher-20] INFO  a.a.LocalActorRef akka://worker/user/watcher/processing-watcher/graph/graph/$qb - Stopped
11:51:57.057 [worker-akka.actor.default-dispatcher-20] INFO  a.a.LocalActorRef akka://worker/user/watcher/processing-watcher/graph/graph/$r - Stopped
11:51:57.058 [worker-akka.actor.default-dispatcher-20] INFO  a.a.LocalActorRef akka://worker/user/watcher/processing-watcher/graph/graph/$rb - Stopped
11:51:57.059 [worker-akka.actor.default-dispatcher-20] INFO  a.a.LocalActorRef akka://worker/user/watcher/processing-watcher/graph/graph/$s - Stopped
11:51:57.060 [worker-akka.actor.default-dispatcher-20] INFO  a.a.LocalActorRef akka://worker/user/watcher/processing-watcher/graph/graph/$sb - Stopped
11:51:57.060 [worker-akka.actor.default-dispatcher-20] INFO  a.a.LocalActorRef akka://worker/user/watcher/processing-watcher/graph/graph/$t - Stopped
11:51:57.061 [worker-akka.actor.default-dispatcher-20] INFO  a.a.LocalActorRef akka://worker/user/watcher/processing-watcher/graph/graph/$tb - Stopped
11:51:57.062 [worker-akka.actor.default-dispatcher-20] INFO  a.a.LocalActorRef akka://worker/user/watcher/processing-watcher/graph/graph/$u - Stopped
11:51:57.063 [worker-akka.actor.default-dispatcher-20] INFO  a.a.LocalActorRef akka://worker/user/watcher/processing-watcher/graph/graph/$ub - Stopped
11:51:57.063 [worker-akka.actor.default-dispatcher-20] INFO  a.a.LocalActorRef akka://worker/user/watcher/processing-watcher/graph/graph/$v - Stopped
11:51:57.064 [worker-akka.actor.default-dispatcher-20] INFO  a.a.LocalActorRef akka://worker/user/watcher/processing-watcher/graph/graph/$vb - Stopped
11:51:57.065 [worker-akka.actor.default-dispatcher-20] INFO  a.a.LocalActorRef akka://worker/user/watcher/processing-watcher/graph/graph/$w - Stopped
11:51:57.066 [worker-akka.actor.default-dispatcher-20] INFO  a.a.LocalActorRef akka://worker/user/watcher/processing-watcher/graph/graph/$wb - Stopped
11:51:57.067 [worker-akka.actor.default-dispatcher-20] INFO  a.a.LocalActorRef akka://worker/user/watcher/processing-watcher/graph/graph/$x - Stopped
11:51:57.067 [worker-akka.actor.default-dispatcher-20] INFO  a.a.LocalActorRef akka://worker/user/watcher/processing-watcher/graph/graph/$xb - Stopped
11:51:57.068 [worker-akka.actor.default-dispatcher-20] INFO  a.a.LocalActorRef akka://worker/user/watcher/processing-watcher/graph/graph/$y - Stopped
11:51:57.069 [worker-akka.actor.default-dispatcher-20] INFO  a.a.LocalActorRef akka://worker/user/watcher/processing-watcher/graph/graph/$yb - Stopped
11:51:57.070 [worker-akka.actor.default-dispatcher-20] INFO  a.a.LocalActorRef akka://worker/user/watcher/processing-watcher/graph/graph/$z - Stopped
11:51:57.071 [worker-akka.actor.default-dispatcher-20] INFO  a.a.LocalActorRef akka://worker/user/watcher/processing-watcher/graph/graph/$zb - Stopped
11:51:57.072 [worker-akka.actor.default-dispatcher-20] INFO  a.a.LocalActorRef akka://worker/user/watcher/processing-watcher/graph/graph/$~ - Stopped
11:51:57.088 [worker-akka.actor.default-dispatcher-20] INFO  a.a.LocalActorRef akka://worker/user/watcher/processing-watcher/graph/graph - Stopped
11:51:57.097 [worker-akka.actor.default-dispatcher-20] INFO  a.a.LocalActorRef akka://worker/user/watcher/processing-watcher/graph - Stopped
11:51:57.098 [worker-akka.actor.default-dispatcher-19] INFO  a.a.LocalActorRef akka://worker/user/watcher/processing-watcher - Stopped
11:51:57.099 [Curator-Framework-0] INFO  o.a.c.f.i.CuratorFrameworkImpl  - backgroundOperationsLoop exiting
11:51:57.113 [Curator-PathChildrenCache-0] ERROR o.a.c.f.r.c.PathChildrenCache  - 
java.lang.IllegalStateException: instance must be started before calling this method
	at org.apache.curator.shaded.com.google.common.base.Preconditions.checkState(Preconditions.java:444)
	at org.apache.curator.framework.imps.CuratorFrameworkImpl.getChildren(CuratorFrameworkImpl.java:456)
	at org.apache.curator.framework.recipes.cache.PathChildrenCache.refresh(PathChildrenCache.java:521)
	at org.apache.curator.framework.recipes.cache.RefreshOperation.invoke(RefreshOperation.java:35)
	at org.apache.curator.framework.recipes.cache.PathChildrenCache$9.run(PathChildrenCache.java:786)
	at java.util.concurrent.Executors$RunnableAdapter.call(Executors.java:511)
	at java.util.concurrent.FutureTask.run(FutureTask.java:266)
	at java.util.concurrent.Executors$RunnableAdapter.call(Executors.java:511)
	at java.util.concurrent.FutureTask.run(FutureTask.java:266)
	at java.util.concurrent.ThreadPoolExecutor.runWorker(ThreadPoolExecutor.java:1149)
	at java.util.concurrent.ThreadPoolExecutor$Worker.run(ThreadPoolExecutor.java:624)
	at java.lang.Thread.run(Thread.java:748)
11:51:57.113 [worker-akka.actor.default-dispatcher-6-EventThread] INFO  o.a.z.ClientCnxn  - EventThread shut down for session: 0x100002c5342000e
11:51:57.113 [worker-akka.actor.default-dispatcher-13] INFO  o.a.z.ZooKeeper  - Session: 0x100002c5342000e closed
11:51:57.114 [worker-akka.actor.default-dispatcher-20] INFO  a.a.RepointableActorRef akka://worker/user/watcher - Stopped
11:51:57.123 [worker-akka.actor.default-dispatcher-13] INFO  a.r.RemoteActorRefProvider$RemotingTerminator akka://worker@flamestream-benchmarks-worker-14:5412/system/remoting-terminator - Shutting down remote daemon.
11:51:57.124 [worker-akka.actor.default-dispatcher-13] INFO  a.r.RemoteActorRefProvider$RemotingTerminator akka://worker@flamestream-benchmarks-worker-14:5412/system/remoting-terminator - Remote daemon shut down; proceeding with flushing remote transports.
11:51:57.768 [worker-akka.actor.default-dispatcher-13] ERROR a.r.a.Association(akka://worker) akka.remote.artery.Association(akka://worker) - Outbound control stream to [akka://worker@flamestream-benchmarks-worker-1:5412] failed after shutdown. 
akka.remote.artery.Association$OutboundStreamStopQuarantinedSignal$: 
11:51:57.770 [worker-akka.actor.default-dispatcher-13] ERROR a.r.a.Association(akka://worker) akka.remote.artery.Association(akka://worker) - Outbound message stream to [akka://worker@flamestream-benchmarks-worker-1:5412] failed after shutdown. 
akka.remote.artery.Association$OutboundStreamStopQuarantinedSignal$: 
11:51:57.928 [worker-akka.actor.default-dispatcher-13] ERROR a.r.a.Association(akka://worker) akka.remote.artery.Association(akka://worker) - Outbound control stream to [akka://worker@flamestream-benchmarks-worker-2:5412] failed after shutdown. 
akka.remote.artery.Association$OutboundStreamStopQuarantinedSignal$: 
11:51:57.932 [worker-akka.actor.default-dispatcher-13] ERROR a.r.a.Association(akka://worker) akka.remote.artery.Association(akka://worker) - Outbound message stream to [akka://worker@flamestream-benchmarks-worker-2:5412] failed after shutdown. 
akka.remote.artery.Association$OutboundStreamStopQuarantinedSignal$: 
11:51:58.078 [worker-akka.actor.default-dispatcher-13] ERROR a.r.a.Association(akka://worker) akka.remote.artery.Association(akka://worker) - Outbound control stream to [akka://worker@flamestream-benchmarks-worker-4:5412] failed after shutdown. 
akka.remote.artery.Association$OutboundStreamStopQuarantinedSignal$: 
11:51:58.079 [worker-akka.actor.default-dispatcher-13] ERROR a.r.a.Association(akka://worker) akka.remote.artery.Association(akka://worker) - Outbound message stream to [akka://worker@flamestream-benchmarks-worker-4:5412] failed after shutdown. 
akka.remote.artery.Association$OutboundStreamStopQuarantinedSignal$: 
11:51:58.098 [worker-akka.actor.default-dispatcher-13] ERROR a.r.a.Association(akka://worker) akka.remote.artery.Association(akka://worker) - Outbound control stream to [akka://worker@flamestream-benchmarks-worker-3:5412] failed after shutdown. 
akka.remote.artery.Association$OutboundStreamStopQuarantinedSignal$: 
11:51:58.100 [worker-akka.actor.default-dispatcher-13] ERROR a.r.a.Association(akka://worker) akka.remote.artery.Association(akka://worker) - Outbound message stream to [akka://worker@flamestream-benchmarks-worker-3:5412] failed after shutdown. 
akka.remote.artery.Association$OutboundStreamStopQuarantinedSignal$: 
11:51:58.322 [worker-akka.actor.default-dispatcher-13] INFO  a.r.RemoteActorRefProvider$RemotingTerminator akka://worker@flamestream-benchmarks-worker-14:5412/system/remoting-terminator - Remoting shut down.
Heap
 def new generation   total 460800K, used 378578K [0x00000000a2400000, 0x00000000c1800000, 0x00000000c1800000)
  eden space 409600K,  92% used [0x00000000a2400000, 0x00000000b958ba90, 0x00000000bb400000)
  from space 51200K,   0% used [0x00000000bb400000, 0x00000000bb429038, 0x00000000be600000)
  to   space 51200K,   0% used [0x00000000be600000, 0x00000000be600000, 0x00000000c1800000)
 tenured generation   total 1024000K, used 56983K [0x00000000c1800000, 0x0000000100000000, 0x0000000100000000)
   the space 1024000K,   5% used [0x00000000c1800000, 0x00000000c4fa5d88, 0x00000000c4fa5e00, 0x0000000100000000)
 Metaspace       used 40891K, capacity 43710K, committed 43904K, reserved 1087488K
  class space    used 5354K, capacity 5677K, committed 5760K, reserved 1048576K
