18:06:30,749 |-INFO in ch.qos.logback.classic.LoggerContext[default] - Could NOT find resource [logback-test.xml]
18:06:30,749 |-INFO in ch.qos.logback.classic.LoggerContext[default] - Could NOT find resource [logback.groovy]
18:06:30,749 |-INFO in ch.qos.logback.classic.LoggerContext[default] - Found resource [logback.xml] at [jar:file:/root/flamestream/lib/flamestream-runtime-1.0-SNAPSHOT.jar!/logback.xml]
18:06:30,750 |-WARN in ch.qos.logback.classic.LoggerContext[default] - Resource [logback.xml] occurs multiple times on the classpath.
18:06:30,750 |-WARN in ch.qos.logback.classic.LoggerContext[default] - Resource [logback.xml] occurs at [jar:file:/root/flamestream/lib/flamestream-runtime-1.0-SNAPSHOT.jar!/logback.xml]
18:06:30,750 |-WARN in ch.qos.logback.classic.LoggerContext[default] - Resource [logback.xml] occurs at [jar:file:/root/flamestream/flamestream-runtime-1.0-SNAPSHOT.jar!/logback.xml]
18:06:30,771 |-INFO in ch.qos.logback.core.joran.spi.ConfigurationWatchList@3fb6a447 - URL [jar:file:/root/flamestream/lib/flamestream-runtime-1.0-SNAPSHOT.jar!/logback.xml] is not of type file
18:06:30,837 |-INFO in ch.qos.logback.classic.joran.action.ConfigurationAction - debug attribute not set
18:06:30,838 |-INFO in ch.qos.logback.core.joran.action.AppenderAction - About to instantiate appender of type [ch.qos.logback.core.ConsoleAppender]
18:06:30,854 |-INFO in ch.qos.logback.core.joran.action.AppenderAction - Naming appender as [STDOUT]
18:06:30,867 |-INFO in ch.qos.logback.core.joran.action.NestedComplexPropertyIA - Assuming default type [ch.qos.logback.classic.encoder.PatternLayoutEncoder] for [encoder] property
18:06:30,976 |-INFO in ch.qos.logback.core.joran.action.AppenderAction - About to instantiate appender of type [ch.qos.logback.core.rolling.RollingFileAppender]
18:06:30,981 |-INFO in ch.qos.logback.core.joran.action.AppenderAction - Naming appender as [FILE]
18:06:31,017 |-INFO in c.q.l.core.rolling.TimeBasedRollingPolicy@127618319 - No compression will be used
18:06:31,018 |-INFO in c.q.l.core.rolling.TimeBasedRollingPolicy@127618319 - Will use the pattern /tmp/application_%d{yyyy-MM-dd}.%i.log for the active file
18:06:31,021 |-INFO in ch.qos.logback.core.rolling.SizeAndTimeBasedFNATP@6b2fad11 - The date pattern is 'yyyy-MM-dd' from file name pattern '/tmp/application_%d{yyyy-MM-dd}.%i.log'.
18:06:31,021 |-INFO in ch.qos.logback.core.rolling.SizeAndTimeBasedFNATP@6b2fad11 - Roll-over at midnight.
18:06:31,027 |-INFO in ch.qos.logback.core.rolling.SizeAndTimeBasedFNATP@6b2fad11 - Setting initial period to Mon Jun 10 18:04:42 UTC 2019
18:06:31,027 |-WARN in ch.qos.logback.core.rolling.SizeAndTimeBasedFNATP@6b2fad11 - SizeAndTimeBasedFNATP is deprecated. Use SizeAndTimeBasedRollingPolicy instead
18:06:31,027 |-WARN in ch.qos.logback.core.rolling.SizeAndTimeBasedFNATP@6b2fad11 - For more information see http://logback.qos.ch/manual/appenders.html#SizeAndTimeBasedRollingPolicy
18:06:31,030 |-INFO in ch.qos.logback.core.joran.action.NestedComplexPropertyIA - Assuming default type [ch.qos.logback.classic.encoder.PatternLayoutEncoder] for [encoder] property
18:06:31,036 |-INFO in ch.qos.logback.core.rolling.RollingFileAppender[FILE] - Active log file name: /tmp/application.log
18:06:31,036 |-INFO in ch.qos.logback.core.rolling.RollingFileAppender[FILE] - File property is set to [/tmp/application.log]
18:06:31,037 |-INFO in ch.qos.logback.classic.joran.action.RootLoggerAction - Setting level of ROOT logger to WARN
18:06:31,037 |-INFO in ch.qos.logback.core.joran.action.AppenderRefAction - Attaching appender named [STDOUT] to Logger[ROOT]
18:06:31,039 |-INFO in ch.qos.logback.core.joran.action.AppenderRefAction - Attaching appender named [FILE] to Logger[ROOT]
18:06:31,039 |-INFO in ch.qos.logback.classic.joran.action.ConfigurationAction - End of configuration.
18:06:31,039 |-INFO in ch.qos.logback.classic.joran.JoranConfigurator@79698539 - Registering current configuration as safe fallback point

Ama winner
Ama winner
2019-06-10T18:06:32.358+0000: 1.802: [Full GC (Metadata GC Threshold) 2019-06-10T18:06:32.359+0000: 1.802: [Tenured: 0K->15177K(341376K), 0.0400451 secs] 115001K->15177K(494976K), [Metaspace: 20743K->20743K(1067008K)], 0.0401169 secs] [Times: user=0.04 sys=0.01, real=0.04 secs] 
18:07:03.360 [Curator-PathChildrenCache-2] WARN  o.a.c.u.ZKPaths  - The version of ZooKeeper being used doesn't support Container nodes. CreateMode.PERSISTENT will be used instead.
2019-06-10T18:07:05.703+0000: 35.146: [GC (Allocation Failure) 2019-06-10T18:07:05.703+0000: 35.146: [DefNew: 119750K->16748K(153600K), 0.0239217 secs] 134928K->31925K(494976K), 0.0240154 secs] [Times: user=0.01 sys=0.02, real=0.02 secs] 
2019-06-10T18:07:06.185+0000: 35.628: [Full GC (Metadata GC Threshold) 2019-06-10T18:07:06.185+0000: 35.628: [Tenured: 15177K->43515K(341376K), 0.0457642 secs] 67160K->43515K(494976K), [Metaspace: 34588K->34588K(1079296K)], 0.0458444 secs] [Times: user=0.04 sys=0.01, real=0.05 secs] 
2019-06-10T18:07:08.781+0000: 38.225: [GC (Allocation Failure) 2019-06-10T18:07:08.782+0000: 38.225: [DefNew: 136576K->177K(153600K), 0.0023235 secs] 180091K->43692K(494976K), 0.0023845 secs] [Times: user=0.01 sys=0.00, real=0.00 secs] 
2019-06-10T18:07:11.235+0000: 40.678: [GC (Allocation Failure) 2019-06-10T18:07:11.235+0000: 40.678: [DefNew: 136753K->183K(153600K), 0.0019180 secs] 180268K->43698K(494976K), 0.0019761 secs] [Times: user=0.00 sys=0.00, real=0.00 secs] 
2019-06-10T18:07:13.713+0000: 43.156: [GC (Allocation Failure) 2019-06-10T18:07:13.713+0000: 43.156: [DefNew: 136759K->190K(153600K), 0.0018870 secs] 180274K->43705K(494976K), 0.0019462 secs] [Times: user=0.00 sys=0.00, real=0.00 secs] 
2019-06-10T18:07:16.089+0000: 45.532: [GC (Allocation Failure) 2019-06-10T18:07:16.089+0000: 45.532: [DefNew: 136766K->190K(153600K), 0.0020358 secs] 180281K->43705K(494976K), 0.0020997 secs] [Times: user=0.00 sys=0.00, real=0.01 secs] 
2019-06-10T18:07:18.435+0000: 47.879: [GC (Allocation Failure) 2019-06-10T18:07:18.435+0000: 47.879: [DefNew: 136766K->202K(153600K), 0.0020156 secs] 180281K->43717K(494976K), 0.0020738 secs] [Times: user=0.00 sys=0.00, real=0.00 secs] 
2019-06-10T18:07:20.759+0000: 50.202: [GC (Allocation Failure) 2019-06-10T18:07:20.759+0000: 50.202: [DefNew: 136778K->189K(153600K), 0.0019076 secs] 180293K->43704K(494976K), 0.0019800 secs] [Times: user=0.00 sys=0.00, real=0.00 secs] 
2019-06-10T18:07:33.415+0000: 62.860: [GC (Allocation Failure) 2019-06-10T18:07:33.416+0000: 62.860: [DefNew: 136765K->505K(153600K), 0.0026225 secs] 180280K->44020K(494976K), 0.0037631 secs] [Times: user=0.00 sys=0.00, real=0.01 secs] 
18:07:34.037 [Curator-PathChildrenCache-0] ERROR o.a.c.f.r.c.PathChildrenCache  - 
java.lang.IllegalStateException: instance must be started before calling this method
	at org.apache.curator.shaded.com.google.common.base.Preconditions.checkState(Preconditions.java:444)
	at org.apache.curator.framework.imps.CuratorFrameworkImpl.getChildren(CuratorFrameworkImpl.java:456)
	at org.apache.curator.framework.recipes.cache.PathChildrenCache.refresh(PathChildrenCache.java:521)
	at org.apache.curator.framework.recipes.cache.RefreshOperation.invoke(RefreshOperation.java:35)
	at org.apache.curator.framework.recipes.cache.PathChildrenCache$9.run(PathChildrenCache.java:786)
	at java.util.concurrent.Executors$RunnableAdapter.call(Executors.java:511)
	at java.util.concurrent.FutureTask.run(FutureTask.java:266)
	at java.util.concurrent.Executors$RunnableAdapter.call(Executors.java:511)
	at java.util.concurrent.FutureTask.run(FutureTask.java:266)
	at java.util.concurrent.ThreadPoolExecutor.runWorker(ThreadPoolExecutor.java:1149)
	at java.util.concurrent.ThreadPoolExecutor$Worker.run(ThreadPoolExecutor.java:624)
	at java.lang.Thread.run(Thread.java:748)
Heap
 def new generation   total 153600K, used 38505K [0x00000000e0c00000, 0x00000000eb2a0000, 0x00000000eb2a0000)
  eden space 136576K,  27% used [0x00000000e0c00000, 0x00000000e311c068, 0x00000000e9160000)
  from space 17024K,   2% used [0x00000000e9160000, 0x00000000e91de5e8, 0x00000000ea200000)
  to   space 17024K,   0% used [0x00000000ea200000, 0x00000000ea200000, 0x00000000eb2a0000)
 tenured generation   total 341376K, used 43515K [0x00000000eb2a0000, 0x0000000100000000, 0x0000000100000000)
   the space 341376K,  12% used [0x00000000eb2a0000, 0x00000000edd1ec48, 0x00000000edd1ee00, 0x0000000100000000)
 Metaspace       used 36380K, capacity 37320K, committed 37504K, reserved 1081344K
  class space    used 4903K, capacity 5124K, committed 5248K, reserved 1048576K
