09:04:53,892 |-INFO in ch.qos.logback.classic.LoggerContext[default] - Could NOT find resource [logback-test.xml]
09:04:53,892 |-INFO in ch.qos.logback.classic.LoggerContext[default] - Could NOT find resource [logback.groovy]
09:04:53,892 |-INFO in ch.qos.logback.classic.LoggerContext[default] - Found resource [logback.xml] at [jar:file:/home/nikitasokolov/flamestream/lib/flamestream-runtime-1.0-SNAPSHOT.jar!/logback.xml]
09:04:53,893 |-WARN in ch.qos.logback.classic.LoggerContext[default] - Resource [logback.xml] occurs multiple times on the classpath.
09:04:53,893 |-WARN in ch.qos.logback.classic.LoggerContext[default] - Resource [logback.xml] occurs at [jar:file:/home/nikitasokolov/flamestream/lib/flamestream-runtime-1.0-SNAPSHOT.jar!/logback.xml]
09:04:53,893 |-WARN in ch.qos.logback.classic.LoggerContext[default] - Resource [logback.xml] occurs at [jar:file:/home/nikitasokolov/flamestream/flamestream-runtime-1.0-SNAPSHOT.jar!/logback.xml]
09:04:53,909 |-INFO in ch.qos.logback.core.joran.spi.ConfigurationWatchList@6108b2d7 - URL [jar:file:/home/nikitasokolov/flamestream/lib/flamestream-runtime-1.0-SNAPSHOT.jar!/logback.xml] is not of type file
09:04:53,959 |-INFO in ch.qos.logback.classic.joran.action.ConfigurationAction - debug attribute not set
09:04:53,960 |-INFO in ch.qos.logback.core.joran.action.AppenderAction - About to instantiate appender of type [ch.qos.logback.core.ConsoleAppender]
09:04:53,971 |-INFO in ch.qos.logback.core.joran.action.AppenderAction - Naming appender as [STDOUT]
09:04:53,981 |-INFO in ch.qos.logback.core.joran.action.NestedComplexPropertyIA - Assuming default type [ch.qos.logback.classic.encoder.PatternLayoutEncoder] for [encoder] property
09:04:54,039 |-INFO in ch.qos.logback.core.joran.action.AppenderAction - About to instantiate appender of type [ch.qos.logback.core.rolling.RollingFileAppender]
09:04:54,045 |-INFO in ch.qos.logback.core.joran.action.AppenderAction - Naming appender as [FILE]
09:04:54,067 |-INFO in c.q.l.core.rolling.TimeBasedRollingPolicy@357863579 - No compression will be used
09:04:54,068 |-INFO in c.q.l.core.rolling.TimeBasedRollingPolicy@357863579 - Will use the pattern /tmp/application_%d{yyyy-MM-dd}.%i.log for the active file
09:04:54,071 |-INFO in ch.qos.logback.core.rolling.SizeAndTimeBasedFNATP@6bf256fa - The date pattern is 'yyyy-MM-dd' from file name pattern '/tmp/application_%d{yyyy-MM-dd}.%i.log'.
09:04:54,071 |-INFO in ch.qos.logback.core.rolling.SizeAndTimeBasedFNATP@6bf256fa - Roll-over at midnight.
09:04:54,075 |-INFO in ch.qos.logback.core.rolling.SizeAndTimeBasedFNATP@6bf256fa - Setting initial period to Sun Jun 09 09:04:07 MSK 2019
09:04:54,075 |-WARN in ch.qos.logback.core.rolling.SizeAndTimeBasedFNATP@6bf256fa - SizeAndTimeBasedFNATP is deprecated. Use SizeAndTimeBasedRollingPolicy instead
09:04:54,075 |-WARN in ch.qos.logback.core.rolling.SizeAndTimeBasedFNATP@6bf256fa - For more information see http://logback.qos.ch/manual/appenders.html#SizeAndTimeBasedRollingPolicy
09:04:54,079 |-INFO in ch.qos.logback.core.joran.action.NestedComplexPropertyIA - Assuming default type [ch.qos.logback.classic.encoder.PatternLayoutEncoder] for [encoder] property
09:04:54,081 |-INFO in ch.qos.logback.core.rolling.RollingFileAppender[FILE] - Active log file name: /tmp/application.log
09:04:54,081 |-INFO in ch.qos.logback.core.rolling.RollingFileAppender[FILE] - File property is set to [/tmp/application.log]
09:04:54,082 |-INFO in ch.qos.logback.classic.joran.action.RootLoggerAction - Setting level of ROOT logger to WARN
09:04:54,082 |-INFO in ch.qos.logback.core.joran.action.AppenderRefAction - Attaching appender named [STDOUT] to Logger[ROOT]
09:04:54,083 |-INFO in ch.qos.logback.core.joran.action.AppenderRefAction - Attaching appender named [FILE] to Logger[ROOT]
09:04:54,083 |-INFO in ch.qos.logback.classic.joran.action.ConfigurationAction - End of configuration.
09:04:54,084 |-INFO in ch.qos.logback.classic.joran.JoranConfigurator@6cd8737 - Registering current configuration as safe fallback point

2019-06-09T09:04:55.064+0300: 1.371: [GC (Metadata GC Threshold) [PSYoungGen: 110722K->15928K(149504K)] 110722K->16008K(491008K), 0.0240548 secs] [Times: user=0.13 sys=0.03, real=0.02 secs] 
2019-06-09T09:04:55.088+0300: 1.395: [Full GC (Metadata GC Threshold) [PSYoungGen: 15928K->0K(149504K)] [ParOldGen: 80K->15078K(341504K)] 16008K->15078K(491008K), [Metaspace: 20802K->20802K(1067008K)], 0.0266523 secs] [Times: user=0.18 sys=0.00, real=0.03 secs] 
09:05:03.340 [Curator-PathChildrenCache-1] WARN  o.a.c.u.ZKPaths  - The version of ZooKeeper being used doesn't support Container nodes. CreateMode.PERSISTENT will be used instead.
2019-06-09T09:05:04.542+0300: 10.849: [GC (Metadata GC Threshold) [PSYoungGen: 126138K->15837K(149504K)] 141216K->50455K(491008K), 0.0283182 secs] [Times: user=0.21 sys=0.02, real=0.03 secs] 
2019-06-09T09:05:04.570+0300: 10.877: [Full GC (Metadata GC Threshold) [PSYoungGen: 15837K->0K(149504K)] [ParOldGen: 34617K->38771K(341504K)] 50455K->38771K(491008K), [Metaspace: 34524K->34524K(1079296K)], 0.0499421 secs] [Times: user=0.36 sys=0.00, real=0.05 secs] 
2019-06-09T09:05:08.611+0300: 14.918: [GC (Allocation Failure) [PSYoungGen: 128512K->544K(149504K)] 167283K->39323K(491008K), 0.1007160 secs] [Times: user=0.04 sys=0.01, real=0.10 secs] 
2019-06-09T09:05:13.255+0300: 19.562: [GC (Allocation Failure) [PSYoungGen: 129056K->480K(149504K)] 167835K->39267K(491008K), 0.0035923 secs] [Times: user=0.01 sys=0.00, real=0.01 secs] 
2019-06-09T09:05:17.870+0300: 24.177: [GC (Allocation Failure) [PSYoungGen: 128992K->640K(129536K)] 167779K->39435K(471040K), 0.0030418 secs] [Times: user=0.02 sys=0.00, real=0.00 secs] 
2019-06-09T09:05:22.573+0300: 28.879: [GC (Allocation Failure) [PSYoungGen: 129152K->704K(150016K)] 167947K->39507K(491520K), 0.0038542 secs] [Times: user=0.02 sys=0.00, real=0.00 secs] 
2019-06-09T09:05:27.232+0300: 33.539: [GC (Allocation Failure) [PSYoungGen: 129216K->640K(148992K)] 168019K->39451K(490496K), 0.0048878 secs] [Times: user=0.03 sys=0.00, real=0.00 secs] 
2019-06-09T09:05:31.969+0300: 38.275: [GC (Allocation Failure) [PSYoungGen: 129152K->608K(151552K)] 167963K->39427K(493056K), 0.0032666 secs] [Times: user=0.00 sys=0.01, real=0.01 secs] 
2019-06-09T09:05:36.842+0300: 43.149: [GC (Allocation Failure) [PSYoungGen: 132704K->672K(151040K)] 171523K->39499K(492544K), 0.0027113 secs] [Times: user=0.01 sys=0.00, real=0.00 secs] 
2019-06-09T09:05:41.728+0300: 48.035: [GC (Allocation Failure) [PSYoungGen: 132768K->704K(153088K)] 171595K->39531K(494592K), 0.0035427 secs] [Times: user=0.01 sys=0.00, real=0.01 secs] 
2019-06-09T09:05:46.709+0300: 53.016: [GC (Allocation Failure) [PSYoungGen: 135872K->672K(152576K)] 174699K->39499K(494080K), 0.0041147 secs] [Times: user=0.01 sys=0.02, real=0.01 secs] 
2019-06-09T09:05:51.631+0300: 57.938: [GC (Allocation Failure) [PSYoungGen: 135840K->672K(155136K)] 174667K->39507K(496640K), 0.0035896 secs] [Times: user=0.01 sys=0.01, real=0.00 secs] 
2019-06-09T09:05:56.993+0300: 63.300: [GC (Allocation Failure) [PSYoungGen: 139424K->1015K(154112K)] 178259K->39858K(495616K), 0.0036226 secs] [Times: user=0.02 sys=0.00, real=0.00 secs] 
09:06:12.391 [Curator-PathChildrenCache-0] ERROR o.a.c.f.r.c.PathChildrenCache  - 
java.lang.IllegalStateException: instance must be started before calling this method
	at org.apache.curator.shaded.com.google.common.base.Preconditions.checkState(Preconditions.java:444)
	at org.apache.curator.framework.imps.CuratorFrameworkImpl.getChildren(CuratorFrameworkImpl.java:456)
	at org.apache.curator.framework.recipes.cache.PathChildrenCache.refresh(PathChildrenCache.java:521)
	at org.apache.curator.framework.recipes.cache.RefreshOperation.invoke(RefreshOperation.java:35)
	at org.apache.curator.framework.recipes.cache.PathChildrenCache$9.run(PathChildrenCache.java:786)
	at java.util.concurrent.Executors$RunnableAdapter.call(Executors.java:511)
	at java.util.concurrent.FutureTask.run(FutureTask.java:266)
	at java.util.concurrent.Executors$RunnableAdapter.call(Executors.java:511)
	at java.util.concurrent.FutureTask.run(FutureTask.java:266)
	at java.util.concurrent.ThreadPoolExecutor.runWorker(ThreadPoolExecutor.java:1149)
	at java.util.concurrent.ThreadPoolExecutor$Worker.run(ThreadPoolExecutor.java:624)
	at java.lang.Thread.run(Thread.java:748)
Heap
 PSYoungGen      total 154112K, used 93133K [0x00000000f5980000, 0x0000000100000000, 0x0000000100000000)
  eden space 138752K, 66% used [0x00000000f5980000,0x00000000fb375790,0x00000000fe100000)
  from space 15360K, 6% used [0x00000000fe100000,0x00000000fe1fdd30,0x00000000ff000000)
  to   space 14848K, 0% used [0x00000000ff180000,0x00000000ff180000,0x0000000100000000)
 ParOldGen       total 341504K, used 38843K [0x00000000e0c00000, 0x00000000f5980000, 0x00000000f5980000)
  object space 341504K, 11% used [0x00000000e0c00000,0x00000000e31eee48,0x00000000f5980000)
 Metaspace       used 36135K, capacity 37012K, committed 37208K, reserved 1081344K
  class space    used 4984K, capacity 5170K, committed 5248K, reserved 1048576K
