13:08:51,198 |-INFO in ch.qos.logback.classic.LoggerContext[default] - Could NOT find resource [logback-test.xml]
13:08:51,198 |-INFO in ch.qos.logback.classic.LoggerContext[default] - Could NOT find resource [logback.groovy]
13:08:51,198 |-INFO in ch.qos.logback.classic.LoggerContext[default] - Found resource [logback.xml] at [jar:file:/root/flamestream/lib/flamestream-runtime-1.0-SNAPSHOT.jar!/logback.xml]
13:08:51,198 |-WARN in ch.qos.logback.classic.LoggerContext[default] - Resource [logback.xml] occurs multiple times on the classpath.
13:08:51,203 |-WARN in ch.qos.logback.classic.LoggerContext[default] - Resource [logback.xml] occurs at [jar:file:/root/flamestream/lib/flamestream-runtime-1.0-SNAPSHOT.jar!/logback.xml]
13:08:51,203 |-WARN in ch.qos.logback.classic.LoggerContext[default] - Resource [logback.xml] occurs at [jar:file:/root/flamestream/flamestream-runtime-1.0-SNAPSHOT.jar!/logback.xml]
13:08:51,223 |-INFO in ch.qos.logback.core.joran.spi.ConfigurationWatchList@3fb6a447 - URL [jar:file:/root/flamestream/lib/flamestream-runtime-1.0-SNAPSHOT.jar!/logback.xml] is not of type file
13:08:51,295 |-INFO in ch.qos.logback.classic.joran.action.ConfigurationAction - debug attribute not set
13:08:51,295 |-INFO in ch.qos.logback.core.joran.action.AppenderAction - About to instantiate appender of type [ch.qos.logback.core.ConsoleAppender]
13:08:51,315 |-INFO in ch.qos.logback.core.joran.action.AppenderAction - Naming appender as [STDOUT]
13:08:51,333 |-INFO in ch.qos.logback.core.joran.action.NestedComplexPropertyIA - Assuming default type [ch.qos.logback.classic.encoder.PatternLayoutEncoder] for [encoder] property
13:08:51,415 |-INFO in ch.qos.logback.core.joran.action.AppenderAction - About to instantiate appender of type [ch.qos.logback.core.rolling.RollingFileAppender]
13:08:51,420 |-INFO in ch.qos.logback.core.joran.action.AppenderAction - Naming appender as [FILE]
13:08:51,452 |-INFO in c.q.l.core.rolling.TimeBasedRollingPolicy@127618319 - No compression will be used
13:08:51,454 |-INFO in c.q.l.core.rolling.TimeBasedRollingPolicy@127618319 - Will use the pattern /tmp/application_%d{yyyy-MM-dd}.%i.log for the active file
13:08:51,456 |-INFO in ch.qos.logback.core.rolling.SizeAndTimeBasedFNATP@6b2fad11 - The date pattern is 'yyyy-MM-dd' from file name pattern '/tmp/application_%d{yyyy-MM-dd}.%i.log'.
13:08:51,456 |-INFO in ch.qos.logback.core.rolling.SizeAndTimeBasedFNATP@6b2fad11 - Roll-over at midnight.
13:08:51,462 |-INFO in ch.qos.logback.core.rolling.SizeAndTimeBasedFNATP@6b2fad11 - Setting initial period to Mon Jun 10 13:07:35 UTC 2019
13:08:51,462 |-WARN in ch.qos.logback.core.rolling.SizeAndTimeBasedFNATP@6b2fad11 - SizeAndTimeBasedFNATP is deprecated. Use SizeAndTimeBasedRollingPolicy instead
13:08:51,462 |-WARN in ch.qos.logback.core.rolling.SizeAndTimeBasedFNATP@6b2fad11 - For more information see http://logback.qos.ch/manual/appenders.html#SizeAndTimeBasedRollingPolicy
13:08:51,466 |-INFO in ch.qos.logback.core.joran.action.NestedComplexPropertyIA - Assuming default type [ch.qos.logback.classic.encoder.PatternLayoutEncoder] for [encoder] property
13:08:51,470 |-INFO in ch.qos.logback.core.rolling.RollingFileAppender[FILE] - Active log file name: /tmp/application.log
13:08:51,470 |-INFO in ch.qos.logback.core.rolling.RollingFileAppender[FILE] - File property is set to [/tmp/application.log]
13:08:51,471 |-INFO in ch.qos.logback.classic.joran.action.RootLoggerAction - Setting level of ROOT logger to WARN
13:08:51,471 |-INFO in ch.qos.logback.core.joran.action.AppenderRefAction - Attaching appender named [STDOUT] to Logger[ROOT]
13:08:51,473 |-INFO in ch.qos.logback.core.joran.action.AppenderRefAction - Attaching appender named [FILE] to Logger[ROOT]
13:08:51,473 |-INFO in ch.qos.logback.classic.joran.action.ConfigurationAction - End of configuration.
13:08:51,474 |-INFO in ch.qos.logback.classic.joran.JoranConfigurator@79698539 - Registering current configuration as safe fallback point

Ama winner
Ama winner
2019-06-10T13:08:53.099+0000: 2.085: [Full GC (Metadata GC Threshold) 2019-06-10T13:08:53.099+0000: 2.085: [Tenured: 0K->15240K(341376K), 0.0395103 secs] 120482K->15240K(494976K), [Metaspace: 20738K->20738K(1067008K)], 0.0395795 secs] [Times: user=0.03 sys=0.01, real=0.04 secs] 
13:09:08.384 [Curator-PathChildrenCache-1] WARN  o.a.c.u.ZKPaths  - The version of ZooKeeper being used doesn't support Container nodes. CreateMode.PERSISTENT will be used instead.
2019-06-10T13:09:10.702+0000: 19.688: [GC (Allocation Failure) 2019-06-10T13:09:10.702+0000: 19.688: [DefNew: 136576K->17024K(153600K), 0.0282649 secs] 151816K->52830K(494976K), 0.0283317 secs] [Times: user=0.02 sys=0.01, real=0.03 secs] 
2019-06-10T13:09:12.776+0000: 21.762: [Full GC (Metadata GC Threshold) 2019-06-10T13:09:12.776+0000: 21.762: [Tenured: 35806K->44594K(341376K), 0.0404601 secs] 87706K->44594K(494976K), [Metaspace: 34638K->34638K(1079296K)], 0.0405434 secs] [Times: user=0.04 sys=0.01, real=0.04 secs] 
2019-06-10T13:09:21.703+0000: 30.690: [GC (Allocation Failure) 2019-06-10T13:09:21.703+0000: 30.690: [DefNew: 136576K->125K(153600K), 0.0018862 secs] 181170K->44719K(494976K), 0.0019508 secs] [Times: user=0.00 sys=0.00, real=0.00 secs] 
2019-06-10T13:09:30.538+0000: 39.525: [GC (Allocation Failure) 2019-06-10T13:09:30.538+0000: 39.525: [DefNew: 136701K->122K(153600K), 0.0017302 secs] 181295K->44716K(494976K), 0.0017908 secs] [Times: user=0.00 sys=0.00, real=0.00 secs] 
2019-06-10T13:09:39.499+0000: 48.485: [GC (Allocation Failure) 2019-06-10T13:09:39.499+0000: 48.485: [DefNew: 136698K->126K(153600K), 0.0018117 secs] 181292K->44720K(494976K), 0.0018726 secs] [Times: user=0.00 sys=0.00, real=0.00 secs] 
2019-06-10T13:09:48.476+0000: 57.462: [GC (Allocation Failure) 2019-06-10T13:09:48.476+0000: 57.462: [DefNew: 136702K->123K(153600K), 0.0017855 secs] 181296K->44718K(494976K), 0.0018409 secs] [Times: user=0.00 sys=0.00, real=0.00 secs] 
2019-06-10T13:09:58.482+0000: 67.468: [GC (Allocation Failure) 2019-06-10T13:09:58.482+0000: 67.468: [DefNew: 136699K->463K(153600K), 0.0022791 secs] 181294K->45058K(494976K), 0.0023512 secs] [Times: user=0.00 sys=0.00, real=0.01 secs] 
2019-06-10T13:10:09.493+0000: 78.480: [GC (Allocation Failure) 2019-06-10T13:10:09.493+0000: 78.480: [DefNew: 137039K->215K(153600K), 0.0020535 secs] 181634K->44810K(494976K), 0.0021168 secs] [Times: user=0.00 sys=0.00, real=0.00 secs] 
13:10:26.614 [Curator-PathChildrenCache-0] ERROR o.a.c.f.r.c.PathChildrenCache  - 
java.lang.IllegalStateException: instance must be started before calling this method
	at org.apache.curator.shaded.com.google.common.base.Preconditions.checkState(Preconditions.java:444)
	at org.apache.curator.framework.imps.CuratorFrameworkImpl.getChildren(CuratorFrameworkImpl.java:456)
	at org.apache.curator.framework.recipes.cache.PathChildrenCache.refresh(PathChildrenCache.java:521)
	at org.apache.curator.framework.recipes.cache.RefreshOperation.invoke(RefreshOperation.java:35)
	at org.apache.curator.framework.recipes.cache.PathChildrenCache$9.run(PathChildrenCache.java:786)
	at java.util.concurrent.Executors$RunnableAdapter.call(Executors.java:511)
	at java.util.concurrent.FutureTask.run(FutureTask.java:266)
	at java.util.concurrent.Executors$RunnableAdapter.call(Executors.java:511)
	at java.util.concurrent.FutureTask.run(FutureTask.java:266)
	at java.util.concurrent.ThreadPoolExecutor.runWorker(ThreadPoolExecutor.java:1149)
	at java.util.concurrent.ThreadPoolExecutor$Worker.run(ThreadPoolExecutor.java:624)
	at java.lang.Thread.run(Thread.java:748)
Heap
 def new generation   total 153600K, used 133992K [0x00000000e0c00000, 0x00000000eb2a0000, 0x00000000eb2a0000)
  eden space 136576K,  97% used [0x00000000e0c00000, 0x00000000e8ea43d0, 0x00000000e9160000)
  from space 17024K,   1% used [0x00000000ea200000, 0x00000000ea235e98, 0x00000000eb2a0000)
  to   space 17024K,   0% used [0x00000000e9160000, 0x00000000e9160000, 0x00000000ea200000)
 tenured generation   total 341376K, used 44594K [0x00000000eb2a0000, 0x0000000100000000, 0x0000000100000000)
   the space 341376K,  13% used [0x00000000eb2a0000, 0x00000000ede2c9d8, 0x00000000ede2ca00, 0x0000000100000000)
 Metaspace       used 36263K, capacity 37126K, committed 37376K, reserved 1081344K
  class space    used 4870K, capacity 5075K, committed 5120K, reserved 1048576K
