18:53:49,337 |-INFO in ch.qos.logback.classic.LoggerContext[default] - Could NOT find resource [logback-test.xml]
18:53:49,337 |-INFO in ch.qos.logback.classic.LoggerContext[default] - Could NOT find resource [logback.groovy]
18:53:49,337 |-INFO in ch.qos.logback.classic.LoggerContext[default] - Found resource [logback.xml] at [jar:file:/home/ubuntu/flamestream/lib/flamestream-runtime-1.0-SNAPSHOT.jar!/logback.xml]
18:53:49,341 |-WARN in ch.qos.logback.classic.LoggerContext[default] - Resource [logback.xml] occurs multiple times on the classpath.
18:53:49,341 |-WARN in ch.qos.logback.classic.LoggerContext[default] - Resource [logback.xml] occurs at [jar:file:/home/ubuntu/flamestream/flamestream-runtime-1.0-SNAPSHOT.jar!/logback.xml]
18:53:49,341 |-WARN in ch.qos.logback.classic.LoggerContext[default] - Resource [logback.xml] occurs at [jar:file:/home/ubuntu/flamestream/lib/flamestream-runtime-1.0-SNAPSHOT.jar!/logback.xml]
18:53:49,356 |-INFO in ch.qos.logback.core.joran.spi.ConfigurationWatchList@4678c730 - URL [jar:file:/home/ubuntu/flamestream/lib/flamestream-runtime-1.0-SNAPSHOT.jar!/logback.xml] is not of type file
18:53:49,429 |-INFO in ch.qos.logback.classic.joran.action.ConfigurationAction - debug attribute not set
18:53:49,431 |-INFO in ch.qos.logback.core.joran.action.AppenderAction - About to instantiate appender of type [ch.qos.logback.core.ConsoleAppender]
18:53:49,439 |-INFO in ch.qos.logback.core.joran.action.AppenderAction - Naming appender as [STDOUT]
18:53:49,459 |-INFO in ch.qos.logback.core.joran.action.NestedComplexPropertyIA - Assuming default type [ch.qos.logback.classic.encoder.PatternLayoutEncoder] for [encoder] property
18:53:49,541 |-INFO in ch.qos.logback.core.joran.action.AppenderAction - About to instantiate appender of type [ch.qos.logback.core.rolling.RollingFileAppender]
18:53:49,545 |-INFO in ch.qos.logback.core.joran.action.AppenderAction - Naming appender as [FILE]
18:53:49,583 |-INFO in c.q.l.core.rolling.TimeBasedRollingPolicy@1734853116 - No compression will be used
18:53:49,584 |-INFO in c.q.l.core.rolling.TimeBasedRollingPolicy@1734853116 - Will use the pattern /tmp/application_%d{yyyy-MM-dd}.%i.log for the active file
18:53:49,589 |-INFO in ch.qos.logback.core.rolling.SizeAndTimeBasedFNATP@29ee9faa - The date pattern is 'yyyy-MM-dd' from file name pattern '/tmp/application_%d{yyyy-MM-dd}.%i.log'.
18:53:49,589 |-INFO in ch.qos.logback.core.rolling.SizeAndTimeBasedFNATP@29ee9faa - Roll-over at midnight.
18:53:49,595 |-INFO in ch.qos.logback.core.rolling.SizeAndTimeBasedFNATP@29ee9faa - Setting initial period to Sat Sep 28 18:52:01 UTC 2019
18:53:49,595 |-WARN in ch.qos.logback.core.rolling.SizeAndTimeBasedFNATP@29ee9faa - SizeAndTimeBasedFNATP is deprecated. Use SizeAndTimeBasedRollingPolicy instead
18:53:49,595 |-WARN in ch.qos.logback.core.rolling.SizeAndTimeBasedFNATP@29ee9faa - For more information see http://logback.qos.ch/manual/appenders.html#SizeAndTimeBasedRollingPolicy
18:53:49,599 |-INFO in ch.qos.logback.core.joran.action.NestedComplexPropertyIA - Assuming default type [ch.qos.logback.classic.encoder.PatternLayoutEncoder] for [encoder] property
18:53:49,607 |-INFO in ch.qos.logback.core.rolling.RollingFileAppender[FILE] - Active log file name: /tmp/application.log
18:53:49,607 |-INFO in ch.qos.logback.core.rolling.RollingFileAppender[FILE] - File property is set to [/tmp/application.log]
18:53:49,608 |-INFO in ch.qos.logback.classic.joran.action.RootLoggerAction - Setting level of ROOT logger to INFO
18:53:49,608 |-INFO in ch.qos.logback.core.joran.action.AppenderRefAction - Attaching appender named [STDOUT] to Logger[ROOT]
18:53:49,608 |-INFO in ch.qos.logback.core.joran.action.AppenderRefAction - Attaching appender named [FILE] to Logger[ROOT]
18:53:49,608 |-INFO in ch.qos.logback.classic.joran.action.ConfigurationAction - End of configuration.
18:53:49,609 |-INFO in ch.qos.logback.classic.joran.JoranConfigurator@c038203 - Registering current configuration as safe fallback point

18:53:49.617 [main] INFO  c.s.f.r.WorkerApplication  - Starting worker with workerConfig 'WorkerConfig{id='flamestream-benchmarks-worker-13', localAddress=flamestream-benchmarks-worker-13/10.0.0.17:5412, zkString='flamestream-benchmarks-manager:12181', snapshotPath='/home/ubuntu/flamestream/data', guarantees=AT_MOST_ONCE}'
18:53:50.927 [worker-akka.actor.default-dispatcher-6] INFO  a.e.s.Slf4jLogger  - Slf4jLogger started
2019-09-28T18:53:51.073+0000: 2.052: [Full GC (Metadata GC Threshold) 2019-09-28T18:53:51.073+0000: 2.052: [Tenured: 0K->13625K(1024000K), 0.0479642 secs] 139456K->13625K(1484800K), [Metaspace: 20232K->20232K(1067008K)], 0.0480485 secs] [Times: user=0.04 sys=0.01, real=0.05 secs] 
18:53:51.218 [worker-akka.actor.default-dispatcher-6] WARN  a.r.RemoteActorRefProvider akka.remote.RemoteActorRefProvider - Using the 'remote' ActorRefProvider directly, which is a low-level layer. For most use cases, the 'cluster' abstraction on top of remoting is more suitable instead.
18:53:51.223 [worker-akka.actor.default-dispatcher-6] WARN  a.r.RemoteActorRefProvider akka.remote.RemoteActorRefProvider - Akka Cluster not in use - Using Akka Cluster is recommended if you need remote watch and deploy.
18:53:51.333 [worker-akka.actor.default-dispatcher-6] INFO  a.r.a.a.ArteryAeronUdpTransport(akka://worker) akka.remote.artery.aeron.ArteryAeronUdpTransport(akka://worker) - Started embedded media driver in directory [/dev/shm/aeron-flamestream-benchmarks-worker-13]
18:53:51.362 [worker-akka.actor.default-dispatcher-6] WARN  a.r.a.a.ArteryAeronUdpTransport(akka://worker) akka.remote.artery.aeron.ArteryAeronUdpTransport(akka://worker) - Aeron CnC version mismatch: compiled version = 15, file version = 16
18:53:51.595 [worker-akka.actor.default-dispatcher-6] INFO  a.r.a.a.ArteryAeronUdpTransport(akka://worker) akka.remote.artery.aeron.ArteryAeronUdpTransport(akka://worker) - Remoting started with transport [Artery aeron-udp]; listening on address [akka://worker@flamestream-benchmarks-worker-13:5412] and bound to [akka://worker@0.0.0.0:5412] with UID [-4157601765947402203]
18:53:52.136 [worker-akka.actor.default-dispatcher-6] WARN  a.s.Serialization(akka://worker) akka.serialization.Serialization(akka://worker) - Using serializer [com.romix.akka.serialization.kryo.KryoSerializer] for message [akka.actor.ActorSelectionMessage]. Note that this serializer is not implemented by Akka. It's not recommended to replace serializers for messages provided by Akka.
18:53:52.136 [worker-akka.actor.default-dispatcher-6] WARN  a.s.Serialization(akka://worker) akka.serialization.Serialization(akka://worker) - Using serializer [com.romix.akka.serialization.kryo.KryoSerializer] for message [akka.actor.ActorIdentity]. Note that this serializer is not implemented by Akka. It's not recommended to replace serializers for messages provided by Akka.
18:53:52.183 [worker-akka.actor.default-dispatcher-9] INFO  a.a.RepointableActorRef akka://worker/user/watcher - Starting...
18:53:52.308 [worker-akka.actor.default-dispatcher-6] INFO  o.a.c.u.Compatibility  - Running in ZooKeeper 3.4.x compatibility mode
18:53:52.360 [worker-akka.actor.default-dispatcher-6] INFO  o.a.c.f.i.CuratorFrameworkImpl  - Starting
18:53:52.382 [worker-akka.actor.default-dispatcher-6] INFO  o.a.z.ZooKeeper  - Client environment:zookeeper.version=3.4.14-4c25d480e66aadd371de8bd2fd8da255ac140bcf, built on 03/06/2019 16:18 GMT
18:53:52.382 [worker-akka.actor.default-dispatcher-6] INFO  o.a.z.ZooKeeper  - Client environment:host.name=flamestream-benchmarks-worker-13
18:53:52.382 [worker-akka.actor.default-dispatcher-6] INFO  o.a.z.ZooKeeper  - Client environment:java.version=1.8.0_222
18:53:52.382 [worker-akka.actor.default-dispatcher-6] INFO  o.a.z.ZooKeeper  - Client environment:java.vendor=Private Build
18:53:52.384 [worker-akka.actor.default-dispatcher-6] INFO  o.a.z.ZooKeeper  - Client environment:java.home=/usr/lib/jvm/java-8-openjdk-amd64/jre
18:53:52.385 [worker-akka.actor.default-dispatcher-6] INFO  o.a.z.ZooKeeper  - Client environment:java.class.path=lib/curator-framework-4.0.1.jar:lib/commons-csv-1.4.jar:lib/aeron-client-1.21.2.jar:lib/scala-library-2.12.9.jar:lib/asm-5.0.4.jar:lib/agrona-1.0.1.jar:lib/curator-recipes-4.0.1.jar:lib/akka-testkit_2.12-2.6.0-M6.jar:lib/flamestream-runtime-1.0-SNAPSHOT.jar:lib/jsr305-3.0.2.jar:lib/trove4j-3.0.3.jar:lib/flamestream-core-1.0-SNAPSHOT.jar:lib/commons-io-2.4.jar:lib/minlog-1.3.0.jar:lib/kryonet-2.21.jar:lib/commons-1.4.9.jar:lib/jline-0.9.94.jar:lib/akka-remote_2.12-2.6.0-M6.jar:lib/leveldbjni-all-1.8.jar:lib/lz4-1.3.0.jar:lib/slf4j-api-1.7.24.jar:lib/scala-parser-combinators_2.12-1.1.2.jar:lib/flamestream-core-1.0-SNAPSHOT-tests.jar:lib/logback-core-1.2.3.jar:lib/netty-3.10.6.Final.jar:lib/protobuf-java-3.9.0.jar:lib/minlog-1.2.jar:lib/leveldb-api-0.7.jar:lib/jool-0.9.12.jar:lib/commons-cli-1.4.jar:lib/jblas-1.2.4.jar:lib/reflectasm-1.11.3.jar:lib/reflectasm-1.07-shaded.jar:lib/audience-annotations-0.5.0.jar:lib/jackson-annotations-2.9.6.jar:lib/commons-lang-2.6.jar:lib/ssl-config-core_2.12-0.3.8.jar:lib/annotations-13.0.jar:lib/logback-classic-1.2.3.jar:lib/guava-21.0.jar:lib/reactive-streams-1.0.2.jar:lib/spotbugs-annotations-3.1.9.jar:lib/leveldb-0.7.jar:lib/commons-pool2-2.4.2.jar:lib/rocksdbjni-5.5.1.jar:lib/jackson-core-2.9.9.jar:lib/jackson-databind-2.9.9.2.jar:lib/akka-protobuf-v3_2.12-2.6.0-M6.jar:lib/jackson-annotations-2.9.0.jar:lib/flamestream-examples-1.0-SNAPSHOT.jar:lib/objenesis-2.1.jar:lib/akka-kryo-serialization_2.12-0.5.2.jar:lib/scala-java8-compat_2.12-0.8.0.jar:lib/zookeeper-3.4.14.jar:lib/akka-slf4j_2.12-2.6.0-M6.jar:lib/kryo-4.0.0.jar:lib/akka-stream_2.12-2.6.0-M6.jar:lib/slf4j-simple-2.0.0-alpha0.jar:lib/aeron-driver-1.21.2.jar:lib/config-1.3.1.jar:lib/annotations-12.0.jar:lib/jedis-2.9.0.jar:lib/jcommander-1.48.jar:lib/testng-6.10.jar:lib/akka-actor_2.12-2.6.0-M6.jar:lib/curator-client-4.0.1.jar:flamestream-runtime-1.0-SNAPSHOT.jar
18:53:52.386 [worker-akka.actor.default-dispatcher-6] INFO  o.a.z.ZooKeeper  - Client environment:java.library.path=/usr/java/packages/lib/amd64:/usr/lib/x86_64-linux-gnu/jni:/lib/x86_64-linux-gnu:/usr/lib/x86_64-linux-gnu:/usr/lib/jni:/lib:/usr/lib
18:53:52.386 [worker-akka.actor.default-dispatcher-6] INFO  o.a.z.ZooKeeper  - Client environment:java.io.tmpdir=/tmp
18:53:52.386 [worker-akka.actor.default-dispatcher-6] INFO  o.a.z.ZooKeeper  - Client environment:java.compiler=<NA>
18:53:52.387 [worker-akka.actor.default-dispatcher-6] INFO  o.a.z.ZooKeeper  - Client environment:os.name=Linux
18:53:52.388 [worker-akka.actor.default-dispatcher-6] INFO  o.a.z.ZooKeeper  - Client environment:os.arch=amd64
18:53:52.391 [worker-akka.actor.default-dispatcher-6] INFO  o.a.z.ZooKeeper  - Client environment:os.version=4.15.0-1040-gcp
18:53:52.391 [worker-akka.actor.default-dispatcher-6] INFO  o.a.z.ZooKeeper  - Client environment:user.name=ubuntu
18:53:52.391 [worker-akka.actor.default-dispatcher-6] INFO  o.a.z.ZooKeeper  - Client environment:user.home=/home/ubuntu
18:53:52.392 [worker-akka.actor.default-dispatcher-6] INFO  o.a.z.ZooKeeper  - Client environment:user.dir=/home/ubuntu/flamestream
18:53:52.395 [worker-akka.actor.default-dispatcher-6] INFO  o.a.z.ZooKeeper  - Initiating client connection, connectString=flamestream-benchmarks-manager:12181 sessionTimeout=60000 watcher=org.apache.curator.ConnectionState@652f61e2
18:53:52.441 [worker-akka.actor.default-dispatcher-6-SendThread(flamestream-benchmarks-manager:12181)] INFO  o.a.z.ClientCnxn  - Opening socket connection to server flamestream-benchmarks-manager/10.0.0.2:12181. Will not attempt to authenticate using SASL (unknown error)
18:53:52.444 [worker-akka.actor.default-dispatcher-6] INFO  o.a.c.f.i.CuratorFrameworkImpl  - Default schema
18:53:52.449 [worker-akka.actor.default-dispatcher-6-SendThread(flamestream-benchmarks-manager:12181)] INFO  o.a.z.ClientCnxn  - Socket connection established to flamestream-benchmarks-manager/10.0.0.2:12181, initiating session
18:53:52.459 [worker-akka.actor.default-dispatcher-6-SendThread(flamestream-benchmarks-manager:12181)] INFO  o.a.z.ClientCnxn  - Session establishment complete on server flamestream-benchmarks-manager/10.0.0.2:12181, sessionid = 0x100015787a4000d, negotiated timeout = 60000
18:53:52.468 [worker-akka.actor.default-dispatcher-6-EventThread] INFO  o.a.c.f.s.ConnectionStateManager  - State change: CONNECTED
18:53:52.471 [worker-akka.actor.default-dispatcher-9] INFO  a.a.RepointableActorRef akka://worker/user/watcher - Initializing rocksDB backend
2019-09-28T18:53:53.576+0000: 4.556: [Full GC (Metadata GC Threshold) 2019-09-28T18:53:53.576+0000: 4.556: [Tenured: 13625K->25923K(1024000K), 0.1317956 secs] 161115K->25923K(1484800K), [Metaspace: 33703K->33703K(1079296K)], 0.1318833 secs] [Times: user=0.12 sys=0.01, real=0.13 secs] 
18:53:53.792 [worker-akka.actor.default-dispatcher-6] INFO  a.a.LocalActorRef akka://worker/user/watcher/processing-watcher - Starting...
18:54:00.527 [Curator-PathChildrenCache-1] WARN  o.a.c.u.ZKPaths  - The version of ZooKeeper being used doesn't support Container nodes. CreateMode.PERSISTENT will be used instead.
18:54:00.660 [worker-akka.actor.default-dispatcher-10] INFO  a.a.LocalActorRef akka://worker/user/watcher/processing-watcher/$a - Starting...
18:54:00.688 [worker-akka.actor.default-dispatcher-10] INFO  a.a.LocalActorRef akka://worker/user/watcher/processing-watcher/$a - Stopped
18:54:03.297 [worker-akka.actor.default-dispatcher-9] INFO  a.a.LocalActorRef akka://worker/user/watcher/processing-watcher/graph/graph - Starting...
18:54:12.761 [worker-akka.actor.default-dispatcher-9] INFO  a.a.LocalActorRef akka://worker/user/watcher/processing-watcher/graph/graph - Finishing constructor
18:54:12.763 [worker-akka.actor.default-dispatcher-9] INFO  a.a.LocalActorRef akka://worker/user/watcher/processing-watcher/graph/negotiator - Starting...
18:54:12.768 [worker-akka.actor.default-dispatcher-11] INFO  a.a.LocalActorRef akka://worker/user/watcher/processing-watcher/graph/edge - Starting...
18:54:12.770 [worker-akka.actor.default-dispatcher-9] INFO  a.a.LocalActorRef akka://worker/user/watcher/processing-watcher/graph - Starting FlameNode with config 'ClusterConfig{paths={flamestream-benchmarks-worker-1=akka://worker@flamestream-benchmarks-worker-1:5412/user/watcher/processing-watcher/graph, flamestream-benchmarks-worker-0=akka://worker@flamestream-benchmarks-worker-0:5412/user/watcher/processing-watcher/graph, flamestream-benchmarks-worker-9=akka://worker@flamestream-benchmarks-worker-9:5412/user/watcher/processing-watcher/graph, flamestream-benchmarks-worker-8=akka://worker@flamestream-benchmarks-worker-8:5412/user/watcher/processing-watcher/graph, flamestream-benchmarks-worker-7=akka://worker@flamestream-benchmarks-worker-7:5412/user/watcher/processing-watcher/graph, flamestream-benchmarks-worker-6=akka://worker@flamestream-benchmarks-worker-6:5412/user/watcher/processing-watcher/graph, flamestream-benchmarks-worker-5=akka://worker@flamestream-benchmarks-worker-5:5412/user/watcher/processing-watcher/graph, flamestream-benchmarks-worker-4=akka://worker@flamestream-benchmarks-worker-4:5412/user/watcher/processing-watcher/graph, flamestream-benchmarks-worker-3=akka://worker@flamestream-benchmarks-worker-3:5412/user/watcher/processing-watcher/graph, flamestream-benchmarks-worker-2=akka://worker@flamestream-benchmarks-worker-2:5412/user/watcher/processing-watcher/graph, flamestream-benchmarks-worker-14=akka://worker@flamestream-benchmarks-worker-14:5412/user/watcher/processing-watcher/graph, flamestream-benchmarks-worker-13=akka://worker@flamestream-benchmarks-worker-13:5412/user/watcher/processing-watcher/graph, flamestream-benchmarks-worker-12=akka://worker@flamestream-benchmarks-worker-12:5412/user/watcher/processing-watcher/graph, flamestream-benchmarks-worker-11=akka://worker@flamestream-benchmarks-worker-11:5412/user/watcher/processing-watcher/graph, flamestream-benchmarks-worker-10=akka://worker@flamestream-benchmarks-worker-10:5412/user/watcher/processing-watcher/graph}}'
18:54:12.794 [worker-akka.actor.default-dispatcher-9] INFO  a.a.LocalActorRef akka://worker/user/watcher/processing-watcher/graph/negotiator - Requesting ticket for the frontClass FlameSocketGraphDeployerFront@flamestream-benchmarks-worker-13
18:54:12.829 [worker-akka.actor.default-dispatcher-13] INFO  a.a.LocalActorRef akka://worker/user/watcher/processing-watcher/graph/graph - Received last commit 'LastCommit{globalTime=(0000000, min@min)}'
18:54:12.842 [worker-akka.actor.default-dispatcher-6] INFO  c.s.f.r.e.s.SocketRear  - FlameSocketGraphDeployerRear@flamestream-benchmarks-worker-13: connecting to flamestream-benchmarks-manager:5678
18:54:12.855 [worker-akka.actor.default-dispatcher-13] INFO  a.a.LocalActorRef akka://worker/user/watcher/processing-watcher/graph/edge/FlameSocketGraphDeployerFront - Starting...
18:54:12.866 [worker-akka.actor.default-dispatcher-6] INFO  c.s.f.r.e.s.SocketRear  - FlameSocketGraphDeployerRear@flamestream-benchmarks-worker-13: connected to flamestream-benchmarks-manager:5678
18:54:12.866 [worker-akka.actor.default-dispatcher-6] INFO  a.a.LocalActorRef akka://worker/user/watcher/processing-watcher/graph/edge/FlameSocketGraphDeployerRear - Starting...
18:54:12.874 [worker-akka.actor.default-dispatcher-11] INFO  a.a.LocalActorRef akka://worker/user/watcher/processing-watcher/graph/negotiator - Ticket for the frontClass received: FrontTicket{allowedTimestamp=(0000000, FlameSocketGraphDeployerFront@flamestream-benchmarks-worker-13)}
18:54:12.875 [worker-akka.actor.default-dispatcher-11] INFO  c.s.f.r.e.s.SocketFront  - FlameSocketGraphDeployerFront@flamestream-benchmarks-worker-13: connecting to flamestream-benchmarks-manager:4567
18:54:13.106 [worker-akka.actor.default-dispatcher-11] INFO  a.a.LocalActorRef akka://worker/user/watcher/processing-watcher/graph/graph/$a - Starting...
18:54:13.110 [worker-akka.actor.default-dispatcher-11] INFO  a.a.LocalActorRef akka://worker/user/watcher/processing-watcher/graph/graph/$b - Starting...
18:54:13.111 [worker-akka.actor.default-dispatcher-11] INFO  a.a.LocalActorRef akka://worker/user/watcher/processing-watcher/graph/graph/$c - Starting...
18:54:13.115 [worker-akka.actor.default-dispatcher-11] INFO  a.a.LocalActorRef akka://worker/user/watcher/processing-watcher/graph/graph/$d - Starting...
18:54:13.116 [worker-akka.actor.default-dispatcher-11] INFO  a.a.LocalActorRef akka://worker/user/watcher/processing-watcher/graph/graph/$e - Starting...
18:54:13.119 [worker-akka.actor.default-dispatcher-11] INFO  a.a.LocalActorRef akka://worker/user/watcher/processing-watcher/graph/graph/$f - Starting...
18:54:13.120 [worker-akka.actor.default-dispatcher-11] INFO  a.a.LocalActorRef akka://worker/user/watcher/processing-watcher/graph/graph/$g - Starting...
18:54:13.123 [worker-akka.actor.default-dispatcher-11] INFO  a.a.LocalActorRef akka://worker/user/watcher/processing-watcher/graph/graph/$h - Starting...
18:54:13.125 [worker-akka.actor.default-dispatcher-11] INFO  a.a.LocalActorRef akka://worker/user/watcher/processing-watcher/graph/graph/$i - Starting...
18:54:13.126 [worker-akka.actor.default-dispatcher-11] INFO  a.a.LocalActorRef akka://worker/user/watcher/processing-watcher/graph/graph/$j - Starting...
18:54:13.127 [worker-akka.actor.default-dispatcher-11] INFO  a.a.LocalActorRef akka://worker/user/watcher/processing-watcher/graph/graph/$k - Starting...
18:54:13.129 [worker-akka.actor.default-dispatcher-11] INFO  a.a.LocalActorRef akka://worker/user/watcher/processing-watcher/graph/graph/$l - Starting...
18:54:13.130 [worker-akka.actor.default-dispatcher-11] INFO  a.a.LocalActorRef akka://worker/user/watcher/processing-watcher/graph/graph/$m - Starting...
18:54:13.132 [worker-akka.actor.default-dispatcher-11] INFO  a.a.LocalActorRef akka://worker/user/watcher/processing-watcher/graph/graph/$n - Starting...
18:54:13.133 [worker-akka.actor.default-dispatcher-11] INFO  a.a.LocalActorRef akka://worker/user/watcher/processing-watcher/graph/graph/$o - Starting...
18:54:13.136 [worker-akka.actor.default-dispatcher-11] INFO  a.a.LocalActorRef akka://worker/user/watcher/processing-watcher/graph/graph/$p - Starting...
18:54:13.137 [worker-akka.actor.default-dispatcher-11] INFO  a.a.LocalActorRef akka://worker/user/watcher/processing-watcher/graph/graph/$q - Starting...
18:54:13.139 [worker-akka.actor.default-dispatcher-11] INFO  a.a.LocalActorRef akka://worker/user/watcher/processing-watcher/graph/graph/$r - Starting...
18:54:13.140 [worker-akka.actor.default-dispatcher-11] INFO  a.a.LocalActorRef akka://worker/user/watcher/processing-watcher/graph/graph/$s - Starting...
18:54:13.141 [worker-akka.actor.default-dispatcher-11] INFO  a.a.LocalActorRef akka://worker/user/watcher/processing-watcher/graph/graph/$t - Starting...
18:54:13.142 [worker-akka.actor.default-dispatcher-11] INFO  a.a.LocalActorRef akka://worker/user/watcher/processing-watcher/graph/graph/$u - Starting...
18:54:13.144 [worker-akka.actor.default-dispatcher-11] INFO  a.a.LocalActorRef akka://worker/user/watcher/processing-watcher/graph/graph/$v - Starting...
18:54:13.146 [worker-akka.actor.default-dispatcher-11] INFO  a.a.LocalActorRef akka://worker/user/watcher/processing-watcher/graph/graph/$w - Starting...
18:54:13.147 [worker-akka.actor.default-dispatcher-11] INFO  a.a.LocalActorRef akka://worker/user/watcher/processing-watcher/graph/graph/$x - Starting...
18:54:13.149 [worker-akka.actor.default-dispatcher-11] INFO  a.a.LocalActorRef akka://worker/user/watcher/processing-watcher/graph/graph/$y - Starting...
18:54:13.150 [worker-akka.actor.default-dispatcher-11] INFO  a.a.LocalActorRef akka://worker/user/watcher/processing-watcher/graph/graph/$z - Starting...
18:54:13.153 [worker-akka.actor.default-dispatcher-11] INFO  a.a.LocalActorRef akka://worker/user/watcher/processing-watcher/graph/graph/$A - Starting...
18:54:13.155 [worker-akka.actor.default-dispatcher-11] INFO  a.a.LocalActorRef akka://worker/user/watcher/processing-watcher/graph/graph/$B - Starting...
18:54:13.157 [worker-akka.actor.default-dispatcher-11] INFO  a.a.LocalActorRef akka://worker/user/watcher/processing-watcher/graph/graph/$C - Starting...
18:54:13.158 [worker-akka.actor.default-dispatcher-11] INFO  a.a.LocalActorRef akka://worker/user/watcher/processing-watcher/graph/graph/$D - Starting...
18:54:13.159 [worker-akka.actor.default-dispatcher-11] INFO  a.a.LocalActorRef akka://worker/user/watcher/processing-watcher/graph/graph/$E - Starting...
18:54:13.160 [worker-akka.actor.default-dispatcher-11] INFO  a.a.LocalActorRef akka://worker/user/watcher/processing-watcher/graph/graph/$F - Starting...
18:54:13.161 [worker-akka.actor.default-dispatcher-11] INFO  a.a.LocalActorRef akka://worker/user/watcher/processing-watcher/graph/graph/$G - Starting...
18:54:13.168 [worker-akka.actor.default-dispatcher-11] INFO  a.a.LocalActorRef akka://worker/user/watcher/processing-watcher/graph/graph/$H - Starting...
18:54:13.190 [worker-akka.actor.default-dispatcher-11] INFO  a.a.LocalActorRef akka://worker/user/watcher/processing-watcher/graph/graph/$I - Starting...
18:54:13.193 [worker-akka.actor.default-dispatcher-11] INFO  a.a.LocalActorRef akka://worker/user/watcher/processing-watcher/graph/graph/$J - Starting...
18:54:13.194 [worker-akka.actor.default-dispatcher-11] INFO  a.a.LocalActorRef akka://worker/user/watcher/processing-watcher/graph/graph/$K - Starting...
18:54:13.195 [worker-akka.actor.default-dispatcher-11] INFO  a.a.LocalActorRef akka://worker/user/watcher/processing-watcher/graph/graph/$L - Starting...
18:54:13.196 [worker-akka.actor.default-dispatcher-11] INFO  a.a.LocalActorRef akka://worker/user/watcher/processing-watcher/graph/graph/$H - Attached rear to graph (-9223372036854775808, min@min)
18:54:13.197 [worker-akka.actor.default-dispatcher-11] INFO  a.a.LocalActorRef akka://worker/user/watcher/processing-watcher/graph/graph/$M - Starting...
18:54:13.198 [worker-akka.actor.default-dispatcher-11] INFO  a.a.LocalActorRef akka://worker/user/watcher/processing-watcher/graph/graph/$N - Starting...
18:54:13.200 [worker-akka.actor.default-dispatcher-11] INFO  a.a.LocalActorRef akka://worker/user/watcher/processing-watcher/graph/graph/$O - Starting...
18:54:13.200 [worker-akka.actor.default-dispatcher-11] INFO  a.a.LocalActorRef akka://worker/user/watcher/processing-watcher/graph/graph/$P - Starting...
18:54:13.201 [worker-akka.actor.default-dispatcher-11] INFO  a.a.LocalActorRef akka://worker/user/watcher/processing-watcher/graph/graph/$Q - Starting...
18:54:13.201 [worker-akka.actor.default-dispatcher-11] INFO  a.a.LocalActorRef akka://worker/user/watcher/processing-watcher/graph/graph/$R - Starting...
18:54:13.202 [worker-akka.actor.default-dispatcher-11] INFO  a.a.LocalActorRef akka://worker/user/watcher/processing-watcher/graph/graph/$S - Starting...
18:54:13.204 [worker-akka.actor.default-dispatcher-11] INFO  a.a.LocalActorRef akka://worker/user/watcher/processing-watcher/graph/graph/$T - Starting...
18:54:13.205 [worker-akka.actor.default-dispatcher-11] INFO  a.a.LocalActorRef akka://worker/user/watcher/processing-watcher/graph/graph/$U - Starting...
18:54:13.206 [worker-akka.actor.default-dispatcher-11] INFO  a.a.LocalActorRef akka://worker/user/watcher/processing-watcher/graph/graph/$V - Starting...
18:54:13.207 [worker-akka.actor.default-dispatcher-11] INFO  a.a.LocalActorRef akka://worker/user/watcher/processing-watcher/graph/graph/$X - Starting...
18:54:13.209 [worker-akka.actor.default-dispatcher-6] INFO  a.a.LocalActorRef akka://worker/user/watcher/processing-watcher/graph/graph/$W - Starting...
18:54:13.210 [worker-akka.actor.default-dispatcher-6] INFO  a.a.LocalActorRef akka://worker/user/watcher/processing-watcher/graph/graph/$Y - Starting...
18:54:13.210 [worker-akka.actor.default-dispatcher-6] INFO  a.a.LocalActorRef akka://worker/user/watcher/processing-watcher/graph/graph/$Z - Starting...
18:54:13.210 [worker-akka.actor.default-dispatcher-6] INFO  a.a.LocalActorRef akka://worker/user/watcher/processing-watcher/graph/graph/$0 - Starting...
18:54:13.210 [worker-akka.actor.default-dispatcher-6] INFO  a.a.LocalActorRef akka://worker/user/watcher/processing-watcher/graph/graph/$1 - Starting...
18:54:13.211 [worker-akka.actor.default-dispatcher-11] INFO  a.a.LocalActorRef akka://worker/user/watcher/processing-watcher/graph/graph/$3 - Starting...
18:54:13.211 [worker-akka.actor.default-dispatcher-11] INFO  a.a.LocalActorRef akka://worker/user/watcher/processing-watcher/graph/graph/$2 - Starting...
18:54:13.212 [worker-akka.actor.default-dispatcher-11] INFO  a.a.LocalActorRef akka://worker/user/watcher/processing-watcher/graph/graph/$5 - Starting...
18:54:13.214 [worker-akka.actor.default-dispatcher-11] INFO  a.a.LocalActorRef akka://worker/user/watcher/processing-watcher/graph/graph/$4 - Starting...
18:54:13.215 [worker-akka.actor.default-dispatcher-11] INFO  a.a.LocalActorRef akka://worker/user/watcher/processing-watcher/graph/graph/$7 - Starting...
18:54:13.216 [worker-akka.actor.default-dispatcher-11] INFO  a.a.LocalActorRef akka://worker/user/watcher/processing-watcher/graph/graph/$6 - Starting...
18:54:13.217 [worker-akka.actor.default-dispatcher-11] INFO  a.a.LocalActorRef akka://worker/user/watcher/processing-watcher/graph/graph/$8 - Starting...
18:54:13.219 [worker-akka.actor.default-dispatcher-6] INFO  a.a.LocalActorRef akka://worker/user/watcher/processing-watcher/graph/graph/$9 - Starting...
18:54:13.219 [worker-akka.actor.default-dispatcher-6] INFO  a.a.LocalActorRef akka://worker/user/watcher/processing-watcher/graph/graph/$~ - Starting...
18:54:13.220 [worker-akka.actor.default-dispatcher-6] INFO  a.a.LocalActorRef akka://worker/user/watcher/processing-watcher/graph/graph/$+ - Starting...
18:54:13.220 [worker-akka.actor.default-dispatcher-6] INFO  a.a.LocalActorRef akka://worker/user/watcher/processing-watcher/graph/graph/$bb - Starting...
18:54:13.220 [worker-akka.actor.default-dispatcher-11] INFO  a.a.LocalActorRef akka://worker/user/watcher/processing-watcher/graph/graph/$ab - Starting...
18:54:13.221 [worker-akka.actor.default-dispatcher-11] INFO  a.a.LocalActorRef akka://worker/user/watcher/processing-watcher/graph/graph/$cb - Starting...
18:54:13.222 [worker-akka.actor.default-dispatcher-11] INFO  a.a.LocalActorRef akka://worker/user/watcher/processing-watcher/graph/graph/$db - Starting...
18:54:13.224 [worker-akka.actor.default-dispatcher-11] INFO  a.a.LocalActorRef akka://worker/user/watcher/processing-watcher/graph/graph/$eb - Starting...
18:54:13.225 [worker-akka.actor.default-dispatcher-11] INFO  a.a.LocalActorRef akka://worker/user/watcher/processing-watcher/graph/graph/$fb - Starting...
18:54:13.226 [worker-akka.actor.default-dispatcher-11] INFO  a.a.LocalActorRef akka://worker/user/watcher/processing-watcher/graph/graph/$hb - Starting...
18:54:13.227 [worker-akka.actor.default-dispatcher-11] INFO  a.a.LocalActorRef akka://worker/user/watcher/processing-watcher/graph/graph/$gb - Starting...
18:54:13.229 [worker-akka.actor.default-dispatcher-6] INFO  a.a.LocalActorRef akka://worker/user/watcher/processing-watcher/graph/graph/$ib - Starting...
18:54:13.229 [worker-akka.actor.default-dispatcher-6] INFO  a.a.LocalActorRef akka://worker/user/watcher/processing-watcher/graph/graph/$jb - Starting...
18:54:13.229 [worker-akka.actor.default-dispatcher-6] INFO  a.a.LocalActorRef akka://worker/user/watcher/processing-watcher/graph/graph/$kb - Starting...
18:54:13.229 [worker-akka.actor.default-dispatcher-6] INFO  a.a.LocalActorRef akka://worker/user/watcher/processing-watcher/graph/graph/$lb - Starting...
18:54:13.229 [worker-akka.actor.default-dispatcher-6] INFO  a.a.LocalActorRef akka://worker/user/watcher/processing-watcher/graph/graph/$mb - Starting...
18:54:13.230 [worker-akka.actor.default-dispatcher-6] INFO  a.a.LocalActorRef akka://worker/user/watcher/processing-watcher/graph/graph/$nb - Starting...
18:54:13.230 [worker-akka.actor.default-dispatcher-11] INFO  a.a.LocalActorRef akka://worker/user/watcher/processing-watcher/graph/graph/$ob - Starting...
18:54:13.231 [worker-akka.actor.default-dispatcher-11] INFO  a.a.LocalActorRef akka://worker/user/watcher/processing-watcher/graph/graph/$pb - Starting...
18:54:13.232 [worker-akka.actor.default-dispatcher-11] INFO  a.a.LocalActorRef akka://worker/user/watcher/processing-watcher/graph/graph/$qb - Starting...
18:54:13.233 [worker-akka.actor.default-dispatcher-11] INFO  a.a.LocalActorRef akka://worker/user/watcher/processing-watcher/graph/graph/$rb - Starting...
18:54:13.235 [worker-akka.actor.default-dispatcher-11] INFO  a.a.LocalActorRef akka://worker/user/watcher/processing-watcher/graph/graph/$sb - Starting...
18:54:13.237 [worker-akka.actor.default-dispatcher-11] INFO  a.a.LocalActorRef akka://worker/user/watcher/processing-watcher/graph/graph/$tb - Starting...
18:54:13.238 [worker-akka.actor.default-dispatcher-13] INFO  a.a.LocalActorRef akka://worker/user/watcher/processing-watcher/graph/graph/$ub - Starting...
18:54:13.238 [worker-akka.actor.default-dispatcher-13] INFO  a.a.LocalActorRef akka://worker/user/watcher/processing-watcher/graph/graph/$vb - Starting...
18:54:13.238 [worker-akka.actor.default-dispatcher-13] INFO  a.a.LocalActorRef akka://worker/user/watcher/processing-watcher/graph/graph/$wb - Starting...
18:54:13.238 [worker-akka.actor.default-dispatcher-13] INFO  a.a.LocalActorRef akka://worker/user/watcher/processing-watcher/graph/graph/$xb - Starting...
18:54:13.239 [worker-akka.actor.default-dispatcher-13] INFO  a.a.LocalActorRef akka://worker/user/watcher/processing-watcher/graph/graph/$yb - Starting...
18:54:13.239 [worker-akka.actor.default-dispatcher-13] INFO  a.a.LocalActorRef akka://worker/user/watcher/processing-watcher/graph/graph/$zb - Starting...
18:54:13.239 [worker-akka.actor.default-dispatcher-13] INFO  a.a.LocalActorRef akka://worker/user/watcher/processing-watcher/graph/graph/$Ab - Starting...
18:54:13.239 [worker-akka.actor.default-dispatcher-11] INFO  a.a.LocalActorRef akka://worker/user/watcher/processing-watcher/graph/graph/$Bb - Starting...
18:54:13.240 [worker-akka.actor.default-dispatcher-11] INFO  a.a.LocalActorRef akka://worker/user/watcher/processing-watcher/graph/graph/$Cb - Starting...
18:54:13.242 [worker-akka.actor.default-dispatcher-11] INFO  a.a.LocalActorRef akka://worker/user/watcher/processing-watcher/graph/graph/$Db - Starting...
18:54:13.242 [worker-akka.actor.default-dispatcher-11] INFO  a.a.LocalActorRef akka://worker/user/watcher/processing-watcher/graph/graph/$Eb - Starting...
18:54:13.243 [worker-akka.actor.default-dispatcher-11] INFO  a.a.LocalActorRef akka://worker/user/watcher/processing-watcher/graph/graph/$Gb - Starting...
18:54:13.244 [worker-akka.actor.default-dispatcher-11] INFO  a.a.LocalActorRef akka://worker/user/watcher/processing-watcher/graph/graph/$Fb - Starting...
18:54:13.246 [worker-akka.actor.default-dispatcher-11] INFO  a.a.LocalActorRef akka://worker/user/watcher/processing-watcher/graph/graph/$Ib - Starting...
18:54:13.247 [worker-akka.actor.default-dispatcher-11] INFO  a.a.LocalActorRef akka://worker/user/watcher/processing-watcher/graph/graph/$Hb - Starting...
18:54:13.248 [worker-akka.actor.default-dispatcher-11] INFO  a.a.LocalActorRef akka://worker/user/watcher/processing-watcher/graph/graph/$Jb - Starting...
18:54:13.249 [worker-akka.actor.default-dispatcher-6] INFO  a.a.LocalActorRef akka://worker/user/watcher/processing-watcher/graph/graph/$Lb - Starting...
18:54:13.250 [worker-akka.actor.default-dispatcher-6] INFO  a.a.LocalActorRef akka://worker/user/watcher/processing-watcher/graph/graph/$Kb - Starting...
18:54:13.250 [worker-akka.actor.default-dispatcher-6] INFO  a.a.LocalActorRef akka://worker/user/watcher/processing-watcher/graph/graph/$Nb - Starting...
18:54:13.250 [worker-akka.actor.default-dispatcher-6] INFO  a.a.LocalActorRef akka://worker/user/watcher/processing-watcher/graph/graph/$Mb - Starting...
2019-09-28T18:54:24.665+0000: 35.645: [GC (Allocation Failure) 2019-09-28T18:54:24.665+0000: 35.645: [DefNew: 409600K->32212K(460800K), 0.0448385 secs] 435523K->58135K(1484800K), 0.0449280 secs] [Times: user=0.04 sys=0.00, real=0.04 secs] 
2019-09-28T18:54:34.639+0000: 45.618: [GC (Allocation Failure) 2019-09-28T18:54:34.639+0000: 45.618: [DefNew: 441812K->1138K(460800K), 0.0420208 secs] 467735K->55934K(1484800K), 0.0421063 secs] [Times: user=0.03 sys=0.01, real=0.04 secs] 
2019-09-28T18:54:41.433+0000: 52.412: [GC (Allocation Failure) 2019-09-28T18:54:41.433+0000: 52.412: [DefNew: 410738K->1304K(460800K), 0.0052863 secs] 465534K->56100K(1484800K), 0.0053953 secs] [Times: user=0.01 sys=0.00, real=0.01 secs] 
2019-09-28T18:54:46.836+0000: 57.815: [GC (Allocation Failure) 2019-09-28T18:54:46.836+0000: 57.815: [DefNew: 410904K->1454K(460800K), 0.0052786 secs] 465700K->56250K(1484800K), 0.0053726 secs] [Times: user=0.01 sys=0.00, real=0.00 secs] 
2019-09-28T18:54:54.093+0000: 65.073: [GC (Allocation Failure) 2019-09-28T18:54:54.093+0000: 65.073: [DefNew: 411054K->2064K(460800K), 0.0105648 secs] 465850K->56860K(1484800K), 0.0106562 secs] [Times: user=0.01 sys=0.00, real=0.00 secs] 
2019-09-28T18:55:01.267+0000: 72.246: [GC (Allocation Failure) 2019-09-28T18:55:01.267+0000: 72.246: [DefNew: 411664K->1742K(460800K), 0.0046974 secs] 466460K->56538K(1484800K), 0.0047816 secs] [Times: user=0.01 sys=0.00, real=0.00 secs] 
2019-09-28T18:55:08.419+0000: 79.398: [GC (Allocation Failure) 2019-09-28T18:55:08.419+0000: 79.398: [DefNew: 411342K->1786K(460800K), 0.0042450 secs] 466138K->56582K(1484800K), 0.0043397 secs] [Times: user=0.00 sys=0.00, real=0.00 secs] 
2019-09-28T18:55:15.716+0000: 86.695: [GC (Allocation Failure) 2019-09-28T18:55:15.716+0000: 86.695: [DefNew: 411386K->1781K(460800K), 0.0042660 secs] 466182K->56577K(1484800K), 0.0043493 secs] [Times: user=0.01 sys=0.00, real=0.00 secs] 
2019-09-28T18:55:22.923+0000: 93.902: [GC (Allocation Failure) 2019-09-28T18:55:22.923+0000: 93.902: [DefNew: 411381K->1743K(460800K), 0.0043166 secs] 466177K->56539K(1484800K), 0.0044112 secs] [Times: user=0.01 sys=0.00, real=0.01 secs] 
2019-09-28T18:55:30.630+0000: 101.610: [GC (Allocation Failure) 2019-09-28T18:55:30.630+0000: 101.610: [DefNew: 411343K->1735K(460800K), 0.0042911 secs] 466139K->56531K(1484800K), 0.0043793 secs] [Times: user=0.00 sys=0.00, real=0.01 secs] 
2019-09-28T18:55:37.861+0000: 108.840: [GC (Allocation Failure) 2019-09-28T18:55:37.861+0000: 108.840: [DefNew: 411335K->1744K(460800K), 0.0042964 secs] 466131K->56540K(1484800K), 0.0043961 secs] [Times: user=0.00 sys=0.00, real=0.00 secs] 
2019-09-28T18:55:45.004+0000: 115.983: [GC (Allocation Failure) 2019-09-28T18:55:45.004+0000: 115.983: [DefNew: 411344K->1737K(460800K), 0.0042697 secs] 466140K->56533K(1484800K), 0.0043549 secs] [Times: user=0.00 sys=0.00, real=0.01 secs] 
2019-09-28T18:55:52.484+0000: 123.463: [GC (Allocation Failure) 2019-09-28T18:55:52.484+0000: 123.463: [DefNew: 411337K->1891K(460800K), 0.0047020 secs] 466133K->56687K(1484800K), 0.0047863 secs] [Times: user=0.00 sys=0.00, real=0.01 secs] 
2019-09-28T18:55:59.359+0000: 130.338: [GC (Allocation Failure) 2019-09-28T18:55:59.359+0000: 130.338: [DefNew: 411491K->1795K(460800K), 0.0043657 secs] 466287K->56591K(1484800K), 0.0044455 secs] [Times: user=0.00 sys=0.00, real=0.00 secs] 
2019-09-28T18:56:07.110+0000: 138.089: [GC (Allocation Failure) 2019-09-28T18:56:07.110+0000: 138.089: [DefNew: 411395K->1803K(460800K), 0.0043801 secs] 466191K->56599K(1484800K), 0.0044673 secs] [Times: user=0.00 sys=0.00, real=0.01 secs] 
2019-09-28T18:56:14.396+0000: 145.376: [GC (Allocation Failure) 2019-09-28T18:56:14.396+0000: 145.376: [DefNew: 411403K->1828K(460800K), 0.0045265 secs] 466199K->56624K(1484800K), 0.0046117 secs] [Times: user=0.01 sys=0.00, real=0.00 secs] 
2019-09-28T18:56:21.593+0000: 152.572: [GC (Allocation Failure) 2019-09-28T18:56:21.593+0000: 152.572: [DefNew: 411428K->1610K(460800K), 0.0046409 secs] 466224K->56661K(1484800K), 0.0047192 secs] [Times: user=0.00 sys=0.00, real=0.00 secs] 
2019-09-28T18:56:29.410+0000: 160.389: [GC (Allocation Failure) 2019-09-28T18:56:29.410+0000: 160.389: [DefNew: 411210K->1403K(460800K), 0.0042540 secs] 466261K->56598K(1484800K), 0.0043379 secs] [Times: user=0.01 sys=0.00, real=0.01 secs] 
2019-09-28T18:56:36.766+0000: 167.745: [GC (Allocation Failure) 2019-09-28T18:56:36.766+0000: 167.745: [DefNew: 411003K->1379K(460800K), 0.0042339 secs] 466198K->56677K(1484800K), 0.0043182 secs] [Times: user=0.01 sys=0.00, real=0.00 secs] 
2019-09-28T18:56:44.037+0000: 175.016: [GC (Allocation Failure) 2019-09-28T18:56:44.037+0000: 175.016: [DefNew: 410979K->262K(460800K), 0.0046760 secs] 466277K->56653K(1484800K), 0.0047695 secs] [Times: user=0.01 sys=0.00, real=0.00 secs] 
2019-09-28T18:56:51.793+0000: 182.773: [GC (Allocation Failure) 2019-09-28T18:56:51.793+0000: 182.773: [DefNew: 409862K->228K(460800K), 0.0028138 secs] 466253K->56619K(1484800K), 0.0028937 secs] [Times: user=0.01 sys=0.00, real=0.00 secs] 
2019-09-28T18:56:59.086+0000: 190.065: [GC (Allocation Failure) 2019-09-28T18:56:59.086+0000: 190.065: [DefNew: 409828K->253K(460800K), 0.0025798 secs] 466219K->56646K(1484800K), 0.0026638 secs] [Times: user=0.00 sys=0.00, real=0.00 secs] 
2019-09-28T18:57:06.311+0000: 197.290: [GC (Allocation Failure) 2019-09-28T18:57:06.311+0000: 197.290: [DefNew: 409853K->246K(460800K), 0.0025662 secs] 466246K->56639K(1484800K), 0.0026441 secs] [Times: user=0.01 sys=0.00, real=0.01 secs] 
2019-09-28T18:57:14.015+0000: 204.994: [GC (Allocation Failure) 2019-09-28T18:57:14.015+0000: 204.994: [DefNew: 409846K->225K(460800K), 0.0026474 secs] 466239K->56618K(1484800K), 0.0027362 secs] [Times: user=0.00 sys=0.00, real=0.00 secs] 
2019-09-28T18:57:21.410+0000: 212.389: [GC (Allocation Failure) 2019-09-28T18:57:21.410+0000: 212.389: [DefNew: 409825K->258K(460800K), 0.0026807 secs] 466218K->56656K(1484800K), 0.0027745 secs] [Times: user=0.00 sys=0.00, real=0.00 secs] 
2019-09-28T18:57:28.674+0000: 219.653: [GC (Allocation Failure) 2019-09-28T18:57:28.674+0000: 219.653: [DefNew: 409858K->221K(460800K), 0.0026437 secs] 466256K->56619K(1484800K), 0.0027328 secs] [Times: user=0.01 sys=0.00, real=0.00 secs] 
2019-09-28T18:57:35.912+0000: 226.891: [GC (Allocation Failure) 2019-09-28T18:57:35.912+0000: 226.891: [DefNew: 409821K->258K(460800K), 0.0026596 secs] 466219K->56655K(1484800K), 0.0027519 secs] [Times: user=0.00 sys=0.00, real=0.01 secs] 
2019-09-28T18:57:43.733+0000: 234.712: [GC (Allocation Failure) 2019-09-28T18:57:43.733+0000: 234.712: [DefNew: 409858K->164K(460800K), 0.0027841 secs] 466255K->56619K(1484800K), 0.0028654 secs] [Times: user=0.00 sys=0.00, real=0.01 secs] 
2019-09-28T18:57:50.990+0000: 241.969: [GC (Allocation Failure) 2019-09-28T18:57:50.990+0000: 241.969: [DefNew: 409764K->186K(460800K), 0.0027751 secs] 466219K->56642K(1484800K), 0.0028530 secs] [Times: user=0.00 sys=0.00, real=0.00 secs] 
2019-09-28T18:57:58.234+0000: 249.213: [GC (Allocation Failure) 2019-09-28T18:57:58.234+0000: 249.213: [DefNew: 409786K->201K(460800K), 0.0027001 secs] 466242K->56657K(1484800K), 0.0027809 secs] [Times: user=0.01 sys=0.00, real=0.00 secs] 
2019-09-28T18:58:06.043+0000: 257.022: [GC (Allocation Failure) 2019-09-28T18:58:06.043+0000: 257.022: [DefNew: 409801K->216K(460800K), 0.0026999 secs] 466257K->56672K(1484800K), 0.0027958 secs] [Times: user=0.00 sys=0.00, real=0.01 secs] 
2019-09-28T18:58:13.313+0000: 264.292: [GC (Allocation Failure) 2019-09-28T18:58:13.313+0000: 264.292: [DefNew: 409816K->309K(460800K), 0.0026595 secs] 466272K->56765K(1484800K), 0.0027437 secs] [Times: user=0.00 sys=0.00, real=0.01 secs] 
2019-09-28T18:58:20.577+0000: 271.556: [GC (Allocation Failure) 2019-09-28T18:58:20.577+0000: 271.556: [DefNew: 409909K->216K(460800K), 0.0025772 secs] 466365K->56672K(1484800K), 0.0026581 secs] [Times: user=0.01 sys=0.00, real=0.00 secs] 
2019-09-28T18:58:28.415+0000: 279.394: [GC (Allocation Failure) 2019-09-28T18:58:28.415+0000: 279.394: [DefNew: 409816K->235K(460800K), 0.0026934 secs] 466272K->56691K(1484800K), 0.0027883 secs] [Times: user=0.00 sys=0.00, real=0.00 secs] 
2019-09-28T18:58:35.705+0000: 286.684: [GC (Allocation Failure) 2019-09-28T18:58:35.705+0000: 286.684: [DefNew: 409835K->201K(460800K), 0.0028446 secs] 466291K->56657K(1484800K), 0.0029285 secs] [Times: user=0.00 sys=0.00, real=0.00 secs] 
2019-09-28T18:58:42.929+0000: 293.908: [GC (Allocation Failure) 2019-09-28T18:58:42.929+0000: 293.908: [DefNew: 409801K->172K(460800K), 0.0027472 secs] 466257K->56655K(1484800K), 0.0028204 secs] [Times: user=0.00 sys=0.00, real=0.00 secs] 
2019-09-28T18:58:50.220+0000: 301.199: [GC (Allocation Failure) 2019-09-28T18:58:50.220+0000: 301.199: [DefNew: 409772K->174K(460800K), 0.0025898 secs] 466255K->56656K(1484800K), 0.0026751 secs] [Times: user=0.00 sys=0.00, real=0.00 secs] 
2019-09-28T18:58:57.913+0000: 308.892: [GC (Allocation Failure) 2019-09-28T18:58:57.913+0000: 308.892: [DefNew: 409774K->198K(460800K), 0.0027247 secs] 466256K->56681K(1484800K), 0.0028353 secs] [Times: user=0.00 sys=0.00, real=0.01 secs] 
2019-09-28T18:59:05.187+0000: 316.166: [GC (Allocation Failure) 2019-09-28T18:59:05.187+0000: 316.166: [DefNew: 409798K->233K(460800K), 0.0026980 secs] 466281K->56716K(1484800K), 0.0027773 secs] [Times: user=0.00 sys=0.00, real=0.00 secs] 
2019-09-28T18:59:12.432+0000: 323.411: [GC (Allocation Failure) 2019-09-28T18:59:12.432+0000: 323.411: [DefNew: 409833K->197K(460800K), 0.0025987 secs] 466316K->56680K(1484800K), 0.0026815 secs] [Times: user=0.00 sys=0.00, real=0.01 secs] 
2019-09-28T18:59:20.251+0000: 331.230: [GC (Allocation Failure) 2019-09-28T18:59:20.251+0000: 331.230: [DefNew: 409797K->231K(460800K), 0.0027066 secs] 466280K->56714K(1484800K), 0.0027909 secs] [Times: user=0.00 sys=0.00, real=0.01 secs] 
2019-09-28T18:59:27.567+0000: 338.547: [GC (Allocation Failure) 2019-09-28T18:59:27.568+0000: 338.547: [DefNew: 409831K->198K(460800K), 0.0027601 secs] 466314K->56681K(1484800K), 0.0028483 secs] [Times: user=0.00 sys=0.00, real=0.00 secs] 
2019-09-28T18:59:34.835+0000: 345.814: [GC (Allocation Failure) 2019-09-28T18:59:34.835+0000: 345.814: [DefNew: 409798K->199K(460800K), 0.0026678 secs] 466281K->56682K(1484800K), 0.0027491 secs] [Times: user=0.00 sys=0.00, real=0.00 secs] 
2019-09-28T18:59:42.592+0000: 353.571: [GC (Allocation Failure) 2019-09-28T18:59:42.592+0000: 353.571: [DefNew: 409799K->179K(460800K), 0.0027466 secs] 466282K->56682K(1484800K), 0.0028309 secs] [Times: user=0.00 sys=0.00, real=0.01 secs] 
2019-09-28T18:59:49.916+0000: 360.895: [GC (Allocation Failure) 2019-09-28T18:59:49.916+0000: 360.895: [DefNew: 409779K->165K(460800K), 0.0027830 secs] 466282K->56684K(1484800K), 0.0028859 secs] [Times: user=0.01 sys=0.00, real=0.00 secs] 
2019-09-28T18:59:57.108+0000: 368.087: [GC (Allocation Failure) 2019-09-28T18:59:57.108+0000: 368.087: [DefNew: 409765K->178K(460800K), 0.0027249 secs] 466284K->56697K(1484800K), 0.0028100 secs] [Times: user=0.00 sys=0.00, real=0.00 secs] 
2019-09-28T19:00:04.362+0000: 375.341: [GC (Allocation Failure) 2019-09-28T19:00:04.362+0000: 375.341: [DefNew: 409778K->213K(460800K), 0.0026630 secs] 466297K->56732K(1484800K), 0.0027509 secs] [Times: user=0.01 sys=0.00, real=0.00 secs] 
2019-09-28T19:00:12.134+0000: 383.113: [GC (Allocation Failure) 2019-09-28T19:00:12.134+0000: 383.113: [DefNew: 409813K->204K(460800K), 0.0025272 secs] 466332K->56723K(1484800K), 0.0026059 secs] [Times: user=0.00 sys=0.00, real=0.00 secs] 
2019-09-28T19:00:19.400+0000: 390.379: [GC (Allocation Failure) 2019-09-28T19:00:19.400+0000: 390.379: [DefNew: 409804K->186K(460800K), 0.0025414 secs] 466323K->56705K(1484800K), 0.0026097 secs] [Times: user=0.00 sys=0.00, real=0.00 secs] 
2019-09-28T19:00:26.641+0000: 397.620: [GC (Allocation Failure) 2019-09-28T19:00:26.641+0000: 397.620: [DefNew: 409786K->255K(460800K), 0.0027008 secs] 466305K->56774K(1484800K), 0.0027909 secs] [Times: user=0.01 sys=0.00, real=0.00 secs] 
2019-09-28T19:00:34.442+0000: 405.422: [GC (Allocation Failure) 2019-09-28T19:00:34.443+0000: 405.422: [DefNew: 409855K->177K(460800K), 0.0024595 secs] 466374K->56697K(1484800K), 0.0025409 secs] [Times: user=0.01 sys=0.00, real=0.00 secs] 
2019-09-28T19:00:41.710+0000: 412.690: [GC (Allocation Failure) 2019-09-28T19:00:41.711+0000: 412.690: [DefNew: 409777K->176K(460800K), 0.0026654 secs] 466297K->56697K(1484800K), 0.0027889 secs] [Times: user=0.00 sys=0.00, real=0.01 secs] 
2019-09-28T19:00:49.060+0000: 420.039: [GC (Allocation Failure) 2019-09-28T19:00:49.060+0000: 420.039: [DefNew: 409776K->237K(460800K), 0.0028893 secs] 466297K->56781K(1484800K), 0.0029586 secs] [Times: user=0.01 sys=0.00, real=0.00 secs] 
2019-09-28T19:00:56.161+0000: 427.140: [GC (Allocation Failure) 2019-09-28T19:00:56.161+0000: 427.140: [DefNew: 409837K->166K(460800K), 0.0026879 secs] 466381K->56710K(1484800K), 0.0027710 secs] [Times: user=0.00 sys=0.00, real=0.00 secs] 
2019-09-28T19:01:03.992+0000: 434.971: [GC (Allocation Failure) 2019-09-28T19:01:03.992+0000: 434.971: [DefNew: 409766K->170K(460800K), 0.0026096 secs] 466310K->56714K(1484800K), 0.0026914 secs] [Times: user=0.00 sys=0.00, real=0.01 secs] 
2019-09-28T19:01:11.297+0000: 442.276: [GC (Allocation Failure) 2019-09-28T19:01:11.297+0000: 442.276: [DefNew: 409770K->180K(460800K), 0.0026722 secs] 466314K->56724K(1484800K), 0.0027794 secs] [Times: user=0.00 sys=0.00, real=0.00 secs] 
2019-09-28T19:01:18.609+0000: 449.588: [GC (Allocation Failure) 2019-09-28T19:01:18.609+0000: 449.588: [DefNew: 409780K->227K(460800K), 0.0026859 secs] 466324K->56771K(1484800K), 0.0027633 secs] [Times: user=0.00 sys=0.00, real=0.00 secs] 
2019-09-28T19:01:26.318+0000: 457.297: [GC (Allocation Failure) 2019-09-28T19:01:26.318+0000: 457.297: [DefNew: 409827K->164K(460800K), 0.0025142 secs] 466371K->56709K(1484800K), 0.0026012 secs] [Times: user=0.00 sys=0.00, real=0.00 secs] 
19:01:31.922 [worker-akka.actor.default-dispatcher-13] INFO  a.r.a.Association(akka://worker) akka.remote.artery.Association(akka://worker) - Stopping idle outbound stream [2] to [akka://worker@flamestream-benchmarks-worker-0:5412]
2019-09-28T19:01:33.643+0000: 464.622: [GC (Allocation Failure) 2019-09-28T19:01:33.643+0000: 464.622: [DefNew: 409764K->301K(460800K), 0.0029654 secs] 466309K->56846K(1484800K), 0.0030515 secs] [Times: user=0.00 sys=0.00, real=0.01 secs] 
2019-09-28T19:01:40.825+0000: 471.804: [GC (Allocation Failure) 2019-09-28T19:01:40.825+0000: 471.804: [DefNew: 409901K->222K(460800K), 0.0029003 secs] 466446K->56770K(1484800K), 0.0029818 secs] [Times: user=0.01 sys=0.00, real=0.01 secs] 
2019-09-28T19:01:48.588+0000: 479.567: [GC (Allocation Failure) 2019-09-28T19:01:48.588+0000: 479.567: [DefNew: 409822K->213K(460800K), 0.0029522 secs] 466370K->56773K(1484800K), 0.0030397 secs] [Times: user=0.01 sys=0.00, real=0.00 secs] 
2019-09-28T19:01:55.780+0000: 486.759: [GC (Allocation Failure) 2019-09-28T19:01:55.780+0000: 486.759: [DefNew: 409813K->292K(460800K), 0.0030991 secs] 466373K->56851K(1484800K), 0.0031863 secs] [Times: user=0.00 sys=0.00, real=0.00 secs] 
2019-09-28T19:02:03.171+0000: 494.150: [GC (Allocation Failure) 2019-09-28T19:02:03.171+0000: 494.150: [DefNew: 409892K->235K(460800K), 0.0028510 secs] 466451K->56795K(1484800K), 0.0029506 secs] [Times: user=0.01 sys=0.00, real=0.01 secs] 
2019-09-28T19:02:10.988+0000: 501.967: [GC (Allocation Failure) 2019-09-28T19:02:10.988+0000: 501.967: [DefNew: 409835K->233K(460800K), 0.0028224 secs] 466395K->56793K(1484800K), 0.0029041 secs] [Times: user=0.01 sys=0.00, real=0.00 secs] 
2019-09-28T19:02:18.284+0000: 509.263: [GC (Allocation Failure) 2019-09-28T19:02:18.284+0000: 509.263: [DefNew: 409833K->240K(460800K), 0.0029247 secs] 466393K->56800K(1484800K), 0.0029949 secs] [Times: user=0.00 sys=0.00, real=0.01 secs] 
2019-09-28T19:02:25.508+0000: 516.488: [GC (Allocation Failure) 2019-09-28T19:02:25.508+0000: 516.488: [DefNew: 409840K->234K(460800K), 0.0028876 secs] 466400K->56794K(1484800K), 0.0029684 secs] [Times: user=0.01 sys=0.00, real=0.00 secs] 
2019-09-28T19:02:32.788+0000: 523.767: [GC (Allocation Failure) 2019-09-28T19:02:32.788+0000: 523.767: [DefNew: 409834K->263K(460800K), 0.0029417 secs] 466394K->56824K(1484800K), 0.0030379 secs] [Times: user=0.00 sys=0.00, real=0.00 secs] 
2019-09-28T19:02:40.552+0000: 531.531: [GC (Allocation Failure) 2019-09-28T19:02:40.552+0000: 531.531: [DefNew: 409863K->232K(460800K), 0.0028842 secs] 466424K->56793K(1484800K), 0.0029705 secs] [Times: user=0.00 sys=0.00, real=0.01 secs] 
2019-09-28T19:02:47.830+0000: 538.809: [GC (Allocation Failure) 2019-09-28T19:02:47.830+0000: 538.809: [DefNew: 409832K->222K(460800K), 0.0028234 secs] 466393K->56794K(1484800K), 0.0029034 secs] [Times: user=0.00 sys=0.00, real=0.00 secs] 
2019-09-28T19:02:55.020+0000: 545.999: [GC (Allocation Failure) 2019-09-28T19:02:55.020+0000: 545.999: [DefNew: 409822K->273K(460800K), 0.0031641 secs] 466394K->56845K(1484800K), 0.0032430 secs] [Times: user=0.01 sys=0.00, real=0.00 secs] 
2019-09-28T19:03:02.925+0000: 553.904: [GC (Allocation Failure) 2019-09-28T19:03:02.925+0000: 553.905: [DefNew: 409873K->292K(460800K), 0.0028613 secs] 466445K->56865K(1484800K), 0.0029461 secs] [Times: user=0.01 sys=0.00, real=0.00 secs] 
2019-09-28T19:03:10.248+0000: 561.227: [GC (Allocation Failure) 2019-09-28T19:03:10.248+0000: 561.227: [DefNew: 409892K->234K(460800K), 0.0028039 secs] 466465K->56806K(1484800K), 0.0028885 secs] [Times: user=0.00 sys=0.00, real=0.00 secs] 
2019-09-28T19:03:17.405+0000: 568.384: [GC (Allocation Failure) 2019-09-28T19:03:17.405+0000: 568.384: [DefNew: 409834K->311K(460800K), 0.0029423 secs] 466406K->56883K(1484800K), 0.0030168 secs] [Times: user=0.00 sys=0.00, real=0.01 secs] 
2019-09-28T19:03:25.254+0000: 576.233: [GC (Allocation Failure) 2019-09-28T19:03:25.254+0000: 576.233: [DefNew: 409911K->188K(460800K), 0.0030531 secs] 466483K->56808K(1484800K), 0.0031410 secs] [Times: user=0.00 sys=0.00, real=0.00 secs] 
2019-09-28T19:03:32.533+0000: 583.513: [GC (Allocation Failure) 2019-09-28T19:03:32.533+0000: 583.513: [DefNew: 409788K->257K(460800K), 0.0027953 secs] 466408K->56887K(1484800K), 0.0028798 secs] [Times: user=0.00 sys=0.00, real=0.00 secs] 
2019-09-28T19:03:39.791+0000: 590.770: [GC (Allocation Failure) 2019-09-28T19:03:39.791+0000: 590.770: [DefNew: 409857K->170K(460800K), 0.0026849 secs] 466487K->56807K(1484800K), 0.0027756 secs] [Times: user=0.01 sys=0.00, real=0.01 secs] 
2019-09-28T19:03:47.528+0000: 598.507: [GC (Allocation Failure) 2019-09-28T19:03:47.528+0000: 598.507: [DefNew: 409770K->153K(460800K), 0.0025843 secs] 466407K->56809K(1484800K), 0.0026663 secs] [Times: user=0.00 sys=0.00, real=0.00 secs] 
2019-09-28T19:03:54.843+0000: 605.822: [GC (Allocation Failure) 2019-09-28T19:03:54.843+0000: 605.822: [DefNew: 409753K->197K(460800K), 0.0027144 secs] 466409K->56854K(1484800K), 0.0027971 secs] [Times: user=0.01 sys=0.00, real=0.01 secs] 
2019-09-28T19:04:02.137+0000: 613.116: [GC (Allocation Failure) 2019-09-28T19:04:02.137+0000: 613.116: [DefNew: 409797K->161K(460800K), 0.0025188 secs] 466454K->56818K(1484800K), 0.0026045 secs] [Times: user=0.00 sys=0.00, real=0.00 secs] 
2019-09-28T19:04:09.358+0000: 620.337: [GC (Allocation Failure) 2019-09-28T19:04:09.358+0000: 620.337: [DefNew: 409761K->197K(460800K), 0.0026360 secs] 466418K->56854K(1484800K), 0.0027245 secs] [Times: user=0.00 sys=0.00, real=0.00 secs] 
2019-09-28T19:04:17.178+0000: 628.157: [GC (Allocation Failure) 2019-09-28T19:04:17.178+0000: 628.157: [DefNew: 409797K->189K(460800K), 0.0026041 secs] 466454K->56845K(1484800K), 0.0027635 secs] [Times: user=0.01 sys=0.00, real=0.00 secs] 
2019-09-28T19:04:24.461+0000: 635.440: [GC (Allocation Failure) 2019-09-28T19:04:24.461+0000: 635.440: [DefNew: 409789K->162K(460800K), 0.0025248 secs] 466445K->56819K(1484800K), 0.0026222 secs] [Times: user=0.00 sys=0.00, real=0.00 secs] 
2019-09-28T19:04:31.700+0000: 642.680: [GC (Allocation Failure) 2019-09-28T19:04:31.700+0000: 642.680: [DefNew: 409762K->200K(460800K), 0.0026304 secs] 466419K->56857K(1484800K), 0.0027123 secs] [Times: user=0.01 sys=0.00, real=0.00 secs] 
2019-09-28T19:04:39.487+0000: 650.466: [GC (Allocation Failure) 2019-09-28T19:04:39.487+0000: 650.466: [DefNew: 409800K->162K(460800K), 0.0026289 secs] 466457K->56819K(1484800K), 0.0027126 secs] [Times: user=0.00 sys=0.00, real=0.00 secs] 
2019-09-28T19:04:46.761+0000: 657.740: [GC (Allocation Failure) 2019-09-28T19:04:46.761+0000: 657.740: [DefNew: 409762K->151K(460800K), 0.0025594 secs] 466419K->56821K(1484800K), 0.0026465 secs] [Times: user=0.00 sys=0.00, real=0.00 secs] 
2019-09-28T19:04:53.953+0000: 664.932: [GC (Allocation Failure) 2019-09-28T19:04:53.953+0000: 664.932: [DefNew: 409751K->160K(460800K), 0.0027212 secs] 466421K->56830K(1484800K), 0.0028044 secs] [Times: user=0.00 sys=0.00, real=0.01 secs] 
2019-09-28T19:05:01.997+0000: 672.976: [GC (Allocation Failure) 2019-09-28T19:05:01.997+0000: 672.976: [DefNew: 409760K->161K(460800K), 0.0028775 secs] 466430K->56832K(1484800K), 0.0029643 secs] [Times: user=0.00 sys=0.00, real=0.00 secs] 
2019-09-28T19:05:09.246+0000: 680.225: [GC (Allocation Failure) 2019-09-28T19:05:09.246+0000: 680.225: [DefNew: 409761K->191K(460800K), 0.0026966 secs] 466432K->56862K(1484800K), 0.0027902 secs] [Times: user=0.00 sys=0.00, real=0.00 secs] 
2019-09-28T19:05:16.560+0000: 687.539: [GC (Allocation Failure) 2019-09-28T19:05:16.560+0000: 687.539: [DefNew: 409791K->160K(460800K), 0.0025795 secs] 466462K->56830K(1484800K), 0.0026658 secs] [Times: user=0.00 sys=0.00, real=0.00 secs] 
2019-09-28T19:05:24.340+0000: 695.319: [GC (Allocation Failure) 2019-09-28T19:05:24.340+0000: 695.319: [DefNew: 409760K->209K(460800K), 0.0026499 secs] 466430K->56879K(1484800K), 0.0027355 secs] [Times: user=0.00 sys=0.00, real=0.00 secs] 
2019-09-28T19:05:31.619+0000: 702.598: [GC (Allocation Failure) 2019-09-28T19:05:31.619+0000: 702.598: [DefNew: 409809K->189K(460800K), 0.0027704 secs] 466479K->56859K(1484800K), 0.0028474 secs] [Times: user=0.00 sys=0.00, real=0.00 secs] 
2019-09-28T19:05:38.857+0000: 709.836: [GC (Allocation Failure) 2019-09-28T19:05:38.857+0000: 709.836: [DefNew: 409789K->196K(460800K), 0.0028604 secs] 466459K->56867K(1484800K), 0.0029413 secs] [Times: user=0.00 sys=0.00, real=0.00 secs] 
2019-09-28T19:05:46.711+0000: 717.690: [GC (Allocation Failure) 2019-09-28T19:05:46.711+0000: 717.690: [DefNew: 409796K->149K(460800K), 0.0026366 secs] 466467K->56831K(1484800K), 0.0027305 secs] [Times: user=0.01 sys=0.00, real=0.01 secs] 
2019-09-28T19:05:53.958+0000: 724.937: [GC (Allocation Failure) 2019-09-28T19:05:53.958+0000: 724.937: [DefNew: 409749K->164K(460800K), 0.0026769 secs] 466431K->56846K(1484800K), 0.0027690 secs] [Times: user=0.00 sys=0.00, real=0.00 secs] 
2019-09-28T19:06:01.223+0000: 732.202: [GC (Allocation Failure) 2019-09-28T19:06:01.223+0000: 732.202: [DefNew: 409764K->223K(460800K), 0.0026408 secs] 466446K->56905K(1484800K), 0.0027166 secs] [Times: user=0.00 sys=0.00, real=0.01 secs] 
2019-09-28T19:06:09.016+0000: 739.995: [GC (Allocation Failure) 2019-09-28T19:06:09.016+0000: 739.995: [DefNew: 409823K->174K(460800K), 0.0026293 secs] 466505K->56857K(1484800K), 0.0027142 secs] [Times: user=0.00 sys=0.00, real=0.00 secs] 
2019-09-28T19:06:16.300+0000: 747.279: [GC (Allocation Failure) 2019-09-28T19:06:16.300+0000: 747.279: [DefNew: 409774K->199K(460800K), 0.0026618 secs] 466457K->56881K(1484800K), 0.0027426 secs] [Times: user=0.00 sys=0.00, real=0.00 secs] 
2019-09-28T19:06:23.585+0000: 754.564: [GC (Allocation Failure) 2019-09-28T19:06:23.585+0000: 754.564: [DefNew: 409799K->163K(460800K), 0.0024558 secs] 466481K->56846K(1484800K), 0.0025511 secs] [Times: user=0.00 sys=0.00, real=0.01 secs] 
2019-09-28T19:06:31.375+0000: 762.354: [GC (Allocation Failure) 2019-09-28T19:06:31.375+0000: 762.354: [DefNew: 409763K->177K(460800K), 0.0025710 secs] 466446K->56860K(1484800K), 0.0026537 secs] [Times: user=0.00 sys=0.00, real=0.00 secs] 
2019-09-28T19:06:38.631+0000: 769.610: [GC (Allocation Failure) 2019-09-28T19:06:38.631+0000: 769.610: [DefNew: 409777K->350K(460800K), 0.0026798 secs] 466460K->57033K(1484800K), 0.0027586 secs] [Times: user=0.00 sys=0.00, real=0.01 secs] 
2019-09-28T19:06:45.879+0000: 776.858: [GC (Allocation Failure) 2019-09-28T19:06:45.879+0000: 776.858: [DefNew: 409950K->282K(460800K), 0.0027793 secs] 466633K->56977K(1484800K), 0.0028850 secs] [Times: user=0.00 sys=0.00, real=0.00 secs] 
2019-09-28T19:06:53.059+0000: 784.038: [GC (Allocation Failure) 2019-09-28T19:06:53.059+0000: 784.038: [DefNew: 409882K->361K(460800K), 0.0028283 secs] 466577K->57055K(1484800K), 0.0029218 secs] [Times: user=0.00 sys=0.00, real=0.00 secs] 
2019-09-28T19:07:00.903+0000: 791.882: [GC (Allocation Failure) 2019-09-28T19:07:00.903+0000: 791.882: [DefNew: 409961K->298K(460800K), 0.0025987 secs] 466655K->56992K(1484800K), 0.0026717 secs] [Times: user=0.01 sys=0.00, real=0.01 secs] 
2019-09-28T19:07:08.177+0000: 799.156: [GC (Allocation Failure) 2019-09-28T19:07:08.177+0000: 799.156: [DefNew: 409898K->298K(460800K), 0.0027397 secs] 466592K->56992K(1484800K), 0.0028246 secs] [Times: user=0.00 sys=0.00, real=0.00 secs] 
2019-09-28T19:07:15.429+0000: 806.408: [GC (Allocation Failure) 2019-09-28T19:07:15.429+0000: 806.408: [DefNew: 409898K->298K(460800K), 0.0026177 secs] 466592K->56993K(1484800K), 0.0027060 secs] [Times: user=0.00 sys=0.00, real=0.00 secs] 
2019-09-28T19:07:23.212+0000: 814.191: [GC (Allocation Failure) 2019-09-28T19:07:23.212+0000: 814.191: [DefNew: 409898K->298K(460800K), 0.0027281 secs] 466593K->56993K(1484800K), 0.0028256 secs] [Times: user=0.00 sys=0.00, real=0.01 secs] 
2019-09-28T19:07:30.481+0000: 821.460: [GC (Allocation Failure) 2019-09-28T19:07:30.481+0000: 821.460: [DefNew: 409898K->304K(460800K), 0.0027220 secs] 466593K->56998K(1484800K), 0.0028200 secs] [Times: user=0.00 sys=0.00, real=0.00 secs] 
2019-09-28T19:07:37.751+0000: 828.731: [GC (Allocation Failure) 2019-09-28T19:07:37.752+0000: 828.731: [DefNew: 409904K->351K(460800K), 0.0028234 secs] 466598K->57046K(1484800K), 0.0029051 secs] [Times: user=0.00 sys=0.00, real=0.01 secs] 
2019-09-28T19:07:45.039+0000: 836.018: [GC (Allocation Failure) 2019-09-28T19:07:45.039+0000: 836.018: [DefNew: 409951K->293K(460800K), 0.0026803 secs] 466646K->57003K(1484800K), 0.0027593 secs] [Times: user=0.00 sys=0.00, real=0.00 secs] 
2019-09-28T19:07:52.757+0000: 843.736: [GC (Allocation Failure) 2019-09-28T19:07:52.757+0000: 843.736: [DefNew: 409893K->313K(460800K), 0.0028470 secs] 466603K->57023K(1484800K), 0.0029323 secs] [Times: user=0.00 sys=0.00, real=0.00 secs] 
2019-09-28T19:08:00.009+0000: 850.988: [GC (Allocation Failure) 2019-09-28T19:08:00.009+0000: 850.988: [DefNew: 409913K->309K(460800K), 0.0025811 secs] 466623K->57019K(1484800K), 0.0026766 secs] [Times: user=0.00 sys=0.00, real=0.00 secs] 
2019-09-28T19:08:07.175+0000: 858.154: [GC (Allocation Failure) 2019-09-28T19:08:07.175+0000: 858.154: [DefNew: 409909K->325K(460800K), 0.0026262 secs] 466619K->57035K(1484800K), 0.0027075 secs] [Times: user=0.00 sys=0.00, real=0.00 secs] 
2019-09-28T19:08:15.032+0000: 866.011: [GC (Allocation Failure) 2019-09-28T19:08:15.032+0000: 866.011: [DefNew: 409925K->293K(460800K), 0.0026252 secs] 466635K->57003K(1484800K), 0.0027103 secs] [Times: user=0.01 sys=0.00, real=0.01 secs] 
2019-09-28T19:08:22.316+0000: 873.295: [GC (Allocation Failure) 2019-09-28T19:08:22.316+0000: 873.295: [DefNew: 409893K->329K(460800K), 0.0027783 secs] 466603K->57040K(1484800K), 0.0028591 secs] [Times: user=0.00 sys=0.00, real=0.00 secs] 
2019-09-28T19:08:29.616+0000: 880.595: [GC (Allocation Failure) 2019-09-28T19:08:29.616+0000: 880.595: [DefNew: 409929K->246K(460800K), 0.0028505 secs] 466640K->57087K(1484800K), 0.0029293 secs] [Times: user=0.01 sys=0.00, real=0.00 secs] 
2019-09-28T19:08:37.434+0000: 888.413: [GC (Allocation Failure) 2019-09-28T19:08:37.434+0000: 888.413: [DefNew: 409846K->162K(460800K), 0.0025184 secs] 466687K->57002K(1484800K), 0.0025952 secs] [Times: user=0.00 sys=0.01, real=0.00 secs] 
2019-09-28T19:08:44.720+0000: 895.699: [GC (Allocation Failure) 2019-09-28T19:08:44.720+0000: 895.699: [DefNew: 409762K->212K(460800K), 0.0026865 secs] 466602K->57067K(1484800K), 0.0027680 secs] [Times: user=0.00 sys=0.00, real=0.00 secs] 
2019-09-28T19:08:51.895+0000: 902.875: [GC (Allocation Failure) 2019-09-28T19:08:51.895+0000: 902.875: [DefNew: 409812K->254K(460800K), 0.0028787 secs] 466667K->57109K(1484800K), 0.0029610 secs] [Times: user=0.01 sys=0.00, real=0.00 secs] 
2019-09-28T19:08:59.086+0000: 910.065: [GC (Allocation Failure) 2019-09-28T19:08:59.086+0000: 910.065: [DefNew: 409854K->212K(460800K), 0.0027985 secs] 466709K->57068K(1484800K), 0.0028832 secs] [Times: user=0.00 sys=0.00, real=0.00 secs] 
2019-09-28T19:09:06.896+0000: 917.875: [GC (Allocation Failure) 2019-09-28T19:09:06.896+0000: 917.875: [DefNew: 409812K->156K(460800K), 0.0024945 secs] 466668K->57011K(1484800K), 0.0025683 secs] [Times: user=0.00 sys=0.00, real=0.00 secs] 
2019-09-28T19:09:14.154+0000: 925.133: [GC (Allocation Failure) 2019-09-28T19:09:14.154+0000: 925.133: [DefNew: 409756K->156K(460800K), 0.0026571 secs] 466611K->57011K(1484800K), 0.0027565 secs] [Times: user=0.01 sys=0.00, real=0.00 secs] 
2019-09-28T19:09:21.423+0000: 932.402: [GC (Allocation Failure) 2019-09-28T19:09:21.423+0000: 932.402: [DefNew: 409756K->238K(460800K), 0.0026890 secs] 466611K->57094K(1484800K), 0.0027739 secs] [Times: user=0.00 sys=0.00, real=0.01 secs] 
2019-09-28T19:09:29.194+0000: 940.173: [GC (Allocation Failure) 2019-09-28T19:09:29.194+0000: 940.173: [DefNew: 409838K->208K(460800K), 0.0026623 secs] 466694K->57063K(1484800K), 0.0027485 secs] [Times: user=0.00 sys=0.00, real=0.00 secs] 
2019-09-28T19:09:36.502+0000: 947.482: [GC (Allocation Failure) 2019-09-28T19:09:36.503+0000: 947.482: [DefNew: 409808K->215K(460800K), 0.0026896 secs] 466663K->57070K(1484800K), 0.0027738 secs] [Times: user=0.00 sys=0.00, real=0.01 secs] 
2019-09-28T19:09:43.705+0000: 954.684: [GC (Allocation Failure) 2019-09-28T19:09:43.705+0000: 954.684: [DefNew: 409815K->191K(460800K), 0.0026638 secs] 466670K->57056K(1484800K), 0.0027467 secs] [Times: user=0.01 sys=0.00, real=0.01 secs] 
2019-09-28T19:09:51.027+0000: 962.006: [GC (Allocation Failure) 2019-09-28T19:09:51.027+0000: 962.006: [DefNew: 409791K->148K(460800K), 0.0026625 secs] 466656K->57013K(1484800K), 0.0027499 secs] [Times: user=0.00 sys=0.00, real=0.00 secs] 
2019-09-28T19:09:58.759+0000: 969.739: [GC (Allocation Failure) 2019-09-28T19:09:58.759+0000: 969.739: [DefNew: 409748K->217K(460800K), 0.0028233 secs] 466613K->57082K(1484800K), 0.0029139 secs] [Times: user=0.00 sys=0.00, real=0.00 secs] 
2019-09-28T19:10:06.102+0000: 977.081: [GC (Allocation Failure) 2019-09-28T19:10:06.102+0000: 977.081: [DefNew: 409817K->196K(460800K), 0.0026130 secs] 466682K->57061K(1484800K), 0.0026964 secs] [Times: user=0.01 sys=0.00, real=0.00 secs] 
2019-09-28T19:10:13.326+0000: 984.305: [GC (Allocation Failure) 2019-09-28T19:10:13.326+0000: 984.305: [DefNew: 409796K->155K(460800K), 0.0024781 secs] 466661K->57021K(1484800K), 0.0025636 secs] [Times: user=0.01 sys=0.01, real=0.00 secs] 
2019-09-28T19:10:21.162+0000: 992.141: [GC (Allocation Failure) 2019-09-28T19:10:21.162+0000: 992.141: [DefNew: 409755K->156K(460800K), 0.0024293 secs] 466621K->57021K(1484800K), 0.0025061 secs] [Times: user=0.00 sys=0.01, real=0.00 secs] 
2019-09-28T19:10:28.451+0000: 999.430: [GC (Allocation Failure) 2019-09-28T19:10:28.451+0000: 999.430: [DefNew: 409756K->155K(460800K), 0.0024985 secs] 466621K->57020K(1484800K), 0.0025792 secs] [Times: user=0.00 sys=0.00, real=0.01 secs] 
2019-09-28T19:10:35.699+0000: 1006.678: [GC (Allocation Failure) 2019-09-28T19:10:35.699+0000: 1006.678: [DefNew: 409755K->190K(460800K), 0.0028105 secs] 466620K->57055K(1484800K), 0.0029190 secs] [Times: user=0.01 sys=0.00, real=0.00 secs] 
2019-09-28T19:10:43.494+0000: 1014.474: [GC (Allocation Failure) 2019-09-28T19:10:43.494+0000: 1014.474: [DefNew: 409790K->148K(460800K), 0.0025158 secs] 466655K->57021K(1484800K), 0.0026035 secs] [Times: user=0.00 sys=0.00, real=0.00 secs] 
2019-09-28T19:10:50.793+0000: 1021.772: [GC (Allocation Failure) 2019-09-28T19:10:50.793+0000: 1021.772: [DefNew: 409748K->213K(460800K), 0.0027680 secs] 466621K->57088K(1484800K), 0.0028428 secs] [Times: user=0.00 sys=0.00, real=0.00 secs] 
19:10:55.518 [Client] INFO  c.s.f.r.e.s.SocketRear  - FlameSocketGraphDeployerRear@flamestream-benchmarks-worker-13: has been disconnected from Connection 12
19:10:55.524 [Client] INFO  c.s.f.r.e.s.SocketFront  - FlameSocketGraphDeployerFront@flamestream-benchmarks-worker-13 has been disconnected from Connection 12
19:11:14.762 [worker-akka.actor.default-dispatcher-11] INFO  a.r.a.Association(akka://worker) akka.remote.artery.Association(akka://worker) - Association to [akka://worker@flamestream-benchmarks-worker-0:5412] having UID [8671737266674996310] has been stopped. All messages to this UID will be delivered to dead letters. Reason: ActorSystem terminated
19:11:14.769 [worker-akka.actor.default-dispatcher-11] INFO  a.r.a.Association(akka://worker) akka.remote.artery.Association(akka://worker) - Association to [akka://worker@flamestream-benchmarks-worker-2:5412] having UID [-1357220282590935731] has been stopped. All messages to this UID will be delivered to dead letters. Reason: ActorSystem terminated
19:11:14.801 [worker-akka.actor.default-dispatcher-11] INFO  a.r.a.Association(akka://worker) akka.remote.artery.Association(akka://worker) - Association to [akka://worker@flamestream-benchmarks-worker-1:5412] having UID [9003752637410361599] has been stopped. All messages to this UID will be delivered to dead letters. Reason: ActorSystem terminated
19:11:15.031 [worker-akka.actor.default-dispatcher-11] INFO  a.r.a.Association(akka://worker) akka.remote.artery.Association(akka://worker) - Association to [akka://worker@flamestream-benchmarks-worker-3:5412] having UID [2415480863962131759] has been stopped. All messages to this UID will be delivered to dead letters. Reason: ActorSystem terminated
19:11:15.081 [worker-akka.actor.default-dispatcher-11] INFO  a.r.a.Association(akka://worker) akka.remote.artery.Association(akka://worker) - Association to [akka://worker@flamestream-benchmarks-worker-4:5412] having UID [1738623144942720681] has been stopped. All messages to this UID will be delivered to dead letters. Reason: ActorSystem terminated
19:11:15.631 [worker-akka.actor.default-dispatcher-11] INFO  a.r.a.Association(akka://worker) akka.remote.artery.Association(akka://worker) - Association to [akka://worker@flamestream-benchmarks-worker-5:5412] having UID [4535857925252804459] has been stopped. All messages to this UID will be delivered to dead letters. Reason: ActorSystem terminated
19:11:15.745 [worker-akka.actor.default-dispatcher-10] INFO  a.r.a.Association(akka://worker) akka.remote.artery.Association(akka://worker) - Association to [akka://worker@flamestream-benchmarks-worker-6:5412] having UID [-6933879671519471457] has been stopped. All messages to this UID will be delivered to dead letters. Reason: ActorSystem terminated
19:11:15.746 [worker-akka.actor.default-dispatcher-10] INFO  a.a.LocalActorRef akka://worker/user/watcher/processing-watcher/graph/edge/FlameSocketGraphDeployerRear - Stopped
19:11:15.771 [worker-akka.actor.default-dispatcher-10] INFO  a.a.LocalActorRef akka://worker/user/watcher/processing-watcher/graph/negotiator - Stopped
19:11:15.771 [worker-akka.actor.default-dispatcher-10] INFO  a.a.LocalActorRef akka://worker/user/watcher/processing-watcher/graph/edge/FlameSocketGraphDeployerFront - Stopped
19:11:15.771 [worker-akka.actor.default-dispatcher-10] INFO  a.a.LocalActorRef akka://worker/user/watcher/processing-watcher/graph/edge - Stopped
19:11:15.775 [worker-akka.actor.default-dispatcher-20] INFO  a.a.LocalActorRef akka://worker/user/watcher/processing-watcher/graph/graph/$+ - Stopped
19:11:15.780 [worker-akka.actor.default-dispatcher-20] INFO  a.a.LocalActorRef akka://worker/user/watcher/processing-watcher/graph/graph/$0 - Stopped
19:11:15.781 [worker-akka.actor.default-dispatcher-20] INFO  a.a.LocalActorRef akka://worker/user/watcher/processing-watcher/graph/graph/$1 - Stopped
19:11:15.781 [worker-akka.actor.default-dispatcher-20] INFO  a.a.LocalActorRef akka://worker/user/watcher/processing-watcher/graph/graph/$2 - Stopped
19:11:15.781 [worker-akka.actor.default-dispatcher-20] INFO  a.a.LocalActorRef akka://worker/user/watcher/processing-watcher/graph/graph/$3 - Stopped
19:11:15.781 [worker-akka.actor.default-dispatcher-10] INFO  a.a.LocalActorRef akka://worker/user/watcher/processing-watcher/graph/graph/$4 - Stopped
19:11:15.781 [worker-akka.actor.default-dispatcher-10] INFO  a.a.LocalActorRef akka://worker/user/watcher/processing-watcher/graph/graph/$5 - Stopped
19:11:15.781 [worker-akka.actor.default-dispatcher-10] INFO  a.a.LocalActorRef akka://worker/user/watcher/processing-watcher/graph/graph/$6 - Stopped
19:11:15.781 [worker-akka.actor.default-dispatcher-10] INFO  a.a.LocalActorRef akka://worker/user/watcher/processing-watcher/graph/graph/$7 - Stopped
19:11:15.781 [worker-akka.actor.default-dispatcher-10] INFO  a.a.LocalActorRef akka://worker/user/watcher/processing-watcher/graph/graph/$8 - Stopped
19:11:15.781 [worker-akka.actor.default-dispatcher-10] INFO  a.a.LocalActorRef akka://worker/user/watcher/processing-watcher/graph/graph/$9 - Stopped
19:11:15.787 [worker-akka.actor.default-dispatcher-20] INFO  a.a.LocalActorRef akka://worker/user/watcher/processing-watcher/graph/graph/$A - Stopped
19:11:15.787 [worker-akka.actor.default-dispatcher-20] INFO  a.a.LocalActorRef akka://worker/user/watcher/processing-watcher/graph/graph/$Ab - Stopped
19:11:15.787 [worker-akka.actor.default-dispatcher-20] INFO  a.a.LocalActorRef akka://worker/user/watcher/processing-watcher/graph/graph/$B - Stopped
19:11:15.787 [worker-akka.actor.default-dispatcher-20] INFO  a.a.LocalActorRef akka://worker/user/watcher/processing-watcher/graph/graph/$Bb - Stopped
19:11:15.787 [worker-akka.actor.default-dispatcher-20] INFO  a.a.LocalActorRef akka://worker/user/watcher/processing-watcher/graph/graph/$C - Stopped
19:11:15.787 [worker-akka.actor.default-dispatcher-19] INFO  a.a.LocalActorRef akka://worker/user/watcher/processing-watcher/graph/graph/$Cb - Stopped
19:11:15.788 [worker-akka.actor.default-dispatcher-19] INFO  a.a.LocalActorRef akka://worker/user/watcher/processing-watcher/graph/graph/$D - Stopped
19:11:15.792 [worker-akka.actor.default-dispatcher-20] INFO  a.a.LocalActorRef akka://worker/user/watcher/processing-watcher/graph/graph/$Db - Stopped
19:11:15.793 [worker-akka.actor.default-dispatcher-20] INFO  a.a.LocalActorRef akka://worker/user/watcher/processing-watcher/graph/graph/$E - Stopped
19:11:15.793 [worker-akka.actor.default-dispatcher-20] INFO  a.a.LocalActorRef akka://worker/user/watcher/processing-watcher/graph/graph/$Eb - Stopped
19:11:15.793 [worker-akka.actor.default-dispatcher-20] INFO  a.a.LocalActorRef akka://worker/user/watcher/processing-watcher/graph/graph/$F - Stopped
19:11:15.793 [worker-akka.actor.default-dispatcher-20] INFO  a.a.LocalActorRef akka://worker/user/watcher/processing-watcher/graph/graph/$Fb - Stopped
19:11:15.796 [worker-akka.actor.default-dispatcher-20] INFO  a.a.LocalActorRef akka://worker/user/watcher/processing-watcher/graph/graph/$G - Stopped
19:11:15.797 [worker-akka.actor.default-dispatcher-20] INFO  a.a.LocalActorRef akka://worker/user/watcher/processing-watcher/graph/graph/$Gb - Stopped
19:11:15.798 [worker-akka.actor.default-dispatcher-20] INFO  a.a.LocalActorRef akka://worker/user/watcher/processing-watcher/graph/graph/$H - Stopped
19:11:15.798 [worker-akka.actor.default-dispatcher-20] INFO  a.a.LocalActorRef akka://worker/user/watcher/processing-watcher/graph/graph/$Hb - Stopped
19:11:15.799 [worker-akka.actor.default-dispatcher-20] INFO  a.a.LocalActorRef akka://worker/user/watcher/processing-watcher/graph/graph/$I - Stopped
19:11:15.801 [worker-akka.actor.default-dispatcher-20] INFO  a.a.LocalActorRef akka://worker/user/watcher/processing-watcher/graph/graph/$Ib - Stopped
19:11:15.801 [worker-akka.actor.default-dispatcher-20] INFO  a.a.LocalActorRef akka://worker/user/watcher/processing-watcher/graph/graph/$J - Stopped
19:11:15.802 [worker-akka.actor.default-dispatcher-20] INFO  a.a.LocalActorRef akka://worker/user/watcher/processing-watcher/graph/graph/$Jb - Stopped
19:11:15.802 [worker-akka.actor.default-dispatcher-20] INFO  a.a.LocalActorRef akka://worker/user/watcher/processing-watcher/graph/graph/$K - Stopped
19:11:15.803 [worker-akka.actor.default-dispatcher-20] INFO  a.a.LocalActorRef akka://worker/user/watcher/processing-watcher/graph/graph/$Kb - Stopped
19:11:15.803 [worker-akka.actor.default-dispatcher-20] INFO  a.a.LocalActorRef akka://worker/user/watcher/processing-watcher/graph/graph/$L - Stopped
19:11:15.804 [worker-akka.actor.default-dispatcher-20] INFO  a.a.LocalActorRef akka://worker/user/watcher/processing-watcher/graph/graph/$Lb - Stopped
19:11:15.805 [worker-akka.actor.default-dispatcher-20] INFO  a.a.LocalActorRef akka://worker/user/watcher/processing-watcher/graph/graph/$M - Stopped
19:11:15.806 [worker-akka.actor.default-dispatcher-20] INFO  a.a.LocalActorRef akka://worker/user/watcher/processing-watcher/graph/graph/$Mb - Stopped
19:11:15.806 [worker-akka.actor.default-dispatcher-20] INFO  a.a.LocalActorRef akka://worker/user/watcher/processing-watcher/graph/graph/$N - Stopped
19:11:15.808 [worker-akka.actor.default-dispatcher-20] INFO  a.a.LocalActorRef akka://worker/user/watcher/processing-watcher/graph/graph/$Nb - Stopped
19:11:15.808 [worker-akka.actor.default-dispatcher-20] INFO  a.a.LocalActorRef akka://worker/user/watcher/processing-watcher/graph/graph/$O - Stopped
19:11:15.809 [worker-akka.actor.default-dispatcher-20] INFO  a.a.LocalActorRef akka://worker/user/watcher/processing-watcher/graph/graph/$P - Stopped
19:11:15.810 [worker-akka.actor.default-dispatcher-20] INFO  a.a.LocalActorRef akka://worker/user/watcher/processing-watcher/graph/graph/$Q - Stopped
19:11:15.811 [worker-akka.actor.default-dispatcher-20] INFO  a.a.LocalActorRef akka://worker/user/watcher/processing-watcher/graph/graph/$R - Stopped
19:11:15.811 [worker-akka.actor.default-dispatcher-20] INFO  a.a.LocalActorRef akka://worker/user/watcher/processing-watcher/graph/graph/$S - Stopped
19:11:15.812 [worker-akka.actor.default-dispatcher-20] INFO  a.a.LocalActorRef akka://worker/user/watcher/processing-watcher/graph/graph/$T - Stopped
19:11:15.813 [worker-akka.actor.default-dispatcher-20] INFO  a.a.LocalActorRef akka://worker/user/watcher/processing-watcher/graph/graph/$U - Stopped
19:11:15.814 [worker-akka.actor.default-dispatcher-20] INFO  a.a.LocalActorRef akka://worker/user/watcher/processing-watcher/graph/graph/$V - Stopped
19:11:15.814 [worker-akka.actor.default-dispatcher-20] INFO  a.a.LocalActorRef akka://worker/user/watcher/processing-watcher/graph/graph/$W - Stopped
19:11:15.815 [worker-akka.actor.default-dispatcher-20] INFO  a.a.LocalActorRef akka://worker/user/watcher/processing-watcher/graph/graph/$X - Stopped
19:11:15.816 [worker-akka.actor.default-dispatcher-20] INFO  a.a.LocalActorRef akka://worker/user/watcher/processing-watcher/graph/graph/$Y - Stopped
19:11:15.817 [worker-akka.actor.default-dispatcher-20] INFO  a.a.LocalActorRef akka://worker/user/watcher/processing-watcher/graph/graph/$Z - Stopped
19:11:15.818 [worker-akka.actor.default-dispatcher-20] INFO  a.a.LocalActorRef akka://worker/user/watcher/processing-watcher/graph/graph/$a - Stopped
19:11:15.819 [worker-akka.actor.default-dispatcher-20] INFO  a.a.LocalActorRef akka://worker/user/watcher/processing-watcher/graph/graph/$ab - Stopped
19:11:15.819 [worker-akka.actor.default-dispatcher-20] INFO  a.a.LocalActorRef akka://worker/user/watcher/processing-watcher/graph/graph/$b - Stopped
19:11:15.820 [worker-akka.actor.default-dispatcher-20] INFO  a.a.LocalActorRef akka://worker/user/watcher/processing-watcher/graph/graph/$bb - Stopped
19:11:15.821 [worker-akka.actor.default-dispatcher-20] INFO  a.a.LocalActorRef akka://worker/user/watcher/processing-watcher/graph/graph/$c - Stopped
19:11:15.822 [worker-akka.actor.default-dispatcher-20] INFO  a.a.LocalActorRef akka://worker/user/watcher/processing-watcher/graph/graph/$cb - Stopped
19:11:15.823 [worker-akka.actor.default-dispatcher-20] INFO  a.a.LocalActorRef akka://worker/user/watcher/processing-watcher/graph/graph/$d - Stopped
19:11:15.824 [worker-akka.actor.default-dispatcher-20] INFO  a.a.LocalActorRef akka://worker/user/watcher/processing-watcher/graph/graph/$db - Stopped
19:11:15.825 [worker-akka.actor.default-dispatcher-20] INFO  a.a.LocalActorRef akka://worker/user/watcher/processing-watcher/graph/graph/$e - Stopped
19:11:15.826 [worker-akka.actor.default-dispatcher-20] INFO  a.a.LocalActorRef akka://worker/user/watcher/processing-watcher/graph/graph/$eb - Stopped
19:11:15.827 [worker-akka.actor.default-dispatcher-20] INFO  a.a.LocalActorRef akka://worker/user/watcher/processing-watcher/graph/graph/$f - Stopped
19:11:15.828 [worker-akka.actor.default-dispatcher-20] INFO  a.a.LocalActorRef akka://worker/user/watcher/processing-watcher/graph/graph/$fb - Stopped
19:11:15.829 [worker-akka.actor.default-dispatcher-19] INFO  a.a.LocalActorRef akka://worker/user/watcher/processing-watcher/graph/graph/$g - Stopped
19:11:15.830 [worker-akka.actor.default-dispatcher-19] INFO  a.a.LocalActorRef akka://worker/user/watcher/processing-watcher/graph/graph/$gb - Stopped
19:11:15.830 [worker-akka.actor.default-dispatcher-20] INFO  a.a.LocalActorRef akka://worker/user/watcher/processing-watcher/graph/graph/$h - Stopped
19:11:15.831 [worker-akka.actor.default-dispatcher-19] INFO  a.a.LocalActorRef akka://worker/user/watcher/processing-watcher/graph/graph/$hb - Stopped
19:11:15.832 [worker-akka.actor.default-dispatcher-19] INFO  a.a.LocalActorRef akka://worker/user/watcher/processing-watcher/graph/graph/$i - Stopped
19:11:15.832 [worker-akka.actor.default-dispatcher-19] INFO  a.a.LocalActorRef akka://worker/user/watcher/processing-watcher/graph/graph/$ib - Stopped
19:11:15.833 [worker-akka.actor.default-dispatcher-19] INFO  a.a.LocalActorRef akka://worker/user/watcher/processing-watcher/graph/graph/$j - Stopped
19:11:15.834 [worker-akka.actor.default-dispatcher-19] INFO  a.a.LocalActorRef akka://worker/user/watcher/processing-watcher/graph/graph/$jb - Stopped
19:11:15.834 [worker-akka.actor.default-dispatcher-19] INFO  a.a.LocalActorRef akka://worker/user/watcher/processing-watcher/graph/graph/$k - Stopped
19:11:15.835 [worker-akka.actor.default-dispatcher-19] INFO  a.a.LocalActorRef akka://worker/user/watcher/processing-watcher/graph/graph/$kb - Stopped
19:11:15.836 [worker-akka.actor.default-dispatcher-19] INFO  a.a.LocalActorRef akka://worker/user/watcher/processing-watcher/graph/graph/$l - Stopped
19:11:15.836 [worker-akka.actor.default-dispatcher-19] INFO  a.a.LocalActorRef akka://worker/user/watcher/processing-watcher/graph/graph/$lb - Stopped
19:11:15.837 [worker-akka.actor.default-dispatcher-19] INFO  a.a.LocalActorRef akka://worker/user/watcher/processing-watcher/graph/graph/$m - Stopped
19:11:15.838 [worker-akka.actor.default-dispatcher-19] INFO  a.a.LocalActorRef akka://worker/user/watcher/processing-watcher/graph/graph/$mb - Stopped
19:11:15.838 [worker-akka.actor.default-dispatcher-19] INFO  a.a.LocalActorRef akka://worker/user/watcher/processing-watcher/graph/graph/$n - Stopped
19:11:15.839 [worker-akka.actor.default-dispatcher-19] INFO  a.a.LocalActorRef akka://worker/user/watcher/processing-watcher/graph/graph/$nb - Stopped
19:11:15.840 [worker-akka.actor.default-dispatcher-19] INFO  a.a.LocalActorRef akka://worker/user/watcher/processing-watcher/graph/graph/$o - Stopped
19:11:15.840 [worker-akka.actor.default-dispatcher-19] INFO  a.a.LocalActorRef akka://worker/user/watcher/processing-watcher/graph/graph/$ob - Stopped
19:11:15.841 [worker-akka.actor.default-dispatcher-19] INFO  a.a.LocalActorRef akka://worker/user/watcher/processing-watcher/graph/graph/$p - Stopped
19:11:15.842 [worker-akka.actor.default-dispatcher-19] INFO  a.a.LocalActorRef akka://worker/user/watcher/processing-watcher/graph/graph/$pb - Stopped
19:11:15.843 [worker-akka.actor.default-dispatcher-19] INFO  a.a.LocalActorRef akka://worker/user/watcher/processing-watcher/graph/graph/$q - Stopped
19:11:15.844 [worker-akka.actor.default-dispatcher-19] INFO  a.a.LocalActorRef akka://worker/user/watcher/processing-watcher/graph/graph/$qb - Stopped
19:11:15.844 [worker-akka.actor.default-dispatcher-19] INFO  a.a.LocalActorRef akka://worker/user/watcher/processing-watcher/graph/graph/$r - Stopped
19:11:15.845 [worker-akka.actor.default-dispatcher-19] INFO  a.a.LocalActorRef akka://worker/user/watcher/processing-watcher/graph/graph/$rb - Stopped
19:11:15.846 [worker-akka.actor.default-dispatcher-19] INFO  a.a.LocalActorRef akka://worker/user/watcher/processing-watcher/graph/graph/$s - Stopped
19:11:15.847 [worker-akka.actor.default-dispatcher-19] INFO  a.a.LocalActorRef akka://worker/user/watcher/processing-watcher/graph/graph/$sb - Stopped
19:11:15.847 [worker-akka.actor.default-dispatcher-19] INFO  a.a.LocalActorRef akka://worker/user/watcher/processing-watcher/graph/graph/$t - Stopped
19:11:15.848 [worker-akka.actor.default-dispatcher-19] INFO  a.a.LocalActorRef akka://worker/user/watcher/processing-watcher/graph/graph/$tb - Stopped
19:11:15.849 [worker-akka.actor.default-dispatcher-19] INFO  a.a.LocalActorRef akka://worker/user/watcher/processing-watcher/graph/graph/$u - Stopped
19:11:15.849 [worker-akka.actor.default-dispatcher-19] INFO  a.a.LocalActorRef akka://worker/user/watcher/processing-watcher/graph/graph/$ub - Stopped
19:11:15.850 [worker-akka.actor.default-dispatcher-19] INFO  a.a.LocalActorRef akka://worker/user/watcher/processing-watcher/graph/graph/$v - Stopped
19:11:15.851 [worker-akka.actor.default-dispatcher-19] INFO  a.a.LocalActorRef akka://worker/user/watcher/processing-watcher/graph/graph/$vb - Stopped
19:11:15.852 [worker-akka.actor.default-dispatcher-19] INFO  a.a.LocalActorRef akka://worker/user/watcher/processing-watcher/graph/graph/$w - Stopped
19:11:15.852 [worker-akka.actor.default-dispatcher-19] INFO  a.a.LocalActorRef akka://worker/user/watcher/processing-watcher/graph/graph/$wb - Stopped
19:11:15.853 [worker-akka.actor.default-dispatcher-19] INFO  a.a.LocalActorRef akka://worker/user/watcher/processing-watcher/graph/graph/$x - Stopped
19:11:15.854 [worker-akka.actor.default-dispatcher-19] INFO  a.a.LocalActorRef akka://worker/user/watcher/processing-watcher/graph/graph/$xb - Stopped
19:11:15.855 [worker-akka.actor.default-dispatcher-19] INFO  a.a.LocalActorRef akka://worker/user/watcher/processing-watcher/graph/graph/$y - Stopped
19:11:15.855 [worker-akka.actor.default-dispatcher-19] INFO  a.a.LocalActorRef akka://worker/user/watcher/processing-watcher/graph/graph/$yb - Stopped
19:11:15.856 [worker-akka.actor.default-dispatcher-19] INFO  a.a.LocalActorRef akka://worker/user/watcher/processing-watcher/graph/graph/$z - Stopped
19:11:15.856 [worker-akka.actor.default-dispatcher-19] INFO  a.a.LocalActorRef akka://worker/user/watcher/processing-watcher/graph/graph/$zb - Stopped
19:11:15.857 [worker-akka.actor.default-dispatcher-19] INFO  a.a.LocalActorRef akka://worker/user/watcher/processing-watcher/graph/graph/$~ - Stopped
19:11:15.874 [worker-akka.actor.default-dispatcher-19] INFO  a.a.LocalActorRef akka://worker/user/watcher/processing-watcher/graph/graph - Stopped
19:11:15.878 [worker-akka.actor.default-dispatcher-19] INFO  a.a.LocalActorRef akka://worker/user/watcher/processing-watcher/graph - Stopped
19:11:15.880 [Curator-Framework-0] INFO  o.a.c.f.i.CuratorFrameworkImpl  - backgroundOperationsLoop exiting
19:11:15.885 [worker-akka.actor.default-dispatcher-19] INFO  a.a.LocalActorRef akka://worker/user/watcher/processing-watcher - Stopped
19:11:15.891 [Curator-PathChildrenCache-0] ERROR o.a.c.f.r.c.PathChildrenCache  - 
java.lang.IllegalStateException: instance must be started before calling this method
	at org.apache.curator.shaded.com.google.common.base.Preconditions.checkState(Preconditions.java:444)
	at org.apache.curator.framework.imps.CuratorFrameworkImpl.getChildren(CuratorFrameworkImpl.java:456)
	at org.apache.curator.framework.recipes.cache.PathChildrenCache.refresh(PathChildrenCache.java:521)
	at org.apache.curator.framework.recipes.cache.RefreshOperation.invoke(RefreshOperation.java:35)
	at org.apache.curator.framework.recipes.cache.PathChildrenCache$9.run(PathChildrenCache.java:786)
	at java.util.concurrent.Executors$RunnableAdapter.call(Executors.java:511)
	at java.util.concurrent.FutureTask.run(FutureTask.java:266)
	at java.util.concurrent.Executors$RunnableAdapter.call(Executors.java:511)
	at java.util.concurrent.FutureTask.run(FutureTask.java:266)
	at java.util.concurrent.ThreadPoolExecutor.runWorker(ThreadPoolExecutor.java:1149)
	at java.util.concurrent.ThreadPoolExecutor$Worker.run(ThreadPoolExecutor.java:624)
	at java.lang.Thread.run(Thread.java:748)
19:11:15.891 [worker-akka.actor.default-dispatcher-6-EventThread] INFO  o.a.z.ClientCnxn  - EventThread shut down for session: 0x100015787a4000d
19:11:15.891 [worker-akka.actor.default-dispatcher-20] INFO  o.a.z.ZooKeeper  - Session: 0x100015787a4000d closed
19:11:15.892 [worker-akka.actor.default-dispatcher-19] INFO  a.a.RepointableActorRef akka://worker/user/watcher - Stopped
19:11:15.897 [worker-akka.actor.default-dispatcher-19] INFO  a.r.RemoteActorRefProvider$RemotingTerminator akka://worker@flamestream-benchmarks-worker-13:5412/system/remoting-terminator - Shutting down remote daemon.
19:11:15.897 [worker-akka.actor.default-dispatcher-19] INFO  a.r.RemoteActorRefProvider$RemotingTerminator akka://worker@flamestream-benchmarks-worker-13:5412/system/remoting-terminator - Remote daemon shut down; proceeding with flushing remote transports.
19:11:17.101 [worker-akka.actor.default-dispatcher-20] INFO  a.r.RemoteActorRefProvider$RemotingTerminator akka://worker@flamestream-benchmarks-worker-13:5412/system/remoting-terminator - Remoting shut down.
Heap
 def new generation   total 460800K, used 302493K [0x00000000a2400000, 0x00000000c1800000, 0x00000000c1800000)
  eden space 409600K,  73% used [0x00000000a2400000, 0x00000000b4b31fb0, 0x00000000bb400000)
  from space 51200K,   0% used [0x00000000bb400000, 0x00000000bb4357c8, 0x00000000be600000)
  to   space 51200K,   0% used [0x00000000be600000, 0x00000000be600000, 0x00000000c1800000)
 tenured generation   total 1024000K, used 56875K [0x00000000c1800000, 0x0000000100000000, 0x0000000100000000)
   the space 1024000K,   5% used [0x00000000c1800000, 0x00000000c4f8ac28, 0x00000000c4f8ae00, 0x0000000100000000)
 Metaspace       used 40790K, capacity 43570K, committed 43904K, reserved 1087488K
  class space    used 5343K, capacity 5665K, committed 5760K, reserved 1048576K
