17:00:40,464 |-INFO in ch.qos.logback.classic.LoggerContext[default] - Could NOT find resource [logback-test.xml]
17:00:40,464 |-INFO in ch.qos.logback.classic.LoggerContext[default] - Could NOT find resource [logback.groovy]
17:00:40,464 |-INFO in ch.qos.logback.classic.LoggerContext[default] - Found resource [logback.xml] at [jar:file:/root/flamestream/lib/flamestream-runtime-1.0-SNAPSHOT.jar!/logback.xml]
17:00:40,465 |-WARN in ch.qos.logback.classic.LoggerContext[default] - Resource [logback.xml] occurs multiple times on the classpath.
17:00:40,469 |-WARN in ch.qos.logback.classic.LoggerContext[default] - Resource [logback.xml] occurs at [jar:file:/root/flamestream/lib/flamestream-runtime-1.0-SNAPSHOT.jar!/logback.xml]
17:00:40,469 |-WARN in ch.qos.logback.classic.LoggerContext[default] - Resource [logback.xml] occurs at [jar:file:/root/flamestream/flamestream-runtime-1.0-SNAPSHOT.jar!/logback.xml]
17:00:40,488 |-INFO in ch.qos.logback.core.joran.spi.ConfigurationWatchList@3fb6a447 - URL [jar:file:/root/flamestream/lib/flamestream-runtime-1.0-SNAPSHOT.jar!/logback.xml] is not of type file
17:00:40,559 |-INFO in ch.qos.logback.classic.joran.action.ConfigurationAction - debug attribute not set
17:00:40,560 |-INFO in ch.qos.logback.core.joran.action.AppenderAction - About to instantiate appender of type [ch.qos.logback.core.ConsoleAppender]
17:00:40,574 |-INFO in ch.qos.logback.core.joran.action.AppenderAction - Naming appender as [STDOUT]
17:00:40,590 |-INFO in ch.qos.logback.core.joran.action.NestedComplexPropertyIA - Assuming default type [ch.qos.logback.classic.encoder.PatternLayoutEncoder] for [encoder] property
17:00:40,693 |-INFO in ch.qos.logback.core.joran.action.AppenderAction - About to instantiate appender of type [ch.qos.logback.core.rolling.RollingFileAppender]
17:00:40,705 |-INFO in ch.qos.logback.core.joran.action.AppenderAction - Naming appender as [FILE]
17:00:40,735 |-INFO in c.q.l.core.rolling.TimeBasedRollingPolicy@127618319 - No compression will be used
17:00:40,736 |-INFO in c.q.l.core.rolling.TimeBasedRollingPolicy@127618319 - Will use the pattern /tmp/application_%d{yyyy-MM-dd}.%i.log for the active file
17:00:40,739 |-INFO in ch.qos.logback.core.rolling.SizeAndTimeBasedFNATP@6b2fad11 - The date pattern is 'yyyy-MM-dd' from file name pattern '/tmp/application_%d{yyyy-MM-dd}.%i.log'.
17:00:40,739 |-INFO in ch.qos.logback.core.rolling.SizeAndTimeBasedFNATP@6b2fad11 - Roll-over at midnight.
17:00:40,744 |-INFO in ch.qos.logback.core.rolling.SizeAndTimeBasedFNATP@6b2fad11 - Setting initial period to Mon Jun 10 16:59:21 UTC 2019
17:00:40,744 |-WARN in ch.qos.logback.core.rolling.SizeAndTimeBasedFNATP@6b2fad11 - SizeAndTimeBasedFNATP is deprecated. Use SizeAndTimeBasedRollingPolicy instead
17:00:40,744 |-WARN in ch.qos.logback.core.rolling.SizeAndTimeBasedFNATP@6b2fad11 - For more information see http://logback.qos.ch/manual/appenders.html#SizeAndTimeBasedRollingPolicy
17:00:40,748 |-INFO in ch.qos.logback.core.joran.action.NestedComplexPropertyIA - Assuming default type [ch.qos.logback.classic.encoder.PatternLayoutEncoder] for [encoder] property
17:00:40,753 |-INFO in ch.qos.logback.core.rolling.RollingFileAppender[FILE] - Active log file name: /tmp/application.log
17:00:40,753 |-INFO in ch.qos.logback.core.rolling.RollingFileAppender[FILE] - File property is set to [/tmp/application.log]
17:00:40,754 |-INFO in ch.qos.logback.classic.joran.action.RootLoggerAction - Setting level of ROOT logger to WARN
17:00:40,756 |-INFO in ch.qos.logback.core.joran.action.AppenderRefAction - Attaching appender named [STDOUT] to Logger[ROOT]
17:00:40,758 |-INFO in ch.qos.logback.core.joran.action.AppenderRefAction - Attaching appender named [FILE] to Logger[ROOT]
17:00:40,758 |-INFO in ch.qos.logback.classic.joran.action.ConfigurationAction - End of configuration.
17:00:40,759 |-INFO in ch.qos.logback.classic.joran.JoranConfigurator@79698539 - Registering current configuration as safe fallback point

Ama winner
Ama winner
2019-06-10T17:00:42.085+0000: 1.805: [Full GC (Metadata GC Threshold) 2019-06-10T17:00:42.085+0000: 1.805: [Tenured: 0K->15208K(341376K), 0.0391775 secs] 114987K->15208K(494976K), [Metaspace: 20734K->20734K(1067008K)], 0.0392434 secs] [Times: user=0.03 sys=0.01, real=0.04 secs] 
17:01:04.889 [Curator-PathChildrenCache-2] WARN  o.a.c.u.ZKPaths  - The version of ZooKeeper being used doesn't support Container nodes. CreateMode.PERSISTENT will be used instead.
2019-06-10T17:01:07.180+0000: 26.901: [GC (Allocation Failure) 2019-06-10T17:01:07.180+0000: 26.901: [DefNew: 136576K->17023K(153600K), 0.0284631 secs] 151784K->52821K(494976K), 0.0285385 secs] [Times: user=0.02 sys=0.02, real=0.03 secs] 
2019-06-10T17:01:07.555+0000: 27.275: [Full GC (Metadata GC Threshold) 2019-06-10T17:01:07.555+0000: 27.275: [Tenured: 35797K->44302K(341376K), 0.0378242 secs] 69667K->44302K(494976K), [Metaspace: 34592K->34592K(1079296K)], 0.0379067 secs] [Times: user=0.03 sys=0.01, real=0.04 secs] 
2019-06-10T17:01:11.320+0000: 31.041: [GC (Allocation Failure) 2019-06-10T17:01:11.320+0000: 31.041: [DefNew: 136576K->339K(153600K), 0.0025223 secs] 180878K->44641K(494976K), 0.0025787 secs] [Times: user=0.00 sys=0.00, real=0.00 secs] 
2019-06-10T17:01:14.681+0000: 34.402: [GC (Allocation Failure) 2019-06-10T17:01:14.681+0000: 34.402: [DefNew: 136915K->350K(153600K), 0.0022672 secs] 181217K->44652K(494976K), 0.0023253 secs] [Times: user=0.00 sys=0.00, real=0.00 secs] 
2019-06-10T17:01:18.099+0000: 37.819: [GC (Allocation Failure) 2019-06-10T17:01:18.099+0000: 37.819: [DefNew: 136926K->350K(153600K), 0.0022762 secs] 181228K->44652K(494976K), 0.0023347 secs] [Times: user=0.00 sys=0.00, real=0.00 secs] 
2019-06-10T17:01:21.380+0000: 41.101: [GC (Allocation Failure) 2019-06-10T17:01:21.380+0000: 41.101: [DefNew: 136926K->357K(153600K), 0.0024115 secs] 181228K->44659K(494976K), 0.0024697 secs] [Times: user=0.00 sys=0.00, real=0.00 secs] 
2019-06-10T17:01:24.671+0000: 44.391: [GC (Allocation Failure) 2019-06-10T17:01:24.671+0000: 44.391: [DefNew: 136933K->357K(153600K), 0.0023900 secs] 181235K->44659K(494976K), 0.0024468 secs] [Times: user=0.00 sys=0.00, real=0.00 secs] 
2019-06-10T17:01:27.978+0000: 47.699: [GC (Allocation Failure) 2019-06-10T17:01:27.978+0000: 47.699: [DefNew: 136933K->368K(153600K), 0.0024022 secs] 181235K->44671K(494976K), 0.0024605 secs] [Times: user=0.00 sys=0.00, real=0.00 secs] 
2019-06-10T17:01:31.321+0000: 51.042: [GC (Allocation Failure) 2019-06-10T17:01:31.321+0000: 51.042: [DefNew: 136944K->361K(153600K), 0.0023507 secs] 181247K->44664K(494976K), 0.0024059 secs] [Times: user=0.00 sys=0.00, real=0.00 secs] 
17:01:38.523 [Curator-PathChildrenCache-0] ERROR o.a.c.f.r.c.PathChildrenCache  - 
java.lang.IllegalStateException: instance must be started before calling this method
	at org.apache.curator.shaded.com.google.common.base.Preconditions.checkState(Preconditions.java:444)
	at org.apache.curator.framework.imps.CuratorFrameworkImpl.getChildren(CuratorFrameworkImpl.java:456)
	at org.apache.curator.framework.recipes.cache.PathChildrenCache.refresh(PathChildrenCache.java:521)
	at org.apache.curator.framework.recipes.cache.RefreshOperation.invoke(RefreshOperation.java:35)
	at org.apache.curator.framework.recipes.cache.PathChildrenCache$9.run(PathChildrenCache.java:786)
	at java.util.concurrent.Executors$RunnableAdapter.call(Executors.java:511)
	at java.util.concurrent.FutureTask.run(FutureTask.java:266)
	at java.util.concurrent.Executors$RunnableAdapter.call(Executors.java:511)
	at java.util.concurrent.FutureTask.run(FutureTask.java:266)
	at java.util.concurrent.ThreadPoolExecutor.runWorker(ThreadPoolExecutor.java:1149)
	at java.util.concurrent.ThreadPoolExecutor$Worker.run(ThreadPoolExecutor.java:624)
	at java.lang.Thread.run(Thread.java:748)
Heap
 def new generation   total 153600K, used 93705K [0x00000000e0c00000, 0x00000000eb2a0000, 0x00000000eb2a0000)
  eden space 136576K,  68% used [0x00000000e0c00000, 0x00000000e6728230, 0x00000000e9160000)
  from space 17024K,   2% used [0x00000000e9160000, 0x00000000e91ba5b0, 0x00000000ea200000)
  to   space 17024K,   0% used [0x00000000ea200000, 0x00000000ea200000, 0x00000000eb2a0000)
 tenured generation   total 341376K, used 44302K [0x00000000eb2a0000, 0x0000000100000000, 0x0000000100000000)
   the space 341376K,  12% used [0x00000000eb2a0000, 0x00000000edde3ab0, 0x00000000edde3c00, 0x0000000100000000)
 Metaspace       used 36233K, capacity 37204K, committed 37376K, reserved 1081344K
  class space    used 4862K, capacity 5062K, committed 5120K, reserved 1048576K
