11:02:33,453 |-INFO in ch.qos.logback.classic.LoggerContext[default] - Could NOT find resource [logback-test.xml]
11:02:33,453 |-INFO in ch.qos.logback.classic.LoggerContext[default] - Could NOT find resource [logback.groovy]
11:02:33,453 |-INFO in ch.qos.logback.classic.LoggerContext[default] - Found resource [logback.xml] at [jar:file:/home/ubuntu/flamestream/lib/flamestream-runtime-1.0-SNAPSHOT.jar!/logback.xml]
11:02:33,454 |-WARN in ch.qos.logback.classic.LoggerContext[default] - Resource [logback.xml] occurs multiple times on the classpath.
11:02:33,454 |-WARN in ch.qos.logback.classic.LoggerContext[default] - Resource [logback.xml] occurs at [jar:file:/home/ubuntu/flamestream/flamestream-runtime-1.0-SNAPSHOT.jar!/logback.xml]
11:02:33,454 |-WARN in ch.qos.logback.classic.LoggerContext[default] - Resource [logback.xml] occurs at [jar:file:/home/ubuntu/flamestream/lib/flamestream-runtime-1.0-SNAPSHOT.jar!/logback.xml]
11:02:33,473 |-INFO in ch.qos.logback.core.joran.spi.ConfigurationWatchList@4678c730 - URL [jar:file:/home/ubuntu/flamestream/lib/flamestream-runtime-1.0-SNAPSHOT.jar!/logback.xml] is not of type file
11:02:33,537 |-INFO in ch.qos.logback.classic.joran.action.ConfigurationAction - debug attribute not set
11:02:33,537 |-INFO in ch.qos.logback.core.joran.action.AppenderAction - About to instantiate appender of type [ch.qos.logback.core.ConsoleAppender]
11:02:33,554 |-INFO in ch.qos.logback.core.joran.action.AppenderAction - Naming appender as [STDOUT]
11:02:33,570 |-INFO in ch.qos.logback.core.joran.action.NestedComplexPropertyIA - Assuming default type [ch.qos.logback.classic.encoder.PatternLayoutEncoder] for [encoder] property
11:02:33,667 |-INFO in ch.qos.logback.core.joran.action.AppenderAction - About to instantiate appender of type [ch.qos.logback.core.rolling.RollingFileAppender]
11:02:33,671 |-INFO in ch.qos.logback.core.joran.action.AppenderAction - Naming appender as [FILE]
11:02:33,712 |-INFO in c.q.l.core.rolling.TimeBasedRollingPolicy@1734853116 - No compression will be used
11:02:33,713 |-INFO in c.q.l.core.rolling.TimeBasedRollingPolicy@1734853116 - Will use the pattern /tmp/application_%d{yyyy-MM-dd}.%i.log for the active file
11:02:33,719 |-INFO in ch.qos.logback.core.rolling.SizeAndTimeBasedFNATP@29ee9faa - The date pattern is 'yyyy-MM-dd' from file name pattern '/tmp/application_%d{yyyy-MM-dd}.%i.log'.
11:02:33,719 |-INFO in ch.qos.logback.core.rolling.SizeAndTimeBasedFNATP@29ee9faa - Roll-over at midnight.
11:02:33,724 |-INFO in ch.qos.logback.core.rolling.SizeAndTimeBasedFNATP@29ee9faa - Setting initial period to Sat Oct 05 10:56:41 UTC 2019
11:02:33,725 |-WARN in ch.qos.logback.core.rolling.SizeAndTimeBasedFNATP@29ee9faa - SizeAndTimeBasedFNATP is deprecated. Use SizeAndTimeBasedRollingPolicy instead
11:02:33,725 |-WARN in ch.qos.logback.core.rolling.SizeAndTimeBasedFNATP@29ee9faa - For more information see http://logback.qos.ch/manual/appenders.html#SizeAndTimeBasedRollingPolicy
11:02:33,729 |-INFO in ch.qos.logback.core.joran.action.NestedComplexPropertyIA - Assuming default type [ch.qos.logback.classic.encoder.PatternLayoutEncoder] for [encoder] property
11:02:33,737 |-INFO in ch.qos.logback.core.rolling.RollingFileAppender[FILE] - Active log file name: /tmp/application.log
11:02:33,737 |-INFO in ch.qos.logback.core.rolling.RollingFileAppender[FILE] - File property is set to [/tmp/application.log]
11:02:33,738 |-INFO in ch.qos.logback.classic.joran.action.RootLoggerAction - Setting level of ROOT logger to INFO
11:02:33,738 |-INFO in ch.qos.logback.core.joran.action.AppenderRefAction - Attaching appender named [STDOUT] to Logger[ROOT]
11:02:33,739 |-INFO in ch.qos.logback.core.joran.action.AppenderRefAction - Attaching appender named [FILE] to Logger[ROOT]
11:02:33,739 |-INFO in ch.qos.logback.classic.joran.action.ConfigurationAction - End of configuration.
11:02:33,739 |-INFO in ch.qos.logback.classic.joran.JoranConfigurator@c038203 - Registering current configuration as safe fallback point

11:02:33.746 [main] INFO  c.s.f.r.WorkerApplication  - Starting worker with workerConfig 'WorkerConfig{id='flamestream-benchmarks-worker-2', localAddress=flamestream-benchmarks-worker-2/10.0.0.58:5412, zkString='flamestream-benchmarks-manager:12181', snapshotPath='/home/ubuntu/flamestream/data', guarantees=AT_MOST_ONCE}'
11:02:35.182 [worker-akka.actor.default-dispatcher-6] INFO  a.e.s.Slf4jLogger  - Slf4jLogger started
2019-10-05T11:02:35.328+0000: 2.221: [Full GC (Metadata GC Threshold) 2019-10-05T11:02:35.328+0000: 2.221: [Tenured: 0K->13625K(1024000K), 0.0507861 secs] 139464K->13625K(1484800K), [Metaspace: 20224K->20224K(1067008K)], 0.0508757 secs] [Times: user=0.05 sys=0.00, real=0.05 secs] 
11:02:35.481 [worker-akka.actor.default-dispatcher-6] WARN  a.r.RemoteActorRefProvider akka.remote.RemoteActorRefProvider - Using the 'remote' ActorRefProvider directly, which is a low-level layer. For most use cases, the 'cluster' abstraction on top of remoting is more suitable instead.
11:02:35.486 [worker-akka.actor.default-dispatcher-6] WARN  a.r.RemoteActorRefProvider akka.remote.RemoteActorRefProvider - Akka Cluster not in use - Using Akka Cluster is recommended if you need remote watch and deploy.
11:02:35.606 [worker-akka.actor.default-dispatcher-6] INFO  a.r.a.a.ArteryAeronUdpTransport(akka://worker) akka.remote.artery.aeron.ArteryAeronUdpTransport(akka://worker) - Started embedded media driver in directory [/dev/shm/aeron-flamestream-benchmarks-worker-2]
11:02:35.642 [worker-akka.actor.default-dispatcher-6] WARN  a.r.a.a.ArteryAeronUdpTransport(akka://worker) akka.remote.artery.aeron.ArteryAeronUdpTransport(akka://worker) - Aeron CnC version mismatch: compiled version = 15, file version = 16
11:02:35.902 [worker-akka.actor.default-dispatcher-6] INFO  a.r.a.a.ArteryAeronUdpTransport(akka://worker) akka.remote.artery.aeron.ArteryAeronUdpTransport(akka://worker) - Remoting started with transport [Artery aeron-udp]; listening on address [akka://worker@flamestream-benchmarks-worker-2:5412] and bound to [akka://worker@0.0.0.0:5412] with UID [-3555132807475492326]
11:02:36.497 [worker-akka.actor.default-dispatcher-6] WARN  a.s.Serialization(akka://worker) akka.serialization.Serialization(akka://worker) - Using serializer [com.romix.akka.serialization.kryo.KryoSerializer] for message [akka.actor.ActorSelectionMessage]. Note that this serializer is not implemented by Akka. It's not recommended to replace serializers for messages provided by Akka.
11:02:36.498 [worker-akka.actor.default-dispatcher-6] WARN  a.s.Serialization(akka://worker) akka.serialization.Serialization(akka://worker) - Using serializer [com.romix.akka.serialization.kryo.KryoSerializer] for message [akka.actor.ActorIdentity]. Note that this serializer is not implemented by Akka. It's not recommended to replace serializers for messages provided by Akka.
11:02:36.552 [worker-akka.actor.default-dispatcher-9] INFO  a.a.RepointableActorRef akka://worker/user/watcher - Starting...
11:02:36.707 [worker-akka.actor.default-dispatcher-6] INFO  o.a.c.u.Compatibility  - Running in ZooKeeper 3.4.x compatibility mode
11:02:36.770 [worker-akka.actor.default-dispatcher-6] INFO  o.a.c.f.i.CuratorFrameworkImpl  - Starting
11:02:36.794 [worker-akka.actor.default-dispatcher-6] INFO  o.a.z.ZooKeeper  - Client environment:zookeeper.version=3.4.14-4c25d480e66aadd371de8bd2fd8da255ac140bcf, built on 03/06/2019 16:18 GMT
11:02:36.795 [worker-akka.actor.default-dispatcher-6] INFO  o.a.z.ZooKeeper  - Client environment:host.name=flamestream-benchmarks-worker-2
11:02:36.796 [worker-akka.actor.default-dispatcher-6] INFO  o.a.z.ZooKeeper  - Client environment:java.version=1.8.0_222
11:02:36.796 [worker-akka.actor.default-dispatcher-6] INFO  o.a.z.ZooKeeper  - Client environment:java.vendor=Private Build
11:02:36.798 [worker-akka.actor.default-dispatcher-6] INFO  o.a.z.ZooKeeper  - Client environment:java.home=/usr/lib/jvm/java-8-openjdk-amd64/jre
11:02:36.798 [worker-akka.actor.default-dispatcher-6] INFO  o.a.z.ZooKeeper  - Client environment:java.class.path=lib/curator-framework-4.0.1.jar:lib/commons-csv-1.4.jar:lib/aeron-client-1.21.2.jar:lib/scala-library-2.12.9.jar:lib/asm-5.0.4.jar:lib/agrona-1.0.1.jar:lib/curator-recipes-4.0.1.jar:lib/akka-testkit_2.12-2.6.0-M6.jar:lib/flamestream-runtime-1.0-SNAPSHOT.jar:lib/slf4j-simple-2.0.0-alpha1.jar:lib/jsr305-3.0.2.jar:lib/trove4j-3.0.3.jar:lib/flamestream-core-1.0-SNAPSHOT.jar:lib/commons-io-2.4.jar:lib/minlog-1.3.0.jar:lib/kryonet-2.21.jar:lib/commons-1.4.9.jar:lib/jline-0.9.94.jar:lib/akka-remote_2.12-2.6.0-M6.jar:lib/leveldbjni-all-1.8.jar:lib/lz4-1.3.0.jar:lib/slf4j-api-1.7.24.jar:lib/scala-parser-combinators_2.12-1.1.2.jar:lib/flamestream-core-1.0-SNAPSHOT-tests.jar:lib/logback-core-1.2.3.jar:lib/netty-3.10.6.Final.jar:lib/protobuf-java-3.9.0.jar:lib/minlog-1.2.jar:lib/leveldb-api-0.7.jar:lib/jool-0.9.12.jar:lib/commons-cli-1.4.jar:lib/jblas-1.2.4.jar:lib/reflectasm-1.11.3.jar:lib/reflectasm-1.07-shaded.jar:lib/audience-annotations-0.5.0.jar:lib/jackson-annotations-2.9.6.jar:lib/commons-lang-2.6.jar:lib/ssl-config-core_2.12-0.3.8.jar:lib/annotations-13.0.jar:lib/logback-classic-1.2.3.jar:lib/guava-21.0.jar:lib/reactive-streams-1.0.2.jar:lib/spotbugs-annotations-3.1.9.jar:lib/leveldb-0.7.jar:lib/commons-pool2-2.4.2.jar:lib/rocksdbjni-5.5.1.jar:lib/jackson-core-2.9.9.jar:lib/jackson-databind-2.9.9.2.jar:lib/akka-protobuf-v3_2.12-2.6.0-M6.jar:lib/jackson-annotations-2.9.0.jar:lib/flamestream-examples-1.0-SNAPSHOT.jar:lib/objenesis-2.1.jar:lib/akka-kryo-serialization_2.12-0.5.2.jar:lib/scala-java8-compat_2.12-0.8.0.jar:lib/zookeeper-3.4.14.jar:lib/akka-slf4j_2.12-2.6.0-M6.jar:lib/kryo-4.0.0.jar:lib/akka-stream_2.12-2.6.0-M6.jar:lib/aeron-driver-1.21.2.jar:lib/config-1.3.1.jar:lib/annotations-12.0.jar:lib/jedis-2.9.0.jar:lib/jcommander-1.48.jar:lib/testng-6.10.jar:lib/akka-actor_2.12-2.6.0-M6.jar:lib/curator-client-4.0.1.jar:flamestream-runtime-1.0-SNAPSHOT.jar
11:02:36.798 [worker-akka.actor.default-dispatcher-6] INFO  o.a.z.ZooKeeper  - Client environment:java.library.path=/usr/java/packages/lib/amd64:/usr/lib/x86_64-linux-gnu/jni:/lib/x86_64-linux-gnu:/usr/lib/x86_64-linux-gnu:/usr/lib/jni:/lib:/usr/lib
11:02:36.799 [worker-akka.actor.default-dispatcher-6] INFO  o.a.z.ZooKeeper  - Client environment:java.io.tmpdir=/tmp
11:02:36.802 [worker-akka.actor.default-dispatcher-6] INFO  o.a.z.ZooKeeper  - Client environment:java.compiler=<NA>
11:02:36.802 [worker-akka.actor.default-dispatcher-6] INFO  o.a.z.ZooKeeper  - Client environment:os.name=Linux
11:02:36.803 [worker-akka.actor.default-dispatcher-6] INFO  o.a.z.ZooKeeper  - Client environment:os.arch=amd64
11:02:36.803 [worker-akka.actor.default-dispatcher-6] INFO  o.a.z.ZooKeeper  - Client environment:os.version=4.15.0-1040-gcp
11:02:36.803 [worker-akka.actor.default-dispatcher-6] INFO  o.a.z.ZooKeeper  - Client environment:user.name=ubuntu
11:02:36.804 [worker-akka.actor.default-dispatcher-6] INFO  o.a.z.ZooKeeper  - Client environment:user.home=/home/ubuntu
11:02:36.804 [worker-akka.actor.default-dispatcher-6] INFO  o.a.z.ZooKeeper  - Client environment:user.dir=/home/ubuntu/flamestream
11:02:36.808 [worker-akka.actor.default-dispatcher-6] INFO  o.a.z.ZooKeeper  - Initiating client connection, connectString=flamestream-benchmarks-manager:12181 sessionTimeout=60000 watcher=org.apache.curator.ConnectionState@831da6f
11:02:36.859 [worker-akka.actor.default-dispatcher-6-SendThread(flamestream-benchmarks-manager:12181)] INFO  o.a.z.ClientCnxn  - Opening socket connection to server flamestream-benchmarks-manager/10.0.0.2:12181. Will not attempt to authenticate using SASL (unknown error)
11:02:36.861 [worker-akka.actor.default-dispatcher-6] INFO  o.a.c.f.i.CuratorFrameworkImpl  - Default schema
11:02:36.867 [worker-akka.actor.default-dispatcher-6-SendThread(flamestream-benchmarks-manager:12181)] INFO  o.a.z.ClientCnxn  - Socket connection established to flamestream-benchmarks-manager/10.0.0.2:12181, initiating session
11:02:36.880 [worker-akka.actor.default-dispatcher-6-SendThread(flamestream-benchmarks-manager:12181)] INFO  o.a.z.ClientCnxn  - Session establishment complete on server flamestream-benchmarks-manager/10.0.0.2:12181, sessionid = 0x1000032366f0003, negotiated timeout = 60000
11:02:36.890 [worker-akka.actor.default-dispatcher-6-EventThread] INFO  o.a.c.f.s.ConnectionStateManager  - State change: CONNECTED
11:02:36.895 [worker-akka.actor.default-dispatcher-9] INFO  a.a.RepointableActorRef akka://worker/user/watcher - Initializing rocksDB backend
2019-10-05T11:02:37.680+0000: 4.573: [Full GC (Metadata GC Threshold) 2019-10-05T11:02:37.680+0000: 4.573: [Tenured: 13625K->25914K(1024000K), 0.0809758 secs] 161116K->25914K(1484800K), [Metaspace: 33691K->33691K(1079296K)], 0.0810840 secs] [Times: user=0.08 sys=0.01, real=0.08 secs] 
11:02:37.870 [worker-akka.actor.default-dispatcher-6] INFO  a.a.LocalActorRef akka://worker/user/watcher/processing-watcher - Starting...
11:02:37.898 [worker-akka.actor.default-dispatcher-9] INFO  a.a.LocalActorRef akka://worker/user/watcher/acker - Starting...
11:03:14.674 [Curator-PathChildrenCache-2] WARN  o.a.c.u.ZKPaths  - The version of ZooKeeper being used doesn't support Container nodes. CreateMode.PERSISTENT will be used instead.
11:03:14.769 [worker-akka.actor.default-dispatcher-11] INFO  a.a.LocalActorRef akka://worker/user/watcher/processing-watcher/$a - Starting...
11:03:14.787 [worker-akka.actor.default-dispatcher-6] INFO  a.a.LocalActorRef akka://worker/user/watcher/processing-watcher/$a - Stopped
11:03:20.499 [worker-akka.actor.default-dispatcher-11] INFO  a.a.LocalActorRef akka://worker/user/watcher/processing-watcher/$d/$a - Starting...
11:03:20.508 [worker-akka.actor.default-dispatcher-12] INFO  a.a.LocalActorRef akka://worker/user/watcher/processing-watcher/$d - Starting...
11:03:25.816 [worker-akka.actor.default-dispatcher-9] INFO  a.a.LocalActorRef akka://worker/user/watcher/processing-watcher/graph/graph - Starting...
11:03:29.741 [worker-akka.actor.default-dispatcher-15] INFO  a.a.LocalActorRef akka://worker/user/watcher/processing-watcher/graph/graph - Finishing constructor
11:03:29.745 [worker-akka.actor.default-dispatcher-9] INFO  a.a.LocalActorRef akka://worker/user/watcher/processing-watcher/graph/negotiator - Starting...
11:03:29.750 [worker-akka.actor.default-dispatcher-6] INFO  a.a.LocalActorRef akka://worker/user/watcher/processing-watcher/graph/edge - Starting...
11:03:29.756 [worker-akka.actor.default-dispatcher-15] INFO  a.a.LocalActorRef akka://worker/user/watcher/processing-watcher/graph - Starting FlameNode with config 'ClusterConfig{paths={flamestream-benchmarks-worker-85=akka://worker@flamestream-benchmarks-worker-85:5412/user/watcher/processing-watcher/graph, flamestream-benchmarks-worker-84=akka://worker@flamestream-benchmarks-worker-84:5412/user/watcher/processing-watcher/graph, flamestream-benchmarks-worker-83=akka://worker@flamestream-benchmarks-worker-83:5412/user/watcher/processing-watcher/graph, flamestream-benchmarks-worker-82=akka://worker@flamestream-benchmarks-worker-82:5412/user/watcher/processing-watcher/graph, flamestream-benchmarks-worker-81=akka://worker@flamestream-benchmarks-worker-81:5412/user/watcher/processing-watcher/graph, flamestream-benchmarks-worker-80=akka://worker@flamestream-benchmarks-worker-80:5412/user/watcher/processing-watcher/graph, flamestream-benchmarks-worker-1=akka://worker@flamestream-benchmarks-worker-1:5412/user/watcher/processing-watcher/graph, flamestream-benchmarks-worker-0=akka://worker@flamestream-benchmarks-worker-0:5412/user/watcher/processing-watcher/graph, flamestream-benchmarks-worker-89=akka://worker@flamestream-benchmarks-worker-89:5412/user/watcher/processing-watcher/graph, flamestream-benchmarks-worker-88=akka://worker@flamestream-benchmarks-worker-88:5412/user/watcher/processing-watcher/graph, flamestream-benchmarks-worker-87=akka://worker@flamestream-benchmarks-worker-87:5412/user/watcher/processing-watcher/graph, flamestream-benchmarks-worker-86=akka://worker@flamestream-benchmarks-worker-86:5412/user/watcher/processing-watcher/graph, flamestream-benchmarks-worker-96=akka://worker@flamestream-benchmarks-worker-96:5412/user/watcher/processing-watcher/graph, flamestream-benchmarks-worker-95=akka://worker@flamestream-benchmarks-worker-95:5412/user/watcher/processing-watcher/graph, flamestream-benchmarks-worker-94=akka://worker@flamestream-benchmarks-worker-94:5412/user/watcher/processing-watcher/graph, flamestream-benchmarks-worker-93=akka://worker@flamestream-benchmarks-worker-93:5412/user/watcher/processing-watcher/graph, flamestream-benchmarks-worker-92=akka://worker@flamestream-benchmarks-worker-92:5412/user/watcher/processing-watcher/graph, flamestream-benchmarks-worker-91=akka://worker@flamestream-benchmarks-worker-91:5412/user/watcher/processing-watcher/graph, flamestream-benchmarks-worker-90=akka://worker@flamestream-benchmarks-worker-90:5412/user/watcher/processing-watcher/graph, flamestream-benchmarks-worker-9=akka://worker@flamestream-benchmarks-worker-9:5412/user/watcher/processing-watcher/graph, flamestream-benchmarks-worker-8=akka://worker@flamestream-benchmarks-worker-8:5412/user/watcher/processing-watcher/graph, flamestream-benchmarks-worker-7=akka://worker@flamestream-benchmarks-worker-7:5412/user/watcher/processing-watcher/graph, flamestream-benchmarks-worker-6=akka://worker@flamestream-benchmarks-worker-6:5412/user/watcher/processing-watcher/graph, flamestream-benchmarks-worker-5=akka://worker@flamestream-benchmarks-worker-5:5412/user/watcher/processing-watcher/graph, flamestream-benchmarks-worker-19=akka://worker@flamestream-benchmarks-worker-19:5412/user/watcher/processing-watcher/graph, flamestream-benchmarks-worker-4=akka://worker@flamestream-benchmarks-worker-4:5412/user/watcher/processing-watcher/graph, flamestream-benchmarks-worker-18=akka://worker@flamestream-benchmarks-worker-18:5412/user/watcher/processing-watcher/graph, flamestream-benchmarks-worker-3=akka://worker@flamestream-benchmarks-worker-3:5412/user/watcher/processing-watcher/graph, flamestream-benchmarks-worker-17=akka://worker@flamestream-benchmarks-worker-17:5412/user/watcher/processing-watcher/graph, flamestream-benchmarks-worker-2=akka://worker@flamestream-benchmarks-worker-2:5412/user/watcher/processing-watcher/graph, flamestream-benchmarks-worker-16=akka://worker@flamestream-benchmarks-worker-16:5412/user/watcher/processing-watcher/graph, flamestream-benchmarks-worker-15=akka://worker@flamestream-benchmarks-worker-15:5412/user/watcher/processing-watcher/graph, flamestream-benchmarks-worker-14=akka://worker@flamestream-benchmarks-worker-14:5412/user/watcher/processing-watcher/graph, flamestream-benchmarks-worker-13=akka://worker@flamestream-benchmarks-worker-13:5412/user/watcher/processing-watcher/graph, flamestream-benchmarks-worker-12=akka://worker@flamestream-benchmarks-worker-12:5412/user/watcher/processing-watcher/graph, flamestream-benchmarks-worker-99=akka://worker@flamestream-benchmarks-worker-99:5412/user/watcher/processing-watcher/graph, flamestream-benchmarks-worker-11=akka://worker@flamestream-benchmarks-worker-11:5412/user/watcher/processing-watcher/graph, flamestream-benchmarks-worker-98=akka://worker@flamestream-benchmarks-worker-98:5412/user/watcher/processing-watcher/graph, flamestream-benchmarks-worker-10=akka://worker@flamestream-benchmarks-worker-10:5412/user/watcher/processing-watcher/graph, flamestream-benchmarks-worker-97=akka://worker@flamestream-benchmarks-worker-97:5412/user/watcher/processing-watcher/graph, flamestream-benchmarks-worker-63=akka://worker@flamestream-benchmarks-worker-63:5412/user/watcher/processing-watcher/graph, flamestream-benchmarks-worker-62=akka://worker@flamestream-benchmarks-worker-62:5412/user/watcher/processing-watcher/graph, flamestream-benchmarks-worker-61=akka://worker@flamestream-benchmarks-worker-61:5412/user/watcher/processing-watcher/graph, flamestream-benchmarks-worker-60=akka://worker@flamestream-benchmarks-worker-60:5412/user/watcher/processing-watcher/graph, flamestream-benchmarks-worker-69=akka://worker@flamestream-benchmarks-worker-69:5412/user/watcher/processing-watcher/graph, flamestream-benchmarks-worker-68=akka://worker@flamestream-benchmarks-worker-68:5412/user/watcher/processing-watcher/graph, flamestream-benchmarks-worker-67=akka://worker@flamestream-benchmarks-worker-67:5412/user/watcher/processing-watcher/graph, flamestream-benchmarks-worker-66=akka://worker@flamestream-benchmarks-worker-66:5412/user/watcher/processing-watcher/graph, flamestream-benchmarks-worker-65=akka://worker@flamestream-benchmarks-worker-65:5412/user/watcher/processing-watcher/graph, flamestream-benchmarks-worker-64=akka://worker@flamestream-benchmarks-worker-64:5412/user/watcher/processing-watcher/graph, flamestream-benchmarks-worker-74=akka://worker@flamestream-benchmarks-worker-74:5412/user/watcher/processing-watcher/graph, flamestream-benchmarks-worker-73=akka://worker@flamestream-benchmarks-worker-73:5412/user/watcher/processing-watcher/graph, flamestream-benchmarks-worker-72=akka://worker@flamestream-benchmarks-worker-72:5412/user/watcher/processing-watcher/graph, flamestream-benchmarks-worker-71=akka://worker@flamestream-benchmarks-worker-71:5412/user/watcher/processing-watcher/graph, flamestream-benchmarks-worker-70=akka://worker@flamestream-benchmarks-worker-70:5412/user/watcher/processing-watcher/graph, flamestream-benchmarks-worker-79=akka://worker@flamestream-benchmarks-worker-79:5412/user/watcher/processing-watcher/graph, flamestream-benchmarks-worker-78=akka://worker@flamestream-benchmarks-worker-78:5412/user/watcher/processing-watcher/graph, flamestream-benchmarks-worker-77=akka://worker@flamestream-benchmarks-worker-77:5412/user/watcher/processing-watcher/graph, flamestream-benchmarks-worker-76=akka://worker@flamestream-benchmarks-worker-76:5412/user/watcher/processing-watcher/graph, flamestream-benchmarks-worker-75=akka://worker@flamestream-benchmarks-worker-75:5412/user/watcher/processing-watcher/graph, flamestream-benchmarks-worker-41=akka://worker@flamestream-benchmarks-worker-41:5412/user/watcher/processing-watcher/graph, flamestream-benchmarks-worker-40=akka://worker@flamestream-benchmarks-worker-40:5412/user/watcher/processing-watcher/graph, flamestream-benchmarks-worker-49=akka://worker@flamestream-benchmarks-worker-49:5412/user/watcher/processing-watcher/graph, flamestream-benchmarks-worker-48=akka://worker@flamestream-benchmarks-worker-48:5412/user/watcher/processing-watcher/graph, flamestream-benchmarks-worker-47=akka://worker@flamestream-benchmarks-worker-47:5412/user/watcher/processing-watcher/graph, flamestream-benchmarks-worker-46=akka://worker@flamestream-benchmarks-worker-46:5412/user/watcher/processing-watcher/graph, flamestream-benchmarks-worker-45=akka://worker@flamestream-benchmarks-worker-45:5412/user/watcher/processing-watcher/graph, flamestream-benchmarks-worker-44=akka://worker@flamestream-benchmarks-worker-44:5412/user/watcher/processing-watcher/graph, flamestream-benchmarks-worker-43=akka://worker@flamestream-benchmarks-worker-43:5412/user/watcher/processing-watcher/graph, flamestream-benchmarks-worker-42=akka://worker@flamestream-benchmarks-worker-42:5412/user/watcher/processing-watcher/graph, flamestream-benchmarks-worker-52=akka://worker@flamestream-benchmarks-worker-52:5412/user/watcher/processing-watcher/graph, flamestream-benchmarks-worker-51=akka://worker@flamestream-benchmarks-worker-51:5412/user/watcher/processing-watcher/graph, flamestream-benchmarks-worker-50=akka://worker@flamestream-benchmarks-worker-50:5412/user/watcher/processing-watcher/graph, flamestream-benchmarks-worker-59=akka://worker@flamestream-benchmarks-worker-59:5412/user/watcher/processing-watcher/graph, flamestream-benchmarks-worker-58=akka://worker@flamestream-benchmarks-worker-58:5412/user/watcher/processing-watcher/graph, flamestream-benchmarks-worker-57=akka://worker@flamestream-benchmarks-worker-57:5412/user/watcher/processing-watcher/graph, flamestream-benchmarks-worker-56=akka://worker@flamestream-benchmarks-worker-56:5412/user/watcher/processing-watcher/graph, flamestream-benchmarks-worker-55=akka://worker@flamestream-benchmarks-worker-55:5412/user/watcher/processing-watcher/graph, flamestream-benchmarks-worker-54=akka://worker@flamestream-benchmarks-worker-54:5412/user/watcher/processing-watcher/graph, flamestream-benchmarks-worker-53=akka://worker@flamestream-benchmarks-worker-53:5412/user/watcher/processing-watcher/graph, flamestream-benchmarks-worker-29=akka://worker@flamestream-benchmarks-worker-29:5412/user/watcher/processing-watcher/graph, flamestream-benchmarks-worker-28=akka://worker@flamestream-benchmarks-worker-28:5412/user/watcher/processing-watcher/graph, flamestream-benchmarks-worker-27=akka://worker@flamestream-benchmarks-worker-27:5412/user/watcher/processing-watcher/graph, flamestream-benchmarks-worker-26=akka://worker@flamestream-benchmarks-worker-26:5412/user/watcher/processing-watcher/graph, flamestream-benchmarks-worker-25=akka://worker@flamestream-benchmarks-worker-25:5412/user/watcher/processing-watcher/graph, flamestream-benchmarks-worker-24=akka://worker@flamestream-benchmarks-worker-24:5412/user/watcher/processing-watcher/graph, flamestream-benchmarks-worker-23=akka://worker@flamestream-benchmarks-worker-23:5412/user/watcher/processing-watcher/graph, flamestream-benchmarks-worker-22=akka://worker@flamestream-benchmarks-worker-22:5412/user/watcher/processing-watcher/graph, flamestream-benchmarks-worker-21=akka://worker@flamestream-benchmarks-worker-21:5412/user/watcher/processing-watcher/graph, flamestream-benchmarks-worker-20=akka://worker@flamestream-benchmarks-worker-20:5412/user/watcher/processing-watcher/graph, flamestream-benchmarks-worker-30=akka://worker@flamestream-benchmarks-worker-30:5412/user/watcher/processing-watcher/graph, flamestream-benchmarks-worker-39=akka://worker@flamestream-benchmarks-worker-39:5412/user/watcher/processing-watcher/graph, flamestream-benchmarks-worker-38=akka://worker@flamestream-benchmarks-worker-38:5412/user/watcher/processing-watcher/graph, flamestream-benchmarks-worker-37=akka://worker@flamestream-benchmarks-worker-37:5412/user/watcher/processing-watcher/graph, flamestream-benchmarks-worker-36=akka://worker@flamestream-benchmarks-worker-36:5412/user/watcher/processing-watcher/graph, flamestream-benchmarks-worker-35=akka://worker@flamestream-benchmarks-worker-35:5412/user/watcher/processing-watcher/graph, flamestream-benchmarks-worker-34=akka://worker@flamestream-benchmarks-worker-34:5412/user/watcher/processing-watcher/graph, flamestream-benchmarks-worker-33=akka://worker@flamestream-benchmarks-worker-33:5412/user/watcher/processing-watcher/graph, flamestream-benchmarks-worker-32=akka://worker@flamestream-benchmarks-worker-32:5412/user/watcher/processing-watcher/graph, flamestream-benchmarks-worker-31=akka://worker@flamestream-benchmarks-worker-31:5412/user/watcher/processing-watcher/graph}}'
11:03:29.803 [worker-akka.actor.default-dispatcher-15] INFO  a.a.LocalActorRef akka://worker/user/watcher/processing-watcher/graph/negotiator - Requesting ticket for the frontClass FlameSocketGraphDeployerFront@flamestream-benchmarks-worker-2
11:03:29.862 [worker-akka.actor.default-dispatcher-6] INFO  c.s.f.r.e.s.SocketRear  - FlameSocketGraphDeployerRear@flamestream-benchmarks-worker-2: connecting to flamestream-benchmarks-manager:5678
11:03:29.879 [worker-akka.actor.default-dispatcher-11] INFO  a.a.LocalActorRef akka://worker/user/watcher/processing-watcher/graph/edge/FlameSocketGraphDeployerFront - Starting...
11:03:29.885 [worker-akka.actor.default-dispatcher-6] INFO  c.s.f.r.e.s.SocketRear  - FlameSocketGraphDeployerRear@flamestream-benchmarks-worker-2: connected to flamestream-benchmarks-manager:5678
11:03:29.886 [worker-akka.actor.default-dispatcher-6] INFO  a.a.LocalActorRef akka://worker/user/watcher/processing-watcher/graph/edge/FlameSocketGraphDeployerRear - Starting...
11:03:30.076 [worker-akka.actor.default-dispatcher-9] INFO  a.a.LocalActorRef akka://worker/user/watcher/processing-watcher/graph/graph - Received last commit 'LastCommit{globalTime=(0000000, min@min)}'
11:03:30.325 [worker-akka.actor.default-dispatcher-6] INFO  a.a.LocalActorRef akka://worker/user/watcher/processing-watcher/graph/negotiator - Ticket for the frontClass received: FrontTicket{allowedTimestamp=(0000000, FlameSocketGraphDeployerFront@flamestream-benchmarks-worker-2)}
11:03:30.329 [worker-akka.actor.default-dispatcher-9] INFO  a.a.LocalActorRef akka://worker/user/watcher/processing-watcher/graph/graph/$a - Starting...
11:03:30.330 [worker-akka.actor.default-dispatcher-9] INFO  c.s.f.r.e.s.SocketFront  - FlameSocketGraphDeployerFront@flamestream-benchmarks-worker-2: connecting to flamestream-benchmarks-manager:4567
11:03:30.333 [worker-akka.actor.default-dispatcher-6] INFO  a.a.LocalActorRef akka://worker/user/watcher/processing-watcher/graph/graph/$b - Starting...
11:03:30.337 [worker-akka.actor.default-dispatcher-6] INFO  a.a.LocalActorRef akka://worker/user/watcher/processing-watcher/graph/graph/$c - Starting...
11:03:30.348 [worker-akka.actor.default-dispatcher-6] INFO  a.a.LocalActorRef akka://worker/user/watcher/processing-watcher/graph/graph/$d - Starting...
11:03:30.348 [worker-akka.actor.default-dispatcher-6] INFO  a.a.LocalActorRef akka://worker/user/watcher/processing-watcher/graph/graph/$e - Starting...
11:03:30.348 [worker-akka.actor.default-dispatcher-6] INFO  a.a.LocalActorRef akka://worker/user/watcher/processing-watcher/graph/graph/$f - Starting...
11:03:30.348 [worker-akka.actor.default-dispatcher-6] INFO  a.a.LocalActorRef akka://worker/user/watcher/processing-watcher/graph/graph/$g - Starting...
11:03:30.357 [worker-akka.actor.default-dispatcher-6] INFO  a.a.LocalActorRef akka://worker/user/watcher/processing-watcher/graph/graph/$h - Starting...
11:03:30.359 [worker-akka.actor.default-dispatcher-16] INFO  a.a.LocalActorRef akka://worker/user/watcher/processing-watcher/graph/graph/$i - Starting...
11:03:30.360 [worker-akka.actor.default-dispatcher-6] INFO  a.a.LocalActorRef akka://worker/user/watcher/processing-watcher/graph/graph/$j - Starting...
11:03:30.362 [worker-akka.actor.default-dispatcher-6] INFO  a.a.LocalActorRef akka://worker/user/watcher/processing-watcher/graph/graph/$k - Starting...
11:03:30.363 [worker-akka.actor.default-dispatcher-6] INFO  a.a.LocalActorRef akka://worker/user/watcher/processing-watcher/graph/graph/$l - Starting...
11:03:30.366 [worker-akka.actor.default-dispatcher-6] INFO  a.a.LocalActorRef akka://worker/user/watcher/processing-watcher/graph/graph/$m - Starting...
11:03:30.367 [worker-akka.actor.default-dispatcher-6] INFO  a.a.LocalActorRef akka://worker/user/watcher/processing-watcher/graph/graph/$n - Starting...
11:03:30.368 [worker-akka.actor.default-dispatcher-6] INFO  a.a.LocalActorRef akka://worker/user/watcher/processing-watcher/graph/graph/$o - Starting...
11:03:30.374 [worker-akka.actor.default-dispatcher-6] INFO  a.a.LocalActorRef akka://worker/user/watcher/processing-watcher/graph/graph/$p - Starting...
11:03:30.376 [worker-akka.actor.default-dispatcher-6] INFO  a.a.LocalActorRef akka://worker/user/watcher/processing-watcher/graph/graph/$q - Starting...
11:03:30.380 [worker-akka.actor.default-dispatcher-6] INFO  a.a.LocalActorRef akka://worker/user/watcher/processing-watcher/graph/graph/$r - Starting...
11:03:30.382 [worker-akka.actor.default-dispatcher-6] INFO  a.a.LocalActorRef akka://worker/user/watcher/processing-watcher/graph/graph/$s - Starting...
11:03:30.383 [worker-akka.actor.default-dispatcher-6] INFO  a.a.LocalActorRef akka://worker/user/watcher/processing-watcher/graph/graph/$t - Starting...
11:03:30.384 [worker-akka.actor.default-dispatcher-16] INFO  a.a.LocalActorRef akka://worker/user/watcher/processing-watcher/graph/graph/$u - Starting...
11:03:30.387 [worker-akka.actor.default-dispatcher-6] INFO  a.a.LocalActorRef akka://worker/user/watcher/processing-watcher/graph/graph/$v - Starting...
11:03:30.389 [worker-akka.actor.default-dispatcher-6] INFO  a.a.LocalActorRef akka://worker/user/watcher/processing-watcher/graph/graph/$w - Starting...
11:03:30.391 [worker-akka.actor.default-dispatcher-6] INFO  a.a.LocalActorRef akka://worker/user/watcher/processing-watcher/graph/graph/$x - Starting...
11:03:30.392 [worker-akka.actor.default-dispatcher-6] INFO  a.a.LocalActorRef akka://worker/user/watcher/processing-watcher/graph/graph/$y - Starting...
11:03:30.393 [worker-akka.actor.default-dispatcher-6] INFO  a.a.LocalActorRef akka://worker/user/watcher/processing-watcher/graph/graph/$z - Starting...
11:03:30.395 [worker-akka.actor.default-dispatcher-6] INFO  a.a.LocalActorRef akka://worker/user/watcher/processing-watcher/graph/graph/$A - Starting...
11:03:30.397 [worker-akka.actor.default-dispatcher-6] INFO  a.a.LocalActorRef akka://worker/user/watcher/processing-watcher/graph/graph/$B - Starting...
11:03:30.398 [worker-akka.actor.default-dispatcher-6] INFO  a.a.LocalActorRef akka://worker/user/watcher/processing-watcher/graph/graph/$C - Starting...
11:03:30.401 [worker-akka.actor.default-dispatcher-6] INFO  a.a.LocalActorRef akka://worker/user/watcher/processing-watcher/graph/graph/$D - Starting...
11:03:30.402 [worker-akka.actor.default-dispatcher-6] INFO  a.a.LocalActorRef akka://worker/user/watcher/processing-watcher/graph/graph/$E - Starting...
11:03:30.404 [worker-akka.actor.default-dispatcher-6] INFO  a.a.LocalActorRef akka://worker/user/watcher/processing-watcher/graph/graph/$F - Starting...
11:03:30.405 [worker-akka.actor.default-dispatcher-6] INFO  a.a.LocalActorRef akka://worker/user/watcher/processing-watcher/graph/graph/$G - Starting...
11:03:30.410 [worker-akka.actor.default-dispatcher-6] INFO  a.a.LocalActorRef akka://worker/user/watcher/processing-watcher/graph/graph/$H - Starting...
11:03:30.412 [worker-akka.actor.default-dispatcher-6] INFO  a.a.LocalActorRef akka://worker/user/watcher/processing-watcher/graph/graph/$I - Starting...
11:03:30.416 [worker-akka.actor.default-dispatcher-6] INFO  a.a.LocalActorRef akka://worker/user/watcher/acker - Unregistering front FlameSocketGraphDeployerFront@flamestream-benchmarks-worker-0
11:03:30.445 [worker-akka.actor.default-dispatcher-6] INFO  a.a.LocalActorRef akka://worker/user/watcher/processing-watcher/graph/graph/$J - Starting...
11:03:30.447 [worker-akka.actor.default-dispatcher-9] INFO  a.a.LocalActorRef akka://worker/user/watcher/processing-watcher/graph/graph/$K - Starting...
11:03:30.450 [Client] INFO  c.s.f.r.e.s.SocketFront  - FlameSocketGraphDeployerFront@flamestream-benchmarks-worker-2 has been disconnected from Connection 2
11:03:30.453 [worker-akka.actor.default-dispatcher-6] INFO  a.a.LocalActorRef akka://worker/user/watcher/processing-watcher/graph/graph/$L - Starting...
11:03:30.455 [worker-akka.actor.default-dispatcher-6] INFO  a.a.LocalActorRef akka://worker/user/watcher/processing-watcher/graph/graph/$M - Starting...
11:03:30.456 [worker-akka.actor.default-dispatcher-6] INFO  a.a.LocalActorRef akka://worker/user/watcher/processing-watcher/graph/graph/$N - Starting...
11:03:30.458 [worker-akka.actor.default-dispatcher-6] INFO  a.a.LocalActorRef akka://worker/user/watcher/processing-watcher/graph/graph/$O - Starting...
11:03:30.458 [worker-akka.actor.default-dispatcher-6] INFO  a.a.LocalActorRef akka://worker/user/watcher/processing-watcher/graph/graph/$P - Starting...
11:03:30.463 [worker-akka.actor.default-dispatcher-6] INFO  a.a.LocalActorRef akka://worker/user/watcher/processing-watcher/graph/graph/$Q - Starting...
11:03:30.466 [worker-akka.actor.default-dispatcher-6] INFO  a.a.LocalActorRef akka://worker/user/watcher/processing-watcher/graph/graph/$R - Starting...
11:03:30.468 [worker-akka.actor.default-dispatcher-6] INFO  a.a.LocalActorRef akka://worker/user/watcher/processing-watcher/graph/graph/$S - Starting...
11:03:30.470 [worker-akka.actor.default-dispatcher-6] INFO  a.a.LocalActorRef akka://worker/user/watcher/processing-watcher/graph/graph/$T - Starting...
11:03:30.473 [worker-akka.actor.default-dispatcher-6] INFO  a.a.LocalActorRef akka://worker/user/watcher/processing-watcher/graph/graph/$U - Starting...
11:03:30.474 [worker-akka.actor.default-dispatcher-6] INFO  a.a.LocalActorRef akka://worker/user/watcher/processing-watcher/graph/graph/$V - Starting...
11:03:30.477 [worker-akka.actor.default-dispatcher-6] INFO  a.a.LocalActorRef akka://worker/user/watcher/processing-watcher/graph/graph/$W - Starting...
11:03:30.478 [worker-akka.actor.default-dispatcher-16] INFO  a.a.LocalActorRef akka://worker/user/watcher/processing-watcher/graph/graph/$X - Starting...
11:03:30.483 [worker-akka.actor.default-dispatcher-16] INFO  a.a.LocalActorRef akka://worker/user/watcher/processing-watcher/graph/graph/$Y - Starting...
11:03:30.484 [worker-akka.actor.default-dispatcher-16] INFO  a.a.LocalActorRef akka://worker/user/watcher/processing-watcher/graph/graph/$Z - Starting...
11:03:30.484 [worker-akka.actor.default-dispatcher-16] INFO  a.a.LocalActorRef akka://worker/user/watcher/processing-watcher/graph/graph/$0 - Starting...
11:03:30.484 [worker-akka.actor.default-dispatcher-16] INFO  a.a.LocalActorRef akka://worker/user/watcher/processing-watcher/graph/graph/$1 - Starting...
11:03:30.484 [worker-akka.actor.default-dispatcher-16] INFO  a.a.LocalActorRef akka://worker/user/watcher/processing-watcher/graph/graph/$2 - Starting...
11:03:30.494 [worker-akka.actor.default-dispatcher-6] INFO  a.a.LocalActorRef akka://worker/user/watcher/processing-watcher/graph/graph/$3 - Starting...
11:03:30.513 [worker-akka.actor.default-dispatcher-6] INFO  a.a.LocalActorRef akka://worker/user/watcher/acker - Unregistering front FlameSocketGraphDeployerFront@flamestream-benchmarks-worker-1
11:03:30.519 [worker-akka.actor.default-dispatcher-6] INFO  a.a.LocalActorRef akka://worker/user/watcher/processing-watcher/graph/graph/$4 - Starting...
11:03:30.521 [worker-akka.actor.default-dispatcher-6] INFO  a.a.LocalActorRef akka://worker/user/watcher/processing-watcher/graph/graph/$5 - Starting...
11:03:30.522 [worker-akka.actor.default-dispatcher-6] INFO  a.a.LocalActorRef akka://worker/user/watcher/processing-watcher/graph/graph/$6 - Starting...
11:03:30.522 [worker-akka.actor.default-dispatcher-6] INFO  a.a.LocalActorRef akka://worker/user/watcher/processing-watcher/graph/graph/$7 - Starting...
11:03:30.524 [worker-akka.actor.default-dispatcher-6] INFO  a.a.LocalActorRef akka://worker/user/watcher/processing-watcher/graph/graph/$8 - Starting...
11:03:30.524 [worker-akka.actor.default-dispatcher-6] INFO  a.a.LocalActorRef akka://worker/user/watcher/processing-watcher/graph/graph/$9 - Starting...
11:03:30.543 [worker-akka.actor.default-dispatcher-6] INFO  a.a.LocalActorRef akka://worker/user/watcher/processing-watcher/graph/graph/$+ - Starting...
11:03:30.547 [worker-akka.actor.default-dispatcher-6] INFO  a.a.LocalActorRef akka://worker/user/watcher/processing-watcher/graph/graph/$~ - Starting...
11:03:30.548 [worker-akka.actor.default-dispatcher-6] INFO  a.a.LocalActorRef akka://worker/user/watcher/processing-watcher/graph/graph/$ab - Starting...
11:03:30.548 [worker-akka.actor.default-dispatcher-6] INFO  a.a.LocalActorRef akka://worker/user/watcher/processing-watcher/graph/graph/$bb - Starting...
11:03:30.550 [worker-akka.actor.default-dispatcher-16] INFO  a.a.LocalActorRef akka://worker/user/watcher/processing-watcher/graph/graph/$cb - Starting...
11:03:30.550 [worker-akka.actor.default-dispatcher-16] INFO  a.a.LocalActorRef akka://worker/user/watcher/processing-watcher/graph/graph/$db - Starting...
11:03:30.551 [worker-akka.actor.default-dispatcher-16] INFO  a.a.LocalActorRef akka://worker/user/watcher/processing-watcher/graph/graph/$eb - Starting...
11:03:30.551 [worker-akka.actor.default-dispatcher-16] INFO  a.a.LocalActorRef akka://worker/user/watcher/processing-watcher/graph/graph/$fb - Starting...
11:03:30.556 [worker-akka.actor.default-dispatcher-16] INFO  a.a.LocalActorRef akka://worker/user/watcher/processing-watcher/graph/graph/$gb - Starting...
11:03:30.556 [worker-akka.actor.default-dispatcher-16] INFO  a.a.LocalActorRef akka://worker/user/watcher/processing-watcher/graph/graph/$hb - Starting...
11:03:30.557 [worker-akka.actor.default-dispatcher-16] INFO  a.a.LocalActorRef akka://worker/user/watcher/processing-watcher/graph/graph/$ib - Starting...
11:03:30.557 [worker-akka.actor.default-dispatcher-16] INFO  a.a.LocalActorRef akka://worker/user/watcher/processing-watcher/graph/graph/$jb - Starting...
11:03:30.557 [worker-akka.actor.default-dispatcher-16] INFO  a.a.LocalActorRef akka://worker/user/watcher/processing-watcher/graph/graph/$kb - Starting...
11:03:30.557 [worker-akka.actor.default-dispatcher-16] INFO  a.a.LocalActorRef akka://worker/user/watcher/processing-watcher/graph/graph/$lb - Starting...
11:03:30.557 [worker-akka.actor.default-dispatcher-16] INFO  a.a.LocalActorRef akka://worker/user/watcher/processing-watcher/graph/graph/$mb - Starting...
11:03:30.557 [worker-akka.actor.default-dispatcher-16] INFO  a.a.LocalActorRef akka://worker/user/watcher/processing-watcher/graph/graph/$nb - Starting...
11:03:30.557 [worker-akka.actor.default-dispatcher-16] INFO  a.a.LocalActorRef akka://worker/user/watcher/processing-watcher/graph/graph/$ob - Starting...
11:03:30.557 [worker-akka.actor.default-dispatcher-16] INFO  a.a.LocalActorRef akka://worker/user/watcher/processing-watcher/graph/graph/$pb - Starting...
11:03:30.557 [worker-akka.actor.default-dispatcher-11] INFO  a.a.LocalActorRef akka://worker/user/watcher/processing-watcher/graph/graph/$qb - Starting...
11:03:30.558 [worker-akka.actor.default-dispatcher-16] INFO  a.a.LocalActorRef akka://worker/user/watcher/processing-watcher/graph/graph/$rb - Starting...
11:03:30.563 [worker-akka.actor.default-dispatcher-6] INFO  a.a.LocalActorRef akka://worker/user/watcher/processing-watcher/graph/graph/$sb - Starting...
11:03:30.565 [worker-akka.actor.default-dispatcher-6] INFO  a.a.LocalActorRef akka://worker/user/watcher/processing-watcher/graph/graph/$3 - Attached rear to graph (-9223372036854775808, min@min)
11:03:30.565 [worker-akka.actor.default-dispatcher-6] INFO  a.a.LocalActorRef akka://worker/user/watcher/processing-watcher/graph/graph/$tb - Starting...
11:03:30.565 [worker-akka.actor.default-dispatcher-6] INFO  a.a.LocalActorRef akka://worker/user/watcher/processing-watcher/graph/graph/$ub - Starting...
11:03:30.565 [worker-akka.actor.default-dispatcher-6] INFO  a.a.LocalActorRef akka://worker/user/watcher/processing-watcher/graph/graph/$vb - Starting...
11:03:30.565 [worker-akka.actor.default-dispatcher-6] INFO  a.a.LocalActorRef akka://worker/user/watcher/processing-watcher/graph/graph/$wb - Starting...
11:03:30.565 [worker-akka.actor.default-dispatcher-11] INFO  a.a.LocalActorRef akka://worker/user/watcher/processing-watcher/graph/graph/$xb - Starting...
11:03:30.565 [worker-akka.actor.default-dispatcher-11] INFO  a.a.LocalActorRef akka://worker/user/watcher/processing-watcher/graph/graph/$yb - Starting...
11:03:30.565 [worker-akka.actor.default-dispatcher-11] INFO  a.a.LocalActorRef akka://worker/user/watcher/processing-watcher/graph/graph/$zb - Starting...
11:03:30.566 [worker-akka.actor.default-dispatcher-11] INFO  a.a.LocalActorRef akka://worker/user/watcher/processing-watcher/graph/graph/$Ab - Starting...
11:03:30.566 [worker-akka.actor.default-dispatcher-11] INFO  a.a.LocalActorRef akka://worker/user/watcher/processing-watcher/graph/graph/$Bb - Starting...
11:03:30.566 [worker-akka.actor.default-dispatcher-11] INFO  a.a.LocalActorRef akka://worker/user/watcher/processing-watcher/graph/graph/$Cb - Starting...
11:03:30.566 [worker-akka.actor.default-dispatcher-11] INFO  a.a.LocalActorRef akka://worker/user/watcher/processing-watcher/graph/graph/$Db - Starting...
11:03:30.570 [worker-akka.actor.default-dispatcher-6] INFO  a.a.LocalActorRef akka://worker/user/watcher/processing-watcher/graph/graph/$Eb - Starting...
11:03:30.571 [worker-akka.actor.default-dispatcher-6] INFO  a.a.LocalActorRef akka://worker/user/watcher/processing-watcher/graph/graph/$Fb - Starting...
11:03:30.571 [worker-akka.actor.default-dispatcher-6] INFO  a.a.LocalActorRef akka://worker/user/watcher/processing-watcher/graph/graph/$Gb - Starting...
11:03:30.571 [worker-akka.actor.default-dispatcher-6] INFO  a.a.LocalActorRef akka://worker/user/watcher/processing-watcher/graph/graph/$Hb - Starting...
11:03:30.571 [worker-akka.actor.default-dispatcher-6] INFO  a.a.LocalActorRef akka://worker/user/watcher/processing-watcher/graph/graph/$Ib - Starting...
11:03:30.571 [worker-akka.actor.default-dispatcher-18] INFO  a.a.LocalActorRef akka://worker/user/watcher/processing-watcher/graph/graph/$Jb - Starting...
11:03:30.571 [worker-akka.actor.default-dispatcher-18] INFO  a.a.LocalActorRef akka://worker/user/watcher/processing-watcher/graph/graph/$Kb - Starting...
11:03:30.571 [worker-akka.actor.default-dispatcher-18] INFO  a.a.LocalActorRef akka://worker/user/watcher/processing-watcher/graph/graph/$Lb - Starting...
11:03:30.572 [worker-akka.actor.default-dispatcher-18] INFO  a.a.LocalActorRef akka://worker/user/watcher/processing-watcher/graph/graph/$Mb - Starting...
11:03:30.572 [worker-akka.actor.default-dispatcher-18] INFO  a.a.LocalActorRef akka://worker/user/watcher/processing-watcher/graph/graph/$Nb - Starting...
11:03:30.612 [worker-akka.actor.default-dispatcher-16] INFO  a.a.LocalActorRef akka://worker/user/watcher/acker - Unregistering front FlameSocketGraphDeployerFront@flamestream-benchmarks-worker-2
2019-10-05T11:04:17.114+0000: 104.007: [GC (Allocation Failure) 2019-10-05T11:04:17.114+0000: 104.007: [DefNew: 409600K->44798K(460800K), 0.0915849 secs] 435514K->90244K(1484800K), 0.0916917 secs] [Times: user=0.06 sys=0.03, real=0.09 secs] 
2019-10-05T11:04:20.078+0000: 106.971: [GC (Allocation Failure) 2019-10-05T11:04:20.078+0000: 106.971: [DefNew: 454398K->206K(460800K), 0.0594856 secs] 499844K->87642K(1484800K), 0.0595692 secs] [Times: user=0.04 sys=0.02, real=0.06 secs] 
2019-10-05T11:04:23.108+0000: 110.001: [GC (Allocation Failure) 2019-10-05T11:04:23.108+0000: 110.001: [DefNew: 409806K->256K(460800K), 0.0036100 secs] 497242K->87693K(1484800K), 0.0037029 secs] [Times: user=0.00 sys=0.00, real=0.00 secs] 
2019-10-05T11:04:25.196+0000: 112.091: [GC (Allocation Failure) 2019-10-05T11:04:25.198+0000: 112.091: [DefNew: 409856K->357K(460800K), 0.0034309 secs] 497293K->87793K(1484800K), 0.0048920 secs] [Times: user=0.01 sys=0.00, real=0.00 secs] 
2019-10-05T11:04:28.670+0000: 115.563: [GC (Allocation Failure) 2019-10-05T11:04:28.670+0000: 115.563: [DefNew: 409957K->250K(460800K), 0.0037640 secs] 497393K->87687K(1484800K), 0.0038578 secs] [Times: user=0.00 sys=0.01, real=0.00 secs] 
2019-10-05T11:04:31.109+0000: 118.002: [GC (Allocation Failure) 2019-10-05T11:04:31.109+0000: 118.002: [DefNew: 409850K->159K(460800K), 0.0034544 secs] 497287K->87596K(1484800K), 0.0035553 secs] [Times: user=0.00 sys=0.00, real=0.00 secs] 
2019-10-05T11:04:34.082+0000: 120.975: [GC (Allocation Failure) 2019-10-05T11:04:34.082+0000: 120.975: [DefNew: 409759K->159K(460800K), 0.0035349 secs] 497196K->87595K(1484800K), 0.0036325 secs] [Times: user=0.01 sys=0.00, real=0.00 secs] 
2019-10-05T11:04:37.402+0000: 124.295: [GC (Allocation Failure) 2019-10-05T11:04:37.402+0000: 124.295: [DefNew: 409759K->364K(460800K), 0.0043770 secs] 497195K->87800K(1484800K), 0.0044852 secs] [Times: user=0.00 sys=0.00, real=0.01 secs] 
2019-10-05T11:04:40.474+0000: 127.367: [GC (Allocation Failure) 2019-10-05T11:04:40.474+0000: 127.367: [DefNew: 409964K->410K(460800K), 0.0038341 secs] 497400K->87847K(1484800K), 0.0039277 secs] [Times: user=0.01 sys=0.00, real=0.01 secs] 
2019-10-05T11:04:43.641+0000: 130.535: [GC (Allocation Failure) 2019-10-05T11:04:43.642+0000: 130.535: [DefNew: 410010K->480K(460800K), 0.0039858 secs] 497447K->87917K(1484800K), 0.0040786 secs] [Times: user=0.01 sys=0.00, real=0.00 secs] 
2019-10-05T11:04:46.998+0000: 133.891: [GC (Allocation Failure) 2019-10-05T11:04:46.998+0000: 133.891: [DefNew: 410080K->566K(460800K), 0.0039717 secs] 497517K->88002K(1484800K), 0.0040686 secs] [Times: user=0.00 sys=0.01, real=0.00 secs] 
2019-10-05T11:04:50.534+0000: 137.427: [GC (Allocation Failure) 2019-10-05T11:04:50.534+0000: 137.427: [DefNew: 410166K->748K(460800K), 0.0042960 secs] 497602K->88184K(1484800K), 0.0044132 secs] [Times: user=0.01 sys=0.00, real=0.01 secs] 
2019-10-05T11:04:53.715+0000: 140.608: [GC (Allocation Failure) 2019-10-05T11:04:53.715+0000: 140.608: [DefNew: 410348K->767K(460800K), 0.0058663 secs] 497784K->88203K(1484800K), 0.0059661 secs] [Times: user=0.01 sys=0.00, real=0.00 secs] 
2019-10-05T11:04:56.832+0000: 143.725: [GC (Allocation Failure) 2019-10-05T11:04:56.832+0000: 143.725: [DefNew: 410367K->768K(460800K), 0.0041837 secs] 497803K->88204K(1484800K), 0.0042738 secs] [Times: user=0.01 sys=0.00, real=0.01 secs] 
2019-10-05T11:05:00.181+0000: 147.074: [GC (Allocation Failure) 2019-10-05T11:05:00.181+0000: 147.074: [DefNew: 410368K->876K(460800K), 0.0042646 secs] 497804K->88312K(1484800K), 0.0043738 secs] [Times: user=0.00 sys=0.00, real=0.00 secs] 
2019-10-05T11:05:03.243+0000: 150.136: [GC (Allocation Failure) 2019-10-05T11:05:03.243+0000: 150.136: [DefNew: 410476K->854K(460800K), 0.0043781 secs] 497912K->88290K(1484800K), 0.0044908 secs] [Times: user=0.00 sys=0.00, real=0.01 secs] 
2019-10-05T11:05:06.252+0000: 153.145: [GC (Allocation Failure) 2019-10-05T11:05:06.252+0000: 153.145: [DefNew: 410454K->858K(460800K), 0.0044466 secs] 497890K->88316K(1484800K), 0.0045595 secs] [Times: user=0.00 sys=0.00, real=0.01 secs] 
2019-10-05T11:05:09.279+0000: 156.172: [GC (Allocation Failure) 2019-10-05T11:05:09.279+0000: 156.172: [DefNew: 410458K->813K(460800K), 0.0041901 secs] 497916K->88289K(1484800K), 0.0042909 secs] [Times: user=0.01 sys=0.00, real=0.00 secs] 
2019-10-05T11:05:12.277+0000: 159.170: [GC (Allocation Failure) 2019-10-05T11:05:12.277+0000: 159.170: [DefNew: 410413K->823K(460800K), 0.0042465 secs] 497889K->88299K(1484800K), 0.0043550 secs] [Times: user=0.00 sys=0.00, real=0.00 secs] 
2019-10-05T11:05:15.272+0000: 162.165: [GC (Allocation Failure) 2019-10-05T11:05:15.272+0000: 162.165: [DefNew: 410423K->845K(460800K), 0.0040768 secs] 497899K->88323K(1484800K), 0.0041797 secs] [Times: user=0.00 sys=0.00, real=0.01 secs] 
2019-10-05T11:05:18.271+0000: 165.164: [GC (Allocation Failure) 2019-10-05T11:05:18.271+0000: 165.164: [DefNew: 410445K->809K(460800K), 0.0041792 secs] 497923K->88289K(1484800K), 0.0042742 secs] [Times: user=0.01 sys=0.00, real=0.01 secs] 
2019-10-05T11:05:21.310+0000: 168.203: [GC (Allocation Failure) 2019-10-05T11:05:21.310+0000: 168.203: [DefNew: 410409K->809K(460800K), 0.0040004 secs] 497889K->88290K(1484800K), 0.0040865 secs] [Times: user=0.01 sys=0.00, real=0.00 secs] 
2019-10-05T11:05:24.329+0000: 171.222: [GC (Allocation Failure) 2019-10-05T11:05:24.329+0000: 171.222: [DefNew: 410409K->596K(460800K), 0.0042405 secs] 497890K->88290K(1484800K), 0.0043304 secs] [Times: user=0.00 sys=0.00, real=0.00 secs] 
2019-10-05T11:05:27.358+0000: 174.251: [GC (Allocation Failure) 2019-10-05T11:05:27.358+0000: 174.251: [DefNew: 410196K->546K(460800K), 0.0038734 secs] 497890K->88298K(1484800K), 0.0039721 secs] [Times: user=0.00 sys=0.00, real=0.00 secs] 
2019-10-05T11:05:30.412+0000: 177.305: [GC (Allocation Failure) 2019-10-05T11:05:30.412+0000: 177.305: [DefNew: 410146K->480K(460800K), 0.0038932 secs] 497898K->88290K(1484800K), 0.0039820 secs] [Times: user=0.00 sys=0.00, real=0.01 secs] 
2019-10-05T11:05:33.409+0000: 180.302: [GC (Allocation Failure) 2019-10-05T11:05:33.409+0000: 180.302: [DefNew: 410080K->394K(460800K), 0.0038004 secs] 497890K->88290K(1484800K), 0.0040242 secs] [Times: user=0.01 sys=0.00, real=0.00 secs] 
2019-10-05T11:05:36.466+0000: 183.359: [GC (Allocation Failure) 2019-10-05T11:05:36.466+0000: 183.359: [DefNew: 409994K->526K(460800K), 0.0044728 secs] 497890K->88495K(1484800K), 0.0045742 secs] [Times: user=0.01 sys=0.00, real=0.01 secs] 
2019-10-05T11:05:39.652+0000: 186.545: [GC (Allocation Failure) 2019-10-05T11:05:39.652+0000: 186.545: [DefNew: 410126K->469K(460800K), 0.0039548 secs] 498095K->88509K(1484800K), 0.0040565 secs] [Times: user=0.00 sys=0.00, real=0.01 secs] 
2019-10-05T11:05:42.927+0000: 189.820: [GC (Allocation Failure) 2019-10-05T11:05:42.927+0000: 189.820: [DefNew: 410069K->435K(460800K), 0.0037694 secs] 498109K->88533K(1484800K), 0.0038685 secs] [Times: user=0.01 sys=0.00, real=0.00 secs] 
2019-10-05T11:05:46.039+0000: 192.932: [GC (Allocation Failure) 2019-10-05T11:05:46.039+0000: 192.933: [DefNew: 410035K->438K(460800K), 0.0039472 secs] 498133K->88603K(1484800K), 0.0040505 secs] [Times: user=0.00 sys=0.00, real=0.00 secs] 
2019-10-05T11:05:49.277+0000: 196.170: [GC (Allocation Failure) 2019-10-05T11:05:49.277+0000: 196.170: [DefNew: 410038K->533K(460800K), 0.0039249 secs] 498203K->88716K(1484800K), 0.0040121 secs] [Times: user=0.00 sys=0.00, real=0.00 secs] 
2019-10-05T11:05:52.440+0000: 199.333: [GC (Allocation Failure) 2019-10-05T11:05:52.440+0000: 199.333: [DefNew: 410133K->608K(460800K), 0.0041006 secs] 498316K->88791K(1484800K), 0.0042168 secs] [Times: user=0.00 sys=0.00, real=0.00 secs] 
2019-10-05T11:05:55.594+0000: 202.487: [GC (Allocation Failure) 2019-10-05T11:05:55.594+0000: 202.487: [DefNew: 410208K->617K(460800K), 0.0039347 secs] 498391K->88800K(1484800K), 0.0040433 secs] [Times: user=0.00 sys=0.00, real=0.01 secs] 
2019-10-05T11:05:58.680+0000: 205.573: [GC (Allocation Failure) 2019-10-05T11:05:58.680+0000: 205.573: [DefNew: 410217K->681K(460800K), 0.0039923 secs] 498400K->88863K(1484800K), 0.0040878 secs] [Times: user=0.00 sys=0.00, real=0.00 secs] 
2019-10-05T11:06:01.763+0000: 208.656: [GC (Allocation Failure) 2019-10-05T11:06:01.763+0000: 208.656: [DefNew: 410281K->697K(460800K), 0.0040784 secs] 498463K->88880K(1484800K), 0.0041855 secs] [Times: user=0.00 sys=0.00, real=0.01 secs] 
2019-10-05T11:06:04.791+0000: 211.684: [GC (Allocation Failure) 2019-10-05T11:06:04.791+0000: 211.684: [DefNew: 410297K->680K(460800K), 0.0039603 secs] 498480K->88863K(1484800K), 0.0040494 secs] [Times: user=0.00 sys=0.00, real=0.01 secs] 
2019-10-05T11:06:07.824+0000: 214.717: [GC (Allocation Failure) 2019-10-05T11:06:07.824+0000: 214.717: [DefNew: 410280K->699K(460800K), 0.0038672 secs] 498463K->88882K(1484800K), 0.0039613 secs] [Times: user=0.01 sys=0.00, real=0.01 secs] 
2019-10-05T11:06:10.824+0000: 217.718: [GC (Allocation Failure) 2019-10-05T11:06:10.825+0000: 217.718: [DefNew: 410299K->679K(460800K), 0.0039636 secs] 498482K->88862K(1484800K), 0.0040663 secs] [Times: user=0.01 sys=0.00, real=0.01 secs] 
2019-10-05T11:06:13.978+0000: 220.871: [GC (Allocation Failure) 2019-10-05T11:06:13.978+0000: 220.871: [DefNew: 410279K->667K(460800K), 0.0038226 secs] 498462K->88851K(1484800K), 0.0039345 secs] [Times: user=0.00 sys=0.00, real=0.00 secs] 
2019-10-05T11:06:17.052+0000: 223.945: [GC (Allocation Failure) 2019-10-05T11:06:17.052+0000: 223.945: [DefNew: 410267K->679K(460800K), 0.0039965 secs] 498451K->88863K(1484800K), 0.0041089 secs] [Times: user=0.00 sys=0.00, real=0.01 secs] 
2019-10-05T11:06:20.154+0000: 227.047: [GC (Allocation Failure) 2019-10-05T11:06:20.154+0000: 227.047: [DefNew: 410279K->679K(460800K), 0.0039704 secs] 498463K->88863K(1484800K), 0.0040615 secs] [Times: user=0.00 sys=0.00, real=0.01 secs] 
2019-10-05T11:06:23.210+0000: 230.103: [GC (Allocation Failure) 2019-10-05T11:06:23.210+0000: 230.103: [DefNew: 410279K->511K(460800K), 0.0041019 secs] 498463K->88884K(1484800K), 0.0042495 secs] [Times: user=0.01 sys=0.00, real=0.01 secs] 
2019-10-05T11:06:26.252+0000: 233.145: [GC (Allocation Failure) 2019-10-05T11:06:26.252+0000: 233.145: [DefNew: 410111K->459K(460800K), 0.0038255 secs] 498484K->88863K(1484800K), 0.0039173 secs] [Times: user=0.00 sys=0.00, real=0.01 secs] 
2019-10-05T11:06:29.294+0000: 236.187: [GC (Allocation Failure) 2019-10-05T11:06:29.294+0000: 236.187: [DefNew: 410059K->424K(460800K), 0.0038083 secs] 498463K->88863K(1484800K), 0.0039102 secs] [Times: user=0.00 sys=0.00, real=0.01 secs] 
2019-10-05T11:06:32.353+0000: 239.246: [GC (Allocation Failure) 2019-10-05T11:06:32.353+0000: 239.246: [DefNew: 410024K->353K(460800K), 0.0037172 secs] 498463K->88863K(1484800K), 0.0038116 secs] [Times: user=0.00 sys=0.00, real=0.01 secs] 
2019-10-05T11:06:35.386+0000: 242.279: [GC (Allocation Failure) 2019-10-05T11:06:35.386+0000: 242.279: [DefNew: 409953K->287K(460800K), 0.0037025 secs] 498463K->88863K(1484800K), 0.0037927 secs] [Times: user=0.01 sys=0.00, real=0.01 secs] 
2019-10-05T11:06:38.513+0000: 245.406: [GC (Allocation Failure) 2019-10-05T11:06:38.513+0000: 245.406: [DefNew: 409887K->474K(460800K), 0.0041783 secs] 498463K->89100K(1484800K), 0.0042708 secs] [Times: user=0.00 sys=0.00, real=0.01 secs] 
2019-10-05T11:06:41.653+0000: 248.546: [GC (Allocation Failure) 2019-10-05T11:06:41.653+0000: 248.546: [DefNew: 410074K->465K(460800K), 0.0038331 secs] 498700K->89140K(1484800K), 0.0039360 secs] [Times: user=0.00 sys=0.00, real=0.01 secs] 
2019-10-05T11:06:44.808+0000: 251.701: [GC (Allocation Failure) 2019-10-05T11:06:44.808+0000: 251.701: [DefNew: 410065K->527K(460800K), 0.0040789 secs] 498740K->89247K(1484800K), 0.0041807 secs] [Times: user=0.00 sys=0.00, real=0.00 secs] 
2019-10-05T11:06:47.911+0000: 254.804: [GC (Allocation Failure) 2019-10-05T11:06:47.911+0000: 254.804: [DefNew: 410127K->505K(460800K), 0.0040552 secs] 498847K->89262K(1484800K), 0.0041607 secs] [Times: user=0.01 sys=0.00, real=0.01 secs] 
2019-10-05T11:06:51.024+0000: 257.917: [GC (Allocation Failure) 2019-10-05T11:06:51.024+0000: 257.917: [DefNew: 410105K->505K(460800K), 0.0038655 secs] 498862K->89262K(1484800K), 0.0039677 secs] [Times: user=0.01 sys=0.00, real=0.01 secs] 
2019-10-05T11:06:54.186+0000: 261.079: [GC (Allocation Failure) 2019-10-05T11:06:54.186+0000: 261.079: [DefNew: 410105K->529K(460800K), 0.0039578 secs] 498862K->89285K(1484800K), 0.0040550 secs] [Times: user=0.00 sys=0.00, real=0.01 secs] 
2019-10-05T11:06:57.257+0000: 264.150: [GC (Allocation Failure) 2019-10-05T11:06:57.257+0000: 264.150: [DefNew: 410129K->584K(460800K), 0.0040903 secs] 498885K->89341K(1484800K), 0.0041811 secs] [Times: user=0.00 sys=0.00, real=0.00 secs] 
2019-10-05T11:07:00.400+0000: 267.293: [GC (Allocation Failure) 2019-10-05T11:07:00.400+0000: 267.293: [DefNew: 410184K->574K(460800K), 0.0040164 secs] 498941K->89331K(1484800K), 0.0041009 secs] [Times: user=0.00 sys=0.01, real=0.00 secs] 
2019-10-05T11:07:03.416+0000: 270.309: [GC (Allocation Failure) 2019-10-05T11:07:03.416+0000: 270.309: [DefNew: 410174K->597K(460800K), 0.0039748 secs] 498931K->89353K(1484800K), 0.0040634 secs] [Times: user=0.01 sys=0.00, real=0.00 secs] 
2019-10-05T11:07:06.430+0000: 273.323: [GC (Allocation Failure) 2019-10-05T11:07:06.430+0000: 273.323: [DefNew: 410197K->597K(460800K), 0.0037648 secs] 498953K->89353K(1484800K), 0.0038870 secs] [Times: user=0.00 sys=0.00, real=0.00 secs] 
2019-10-05T11:07:09.466+0000: 276.359: [GC (Allocation Failure) 2019-10-05T11:07:09.466+0000: 276.359: [DefNew: 410197K->597K(460800K), 0.0039696 secs] 498953K->89354K(1484800K), 0.0040623 secs] [Times: user=0.00 sys=0.00, real=0.01 secs] 
2019-10-05T11:07:12.490+0000: 279.383: [GC (Allocation Failure) 2019-10-05T11:07:12.490+0000: 279.383: [DefNew: 410197K->585K(460800K), 0.0037000 secs] 498954K->89342K(1484800K), 0.0037990 secs] [Times: user=0.01 sys=0.00, real=0.00 secs] 
2019-10-05T11:07:15.515+0000: 282.408: [GC (Allocation Failure) 2019-10-05T11:07:15.515+0000: 282.408: [DefNew: 410185K->597K(460800K), 0.0037906 secs] 498942K->89353K(1484800K), 0.0038821 secs] [Times: user=0.01 sys=0.00, real=0.00 secs] 
2019-10-05T11:07:18.550+0000: 285.443: [GC (Allocation Failure) 2019-10-05T11:07:18.550+0000: 285.443: [DefNew: 410197K->597K(460800K), 0.0038748 secs] 498953K->89354K(1484800K), 0.0039690 secs] [Times: user=0.01 sys=0.00, real=0.00 secs] 
2019-10-05T11:07:21.626+0000: 288.519: [GC (Allocation Failure) 2019-10-05T11:07:21.626+0000: 288.519: [DefNew: 410197K->619K(460800K), 0.0038473 secs] 498954K->89375K(1484800K), 0.0039548 secs] [Times: user=0.01 sys=0.00, real=0.01 secs] 
2019-10-05T11:07:24.643+0000: 291.536: [GC (Allocation Failure) 2019-10-05T11:07:24.643+0000: 291.536: [DefNew: 410219K->359K(460800K), 0.0041160 secs] 498975K->89353K(1484800K), 0.0042100 secs] [Times: user=0.01 sys=0.00, real=0.01 secs] 
2019-10-05T11:07:27.681+0000: 294.574: [GC (Allocation Failure) 2019-10-05T11:07:27.681+0000: 294.574: [DefNew: 409959K->335K(460800K), 0.0036144 secs] 498953K->89369K(1484800K), 0.0037320 secs] [Times: user=0.01 sys=0.00, real=0.00 secs] 
2019-10-05T11:07:30.725+0000: 297.618: [GC (Allocation Failure) 2019-10-05T11:07:30.725+0000: 297.618: [DefNew: 409935K->273K(460800K), 0.0035265 secs] 498969K->89354K(1484800K), 0.0036080 secs] [Times: user=0.00 sys=0.00, real=0.01 secs] 
2019-10-05T11:07:33.747+0000: 300.640: [GC (Allocation Failure) 2019-10-05T11:07:33.747+0000: 300.640: [DefNew: 409873K->213K(460800K), 0.0034948 secs] 498954K->89342K(1484800K), 0.0035875 secs] [Times: user=0.00 sys=0.00, real=0.00 secs] 
2019-10-05T11:07:37.271+0000: 304.164: [GC (Allocation Failure) 2019-10-05T11:07:37.271+0000: 304.164: [DefNew: 409813K->243K(460800K), 0.0036058 secs] 498942K->89399K(1484800K), 0.0036989 secs] [Times: user=0.00 sys=0.00, real=0.01 secs] 
2019-10-05T11:07:40.850+0000: 307.743: [GC (Allocation Failure) 2019-10-05T11:07:40.850+0000: 307.743: [DefNew: 409843K->259K(460800K), 0.0036296 secs] 498999K->89449K(1484800K), 0.0037204 secs] [Times: user=0.01 sys=0.00, real=0.00 secs] 
2019-10-05T11:07:44.431+0000: 311.324: [GC (Allocation Failure) 2019-10-05T11:07:44.431+0000: 311.324: [DefNew: 409859K->274K(460800K), 0.0035979 secs] 499049K->89485K(1484800K), 0.0037003 secs] [Times: user=0.00 sys=0.00, real=0.01 secs] 
2019-10-05T11:07:47.965+0000: 314.858: [GC (Allocation Failure) 2019-10-05T11:07:47.965+0000: 314.858: [DefNew: 409874K->253K(460800K), 0.0035775 secs] 499085K->89489K(1484800K), 0.0036679 secs] [Times: user=0.00 sys=0.00, real=0.01 secs] 
2019-10-05T11:07:51.506+0000: 318.399: [GC (Allocation Failure) 2019-10-05T11:07:51.506+0000: 318.399: [DefNew: 409853K->277K(460800K), 0.0036140 secs] 499089K->89524K(1484800K), 0.0037277 secs] [Times: user=0.00 sys=0.00, real=0.01 secs] 
2019-10-05T11:07:55.101+0000: 321.994: [GC (Allocation Failure) 2019-10-05T11:07:55.101+0000: 321.994: [DefNew: 409877K->348K(460800K), 0.0036964 secs] 499124K->89595K(1484800K), 0.0037798 secs] [Times: user=0.00 sys=0.00, real=0.00 secs] 
2019-10-05T11:07:58.666+0000: 325.559: [GC (Allocation Failure) 2019-10-05T11:07:58.666+0000: 325.559: [DefNew: 409948K->364K(460800K), 0.0035708 secs] 499195K->89611K(1484800K), 0.0036649 secs] [Times: user=0.01 sys=0.00, real=0.01 secs] 
2019-10-05T11:08:02.197+0000: 329.090: [GC (Allocation Failure) 2019-10-05T11:08:02.197+0000: 329.090: [DefNew: 409964K->366K(460800K), 0.0034886 secs] 499211K->89614K(1484800K), 0.0035763 secs] [Times: user=0.00 sys=0.00, real=0.00 secs] 
2019-10-05T11:08:05.673+0000: 332.566: [GC (Allocation Failure) 2019-10-05T11:08:05.673+0000: 332.566: [DefNew: 409966K->378K(460800K), 0.0035787 secs] 499214K->89625K(1484800K), 0.0036680 secs] [Times: user=0.01 sys=0.00, real=0.01 secs] 
2019-10-05T11:08:09.175+0000: 336.068: [GC (Allocation Failure) 2019-10-05T11:08:09.175+0000: 336.068: [DefNew: 409978K->402K(460800K), 0.0036768 secs] 499225K->89650K(1484800K), 0.0037769 secs] [Times: user=0.00 sys=0.00, real=0.00 secs] 
2019-10-05T11:08:12.665+0000: 339.558: [GC (Allocation Failure) 2019-10-05T11:08:12.665+0000: 339.558: [DefNew: 410002K->381K(460800K), 0.0035193 secs] 499250K->89629K(1484800K), 0.0036192 secs] [Times: user=0.00 sys=0.00, real=0.01 secs] 
2019-10-05T11:08:16.153+0000: 343.046: [GC (Allocation Failure) 2019-10-05T11:08:16.153+0000: 343.046: [DefNew: 409981K->378K(460800K), 0.0035710 secs] 499229K->89626K(1484800K), 0.0036617 secs] [Times: user=0.01 sys=0.00, real=0.01 secs] 
2019-10-05T11:08:19.634+0000: 346.527: [GC (Allocation Failure) 2019-10-05T11:08:19.634+0000: 346.527: [DefNew: 409978K->379K(460800K), 0.0036526 secs] 499226K->89626K(1484800K), 0.0037473 secs] [Times: user=0.00 sys=0.00, real=0.01 secs] 
2019-10-05T11:08:23.115+0000: 350.008: [GC (Allocation Failure) 2019-10-05T11:08:23.115+0000: 350.008: [DefNew: 409979K->411K(460800K), 0.0036517 secs] 499226K->89658K(1484800K), 0.0037470 secs] [Times: user=0.00 sys=0.00, real=0.00 secs] 
2019-10-05T11:08:26.611+0000: 353.504: [GC (Allocation Failure) 2019-10-05T11:08:26.611+0000: 353.504: [DefNew: 410011K->395K(460800K), 0.0036658 secs] 499258K->89642K(1484800K), 0.0037598 secs] [Times: user=0.01 sys=0.00, real=0.01 secs] 
2019-10-05T11:08:30.096+0000: 356.989: [GC (Allocation Failure) 2019-10-05T11:08:30.096+0000: 356.989: [DefNew: 409995K->335K(460800K), 0.0035562 secs] 499242K->89628K(1484800K), 0.0036435 secs] [Times: user=0.01 sys=0.00, real=0.00 secs] 
2019-10-05T11:08:33.579+0000: 360.472: [GC (Allocation Failure) 2019-10-05T11:08:33.579+0000: 360.472: [DefNew: 409935K->332K(460800K), 0.0036920 secs] 499228K->89676K(1484800K), 0.0037861 secs] [Times: user=0.00 sys=0.00, real=0.00 secs] 
2019-10-05T11:08:37.078+0000: 363.971: [GC (Allocation Failure) 2019-10-05T11:08:37.078+0000: 363.971: [DefNew: 409932K->299K(460800K), 0.0038911 secs] 499276K->89678K(1484800K), 0.0039858 secs] [Times: user=0.00 sys=0.00, real=0.00 secs] 
2019-10-05T11:08:40.610+0000: 367.503: [GC (Allocation Failure) 2019-10-05T11:08:40.610+0000: 367.503: [DefNew: 409899K->320K(460800K), 0.0036650 secs] 499278K->89715K(1484800K), 0.0037546 secs] [Times: user=0.00 sys=0.00, real=0.00 secs] 
2019-10-05T11:08:44.189+0000: 371.082: [GC (Allocation Failure) 2019-10-05T11:08:44.189+0000: 371.082: [DefNew: 409920K->308K(460800K), 0.0036869 secs] 499315K->89738K(1484800K), 0.0037789 secs] [Times: user=0.00 sys=0.00, real=0.00 secs] 
2019-10-05T11:08:47.745+0000: 374.638: [GC (Allocation Failure) 2019-10-05T11:08:47.745+0000: 374.638: [DefNew: 409908K->249K(460800K), 0.0035797 secs] 499338K->89738K(1484800K), 0.0036648 secs] [Times: user=0.01 sys=0.00, real=0.01 secs] 
2019-10-05T11:08:51.289+0000: 378.182: [GC (Allocation Failure) 2019-10-05T11:08:51.289+0000: 378.182: [DefNew: 409849K->258K(460800K), 0.0035945 secs] 499338K->89763K(1484800K), 0.0036884 secs] [Times: user=0.00 sys=0.00, real=0.00 secs] 
2019-10-05T11:08:54.867+0000: 381.760: [GC (Allocation Failure) 2019-10-05T11:08:54.867+0000: 381.760: [DefNew: 409858K->301K(460800K), 0.0036140 secs] 499363K->89821K(1484800K), 0.0037104 secs] [Times: user=0.00 sys=0.00, real=0.00 secs] 
2019-10-05T11:08:58.383+0000: 385.276: [GC (Allocation Failure) 2019-10-05T11:08:58.383+0000: 385.276: [DefNew: 409901K->361K(460800K), 0.0037366 secs] 499421K->89881K(1484800K), 0.0038391 secs] [Times: user=0.01 sys=0.00, real=0.01 secs] 
2019-10-05T11:09:01.843+0000: 388.736: [GC (Allocation Failure) 2019-10-05T11:09:01.843+0000: 388.736: [DefNew: 409961K->380K(460800K), 0.0036957 secs] 499481K->89899K(1484800K), 0.0037869 secs] [Times: user=0.01 sys=0.00, real=0.01 secs] 
2019-10-05T11:09:05.293+0000: 392.186: [GC (Allocation Failure) 2019-10-05T11:09:05.293+0000: 392.186: [DefNew: 409980K->388K(460800K), 0.0037324 secs] 499499K->89907K(1484800K), 0.0038268 secs] [Times: user=0.01 sys=0.00, real=0.01 secs] 
2019-10-05T11:09:08.754+0000: 395.647: [GC (Allocation Failure) 2019-10-05T11:09:08.754+0000: 395.647: [DefNew: 409988K->386K(460800K), 0.0035239 secs] 499507K->89905K(1484800K), 0.0036195 secs] [Times: user=0.00 sys=0.00, real=0.01 secs] 
2019-10-05T11:09:12.206+0000: 399.100: [GC (Allocation Failure) 2019-10-05T11:09:12.207+0000: 399.100: [DefNew: 409986K->384K(460800K), 0.0035620 secs] 499505K->89905K(1484800K), 0.0036582 secs] [Times: user=0.00 sys=0.00, real=0.00 secs] 
2019-10-05T11:09:15.668+0000: 402.561: [GC (Allocation Failure) 2019-10-05T11:09:15.668+0000: 402.561: [DefNew: 409984K->383K(460800K), 0.0035659 secs] 499505K->89905K(1484800K), 0.0036653 secs] [Times: user=0.00 sys=0.00, real=0.00 secs] 
2019-10-05T11:09:19.146+0000: 406.039: [GC (Allocation Failure) 2019-10-05T11:09:19.146+0000: 406.039: [DefNew: 409983K->402K(460800K), 0.0035954 secs] 499505K->89923K(1484800K), 0.0036878 secs] [Times: user=0.00 sys=0.00, real=0.01 secs] 
2019-10-05T11:09:22.599+0000: 409.492: [GC (Allocation Failure) 2019-10-05T11:09:22.599+0000: 409.492: [DefNew: 410002K->383K(460800K), 0.0036710 secs] 499523K->89905K(1484800K), 0.0037712 secs] [Times: user=0.00 sys=0.00, real=0.00 secs] 
2019-10-05T11:09:26.084+0000: 412.977: [GC (Allocation Failure) 2019-10-05T11:09:26.084+0000: 412.977: [DefNew: 409983K->406K(460800K), 0.0037413 secs] 499505K->89928K(1484800K), 0.0038336 secs] [Times: user=0.00 sys=0.00, real=0.01 secs] 
2019-10-05T11:09:29.569+0000: 416.462: [GC (Allocation Failure) 2019-10-05T11:09:29.569+0000: 416.462: [DefNew: 410006K->334K(460800K), 0.0036243 secs] 499528K->89906K(1484800K), 0.0037136 secs] [Times: user=0.00 sys=0.00, real=0.00 secs] 
2019-10-05T11:09:33.046+0000: 419.940: [GC (Allocation Failure) 2019-10-05T11:09:33.047+0000: 419.940: [DefNew: 409934K->304K(460800K), 0.0038458 secs] 499506K->89905K(1484800K), 0.0051707 secs] [Times: user=0.00 sys=0.00, real=0.01 secs] 
2019-10-05T11:09:36.553+0000: 423.446: [GC (Allocation Failure) 2019-10-05T11:09:36.553+0000: 423.446: [DefNew: 409904K->463K(460800K), 0.0082769 secs] 499505K->90091K(1484800K), 0.0083691 secs] [Times: user=0.00 sys=0.01, real=0.01 secs] 
2019-10-05T11:09:40.068+0000: 426.961: [GC (Allocation Failure) 2019-10-05T11:09:40.068+0000: 426.961: [DefNew: 410063K->488K(460800K), 0.0037872 secs] 499691K->90132K(1484800K), 0.0038759 secs] [Times: user=0.00 sys=0.00, real=0.00 secs] 
2019-10-05T11:09:43.614+0000: 430.507: [GC (Allocation Failure) 2019-10-05T11:09:43.614+0000: 430.507: [DefNew: 410088K->481K(460800K), 0.0038708 secs] 499732K->90138K(1484800K), 0.0039559 secs] [Times: user=0.00 sys=0.00, real=0.01 secs] 
2019-10-05T11:09:47.237+0000: 434.130: [GC (Allocation Failure) 2019-10-05T11:09:47.237+0000: 434.130: [DefNew: 410081K->437K(460800K), 0.0039943 secs] 499738K->90163K(1484800K), 0.0040999 secs] [Times: user=0.00 sys=0.00, real=0.00 secs] 
2019-10-05T11:09:50.804+0000: 437.697: [GC (Allocation Failure) 2019-10-05T11:09:50.804+0000: 437.697: [DefNew: 410037K->404K(460800K), 0.0039561 secs] 499763K->90180K(1484800K), 0.0040382 secs] [Times: user=0.01 sys=0.00, real=0.01 secs] 
2019-10-05T11:09:54.392+0000: 441.285: [GC (Allocation Failure) 2019-10-05T11:09:54.392+0000: 441.285: [DefNew: 410004K->400K(460800K), 0.0038335 secs] 499780K->90199K(1484800K), 0.0039209 secs] [Times: user=0.00 sys=0.00, real=0.01 secs] 
2019-10-05T11:09:57.946+0000: 444.840: [GC (Allocation Failure) 2019-10-05T11:09:57.947+0000: 444.840: [DefNew: 410000K->433K(460800K), 0.0040792 secs] 499799K->90232K(1484800K), 0.0052752 secs] [Times: user=0.00 sys=0.01, real=0.01 secs] 
2019-10-05T11:10:01.491+0000: 448.384: [GC (Allocation Failure) 2019-10-05T11:10:01.491+0000: 448.384: [DefNew: 410033K->443K(460800K), 0.0038829 secs] 499832K->90243K(1484800K), 0.0039769 secs] [Times: user=0.00 sys=0.00, real=0.01 secs] 
2019-10-05T11:10:04.944+0000: 451.837: [GC (Allocation Failure) 2019-10-05T11:10:04.944+0000: 451.837: [DefNew: 410043K->443K(460800K), 0.0035764 secs] 499843K->90243K(1484800K), 0.0036701 secs] [Times: user=0.00 sys=0.00, real=0.01 secs] 
2019-10-05T11:10:08.407+0000: 455.300: [GC (Allocation Failure) 2019-10-05T11:10:08.407+0000: 455.300: [DefNew: 410043K->443K(460800K), 0.0035554 secs] 499843K->90243K(1484800K), 0.0036482 secs] [Times: user=0.01 sys=0.00, real=0.00 secs] 
2019-10-05T11:10:11.869+0000: 458.762: [GC (Allocation Failure) 2019-10-05T11:10:11.869+0000: 458.762: [DefNew: 410043K->443K(460800K), 0.0037951 secs] 499843K->90243K(1484800K), 0.0038924 secs] [Times: user=0.00 sys=0.00, real=0.00 secs] 
2019-10-05T11:10:15.362+0000: 462.255: [GC (Allocation Failure) 2019-10-05T11:10:15.362+0000: 462.255: [DefNew: 410043K->465K(460800K), 0.0038780 secs] 499843K->90264K(1484800K), 0.0039747 secs] [Times: user=0.00 sys=0.00, real=0.00 secs] 
2019-10-05T11:10:18.835+0000: 465.728: [GC (Allocation Failure) 2019-10-05T11:10:18.835+0000: 465.728: [DefNew: 410065K->443K(460800K), 0.0036128 secs] 499864K->90243K(1484800K), 0.0037047 secs] [Times: user=0.01 sys=0.00, real=0.00 secs] 
2019-10-05T11:10:22.315+0000: 469.208: [GC (Allocation Failure) 2019-10-05T11:10:22.315+0000: 469.208: [DefNew: 410043K->461K(460800K), 0.0036040 secs] 499843K->90260K(1484800K), 0.0037091 secs] [Times: user=0.01 sys=0.00, real=0.00 secs] 
2019-10-05T11:10:25.753+0000: 472.646: [GC (Allocation Failure) 2019-10-05T11:10:25.753+0000: 472.646: [DefNew: 410061K->452K(460800K), 0.0037369 secs] 499860K->90251K(1484800K), 0.0038361 secs] [Times: user=0.00 sys=0.00, real=0.01 secs] 
2019-10-05T11:10:29.212+0000: 476.105: [GC (Allocation Failure) 2019-10-05T11:10:29.212+0000: 476.105: [DefNew: 410052K->262K(460800K), 0.0039295 secs] 499851K->90246K(1484800K), 0.0040133 secs] [Times: user=0.01 sys=0.00, real=0.01 secs] 
2019-10-05T11:10:32.663+0000: 479.556: [GC (Allocation Failure) 2019-10-05T11:10:32.663+0000: 479.556: [DefNew: 409862K->230K(460800K), 0.0036207 secs] 499846K->90243K(1484800K), 0.0037272 secs] [Times: user=0.00 sys=0.00, real=0.01 secs] 
2019-10-05T11:10:36.148+0000: 483.041: [GC (Allocation Failure) 2019-10-05T11:10:36.148+0000: 483.041: [DefNew: 409830K->257K(460800K), 0.0035292 secs] 499843K->90289K(1484800K), 0.0036174 secs] [Times: user=0.01 sys=0.00, real=0.00 secs] 
2019-10-05T11:10:39.628+0000: 486.521: [GC (Allocation Failure) 2019-10-05T11:10:39.628+0000: 486.521: [DefNew: 409857K->272K(460800K), 0.0036693 secs] 499889K->90319K(1484800K), 0.0037816 secs] [Times: user=0.00 sys=0.00, real=0.00 secs] 
2019-10-05T11:10:43.210+0000: 490.103: [GC (Allocation Failure) 2019-10-05T11:10:43.210+0000: 490.103: [DefNew: 409872K->279K(460800K), 0.0035838 secs] 499919K->90352K(1484800K), 0.0036860 secs] [Times: user=0.01 sys=0.00, real=0.00 secs] 
2019-10-05T11:10:46.782+0000: 493.675: [GC (Allocation Failure) 2019-10-05T11:10:46.782+0000: 493.675: [DefNew: 409879K->293K(460800K), 0.0037484 secs] 499952K->90386K(1484800K), 0.0038524 secs] [Times: user=0.00 sys=0.00, real=0.00 secs] 
2019-10-05T11:10:50.373+0000: 497.266: [GC (Allocation Failure) 2019-10-05T11:10:50.373+0000: 497.266: [DefNew: 409893K->328K(460800K), 0.0041563 secs] 499986K->90454K(1484800K), 0.0042468 secs] [Times: user=0.00 sys=0.00, real=0.01 secs] 
2019-10-05T11:10:54.017+0000: 500.910: [GC (Allocation Failure) 2019-10-05T11:10:54.017+0000: 500.910: [DefNew: 409928K->302K(460800K), 0.0040538 secs] 500054K->90439K(1484800K), 0.0041527 secs] [Times: user=0.00 sys=0.00, real=0.00 secs] 
2019-10-05T11:10:57.553+0000: 504.446: [GC (Allocation Failure) 2019-10-05T11:10:57.553+0000: 504.446: [DefNew: 409902K->315K(460800K), 0.0036576 secs] 500039K->90452K(1484800K), 0.0037535 secs] [Times: user=0.00 sys=0.00, real=0.01 secs] 
2019-10-05T11:11:01.154+0000: 508.047: [GC (Allocation Failure) 2019-10-05T11:11:01.154+0000: 508.047: [DefNew: 409915K->332K(460800K), 0.0036684 secs] 500052K->90469K(1484800K), 0.0037660 secs] [Times: user=0.00 sys=0.00, real=0.01 secs] 
2019-10-05T11:11:04.624+0000: 511.519: [GC (Allocation Failure) 2019-10-05T11:11:04.626+0000: 511.519: [DefNew: 409932K->329K(460800K), 0.0037313 secs] 500069K->90466K(1484800K), 0.0050116 secs] [Times: user=0.00 sys=0.00, real=0.01 secs] 
2019-10-05T11:11:08.101+0000: 514.994: [GC (Allocation Failure) 2019-10-05T11:11:08.101+0000: 514.994: [DefNew: 409929K->329K(460800K), 0.0037452 secs] 500066K->90466K(1484800K), 0.0038336 secs] [Times: user=0.00 sys=0.00, real=0.00 secs] 
2019-10-05T11:11:11.589+0000: 518.482: [GC (Allocation Failure) 2019-10-05T11:11:11.589+0000: 518.482: [DefNew: 409929K->329K(460800K), 0.0036322 secs] 500066K->90466K(1484800K), 0.0037292 secs] [Times: user=0.00 sys=0.00, real=0.00 secs] 
2019-10-05T11:11:15.053+0000: 521.946: [GC (Allocation Failure) 2019-10-05T11:11:15.053+0000: 521.946: [DefNew: 409929K->335K(460800K), 0.0040900 secs] 500066K->90472K(1484800K), 0.0041765 secs] [Times: user=0.01 sys=0.00, real=0.01 secs] 
2019-10-05T11:11:18.483+0000: 525.376: [GC (Allocation Failure) 2019-10-05T11:11:18.483+0000: 525.376: [DefNew: 409935K->323K(460800K), 0.0036887 secs] 500072K->90460K(1484800K), 0.0037828 secs] [Times: user=0.01 sys=0.00, real=0.01 secs] 
2019-10-05T11:11:21.935+0000: 528.828: [GC (Allocation Failure) 2019-10-05T11:11:21.935+0000: 528.828: [DefNew: 409923K->320K(460800K), 0.0037368 secs] 500060K->90457K(1484800K), 0.0038304 secs] [Times: user=0.01 sys=0.00, real=0.00 secs] 
2019-10-05T11:11:25.400+0000: 532.293: [GC (Allocation Failure) 2019-10-05T11:11:25.401+0000: 532.294: [DefNew: 409920K->318K(460800K), 0.0037609 secs] 500057K->90455K(1484800K), 0.0038539 secs] [Times: user=0.01 sys=0.00, real=0.00 secs] 
2019-10-05T11:11:28.867+0000: 535.760: [GC (Allocation Failure) 2019-10-05T11:11:28.867+0000: 535.760: [DefNew: 409918K->300K(460800K), 0.0038916 secs] 500055K->90466K(1484800K), 0.0039833 secs] [Times: user=0.01 sys=0.00, real=0.00 secs] 
2019-10-05T11:11:32.346+0000: 539.239: [GC (Allocation Failure) 2019-10-05T11:11:32.347+0000: 539.240: [DefNew: 409900K->254K(460800K), 0.0040556 secs] 500066K->90467K(1484800K), 0.0041528 secs] [Times: user=0.01 sys=0.00, real=0.00 secs] 
2019-10-05T11:11:35.798+0000: 542.691: [GC (Allocation Failure) 2019-10-05T11:11:35.798+0000: 542.691: [DefNew: 409854K->221K(460800K), 0.0036633 secs] 500067K->90468K(1484800K), 0.0037567 secs] [Times: user=0.00 sys=0.00, real=0.00 secs] 
2019-10-05T11:11:39.362+0000: 546.255: [GC (Allocation Failure) 2019-10-05T11:11:39.362+0000: 546.255: [DefNew: 409821K->250K(460800K), 0.0040292 secs] 500068K->90531K(1484800K), 0.0041450 secs] [Times: user=0.01 sys=0.00, real=0.00 secs] 
2019-10-05T11:11:42.958+0000: 549.851: [GC (Allocation Failure) 2019-10-05T11:11:42.958+0000: 549.851: [DefNew: 409850K->202K(460800K), 0.0037019 secs] 500131K->90519K(1484800K), 0.0037858 secs] [Times: user=0.01 sys=0.00, real=0.00 secs] 
2019-10-05T11:11:46.538+0000: 553.431: [GC (Allocation Failure) 2019-10-05T11:11:46.538+0000: 553.431: [DefNew: 409802K->219K(460800K), 0.0035143 secs] 500119K->90551K(1484800K), 0.0036186 secs] [Times: user=0.00 sys=0.01, real=0.00 secs] 
2019-10-05T11:11:50.146+0000: 557.039: [GC (Allocation Failure) 2019-10-05T11:11:50.146+0000: 557.039: [DefNew: 409819K->212K(460800K), 0.0033877 secs] 500151K->90558K(1484800K), 0.0034884 secs] [Times: user=0.00 sys=0.00, real=0.00 secs] 
2019-10-05T11:11:53.683+0000: 560.576: [GC (Allocation Failure) 2019-10-05T11:11:53.683+0000: 560.576: [DefNew: 409812K->254K(460800K), 0.0036391 secs] 500158K->90615K(1484800K), 0.0037299 secs] [Times: user=0.00 sys=0.00, real=0.01 secs] 
2019-10-05T11:11:57.208+0000: 564.101: [GC (Allocation Failure) 2019-10-05T11:11:57.208+0000: 564.101: [DefNew: 409854K->235K(460800K), 0.0034841 secs] 500215K->90595K(1484800K), 0.0035704 secs] [Times: user=0.00 sys=0.00, real=0.00 secs] 
2019-10-05T11:12:00.788+0000: 567.681: [GC (Allocation Failure) 2019-10-05T11:12:00.788+0000: 567.681: [DefNew: 409835K->256K(460800K), 0.0035222 secs] 500195K->90616K(1484800K), 0.0036112 secs] [Times: user=0.00 sys=0.00, real=0.00 secs] 
2019-10-05T11:12:04.244+0000: 571.137: [GC (Allocation Failure) 2019-10-05T11:12:04.244+0000: 571.137: [DefNew: 409856K->273K(460800K), 0.0034885 secs] 500216K->90633K(1484800K), 0.0035760 secs] [Times: user=0.01 sys=0.00, real=0.01 secs] 
2019-10-05T11:12:07.712+0000: 574.605: [GC (Allocation Failure) 2019-10-05T11:12:07.712+0000: 574.605: [DefNew: 409873K->256K(460800K), 0.0035455 secs] 500233K->90616K(1484800K), 0.0036269 secs] [Times: user=0.00 sys=0.01, real=0.01 secs] 
2019-10-05T11:12:11.203+0000: 578.096: [GC (Allocation Failure) 2019-10-05T11:12:11.203+0000: 578.096: [DefNew: 409856K->260K(460800K), 0.0034405 secs] 500216K->90621K(1484800K), 0.0035260 secs] [Times: user=0.00 sys=0.00, real=0.01 secs] 
2019-10-05T11:12:14.667+0000: 581.560: [GC (Allocation Failure) 2019-10-05T11:12:14.667+0000: 581.560: [DefNew: 409860K->255K(460800K), 0.0034801 secs] 500221K->90616K(1484800K), 0.0035761 secs] [Times: user=0.01 sys=0.00, real=0.00 secs] 
2019-10-05T11:12:18.140+0000: 585.033: [GC (Allocation Failure) 2019-10-05T11:12:18.140+0000: 585.033: [DefNew: 409855K->255K(460800K), 0.0033789 secs] 500216K->90616K(1484800K), 0.0034675 secs] [Times: user=0.01 sys=0.00, real=0.00 secs] 
2019-10-05T11:12:21.617+0000: 588.510: [GC (Allocation Failure) 2019-10-05T11:12:21.617+0000: 588.510: [DefNew: 409855K->255K(460800K), 0.0034728 secs] 500216K->90616K(1484800K), 0.0035705 secs] [Times: user=0.00 sys=0.00, real=0.00 secs] 
2019-10-05T11:12:25.094+0000: 591.987: [GC (Allocation Failure) 2019-10-05T11:12:25.094+0000: 591.987: [DefNew: 409855K->255K(460800K), 0.0035938 secs] 500216K->90616K(1484800K), 0.0037026 secs] [Times: user=0.00 sys=0.00, real=0.01 secs] 
2019-10-05T11:12:28.578+0000: 595.471: [GC (Allocation Failure) 2019-10-05T11:12:28.578+0000: 595.471: [DefNew: 409855K->255K(460800K), 0.0034849 secs] 500216K->90617K(1484800K), 0.0035909 secs] [Times: user=0.00 sys=0.00, real=0.00 secs] 
2019-10-05T11:12:32.012+0000: 598.906: [GC (Allocation Failure) 2019-10-05T11:12:32.013+0000: 598.906: [DefNew: 409855K->204K(460800K), 0.0035410 secs] 500217K->90616K(1484800K), 0.0036428 secs] [Times: user=0.00 sys=0.00, real=0.01 secs] 
2019-10-05T11:12:35.467+0000: 602.360: [GC (Allocation Failure) 2019-10-05T11:12:35.467+0000: 602.360: [DefNew: 409804K->191K(460800K), 0.0034934 secs] 500216K->90616K(1484800K), 0.0036020 secs] [Times: user=0.01 sys=0.00, real=0.00 secs] 
2019-10-05T11:12:39.028+0000: 605.921: [GC (Allocation Failure) 2019-10-05T11:12:39.028+0000: 605.921: [DefNew: 409791K->227K(460800K), 0.0037287 secs] 500216K->90671K(1484800K), 0.0038373 secs] [Times: user=0.00 sys=0.00, real=0.00 secs] 
2019-10-05T11:12:42.577+0000: 609.470: [GC (Allocation Failure) 2019-10-05T11:12:42.577+0000: 609.470: [DefNew: 409827K->262K(460800K), 0.0035280 secs] 500271K->90726K(1484800K), 0.0036142 secs] [Times: user=0.01 sys=0.00, real=0.00 secs] 
2019-10-05T11:12:46.163+0000: 613.056: [GC (Allocation Failure) 2019-10-05T11:12:46.163+0000: 613.056: [DefNew: 409862K->263K(460800K), 0.0035608 secs] 500326K->90742K(1484800K), 0.0036621 secs] [Times: user=0.01 sys=0.00, real=0.01 secs] 
2019-10-05T11:12:49.765+0000: 616.658: [GC (Allocation Failure) 2019-10-05T11:12:49.765+0000: 616.658: [DefNew: 409863K->288K(460800K), 0.0037179 secs] 500342K->90783K(1484800K), 0.0038076 secs] [Times: user=0.00 sys=0.00, real=0.01 secs] 
2019-10-05T11:12:53.358+0000: 620.251: [GC (Allocation Failure) 2019-10-05T11:12:53.359+0000: 620.252: [DefNew: 409888K->275K(460800K), 0.0034863 secs] 500383K->90785K(1484800K), 0.0035743 secs] [Times: user=0.01 sys=0.00, real=0.00 secs] 
2019-10-05T11:12:56.931+0000: 623.824: [GC (Allocation Failure) 2019-10-05T11:12:56.931+0000: 623.824: [DefNew: 409875K->288K(460800K), 0.0035372 secs] 500385K->90798K(1484800K), 0.0036314 secs] [Times: user=0.00 sys=0.00, real=0.01 secs] 
2019-10-05T11:13:00.528+0000: 627.421: [GC (Allocation Failure) 2019-10-05T11:13:00.528+0000: 627.421: [DefNew: 409888K->312K(460800K), 0.0037730 secs] 500398K->90822K(1484800K), 0.0038751 secs] [Times: user=0.00 sys=0.00, real=0.00 secs] 
2019-10-05T11:13:03.991+0000: 630.884: [GC (Allocation Failure) 2019-10-05T11:13:03.991+0000: 630.884: [DefNew: 409912K->335K(460800K), 0.0034724 secs] 500422K->90845K(1484800K), 0.0035686 secs] [Times: user=0.00 sys=0.00, real=0.00 secs] 
2019-10-05T11:13:07.428+0000: 634.323: [GC (Allocation Failure) 2019-10-05T11:13:07.430+0000: 634.323: [DefNew: 409935K->323K(460800K), 0.0038731 secs] 500445K->90833K(1484800K), 0.0055237 secs] [Times: user=0.01 sys=0.00, real=0.00 secs] 
2019-10-05T11:13:10.881+0000: 637.774: [GC (Allocation Failure) 2019-10-05T11:13:10.881+0000: 637.774: [DefNew: 409923K->320K(460800K), 0.0033880 secs] 500433K->90830K(1484800K), 0.0034821 secs] [Times: user=0.00 sys=0.00, real=0.00 secs] 
2019-10-05T11:13:14.340+0000: 641.233: [GC (Allocation Failure) 2019-10-05T11:13:14.340+0000: 641.233: [DefNew: 409920K->330K(460800K), 0.0034721 secs] 500430K->90840K(1484800K), 0.0035511 secs] [Times: user=0.00 sys=0.00, real=0.00 secs] 
2019-10-05T11:13:17.729+0000: 644.622: [GC (Allocation Failure) 2019-10-05T11:13:17.729+0000: 644.622: [DefNew: 409930K->333K(460800K), 0.0036651 secs] 500440K->90844K(1484800K), 0.0037630 secs] [Times: user=0.00 sys=0.00, real=0.00 secs] 
2019-10-05T11:13:21.188+0000: 648.081: [GC (Allocation Failure) 2019-10-05T11:13:21.188+0000: 648.081: [DefNew: 409933K->323K(460800K), 0.0035291 secs] 500444K->90833K(1484800K), 0.0036198 secs] [Times: user=0.01 sys=0.00, real=0.00 secs] 
2019-10-05T11:13:24.654+0000: 651.547: [GC (Allocation Failure) 2019-10-05T11:13:24.654+0000: 651.547: [DefNew: 409923K->322K(460800K), 0.0034685 secs] 500433K->90833K(1484800K), 0.0035664 secs] [Times: user=0.00 sys=0.00, real=0.01 secs] 
2019-10-05T11:13:28.105+0000: 654.998: [GC (Allocation Failure) 2019-10-05T11:13:28.105+0000: 654.998: [DefNew: 409922K->323K(460800K), 0.0037316 secs] 500433K->90833K(1484800K), 0.0038122 secs] [Times: user=0.01 sys=0.00, real=0.01 secs] 
2019-10-05T11:13:31.572+0000: 658.465: [GC (Allocation Failure) 2019-10-05T11:13:31.572+0000: 658.465: [DefNew: 409923K->268K(460800K), 0.0036008 secs] 500433K->90834K(1484800K), 0.0036901 secs] [Times: user=0.00 sys=0.00, real=0.01 secs] 
2019-10-05T11:13:35.056+0000: 661.949: [GC (Allocation Failure) 2019-10-05T11:13:35.057+0000: 661.950: [DefNew: 409868K->243K(460800K), 0.0034669 secs] 500434K->90864K(1484800K), 0.0035522 secs] [Times: user=0.01 sys=0.00, real=0.00 secs] 
2019-10-05T11:13:38.609+0000: 665.502: [GC (Allocation Failure) 2019-10-05T11:13:38.609+0000: 665.502: [DefNew: 409843K->242K(460800K), 0.0035933 secs] 500464K->90878K(1484800K), 0.0037123 secs] [Times: user=0.00 sys=0.00, real=0.00 secs] 
2019-10-05T11:13:42.178+0000: 669.071: [GC (Allocation Failure) 2019-10-05T11:13:42.178+0000: 669.071: [DefNew: 409842K->249K(460800K), 0.0036044 secs] 500478K->90914K(1484800K), 0.0037096 secs] [Times: user=0.01 sys=0.00, real=0.00 secs] 
2019-10-05T11:13:45.780+0000: 672.673: [GC (Allocation Failure) 2019-10-05T11:13:45.780+0000: 672.673: [DefNew: 409849K->231K(460800K), 0.0035297 secs] 500514K->90910K(1484800K), 0.0036233 secs] [Times: user=0.01 sys=0.00, real=0.00 secs] 
2019-10-05T11:13:49.380+0000: 676.273: [GC (Allocation Failure) 2019-10-05T11:13:49.380+0000: 676.273: [DefNew: 409831K->238K(460800K), 0.0036959 secs] 500510K->90941K(1484800K), 0.0037834 secs] [Times: user=0.01 sys=0.00, real=0.00 secs] 
2019-10-05T11:13:52.956+0000: 679.849: [GC (Allocation Failure) 2019-10-05T11:13:52.956+0000: 679.849: [DefNew: 409838K->234K(460800K), 0.0036363 secs] 500541K->90951K(1484800K), 0.0037225 secs] [Times: user=0.00 sys=0.00, real=0.00 secs] 
2019-10-05T11:13:56.500+0000: 683.393: [GC (Allocation Failure) 2019-10-05T11:13:56.500+0000: 683.393: [DefNew: 409834K->248K(460800K), 0.0037795 secs] 500551K->90973K(1484800K), 0.0038750 secs] [Times: user=0.01 sys=0.00, real=0.00 secs] 
2019-10-05T11:14:00.065+0000: 686.958: [GC (Allocation Failure) 2019-10-05T11:14:00.065+0000: 686.958: [DefNew: 409848K->262K(460800K), 0.0037461 secs] 500573K->90987K(1484800K), 0.0038439 secs] [Times: user=0.00 sys=0.00, real=0.01 secs] 
2019-10-05T11:14:03.559+0000: 690.452: [GC (Allocation Failure) 2019-10-05T11:14:03.559+0000: 690.452: [DefNew: 409862K->273K(460800K), 0.0034319 secs] 500587K->90997K(1484800K), 0.0035366 secs] [Times: user=0.00 sys=0.00, real=0.00 secs] 
2019-10-05T11:14:07.000+0000: 693.893: [GC (Allocation Failure) 2019-10-05T11:14:07.000+0000: 693.893: [DefNew: 409873K->273K(460800K), 0.0034952 secs] 500597K->90998K(1484800K), 0.0035817 secs] [Times: user=0.00 sys=0.00, real=0.00 secs] 
2019-10-05T11:14:10.494+0000: 697.387: [GC (Allocation Failure) 2019-10-05T11:14:10.494+0000: 697.387: [DefNew: 409873K->273K(460800K), 0.0035259 secs] 500598K->90998K(1484800K), 0.0036129 secs] [Times: user=0.00 sys=0.00, real=0.01 secs] 
2019-10-05T11:14:13.985+0000: 700.878: [GC (Allocation Failure) 2019-10-05T11:14:13.985+0000: 700.878: [DefNew: 409873K->271K(460800K), 0.0034482 secs] 500598K->90997K(1484800K), 0.0035503 secs] [Times: user=0.00 sys=0.00, real=0.01 secs] 
2019-10-05T11:14:17.459+0000: 704.352: [GC (Allocation Failure) 2019-10-05T11:14:17.459+0000: 704.352: [DefNew: 409871K->270K(460800K), 0.0035387 secs] 500597K->90997K(1484800K), 0.0036297 secs] [Times: user=0.00 sys=0.00, real=0.00 secs] 
2019-10-05T11:14:20.939+0000: 707.832: [GC (Allocation Failure) 2019-10-05T11:14:20.939+0000: 707.832: [DefNew: 409870K->278K(460800K), 0.0035282 secs] 500597K->91005K(1484800K), 0.0036245 secs] [Times: user=0.00 sys=0.00, real=0.00 secs] 
2019-10-05T11:14:24.427+0000: 711.320: [GC (Allocation Failure) 2019-10-05T11:14:24.428+0000: 711.321: [DefNew: 409878K->272K(460800K), 0.0040312 secs] 500605K->90999K(1484800K), 0.0041384 secs] [Times: user=0.00 sys=0.00, real=0.00 secs] 
2019-10-05T11:14:27.920+0000: 714.813: [GC (Allocation Failure) 2019-10-05T11:14:27.920+0000: 714.813: [DefNew: 409872K->272K(460800K), 0.0034150 secs] 500599K->90999K(1484800K), 0.0035178 secs] [Times: user=0.00 sys=0.01, real=0.00 secs] 
2019-10-05T11:14:31.347+0000: 718.240: [GC (Allocation Failure) 2019-10-05T11:14:31.347+0000: 718.240: [DefNew: 409872K->241K(460800K), 0.0035702 secs] 500599K->91013K(1484800K), 0.0036618 secs] [Times: user=0.00 sys=0.00, real=0.00 secs] 
2019-10-05T11:14:34.797+0000: 721.690: [GC (Allocation Failure) 2019-10-05T11:14:34.797+0000: 721.690: [DefNew: 409841K->215K(460800K), 0.0034896 secs] 500613K->91011K(1484800K), 0.0035856 secs] [Times: user=0.00 sys=0.00, real=0.00 secs] 
2019-10-05T11:14:38.334+0000: 725.227: [GC (Allocation Failure) 2019-10-05T11:14:38.334+0000: 725.227: [DefNew: 409815K->232K(460800K), 0.0036822 secs] 500611K->91048K(1484800K), 0.0037762 secs] [Times: user=0.00 sys=0.00, real=0.01 secs] 
2019-10-05T11:14:41.912+0000: 728.805: [GC (Allocation Failure) 2019-10-05T11:14:41.912+0000: 728.805: [DefNew: 409832K->251K(460800K), 0.0036134 secs] 500648K->91084K(1484800K), 0.0037098 secs] [Times: user=0.00 sys=0.00, real=0.01 secs] 
2019-10-05T11:14:45.492+0000: 732.385: [GC (Allocation Failure) 2019-10-05T11:14:45.492+0000: 732.385: [DefNew: 409851K->221K(460800K), 0.0035471 secs] 500684K->91069K(1484800K), 0.0036441 secs] [Times: user=0.00 sys=0.00, real=0.01 secs] 
2019-10-05T11:14:49.056+0000: 735.949: [GC (Allocation Failure) 2019-10-05T11:14:49.056+0000: 735.949: [DefNew: 409821K->245K(460800K), 0.0036472 secs] 500669K->91111K(1484800K), 0.0037353 secs] [Times: user=0.00 sys=0.00, real=0.00 secs] 
2019-10-05T11:14:52.653+0000: 739.546: [GC (Allocation Failure) 2019-10-05T11:14:52.653+0000: 739.546: [DefNew: 409845K->222K(460800K), 0.0035101 secs] 500711K->91103K(1484800K), 0.0036018 secs] [Times: user=0.00 sys=0.00, real=0.01 secs] 
2019-10-05T11:14:56.223+0000: 743.116: [GC (Allocation Failure) 2019-10-05T11:14:56.223+0000: 743.116: [DefNew: 409822K->230K(460800K), 0.0035140 secs] 500703K->91121K(1484800K), 0.0036011 secs] [Times: user=0.01 sys=0.00, real=0.01 secs] 
2019-10-05T11:14:59.806+0000: 746.699: [GC (Allocation Failure) 2019-10-05T11:14:59.806+0000: 746.699: [DefNew: 409830K->252K(460800K), 0.0036897 secs] 500721K->91143K(1484800K), 0.0037780 secs] [Times: user=0.01 sys=0.00, real=0.01 secs] 
2019-10-05T11:15:03.286+0000: 750.179: [GC (Allocation Failure) 2019-10-05T11:15:03.286+0000: 750.179: [DefNew: 409852K->269K(460800K), 0.0034445 secs] 500743K->91160K(1484800K), 0.0035413 secs] [Times: user=0.00 sys=0.00, real=0.01 secs] 
2019-10-05T11:15:06.772+0000: 753.665: [GC (Allocation Failure) 2019-10-05T11:15:06.772+0000: 753.665: [DefNew: 409869K->286K(460800K), 0.0035674 secs] 500760K->91177K(1484800K), 0.0036670 secs] [Times: user=0.00 sys=0.00, real=0.01 secs] 
2019-10-05T11:15:10.223+0000: 757.116: [GC (Allocation Failure) 2019-10-05T11:15:10.223+0000: 757.116: [DefNew: 409886K->269K(460800K), 0.0035616 secs] 500777K->91160K(1484800K), 0.0036593 secs] [Times: user=0.00 sys=0.00, real=0.01 secs] 
2019-10-05T11:15:13.698+0000: 760.591: [GC (Allocation Failure) 2019-10-05T11:15:13.698+0000: 760.591: [DefNew: 409869K->269K(460800K), 0.0033897 secs] 500760K->91161K(1484800K), 0.0034813 secs] [Times: user=0.01 sys=0.00, real=0.00 secs] 
2019-10-05T11:15:17.142+0000: 764.035: [GC (Allocation Failure) 2019-10-05T11:15:17.142+0000: 764.035: [DefNew: 409869K->279K(460800K), 0.0036154 secs] 500761K->91170K(1484800K), 0.0036952 secs] [Times: user=0.00 sys=0.00, real=0.00 secs] 
2019-10-05T11:15:20.623+0000: 767.517: [GC (Allocation Failure) 2019-10-05T11:15:20.624+0000: 767.517: [DefNew: 409879K->282K(460800K), 0.0035714 secs] 500770K->91173K(1484800K), 0.0036590 secs] [Times: user=0.01 sys=0.00, real=0.01 secs] 
2019-10-05T11:15:24.092+0000: 770.986: [GC (Allocation Failure) 2019-10-05T11:15:24.093+0000: 770.986: [DefNew: 409882K->269K(460800K), 0.0033801 secs] 500773K->91161K(1484800K), 0.0034670 secs] [Times: user=0.00 sys=0.00, real=0.01 secs] 
2019-10-05T11:15:27.557+0000: 774.450: [GC (Allocation Failure) 2019-10-05T11:15:27.557+0000: 774.450: [DefNew: 409869K->270K(460800K), 0.0035338 secs] 500761K->91161K(1484800K), 0.0036294 secs] [Times: user=0.00 sys=0.00, real=0.00 secs] 
2019-10-05T11:15:31.044+0000: 777.937: [GC (Allocation Failure) 2019-10-05T11:15:31.044+0000: 777.937: [DefNew: 409870K->219K(460800K), 0.0036820 secs] 500761K->91161K(1484800K), 0.0037707 secs] [Times: user=0.01 sys=0.00, real=0.01 secs] 
2019-10-05T11:15:34.512+0000: 781.405: [GC (Allocation Failure) 2019-10-05T11:15:34.512+0000: 781.405: [DefNew: 409819K->204K(460800K), 0.0035459 secs] 500761K->91161K(1484800K), 0.0036495 secs] [Times: user=0.00 sys=0.00, real=0.01 secs] 
2019-10-05T11:15:38.059+0000: 784.952: [GC (Allocation Failure) 2019-10-05T11:15:38.059+0000: 784.952: [DefNew: 409804K->234K(460800K), 0.0036541 secs] 500761K->91206K(1484800K), 0.0037449 secs] [Times: user=0.01 sys=0.00, real=0.00 secs] 
2019-10-05T11:15:41.682+0000: 788.575: [GC (Allocation Failure) 2019-10-05T11:15:41.682+0000: 788.575: [DefNew: 409834K->224K(460800K), 0.0034620 secs] 500806K->91215K(1484800K), 0.0035523 secs] [Times: user=0.01 sys=0.00, real=0.00 secs] 
2019-10-05T11:15:45.258+0000: 792.151: [GC (Allocation Failure) 2019-10-05T11:15:45.258+0000: 792.151: [DefNew: 409824K->229K(460800K), 0.0035055 secs] 500815K->91238K(1484800K), 0.0036026 secs] [Times: user=0.00 sys=0.00, real=0.00 secs] 
2019-10-05T11:15:48.861+0000: 795.754: [GC (Allocation Failure) 2019-10-05T11:15:48.861+0000: 795.754: [DefNew: 409829K->238K(460800K), 0.0036049 secs] 500838K->91265K(1484800K), 0.0036948 secs] [Times: user=0.00 sys=0.00, real=0.00 secs] 
2019-10-05T11:15:52.432+0000: 799.325: [GC (Allocation Failure) 2019-10-05T11:15:52.432+0000: 799.325: [DefNew: 409838K->236K(460800K), 0.0037412 secs] 500865K->91285K(1484800K), 0.0038280 secs] [Times: user=0.00 sys=0.00, real=0.01 secs] 
2019-10-05T11:15:56.022+0000: 802.915: [GC (Allocation Failure) 2019-10-05T11:15:56.022+0000: 802.915: [DefNew: 409836K->248K(460800K), 0.0038693 secs] 500885K->91302K(1484800K), 0.0039824 secs] [Times: user=0.00 sys=0.01, real=0.00 secs] 
2019-10-05T11:15:59.607+0000: 806.500: [GC (Allocation Failure) 2019-10-05T11:15:59.607+0000: 806.500: [DefNew: 409848K->262K(460800K), 0.0035433 secs] 500902K->91317K(1484800K), 0.0036319 secs] [Times: user=0.01 sys=0.00, real=0.00 secs] 
2019-10-05T11:16:03.107+0000: 810.000: [GC (Allocation Failure) 2019-10-05T11:16:03.107+0000: 810.000: [DefNew: 409862K->266K(460800K), 0.0035316 secs] 500917K->91320K(1484800K), 0.0036314 secs] [Times: user=0.00 sys=0.00, real=0.00 secs] 
2019-10-05T11:16:06.566+0000: 813.459: [GC (Allocation Failure) 2019-10-05T11:16:06.566+0000: 813.459: [DefNew: 409866K->266K(460800K), 0.0034257 secs] 500920K->91320K(1484800K), 0.0035124 secs] [Times: user=0.00 sys=0.00, real=0.01 secs] 
2019-10-05T11:16:10.050+0000: 816.943: [GC (Allocation Failure) 2019-10-05T11:16:10.050+0000: 816.943: [DefNew: 409866K->266K(460800K), 0.0034946 secs] 500920K->91320K(1484800K), 0.0035786 secs] [Times: user=0.01 sys=0.00, real=0.00 secs] 
2019-10-05T11:16:13.537+0000: 820.430: [GC (Allocation Failure) 2019-10-05T11:16:13.537+0000: 820.430: [DefNew: 409866K->266K(460800K), 0.0035851 secs] 500920K->91320K(1484800K), 0.0036894 secs] [Times: user=0.00 sys=0.00, real=0.00 secs] 
2019-10-05T11:16:17.017+0000: 823.910: [GC (Allocation Failure) 2019-10-05T11:16:17.017+0000: 823.910: [DefNew: 409866K->279K(460800K), 0.0036423 secs] 500920K->91334K(1484800K), 0.0037443 secs] [Times: user=0.00 sys=0.00, real=0.00 secs] 
2019-10-05T11:16:20.525+0000: 827.418: [GC (Allocation Failure) 2019-10-05T11:16:20.525+0000: 827.418: [DefNew: 409879K->286K(460800K), 0.0036534 secs] 500934K->91341K(1484800K), 0.0038756 secs] [Times: user=0.01 sys=0.00, real=0.01 secs] 
2019-10-05T11:16:24.010+0000: 830.903: [GC (Allocation Failure) 2019-10-05T11:16:24.010+0000: 830.903: [DefNew: 409886K->269K(460800K), 0.0035534 secs] 500941K->91324K(1484800K), 0.0036541 secs] [Times: user=0.01 sys=0.00, real=0.00 secs] 
2019-10-05T11:16:27.501+0000: 834.394: [GC (Allocation Failure) 2019-10-05T11:16:27.501+0000: 834.394: [DefNew: 409869K->280K(460800K), 0.0036630 secs] 500924K->91334K(1484800K), 0.0037543 secs] [Times: user=0.00 sys=0.00, real=0.00 secs] 
2019-10-05T11:16:30.971+0000: 837.865: [GC (Allocation Failure) 2019-10-05T11:16:30.972+0000: 837.865: [DefNew: 409880K->223K(460800K), 0.0036351 secs] 500934K->91323K(1484800K), 0.0037268 secs] [Times: user=0.01 sys=0.00, real=0.01 secs] 
2019-10-05T11:16:34.407+0000: 841.300: [GC (Allocation Failure) 2019-10-05T11:16:34.407+0000: 841.300: [DefNew: 409823K->220K(460800K), 0.0034839 secs] 500923K->91337K(1484800K), 0.0035747 secs] [Times: user=0.00 sys=0.00, real=0.00 secs] 
2019-10-05T11:16:37.922+0000: 844.816: [GC (Allocation Failure) 2019-10-05T11:16:37.923+0000: 844.816: [DefNew: 409820K->273K(460800K), 0.0039401 secs] 500937K->91405K(1484800K), 0.0040277 secs] [Times: user=0.00 sys=0.00, real=0.01 secs] 
2019-10-05T11:16:41.497+0000: 848.390: [GC (Allocation Failure) 2019-10-05T11:16:41.497+0000: 848.390: [DefNew: 409873K->233K(460800K), 0.0037565 secs] 501005K->91392K(1484800K), 0.0038490 secs] [Times: user=0.00 sys=0.00, real=0.00 secs] 
2019-10-05T11:16:45.071+0000: 851.964: [GC (Allocation Failure) 2019-10-05T11:16:45.071+0000: 851.964: [DefNew: 409833K->235K(460800K), 0.0036747 secs] 500992K->91414K(1484800K), 0.0037834 secs] [Times: user=0.00 sys=0.00, real=0.01 secs] 
2019-10-05T11:16:48.649+0000: 855.542: [GC (Allocation Failure) 2019-10-05T11:16:48.649+0000: 855.542: [DefNew: 409835K->233K(460800K), 0.0035089 secs] 501014K->91429K(1484800K), 0.0036105 secs] [Times: user=0.00 sys=0.00, real=0.00 secs] 
2019-10-05T11:16:52.244+0000: 859.137: [GC (Allocation Failure) 2019-10-05T11:16:52.244+0000: 859.137: [DefNew: 409833K->234K(460800K), 0.0037481 secs] 501029K->91444K(1484800K), 0.0038427 secs] [Times: user=0.01 sys=0.00, real=0.01 secs] 
2019-10-05T11:16:55.776+0000: 862.669: [GC (Allocation Failure) 2019-10-05T11:16:55.776+0000: 862.669: [DefNew: 409834K->245K(460800K), 0.0034813 secs] 501044K->91459K(1484800K), 0.0035739 secs] [Times: user=0.01 sys=0.00, real=0.00 secs] 
2019-10-05T11:16:59.332+0000: 866.225: [GC (Allocation Failure) 2019-10-05T11:16:59.332+0000: 866.225: [DefNew: 409845K->263K(460800K), 0.0036642 secs] 501059K->91477K(1484800K), 0.0037606 secs] [Times: user=0.00 sys=0.00, real=0.01 secs] 
2019-10-05T11:17:02.849+0000: 869.742: [GC (Allocation Failure) 2019-10-05T11:17:02.849+0000: 869.742: [DefNew: 409863K->275K(460800K), 0.0035398 secs] 501077K->91489K(1484800K), 0.0036415 secs] [Times: user=0.01 sys=0.00, real=0.00 secs] 
2019-10-05T11:17:06.304+0000: 873.197: [GC (Allocation Failure) 2019-10-05T11:17:06.304+0000: 873.197: [DefNew: 409875K->274K(460800K), 0.0035518 secs] 501089K->91489K(1484800K), 0.0036536 secs] [Times: user=0.00 sys=0.00, real=0.01 secs] 
2019-10-05T11:17:09.793+0000: 876.686: [GC (Allocation Failure) 2019-10-05T11:17:09.793+0000: 876.686: [DefNew: 409874K->274K(460800K), 0.0034356 secs] 501089K->91489K(1484800K), 0.0035252 secs] [Times: user=0.01 sys=0.00, real=0.01 secs] 
2019-10-05T11:17:13.244+0000: 880.137: [GC (Allocation Failure) 2019-10-05T11:17:13.244+0000: 880.137: [DefNew: 409874K->274K(460800K), 0.0035346 secs] 501089K->91489K(1484800K), 0.0036469 secs] [Times: user=0.00 sys=0.00, real=0.01 secs] 
2019-10-05T11:17:16.717+0000: 883.610: [GC (Allocation Failure) 2019-10-05T11:17:16.717+0000: 883.610: [DefNew: 409874K->274K(460800K), 0.0034779 secs] 501089K->91489K(1484800K), 0.0035811 secs] [Times: user=0.00 sys=0.00, real=0.00 secs] 
2019-10-05T11:17:20.194+0000: 887.087: [GC (Allocation Failure) 2019-10-05T11:17:20.194+0000: 887.087: [DefNew: 409874K->274K(460800K), 0.0035489 secs] 501089K->91489K(1484800K), 0.0036493 secs] [Times: user=0.01 sys=0.00, real=0.01 secs] 
2019-10-05T11:17:23.671+0000: 890.564: [GC (Allocation Failure) 2019-10-05T11:17:23.671+0000: 890.564: [DefNew: 409874K->274K(460800K), 0.0034897 secs] 501089K->91489K(1484800K), 0.0035892 secs] [Times: user=0.00 sys=0.00, real=0.01 secs] 
2019-10-05T11:17:27.135+0000: 894.028: [GC (Allocation Failure) 2019-10-05T11:17:27.135+0000: 894.028: [DefNew: 409874K->274K(460800K), 0.0034491 secs] 501089K->91489K(1484800K), 0.0035515 secs] [Times: user=0.00 sys=0.00, real=0.00 secs] 
2019-10-05T11:17:30.623+0000: 897.516: [GC (Allocation Failure) 2019-10-05T11:17:30.623+0000: 897.516: [DefNew: 409874K->218K(460800K), 0.0037000 secs] 501089K->91490K(1484800K), 0.0037868 secs] [Times: user=0.00 sys=0.00, real=0.01 secs] 
2019-10-05T11:17:34.097+0000: 900.990: [GC (Allocation Failure) 2019-10-05T11:17:34.097+0000: 900.990: [DefNew: 409818K->203K(460800K), 0.0033990 secs] 501090K->91489K(1484800K), 0.0035081 secs] [Times: user=0.01 sys=0.00, real=0.00 secs] 
11:17:34.252 [Client] INFO  c.s.f.r.e.s.SocketRear  - FlameSocketGraphDeployerRear@flamestream-benchmarks-worker-2: has been disconnected from Connection 2
11:17:34.256 [worker-akka.actor.default-dispatcher-16] INFO  a.a.LocalActorRef akka://worker/user/watcher/acker - Unregistering front FlameSocketGraphDeployerFront@flamestream-benchmarks-worker-32
11:17:34.260 [worker-akka.actor.default-dispatcher-16] INFO  a.a.LocalActorRef akka://worker/user/watcher/acker - Unregistering front FlameSocketGraphDeployerFront@flamestream-benchmarks-worker-4
11:17:34.260 [worker-akka.actor.default-dispatcher-16] INFO  a.a.LocalActorRef akka://worker/user/watcher/acker - Unregistering front FlameSocketGraphDeployerFront@flamestream-benchmarks-worker-49
11:17:34.260 [worker-akka.actor.default-dispatcher-16] INFO  a.a.LocalActorRef akka://worker/user/watcher/acker - Unregistering front FlameSocketGraphDeployerFront@flamestream-benchmarks-worker-22
11:17:34.260 [worker-akka.actor.default-dispatcher-16] INFO  a.a.LocalActorRef akka://worker/user/watcher/acker - Unregistering front FlameSocketGraphDeployerFront@flamestream-benchmarks-worker-54
11:17:34.260 [worker-akka.actor.default-dispatcher-16] INFO  a.a.LocalActorRef akka://worker/user/watcher/acker - Unregistering front FlameSocketGraphDeployerFront@flamestream-benchmarks-worker-51
11:17:34.261 [worker-akka.actor.default-dispatcher-9] INFO  a.a.LocalActorRef akka://worker/user/watcher/acker - Unregistering front FlameSocketGraphDeployerFront@flamestream-benchmarks-worker-53
11:17:34.261 [worker-akka.actor.default-dispatcher-9] INFO  a.a.LocalActorRef akka://worker/user/watcher/acker - Unregistering front FlameSocketGraphDeployerFront@flamestream-benchmarks-worker-25
11:17:34.264 [worker-akka.actor.default-dispatcher-16] INFO  a.a.LocalActorRef akka://worker/user/watcher/acker - Unregistering front FlameSocketGraphDeployerFront@flamestream-benchmarks-worker-76
11:17:34.264 [worker-akka.actor.default-dispatcher-16] INFO  a.a.LocalActorRef akka://worker/user/watcher/acker - Unregistering front FlameSocketGraphDeployerFront@flamestream-benchmarks-worker-72
11:17:34.264 [worker-akka.actor.default-dispatcher-16] INFO  a.a.LocalActorRef akka://worker/user/watcher/acker - Unregistering front FlameSocketGraphDeployerFront@flamestream-benchmarks-worker-47
11:17:34.264 [worker-akka.actor.default-dispatcher-16] INFO  a.a.LocalActorRef akka://worker/user/watcher/acker - Unregistering front FlameSocketGraphDeployerFront@flamestream-benchmarks-worker-60
11:17:34.264 [worker-akka.actor.default-dispatcher-16] INFO  a.a.LocalActorRef akka://worker/user/watcher/acker - Unregistering front FlameSocketGraphDeployerFront@flamestream-benchmarks-worker-99
11:17:34.264 [worker-akka.actor.default-dispatcher-9] INFO  a.a.LocalActorRef akka://worker/user/watcher/acker - Unregistering front FlameSocketGraphDeployerFront@flamestream-benchmarks-worker-55
11:17:34.265 [worker-akka.actor.default-dispatcher-9] INFO  a.a.LocalActorRef akka://worker/user/watcher/acker - Unregistering front FlameSocketGraphDeployerFront@flamestream-benchmarks-worker-65
11:17:34.265 [worker-akka.actor.default-dispatcher-9] INFO  a.a.LocalActorRef akka://worker/user/watcher/acker - Unregistering front FlameSocketGraphDeployerFront@flamestream-benchmarks-worker-70
11:17:34.265 [worker-akka.actor.default-dispatcher-9] INFO  a.a.LocalActorRef akka://worker/user/watcher/acker - Unregistering front FlameSocketGraphDeployerFront@flamestream-benchmarks-worker-68
11:17:34.265 [worker-akka.actor.default-dispatcher-9] INFO  a.a.LocalActorRef akka://worker/user/watcher/acker - Unregistering front FlameSocketGraphDeployerFront@flamestream-benchmarks-worker-23
11:17:34.266 [worker-akka.actor.default-dispatcher-16] INFO  a.a.LocalActorRef akka://worker/user/watcher/acker - Unregistering front FlameSocketGraphDeployerFront@flamestream-benchmarks-worker-50
11:17:34.266 [worker-akka.actor.default-dispatcher-16] INFO  a.a.LocalActorRef akka://worker/user/watcher/acker - Unregistering front FlameSocketGraphDeployerFront@flamestream-benchmarks-worker-29
11:17:34.268 [worker-akka.actor.default-dispatcher-16] INFO  a.a.LocalActorRef akka://worker/user/watcher/acker - Unregistering front FlameSocketGraphDeployerFront@flamestream-benchmarks-worker-28
11:17:34.269 [worker-akka.actor.default-dispatcher-16] INFO  a.a.LocalActorRef akka://worker/user/watcher/acker - Unregistering front FlameSocketGraphDeployerFront@flamestream-benchmarks-worker-58
11:17:34.270 [worker-akka.actor.default-dispatcher-16] INFO  a.a.LocalActorRef akka://worker/user/watcher/acker - Unregistering front FlameSocketGraphDeployerFront@flamestream-benchmarks-worker-45
11:17:34.270 [worker-akka.actor.default-dispatcher-16] INFO  a.a.LocalActorRef akka://worker/user/watcher/acker - Unregistering front FlameSocketGraphDeployerFront@flamestream-benchmarks-worker-35
11:17:34.270 [worker-akka.actor.default-dispatcher-16] INFO  a.a.LocalActorRef akka://worker/user/watcher/acker - Unregistering front FlameSocketGraphDeployerFront@flamestream-benchmarks-worker-38
11:17:34.270 [worker-akka.actor.default-dispatcher-9] INFO  a.a.LocalActorRef akka://worker/user/watcher/acker - Unregistering front FlameSocketGraphDeployerFront@flamestream-benchmarks-worker-97
11:17:34.270 [worker-akka.actor.default-dispatcher-9] INFO  a.a.LocalActorRef akka://worker/user/watcher/acker - Unregistering front FlameSocketGraphDeployerFront@flamestream-benchmarks-worker-44
11:17:34.270 [worker-akka.actor.default-dispatcher-9] INFO  a.a.LocalActorRef akka://worker/user/watcher/acker - Unregistering front FlameSocketGraphDeployerFront@flamestream-benchmarks-worker-13
11:17:34.271 [worker-akka.actor.default-dispatcher-9] INFO  a.a.LocalActorRef akka://worker/user/watcher/acker - Unregistering front FlameSocketGraphDeployerFront@flamestream-benchmarks-worker-11
11:17:34.271 [worker-akka.actor.default-dispatcher-9] INFO  a.a.LocalActorRef akka://worker/user/watcher/acker - Unregistering front FlameSocketGraphDeployerFront@flamestream-benchmarks-worker-79
11:17:34.271 [worker-akka.actor.default-dispatcher-9] INFO  a.a.LocalActorRef akka://worker/user/watcher/acker - Unregistering front FlameSocketGraphDeployerFront@flamestream-benchmarks-worker-43
11:17:34.271 [worker-akka.actor.default-dispatcher-9] INFO  a.a.LocalActorRef akka://worker/user/watcher/acker - Unregistering front FlameSocketGraphDeployerFront@flamestream-benchmarks-worker-73
11:17:34.271 [worker-akka.actor.default-dispatcher-9] INFO  a.a.LocalActorRef akka://worker/user/watcher/acker - Unregistering front FlameSocketGraphDeployerFront@flamestream-benchmarks-worker-34
11:17:34.271 [worker-akka.actor.default-dispatcher-9] INFO  a.a.LocalActorRef akka://worker/user/watcher/acker - Unregistering front FlameSocketGraphDeployerFront@flamestream-benchmarks-worker-62
11:17:34.271 [worker-akka.actor.default-dispatcher-9] INFO  a.a.LocalActorRef akka://worker/user/watcher/acker - Unregistering front FlameSocketGraphDeployerFront@flamestream-benchmarks-worker-94
11:17:34.271 [worker-akka.actor.default-dispatcher-18] INFO  a.a.LocalActorRef akka://worker/user/watcher/acker - Unregistering front FlameSocketGraphDeployerFront@flamestream-benchmarks-worker-26
11:17:34.271 [worker-akka.actor.default-dispatcher-18] INFO  a.a.LocalActorRef akka://worker/user/watcher/acker - Unregistering front FlameSocketGraphDeployerFront@flamestream-benchmarks-worker-69
11:17:34.271 [worker-akka.actor.default-dispatcher-18] INFO  a.a.LocalActorRef akka://worker/user/watcher/acker - Unregistering front FlameSocketGraphDeployerFront@flamestream-benchmarks-worker-75
11:17:34.271 [worker-akka.actor.default-dispatcher-18] INFO  a.a.LocalActorRef akka://worker/user/watcher/acker - Unregistering front FlameSocketGraphDeployerFront@flamestream-benchmarks-worker-17
11:17:34.271 [worker-akka.actor.default-dispatcher-18] INFO  a.a.LocalActorRef akka://worker/user/watcher/acker - Unregistering front FlameSocketGraphDeployerFront@flamestream-benchmarks-worker-20
11:17:34.278 [worker-akka.actor.default-dispatcher-16] INFO  a.a.LocalActorRef akka://worker/user/watcher/acker - Unregistering front FlameSocketGraphDeployerFront@flamestream-benchmarks-worker-41
11:17:34.278 [worker-akka.actor.default-dispatcher-16] INFO  a.a.LocalActorRef akka://worker/user/watcher/acker - Unregistering front FlameSocketGraphDeployerFront@flamestream-benchmarks-worker-42
11:17:34.279 [worker-akka.actor.default-dispatcher-16] INFO  a.a.LocalActorRef akka://worker/user/watcher/acker - Unregistering front FlameSocketGraphDeployerFront@flamestream-benchmarks-worker-7
11:17:34.279 [worker-akka.actor.default-dispatcher-16] INFO  a.a.LocalActorRef akka://worker/user/watcher/acker - Unregistering front FlameSocketGraphDeployerFront@flamestream-benchmarks-worker-74
11:17:34.279 [worker-akka.actor.default-dispatcher-16] INFO  a.a.LocalActorRef akka://worker/user/watcher/acker - Unregistering front FlameSocketGraphDeployerFront@flamestream-benchmarks-worker-71
11:17:34.280 [worker-akka.actor.default-dispatcher-9] INFO  a.a.LocalActorRef akka://worker/user/watcher/acker - Unregistering front FlameSocketGraphDeployerFront@flamestream-benchmarks-worker-30
11:17:34.280 [worker-akka.actor.default-dispatcher-9] INFO  a.a.LocalActorRef akka://worker/user/watcher/acker - Unregistering front FlameSocketGraphDeployerFront@flamestream-benchmarks-worker-16
11:17:34.280 [worker-akka.actor.default-dispatcher-9] INFO  a.a.LocalActorRef akka://worker/user/watcher/acker - Unregistering front FlameSocketGraphDeployerFront@flamestream-benchmarks-worker-59
11:17:34.280 [worker-akka.actor.default-dispatcher-9] INFO  a.a.LocalActorRef akka://worker/user/watcher/acker - Unregistering front FlameSocketGraphDeployerFront@flamestream-benchmarks-worker-93
11:17:34.280 [worker-akka.actor.default-dispatcher-9] INFO  a.a.LocalActorRef akka://worker/user/watcher/acker - Unregistering front FlameSocketGraphDeployerFront@flamestream-benchmarks-worker-96
11:17:34.280 [worker-akka.actor.default-dispatcher-9] INFO  a.a.LocalActorRef akka://worker/user/watcher/acker - Unregistering front FlameSocketGraphDeployerFront@flamestream-benchmarks-worker-36
11:17:34.280 [worker-akka.actor.default-dispatcher-9] INFO  a.a.LocalActorRef akka://worker/user/watcher/acker - Unregistering front FlameSocketGraphDeployerFront@flamestream-benchmarks-worker-14
11:17:34.280 [worker-akka.actor.default-dispatcher-9] INFO  a.a.LocalActorRef akka://worker/user/watcher/acker - Unregistering front FlameSocketGraphDeployerFront@flamestream-benchmarks-worker-64
11:17:34.281 [worker-akka.actor.default-dispatcher-9] INFO  a.a.LocalActorRef akka://worker/user/watcher/acker - Unregistering front FlameSocketGraphDeployerFront@flamestream-benchmarks-worker-18
11:17:34.281 [worker-akka.actor.default-dispatcher-9] INFO  a.a.LocalActorRef akka://worker/user/watcher/acker - Unregistering front FlameSocketGraphDeployerFront@flamestream-benchmarks-worker-48
11:17:34.281 [worker-akka.actor.default-dispatcher-11] INFO  a.a.LocalActorRef akka://worker/user/watcher/acker - Unregistering front FlameSocketGraphDeployerFront@flamestream-benchmarks-worker-91
11:17:34.281 [worker-akka.actor.default-dispatcher-11] INFO  a.a.LocalActorRef akka://worker/user/watcher/acker - Unregistering front FlameSocketGraphDeployerFront@flamestream-benchmarks-worker-95
11:17:34.281 [worker-akka.actor.default-dispatcher-11] INFO  a.a.LocalActorRef akka://worker/user/watcher/acker - Unregistering front FlameSocketGraphDeployerFront@flamestream-benchmarks-worker-89
11:17:34.281 [worker-akka.actor.default-dispatcher-11] INFO  a.a.LocalActorRef akka://worker/user/watcher/acker - Unregistering front FlameSocketGraphDeployerFront@flamestream-benchmarks-worker-40
11:17:34.281 [worker-akka.actor.default-dispatcher-11] INFO  a.a.LocalActorRef akka://worker/user/watcher/acker - Unregistering front FlameSocketGraphDeployerFront@flamestream-benchmarks-worker-33
11:17:34.281 [worker-akka.actor.default-dispatcher-11] INFO  a.a.LocalActorRef akka://worker/user/watcher/acker - Unregistering front FlameSocketGraphDeployerFront@flamestream-benchmarks-worker-10
11:17:34.281 [worker-akka.actor.default-dispatcher-11] INFO  a.a.LocalActorRef akka://worker/user/watcher/acker - Unregistering front FlameSocketGraphDeployerFront@flamestream-benchmarks-worker-24
11:17:34.281 [worker-akka.actor.default-dispatcher-11] INFO  a.a.LocalActorRef akka://worker/user/watcher/acker - Unregistering front FlameSocketGraphDeployerFront@flamestream-benchmarks-worker-98
11:17:34.281 [worker-akka.actor.default-dispatcher-11] INFO  a.a.LocalActorRef akka://worker/user/watcher/acker - Unregistering front FlameSocketGraphDeployerFront@flamestream-benchmarks-worker-52
11:17:34.281 [worker-akka.actor.default-dispatcher-11] INFO  a.a.LocalActorRef akka://worker/user/watcher/acker - Unregistering front FlameSocketGraphDeployerFront@flamestream-benchmarks-worker-39
11:17:34.281 [worker-akka.actor.default-dispatcher-11] INFO  a.a.LocalActorRef akka://worker/user/watcher/acker - Unregistering front FlameSocketGraphDeployerFront@flamestream-benchmarks-worker-67
11:17:34.282 [worker-akka.actor.default-dispatcher-11] INFO  a.a.LocalActorRef akka://worker/user/watcher/acker - Unregistering front FlameSocketGraphDeployerFront@flamestream-benchmarks-worker-9
11:17:34.282 [worker-akka.actor.default-dispatcher-11] INFO  a.a.LocalActorRef akka://worker/user/watcher/acker - Unregistering front FlameSocketGraphDeployerFront@flamestream-benchmarks-worker-56
11:17:34.282 [worker-akka.actor.default-dispatcher-11] INFO  a.a.LocalActorRef akka://worker/user/watcher/acker - Unregistering front FlameSocketGraphDeployerFront@flamestream-benchmarks-worker-61
11:17:34.282 [worker-akka.actor.default-dispatcher-11] INFO  a.a.LocalActorRef akka://worker/user/watcher/acker - Unregistering front FlameSocketGraphDeployerFront@flamestream-benchmarks-worker-5
11:17:34.282 [worker-akka.actor.default-dispatcher-12] INFO  a.a.LocalActorRef akka://worker/user/watcher/acker - Unregistering front FlameSocketGraphDeployerFront@flamestream-benchmarks-worker-8
11:17:34.282 [worker-akka.actor.default-dispatcher-12] INFO  a.a.LocalActorRef akka://worker/user/watcher/acker - Unregistering front FlameSocketGraphDeployerFront@flamestream-benchmarks-worker-57
11:17:34.282 [worker-akka.actor.default-dispatcher-12] INFO  a.a.LocalActorRef akka://worker/user/watcher/acker - Unregistering front FlameSocketGraphDeployerFront@flamestream-benchmarks-worker-12
11:17:34.282 [worker-akka.actor.default-dispatcher-12] INFO  a.a.LocalActorRef akka://worker/user/watcher/acker - Unregistering front FlameSocketGraphDeployerFront@flamestream-benchmarks-worker-84
11:17:34.282 [worker-akka.actor.default-dispatcher-12] INFO  a.a.LocalActorRef akka://worker/user/watcher/acker - Unregistering front FlameSocketGraphDeployerFront@flamestream-benchmarks-worker-86
11:17:34.283 [worker-akka.actor.default-dispatcher-17] INFO  a.a.LocalActorRef akka://worker/user/watcher/acker - Unregistering front FlameSocketGraphDeployerFront@flamestream-benchmarks-worker-66
11:17:34.283 [worker-akka.actor.default-dispatcher-17] INFO  a.a.LocalActorRef akka://worker/user/watcher/acker - Unregistering front FlameSocketGraphDeployerFront@flamestream-benchmarks-worker-3
11:17:34.283 [worker-akka.actor.default-dispatcher-17] INFO  a.a.LocalActorRef akka://worker/user/watcher/acker - Unregistering front FlameSocketGraphDeployerFront@flamestream-benchmarks-worker-92
11:17:34.283 [worker-akka.actor.default-dispatcher-17] INFO  a.a.LocalActorRef akka://worker/user/watcher/acker - Unregistering front FlameSocketGraphDeployerFront@flamestream-benchmarks-worker-15
11:17:34.283 [worker-akka.actor.default-dispatcher-17] INFO  a.a.LocalActorRef akka://worker/user/watcher/acker - Unregistering front FlameSocketGraphDeployerFront@flamestream-benchmarks-worker-63
11:17:34.283 [worker-akka.actor.default-dispatcher-15] INFO  a.a.LocalActorRef akka://worker/user/watcher/acker - Unregistering front FlameSocketGraphDeployerFront@flamestream-benchmarks-worker-87
11:17:34.283 [worker-akka.actor.default-dispatcher-15] INFO  a.a.LocalActorRef akka://worker/user/watcher/acker - Unregistering front FlameSocketGraphDeployerFront@flamestream-benchmarks-worker-31
11:17:34.283 [worker-akka.actor.default-dispatcher-15] INFO  a.a.LocalActorRef akka://worker/user/watcher/acker - Unregistering front FlameSocketGraphDeployerFront@flamestream-benchmarks-worker-90
11:17:34.283 [worker-akka.actor.default-dispatcher-15] INFO  a.a.LocalActorRef akka://worker/user/watcher/acker - Unregistering front FlameSocketGraphDeployerFront@flamestream-benchmarks-worker-78
11:17:34.283 [worker-akka.actor.default-dispatcher-15] INFO  a.a.LocalActorRef akka://worker/user/watcher/acker - Unregistering front FlameSocketGraphDeployerFront@flamestream-benchmarks-worker-46
11:17:34.284 [worker-akka.actor.default-dispatcher-11] INFO  a.a.LocalActorRef akka://worker/user/watcher/acker - Unregistering front FlameSocketGraphDeployerFront@flamestream-benchmarks-worker-6
11:17:34.284 [worker-akka.actor.default-dispatcher-11] INFO  a.a.LocalActorRef akka://worker/user/watcher/acker - Unregistering front FlameSocketGraphDeployerFront@flamestream-benchmarks-worker-81
11:17:34.284 [worker-akka.actor.default-dispatcher-11] INFO  a.a.LocalActorRef akka://worker/user/watcher/acker - Unregistering front FlameSocketGraphDeployerFront@flamestream-benchmarks-worker-37
11:17:34.284 [worker-akka.actor.default-dispatcher-11] INFO  a.a.LocalActorRef akka://worker/user/watcher/acker - Unregistering front FlameSocketGraphDeployerFront@flamestream-benchmarks-worker-77
11:17:34.284 [worker-akka.actor.default-dispatcher-11] INFO  a.a.LocalActorRef akka://worker/user/watcher/acker - Unregistering front FlameSocketGraphDeployerFront@flamestream-benchmarks-worker-82
11:17:34.284 [worker-akka.actor.default-dispatcher-18] INFO  a.a.LocalActorRef akka://worker/user/watcher/acker - Unregistering front FlameSocketGraphDeployerFront@flamestream-benchmarks-worker-19
11:17:34.284 [worker-akka.actor.default-dispatcher-18] INFO  a.a.LocalActorRef akka://worker/user/watcher/acker - Unregistering front FlameSocketGraphDeployerFront@flamestream-benchmarks-worker-85
11:17:34.284 [worker-akka.actor.default-dispatcher-18] INFO  a.a.LocalActorRef akka://worker/user/watcher/acker - Unregistering front FlameSocketGraphDeployerFront@flamestream-benchmarks-worker-88
11:17:34.284 [worker-akka.actor.default-dispatcher-18] INFO  a.a.LocalActorRef akka://worker/user/watcher/acker - Unregistering front FlameSocketGraphDeployerFront@flamestream-benchmarks-worker-80
11:17:34.285 [worker-akka.actor.default-dispatcher-18] INFO  a.a.LocalActorRef akka://worker/user/watcher/acker - Unregistering front FlameSocketGraphDeployerFront@flamestream-benchmarks-worker-27
11:17:34.285 [worker-akka.actor.default-dispatcher-9] INFO  a.a.LocalActorRef akka://worker/user/watcher/acker - Unregistering front FlameSocketGraphDeployerFront@flamestream-benchmarks-worker-21
11:17:34.285 [worker-akka.actor.default-dispatcher-9] INFO  a.a.LocalActorRef akka://worker/user/watcher/acker - Unregistering front FlameSocketGraphDeployerFront@flamestream-benchmarks-worker-83
11:17:34.298 [worker-akka.actor.default-dispatcher-18] WARN  c.s.f.r.e.s.SocketRear  - FlameSocketGraphDeployerRear@flamestream-benchmarks-worker-2: writing to closed log
11:19:20.136 [worker-akka.actor.default-dispatcher-22] INFO  a.a.LocalActorRef akka://worker/user/watcher/processing-watcher/graph/negotiator - Stopped
11:19:20.136 [worker-akka.actor.default-dispatcher-22] INFO  a.a.LocalActorRef akka://worker/user/watcher/processing-watcher/graph/edge/FlameSocketGraphDeployerFront - Stopped
11:19:20.136 [worker-akka.actor.default-dispatcher-22] INFO  a.a.LocalActorRef akka://worker/user/watcher/processing-watcher/graph/edge/FlameSocketGraphDeployerRear - Stopped
11:19:20.137 [worker-akka.actor.default-dispatcher-6] INFO  a.a.LocalActorRef akka://worker/user/watcher/acker - Stopped
11:19:20.137 [worker-akka.actor.default-dispatcher-6] INFO  a.a.LocalActorRef akka://worker/user/watcher/processing-watcher/graph/edge - Stopped
11:19:20.150 [worker-akka.actor.default-dispatcher-22] INFO  a.a.LocalActorRef akka://worker/user/watcher/processing-watcher/graph/graph/$+ - Stopped
11:19:20.153 [worker-akka.actor.default-dispatcher-11] INFO  a.a.LocalActorRef akka://worker/user/watcher/processing-watcher/graph/graph/$0 - Stopped
11:19:20.154 [worker-akka.actor.default-dispatcher-11] INFO  a.a.LocalActorRef akka://worker/user/watcher/processing-watcher/$d/$a - Stopped
11:19:20.165 [worker-akka.actor.default-dispatcher-16] INFO  a.a.LocalActorRef akka://worker/user/watcher/processing-watcher/$d - Stopped
11:19:20.165 [worker-akka.actor.default-dispatcher-16] INFO  a.a.LocalActorRef akka://worker/user/watcher/processing-watcher/graph/graph/$1 - Stopped
11:19:20.166 [worker-akka.actor.default-dispatcher-16] INFO  a.a.LocalActorRef akka://worker/user/watcher/processing-watcher/graph/graph/$2 - Stopped
11:19:20.166 [worker-akka.actor.default-dispatcher-16] INFO  a.a.LocalActorRef akka://worker/user/watcher/processing-watcher/graph/graph/$3 - Stopped
11:19:20.166 [worker-akka.actor.default-dispatcher-16] INFO  a.a.LocalActorRef akka://worker/user/watcher/processing-watcher/graph/graph/$4 - Stopped
11:19:20.167 [worker-akka.actor.default-dispatcher-16] INFO  a.a.LocalActorRef akka://worker/user/watcher/processing-watcher/graph/graph/$5 - Stopped
11:19:20.167 [worker-akka.actor.default-dispatcher-16] INFO  a.a.LocalActorRef akka://worker/user/watcher/processing-watcher/graph/graph/$6 - Stopped
11:19:20.167 [worker-akka.actor.default-dispatcher-16] INFO  a.a.LocalActorRef akka://worker/user/watcher/processing-watcher/graph/graph/$7 - Stopped
11:19:20.167 [worker-akka.actor.default-dispatcher-16] INFO  a.a.LocalActorRef akka://worker/user/watcher/processing-watcher/graph/graph/$8 - Stopped
11:19:20.170 [worker-akka.actor.default-dispatcher-27] INFO  a.a.LocalActorRef akka://worker/user/watcher/processing-watcher/graph/graph/$9 - Stopped
11:19:20.170 [worker-akka.actor.default-dispatcher-27] INFO  a.a.LocalActorRef akka://worker/user/watcher/processing-watcher/graph/graph/$A - Stopped
11:19:20.170 [worker-akka.actor.default-dispatcher-27] INFO  a.a.LocalActorRef akka://worker/user/watcher/processing-watcher/graph/graph/$Ab - Stopped
11:19:20.170 [worker-akka.actor.default-dispatcher-27] INFO  a.a.LocalActorRef akka://worker/user/watcher/processing-watcher/graph/graph/$B - Stopped
11:19:20.170 [worker-akka.actor.default-dispatcher-27] INFO  a.a.LocalActorRef akka://worker/user/watcher/processing-watcher/graph/graph/$Bb - Stopped
11:19:20.171 [worker-akka.actor.default-dispatcher-25] INFO  a.a.LocalActorRef akka://worker/user/watcher/processing-watcher/graph/graph/$C - Stopped
11:19:20.172 [worker-akka.actor.default-dispatcher-25] INFO  a.a.LocalActorRef akka://worker/user/watcher/processing-watcher/graph/graph/$Cb - Stopped
11:19:20.172 [worker-akka.actor.default-dispatcher-25] INFO  a.a.LocalActorRef akka://worker/user/watcher/processing-watcher/graph/graph/$D - Stopped
11:19:20.173 [worker-akka.actor.default-dispatcher-25] INFO  a.a.LocalActorRef akka://worker/user/watcher/processing-watcher/graph/graph/$Db - Stopped
11:19:20.174 [worker-akka.actor.default-dispatcher-25] INFO  a.a.LocalActorRef akka://worker/user/watcher/processing-watcher/graph/graph/$E - Stopped
11:19:20.175 [worker-akka.actor.default-dispatcher-25] INFO  a.a.LocalActorRef akka://worker/user/watcher/processing-watcher/graph/graph/$Eb - Stopped
11:19:20.175 [worker-akka.actor.default-dispatcher-25] INFO  a.a.LocalActorRef akka://worker/user/watcher/processing-watcher/graph/graph/$F - Stopped
11:19:20.177 [worker-akka.actor.default-dispatcher-25] INFO  a.a.LocalActorRef akka://worker/user/watcher/processing-watcher/graph/graph/$Fb - Stopped
11:19:20.177 [worker-akka.actor.default-dispatcher-25] INFO  a.a.LocalActorRef akka://worker/user/watcher/processing-watcher/graph/graph/$G - Stopped
11:19:20.177 [worker-akka.actor.default-dispatcher-25] INFO  a.a.LocalActorRef akka://worker/user/watcher/processing-watcher/graph/graph/$Gb - Stopped
11:19:20.179 [worker-akka.actor.default-dispatcher-27] INFO  a.a.LocalActorRef akka://worker/user/watcher/processing-watcher/graph/graph/$H - Stopped
11:19:20.179 [worker-akka.actor.default-dispatcher-27] INFO  a.a.LocalActorRef akka://worker/user/watcher/processing-watcher/graph/graph/$Hb - Stopped
11:19:20.179 [worker-akka.actor.default-dispatcher-25] INFO  a.a.LocalActorRef akka://worker/user/watcher/processing-watcher/graph/graph/$I - Stopped
11:19:20.179 [worker-akka.actor.default-dispatcher-25] INFO  a.a.LocalActorRef akka://worker/user/watcher/processing-watcher/graph/graph/$Ib - Stopped
11:19:20.180 [worker-akka.actor.default-dispatcher-25] INFO  a.a.LocalActorRef akka://worker/user/watcher/processing-watcher/graph/graph/$J - Stopped
11:19:20.181 [worker-akka.actor.default-dispatcher-25] INFO  a.a.LocalActorRef akka://worker/user/watcher/processing-watcher/graph/graph/$Jb - Stopped
11:19:20.182 [worker-akka.actor.default-dispatcher-25] INFO  a.a.LocalActorRef akka://worker/user/watcher/processing-watcher/graph/graph/$K - Stopped
11:19:20.183 [worker-akka.actor.default-dispatcher-25] INFO  a.a.LocalActorRef akka://worker/user/watcher/processing-watcher/graph/graph/$Kb - Stopped
11:19:20.184 [worker-akka.actor.default-dispatcher-25] INFO  a.a.LocalActorRef akka://worker/user/watcher/processing-watcher/graph/graph/$L - Stopped
11:19:20.185 [worker-akka.actor.default-dispatcher-25] INFO  a.a.LocalActorRef akka://worker/user/watcher/processing-watcher/graph/graph/$Lb - Stopped
11:19:20.186 [worker-akka.actor.default-dispatcher-25] INFO  a.a.LocalActorRef akka://worker/user/watcher/processing-watcher/graph/graph/$M - Stopped
11:19:20.188 [worker-akka.actor.default-dispatcher-27] INFO  a.a.LocalActorRef akka://worker/user/watcher/processing-watcher/graph/graph/$Mb - Stopped
11:19:20.188 [worker-akka.actor.default-dispatcher-27] INFO  a.a.LocalActorRef akka://worker/user/watcher/processing-watcher/graph/graph/$N - Stopped
11:19:20.188 [worker-akka.actor.default-dispatcher-27] INFO  a.a.LocalActorRef akka://worker/user/watcher/processing-watcher/graph/graph/$Nb - Stopped
11:19:20.188 [worker-akka.actor.default-dispatcher-27] INFO  a.a.LocalActorRef akka://worker/user/watcher/processing-watcher/graph/graph/$O - Stopped
11:19:20.188 [worker-akka.actor.default-dispatcher-27] INFO  a.a.LocalActorRef akka://worker/user/watcher/processing-watcher/graph/graph/$P - Stopped
11:19:20.189 [worker-akka.actor.default-dispatcher-25] INFO  a.a.LocalActorRef akka://worker/user/watcher/processing-watcher/graph/graph/$Q - Stopped
11:19:20.189 [worker-akka.actor.default-dispatcher-25] INFO  a.a.LocalActorRef akka://worker/user/watcher/processing-watcher/graph/graph/$R - Stopped
11:19:20.190 [worker-akka.actor.default-dispatcher-25] INFO  a.a.LocalActorRef akka://worker/user/watcher/processing-watcher/graph/graph/$S - Stopped
11:19:20.192 [worker-akka.actor.default-dispatcher-25] INFO  a.a.LocalActorRef akka://worker/user/watcher/processing-watcher/graph/graph/$T - Stopped
11:19:20.193 [worker-akka.actor.default-dispatcher-25] INFO  a.a.LocalActorRef akka://worker/user/watcher/processing-watcher/graph/graph/$U - Stopped
11:19:20.194 [worker-akka.actor.default-dispatcher-25] INFO  a.a.LocalActorRef akka://worker/user/watcher/processing-watcher/graph/graph/$V - Stopped
11:19:20.196 [worker-akka.actor.default-dispatcher-25] INFO  a.a.LocalActorRef akka://worker/user/watcher/processing-watcher/graph/graph/$W - Stopped
11:19:20.197 [worker-akka.actor.default-dispatcher-25] INFO  a.a.LocalActorRef akka://worker/user/watcher/processing-watcher/graph/graph/$X - Stopped
11:19:20.198 [worker-akka.actor.default-dispatcher-27] INFO  a.a.LocalActorRef akka://worker/user/watcher/processing-watcher/graph/graph/$Y - Stopped
11:19:20.199 [worker-akka.actor.default-dispatcher-27] INFO  a.a.LocalActorRef akka://worker/user/watcher/processing-watcher/graph/graph/$Z - Stopped
11:19:20.200 [worker-akka.actor.default-dispatcher-27] INFO  a.a.LocalActorRef akka://worker/user/watcher/processing-watcher/graph/graph/$a - Stopped
11:19:20.200 [worker-akka.actor.default-dispatcher-27] INFO  a.a.LocalActorRef akka://worker/user/watcher/processing-watcher/graph/graph/$ab - Stopped
11:19:20.200 [worker-akka.actor.default-dispatcher-27] INFO  a.a.LocalActorRef akka://worker/user/watcher/processing-watcher/graph/graph/$b - Stopped
11:19:20.200 [worker-akka.actor.default-dispatcher-27] INFO  a.a.LocalActorRef akka://worker/user/watcher/processing-watcher/graph/graph/$bb - Stopped
11:19:20.200 [worker-akka.actor.default-dispatcher-27] INFO  a.a.LocalActorRef akka://worker/user/watcher/processing-watcher/graph/graph/$c - Stopped
11:19:20.200 [worker-akka.actor.default-dispatcher-27] INFO  a.a.LocalActorRef akka://worker/user/watcher/processing-watcher/graph/graph/$cb - Stopped
11:19:20.200 [worker-akka.actor.default-dispatcher-27] INFO  a.a.LocalActorRef akka://worker/user/watcher/processing-watcher/graph/graph/$d - Stopped
11:19:20.201 [worker-akka.actor.default-dispatcher-25] INFO  a.a.LocalActorRef akka://worker/user/watcher/processing-watcher/graph/graph/$db - Stopped
11:19:20.202 [worker-akka.actor.default-dispatcher-25] INFO  a.a.LocalActorRef akka://worker/user/watcher/processing-watcher/graph/graph/$e - Stopped
11:19:20.204 [worker-akka.actor.default-dispatcher-25] INFO  a.a.LocalActorRef akka://worker/user/watcher/processing-watcher/graph/graph/$eb - Stopped
11:19:20.204 [worker-akka.actor.default-dispatcher-25] INFO  a.a.LocalActorRef akka://worker/user/watcher/processing-watcher/graph/graph/$f - Stopped
11:19:20.205 [worker-akka.actor.default-dispatcher-25] INFO  a.a.LocalActorRef akka://worker/user/watcher/processing-watcher/graph/graph/$fb - Stopped
11:19:20.206 [worker-akka.actor.default-dispatcher-25] INFO  a.a.LocalActorRef akka://worker/user/watcher/processing-watcher/graph/graph/$g - Stopped
11:19:20.207 [worker-akka.actor.default-dispatcher-25] INFO  a.a.LocalActorRef akka://worker/user/watcher/processing-watcher/graph/graph/$gb - Stopped
11:19:20.208 [worker-akka.actor.default-dispatcher-27] INFO  a.a.LocalActorRef akka://worker/user/watcher/processing-watcher/graph/graph/$h - Stopped
11:19:20.208 [worker-akka.actor.default-dispatcher-25] INFO  a.a.LocalActorRef akka://worker/user/watcher/processing-watcher/graph/graph/$hb - Stopped
11:19:20.210 [worker-akka.actor.default-dispatcher-27] INFO  a.a.LocalActorRef akka://worker/user/watcher/processing-watcher/graph/graph/$i - Stopped
11:19:20.211 [worker-akka.actor.default-dispatcher-27] INFO  a.a.LocalActorRef akka://worker/user/watcher/processing-watcher/graph/graph/$ib - Stopped
11:19:20.212 [worker-akka.actor.default-dispatcher-27] INFO  a.a.LocalActorRef akka://worker/user/watcher/processing-watcher/graph/graph/$j - Stopped
11:19:20.212 [worker-akka.actor.default-dispatcher-27] INFO  a.a.LocalActorRef akka://worker/user/watcher/processing-watcher/graph/graph/$jb - Stopped
11:19:20.213 [worker-akka.actor.default-dispatcher-27] INFO  a.a.LocalActorRef akka://worker/user/watcher/processing-watcher/graph/graph/$k - Stopped
11:19:20.214 [worker-akka.actor.default-dispatcher-27] INFO  a.a.LocalActorRef akka://worker/user/watcher/processing-watcher/graph/graph/$kb - Stopped
11:19:20.215 [worker-akka.actor.default-dispatcher-27] INFO  a.a.LocalActorRef akka://worker/user/watcher/processing-watcher/graph/graph/$l - Stopped
11:19:20.216 [worker-akka.actor.default-dispatcher-27] INFO  a.a.LocalActorRef akka://worker/user/watcher/processing-watcher/graph/graph/$lb - Stopped
11:19:20.217 [worker-akka.actor.default-dispatcher-27] INFO  a.a.LocalActorRef akka://worker/user/watcher/processing-watcher/graph/graph/$m - Stopped
11:19:20.218 [worker-akka.actor.default-dispatcher-27] INFO  a.a.LocalActorRef akka://worker/user/watcher/processing-watcher/graph/graph/$mb - Stopped
11:19:20.219 [worker-akka.actor.default-dispatcher-27] INFO  a.a.LocalActorRef akka://worker/user/watcher/processing-watcher/graph/graph/$n - Stopped
11:19:20.219 [worker-akka.actor.default-dispatcher-27] INFO  a.a.LocalActorRef akka://worker/user/watcher/processing-watcher/graph/graph/$nb - Stopped
11:19:20.220 [worker-akka.actor.default-dispatcher-27] INFO  a.a.LocalActorRef akka://worker/user/watcher/processing-watcher/graph/graph/$o - Stopped
11:19:20.221 [worker-akka.actor.default-dispatcher-27] INFO  a.a.LocalActorRef akka://worker/user/watcher/processing-watcher/graph/graph/$ob - Stopped
11:19:20.222 [worker-akka.actor.default-dispatcher-27] INFO  a.a.LocalActorRef akka://worker/user/watcher/processing-watcher/graph/graph/$p - Stopped
11:19:20.224 [worker-akka.actor.default-dispatcher-27] INFO  a.a.LocalActorRef akka://worker/user/watcher/processing-watcher/graph/graph/$pb - Stopped
11:19:20.224 [worker-akka.actor.default-dispatcher-27] INFO  a.a.LocalActorRef akka://worker/user/watcher/processing-watcher/graph/graph/$q - Stopped
11:19:20.225 [worker-akka.actor.default-dispatcher-27] INFO  a.a.LocalActorRef akka://worker/user/watcher/processing-watcher/graph/graph/$qb - Stopped
11:19:20.226 [worker-akka.actor.default-dispatcher-27] INFO  a.a.LocalActorRef akka://worker/user/watcher/processing-watcher/graph/graph/$r - Stopped
11:19:20.227 [worker-akka.actor.default-dispatcher-27] INFO  a.a.LocalActorRef akka://worker/user/watcher/processing-watcher/graph/graph/$rb - Stopped
11:19:20.227 [worker-akka.actor.default-dispatcher-27] INFO  a.a.LocalActorRef akka://worker/user/watcher/processing-watcher/graph/graph/$s - Stopped
11:19:20.228 [worker-akka.actor.default-dispatcher-27] INFO  a.a.LocalActorRef akka://worker/user/watcher/processing-watcher/graph/graph/$sb - Stopped
11:19:20.229 [worker-akka.actor.default-dispatcher-27] INFO  a.a.LocalActorRef akka://worker/user/watcher/processing-watcher/graph/graph/$t - Stopped
11:19:20.230 [worker-akka.actor.default-dispatcher-27] INFO  a.a.LocalActorRef akka://worker/user/watcher/processing-watcher/graph/graph/$tb - Stopped
11:19:20.230 [worker-akka.actor.default-dispatcher-27] INFO  a.a.LocalActorRef akka://worker/user/watcher/processing-watcher/graph/graph/$u - Stopped
11:19:20.231 [worker-akka.actor.default-dispatcher-27] INFO  a.a.LocalActorRef akka://worker/user/watcher/processing-watcher/graph/graph/$ub - Stopped
11:19:20.232 [worker-akka.actor.default-dispatcher-27] INFO  a.a.LocalActorRef akka://worker/user/watcher/processing-watcher/graph/graph/$v - Stopped
11:19:20.232 [worker-akka.actor.default-dispatcher-27] INFO  a.a.LocalActorRef akka://worker/user/watcher/processing-watcher/graph/graph/$vb - Stopped
11:19:20.233 [worker-akka.actor.default-dispatcher-27] INFO  a.a.LocalActorRef akka://worker/user/watcher/processing-watcher/graph/graph/$w - Stopped
11:19:20.234 [worker-akka.actor.default-dispatcher-27] INFO  a.a.LocalActorRef akka://worker/user/watcher/processing-watcher/graph/graph/$wb - Stopped
11:19:20.235 [worker-akka.actor.default-dispatcher-27] INFO  a.a.LocalActorRef akka://worker/user/watcher/processing-watcher/graph/graph/$x - Stopped
11:19:20.235 [worker-akka.actor.default-dispatcher-27] INFO  a.a.LocalActorRef akka://worker/user/watcher/processing-watcher/graph/graph/$xb - Stopped
11:19:20.236 [worker-akka.actor.default-dispatcher-27] INFO  a.a.LocalActorRef akka://worker/user/watcher/processing-watcher/graph/graph/$y - Stopped
11:19:20.236 [worker-akka.actor.default-dispatcher-27] INFO  a.a.LocalActorRef akka://worker/user/watcher/processing-watcher/graph/graph/$yb - Stopped
11:19:20.237 [worker-akka.actor.default-dispatcher-27] INFO  a.a.LocalActorRef akka://worker/user/watcher/processing-watcher/graph/graph/$z - Stopped
11:19:20.238 [worker-akka.actor.default-dispatcher-27] INFO  a.a.LocalActorRef akka://worker/user/watcher/processing-watcher/graph/graph/$zb - Stopped
11:19:20.238 [worker-akka.actor.default-dispatcher-27] INFO  a.a.LocalActorRef akka://worker/user/watcher/processing-watcher/graph/graph/$~ - Stopped
11:19:20.255 [worker-akka.actor.default-dispatcher-27] INFO  a.a.LocalActorRef akka://worker/user/watcher/processing-watcher/graph/graph - Stopped
11:19:20.260 [worker-akka.actor.default-dispatcher-27] INFO  a.a.LocalActorRef akka://worker/user/watcher/processing-watcher/graph - Stopped
11:19:20.262 [Curator-Framework-0] INFO  o.a.c.f.i.CuratorFrameworkImpl  - backgroundOperationsLoop exiting
11:19:20.263 [worker-akka.actor.default-dispatcher-27] INFO  a.a.LocalActorRef akka://worker/user/watcher/processing-watcher - Stopped
11:19:20.275 [worker-akka.actor.default-dispatcher-25] INFO  o.a.z.ZooKeeper  - Session: 0x1000032366f0003 closed
11:19:20.276 [worker-akka.actor.default-dispatcher-27] INFO  a.a.RepointableActorRef akka://worker/user/watcher - Stopped
11:19:20.276 [worker-akka.actor.default-dispatcher-6-EventThread] INFO  o.a.z.ClientCnxn  - EventThread shut down for session: 0x1000032366f0003
11:19:20.280 [Curator-PathChildrenCache-0] ERROR o.a.c.f.r.c.PathChildrenCache  - 
java.lang.IllegalStateException: instance must be started before calling this method
	at org.apache.curator.shaded.com.google.common.base.Preconditions.checkState(Preconditions.java:444)
	at org.apache.curator.framework.imps.CuratorFrameworkImpl.getChildren(CuratorFrameworkImpl.java:456)
	at org.apache.curator.framework.recipes.cache.PathChildrenCache.refresh(PathChildrenCache.java:521)
	at org.apache.curator.framework.recipes.cache.RefreshOperation.invoke(RefreshOperation.java:35)
	at org.apache.curator.framework.recipes.cache.PathChildrenCache$9.run(PathChildrenCache.java:786)
	at java.util.concurrent.Executors$RunnableAdapter.call(Executors.java:511)
	at java.util.concurrent.FutureTask.run(FutureTask.java:266)
	at java.util.concurrent.Executors$RunnableAdapter.call(Executors.java:511)
	at java.util.concurrent.FutureTask.run(FutureTask.java:266)
	at java.util.concurrent.ThreadPoolExecutor.runWorker(ThreadPoolExecutor.java:1149)
	at java.util.concurrent.ThreadPoolExecutor$Worker.run(ThreadPoolExecutor.java:624)
	at java.lang.Thread.run(Thread.java:748)
11:19:20.289 [worker-akka.actor.default-dispatcher-25] INFO  a.r.RemoteActorRefProvider$RemotingTerminator akka://worker@flamestream-benchmarks-worker-2:5412/system/remoting-terminator - Shutting down remote daemon.
11:19:20.289 [worker-akka.actor.default-dispatcher-25] INFO  a.r.RemoteActorRefProvider$RemotingTerminator akka://worker@flamestream-benchmarks-worker-2:5412/system/remoting-terminator - Remote daemon shut down; proceeding with flushing remote transports.
11:19:22.067 [worker-akka.actor.default-dispatcher-25] INFO  a.r.RemoteActorRefProvider$RemotingTerminator akka://worker@flamestream-benchmarks-worker-2:5412/system/remoting-terminator - Remoting shut down.
Heap
 def new generation   total 460800K, used 91413K [0x00000000a2400000, 0x00000000c1800000, 0x00000000c1800000)
  eden space 409600K,  22% used [0x00000000a2400000, 0x00000000a7d12838, 0x00000000bb400000)
  from space 51200K,   0% used [0x00000000bb400000, 0x00000000bb432f10, 0x00000000be600000)
  to   space 51200K,   0% used [0x00000000be600000, 0x00000000be600000, 0x00000000c1800000)
 tenured generation   total 1024000K, used 91285K [0x00000000c1800000, 0x0000000100000000, 0x0000000100000000)
   the space 1024000K,   8% used [0x00000000c1800000, 0x00000000c7125530, 0x00000000c7125600, 0x0000000100000000)
 Metaspace       used 41744K, capacity 44713K, committed 44928K, reserved 1089536K
  class space    used 5373K, capacity 5699K, committed 5760K, reserved 1048576K
