08:07:46,007 |-INFO in ch.qos.logback.classic.LoggerContext[default] - Could NOT find resource [logback-test.xml]
08:07:46,007 |-INFO in ch.qos.logback.classic.LoggerContext[default] - Could NOT find resource [logback.groovy]
08:07:46,008 |-INFO in ch.qos.logback.classic.LoggerContext[default] - Found resource [logback.xml] at [jar:file:/root/flamestream/lib/flamestream-runtime-1.0-SNAPSHOT.jar!/logback.xml]
08:07:46,008 |-WARN in ch.qos.logback.classic.LoggerContext[default] - Resource [logback.xml] occurs multiple times on the classpath.
08:07:46,008 |-WARN in ch.qos.logback.classic.LoggerContext[default] - Resource [logback.xml] occurs at [jar:file:/root/flamestream/lib/flamestream-runtime-1.0-SNAPSHOT.jar!/logback.xml]
08:07:46,008 |-WARN in ch.qos.logback.classic.LoggerContext[default] - Resource [logback.xml] occurs at [jar:file:/root/flamestream/flamestream-runtime-1.0-SNAPSHOT.jar!/logback.xml]
08:07:46,031 |-INFO in ch.qos.logback.core.joran.spi.ConfigurationWatchList@3fb6a447 - URL [jar:file:/root/flamestream/lib/flamestream-runtime-1.0-SNAPSHOT.jar!/logback.xml] is not of type file
08:07:46,103 |-INFO in ch.qos.logback.classic.joran.action.ConfigurationAction - debug attribute not set
08:07:46,104 |-INFO in ch.qos.logback.core.joran.action.AppenderAction - About to instantiate appender of type [ch.qos.logback.core.ConsoleAppender]
08:07:46,120 |-INFO in ch.qos.logback.core.joran.action.AppenderAction - Naming appender as [STDOUT]
08:07:46,138 |-INFO in ch.qos.logback.core.joran.action.NestedComplexPropertyIA - Assuming default type [ch.qos.logback.classic.encoder.PatternLayoutEncoder] for [encoder] property
08:07:46,224 |-INFO in ch.qos.logback.core.joran.action.AppenderAction - About to instantiate appender of type [ch.qos.logback.core.rolling.RollingFileAppender]
08:07:46,228 |-INFO in ch.qos.logback.core.joran.action.AppenderAction - Naming appender as [FILE]
08:07:46,261 |-INFO in c.q.l.core.rolling.TimeBasedRollingPolicy@127618319 - No compression will be used
08:07:46,262 |-INFO in c.q.l.core.rolling.TimeBasedRollingPolicy@127618319 - Will use the pattern /tmp/application_%d{yyyy-MM-dd}.%i.log for the active file
08:07:46,265 |-INFO in ch.qos.logback.core.rolling.SizeAndTimeBasedFNATP@6b2fad11 - The date pattern is 'yyyy-MM-dd' from file name pattern '/tmp/application_%d{yyyy-MM-dd}.%i.log'.
08:07:46,265 |-INFO in ch.qos.logback.core.rolling.SizeAndTimeBasedFNATP@6b2fad11 - Roll-over at midnight.
08:07:46,271 |-INFO in ch.qos.logback.core.rolling.SizeAndTimeBasedFNATP@6b2fad11 - Setting initial period to Tue Jun 11 08:06:20 UTC 2019
08:07:46,271 |-WARN in ch.qos.logback.core.rolling.SizeAndTimeBasedFNATP@6b2fad11 - SizeAndTimeBasedFNATP is deprecated. Use SizeAndTimeBasedRollingPolicy instead
08:07:46,271 |-WARN in ch.qos.logback.core.rolling.SizeAndTimeBasedFNATP@6b2fad11 - For more information see http://logback.qos.ch/manual/appenders.html#SizeAndTimeBasedRollingPolicy
08:07:46,275 |-INFO in ch.qos.logback.core.joran.action.NestedComplexPropertyIA - Assuming default type [ch.qos.logback.classic.encoder.PatternLayoutEncoder] for [encoder] property
08:07:46,280 |-INFO in ch.qos.logback.core.rolling.RollingFileAppender[FILE] - Active log file name: /tmp/application.log
08:07:46,280 |-INFO in ch.qos.logback.core.rolling.RollingFileAppender[FILE] - File property is set to [/tmp/application.log]
08:07:46,281 |-INFO in ch.qos.logback.classic.joran.action.RootLoggerAction - Setting level of ROOT logger to WARN
08:07:46,281 |-INFO in ch.qos.logback.core.joran.action.AppenderRefAction - Attaching appender named [STDOUT] to Logger[ROOT]
08:07:46,283 |-INFO in ch.qos.logback.core.joran.action.AppenderRefAction - Attaching appender named [FILE] to Logger[ROOT]
08:07:46,283 |-INFO in ch.qos.logback.classic.joran.action.ConfigurationAction - End of configuration.
08:07:46,283 |-INFO in ch.qos.logback.classic.joran.JoranConfigurator@79698539 - Registering current configuration as safe fallback point

Ama winner
Ama winner
2019-06-11T08:07:47.591+0000: 1.767: [Full GC (Metadata GC Threshold) 2019-06-11T08:07:47.591+0000: 1.767: [Tenured: 0K->15143K(341376K), 0.0353700 secs] 114923K->15143K(494976K), [Metaspace: 20730K->20730K(1067008K)], 0.0354572 secs] [Times: user=0.03 sys=0.00, real=0.04 secs] 
08:08:05.782 [Curator-PathChildrenCache-1] WARN  o.a.c.u.ZKPaths  - The version of ZooKeeper being used doesn't support Container nodes. CreateMode.PERSISTENT will be used instead.
2019-06-11T08:08:08.008+0000: 22.184: [GC (Allocation Failure) 2019-06-11T08:08:08.008+0000: 22.184: [DefNew: 136576K->17023K(153600K), 0.0286523 secs] 151719K->52499K(494976K), 0.0287343 secs] [Times: user=0.03 sys=0.00, real=0.02 secs] 
2019-06-11T08:08:11.314+0000: 25.490: [Full GC (Metadata GC Threshold) 2019-06-11T08:08:11.314+0000: 25.490: [Tenured: 35475K->43939K(341376K), 0.0492496 secs] 117120K->43939K(494976K), [Metaspace: 34582K->34582K(1079296K)], 0.0493306 secs] [Times: user=0.04 sys=0.01, real=0.05 secs] 
2019-06-11T08:08:18.548+0000: 32.725: [GC (Allocation Failure) 2019-06-11T08:08:18.549+0000: 32.725: [DefNew: 136576K->71K(153600K), 0.0019338 secs] 180515K->44011K(494976K), 0.0031489 secs] [Times: user=0.00 sys=0.00, real=0.00 secs] 
2019-06-11T08:08:25.704+0000: 39.881: [GC (Allocation Failure) 2019-06-11T08:08:25.704+0000: 39.881: [DefNew: 136647K->72K(153600K), 0.0017245 secs] 180587K->44012K(494976K), 0.0018130 secs] [Times: user=0.00 sys=0.00, real=0.01 secs] 
2019-06-11T08:08:33.023+0000: 47.199: [GC (Allocation Failure) 2019-06-11T08:08:33.023+0000: 47.199: [DefNew: 136648K->75K(153600K), 0.0017641 secs] 180588K->44015K(494976K), 0.0018215 secs] [Times: user=0.00 sys=0.00, real=0.00 secs] 
2019-06-11T08:08:40.377+0000: 54.553: [GC (Allocation Failure) 2019-06-11T08:08:40.377+0000: 54.553: [DefNew: 136651K->78K(153600K), 0.0018403 secs] 180591K->44017K(494976K), 0.0018984 secs] [Times: user=0.00 sys=0.00, real=0.01 secs] 
2019-06-11T08:08:47.704+0000: 61.880: [GC (Allocation Failure) 2019-06-11T08:08:47.704+0000: 61.880: [DefNew: 136654K->167K(153600K), 0.0019250 secs] 180593K->44107K(494976K), 0.0019820 secs] [Times: user=0.01 sys=0.00, real=0.01 secs] 
08:09:00.038 [Curator-PathChildrenCache-0] ERROR o.a.c.f.r.c.PathChildrenCache  - 
java.lang.IllegalStateException: instance must be started before calling this method
	at org.apache.curator.shaded.com.google.common.base.Preconditions.checkState(Preconditions.java:444)
	at org.apache.curator.framework.imps.CuratorFrameworkImpl.getChildren(CuratorFrameworkImpl.java:456)
	at org.apache.curator.framework.recipes.cache.PathChildrenCache.refresh(PathChildrenCache.java:521)
	at org.apache.curator.framework.recipes.cache.RefreshOperation.invoke(RefreshOperation.java:35)
	at org.apache.curator.framework.recipes.cache.PathChildrenCache$9.run(PathChildrenCache.java:786)
	at java.util.concurrent.Executors$RunnableAdapter.call(Executors.java:511)
	at java.util.concurrent.FutureTask.run(FutureTask.java:266)
	at java.util.concurrent.Executors$RunnableAdapter.call(Executors.java:511)
	at java.util.concurrent.FutureTask.run(FutureTask.java:266)
	at java.util.concurrent.ThreadPoolExecutor.runWorker(ThreadPoolExecutor.java:1149)
	at java.util.concurrent.ThreadPoolExecutor$Worker.run(ThreadPoolExecutor.java:624)
	at java.lang.Thread.run(Thread.java:748)
Heap
 def new generation   total 153600K, used 84475K [0x00000000e0c00000, 0x00000000eb2a0000, 0x00000000eb2a0000)
  eden space 136576K,  61% used [0x00000000e0c00000, 0x00000000e5e54ec8, 0x00000000e9160000)
  from space 17024K,   0% used [0x00000000e9160000, 0x00000000e9189f00, 0x00000000ea200000)
  to   space 17024K,   0% used [0x00000000ea200000, 0x00000000ea200000, 0x00000000eb2a0000)
 tenured generation   total 341376K, used 43939K [0x00000000eb2a0000, 0x0000000100000000, 0x0000000100000000)
   the space 341376K,  12% used [0x00000000eb2a0000, 0x00000000edd88ea0, 0x00000000edd89000, 0x0000000100000000)
 Metaspace       used 36180K, capacity 37068K, committed 37376K, reserved 1081344K
  class space    used 4870K, capacity 5076K, committed 5120K, reserved 1048576K
