17:05:47,002 |-INFO in ch.qos.logback.classic.LoggerContext[default] - Could NOT find resource [logback-test.xml]
17:05:47,002 |-INFO in ch.qos.logback.classic.LoggerContext[default] - Could NOT find resource [logback.groovy]
17:05:47,002 |-INFO in ch.qos.logback.classic.LoggerContext[default] - Found resource [logback.xml] at [jar:file:/root/flamestream/lib/flamestream-runtime-1.0-SNAPSHOT.jar!/logback.xml]
17:05:47,003 |-WARN in ch.qos.logback.classic.LoggerContext[default] - Resource [logback.xml] occurs multiple times on the classpath.
17:05:47,003 |-WARN in ch.qos.logback.classic.LoggerContext[default] - Resource [logback.xml] occurs at [jar:file:/root/flamestream/lib/flamestream-runtime-1.0-SNAPSHOT.jar!/logback.xml]
17:05:47,003 |-WARN in ch.qos.logback.classic.LoggerContext[default] - Resource [logback.xml] occurs at [jar:file:/root/flamestream/flamestream-runtime-1.0-SNAPSHOT.jar!/logback.xml]
17:05:47,022 |-INFO in ch.qos.logback.core.joran.spi.ConfigurationWatchList@3fb6a447 - URL [jar:file:/root/flamestream/lib/flamestream-runtime-1.0-SNAPSHOT.jar!/logback.xml] is not of type file
17:05:47,095 |-INFO in ch.qos.logback.classic.joran.action.ConfigurationAction - debug attribute not set
17:05:47,095 |-INFO in ch.qos.logback.core.joran.action.AppenderAction - About to instantiate appender of type [ch.qos.logback.core.ConsoleAppender]
17:05:47,112 |-INFO in ch.qos.logback.core.joran.action.AppenderAction - Naming appender as [STDOUT]
17:05:47,125 |-INFO in ch.qos.logback.core.joran.action.NestedComplexPropertyIA - Assuming default type [ch.qos.logback.classic.encoder.PatternLayoutEncoder] for [encoder] property
17:05:47,214 |-INFO in ch.qos.logback.core.joran.action.AppenderAction - About to instantiate appender of type [ch.qos.logback.core.rolling.RollingFileAppender]
17:05:47,219 |-INFO in ch.qos.logback.core.joran.action.AppenderAction - Naming appender as [FILE]
17:05:47,250 |-INFO in c.q.l.core.rolling.TimeBasedRollingPolicy@127618319 - No compression will be used
17:05:47,252 |-INFO in c.q.l.core.rolling.TimeBasedRollingPolicy@127618319 - Will use the pattern /tmp/application_%d{yyyy-MM-dd}.%i.log for the active file
17:05:47,254 |-INFO in ch.qos.logback.core.rolling.SizeAndTimeBasedFNATP@6b2fad11 - The date pattern is 'yyyy-MM-dd' from file name pattern '/tmp/application_%d{yyyy-MM-dd}.%i.log'.
17:05:47,254 |-INFO in ch.qos.logback.core.rolling.SizeAndTimeBasedFNATP@6b2fad11 - Roll-over at midnight.
17:05:47,260 |-INFO in ch.qos.logback.core.rolling.SizeAndTimeBasedFNATP@6b2fad11 - Setting initial period to Mon Jun 10 17:04:17 UTC 2019
17:05:47,260 |-WARN in ch.qos.logback.core.rolling.SizeAndTimeBasedFNATP@6b2fad11 - SizeAndTimeBasedFNATP is deprecated. Use SizeAndTimeBasedRollingPolicy instead
17:05:47,260 |-WARN in ch.qos.logback.core.rolling.SizeAndTimeBasedFNATP@6b2fad11 - For more information see http://logback.qos.ch/manual/appenders.html#SizeAndTimeBasedRollingPolicy
17:05:47,264 |-INFO in ch.qos.logback.core.joran.action.NestedComplexPropertyIA - Assuming default type [ch.qos.logback.classic.encoder.PatternLayoutEncoder] for [encoder] property
17:05:47,268 |-INFO in ch.qos.logback.core.rolling.RollingFileAppender[FILE] - Active log file name: /tmp/application.log
17:05:47,268 |-INFO in ch.qos.logback.core.rolling.RollingFileAppender[FILE] - File property is set to [/tmp/application.log]
17:05:47,269 |-INFO in ch.qos.logback.classic.joran.action.RootLoggerAction - Setting level of ROOT logger to WARN
17:05:47,269 |-INFO in ch.qos.logback.core.joran.action.AppenderRefAction - Attaching appender named [STDOUT] to Logger[ROOT]
17:05:47,271 |-INFO in ch.qos.logback.core.joran.action.AppenderRefAction - Attaching appender named [FILE] to Logger[ROOT]
17:05:47,271 |-INFO in ch.qos.logback.classic.joran.action.ConfigurationAction - End of configuration.
17:05:47,272 |-INFO in ch.qos.logback.classic.joran.JoranConfigurator@79698539 - Registering current configuration as safe fallback point

Ama winner
Ama winner
2019-06-10T17:05:48.529+0000: 1.714: [Full GC (Metadata GC Threshold) 2019-06-10T17:05:48.529+0000: 1.714: [Tenured: 0K->15144K(341376K), 0.0400189 secs] 114924K->15144K(494976K), [Metaspace: 20741K->20741K(1067008K)], 0.0400869 secs] [Times: user=0.03 sys=0.00, real=0.04 secs] 
17:06:10.502 [Curator-PathChildrenCache-2] WARN  o.a.c.u.ZKPaths  - The version of ZooKeeper being used doesn't support Container nodes. CreateMode.PERSISTENT will be used instead.
2019-06-10T17:06:12.722+0000: 25.907: [GC (Allocation Failure) 2019-06-10T17:06:12.722+0000: 25.907: [DefNew: 136576K->17024K(153600K), 0.0285410 secs] 151720K->52734K(494976K), 0.0286157 secs] [Times: user=0.02 sys=0.01, real=0.02 secs] 
2019-06-10T17:06:13.174+0000: 26.359: [Full GC (Metadata GC Threshold) 2019-06-10T17:06:13.174+0000: 26.359: [Tenured: 35710K->44369K(341376K), 0.0404834 secs] 70375K->44369K(494976K), [Metaspace: 34586K->34586K(1079296K)], 0.0405636 secs] [Times: user=0.04 sys=0.00, real=0.04 secs] 
2019-06-10T17:06:17.458+0000: 30.643: [GC (Allocation Failure) 2019-06-10T17:06:17.458+0000: 30.643: [DefNew: 136576K->230K(153600K), 0.0023025 secs] 180945K->44600K(494976K), 0.0023698 secs] [Times: user=0.00 sys=0.00, real=0.01 secs] 
2019-06-10T17:06:21.386+0000: 34.571: [GC (Allocation Failure) 2019-06-10T17:06:21.386+0000: 34.571: [DefNew: 136806K->242K(153600K), 0.0021550 secs] 181176K->44611K(494976K), 0.0022206 secs] [Times: user=0.00 sys=0.00, real=0.00 secs] 
2019-06-10T17:06:25.325+0000: 38.510: [GC (Allocation Failure) 2019-06-10T17:06:25.325+0000: 38.510: [DefNew: 136818K->249K(153600K), 0.0021124 secs] 181187K->44618K(494976K), 0.0021756 secs] [Times: user=0.00 sys=0.00, real=0.00 secs] 
2019-06-10T17:06:29.305+0000: 42.490: [GC (Allocation Failure) 2019-06-10T17:06:29.305+0000: 42.490: [DefNew: 136825K->239K(153600K), 0.0021298 secs] 181194K->44608K(494976K), 0.0021911 secs] [Times: user=0.00 sys=0.01, real=0.00 secs] 
2019-06-10T17:06:33.261+0000: 46.446: [GC (Allocation Failure) 2019-06-10T17:06:33.261+0000: 46.446: [DefNew: 136815K->239K(153600K), 0.0021117 secs] 181184K->44608K(494976K), 0.0021836 secs] [Times: user=0.00 sys=0.00, real=0.00 secs] 
2019-06-10T17:06:37.202+0000: 50.387: [GC (Allocation Failure) 2019-06-10T17:06:37.202+0000: 50.387: [DefNew: 136815K->251K(153600K), 0.0021562 secs] 181184K->44620K(494976K), 0.0022168 secs] [Times: user=0.01 sys=0.00, real=0.00 secs] 
2019-06-10T17:06:41.173+0000: 54.358: [GC (Allocation Failure) 2019-06-10T17:06:41.173+0000: 54.358: [DefNew: 136827K->241K(153600K), 0.0021660 secs] 181196K->44610K(494976K), 0.0022280 secs] [Times: user=0.00 sys=0.00, real=0.00 secs] 
2019-06-10T17:06:45.147+0000: 58.332: [GC (Allocation Failure) 2019-06-10T17:06:45.147+0000: 58.332: [DefNew: 136817K->242K(153600K), 0.0020704 secs] 181186K->44611K(494976K), 0.0021312 secs] [Times: user=0.00 sys=0.00, real=0.00 secs] 
17:06:54.662 [Curator-PathChildrenCache-0] ERROR o.a.c.f.r.c.PathChildrenCache  - 
java.lang.IllegalStateException: instance must be started before calling this method
	at org.apache.curator.shaded.com.google.common.base.Preconditions.checkState(Preconditions.java:444)
	at org.apache.curator.framework.imps.CuratorFrameworkImpl.getChildren(CuratorFrameworkImpl.java:456)
	at org.apache.curator.framework.recipes.cache.PathChildrenCache.refresh(PathChildrenCache.java:521)
	at org.apache.curator.framework.recipes.cache.RefreshOperation.invoke(RefreshOperation.java:35)
	at org.apache.curator.framework.recipes.cache.PathChildrenCache$9.run(PathChildrenCache.java:786)
	at java.util.concurrent.Executors$RunnableAdapter.call(Executors.java:511)
	at java.util.concurrent.FutureTask.run(FutureTask.java:266)
	at java.util.concurrent.Executors$RunnableAdapter.call(Executors.java:511)
	at java.util.concurrent.FutureTask.run(FutureTask.java:266)
	at java.util.concurrent.ThreadPoolExecutor.runWorker(ThreadPoolExecutor.java:1149)
	at java.util.concurrent.ThreadPoolExecutor$Worker.run(ThreadPoolExecutor.java:624)
	at java.lang.Thread.run(Thread.java:748)
Heap
 def new generation   total 153600K, used 83208K [0x00000000e0c00000, 0x00000000eb2a0000, 0x00000000eb2a0000)
  eden space 136576K,  60% used [0x00000000e0c00000, 0x00000000e5d05940, 0x00000000e9160000)
  from space 17024K,   1% used [0x00000000ea200000, 0x00000000ea23c9c0, 0x00000000eb2a0000)
  to   space 17024K,   0% used [0x00000000e9160000, 0x00000000e9160000, 0x00000000ea200000)
 tenured generation   total 341376K, used 44369K [0x00000000eb2a0000, 0x0000000100000000, 0x0000000100000000)
   the space 341376K,  12% used [0x00000000eb2a0000, 0x00000000eddf4488, 0x00000000eddf4600, 0x0000000100000000)
 Metaspace       used 36450K, capacity 37448K, committed 37760K, reserved 1081344K
  class space    used 4901K, capacity 5124K, committed 5248K, reserved 1048576K
