19:40:02,097 |-INFO in ch.qos.logback.classic.LoggerContext[default] - Could NOT find resource [logback-test.xml]
19:40:02,097 |-INFO in ch.qos.logback.classic.LoggerContext[default] - Could NOT find resource [logback.groovy]
19:40:02,097 |-INFO in ch.qos.logback.classic.LoggerContext[default] - Found resource [logback.xml] at [jar:file:/root/flamestream/lib/flamestream-runtime-1.0-SNAPSHOT.jar!/logback.xml]
19:40:02,098 |-WARN in ch.qos.logback.classic.LoggerContext[default] - Resource [logback.xml] occurs multiple times on the classpath.
19:40:02,098 |-WARN in ch.qos.logback.classic.LoggerContext[default] - Resource [logback.xml] occurs at [jar:file:/root/flamestream/lib/flamestream-runtime-1.0-SNAPSHOT.jar!/logback.xml]
19:40:02,098 |-WARN in ch.qos.logback.classic.LoggerContext[default] - Resource [logback.xml] occurs at [jar:file:/root/flamestream/flamestream-runtime-1.0-SNAPSHOT.jar!/logback.xml]
19:40:02,121 |-INFO in ch.qos.logback.core.joran.spi.ConfigurationWatchList@3fb6a447 - URL [jar:file:/root/flamestream/lib/flamestream-runtime-1.0-SNAPSHOT.jar!/logback.xml] is not of type file
19:40:02,195 |-INFO in ch.qos.logback.classic.joran.action.ConfigurationAction - debug attribute not set
19:40:02,196 |-INFO in ch.qos.logback.core.joran.action.AppenderAction - About to instantiate appender of type [ch.qos.logback.core.ConsoleAppender]
19:40:02,215 |-INFO in ch.qos.logback.core.joran.action.AppenderAction - Naming appender as [STDOUT]
19:40:02,233 |-INFO in ch.qos.logback.core.joran.action.NestedComplexPropertyIA - Assuming default type [ch.qos.logback.classic.encoder.PatternLayoutEncoder] for [encoder] property
19:40:02,312 |-INFO in ch.qos.logback.core.joran.action.AppenderAction - About to instantiate appender of type [ch.qos.logback.core.rolling.RollingFileAppender]
19:40:02,317 |-INFO in ch.qos.logback.core.joran.action.AppenderAction - Naming appender as [FILE]
19:40:02,348 |-INFO in c.q.l.core.rolling.TimeBasedRollingPolicy@127618319 - No compression will be used
19:40:02,349 |-INFO in c.q.l.core.rolling.TimeBasedRollingPolicy@127618319 - Will use the pattern /tmp/application_%d{yyyy-MM-dd}.%i.log for the active file
19:40:02,352 |-INFO in ch.qos.logback.core.rolling.SizeAndTimeBasedFNATP@6b2fad11 - The date pattern is 'yyyy-MM-dd' from file name pattern '/tmp/application_%d{yyyy-MM-dd}.%i.log'.
19:40:02,352 |-INFO in ch.qos.logback.core.rolling.SizeAndTimeBasedFNATP@6b2fad11 - Roll-over at midnight.
19:40:02,357 |-INFO in ch.qos.logback.core.rolling.SizeAndTimeBasedFNATP@6b2fad11 - Setting initial period to Mon Jun 10 19:38:39 UTC 2019
19:40:02,357 |-WARN in ch.qos.logback.core.rolling.SizeAndTimeBasedFNATP@6b2fad11 - SizeAndTimeBasedFNATP is deprecated. Use SizeAndTimeBasedRollingPolicy instead
19:40:02,357 |-WARN in ch.qos.logback.core.rolling.SizeAndTimeBasedFNATP@6b2fad11 - For more information see http://logback.qos.ch/manual/appenders.html#SizeAndTimeBasedRollingPolicy
19:40:02,361 |-INFO in ch.qos.logback.core.joran.action.NestedComplexPropertyIA - Assuming default type [ch.qos.logback.classic.encoder.PatternLayoutEncoder] for [encoder] property
19:40:02,366 |-INFO in ch.qos.logback.core.rolling.RollingFileAppender[FILE] - Active log file name: /tmp/application.log
19:40:02,366 |-INFO in ch.qos.logback.core.rolling.RollingFileAppender[FILE] - File property is set to [/tmp/application.log]
19:40:02,366 |-INFO in ch.qos.logback.classic.joran.action.RootLoggerAction - Setting level of ROOT logger to WARN
19:40:02,367 |-INFO in ch.qos.logback.core.joran.action.AppenderRefAction - Attaching appender named [STDOUT] to Logger[ROOT]
19:40:02,368 |-INFO in ch.qos.logback.core.joran.action.AppenderRefAction - Attaching appender named [FILE] to Logger[ROOT]
19:40:02,368 |-INFO in ch.qos.logback.classic.joran.action.ConfigurationAction - End of configuration.
19:40:02,369 |-INFO in ch.qos.logback.classic.joran.JoranConfigurator@79698539 - Registering current configuration as safe fallback point

Ama winner
Ama winner
2019-06-10T19:40:03.668+0000: 1.756: [Full GC (Metadata GC Threshold) 2019-06-10T19:40:03.668+0000: 1.756: [Tenured: 0K->15242K(341376K), 0.0368878 secs] 117750K->15242K(494976K), [Metaspace: 20740K->20740K(1067008K)], 0.0369549 secs] [Times: user=0.03 sys=0.01, real=0.04 secs] 
19:40:15.866 [Curator-PathChildrenCache-1] WARN  o.a.c.u.ZKPaths  - The version of ZooKeeper being used doesn't support Container nodes. CreateMode.PERSISTENT will be used instead.
2019-06-10T19:40:18.109+0000: 16.197: [GC (Allocation Failure) 2019-06-10T19:40:18.109+0000: 16.197: [DefNew: 136576K->17023K(153600K), 0.0259630 secs] 151818K->52453K(494976K), 0.0260341 secs] [Times: user=0.01 sys=0.01, real=0.03 secs] 
2019-06-10T19:40:20.387+0000: 18.475: [Full GC (Metadata GC Threshold) 2019-06-10T19:40:20.387+0000: 18.475: [Tenured: 35429K->43818K(341376K), 0.0918726 secs] 97265K->43818K(494976K), [Metaspace: 34581K->34581K(1079296K)], 0.0919480 secs] [Times: user=0.09 sys=0.00, real=0.09 secs] 
2019-06-10T19:40:27.276+0000: 25.364: [GC (Allocation Failure) 2019-06-10T19:40:27.276+0000: 25.364: [DefNew: 136576K->100K(153600K), 0.0018556 secs] 180394K->43918K(494976K), 0.0019180 secs] [Times: user=0.00 sys=0.00, real=0.00 secs] 
2019-06-10T19:40:33.984+0000: 32.072: [GC (Allocation Failure) 2019-06-10T19:40:33.984+0000: 32.072: [DefNew: 136676K->96K(153600K), 0.0016672 secs] 180494K->43914K(494976K), 0.0017263 secs] [Times: user=0.00 sys=0.00, real=0.00 secs] 
2019-06-10T19:40:40.823+0000: 38.912: [GC (Allocation Failure) 2019-06-10T19:40:40.823+0000: 38.912: [DefNew: 136672K->126K(153600K), 0.0017142 secs] 180490K->43944K(494976K), 0.0017756 secs] [Times: user=0.01 sys=0.00, real=0.00 secs] 
2019-06-10T19:40:47.715+0000: 45.804: [GC (Allocation Failure) 2019-06-10T19:40:47.715+0000: 45.804: [DefNew: 136702K->128K(153600K), 0.0017695 secs] 180520K->43946K(494976K), 0.0018322 secs] [Times: user=0.00 sys=0.00, real=0.00 secs] 
2019-06-10T19:40:54.550+0000: 52.639: [GC (Allocation Failure) 2019-06-10T19:40:54.550+0000: 52.639: [DefNew: 136704K->127K(153600K), 0.0017120 secs] 180522K->43946K(494976K), 0.0017741 secs] [Times: user=0.00 sys=0.00, real=0.01 secs] 
19:41:01.364 [Curator-PathChildrenCache-0] ERROR o.a.c.f.r.c.PathChildrenCache  - 
java.lang.IllegalStateException: instance must be started before calling this method
	at org.apache.curator.shaded.com.google.common.base.Preconditions.checkState(Preconditions.java:444)
	at org.apache.curator.framework.imps.CuratorFrameworkImpl.getChildren(CuratorFrameworkImpl.java:456)
	at org.apache.curator.framework.recipes.cache.PathChildrenCache.refresh(PathChildrenCache.java:521)
	at org.apache.curator.framework.recipes.cache.RefreshOperation.invoke(RefreshOperation.java:35)
	at org.apache.curator.framework.recipes.cache.PathChildrenCache$9.run(PathChildrenCache.java:786)
	at java.util.concurrent.Executors$RunnableAdapter.call(Executors.java:511)
	at java.util.concurrent.FutureTask.run(FutureTask.java:266)
	at java.util.concurrent.Executors$RunnableAdapter.call(Executors.java:511)
	at java.util.concurrent.FutureTask.run(FutureTask.java:266)
	at java.util.concurrent.ThreadPoolExecutor.runWorker(ThreadPoolExecutor.java:1149)
	at java.util.concurrent.ThreadPoolExecutor$Worker.run(ThreadPoolExecutor.java:624)
	at java.lang.Thread.run(Thread.java:748)
Heap
 def new generation   total 153600K, used 55806K [0x00000000e0c00000, 0x00000000eb2a0000, 0x00000000eb2a0000)
  eden space 136576K,  40% used [0x00000000e0c00000, 0x00000000e425f9c8, 0x00000000e9160000)
  from space 17024K,   0% used [0x00000000e9160000, 0x00000000e917ff58, 0x00000000ea200000)
  to   space 17024K,   0% used [0x00000000ea200000, 0x00000000ea200000, 0x00000000eb2a0000)
 tenured generation   total 341376K, used 43818K [0x00000000eb2a0000, 0x0000000100000000, 0x0000000100000000)
   the space 341376K,  12% used [0x00000000eb2a0000, 0x00000000edd6a940, 0x00000000edd6aa00, 0x0000000100000000)
 Metaspace       used 35709K, capacity 36646K, committed 36864K, reserved 1081344K
  class space    used 4826K, capacity 5043K, committed 5120K, reserved 1048576K
