18:18:30,137 |-INFO in ch.qos.logback.classic.LoggerContext[default] - Could NOT find resource [logback-test.xml]
18:18:30,137 |-INFO in ch.qos.logback.classic.LoggerContext[default] - Could NOT find resource [logback.groovy]
18:18:30,137 |-INFO in ch.qos.logback.classic.LoggerContext[default] - Found resource [logback.xml] at [jar:file:/root/flamestream/lib/flamestream-runtime-1.0-SNAPSHOT.jar!/logback.xml]
18:18:30,138 |-WARN in ch.qos.logback.classic.LoggerContext[default] - Resource [logback.xml] occurs multiple times on the classpath.
18:18:30,138 |-WARN in ch.qos.logback.classic.LoggerContext[default] - Resource [logback.xml] occurs at [jar:file:/root/flamestream/lib/flamestream-runtime-1.0-SNAPSHOT.jar!/logback.xml]
18:18:30,138 |-WARN in ch.qos.logback.classic.LoggerContext[default] - Resource [logback.xml] occurs at [jar:file:/root/flamestream/flamestream-runtime-1.0-SNAPSHOT.jar!/logback.xml]
18:18:30,157 |-INFO in ch.qos.logback.core.joran.spi.ConfigurationWatchList@3fb6a447 - URL [jar:file:/root/flamestream/lib/flamestream-runtime-1.0-SNAPSHOT.jar!/logback.xml] is not of type file
18:18:30,223 |-INFO in ch.qos.logback.classic.joran.action.ConfigurationAction - debug attribute not set
18:18:30,224 |-INFO in ch.qos.logback.core.joran.action.AppenderAction - About to instantiate appender of type [ch.qos.logback.core.ConsoleAppender]
18:18:30,239 |-INFO in ch.qos.logback.core.joran.action.AppenderAction - Naming appender as [STDOUT]
18:18:30,260 |-INFO in ch.qos.logback.core.joran.action.NestedComplexPropertyIA - Assuming default type [ch.qos.logback.classic.encoder.PatternLayoutEncoder] for [encoder] property
18:18:30,345 |-INFO in ch.qos.logback.core.joran.action.AppenderAction - About to instantiate appender of type [ch.qos.logback.core.rolling.RollingFileAppender]
18:18:30,350 |-INFO in ch.qos.logback.core.joran.action.AppenderAction - Naming appender as [FILE]
18:18:30,381 |-INFO in c.q.l.core.rolling.TimeBasedRollingPolicy@127618319 - No compression will be used
18:18:30,382 |-INFO in c.q.l.core.rolling.TimeBasedRollingPolicy@127618319 - Will use the pattern /tmp/application_%d{yyyy-MM-dd}.%i.log for the active file
18:18:30,385 |-INFO in ch.qos.logback.core.rolling.SizeAndTimeBasedFNATP@6b2fad11 - The date pattern is 'yyyy-MM-dd' from file name pattern '/tmp/application_%d{yyyy-MM-dd}.%i.log'.
18:18:30,385 |-INFO in ch.qos.logback.core.rolling.SizeAndTimeBasedFNATP@6b2fad11 - Roll-over at midnight.
18:18:30,390 |-INFO in ch.qos.logback.core.rolling.SizeAndTimeBasedFNATP@6b2fad11 - Setting initial period to Mon Jun 10 18:17:10 UTC 2019
18:18:30,390 |-WARN in ch.qos.logback.core.rolling.SizeAndTimeBasedFNATP@6b2fad11 - SizeAndTimeBasedFNATP is deprecated. Use SizeAndTimeBasedRollingPolicy instead
18:18:30,390 |-WARN in ch.qos.logback.core.rolling.SizeAndTimeBasedFNATP@6b2fad11 - For more information see http://logback.qos.ch/manual/appenders.html#SizeAndTimeBasedRollingPolicy
18:18:30,394 |-INFO in ch.qos.logback.core.joran.action.NestedComplexPropertyIA - Assuming default type [ch.qos.logback.classic.encoder.PatternLayoutEncoder] for [encoder] property
18:18:30,399 |-INFO in ch.qos.logback.core.rolling.RollingFileAppender[FILE] - Active log file name: /tmp/application.log
18:18:30,399 |-INFO in ch.qos.logback.core.rolling.RollingFileAppender[FILE] - File property is set to [/tmp/application.log]
18:18:30,399 |-INFO in ch.qos.logback.classic.joran.action.RootLoggerAction - Setting level of ROOT logger to WARN
18:18:30,400 |-INFO in ch.qos.logback.core.joran.action.AppenderRefAction - Attaching appender named [STDOUT] to Logger[ROOT]
18:18:30,401 |-INFO in ch.qos.logback.core.joran.action.AppenderRefAction - Attaching appender named [FILE] to Logger[ROOT]
18:18:30,401 |-INFO in ch.qos.logback.classic.joran.action.ConfigurationAction - End of configuration.
18:18:30,402 |-INFO in ch.qos.logback.classic.joran.JoranConfigurator@79698539 - Registering current configuration as safe fallback point

Ama winner
Ama winner
2019-06-10T18:18:31.690+0000: 1.741: [Full GC (Metadata GC Threshold) 2019-06-10T18:18:31.690+0000: 1.741: [Tenured: 0K->15177K(341376K), 0.0401720 secs] 117750K->15177K(494976K), [Metaspace: 20733K->20733K(1067008K)], 0.0402372 secs] [Times: user=0.03 sys=0.00, real=0.04 secs] 
18:18:46.393 [Curator-PathChildrenCache-2] WARN  o.a.c.u.ZKPaths  - The version of ZooKeeper being used doesn't support Container nodes. CreateMode.PERSISTENT will be used instead.
2019-06-10T18:18:48.719+0000: 18.771: [GC (Allocation Failure) 2019-06-10T18:18:48.719+0000: 18.771: [DefNew: 120994K->17023K(153600K), 0.0188418 secs] 136171K->32924K(494976K), 0.0189301 secs] [Times: user=0.02 sys=0.00, real=0.02 secs] 
2019-06-10T18:18:49.287+0000: 19.339: [Full GC (Metadata GC Threshold) 2019-06-10T18:18:49.287+0000: 19.339: [Tenured: 15900K->43909K(341376K), 0.0420180 secs] 70688K->43909K(494976K), [Metaspace: 34604K->34604K(1079296K)], 0.0420893 secs] [Times: user=0.03 sys=0.00, real=0.04 secs] 
2019-06-10T18:18:53.597+0000: 23.649: [GC (Allocation Failure) 2019-06-10T18:18:53.597+0000: 23.649: [DefNew: 136576K->208K(153600K), 0.0022646 secs] 180485K->44118K(494976K), 0.0023257 secs] [Times: user=0.00 sys=0.00, real=0.01 secs] 
2019-06-10T18:18:57.735+0000: 27.787: [GC (Allocation Failure) 2019-06-10T18:18:57.735+0000: 27.787: [DefNew: 136784K->216K(153600K), 0.0021551 secs] 180694K->44125K(494976K), 0.0022131 secs] [Times: user=0.00 sys=0.01, real=0.01 secs] 
2019-06-10T18:19:01.846+0000: 31.898: [GC (Allocation Failure) 2019-06-10T18:19:01.846+0000: 31.898: [DefNew: 136792K->218K(153600K), 0.0022173 secs] 180701K->44127K(494976K), 0.0022833 secs] [Times: user=0.01 sys=0.00, real=0.00 secs] 
2019-06-10T18:19:06.034+0000: 36.086: [GC (Allocation Failure) 2019-06-10T18:19:06.034+0000: 36.086: [DefNew: 136794K->221K(153600K), 0.0021245 secs] 180703K->44130K(494976K), 0.0021825 secs] [Times: user=0.00 sys=0.00, real=0.00 secs] 
2019-06-10T18:19:10.259+0000: 40.311: [GC (Allocation Failure) 2019-06-10T18:19:10.259+0000: 40.311: [DefNew: 136797K->218K(153600K), 0.0023478 secs] 180706K->44127K(494976K), 0.0024112 secs] [Times: user=0.00 sys=0.00, real=0.00 secs] 
2019-06-10T18:19:14.443+0000: 44.495: [GC (Allocation Failure) 2019-06-10T18:19:14.443+0000: 44.495: [DefNew: 136794K->223K(153600K), 0.0022427 secs] 180703K->44132K(494976K), 0.0022973 secs] [Times: user=0.00 sys=0.00, real=0.01 secs] 
2019-06-10T18:19:18.613+0000: 48.665: [GC (Allocation Failure) 2019-06-10T18:19:18.614+0000: 48.665: [DefNew: 136799K->224K(153600K), 0.0021356 secs] 180708K->44133K(494976K), 0.0021933 secs] [Times: user=0.00 sys=0.00, real=0.00 secs] 
2019-06-10T18:19:22.818+0000: 52.870: [GC (Allocation Failure) 2019-06-10T18:19:22.818+0000: 52.870: [DefNew: 136800K->223K(153600K), 0.0022551 secs] 180709K->44132K(494976K), 0.0023118 secs] [Times: user=0.00 sys=0.00, real=0.00 secs] 
18:19:31.702 [Curator-PathChildrenCache-0] ERROR o.a.c.f.r.c.PathChildrenCache  - 
java.lang.IllegalStateException: instance must be started before calling this method
	at org.apache.curator.shaded.com.google.common.base.Preconditions.checkState(Preconditions.java:444)
	at org.apache.curator.framework.imps.CuratorFrameworkImpl.getChildren(CuratorFrameworkImpl.java:456)
	at org.apache.curator.framework.recipes.cache.PathChildrenCache.refresh(PathChildrenCache.java:521)
	at org.apache.curator.framework.recipes.cache.RefreshOperation.invoke(RefreshOperation.java:35)
	at org.apache.curator.framework.recipes.cache.PathChildrenCache$9.run(PathChildrenCache.java:786)
	at java.util.concurrent.Executors$RunnableAdapter.call(Executors.java:511)
	at java.util.concurrent.FutureTask.run(FutureTask.java:266)
	at java.util.concurrent.Executors$RunnableAdapter.call(Executors.java:511)
	at java.util.concurrent.FutureTask.run(FutureTask.java:266)
	at java.util.concurrent.ThreadPoolExecutor.runWorker(ThreadPoolExecutor.java:1149)
	at java.util.concurrent.ThreadPoolExecutor$Worker.run(ThreadPoolExecutor.java:624)
	at java.lang.Thread.run(Thread.java:748)
2019-06-10T18:19:31.735+0000: 61.787: [GC (Allocation Failure) 2019-06-10T18:19:31.735+0000: 61.787: [DefNew: 136799K->788K(153600K), 0.0036515 secs] 180708K->44697K(494976K), 0.0037127 secs] [Times: user=0.00 sys=0.00, real=0.01 secs] 
Heap
 def new generation   total 153600K, used 18326K [0x00000000e0c00000, 0x00000000eb2a0000, 0x00000000eb2a0000)
  eden space 136576K,  12% used [0x00000000e0c00000, 0x00000000e1d20778, 0x00000000e9160000)
  from space 17024K,   4% used [0x00000000e9160000, 0x00000000e92251f0, 0x00000000ea200000)
  to   space 17024K,   0% used [0x00000000ea200000, 0x00000000ea200000, 0x00000000eb2a0000)
 tenured generation   total 341376K, used 43909K [0x00000000eb2a0000, 0x0000000100000000, 0x0000000100000000)
   the space 341376K,  12% used [0x00000000eb2a0000, 0x00000000edd81460, 0x00000000edd81600, 0x0000000100000000)
 Metaspace       used 36310K, capacity 37302K, committed 37376K, reserved 1081344K
  class space    used 4874K, capacity 5105K, committed 5120K, reserved 1048576K
