20:12:21,755 |-INFO in ch.qos.logback.classic.LoggerContext[default] - Could NOT find resource [logback-test.xml]
20:12:21,755 |-INFO in ch.qos.logback.classic.LoggerContext[default] - Could NOT find resource [logback.groovy]
20:12:21,755 |-INFO in ch.qos.logback.classic.LoggerContext[default] - Found resource [logback.xml] at [jar:file:/root/flamestream/lib/flamestream-runtime-1.0-SNAPSHOT.jar!/logback.xml]
20:12:21,756 |-WARN in ch.qos.logback.classic.LoggerContext[default] - Resource [logback.xml] occurs multiple times on the classpath.
20:12:21,756 |-WARN in ch.qos.logback.classic.LoggerContext[default] - Resource [logback.xml] occurs at [jar:file:/root/flamestream/lib/flamestream-runtime-1.0-SNAPSHOT.jar!/logback.xml]
20:12:21,756 |-WARN in ch.qos.logback.classic.LoggerContext[default] - Resource [logback.xml] occurs at [jar:file:/root/flamestream/flamestream-runtime-1.0-SNAPSHOT.jar!/logback.xml]
20:12:21,776 |-INFO in ch.qos.logback.core.joran.spi.ConfigurationWatchList@3fb6a447 - URL [jar:file:/root/flamestream/lib/flamestream-runtime-1.0-SNAPSHOT.jar!/logback.xml] is not of type file
20:12:21,848 |-INFO in ch.qos.logback.classic.joran.action.ConfigurationAction - debug attribute not set
20:12:21,848 |-INFO in ch.qos.logback.core.joran.action.AppenderAction - About to instantiate appender of type [ch.qos.logback.core.ConsoleAppender]
20:12:21,867 |-INFO in ch.qos.logback.core.joran.action.AppenderAction - Naming appender as [STDOUT]
20:12:21,887 |-INFO in ch.qos.logback.core.joran.action.NestedComplexPropertyIA - Assuming default type [ch.qos.logback.classic.encoder.PatternLayoutEncoder] for [encoder] property
20:12:21,961 |-INFO in ch.qos.logback.core.joran.action.AppenderAction - About to instantiate appender of type [ch.qos.logback.core.rolling.RollingFileAppender]
20:12:21,969 |-INFO in ch.qos.logback.core.joran.action.AppenderAction - Naming appender as [FILE]
20:12:22,002 |-INFO in c.q.l.core.rolling.TimeBasedRollingPolicy@127618319 - No compression will be used
20:12:22,003 |-INFO in c.q.l.core.rolling.TimeBasedRollingPolicy@127618319 - Will use the pattern /tmp/application_%d{yyyy-MM-dd}.%i.log for the active file
20:12:22,006 |-INFO in ch.qos.logback.core.rolling.SizeAndTimeBasedFNATP@6b2fad11 - The date pattern is 'yyyy-MM-dd' from file name pattern '/tmp/application_%d{yyyy-MM-dd}.%i.log'.
20:12:22,006 |-INFO in ch.qos.logback.core.rolling.SizeAndTimeBasedFNATP@6b2fad11 - Roll-over at midnight.
20:12:22,011 |-INFO in ch.qos.logback.core.rolling.SizeAndTimeBasedFNATP@6b2fad11 - Setting initial period to Mon Jun 10 20:11:06 UTC 2019
20:12:22,011 |-WARN in ch.qos.logback.core.rolling.SizeAndTimeBasedFNATP@6b2fad11 - SizeAndTimeBasedFNATP is deprecated. Use SizeAndTimeBasedRollingPolicy instead
20:12:22,011 |-WARN in ch.qos.logback.core.rolling.SizeAndTimeBasedFNATP@6b2fad11 - For more information see http://logback.qos.ch/manual/appenders.html#SizeAndTimeBasedRollingPolicy
20:12:22,016 |-INFO in ch.qos.logback.core.joran.action.NestedComplexPropertyIA - Assuming default type [ch.qos.logback.classic.encoder.PatternLayoutEncoder] for [encoder] property
20:12:22,020 |-INFO in ch.qos.logback.core.rolling.RollingFileAppender[FILE] - Active log file name: /tmp/application.log
20:12:22,020 |-INFO in ch.qos.logback.core.rolling.RollingFileAppender[FILE] - File property is set to [/tmp/application.log]
20:12:22,021 |-INFO in ch.qos.logback.classic.joran.action.RootLoggerAction - Setting level of ROOT logger to WARN
20:12:22,021 |-INFO in ch.qos.logback.core.joran.action.AppenderRefAction - Attaching appender named [STDOUT] to Logger[ROOT]
20:12:22,022 |-INFO in ch.qos.logback.core.joran.action.AppenderRefAction - Attaching appender named [FILE] to Logger[ROOT]
20:12:22,022 |-INFO in ch.qos.logback.classic.joran.action.ConfigurationAction - End of configuration.
20:12:22,022 |-INFO in ch.qos.logback.classic.joran.JoranConfigurator@79698539 - Registering current configuration as safe fallback point

Ama winner
Ama winner
2019-06-10T20:12:23.344+0000: 1.774: [Full GC (Metadata GC Threshold) 2019-06-10T20:12:23.344+0000: 1.774: [Tenured: 0K->15176K(341376K), 0.0407556 secs] 114987K->15176K(494976K), [Metaspace: 20732K->20732K(1067008K)], 0.0408241 secs] [Times: user=0.04 sys=0.00, real=0.04 secs] 
20:12:41.078 [Curator-PathChildrenCache-1] WARN  o.a.c.u.ZKPaths  - The version of ZooKeeper being used doesn't support Container nodes. CreateMode.PERSISTENT will be used instead.
2019-06-10T20:12:43.437+0000: 21.867: [GC (Allocation Failure) 2019-06-10T20:12:43.437+0000: 21.867: [DefNew: 136576K->17023K(153600K), 0.0254978 secs] 151752K->52429K(494976K), 0.0255620 secs] [Times: user=0.01 sys=0.02, real=0.02 secs] 
2019-06-10T20:12:49.057+0000: 27.487: [GC (Allocation Failure) 2019-06-10T20:12:49.057+0000: 27.487: [DefNew: 153599K->250K(153600K), 0.0098247 secs] 189005K->43689K(494976K), 0.0098856 secs] [Times: user=0.02 sys=0.00, real=0.01 secs] 
2019-06-10T20:12:50.507+0000: 28.936: [Full GC (Metadata GC Threshold) 2019-06-10T20:12:50.507+0000: 28.936: [Tenured: 43438K->43677K(341376K), 0.0384853 secs] 81198K->43677K(494976K), [Metaspace: 34588K->34588K(1079296K)], 0.0385614 secs] [Times: user=0.04 sys=0.00, real=0.03 secs] 
2019-06-10T20:12:56.163+0000: 34.593: [GC (Allocation Failure) 2019-06-10T20:12:56.163+0000: 34.593: [DefNew: 136576K->52K(153600K), 0.0016868 secs] 180253K->43730K(494976K), 0.0017460 secs] [Times: user=0.00 sys=0.00, real=0.00 secs] 
2019-06-10T20:13:01.822+0000: 40.252: [GC (Allocation Failure) 2019-06-10T20:13:01.822+0000: 40.252: [DefNew: 136628K->54K(153600K), 0.0016496 secs] 180306K->43732K(494976K), 0.0017139 secs] [Times: user=0.00 sys=0.00, real=0.00 secs] 
2019-06-10T20:13:07.503+0000: 45.933: [GC (Allocation Failure) 2019-06-10T20:13:07.503+0000: 45.933: [DefNew: 136630K->55K(153600K), 0.0016581 secs] 180308K->43732K(494976K), 0.0017216 secs] [Times: user=0.00 sys=0.00, real=0.00 secs] 
2019-06-10T20:13:17.599+0000: 56.029: [GC (Allocation Failure) 2019-06-10T20:13:17.599+0000: 56.029: [DefNew: 136631K->52K(153600K), 0.0016329 secs] 180308K->43729K(494976K), 0.0016961 secs] [Times: user=0.00 sys=0.00, real=0.00 secs] 
20:13:24.127 [Curator-PathChildrenCache-0] ERROR o.a.c.f.r.c.PathChildrenCache  - 
java.lang.IllegalStateException: instance must be started before calling this method
	at org.apache.curator.shaded.com.google.common.base.Preconditions.checkState(Preconditions.java:444)
	at org.apache.curator.framework.imps.CuratorFrameworkImpl.getChildren(CuratorFrameworkImpl.java:456)
	at org.apache.curator.framework.recipes.cache.PathChildrenCache.refresh(PathChildrenCache.java:521)
	at org.apache.curator.framework.recipes.cache.RefreshOperation.invoke(RefreshOperation.java:35)
	at org.apache.curator.framework.recipes.cache.PathChildrenCache$9.run(PathChildrenCache.java:786)
	at java.util.concurrent.Executors$RunnableAdapter.call(Executors.java:511)
	at java.util.concurrent.FutureTask.run(FutureTask.java:266)
	at java.util.concurrent.Executors$RunnableAdapter.call(Executors.java:511)
	at java.util.concurrent.FutureTask.run(FutureTask.java:266)
	at java.util.concurrent.ThreadPoolExecutor.runWorker(ThreadPoolExecutor.java:1149)
	at java.util.concurrent.ThreadPoolExecutor$Worker.run(ThreadPoolExecutor.java:624)
	at java.lang.Thread.run(Thread.java:748)
Heap
 def new generation   total 153600K, used 55621K [0x00000000e0c00000, 0x00000000eb2a0000, 0x00000000eb2a0000)
  eden space 136576K,  40% used [0x00000000e0c00000, 0x00000000e42443e8, 0x00000000e9160000)
  from space 17024K,   0% used [0x00000000e9160000, 0x00000000e916d038, 0x00000000ea200000)
  to   space 17024K,   0% used [0x00000000ea200000, 0x00000000ea200000, 0x00000000eb2a0000)
 tenured generation   total 341376K, used 43677K [0x00000000eb2a0000, 0x0000000100000000, 0x0000000100000000)
   the space 341376K,  12% used [0x00000000eb2a0000, 0x00000000edd47650, 0x00000000edd47800, 0x0000000100000000)
 Metaspace       used 36007K, capacity 36922K, committed 37120K, reserved 1081344K
  class space    used 4853K, capacity 5073K, committed 5120K, reserved 1048576K
