05:31:17,611 |-INFO in ch.qos.logback.classic.LoggerContext[default] - Could NOT find resource [logback-test.xml]
05:31:17,611 |-INFO in ch.qos.logback.classic.LoggerContext[default] - Could NOT find resource [logback.groovy]
05:31:17,612 |-INFO in ch.qos.logback.classic.LoggerContext[default] - Found resource [logback.xml] at [jar:file:/root/flamestream/lib/flamestream-runtime-1.0-SNAPSHOT.jar!/logback.xml]
05:31:17,612 |-WARN in ch.qos.logback.classic.LoggerContext[default] - Resource [logback.xml] occurs multiple times on the classpath.
05:31:17,613 |-WARN in ch.qos.logback.classic.LoggerContext[default] - Resource [logback.xml] occurs at [jar:file:/root/flamestream/lib/flamestream-runtime-1.0-SNAPSHOT.jar!/logback.xml]
05:31:17,613 |-WARN in ch.qos.logback.classic.LoggerContext[default] - Resource [logback.xml] occurs at [jar:file:/root/flamestream/flamestream-runtime-1.0-SNAPSHOT.jar!/logback.xml]
05:31:17,634 |-INFO in ch.qos.logback.core.joran.spi.ConfigurationWatchList@3fb6a447 - URL [jar:file:/root/flamestream/lib/flamestream-runtime-1.0-SNAPSHOT.jar!/logback.xml] is not of type file
05:31:17,711 |-INFO in ch.qos.logback.classic.joran.action.ConfigurationAction - debug attribute not set
05:31:17,711 |-INFO in ch.qos.logback.core.joran.action.AppenderAction - About to instantiate appender of type [ch.qos.logback.core.ConsoleAppender]
05:31:17,723 |-INFO in ch.qos.logback.core.joran.action.AppenderAction - Naming appender as [STDOUT]
05:31:17,741 |-INFO in ch.qos.logback.core.joran.action.NestedComplexPropertyIA - Assuming default type [ch.qos.logback.classic.encoder.PatternLayoutEncoder] for [encoder] property
05:31:17,820 |-INFO in ch.qos.logback.core.joran.action.AppenderAction - About to instantiate appender of type [ch.qos.logback.core.rolling.RollingFileAppender]
05:31:17,829 |-INFO in ch.qos.logback.core.joran.action.AppenderAction - Naming appender as [FILE]
05:31:17,860 |-INFO in c.q.l.core.rolling.TimeBasedRollingPolicy@127618319 - No compression will be used
05:31:17,861 |-INFO in c.q.l.core.rolling.TimeBasedRollingPolicy@127618319 - Will use the pattern /tmp/application_%d{yyyy-MM-dd}.%i.log for the active file
05:31:17,864 |-INFO in ch.qos.logback.core.rolling.SizeAndTimeBasedFNATP@6b2fad11 - The date pattern is 'yyyy-MM-dd' from file name pattern '/tmp/application_%d{yyyy-MM-dd}.%i.log'.
05:31:17,864 |-INFO in ch.qos.logback.core.rolling.SizeAndTimeBasedFNATP@6b2fad11 - Roll-over at midnight.
05:31:17,869 |-INFO in ch.qos.logback.core.rolling.SizeAndTimeBasedFNATP@6b2fad11 - Setting initial period to Tue Jun 11 05:29:57 UTC 2019
05:31:17,869 |-WARN in ch.qos.logback.core.rolling.SizeAndTimeBasedFNATP@6b2fad11 - SizeAndTimeBasedFNATP is deprecated. Use SizeAndTimeBasedRollingPolicy instead
05:31:17,869 |-WARN in ch.qos.logback.core.rolling.SizeAndTimeBasedFNATP@6b2fad11 - For more information see http://logback.qos.ch/manual/appenders.html#SizeAndTimeBasedRollingPolicy
05:31:17,873 |-INFO in ch.qos.logback.core.joran.action.NestedComplexPropertyIA - Assuming default type [ch.qos.logback.classic.encoder.PatternLayoutEncoder] for [encoder] property
05:31:17,878 |-INFO in ch.qos.logback.core.rolling.RollingFileAppender[FILE] - Active log file name: /tmp/application.log
05:31:17,878 |-INFO in ch.qos.logback.core.rolling.RollingFileAppender[FILE] - File property is set to [/tmp/application.log]
05:31:17,879 |-INFO in ch.qos.logback.classic.joran.action.RootLoggerAction - Setting level of ROOT logger to WARN
05:31:17,879 |-INFO in ch.qos.logback.core.joran.action.AppenderRefAction - Attaching appender named [STDOUT] to Logger[ROOT]
05:31:17,881 |-INFO in ch.qos.logback.core.joran.action.AppenderRefAction - Attaching appender named [FILE] to Logger[ROOT]
05:31:17,881 |-INFO in ch.qos.logback.classic.joran.action.ConfigurationAction - End of configuration.
05:31:17,881 |-INFO in ch.qos.logback.classic.joran.JoranConfigurator@79698539 - Registering current configuration as safe fallback point

Ama winner
Ama winner
2019-06-11T05:31:19.144+0000: 1.714: [Full GC (Metadata GC Threshold) 2019-06-11T05:31:19.144+0000: 1.714: [Tenured: 0K->15241K(341376K), 0.0391667 secs] 117750K->15241K(494976K), [Metaspace: 20740K->20740K(1067008K)], 0.0392349 secs] [Times: user=0.03 sys=0.00, real=0.04 secs] 
05:31:36.129 [Curator-PathChildrenCache-1] WARN  o.a.c.u.ZKPaths  - The version of ZooKeeper being used doesn't support Container nodes. CreateMode.PERSISTENT will be used instead.
2019-06-11T05:31:38.363+0000: 20.933: [GC (Allocation Failure) 2019-06-11T05:31:38.363+0000: 20.933: [DefNew: 136576K->17024K(153600K), 0.0253612 secs] 151817K->52413K(494976K), 0.0254439 secs] [Times: user=0.02 sys=0.01, real=0.03 secs] 
2019-06-11T05:31:44.883+0000: 27.453: [Full GC (Metadata GC Threshold) 2019-06-11T05:31:44.883+0000: 27.453: [Tenured: 35389K->43641K(341376K), 0.0606777 secs] 176633K->43641K(494976K), [Metaspace: 34593K->34593K(1079296K)], 0.0607564 secs] [Times: user=0.06 sys=0.00, real=0.06 secs] 
2019-06-11T05:31:51.872+0000: 34.442: [GC (Allocation Failure) 2019-06-11T05:31:51.872+0000: 34.442: [DefNew: 136576K->58K(153600K), 0.0017998 secs] 180217K->43699K(494976K), 0.0018603 secs] [Times: user=0.00 sys=0.00, real=0.00 secs] 
2019-06-11T05:31:58.789+0000: 41.359: [GC (Allocation Failure) 2019-06-11T05:31:58.789+0000: 41.359: [DefNew: 136634K->124K(153600K), 0.0017121 secs] 180275K->43766K(494976K), 0.0017700 secs] [Times: user=0.01 sys=0.00, real=0.00 secs] 
2019-06-11T05:32:05.852+0000: 48.422: [GC (Allocation Failure) 2019-06-11T05:32:05.852+0000: 48.422: [DefNew: 136700K->149K(153600K), 0.0017782 secs] 180342K->43791K(494976K), 0.0018402 secs] [Times: user=0.00 sys=0.00, real=0.00 secs] 
2019-06-11T05:32:12.906+0000: 55.476: [GC (Allocation Failure) 2019-06-11T05:32:12.906+0000: 55.476: [DefNew: 136725K->156K(153600K), 0.0017110 secs] 180367K->43797K(494976K), 0.0017691 secs] [Times: user=0.00 sys=0.00, real=0.00 secs] 
2019-06-11T05:32:22.149+0000: 64.719: [GC (Allocation Failure) 2019-06-11T05:32:22.149+0000: 64.719: [DefNew: 136732K->474K(153600K), 0.0021329 secs] 180373K->44115K(494976K), 0.0022021 secs] [Times: user=0.00 sys=0.00, real=0.00 secs] 
05:32:31.713 [Curator-PathChildrenCache-0] ERROR o.a.c.f.r.c.PathChildrenCache  - 
java.lang.IllegalStateException: instance must be started before calling this method
	at org.apache.curator.shaded.com.google.common.base.Preconditions.checkState(Preconditions.java:444)
	at org.apache.curator.framework.imps.CuratorFrameworkImpl.getChildren(CuratorFrameworkImpl.java:456)
	at org.apache.curator.framework.recipes.cache.PathChildrenCache.refresh(PathChildrenCache.java:521)
	at org.apache.curator.framework.recipes.cache.RefreshOperation.invoke(RefreshOperation.java:35)
	at org.apache.curator.framework.recipes.cache.PathChildrenCache$9.run(PathChildrenCache.java:786)
	at java.util.concurrent.Executors$RunnableAdapter.call(Executors.java:511)
	at java.util.concurrent.FutureTask.run(FutureTask.java:266)
	at java.util.concurrent.Executors$RunnableAdapter.call(Executors.java:511)
	at java.util.concurrent.FutureTask.run(FutureTask.java:266)
	at java.util.concurrent.ThreadPoolExecutor.runWorker(ThreadPoolExecutor.java:1149)
	at java.util.concurrent.ThreadPoolExecutor$Worker.run(ThreadPoolExecutor.java:624)
	at java.lang.Thread.run(Thread.java:748)
Heap
 def new generation   total 153600K, used 45917K [0x00000000e0c00000, 0x00000000eb2a0000, 0x00000000eb2a0000)
  eden space 136576K,  33% used [0x00000000e0c00000, 0x00000000e3860dc8, 0x00000000e9160000)
  from space 17024K,   2% used [0x00000000e9160000, 0x00000000e91d6968, 0x00000000ea200000)
  to   space 17024K,   0% used [0x00000000ea200000, 0x00000000ea200000, 0x00000000eb2a0000)
 tenured generation   total 341376K, used 43641K [0x00000000eb2a0000, 0x0000000100000000, 0x0000000100000000)
   the space 341376K,  12% used [0x00000000eb2a0000, 0x00000000edd3e5b0, 0x00000000edd3e600, 0x0000000100000000)
 Metaspace       used 35959K, capacity 36858K, committed 37120K, reserved 1081344K
  class space    used 4855K, capacity 5073K, committed 5120K, reserved 1048576K
