13:25:50,669 |-INFO in ch.qos.logback.classic.LoggerContext[default] - Could NOT find resource [logback-test.xml]
13:25:50,669 |-INFO in ch.qos.logback.classic.LoggerContext[default] - Could NOT find resource [logback.groovy]
13:25:50,669 |-INFO in ch.qos.logback.classic.LoggerContext[default] - Found resource [logback.xml] at [jar:file:/root/flamestream/lib/flamestream-runtime-1.0-SNAPSHOT.jar!/logback.xml]
13:25:50,670 |-WARN in ch.qos.logback.classic.LoggerContext[default] - Resource [logback.xml] occurs multiple times on the classpath.
13:25:50,670 |-WARN in ch.qos.logback.classic.LoggerContext[default] - Resource [logback.xml] occurs at [jar:file:/root/flamestream/lib/flamestream-runtime-1.0-SNAPSHOT.jar!/logback.xml]
13:25:50,670 |-WARN in ch.qos.logback.classic.LoggerContext[default] - Resource [logback.xml] occurs at [jar:file:/root/flamestream/flamestream-runtime-1.0-SNAPSHOT.jar!/logback.xml]
13:25:50,690 |-INFO in ch.qos.logback.core.joran.spi.ConfigurationWatchList@3fb6a447 - URL [jar:file:/root/flamestream/lib/flamestream-runtime-1.0-SNAPSHOT.jar!/logback.xml] is not of type file
13:25:50,756 |-INFO in ch.qos.logback.classic.joran.action.ConfigurationAction - debug attribute not set
13:25:50,756 |-INFO in ch.qos.logback.core.joran.action.AppenderAction - About to instantiate appender of type [ch.qos.logback.core.ConsoleAppender]
13:25:50,772 |-INFO in ch.qos.logback.core.joran.action.AppenderAction - Naming appender as [STDOUT]
13:25:50,792 |-INFO in ch.qos.logback.core.joran.action.NestedComplexPropertyIA - Assuming default type [ch.qos.logback.classic.encoder.PatternLayoutEncoder] for [encoder] property
13:25:50,874 |-INFO in ch.qos.logback.core.joran.action.AppenderAction - About to instantiate appender of type [ch.qos.logback.core.rolling.RollingFileAppender]
13:25:50,879 |-INFO in ch.qos.logback.core.joran.action.AppenderAction - Naming appender as [FILE]
13:25:50,909 |-INFO in c.q.l.core.rolling.TimeBasedRollingPolicy@127618319 - No compression will be used
13:25:50,910 |-INFO in c.q.l.core.rolling.TimeBasedRollingPolicy@127618319 - Will use the pattern /tmp/application_%d{yyyy-MM-dd}.%i.log for the active file
13:25:50,913 |-INFO in ch.qos.logback.core.rolling.SizeAndTimeBasedFNATP@6b2fad11 - The date pattern is 'yyyy-MM-dd' from file name pattern '/tmp/application_%d{yyyy-MM-dd}.%i.log'.
13:25:50,913 |-INFO in ch.qos.logback.core.rolling.SizeAndTimeBasedFNATP@6b2fad11 - Roll-over at midnight.
13:25:50,918 |-INFO in ch.qos.logback.core.rolling.SizeAndTimeBasedFNATP@6b2fad11 - Setting initial period to Mon Jun 10 13:24:32 UTC 2019
13:25:50,918 |-WARN in ch.qos.logback.core.rolling.SizeAndTimeBasedFNATP@6b2fad11 - SizeAndTimeBasedFNATP is deprecated. Use SizeAndTimeBasedRollingPolicy instead
13:25:50,918 |-WARN in ch.qos.logback.core.rolling.SizeAndTimeBasedFNATP@6b2fad11 - For more information see http://logback.qos.ch/manual/appenders.html#SizeAndTimeBasedRollingPolicy
13:25:50,923 |-INFO in ch.qos.logback.core.joran.action.NestedComplexPropertyIA - Assuming default type [ch.qos.logback.classic.encoder.PatternLayoutEncoder] for [encoder] property
13:25:50,927 |-INFO in ch.qos.logback.core.rolling.RollingFileAppender[FILE] - Active log file name: /tmp/application.log
13:25:50,927 |-INFO in ch.qos.logback.core.rolling.RollingFileAppender[FILE] - File property is set to [/tmp/application.log]
13:25:50,928 |-INFO in ch.qos.logback.classic.joran.action.RootLoggerAction - Setting level of ROOT logger to WARN
13:25:50,928 |-INFO in ch.qos.logback.core.joran.action.AppenderRefAction - Attaching appender named [STDOUT] to Logger[ROOT]
13:25:50,929 |-INFO in ch.qos.logback.core.joran.action.AppenderRefAction - Attaching appender named [FILE] to Logger[ROOT]
13:25:50,929 |-INFO in ch.qos.logback.classic.joran.action.ConfigurationAction - End of configuration.
13:25:50,929 |-INFO in ch.qos.logback.classic.joran.JoranConfigurator@79698539 - Registering current configuration as safe fallback point

Ama winner
Ama winner
2019-06-10T13:25:52.546+0000: 2.064: [Full GC (Metadata GC Threshold) 2019-06-10T13:25:52.546+0000: 2.064: [Tenured: 0K->15208K(341376K), 0.0387693 secs] 117719K->15208K(494976K), [Metaspace: 20731K->20731K(1067008K)], 0.0388364 secs] [Times: user=0.04 sys=0.01, real=0.03 secs] 
13:26:10.566 [Curator-PathChildrenCache-1] WARN  o.a.c.u.ZKPaths  - The version of ZooKeeper being used doesn't support Container nodes. CreateMode.PERSISTENT will be used instead.
2019-06-10T13:26:12.903+0000: 22.421: [GC (Allocation Failure) 2019-06-10T13:26:12.903+0000: 22.421: [DefNew: 136576K->17023K(153600K), 0.0266572 secs] 151784K->52645K(494976K), 0.0267277 secs] [Times: user=0.02 sys=0.01, real=0.03 secs] 
2019-06-10T13:26:15.763+0000: 25.281: [Full GC (Metadata GC Threshold) 2019-06-10T13:26:15.763+0000: 25.281: [Tenured: 35621K->44230K(341376K), 0.0441932 secs] 102103K->44230K(494976K), [Metaspace: 34600K->34600K(1079296K)], 0.0442669 secs] [Times: user=0.04 sys=0.01, real=0.05 secs] 
2019-06-10T13:26:23.144+0000: 32.662: [GC (Allocation Failure) 2019-06-10T13:26:23.144+0000: 32.662: [DefNew: 136576K->58K(153600K), 0.0018773 secs] 180806K->44289K(494976K), 0.0019378 secs] [Times: user=0.00 sys=0.00, real=0.01 secs] 
2019-06-10T13:26:30.325+0000: 39.843: [GC (Allocation Failure) 2019-06-10T13:26:30.325+0000: 39.843: [DefNew: 136634K->60K(153600K), 0.0016749 secs] 180865K->44291K(494976K), 0.0017482 secs] [Times: user=0.00 sys=0.00, real=0.01 secs] 
2019-06-10T13:26:37.484+0000: 47.002: [GC (Allocation Failure) 2019-06-10T13:26:37.484+0000: 47.002: [DefNew: 136636K->62K(153600K), 0.0017421 secs] 180867K->44293K(494976K), 0.0018121 secs] [Times: user=0.01 sys=0.00, real=0.01 secs] 
2019-06-10T13:26:44.700+0000: 54.218: [GC (Allocation Failure) 2019-06-10T13:26:44.700+0000: 54.218: [DefNew: 136638K->64K(153600K), 0.0018077 secs] 180869K->44294K(494976K), 0.0018798 secs] [Times: user=0.00 sys=0.00, real=0.00 secs] 
2019-06-10T13:26:51.916+0000: 61.434: [GC (Allocation Failure) 2019-06-10T13:26:51.916+0000: 61.434: [DefNew: 136640K->66K(153600K), 0.0017669 secs] 180870K->44297K(494976K), 0.0018253 secs] [Times: user=0.00 sys=0.00, real=0.00 secs] 
13:27:01.577 [Curator-PathChildrenCache-0] ERROR o.a.c.f.r.c.PathChildrenCache  - 
java.lang.IllegalStateException: instance must be started before calling this method
	at org.apache.curator.shaded.com.google.common.base.Preconditions.checkState(Preconditions.java:444)
	at org.apache.curator.framework.imps.CuratorFrameworkImpl.getChildren(CuratorFrameworkImpl.java:456)
	at org.apache.curator.framework.recipes.cache.PathChildrenCache.refresh(PathChildrenCache.java:521)
	at org.apache.curator.framework.recipes.cache.RefreshOperation.invoke(RefreshOperation.java:35)
	at org.apache.curator.framework.recipes.cache.PathChildrenCache$9.run(PathChildrenCache.java:786)
	at java.util.concurrent.Executors$RunnableAdapter.call(Executors.java:511)
	at java.util.concurrent.FutureTask.run(FutureTask.java:266)
	at java.util.concurrent.Executors$RunnableAdapter.call(Executors.java:511)
	at java.util.concurrent.FutureTask.run(FutureTask.java:266)
	at java.util.concurrent.ThreadPoolExecutor.runWorker(ThreadPoolExecutor.java:1149)
	at java.util.concurrent.ThreadPoolExecutor$Worker.run(ThreadPoolExecutor.java:624)
	at java.lang.Thread.run(Thread.java:748)
Heap
 def new generation   total 153600K, used 80486K [0x00000000e0c00000, 0x00000000eb2a0000, 0x00000000eb2a0000)
  eden space 136576K,  58% used [0x00000000e0c00000, 0x00000000e5a89018, 0x00000000e9160000)
  from space 17024K,   0% used [0x00000000e9160000, 0x00000000e9170ac0, 0x00000000ea200000)
  to   space 17024K,   0% used [0x00000000ea200000, 0x00000000ea200000, 0x00000000eb2a0000)
 tenured generation   total 341376K, used 44230K [0x00000000eb2a0000, 0x0000000100000000, 0x0000000100000000)
   the space 341376K,  12% used [0x00000000eb2a0000, 0x00000000eddd1a00, 0x00000000eddd1a00, 0x0000000100000000)
 Metaspace       used 36032K, capacity 36986K, committed 37120K, reserved 1081344K
  class space    used 4853K, capacity 5073K, committed 5120K, reserved 1048576K
