04:40:41,663 |-INFO in ch.qos.logback.classic.LoggerContext[default] - Could NOT find resource [logback-test.xml]
04:40:41,663 |-INFO in ch.qos.logback.classic.LoggerContext[default] - Could NOT find resource [logback.groovy]
04:40:41,663 |-INFO in ch.qos.logback.classic.LoggerContext[default] - Found resource [logback.xml] at [jar:file:/home/nikitasokolov/flamestream/lib/flamestream-runtime-1.0-SNAPSHOT.jar!/logback.xml]
04:40:41,664 |-WARN in ch.qos.logback.classic.LoggerContext[default] - Resource [logback.xml] occurs multiple times on the classpath.
04:40:41,664 |-WARN in ch.qos.logback.classic.LoggerContext[default] - Resource [logback.xml] occurs at [jar:file:/home/nikitasokolov/flamestream/lib/flamestream-runtime-1.0-SNAPSHOT.jar!/logback.xml]
04:40:41,664 |-WARN in ch.qos.logback.classic.LoggerContext[default] - Resource [logback.xml] occurs at [jar:file:/home/nikitasokolov/flamestream/flamestream-runtime-1.0-SNAPSHOT.jar!/logback.xml]
04:40:41,680 |-INFO in ch.qos.logback.core.joran.spi.ConfigurationWatchList@6108b2d7 - URL [jar:file:/home/nikitasokolov/flamestream/lib/flamestream-runtime-1.0-SNAPSHOT.jar!/logback.xml] is not of type file
04:40:41,730 |-INFO in ch.qos.logback.classic.joran.action.ConfigurationAction - debug attribute not set
04:40:41,731 |-INFO in ch.qos.logback.core.joran.action.AppenderAction - About to instantiate appender of type [ch.qos.logback.core.ConsoleAppender]
04:40:41,739 |-INFO in ch.qos.logback.core.joran.action.AppenderAction - Naming appender as [STDOUT]
04:40:41,746 |-INFO in ch.qos.logback.core.joran.action.NestedComplexPropertyIA - Assuming default type [ch.qos.logback.classic.encoder.PatternLayoutEncoder] for [encoder] property
04:40:41,800 |-INFO in ch.qos.logback.core.joran.action.AppenderAction - About to instantiate appender of type [ch.qos.logback.core.rolling.RollingFileAppender]
04:40:41,805 |-INFO in ch.qos.logback.core.joran.action.AppenderAction - Naming appender as [FILE]
04:40:41,826 |-INFO in c.q.l.core.rolling.TimeBasedRollingPolicy@357863579 - No compression will be used
04:40:41,827 |-INFO in c.q.l.core.rolling.TimeBasedRollingPolicy@357863579 - Will use the pattern /tmp/application_%d{yyyy-MM-dd}.%i.log for the active file
04:40:41,830 |-INFO in ch.qos.logback.core.rolling.SizeAndTimeBasedFNATP@6bf256fa - The date pattern is 'yyyy-MM-dd' from file name pattern '/tmp/application_%d{yyyy-MM-dd}.%i.log'.
04:40:41,830 |-INFO in ch.qos.logback.core.rolling.SizeAndTimeBasedFNATP@6bf256fa - Roll-over at midnight.
04:40:41,834 |-INFO in ch.qos.logback.core.rolling.SizeAndTimeBasedFNATP@6bf256fa - Setting initial period to Sun Jun 09 04:39:56 MSK 2019
04:40:41,834 |-WARN in ch.qos.logback.core.rolling.SizeAndTimeBasedFNATP@6bf256fa - SizeAndTimeBasedFNATP is deprecated. Use SizeAndTimeBasedRollingPolicy instead
04:40:41,834 |-WARN in ch.qos.logback.core.rolling.SizeAndTimeBasedFNATP@6bf256fa - For more information see http://logback.qos.ch/manual/appenders.html#SizeAndTimeBasedRollingPolicy
04:40:41,838 |-INFO in ch.qos.logback.core.joran.action.NestedComplexPropertyIA - Assuming default type [ch.qos.logback.classic.encoder.PatternLayoutEncoder] for [encoder] property
04:40:41,841 |-INFO in ch.qos.logback.core.rolling.RollingFileAppender[FILE] - Active log file name: /tmp/application.log
04:40:41,841 |-INFO in ch.qos.logback.core.rolling.RollingFileAppender[FILE] - File property is set to [/tmp/application.log]
04:40:41,842 |-INFO in ch.qos.logback.classic.joran.action.RootLoggerAction - Setting level of ROOT logger to WARN
04:40:41,842 |-INFO in ch.qos.logback.core.joran.action.AppenderRefAction - Attaching appender named [STDOUT] to Logger[ROOT]
04:40:41,842 |-INFO in ch.qos.logback.core.joran.action.AppenderRefAction - Attaching appender named [FILE] to Logger[ROOT]
04:40:41,842 |-INFO in ch.qos.logback.classic.joran.action.ConfigurationAction - End of configuration.
04:40:41,843 |-INFO in ch.qos.logback.classic.joran.JoranConfigurator@6cd8737 - Registering current configuration as safe fallback point

2019-06-09T04:40:42.809+0300: 1.342: [GC (Metadata GC Threshold) [PSYoungGen: 108152K->15848K(149504K)] 108152K->15928K(491008K), 0.0220189 secs] [Times: user=0.10 sys=0.01, real=0.03 secs] 
2019-06-09T04:40:42.831+0300: 1.364: [Full GC (Metadata GC Threshold) [PSYoungGen: 15848K->0K(149504K)] [ParOldGen: 80K->14981K(341504K)] 15928K->14981K(491008K), [Metaspace: 20801K->20801K(1067008K)], 0.0251973 secs] [Times: user=0.16 sys=0.01, real=0.02 secs] 
04:40:54.672 [Curator-PathChildrenCache-1] WARN  o.a.c.u.ZKPaths  - The version of ZooKeeper being used doesn't support Container nodes. CreateMode.PERSISTENT will be used instead.
2019-06-09T04:40:55.635+0300: 14.169: [GC (Metadata GC Threshold) [PSYoungGen: 126725K->15952K(149504K)] 141707K->50473K(491008K), 0.0262779 secs] [Times: user=0.20 sys=0.02, real=0.03 secs] 
2019-06-09T04:40:55.661+0300: 14.195: [Full GC (Metadata GC Threshold) [PSYoungGen: 15952K->0K(149504K)] [ParOldGen: 34521K->38992K(341504K)] 50473K->38992K(491008K), [Metaspace: 34566K->34566K(1079296K)], 0.0384483 secs] [Times: user=0.20 sys=0.02, real=0.04 secs] 
2019-06-09T04:40:57.981+0300: 16.515: [GC (Allocation Failure) [PSYoungGen: 128512K->512K(149504K)] 167504K->39512K(491008K), 0.0045977 secs] [Times: user=0.02 sys=0.01, real=0.00 secs] 
2019-06-09T04:41:00.666+0300: 19.199: [GC (Allocation Failure) [PSYoungGen: 129024K->448K(149504K)] 168024K->39448K(491008K), 0.0048481 secs] [Times: user=0.03 sys=0.01, real=0.01 secs] 
2019-06-09T04:41:03.384+0300: 21.917: [GC (Allocation Failure) [PSYoungGen: 128960K->480K(129024K)] 167960K->39488K(470528K), 0.0036270 secs] [Times: user=0.02 sys=0.00, real=0.00 secs] 
2019-06-09T04:41:06.098+0300: 24.632: [GC (Allocation Failure) [PSYoungGen: 128992K->448K(150016K)] 168000K->39464K(491520K), 0.0027955 secs] [Times: user=0.02 sys=0.00, real=0.00 secs] 
2019-06-09T04:41:08.851+0300: 27.384: [GC (Allocation Failure) [PSYoungGen: 128960K->512K(148992K)] 167976K->39536K(490496K), 0.0050856 secs] [Times: user=0.03 sys=0.00, real=0.00 secs] 
2019-06-09T04:41:11.611+0300: 30.144: [GC (Allocation Failure) [PSYoungGen: 129024K->480K(151552K)] 168048K->39512K(493056K), 0.0096176 secs] [Times: user=0.10 sys=0.00, real=0.01 secs] 
2019-06-09T04:41:14.396+0300: 32.929: [GC (Allocation Failure) [PSYoungGen: 132064K->544K(150528K)] 171096K->39584K(492032K), 0.0033826 secs] [Times: user=0.01 sys=0.00, real=0.01 secs] 
2019-06-09T04:41:17.193+0300: 35.799: [GC (Allocation Failure) [PSYoungGen: 132128K->544K(153088K)] 171168K->39584K(494592K), 0.0754114 secs] [Times: user=0.01 sys=0.01, real=0.07 secs] 
2019-06-09T04:41:20.084+0300: 38.618: [GC (Allocation Failure) [PSYoungGen: 135712K->448K(152576K)] 174752K->39496K(494080K), 0.0049258 secs] [Times: user=0.03 sys=0.00, real=0.00 secs] 
2019-06-09T04:41:23.028+0300: 41.561: [GC (Allocation Failure) [PSYoungGen: 135616K->512K(154624K)] 174664K->39560K(496128K), 0.0625231 secs] [Times: user=0.00 sys=0.01, real=0.07 secs] 
2019-06-09T04:41:25.939+0300: 44.473: [GC (Allocation Failure) [PSYoungGen: 138752K->480K(154112K)] 177800K->39528K(495616K), 0.0035875 secs] [Times: user=0.01 sys=0.00, real=0.00 secs] 
2019-06-09T04:41:28.895+0300: 47.428: [GC (Allocation Failure) [PSYoungGen: 138720K->480K(156672K)] 177768K->39528K(498176K), 0.0027278 secs] [Times: user=0.01 sys=0.00, real=0.00 secs] 
2019-06-09T04:41:31.923+0300: 50.457: [GC (Allocation Failure) [PSYoungGen: 142304K->480K(155648K)] 181352K->39528K(497152K), 0.0024122 secs] [Times: user=0.01 sys=0.00, real=0.00 secs] 
2019-06-09T04:41:34.933+0300: 53.467: [GC (Allocation Failure) [PSYoungGen: 142304K->480K(158208K)] 181352K->39536K(499712K), 0.0038954 secs] [Times: user=0.03 sys=0.00, real=0.00 secs] 
2019-06-09T04:41:38.015+0300: 56.548: [GC (Allocation Failure) [PSYoungGen: 145376K->416K(157184K)] 184432K->39472K(498688K), 0.0048243 secs] [Times: user=0.02 sys=0.00, real=0.01 secs] 
04:41:44.907 [Curator-PathChildrenCache-0] ERROR o.a.c.f.r.c.PathChildrenCache  - 
java.lang.IllegalStateException: instance must be started before calling this method
	at org.apache.curator.shaded.com.google.common.base.Preconditions.checkState(Preconditions.java:444)
	at org.apache.curator.framework.imps.CuratorFrameworkImpl.getChildren(CuratorFrameworkImpl.java:456)
	at org.apache.curator.framework.recipes.cache.PathChildrenCache.refresh(PathChildrenCache.java:521)
	at org.apache.curator.framework.recipes.cache.RefreshOperation.invoke(RefreshOperation.java:35)
	at org.apache.curator.framework.recipes.cache.PathChildrenCache$9.run(PathChildrenCache.java:786)
	at java.util.concurrent.Executors$RunnableAdapter.call(Executors.java:511)
	at java.util.concurrent.FutureTask.run(FutureTask.java:266)
	at java.util.concurrent.Executors$RunnableAdapter.call(Executors.java:511)
	at java.util.concurrent.FutureTask.run(FutureTask.java:266)
	at java.util.concurrent.ThreadPoolExecutor.runWorker(ThreadPoolExecutor.java:1149)
	at java.util.concurrent.ThreadPoolExecutor$Worker.run(ThreadPoolExecutor.java:624)
	at java.lang.Thread.run(Thread.java:748)
Heap
 PSYoungGen      total 157184K, used 101054K [0x00000000f5980000, 0x0000000100000000, 0x0000000100000000)
  eden space 144896K, 69% used [0x00000000f5980000,0x00000000fbbc7bb8,0x00000000fe700000)
  from space 12288K, 3% used [0x00000000fe700000,0x00000000fe768010,0x00000000ff300000)
  to   space 11776K, 0% used [0x00000000ff480000,0x00000000ff480000,0x0000000100000000)
 ParOldGen       total 341504K, used 39056K [0x00000000e0c00000, 0x00000000f5980000, 0x00000000f5980000)
  object space 341504K, 11% used [0x00000000e0c00000,0x00000000e3224380,0x00000000f5980000)
 Metaspace       used 36100K, capacity 36902K, committed 37208K, reserved 1081344K
  class space    used 4980K, capacity 5161K, committed 5248K, reserved 1048576K
