19:08:55,679 |-INFO in ch.qos.logback.classic.LoggerContext[default] - Could NOT find resource [logback-test.xml]
19:08:55,679 |-INFO in ch.qos.logback.classic.LoggerContext[default] - Could NOT find resource [logback.groovy]
19:08:55,680 |-INFO in ch.qos.logback.classic.LoggerContext[default] - Found resource [logback.xml] at [jar:file:/root/flamestream/lib/flamestream-runtime-1.0-SNAPSHOT.jar!/logback.xml]
19:08:55,680 |-WARN in ch.qos.logback.classic.LoggerContext[default] - Resource [logback.xml] occurs multiple times on the classpath.
19:08:55,680 |-WARN in ch.qos.logback.classic.LoggerContext[default] - Resource [logback.xml] occurs at [jar:file:/root/flamestream/lib/flamestream-runtime-1.0-SNAPSHOT.jar!/logback.xml]
19:08:55,680 |-WARN in ch.qos.logback.classic.LoggerContext[default] - Resource [logback.xml] occurs at [jar:file:/root/flamestream/flamestream-runtime-1.0-SNAPSHOT.jar!/logback.xml]
19:08:55,700 |-INFO in ch.qos.logback.core.joran.spi.ConfigurationWatchList@3fb6a447 - URL [jar:file:/root/flamestream/lib/flamestream-runtime-1.0-SNAPSHOT.jar!/logback.xml] is not of type file
19:08:55,773 |-INFO in ch.qos.logback.classic.joran.action.ConfigurationAction - debug attribute not set
19:08:55,773 |-INFO in ch.qos.logback.core.joran.action.AppenderAction - About to instantiate appender of type [ch.qos.logback.core.ConsoleAppender]
19:08:55,790 |-INFO in ch.qos.logback.core.joran.action.AppenderAction - Naming appender as [STDOUT]
19:08:55,811 |-INFO in ch.qos.logback.core.joran.action.NestedComplexPropertyIA - Assuming default type [ch.qos.logback.classic.encoder.PatternLayoutEncoder] for [encoder] property
19:08:55,896 |-INFO in ch.qos.logback.core.joran.action.AppenderAction - About to instantiate appender of type [ch.qos.logback.core.rolling.RollingFileAppender]
19:08:55,901 |-INFO in ch.qos.logback.core.joran.action.AppenderAction - Naming appender as [FILE]
19:08:55,934 |-INFO in c.q.l.core.rolling.TimeBasedRollingPolicy@127618319 - No compression will be used
19:08:55,935 |-INFO in c.q.l.core.rolling.TimeBasedRollingPolicy@127618319 - Will use the pattern /tmp/application_%d{yyyy-MM-dd}.%i.log for the active file
19:08:55,938 |-INFO in ch.qos.logback.core.rolling.SizeAndTimeBasedFNATP@6b2fad11 - The date pattern is 'yyyy-MM-dd' from file name pattern '/tmp/application_%d{yyyy-MM-dd}.%i.log'.
19:08:55,938 |-INFO in ch.qos.logback.core.rolling.SizeAndTimeBasedFNATP@6b2fad11 - Roll-over at midnight.
19:08:55,943 |-INFO in ch.qos.logback.core.rolling.SizeAndTimeBasedFNATP@6b2fad11 - Setting initial period to Mon Jun 10 19:07:20 UTC 2019
19:08:55,943 |-WARN in ch.qos.logback.core.rolling.SizeAndTimeBasedFNATP@6b2fad11 - SizeAndTimeBasedFNATP is deprecated. Use SizeAndTimeBasedRollingPolicy instead
19:08:55,943 |-WARN in ch.qos.logback.core.rolling.SizeAndTimeBasedFNATP@6b2fad11 - For more information see http://logback.qos.ch/manual/appenders.html#SizeAndTimeBasedRollingPolicy
19:08:55,947 |-INFO in ch.qos.logback.core.joran.action.NestedComplexPropertyIA - Assuming default type [ch.qos.logback.classic.encoder.PatternLayoutEncoder] for [encoder] property
19:08:55,952 |-INFO in ch.qos.logback.core.rolling.RollingFileAppender[FILE] - Active log file name: /tmp/application.log
19:08:55,952 |-INFO in ch.qos.logback.core.rolling.RollingFileAppender[FILE] - File property is set to [/tmp/application.log]
19:08:55,953 |-INFO in ch.qos.logback.classic.joran.action.RootLoggerAction - Setting level of ROOT logger to WARN
19:08:55,953 |-INFO in ch.qos.logback.core.joran.action.AppenderRefAction - Attaching appender named [STDOUT] to Logger[ROOT]
19:08:55,955 |-INFO in ch.qos.logback.core.joran.action.AppenderRefAction - Attaching appender named [FILE] to Logger[ROOT]
19:08:55,955 |-INFO in ch.qos.logback.classic.joran.action.ConfigurationAction - End of configuration.
19:08:55,956 |-INFO in ch.qos.logback.classic.joran.JoranConfigurator@79698539 - Registering current configuration as safe fallback point

Ama winner
Ama winner
2019-06-10T19:08:57.571+0000: 2.078: [Full GC (Metadata GC Threshold) 2019-06-10T19:08:57.571+0000: 2.078: [Tenured: 0K->15176K(341376K), 0.0387082 secs] 117719K->15176K(494976K), [Metaspace: 20733K->20733K(1067008K)], 0.0387740 secs] [Times: user=0.04 sys=0.00, real=0.04 secs] 
19:09:19.542 [Curator-PathChildrenCache-1] WARN  o.a.c.u.ZKPaths  - The version of ZooKeeper being used doesn't support Container nodes. CreateMode.PERSISTENT will be used instead.
2019-06-10T19:09:21.990+0000: 26.498: [GC (Allocation Failure) 2019-06-10T19:09:21.990+0000: 26.498: [DefNew: 136576K->17023K(153600K), 0.0259448 secs] 151752K->52599K(494976K), 0.0260257 secs] [Times: user=0.02 sys=0.00, real=0.02 secs] 
2019-06-10T19:09:22.917+0000: 27.424: [Full GC (Metadata GC Threshold) 2019-06-10T19:09:22.917+0000: 27.424: [Tenured: 35575K->44042K(341376K), 0.0379804 secs] 73323K->44042K(494976K), [Metaspace: 34578K->34578K(1079296K)], 0.0380543 secs] [Times: user=0.03 sys=0.00, real=0.03 secs] 
2019-06-10T19:09:30.638+0000: 35.146: [GC (Allocation Failure) 2019-06-10T19:09:30.638+0000: 35.146: [DefNew: 136576K->74K(153600K), 0.0018663 secs] 180618K->44117K(494976K), 0.0019207 secs] [Times: user=0.00 sys=0.00, real=0.00 secs] 
2019-06-10T19:09:38.291+0000: 42.799: [GC (Allocation Failure) 2019-06-10T19:09:38.291+0000: 42.799: [DefNew: 136650K->69K(153600K), 0.0017952 secs] 180693K->44112K(494976K), 0.0018546 secs] [Times: user=0.01 sys=0.00, real=0.00 secs] 
2019-06-10T19:09:46.069+0000: 50.576: [GC (Allocation Failure) 2019-06-10T19:09:46.069+0000: 50.576: [DefNew: 136645K->71K(153600K), 0.0018215 secs] 180688K->44113K(494976K), 0.0018801 secs] [Times: user=0.00 sys=0.00, real=0.00 secs] 
2019-06-10T19:09:53.866+0000: 58.373: [GC (Allocation Failure) 2019-06-10T19:09:53.866+0000: 58.373: [DefNew: 136647K->69K(153600K), 0.0018836 secs] 180689K->44112K(494976K), 0.0019432 secs] [Times: user=0.00 sys=0.00, real=0.00 secs] 
2019-06-10T19:10:02.054+0000: 66.562: [GC (Allocation Failure) 2019-06-10T19:10:02.054+0000: 66.562: [DefNew: 136645K->390K(153600K), 0.0023734 secs] 180688K->44433K(494976K), 0.0024373 secs] [Times: user=0.00 sys=0.00, real=0.00 secs] 
2019-06-10T19:10:14.795+0000: 79.303: [GC (Allocation Failure) 2019-06-10T19:10:14.795+0000: 79.303: [DefNew: 136966K->154K(153600K), 0.0022179 secs] 181009K->44197K(494976K), 0.0022834 secs] [Times: user=0.00 sys=0.00, real=0.01 secs] 
19:10:24.520 [Curator-PathChildrenCache-0] ERROR o.a.c.f.r.c.PathChildrenCache  - 
java.lang.IllegalStateException: instance must be started before calling this method
	at org.apache.curator.shaded.com.google.common.base.Preconditions.checkState(Preconditions.java:444)
	at org.apache.curator.framework.imps.CuratorFrameworkImpl.getChildren(CuratorFrameworkImpl.java:456)
	at org.apache.curator.framework.recipes.cache.PathChildrenCache.refresh(PathChildrenCache.java:521)
	at org.apache.curator.framework.recipes.cache.RefreshOperation.invoke(RefreshOperation.java:35)
	at org.apache.curator.framework.recipes.cache.PathChildrenCache$9.run(PathChildrenCache.java:786)
	at java.util.concurrent.Executors$RunnableAdapter.call(Executors.java:511)
	at java.util.concurrent.FutureTask.run(FutureTask.java:266)
	at java.util.concurrent.Executors$RunnableAdapter.call(Executors.java:511)
	at java.util.concurrent.FutureTask.run(FutureTask.java:266)
	at java.util.concurrent.ThreadPoolExecutor.runWorker(ThreadPoolExecutor.java:1149)
	at java.util.concurrent.ThreadPoolExecutor$Worker.run(ThreadPoolExecutor.java:624)
	at java.lang.Thread.run(Thread.java:748)
Heap
 def new generation   total 153600K, used 60463K [0x00000000e0c00000, 0x00000000eb2a0000, 0x00000000eb2a0000)
  eden space 136576K,  44% used [0x00000000e0c00000, 0x00000000e46e5370, 0x00000000e9160000)
  from space 17024K,   0% used [0x00000000ea200000, 0x00000000ea226b30, 0x00000000eb2a0000)
  to   space 17024K,   0% used [0x00000000e9160000, 0x00000000e9160000, 0x00000000ea200000)
 tenured generation   total 341376K, used 44042K [0x00000000eb2a0000, 0x0000000100000000, 0x0000000100000000)
   the space 341376K,  12% used [0x00000000eb2a0000, 0x00000000edda2aa0, 0x00000000edda2c00, 0x0000000100000000)
 Metaspace       used 36309K, capacity 37164K, committed 37376K, reserved 1081344K
  class space    used 4884K, capacity 5082K, committed 5120K, reserved 1048576K
