13:43:05,675 |-INFO in ch.qos.logback.classic.LoggerContext[default] - Could NOT find resource [logback-test.xml]
13:43:05,675 |-INFO in ch.qos.logback.classic.LoggerContext[default] - Could NOT find resource [logback.groovy]
13:43:05,676 |-INFO in ch.qos.logback.classic.LoggerContext[default] - Found resource [logback.xml] at [jar:file:/home/nikitasokolov/flamestream/lib/flamestream-runtime-1.0-SNAPSHOT.jar!/logback.xml]
13:43:05,676 |-WARN in ch.qos.logback.classic.LoggerContext[default] - Resource [logback.xml] occurs multiple times on the classpath.
13:43:05,677 |-WARN in ch.qos.logback.classic.LoggerContext[default] - Resource [logback.xml] occurs at [jar:file:/home/nikitasokolov/flamestream/lib/flamestream-runtime-1.0-SNAPSHOT.jar!/logback.xml]
13:43:05,677 |-WARN in ch.qos.logback.classic.LoggerContext[default] - Resource [logback.xml] occurs at [jar:file:/home/nikitasokolov/flamestream/flamestream-runtime-1.0-SNAPSHOT.jar!/logback.xml]
13:43:05,694 |-INFO in ch.qos.logback.core.joran.spi.ConfigurationWatchList@6108b2d7 - URL [jar:file:/home/nikitasokolov/flamestream/lib/flamestream-runtime-1.0-SNAPSHOT.jar!/logback.xml] is not of type file
13:43:05,746 |-INFO in ch.qos.logback.classic.joran.action.ConfigurationAction - debug attribute not set
13:43:05,747 |-INFO in ch.qos.logback.core.joran.action.AppenderAction - About to instantiate appender of type [ch.qos.logback.core.ConsoleAppender]
13:43:05,758 |-INFO in ch.qos.logback.core.joran.action.AppenderAction - Naming appender as [STDOUT]
13:43:05,767 |-INFO in ch.qos.logback.core.joran.action.NestedComplexPropertyIA - Assuming default type [ch.qos.logback.classic.encoder.PatternLayoutEncoder] for [encoder] property
13:43:05,823 |-INFO in ch.qos.logback.core.joran.action.AppenderAction - About to instantiate appender of type [ch.qos.logback.core.rolling.RollingFileAppender]
13:43:05,830 |-INFO in ch.qos.logback.core.joran.action.AppenderAction - Naming appender as [FILE]
13:43:05,851 |-INFO in c.q.l.core.rolling.TimeBasedRollingPolicy@357863579 - No compression will be used
13:43:05,853 |-INFO in c.q.l.core.rolling.TimeBasedRollingPolicy@357863579 - Will use the pattern /tmp/application_%d{yyyy-MM-dd}.%i.log for the active file
13:43:05,855 |-INFO in ch.qos.logback.core.rolling.SizeAndTimeBasedFNATP@6bf256fa - The date pattern is 'yyyy-MM-dd' from file name pattern '/tmp/application_%d{yyyy-MM-dd}.%i.log'.
13:43:05,856 |-INFO in ch.qos.logback.core.rolling.SizeAndTimeBasedFNATP@6bf256fa - Roll-over at midnight.
13:43:05,859 |-INFO in ch.qos.logback.core.rolling.SizeAndTimeBasedFNATP@6bf256fa - Setting initial period to Sun Jun 09 13:42:12 MSK 2019
13:43:05,860 |-WARN in ch.qos.logback.core.rolling.SizeAndTimeBasedFNATP@6bf256fa - SizeAndTimeBasedFNATP is deprecated. Use SizeAndTimeBasedRollingPolicy instead
13:43:05,860 |-WARN in ch.qos.logback.core.rolling.SizeAndTimeBasedFNATP@6bf256fa - For more information see http://logback.qos.ch/manual/appenders.html#SizeAndTimeBasedRollingPolicy
13:43:05,864 |-INFO in ch.qos.logback.core.joran.action.NestedComplexPropertyIA - Assuming default type [ch.qos.logback.classic.encoder.PatternLayoutEncoder] for [encoder] property
13:43:05,866 |-INFO in ch.qos.logback.core.rolling.RollingFileAppender[FILE] - Active log file name: /tmp/application.log
13:43:05,866 |-INFO in ch.qos.logback.core.rolling.RollingFileAppender[FILE] - File property is set to [/tmp/application.log]
13:43:05,867 |-INFO in ch.qos.logback.classic.joran.action.RootLoggerAction - Setting level of ROOT logger to WARN
13:43:05,867 |-INFO in ch.qos.logback.core.joran.action.AppenderRefAction - Attaching appender named [STDOUT] to Logger[ROOT]
13:43:05,868 |-INFO in ch.qos.logback.core.joran.action.AppenderRefAction - Attaching appender named [FILE] to Logger[ROOT]
13:43:05,868 |-INFO in ch.qos.logback.classic.joran.action.ConfigurationAction - End of configuration.
13:43:05,868 |-INFO in ch.qos.logback.classic.joran.JoranConfigurator@6cd8737 - Registering current configuration as safe fallback point

2019-06-09T13:43:06.865+0300: 1.395: [GC (Metadata GC Threshold) [PSYoungGen: 105581K->15730K(149504K)] 105581K->15810K(491008K), 0.0209410 secs] [Times: user=0.09 sys=0.03, real=0.02 secs] 
2019-06-09T13:43:06.886+0300: 1.416: [Full GC (Metadata GC Threshold) [PSYoungGen: 15730K->0K(149504K)] [ParOldGen: 80K->14981K(341504K)] 15810K->14981K(491008K), [Metaspace: 20802K->20802K(1067008K)], 0.0257159 secs] [Times: user=0.16 sys=0.01, real=0.03 secs] 
13:43:17.163 [Curator-PathChildrenCache-2] WARN  o.a.c.u.ZKPaths  - The version of ZooKeeper being used doesn't support Container nodes. CreateMode.PERSISTENT will be used instead.
2019-06-09T13:43:18.121+0300: 12.651: [GC (Allocation Failure) [PSYoungGen: 128512K->20987K(149504K)] 143493K->49813K(491008K), 0.0227558 secs] [Times: user=0.23 sys=0.03, real=0.02 secs] 
2019-06-09T13:43:18.192+0300: 12.722: [GC (Metadata GC Threshold) [PSYoungGen: 27974K->20975K(149504K)] 56800K->49909K(491008K), 0.0113405 secs] [Times: user=0.13 sys=0.01, real=0.01 secs] 
2019-06-09T13:43:18.203+0300: 12.733: [Full GC (Metadata GC Threshold) [PSYoungGen: 20975K->0K(149504K)] [ParOldGen: 28933K->38703K(341504K)] 49909K->38703K(491008K), [Metaspace: 34558K->34558K(1079296K)], 0.0339033 secs] [Times: user=0.16 sys=0.00, real=0.03 secs] 
2019-06-09T13:43:24.421+0300: 18.951: [GC (Allocation Failure) [PSYoungGen: 128512K->448K(149504K)] 167215K->39159K(491008K), 0.0043854 secs] [Times: user=0.02 sys=0.01, real=0.00 secs] 
2019-06-09T13:43:31.214+0300: 25.745: [GC (Allocation Failure) [PSYoungGen: 128960K->352K(129024K)] 167671K->39071K(470528K), 0.0048016 secs] [Times: user=0.04 sys=0.00, real=0.01 secs] 
2019-06-09T13:43:38.139+0300: 32.669: [GC (Allocation Failure) [PSYoungGen: 128864K->384K(130048K)] 167583K->39103K(471552K), 0.0041999 secs] [Times: user=0.03 sys=0.01, real=0.00 secs] 
2019-06-09T13:43:42.966+0300: 37.497: [GC (Allocation Failure) [PSYoungGen: 88960K->384K(129024K)] 127679K->39111K(470528K), 0.0030771 secs] [Times: user=0.01 sys=0.00, real=0.00 secs] 
2019-06-09T13:43:47.811+0300: 42.342: [GC (Allocation Failure) [PSYoungGen: 88960K->384K(132608K)] 127687K->39207K(474112K), 0.0038448 secs] [Times: user=0.03 sys=0.00, real=0.00 secs] 
2019-06-09T13:43:52.923+0300: 47.453: [GC (Allocation Failure) [PSYoungGen: 94080K->192K(131584K)] 132903K->39055K(473088K), 0.0031806 secs] [Times: user=0.01 sys=0.00, real=0.00 secs] 
2019-06-09T13:43:58.042+0300: 52.572: [GC (Allocation Failure) [PSYoungGen: 93888K->192K(135680K)] 132751K->39103K(477184K), 0.0029366 secs] [Times: user=0.02 sys=0.00, real=0.00 secs] 
2019-06-09T13:44:03.502+0300: 58.033: [GC (Allocation Failure) [PSYoungGen: 99520K->352K(134144K)] 138431K->39263K(475648K), 0.0027189 secs] [Times: user=0.01 sys=0.01, real=0.00 secs] 
2019-06-09T13:44:09.152+0300: 63.682: [GC (Allocation Failure) [PSYoungGen: 99680K->759K(138752K)] 138591K->39678K(480256K), 0.0088871 secs] [Times: user=0.07 sys=0.02, real=0.01 secs] 
13:44:22.541 [Curator-PathChildrenCache-0] ERROR o.a.c.f.r.c.PathChildrenCache  - 
java.lang.IllegalStateException: instance must be started before calling this method
	at org.apache.curator.shaded.com.google.common.base.Preconditions.checkState(Preconditions.java:444)
	at org.apache.curator.framework.imps.CuratorFrameworkImpl.getChildren(CuratorFrameworkImpl.java:456)
	at org.apache.curator.framework.recipes.cache.PathChildrenCache.refresh(PathChildrenCache.java:521)
	at org.apache.curator.framework.recipes.cache.RefreshOperation.invoke(RefreshOperation.java:35)
	at org.apache.curator.framework.recipes.cache.PathChildrenCache$9.run(PathChildrenCache.java:786)
	at java.util.concurrent.Executors$RunnableAdapter.call(Executors.java:511)
	at java.util.concurrent.FutureTask.run(FutureTask.java:266)
	at java.util.concurrent.Executors$RunnableAdapter.call(Executors.java:511)
	at java.util.concurrent.FutureTask.run(FutureTask.java:266)
	at java.util.concurrent.ThreadPoolExecutor.runWorker(ThreadPoolExecutor.java:1149)
	at java.util.concurrent.ThreadPoolExecutor$Worker.run(ThreadPoolExecutor.java:624)
	at java.lang.Thread.run(Thread.java:748)
Heap
 PSYoungGen      total 138752K, used 82947K [0x00000000f5980000, 0x0000000100000000, 0x0000000100000000)
  eden space 105472K, 77% used [0x00000000f5980000,0x00000000fa9c3208,0x00000000fc080000)
  from space 33280K, 2% used [0x00000000fdf80000,0x00000000fe03dcf0,0x0000000100000000)
  to   space 31744K, 0% used [0x00000000fc080000,0x00000000fc080000,0x00000000fdf80000)
 ParOldGen       total 341504K, used 38919K [0x00000000e0c00000, 0x00000000f5980000, 0x00000000f5980000)
  object space 341504K, 11% used [0x00000000e0c00000,0x00000000e3201de0,0x00000000f5980000)
 Metaspace       used 36038K, capacity 36894K, committed 37208K, reserved 1081344K
  class space    used 4979K, capacity 5161K, committed 5248K, reserved 1048576K
