13:36:23,356 |-INFO in ch.qos.logback.classic.LoggerContext[default] - Could NOT find resource [logback-test.xml]
13:36:23,357 |-INFO in ch.qos.logback.classic.LoggerContext[default] - Could NOT find resource [logback.groovy]
13:36:23,357 |-INFO in ch.qos.logback.classic.LoggerContext[default] - Found resource [logback.xml] at [jar:file:/home/nikitasokolov/flamestream/lib/flamestream-runtime-1.0-SNAPSHOT.jar!/logback.xml]
13:36:23,357 |-WARN in ch.qos.logback.classic.LoggerContext[default] - Resource [logback.xml] occurs multiple times on the classpath.
13:36:23,358 |-WARN in ch.qos.logback.classic.LoggerContext[default] - Resource [logback.xml] occurs at [jar:file:/home/nikitasokolov/flamestream/lib/flamestream-runtime-1.0-SNAPSHOT.jar!/logback.xml]
13:36:23,358 |-WARN in ch.qos.logback.classic.LoggerContext[default] - Resource [logback.xml] occurs at [jar:file:/home/nikitasokolov/flamestream/flamestream-runtime-1.0-SNAPSHOT.jar!/logback.xml]
13:36:23,375 |-INFO in ch.qos.logback.core.joran.spi.ConfigurationWatchList@2f7a2457 - URL [jar:file:/home/nikitasokolov/flamestream/lib/flamestream-runtime-1.0-SNAPSHOT.jar!/logback.xml] is not of type file
13:36:23,426 |-INFO in ch.qos.logback.classic.joran.action.ConfigurationAction - debug attribute not set
13:36:23,427 |-INFO in ch.qos.logback.core.joran.action.AppenderAction - About to instantiate appender of type [ch.qos.logback.core.ConsoleAppender]
13:36:23,435 |-INFO in ch.qos.logback.core.joran.action.AppenderAction - Naming appender as [STDOUT]
13:36:23,444 |-INFO in ch.qos.logback.core.joran.action.NestedComplexPropertyIA - Assuming default type [ch.qos.logback.classic.encoder.PatternLayoutEncoder] for [encoder] property
13:36:23,497 |-INFO in ch.qos.logback.core.joran.action.AppenderAction - About to instantiate appender of type [ch.qos.logback.core.rolling.RollingFileAppender]
13:36:23,502 |-INFO in ch.qos.logback.core.joran.action.AppenderAction - Naming appender as [FILE]
13:36:23,523 |-INFO in c.q.l.core.rolling.TimeBasedRollingPolicy@1449621165 - No compression will be used
13:36:23,525 |-INFO in c.q.l.core.rolling.TimeBasedRollingPolicy@1449621165 - Will use the pattern /tmp/application_%d{yyyy-MM-dd}.%i.log for the active file
13:36:23,528 |-INFO in ch.qos.logback.core.rolling.SizeAndTimeBasedFNATP@6108b2d7 - The date pattern is 'yyyy-MM-dd' from file name pattern '/tmp/application_%d{yyyy-MM-dd}.%i.log'.
13:36:23,528 |-INFO in ch.qos.logback.core.rolling.SizeAndTimeBasedFNATP@6108b2d7 - Roll-over at midnight.
13:36:23,532 |-INFO in ch.qos.logback.core.rolling.SizeAndTimeBasedFNATP@6108b2d7 - Setting initial period to Thu May 30 13:33:25 MSK 2019
13:36:23,532 |-WARN in ch.qos.logback.core.rolling.SizeAndTimeBasedFNATP@6108b2d7 - SizeAndTimeBasedFNATP is deprecated. Use SizeAndTimeBasedRollingPolicy instead
13:36:23,532 |-WARN in ch.qos.logback.core.rolling.SizeAndTimeBasedFNATP@6108b2d7 - For more information see http://logback.qos.ch/manual/appenders.html#SizeAndTimeBasedRollingPolicy
13:36:23,536 |-INFO in ch.qos.logback.core.joran.action.NestedComplexPropertyIA - Assuming default type [ch.qos.logback.classic.encoder.PatternLayoutEncoder] for [encoder] property
13:36:23,539 |-INFO in ch.qos.logback.core.rolling.RollingFileAppender[FILE] - Active log file name: /tmp/application.log
13:36:23,539 |-INFO in ch.qos.logback.core.rolling.RollingFileAppender[FILE] - File property is set to [/tmp/application.log]
13:36:23,540 |-INFO in ch.qos.logback.classic.joran.action.RootLoggerAction - Setting level of ROOT logger to WARN
13:36:23,540 |-INFO in ch.qos.logback.core.joran.action.AppenderRefAction - Attaching appender named [STDOUT] to Logger[ROOT]
13:36:23,540 |-INFO in ch.qos.logback.core.joran.action.AppenderRefAction - Attaching appender named [FILE] to Logger[ROOT]
13:36:23,540 |-INFO in ch.qos.logback.classic.joran.action.ConfigurationAction - End of configuration.
13:36:23,541 |-INFO in ch.qos.logback.classic.joran.JoranConfigurator@1554909b - Registering current configuration as safe fallback point

2019-05-30T13:36:24.556+0300: 1.401: [GC (Metadata GC Threshold) [PSYoungGen: 110652K->15819K(149504K)] 110652K->15899K(491008K), 0.0204326 secs] [Times: user=0.06 sys=0.01, real=0.02 secs] 
2019-05-30T13:36:24.576+0300: 1.421: [Full GC (Metadata GC Threshold) [PSYoungGen: 15819K->0K(149504K)] [ParOldGen: 80K->15081K(341504K)] 15899K->15081K(491008K), [Metaspace: 20808K->20808K(1067008K)], 0.0271493 secs] [Times: user=0.16 sys=0.02, real=0.03 secs] 
13:36:33.898 [Curator-PathChildrenCache-1] WARN  o.a.c.u.ZKPaths  - The version of ZooKeeper being used doesn't support Container nodes. CreateMode.PERSISTENT will be used instead.
2019-05-30T13:36:34.592+0300: 11.437: [GC (Allocation Failure) [PSYoungGen: 128512K->20991K(149504K)] 143593K->50156K(491008K), 0.0197994 secs] [Times: user=0.21 sys=0.04, real=0.02 secs] 
2019-05-30T13:36:35.685+0300: 12.530: [GC (Metadata GC Threshold) [PSYoungGen: 30880K->20987K(149504K)] 60045K->50520K(491008K), 0.0102724 secs] [Times: user=0.11 sys=0.00, real=0.01 secs] 
2019-05-30T13:36:35.696+0300: 12.541: [Full GC (Metadata GC Threshold) [PSYoungGen: 20987K->0K(149504K)] [ParOldGen: 29532K->39296K(341504K)] 50520K->39296K(491008K), [Metaspace: 34541K->34541K(1079296K)], 0.0418363 secs] [Times: user=0.25 sys=0.02, real=0.04 secs] 
2019-05-30T13:38:24.373+0300: 121.218: [GC (Allocation Failure) [PSYoungGen: 128512K->855K(149504K)] 167808K->40159K(491008K), 0.0055771 secs] [Times: user=0.03 sys=0.02, real=0.01 secs] 
2019-05-30T13:40:42.184+0300: 259.029: [GC (Allocation Failure) [PSYoungGen: 129367K->704K(128000K)] 168671K->40016K(469504K), 0.0042850 secs] [Times: user=0.03 sys=0.00, real=0.00 secs] 
2019-05-30T13:43:10.125+0300: 406.970: [GC (Allocation Failure) [PSYoungGen: 127680K->736K(130048K)] 166992K->40056K(471552K), 0.0044607 secs] [Times: user=0.01 sys=0.00, real=0.01 secs] 
2019-05-30T13:44:40.735+0300: 497.580: [GC (Allocation Failure) [PSYoungGen: 89824K->820K(129536K)] 129144K->40149K(471040K), 0.0038995 secs] [Times: user=0.03 sys=0.00, real=0.01 secs] 
2019-05-30T13:46:18.112+0300: 594.957: [GC (Allocation Failure) [PSYoungGen: 89908K->768K(132608K)] 129237K->40104K(474112K), 0.0049620 secs] [Times: user=0.03 sys=0.00, real=0.00 secs] 
2019-05-30T13:48:18.055+0300: 714.900: [GC (Allocation Failure) [PSYoungGen: 93952K->800K(131072K)] 133288K->40144K(472576K), 0.0045088 secs] [Times: user=0.03 sys=0.00, real=0.01 secs] 
2019-05-30T13:50:01.792+0300: 818.637: [GC (Allocation Failure) [PSYoungGen: 93984K->788K(135680K)] 133328K->40141K(477184K), 0.0109506 secs] [Times: user=0.07 sys=0.01, real=0.01 secs] 
13:50:24.011 [Curator-PathChildrenCache-0] ERROR o.a.c.f.r.c.PathChildrenCache  - 
java.lang.IllegalStateException: instance must be started before calling this method
	at org.apache.curator.shaded.com.google.common.base.Preconditions.checkState(Preconditions.java:444)
	at org.apache.curator.framework.imps.CuratorFrameworkImpl.getChildren(CuratorFrameworkImpl.java:456)
	at org.apache.curator.framework.recipes.cache.PathChildrenCache.refresh(PathChildrenCache.java:521)
	at org.apache.curator.framework.recipes.cache.RefreshOperation.invoke(RefreshOperation.java:35)
	at org.apache.curator.framework.recipes.cache.PathChildrenCache$9.run(PathChildrenCache.java:786)
	at java.util.concurrent.Executors$RunnableAdapter.call(Executors.java:511)
	at java.util.concurrent.FutureTask.run(FutureTask.java:266)
	at java.util.concurrent.Executors$RunnableAdapter.call(Executors.java:511)
	at java.util.concurrent.FutureTask.run(FutureTask.java:266)
	at java.util.concurrent.ThreadPoolExecutor.runWorker(ThreadPoolExecutor.java:1149)
	at java.util.concurrent.ThreadPoolExecutor$Worker.run(ThreadPoolExecutor.java:624)
	at java.lang.Thread.run(Thread.java:748)
Heap
 PSYoungGen      total 135680K, used 29480K [0x00000000f5980000, 0x0000000100000000, 0x0000000100000000)
  eden space 99328K, 28% used [0x00000000f5980000,0x00000000f75851b8,0x00000000fba80000)
  from space 36352K, 2% used [0x00000000fdc80000,0x00000000fdd45190,0x0000000100000000)
  to   space 34816K, 0% used [0x00000000fba80000,0x00000000fba80000,0x00000000fdc80000)
 ParOldGen       total 341504K, used 39352K [0x00000000e0c00000, 0x00000000f5980000, 0x00000000f5980000)
  object space 341504K, 11% used [0x00000000e0c00000,0x00000000e326e2f8,0x00000000f5980000)
 Metaspace       used 36603K, capacity 37420K, committed 37760K, reserved 1081344K
  class space    used 4983K, capacity 5160K, committed 5248K, reserved 1048576K
