19:40:00,462 |-INFO in ch.qos.logback.classic.LoggerContext[default] - Could NOT find resource [logback-test.xml]
19:40:00,462 |-INFO in ch.qos.logback.classic.LoggerContext[default] - Could NOT find resource [logback.groovy]
19:40:00,462 |-INFO in ch.qos.logback.classic.LoggerContext[default] - Found resource [logback.xml] at [jar:file:/root/flamestream/lib/flamestream-runtime-1.0-SNAPSHOT.jar!/logback.xml]
19:40:00,462 |-WARN in ch.qos.logback.classic.LoggerContext[default] - Resource [logback.xml] occurs multiple times on the classpath.
19:40:00,463 |-WARN in ch.qos.logback.classic.LoggerContext[default] - Resource [logback.xml] occurs at [jar:file:/root/flamestream/lib/flamestream-runtime-1.0-SNAPSHOT.jar!/logback.xml]
19:40:00,463 |-WARN in ch.qos.logback.classic.LoggerContext[default] - Resource [logback.xml] occurs at [jar:file:/root/flamestream/flamestream-runtime-1.0-SNAPSHOT.jar!/logback.xml]
19:40:00,487 |-INFO in ch.qos.logback.core.joran.spi.ConfigurationWatchList@3fb6a447 - URL [jar:file:/root/flamestream/lib/flamestream-runtime-1.0-SNAPSHOT.jar!/logback.xml] is not of type file
19:40:00,559 |-INFO in ch.qos.logback.classic.joran.action.ConfigurationAction - debug attribute not set
19:40:00,560 |-INFO in ch.qos.logback.core.joran.action.AppenderAction - About to instantiate appender of type [ch.qos.logback.core.ConsoleAppender]
19:40:00,580 |-INFO in ch.qos.logback.core.joran.action.AppenderAction - Naming appender as [STDOUT]
19:40:00,598 |-INFO in ch.qos.logback.core.joran.action.NestedComplexPropertyIA - Assuming default type [ch.qos.logback.classic.encoder.PatternLayoutEncoder] for [encoder] property
19:40:00,674 |-INFO in ch.qos.logback.core.joran.action.AppenderAction - About to instantiate appender of type [ch.qos.logback.core.rolling.RollingFileAppender]
19:40:00,683 |-INFO in ch.qos.logback.core.joran.action.AppenderAction - Naming appender as [FILE]
19:40:00,715 |-INFO in c.q.l.core.rolling.TimeBasedRollingPolicy@127618319 - No compression will be used
19:40:00,717 |-INFO in c.q.l.core.rolling.TimeBasedRollingPolicy@127618319 - Will use the pattern /tmp/application_%d{yyyy-MM-dd}.%i.log for the active file
19:40:00,720 |-INFO in ch.qos.logback.core.rolling.SizeAndTimeBasedFNATP@6b2fad11 - The date pattern is 'yyyy-MM-dd' from file name pattern '/tmp/application_%d{yyyy-MM-dd}.%i.log'.
19:40:00,720 |-INFO in ch.qos.logback.core.rolling.SizeAndTimeBasedFNATP@6b2fad11 - Roll-over at midnight.
19:40:00,725 |-INFO in ch.qos.logback.core.rolling.SizeAndTimeBasedFNATP@6b2fad11 - Setting initial period to Mon Jun 10 19:38:38 UTC 2019
19:40:00,725 |-WARN in ch.qos.logback.core.rolling.SizeAndTimeBasedFNATP@6b2fad11 - SizeAndTimeBasedFNATP is deprecated. Use SizeAndTimeBasedRollingPolicy instead
19:40:00,725 |-WARN in ch.qos.logback.core.rolling.SizeAndTimeBasedFNATP@6b2fad11 - For more information see http://logback.qos.ch/manual/appenders.html#SizeAndTimeBasedRollingPolicy
19:40:00,729 |-INFO in ch.qos.logback.core.joran.action.NestedComplexPropertyIA - Assuming default type [ch.qos.logback.classic.encoder.PatternLayoutEncoder] for [encoder] property
19:40:00,734 |-INFO in ch.qos.logback.core.rolling.RollingFileAppender[FILE] - Active log file name: /tmp/application.log
19:40:00,734 |-INFO in ch.qos.logback.core.rolling.RollingFileAppender[FILE] - File property is set to [/tmp/application.log]
19:40:00,735 |-INFO in ch.qos.logback.classic.joran.action.RootLoggerAction - Setting level of ROOT logger to WARN
19:40:00,735 |-INFO in ch.qos.logback.core.joran.action.AppenderRefAction - Attaching appender named [STDOUT] to Logger[ROOT]
19:40:00,737 |-INFO in ch.qos.logback.core.joran.action.AppenderRefAction - Attaching appender named [FILE] to Logger[ROOT]
19:40:00,737 |-INFO in ch.qos.logback.classic.joran.action.ConfigurationAction - End of configuration.
19:40:00,738 |-INFO in ch.qos.logback.classic.joran.JoranConfigurator@79698539 - Registering current configuration as safe fallback point

Ama winner
Ama winner
2019-06-10T19:40:02.085+0000: 1.809: [Full GC (Metadata GC Threshold) 2019-06-10T19:40:02.085+0000: 1.809: [Tenured: 0K->15241K(341376K), 0.0422840 secs] 114988K->15241K(494976K), [Metaspace: 20734K->20734K(1067008K)], 0.0423553 secs] [Times: user=0.04 sys=0.00, real=0.05 secs] 
19:40:15.842 [Curator-PathChildrenCache-2] WARN  o.a.c.u.ZKPaths  - The version of ZooKeeper being used doesn't support Container nodes. CreateMode.PERSISTENT will be used instead.
2019-06-10T19:40:18.295+0000: 18.019: [GC (Allocation Failure) 2019-06-10T19:40:18.295+0000: 18.019: [DefNew: 136576K->17024K(153600K), 0.0254888 secs] 151817K->52879K(494976K), 0.0255552 secs] [Times: user=0.02 sys=0.00, real=0.02 secs] 
2019-06-10T19:40:18.674+0000: 18.397: [Full GC (Metadata GC Threshold) 2019-06-10T19:40:18.674+0000: 18.397: [Tenured: 35855K->44566K(341376K), 0.0351078 secs] 67731K->44566K(494976K), [Metaspace: 34573K->34573K(1079296K)], 0.0351809 secs] [Times: user=0.03 sys=0.00, real=0.04 secs] 
2019-06-10T19:40:23.043+0000: 22.766: [GC (Allocation Failure) 2019-06-10T19:40:23.043+0000: 22.766: [DefNew: 136576K->199K(153600K), 0.0024912 secs] 181142K->44765K(494976K), 0.0025500 secs] [Times: user=0.00 sys=0.00, real=0.00 secs] 
2019-06-10T19:40:27.140+0000: 26.864: [GC (Allocation Failure) 2019-06-10T19:40:27.140+0000: 26.864: [DefNew: 136775K->217K(153600K), 0.0020816 secs] 181341K->44783K(494976K), 0.0021404 secs] [Times: user=0.00 sys=0.00, real=0.00 secs] 
2019-06-10T19:40:31.297+0000: 31.021: [GC (Allocation Failure) 2019-06-10T19:40:31.297+0000: 31.021: [DefNew: 136793K->240K(153600K), 0.0020854 secs] 181359K->44806K(494976K), 0.0021444 secs] [Times: user=0.01 sys=0.00, real=0.00 secs] 
2019-06-10T19:40:35.447+0000: 35.170: [GC (Allocation Failure) 2019-06-10T19:40:35.447+0000: 35.170: [DefNew: 136816K->252K(153600K), 0.0022159 secs] 181382K->44818K(494976K), 0.0022721 secs] [Times: user=0.00 sys=0.00, real=0.01 secs] 
2019-06-10T19:40:39.634+0000: 39.357: [GC (Allocation Failure) 2019-06-10T19:40:39.634+0000: 39.357: [DefNew: 136828K->251K(153600K), 0.0021264 secs] 181394K->44818K(494976K), 0.0021864 secs] [Times: user=0.01 sys=0.00, real=0.01 secs] 
2019-06-10T19:40:43.866+0000: 43.589: [GC (Allocation Failure) 2019-06-10T19:40:43.866+0000: 43.589: [DefNew: 136827K->245K(153600K), 0.0021503 secs] 181394K->44812K(494976K), 0.0022120 secs] [Times: user=0.00 sys=0.00, real=0.01 secs] 
2019-06-10T19:40:48.059+0000: 47.782: [GC (Allocation Failure) 2019-06-10T19:40:48.059+0000: 47.782: [DefNew: 136821K->240K(153600K), 0.0021230 secs] 181388K->44806K(494976K), 0.0021991 secs] [Times: user=0.00 sys=0.00, real=0.00 secs] 
2019-06-10T19:40:52.263+0000: 51.986: [GC (Allocation Failure) 2019-06-10T19:40:52.263+0000: 51.986: [DefNew: 136816K->246K(153600K), 0.0021937 secs] 181382K->44813K(494976K), 0.0022635 secs] [Times: user=0.00 sys=0.00, real=0.00 secs] 
19:41:00.758 [Curator-PathChildrenCache-0] ERROR o.a.c.f.r.c.PathChildrenCache  - 
java.lang.IllegalStateException: instance must be started before calling this method
	at org.apache.curator.shaded.com.google.common.base.Preconditions.checkState(Preconditions.java:444)
	at org.apache.curator.framework.imps.CuratorFrameworkImpl.getChildren(CuratorFrameworkImpl.java:456)
	at org.apache.curator.framework.recipes.cache.PathChildrenCache.refresh(PathChildrenCache.java:521)
	at org.apache.curator.framework.recipes.cache.RefreshOperation.invoke(RefreshOperation.java:35)
	at org.apache.curator.framework.recipes.cache.PathChildrenCache$9.run(PathChildrenCache.java:786)
	at java.util.concurrent.Executors$RunnableAdapter.call(Executors.java:511)
	at java.util.concurrent.FutureTask.run(FutureTask.java:266)
	at java.util.concurrent.Executors$RunnableAdapter.call(Executors.java:511)
	at java.util.concurrent.FutureTask.run(FutureTask.java:266)
	at java.util.concurrent.ThreadPoolExecutor.runWorker(ThreadPoolExecutor.java:1149)
	at java.util.concurrent.ThreadPoolExecutor$Worker.run(ThreadPoolExecutor.java:624)
	at java.lang.Thread.run(Thread.java:748)
2019-06-10T19:41:01.147+0000: 60.871: [GC (Allocation Failure) 2019-06-10T19:41:01.147+0000: 60.871: [DefNew: 136822K->955K(153600K), 0.0033732 secs] 181389K->45521K(494976K), 0.0035425 secs] [Times: user=0.00 sys=0.00, real=0.00 secs] 
Heap
 def new generation   total 153600K, used 9600K [0x00000000e0c00000, 0x00000000eb2a0000, 0x00000000eb2a0000)
  eden space 136576K,   6% used [0x00000000e0c00000, 0x00000000e1471390, 0x00000000e9160000)
  from space 17024K,   5% used [0x00000000e9160000, 0x00000000e924ed30, 0x00000000ea200000)
  to   space 17024K,   0% used [0x00000000ea200000, 0x00000000ea200000, 0x00000000eb2a0000)
 tenured generation   total 341376K, used 44566K [0x00000000eb2a0000, 0x0000000100000000, 0x0000000100000000)
   the space 341376K,  13% used [0x00000000eb2a0000, 0x00000000ede25a40, 0x00000000ede25c00, 0x0000000100000000)
 Metaspace       used 36120K, capacity 37130K, committed 37376K, reserved 1081344K
  class space    used 4866K, capacity 5071K, committed 5120K, reserved 1048576K
