16:16:15,693 |-INFO in ch.qos.logback.classic.LoggerContext[default] - Could NOT find resource [logback-test.xml]
16:16:15,693 |-INFO in ch.qos.logback.classic.LoggerContext[default] - Could NOT find resource [logback.groovy]
16:16:15,694 |-INFO in ch.qos.logback.classic.LoggerContext[default] - Found resource [logback.xml] at [jar:file:/root/flamestream/lib/flamestream-runtime-1.0-SNAPSHOT.jar!/logback.xml]
16:16:15,694 |-WARN in ch.qos.logback.classic.LoggerContext[default] - Resource [logback.xml] occurs multiple times on the classpath.
16:16:15,695 |-WARN in ch.qos.logback.classic.LoggerContext[default] - Resource [logback.xml] occurs at [jar:file:/root/flamestream/lib/flamestream-runtime-1.0-SNAPSHOT.jar!/logback.xml]
16:16:15,695 |-WARN in ch.qos.logback.classic.LoggerContext[default] - Resource [logback.xml] occurs at [jar:file:/root/flamestream/flamestream-runtime-1.0-SNAPSHOT.jar!/logback.xml]
16:16:15,715 |-INFO in ch.qos.logback.core.joran.spi.ConfigurationWatchList@3fb6a447 - URL [jar:file:/root/flamestream/lib/flamestream-runtime-1.0-SNAPSHOT.jar!/logback.xml] is not of type file
16:16:15,783 |-INFO in ch.qos.logback.classic.joran.action.ConfigurationAction - debug attribute not set
16:16:15,784 |-INFO in ch.qos.logback.core.joran.action.AppenderAction - About to instantiate appender of type [ch.qos.logback.core.ConsoleAppender]
16:16:15,805 |-INFO in ch.qos.logback.core.joran.action.AppenderAction - Naming appender as [STDOUT]
16:16:15,820 |-INFO in ch.qos.logback.core.joran.action.NestedComplexPropertyIA - Assuming default type [ch.qos.logback.classic.encoder.PatternLayoutEncoder] for [encoder] property
16:16:15,906 |-INFO in ch.qos.logback.core.joran.action.AppenderAction - About to instantiate appender of type [ch.qos.logback.core.rolling.RollingFileAppender]
16:16:15,911 |-INFO in ch.qos.logback.core.joran.action.AppenderAction - Naming appender as [FILE]
16:16:15,942 |-INFO in c.q.l.core.rolling.TimeBasedRollingPolicy@127618319 - No compression will be used
16:16:15,943 |-INFO in c.q.l.core.rolling.TimeBasedRollingPolicy@127618319 - Will use the pattern /tmp/application_%d{yyyy-MM-dd}.%i.log for the active file
16:16:15,946 |-INFO in ch.qos.logback.core.rolling.SizeAndTimeBasedFNATP@6b2fad11 - The date pattern is 'yyyy-MM-dd' from file name pattern '/tmp/application_%d{yyyy-MM-dd}.%i.log'.
16:16:15,946 |-INFO in ch.qos.logback.core.rolling.SizeAndTimeBasedFNATP@6b2fad11 - Roll-over at midnight.
16:16:15,952 |-INFO in ch.qos.logback.core.rolling.SizeAndTimeBasedFNATP@6b2fad11 - Setting initial period to Mon Jun 10 16:14:47 UTC 2019
16:16:15,952 |-WARN in ch.qos.logback.core.rolling.SizeAndTimeBasedFNATP@6b2fad11 - SizeAndTimeBasedFNATP is deprecated. Use SizeAndTimeBasedRollingPolicy instead
16:16:15,952 |-WARN in ch.qos.logback.core.rolling.SizeAndTimeBasedFNATP@6b2fad11 - For more information see http://logback.qos.ch/manual/appenders.html#SizeAndTimeBasedRollingPolicy
16:16:15,955 |-INFO in ch.qos.logback.core.joran.action.NestedComplexPropertyIA - Assuming default type [ch.qos.logback.classic.encoder.PatternLayoutEncoder] for [encoder] property
16:16:15,960 |-INFO in ch.qos.logback.core.rolling.RollingFileAppender[FILE] - Active log file name: /tmp/application.log
16:16:15,960 |-INFO in ch.qos.logback.core.rolling.RollingFileAppender[FILE] - File property is set to [/tmp/application.log]
16:16:15,961 |-INFO in ch.qos.logback.classic.joran.action.RootLoggerAction - Setting level of ROOT logger to WARN
16:16:15,961 |-INFO in ch.qos.logback.core.joran.action.AppenderRefAction - Attaching appender named [STDOUT] to Logger[ROOT]
16:16:15,963 |-INFO in ch.qos.logback.core.joran.action.AppenderRefAction - Attaching appender named [FILE] to Logger[ROOT]
16:16:15,963 |-INFO in ch.qos.logback.classic.joran.action.ConfigurationAction - End of configuration.
16:16:15,964 |-INFO in ch.qos.logback.classic.joran.JoranConfigurator@79698539 - Registering current configuration as safe fallback point

Ama winner
Ama winner
2019-06-10T16:16:17.261+0000: 1.751: [Full GC (Metadata GC Threshold) 2019-06-10T16:16:17.261+0000: 1.751: [Tenured: 0K->15241K(341376K), 0.0398422 secs] 114986K->15241K(494976K), [Metaspace: 20728K->20728K(1067008K)], 0.0399243 secs] [Times: user=0.04 sys=0.00, real=0.04 secs] 
16:16:30.858 [Curator-PathChildrenCache-1] WARN  o.a.c.u.ZKPaths  - The version of ZooKeeper being used doesn't support Container nodes. CreateMode.PERSISTENT will be used instead.
2019-06-10T16:16:33.303+0000: 17.792: [GC (Allocation Failure) 2019-06-10T16:16:33.303+0000: 17.792: [DefNew: 136576K->17023K(153600K), 0.0288984 secs] 151817K->52689K(494976K), 0.0289702 secs] [Times: user=0.03 sys=0.01, real=0.03 secs] 
2019-06-10T16:16:35.959+0000: 20.449: [Full GC (Metadata GC Threshold) 2019-06-10T16:16:35.959+0000: 20.449: [Tenured: 35665K->44401K(341376K), 0.0991093 secs] 114381K->44401K(494976K), [Metaspace: 34597K->34597K(1079296K)], 0.0991796 secs] [Times: user=0.10 sys=0.00, real=0.10 secs] 
2019-06-10T16:16:41.766+0000: 26.255: [GC (Allocation Failure) 2019-06-10T16:16:41.766+0000: 26.255: [DefNew: 136576K->113K(153600K), 0.0019740 secs] 180977K->44515K(494976K), 0.0020393 secs] [Times: user=0.00 sys=0.00, real=0.00 secs] 
2019-06-10T16:16:47.459+0000: 31.949: [GC (Allocation Failure) 2019-06-10T16:16:47.459+0000: 31.949: [DefNew: 136689K->112K(153600K), 0.0018653 secs] 181091K->44514K(494976K), 0.0019188 secs] [Times: user=0.00 sys=0.00, real=0.00 secs] 
2019-06-10T16:16:53.062+0000: 37.552: [GC (Allocation Failure) 2019-06-10T16:16:53.062+0000: 37.552: [DefNew: 136688K->125K(153600K), 0.0019318 secs] 181090K->44526K(494976K), 0.0019985 secs] [Times: user=0.00 sys=0.00, real=0.00 secs] 
2019-06-10T16:16:58.693+0000: 43.182: [GC (Allocation Failure) 2019-06-10T16:16:58.693+0000: 43.182: [DefNew: 136701K->121K(153600K), 0.0018901 secs] 181102K->44522K(494976K), 0.0019541 secs] [Times: user=0.00 sys=0.00, real=0.00 secs] 
2019-06-10T16:17:11.218+0000: 55.708: [GC (Allocation Failure) 2019-06-10T16:17:11.218+0000: 55.708: [DefNew: 136697K->705K(153600K), 0.0040546 secs] 181098K->45107K(494976K), 0.0041143 secs] [Times: user=0.01 sys=0.00, real=0.00 secs] 
16:17:11.237 [Curator-PathChildrenCache-0] ERROR o.a.c.f.r.c.PathChildrenCache  - 
java.lang.IllegalStateException: instance must be started before calling this method
	at org.apache.curator.shaded.com.google.common.base.Preconditions.checkState(Preconditions.java:444)
	at org.apache.curator.framework.imps.CuratorFrameworkImpl.getChildren(CuratorFrameworkImpl.java:456)
	at org.apache.curator.framework.recipes.cache.PathChildrenCache.refresh(PathChildrenCache.java:521)
	at org.apache.curator.framework.recipes.cache.RefreshOperation.invoke(RefreshOperation.java:35)
	at org.apache.curator.framework.recipes.cache.PathChildrenCache$9.run(PathChildrenCache.java:786)
	at java.util.concurrent.Executors$RunnableAdapter.call(Executors.java:511)
	at java.util.concurrent.FutureTask.run(FutureTask.java:266)
	at java.util.concurrent.Executors$RunnableAdapter.call(Executors.java:511)
	at java.util.concurrent.FutureTask.run(FutureTask.java:266)
	at java.util.concurrent.ThreadPoolExecutor.runWorker(ThreadPoolExecutor.java:1149)
	at java.util.concurrent.ThreadPoolExecutor$Worker.run(ThreadPoolExecutor.java:624)
	at java.lang.Thread.run(Thread.java:748)
Heap
 def new generation   total 153600K, used 18625K [0x00000000e0c00000, 0x00000000eb2a0000, 0x00000000eb2a0000)
  eden space 136576K,  13% used [0x00000000e0c00000, 0x00000000e1d7fe18, 0x00000000e9160000)
  from space 17024K,   4% used [0x00000000e9160000, 0x00000000e9210628, 0x00000000ea200000)
  to   space 17024K,   0% used [0x00000000ea200000, 0x00000000ea200000, 0x00000000eb2a0000)
 tenured generation   total 341376K, used 44401K [0x00000000eb2a0000, 0x0000000100000000, 0x0000000100000000)
   the space 341376K,  13% used [0x00000000eb2a0000, 0x00000000eddfc7a8, 0x00000000eddfc800, 0x0000000100000000)
 Metaspace       used 35910K, capacity 36748K, committed 37120K, reserved 1081344K
  class space    used 4813K, capacity 5012K, committed 5120K, reserved 1048576K
