20:17:24,721 |-INFO in ch.qos.logback.classic.LoggerContext[default] - Could NOT find resource [logback-test.xml]
20:17:24,721 |-INFO in ch.qos.logback.classic.LoggerContext[default] - Could NOT find resource [logback.groovy]
20:17:24,722 |-INFO in ch.qos.logback.classic.LoggerContext[default] - Found resource [logback.xml] at [jar:file:/root/flamestream/lib/flamestream-runtime-1.0-SNAPSHOT.jar!/logback.xml]
20:17:24,722 |-WARN in ch.qos.logback.classic.LoggerContext[default] - Resource [logback.xml] occurs multiple times on the classpath.
20:17:24,722 |-WARN in ch.qos.logback.classic.LoggerContext[default] - Resource [logback.xml] occurs at [jar:file:/root/flamestream/lib/flamestream-runtime-1.0-SNAPSHOT.jar!/logback.xml]
20:17:24,722 |-WARN in ch.qos.logback.classic.LoggerContext[default] - Resource [logback.xml] occurs at [jar:file:/root/flamestream/flamestream-runtime-1.0-SNAPSHOT.jar!/logback.xml]
20:17:24,746 |-INFO in ch.qos.logback.core.joran.spi.ConfigurationWatchList@3fb6a447 - URL [jar:file:/root/flamestream/lib/flamestream-runtime-1.0-SNAPSHOT.jar!/logback.xml] is not of type file
20:17:24,813 |-INFO in ch.qos.logback.classic.joran.action.ConfigurationAction - debug attribute not set
20:17:24,814 |-INFO in ch.qos.logback.core.joran.action.AppenderAction - About to instantiate appender of type [ch.qos.logback.core.ConsoleAppender]
20:17:24,830 |-INFO in ch.qos.logback.core.joran.action.AppenderAction - Naming appender as [STDOUT]
20:17:24,843 |-INFO in ch.qos.logback.core.joran.action.NestedComplexPropertyIA - Assuming default type [ch.qos.logback.classic.encoder.PatternLayoutEncoder] for [encoder] property
20:17:24,943 |-INFO in ch.qos.logback.core.joran.action.AppenderAction - About to instantiate appender of type [ch.qos.logback.core.rolling.RollingFileAppender]
20:17:24,947 |-INFO in ch.qos.logback.core.joran.action.AppenderAction - Naming appender as [FILE]
20:17:24,985 |-INFO in c.q.l.core.rolling.TimeBasedRollingPolicy@127618319 - No compression will be used
20:17:24,986 |-INFO in c.q.l.core.rolling.TimeBasedRollingPolicy@127618319 - Will use the pattern /tmp/application_%d{yyyy-MM-dd}.%i.log for the active file
20:17:24,989 |-INFO in ch.qos.logback.core.rolling.SizeAndTimeBasedFNATP@6b2fad11 - The date pattern is 'yyyy-MM-dd' from file name pattern '/tmp/application_%d{yyyy-MM-dd}.%i.log'.
20:17:24,989 |-INFO in ch.qos.logback.core.rolling.SizeAndTimeBasedFNATP@6b2fad11 - Roll-over at midnight.
20:17:24,994 |-INFO in ch.qos.logback.core.rolling.SizeAndTimeBasedFNATP@6b2fad11 - Setting initial period to Mon Jun 10 20:15:57 UTC 2019
20:17:24,994 |-WARN in ch.qos.logback.core.rolling.SizeAndTimeBasedFNATP@6b2fad11 - SizeAndTimeBasedFNATP is deprecated. Use SizeAndTimeBasedRollingPolicy instead
20:17:24,994 |-WARN in ch.qos.logback.core.rolling.SizeAndTimeBasedFNATP@6b2fad11 - For more information see http://logback.qos.ch/manual/appenders.html#SizeAndTimeBasedRollingPolicy
20:17:24,998 |-INFO in ch.qos.logback.core.joran.action.NestedComplexPropertyIA - Assuming default type [ch.qos.logback.classic.encoder.PatternLayoutEncoder] for [encoder] property
20:17:25,003 |-INFO in ch.qos.logback.core.rolling.RollingFileAppender[FILE] - Active log file name: /tmp/application.log
20:17:25,003 |-INFO in ch.qos.logback.core.rolling.RollingFileAppender[FILE] - File property is set to [/tmp/application.log]
20:17:25,004 |-INFO in ch.qos.logback.classic.joran.action.RootLoggerAction - Setting level of ROOT logger to WARN
20:17:25,004 |-INFO in ch.qos.logback.core.joran.action.AppenderRefAction - Attaching appender named [STDOUT] to Logger[ROOT]
20:17:25,006 |-INFO in ch.qos.logback.core.joran.action.AppenderRefAction - Attaching appender named [FILE] to Logger[ROOT]
20:17:25,006 |-INFO in ch.qos.logback.classic.joran.action.ConfigurationAction - End of configuration.
20:17:25,006 |-INFO in ch.qos.logback.classic.joran.JoranConfigurator@79698539 - Registering current configuration as safe fallback point

Ama winner
Ama winner
2019-06-10T20:17:26.273+0000: 1.732: [Full GC (Metadata GC Threshold) 2019-06-10T20:17:26.273+0000: 1.732: [Tenured: 0K->15144K(341376K), 0.0357644 secs] 114923K->15144K(494976K), [Metaspace: 20734K->20734K(1067008K)], 0.0358307 secs] [Times: user=0.03 sys=0.01, real=0.03 secs] 
20:17:43.836 [Curator-PathChildrenCache-1] WARN  o.a.c.u.ZKPaths  - The version of ZooKeeper being used doesn't support Container nodes. CreateMode.PERSISTENT will be used instead.
2019-06-10T20:17:45.911+0000: 21.370: [GC (Allocation Failure) 2019-06-10T20:17:45.911+0000: 21.370: [DefNew: 135690K->16542K(153600K), 0.0250665 secs] 150835K->51217K(494976K), 0.0251383 secs] [Times: user=0.01 sys=0.02, real=0.02 secs] 
2019-06-10T20:17:49.476+0000: 24.935: [Full GC (Metadata GC Threshold) 2019-06-10T20:17:49.476+0000: 24.935: [Tenured: 34675K->43317K(341376K), 0.0982209 secs] 124586K->43317K(494976K), [Metaspace: 34581K->34581K(1079296K)], 0.0982960 secs] [Times: user=0.10 sys=0.00, real=0.10 secs] 
2019-06-10T20:17:56.091+0000: 31.550: [GC (Allocation Failure) 2019-06-10T20:17:56.091+0000: 31.550: [DefNew: 136576K->63K(153600K), 0.0018698 secs] 179893K->43380K(494976K), 0.0019315 secs] [Times: user=0.00 sys=0.00, real=0.00 secs] 
2019-06-10T20:18:02.745+0000: 38.203: [GC (Allocation Failure) 2019-06-10T20:18:02.745+0000: 38.204: [DefNew: 136639K->55K(153600K), 0.0017675 secs] 179956K->43372K(494976K), 0.0018338 secs] [Times: user=0.00 sys=0.00, real=0.00 secs] 
2019-06-10T20:18:09.472+0000: 44.931: [GC (Allocation Failure) 2019-06-10T20:18:09.472+0000: 44.931: [DefNew: 136631K->55K(153600K), 0.0017453 secs] 179948K->43372K(494976K), 0.0018270 secs] [Times: user=0.00 sys=0.00, real=0.00 secs] 
2019-06-10T20:18:16.197+0000: 51.655: [GC (Allocation Failure) 2019-06-10T20:18:16.197+0000: 51.656: [DefNew: 136631K->56K(153600K), 0.0016501 secs] 179948K->43373K(494976K), 0.0017215 secs] [Times: user=0.00 sys=0.00, real=0.00 secs] 
2019-06-10T20:18:23.459+0000: 58.918: [GC (Allocation Failure) 2019-06-10T20:18:23.459+0000: 58.918: [DefNew: 136632K->57K(153600K), 0.0017114 secs] 179949K->43375K(494976K), 0.0017998 secs] [Times: user=0.00 sys=0.00, real=0.01 secs] 
20:18:30.007 [Curator-PathChildrenCache-0] ERROR o.a.c.f.r.c.PathChildrenCache  - 
java.lang.IllegalStateException: instance must be started before calling this method
	at org.apache.curator.shaded.com.google.common.base.Preconditions.checkState(Preconditions.java:444)
	at org.apache.curator.framework.imps.CuratorFrameworkImpl.getChildren(CuratorFrameworkImpl.java:456)
	at org.apache.curator.framework.recipes.cache.PathChildrenCache.refresh(PathChildrenCache.java:521)
	at org.apache.curator.framework.recipes.cache.RefreshOperation.invoke(RefreshOperation.java:35)
	at org.apache.curator.framework.recipes.cache.PathChildrenCache$9.run(PathChildrenCache.java:786)
	at java.util.concurrent.Executors$RunnableAdapter.call(Executors.java:511)
	at java.util.concurrent.FutureTask.run(FutureTask.java:266)
	at java.util.concurrent.Executors$RunnableAdapter.call(Executors.java:511)
	at java.util.concurrent.FutureTask.run(FutureTask.java:266)
	at java.util.concurrent.ThreadPoolExecutor.runWorker(ThreadPoolExecutor.java:1149)
	at java.util.concurrent.ThreadPoolExecutor$Worker.run(ThreadPoolExecutor.java:624)
	at java.lang.Thread.run(Thread.java:748)
Heap
 def new generation   total 153600K, used 48905K [0x00000000e0c00000, 0x00000000eb2a0000, 0x00000000eb2a0000)
  eden space 136576K,  35% used [0x00000000e0c00000, 0x00000000e3bb3f48, 0x00000000e9160000)
  from space 17024K,   0% used [0x00000000e9160000, 0x00000000e916e668, 0x00000000ea200000)
  to   space 17024K,   0% used [0x00000000ea200000, 0x00000000ea200000, 0x00000000eb2a0000)
 tenured generation   total 341376K, used 43317K [0x00000000eb2a0000, 0x0000000100000000, 0x0000000100000000)
   the space 341376K,  12% used [0x00000000eb2a0000, 0x00000000edced5a0, 0x00000000edced600, 0x0000000100000000)
 Metaspace       used 36000K, capacity 36934K, committed 37120K, reserved 1081344K
  class space    used 4868K, capacity 5075K, committed 5120K, reserved 1048576K
