20:17:26,619 |-INFO in ch.qos.logback.classic.LoggerContext[default] - Could NOT find resource [logback-test.xml]
20:17:26,619 |-INFO in ch.qos.logback.classic.LoggerContext[default] - Could NOT find resource [logback.groovy]
20:17:26,620 |-INFO in ch.qos.logback.classic.LoggerContext[default] - Found resource [logback.xml] at [jar:file:/root/flamestream/lib/flamestream-runtime-1.0-SNAPSHOT.jar!/logback.xml]
20:17:26,621 |-WARN in ch.qos.logback.classic.LoggerContext[default] - Resource [logback.xml] occurs multiple times on the classpath.
20:17:26,621 |-WARN in ch.qos.logback.classic.LoggerContext[default] - Resource [logback.xml] occurs at [jar:file:/root/flamestream/lib/flamestream-runtime-1.0-SNAPSHOT.jar!/logback.xml]
20:17:26,621 |-WARN in ch.qos.logback.classic.LoggerContext[default] - Resource [logback.xml] occurs at [jar:file:/root/flamestream/flamestream-runtime-1.0-SNAPSHOT.jar!/logback.xml]
20:17:26,640 |-INFO in ch.qos.logback.core.joran.spi.ConfigurationWatchList@3fb6a447 - URL [jar:file:/root/flamestream/lib/flamestream-runtime-1.0-SNAPSHOT.jar!/logback.xml] is not of type file
20:17:26,706 |-INFO in ch.qos.logback.classic.joran.action.ConfigurationAction - debug attribute not set
20:17:26,707 |-INFO in ch.qos.logback.core.joran.action.AppenderAction - About to instantiate appender of type [ch.qos.logback.core.ConsoleAppender]
20:17:26,722 |-INFO in ch.qos.logback.core.joran.action.AppenderAction - Naming appender as [STDOUT]
20:17:26,742 |-INFO in ch.qos.logback.core.joran.action.NestedComplexPropertyIA - Assuming default type [ch.qos.logback.classic.encoder.PatternLayoutEncoder] for [encoder] property
20:17:26,825 |-INFO in ch.qos.logback.core.joran.action.AppenderAction - About to instantiate appender of type [ch.qos.logback.core.rolling.RollingFileAppender]
20:17:26,830 |-INFO in ch.qos.logback.core.joran.action.AppenderAction - Naming appender as [FILE]
20:17:26,860 |-INFO in c.q.l.core.rolling.TimeBasedRollingPolicy@127618319 - No compression will be used
20:17:26,861 |-INFO in c.q.l.core.rolling.TimeBasedRollingPolicy@127618319 - Will use the pattern /tmp/application_%d{yyyy-MM-dd}.%i.log for the active file
20:17:26,864 |-INFO in ch.qos.logback.core.rolling.SizeAndTimeBasedFNATP@6b2fad11 - The date pattern is 'yyyy-MM-dd' from file name pattern '/tmp/application_%d{yyyy-MM-dd}.%i.log'.
20:17:26,864 |-INFO in ch.qos.logback.core.rolling.SizeAndTimeBasedFNATP@6b2fad11 - Roll-over at midnight.
20:17:26,869 |-INFO in ch.qos.logback.core.rolling.SizeAndTimeBasedFNATP@6b2fad11 - Setting initial period to Mon Jun 10 20:15:57 UTC 2019
20:17:26,869 |-WARN in ch.qos.logback.core.rolling.SizeAndTimeBasedFNATP@6b2fad11 - SizeAndTimeBasedFNATP is deprecated. Use SizeAndTimeBasedRollingPolicy instead
20:17:26,869 |-WARN in ch.qos.logback.core.rolling.SizeAndTimeBasedFNATP@6b2fad11 - For more information see http://logback.qos.ch/manual/appenders.html#SizeAndTimeBasedRollingPolicy
20:17:26,873 |-INFO in ch.qos.logback.core.joran.action.NestedComplexPropertyIA - Assuming default type [ch.qos.logback.classic.encoder.PatternLayoutEncoder] for [encoder] property
20:17:26,878 |-INFO in ch.qos.logback.core.rolling.RollingFileAppender[FILE] - Active log file name: /tmp/application.log
20:17:26,878 |-INFO in ch.qos.logback.core.rolling.RollingFileAppender[FILE] - File property is set to [/tmp/application.log]
20:17:26,879 |-INFO in ch.qos.logback.classic.joran.action.RootLoggerAction - Setting level of ROOT logger to WARN
20:17:26,879 |-INFO in ch.qos.logback.core.joran.action.AppenderRefAction - Attaching appender named [STDOUT] to Logger[ROOT]
20:17:26,879 |-INFO in ch.qos.logback.core.joran.action.AppenderRefAction - Attaching appender named [FILE] to Logger[ROOT]
20:17:26,879 |-INFO in ch.qos.logback.classic.joran.action.ConfigurationAction - End of configuration.
20:17:26,880 |-INFO in ch.qos.logback.classic.joran.JoranConfigurator@79698539 - Registering current configuration as safe fallback point

Ama winner
Ama winner
2019-06-10T20:17:28.194+0000: 1.763: [Full GC (Metadata GC Threshold) 2019-06-10T20:17:28.195+0000: 1.763: [Tenured: 0K->15242K(341376K), 0.0396025 secs] 117750K->15242K(494976K), [Metaspace: 20732K->20732K(1067008K)], 0.0396705 secs] [Times: user=0.04 sys=0.00, real=0.04 secs] 
20:17:43.812 [Curator-PathChildrenCache-1] WARN  o.a.c.u.ZKPaths  - The version of ZooKeeper being used doesn't support Container nodes. CreateMode.PERSISTENT will be used instead.
2019-06-10T20:17:46.146+0000: 19.715: [GC (Allocation Failure) 2019-06-10T20:17:46.146+0000: 19.715: [DefNew: 136576K->17023K(153600K), 0.0248178 secs] 151818K->52617K(494976K), 0.0248846 secs] [Times: user=0.01 sys=0.01, real=0.03 secs] 
2019-06-10T20:17:48.301+0000: 21.869: [Full GC (Metadata GC Threshold) 2019-06-10T20:17:48.301+0000: 21.869: [Tenured: 35593K->44004K(341376K), 0.0524686 secs] 97226K->44004K(494976K), [Metaspace: 34614K->34614K(1079296K)], 0.0525450 secs] [Times: user=0.05 sys=0.01, real=0.05 secs] 
2019-06-10T20:17:54.938+0000: 28.507: [GC (Allocation Failure) 2019-06-10T20:17:54.938+0000: 28.507: [DefNew: 136576K->61K(153600K), 0.0017658 secs] 180580K->44065K(494976K), 0.0018256 secs] [Times: user=0.00 sys=0.00, real=0.00 secs] 
2019-06-10T20:18:01.737+0000: 35.305: [GC (Allocation Failure) 2019-06-10T20:18:01.737+0000: 35.305: [DefNew: 136637K->123K(153600K), 0.0017718 secs] 180641K->44127K(494976K), 0.0018271 secs] [Times: user=0.01 sys=0.00, real=0.00 secs] 
2019-06-10T20:18:08.584+0000: 42.152: [GC (Allocation Failure) 2019-06-10T20:18:08.584+0000: 42.152: [DefNew: 136699K->124K(153600K), 0.0017316 secs] 180703K->44128K(494976K), 0.0018004 secs] [Times: user=0.00 sys=0.00, real=0.00 secs] 
2019-06-10T20:18:15.500+0000: 49.068: [GC (Allocation Failure) 2019-06-10T20:18:15.500+0000: 49.068: [DefNew: 136700K->128K(153600K), 0.0017007 secs] 180704K->44132K(494976K), 0.0017592 secs] [Times: user=0.01 sys=0.00, real=0.00 secs] 
2019-06-10T20:18:22.379+0000: 55.947: [GC (Allocation Failure) 2019-06-10T20:18:22.379+0000: 55.947: [DefNew: 136704K->125K(153600K), 0.0017930 secs] 180708K->44129K(494976K), 0.0018540 secs] [Times: user=0.00 sys=0.00, real=0.00 secs] 
20:18:30.628 [Curator-PathChildrenCache-0] ERROR o.a.c.f.r.c.PathChildrenCache  - 
java.lang.IllegalStateException: instance must be started before calling this method
	at org.apache.curator.shaded.com.google.common.base.Preconditions.checkState(Preconditions.java:444)
	at org.apache.curator.framework.imps.CuratorFrameworkImpl.getChildren(CuratorFrameworkImpl.java:456)
	at org.apache.curator.framework.recipes.cache.PathChildrenCache.refresh(PathChildrenCache.java:521)
	at org.apache.curator.framework.recipes.cache.RefreshOperation.invoke(RefreshOperation.java:35)
	at org.apache.curator.framework.recipes.cache.PathChildrenCache$9.run(PathChildrenCache.java:786)
	at java.util.concurrent.Executors$RunnableAdapter.call(Executors.java:511)
	at java.util.concurrent.FutureTask.run(FutureTask.java:266)
	at java.util.concurrent.Executors$RunnableAdapter.call(Executors.java:511)
	at java.util.concurrent.FutureTask.run(FutureTask.java:266)
	at java.util.concurrent.ThreadPoolExecutor.runWorker(ThreadPoolExecutor.java:1149)
	at java.util.concurrent.ThreadPoolExecutor$Worker.run(ThreadPoolExecutor.java:624)
	at java.lang.Thread.run(Thread.java:748)
Heap
 def new generation   total 153600K, used 58586K [0x00000000e0c00000, 0x00000000eb2a0000, 0x00000000eb2a0000)
  eden space 136576K,  42% used [0x00000000e0c00000, 0x00000000e4517650, 0x00000000e9160000)
  from space 17024K,   0% used [0x00000000e9160000, 0x00000000e917f560, 0x00000000ea200000)
  to   space 17024K,   0% used [0x00000000ea200000, 0x00000000ea200000, 0x00000000eb2a0000)
 tenured generation   total 341376K, used 44004K [0x00000000eb2a0000, 0x0000000100000000, 0x0000000100000000)
   the space 341376K,  12% used [0x00000000eb2a0000, 0x00000000edd99078, 0x00000000edd99200, 0x0000000100000000)
 Metaspace       used 36061K, capacity 36928K, committed 37120K, reserved 1081344K
  class space    used 4869K, capacity 5074K, committed 5120K, reserved 1048576K
