19:42:20,774 |-INFO in ch.qos.logback.classic.LoggerContext[default] - Could NOT find resource [logback-test.xml]
19:42:20,774 |-INFO in ch.qos.logback.classic.LoggerContext[default] - Could NOT find resource [logback.groovy]
19:42:20,775 |-INFO in ch.qos.logback.classic.LoggerContext[default] - Found resource [logback.xml] at [jar:file:/root/flamestream/lib/flamestream-runtime-1.0-SNAPSHOT.jar!/logback.xml]
19:42:20,775 |-WARN in ch.qos.logback.classic.LoggerContext[default] - Resource [logback.xml] occurs multiple times on the classpath.
19:42:20,775 |-WARN in ch.qos.logback.classic.LoggerContext[default] - Resource [logback.xml] occurs at [jar:file:/root/flamestream/lib/flamestream-runtime-1.0-SNAPSHOT.jar!/logback.xml]
19:42:20,775 |-WARN in ch.qos.logback.classic.LoggerContext[default] - Resource [logback.xml] occurs at [jar:file:/root/flamestream/flamestream-runtime-1.0-SNAPSHOT.jar!/logback.xml]
19:42:20,794 |-INFO in ch.qos.logback.core.joran.spi.ConfigurationWatchList@3fb6a447 - URL [jar:file:/root/flamestream/lib/flamestream-runtime-1.0-SNAPSHOT.jar!/logback.xml] is not of type file
19:42:20,863 |-INFO in ch.qos.logback.classic.joran.action.ConfigurationAction - debug attribute not set
19:42:20,863 |-INFO in ch.qos.logback.core.joran.action.AppenderAction - About to instantiate appender of type [ch.qos.logback.core.ConsoleAppender]
19:42:20,883 |-INFO in ch.qos.logback.core.joran.action.AppenderAction - Naming appender as [STDOUT]
19:42:20,898 |-INFO in ch.qos.logback.core.joran.action.NestedComplexPropertyIA - Assuming default type [ch.qos.logback.classic.encoder.PatternLayoutEncoder] for [encoder] property
19:42:20,978 |-INFO in ch.qos.logback.core.joran.action.AppenderAction - About to instantiate appender of type [ch.qos.logback.core.rolling.RollingFileAppender]
19:42:20,987 |-INFO in ch.qos.logback.core.joran.action.AppenderAction - Naming appender as [FILE]
19:42:21,019 |-INFO in c.q.l.core.rolling.TimeBasedRollingPolicy@127618319 - No compression will be used
19:42:21,020 |-INFO in c.q.l.core.rolling.TimeBasedRollingPolicy@127618319 - Will use the pattern /tmp/application_%d{yyyy-MM-dd}.%i.log for the active file
19:42:21,023 |-INFO in ch.qos.logback.core.rolling.SizeAndTimeBasedFNATP@6b2fad11 - The date pattern is 'yyyy-MM-dd' from file name pattern '/tmp/application_%d{yyyy-MM-dd}.%i.log'.
19:42:21,023 |-INFO in ch.qos.logback.core.rolling.SizeAndTimeBasedFNATP@6b2fad11 - Roll-over at midnight.
19:42:21,028 |-INFO in ch.qos.logback.core.rolling.SizeAndTimeBasedFNATP@6b2fad11 - Setting initial period to Mon Jun 10 19:41:01 UTC 2019
19:42:21,028 |-WARN in ch.qos.logback.core.rolling.SizeAndTimeBasedFNATP@6b2fad11 - SizeAndTimeBasedFNATP is deprecated. Use SizeAndTimeBasedRollingPolicy instead
19:42:21,028 |-WARN in ch.qos.logback.core.rolling.SizeAndTimeBasedFNATP@6b2fad11 - For more information see http://logback.qos.ch/manual/appenders.html#SizeAndTimeBasedRollingPolicy
19:42:21,032 |-INFO in ch.qos.logback.core.joran.action.NestedComplexPropertyIA - Assuming default type [ch.qos.logback.classic.encoder.PatternLayoutEncoder] for [encoder] property
19:42:21,037 |-INFO in ch.qos.logback.core.rolling.RollingFileAppender[FILE] - Active log file name: /tmp/application.log
19:42:21,037 |-INFO in ch.qos.logback.core.rolling.RollingFileAppender[FILE] - File property is set to [/tmp/application.log]
19:42:21,038 |-INFO in ch.qos.logback.classic.joran.action.RootLoggerAction - Setting level of ROOT logger to WARN
19:42:21,038 |-INFO in ch.qos.logback.core.joran.action.AppenderRefAction - Attaching appender named [STDOUT] to Logger[ROOT]
19:42:21,040 |-INFO in ch.qos.logback.core.joran.action.AppenderRefAction - Attaching appender named [FILE] to Logger[ROOT]
19:42:21,040 |-INFO in ch.qos.logback.classic.joran.action.ConfigurationAction - End of configuration.
19:42:21,040 |-INFO in ch.qos.logback.classic.joran.JoranConfigurator@79698539 - Registering current configuration as safe fallback point

Ama winner
Ama winner
2019-06-10T19:42:22.316+0000: 1.728: [Full GC (Metadata GC Threshold) 2019-06-10T19:42:22.316+0000: 1.728: [Tenured: 0K->15241K(341376K), 0.0406074 secs] 117751K->15241K(494976K), [Metaspace: 20734K->20734K(1067008K)], 0.0406781 secs] [Times: user=0.04 sys=0.00, real=0.04 secs] 
19:42:35.312 [Curator-PathChildrenCache-1] WARN  o.a.c.u.ZKPaths  - The version of ZooKeeper being used doesn't support Container nodes. CreateMode.PERSISTENT will be used instead.
2019-06-10T19:42:37.424+0000: 16.835: [GC (Allocation Failure) 2019-06-10T19:42:37.424+0000: 16.835: [DefNew: 136576K->17023K(153600K), 0.0274756 secs] 151817K->52702K(494976K), 0.0275477 secs] [Times: user=0.03 sys=0.00, real=0.03 secs] 
2019-06-10T19:42:42.647+0000: 22.058: [Full GC (Metadata GC Threshold) 2019-06-10T19:42:42.647+0000: 22.058: [Tenured: 35678K->44256K(341376K), 0.0779087 secs] 149905K->44256K(494976K), [Metaspace: 34601K->34601K(1079296K)], 0.0779851 secs] [Times: user=0.08 sys=0.01, real=0.07 secs] 
2019-06-10T19:42:49.802+0000: 29.213: [GC (Allocation Failure) 2019-06-10T19:42:49.802+0000: 29.213: [DefNew: 136576K->50K(153600K), 0.0017762 secs] 180832K->44307K(494976K), 0.0018438 secs] [Times: user=0.00 sys=0.00, real=0.00 secs] 
2019-06-10T19:42:56.876+0000: 36.288: [GC (Allocation Failure) 2019-06-10T19:42:56.876+0000: 36.288: [DefNew: 136626K->52K(153600K), 0.0016491 secs] 180883K->44309K(494976K), 0.0017259 secs] [Times: user=0.00 sys=0.00, real=0.00 secs] 
2019-06-10T19:43:04.063+0000: 43.474: [GC (Allocation Failure) 2019-06-10T19:43:04.063+0000: 43.474: [DefNew: 136628K->51K(153600K), 0.0016803 secs] 180885K->44308K(494976K), 0.0017511 secs] [Times: user=0.00 sys=0.00, real=0.00 secs] 
2019-06-10T19:43:11.275+0000: 50.687: [GC (Allocation Failure) 2019-06-10T19:43:11.275+0000: 50.687: [DefNew: 136627K->53K(153600K), 0.0017043 secs] 180884K->44310K(494976K), 0.0017629 secs] [Times: user=0.00 sys=0.00, real=0.00 secs] 
2019-06-10T19:43:19.874+0000: 59.286: [GC (Allocation Failure) 2019-06-10T19:43:19.874+0000: 59.286: [DefNew: 136629K->226K(153600K), 0.0019522 secs] 180886K->44483K(494976K), 0.0020136 secs] [Times: user=0.01 sys=0.00, real=0.00 secs] 
19:43:27.867 [Curator-PathChildrenCache-0] ERROR o.a.c.f.r.c.PathChildrenCache  - 
java.lang.IllegalStateException: instance must be started before calling this method
	at org.apache.curator.shaded.com.google.common.base.Preconditions.checkState(Preconditions.java:444)
	at org.apache.curator.framework.imps.CuratorFrameworkImpl.getChildren(CuratorFrameworkImpl.java:456)
	at org.apache.curator.framework.recipes.cache.PathChildrenCache.refresh(PathChildrenCache.java:521)
	at org.apache.curator.framework.recipes.cache.RefreshOperation.invoke(RefreshOperation.java:35)
	at org.apache.curator.framework.recipes.cache.PathChildrenCache$9.run(PathChildrenCache.java:786)
	at java.util.concurrent.Executors$RunnableAdapter.call(Executors.java:511)
	at java.util.concurrent.FutureTask.run(FutureTask.java:266)
	at java.util.concurrent.Executors$RunnableAdapter.call(Executors.java:511)
	at java.util.concurrent.FutureTask.run(FutureTask.java:266)
	at java.util.concurrent.ThreadPoolExecutor.runWorker(ThreadPoolExecutor.java:1149)
	at java.util.concurrent.ThreadPoolExecutor$Worker.run(ThreadPoolExecutor.java:624)
	at java.lang.Thread.run(Thread.java:748)
Heap
 def new generation   total 153600K, used 44213K [0x00000000e0c00000, 0x00000000eb2a0000, 0x00000000eb2a0000)
  eden space 136576K,  32% used [0x00000000e0c00000, 0x00000000e36f4cc8, 0x00000000e9160000)
  from space 17024K,   1% used [0x00000000e9160000, 0x00000000e9198ab0, 0x00000000ea200000)
  to   space 17024K,   0% used [0x00000000ea200000, 0x00000000ea200000, 0x00000000eb2a0000)
 tenured generation   total 341376K, used 44256K [0x00000000eb2a0000, 0x0000000100000000, 0x0000000100000000)
   the space 341376K,  12% used [0x00000000eb2a0000, 0x00000000eddd8398, 0x00000000eddd8400, 0x0000000100000000)
 Metaspace       used 36017K, capacity 36928K, committed 37120K, reserved 1081344K
  class space    used 4857K, capacity 5074K, committed 5120K, reserved 1048576K
