14:53:52,289 |-INFO in ch.qos.logback.classic.LoggerContext[default] - Could NOT find resource [logback-test.xml]
14:53:52,289 |-INFO in ch.qos.logback.classic.LoggerContext[default] - Could NOT find resource [logback.groovy]
14:53:52,289 |-INFO in ch.qos.logback.classic.LoggerContext[default] - Found resource [logback.xml] at [jar:file:/root/flamestream/lib/flamestream-runtime-1.0-SNAPSHOT.jar!/logback.xml]
14:53:52,290 |-WARN in ch.qos.logback.classic.LoggerContext[default] - Resource [logback.xml] occurs multiple times on the classpath.
14:53:52,290 |-WARN in ch.qos.logback.classic.LoggerContext[default] - Resource [logback.xml] occurs at [jar:file:/root/flamestream/lib/flamestream-runtime-1.0-SNAPSHOT.jar!/logback.xml]
14:53:52,290 |-WARN in ch.qos.logback.classic.LoggerContext[default] - Resource [logback.xml] occurs at [jar:file:/root/flamestream/flamestream-runtime-1.0-SNAPSHOT.jar!/logback.xml]
14:53:52,313 |-INFO in ch.qos.logback.core.joran.spi.ConfigurationWatchList@3fb6a447 - URL [jar:file:/root/flamestream/lib/flamestream-runtime-1.0-SNAPSHOT.jar!/logback.xml] is not of type file
14:53:52,385 |-INFO in ch.qos.logback.classic.joran.action.ConfigurationAction - debug attribute not set
14:53:52,385 |-INFO in ch.qos.logback.core.joran.action.AppenderAction - About to instantiate appender of type [ch.qos.logback.core.ConsoleAppender]
14:53:52,403 |-INFO in ch.qos.logback.core.joran.action.AppenderAction - Naming appender as [STDOUT]
14:53:52,421 |-INFO in ch.qos.logback.core.joran.action.NestedComplexPropertyIA - Assuming default type [ch.qos.logback.classic.encoder.PatternLayoutEncoder] for [encoder] property
14:53:52,507 |-INFO in ch.qos.logback.core.joran.action.AppenderAction - About to instantiate appender of type [ch.qos.logback.core.rolling.RollingFileAppender]
14:53:52,512 |-INFO in ch.qos.logback.core.joran.action.AppenderAction - Naming appender as [FILE]
14:53:52,544 |-INFO in c.q.l.core.rolling.TimeBasedRollingPolicy@127618319 - No compression will be used
14:53:52,545 |-INFO in c.q.l.core.rolling.TimeBasedRollingPolicy@127618319 - Will use the pattern /tmp/application_%d{yyyy-MM-dd}.%i.log for the active file
14:53:52,548 |-INFO in ch.qos.logback.core.rolling.SizeAndTimeBasedFNATP@6b2fad11 - The date pattern is 'yyyy-MM-dd' from file name pattern '/tmp/application_%d{yyyy-MM-dd}.%i.log'.
14:53:52,548 |-INFO in ch.qos.logback.core.rolling.SizeAndTimeBasedFNATP@6b2fad11 - Roll-over at midnight.
14:53:52,553 |-INFO in ch.qos.logback.core.rolling.SizeAndTimeBasedFNATP@6b2fad11 - Setting initial period to Mon Jun 10 14:52:35 UTC 2019
14:53:52,553 |-WARN in ch.qos.logback.core.rolling.SizeAndTimeBasedFNATP@6b2fad11 - SizeAndTimeBasedFNATP is deprecated. Use SizeAndTimeBasedRollingPolicy instead
14:53:52,553 |-WARN in ch.qos.logback.core.rolling.SizeAndTimeBasedFNATP@6b2fad11 - For more information see http://logback.qos.ch/manual/appenders.html#SizeAndTimeBasedRollingPolicy
14:53:52,557 |-INFO in ch.qos.logback.core.joran.action.NestedComplexPropertyIA - Assuming default type [ch.qos.logback.classic.encoder.PatternLayoutEncoder] for [encoder] property
14:53:52,562 |-INFO in ch.qos.logback.core.rolling.RollingFileAppender[FILE] - Active log file name: /tmp/application.log
14:53:52,562 |-INFO in ch.qos.logback.core.rolling.RollingFileAppender[FILE] - File property is set to [/tmp/application.log]
14:53:52,563 |-INFO in ch.qos.logback.classic.joran.action.RootLoggerAction - Setting level of ROOT logger to WARN
14:53:52,563 |-INFO in ch.qos.logback.core.joran.action.AppenderRefAction - Attaching appender named [STDOUT] to Logger[ROOT]
14:53:52,565 |-INFO in ch.qos.logback.core.joran.action.AppenderRefAction - Attaching appender named [FILE] to Logger[ROOT]
14:53:52,565 |-INFO in ch.qos.logback.classic.joran.action.ConfigurationAction - End of configuration.
14:53:52,565 |-INFO in ch.qos.logback.classic.joran.JoranConfigurator@79698539 - Registering current configuration as safe fallback point

Ama winner
Ama winner
2019-06-10T14:53:53.849+0000: 1.740: [Full GC (Metadata GC Threshold) 2019-06-10T14:53:53.849+0000: 1.740: [Tenured: 0K->15240K(341376K), 0.0347193 secs] 117751K->15240K(494976K), [Metaspace: 20726K->20726K(1067008K)], 0.0347967 secs] [Times: user=0.03 sys=0.00, real=0.04 secs] 
14:54:06.193 [Curator-PathChildrenCache-1] WARN  o.a.c.u.ZKPaths  - The version of ZooKeeper being used doesn't support Container nodes. CreateMode.PERSISTENT will be used instead.
2019-06-10T14:54:08.650+0000: 16.541: [GC (Allocation Failure) 2019-06-10T14:54:08.650+0000: 16.541: [DefNew: 136576K->17023K(153600K), 0.0349448 secs] 151816K->52797K(494976K), 0.0350174 secs] [Times: user=0.01 sys=0.02, real=0.04 secs] 
2019-06-10T14:54:10.175+0000: 18.066: [Full GC (Metadata GC Threshold) 2019-06-10T14:54:10.175+0000: 18.066: [Tenured: 35773K->44497K(341376K), 0.0443420 secs] 86799K->44497K(494976K), [Metaspace: 34584K->34584K(1079296K)], 0.0444175 secs] [Times: user=0.04 sys=0.00, real=0.04 secs] 
2019-06-10T14:54:16.772+0000: 24.664: [GC (Allocation Failure) 2019-06-10T14:54:16.772+0000: 24.664: [DefNew: 136576K->105K(153600K), 0.0018183 secs] 181073K->44602K(494976K), 0.0018789 secs] [Times: user=0.00 sys=0.00, real=0.00 secs] 
2019-06-10T14:54:23.327+0000: 31.218: [GC (Allocation Failure) 2019-06-10T14:54:23.327+0000: 31.218: [DefNew: 136681K->109K(153600K), 0.0017222 secs] 181178K->44606K(494976K), 0.0017808 secs] [Times: user=0.00 sys=0.00, real=0.00 secs] 
2019-06-10T14:54:29.882+0000: 37.773: [GC (Allocation Failure) 2019-06-10T14:54:29.882+0000: 37.773: [DefNew: 136685K->108K(153600K), 0.0018641 secs] 181182K->44605K(494976K), 0.0019267 secs] [Times: user=0.00 sys=0.00, real=0.01 secs] 
2019-06-10T14:54:36.459+0000: 44.350: [GC (Allocation Failure) 2019-06-10T14:54:36.459+0000: 44.350: [DefNew: 136684K->104K(153600K), 0.0017826 secs] 181181K->44601K(494976K), 0.0018447 secs] [Times: user=0.00 sys=0.00, real=0.00 secs] 
2019-06-10T14:54:43.012+0000: 50.904: [GC (Allocation Failure) 2019-06-10T14:54:43.013+0000: 50.904: [DefNew: 136680K->103K(153600K), 0.0017604 secs] 181177K->44600K(494976K), 0.0018265 secs] [Times: user=0.01 sys=0.00, real=0.00 secs] 
14:54:54.210 [Curator-PathChildrenCache-0] ERROR o.a.c.f.r.c.PathChildrenCache  - 
java.lang.IllegalStateException: instance must be started before calling this method
	at org.apache.curator.shaded.com.google.common.base.Preconditions.checkState(Preconditions.java:444)
	at org.apache.curator.framework.imps.CuratorFrameworkImpl.getChildren(CuratorFrameworkImpl.java:456)
	at org.apache.curator.framework.recipes.cache.PathChildrenCache.refresh(PathChildrenCache.java:521)
	at org.apache.curator.framework.recipes.cache.RefreshOperation.invoke(RefreshOperation.java:35)
	at org.apache.curator.framework.recipes.cache.PathChildrenCache$9.run(PathChildrenCache.java:786)
	at java.util.concurrent.Executors$RunnableAdapter.call(Executors.java:511)
	at java.util.concurrent.FutureTask.run(FutureTask.java:266)
	at java.util.concurrent.Executors$RunnableAdapter.call(Executors.java:511)
	at java.util.concurrent.FutureTask.run(FutureTask.java:266)
	at java.util.concurrent.ThreadPoolExecutor.runWorker(ThreadPoolExecutor.java:1149)
	at java.util.concurrent.ThreadPoolExecutor$Worker.run(ThreadPoolExecutor.java:624)
	at java.lang.Thread.run(Thread.java:748)
Heap
 def new generation   total 153600K, used 112361K [0x00000000e0c00000, 0x00000000eb2a0000, 0x00000000eb2a0000)
  eden space 136576K,  82% used [0x00000000e0c00000, 0x00000000e79a05e0, 0x00000000e9160000)
  from space 17024K,   0% used [0x00000000e9160000, 0x00000000e9179f20, 0x00000000ea200000)
  to   space 17024K,   0% used [0x00000000ea200000, 0x00000000ea200000, 0x00000000eb2a0000)
 tenured generation   total 341376K, used 44497K [0x00000000eb2a0000, 0x0000000100000000, 0x0000000100000000)
   the space 341376K,  13% used [0x00000000eb2a0000, 0x00000000ede14428, 0x00000000ede14600, 0x0000000100000000)
 Metaspace       used 36062K, capacity 36934K, committed 37120K, reserved 1081344K
  class space    used 4868K, capacity 5075K, committed 5120K, reserved 1048576K
