08:05:47,003 |-INFO in ch.qos.logback.classic.LoggerContext[default] - Could NOT find resource [logback-test.xml]
08:05:47,004 |-INFO in ch.qos.logback.classic.LoggerContext[default] - Could NOT find resource [logback.groovy]
08:05:47,004 |-INFO in ch.qos.logback.classic.LoggerContext[default] - Found resource [logback.xml] at [jar:file:/home/nikitasokolov/flamestream/lib/flamestream-runtime-1.0-SNAPSHOT.jar!/logback.xml]
08:05:47,004 |-WARN in ch.qos.logback.classic.LoggerContext[default] - Resource [logback.xml] occurs multiple times on the classpath.
08:05:47,005 |-WARN in ch.qos.logback.classic.LoggerContext[default] - Resource [logback.xml] occurs at [jar:file:/home/nikitasokolov/flamestream/lib/flamestream-runtime-1.0-SNAPSHOT.jar!/logback.xml]
08:05:47,005 |-WARN in ch.qos.logback.classic.LoggerContext[default] - Resource [logback.xml] occurs at [jar:file:/home/nikitasokolov/flamestream/flamestream-runtime-1.0-SNAPSHOT.jar!/logback.xml]
08:05:47,021 |-INFO in ch.qos.logback.core.joran.spi.ConfigurationWatchList@6108b2d7 - URL [jar:file:/home/nikitasokolov/flamestream/lib/flamestream-runtime-1.0-SNAPSHOT.jar!/logback.xml] is not of type file
08:05:47,076 |-INFO in ch.qos.logback.classic.joran.action.ConfigurationAction - debug attribute not set
08:05:47,076 |-INFO in ch.qos.logback.core.joran.action.AppenderAction - About to instantiate appender of type [ch.qos.logback.core.ConsoleAppender]
08:05:47,084 |-INFO in ch.qos.logback.core.joran.action.AppenderAction - Naming appender as [STDOUT]
08:05:47,093 |-INFO in ch.qos.logback.core.joran.action.NestedComplexPropertyIA - Assuming default type [ch.qos.logback.classic.encoder.PatternLayoutEncoder] for [encoder] property
08:05:47,152 |-INFO in ch.qos.logback.core.joran.action.AppenderAction - About to instantiate appender of type [ch.qos.logback.core.rolling.RollingFileAppender]
08:05:47,158 |-INFO in ch.qos.logback.core.joran.action.AppenderAction - Naming appender as [FILE]
08:05:47,180 |-INFO in c.q.l.core.rolling.TimeBasedRollingPolicy@357863579 - No compression will be used
08:05:47,182 |-INFO in c.q.l.core.rolling.TimeBasedRollingPolicy@357863579 - Will use the pattern /tmp/application_%d{yyyy-MM-dd}.%i.log for the active file
08:05:47,184 |-INFO in ch.qos.logback.core.rolling.SizeAndTimeBasedFNATP@6bf256fa - The date pattern is 'yyyy-MM-dd' from file name pattern '/tmp/application_%d{yyyy-MM-dd}.%i.log'.
08:05:47,184 |-INFO in ch.qos.logback.core.rolling.SizeAndTimeBasedFNATP@6bf256fa - Roll-over at midnight.
08:05:47,188 |-INFO in ch.qos.logback.core.rolling.SizeAndTimeBasedFNATP@6bf256fa - Setting initial period to Sun Jun 09 08:05:02 MSK 2019
08:05:47,189 |-WARN in ch.qos.logback.core.rolling.SizeAndTimeBasedFNATP@6bf256fa - SizeAndTimeBasedFNATP is deprecated. Use SizeAndTimeBasedRollingPolicy instead
08:05:47,189 |-WARN in ch.qos.logback.core.rolling.SizeAndTimeBasedFNATP@6bf256fa - For more information see http://logback.qos.ch/manual/appenders.html#SizeAndTimeBasedRollingPolicy
08:05:47,193 |-INFO in ch.qos.logback.core.joran.action.NestedComplexPropertyIA - Assuming default type [ch.qos.logback.classic.encoder.PatternLayoutEncoder] for [encoder] property
08:05:47,196 |-INFO in ch.qos.logback.core.rolling.RollingFileAppender[FILE] - Active log file name: /tmp/application.log
08:05:47,196 |-INFO in ch.qos.logback.core.rolling.RollingFileAppender[FILE] - File property is set to [/tmp/application.log]
08:05:47,197 |-INFO in ch.qos.logback.classic.joran.action.RootLoggerAction - Setting level of ROOT logger to WARN
08:05:47,197 |-INFO in ch.qos.logback.core.joran.action.AppenderRefAction - Attaching appender named [STDOUT] to Logger[ROOT]
08:05:47,198 |-INFO in ch.qos.logback.core.joran.action.AppenderRefAction - Attaching appender named [FILE] to Logger[ROOT]
08:05:47,198 |-INFO in ch.qos.logback.classic.joran.action.ConfigurationAction - End of configuration.
08:05:47,199 |-INFO in ch.qos.logback.classic.joran.JoranConfigurator@6cd8737 - Registering current configuration as safe fallback point

2019-06-09T08:05:48.180+0300: 1.378: [GC (Metadata GC Threshold) [PSYoungGen: 110722K->15925K(149504K)] 110722K->16005K(491008K), 0.0231591 secs] [Times: user=0.11 sys=0.03, real=0.02 secs] 
2019-06-09T08:05:48.204+0300: 1.401: [Full GC (Metadata GC Threshold) [PSYoungGen: 15925K->0K(149504K)] [ParOldGen: 80K->15078K(341504K)] 16005K->15078K(491008K), [Metaspace: 20802K->20802K(1067008K)], 0.0281692 secs] [Times: user=0.18 sys=0.01, real=0.03 secs] 
08:05:55.417 [Curator-PathChildrenCache-2] WARN  o.a.c.u.ZKPaths  - The version of ZooKeeper being used doesn't support Container nodes. CreateMode.PERSISTENT will be used instead.
2019-06-09T08:05:56.139+0300: 9.336: [GC (Metadata GC Threshold) [PSYoungGen: 127969K->20971K(149504K)] 143047K->50937K(491008K), 0.0216811 secs] [Times: user=0.20 sys=0.04, real=0.02 secs] 
2019-06-09T08:05:56.161+0300: 9.358: [Full GC (Metadata GC Threshold) [PSYoungGen: 20971K->0K(149504K)] [ParOldGen: 29966K->39901K(341504K)] 50937K->39901K(491008K), [Metaspace: 34487K->34485K(1079296K)], 0.0374710 secs] [Times: user=0.20 sys=0.01, real=0.04 secs] 
2019-06-09T08:05:59.058+0300: 12.256: [GC (Allocation Failure) [PSYoungGen: 128512K->544K(149504K)] 168413K->40453K(491008K), 0.0041319 secs] [Times: user=0.02 sys=0.00, real=0.00 secs] 
2019-06-09T08:06:02.392+0300: 15.589: [GC (Allocation Failure) [PSYoungGen: 129056K->480K(149504K)] 168965K->40397K(491008K), 0.0049138 secs] [Times: user=0.04 sys=0.00, real=0.00 secs] 
2019-06-09T08:06:05.778+0300: 18.975: [GC (Allocation Failure) [PSYoungGen: 128992K->384K(129024K)] 168909K->40309K(470528K), 0.0795801 secs] [Times: user=0.03 sys=0.00, real=0.07 secs] 
2019-06-09T08:06:09.169+0300: 22.367: [GC (Allocation Failure) [PSYoungGen: 128896K->480K(132096K)] 168821K->40413K(473600K), 0.0033835 secs] [Times: user=0.01 sys=0.00, real=0.01 secs] 
2019-06-09T08:06:11.585+0300: 24.783: [GC (Allocation Failure) [PSYoungGen: 91616K->512K(129536K)] 131549K->40445K(471040K), 0.0029438 secs] [Times: user=0.01 sys=0.01, real=0.00 secs] 
2019-06-09T08:06:13.994+0300: 27.192: [GC (Allocation Failure) [PSYoungGen: 91648K->416K(136192K)] 131581K->40357K(477696K), 0.0115546 secs] [Times: user=0.12 sys=0.01, real=0.01 secs] 
2019-06-09T08:06:16.624+0300: 29.821: [GC (Allocation Failure) [PSYoungGen: 100256K->512K(134144K)] 140197K->40461K(475648K), 0.0069610 secs] [Times: user=0.05 sys=0.00, real=0.01 secs] 
2019-06-09T08:06:19.279+0300: 32.477: [GC (Allocation Failure) [PSYoungGen: 100352K->416K(139264K)] 140301K->40365K(480768K), 0.0048201 secs] [Times: user=0.03 sys=0.00, real=0.00 secs] 
2019-06-09T08:06:22.104+0300: 35.302: [GC (Allocation Failure) [PSYoungGen: 106912K->384K(137728K)] 146861K->40333K(479232K), 0.0098705 secs] [Times: user=0.07 sys=0.00, real=0.01 secs] 
2019-06-09T08:06:24.934+0300: 38.131: [GC (Allocation Failure) [PSYoungGen: 106880K->416K(142848K)] 146829K->40373K(484352K), 0.0067184 secs] [Times: user=0.05 sys=0.00, real=0.01 secs] 
2019-06-09T08:06:27.940+0300: 41.138: [GC (Allocation Failure) [PSYoungGen: 114080K->448K(141312K)] 154037K->40405K(482816K), 0.0026522 secs] [Times: user=0.01 sys=0.00, real=0.00 secs] 
2019-06-09T08:06:30.946+0300: 44.144: [GC (Allocation Failure) [PSYoungGen: 114112K->512K(145920K)] 154069K->40469K(487424K), 0.0208944 secs] [Times: user=0.19 sys=0.00, real=0.02 secs] 
2019-06-09T08:06:34.132+0300: 47.329: [GC (Allocation Failure) [PSYoungGen: 120320K->480K(144384K)] 160277K->40437K(485888K), 0.0047777 secs] [Times: user=0.04 sys=0.00, real=0.00 secs] 
2019-06-09T08:06:37.308+0300: 50.505: [GC (Allocation Failure) [PSYoungGen: 120288K->448K(148480K)] 160245K->40405K(489984K), 0.0074664 secs] [Times: user=0.07 sys=0.00, real=0.01 secs] 
08:06:45.372 [Curator-PathChildrenCache-0] ERROR o.a.c.f.r.c.PathChildrenCache  - 
java.lang.IllegalStateException: instance must be started before calling this method
	at org.apache.curator.shaded.com.google.common.base.Preconditions.checkState(Preconditions.java:444)
	at org.apache.curator.framework.imps.CuratorFrameworkImpl.getChildren(CuratorFrameworkImpl.java:456)
	at org.apache.curator.framework.recipes.cache.PathChildrenCache.refresh(PathChildrenCache.java:521)
	at org.apache.curator.framework.recipes.cache.RefreshOperation.invoke(RefreshOperation.java:35)
	at org.apache.curator.framework.recipes.cache.PathChildrenCache$9.run(PathChildrenCache.java:786)
	at java.util.concurrent.Executors$RunnableAdapter.call(Executors.java:511)
	at java.util.concurrent.FutureTask.run(FutureTask.java:266)
	at java.util.concurrent.Executors$RunnableAdapter.call(Executors.java:511)
	at java.util.concurrent.FutureTask.run(FutureTask.java:266)
	at java.util.concurrent.ThreadPoolExecutor.runWorker(ThreadPoolExecutor.java:1149)
	at java.util.concurrent.ThreadPoolExecutor$Worker.run(ThreadPoolExecutor.java:624)
	at java.lang.Thread.run(Thread.java:748)
2019-06-09T08:06:45.388+0300: 58.585: [GC (Allocation Failure) [PSYoungGen: 125888K->896K(147456K)] 165845K->40861K(488960K), 0.0041008 secs] [Times: user=0.03 sys=0.00, real=0.01 secs] 
Heap
 PSYoungGen      total 147456K, used 8076K [0x00000000f5980000, 0x0000000100000000, 0x0000000100000000)
  eden space 125440K, 5% used [0x00000000f5980000,0x00000000f60832b0,0x00000000fd400000)
  from space 22016K, 4% used [0x00000000fd400000,0x00000000fd4e0050,0x00000000fe980000)
  to   space 20480K, 0% used [0x00000000fec00000,0x00000000fec00000,0x0000000100000000)
 ParOldGen       total 341504K, used 39965K [0x00000000e0c00000, 0x00000000f5980000, 0x00000000f5980000)
  object space 341504K, 11% used [0x00000000e0c00000,0x00000000e33074d0,0x00000000f5980000)
 Metaspace       used 35974K, capacity 36914K, committed 37208K, reserved 1081344K
  class space    used 4974K, capacity 5187K, committed 5248K, reserved 1048576K
