19:11:50,368 |-INFO in ch.qos.logback.classic.LoggerContext[default] - Could NOT find resource [logback-test.xml]
19:11:50,368 |-INFO in ch.qos.logback.classic.LoggerContext[default] - Could NOT find resource [logback.groovy]
19:11:50,369 |-INFO in ch.qos.logback.classic.LoggerContext[default] - Found resource [logback.xml] at [jar:file:/root/flamestream/lib/flamestream-runtime-1.0-SNAPSHOT.jar!/logback.xml]
19:11:50,369 |-WARN in ch.qos.logback.classic.LoggerContext[default] - Resource [logback.xml] occurs multiple times on the classpath.
19:11:50,369 |-WARN in ch.qos.logback.classic.LoggerContext[default] - Resource [logback.xml] occurs at [jar:file:/root/flamestream/lib/flamestream-runtime-1.0-SNAPSHOT.jar!/logback.xml]
19:11:50,369 |-WARN in ch.qos.logback.classic.LoggerContext[default] - Resource [logback.xml] occurs at [jar:file:/root/flamestream/flamestream-runtime-1.0-SNAPSHOT.jar!/logback.xml]
19:11:50,390 |-INFO in ch.qos.logback.core.joran.spi.ConfigurationWatchList@3fb6a447 - URL [jar:file:/root/flamestream/lib/flamestream-runtime-1.0-SNAPSHOT.jar!/logback.xml] is not of type file
19:11:50,462 |-INFO in ch.qos.logback.classic.joran.action.ConfigurationAction - debug attribute not set
19:11:50,463 |-INFO in ch.qos.logback.core.joran.action.AppenderAction - About to instantiate appender of type [ch.qos.logback.core.ConsoleAppender]
19:11:50,481 |-INFO in ch.qos.logback.core.joran.action.AppenderAction - Naming appender as [STDOUT]
19:11:50,498 |-INFO in ch.qos.logback.core.joran.action.NestedComplexPropertyIA - Assuming default type [ch.qos.logback.classic.encoder.PatternLayoutEncoder] for [encoder] property
19:11:50,579 |-INFO in ch.qos.logback.core.joran.action.AppenderAction - About to instantiate appender of type [ch.qos.logback.core.rolling.RollingFileAppender]
19:11:50,584 |-INFO in ch.qos.logback.core.joran.action.AppenderAction - Naming appender as [FILE]
19:11:50,615 |-INFO in c.q.l.core.rolling.TimeBasedRollingPolicy@127618319 - No compression will be used
19:11:50,617 |-INFO in c.q.l.core.rolling.TimeBasedRollingPolicy@127618319 - Will use the pattern /tmp/application_%d{yyyy-MM-dd}.%i.log for the active file
19:11:50,620 |-INFO in ch.qos.logback.core.rolling.SizeAndTimeBasedFNATP@6b2fad11 - The date pattern is 'yyyy-MM-dd' from file name pattern '/tmp/application_%d{yyyy-MM-dd}.%i.log'.
19:11:50,620 |-INFO in ch.qos.logback.core.rolling.SizeAndTimeBasedFNATP@6b2fad11 - Roll-over at midnight.
19:11:50,625 |-INFO in ch.qos.logback.core.rolling.SizeAndTimeBasedFNATP@6b2fad11 - Setting initial period to Mon Jun 10 19:10:25 UTC 2019
19:11:50,625 |-WARN in ch.qos.logback.core.rolling.SizeAndTimeBasedFNATP@6b2fad11 - SizeAndTimeBasedFNATP is deprecated. Use SizeAndTimeBasedRollingPolicy instead
19:11:50,625 |-WARN in ch.qos.logback.core.rolling.SizeAndTimeBasedFNATP@6b2fad11 - For more information see http://logback.qos.ch/manual/appenders.html#SizeAndTimeBasedRollingPolicy
19:11:50,628 |-INFO in ch.qos.logback.core.joran.action.NestedComplexPropertyIA - Assuming default type [ch.qos.logback.classic.encoder.PatternLayoutEncoder] for [encoder] property
19:11:50,633 |-INFO in ch.qos.logback.core.rolling.RollingFileAppender[FILE] - Active log file name: /tmp/application.log
19:11:50,633 |-INFO in ch.qos.logback.core.rolling.RollingFileAppender[FILE] - File property is set to [/tmp/application.log]
19:11:50,634 |-INFO in ch.qos.logback.classic.joran.action.RootLoggerAction - Setting level of ROOT logger to WARN
19:11:50,634 |-INFO in ch.qos.logback.core.joran.action.AppenderRefAction - Attaching appender named [STDOUT] to Logger[ROOT]
19:11:50,636 |-INFO in ch.qos.logback.core.joran.action.AppenderRefAction - Attaching appender named [FILE] to Logger[ROOT]
19:11:50,636 |-INFO in ch.qos.logback.classic.joran.action.ConfigurationAction - End of configuration.
19:11:50,637 |-INFO in ch.qos.logback.classic.joran.JoranConfigurator@79698539 - Registering current configuration as safe fallback point

Ama winner
Ama winner
2019-06-10T19:11:51.904+0000: 1.719: [Full GC (Metadata GC Threshold) 2019-06-10T19:11:51.905+0000: 1.719: [Tenured: 0K->15256K(341376K), 0.0357524 secs] 114988K->15256K(494976K), [Metaspace: 20728K->20728K(1067008K)], 0.0358316 secs] [Times: user=0.03 sys=0.00, real=0.04 secs] 
19:12:10.181 [Curator-PathChildrenCache-1] WARN  o.a.c.u.ZKPaths  - The version of ZooKeeper being used doesn't support Container nodes. CreateMode.PERSISTENT will be used instead.
2019-06-10T19:12:12.483+0000: 22.298: [GC (Allocation Failure) 2019-06-10T19:12:12.483+0000: 22.298: [DefNew: 136576K->17023K(153600K), 0.0305655 secs] 151832K->52734K(494976K), 0.0306309 secs] [Times: user=0.02 sys=0.01, real=0.03 secs] 
2019-06-10T19:12:13.892+0000: 23.707: [Full GC (Metadata GC Threshold) 2019-06-10T19:12:13.893+0000: 23.707: [Tenured: 35710K->44191K(341376K), 0.0411310 secs] 81276K->44191K(494976K), [Metaspace: 34503K->34503K(1079296K)], 0.0412167 secs] [Times: user=0.04 sys=0.01, real=0.04 secs] 
2019-06-10T19:12:22.657+0000: 32.472: [GC (Allocation Failure) 2019-06-10T19:12:22.657+0000: 32.472: [DefNew: 136576K->70K(153600K), 0.0018683 secs] 180767K->44261K(494976K), 0.0019252 secs] [Times: user=0.00 sys=0.00, real=0.00 secs] 
2019-06-10T19:12:31.306+0000: 41.120: [GC (Allocation Failure) 2019-06-10T19:12:31.306+0000: 41.120: [DefNew: 136646K->65K(153600K), 0.0016831 secs] 180837K->44257K(494976K), 0.0017562 secs] [Times: user=0.00 sys=0.00, real=0.00 secs] 
2019-06-10T19:12:39.964+0000: 49.779: [GC (Allocation Failure) 2019-06-10T19:12:39.965+0000: 49.779: [DefNew: 136641K->67K(153600K), 0.0017124 secs] 180833K->44258K(494976K), 0.0017694 secs] [Times: user=0.00 sys=0.00, real=0.00 secs] 
2019-06-10T19:12:48.656+0000: 58.471: [GC (Allocation Failure) 2019-06-10T19:12:48.656+0000: 58.471: [DefNew: 136643K->67K(153600K), 0.0016856 secs] 180834K->44259K(494976K), 0.0017457 secs] [Times: user=0.00 sys=0.00, real=0.00 secs] 
2019-06-10T19:12:58.104+0000: 67.919: [GC (Allocation Failure) 2019-06-10T19:12:58.104+0000: 67.919: [DefNew: 136643K->399K(153600K), 0.0021524 secs] 180835K->44590K(494976K), 0.0022230 secs] [Times: user=0.00 sys=0.00, real=0.00 secs] 
2019-06-10T19:13:18.924+0000: 88.739: [GC (Allocation Failure) 2019-06-10T19:13:18.924+0000: 88.739: [DefNew: 136975K->158K(153600K), 0.0019698 secs] 181166K->44350K(494976K), 0.0020347 secs] [Times: user=0.00 sys=0.00, real=0.00 secs] 
19:13:20.378 [Curator-PathChildrenCache-0] ERROR o.a.c.f.r.c.PathChildrenCache  - 
java.lang.IllegalStateException: instance must be started before calling this method
	at org.apache.curator.shaded.com.google.common.base.Preconditions.checkState(Preconditions.java:444)
	at org.apache.curator.framework.imps.CuratorFrameworkImpl.getChildren(CuratorFrameworkImpl.java:456)
	at org.apache.curator.framework.recipes.cache.PathChildrenCache.refresh(PathChildrenCache.java:521)
	at org.apache.curator.framework.recipes.cache.RefreshOperation.invoke(RefreshOperation.java:35)
	at org.apache.curator.framework.recipes.cache.PathChildrenCache$9.run(PathChildrenCache.java:786)
	at java.util.concurrent.Executors$RunnableAdapter.call(Executors.java:511)
	at java.util.concurrent.FutureTask.run(FutureTask.java:266)
	at java.util.concurrent.Executors$RunnableAdapter.call(Executors.java:511)
	at java.util.concurrent.FutureTask.run(FutureTask.java:266)
	at java.util.concurrent.ThreadPoolExecutor.runWorker(ThreadPoolExecutor.java:1149)
	at java.util.concurrent.ThreadPoolExecutor$Worker.run(ThreadPoolExecutor.java:624)
	at java.lang.Thread.run(Thread.java:748)
Heap
 def new generation   total 153600K, used 22765K [0x00000000e0c00000, 0x00000000eb2a0000, 0x00000000eb2a0000)
  eden space 136576K,  16% used [0x00000000e0c00000, 0x00000000e2213ac0, 0x00000000e9160000)
  from space 17024K,   0% used [0x00000000ea200000, 0x00000000ea227bb0, 0x00000000eb2a0000)
  to   space 17024K,   0% used [0x00000000e9160000, 0x00000000e9160000, 0x00000000ea200000)
 tenured generation   total 341376K, used 44191K [0x00000000eb2a0000, 0x0000000100000000, 0x0000000100000000)
   the space 341376K,  12% used [0x00000000eb2a0000, 0x00000000eddc7e28, 0x00000000eddc8000, 0x0000000100000000)
 Metaspace       used 36141K, capacity 37056K, committed 37376K, reserved 1081344K
  class space    used 4873K, capacity 5074K, committed 5120K, reserved 1048576K
